000 (13047280.030.000) 11/20 02:50:21 Job submitted from host: <188.185.121.235:9618?addrs=188.185.121.235-9618+[2001-1458-d00-49--100-36e]-9618&alias=bigbird22.cern.ch&noUDP&sock=schedd_232129_c3ca>
...
040 (13047280.030.000) 11/20 03:01:03 Started transferring input files
	Transferring to host: <188.185.213.12:9618?addrs=188.185.213.12-9618+[2001-1458-303-1a--100-8]-9618&alias=b9p27p7000.cern.ch&noUDP&sock=slot1_41_3957_d07a_62800>
...
040 (13047280.030.000) 11/20 03:01:03 Finished transferring input files
...
001 (13047280.030.000) 11/20 03:01:04 Job executing on host: <188.185.213.12:9618?addrs=188.185.213.12-9618+[2001-1458-303-1a--100-8]-9618&alias=b9p27p7000.cern.ch&noUDP&sock=startd_3308_9761>
	SlotName: slot1_41@b9p27p7000.cern.ch
	CondorScratchDir = "/pool/condor/dir_4064684"
	Cpus = 1
	Disk = 16209
	GPUs = 0
	Memory = 3000
...
006 (13047280.030.000) 11/20 03:01:18 Image size of job updated: 154472
	151  -  MemoryUsage of job (MB)
	154472  -  ResidentSetSize of job (KB)
...
006 (13047280.030.000) 11/20 03:06:19 Image size of job updated: 756732
	739  -  MemoryUsage of job (MB)
	756732  -  ResidentSetSize of job (KB)
...
006 (13047280.030.000) 11/20 03:10:43 Image size of job updated: 801952
	739  -  MemoryUsage of job (MB)
	756732  -  ResidentSetSize of job (KB)
...
040 (13047280.030.000) 11/20 03:10:45 Started transferring output files
...
040 (13047280.030.000) 11/20 03:10:46 Finished transferring output files
...
005 (13047280.030.000) 11/20 03:10:49 Job terminated.
	(1) Normal termination (return value 0)
		Usr 0 00:09:02, Sys 0 00:00:06  -  Run Remote Usage
		Usr 0 00:00:00, Sys 0 00:00:00  -  Run Local Usage
		Usr 0 00:09:02, Sys 0 00:00:06  -  Total Remote Usage
		Usr 0 00:00:00, Sys 0 00:00:00  -  Total Local Usage
	12796  -  Run Bytes Sent By Job
	11506596  -  Run Bytes Received By Job
	12796  -  Total Bytes Sent By Job
	11506596  -  Total Bytes Received By Job
	Partitionable Resources :    Usage  Request Allocated 
	   Cpus                 :     0.56        1         1 
	   Disk (KB)            : 11273       12500     16209 
	   GPUs                 :                           0 
	   Memory (MB)          :   739        3000      3000 
	   TimeExecute (s)      :   579                       
	   TimeSlotBusy (s)     :   583                       

	Job terminated of its own accord at 2025-11-20T02:10:43Z with exit-code 0.
...
