Starting job on \n
Running on: Linux b9p31p3827.cern.ch 5.14.0-570.44.1.el9_6.x86_64 #1 SMP PREEMPT_DYNAMIC Tue Sep 9 05:17:30 EDT 2025 x86_64 x86_64 x86_64 GNU/Linux\n
System software: Red Hat Enterprise Linux release 9.7 (Plow)\n
Setting up CROWN for RedHatEnterprise Version 9.7
subject   : /DC=ch/DC=cern/OU=Organic Units/OU=Users/CN=jiahua/CN=851532/CN=Jiahua Chen/CN=2045128514
issuer    : /DC=ch/DC=cern/OU=Organic Units/OU=Users/CN=jiahua/CN=851532/CN=Jiahua Chen
identity  : /DC=ch/DC=cern/OU=Organic Units/OU=Users/CN=jiahua/CN=851532/CN=Jiahua Chen
type      : RFC compliant proxy
strength  : 2048 bits
path      : /afs/cern.ch/user/j/jiahua/proxy/x509up_u139833
timeleft  : 199:47:33
key usage : Digital Signature, Key Encipherment
=== VO cms extension information ===
VO        : cms
subject   : /DC=ch/DC=cern/OU=Organic Units/OU=Users/CN=jiahua/CN=851532/CN=Jiahua Chen
issuer    : /DC=ch/DC=cern/OU=computers/CN=cms-auth.cern.ch
attribute : /cms/Role=NULL/Capability=NULL
timeleft  : 191:47:32
uri       : voms-cms-auth.cern.ch:15000
subject   : /DC=ch/DC=cern/OU=Organic Units/OU=Users/CN=jiahua/CN=851532/CN=Jiahua Chen/CN=2045128514
issuer    : /DC=ch/DC=cern/OU=Organic Units/OU=Users/CN=jiahua/CN=851532/CN=Jiahua Chen
identity  : /DC=ch/DC=cern/OU=Organic Units/OU=Users/CN=jiahua/CN=851532/CN=Jiahua Chen
type      : RFC compliant proxy
strength  : 2048 bits
path      : /afs/cern.ch/user/j/jiahua/proxy/x509up_u139833
timeleft  : 199:47:33
key usage : Digital Signature, Key Encipherment
=== VO cms extension information ===
VO        : cms
subject   : /DC=ch/DC=cern/OU=Organic Units/OU=Users/CN=jiahua/CN=851532/CN=Jiahua Chen
issuer    : /DC=ch/DC=cern/OU=computers/CN=cms-auth.cern.ch
attribute : /cms/Role=NULL/Capability=NULL
timeleft  : 191:47:32
uri       : voms-cms-auth.cern.ch:15000
/eos/user/j/jiahua/MC_2022EE_inc/MC_2022EE_vbf/DYto2Mu-2Jets_MLL-105To160_amcatnloFXFX_22EE/5e894b6d-bb48-42bd-867b-def5fa225e87.root
[2025-11-20 03:01:10.942] [main] [info] Checking input files
[2025-11-20 03:01:14.646] [main] [info] NanoAOD input_file 1: root://cms-xrd-global.cern.ch//store/mc/Run3Summer22EENanoAODv12/DYto2Mu-2Jets_MLL-105To160_TuneCP5_13p6TeV_amcatnloFXFX-pythia8/NANOAODSIM/130X_mcRun3_2022_realistic_postEE_v6-v2/120000/5e894b6d-bb48-42bd-867b-def5fa225e87.root - 343132 Events
[2025-11-20 03:01:14.646] [main] [info] input_file 1: root://cms-xrd-global.cern.ch//store/mc/Run3Summer22EENanoAODv12/DYto2Mu-2Jets_MLL-105To160_TuneCP5_13p6TeV_amcatnloFXFX-pythia8/NANOAODSIM/130X_mcRun3_2022_realistic_postEE_v6-v2/120000/5e894b6d-bb48-42bd-867b-def5fa225e87.root - SumOfGenWeight: 46352184.87412 
[2025-11-20 03:01:14.646] [main] [info] Output directory: /eos/user/j/jiahua/MC_2022EE_inc/MC_2022EE_vbf/DYto2Mu-2Jets_MLL-105To160_amcatnloFXFX_22EE/5e894b6d-bb48-42bd-867b-def5fa225e87.root
[2025-11-20 03:01:14.647] [main] [info] Starting Setup of Dataframe with 343132 events
[2025-11-20 03:02:17.874] [main] [info] Finished Setup
[2025-11-20 03:02:17.874] [main] [info] Runtime for setup (real time: 63.23, CPU time: 58.44)
[2025-11-20 03:02:17.874] [main] [info] Starting Evaluation
[2025-11-20 03:02:44.848] [main] [info] 10000 / 343132 (2.91 %) Events processed ...
[2025-11-20 03:02:57.185] [main] [info] 20000 / 343132 (5.83 %) Events processed ...
[2025-11-20 03:03:09.324] [main] [info] 30000 / 343132 (8.74 %) Events processed ...
[2025-11-20 03:03:22.659] [main] [info] 40000 / 343132 (11.66 %) Events processed ...
[2025-11-20 03:03:36.137] [main] [info] 50000 / 343132 (14.57 %) Events processed ...
[2025-11-20 03:03:47.618] [main] [info] 60000 / 343132 (17.49 %) Events processed ...
[2025-11-20 03:03:59.121] [main] [info] 70000 / 343132 (20.40 %) Events processed ...
[2025-11-20 03:04:12.402] [main] [info] 80000 / 343132 (23.31 %) Events processed ...
[2025-11-20 03:04:23.677] [main] [info] 90000 / 343132 (26.23 %) Events processed ...
[2025-11-20 03:04:35.416] [main] [info] 100000 / 343132 (29.14 %) Events processed ...
[2025-11-20 03:04:48.211] [main] [info] 110000 / 343132 (32.06 %) Events processed ...
[2025-11-20 03:04:59.077] [main] [info] 120000 / 343132 (34.97 %) Events processed ...
[2025-11-20 03:05:11.544] [main] [info] 130000 / 343132 (37.89 %) Events processed ...
[2025-11-20 03:05:25.016] [main] [info] 140000 / 343132 (40.80 %) Events processed ...
[2025-11-20 03:05:37.073] [main] [info] 150000 / 343132 (43.71 %) Events processed ...
[2025-11-20 03:05:47.720] [main] [info] 160000 / 343132 (46.63 %) Events processed ...
[2025-11-20 03:05:58.200] [main] [info] 170000 / 343132 (49.54 %) Events processed ...
[2025-11-20 03:06:08.659] [main] [info] 180000 / 343132 (52.46 %) Events processed ...
[2025-11-20 03:06:22.216] [main] [info] 190000 / 343132 (55.37 %) Events processed ...
[2025-11-20 03:06:32.556] [main] [info] 200000 / 343132 (58.29 %) Events processed ...
[2025-11-20 03:06:42.854] [main] [info] 210000 / 343132 (61.20 %) Events processed ...
[2025-11-20 03:06:54.633] [main] [info] 220000 / 343132 (64.12 %) Events processed ...
[2025-11-20 03:07:05.646] [main] [info] 230000 / 343132 (67.03 %) Events processed ...
[2025-11-20 03:07:18.134] [main] [info] 240000 / 343132 (69.94 %) Events processed ...
[2025-11-20 03:07:29.794] [main] [info] 250000 / 343132 (72.86 %) Events processed ...
[2025-11-20 03:07:43.219] [main] [info] 260000 / 343132 (75.77 %) Events processed ...
[2025-11-20 03:07:57.987] [main] [info] 270000 / 343132 (78.69 %) Events processed ...
[2025-11-20 03:08:10.023] [main] [info] 280000 / 343132 (81.60 %) Events processed ...
[2025-11-20 03:08:22.073] [main] [info] 290000 / 343132 (84.52 %) Events processed ...
[2025-11-20 03:08:36.493] [main] [info] 300000 / 343132 (87.43 %) Events processed ...
[2025-11-20 03:08:48.201] [main] [info] 310000 / 343132 (90.34 %) Events processed ...
[2025-11-20 03:08:58.374] [main] [info] 320000 / 343132 (93.26 %) Events processed ...
[2025-11-20 03:09:09.833] [main] [info] 330000 / 343132 (96.17 %) Events processed ...
[2025-11-20 03:09:20.186] [main] [info] 340000 / 343132 (99.09 %) Events processed ...
[2025-11-20 03:09:24.823] [main] [info] vbfhmm:
GoodJetsCollection: pass=175801     all=343132     -- eff=51.23 % cumulative eff=51.23 %
Flag_goodVertices: pass=175801     all=175801     -- eff=100.00 % cumulative eff=51.23 %
Flag_globalSuperTightHalo2016Filter: pass=175781     all=175801     -- eff=99.99 % cumulative eff=51.23 %
Flag_EcalDeadCellTriggerPrimitiveFilter: pass=175780     all=175781     -- eff=100.00 % cumulative eff=51.23 %
Flag_BadPFMuonFilter: pass=175757     all=175780     -- eff=99.99 % cumulative eff=51.22 %
Flag_BadPFMuonDzFilter: pass=175751     all=175757     -- eff=100.00 % cumulative eff=51.22 %
Flag_eeBadScFilter: pass=175751     all=175751     -- eff=100.00 % cumulative eff=51.22 %
Flag_ecalBadCalibFilter: pass=175747     all=175751     -- eff=100.00 % cumulative eff=51.22 %
Flag_hfNoisyHitsFilter: pass=175728     all=175747     -- eff=99.99 % cumulative eff=51.21 %
Number of muons 2: pass=67971      all=175728     -- eff=38.68 % cumulative eff=19.81 %
Veto VH <= 0 electrons: pass=67926      all=67971      -- eff=99.93 % cumulative eff=19.80 %
DiMuon From Higgs: pass=64446      all=67926      -- eff=94.88 % cumulative eff=18.78 %
LeptonChargeSum: pass=64428      all=64446      -- eff=99.97 % cumulative eff=18.78 %
Hmass>=110: pass=62541      all=64428      -- eff=97.07 % cumulative eff=18.23 %
[2025-11-20 03:09:25.196] [main] [info] Writing quantities map to /eos/user/j/jiahua/MC_2022EE_inc/MC_2022EE_vbf/DYto2Mu-2Jets_MLL-105To160_amcatnloFXFX_22EE/5e894b6d-bb48-42bd-867b-def5fa225e87_vbfhmm.root
[2025-11-20 03:09:26.113] [main] [info] Finished Evaluation
[2025-11-20 03:09:26.114] [main] [info] Overall runtime (real time: 491.47, CPU time: 465.34)
