Starting job on \n
Running on: Linux b9p04p6494.cern.ch 5.14.0-570.42.2.el9_6.x86_64 #1 SMP PREEMPT_DYNAMIC Mon Sep 8 12:15:13 EDT 2025 x86_64 x86_64 x86_64 GNU/Linux\n
System software: Red Hat Enterprise Linux release 9.7 (Plow)\n
Setting up CROWN for RedHatEnterprise Version 9.7
subject   : /DC=ch/DC=cern/OU=Organic Units/OU=Users/CN=jiahua/CN=851532/CN=Jiahua Chen/CN=2045128514
issuer    : /DC=ch/DC=cern/OU=Organic Units/OU=Users/CN=jiahua/CN=851532/CN=Jiahua Chen
identity  : /DC=ch/DC=cern/OU=Organic Units/OU=Users/CN=jiahua/CN=851532/CN=Jiahua Chen
type      : RFC compliant proxy
strength  : 2048 bits
path      : /afs/cern.ch/user/j/jiahua/proxy/x509up_u139833
timeleft  : 199:47:29
key usage : Digital Signature, Key Encipherment
=== VO cms extension information ===
VO        : cms
subject   : /DC=ch/DC=cern/OU=Organic Units/OU=Users/CN=jiahua/CN=851532/CN=Jiahua Chen
issuer    : /DC=ch/DC=cern/OU=computers/CN=cms-auth.cern.ch
attribute : /cms/Role=NULL/Capability=NULL
timeleft  : 191:47:28
uri       : voms-cms-auth.cern.ch:15000
subject   : /DC=ch/DC=cern/OU=Organic Units/OU=Users/CN=jiahua/CN=851532/CN=Jiahua Chen/CN=2045128514
issuer    : /DC=ch/DC=cern/OU=Organic Units/OU=Users/CN=jiahua/CN=851532/CN=Jiahua Chen
identity  : /DC=ch/DC=cern/OU=Organic Units/OU=Users/CN=jiahua/CN=851532/CN=Jiahua Chen
type      : RFC compliant proxy
strength  : 2048 bits
path      : /afs/cern.ch/user/j/jiahua/proxy/x509up_u139833
timeleft  : 199:47:29
key usage : Digital Signature, Key Encipherment
=== VO cms extension information ===
VO        : cms
subject   : /DC=ch/DC=cern/OU=Organic Units/OU=Users/CN=jiahua/CN=851532/CN=Jiahua Chen
issuer    : /DC=ch/DC=cern/OU=computers/CN=cms-auth.cern.ch
attribute : /cms/Role=NULL/Capability=NULL
timeleft  : 191:47:28
uri       : voms-cms-auth.cern.ch:15000
/eos/user/j/jiahua/MC_2022EE_inc/MC_2022EE_vbf/DYto2Mu-2Jets_MLL-105To160_amcatnloFXFX_22EE/ef733315-3ce8-4822-9223-ae178978a33b.root
[2025-11-20 03:01:14.453] [main] [info] Checking input files
[2025-11-20 03:01:18.770] [main] [info] NanoAOD input_file 1: root://cms-xrd-global.cern.ch//store/mc/Run3Summer22EENanoAODv12/DYto2Mu-2Jets_MLL-105To160_TuneCP5_13p6TeV_amcatnloFXFX-pythia8/NANOAODSIM/130X_mcRun3_2022_realistic_postEE_v6-v2/120000/ef733315-3ce8-4822-9223-ae178978a33b.root - 343135 Events
[2025-11-20 03:01:18.770] [main] [info] input_file 1: root://cms-xrd-global.cern.ch//store/mc/Run3Summer22EENanoAODv12/DYto2Mu-2Jets_MLL-105To160_TuneCP5_13p6TeV_amcatnloFXFX-pythia8/NANOAODSIM/130X_mcRun3_2022_realistic_postEE_v6-v2/120000/ef733315-3ce8-4822-9223-ae178978a33b.root - SumOfGenWeight: 46457514.37238001 
[2025-11-20 03:01:18.770] [main] [info] Output directory: /eos/user/j/jiahua/MC_2022EE_inc/MC_2022EE_vbf/DYto2Mu-2Jets_MLL-105To160_amcatnloFXFX_22EE/ef733315-3ce8-4822-9223-ae178978a33b.root
[2025-11-20 03:01:18.771] [main] [info] Starting Setup of Dataframe with 343135 events
[2025-11-20 03:02:29.370] [main] [info] Finished Setup
[2025-11-20 03:02:29.370] [main] [info] Runtime for setup (real time: 70.60, CPU time: 65.86)
[2025-11-20 03:02:29.370] [main] [info] Starting Evaluation
[2025-11-20 03:02:55.795] [main] [info] 10000 / 343135 (2.91 %) Events processed ...
[2025-11-20 03:03:05.925] [main] [info] 20000 / 343135 (5.83 %) Events processed ...
[2025-11-20 03:03:16.299] [main] [info] 30000 / 343135 (8.74 %) Events processed ...
[2025-11-20 03:03:27.935] [main] [info] 40000 / 343135 (11.66 %) Events processed ...
[2025-11-20 03:03:40.968] [main] [info] 50000 / 343135 (14.57 %) Events processed ...
[2025-11-20 03:03:53.474] [main] [info] 60000 / 343135 (17.49 %) Events processed ...
[2025-11-20 03:04:04.016] [main] [info] 70000 / 343135 (20.40 %) Events processed ...
[2025-11-20 03:04:15.603] [main] [info] 80000 / 343135 (23.31 %) Events processed ...
[2025-11-20 03:04:25.424] [main] [info] 90000 / 343135 (26.23 %) Events processed ...
[2025-11-20 03:04:35.341] [main] [info] 100000 / 343135 (29.14 %) Events processed ...
[2025-11-20 03:04:48.250] [main] [info] 110000 / 343135 (32.06 %) Events processed ...
[2025-11-20 03:04:58.059] [main] [info] 120000 / 343135 (34.97 %) Events processed ...
[2025-11-20 03:05:08.507] [main] [info] 130000 / 343135 (37.89 %) Events processed ...
[2025-11-20 03:05:18.892] [main] [info] 140000 / 343135 (40.80 %) Events processed ...
[2025-11-20 03:05:30.563] [main] [info] 150000 / 343135 (43.71 %) Events processed ...
[2025-11-20 03:05:39.797] [main] [info] 160000 / 343135 (46.63 %) Events processed ...
[2025-11-20 03:05:50.855] [main] [info] 170000 / 343135 (49.54 %) Events processed ...
[2025-11-20 03:06:00.711] [main] [info] 180000 / 343135 (52.46 %) Events processed ...
[2025-11-20 03:06:12.589] [main] [info] 190000 / 343135 (55.37 %) Events processed ...
[2025-11-20 03:06:22.150] [main] [info] 200000 / 343135 (58.29 %) Events processed ...
[2025-11-20 03:06:33.734] [main] [info] 210000 / 343135 (61.20 %) Events processed ...
[2025-11-20 03:06:45.688] [main] [info] 220000 / 343135 (64.11 %) Events processed ...
[2025-11-20 03:06:57.205] [main] [info] 230000 / 343135 (67.03 %) Events processed ...
[2025-11-20 03:07:07.741] [main] [info] 240000 / 343135 (69.94 %) Events processed ...
[2025-11-20 03:07:18.528] [main] [info] 250000 / 343135 (72.86 %) Events processed ...
[2025-11-20 03:07:31.668] [main] [info] 260000 / 343135 (75.77 %) Events processed ...
[2025-11-20 03:07:46.557] [main] [info] 270000 / 343135 (78.69 %) Events processed ...
[2025-11-20 03:07:57.117] [main] [info] 280000 / 343135 (81.60 %) Events processed ...
[2025-11-20 03:08:07.113] [main] [info] 290000 / 343135 (84.51 %) Events processed ...
[2025-11-20 03:08:19.774] [main] [info] 300000 / 343135 (87.43 %) Events processed ...
[2025-11-20 03:08:30.383] [main] [info] 310000 / 343135 (90.34 %) Events processed ...
[2025-11-20 03:08:39.550] [main] [info] 320000 / 343135 (93.26 %) Events processed ...
[2025-11-20 03:08:51.267] [main] [info] 330000 / 343135 (96.17 %) Events processed ...
[2025-11-20 03:09:01.949] [main] [info] 340000 / 343135 (99.09 %) Events processed ...
[2025-11-20 03:09:06.404] [main] [info] vbfhmm:
GoodJetsCollection: pass=175771     all=343135     -- eff=51.23 % cumulative eff=51.23 %
Flag_goodVertices: pass=175771     all=175771     -- eff=100.00 % cumulative eff=51.23 %
Flag_globalSuperTightHalo2016Filter: pass=175750     all=175771     -- eff=99.99 % cumulative eff=51.22 %
Flag_EcalDeadCellTriggerPrimitiveFilter: pass=175750     all=175750     -- eff=100.00 % cumulative eff=51.22 %
Flag_BadPFMuonFilter: pass=175728     all=175750     -- eff=99.99 % cumulative eff=51.21 %
Flag_BadPFMuonDzFilter: pass=175724     all=175728     -- eff=100.00 % cumulative eff=51.21 %
Flag_eeBadScFilter: pass=175724     all=175724     -- eff=100.00 % cumulative eff=51.21 %
Flag_ecalBadCalibFilter: pass=175721     all=175724     -- eff=100.00 % cumulative eff=51.21 %
Flag_hfNoisyHitsFilter: pass=175699     all=175721     -- eff=99.99 % cumulative eff=51.20 %
Number of muons 2: pass=68363      all=175699     -- eff=38.91 % cumulative eff=19.92 %
Veto VH <= 0 electrons: pass=68318      all=68363      -- eff=99.93 % cumulative eff=19.91 %
DiMuon From Higgs: pass=64879      all=68318      -- eff=94.97 % cumulative eff=18.91 %
LeptonChargeSum: pass=64867      all=64879      -- eff=99.98 % cumulative eff=18.90 %
Hmass>=110: pass=62870      all=64867      -- eff=96.92 % cumulative eff=18.32 %
[2025-11-20 03:09:06.580] [main] [info] Writing quantities map to /eos/user/j/jiahua/MC_2022EE_inc/MC_2022EE_vbf/DYto2Mu-2Jets_MLL-105To160_amcatnloFXFX_22EE/ef733315-3ce8-4822-9223-ae178978a33b_vbfhmm.root
[2025-11-20 03:09:07.329] [main] [info] Finished Evaluation
[2025-11-20 03:09:07.329] [main] [info] Overall runtime (real time: 468.56, CPU time: 443.66)
