Starting job on \n
Running on: Linux b9p23p3852.cern.ch 5.14.0-570.44.1.el9_6.x86_64 #1 SMP PREEMPT_DYNAMIC Tue Sep 9 05:17:30 EDT 2025 x86_64 x86_64 x86_64 GNU/Linux\n
System software: Red Hat Enterprise Linux release 9.7 (Plow)\n
Setting up CROWN for RedHatEnterprise Version 9.7
subject   : /DC=ch/DC=cern/OU=Organic Units/OU=Users/CN=jiahua/CN=851532/CN=Jiahua Chen/CN=2045128514
issuer    : /DC=ch/DC=cern/OU=Organic Units/OU=Users/CN=jiahua/CN=851532/CN=Jiahua Chen
identity  : /DC=ch/DC=cern/OU=Organic Units/OU=Users/CN=jiahua/CN=851532/CN=Jiahua Chen
type      : RFC compliant proxy
strength  : 2048 bits
path      : /afs/cern.ch/user/j/jiahua/proxy/x509up_u139833
timeleft  : 193:24:43
key usage : Digital Signature, Key Encipherment
=== VO cms extension information ===
VO        : cms
subject   : /DC=ch/DC=cern/OU=Organic Units/OU=Users/CN=jiahua/CN=851532/CN=Jiahua Chen
issuer    : /DC=ch/DC=cern/OU=computers/CN=cms-auth.cern.ch
attribute : /cms/Role=NULL/Capability=NULL
timeleft  : 185:24:42
uri       : voms-cms-auth.cern.ch:15000
subject   : /DC=ch/DC=cern/OU=Organic Units/OU=Users/CN=jiahua/CN=851532/CN=Jiahua Chen/CN=2045128514
issuer    : /DC=ch/DC=cern/OU=Organic Units/OU=Users/CN=jiahua/CN=851532/CN=Jiahua Chen
identity  : /DC=ch/DC=cern/OU=Organic Units/OU=Users/CN=jiahua/CN=851532/CN=Jiahua Chen
type      : RFC compliant proxy
strength  : 2048 bits
path      : /afs/cern.ch/user/j/jiahua/proxy/x509up_u139833
timeleft  : 193:24:43
key usage : Digital Signature, Key Encipherment
=== VO cms extension information ===
VO        : cms
subject   : /DC=ch/DC=cern/OU=Organic Units/OU=Users/CN=jiahua/CN=851532/CN=Jiahua Chen
issuer    : /DC=ch/DC=cern/OU=computers/CN=cms-auth.cern.ch
attribute : /cms/Role=NULL/Capability=NULL
timeleft  : 185:24:42
uri       : voms-cms-auth.cern.ch:15000
/eos/user/j/jiahua/MC_2022EE_inc/MC_2022EE_vbf/DYto2Mu-2Jets_MLL-105To160_amcatnloFXFX_22EE/3c0f412e-7641-43e3-b805-562734438def.root
[2025-11-20 09:24:01.541] [main] [info] Checking input files
[2025-11-20 09:24:06.688] [main] [info] NanoAOD input_file 1: root://cms-xrd-global.cern.ch//store/mc/Run3Summer22EENanoAODv12/DYto2Mu-2Jets_MLL-105To160_TuneCP5_13p6TeV_amcatnloFXFX-pythia8/NANOAODSIM/130X_mcRun3_2022_realistic_postEE_v6-v2/120000/3c0f412e-7641-43e3-b805-562734438def.root - 179664 Events
[2025-11-20 09:24:06.688] [main] [info] input_file 1: root://cms-xrd-global.cern.ch//store/mc/Run3Summer22EENanoAODv12/DYto2Mu-2Jets_MLL-105To160_TuneCP5_13p6TeV_amcatnloFXFX-pythia8/NANOAODSIM/130X_mcRun3_2022_realistic_postEE_v6-v2/120000/3c0f412e-7641-43e3-b805-562734438def.root - SumOfGenWeight: 24259269.63144 
[2025-11-20 09:24:06.688] [main] [info] Output directory: /eos/user/j/jiahua/MC_2022EE_inc/MC_2022EE_vbf/DYto2Mu-2Jets_MLL-105To160_amcatnloFXFX_22EE/3c0f412e-7641-43e3-b805-562734438def.root
[2025-11-20 09:24:06.700] [main] [info] Starting Setup of Dataframe with 179664 events
[2025-11-20 09:25:21.164] [main] [info] Finished Setup
[2025-11-20 09:25:21.165] [main] [info] Runtime for setup (real time: 74.48, CPU time: 68.93)
[2025-11-20 09:25:21.165] [main] [info] Starting Evaluation
[2025-11-20 09:25:51.331] [main] [info] 10000 / 179664 (5.57 %) Events processed ...
[2025-11-20 09:26:05.760] [main] [info] 20000 / 179664 (11.13 %) Events processed ...
[2025-11-20 09:26:19.372] [main] [info] 30000 / 179664 (16.70 %) Events processed ...
[2025-11-20 09:26:33.669] [main] [info] 40000 / 179664 (22.26 %) Events processed ...
[2025-11-20 09:26:47.024] [main] [info] 50000 / 179664 (27.83 %) Events processed ...
[2025-11-20 09:27:01.044] [main] [info] 60000 / 179664 (33.40 %) Events processed ...
[2025-11-20 09:27:13.907] [main] [info] 70000 / 179664 (38.96 %) Events processed ...
[2025-11-20 09:27:29.312] [main] [info] 80000 / 179664 (44.53 %) Events processed ...
[2025-11-20 09:27:43.631] [main] [info] 90000 / 179664 (50.09 %) Events processed ...
[2025-11-20 09:27:58.398] [main] [info] 100000 / 179664 (55.66 %) Events processed ...
[2025-11-20 09:28:15.442] [main] [info] 110000 / 179664 (61.23 %) Events processed ...
[2025-11-20 09:28:31.613] [main] [info] 120000 / 179664 (66.79 %) Events processed ...
[2025-11-20 09:28:43.531] [main] [info] 130000 / 179664 (72.36 %) Events processed ...
[2025-11-20 09:28:55.624] [main] [info] 140000 / 179664 (77.92 %) Events processed ...
[2025-11-20 09:29:09.275] [main] [info] 150000 / 179664 (83.49 %) Events processed ...
[2025-11-20 09:29:21.908] [main] [info] 160000 / 179664 (89.06 %) Events processed ...
[2025-11-20 09:29:36.417] [main] [info] 170000 / 179664 (94.62 %) Events processed ...
[2025-11-20 09:29:50.536] [main] [info] vbfhmm:
GoodJetsCollection: pass=92043      all=179664     -- eff=51.23 % cumulative eff=51.23 %
Flag_goodVertices: pass=92043      all=92043      -- eff=100.00 % cumulative eff=51.23 %
Flag_globalSuperTightHalo2016Filter: pass=92030      all=92043      -- eff=99.99 % cumulative eff=51.22 %
Flag_EcalDeadCellTriggerPrimitiveFilter: pass=92030      all=92030      -- eff=100.00 % cumulative eff=51.22 %
Flag_BadPFMuonFilter: pass=92021      all=92030      -- eff=99.99 % cumulative eff=51.22 %
Flag_BadPFMuonDzFilter: pass=92017      all=92021      -- eff=100.00 % cumulative eff=51.22 %
Flag_eeBadScFilter: pass=92017      all=92017      -- eff=100.00 % cumulative eff=51.22 %
Flag_ecalBadCalibFilter: pass=92017      all=92017      -- eff=100.00 % cumulative eff=51.22 %
Flag_hfNoisyHitsFilter: pass=92010      all=92017      -- eff=99.99 % cumulative eff=51.21 %
Number of muons 2: pass=35518      all=92010      -- eff=38.60 % cumulative eff=19.77 %
Veto VH <= 0 electrons: pass=35488      all=35518      -- eff=99.92 % cumulative eff=19.75 %
DiMuon From Higgs: pass=33746      all=35488      -- eff=95.09 % cumulative eff=18.78 %
LeptonChargeSum: pass=33737      all=33746      -- eff=99.97 % cumulative eff=18.78 %
Hmass>=110: pass=32798      all=33737      -- eff=97.22 % cumulative eff=18.26 %
[2025-11-20 09:29:50.579] [main] [info] Writing quantities map to /eos/user/j/jiahua/MC_2022EE_inc/MC_2022EE_vbf/DYto2Mu-2Jets_MLL-105To160_amcatnloFXFX_22EE/3c0f412e-7641-43e3-b805-562734438def_vbfhmm.root
[2025-11-20 09:29:50.725] [main] [info] Finished Evaluation
[2025-11-20 09:29:50.725] [main] [info] Overall runtime (real time: 344.04, CPU time: 324.90)
