Starting job on \n
Running on: Linux b9g34p7549.cern.ch 5.14.0-570.42.2.el9_6.x86_64 #1 SMP PREEMPT_DYNAMIC Mon Sep 8 12:15:13 EDT 2025 x86_64 x86_64 x86_64 GNU/Linux\n
System software: Red Hat Enterprise Linux release 9.7 (Plow)\n
Setting up CROWN for RedHatEnterprise Version 9.7
subject   : /DC=ch/DC=cern/OU=Organic Units/OU=Users/CN=jiahua/CN=851532/CN=Jiahua Chen/CN=2045128514
issuer    : /DC=ch/DC=cern/OU=Organic Units/OU=Users/CN=jiahua/CN=851532/CN=Jiahua Chen
identity  : /DC=ch/DC=cern/OU=Organic Units/OU=Users/CN=jiahua/CN=851532/CN=Jiahua Chen
type      : RFC compliant proxy
strength  : 2048 bits
path      : /afs/cern.ch/user/j/jiahua/proxy/x509up_u139833
timeleft  : 193:24:21
key usage : Digital Signature, Key Encipherment
=== VO cms extension information ===
VO        : cms
subject   : /DC=ch/DC=cern/OU=Organic Units/OU=Users/CN=jiahua/CN=851532/CN=Jiahua Chen
issuer    : /DC=ch/DC=cern/OU=computers/CN=cms-auth.cern.ch
attribute : /cms/Role=NULL/Capability=NULL
timeleft  : 185:24:20
uri       : voms-cms-auth.cern.ch:15000
subject   : /DC=ch/DC=cern/OU=Organic Units/OU=Users/CN=jiahua/CN=851532/CN=Jiahua Chen/CN=2045128514
issuer    : /DC=ch/DC=cern/OU=Organic Units/OU=Users/CN=jiahua/CN=851532/CN=Jiahua Chen
identity  : /DC=ch/DC=cern/OU=Organic Units/OU=Users/CN=jiahua/CN=851532/CN=Jiahua Chen
type      : RFC compliant proxy
strength  : 2048 bits
path      : /afs/cern.ch/user/j/jiahua/proxy/x509up_u139833
timeleft  : 193:24:21
key usage : Digital Signature, Key Encipherment
=== VO cms extension information ===
VO        : cms
subject   : /DC=ch/DC=cern/OU=Organic Units/OU=Users/CN=jiahua/CN=851532/CN=Jiahua Chen
issuer    : /DC=ch/DC=cern/OU=computers/CN=cms-auth.cern.ch
attribute : /cms/Role=NULL/Capability=NULL
timeleft  : 185:24:20
uri       : voms-cms-auth.cern.ch:15000
/eos/user/j/jiahua/MC_2022EE_inc/MC_2022EE_vbf/DYto2Mu-2Jets_MLL-105To160_amcatnloFXFX_22EE/21c3a510-522e-4e46-8434-f3c2676ee4bd.root
[2025-11-20 09:24:22.520] [main] [info] Checking input files
[2025-11-20 09:24:27.414] [main] [info] NanoAOD input_file 1: root://cms-xrd-global.cern.ch//store/mc/Run3Summer22EENanoAODv12/DYto2Mu-2Jets_MLL-105To160_TuneCP5_13p6TeV_amcatnloFXFX-pythia8/NANOAODSIM/130X_mcRun3_2022_realistic_postEE_v6-v2/2820000/21c3a510-522e-4e46-8434-f3c2676ee4bd.root - 128512 Events
[2025-11-20 09:24:27.414] [main] [info] input_file 1: root://cms-xrd-global.cern.ch//store/mc/Run3Summer22EENanoAODv12/DYto2Mu-2Jets_MLL-105To160_TuneCP5_13p6TeV_amcatnloFXFX-pythia8/NANOAODSIM/130X_mcRun3_2022_realistic_postEE_v6-v2/2820000/21c3a510-522e-4e46-8434-f3c2676ee4bd.root - SumOfGenWeight: 17326172.637320008 
[2025-11-20 09:24:27.414] [main] [info] Output directory: /eos/user/j/jiahua/MC_2022EE_inc/MC_2022EE_vbf/DYto2Mu-2Jets_MLL-105To160_amcatnloFXFX_22EE/21c3a510-522e-4e46-8434-f3c2676ee4bd.root
[2025-11-20 09:24:27.415] [main] [info] Starting Setup of Dataframe with 128512 events
[2025-11-20 09:26:40.508] [main] [info] Finished Setup
[2025-11-20 09:26:40.508] [main] [info] Runtime for setup (real time: 133.09, CPU time: 128.08)
[2025-11-20 09:26:40.508] [main] [info] Starting Evaluation
[2025-11-20 09:27:25.357] [main] [info] 10000 / 128512 (7.78 %) Events processed ...
[2025-11-20 09:27:47.596] [main] [info] 20000 / 128512 (15.56 %) Events processed ...
[2025-11-20 09:28:03.306] [main] [info] 30000 / 128512 (23.34 %) Events processed ...
[2025-11-20 09:28:22.993] [main] [info] 40000 / 128512 (31.13 %) Events processed ...
[2025-11-20 09:28:46.721] [main] [info] 50000 / 128512 (38.91 %) Events processed ...
[2025-11-20 09:29:07.654] [main] [info] 60000 / 128512 (46.69 %) Events processed ...
[2025-11-20 09:29:24.375] [main] [info] 70000 / 128512 (54.47 %) Events processed ...
[2025-11-20 09:29:44.345] [main] [info] 80000 / 128512 (62.25 %) Events processed ...
[2025-11-20 09:30:02.707] [main] [info] 90000 / 128512 (70.03 %) Events processed ...
[2025-11-20 09:30:18.140] [main] [info] 100000 / 128512 (77.81 %) Events processed ...
[2025-11-20 09:30:39.952] [main] [info] 110000 / 128512 (85.60 %) Events processed ...
[2025-11-20 09:31:02.868] [main] [info] 120000 / 128512 (93.38 %) Events processed ...
[2025-11-20 09:31:19.325] [main] [info] vbfhmm:
GoodJetsCollection: pass=65835      all=128512     -- eff=51.23 % cumulative eff=51.23 %
Flag_goodVertices: pass=65835      all=65835      -- eff=100.00 % cumulative eff=51.23 %
Flag_globalSuperTightHalo2016Filter: pass=65830      all=65835      -- eff=99.99 % cumulative eff=51.22 %
Flag_EcalDeadCellTriggerPrimitiveFilter: pass=65830      all=65830      -- eff=100.00 % cumulative eff=51.22 %
Flag_BadPFMuonFilter: pass=65823      all=65830      -- eff=99.99 % cumulative eff=51.22 %
Flag_BadPFMuonDzFilter: pass=65822      all=65823      -- eff=100.00 % cumulative eff=51.22 %
Flag_eeBadScFilter: pass=65822      all=65822      -- eff=100.00 % cumulative eff=51.22 %
Flag_ecalBadCalibFilter: pass=65821      all=65822      -- eff=100.00 % cumulative eff=51.22 %
Flag_hfNoisyHitsFilter: pass=65816      all=65821      -- eff=99.99 % cumulative eff=51.21 %
Number of muons 2: pass=25588      all=65816      -- eff=38.88 % cumulative eff=19.91 %
Veto VH <= 0 electrons: pass=25572      all=25588      -- eff=99.94 % cumulative eff=19.90 %
DiMuon From Higgs: pass=24298      all=25572      -- eff=95.02 % cumulative eff=18.91 %
LeptonChargeSum: pass=24289      all=24298      -- eff=99.96 % cumulative eff=18.90 %
Hmass>=110: pass=23556      all=24289      -- eff=96.98 % cumulative eff=18.33 %
[2025-11-20 09:31:19.474] [main] [info] Writing quantities map to /eos/user/j/jiahua/MC_2022EE_inc/MC_2022EE_vbf/DYto2Mu-2Jets_MLL-105To160_amcatnloFXFX_22EE/21c3a510-522e-4e46-8434-f3c2676ee4bd_vbfhmm.root
[2025-11-20 09:31:19.735] [main] [info] Finished Evaluation
[2025-11-20 09:31:19.736] [main] [info] Overall runtime (real time: 412.32, CPU time: 398.92)
