Starting job on \n
Running on: Linux b9g32p1086.cern.ch 5.14.0-570.44.1.el9_6.x86_64 #1 SMP PREEMPT_DYNAMIC Tue Sep 9 05:17:30 EDT 2025 x86_64 x86_64 x86_64 GNU/Linux\n
System software: Red Hat Enterprise Linux release 9.7 (Plow)\n
Setting up CROWN for RedHatEnterprise Version 9.7
subject   : /DC=ch/DC=cern/OU=Organic Units/OU=Users/CN=jiahua/CN=851532/CN=Jiahua Chen/CN=2045128514
issuer    : /DC=ch/DC=cern/OU=Organic Units/OU=Users/CN=jiahua/CN=851532/CN=Jiahua Chen
identity  : /DC=ch/DC=cern/OU=Organic Units/OU=Users/CN=jiahua/CN=851532/CN=Jiahua Chen
type      : RFC compliant proxy
strength  : 2048 bits
path      : /afs/cern.ch/user/j/jiahua/proxy/x509up_u139833
timeleft  : 199:47:26
key usage : Digital Signature, Key Encipherment
=== VO cms extension information ===
VO        : cms
subject   : /DC=ch/DC=cern/OU=Organic Units/OU=Users/CN=jiahua/CN=851532/CN=Jiahua Chen
issuer    : /DC=ch/DC=cern/OU=computers/CN=cms-auth.cern.ch
attribute : /cms/Role=NULL/Capability=NULL
timeleft  : 191:47:25
uri       : voms-cms-auth.cern.ch:15000
subject   : /DC=ch/DC=cern/OU=Organic Units/OU=Users/CN=jiahua/CN=851532/CN=Jiahua Chen/CN=2045128514
issuer    : /DC=ch/DC=cern/OU=Organic Units/OU=Users/CN=jiahua/CN=851532/CN=Jiahua Chen
identity  : /DC=ch/DC=cern/OU=Organic Units/OU=Users/CN=jiahua/CN=851532/CN=Jiahua Chen
type      : RFC compliant proxy
strength  : 2048 bits
path      : /afs/cern.ch/user/j/jiahua/proxy/x509up_u139833
timeleft  : 199:47:26
key usage : Digital Signature, Key Encipherment
=== VO cms extension information ===
VO        : cms
subject   : /DC=ch/DC=cern/OU=Organic Units/OU=Users/CN=jiahua/CN=851532/CN=Jiahua Chen
issuer    : /DC=ch/DC=cern/OU=computers/CN=cms-auth.cern.ch
attribute : /cms/Role=NULL/Capability=NULL
timeleft  : 191:47:25
uri       : voms-cms-auth.cern.ch:15000
/eos/user/j/jiahua/MC_2022EE_inc/MC_2022EE_vbf/DYto2Mu-2Jets_MLL-105To160_amcatnloFXFX_22EE/bfbbbd88-44c2-456b-aba0-4c019b8f47ba.root
[2025-11-20 03:01:17.630] [main] [info] Checking input files
[2025-11-20 03:01:22.867] [main] [info] NanoAOD input_file 1: root://cms-xrd-global.cern.ch//store/mc/Run3Summer22EENanoAODv12/DYto2Mu-2Jets_MLL-105To160_TuneCP5_13p6TeV_amcatnloFXFX-pythia8/NANOAODSIM/130X_mcRun3_2022_realistic_postEE_v6-v2/120000/bfbbbd88-44c2-456b-aba0-4c019b8f47ba.root - 343095 Events
[2025-11-20 03:01:22.867] [main] [info] input_file 1: root://cms-xrd-global.cern.ch//store/mc/Run3Summer22EENanoAODv12/DYto2Mu-2Jets_MLL-105To160_TuneCP5_13p6TeV_amcatnloFXFX-pythia8/NANOAODSIM/130X_mcRun3_2022_realistic_postEE_v6-v2/120000/bfbbbd88-44c2-456b-aba0-4c019b8f47ba.root - SumOfGenWeight: 46350701.36006 
[2025-11-20 03:01:22.867] [main] [info] Output directory: /eos/user/j/jiahua/MC_2022EE_inc/MC_2022EE_vbf/DYto2Mu-2Jets_MLL-105To160_amcatnloFXFX_22EE/bfbbbd88-44c2-456b-aba0-4c019b8f47ba.root
[2025-11-20 03:01:22.868] [main] [info] Starting Setup of Dataframe with 343095 events
[2025-11-20 03:02:54.248] [main] [info] Finished Setup
[2025-11-20 03:02:54.248] [main] [info] Runtime for setup (real time: 91.38, CPU time: 84.52)
[2025-11-20 03:02:54.248] [main] [info] Starting Evaluation
[2025-11-20 03:03:25.822] [main] [info] 10000 / 343095 (2.91 %) Events processed ...
[2025-11-20 03:03:41.812] [main] [info] 20000 / 343095 (5.83 %) Events processed ...
[2025-11-20 03:03:57.159] [main] [info] 30000 / 343095 (8.74 %) Events processed ...
[2025-11-20 03:04:14.248] [main] [info] 40000 / 343095 (11.66 %) Events processed ...
[2025-11-20 03:04:30.524] [main] [info] 50000 / 343095 (14.57 %) Events processed ...
[2025-11-20 03:04:45.384] [main] [info] 60000 / 343095 (17.49 %) Events processed ...
[2025-11-20 03:05:01.265] [main] [info] 70000 / 343095 (20.40 %) Events processed ...
[2025-11-20 03:05:18.245] [main] [info] 80000 / 343095 (23.32 %) Events processed ...
[2025-11-20 03:05:34.161] [main] [info] 90000 / 343095 (26.23 %) Events processed ...
[2025-11-20 03:05:49.052] [main] [info] 100000 / 343095 (29.15 %) Events processed ...
[2025-11-20 03:06:05.612] [main] [info] 110000 / 343095 (32.06 %) Events processed ...
[2025-11-20 03:06:20.158] [main] [info] 120000 / 343095 (34.98 %) Events processed ...
[2025-11-20 03:06:35.706] [main] [info] 130000 / 343095 (37.89 %) Events processed ...
[2025-11-20 03:06:51.921] [main] [info] 140000 / 343095 (40.81 %) Events processed ...
[2025-11-20 03:07:08.828] [main] [info] 150000 / 343095 (43.72 %) Events processed ...
[2025-11-20 03:07:23.630] [main] [info] 160000 / 343095 (46.63 %) Events processed ...
[2025-11-20 03:07:39.633] [main] [info] 170000 / 343095 (49.55 %) Events processed ...
[2025-11-20 03:07:55.181] [main] [info] 180000 / 343095 (52.46 %) Events processed ...
[2025-11-20 03:08:11.390] [main] [info] 190000 / 343095 (55.38 %) Events processed ...
[2025-11-20 03:08:26.523] [main] [info] 200000 / 343095 (58.29 %) Events processed ...
[2025-11-20 03:08:42.298] [main] [info] 210000 / 343095 (61.21 %) Events processed ...
[2025-11-20 03:08:59.738] [main] [info] 220000 / 343095 (64.12 %) Events processed ...
[2025-11-20 03:09:14.617] [main] [info] 230000 / 343095 (67.04 %) Events processed ...
[2025-11-20 03:09:29.621] [main] [info] 240000 / 343095 (69.95 %) Events processed ...
[2025-11-20 03:09:45.620] [main] [info] 250000 / 343095 (72.87 %) Events processed ...
[2025-11-20 03:10:03.341] [main] [info] 260000 / 343095 (75.78 %) Events processed ...
[2025-11-20 03:10:20.909] [main] [info] 270000 / 343095 (78.70 %) Events processed ...
[2025-11-20 03:10:35.080] [main] [info] 280000 / 343095 (81.61 %) Events processed ...
[2025-11-20 03:10:48.988] [main] [info] 290000 / 343095 (84.52 %) Events processed ...
[2025-11-20 03:11:04.588] [main] [info] 300000 / 343095 (87.44 %) Events processed ...
[2025-11-20 03:11:18.922] [main] [info] 310000 / 343095 (90.35 %) Events processed ...
[2025-11-20 03:11:32.535] [main] [info] 320000 / 343095 (93.27 %) Events processed ...
[2025-11-20 03:11:48.125] [main] [info] 330000 / 343095 (96.18 %) Events processed ...
[2025-11-20 03:12:01.682] [main] [info] 340000 / 343095 (99.10 %) Events processed ...
[2025-11-20 03:12:07.588] [main] [info] vbfhmm:
GoodJetsCollection: pass=175598     all=343095     -- eff=51.18 % cumulative eff=51.18 %
Flag_goodVertices: pass=175598     all=175598     -- eff=100.00 % cumulative eff=51.18 %
Flag_globalSuperTightHalo2016Filter: pass=175582     all=175598     -- eff=99.99 % cumulative eff=51.18 %
Flag_EcalDeadCellTriggerPrimitiveFilter: pass=175582     all=175582     -- eff=100.00 % cumulative eff=51.18 %
Flag_BadPFMuonFilter: pass=175566     all=175582     -- eff=99.99 % cumulative eff=51.17 %
Flag_BadPFMuonDzFilter: pass=175554     all=175566     -- eff=99.99 % cumulative eff=51.17 %
Flag_eeBadScFilter: pass=175554     all=175554     -- eff=100.00 % cumulative eff=51.17 %
Flag_ecalBadCalibFilter: pass=175548     all=175554     -- eff=100.00 % cumulative eff=51.17 %
Flag_hfNoisyHitsFilter: pass=175519     all=175548     -- eff=99.98 % cumulative eff=51.16 %
Number of muons 2: pass=68061      all=175519     -- eff=38.78 % cumulative eff=19.84 %
Veto VH <= 0 electrons: pass=68023      all=68061      -- eff=99.94 % cumulative eff=19.83 %
DiMuon From Higgs: pass=64577      all=68023      -- eff=94.93 % cumulative eff=18.82 %
LeptonChargeSum: pass=64561      all=64577      -- eff=99.98 % cumulative eff=18.82 %
Hmass>=110: pass=62658      all=64561      -- eff=97.05 % cumulative eff=18.26 %
[2025-11-20 03:12:07.785] [main] [info] Writing quantities map to /eos/user/j/jiahua/MC_2022EE_inc/MC_2022EE_vbf/DYto2Mu-2Jets_MLL-105To160_amcatnloFXFX_22EE/bfbbbd88-44c2-456b-aba0-4c019b8f47ba_vbfhmm.root
[2025-11-20 03:12:08.854] [main] [info] Finished Evaluation
[2025-11-20 03:12:08.854] [main] [info] Overall runtime (real time: 645.99, CPU time: 610.06)
