000 (13047727.105.000) 11/20 09:15:26 Job submitted from host: <188.185.121.235:9618?addrs=188.185.121.235-9618+[2001-1458-d00-49--100-36e]-9618&alias=bigbird22.cern.ch&noUDP&sock=schedd_232129_c3ca>
...
040 (13047727.105.000) 11/20 09:24:18 Started transferring input files
	Transferring to host: <188.185.210.175:9618?addrs=188.185.210.175-9618+[2001-1458-303-15--100-2b]-9618&alias=b9p22p5637.cern.ch&noUDP&sock=slot1_33_1490614_2900_3953>
...
040 (13047727.105.000) 11/20 09:24:18 Finished transferring input files
...
001 (13047727.105.000) 11/20 09:24:19 Job executing on host: <188.185.210.175:9618?addrs=188.185.210.175-9618+[2001-1458-303-15--100-2b]-9618&alias=b9p22p5637.cern.ch&noUDP&sock=startd_3896_e911>
	SlotName: slot1_33@b9p22p5637.cern.ch
	CondorScratchDir = "/pool/condor/dir_2512274"
	Cpus = 1
	Disk = 15998
	GPUs = 0
	Memory = 3000
...
006 (13047727.105.000) 11/20 09:24:32 Image size of job updated: 152516
	149  -  MemoryUsage of job (MB)
	152516  -  ResidentSetSize of job (KB)
...
006 (13047727.105.000) 11/20 09:25:53 Image size of job updated: 682332
	149  -  MemoryUsage of job (MB)
	152516  -  ResidentSetSize of job (KB)
...
040 (13047727.105.000) 11/20 09:25:53 Started transferring output files
...
040 (13047727.105.000) 11/20 09:25:53 Finished transferring output files
...
005 (13047727.105.000) 11/20 09:25:53 Job terminated.
	(1) Normal termination (return value 0)
		Usr 0 00:01:17, Sys 0 00:00:03  -  Run Remote Usage
		Usr 0 00:00:00, Sys 0 00:00:00  -  Run Local Usage
		Usr 0 00:01:17, Sys 0 00:00:03  -  Total Remote Usage
		Usr 0 00:00:00, Sys 0 00:00:00  -  Total Local Usage
	9853  -  Run Bytes Sent By Job
	11510364  -  Run Bytes Received By Job
	9853  -  Total Bytes Sent By Job
	11510364  -  Total Bytes Received By Job
	Partitionable Resources :    Usage  Request Allocated 
	   Cpus                 :        0        1         1 
	   Disk (KB)            :    11273    12500     15998 
	   GPUs                 :                           0 
	   Memory (MB)          :      149     3000      3000 
	   TimeExecute (s)      :       94                    
	   TimeSlotBusy (s)     :       95                    

	Job terminated of its own accord at 2025-11-20T08:25:53Z with exit-code 0.
...
