Starting job on \n
Running on: Linux b9p08p1116.cern.ch 5.14.0-570.42.2.el9_6.x86_64 #1 SMP PREEMPT_DYNAMIC Mon Sep 8 12:15:13 EDT 2025 x86_64 x86_64 x86_64 GNU/Linux\n
System software: Red Hat Enterprise Linux release 9.7 (Plow)\n
Setting up CROWN for RedHatEnterprise Version 9.7
subject   : /DC=ch/DC=cern/OU=Organic Units/OU=Users/CN=jiahua/CN=851532/CN=Jiahua Chen/CN=2045128514
issuer    : /DC=ch/DC=cern/OU=Organic Units/OU=Users/CN=jiahua/CN=851532/CN=Jiahua Chen
identity  : /DC=ch/DC=cern/OU=Organic Units/OU=Users/CN=jiahua/CN=851532/CN=Jiahua Chen
type      : RFC compliant proxy
strength  : 2048 bits
path      : /afs/cern.ch/user/j/jiahua/proxy/x509up_u139833
timeleft  : 199:47:04
key usage : Digital Signature, Key Encipherment
=== VO cms extension information ===
VO        : cms
subject   : /DC=ch/DC=cern/OU=Organic Units/OU=Users/CN=jiahua/CN=851532/CN=Jiahua Chen
issuer    : /DC=ch/DC=cern/OU=computers/CN=cms-auth.cern.ch
attribute : /cms/Role=NULL/Capability=NULL
timeleft  : 191:47:03
uri       : voms-cms-auth.cern.ch:15000
subject   : /DC=ch/DC=cern/OU=Organic Units/OU=Users/CN=jiahua/CN=851532/CN=Jiahua Chen/CN=2045128514
issuer    : /DC=ch/DC=cern/OU=Organic Units/OU=Users/CN=jiahua/CN=851532/CN=Jiahua Chen
identity  : /DC=ch/DC=cern/OU=Organic Units/OU=Users/CN=jiahua/CN=851532/CN=Jiahua Chen
type      : RFC compliant proxy
strength  : 2048 bits
path      : /afs/cern.ch/user/j/jiahua/proxy/x509up_u139833
timeleft  : 199:47:04
key usage : Digital Signature, Key Encipherment
=== VO cms extension information ===
VO        : cms
subject   : /DC=ch/DC=cern/OU=Organic Units/OU=Users/CN=jiahua/CN=851532/CN=Jiahua Chen
issuer    : /DC=ch/DC=cern/OU=computers/CN=cms-auth.cern.ch
attribute : /cms/Role=NULL/Capability=NULL
timeleft  : 191:47:03
uri       : voms-cms-auth.cern.ch:15000
/eos/user/j/jiahua/MC_2022EE_inc/MC_2022EE_vbf/DYto2Mu-2Jets_MLL-105To160_amcatnloFXFX_22EE/01458fc5-568c-4605-a186-cb886c6135cc.root
[2025-11-20 03:01:39.590] [main] [info] Checking input files
[2025-11-20 03:01:43.126] [main] [info] NanoAOD input_file 1: root://cms-xrd-global.cern.ch//store/mc/Run3Summer22EENanoAODv12/DYto2Mu-2Jets_MLL-105To160_TuneCP5_13p6TeV_amcatnloFXFX-pythia8/NANOAODSIM/130X_mcRun3_2022_realistic_postEE_v6-v2/2820000/01458fc5-568c-4605-a186-cb886c6135cc.root - 732 Events
[2025-11-20 03:01:43.126] [main] [info] input_file 1: root://cms-xrd-global.cern.ch//store/mc/Run3Summer22EENanoAODv12/DYto2Mu-2Jets_MLL-105To160_TuneCP5_13p6TeV_amcatnloFXFX-pythia8/NANOAODSIM/130X_mcRun3_2022_realistic_postEE_v6-v2/2820000/01458fc5-568c-4605-a186-cb886c6135cc.root - SumOfGenWeight: 103845.98419999999 
[2025-11-20 03:01:43.126] [main] [info] Output directory: /eos/user/j/jiahua/MC_2022EE_inc/MC_2022EE_vbf/DYto2Mu-2Jets_MLL-105To160_amcatnloFXFX_22EE/01458fc5-568c-4605-a186-cb886c6135cc.root
[2025-11-20 03:01:43.126] [main] [info] Starting Setup of Dataframe with 732 events
[2025-11-20 03:02:33.312] [main] [info] Finished Setup
[2025-11-20 03:02:33.312] [main] [info] Runtime for setup (real time: 50.19, CPU time: 46.79)
[2025-11-20 03:02:33.312] [main] [info] Starting Evaluation
[2025-11-20 03:02:44.096] [main] [info] vbfhmm:
GoodJetsCollection: pass=339        all=732        -- eff=46.31 % cumulative eff=46.31 %
Flag_goodVertices: pass=339        all=339        -- eff=100.00 % cumulative eff=46.31 %
Flag_globalSuperTightHalo2016Filter: pass=339        all=339        -- eff=100.00 % cumulative eff=46.31 %
Flag_EcalDeadCellTriggerPrimitiveFilter: pass=339        all=339        -- eff=100.00 % cumulative eff=46.31 %
Flag_BadPFMuonFilter: pass=339        all=339        -- eff=100.00 % cumulative eff=46.31 %
Flag_BadPFMuonDzFilter: pass=339        all=339        -- eff=100.00 % cumulative eff=46.31 %
Flag_eeBadScFilter: pass=339        all=339        -- eff=100.00 % cumulative eff=46.31 %
Flag_ecalBadCalibFilter: pass=339        all=339        -- eff=100.00 % cumulative eff=46.31 %
Flag_hfNoisyHitsFilter: pass=339        all=339        -- eff=100.00 % cumulative eff=46.31 %
Number of muons 2: pass=93         all=339        -- eff=27.43 % cumulative eff=12.70 %
Veto VH <= 0 electrons: pass=93         all=93         -- eff=100.00 % cumulative eff=12.70 %
DiMuon From Higgs: pass=88         all=93         -- eff=94.62 % cumulative eff=12.02 %
LeptonChargeSum: pass=88         all=88         -- eff=100.00 % cumulative eff=12.02 %
Hmass>=110: pass=84         all=88         -- eff=95.45 % cumulative eff=11.48 %
[2025-11-20 03:02:44.183] [main] [info] Writing quantities map to /eos/user/j/jiahua/MC_2022EE_inc/MC_2022EE_vbf/DYto2Mu-2Jets_MLL-105To160_amcatnloFXFX_22EE/01458fc5-568c-4605-a186-cb886c6135cc_vbfhmm.root
[2025-11-20 03:02:44.241] [main] [info] Finished Evaluation
[2025-11-20 03:02:44.241] [main] [info] Overall runtime (real time: 61.12, CPU time: 56.62)
