000 (13047727.009.000) 11/20 09:15:26 Job submitted from host: <188.185.121.235:9618?addrs=188.185.121.235-9618+[2001-1458-d00-49--100-36e]-9618&alias=bigbird22.cern.ch&noUDP&sock=schedd_232129_c3ca>
...
040 (13047727.009.000) 11/20 09:23:47 Started transferring input files
	Transferring to host: <188.185.195.34:9618?addrs=188.185.195.34-9618+[2001-1458-303-22--100-1e]-9618&alias=b9p17p4257.cern.ch&noUDP&sock=slot1_8_68100_5c4a_35173>
...
040 (13047727.009.000) 11/20 09:23:47 Finished transferring input files
...
001 (13047727.009.000) 11/20 09:23:48 Job executing on host: <188.185.195.34:9618?addrs=188.185.195.34-9618+[2001-1458-303-22--100-1e]-9618&alias=b9p17p4257.cern.ch&noUDP&sock=startd_4191_4181>
	SlotName: slot1_8@b9p17p4257.cern.ch
	CondorScratchDir = "/pool/condor/dir_2375745"
	Cpus = 1
	Disk = 16159
	GPUs = 0
	Memory = 3000
...
006 (13047727.009.000) 11/20 09:24:02 Image size of job updated: 93792
	92  -  MemoryUsage of job (MB)
	93792  -  ResidentSetSize of job (KB)
...
006 (13047727.009.000) 11/20 09:29:03 Image size of job updated: 724484
	708  -  MemoryUsage of job (MB)
	724484  -  ResidentSetSize of job (KB)
...
006 (13047727.009.000) 11/20 09:34:04 Image size of job updated: 756844
	740  -  MemoryUsage of job (MB)
	756844  -  ResidentSetSize of job (KB)
...
006 (13047727.009.000) 11/20 09:39:04 Image size of job updated: 801572
	740  -  MemoryUsage of job (MB)
	756844  -  ResidentSetSize of job (KB)
...
040 (13047727.009.000) 11/20 09:39:04 Started transferring output files
...
040 (13047727.009.000) 11/20 09:39:04 Finished transferring output files
...
005 (13047727.009.000) 11/20 09:39:04 Job terminated.
	(1) Normal termination (return value 0)
		Usr 0 00:14:22, Sys 0 00:00:12  -  Run Remote Usage
		Usr 0 00:00:00, Sys 0 00:00:00  -  Run Local Usage
		Usr 0 00:14:22, Sys 0 00:00:12  -  Total Remote Usage
		Usr 0 00:00:00, Sys 0 00:00:00  -  Total Local Usage
	12801  -  Run Bytes Sent By Job
	11510364  -  Run Bytes Received By Job
	12801  -  Total Bytes Sent By Job
	11510364  -  Total Bytes Received By Job
	Partitionable Resources :    Usage  Request Allocated 
	   Cpus                 :     0.89        1         1 
	   Disk (KB)            : 11277       12500     16159 
	   GPUs                 :                           0 
	   Memory (MB)          :   740        3000      3000 
	   TimeExecute (s)      :   916                       
	   TimeSlotBusy (s)     :   918                       

	Job terminated of its own accord at 2025-11-20T08:39:04Z with exit-code 0.
...
