Starting job on \n
Running on: Linux b9p29p8988.cern.ch 5.14.0-570.44.1.el9_6.x86_64 #1 SMP PREEMPT_DYNAMIC Tue Sep 9 05:17:30 EDT 2025 x86_64 x86_64 x86_64 GNU/Linux\n
System software: Red Hat Enterprise Linux release 9.7 (Plow)\n
Setting up CROWN for RedHatEnterprise Version 9.7
subject   : /DC=ch/DC=cern/OU=Organic Units/OU=Users/CN=jiahua/CN=851532/CN=Jiahua Chen/CN=2045128514
issuer    : /DC=ch/DC=cern/OU=Organic Units/OU=Users/CN=jiahua/CN=851532/CN=Jiahua Chen
identity  : /DC=ch/DC=cern/OU=Organic Units/OU=Users/CN=jiahua/CN=851532/CN=Jiahua Chen
type      : RFC compliant proxy
strength  : 2048 bits
path      : /afs/cern.ch/user/j/jiahua/proxy/x509up_u139833
timeleft  : 193:24:14
key usage : Digital Signature, Key Encipherment
=== VO cms extension information ===
VO        : cms
subject   : /DC=ch/DC=cern/OU=Organic Units/OU=Users/CN=jiahua/CN=851532/CN=Jiahua Chen
issuer    : /DC=ch/DC=cern/OU=computers/CN=cms-auth.cern.ch
attribute : /cms/Role=NULL/Capability=NULL
timeleft  : 185:24:13
uri       : voms-cms-auth.cern.ch:15000
subject   : /DC=ch/DC=cern/OU=Organic Units/OU=Users/CN=jiahua/CN=851532/CN=Jiahua Chen/CN=2045128514
issuer    : /DC=ch/DC=cern/OU=Organic Units/OU=Users/CN=jiahua/CN=851532/CN=Jiahua Chen
identity  : /DC=ch/DC=cern/OU=Organic Units/OU=Users/CN=jiahua/CN=851532/CN=Jiahua Chen
type      : RFC compliant proxy
strength  : 2048 bits
path      : /afs/cern.ch/user/j/jiahua/proxy/x509up_u139833
timeleft  : 193:24:14
key usage : Digital Signature, Key Encipherment
=== VO cms extension information ===
VO        : cms
subject   : /DC=ch/DC=cern/OU=Organic Units/OU=Users/CN=jiahua/CN=851532/CN=Jiahua Chen
issuer    : /DC=ch/DC=cern/OU=computers/CN=cms-auth.cern.ch
attribute : /cms/Role=NULL/Capability=NULL
timeleft  : 185:24:13
uri       : voms-cms-auth.cern.ch:15000
/eos/user/j/jiahua/MC_2022EE_inc/MC_2022EE_vbf/DYto2Mu-2Jets_MLL-105To160_amcatnloFXFX_22EE/dd73c6a9-14f6-46f3-8285-3ab7b206525d.root
[2025-11-20 09:24:29.638] [main] [info] Checking input files
[2025-11-20 09:24:34.867] [main] [info] NanoAOD input_file 1: root://cms-xrd-global.cern.ch//store/mc/Run3Summer22EENanoAODv12/DYto2Mu-2Jets_MLL-105To160_TuneCP5_13p6TeV_amcatnloFXFX-pythia8/NANOAODSIM/130X_mcRun3_2022_realistic_postEE_v6-v2/2830000/dd73c6a9-14f6-46f3-8285-3ab7b206525d.root - 2840 Events
[2025-11-20 09:24:34.867] [main] [info] input_file 1: root://cms-xrd-global.cern.ch//store/mc/Run3Summer22EENanoAODv12/DYto2Mu-2Jets_MLL-105To160_TuneCP5_13p6TeV_amcatnloFXFX-pythia8/NANOAODSIM/130X_mcRun3_2022_realistic_postEE_v6-v2/2830000/dd73c6a9-14f6-46f3-8285-3ab7b206525d.root - SumOfGenWeight: 390376.12836 
[2025-11-20 09:24:34.867] [main] [info] Output directory: /eos/user/j/jiahua/MC_2022EE_inc/MC_2022EE_vbf/DYto2Mu-2Jets_MLL-105To160_amcatnloFXFX_22EE/dd73c6a9-14f6-46f3-8285-3ab7b206525d.root
[2025-11-20 09:24:34.868] [main] [info] Starting Setup of Dataframe with 2840 events
[2025-11-20 09:25:51.228] [main] [info] Finished Setup
[2025-11-20 09:25:51.228] [main] [info] Runtime for setup (real time: 76.36, CPU time: 71.25)
[2025-11-20 09:25:51.228] [main] [info] Starting Evaluation
[2025-11-20 09:26:11.506] [main] [info] vbfhmm:
GoodJetsCollection: pass=1447       all=2840       -- eff=50.95 % cumulative eff=50.95 %
Flag_goodVertices: pass=1447       all=1447       -- eff=100.00 % cumulative eff=50.95 %
Flag_globalSuperTightHalo2016Filter: pass=1447       all=1447       -- eff=100.00 % cumulative eff=50.95 %
Flag_EcalDeadCellTriggerPrimitiveFilter: pass=1447       all=1447       -- eff=100.00 % cumulative eff=50.95 %
Flag_BadPFMuonFilter: pass=1447       all=1447       -- eff=100.00 % cumulative eff=50.95 %
Flag_BadPFMuonDzFilter: pass=1447       all=1447       -- eff=100.00 % cumulative eff=50.95 %
Flag_eeBadScFilter: pass=1447       all=1447       -- eff=100.00 % cumulative eff=50.95 %
Flag_ecalBadCalibFilter: pass=1447       all=1447       -- eff=100.00 % cumulative eff=50.95 %
Flag_hfNoisyHitsFilter: pass=1447       all=1447       -- eff=100.00 % cumulative eff=50.95 %
Number of muons 2: pass=568        all=1447       -- eff=39.25 % cumulative eff=20.00 %
Veto VH <= 0 electrons: pass=567        all=568        -- eff=99.82 % cumulative eff=19.96 %
DiMuon From Higgs: pass=539        all=567        -- eff=95.06 % cumulative eff=18.98 %
LeptonChargeSum: pass=539        all=539        -- eff=100.00 % cumulative eff=18.98 %
Hmass>=110: pass=523        all=539        -- eff=97.03 % cumulative eff=18.42 %
[2025-11-20 09:26:11.677] [main] [info] Writing quantities map to /eos/user/j/jiahua/MC_2022EE_inc/MC_2022EE_vbf/DYto2Mu-2Jets_MLL-105To160_amcatnloFXFX_22EE/dd73c6a9-14f6-46f3-8285-3ab7b206525d_vbfhmm.root
[2025-11-20 09:26:11.825] [main] [info] Finished Evaluation
[2025-11-20 09:26:11.826] [main] [info] Overall runtime (real time: 96.96, CPU time: 89.89)
