000 (13047727.074.000) 11/20 09:15:26 Job submitted from host: <188.185.121.235:9618?addrs=188.185.121.235-9618+[2001-1458-d00-49--100-36e]-9618&alias=bigbird22.cern.ch&noUDP&sock=schedd_232129_c3ca>
...
040 (13047727.074.000) 11/20 09:24:07 Started transferring input files
	Transferring to host: <188.185.192.182:9618?addrs=188.185.192.182-9618+[2001-1458-303-1f--100-b2]-9618&alias=b9p13p5992.cern.ch&noUDP&sock=slot1_31_6780_df8d_62615>
...
040 (13047727.074.000) 11/20 09:24:07 Finished transferring input files
...
001 (13047727.074.000) 11/20 09:24:08 Job executing on host: <188.185.192.182:9618?addrs=188.185.192.182-9618+[2001-1458-303-1f--100-b2]-9618&alias=b9p13p5992.cern.ch&noUDP&sock=startd_5390_ab8f>
	SlotName: slot1_31@b9p13p5992.cern.ch
	CondorScratchDir = "/pool/condor/dir_2301778"
	Cpus = 1
	Disk = 16126
	GPUs = 0
	Memory = 3000
...
006 (13047727.074.000) 11/20 09:24:22 Image size of job updated: 151312
	148  -  MemoryUsage of job (MB)
	151312  -  ResidentSetSize of job (KB)
...
006 (13047727.074.000) 11/20 09:26:59 Image size of job updated: 691876
	148  -  MemoryUsage of job (MB)
	151312  -  ResidentSetSize of job (KB)
...
040 (13047727.074.000) 11/20 09:26:59 Started transferring output files
...
040 (13047727.074.000) 11/20 09:26:59 Finished transferring output files
...
005 (13047727.074.000) 11/20 09:26:59 Job terminated.
	(1) Normal termination (return value 0)
		Usr 0 00:02:34, Sys 0 00:00:02  -  Run Remote Usage
		Usr 0 00:00:00, Sys 0 00:00:00  -  Run Local Usage
		Usr 0 00:02:34, Sys 0 00:00:02  -  Total Remote Usage
		Usr 0 00:00:00, Sys 0 00:00:00  -  Total Local Usage
	9851  -  Run Bytes Sent By Job
	11510364  -  Run Bytes Received By Job
	9851  -  Total Bytes Sent By Job
	11510364  -  Total Bytes Received By Job
	Partitionable Resources :    Usage  Request Allocated 
	   Cpus                 :        0        1         1 
	   Disk (KB)            :    11274    12500     16126 
	   GPUs                 :                           0 
	   Memory (MB)          :      148     3000      3000 
	   TimeExecute (s)      :      171                    
	   TimeSlotBusy (s)     :      172                    

	Job terminated of its own accord at 2025-11-20T08:26:59Z with exit-code 0.
...
