Starting job on \n
Running on: Linux b9p27p7000.cern.ch 5.14.0-570.44.1.el9_6.x86_64 #1 SMP PREEMPT_DYNAMIC Tue Sep 9 05:17:30 EDT 2025 x86_64 x86_64 x86_64 GNU/Linux\n
System software: Red Hat Enterprise Linux release 9.6 (Plow)\n
Setting up CROWN for RedHatEnterprise Version 9.6
subject   : /DC=ch/DC=cern/OU=Organic Units/OU=Users/CN=jiahua/CN=851532/CN=Jiahua Chen/CN=2045128514
issuer    : /DC=ch/DC=cern/OU=Organic Units/OU=Users/CN=jiahua/CN=851532/CN=Jiahua Chen
identity  : /DC=ch/DC=cern/OU=Organic Units/OU=Users/CN=jiahua/CN=851532/CN=Jiahua Chen
type      : RFC compliant proxy
strength  : 2048 bits
path      : /afs/cern.ch/user/j/jiahua/proxy/x509up_u139833
timeleft  : 199:47:31
key usage : Digital Signature, Key Encipherment
=== VO cms extension information ===
VO        : cms
subject   : /DC=ch/DC=cern/OU=Organic Units/OU=Users/CN=jiahua/CN=851532/CN=Jiahua Chen
issuer    : /DC=ch/DC=cern/OU=computers/CN=cms-auth.cern.ch
attribute : /cms/Role=NULL/Capability=NULL
timeleft  : 191:47:30
uri       : voms-cms-auth.cern.ch:15000
subject   : /DC=ch/DC=cern/OU=Organic Units/OU=Users/CN=jiahua/CN=851532/CN=Jiahua Chen/CN=2045128514
issuer    : /DC=ch/DC=cern/OU=Organic Units/OU=Users/CN=jiahua/CN=851532/CN=Jiahua Chen
identity  : /DC=ch/DC=cern/OU=Organic Units/OU=Users/CN=jiahua/CN=851532/CN=Jiahua Chen
type      : RFC compliant proxy
strength  : 2048 bits
path      : /afs/cern.ch/user/j/jiahua/proxy/x509up_u139833
timeleft  : 199:47:31
key usage : Digital Signature, Key Encipherment
=== VO cms extension information ===
VO        : cms
subject   : /DC=ch/DC=cern/OU=Organic Units/OU=Users/CN=jiahua/CN=851532/CN=Jiahua Chen
issuer    : /DC=ch/DC=cern/OU=computers/CN=cms-auth.cern.ch
attribute : /cms/Role=NULL/Capability=NULL
timeleft  : 191:47:30
uri       : voms-cms-auth.cern.ch:15000
/eos/user/j/jiahua/MC_2022EE_inc/MC_2022EE_vbf/DYto2Mu-2Jets_MLL-105To160_amcatnloFXFX_22EE/1b1a859d-4c7c-4868-8c58-d999ff7ba973.root
[2025-11-20 03:01:12.579] [main] [info] Checking input files
[2025-11-20 03:01:16.930] [main] [info] NanoAOD input_file 1: root://cms-xrd-global.cern.ch//store/mc/Run3Summer22EENanoAODv12/DYto2Mu-2Jets_MLL-105To160_TuneCP5_13p6TeV_amcatnloFXFX-pythia8/NANOAODSIM/130X_mcRun3_2022_realistic_postEE_v6-v2/120000/1b1a859d-4c7c-4868-8c58-d999ff7ba973.root - 342952 Events
[2025-11-20 03:01:16.930] [main] [info] input_file 1: root://cms-xrd-global.cern.ch//store/mc/Run3Summer22EENanoAODv12/DYto2Mu-2Jets_MLL-105To160_TuneCP5_13p6TeV_amcatnloFXFX-pythia8/NANOAODSIM/130X_mcRun3_2022_realistic_postEE_v6-v2/120000/1b1a859d-4c7c-4868-8c58-d999ff7ba973.root - SumOfGenWeight: 46408982.26956002 
[2025-11-20 03:01:16.930] [main] [info] Output directory: /eos/user/j/jiahua/MC_2022EE_inc/MC_2022EE_vbf/DYto2Mu-2Jets_MLL-105To160_amcatnloFXFX_22EE/1b1a859d-4c7c-4868-8c58-d999ff7ba973.root
[2025-11-20 03:01:16.931] [main] [info] Starting Setup of Dataframe with 342952 events
[2025-11-20 03:02:31.219] [main] [info] Finished Setup
[2025-11-20 03:02:31.219] [main] [info] Runtime for setup (real time: 74.29, CPU time: 69.52)
[2025-11-20 03:02:31.219] [main] [info] Starting Evaluation
[2025-11-20 03:02:58.191] [main] [info] 10000 / 342952 (2.92 %) Events processed ...
[2025-11-20 03:03:11.333] [main] [info] 20000 / 342952 (5.83 %) Events processed ...
[2025-11-20 03:03:25.014] [main] [info] 30000 / 342952 (8.75 %) Events processed ...
[2025-11-20 03:03:38.511] [main] [info] 40000 / 342952 (11.66 %) Events processed ...
[2025-11-20 03:03:53.711] [main] [info] 50000 / 342952 (14.58 %) Events processed ...
[2025-11-20 03:04:05.336] [main] [info] 60000 / 342952 (17.50 %) Events processed ...
[2025-11-20 03:04:18.978] [main] [info] 70000 / 342952 (20.41 %) Events processed ...
[2025-11-20 03:04:32.978] [main] [info] 80000 / 342952 (23.33 %) Events processed ...
[2025-11-20 03:04:47.244] [main] [info] 90000 / 342952 (26.24 %) Events processed ...
[2025-11-20 03:04:59.411] [main] [info] 100000 / 342952 (29.16 %) Events processed ...
[2025-11-20 03:05:13.178] [main] [info] 110000 / 342952 (32.07 %) Events processed ...
[2025-11-20 03:05:26.550] [main] [info] 120000 / 342952 (34.99 %) Events processed ...
[2025-11-20 03:05:38.466] [main] [info] 130000 / 342952 (37.91 %) Events processed ...
[2025-11-20 03:05:54.460] [main] [info] 140000 / 342952 (40.82 %) Events processed ...
[2025-11-20 03:06:09.823] [main] [info] 150000 / 342952 (43.74 %) Events processed ...
[2025-11-20 03:06:25.807] [main] [info] 160000 / 342952 (46.65 %) Events processed ...
[2025-11-20 03:06:38.759] [main] [info] 170000 / 342952 (49.57 %) Events processed ...
[2025-11-20 03:06:50.554] [main] [info] 180000 / 342952 (52.49 %) Events processed ...
[2025-11-20 03:07:02.536] [main] [info] 190000 / 342952 (55.40 %) Events processed ...
[2025-11-20 03:07:13.606] [main] [info] 200000 / 342952 (58.32 %) Events processed ...
[2025-11-20 03:07:25.759] [main] [info] 210000 / 342952 (61.23 %) Events processed ...
[2025-11-20 03:07:42.451] [main] [info] 220000 / 342952 (64.15 %) Events processed ...
[2025-11-20 03:07:54.457] [main] [info] 230000 / 342952 (67.06 %) Events processed ...
[2025-11-20 03:08:10.367] [main] [info] 240000 / 342952 (69.98 %) Events processed ...
[2025-11-20 03:08:25.961] [main] [info] 250000 / 342952 (72.90 %) Events processed ...
[2025-11-20 03:08:42.441] [main] [info] 260000 / 342952 (75.81 %) Events processed ...
[2025-11-20 03:09:01.108] [main] [info] 270000 / 342952 (78.73 %) Events processed ...
[2025-11-20 03:09:15.949] [main] [info] 280000 / 342952 (81.64 %) Events processed ...
[2025-11-20 03:09:26.918] [main] [info] 290000 / 342952 (84.56 %) Events processed ...
[2025-11-20 03:09:44.153] [main] [info] 300000 / 342952 (87.48 %) Events processed ...
[2025-11-20 03:09:57.584] [main] [info] 310000 / 342952 (90.39 %) Events processed ...
[2025-11-20 03:10:09.687] [main] [info] 320000 / 342952 (93.31 %) Events processed ...
[2025-11-20 03:10:24.516] [main] [info] 330000 / 342952 (96.22 %) Events processed ...
[2025-11-20 03:10:37.298] [main] [info] 340000 / 342952 (99.14 %) Events processed ...
[2025-11-20 03:10:41.739] [main] [info] vbfhmm:
GoodJetsCollection: pass=175911     all=342952     -- eff=51.29 % cumulative eff=51.29 %
Flag_goodVertices: pass=175911     all=175911     -- eff=100.00 % cumulative eff=51.29 %
Flag_globalSuperTightHalo2016Filter: pass=175893     all=175911     -- eff=99.99 % cumulative eff=51.29 %
Flag_EcalDeadCellTriggerPrimitiveFilter: pass=175891     all=175893     -- eff=100.00 % cumulative eff=51.29 %
Flag_BadPFMuonFilter: pass=175868     all=175891     -- eff=99.99 % cumulative eff=51.28 %
Flag_BadPFMuonDzFilter: pass=175859     all=175868     -- eff=99.99 % cumulative eff=51.28 %
Flag_eeBadScFilter: pass=175859     all=175859     -- eff=100.00 % cumulative eff=51.28 %
Flag_ecalBadCalibFilter: pass=175855     all=175859     -- eff=100.00 % cumulative eff=51.28 %
Flag_hfNoisyHitsFilter: pass=175838     all=175855     -- eff=99.99 % cumulative eff=51.27 %
Number of muons 2: pass=68358      all=175838     -- eff=38.88 % cumulative eff=19.93 %
Veto VH <= 0 electrons: pass=68303      all=68358      -- eff=99.92 % cumulative eff=19.92 %
DiMuon From Higgs: pass=64805      all=68303      -- eff=94.88 % cumulative eff=18.90 %
LeptonChargeSum: pass=64794      all=64805      -- eff=99.98 % cumulative eff=18.89 %
Hmass>=110: pass=62802      all=64794      -- eff=96.93 % cumulative eff=18.31 %
[2025-11-20 03:10:41.889] [main] [info] Writing quantities map to /eos/user/j/jiahua/MC_2022EE_inc/MC_2022EE_vbf/DYto2Mu-2Jets_MLL-105To160_amcatnloFXFX_22EE/1b1a859d-4c7c-4868-8c58-d999ff7ba973_vbfhmm.root
[2025-11-20 03:10:42.552] [main] [info] Finished Evaluation
[2025-11-20 03:10:42.552] [main] [info] Overall runtime (real time: 565.62, CPU time: 541.32)
