Starting job on \n
Running on: Linux b9p23p8574.cern.ch 5.14.0-570.44.1.el9_6.x86_64 #1 SMP PREEMPT_DYNAMIC Tue Sep 9 05:17:30 EDT 2025 x86_64 x86_64 x86_64 GNU/Linux\n
System software: Red Hat Enterprise Linux release 9.7 (Plow)\n
Setting up CROWN for RedHatEnterprise Version 9.7
subject   : /DC=ch/DC=cern/OU=Organic Units/OU=Users/CN=jiahua/CN=851532/CN=Jiahua Chen/CN=2045128514
issuer    : /DC=ch/DC=cern/OU=Organic Units/OU=Users/CN=jiahua/CN=851532/CN=Jiahua Chen
identity  : /DC=ch/DC=cern/OU=Organic Units/OU=Users/CN=jiahua/CN=851532/CN=Jiahua Chen
type      : RFC compliant proxy
strength  : 2048 bits
path      : /afs/cern.ch/user/j/jiahua/proxy/x509up_u139833
timeleft  : 193:24:09
key usage : Digital Signature, Key Encipherment
=== VO cms extension information ===
VO        : cms
subject   : /DC=ch/DC=cern/OU=Organic Units/OU=Users/CN=jiahua/CN=851532/CN=Jiahua Chen
issuer    : /DC=ch/DC=cern/OU=computers/CN=cms-auth.cern.ch
attribute : /cms/Role=NULL/Capability=NULL
timeleft  : 185:24:08
uri       : voms-cms-auth.cern.ch:15000
subject   : /DC=ch/DC=cern/OU=Organic Units/OU=Users/CN=jiahua/CN=851532/CN=Jiahua Chen/CN=2045128514
issuer    : /DC=ch/DC=cern/OU=Organic Units/OU=Users/CN=jiahua/CN=851532/CN=Jiahua Chen
identity  : /DC=ch/DC=cern/OU=Organic Units/OU=Users/CN=jiahua/CN=851532/CN=Jiahua Chen
type      : RFC compliant proxy
strength  : 2048 bits
path      : /afs/cern.ch/user/j/jiahua/proxy/x509up_u139833
timeleft  : 193:24:09
key usage : Digital Signature, Key Encipherment
=== VO cms extension information ===
VO        : cms
subject   : /DC=ch/DC=cern/OU=Organic Units/OU=Users/CN=jiahua/CN=851532/CN=Jiahua Chen
issuer    : /DC=ch/DC=cern/OU=computers/CN=cms-auth.cern.ch
attribute : /cms/Role=NULL/Capability=NULL
timeleft  : 185:24:08
uri       : voms-cms-auth.cern.ch:15000
/eos/user/j/jiahua/MC_2022EE_inc/MC_2022EE_vbf/DYto2Mu-2Jets_MLL-105To160_amcatnloFXFX_22EE/94ebaaf2-7b24-4b60-b103-bbb317409787.root
[2025-11-20 09:24:34.830] [main] [info] Checking input files
[2025-11-20 09:24:47.696] [main] [info] NanoAOD input_file 1: root://cms-xrd-global.cern.ch//store/mc/Run3Summer22EENanoAODv12/DYto2Mu-2Jets_MLL-105To160_TuneCP5_13p6TeV_amcatnloFXFX-pythia8/NANOAODSIM/130X_mcRun3_2022_realistic_postEE_v6-v2/2820000/94ebaaf2-7b24-4b60-b103-bbb317409787.root - 176815 Events
[2025-11-20 09:24:47.696] [main] [info] input_file 1: root://cms-xrd-global.cern.ch//store/mc/Run3Summer22EENanoAODv12/DYto2Mu-2Jets_MLL-105To160_TuneCP5_13p6TeV_amcatnloFXFX-pythia8/NANOAODSIM/130X_mcRun3_2022_realistic_postEE_v6-v2/2820000/94ebaaf2-7b24-4b60-b103-bbb317409787.root - SumOfGenWeight: 23929717.579540003 
[2025-11-20 09:24:47.696] [main] [info] Output directory: /eos/user/j/jiahua/MC_2022EE_inc/MC_2022EE_vbf/DYto2Mu-2Jets_MLL-105To160_amcatnloFXFX_22EE/94ebaaf2-7b24-4b60-b103-bbb317409787.root
[2025-11-20 09:24:47.697] [main] [info] Starting Setup of Dataframe with 176815 events
[2025-11-20 09:26:26.249] [main] [info] Finished Setup
[2025-11-20 09:26:26.249] [main] [info] Runtime for setup (real time: 98.55, CPU time: 92.10)
[2025-11-20 09:26:26.249] [main] [info] Starting Evaluation
[2025-11-20 09:27:03.999] [main] [info] 10000 / 176815 (5.66 %) Events processed ...
[2025-11-20 09:27:23.371] [main] [info] 20000 / 176815 (11.31 %) Events processed ...
[2025-11-20 09:27:44.442] [main] [info] 30000 / 176815 (16.97 %) Events processed ...
[2025-11-20 09:28:05.091] [main] [info] 40000 / 176815 (22.62 %) Events processed ...
[2025-11-20 09:28:28.057] [main] [info] 50000 / 176815 (28.28 %) Events processed ...
[2025-11-20 09:28:48.941] [main] [info] 60000 / 176815 (33.93 %) Events processed ...
[2025-11-20 09:29:07.634] [main] [info] 70000 / 176815 (39.59 %) Events processed ...
[2025-11-20 09:29:24.358] [main] [info] 80000 / 176815 (45.25 %) Events processed ...
[2025-11-20 09:29:42.534] [main] [info] 90000 / 176815 (50.90 %) Events processed ...
[2025-11-20 09:29:59.911] [main] [info] 100000 / 176815 (56.56 %) Events processed ...
[2025-11-20 09:30:18.930] [main] [info] 110000 / 176815 (62.21 %) Events processed ...
[2025-11-20 09:30:39.705] [main] [info] 120000 / 176815 (67.87 %) Events processed ...
[2025-11-20 09:30:55.493] [main] [info] 130000 / 176815 (73.52 %) Events processed ...
[2025-11-20 09:31:14.923] [main] [info] 140000 / 176815 (79.18 %) Events processed ...
[2025-11-20 09:31:32.724] [main] [info] 150000 / 176815 (84.83 %) Events processed ...
[2025-11-20 09:31:50.106] [main] [info] 160000 / 176815 (90.49 %) Events processed ...
[2025-11-20 09:32:05.488] [main] [info] 170000 / 176815 (96.15 %) Events processed ...
[2025-11-20 09:32:16.342] [main] [info] vbfhmm:
GoodJetsCollection: pass=90413      all=176815     -- eff=51.13 % cumulative eff=51.13 %
Flag_goodVertices: pass=90413      all=90413      -- eff=100.00 % cumulative eff=51.13 %
Flag_globalSuperTightHalo2016Filter: pass=90398      all=90413      -- eff=99.98 % cumulative eff=51.13 %
Flag_EcalDeadCellTriggerPrimitiveFilter: pass=90398      all=90398      -- eff=100.00 % cumulative eff=51.13 %
Flag_BadPFMuonFilter: pass=90391      all=90398      -- eff=99.99 % cumulative eff=51.12 %
Flag_BadPFMuonDzFilter: pass=90386      all=90391      -- eff=99.99 % cumulative eff=51.12 %
Flag_eeBadScFilter: pass=90386      all=90386      -- eff=100.00 % cumulative eff=51.12 %
Flag_ecalBadCalibFilter: pass=90384      all=90386      -- eff=100.00 % cumulative eff=51.12 %
Flag_hfNoisyHitsFilter: pass=90377      all=90384      -- eff=99.99 % cumulative eff=51.11 %
Number of muons 2: pass=34813      all=90377      -- eff=38.52 % cumulative eff=19.69 %
Veto VH <= 0 electrons: pass=34789      all=34813      -- eff=99.93 % cumulative eff=19.68 %
DiMuon From Higgs: pass=32967      all=34789      -- eff=94.76 % cumulative eff=18.64 %
LeptonChargeSum: pass=32962      all=32967      -- eff=99.98 % cumulative eff=18.64 %
Hmass>=110: pass=31959      all=32962      -- eff=96.96 % cumulative eff=18.07 %
[2025-11-20 09:32:16.476] [main] [info] Writing quantities map to /eos/user/j/jiahua/MC_2022EE_inc/MC_2022EE_vbf/DYto2Mu-2Jets_MLL-105To160_amcatnloFXFX_22EE/94ebaaf2-7b24-4b60-b103-bbb317409787_vbfhmm.root
[2025-11-20 09:32:16.967] [main] [info] Finished Evaluation
[2025-11-20 09:32:16.967] [main] [info] Overall runtime (real time: 449.27, CPU time: 419.67)
