000 (13047727.118.000) 11/20 09:15:26 Job submitted from host: <188.185.121.235:9618?addrs=188.185.121.235-9618+[2001-1458-d00-49--100-36e]-9618&alias=bigbird22.cern.ch&noUDP&sock=schedd_232129_c3ca>
...
040 (13047727.118.000) 11/20 09:24:22 Started transferring input files
	Transferring to host: <188.185.195.24:9618?addrs=188.185.195.24-9618+[2001-1458-303-22--100-14]-9618&alias=b9p17p3186.cern.ch&noUDP&sock=slot1_39_5763_4e03_57179>
...
040 (13047727.118.000) 11/20 09:24:22 Finished transferring input files
...
001 (13047727.118.000) 11/20 09:24:23 Job executing on host: <188.185.195.24:9618?addrs=188.185.195.24-9618+[2001-1458-303-22--100-14]-9618&alias=b9p17p3186.cern.ch&noUDP&sock=startd_4664_b1cd>
	SlotName: slot1_39@b9p17p3186.cern.ch
	CondorScratchDir = "/pool/condor/dir_596784"
	Cpus = 1
	Disk = 16313
	GPUs = 0
	Memory = 3000
...
006 (13047727.118.000) 11/20 09:24:36 Image size of job updated: 95772
	94  -  MemoryUsage of job (MB)
	95772  -  ResidentSetSize of job (KB)
...
006 (13047727.118.000) 11/20 09:26:42 Image size of job updated: 676176
	94  -  MemoryUsage of job (MB)
	95772  -  ResidentSetSize of job (KB)
...
040 (13047727.118.000) 11/20 09:26:42 Started transferring output files
...
040 (13047727.118.000) 11/20 09:26:43 Finished transferring output files
...
005 (13047727.118.000) 11/20 09:26:43 Job terminated.
	(1) Normal termination (return value 0)
		Usr 0 00:02:02, Sys 0 00:00:02  -  Run Remote Usage
		Usr 0 00:00:00, Sys 0 00:00:00  -  Run Local Usage
		Usr 0 00:02:02, Sys 0 00:00:02  -  Total Remote Usage
		Usr 0 00:00:00, Sys 0 00:00:00  -  Total Local Usage
	9851  -  Run Bytes Sent By Job
	11510364  -  Run Bytes Received By Job
	9851  -  Total Bytes Sent By Job
	11510364  -  Total Bytes Received By Job
	Partitionable Resources :    Usage  Request Allocated 
	   Cpus                 :        0        1         1 
	   Disk (KB)            :    11274    12500     16313 
	   GPUs                 :                           0 
	   Memory (MB)          :       94     3000      3000 
	   TimeExecute (s)      :      139                    
	   TimeSlotBusy (s)     :      141                    

	Job terminated of its own accord at 2025-11-20T08:26:42Z with exit-code 0.
...
