Starting job on \n
Running on: Linux b9g24p9845.cern.ch 5.14.0-570.42.2.el9_6.x86_64 #1 SMP PREEMPT_DYNAMIC Mon Sep 8 12:15:13 EDT 2025 x86_64 x86_64 x86_64 GNU/Linux\n
System software: Red Hat Enterprise Linux release 9.7 (Plow)\n
Setting up CROWN for RedHatEnterprise Version 9.7
subject   : /DC=ch/DC=cern/OU=Organic Units/OU=Users/CN=jiahua/CN=851532/CN=Jiahua Chen/CN=2045128514
issuer    : /DC=ch/DC=cern/OU=Organic Units/OU=Users/CN=jiahua/CN=851532/CN=Jiahua Chen
identity  : /DC=ch/DC=cern/OU=Organic Units/OU=Users/CN=jiahua/CN=851532/CN=Jiahua Chen
type      : RFC compliant proxy
strength  : 2048 bits
path      : /afs/cern.ch/user/j/jiahua/proxy/x509up_u139833
timeleft  : 199:46:52
key usage : Digital Signature, Key Encipherment
=== VO cms extension information ===
VO        : cms
subject   : /DC=ch/DC=cern/OU=Organic Units/OU=Users/CN=jiahua/CN=851532/CN=Jiahua Chen
issuer    : /DC=ch/DC=cern/OU=computers/CN=cms-auth.cern.ch
attribute : /cms/Role=NULL/Capability=NULL
timeleft  : 191:46:51
uri       : voms-cms-auth.cern.ch:15000
subject   : /DC=ch/DC=cern/OU=Organic Units/OU=Users/CN=jiahua/CN=851532/CN=Jiahua Chen/CN=2045128514
issuer    : /DC=ch/DC=cern/OU=Organic Units/OU=Users/CN=jiahua/CN=851532/CN=Jiahua Chen
identity  : /DC=ch/DC=cern/OU=Organic Units/OU=Users/CN=jiahua/CN=851532/CN=Jiahua Chen
type      : RFC compliant proxy
strength  : 2048 bits
path      : /afs/cern.ch/user/j/jiahua/proxy/x509up_u139833
timeleft  : 199:46:52
key usage : Digital Signature, Key Encipherment
=== VO cms extension information ===
VO        : cms
subject   : /DC=ch/DC=cern/OU=Organic Units/OU=Users/CN=jiahua/CN=851532/CN=Jiahua Chen
issuer    : /DC=ch/DC=cern/OU=computers/CN=cms-auth.cern.ch
attribute : /cms/Role=NULL/Capability=NULL
timeleft  : 191:46:51
uri       : voms-cms-auth.cern.ch:15000
/eos/user/j/jiahua/MC_2022EE_inc/MC_2022EE_vbf/DYto2Mu-2Jets_MLL-105To160_amcatnloFXFX_22EE/7a20c179-2e27-49df-8f8c-9ffbed738a7f.root
[2025-11-20 03:01:51.613] [main] [info] Checking input files
[2025-11-20 03:01:56.163] [main] [info] NanoAOD input_file 1: root://cms-xrd-global.cern.ch//store/mc/Run3Summer22EENanoAODv12/DYto2Mu-2Jets_MLL-105To160_TuneCP5_13p6TeV_amcatnloFXFX-pythia8/NANOAODSIM/130X_mcRun3_2022_realistic_postEE_v6-v2/2830000/7a20c179-2e27-49df-8f8c-9ffbed738a7f.root - 2208 Events
[2025-11-20 03:01:56.163] [main] [info] input_file 1: root://cms-xrd-global.cern.ch//store/mc/Run3Summer22EENanoAODv12/DYto2Mu-2Jets_MLL-105To160_TuneCP5_13p6TeV_amcatnloFXFX-pythia8/NANOAODSIM/130X_mcRun3_2022_realistic_postEE_v6-v2/2830000/7a20c179-2e27-49df-8f8c-9ffbed738a7f.root - SumOfGenWeight: 297126.67316 
[2025-11-20 03:01:56.163] [main] [info] Output directory: /eos/user/j/jiahua/MC_2022EE_inc/MC_2022EE_vbf/DYto2Mu-2Jets_MLL-105To160_amcatnloFXFX_22EE/7a20c179-2e27-49df-8f8c-9ffbed738a7f.root
[2025-11-20 03:01:56.164] [main] [info] Starting Setup of Dataframe with 2208 events
[2025-11-20 03:03:12.437] [main] [info] Finished Setup
[2025-11-20 03:03:12.437] [main] [info] Runtime for setup (real time: 76.27, CPU time: 72.00)
[2025-11-20 03:03:12.437] [main] [info] Starting Evaluation
[2025-11-20 03:03:30.861] [main] [info] vbfhmm:
GoodJetsCollection: pass=1102       all=2208       -- eff=49.91 % cumulative eff=49.91 %
Flag_goodVertices: pass=1102       all=1102       -- eff=100.00 % cumulative eff=49.91 %
Flag_globalSuperTightHalo2016Filter: pass=1102       all=1102       -- eff=100.00 % cumulative eff=49.91 %
Flag_EcalDeadCellTriggerPrimitiveFilter: pass=1102       all=1102       -- eff=100.00 % cumulative eff=49.91 %
Flag_BadPFMuonFilter: pass=1102       all=1102       -- eff=100.00 % cumulative eff=49.91 %
Flag_BadPFMuonDzFilter: pass=1102       all=1102       -- eff=100.00 % cumulative eff=49.91 %
Flag_eeBadScFilter: pass=1102       all=1102       -- eff=100.00 % cumulative eff=49.91 %
Flag_ecalBadCalibFilter: pass=1102       all=1102       -- eff=100.00 % cumulative eff=49.91 %
Flag_hfNoisyHitsFilter: pass=1102       all=1102       -- eff=100.00 % cumulative eff=49.91 %
Number of muons 2: pass=418        all=1102       -- eff=37.93 % cumulative eff=18.93 %
Veto VH <= 0 electrons: pass=418        all=418        -- eff=100.00 % cumulative eff=18.93 %
DiMuon From Higgs: pass=405        all=418        -- eff=96.89 % cumulative eff=18.34 %
LeptonChargeSum: pass=405        all=405        -- eff=100.00 % cumulative eff=18.34 %
Hmass>=110: pass=398        all=405        -- eff=98.27 % cumulative eff=18.03 %
[2025-11-20 03:03:31.008] [main] [info] Writing quantities map to /eos/user/j/jiahua/MC_2022EE_inc/MC_2022EE_vbf/DYto2Mu-2Jets_MLL-105To160_amcatnloFXFX_22EE/7a20c179-2e27-49df-8f8c-9ffbed738a7f_vbfhmm.root
[2025-11-20 03:03:31.066] [main] [info] Finished Evaluation
[2025-11-20 03:03:31.066] [main] [info] Overall runtime (real time: 94.90, CPU time: 89.10)
