Starting job on \n
Running on: Linux b9p31p9012.cern.ch 5.14.0-570.44.1.el9_6.x86_64 #1 SMP PREEMPT_DYNAMIC Tue Sep 9 05:17:30 EDT 2025 x86_64 x86_64 x86_64 GNU/Linux\n
System software: Red Hat Enterprise Linux release 9.7 (Plow)\n
Setting up CROWN for RedHatEnterprise Version 9.7
subject   : /DC=ch/DC=cern/OU=Organic Units/OU=Users/CN=jiahua/CN=851532/CN=Jiahua Chen/CN=2045128514
issuer    : /DC=ch/DC=cern/OU=Organic Units/OU=Users/CN=jiahua/CN=851532/CN=Jiahua Chen
identity  : /DC=ch/DC=cern/OU=Organic Units/OU=Users/CN=jiahua/CN=851532/CN=Jiahua Chen
type      : RFC compliant proxy
strength  : 2048 bits
path      : /afs/cern.ch/user/j/jiahua/proxy/x509up_u139833
timeleft  : 193:24:11
key usage : Digital Signature, Key Encipherment
=== VO cms extension information ===
VO        : cms
subject   : /DC=ch/DC=cern/OU=Organic Units/OU=Users/CN=jiahua/CN=851532/CN=Jiahua Chen
issuer    : /DC=ch/DC=cern/OU=computers/CN=cms-auth.cern.ch
attribute : /cms/Role=NULL/Capability=NULL
timeleft  : 185:24:10
uri       : voms-cms-auth.cern.ch:15000
subject   : /DC=ch/DC=cern/OU=Organic Units/OU=Users/CN=jiahua/CN=851532/CN=Jiahua Chen/CN=2045128514
issuer    : /DC=ch/DC=cern/OU=Organic Units/OU=Users/CN=jiahua/CN=851532/CN=Jiahua Chen
identity  : /DC=ch/DC=cern/OU=Organic Units/OU=Users/CN=jiahua/CN=851532/CN=Jiahua Chen
type      : RFC compliant proxy
strength  : 2048 bits
path      : /afs/cern.ch/user/j/jiahua/proxy/x509up_u139833
timeleft  : 193:24:11
key usage : Digital Signature, Key Encipherment
=== VO cms extension information ===
VO        : cms
subject   : /DC=ch/DC=cern/OU=Organic Units/OU=Users/CN=jiahua/CN=851532/CN=Jiahua Chen
issuer    : /DC=ch/DC=cern/OU=computers/CN=cms-auth.cern.ch
attribute : /cms/Role=NULL/Capability=NULL
timeleft  : 185:24:10
uri       : voms-cms-auth.cern.ch:15000
/eos/user/j/jiahua/MC_2022EE_inc/MC_2022EE_vbf/DYto2Mu-2Jets_MLL-105To160_amcatnloFXFX_22EE/079a5c5c-1663-48a0-8a46-cc2e62ffe2f3.root
[2025-11-20 09:24:33.127] [main] [info] Checking input files
[2025-11-20 09:24:37.888] [main] [info] NanoAOD input_file 1: root://cms-xrd-global.cern.ch//store/mc/Run3Summer22EENanoAODv12/DYto2Mu-2Jets_MLL-105To160_TuneCP5_13p6TeV_amcatnloFXFX-pythia8/NANOAODSIM/130X_mcRun3_2022_realistic_postEE_v6-v2/2820000/079a5c5c-1663-48a0-8a46-cc2e62ffe2f3.root - 52651 Events
[2025-11-20 09:24:37.889] [main] [info] input_file 1: root://cms-xrd-global.cern.ch//store/mc/Run3Summer22EENanoAODv12/DYto2Mu-2Jets_MLL-105To160_TuneCP5_13p6TeV_amcatnloFXFX-pythia8/NANOAODSIM/130X_mcRun3_2022_realistic_postEE_v6-v2/2820000/079a5c5c-1663-48a0-8a46-cc2e62ffe2f3.root - SumOfGenWeight: 7155412.172539996 
[2025-11-20 09:24:37.889] [main] [info] Output directory: /eos/user/j/jiahua/MC_2022EE_inc/MC_2022EE_vbf/DYto2Mu-2Jets_MLL-105To160_amcatnloFXFX_22EE/079a5c5c-1663-48a0-8a46-cc2e62ffe2f3.root
[2025-11-20 09:24:37.889] [main] [info] Starting Setup of Dataframe with 52651 events
[2025-11-20 09:26:06.540] [main] [info] Finished Setup
[2025-11-20 09:26:06.541] [main] [info] Runtime for setup (real time: 88.65, CPU time: 83.63)
[2025-11-20 09:26:06.541] [main] [info] Starting Evaluation
[2025-11-20 09:26:40.996] [main] [info] 10000 / 52651 (18.99 %) Events processed ...
[2025-11-20 09:26:58.174] [main] [info] 20000 / 52651 (37.99 %) Events processed ...
[2025-11-20 09:27:13.006] [main] [info] 30000 / 52651 (56.98 %) Events processed ...
[2025-11-20 09:27:29.554] [main] [info] 40000 / 52651 (75.97 %) Events processed ...
[2025-11-20 09:27:46.351] [main] [info] 50000 / 52651 (94.96 %) Events processed ...
[2025-11-20 09:27:51.610] [main] [info] vbfhmm:
GoodJetsCollection: pass=26803      all=52651      -- eff=50.91 % cumulative eff=50.91 %
Flag_goodVertices: pass=26803      all=26803      -- eff=100.00 % cumulative eff=50.91 %
Flag_globalSuperTightHalo2016Filter: pass=26801      all=26803      -- eff=99.99 % cumulative eff=50.90 %
Flag_EcalDeadCellTriggerPrimitiveFilter: pass=26801      all=26801      -- eff=100.00 % cumulative eff=50.90 %
Flag_BadPFMuonFilter: pass=26794      all=26801      -- eff=99.97 % cumulative eff=50.89 %
Flag_BadPFMuonDzFilter: pass=26790      all=26794      -- eff=99.99 % cumulative eff=50.88 %
Flag_eeBadScFilter: pass=26790      all=26790      -- eff=100.00 % cumulative eff=50.88 %
Flag_ecalBadCalibFilter: pass=26790      all=26790      -- eff=100.00 % cumulative eff=50.88 %
Flag_hfNoisyHitsFilter: pass=26788      all=26790      -- eff=99.99 % cumulative eff=50.88 %
Number of muons 2: pass=10302      all=26788      -- eff=38.46 % cumulative eff=19.57 %
Veto VH <= 0 electrons: pass=10295      all=10302      -- eff=99.93 % cumulative eff=19.55 %
DiMuon From Higgs: pass=9800       all=10295      -- eff=95.19 % cumulative eff=18.61 %
LeptonChargeSum: pass=9799       all=9800       -- eff=99.99 % cumulative eff=18.61 %
Hmass>=110: pass=9491       all=9799       -- eff=96.86 % cumulative eff=18.03 %
[2025-11-20 09:27:52.145] [main] [info] Writing quantities map to /eos/user/j/jiahua/MC_2022EE_inc/MC_2022EE_vbf/DYto2Mu-2Jets_MLL-105To160_amcatnloFXFX_22EE/079a5c5c-1663-48a0-8a46-cc2e62ffe2f3_vbfhmm.root
[2025-11-20 09:27:52.501] [main] [info] Finished Evaluation
[2025-11-20 09:27:52.501] [main] [info] Overall runtime (real time: 194.61, CPU time: 182.95)
