Starting job on \n
Running on: Linux b9p22p7168.cern.ch 5.14.0-570.42.2.el9_6.x86_64 #1 SMP PREEMPT_DYNAMIC Mon Sep 8 12:15:13 EDT 2025 x86_64 x86_64 x86_64 GNU/Linux\n
System software: Red Hat Enterprise Linux release 9.7 (Plow)\n
Setting up CROWN for RedHatEnterprise Version 9.7
subject   : /DC=ch/DC=cern/OU=Organic Units/OU=Users/CN=jiahua/CN=851532/CN=Jiahua Chen/CN=2045128514
issuer    : /DC=ch/DC=cern/OU=Organic Units/OU=Users/CN=jiahua/CN=851532/CN=Jiahua Chen
identity  : /DC=ch/DC=cern/OU=Organic Units/OU=Users/CN=jiahua/CN=851532/CN=Jiahua Chen
type      : RFC compliant proxy
strength  : 2048 bits
path      : /afs/cern.ch/user/j/jiahua/proxy/x509up_u139833
timeleft  : 193:24:02
key usage : Digital Signature, Key Encipherment
=== VO cms extension information ===
VO        : cms
subject   : /DC=ch/DC=cern/OU=Organic Units/OU=Users/CN=jiahua/CN=851532/CN=Jiahua Chen
issuer    : /DC=ch/DC=cern/OU=computers/CN=cms-auth.cern.ch
attribute : /cms/Role=NULL/Capability=NULL
timeleft  : 185:24:01
uri       : voms-cms-auth.cern.ch:15000
subject   : /DC=ch/DC=cern/OU=Organic Units/OU=Users/CN=jiahua/CN=851532/CN=Jiahua Chen/CN=2045128514
issuer    : /DC=ch/DC=cern/OU=Organic Units/OU=Users/CN=jiahua/CN=851532/CN=Jiahua Chen
identity  : /DC=ch/DC=cern/OU=Organic Units/OU=Users/CN=jiahua/CN=851532/CN=Jiahua Chen
type      : RFC compliant proxy
strength  : 2048 bits
path      : /afs/cern.ch/user/j/jiahua/proxy/x509up_u139833
timeleft  : 193:24:01
key usage : Digital Signature, Key Encipherment
=== VO cms extension information ===
VO        : cms
subject   : /DC=ch/DC=cern/OU=Organic Units/OU=Users/CN=jiahua/CN=851532/CN=Jiahua Chen
issuer    : /DC=ch/DC=cern/OU=computers/CN=cms-auth.cern.ch
attribute : /cms/Role=NULL/Capability=NULL
timeleft  : 185:24:00
uri       : voms-cms-auth.cern.ch:15000
/eos/user/j/jiahua/MC_2022EE_inc/MC_2022EE_vbf/EWK_2L2J_TuneCH3_13p6TeV_madgraph-herwig7_22EE/3ab32d78-cc4c-4f45-9cec-d6a42a6b1f50.root
[2025-11-20 09:24:42.206] [main] [info] Checking input files
[2025-11-20 09:24:47.160] [main] [info] NanoAOD input_file 1: root://cms-xrd-global.cern.ch//store/mc/Run3Summer22EENanoAODv12/EWK_2L2J_TuneCH3_13p6TeV_madgraph-herwig7/NANOAODSIM/130X_mcRun3_2022_realistic_postEE_v6-v2/130000/3ab32d78-cc4c-4f45-9cec-d6a42a6b1f50.root - 241969 Events
[2025-11-20 09:24:47.160] [main] [info] input_file 1: root://cms-xrd-global.cern.ch//store/mc/Run3Summer22EENanoAODv12/EWK_2L2J_TuneCH3_13p6TeV_madgraph-herwig7/NANOAODSIM/130X_mcRun3_2022_realistic_postEE_v6-v2/130000/3ab32d78-cc4c-4f45-9cec-d6a42a6b1f50.root - SumOfGenWeight: 241969 
[2025-11-20 09:24:47.160] [main] [info] Output directory: /eos/user/j/jiahua/MC_2022EE_inc/MC_2022EE_vbf/EWK_2L2J_TuneCH3_13p6TeV_madgraph-herwig7_22EE/3ab32d78-cc4c-4f45-9cec-d6a42a6b1f50.root
[2025-11-20 09:24:47.161] [main] [info] Starting Setup of Dataframe with 241969 events
[2025-11-20 09:25:56.247] [main] [info] Finished Setup
[2025-11-20 09:25:56.247] [main] [info] Runtime for setup (real time: 69.09, CPU time: 64.42)
[2025-11-20 09:25:56.247] [main] [info] Starting Evaluation
[2025-11-20 09:26:28.437] [main] [info] 10000 / 241969 (4.13 %) Events processed ...
[2025-11-20 09:26:45.295] [main] [info] 20000 / 241969 (8.27 %) Events processed ...
[2025-11-20 09:27:02.211] [main] [info] 30000 / 241969 (12.40 %) Events processed ...
[2025-11-20 09:27:20.214] [main] [info] 40000 / 241969 (16.53 %) Events processed ...
[2025-11-20 09:27:36.544] [main] [info] 50000 / 241969 (20.66 %) Events processed ...
[2025-11-20 09:27:53.057] [main] [info] 60000 / 241969 (24.80 %) Events processed ...
[2025-11-20 09:28:10.806] [main] [info] 70000 / 241969 (28.93 %) Events processed ...
[2025-11-20 09:28:26.372] [main] [info] 80000 / 241969 (33.06 %) Events processed ...
[2025-11-20 09:28:42.131] [main] [info] 90000 / 241969 (37.19 %) Events processed ...
[2025-11-20 09:29:02.101] [main] [info] 100000 / 241969 (41.33 %) Events processed ...
[2025-11-20 09:29:18.015] [main] [info] 110000 / 241969 (45.46 %) Events processed ...
[2025-11-20 09:29:34.407] [main] [info] 120000 / 241969 (49.59 %) Events processed ...
[2025-11-20 09:29:52.981] [main] [info] 130000 / 241969 (53.73 %) Events processed ...
[2025-11-20 09:30:10.455] [main] [info] 140000 / 241969 (57.86 %) Events processed ...
[2025-11-20 09:30:27.082] [main] [info] 150000 / 241969 (61.99 %) Events processed ...
[2025-11-20 09:30:45.974] [main] [info] 160000 / 241969 (66.12 %) Events processed ...
[2025-11-20 09:31:02.359] [main] [info] 170000 / 241969 (70.26 %) Events processed ...
[2025-11-20 09:31:19.088] [main] [info] 180000 / 241969 (74.39 %) Events processed ...
[2025-11-20 09:31:36.597] [main] [info] 190000 / 241969 (78.52 %) Events processed ...
[2025-11-20 09:31:53.519] [main] [info] 200000 / 241969 (82.66 %) Events processed ...
[2025-11-20 09:32:11.089] [main] [info] 210000 / 241969 (86.79 %) Events processed ...
[2025-11-20 09:32:28.042] [main] [info] 220000 / 241969 (90.92 %) Events processed ...
[2025-11-20 09:32:44.087] [main] [info] 230000 / 241969 (95.05 %) Events processed ...
[2025-11-20 09:32:59.934] [main] [info] 240000 / 241969 (99.19 %) Events processed ...
[2025-11-20 09:33:03.246] [main] [info] vbfhmm:
GoodJetsCollection: pass=226347     all=241969     -- eff=93.54 % cumulative eff=93.54 %
Flag_goodVertices: pass=226347     all=226347     -- eff=100.00 % cumulative eff=93.54 %
Flag_globalSuperTightHalo2016Filter: pass=226270     all=226347     -- eff=99.97 % cumulative eff=93.51 %
Flag_EcalDeadCellTriggerPrimitiveFilter: pass=226178     all=226270     -- eff=99.96 % cumulative eff=93.47 %
Flag_BadPFMuonFilter: pass=226163     all=226178     -- eff=99.99 % cumulative eff=93.47 %
Flag_BadPFMuonDzFilter: pass=226153     all=226163     -- eff=100.00 % cumulative eff=93.46 %
Flag_eeBadScFilter: pass=226153     all=226153     -- eff=100.00 % cumulative eff=93.46 %
Flag_ecalBadCalibFilter: pass=226040     all=226153     -- eff=99.95 % cumulative eff=93.42 %
Flag_hfNoisyHitsFilter: pass=226007     all=226040     -- eff=99.99 % cumulative eff=93.40 %
Number of muons 2: pass=53528      all=226007     -- eff=23.68 % cumulative eff=22.12 %
Veto VH <= 0 electrons: pass=53478      all=53528      -- eff=99.91 % cumulative eff=22.10 %
DiMuon From Higgs: pass=50538      all=53478      -- eff=94.50 % cumulative eff=20.89 %
LeptonChargeSum: pass=50522      all=50538      -- eff=99.97 % cumulative eff=20.88 %
Hmass>=110: pass=2996       all=50522      -- eff=5.93 % cumulative eff=1.24 %
[2025-11-20 09:33:03.536] [main] [info] Writing quantities map to /eos/user/j/jiahua/MC_2022EE_inc/MC_2022EE_vbf/EWK_2L2J_TuneCH3_13p6TeV_madgraph-herwig7_22EE/3ab32d78-cc4c-4f45-9cec-d6a42a6b1f50_vbfhmm.root
[2025-11-20 09:33:03.654] [main] [info] Finished Evaluation
[2025-11-20 09:33:03.654] [main] [info] Overall runtime (real time: 496.49, CPU time: 475.44)
