000 (13047728.026.000) 11/20 09:15:27 Job submitted from host: <188.185.121.235:9618?addrs=188.185.121.235-9618+[2001-1458-d00-49--100-36e]-9618&alias=bigbird22.cern.ch&noUDP&sock=schedd_232129_c3ca>
...
040 (13047728.026.000) 11/20 09:24:42 Started transferring input files
	Transferring to host: <188.185.208.145:9618?addrs=188.185.208.145-9618+[2001-1458-303-10--100-e]-9618&alias=b9p10p1680.cern.ch&noUDP&sock=slot1_22_3860_7816_59973>
...
040 (13047728.026.000) 11/20 09:24:42 Finished transferring input files
...
001 (13047728.026.000) 11/20 09:24:43 Job executing on host: <188.185.208.145:9618?addrs=188.185.208.145-9618+[2001-1458-303-10--100-e]-9618&alias=b9p10p1680.cern.ch&noUDP&sock=startd_3440_21e1>
	SlotName: slot1_22@b9p10p1680.cern.ch
	CondorScratchDir = "/pool/condor/dir_1827807"
	Cpus = 1
	Disk = 15697
	GPUs = 0
	Memory = 3000
...
006 (13047728.026.000) 11/20 09:24:57 Image size of job updated: 95820
	94  -  MemoryUsage of job (MB)
	95820  -  ResidentSetSize of job (KB)
...
006 (13047728.026.000) 11/20 09:26:57 Image size of job updated: 691068
	94  -  MemoryUsage of job (MB)
	95820  -  ResidentSetSize of job (KB)
...
040 (13047728.026.000) 11/20 09:26:57 Started transferring output files
...
040 (13047728.026.000) 11/20 09:26:57 Finished transferring output files
...
005 (13047728.026.000) 11/20 09:26:57 Job terminated.
	(1) Normal termination (return value 0)
		Usr 0 00:01:51, Sys 0 00:00:04  -  Run Remote Usage
		Usr 0 00:00:00, Sys 0 00:00:00  -  Run Local Usage
		Usr 0 00:01:51, Sys 0 00:00:04  -  Total Remote Usage
		Usr 0 00:00:00, Sys 0 00:00:00  -  Total Local Usage
	9796  -  Run Bytes Sent By Job
	11510364  -  Run Bytes Received By Job
	9796  -  Total Bytes Sent By Job
	11510364  -  Total Bytes Received By Job
	Partitionable Resources :    Usage  Request Allocated 
	   Cpus                 :        0        1         1 
	   Disk (KB)            :    11274    12500     15697 
	   GPUs                 :                           0 
	   Memory (MB)          :       94     3000      3000 
	   TimeExecute (s)      :      134                    
	   TimeSlotBusy (s)     :      136                    

	Job terminated of its own accord at 2025-11-20T08:26:57Z with exit-code 0.
...
