Starting job on \n
Running on: Linux b9p12p8135.cern.ch 5.14.0-570.42.2.el9_6.x86_64 #1 SMP PREEMPT_DYNAMIC Mon Sep 8 12:15:13 EDT 2025 x86_64 x86_64 x86_64 GNU/Linux\n
System software: Red Hat Enterprise Linux release 9.7 (Plow)\n
Setting up CROWN for RedHatEnterprise Version 9.7
subject   : /DC=ch/DC=cern/OU=Organic Units/OU=Users/CN=jiahua/CN=851532/CN=Jiahua Chen/CN=2045128514
issuer    : /DC=ch/DC=cern/OU=Organic Units/OU=Users/CN=jiahua/CN=851532/CN=Jiahua Chen
identity  : /DC=ch/DC=cern/OU=Organic Units/OU=Users/CN=jiahua/CN=851532/CN=Jiahua Chen
type      : RFC compliant proxy
strength  : 2048 bits
path      : /afs/cern.ch/user/j/jiahua/proxy/x509up_u139833
timeleft  : 199:46:45
key usage : Digital Signature, Key Encipherment
=== VO cms extension information ===
VO        : cms
subject   : /DC=ch/DC=cern/OU=Organic Units/OU=Users/CN=jiahua/CN=851532/CN=Jiahua Chen
issuer    : /DC=ch/DC=cern/OU=computers/CN=cms-auth.cern.ch
attribute : /cms/Role=NULL/Capability=NULL
timeleft  : 191:46:44
uri       : voms-cms-auth.cern.ch:15000
subject   : /DC=ch/DC=cern/OU=Organic Units/OU=Users/CN=jiahua/CN=851532/CN=Jiahua Chen/CN=2045128514
issuer    : /DC=ch/DC=cern/OU=Organic Units/OU=Users/CN=jiahua/CN=851532/CN=Jiahua Chen
identity  : /DC=ch/DC=cern/OU=Organic Units/OU=Users/CN=jiahua/CN=851532/CN=Jiahua Chen
type      : RFC compliant proxy
strength  : 2048 bits
path      : /afs/cern.ch/user/j/jiahua/proxy/x509up_u139833
timeleft  : 199:46:45
key usage : Digital Signature, Key Encipherment
=== VO cms extension information ===
VO        : cms
subject   : /DC=ch/DC=cern/OU=Organic Units/OU=Users/CN=jiahua/CN=851532/CN=Jiahua Chen
issuer    : /DC=ch/DC=cern/OU=computers/CN=cms-auth.cern.ch
attribute : /cms/Role=NULL/Capability=NULL
timeleft  : 191:46:44
uri       : voms-cms-auth.cern.ch:15000
/eos/user/j/jiahua/MC_2022EE_inc/MC_2022EE_vbf/EWK_2L2J_TuneCH3_13p6TeV_madgraph-herwig7_22EE/7a986b92-b310-4eba-9e65-db0ac4e2c578.root
[2025-11-20 03:01:58.813] [main] [info] Checking input files
[2025-11-20 03:02:03.178] [main] [info] NanoAOD input_file 1: root://cms-xrd-global.cern.ch//store/mc/Run3Summer22EENanoAODv12/EWK_2L2J_TuneCH3_13p6TeV_madgraph-herwig7/NANOAODSIM/130X_mcRun3_2022_realistic_postEE_v6-v2/130000/7a986b92-b310-4eba-9e65-db0ac4e2c578.root - 4381 Events
[2025-11-20 03:02:03.178] [main] [info] input_file 1: root://cms-xrd-global.cern.ch//store/mc/Run3Summer22EENanoAODv12/EWK_2L2J_TuneCH3_13p6TeV_madgraph-herwig7/NANOAODSIM/130X_mcRun3_2022_realistic_postEE_v6-v2/130000/7a986b92-b310-4eba-9e65-db0ac4e2c578.root - SumOfGenWeight: 4381 
[2025-11-20 03:02:03.178] [main] [info] Output directory: /eos/user/j/jiahua/MC_2022EE_inc/MC_2022EE_vbf/EWK_2L2J_TuneCH3_13p6TeV_madgraph-herwig7_22EE/7a986b92-b310-4eba-9e65-db0ac4e2c578.root
[2025-11-20 03:02:03.179] [main] [info] Starting Setup of Dataframe with 4381 events
[2025-11-20 03:03:15.192] [main] [info] Finished Setup
[2025-11-20 03:03:15.192] [main] [info] Runtime for setup (real time: 72.01, CPU time: 68.27)
[2025-11-20 03:03:15.192] [main] [info] Starting Evaluation
[2025-11-20 03:03:36.087] [main] [info] vbfhmm:
GoodJetsCollection: pass=4089       all=4381       -- eff=93.33 % cumulative eff=93.33 %
Flag_goodVertices: pass=4089       all=4089       -- eff=100.00 % cumulative eff=93.33 %
Flag_globalSuperTightHalo2016Filter: pass=4089       all=4089       -- eff=100.00 % cumulative eff=93.33 %
Flag_EcalDeadCellTriggerPrimitiveFilter: pass=4086       all=4089       -- eff=99.93 % cumulative eff=93.27 %
Flag_BadPFMuonFilter: pass=4086       all=4086       -- eff=100.00 % cumulative eff=93.27 %
Flag_BadPFMuonDzFilter: pass=4086       all=4086       -- eff=100.00 % cumulative eff=93.27 %
Flag_eeBadScFilter: pass=4086       all=4086       -- eff=100.00 % cumulative eff=93.27 %
Flag_ecalBadCalibFilter: pass=4084       all=4086       -- eff=99.95 % cumulative eff=93.22 %
Flag_hfNoisyHitsFilter: pass=4084       all=4084       -- eff=100.00 % cumulative eff=93.22 %
Number of muons 2: pass=947        all=4084       -- eff=23.19 % cumulative eff=21.62 %
Veto VH <= 0 electrons: pass=946        all=947        -- eff=99.89 % cumulative eff=21.59 %
DiMuon From Higgs: pass=888        all=946        -- eff=93.87 % cumulative eff=20.27 %
LeptonChargeSum: pass=888        all=888        -- eff=100.00 % cumulative eff=20.27 %
Hmass>=110: pass=55         all=888        -- eff=6.19 % cumulative eff=1.26 %
[2025-11-20 03:03:36.212] [main] [info] Writing quantities map to /eos/user/j/jiahua/MC_2022EE_inc/MC_2022EE_vbf/EWK_2L2J_TuneCH3_13p6TeV_madgraph-herwig7_22EE/7a986b92-b310-4eba-9e65-db0ac4e2c578_vbfhmm.root
[2025-11-20 03:03:36.265] [main] [info] Finished Evaluation
[2025-11-20 03:03:36.265] [main] [info] Overall runtime (real time: 93.09, CPU time: 87.67)
