000 (13047728.009.000) 11/20 09:15:27 Job submitted from host: <188.185.121.235:9618?addrs=188.185.121.235-9618+[2001-1458-d00-49--100-36e]-9618&alias=bigbird22.cern.ch&noUDP&sock=schedd_232129_c3ca>
...
040 (13047728.009.000) 11/20 09:24:35 Started transferring input files
	Transferring to host: <128.142.33.227:9618?addrs=128.142.33.227-9618+[2001-1458-301-39--100-20]-9618&alias=b9g24p9220.cern.ch&noUDP&sock=slot1_42_7327_48c3_68057>
...
040 (13047728.009.000) 11/20 09:24:35 Finished transferring input files
...
001 (13047728.009.000) 11/20 09:24:36 Job executing on host: <128.142.33.227:9618?addrs=128.142.33.227-9618+[2001-1458-301-39--100-20]-9618&alias=b9g24p9220.cern.ch&noUDP&sock=startd_6402_d167>
	SlotName: slot1_42@b9g24p9220.cern.ch
	CondorScratchDir = "/pool/condor/dir_1288086"
	Cpus = 1
	Disk = 15961
	GPUs = 0
	Memory = 3000
...
006 (13047728.009.000) 11/20 09:24:49 Image size of job updated: 96256
	94  -  MemoryUsage of job (MB)
	96256  -  ResidentSetSize of job (KB)
...
006 (13047728.009.000) 11/20 09:26:22 Image size of job updated: 686392
	94  -  MemoryUsage of job (MB)
	96256  -  ResidentSetSize of job (KB)
...
040 (13047728.009.000) 11/20 09:26:22 Started transferring output files
...
040 (13047728.009.000) 11/20 09:26:23 Finished transferring output files
...
005 (13047728.009.000) 11/20 09:26:23 Job terminated.
	(1) Normal termination (return value 0)
		Usr 0 00:01:27, Sys 0 00:00:03  -  Run Remote Usage
		Usr 0 00:00:00, Sys 0 00:00:00  -  Run Local Usage
		Usr 0 00:01:27, Sys 0 00:00:03  -  Total Remote Usage
		Usr 0 00:00:00, Sys 0 00:00:00  -  Total Local Usage
	9794  -  Run Bytes Sent By Job
	11510364  -  Run Bytes Received By Job
	9794  -  Total Bytes Sent By Job
	11510364  -  Total Bytes Received By Job
	Partitionable Resources :    Usage  Request Allocated 
	   Cpus                 :        0        1         1 
	   Disk (KB)            :    11273    12500     15961 
	   GPUs                 :                           0 
	   Memory (MB)          :       94     3000      3000 
	   TimeExecute (s)      :      106                    
	   TimeSlotBusy (s)     :      108                    

	Job terminated of its own accord at 2025-11-20T08:26:22Z with exit-code 0.
...
