Starting job on \n
Running on: Linux b9p12p5161.cern.ch 5.14.0-570.55.1.el9_6.x86_64 #1 SMP PREEMPT_DYNAMIC Tue Oct 14 01:03:55 EDT 2025 x86_64 x86_64 x86_64 GNU/Linux\n
System software: Red Hat Enterprise Linux release 9.7 (Plow)\n
Setting up CROWN for RedHatEnterprise Version 9.7
subject   : /DC=ch/DC=cern/OU=Organic Units/OU=Users/CN=jiahua/CN=851532/CN=Jiahua Chen/CN=2045128514
issuer    : /DC=ch/DC=cern/OU=Organic Units/OU=Users/CN=jiahua/CN=851532/CN=Jiahua Chen
identity  : /DC=ch/DC=cern/OU=Organic Units/OU=Users/CN=jiahua/CN=851532/CN=Jiahua Chen
type      : RFC compliant proxy
strength  : 2048 bits
path      : /afs/cern.ch/user/j/jiahua/proxy/x509up_u139833
timeleft  : 199:46:49
key usage : Digital Signature, Key Encipherment
=== VO cms extension information ===
VO        : cms
subject   : /DC=ch/DC=cern/OU=Organic Units/OU=Users/CN=jiahua/CN=851532/CN=Jiahua Chen
issuer    : /DC=ch/DC=cern/OU=computers/CN=cms-auth.cern.ch
attribute : /cms/Role=NULL/Capability=NULL
timeleft  : 191:46:48
uri       : voms-cms-auth.cern.ch:15000
subject   : /DC=ch/DC=cern/OU=Organic Units/OU=Users/CN=jiahua/CN=851532/CN=Jiahua Chen/CN=2045128514
issuer    : /DC=ch/DC=cern/OU=Organic Units/OU=Users/CN=jiahua/CN=851532/CN=Jiahua Chen
identity  : /DC=ch/DC=cern/OU=Organic Units/OU=Users/CN=jiahua/CN=851532/CN=Jiahua Chen
type      : RFC compliant proxy
strength  : 2048 bits
path      : /afs/cern.ch/user/j/jiahua/proxy/x509up_u139833
timeleft  : 199:46:49
key usage : Digital Signature, Key Encipherment
=== VO cms extension information ===
VO        : cms
subject   : /DC=ch/DC=cern/OU=Organic Units/OU=Users/CN=jiahua/CN=851532/CN=Jiahua Chen
issuer    : /DC=ch/DC=cern/OU=computers/CN=cms-auth.cern.ch
attribute : /cms/Role=NULL/Capability=NULL
timeleft  : 191:46:48
uri       : voms-cms-auth.cern.ch:15000
/eos/user/j/jiahua/MC_2022EE_inc/MC_2022EE_vbf/EWK_2L2J_TuneCH3_13p6TeV_madgraph-herwig7_22EE/4ac30e66-b320-43c8-a077-675015dafb2e.root
[2025-11-20 03:01:54.895] [main] [info] Checking input files
[2025-11-20 03:01:58.103] [main] [info] NanoAOD input_file 1: root://cms-xrd-global.cern.ch//store/mc/Run3Summer22EENanoAODv12/EWK_2L2J_TuneCH3_13p6TeV_madgraph-herwig7/NANOAODSIM/130X_mcRun3_2022_realistic_postEE_v6-v2/130000/4ac30e66-b320-43c8-a077-675015dafb2e.root - 147050 Events
[2025-11-20 03:01:58.103] [main] [info] input_file 1: root://cms-xrd-global.cern.ch//store/mc/Run3Summer22EENanoAODv12/EWK_2L2J_TuneCH3_13p6TeV_madgraph-herwig7/NANOAODSIM/130X_mcRun3_2022_realistic_postEE_v6-v2/130000/4ac30e66-b320-43c8-a077-675015dafb2e.root - SumOfGenWeight: 147050 
[2025-11-20 03:01:58.103] [main] [info] Output directory: /eos/user/j/jiahua/MC_2022EE_inc/MC_2022EE_vbf/EWK_2L2J_TuneCH3_13p6TeV_madgraph-herwig7_22EE/4ac30e66-b320-43c8-a077-675015dafb2e.root
[2025-11-20 03:01:58.104] [main] [info] Starting Setup of Dataframe with 147050 events
[2025-11-20 03:02:48.690] [main] [info] Finished Setup
[2025-11-20 03:02:48.690] [main] [info] Runtime for setup (real time: 50.59, CPU time: 46.57)
[2025-11-20 03:02:48.690] [main] [info] Starting Evaluation
[2025-11-20 03:03:10.265] [main] [info] 10000 / 147050 (6.80 %) Events processed ...
[2025-11-20 03:03:20.669] [main] [info] 20000 / 147050 (13.60 %) Events processed ...
[2025-11-20 03:03:30.910] [main] [info] 30000 / 147050 (20.40 %) Events processed ...
[2025-11-20 03:03:42.461] [main] [info] 40000 / 147050 (27.20 %) Events processed ...
[2025-11-20 03:03:52.142] [main] [info] 50000 / 147050 (34.00 %) Events processed ...
[2025-11-20 03:04:02.350] [main] [info] 60000 / 147050 (40.80 %) Events processed ...
[2025-11-20 03:04:14.134] [main] [info] 70000 / 147050 (47.60 %) Events processed ...
[2025-11-20 03:04:26.075] [main] [info] 80000 / 147050 (54.40 %) Events processed ...
[2025-11-20 03:04:36.541] [main] [info] 90000 / 147050 (61.20 %) Events processed ...
[2025-11-20 03:04:52.158] [main] [info] 100000 / 147050 (68.00 %) Events processed ...
[2025-11-20 03:05:02.487] [main] [info] 110000 / 147050 (74.80 %) Events processed ...
[2025-11-20 03:05:12.912] [main] [info] 120000 / 147050 (81.60 %) Events processed ...
[2025-11-20 03:05:24.427] [main] [info] 130000 / 147050 (88.41 %) Events processed ...
[2025-11-20 03:05:33.720] [main] [info] 140000 / 147050 (95.21 %) Events processed ...
[2025-11-20 03:05:40.930] [main] [info] vbfhmm:
GoodJetsCollection: pass=137631     all=147050     -- eff=93.59 % cumulative eff=93.59 %
Flag_goodVertices: pass=137631     all=137631     -- eff=100.00 % cumulative eff=93.59 %
Flag_globalSuperTightHalo2016Filter: pass=137581     all=137631     -- eff=99.96 % cumulative eff=93.56 %
Flag_EcalDeadCellTriggerPrimitiveFilter: pass=137536     all=137581     -- eff=99.97 % cumulative eff=93.53 %
Flag_BadPFMuonFilter: pass=137529     all=137536     -- eff=99.99 % cumulative eff=93.53 %
Flag_BadPFMuonDzFilter: pass=137529     all=137529     -- eff=100.00 % cumulative eff=93.53 %
Flag_eeBadScFilter: pass=137529     all=137529     -- eff=100.00 % cumulative eff=93.53 %
Flag_ecalBadCalibFilter: pass=137458     all=137529     -- eff=99.95 % cumulative eff=93.48 %
Flag_hfNoisyHitsFilter: pass=137441     all=137458     -- eff=99.99 % cumulative eff=93.47 %
Number of muons 2: pass=32653      all=137441     -- eff=23.76 % cumulative eff=22.21 %
Veto VH <= 0 electrons: pass=32625      all=32653      -- eff=99.91 % cumulative eff=22.19 %
DiMuon From Higgs: pass=30878      all=32625      -- eff=94.65 % cumulative eff=21.00 %
LeptonChargeSum: pass=30873      all=30878      -- eff=99.98 % cumulative eff=20.99 %
Hmass>=110: pass=1809       all=30873      -- eff=5.86 % cumulative eff=1.23 %
[2025-11-20 03:05:41.374] [main] [info] Writing quantities map to /eos/user/j/jiahua/MC_2022EE_inc/MC_2022EE_vbf/EWK_2L2J_TuneCH3_13p6TeV_madgraph-herwig7_22EE/4ac30e66-b320-43c8-a077-675015dafb2e_vbfhmm.root
[2025-11-20 03:05:41.486] [main] [info] Finished Evaluation
[2025-11-20 03:05:41.486] [main] [info] Overall runtime (real time: 223.38, CPU time: 204.99)
