Starting job on \n
Running on: Linux b9p25p1613.cern.ch 5.14.0-570.44.1.el9_6.x86_64 #1 SMP PREEMPT_DYNAMIC Tue Sep 9 05:17:30 EDT 2025 x86_64 x86_64 x86_64 GNU/Linux\n
System software: Red Hat Enterprise Linux release 9.7 (Plow)\n
Setting up CROWN for RedHatEnterprise Version 9.7
subject   : /DC=ch/DC=cern/OU=Organic Units/OU=Users/CN=jiahua/CN=851532/CN=Jiahua Chen/CN=2045128514
issuer    : /DC=ch/DC=cern/OU=Organic Units/OU=Users/CN=jiahua/CN=851532/CN=Jiahua Chen
identity  : /DC=ch/DC=cern/OU=Organic Units/OU=Users/CN=jiahua/CN=851532/CN=Jiahua Chen
type      : RFC compliant proxy
strength  : 2048 bits
path      : /afs/cern.ch/user/j/jiahua/proxy/x509up_u139833
timeleft  : 199:46:49
key usage : Digital Signature, Key Encipherment
=== VO cms extension information ===
VO        : cms
subject   : /DC=ch/DC=cern/OU=Organic Units/OU=Users/CN=jiahua/CN=851532/CN=Jiahua Chen
issuer    : /DC=ch/DC=cern/OU=computers/CN=cms-auth.cern.ch
attribute : /cms/Role=NULL/Capability=NULL
timeleft  : 191:46:48
uri       : voms-cms-auth.cern.ch:15000
subject   : /DC=ch/DC=cern/OU=Organic Units/OU=Users/CN=jiahua/CN=851532/CN=Jiahua Chen/CN=2045128514
issuer    : /DC=ch/DC=cern/OU=Organic Units/OU=Users/CN=jiahua/CN=851532/CN=Jiahua Chen
identity  : /DC=ch/DC=cern/OU=Organic Units/OU=Users/CN=jiahua/CN=851532/CN=Jiahua Chen
type      : RFC compliant proxy
strength  : 2048 bits
path      : /afs/cern.ch/user/j/jiahua/proxy/x509up_u139833
timeleft  : 199:46:49
key usage : Digital Signature, Key Encipherment
=== VO cms extension information ===
VO        : cms
subject   : /DC=ch/DC=cern/OU=Organic Units/OU=Users/CN=jiahua/CN=851532/CN=Jiahua Chen
issuer    : /DC=ch/DC=cern/OU=computers/CN=cms-auth.cern.ch
attribute : /cms/Role=NULL/Capability=NULL
timeleft  : 191:46:48
uri       : voms-cms-auth.cern.ch:15000
/eos/user/j/jiahua/MC_2022EE_inc/MC_2022EE_vbf/EWK_2L2J_TuneCH3_13p6TeV_madgraph-herwig7_22EE/c51d8b67-6308-446f-9a7e-fd34bd05895a.root
[2025-11-20 03:01:54.605] [main] [info] Checking input files
[2025-11-20 03:01:59.163] [main] [info] NanoAOD input_file 1: root://cms-xrd-global.cern.ch//store/mc/Run3Summer22EENanoAODv12/EWK_2L2J_TuneCH3_13p6TeV_madgraph-herwig7/NANOAODSIM/130X_mcRun3_2022_realistic_postEE_v6-v2/130000/c51d8b67-6308-446f-9a7e-fd34bd05895a.root - 3696 Events
[2025-11-20 03:01:59.163] [main] [info] input_file 1: root://cms-xrd-global.cern.ch//store/mc/Run3Summer22EENanoAODv12/EWK_2L2J_TuneCH3_13p6TeV_madgraph-herwig7/NANOAODSIM/130X_mcRun3_2022_realistic_postEE_v6-v2/130000/c51d8b67-6308-446f-9a7e-fd34bd05895a.root - SumOfGenWeight: 3696 
[2025-11-20 03:01:59.163] [main] [info] Output directory: /eos/user/j/jiahua/MC_2022EE_inc/MC_2022EE_vbf/EWK_2L2J_TuneCH3_13p6TeV_madgraph-herwig7_22EE/c51d8b67-6308-446f-9a7e-fd34bd05895a.root
[2025-11-20 03:01:59.164] [main] [info] Starting Setup of Dataframe with 3696 events
[2025-11-20 03:03:18.631] [main] [info] Finished Setup
[2025-11-20 03:03:18.631] [main] [info] Runtime for setup (real time: 79.47, CPU time: 75.35)
[2025-11-20 03:03:18.631] [main] [info] Starting Evaluation
[2025-11-20 03:03:43.105] [main] [info] vbfhmm:
GoodJetsCollection: pass=3461       all=3696       -- eff=93.64 % cumulative eff=93.64 %
Flag_goodVertices: pass=3461       all=3461       -- eff=100.00 % cumulative eff=93.64 %
Flag_globalSuperTightHalo2016Filter: pass=3460       all=3461       -- eff=99.97 % cumulative eff=93.61 %
Flag_EcalDeadCellTriggerPrimitiveFilter: pass=3459       all=3460       -- eff=99.97 % cumulative eff=93.59 %
Flag_BadPFMuonFilter: pass=3459       all=3459       -- eff=100.00 % cumulative eff=93.59 %
Flag_BadPFMuonDzFilter: pass=3459       all=3459       -- eff=100.00 % cumulative eff=93.59 %
Flag_eeBadScFilter: pass=3459       all=3459       -- eff=100.00 % cumulative eff=93.59 %
Flag_ecalBadCalibFilter: pass=3458       all=3459       -- eff=99.97 % cumulative eff=93.56 %
Flag_hfNoisyHitsFilter: pass=3458       all=3458       -- eff=100.00 % cumulative eff=93.56 %
Number of muons 2: pass=851        all=3458       -- eff=24.61 % cumulative eff=23.02 %
Veto VH <= 0 electrons: pass=850        all=851        -- eff=99.88 % cumulative eff=23.00 %
DiMuon From Higgs: pass=803        all=850        -- eff=94.47 % cumulative eff=21.73 %
LeptonChargeSum: pass=803        all=803        -- eff=100.00 % cumulative eff=21.73 %
Hmass>=110: pass=50         all=803        -- eff=6.23 % cumulative eff=1.35 %
[2025-11-20 03:03:43.243] [main] [info] Writing quantities map to /eos/user/j/jiahua/MC_2022EE_inc/MC_2022EE_vbf/EWK_2L2J_TuneCH3_13p6TeV_madgraph-herwig7_22EE/c51d8b67-6308-446f-9a7e-fd34bd05895a_vbfhmm.root
[2025-11-20 03:03:43.688] [main] [info] Finished Evaluation
[2025-11-20 03:03:43.688] [main] [info] Overall runtime (real time: 104.53, CPU time: 98.40)
