Starting job on \n
Running on: Linux b9p02p3820.cern.ch 5.14.0-570.42.2.el9_6.x86_64 #1 SMP PREEMPT_DYNAMIC Mon Sep 8 12:15:13 EDT 2025 x86_64 x86_64 x86_64 GNU/Linux\n
System software: Red Hat Enterprise Linux release 9.7 (Plow)\n
Setting up CROWN for RedHatEnterprise Version 9.7
subject   : /DC=ch/DC=cern/OU=Organic Units/OU=Users/CN=jiahua/CN=851532/CN=Jiahua Chen/CN=2045128514
issuer    : /DC=ch/DC=cern/OU=Organic Units/OU=Users/CN=jiahua/CN=851532/CN=Jiahua Chen
identity  : /DC=ch/DC=cern/OU=Organic Units/OU=Users/CN=jiahua/CN=851532/CN=Jiahua Chen
type      : RFC compliant proxy
strength  : 2048 bits
path      : /afs/cern.ch/user/j/jiahua/proxy/x509up_u139833
timeleft  : 199:40:21
key usage : Digital Signature, Key Encipherment
=== VO cms extension information ===
VO        : cms
subject   : /DC=ch/DC=cern/OU=Organic Units/OU=Users/CN=jiahua/CN=851532/CN=Jiahua Chen
issuer    : /DC=ch/DC=cern/OU=computers/CN=cms-auth.cern.ch
attribute : /cms/Role=NULL/Capability=NULL
timeleft  : 191:40:20
uri       : voms-cms-auth.cern.ch:15000
subject   : /DC=ch/DC=cern/OU=Organic Units/OU=Users/CN=jiahua/CN=851532/CN=Jiahua Chen/CN=2045128514
issuer    : /DC=ch/DC=cern/OU=Organic Units/OU=Users/CN=jiahua/CN=851532/CN=Jiahua Chen
identity  : /DC=ch/DC=cern/OU=Organic Units/OU=Users/CN=jiahua/CN=851532/CN=Jiahua Chen
type      : RFC compliant proxy
strength  : 2048 bits
path      : /afs/cern.ch/user/j/jiahua/proxy/x509up_u139833
timeleft  : 199:40:21
key usage : Digital Signature, Key Encipherment
=== VO cms extension information ===
VO        : cms
subject   : /DC=ch/DC=cern/OU=Organic Units/OU=Users/CN=jiahua/CN=851532/CN=Jiahua Chen
issuer    : /DC=ch/DC=cern/OU=computers/CN=cms-auth.cern.ch
attribute : /cms/Role=NULL/Capability=NULL
timeleft  : 191:40:20
uri       : voms-cms-auth.cern.ch:15000
/eos/user/j/jiahua/MC_2022EE_inc/MC_2022EE_vbf/TbarWplusto2L2Nu_powheg_22EE_ext1-v2/b31cdbeb-2c6a-45b1-adbb-8f171f920b46.root
[2025-11-20 03:08:23.060] [main] [info] Checking input files
[2025-11-20 03:08:27.074] [main] [info] NanoAOD input_file 1: root://cms-xrd-global.cern.ch//store/mc/Run3Summer22EENanoAODv12/TbarWplusto2L2Nu_TuneCP5_13p6TeV_powheg-pythia8/NANOAODSIM/130X_mcRun3_2022_realistic_postEE_v6_ext1-v2/50000/b31cdbeb-2c6a-45b1-adbb-8f171f920b46.root - 710 Events
[2025-11-20 03:08:27.074] [main] [info] input_file 1: root://cms-xrd-global.cern.ch//store/mc/Run3Summer22EENanoAODv12/TbarWplusto2L2Nu_TuneCP5_13p6TeV_powheg-pythia8/NANOAODSIM/130X_mcRun3_2022_realistic_postEE_v6_ext1-v2/50000/b31cdbeb-2c6a-45b1-adbb-8f171f920b46.root - SumOfGenWeight: 2702.2245000000003 
[2025-11-20 03:08:27.074] [main] [info] Output directory: /eos/user/j/jiahua/MC_2022EE_inc/MC_2022EE_vbf/TbarWplusto2L2Nu_powheg_22EE_ext1-v2/b31cdbeb-2c6a-45b1-adbb-8f171f920b46.root
[2025-11-20 03:08:27.076] [main] [info] Starting Setup of Dataframe with 710 events
[2025-11-20 03:09:27.156] [main] [info] Finished Setup
[2025-11-20 03:09:27.156] [main] [info] Runtime for setup (real time: 60.08, CPU time: 54.19)
[2025-11-20 03:09:27.156] [main] [info] Starting Evaluation
[2025-11-20 03:09:41.108] [main] [info] vbfhmm:
GoodJetsCollection: pass=650        all=710        -- eff=91.55 % cumulative eff=91.55 %
Flag_goodVertices: pass=650        all=650        -- eff=100.00 % cumulative eff=91.55 %
Flag_globalSuperTightHalo2016Filter: pass=650        all=650        -- eff=100.00 % cumulative eff=91.55 %
Flag_EcalDeadCellTriggerPrimitiveFilter: pass=650        all=650        -- eff=100.00 % cumulative eff=91.55 %
Flag_BadPFMuonFilter: pass=650        all=650        -- eff=100.00 % cumulative eff=91.55 %
Flag_BadPFMuonDzFilter: pass=650        all=650        -- eff=100.00 % cumulative eff=91.55 %
Flag_eeBadScFilter: pass=650        all=650        -- eff=100.00 % cumulative eff=91.55 %
Flag_ecalBadCalibFilter: pass=650        all=650        -- eff=100.00 % cumulative eff=91.55 %
Flag_hfNoisyHitsFilter: pass=650        all=650        -- eff=100.00 % cumulative eff=91.55 %
Number of muons 2: pass=44         all=650        -- eff=6.77 % cumulative eff=6.20 %
Veto VH <= 0 electrons: pass=44         all=44         -- eff=100.00 % cumulative eff=6.20 %
DiMuon From Higgs: pass=20         all=44         -- eff=45.45 % cumulative eff=2.82 %
LeptonChargeSum: pass=20         all=20         -- eff=100.00 % cumulative eff=2.82 %
Hmass>=110: pass=13         all=20         -- eff=65.00 % cumulative eff=1.83 %
[2025-11-20 03:09:41.229] [main] [info] Writing quantities map to /eos/user/j/jiahua/MC_2022EE_inc/MC_2022EE_vbf/TbarWplusto2L2Nu_powheg_22EE_ext1-v2/b31cdbeb-2c6a-45b1-adbb-8f171f920b46_vbfhmm.root
[2025-11-20 03:09:41.296] [main] [info] Finished Evaluation
[2025-11-20 03:09:41.296] [main] [info] Overall runtime (real time: 74.22, CPU time: 66.37)
