000 (13204028.005.000) 11/25 17:12:14 Job submitted from host: <188.185.121.235:9618?addrs=188.185.121.235-9618+[2001-1458-d00-49--100-36e]-9618&alias=bigbird22.cern.ch&noUDP&sock=schedd_232129_c3ca>
...
040 (13204028.005.000) 11/25 17:14:35 Started transferring input files
	Transferring to host: <188.185.210.137:9618?addrs=188.185.210.137-9618+[2001-1458-303-15--100-5]-9618&alias=b9p22p9259.cern.ch&noUDP&sock=slot1_16_5330_3792_68617>
...
040 (13204028.005.000) 11/25 17:14:35 Finished transferring input files
...
001 (13204028.005.000) 11/25 17:14:36 Job executing on host: <188.185.210.137:9618?addrs=188.185.210.137-9618+[2001-1458-303-15--100-5]-9618&alias=b9p22p9259.cern.ch&noUDP&sock=startd_4364_eb63>
	SlotName: slot1_16@b9p22p9259.cern.ch
	CondorScratchDir = "/pool/condor/dir_3715471"
	Cpus = 1
	Disk = 16100
	GPUs = 0
	Memory = 3000
...
006 (13204028.005.000) 11/25 17:14:50 Image size of job updated: 95680
	94  -  MemoryUsage of job (MB)
	95680  -  ResidentSetSize of job (KB)
...
006 (13204028.005.000) 11/25 17:16:39 Image size of job updated: 679140
	94  -  MemoryUsage of job (MB)
	95680  -  ResidentSetSize of job (KB)
...
040 (13204028.005.000) 11/25 17:16:39 Started transferring output files
...
040 (13204028.005.000) 11/25 17:16:39 Finished transferring output files
...
005 (13204028.005.000) 11/25 17:16:39 Job terminated.
	(1) Normal termination (return value 0)
		Usr 0 00:01:43, Sys 0 00:00:03  -  Run Remote Usage
		Usr 0 00:00:00, Sys 0 00:00:00  -  Run Local Usage
		Usr 0 00:01:43, Sys 0 00:00:03  -  Total Remote Usage
		Usr 0 00:00:00, Sys 0 00:00:00  -  Total Local Usage
	9709  -  Run Bytes Sent By Job
	11510364  -  Run Bytes Received By Job
	9709  -  Total Bytes Sent By Job
	11510364  -  Total Bytes Received By Job
	Partitionable Resources :    Usage  Request Allocated 
	   Cpus                 :        0        1         1 
	   Disk (KB)            :    11274    12500     16100 
	   GPUs                 :                           0 
	   Memory (MB)          :       94     3000      3000 
	   TimeExecute (s)      :      123                    
	   TimeSlotBusy (s)     :      125                    

	Job terminated of its own accord at 2025-11-25T16:16:39Z with exit-code 0.
...
