000 (13087767.114.000) 11/21 10:06:06 Job submitted from host: <188.185.121.235:9618?addrs=188.185.121.235-9618+[2001-1458-d00-49--100-36e]-9618&alias=bigbird22.cern.ch&noUDP&sock=schedd_232129_c3ca>
...
040 (13087767.114.000) 11/21 10:07:39 Started transferring input files
	Transferring to host: <188.185.210.20:9618?addrs=188.185.210.20-9618+[2001-1458-303-1--100-10]-9618&alias=b9p21p2717.cern.ch&noUDP&sock=slot1_4_6753_d96c_66029>
...
001 (13087767.114.000) 11/21 10:07:45 Job executing on host: <188.185.210.20:9618?addrs=188.185.210.20-9618+[2001-1458-303-1--100-10]-9618&alias=b9p21p2717.cern.ch&noUDP&sock=startd_5648_a2fe>
	SlotName: slot1_4@b9p21p2717.cern.ch
	CondorScratchDir = "/pool/condor/dir_1976277"
	Cpus = 1
	Disk = 16032
	GPUs = 0
	Memory = 3000
...
040 (13087767.114.000) 11/21 10:07:45 Finished transferring input files
...
006 (13087767.114.000) 11/21 10:07:58 Image size of job updated: 93792
	92  -  MemoryUsage of job (MB)
	93792  -  ResidentSetSize of job (KB)
...
006 (13087767.114.000) 11/21 10:09:47 Image size of job updated: 685252
	92  -  MemoryUsage of job (MB)
	93792  -  ResidentSetSize of job (KB)
...
040 (13087767.114.000) 11/21 10:09:47 Started transferring output files
...
040 (13087767.114.000) 11/21 10:09:47 Finished transferring output files
...
005 (13087767.114.000) 11/21 10:09:47 Job terminated.
	(1) Normal termination (return value 0)
		Usr 0 00:01:41, Sys 0 00:00:03  -  Run Remote Usage
		Usr 0 00:00:00, Sys 0 00:00:00  -  Run Local Usage
		Usr 0 00:01:41, Sys 0 00:00:03  -  Total Remote Usage
		Usr 0 00:00:00, Sys 0 00:00:00  -  Total Local Usage
	9794  -  Run Bytes Sent By Job
	11510364  -  Run Bytes Received By Job
	9794  -  Total Bytes Sent By Job
	11510364  -  Total Bytes Received By Job
	Partitionable Resources :    Usage  Request Allocated 
	   Cpus                 :     0.02        1         1 
	   Disk (KB)            : 11274       12500     16032 
	   GPUs                 :                           0 
	   Memory (MB)          :    92        3000      3000 
	   TimeExecute (s)      :   122                       
	   TimeSlotBusy (s)     :   130                       

	Job terminated of its own accord at 2025-11-21T09:09:47Z with exit-code 0.
...
