Starting job on \n
Running on: Linux b9p20p8257.cern.ch 5.14.0-570.44.1.el9_6.x86_64 #1 SMP PREEMPT_DYNAMIC Tue Sep 9 05:17:30 EDT 2025 x86_64 x86_64 x86_64 GNU/Linux\n
System software: Red Hat Enterprise Linux release 9.7 (Plow)\n
Setting up CROWN for RedHatEnterprise Version 9.7
subject   : /DC=ch/DC=cern/OU=Organic Units/OU=Users/CN=jiahua/CN=851532/CN=Jiahua Chen/CN=2045128514
issuer    : /DC=ch/DC=cern/OU=Organic Units/OU=Users/CN=jiahua/CN=851532/CN=Jiahua Chen
identity  : /DC=ch/DC=cern/OU=Organic Units/OU=Users/CN=jiahua/CN=851532/CN=Jiahua Chen
type      : RFC compliant proxy
strength  : 2048 bits
path      : /afs/cern.ch/user/j/jiahua/proxy/x509up_u139833
timeleft  : 65:33:47
key usage : Digital Signature, Key Encipherment
=== VO cms extension information ===
VO        : cms
subject   : /DC=ch/DC=cern/OU=Organic Units/OU=Users/CN=jiahua/CN=851532/CN=Jiahua Chen
issuer    : /DC=ch/DC=cern/OU=computers/CN=cms-auth.cern.ch
attribute : /cms/Role=NULL/Capability=NULL
timeleft  : 57:33:46
uri       : voms-cms-auth.cern.ch:15000
subject   : /DC=ch/DC=cern/OU=Organic Units/OU=Users/CN=jiahua/CN=851532/CN=Jiahua Chen/CN=2045128514
issuer    : /DC=ch/DC=cern/OU=Organic Units/OU=Users/CN=jiahua/CN=851532/CN=Jiahua Chen
identity  : /DC=ch/DC=cern/OU=Organic Units/OU=Users/CN=jiahua/CN=851532/CN=Jiahua Chen
type      : RFC compliant proxy
strength  : 2048 bits
path      : /afs/cern.ch/user/j/jiahua/proxy/x509up_u139833
timeleft  : 65:33:47
key usage : Digital Signature, Key Encipherment
=== VO cms extension information ===
VO        : cms
subject   : /DC=ch/DC=cern/OU=Organic Units/OU=Users/CN=jiahua/CN=851532/CN=Jiahua Chen
issuer    : /DC=ch/DC=cern/OU=computers/CN=cms-auth.cern.ch
attribute : /cms/Role=NULL/Capability=NULL
timeleft  : 57:33:46
uri       : voms-cms-auth.cern.ch:15000
/eos/user/j/jiahua/MC_2022EE_inc/MC_2022EE_vbf/WWZ_4F_amcatnlo_22EE/5545a086-0892-4dae-b99d-77059aa344f6.root
[2025-11-25 17:14:57.318] [main] [info] Checking input files
[2025-11-25 17:15:05.600] [main] [info] NanoAOD input_file 1: root://cms-xrd-global.cern.ch//store/mc/Run3Summer22EENanoAODv12/WWZ_4F_TuneCP5_13p6TeV_amcatnlo-pythia8/NANOAODSIM/130X_mcRun3_2022_realistic_postEE_v6-v2/40000/5545a086-0892-4dae-b99d-77059aa344f6.root - 20996 Events
[2025-11-25 17:15:05.601] [main] [info] input_file 1: root://cms-xrd-global.cern.ch//store/mc/Run3Summer22EENanoAODv12/WWZ_4F_TuneCP5_13p6TeV_amcatnlo-pythia8/NANOAODSIM/130X_mcRun3_2022_realistic_postEE_v6-v2/40000/5545a086-0892-4dae-b99d-77059aa344f6.root - SumOfGenWeight: 3899.25392976 
[2025-11-25 17:15:05.601] [main] [info] Output directory: /eos/user/j/jiahua/MC_2022EE_inc/MC_2022EE_vbf/WWZ_4F_amcatnlo_22EE/5545a086-0892-4dae-b99d-77059aa344f6.root
[2025-11-25 17:15:05.603] [main] [info] Starting Setup of Dataframe with 20996 events
[2025-11-25 17:17:10.195] [main] [info] Finished Setup
[2025-11-25 17:17:10.195] [main] [info] Runtime for setup (real time: 124.59, CPU time: 117.39)
[2025-11-25 17:17:10.195] [main] [info] Starting Evaluation
[2025-11-25 17:18:03.874] [main] [info] 10000 / 20996 (47.63 %) Events processed ...
[2025-11-25 17:18:36.370] [main] [info] 20000 / 20996 (95.26 %) Events processed ...
[2025-11-25 17:18:39.628] [main] [info] vbfhmm:
GoodJetsCollection: pass=18894      all=20996      -- eff=89.99 % cumulative eff=89.99 %
Flag_goodVertices: pass=18894      all=18894      -- eff=100.00 % cumulative eff=89.99 %
Flag_globalSuperTightHalo2016Filter: pass=18882      all=18894      -- eff=99.94 % cumulative eff=89.93 %
Flag_EcalDeadCellTriggerPrimitiveFilter: pass=18875      all=18882      -- eff=99.96 % cumulative eff=89.90 %
Flag_BadPFMuonFilter: pass=18873      all=18875      -- eff=99.99 % cumulative eff=89.89 %
Flag_BadPFMuonDzFilter: pass=18872      all=18873      -- eff=99.99 % cumulative eff=89.88 %
Flag_eeBadScFilter: pass=18872      all=18872      -- eff=100.00 % cumulative eff=89.88 %
Flag_ecalBadCalibFilter: pass=18869      all=18872      -- eff=99.98 % cumulative eff=89.87 %
Flag_hfNoisyHitsFilter: pass=18869      all=18869      -- eff=100.00 % cumulative eff=89.87 %
Number of muons 2: pass=523        all=18869      -- eff=2.77 % cumulative eff=2.49 %
Veto VH <= 0 electrons: pass=467        all=523        -- eff=89.29 % cumulative eff=2.22 %
DiMuon From Higgs: pass=360        all=467        -- eff=77.09 % cumulative eff=1.71 %
LeptonChargeSum: pass=305        all=360        -- eff=84.72 % cumulative eff=1.45 %
Hmass>=110: pass=40         all=305        -- eff=13.11 % cumulative eff=0.19 %
[2025-11-25 17:18:39.753] [main] [info] Writing quantities map to /eos/user/j/jiahua/MC_2022EE_inc/MC_2022EE_vbf/WWZ_4F_amcatnlo_22EE/5545a086-0892-4dae-b99d-77059aa344f6_vbfhmm.root
[2025-11-25 17:18:39.813] [main] [info] Finished Evaluation
[2025-11-25 17:18:39.813] [main] [info] Overall runtime (real time: 214.21, CPU time: 202.65)
