000 (13047286.174.000) 11/20 02:50:43 Job submitted from host: <188.185.121.235:9618?addrs=188.185.121.235-9618+[2001-1458-d00-49--100-36e]-9618&alias=bigbird22.cern.ch&noUDP&sock=schedd_232129_c3ca>
...
040 (13047286.174.000) 11/20 03:08:24 Started transferring input files
	Transferring to host: <128.142.161.140:9618?addrs=128.142.161.140-9618+[2001-1458-301-b9--100-9]-9618&alias=b9g03p3557.cern.ch&noUDP&sock=slot1_29_85416_0c8a_75962>
...
040 (13047286.174.000) 11/20 03:08:24 Finished transferring input files
...
001 (13047286.174.000) 11/20 03:08:25 Job executing on host: <128.142.161.140:9618?addrs=128.142.161.140-9618+[2001-1458-301-b9--100-9]-9618&alias=b9g03p3557.cern.ch&noUDP&sock=startd_4176_f795>
	SlotName: slot1_29@b9g03p3557.cern.ch
	CondorScratchDir = "/pool/condor/dir_1772768"
	Cpus = 1
	Disk = 16107
	GPUs = 0
	Memory = 3000
...
006 (13047286.174.000) 11/20 03:08:38 Image size of job updated: 95796
	94  -  MemoryUsage of job (MB)
	95796  -  ResidentSetSize of job (KB)
...
006 (13047286.174.000) 11/20 03:12:21 Image size of job updated: 691948
	94  -  MemoryUsage of job (MB)
	95796  -  ResidentSetSize of job (KB)
...
040 (13047286.174.000) 11/20 03:12:21 Started transferring output files
...
040 (13047286.174.000) 11/20 03:12:21 Finished transferring output files
...
005 (13047286.174.000) 11/20 03:12:21 Job terminated.
	(1) Normal termination (return value 0)
		Usr 0 00:03:37, Sys 0 00:00:02  -  Run Remote Usage
		Usr 0 00:00:00, Sys 0 00:00:00  -  Run Local Usage
		Usr 0 00:03:37, Sys 0 00:00:02  -  Total Remote Usage
		Usr 0 00:00:00, Sys 0 00:00:00  -  Total Local Usage
	9965  -  Run Bytes Sent By Job
	11506596  -  Run Bytes Received By Job
	9965  -  Total Bytes Sent By Job
	11506596  -  Total Bytes Received By Job
	Partitionable Resources :    Usage  Request Allocated 
	   Cpus                 :        0        1         1 
	   Disk (KB)            :    11270    12500     16107 
	   GPUs                 :                           0 
	   Memory (MB)          :       94     3000      3000 
	   TimeExecute (s)      :      236                    
	   TimeSlotBusy (s)     :      237                    

	Job terminated of its own accord at 2025-11-20T02:12:21Z with exit-code 0.
...
