000 (13087767.178.000) 11/21 10:06:07 Job submitted from host: <188.185.121.235:9618?addrs=188.185.121.235-9618+[2001-1458-d00-49--100-36e]-9618&alias=bigbird22.cern.ch&noUDP&sock=schedd_232129_c3ca>
...
040 (13087767.178.000) 11/21 10:08:10 Started transferring input files
	Transferring to host: <188.185.214.81:9618?addrs=188.185.214.81-9618+[2001-1458-303-1c--100-4d]-9618&alias=b9p29p6095.cern.ch&noUDP&sock=slot1_6_9336_ce75_76370>
...
040 (13087767.178.000) 11/21 10:08:10 Finished transferring input files
...
001 (13087767.178.000) 11/21 10:08:11 Job executing on host: <188.185.214.81:9618?addrs=188.185.214.81-9618+[2001-1458-303-1c--100-4d]-9618&alias=b9p29p6095.cern.ch&noUDP&sock=startd_8692_9148>
	SlotName: slot1_6@b9p29p6095.cern.ch
	CondorScratchDir = "/pool/condor/dir_2183625"
	Cpus = 1
	Disk = 16088
	GPUs = 0
	Memory = 3000
...
006 (13087767.178.000) 11/21 10:08:24 Image size of job updated: 153508
	150  -  MemoryUsage of job (MB)
	153508  -  ResidentSetSize of job (KB)
...
006 (13087767.178.000) 11/21 10:10:11 Image size of job updated: 674780
	150  -  MemoryUsage of job (MB)
	153508  -  ResidentSetSize of job (KB)
...
040 (13087767.178.000) 11/21 10:10:11 Started transferring output files
...
040 (13087767.178.000) 11/21 10:10:11 Finished transferring output files
...
005 (13087767.178.000) 11/21 10:10:11 Job terminated.
	(1) Normal termination (return value 0)
		Usr 0 00:01:38, Sys 0 00:00:02  -  Run Remote Usage
		Usr 0 00:00:00, Sys 0 00:00:00  -  Run Local Usage
		Usr 0 00:01:38, Sys 0 00:00:02  -  Total Remote Usage
		Usr 0 00:00:00, Sys 0 00:00:00  -  Total Local Usage
	9883  -  Run Bytes Sent By Job
	11510364  -  Run Bytes Received By Job
	9883  -  Total Bytes Sent By Job
	11510364  -  Total Bytes Received By Job
	Partitionable Resources :    Usage  Request Allocated 
	   Cpus                 :     0.57        1         1 
	   Disk (KB)            : 11274       12500     16088 
	   GPUs                 :                           0 
	   Memory (MB)          :   150        3000      3000 
	   TimeExecute (s)      :   120                       
	   TimeSlotBusy (s)     :   122                       

	Job terminated of its own accord at 2025-11-21T09:10:11Z with exit-code 0.
...
