000 (13204027.005.000) 11/25 17:12:13 Job submitted from host: <188.185.121.235:9618?addrs=188.185.121.235-9618+[2001-1458-d00-49--100-36e]-9618&alias=bigbird22.cern.ch&noUDP&sock=schedd_232129_c3ca>
...
040 (13204027.005.000) 11/25 17:13:07 Started transferring input files
	Transferring to host: <188.185.210.62:9618?addrs=188.185.210.62-9618+[2001-1458-303-1--100-3a]-9618&alias=b9p21p9921.cern.ch&noUDP&sock=slot1_4_5587_4bfc_89594>
...
040 (13204027.005.000) 11/25 17:13:07 Finished transferring input files
...
001 (13204027.005.000) 11/25 17:13:08 Job executing on host: <188.185.210.62:9618?addrs=188.185.210.62-9618+[2001-1458-303-1--100-3a]-9618&alias=b9p21p9921.cern.ch&noUDP&sock=startd_4609_f817>
	SlotName: slot1_4@b9p21p9921.cern.ch
	CondorScratchDir = "/pool/condor/dir_2672106"
	Cpus = 1
	Disk = 16188
	GPUs = 0
	Memory = 3000
...
006 (13204027.005.000) 11/25 17:13:21 Image size of job updated: 121232
	119  -  MemoryUsage of job (MB)
	121232  -  ResidentSetSize of job (KB)
...
006 (13204027.005.000) 11/25 17:15:13 Image size of job updated: 715736
	119  -  MemoryUsage of job (MB)
	121232  -  ResidentSetSize of job (KB)
...
040 (13204027.005.000) 11/25 17:15:13 Started transferring output files
...
040 (13204027.005.000) 11/25 17:15:13 Finished transferring output files
...
005 (13204027.005.000) 11/25 17:15:13 Job terminated.
	(1) Normal termination (return value 0)
		Usr 0 00:01:45, Sys 0 00:00:03  -  Run Remote Usage
		Usr 0 00:00:00, Sys 0 00:00:00  -  Run Local Usage
		Usr 0 00:01:45, Sys 0 00:00:03  -  Total Remote Usage
		Usr 0 00:00:00, Sys 0 00:00:00  -  Total Local Usage
	9926  -  Run Bytes Sent By Job
	11510364  -  Run Bytes Received By Job
	9926  -  Total Bytes Sent By Job
	11510364  -  Total Bytes Received By Job
	Partitionable Resources :    Usage  Request Allocated 
	   Cpus                 :        0        1         1 
	   Disk (KB)            :    11275    12500     16188 
	   GPUs                 :                           0 
	   Memory (MB)          :      119     3000      3000 
	   TimeExecute (s)      :      125                    
	   TimeSlotBusy (s)     :      126                    

	Job terminated of its own accord at 2025-11-25T16:15:13Z with exit-code 0.
...
