Starting job on \n
Running on: Linux b9p13p6936.cern.ch 5.14.0-570.44.1.el9_6.x86_64 #1 SMP PREEMPT_DYNAMIC Tue Sep 9 05:17:30 EDT 2025 x86_64 x86_64 x86_64 GNU/Linux\n
System software: Red Hat Enterprise Linux release 9.7 (Plow)\n
Setting up CROWN for RedHatEnterprise Version 9.7
subject   : /DC=ch/DC=cern/OU=Organic Units/OU=Users/CN=jiahua/CN=851532/CN=Jiahua Chen/CN=2045128514
issuer    : /DC=ch/DC=cern/OU=Organic Units/OU=Users/CN=jiahua/CN=851532/CN=Jiahua Chen
identity  : /DC=ch/DC=cern/OU=Organic Units/OU=Users/CN=jiahua/CN=851532/CN=Jiahua Chen
type      : RFC compliant proxy
strength  : 2048 bits
path      : /afs/cern.ch/user/j/jiahua/proxy/x509up_u139833
timeleft  : 65:33:54
key usage : Digital Signature, Key Encipherment
=== VO cms extension information ===
VO        : cms
subject   : /DC=ch/DC=cern/OU=Organic Units/OU=Users/CN=jiahua/CN=851532/CN=Jiahua Chen
issuer    : /DC=ch/DC=cern/OU=computers/CN=cms-auth.cern.ch
attribute : /cms/Role=NULL/Capability=NULL
timeleft  : 57:33:53
uri       : voms-cms-auth.cern.ch:15000
subject   : /DC=ch/DC=cern/OU=Organic Units/OU=Users/CN=jiahua/CN=851532/CN=Jiahua Chen/CN=2045128514
issuer    : /DC=ch/DC=cern/OU=Organic Units/OU=Users/CN=jiahua/CN=851532/CN=Jiahua Chen
identity  : /DC=ch/DC=cern/OU=Organic Units/OU=Users/CN=jiahua/CN=851532/CN=Jiahua Chen
type      : RFC compliant proxy
strength  : 2048 bits
path      : /afs/cern.ch/user/j/jiahua/proxy/x509up_u139833
timeleft  : 65:33:54
key usage : Digital Signature, Key Encipherment
=== VO cms extension information ===
VO        : cms
subject   : /DC=ch/DC=cern/OU=Organic Units/OU=Users/CN=jiahua/CN=851532/CN=Jiahua Chen
issuer    : /DC=ch/DC=cern/OU=computers/CN=cms-auth.cern.ch
attribute : /cms/Role=NULL/Capability=NULL
timeleft  : 57:33:53
uri       : voms-cms-auth.cern.ch:15000
/eos/user/j/jiahua/MC_2022EE_inc/MC_2022EE_vbf/WWZ_4F_amcatnlo_22EE/cd53a8f1-5900-48cc-81e6-7c0d0cd5cd3d.root
[2025-11-25 17:14:49.789] [main] [info] Checking input files
[2025-11-25 17:14:57.998] [main] [info] NanoAOD input_file 1: root://cms-xrd-global.cern.ch//store/mc/Run3Summer22EENanoAODv12/WWZ_4F_TuneCP5_13p6TeV_amcatnlo-pythia8/NANOAODSIM/130X_mcRun3_2022_realistic_postEE_v6-v2/2530000/cd53a8f1-5900-48cc-81e6-7c0d0cd5cd3d.root - 40544 Events
[2025-11-25 17:14:57.998] [main] [info] input_file 1: root://cms-xrd-global.cern.ch//store/mc/Run3Summer22EENanoAODv12/WWZ_4F_TuneCP5_13p6TeV_amcatnlo-pythia8/NANOAODSIM/130X_mcRun3_2022_realistic_postEE_v6-v2/2530000/cd53a8f1-5900-48cc-81e6-7c0d0cd5cd3d.root - SumOfGenWeight: 7531.39104896 
[2025-11-25 17:14:57.998] [main] [info] Output directory: /eos/user/j/jiahua/MC_2022EE_inc/MC_2022EE_vbf/WWZ_4F_amcatnlo_22EE/cd53a8f1-5900-48cc-81e6-7c0d0cd5cd3d.root
[2025-11-25 17:14:58.016] [main] [info] Starting Setup of Dataframe with 40544 events
[2025-11-25 17:17:04.310] [main] [info] Finished Setup
[2025-11-25 17:17:04.310] [main] [info] Runtime for setup (real time: 126.31, CPU time: 120.52)
[2025-11-25 17:17:04.310] [main] [info] Starting Evaluation
[2025-11-25 17:17:51.014] [main] [info] 10000 / 40544 (24.66 %) Events processed ...
[2025-11-25 17:18:18.605] [main] [info] 20000 / 40544 (49.33 %) Events processed ...
[2025-11-25 17:18:50.001] [main] [info] 30000 / 40544 (73.99 %) Events processed ...
[2025-11-25 17:19:16.135] [main] [info] 40000 / 40544 (98.66 %) Events processed ...
[2025-11-25 17:19:17.597] [main] [info] vbfhmm:
GoodJetsCollection: pass=36401      all=40544      -- eff=89.78 % cumulative eff=89.78 %
Flag_goodVertices: pass=36401      all=36401      -- eff=100.00 % cumulative eff=89.78 %
Flag_globalSuperTightHalo2016Filter: pass=36387      all=36401      -- eff=99.96 % cumulative eff=89.75 %
Flag_EcalDeadCellTriggerPrimitiveFilter: pass=36373      all=36387      -- eff=99.96 % cumulative eff=89.71 %
Flag_BadPFMuonFilter: pass=36372      all=36373      -- eff=100.00 % cumulative eff=89.71 %
Flag_BadPFMuonDzFilter: pass=36372      all=36372      -- eff=100.00 % cumulative eff=89.71 %
Flag_eeBadScFilter: pass=36372      all=36372      -- eff=100.00 % cumulative eff=89.71 %
Flag_ecalBadCalibFilter: pass=36361      all=36372      -- eff=99.97 % cumulative eff=89.68 %
Flag_hfNoisyHitsFilter: pass=36360      all=36361      -- eff=100.00 % cumulative eff=89.68 %
Number of muons 2: pass=961        all=36360      -- eff=2.64 % cumulative eff=2.37 %
Veto VH <= 0 electrons: pass=834        all=961        -- eff=86.78 % cumulative eff=2.06 %
DiMuon From Higgs: pass=641        all=834        -- eff=76.86 % cumulative eff=1.58 %
LeptonChargeSum: pass=547        all=641        -- eff=85.34 % cumulative eff=1.35 %
Hmass>=110: pass=49         all=547        -- eff=8.96 % cumulative eff=0.12 %
[2025-11-25 17:19:17.728] [main] [info] Writing quantities map to /eos/user/j/jiahua/MC_2022EE_inc/MC_2022EE_vbf/WWZ_4F_amcatnlo_22EE/cd53a8f1-5900-48cc-81e6-7c0d0cd5cd3d_vbfhmm.root
[2025-11-25 17:19:17.785] [main] [info] Finished Evaluation
[2025-11-25 17:19:17.785] [main] [info] Overall runtime (real time: 259.79, CPU time: 247.94)
