000 (13087767.063.000) 11/21 10:06:06 Job submitted from host: <188.185.121.235:9618?addrs=188.185.121.235-9618+[2001-1458-d00-49--100-36e]-9618&alias=bigbird22.cern.ch&noUDP&sock=schedd_232129_c3ca>
...
040 (13087767.063.000) 11/21 10:07:16 Started transferring input files
	Transferring to host: <188.185.214.63:9618?addrs=188.185.214.63-9618+[2001-1458-303-1c--100-3b]-9618&alias=b9p29p3403.cern.ch&noUDP&sock=slot1_18_6531_6e23_76324>
...
040 (13087767.063.000) 11/21 10:07:16 Finished transferring input files
...
001 (13087767.063.000) 11/21 10:07:17 Job executing on host: <188.185.214.63:9618?addrs=188.185.214.63-9618+[2001-1458-303-1c--100-3b]-9618&alias=b9p29p3403.cern.ch&noUDP&sock=startd_5571_d233>
	SlotName: slot1_18@b9p29p3403.cern.ch
	CondorScratchDir = "/pool/condor/dir_2163557"
	Cpus = 1
	Disk = 16104
	GPUs = 0
	Memory = 3000
...
006 (13087767.063.000) 11/21 10:07:31 Image size of job updated: 154440
	151  -  MemoryUsage of job (MB)
	154440  -  ResidentSetSize of job (KB)
...
006 (13087767.063.000) 11/21 10:09:09 Image size of job updated: 675840
	151  -  MemoryUsage of job (MB)
	154440  -  ResidentSetSize of job (KB)
...
040 (13087767.063.000) 11/21 10:09:09 Started transferring output files
...
040 (13087767.063.000) 11/21 10:09:09 Finished transferring output files
...
005 (13087767.063.000) 11/21 10:09:09 Job terminated.
	(1) Normal termination (return value 0)
		Usr 0 00:01:34, Sys 0 00:00:02  -  Run Remote Usage
		Usr 0 00:00:00, Sys 0 00:00:00  -  Run Local Usage
		Usr 0 00:01:34, Sys 0 00:00:02  -  Total Remote Usage
		Usr 0 00:00:00, Sys 0 00:00:00  -  Total Local Usage
	9870  -  Run Bytes Sent By Job
	11510364  -  Run Bytes Received By Job
	9870  -  Total Bytes Sent By Job
	11510364  -  Total Bytes Received By Job
	Partitionable Resources :    Usage  Request Allocated 
	   Cpus                 :        0        1         1 
	   Disk (KB)            :    11273    12500     16104 
	   GPUs                 :                           0 
	   Memory (MB)          :      151     3000      3000 
	   TimeExecute (s)      :      112                    
	   TimeSlotBusy (s)     :      114                    

	Job terminated of its own accord at 2025-11-21T09:09:09Z with exit-code 0.
...
