Starting job on \n
Running on: Linux b9g12p1637.cern.ch 5.14.0-611.7.1.el9_7.x86_64 #1 SMP PREEMPT_DYNAMIC Thu Oct 30 06:20:35 EDT 2025 x86_64 x86_64 x86_64 GNU/Linux\n
System software: Red Hat Enterprise Linux release 9.7 (Plow)\n
Setting up CROWN for RedHatEnterprise Version 9.7
subject   : /DC=ch/DC=cern/OU=Organic Units/OU=Users/CN=jiahua/CN=851532/CN=Jiahua Chen/CN=2045128514
issuer    : /DC=ch/DC=cern/OU=Organic Units/OU=Users/CN=jiahua/CN=851532/CN=Jiahua Chen
identity  : /DC=ch/DC=cern/OU=Organic Units/OU=Users/CN=jiahua/CN=851532/CN=Jiahua Chen
type      : RFC compliant proxy
strength  : 2048 bits
path      : /afs/cern.ch/user/j/jiahua/proxy/x509up_u139833
timeleft  : 168:40:37
key usage : Digital Signature, Key Encipherment
=== VO cms extension information ===
VO        : cms
subject   : /DC=ch/DC=cern/OU=Organic Units/OU=Users/CN=jiahua/CN=851532/CN=Jiahua Chen
issuer    : /DC=ch/DC=cern/OU=computers/CN=cms-auth.cern.ch
attribute : /cms/Role=NULL/Capability=NULL
timeleft  : 160:40:36
uri       : voms-cms-auth.cern.ch:15000
subject   : /DC=ch/DC=cern/OU=Organic Units/OU=Users/CN=jiahua/CN=851532/CN=Jiahua Chen/CN=2045128514
issuer    : /DC=ch/DC=cern/OU=Organic Units/OU=Users/CN=jiahua/CN=851532/CN=Jiahua Chen
identity  : /DC=ch/DC=cern/OU=Organic Units/OU=Users/CN=jiahua/CN=851532/CN=Jiahua Chen
type      : RFC compliant proxy
strength  : 2048 bits
path      : /afs/cern.ch/user/j/jiahua/proxy/x509up_u139833
timeleft  : 168:40:37
key usage : Digital Signature, Key Encipherment
=== VO cms extension information ===
VO        : cms
subject   : /DC=ch/DC=cern/OU=Organic Units/OU=Users/CN=jiahua/CN=851532/CN=Jiahua Chen
issuer    : /DC=ch/DC=cern/OU=computers/CN=cms-auth.cern.ch
attribute : /cms/Role=NULL/Capability=NULL
timeleft  : 160:40:36
uri       : voms-cms-auth.cern.ch:15000
/eos/user/j/jiahua/MC_2022EE_inc/MC_2022EE_vbf/TbarWplusto2L2Nu_powheg_22EE_ext1-v2/ceef30a9-ead8-4d6c-be35-232579b49523.root
[2025-11-21 10:08:06.852] [main] [info] Checking input files
[2025-11-21 10:08:15.042] [main] [info] NanoAOD input_file 1: root://cms-xrd-global.cern.ch//store/mc/Run3Summer22EENanoAODv12/TbarWplusto2L2Nu_TuneCP5_13p6TeV_powheg-pythia8/NANOAODSIM/130X_mcRun3_2022_realistic_postEE_v6_ext1-v2/2540000/ceef30a9-ead8-4d6c-be35-232579b49523.root - 86620 Events
[2025-11-21 10:08:15.042] [main] [info] input_file 1: root://cms-xrd-global.cern.ch//store/mc/Run3Summer22EENanoAODv12/TbarWplusto2L2Nu_TuneCP5_13p6TeV_powheg-pythia8/NANOAODSIM/130X_mcRun3_2022_realistic_postEE_v6_ext1-v2/2540000/ceef30a9-ead8-4d6c-be35-232579b49523.root - SumOfGenWeight: 329648.55330000067 
[2025-11-21 10:08:15.042] [main] [info] Output directory: /eos/user/j/jiahua/MC_2022EE_inc/MC_2022EE_vbf/TbarWplusto2L2Nu_powheg_22EE_ext1-v2/ceef30a9-ead8-4d6c-be35-232579b49523.root
[2025-11-21 10:08:15.046] [main] [info] Starting Setup of Dataframe with 86620 events
[2025-11-21 10:10:31.929] [main] [info] Finished Setup
[2025-11-21 10:10:31.929] [main] [info] Runtime for setup (real time: 136.89, CPU time: 131.87)
[2025-11-21 10:10:31.929] [main] [info] Starting Evaluation
[2025-11-21 10:11:30.894] [main] [info] 10000 / 86620 (11.54 %) Events processed ...
[2025-11-21 10:11:58.710] [main] [info] 20000 / 86620 (23.09 %) Events processed ...
[2025-11-21 10:12:22.261] [main] [info] 30000 / 86620 (34.63 %) Events processed ...
[2025-11-21 10:12:50.566] [main] [info] 40000 / 86620 (46.18 %) Events processed ...
[2025-11-21 10:13:19.126] [main] [info] 50000 / 86620 (57.72 %) Events processed ...
[2025-11-21 10:13:47.786] [main] [info] 60000 / 86620 (69.27 %) Events processed ...
[2025-11-21 10:14:13.342] [main] [info] 70000 / 86620 (80.81 %) Events processed ...
[2025-11-21 10:14:38.987] [main] [info] 80000 / 86620 (92.36 %) Events processed ...
[2025-11-21 10:14:55.813] [main] [info] vbfhmm:
GoodJetsCollection: pass=79217      all=86620      -- eff=91.45 % cumulative eff=91.45 %
Flag_goodVertices: pass=79217      all=79217      -- eff=100.00 % cumulative eff=91.45 %
Flag_globalSuperTightHalo2016Filter: pass=79209      all=79217      -- eff=99.99 % cumulative eff=91.44 %
Flag_EcalDeadCellTriggerPrimitiveFilter: pass=79198      all=79209      -- eff=99.99 % cumulative eff=91.43 %
Flag_BadPFMuonFilter: pass=79194      all=79198      -- eff=99.99 % cumulative eff=91.43 %
Flag_BadPFMuonDzFilter: pass=79192      all=79194      -- eff=100.00 % cumulative eff=91.42 %
Flag_eeBadScFilter: pass=79192      all=79192      -- eff=100.00 % cumulative eff=91.42 %
Flag_ecalBadCalibFilter: pass=79179      all=79192      -- eff=99.98 % cumulative eff=91.41 %
Flag_hfNoisyHitsFilter: pass=79176      all=79179      -- eff=100.00 % cumulative eff=91.41 %
Number of muons 2: pass=5566       all=79176      -- eff=7.03 % cumulative eff=6.43 %
Veto VH <= 0 electrons: pass=5513       all=5566       -- eff=99.05 % cumulative eff=6.36 %
DiMuon From Higgs: pass=2538       all=5513       -- eff=46.04 % cumulative eff=2.93 %
LeptonChargeSum: pass=2526       all=2538       -- eff=99.53 % cumulative eff=2.92 %
Hmass>=110: pass=1341       all=2526       -- eff=53.09 % cumulative eff=1.55 %
[2025-11-21 10:14:56.812] [main] [info] Writing quantities map to /eos/user/j/jiahua/MC_2022EE_inc/MC_2022EE_vbf/TbarWplusto2L2Nu_powheg_22EE_ext1-v2/ceef30a9-ead8-4d6c-be35-232579b49523_vbfhmm.root
[2025-11-21 10:14:57.342] [main] [info] Finished Evaluation
[2025-11-21 10:14:57.342] [main] [info] Overall runtime (real time: 402.30, CPU time: 388.34)
