Starting job on \n
Running on: Linux b9g32p1957.cern.ch 5.14.0-570.42.2.el9_6.x86_64 #1 SMP PREEMPT_DYNAMIC Mon Sep 8 12:15:13 EDT 2025 x86_64 x86_64 x86_64 GNU/Linux\n
System software: Red Hat Enterprise Linux release 9.7 (Plow)\n
Setting up CROWN for RedHatEnterprise Version 9.7
subject   : /DC=ch/DC=cern/OU=Organic Units/OU=Users/CN=jiahua/CN=851532/CN=Jiahua Chen/CN=2045128514
issuer    : /DC=ch/DC=cern/OU=Organic Units/OU=Users/CN=jiahua/CN=851532/CN=Jiahua Chen
identity  : /DC=ch/DC=cern/OU=Organic Units/OU=Users/CN=jiahua/CN=851532/CN=Jiahua Chen
type      : RFC compliant proxy
strength  : 2048 bits
path      : /afs/cern.ch/user/j/jiahua/proxy/x509up_u139833
timeleft  : 65:33:33
key usage : Digital Signature, Key Encipherment
=== VO cms extension information ===
VO        : cms
subject   : /DC=ch/DC=cern/OU=Organic Units/OU=Users/CN=jiahua/CN=851532/CN=Jiahua Chen
issuer    : /DC=ch/DC=cern/OU=computers/CN=cms-auth.cern.ch
attribute : /cms/Role=NULL/Capability=NULL
timeleft  : 57:33:32
uri       : voms-cms-auth.cern.ch:15000
subject   : /DC=ch/DC=cern/OU=Organic Units/OU=Users/CN=jiahua/CN=851532/CN=Jiahua Chen/CN=2045128514
issuer    : /DC=ch/DC=cern/OU=Organic Units/OU=Users/CN=jiahua/CN=851532/CN=Jiahua Chen
identity  : /DC=ch/DC=cern/OU=Organic Units/OU=Users/CN=jiahua/CN=851532/CN=Jiahua Chen
type      : RFC compliant proxy
strength  : 2048 bits
path      : /afs/cern.ch/user/j/jiahua/proxy/x509up_u139833
timeleft  : 65:33:33
key usage : Digital Signature, Key Encipherment
=== VO cms extension information ===
VO        : cms
subject   : /DC=ch/DC=cern/OU=Organic Units/OU=Users/CN=jiahua/CN=851532/CN=Jiahua Chen
issuer    : /DC=ch/DC=cern/OU=computers/CN=cms-auth.cern.ch
attribute : /cms/Role=NULL/Capability=NULL
timeleft  : 57:33:32
uri       : voms-cms-auth.cern.ch:15000
/eos/user/j/jiahua/MC_2022EE_inc/MC_2022EE_vbf/ZZZ_amcatnlo_22EE/d7085af5-7d9f-43ea-b50e-8b04c9efdf51.root
[2025-11-25 17:15:11.022] [main] [info] Checking input files
[2025-11-25 17:15:18.277] [main] [info] NanoAOD input_file 1: root://cms-xrd-global.cern.ch//store/mc/Run3Summer22EENanoAODv12/ZZZ_TuneCP5_13p6TeV_amcatnlo-pythia8/NANOAODSIM/130X_mcRun3_2022_realistic_postEE_v6-v2/50000/d7085af5-7d9f-43ea-b50e-8b04c9efdf51.root - 183600 Events
[2025-11-25 17:15:18.277] [main] [info] input_file 1: root://cms-xrd-global.cern.ch//store/mc/Run3Summer22EENanoAODv12/ZZZ_TuneCP5_13p6TeV_amcatnlo-pythia8/NANOAODSIM/130X_mcRun3_2022_realistic_postEE_v6-v2/50000/d7085af5-7d9f-43ea-b50e-8b04c9efdf51.root - SumOfGenWeight: 2919.1413511780006 
[2025-11-25 17:15:18.277] [main] [info] Output directory: /eos/user/j/jiahua/MC_2022EE_inc/MC_2022EE_vbf/ZZZ_amcatnlo_22EE/d7085af5-7d9f-43ea-b50e-8b04c9efdf51.root
[2025-11-25 17:15:18.283] [main] [info] Starting Setup of Dataframe with 183600 events
[2025-11-25 17:16:40.253] [main] [info] Finished Setup
[2025-11-25 17:16:40.253] [main] [info] Runtime for setup (real time: 81.98, CPU time: 76.43)
[2025-11-25 17:16:40.253] [main] [info] Starting Evaluation
[2025-11-25 17:17:23.126] [main] [info] 10000 / 183600 (5.45 %) Events processed ...
[2025-11-25 17:17:42.942] [main] [info] 20000 / 183600 (10.89 %) Events processed ...
[2025-11-25 17:18:07.974] [main] [info] 30000 / 183600 (16.34 %) Events processed ...
[2025-11-25 17:18:26.006] [main] [info] 40000 / 183600 (21.79 %) Events processed ...
[2025-11-25 17:18:43.147] [main] [info] 50000 / 183600 (27.23 %) Events processed ...
[2025-11-25 17:19:07.537] [main] [info] 60000 / 183600 (32.68 %) Events processed ...
[2025-11-25 17:19:29.396] [main] [info] 70000 / 183600 (38.13 %) Events processed ...
[2025-11-25 17:19:50.255] [main] [info] 80000 / 183600 (43.57 %) Events processed ...
[2025-11-25 17:20:14.029] [main] [info] 90000 / 183600 (49.02 %) Events processed ...
[2025-11-25 17:20:32.958] [main] [info] 100000 / 183600 (54.47 %) Events processed ...
[2025-11-25 17:20:57.958] [main] [info] 110000 / 183600 (59.91 %) Events processed ...
[2025-11-25 17:21:15.477] [main] [info] 120000 / 183600 (65.36 %) Events processed ...
[2025-11-25 17:21:36.079] [main] [info] 130000 / 183600 (70.81 %) Events processed ...
[2025-11-25 17:21:58.931] [main] [info] 140000 / 183600 (76.25 %) Events processed ...
[2025-11-25 17:22:20.103] [main] [info] 150000 / 183600 (81.70 %) Events processed ...
[2025-11-25 17:22:41.723] [main] [info] 160000 / 183600 (87.15 %) Events processed ...
[2025-11-25 17:23:04.526] [main] [info] 170000 / 183600 (92.59 %) Events processed ...
[2025-11-25 17:23:23.265] [main] [info] 180000 / 183600 (98.04 %) Events processed ...
[2025-11-25 17:23:30.348] [main] [info] vbfhmm:
GoodJetsCollection: pass=164898     all=183600     -- eff=89.81 % cumulative eff=89.81 %
Flag_goodVertices: pass=164898     all=164898     -- eff=100.00 % cumulative eff=89.81 %
Flag_globalSuperTightHalo2016Filter: pass=164850     all=164898     -- eff=99.97 % cumulative eff=89.79 %
Flag_EcalDeadCellTriggerPrimitiveFilter: pass=164828     all=164850     -- eff=99.99 % cumulative eff=89.78 %
Flag_BadPFMuonFilter: pass=164820     all=164828     -- eff=100.00 % cumulative eff=89.77 %
Flag_BadPFMuonDzFilter: pass=164816     all=164820     -- eff=100.00 % cumulative eff=89.77 %
Flag_eeBadScFilter: pass=164816     all=164816     -- eff=100.00 % cumulative eff=89.77 %
Flag_ecalBadCalibFilter: pass=164791     all=164816     -- eff=99.98 % cumulative eff=89.76 %
Flag_hfNoisyHitsFilter: pass=164785     all=164791     -- eff=100.00 % cumulative eff=89.75 %
Number of muons 2: pass=8536       all=164785     -- eff=5.18 % cumulative eff=4.65 %
Veto VH <= 0 electrons: pass=7909       all=8536       -- eff=92.65 % cumulative eff=4.31 %
DiMuon From Higgs: pass=7710       all=7909       -- eff=97.48 % cumulative eff=4.20 %
LeptonChargeSum: pass=7481       all=7710       -- eff=97.03 % cumulative eff=4.07 %
Hmass>=110: pass=51         all=7481       -- eff=0.68 % cumulative eff=0.03 %
[2025-11-25 17:23:32.643] [main] [info] Writing quantities map to /eos/user/j/jiahua/MC_2022EE_inc/MC_2022EE_vbf/ZZZ_amcatnlo_22EE/d7085af5-7d9f-43ea-b50e-8b04c9efdf51_vbfhmm.root
[2025-11-25 17:23:33.683] [main] [info] Finished Evaluation
[2025-11-25 17:23:33.683] [main] [info] Overall runtime (real time: 495.41, CPU time: 456.03)
