000 (13204029.019.000) 11/25 17:12:15 Job submitted from host: <188.185.121.235:9618?addrs=188.185.121.235-9618+[2001-1458-d00-49--100-36e]-9618&alias=bigbird22.cern.ch&noUDP&sock=schedd_232129_c3ca>
...
040 (13204029.019.000) 11/25 17:14:49 Started transferring input files
	Transferring to host: <128.142.132.104:9618?addrs=128.142.132.104-9618+[2001-1458-301-5a--100-5c]-9618&alias=b9g12p5821.cern.ch&noUDP&sock=slot1_35_2825_37cc_65097>
...
040 (13204029.019.000) 11/25 17:14:49 Finished transferring input files
...
001 (13204029.019.000) 11/25 17:14:50 Job executing on host: <128.142.132.104:9618?addrs=128.142.132.104-9618+[2001-1458-301-5a--100-5c]-9618&alias=b9g12p5821.cern.ch&noUDP&sock=startd_2425_ed41>
	SlotName: slot1_35@b9g12p5821.cern.ch
	CondorScratchDir = "/pool/condor/dir_1924139"
	Cpus = 1
	Disk = 15021
	GPUs = 0
	Memory = 3000
...
006 (13204029.019.000) 11/25 17:15:04 Image size of job updated: 39816
	1  -  MemoryUsage of job (MB)
	888  -  ResidentSetSize of job (KB)
...
006 (13204029.019.000) 11/25 17:20:05 Image size of job updated: 702260
	686  -  MemoryUsage of job (MB)
	702260  -  ResidentSetSize of job (KB)
...
006 (13204029.019.000) 11/25 17:25:05 Image size of job updated: 702328
	686  -  MemoryUsage of job (MB)
	702328  -  ResidentSetSize of job (KB)
...
006 (13204029.019.000) 11/25 17:26:42 Image size of job updated: 703376
	686  -  MemoryUsage of job (MB)
	702328  -  ResidentSetSize of job (KB)
...
040 (13204029.019.000) 11/25 17:26:42 Started transferring output files
...
040 (13204029.019.000) 11/25 17:26:43 Finished transferring output files
...
005 (13204029.019.000) 11/25 17:26:43 Job terminated.
	(1) Normal termination (return value 0)
		Usr 0 00:10:37, Sys 0 00:00:07  -  Run Remote Usage
		Usr 0 00:00:00, Sys 0 00:00:00  -  Run Local Usage
		Usr 0 00:10:37, Sys 0 00:00:07  -  Total Remote Usage
		Usr 0 00:00:00, Sys 0 00:00:00  -  Total Local Usage
	10916  -  Run Bytes Sent By Job
	11510364  -  Run Bytes Received By Job
	10916  -  Total Bytes Sent By Job
	11510364  -  Total Bytes Received By Job
	Partitionable Resources :    Usage  Request Allocated 
	   Cpus                 :     0.86        1         1 
	   Disk (KB)            : 11274       12500     15021 
	   GPUs                 :                           0 
	   Memory (MB)          :   686        3000      3000 
	   TimeExecute (s)      :   712                       
	   TimeSlotBusy (s)     :   715                       

	Job terminated of its own accord at 2025-11-25T16:26:42Z with exit-code 0.
...
