000 (13204029.024.000) 11/25 17:12:15 Job submitted from host: <188.185.121.235:9618?addrs=188.185.121.235-9618+[2001-1458-d00-49--100-36e]-9618&alias=bigbird22.cern.ch&noUDP&sock=schedd_232129_c3ca>
...
040 (13204029.024.000) 11/25 17:14:51 Started transferring input files
	Transferring to host: <128.142.132.134:9618?addrs=128.142.132.134-9618+[2001-1458-301-5a--100-7a]-9618&alias=b9g12p1992.cern.ch&noUDP&sock=slot1_12_2829_094c_62437>
...
040 (13204029.024.000) 11/25 17:14:51 Finished transferring input files
...
001 (13204029.024.000) 11/25 17:14:52 Job executing on host: <128.142.132.134:9618?addrs=128.142.132.134-9618+[2001-1458-301-5a--100-7a]-9618&alias=b9g12p1992.cern.ch&noUDP&sock=startd_2449_6386>
	SlotName: slot1_12@b9g12p1992.cern.ch
	CondorScratchDir = "/pool/condor/dir_3620518"
	Cpus = 1
	Disk = 15037
	GPUs = 0
	Memory = 3000
...
006 (13204029.024.000) 11/25 17:15:06 Image size of job updated: 36088
	2  -  MemoryUsage of job (MB)
	1404  -  ResidentSetSize of job (KB)
...
006 (13204029.024.000) 11/25 17:20:07 Image size of job updated: 700040
	684  -  MemoryUsage of job (MB)
	700040  -  ResidentSetSize of job (KB)
...
006 (13204029.024.000) 11/25 17:25:08 Image size of job updated: 700136
	684  -  MemoryUsage of job (MB)
	700136  -  ResidentSetSize of job (KB)
...
006 (13204029.024.000) 11/25 17:26:16 Image size of job updated: 700468
	684  -  MemoryUsage of job (MB)
	700136  -  ResidentSetSize of job (KB)
...
040 (13204029.024.000) 11/25 17:26:16 Started transferring output files
...
040 (13204029.024.000) 11/25 17:26:16 Finished transferring output files
...
005 (13204029.024.000) 11/25 17:26:16 Job terminated.
	(1) Normal termination (return value 0)
		Usr 0 00:10:19, Sys 0 00:00:04  -  Run Remote Usage
		Usr 0 00:00:00, Sys 0 00:00:00  -  Run Local Usage
		Usr 0 00:10:19, Sys 0 00:00:04  -  Total Remote Usage
		Usr 0 00:00:00, Sys 0 00:00:00  -  Total Local Usage
	10826  -  Run Bytes Sent By Job
	11510364  -  Run Bytes Received By Job
	10826  -  Total Bytes Sent By Job
	11510364  -  Total Bytes Received By Job
	Partitionable Resources :    Usage  Request Allocated 
	   Cpus                 :     0.71        1         1 
	   Disk (KB)            : 11275       12500     15037 
	   GPUs                 :                           0 
	   Memory (MB)          :   684        3000      3000 
	   TimeExecute (s)      :   684                       
	   TimeSlotBusy (s)     :   686                       

	Job terminated of its own accord at 2025-11-25T16:26:16Z with exit-code 0.
...
