000 (13204027.011.000) 11/25 17:12:13 Job submitted from host: <188.185.121.235:9618?addrs=188.185.121.235-9618+[2001-1458-d00-49--100-36e]-9618&alias=bigbird22.cern.ch&noUDP&sock=schedd_232129_c3ca>
...
040 (13204027.011.000) 11/25 17:14:22 Started transferring input files
	Transferring to host: <188.185.206.179:9618?addrs=188.185.206.179-9618+[2001-1458-303-c--100-30]-9618&alias=b9p06p2373.cern.ch&noUDP&sock=slot1_13_6053_a2cf_58308>
...
040 (13204027.011.000) 11/25 17:14:22 Finished transferring input files
...
001 (13204027.011.000) 11/25 17:14:23 Job executing on host: <188.185.206.179:9618?addrs=188.185.206.179-9618+[2001-1458-303-c--100-30]-9618&alias=b9p06p2373.cern.ch&noUDP&sock=startd_5010_0592>
	SlotName: slot1_13@b9p06p2373.cern.ch
	CondorScratchDir = "/pool/condor/dir_2727660"
	Cpus = 1
	Disk = 16014
	GPUs = 0
	Memory = 3000
...
006 (13204027.011.000) 11/25 17:14:36 Image size of job updated: 97548
	96  -  MemoryUsage of job (MB)
	97548  -  ResidentSetSize of job (KB)
...
006 (13204027.011.000) 11/25 17:16:33 Image size of job updated: 671608
	96  -  MemoryUsage of job (MB)
	97548  -  ResidentSetSize of job (KB)
...
040 (13204027.011.000) 11/25 17:16:33 Started transferring output files
...
040 (13204027.011.000) 11/25 17:16:33 Finished transferring output files
...
005 (13204027.011.000) 11/25 17:16:33 Job terminated.
	(1) Normal termination (return value 0)
		Usr 0 00:01:46, Sys 0 00:00:03  -  Run Remote Usage
		Usr 0 00:00:00, Sys 0 00:00:00  -  Run Local Usage
		Usr 0 00:01:46, Sys 0 00:00:03  -  Total Remote Usage
		Usr 0 00:00:00, Sys 0 00:00:00  -  Total Local Usage
	9836  -  Run Bytes Sent By Job
	11510364  -  Run Bytes Received By Job
	9836  -  Total Bytes Sent By Job
	11510364  -  Total Bytes Received By Job
	Partitionable Resources :    Usage  Request Allocated 
	   Cpus                 :     0.07        1         1 
	   Disk (KB)            : 11276       12500     16014 
	   GPUs                 :                           0 
	   Memory (MB)          :    96        3000      3000 
	   TimeExecute (s)      :   130                       
	   TimeSlotBusy (s)     :   132                       

	Job terminated of its own accord at 2025-11-25T16:16:33Z with exit-code 0.
...
