000 (13204029.017.000) 11/25 17:12:15 Job submitted from host: <188.185.121.235:9618?addrs=188.185.121.235-9618+[2001-1458-d00-49--100-36e]-9618&alias=bigbird22.cern.ch&noUDP&sock=schedd_232129_c3ca>
...
040 (13204029.017.000) 11/25 17:14:50 Started transferring input files
	Transferring to host: <128.142.132.113:9618?addrs=128.142.132.113-9618+[2001-1458-301-5a--100-65]-9618&alias=b9g12p6271.cern.ch&noUDP&sock=slot1_35_2842_322d_64649>
...
040 (13204029.017.000) 11/25 17:14:50 Finished transferring input files
...
001 (13204029.017.000) 11/25 17:14:51 Job executing on host: <128.142.132.113:9618?addrs=128.142.132.113-9618+[2001-1458-301-5a--100-65]-9618&alias=b9g12p6271.cern.ch&noUDP&sock=startd_2448_b3ee>
	SlotName: slot1_35@b9g12p6271.cern.ch
	CondorScratchDir = "/pool/condor/dir_1213766"
	Cpus = 1
	Disk = 14966
	GPUs = 0
	Memory = 3000
...
006 (13204029.017.000) 11/25 17:15:04 Image size of job updated: 37744
	1  -  MemoryUsage of job (MB)
	948  -  ResidentSetSize of job (KB)
...
006 (13204029.017.000) 11/25 17:20:04 Image size of job updated: 700864
	685  -  MemoryUsage of job (MB)
	700864  -  ResidentSetSize of job (KB)
...
006 (13204029.017.000) 11/25 17:21:59 Image size of job updated: 700892
	685  -  MemoryUsage of job (MB)
	700864  -  ResidentSetSize of job (KB)
...
040 (13204029.017.000) 11/25 17:21:59 Started transferring output files
...
040 (13204029.017.000) 11/25 17:21:59 Finished transferring output files
...
005 (13204029.017.000) 11/25 17:21:59 Job terminated.
	(1) Normal termination (return value 0)
		Usr 0 00:05:52, Sys 0 00:00:03  -  Run Remote Usage
		Usr 0 00:00:00, Sys 0 00:00:00  -  Run Local Usage
		Usr 0 00:05:52, Sys 0 00:00:03  -  Total Remote Usage
		Usr 0 00:00:00, Sys 0 00:00:00  -  Total Local Usage
	10044  -  Run Bytes Sent By Job
	11510364  -  Run Bytes Received By Job
	10044  -  Total Bytes Sent By Job
	11510364  -  Total Bytes Received By Job
	Partitionable Resources :    Usage  Request Allocated 
	   Cpus                 :        0        1         1 
	   Disk (KB)            :    11274    12500     14966 
	   GPUs                 :                           0 
	   Memory (MB)          :      685     3000      3000 
	   TimeExecute (s)      :      428                    
	   TimeSlotBusy (s)     :      431                    

	Job terminated of its own accord at 2025-11-25T16:21:59Z with exit-code 0.
...
