Starting job on \n
Running on: Linux b9p23p1756.cern.ch 5.14.0-570.44.1.el9_6.x86_64 #1 SMP PREEMPT_DYNAMIC Tue Sep 9 05:17:30 EDT 2025 x86_64 x86_64 x86_64 GNU/Linux\n
System software: Red Hat Enterprise Linux release 9.7 (Plow)\n
Setting up CROWN for RedHatEnterprise Version 9.7
subject   : /DC=ch/DC=cern/OU=Organic Units/OU=Users/CN=jiahua/CN=851532/CN=Jiahua Chen/CN=2045128514
issuer    : /DC=ch/DC=cern/OU=Organic Units/OU=Users/CN=jiahua/CN=851532/CN=Jiahua Chen
identity  : /DC=ch/DC=cern/OU=Organic Units/OU=Users/CN=jiahua/CN=851532/CN=Jiahua Chen
type      : RFC compliant proxy
strength  : 2048 bits
path      : /afs/cern.ch/user/j/jiahua/proxy/x509up_u139833
timeleft  : 168:41:01
key usage : Digital Signature, Key Encipherment
=== VO cms extension information ===
VO        : cms
subject   : /DC=ch/DC=cern/OU=Organic Units/OU=Users/CN=jiahua/CN=851532/CN=Jiahua Chen
issuer    : /DC=ch/DC=cern/OU=computers/CN=cms-auth.cern.ch
attribute : /cms/Role=NULL/Capability=NULL
timeleft  : 160:41:00
uri       : voms-cms-auth.cern.ch:15000
subject   : /DC=ch/DC=cern/OU=Organic Units/OU=Users/CN=jiahua/CN=851532/CN=Jiahua Chen/CN=2045128514
issuer    : /DC=ch/DC=cern/OU=Organic Units/OU=Users/CN=jiahua/CN=851532/CN=Jiahua Chen
identity  : /DC=ch/DC=cern/OU=Organic Units/OU=Users/CN=jiahua/CN=851532/CN=Jiahua Chen
type      : RFC compliant proxy
strength  : 2048 bits
path      : /afs/cern.ch/user/j/jiahua/proxy/x509up_u139833
timeleft  : 168:41:01
key usage : Digital Signature, Key Encipherment
=== VO cms extension information ===
VO        : cms
subject   : /DC=ch/DC=cern/OU=Organic Units/OU=Users/CN=jiahua/CN=851532/CN=Jiahua Chen
issuer    : /DC=ch/DC=cern/OU=computers/CN=cms-auth.cern.ch
attribute : /cms/Role=NULL/Capability=NULL
timeleft  : 160:41:00
uri       : voms-cms-auth.cern.ch:15000
/eos/user/j/jiahua/MC_2022EE_inc/MC_2022EE_vbf/TbarWplusto2L2Nu_powheg_22EE_ext1-v2/e4412017-0be7-475b-9096-76f865e79081.root
[2025-11-21 10:07:43.524] [main] [info] Checking input files
[2025-11-21 10:07:48.378] [main] [info] NanoAOD input_file 1: root://cms-xrd-global.cern.ch//store/mc/Run3Summer22EENanoAODv12/TbarWplusto2L2Nu_TuneCP5_13p6TeV_powheg-pythia8/NANOAODSIM/130X_mcRun3_2022_realistic_postEE_v6_ext1-v2/2520000/e4412017-0be7-475b-9096-76f865e79081.root - 60350 Events
[2025-11-21 10:07:48.378] [main] [info] input_file 1: root://cms-xrd-global.cern.ch//store/mc/Run3Summer22EENanoAODv12/TbarWplusto2L2Nu_TuneCP5_13p6TeV_powheg-pythia8/NANOAODSIM/130X_mcRun3_2022_realistic_postEE_v6_ext1-v2/2520000/e4412017-0be7-475b-9096-76f865e79081.root - SumOfGenWeight: 229681.4706000003 
[2025-11-21 10:07:48.378] [main] [info] Output directory: /eos/user/j/jiahua/MC_2022EE_inc/MC_2022EE_vbf/TbarWplusto2L2Nu_powheg_22EE_ext1-v2/e4412017-0be7-475b-9096-76f865e79081.root
[2025-11-21 10:07:48.381] [main] [info] Starting Setup of Dataframe with 60350 events
[2025-11-21 10:09:06.757] [main] [info] Finished Setup
[2025-11-21 10:09:06.757] [main] [info] Runtime for setup (real time: 78.38, CPU time: 71.01)
[2025-11-21 10:09:06.757] [main] [info] Starting Evaluation
[2025-11-21 10:09:41.109] [main] [info] 10000 / 60350 (16.57 %) Events processed ...
[2025-11-21 10:09:57.053] [main] [info] 20000 / 60350 (33.14 %) Events processed ...
[2025-11-21 10:10:13.335] [main] [info] 30000 / 60350 (49.71 %) Events processed ...
[2025-11-21 10:10:30.779] [main] [info] 40000 / 60350 (66.28 %) Events processed ...
[2025-11-21 10:10:45.409] [main] [info] 50000 / 60350 (82.85 %) Events processed ...
[2025-11-21 10:11:02.846] [main] [info] 60000 / 60350 (99.42 %) Events processed ...
[2025-11-21 10:11:03.774] [main] [info] vbfhmm:
GoodJetsCollection: pass=55249      all=60350      -- eff=91.55 % cumulative eff=91.55 %
Flag_goodVertices: pass=55249      all=55249      -- eff=100.00 % cumulative eff=91.55 %
Flag_globalSuperTightHalo2016Filter: pass=55246      all=55249      -- eff=99.99 % cumulative eff=91.54 %
Flag_EcalDeadCellTriggerPrimitiveFilter: pass=55240      all=55246      -- eff=99.99 % cumulative eff=91.53 %
Flag_BadPFMuonFilter: pass=55232      all=55240      -- eff=99.99 % cumulative eff=91.52 %
Flag_BadPFMuonDzFilter: pass=55231      all=55232      -- eff=100.00 % cumulative eff=91.52 %
Flag_eeBadScFilter: pass=55231      all=55231      -- eff=100.00 % cumulative eff=91.52 %
Flag_ecalBadCalibFilter: pass=55227      all=55231      -- eff=99.99 % cumulative eff=91.51 %
Flag_hfNoisyHitsFilter: pass=55226      all=55227      -- eff=100.00 % cumulative eff=91.51 %
Number of muons 2: pass=3813       all=55226      -- eff=6.90 % cumulative eff=6.32 %
Veto VH <= 0 electrons: pass=3773       all=3813       -- eff=98.95 % cumulative eff=6.25 %
DiMuon From Higgs: pass=1698       all=3773       -- eff=45.00 % cumulative eff=2.81 %
LeptonChargeSum: pass=1690       all=1698       -- eff=99.53 % cumulative eff=2.80 %
Hmass>=110: pass=900        all=1690       -- eff=53.25 % cumulative eff=1.49 %
[2025-11-21 10:11:03.908] [main] [info] Writing quantities map to /eos/user/j/jiahua/MC_2022EE_inc/MC_2022EE_vbf/TbarWplusto2L2Nu_powheg_22EE_ext1-v2/e4412017-0be7-475b-9096-76f865e79081_vbfhmm.root
[2025-11-21 10:11:03.960] [main] [info] Finished Evaluation
[2025-11-21 10:11:03.960] [main] [info] Overall runtime (real time: 195.58, CPU time: 180.96)
