000 (13204028.028.000) 11/25 17:12:14 Job submitted from host: <188.185.121.235:9618?addrs=188.185.121.235-9618+[2001-1458-d00-49--100-36e]-9618&alias=bigbird22.cern.ch&noUDP&sock=schedd_232129_c3ca>
...
040 (13204028.028.000) 11/25 17:14:42 Started transferring input files
	Transferring to host: <188.185.193.159:9618?addrs=188.185.193.159-9618+[2001-1458-303-20--100-9b]-9618&alias=b9p19p7480.cern.ch&noUDP&sock=slot1_16_5485_6db8_61832>
...
040 (13204028.028.000) 11/25 17:14:42 Finished transferring input files
...
001 (13204028.028.000) 11/25 17:14:43 Job executing on host: <188.185.193.159:9618?addrs=188.185.193.159-9618+[2001-1458-303-20--100-9b]-9618&alias=b9p19p7480.cern.ch&noUDP&sock=startd_4347_4247>
	SlotName: slot1_16@b9p19p7480.cern.ch
	CondorScratchDir = "/pool/condor/dir_143896"
	Cpus = 1
	Disk = 16204
	GPUs = 0
	Memory = 3000
...
006 (13204028.028.000) 11/25 17:14:56 Image size of job updated: 95628
	94  -  MemoryUsage of job (MB)
	95628  -  ResidentSetSize of job (KB)
...
006 (13204028.028.000) 11/25 17:18:05 Image size of job updated: 685456
	94  -  MemoryUsage of job (MB)
	95628  -  ResidentSetSize of job (KB)
...
040 (13204028.028.000) 11/25 17:18:05 Started transferring output files
...
040 (13204028.028.000) 11/25 17:18:05 Finished transferring output files
...
005 (13204028.028.000) 11/25 17:18:06 Job terminated.
	(1) Normal termination (return value 0)
		Usr 0 00:02:58, Sys 0 00:00:03  -  Run Remote Usage
		Usr 0 00:00:00, Sys 0 00:00:00  -  Run Local Usage
		Usr 0 00:02:58, Sys 0 00:00:03  -  Total Remote Usage
		Usr 0 00:00:00, Sys 0 00:00:00  -  Total Local Usage
	9711  -  Run Bytes Sent By Job
	11510364  -  Run Bytes Received By Job
	9711  -  Total Bytes Sent By Job
	11510364  -  Total Bytes Received By Job
	Partitionable Resources :    Usage  Request Allocated 
	   Cpus                 :        0        1         1 
	   Disk (KB)            :    11273    12500     16204 
	   GPUs                 :                           0 
	   Memory (MB)          :       94     3000      3000 
	   TimeExecute (s)      :      202                    
	   TimeSlotBusy (s)     :      204                    

	Job terminated of its own accord at 2025-11-25T16:18:05Z with exit-code 0.
...
