000 (13087767.079.000) 11/21 10:06:06 Job submitted from host: <188.185.121.235:9618?addrs=188.185.121.235-9618+[2001-1458-d00-49--100-36e]-9618&alias=bigbird22.cern.ch&noUDP&sock=schedd_232129_c3ca>
...
040 (13087767.079.000) 11/21 10:07:21 Started transferring input files
	Transferring to host: <188.185.213.13:9618?addrs=188.185.213.13-9618+[2001-1458-303-1a--100-9]-9618&alias=b9p27p8831.cern.ch&noUDP&sock=slot1_8_6635_b527_63986>
...
040 (13087767.079.000) 11/21 10:07:21 Finished transferring input files
...
001 (13087767.079.000) 11/21 10:07:22 Job executing on host: <188.185.213.13:9618?addrs=188.185.213.13-9618+[2001-1458-303-1a--100-9]-9618&alias=b9p27p8831.cern.ch&noUDP&sock=startd_5632_a97a>
	SlotName: slot1_8@b9p27p8831.cern.ch
	CondorScratchDir = "/pool/condor/dir_1590834"
	Cpus = 1
	Disk = 15994
	GPUs = 0
	Memory = 3000
...
006 (13087767.079.000) 11/21 10:07:36 Image size of job updated: 100412
	99  -  MemoryUsage of job (MB)
	100412  -  ResidentSetSize of job (KB)
...
006 (13087767.079.000) 11/21 10:09:59 Image size of job updated: 699176
	99  -  MemoryUsage of job (MB)
	100412  -  ResidentSetSize of job (KB)
...
040 (13087767.079.000) 11/21 10:09:59 Started transferring output files
...
040 (13087767.079.000) 11/21 10:09:59 Finished transferring output files
...
005 (13087767.079.000) 11/21 10:09:59 Job terminated.
	(1) Normal termination (return value 0)
		Usr 0 00:02:13, Sys 0 00:00:03  -  Run Remote Usage
		Usr 0 00:00:00, Sys 0 00:00:00  -  Run Local Usage
		Usr 0 00:02:13, Sys 0 00:00:03  -  Total Remote Usage
		Usr 0 00:00:00, Sys 0 00:00:00  -  Total Local Usage
	9965  -  Run Bytes Sent By Job
	11510364  -  Run Bytes Received By Job
	9965  -  Total Bytes Sent By Job
	11510364  -  Total Bytes Received By Job
	Partitionable Resources :    Usage  Request Allocated 
	   Cpus                 :        0        1         1 
	   Disk (KB)            :    11274    12500     15994 
	   GPUs                 :                           0 
	   Memory (MB)          :       99     3000      3000 
	   TimeExecute (s)      :      157                    
	   TimeSlotBusy (s)     :      159                    

	Job terminated of its own accord at 2025-11-21T09:09:59Z with exit-code 0.
...
