Starting job on \n
Running on: Linux b9p06p9417.cern.ch 5.14.0-570.42.2.el9_6.x86_64 #1 SMP PREEMPT_DYNAMIC Mon Sep 8 12:15:13 EDT 2025 x86_64 x86_64 x86_64 GNU/Linux\n
System software: Red Hat Enterprise Linux release 9.7 (Plow)\n
Setting up CROWN for RedHatEnterprise Version 9.7
subject   : /DC=ch/DC=cern/OU=Organic Units/OU=Users/CN=jiahua/CN=851532/CN=Jiahua Chen/CN=2045128514
issuer    : /DC=ch/DC=cern/OU=Organic Units/OU=Users/CN=jiahua/CN=851532/CN=Jiahua Chen
identity  : /DC=ch/DC=cern/OU=Organic Units/OU=Users/CN=jiahua/CN=851532/CN=Jiahua Chen
type      : RFC compliant proxy
strength  : 2048 bits
path      : /afs/cern.ch/user/j/jiahua/proxy/x509up_u139833
timeleft  : 199:40:23
key usage : Digital Signature, Key Encipherment
=== VO cms extension information ===
VO        : cms
subject   : /DC=ch/DC=cern/OU=Organic Units/OU=Users/CN=jiahua/CN=851532/CN=Jiahua Chen
issuer    : /DC=ch/DC=cern/OU=computers/CN=cms-auth.cern.ch
attribute : /cms/Role=NULL/Capability=NULL
timeleft  : 191:40:22
uri       : voms-cms-auth.cern.ch:15000
subject   : /DC=ch/DC=cern/OU=Organic Units/OU=Users/CN=jiahua/CN=851532/CN=Jiahua Chen/CN=2045128514
issuer    : /DC=ch/DC=cern/OU=Organic Units/OU=Users/CN=jiahua/CN=851532/CN=Jiahua Chen
identity  : /DC=ch/DC=cern/OU=Organic Units/OU=Users/CN=jiahua/CN=851532/CN=Jiahua Chen
type      : RFC compliant proxy
strength  : 2048 bits
path      : /afs/cern.ch/user/j/jiahua/proxy/x509up_u139833
timeleft  : 199:40:23
key usage : Digital Signature, Key Encipherment
=== VO cms extension information ===
VO        : cms
subject   : /DC=ch/DC=cern/OU=Organic Units/OU=Users/CN=jiahua/CN=851532/CN=Jiahua Chen
issuer    : /DC=ch/DC=cern/OU=computers/CN=cms-auth.cern.ch
attribute : /cms/Role=NULL/Capability=NULL
timeleft  : 191:40:22
uri       : voms-cms-auth.cern.ch:15000
/eos/user/j/jiahua/MC_2022EE_inc/MC_2022EE_vbf/TbarWplusto2L2Nu_powheg_22EE_ext1-v2/2349c6ce-4652-4698-a2ff-4846bcfbd31f.root
[2025-11-20 03:08:20.901] [main] [info] Checking input files
[2025-11-20 03:08:26.955] [main] [info] NanoAOD input_file 1: root://cms-xrd-global.cern.ch//store/mc/Run3Summer22EENanoAODv12/TbarWplusto2L2Nu_TuneCP5_13p6TeV_powheg-pythia8/NANOAODSIM/130X_mcRun3_2022_realistic_postEE_v6_ext1-v2/30000/2349c6ce-4652-4698-a2ff-4846bcfbd31f.root - 21300 Events
[2025-11-20 03:08:26.955] [main] [info] input_file 1: root://cms-xrd-global.cern.ch//store/mc/Run3Summer22EENanoAODv12/TbarWplusto2L2Nu_TuneCP5_13p6TeV_powheg-pythia8/NANOAODSIM/130X_mcRun3_2022_realistic_postEE_v6_ext1-v2/30000/2349c6ce-4652-4698-a2ff-4846bcfbd31f.root - SumOfGenWeight: 81059.12309999995 
[2025-11-20 03:08:26.955] [main] [info] Output directory: /eos/user/j/jiahua/MC_2022EE_inc/MC_2022EE_vbf/TbarWplusto2L2Nu_powheg_22EE_ext1-v2/2349c6ce-4652-4698-a2ff-4846bcfbd31f.root
[2025-11-20 03:08:26.957] [main] [info] Starting Setup of Dataframe with 21300 events
[2025-11-20 03:09:29.680] [main] [info] Finished Setup
[2025-11-20 03:09:29.680] [main] [info] Runtime for setup (real time: 62.72, CPU time: 56.14)
[2025-11-20 03:09:29.680] [main] [info] Starting Evaluation
[2025-11-20 03:09:58.258] [main] [info] 10000 / 21300 (46.95 %) Events processed ...
[2025-11-20 03:10:09.586] [main] [info] 20000 / 21300 (93.90 %) Events processed ...
[2025-11-20 03:10:11.193] [main] [info] vbfhmm:
GoodJetsCollection: pass=19464      all=21300      -- eff=91.38 % cumulative eff=91.38 %
Flag_goodVertices: pass=19464      all=19464      -- eff=100.00 % cumulative eff=91.38 %
Flag_globalSuperTightHalo2016Filter: pass=19463      all=19464      -- eff=99.99 % cumulative eff=91.38 %
Flag_EcalDeadCellTriggerPrimitiveFilter: pass=19462      all=19463      -- eff=99.99 % cumulative eff=91.37 %
Flag_BadPFMuonFilter: pass=19461      all=19462      -- eff=99.99 % cumulative eff=91.37 %
Flag_BadPFMuonDzFilter: pass=19460      all=19461      -- eff=99.99 % cumulative eff=91.36 %
Flag_eeBadScFilter: pass=19460      all=19460      -- eff=100.00 % cumulative eff=91.36 %
Flag_ecalBadCalibFilter: pass=19458      all=19460      -- eff=99.99 % cumulative eff=91.35 %
Flag_hfNoisyHitsFilter: pass=19457      all=19458      -- eff=99.99 % cumulative eff=91.35 %
Number of muons 2: pass=1371       all=19457      -- eff=7.05 % cumulative eff=6.44 %
Veto VH <= 0 electrons: pass=1359       all=1371       -- eff=99.12 % cumulative eff=6.38 %
DiMuon From Higgs: pass=608        all=1359       -- eff=44.74 % cumulative eff=2.85 %
LeptonChargeSum: pass=604        all=608        -- eff=99.34 % cumulative eff=2.84 %
Hmass>=110: pass=333        all=604        -- eff=55.13 % cumulative eff=1.56 %
[2025-11-20 03:10:11.299] [main] [info] Writing quantities map to /eos/user/j/jiahua/MC_2022EE_inc/MC_2022EE_vbf/TbarWplusto2L2Nu_powheg_22EE_ext1-v2/2349c6ce-4652-4698-a2ff-4846bcfbd31f_vbfhmm.root
[2025-11-20 03:10:11.361] [main] [info] Finished Evaluation
[2025-11-20 03:10:11.361] [main] [info] Overall runtime (real time: 104.41, CPU time: 92.69)
