000 (13087767.153.000) 11/21 10:06:07 Job submitted from host: <188.185.121.235:9618?addrs=188.185.121.235-9618+[2001-1458-d00-49--100-36e]-9618&alias=bigbird22.cern.ch&noUDP&sock=schedd_232129_c3ca>
...
040 (13087767.153.000) 11/21 10:08:02 Started transferring input files
	Transferring to host: <188.185.211.229:9618?addrs=188.185.211.229-9618+[2001-1458-303-17--100-61]-9618&alias=b9p24p1603.cern.ch&noUDP&sock=slot1_18_6283_b119_61074>
...
040 (13087767.153.000) 11/21 10:08:02 Finished transferring input files
...
001 (13087767.153.000) 11/21 10:08:03 Job executing on host: <188.185.211.229:9618?addrs=188.185.211.229-9618+[2001-1458-303-17--100-61]-9618&alias=b9p24p1603.cern.ch&noUDP&sock=startd_5530_b2d1>
	SlotName: slot1_18@b9p24p1603.cern.ch
	CondorScratchDir = "/pool/condor/dir_938990"
	Cpus = 1
	Disk = 16098
	GPUs = 0
	Memory = 3000
...
006 (13087767.153.000) 11/21 10:08:17 Image size of job updated: 94640
	93  -  MemoryUsage of job (MB)
	94640  -  ResidentSetSize of job (KB)
...
006 (13087767.153.000) 11/21 10:11:07 Image size of job updated: 691168
	93  -  MemoryUsage of job (MB)
	94640  -  ResidentSetSize of job (KB)
...
040 (13087767.153.000) 11/21 10:11:07 Started transferring output files
...
040 (13087767.153.000) 11/21 10:11:07 Finished transferring output files
...
005 (13087767.153.000) 11/21 10:11:07 Job terminated.
	(1) Normal termination (return value 0)
		Usr 0 00:02:37, Sys 0 00:00:04  -  Run Remote Usage
		Usr 0 00:00:00, Sys 0 00:00:00  -  Run Local Usage
		Usr 0 00:02:37, Sys 0 00:00:04  -  Total Remote Usage
		Usr 0 00:00:00, Sys 0 00:00:00  -  Total Local Usage
	9968  -  Run Bytes Sent By Job
	11510364  -  Run Bytes Received By Job
	9968  -  Total Bytes Sent By Job
	11510364  -  Total Bytes Received By Job
	Partitionable Resources :    Usage  Request Allocated 
	   Cpus                 :     0.08        1         1 
	   Disk (KB)            : 11274       12500     16098 
	   GPUs                 :                           0 
	   Memory (MB)          :    93        3000      3000 
	   TimeExecute (s)      :   184                       
	   TimeSlotBusy (s)     :   186                       

	Job terminated of its own accord at 2025-11-21T09:11:07Z with exit-code 0.
...
