000 (13204028.019.000) 11/25 17:12:14 Job submitted from host: <188.185.121.235:9618?addrs=188.185.121.235-9618+[2001-1458-d00-49--100-36e]-9618&alias=bigbird22.cern.ch&noUDP&sock=schedd_232129_c3ca>
...
040 (13204028.019.000) 11/25 17:14:39 Started transferring input files
	Transferring to host: <188.185.210.91:9618?addrs=188.185.210.91-9618+[2001-1458-303-1--100-57]-9618&alias=b9p21p0360.cern.ch&noUDP&sock=slot1_18_6031_228e_70430>
...
040 (13204028.019.000) 11/25 17:14:39 Finished transferring input files
...
001 (13204028.019.000) 11/25 17:14:40 Job executing on host: <188.185.210.91:9618?addrs=188.185.210.91-9618+[2001-1458-303-1--100-57]-9618&alias=b9p21p0360.cern.ch&noUDP&sock=startd_5337_510a>
	SlotName: slot1_18@b9p21p0360.cern.ch
	CondorScratchDir = "/pool/condor/dir_1710400"
	Cpus = 1
	Disk = 16178
	GPUs = 0
	Memory = 3000
...
006 (13204028.019.000) 11/25 17:14:54 Image size of job updated: 95656
	94  -  MemoryUsage of job (MB)
	95656  -  ResidentSetSize of job (KB)
...
006 (13204028.019.000) 11/25 17:18:21 Image size of job updated: 698200
	94  -  MemoryUsage of job (MB)
	95660  -  ResidentSetSize of job (KB)
...
040 (13204028.019.000) 11/25 17:18:22 Started transferring output files
...
040 (13204028.019.000) 11/25 17:18:22 Finished transferring output files
...
005 (13204028.019.000) 11/25 17:18:23 Job terminated.
	(1) Normal termination (return value 0)
		Usr 0 00:03:15, Sys 0 00:00:05  -  Run Remote Usage
		Usr 0 00:00:00, Sys 0 00:00:00  -  Run Local Usage
		Usr 0 00:03:15, Sys 0 00:00:05  -  Total Remote Usage
		Usr 0 00:00:00, Sys 0 00:00:00  -  Total Local Usage
	9966  -  Run Bytes Sent By Job
	11510364  -  Run Bytes Received By Job
	9966  -  Total Bytes Sent By Job
	11510364  -  Total Bytes Received By Job
	Partitionable Resources :    Usage  Request Allocated 
	   Cpus                 :     0.57        1         1 
	   Disk (KB)            : 11274       12500     16178 
	   GPUs                 :                           0 
	   Memory (MB)          :    94        3000      3000 
	   TimeExecute (s)      :   221                       
	   TimeSlotBusy (s)     :   224                       

	Job terminated of its own accord at 2025-11-25T16:18:21Z with exit-code 0.
...
