Starting job on \n
Running on: Linux b9p23p0329.cern.ch 5.14.0-570.44.1.el9_6.x86_64 #1 SMP PREEMPT_DYNAMIC Tue Sep 9 05:17:30 EDT 2025 x86_64 x86_64 x86_64 GNU/Linux\n
System software: Red Hat Enterprise Linux release 9.7 (Plow)\n
Setting up CROWN for RedHatEnterprise Version 9.7
subject   : /DC=ch/DC=cern/OU=Organic Units/OU=Users/CN=jiahua/CN=851532/CN=Jiahua Chen/CN=2045128514
issuer    : /DC=ch/DC=cern/OU=Organic Units/OU=Users/CN=jiahua/CN=851532/CN=Jiahua Chen
identity  : /DC=ch/DC=cern/OU=Organic Units/OU=Users/CN=jiahua/CN=851532/CN=Jiahua Chen
type      : RFC compliant proxy
strength  : 2048 bits
path      : /afs/cern.ch/user/j/jiahua/proxy/x509up_u139833
timeleft  : 168:41:03
key usage : Digital Signature, Key Encipherment
=== VO cms extension information ===
VO        : cms
subject   : /DC=ch/DC=cern/OU=Organic Units/OU=Users/CN=jiahua/CN=851532/CN=Jiahua Chen
issuer    : /DC=ch/DC=cern/OU=computers/CN=cms-auth.cern.ch
attribute : /cms/Role=NULL/Capability=NULL
timeleft  : 160:41:02
uri       : voms-cms-auth.cern.ch:15000
subject   : /DC=ch/DC=cern/OU=Organic Units/OU=Users/CN=jiahua/CN=851532/CN=Jiahua Chen/CN=2045128514
issuer    : /DC=ch/DC=cern/OU=Organic Units/OU=Users/CN=jiahua/CN=851532/CN=Jiahua Chen
identity  : /DC=ch/DC=cern/OU=Organic Units/OU=Users/CN=jiahua/CN=851532/CN=Jiahua Chen
type      : RFC compliant proxy
strength  : 2048 bits
path      : /afs/cern.ch/user/j/jiahua/proxy/x509up_u139833
timeleft  : 168:41:03
key usage : Digital Signature, Key Encipherment
=== VO cms extension information ===
VO        : cms
subject   : /DC=ch/DC=cern/OU=Organic Units/OU=Users/CN=jiahua/CN=851532/CN=Jiahua Chen
issuer    : /DC=ch/DC=cern/OU=computers/CN=cms-auth.cern.ch
attribute : /cms/Role=NULL/Capability=NULL
timeleft  : 160:41:02
uri       : voms-cms-auth.cern.ch:15000
/eos/user/j/jiahua/MC_2022EE_inc/MC_2022EE_vbf/TbarWplusto2L2Nu_powheg_22EE_ext1-v2/4f1eb17b-410f-4476-87c7-12861181b828.root
[2025-11-21 10:07:40.746] [main] [info] Checking input files
[2025-11-21 10:07:45.647] [main] [info] NanoAOD input_file 1: root://cms-xrd-global.cern.ch//store/mc/Run3Summer22EENanoAODv12/TbarWplusto2L2Nu_TuneCP5_13p6TeV_powheg-pythia8/NANOAODSIM/130X_mcRun3_2022_realistic_postEE_v6_ext1-v2/50000/4f1eb17b-410f-4476-87c7-12861181b828.root - 710 Events
[2025-11-21 10:07:45.647] [main] [info] input_file 1: root://cms-xrd-global.cern.ch//store/mc/Run3Summer22EENanoAODv12/TbarWplusto2L2Nu_TuneCP5_13p6TeV_powheg-pythia8/NANOAODSIM/130X_mcRun3_2022_realistic_postEE_v6_ext1-v2/50000/4f1eb17b-410f-4476-87c7-12861181b828.root - SumOfGenWeight: 2702.2245000000003 
[2025-11-21 10:07:45.647] [main] [info] Output directory: /eos/user/j/jiahua/MC_2022EE_inc/MC_2022EE_vbf/TbarWplusto2L2Nu_powheg_22EE_ext1-v2/4f1eb17b-410f-4476-87c7-12861181b828.root
[2025-11-21 10:07:45.652] [main] [info] Starting Setup of Dataframe with 710 events
[2025-11-21 10:09:14.216] [main] [info] Finished Setup
[2025-11-21 10:09:14.217] [main] [info] Runtime for setup (real time: 88.57, CPU time: 83.51)
[2025-11-21 10:09:14.217] [main] [info] Starting Evaluation
[2025-11-21 10:09:33.039] [main] [info] vbfhmm:
GoodJetsCollection: pass=661        all=710        -- eff=93.10 % cumulative eff=93.10 %
Flag_goodVertices: pass=661        all=661        -- eff=100.00 % cumulative eff=93.10 %
Flag_globalSuperTightHalo2016Filter: pass=661        all=661        -- eff=100.00 % cumulative eff=93.10 %
Flag_EcalDeadCellTriggerPrimitiveFilter: pass=661        all=661        -- eff=100.00 % cumulative eff=93.10 %
Flag_BadPFMuonFilter: pass=661        all=661        -- eff=100.00 % cumulative eff=93.10 %
Flag_BadPFMuonDzFilter: pass=661        all=661        -- eff=100.00 % cumulative eff=93.10 %
Flag_eeBadScFilter: pass=661        all=661        -- eff=100.00 % cumulative eff=93.10 %
Flag_ecalBadCalibFilter: pass=661        all=661        -- eff=100.00 % cumulative eff=93.10 %
Flag_hfNoisyHitsFilter: pass=661        all=661        -- eff=100.00 % cumulative eff=93.10 %
Number of muons 2: pass=51         all=661        -- eff=7.72 % cumulative eff=7.18 %
Veto VH <= 0 electrons: pass=51         all=51         -- eff=100.00 % cumulative eff=7.18 %
DiMuon From Higgs: pass=23         all=51         -- eff=45.10 % cumulative eff=3.24 %
LeptonChargeSum: pass=23         all=23         -- eff=100.00 % cumulative eff=3.24 %
Hmass>=110: pass=11         all=23         -- eff=47.83 % cumulative eff=1.55 %
[2025-11-21 10:09:33.222] [main] [info] Writing quantities map to /eos/user/j/jiahua/MC_2022EE_inc/MC_2022EE_vbf/TbarWplusto2L2Nu_powheg_22EE_ext1-v2/4f1eb17b-410f-4476-87c7-12861181b828_vbfhmm.root
[2025-11-21 10:09:33.345] [main] [info] Finished Evaluation
[2025-11-21 10:09:33.345] [main] [info] Overall runtime (real time: 107.70, CPU time: 100.45)
