000 (13204029.025.000) 11/25 17:12:15 Job submitted from host: <188.185.121.235:9618?addrs=188.185.121.235-9618+[2001-1458-d00-49--100-36e]-9618&alias=bigbird22.cern.ch&noUDP&sock=schedd_232129_c3ca>
...
040 (13204029.025.000) 11/25 17:14:51 Started transferring input files
	Transferring to host: <128.142.137.128:9618?addrs=128.142.137.128-9618+[2001-1458-301-5e--100-74]-9618&alias=b9g19p5200.cern.ch&noUDP&sock=slot1_33_2874_be2e_65721>
...
040 (13204029.025.000) 11/25 17:14:51 Finished transferring input files
...
001 (13204029.025.000) 11/25 17:14:52 Job executing on host: <128.142.137.128:9618?addrs=128.142.137.128-9618+[2001-1458-301-5e--100-74]-9618&alias=b9g19p5200.cern.ch&noUDP&sock=startd_2465_5d0a>
	SlotName: slot1_33@b9g19p5200.cern.ch
	CondorScratchDir = "/pool/condor/dir_3865895"
	Cpus = 1
	Disk = 15005
	GPUs = 0
	Memory = 3000
...
006 (13204029.025.000) 11/25 17:15:06 Image size of job updated: 97240
	95  -  MemoryUsage of job (MB)
	97240  -  ResidentSetSize of job (KB)
...
006 (13204029.025.000) 11/25 17:18:42 Image size of job updated: 689228
	96  -  MemoryUsage of job (MB)
	97376  -  ResidentSetSize of job (KB)
...
040 (13204029.025.000) 11/25 17:18:42 Started transferring output files
...
040 (13204029.025.000) 11/25 17:18:42 Finished transferring output files
...
005 (13204029.025.000) 11/25 17:18:42 Job terminated.
	(1) Normal termination (return value 0)
		Usr 0 00:03:26, Sys 0 00:00:03  -  Run Remote Usage
		Usr 0 00:00:00, Sys 0 00:00:00  -  Run Local Usage
		Usr 0 00:03:26, Sys 0 00:00:03  -  Total Remote Usage
		Usr 0 00:00:00, Sys 0 00:00:00  -  Total Local Usage
	9787  -  Run Bytes Sent By Job
	11510364  -  Run Bytes Received By Job
	9787  -  Total Bytes Sent By Job
	11510364  -  Total Bytes Received By Job
	Partitionable Resources :    Usage  Request Allocated 
	   Cpus                 :        0        1         1 
	   Disk (KB)            :    11273    12500     15005 
	   GPUs                 :                           0 
	   Memory (MB)          :       96     3000      3000 
	   TimeExecute (s)      :      230                    
	   TimeSlotBusy (s)     :      232                    

	Job terminated of its own accord at 2025-11-25T16:18:42Z with exit-code 0.
...
