Starting job on \n
Running on: Linux b9p21p8200.cern.ch 5.14.0-570.44.1.el9_6.x86_64 #1 SMP PREEMPT_DYNAMIC Tue Sep 9 05:17:30 EDT 2025 x86_64 x86_64 x86_64 GNU/Linux\n
System software: Red Hat Enterprise Linux release 9.7 (Plow)\n
Setting up CROWN for RedHatEnterprise Version 9.7
subject   : /DC=ch/DC=cern/OU=Organic Units/OU=Users/CN=jiahua/CN=851532/CN=Jiahua Chen/CN=2045128514
issuer    : /DC=ch/DC=cern/OU=Organic Units/OU=Users/CN=jiahua/CN=851532/CN=Jiahua Chen
identity  : /DC=ch/DC=cern/OU=Organic Units/OU=Users/CN=jiahua/CN=851532/CN=Jiahua Chen
type      : RFC compliant proxy
strength  : 2048 bits
path      : /afs/cern.ch/user/j/jiahua/proxy/x509up_u139833
timeleft  : 193:21:25
key usage : Digital Signature, Key Encipherment
=== VO cms extension information ===
VO        : cms
subject   : /DC=ch/DC=cern/OU=Organic Units/OU=Users/CN=jiahua/CN=851532/CN=Jiahua Chen
issuer    : /DC=ch/DC=cern/OU=computers/CN=cms-auth.cern.ch
attribute : /cms/Role=NULL/Capability=NULL
timeleft  : 185:21:24
uri       : voms-cms-auth.cern.ch:15000
subject   : /DC=ch/DC=cern/OU=Organic Units/OU=Users/CN=jiahua/CN=851532/CN=Jiahua Chen/CN=2045128514
issuer    : /DC=ch/DC=cern/OU=Organic Units/OU=Users/CN=jiahua/CN=851532/CN=Jiahua Chen
identity  : /DC=ch/DC=cern/OU=Organic Units/OU=Users/CN=jiahua/CN=851532/CN=Jiahua Chen
type      : RFC compliant proxy
strength  : 2048 bits
path      : /afs/cern.ch/user/j/jiahua/proxy/x509up_u139833
timeleft  : 193:21:25
key usage : Digital Signature, Key Encipherment
=== VO cms extension information ===
VO        : cms
subject   : /DC=ch/DC=cern/OU=Organic Units/OU=Users/CN=jiahua/CN=851532/CN=Jiahua Chen
issuer    : /DC=ch/DC=cern/OU=computers/CN=cms-auth.cern.ch
attribute : /cms/Role=NULL/Capability=NULL
timeleft  : 185:21:24
uri       : voms-cms-auth.cern.ch:15000
/eos/user/j/jiahua/MC_2022EE_inc/MC_2022EE_vbf/TTto2L2Nu_powheg_22EE_ext1-v2/977f82ab-1b34-4582-9bd7-019c4c7531f3.root
[2025-11-20 09:27:18.396] [main] [info] Checking input files
[2025-11-20 09:27:23.175] [main] [info] NanoAOD input_file 1: root://cms-xrd-global.cern.ch//store/mc/Run3Summer22EENanoAODv12/TTto2L2Nu_TuneCP5_13p6TeV_powheg-pythia8/NANOAODSIM/130X_mcRun3_2022_realistic_postEE_v6_ext1-v2/2530000/977f82ab-1b34-4582-9bd7-019c4c7531f3.root - 155363 Events
[2025-11-20 09:27:23.175] [main] [info] input_file 1: root://cms-xrd-global.cern.ch//store/mc/Run3Summer22EENanoAODv12/TTto2L2Nu_TuneCP5_13p6TeV_powheg-pythia8/NANOAODSIM/130X_mcRun3_2022_realistic_postEE_v6_ext1-v2/2530000/977f82ab-1b34-4582-9bd7-019c4c7531f3.root - SumOfGenWeight: 12498840.925099993 
[2025-11-20 09:27:23.175] [main] [info] Output directory: /eos/user/j/jiahua/MC_2022EE_inc/MC_2022EE_vbf/TTto2L2Nu_powheg_22EE_ext1-v2/977f82ab-1b34-4582-9bd7-019c4c7531f3.root
[2025-11-20 09:27:23.176] [main] [info] Starting Setup of Dataframe with 155363 events
[2025-11-20 09:28:40.981] [main] [info] Finished Setup
[2025-11-20 09:28:40.981] [main] [info] Runtime for setup (real time: 77.81, CPU time: 70.82)
[2025-11-20 09:28:40.981] [main] [info] Starting Evaluation
[2025-11-20 09:29:15.507] [main] [info] 10000 / 155363 (6.44 %) Events processed ...
[2025-11-20 09:29:32.658] [main] [info] 20000 / 155363 (12.87 %) Events processed ...
[2025-11-20 09:29:52.506] [main] [info] 30000 / 155363 (19.31 %) Events processed ...
[2025-11-20 09:30:13.793] [main] [info] 40000 / 155363 (25.75 %) Events processed ...
[2025-11-20 09:30:33.890] [main] [info] 50000 / 155363 (32.18 %) Events processed ...
[2025-11-20 09:30:52.416] [main] [info] 60000 / 155363 (38.62 %) Events processed ...
[2025-11-20 09:31:13.940] [main] [info] 70000 / 155363 (45.06 %) Events processed ...
[2025-11-20 09:31:31.127] [main] [info] 80000 / 155363 (51.49 %) Events processed ...
[2025-11-20 09:31:52.027] [main] [info] 90000 / 155363 (57.93 %) Events processed ...
[2025-11-20 09:32:13.100] [main] [info] 100000 / 155363 (64.37 %) Events processed ...
[2025-11-20 09:32:30.476] [main] [info] 110000 / 155363 (70.80 %) Events processed ...
[2025-11-20 09:32:46.166] [main] [info] 120000 / 155363 (77.24 %) Events processed ...
[2025-11-20 09:33:06.157] [main] [info] 130000 / 155363 (83.68 %) Events processed ...
[2025-11-20 09:33:26.407] [main] [info] 140000 / 155363 (90.11 %) Events processed ...
[2025-11-20 09:33:45.256] [main] [info] 150000 / 155363 (96.55 %) Events processed ...
[2025-11-20 09:33:56.558] [main] [info] vbfhmm:
GoodJetsCollection: pass=142575     all=155363     -- eff=91.77 % cumulative eff=91.77 %
Flag_goodVertices: pass=142575     all=142575     -- eff=100.00 % cumulative eff=91.77 %
Flag_globalSuperTightHalo2016Filter: pass=142558     all=142575     -- eff=99.99 % cumulative eff=91.76 %
Flag_EcalDeadCellTriggerPrimitiveFilter: pass=142542     all=142558     -- eff=99.99 % cumulative eff=91.75 %
Flag_BadPFMuonFilter: pass=142532     all=142542     -- eff=99.99 % cumulative eff=91.74 %
Flag_BadPFMuonDzFilter: pass=142529     all=142532     -- eff=100.00 % cumulative eff=91.74 %
Flag_eeBadScFilter: pass=142529     all=142529     -- eff=100.00 % cumulative eff=91.74 %
Flag_ecalBadCalibFilter: pass=142507     all=142529     -- eff=99.98 % cumulative eff=91.73 %
Flag_hfNoisyHitsFilter: pass=142502     all=142507     -- eff=100.00 % cumulative eff=91.72 %
Number of muons 2: pass=9548       all=142502     -- eff=6.70 % cumulative eff=6.15 %
Veto VH <= 0 electrons: pass=9409       all=9548       -- eff=98.54 % cumulative eff=6.06 %
DiMuon From Higgs: pass=4316       all=9409       -- eff=45.87 % cumulative eff=2.78 %
LeptonChargeSum: pass=4275       all=4316       -- eff=99.05 % cumulative eff=2.75 %
Hmass>=110: pass=2295       all=4275       -- eff=53.68 % cumulative eff=1.48 %
[2025-11-20 09:33:56.604] [main] [info] Writing quantities map to /eos/user/j/jiahua/MC_2022EE_inc/MC_2022EE_vbf/TTto2L2Nu_powheg_22EE_ext1-v2/977f82ab-1b34-4582-9bd7-019c4c7531f3_vbfhmm.root
[2025-11-20 09:33:56.647] [main] [info] Finished Evaluation
[2025-11-20 09:33:56.647] [main] [info] Overall runtime (real time: 393.47, CPU time: 371.23)
