000 (13047731.181.000) 11/20 09:15:30 Job submitted from host: <188.185.121.235:9618?addrs=188.185.121.235-9618+[2001-1458-d00-49--100-36e]-9618&alias=bigbird22.cern.ch&noUDP&sock=schedd_232129_c3ca>
...
040 (13047731.181.000) 11/20 09:25:47 Started transferring input files
	Transferring to host: <188.185.212.181:9618?addrs=188.185.212.181-9618+[2001-1458-303-19--100-31]-9618&alias=b9p26p2175.cern.ch&noUDP&sock=slot1_44_3549_5769_63754>
...
040 (13047731.181.000) 11/20 09:25:47 Finished transferring input files
...
001 (13047731.181.000) 11/20 09:25:48 Job executing on host: <188.185.212.181:9618?addrs=188.185.212.181-9618+[2001-1458-303-19--100-31]-9618&alias=b9p26p2175.cern.ch&noUDP&sock=startd_3033_f6d5>
	SlotName: slot1_44@b9p26p2175.cern.ch
	CondorScratchDir = "/pool/condor/dir_2361002"
	Cpus = 1
	Disk = 15713
	GPUs = 0
	Memory = 3000
...
006 (13047731.181.000) 11/20 09:26:01 Image size of job updated: 102320
	100  -  MemoryUsage of job (MB)
	102320  -  ResidentSetSize of job (KB)
...
006 (13047731.181.000) 11/20 09:27:34 Image size of job updated: 694332
	100  -  MemoryUsage of job (MB)
	102320  -  ResidentSetSize of job (KB)
...
040 (13047731.181.000) 11/20 09:27:34 Started transferring output files
...
040 (13047731.181.000) 11/20 09:27:34 Finished transferring output files
...
005 (13047731.181.000) 11/20 09:27:34 Job terminated.
	(1) Normal termination (return value 134)
		Usr 0 00:01:25, Sys 0 00:00:03  -  Run Remote Usage
		Usr 0 00:00:00, Sys 0 00:00:00  -  Run Local Usage
		Usr 0 00:01:25, Sys 0 00:00:03  -  Total Remote Usage
		Usr 0 00:00:00, Sys 0 00:00:00  -  Total Local Usage
	8483  -  Run Bytes Sent By Job
	11510364  -  Run Bytes Received By Job
	8483  -  Total Bytes Sent By Job
	11510364  -  Total Bytes Received By Job
	Partitionable Resources :    Usage  Request Allocated 
	   Cpus                 :     0.99        1         1 
	   Disk (KB)            : 11272       12500     15713 
	   GPUs                 :                           0 
	   Memory (MB)          :   100        3000      3000 
	   TimeExecute (s)      :   106                       
	   TimeSlotBusy (s)     :   107                       

	Job terminated of its own accord at 2025-11-20T08:27:34Z with exit-code 134.
...
