Starting job on \n
Running on: Linux b9p30p7929.cern.ch 5.14.0-570.44.1.el9_6.x86_64 #1 SMP PREEMPT_DYNAMIC Tue Sep 9 05:17:30 EDT 2025 x86_64 x86_64 x86_64 GNU/Linux\n
System software: Red Hat Enterprise Linux release 9.7 (Plow)\n
Setting up CROWN for RedHatEnterprise Version 9.7
subject   : /DC=ch/DC=cern/OU=Organic Units/OU=Users/CN=jiahua/CN=851532/CN=Jiahua Chen/CN=2045128514
issuer    : /DC=ch/DC=cern/OU=Organic Units/OU=Users/CN=jiahua/CN=851532/CN=Jiahua Chen
identity  : /DC=ch/DC=cern/OU=Organic Units/OU=Users/CN=jiahua/CN=851532/CN=Jiahua Chen
type      : RFC compliant proxy
strength  : 2048 bits
path      : /afs/cern.ch/user/j/jiahua/proxy/x509up_u139833
timeleft  : 199:42:35
key usage : Digital Signature, Key Encipherment
=== VO cms extension information ===
VO        : cms
subject   : /DC=ch/DC=cern/OU=Organic Units/OU=Users/CN=jiahua/CN=851532/CN=Jiahua Chen
issuer    : /DC=ch/DC=cern/OU=computers/CN=cms-auth.cern.ch
attribute : /cms/Role=NULL/Capability=NULL
timeleft  : 191:42:34
uri       : voms-cms-auth.cern.ch:15000
subject   : /DC=ch/DC=cern/OU=Organic Units/OU=Users/CN=jiahua/CN=851532/CN=Jiahua Chen/CN=2045128514
issuer    : /DC=ch/DC=cern/OU=Organic Units/OU=Users/CN=jiahua/CN=851532/CN=Jiahua Chen
identity  : /DC=ch/DC=cern/OU=Organic Units/OU=Users/CN=jiahua/CN=851532/CN=Jiahua Chen
type      : RFC compliant proxy
strength  : 2048 bits
path      : /afs/cern.ch/user/j/jiahua/proxy/x509up_u139833
timeleft  : 199:42:35
key usage : Digital Signature, Key Encipherment
=== VO cms extension information ===
VO        : cms
subject   : /DC=ch/DC=cern/OU=Organic Units/OU=Users/CN=jiahua/CN=851532/CN=Jiahua Chen
issuer    : /DC=ch/DC=cern/OU=computers/CN=cms-auth.cern.ch
attribute : /cms/Role=NULL/Capability=NULL
timeleft  : 191:42:34
uri       : voms-cms-auth.cern.ch:15000
/eos/user/j/jiahua/MC_2022EE_inc/MC_2022EE_vbf/TTto2L2Nu_powheg_22EE_ext1-v2/6b0e18d3-5a19-447d-aaa0-5230412f1dd9.root
[2025-11-20 03:06:08.589] [main] [info] Checking input files
[2025-11-20 03:06:13.669] [main] [info] NanoAOD input_file 1: root://cms-xrd-global.cern.ch//store/mc/Run3Summer22EENanoAODv12/TTto2L2Nu_TuneCP5_13p6TeV_powheg-pythia8/NANOAODSIM/130X_mcRun3_2022_realistic_postEE_v6_ext1-v2/2530000/6b0e18d3-5a19-447d-aaa0-5230412f1dd9.root - 703 Events
[2025-11-20 03:06:13.669] [main] [info] input_file 1: root://cms-xrd-global.cern.ch//store/mc/Run3Summer22EENanoAODv12/TTto2L2Nu_TuneCP5_13p6TeV_powheg-pythia8/NANOAODSIM/130X_mcRun3_2022_realistic_postEE_v6_ext1-v2/2530000/6b0e18d3-5a19-447d-aaa0-5230412f1dd9.root - SumOfGenWeight: 56367.21050000001 
[2025-11-20 03:06:13.669] [main] [info] Output directory: /eos/user/j/jiahua/MC_2022EE_inc/MC_2022EE_vbf/TTto2L2Nu_powheg_22EE_ext1-v2/6b0e18d3-5a19-447d-aaa0-5230412f1dd9.root
[2025-11-20 03:06:13.673] [main] [info] Starting Setup of Dataframe with 703 events
[2025-11-20 03:07:53.431] [main] [info] Finished Setup
[2025-11-20 03:07:53.431] [main] [info] Runtime for setup (real time: 99.76, CPU time: 91.24)
[2025-11-20 03:07:53.431] [main] [info] Starting Evaluation
[2025-11-20 03:08:14.813] [main] [info] vbfhmm:
GoodJetsCollection: pass=627        all=703        -- eff=89.19 % cumulative eff=89.19 %
Flag_goodVertices: pass=627        all=627        -- eff=100.00 % cumulative eff=89.19 %
Flag_globalSuperTightHalo2016Filter: pass=627        all=627        -- eff=100.00 % cumulative eff=89.19 %
Flag_EcalDeadCellTriggerPrimitiveFilter: pass=627        all=627        -- eff=100.00 % cumulative eff=89.19 %
Flag_BadPFMuonFilter: pass=627        all=627        -- eff=100.00 % cumulative eff=89.19 %
Flag_BadPFMuonDzFilter: pass=627        all=627        -- eff=100.00 % cumulative eff=89.19 %
Flag_eeBadScFilter: pass=627        all=627        -- eff=100.00 % cumulative eff=89.19 %
Flag_ecalBadCalibFilter: pass=627        all=627        -- eff=100.00 % cumulative eff=89.19 %
Flag_hfNoisyHitsFilter: pass=627        all=627        -- eff=100.00 % cumulative eff=89.19 %
Number of muons 2: pass=28         all=627        -- eff=4.47 % cumulative eff=3.98 %
Veto VH <= 0 electrons: pass=28         all=28         -- eff=100.00 % cumulative eff=3.98 %
DiMuon From Higgs: pass=13         all=28         -- eff=46.43 % cumulative eff=1.85 %
LeptonChargeSum: pass=13         all=13         -- eff=100.00 % cumulative eff=1.85 %
Hmass>=110: pass=8          all=13         -- eff=61.54 % cumulative eff=1.14 %
[2025-11-20 03:08:15.098] [main] [info] Writing quantities map to /eos/user/j/jiahua/MC_2022EE_inc/MC_2022EE_vbf/TTto2L2Nu_powheg_22EE_ext1-v2/6b0e18d3-5a19-447d-aaa0-5230412f1dd9_vbfhmm.root
[2025-11-20 03:08:15.155] [main] [info] Finished Evaluation
[2025-11-20 03:08:15.155] [main] [info] Overall runtime (real time: 121.49, CPU time: 110.56)
