Starting job on \n
Running on: Linux b9p31p7665.cern.ch 5.14.0-570.44.1.el9_6.x86_64 #1 SMP PREEMPT_DYNAMIC Tue Sep 9 05:17:30 EDT 2025 x86_64 x86_64 x86_64 GNU/Linux\n
System software: Red Hat Enterprise Linux release 9.7 (Plow)\n
Setting up CROWN for RedHatEnterprise Version 9.7
subject   : /DC=ch/DC=cern/OU=Organic Units/OU=Users/CN=jiahua/CN=851532/CN=Jiahua Chen/CN=2045128514
issuer    : /DC=ch/DC=cern/OU=Organic Units/OU=Users/CN=jiahua/CN=851532/CN=Jiahua Chen
identity  : /DC=ch/DC=cern/OU=Organic Units/OU=Users/CN=jiahua/CN=851532/CN=Jiahua Chen
type      : RFC compliant proxy
strength  : 2048 bits
path      : /afs/cern.ch/user/j/jiahua/proxy/x509up_u139833
timeleft  : 199:44:09
key usage : Digital Signature, Key Encipherment
=== VO cms extension information ===
VO        : cms
subject   : /DC=ch/DC=cern/OU=Organic Units/OU=Users/CN=jiahua/CN=851532/CN=Jiahua Chen
issuer    : /DC=ch/DC=cern/OU=computers/CN=cms-auth.cern.ch
attribute : /cms/Role=NULL/Capability=NULL
timeleft  : 191:44:08
uri       : voms-cms-auth.cern.ch:15000
subject   : /DC=ch/DC=cern/OU=Organic Units/OU=Users/CN=jiahua/CN=851532/CN=Jiahua Chen/CN=2045128514
issuer    : /DC=ch/DC=cern/OU=Organic Units/OU=Users/CN=jiahua/CN=851532/CN=Jiahua Chen
identity  : /DC=ch/DC=cern/OU=Organic Units/OU=Users/CN=jiahua/CN=851532/CN=Jiahua Chen
type      : RFC compliant proxy
strength  : 2048 bits
path      : /afs/cern.ch/user/j/jiahua/proxy/x509up_u139833
timeleft  : 199:44:09
key usage : Digital Signature, Key Encipherment
=== VO cms extension information ===
VO        : cms
subject   : /DC=ch/DC=cern/OU=Organic Units/OU=Users/CN=jiahua/CN=851532/CN=Jiahua Chen
issuer    : /DC=ch/DC=cern/OU=computers/CN=cms-auth.cern.ch
attribute : /cms/Role=NULL/Capability=NULL
timeleft  : 191:44:08
uri       : voms-cms-auth.cern.ch:15000
/eos/user/j/jiahua/MC_2022EE_inc/MC_2022EE_vbf/TTto2L2Nu_powheg_22EE_ext1-v2/00525c9a-c32a-4bed-8290-5a8cfb3c2536.root
[2025-11-20 03:04:34.639] [main] [info] Checking input files
[2025-11-20 03:04:40.533] [main] [info] NanoAOD input_file 1: root://cms-xrd-global.cern.ch//store/mc/Run3Summer22EENanoAODv12/TTto2L2Nu_TuneCP5_13p6TeV_powheg-pythia8/NANOAODSIM/130X_mcRun3_2022_realistic_postEE_v6_ext1-v2/2520000/00525c9a-c32a-4bed-8290-5a8cfb3c2536.root - 29526 Events
[2025-11-20 03:04:40.533] [main] [info] input_file 1: root://cms-xrd-global.cern.ch//store/mc/Run3Summer22EENanoAODv12/TTto2L2Nu_TuneCP5_13p6TeV_powheg-pythia8/NANOAODSIM/130X_mcRun3_2022_realistic_postEE_v6_ext1-v2/2520000/00525c9a-c32a-4bed-8290-5a8cfb3c2536.root - SumOfGenWeight: 2378128.5558 
[2025-11-20 03:04:40.533] [main] [info] Output directory: /eos/user/j/jiahua/MC_2022EE_inc/MC_2022EE_vbf/TTto2L2Nu_powheg_22EE_ext1-v2/00525c9a-c32a-4bed-8290-5a8cfb3c2536.root
[2025-11-20 03:04:40.534] [main] [info] Starting Setup of Dataframe with 29526 events
[2025-11-20 03:06:04.061] [main] [info] Finished Setup
[2025-11-20 03:06:04.061] [main] [info] Runtime for setup (real time: 83.53, CPU time: 76.27)
[2025-11-20 03:06:04.061] [main] [info] Starting Evaluation
[2025-11-20 03:06:45.836] [main] [info] 10000 / 29526 (33.87 %) Events processed ...
[2025-11-20 03:07:04.761] [main] [info] 20000 / 29526 (67.74 %) Events processed ...
[2025-11-20 03:07:23.810] [main] [info] vbfhmm:
GoodJetsCollection: pass=27159      all=29526      -- eff=91.98 % cumulative eff=91.98 %
Flag_goodVertices: pass=27159      all=27159      -- eff=100.00 % cumulative eff=91.98 %
Flag_globalSuperTightHalo2016Filter: pass=27158      all=27159      -- eff=100.00 % cumulative eff=91.98 %
Flag_EcalDeadCellTriggerPrimitiveFilter: pass=27153      all=27158      -- eff=99.98 % cumulative eff=91.96 %
Flag_BadPFMuonFilter: pass=27151      all=27153      -- eff=99.99 % cumulative eff=91.96 %
Flag_BadPFMuonDzFilter: pass=27149      all=27151      -- eff=99.99 % cumulative eff=91.95 %
Flag_eeBadScFilter: pass=27149      all=27149      -- eff=100.00 % cumulative eff=91.95 %
Flag_ecalBadCalibFilter: pass=27144      all=27149      -- eff=99.98 % cumulative eff=91.93 %
Flag_hfNoisyHitsFilter: pass=27143      all=27144      -- eff=100.00 % cumulative eff=91.93 %
Number of muons 2: pass=1845       all=27143      -- eff=6.80 % cumulative eff=6.25 %
Veto VH <= 0 electrons: pass=1828       all=1845       -- eff=99.08 % cumulative eff=6.19 %
DiMuon From Higgs: pass=832        all=1828       -- eff=45.51 % cumulative eff=2.82 %
LeptonChargeSum: pass=823        all=832        -- eff=98.92 % cumulative eff=2.79 %
Hmass>=110: pass=446        all=823        -- eff=54.19 % cumulative eff=1.51 %
[2025-11-20 03:07:23.963] [main] [info] Writing quantities map to /eos/user/j/jiahua/MC_2022EE_inc/MC_2022EE_vbf/TTto2L2Nu_powheg_22EE_ext1-v2/00525c9a-c32a-4bed-8290-5a8cfb3c2536_vbfhmm.root
[2025-11-20 03:07:24.046] [main] [info] Finished Evaluation
[2025-11-20 03:07:24.046] [main] [info] Overall runtime (real time: 163.51, CPU time: 148.92)
