Starting job on \n
Running on: Linux b9p29p3209.cern.ch 5.14.0-570.44.1.el9_6.x86_64 #1 SMP PREEMPT_DYNAMIC Tue Sep 9 05:17:30 EDT 2025 x86_64 x86_64 x86_64 GNU/Linux\n
System software: Red Hat Enterprise Linux release 9.7 (Plow)\n
Setting up CROWN for RedHatEnterprise Version 9.7
subject   : /DC=ch/DC=cern/OU=Organic Units/OU=Users/CN=jiahua/CN=851532/CN=Jiahua Chen/CN=2045128514
issuer    : /DC=ch/DC=cern/OU=Organic Units/OU=Users/CN=jiahua/CN=851532/CN=Jiahua Chen
identity  : /DC=ch/DC=cern/OU=Organic Units/OU=Users/CN=jiahua/CN=851532/CN=Jiahua Chen
type      : RFC compliant proxy
strength  : 2048 bits
path      : /afs/cern.ch/user/j/jiahua/proxy/x509up_u139833
timeleft  : 199:44:36
key usage : Digital Signature, Key Encipherment
=== VO cms extension information ===
VO        : cms
subject   : /DC=ch/DC=cern/OU=Organic Units/OU=Users/CN=jiahua/CN=851532/CN=Jiahua Chen
issuer    : /DC=ch/DC=cern/OU=computers/CN=cms-auth.cern.ch
attribute : /cms/Role=NULL/Capability=NULL
timeleft  : 191:44:35
uri       : voms-cms-auth.cern.ch:15000
subject   : /DC=ch/DC=cern/OU=Organic Units/OU=Users/CN=jiahua/CN=851532/CN=Jiahua Chen/CN=2045128514
issuer    : /DC=ch/DC=cern/OU=Organic Units/OU=Users/CN=jiahua/CN=851532/CN=Jiahua Chen
identity  : /DC=ch/DC=cern/OU=Organic Units/OU=Users/CN=jiahua/CN=851532/CN=Jiahua Chen
type      : RFC compliant proxy
strength  : 2048 bits
path      : /afs/cern.ch/user/j/jiahua/proxy/x509up_u139833
timeleft  : 199:44:36
key usage : Digital Signature, Key Encipherment
=== VO cms extension information ===
VO        : cms
subject   : /DC=ch/DC=cern/OU=Organic Units/OU=Users/CN=jiahua/CN=851532/CN=Jiahua Chen
issuer    : /DC=ch/DC=cern/OU=computers/CN=cms-auth.cern.ch
attribute : /cms/Role=NULL/Capability=NULL
timeleft  : 191:44:35
uri       : voms-cms-auth.cern.ch:15000
/eos/user/j/jiahua/MC_2022EE_inc/MC_2022EE_vbf/TTto2L2Nu_powheg_22EE_ext1-v2/05f4097e-7267-4379-9815-2911db9566b8.root
[2025-11-20 03:04:07.224] [main] [info] Checking input files
[2025-11-20 03:04:13.181] [main] [info] NanoAOD input_file 1: root://cms-xrd-global.cern.ch//store/mc/Run3Summer22EENanoAODv12/TTto2L2Nu_TuneCP5_13p6TeV_powheg-pythia8/NANOAODSIM/130X_mcRun3_2022_realistic_postEE_v6_ext1-v2/2520000/05f4097e-7267-4379-9815-2911db9566b8.root - 162393 Events
[2025-11-20 03:04:13.181] [main] [info] input_file 1: root://cms-xrd-global.cern.ch//store/mc/Run3Summer22EENanoAODv12/TTto2L2Nu_TuneCP5_13p6TeV_powheg-pythia8/NANOAODSIM/130X_mcRun3_2022_realistic_postEE_v6_ext1-v2/2520000/05f4097e-7267-4379-9815-2911db9566b8.root - SumOfGenWeight: 13063648.48469999 
[2025-11-20 03:04:13.181] [main] [info] Output directory: /eos/user/j/jiahua/MC_2022EE_inc/MC_2022EE_vbf/TTto2L2Nu_powheg_22EE_ext1-v2/05f4097e-7267-4379-9815-2911db9566b8.root
[2025-11-20 03:04:13.181] [main] [info] Starting Setup of Dataframe with 162393 events
[2025-11-20 03:05:35.800] [main] [info] Finished Setup
[2025-11-20 03:05:35.800] [main] [info] Runtime for setup (real time: 82.62, CPU time: 74.98)
[2025-11-20 03:05:35.800] [main] [info] Starting Evaluation
[2025-11-20 03:06:13.720] [main] [info] 10000 / 162393 (6.16 %) Events processed ...
[2025-11-20 03:06:32.628] [main] [info] 20000 / 162393 (12.32 %) Events processed ...
[2025-11-20 03:06:52.635] [main] [info] 30000 / 162393 (18.47 %) Events processed ...
[2025-11-20 03:07:15.385] [main] [info] 40000 / 162393 (24.63 %) Events processed ...
[2025-11-20 03:07:35.628] [main] [info] 50000 / 162393 (30.79 %) Events processed ...
[2025-11-20 03:07:54.811] [main] [info] 60000 / 162393 (36.95 %) Events processed ...
[2025-11-20 03:08:16.842] [main] [info] 70000 / 162393 (43.11 %) Events processed ...
[2025-11-20 03:08:36.301] [main] [info] 80000 / 162393 (49.26 %) Events processed ...
[2025-11-20 03:08:56.347] [main] [info] 90000 / 162393 (55.42 %) Events processed ...
[2025-11-20 03:09:19.219] [main] [info] 100000 / 162393 (61.58 %) Events processed ...
[2025-11-20 03:09:37.544] [main] [info] 110000 / 162393 (67.74 %) Events processed ...
[2025-11-20 03:09:57.722] [main] [info] 120000 / 162393 (73.89 %) Events processed ...
[2025-11-20 03:10:19.365] [main] [info] 130000 / 162393 (80.05 %) Events processed ...
[2025-11-20 03:10:37.805] [main] [info] 140000 / 162393 (86.21 %) Events processed ...
[2025-11-20 03:10:56.168] [main] [info] 150000 / 162393 (92.37 %) Events processed ...
[2025-11-20 03:11:16.376] [main] [info] 160000 / 162393 (98.53 %) Events processed ...
[2025-11-20 03:11:21.255] [main] [info] vbfhmm:
GoodJetsCollection: pass=149206     all=162393     -- eff=91.88 % cumulative eff=91.88 %
Flag_goodVertices: pass=149206     all=149206     -- eff=100.00 % cumulative eff=91.88 %
Flag_globalSuperTightHalo2016Filter: pass=149183     all=149206     -- eff=99.98 % cumulative eff=91.87 %
Flag_EcalDeadCellTriggerPrimitiveFilter: pass=149163     all=149183     -- eff=99.99 % cumulative eff=91.85 %
Flag_BadPFMuonFilter: pass=149154     all=149163     -- eff=99.99 % cumulative eff=91.85 %
Flag_BadPFMuonDzFilter: pass=149152     all=149154     -- eff=100.00 % cumulative eff=91.85 %
Flag_eeBadScFilter: pass=149152     all=149152     -- eff=100.00 % cumulative eff=91.85 %
Flag_ecalBadCalibFilter: pass=149128     all=149152     -- eff=99.98 % cumulative eff=91.83 %
Flag_hfNoisyHitsFilter: pass=149124     all=149128     -- eff=100.00 % cumulative eff=91.83 %
Number of muons 2: pass=9932       all=149124     -- eff=6.66 % cumulative eff=6.12 %
Veto VH <= 0 electrons: pass=9796       all=9932       -- eff=98.63 % cumulative eff=6.03 %
DiMuon From Higgs: pass=4516       all=9796       -- eff=46.10 % cumulative eff=2.78 %
LeptonChargeSum: pass=4481       all=4516       -- eff=99.22 % cumulative eff=2.76 %
Hmass>=110: pass=2346       all=4481       -- eff=52.35 % cumulative eff=1.44 %
[2025-11-20 03:11:21.481] [main] [info] Writing quantities map to /eos/user/j/jiahua/MC_2022EE_inc/MC_2022EE_vbf/TTto2L2Nu_powheg_22EE_ext1-v2/05f4097e-7267-4379-9815-2911db9566b8_vbfhmm.root
[2025-11-20 03:11:21.613] [main] [info] Finished Evaluation
[2025-11-20 03:11:21.613] [main] [info] Overall runtime (real time: 428.43, CPU time: 399.10)
