Starting job on \n
Running on: Linux b9p20p8436.cern.ch 5.14.0-570.44.1.el9_6.x86_64 #1 SMP PREEMPT_DYNAMIC Tue Sep 9 05:17:30 EDT 2025 x86_64 x86_64 x86_64 GNU/Linux\n
System software: Red Hat Enterprise Linux release 9.7 (Plow)\n
Setting up CROWN for RedHatEnterprise Version 9.7
subject   : /DC=ch/DC=cern/OU=Organic Units/OU=Users/CN=jiahua/CN=851532/CN=Jiahua Chen/CN=2045128514
issuer    : /DC=ch/DC=cern/OU=Organic Units/OU=Users/CN=jiahua/CN=851532/CN=Jiahua Chen
identity  : /DC=ch/DC=cern/OU=Organic Units/OU=Users/CN=jiahua/CN=851532/CN=Jiahua Chen
type      : RFC compliant proxy
strength  : 2048 bits
path      : /afs/cern.ch/user/j/jiahua/proxy/x509up_u139833
timeleft  : 199:46:06
key usage : Digital Signature, Key Encipherment
=== VO cms extension information ===
VO        : cms
subject   : /DC=ch/DC=cern/OU=Organic Units/OU=Users/CN=jiahua/CN=851532/CN=Jiahua Chen
issuer    : /DC=ch/DC=cern/OU=computers/CN=cms-auth.cern.ch
attribute : /cms/Role=NULL/Capability=NULL
timeleft  : 191:46:05
uri       : voms-cms-auth.cern.ch:15000
subject   : /DC=ch/DC=cern/OU=Organic Units/OU=Users/CN=jiahua/CN=851532/CN=Jiahua Chen/CN=2045128514
issuer    : /DC=ch/DC=cern/OU=Organic Units/OU=Users/CN=jiahua/CN=851532/CN=Jiahua Chen
identity  : /DC=ch/DC=cern/OU=Organic Units/OU=Users/CN=jiahua/CN=851532/CN=Jiahua Chen
type      : RFC compliant proxy
strength  : 2048 bits
path      : /afs/cern.ch/user/j/jiahua/proxy/x509up_u139833
timeleft  : 199:46:05
key usage : Digital Signature, Key Encipherment
=== VO cms extension information ===
VO        : cms
subject   : /DC=ch/DC=cern/OU=Organic Units/OU=Users/CN=jiahua/CN=851532/CN=Jiahua Chen
issuer    : /DC=ch/DC=cern/OU=computers/CN=cms-auth.cern.ch
attribute : /cms/Role=NULL/Capability=NULL
timeleft  : 191:46:04
uri       : voms-cms-auth.cern.ch:15000
/eos/user/j/jiahua/MC_2022EE_inc/MC_2022EE_vbf/TTto2L2Nu_powheg_22EE_ext1-v2/9c6725ad-3b7d-4591-b1eb-6378d6ddd3d8.root
[2025-11-20 03:02:38.143] [main] [info] Checking input files
[2025-11-20 03:02:44.872] [main] [info] NanoAOD input_file 1: root://cms-xrd-global.cern.ch//store/mc/Run3Summer22EENanoAODv12/TTto2L2Nu_TuneCP5_13p6TeV_powheg-pythia8/NANOAODSIM/130X_mcRun3_2022_realistic_postEE_v6_ext1-v2/50000/9c6725ad-3b7d-4591-b1eb-6378d6ddd3d8.root - 155363 Events
[2025-11-20 03:02:44.872] [main] [info] input_file 1: root://cms-xrd-global.cern.ch//store/mc/Run3Summer22EENanoAODv12/TTto2L2Nu_TuneCP5_13p6TeV_powheg-pythia8/NANOAODSIM/130X_mcRun3_2022_realistic_postEE_v6_ext1-v2/50000/9c6725ad-3b7d-4591-b1eb-6378d6ddd3d8.root - SumOfGenWeight: 12497056.639299996 
[2025-11-20 03:02:44.873] [main] [info] Output directory: /eos/user/j/jiahua/MC_2022EE_inc/MC_2022EE_vbf/TTto2L2Nu_powheg_22EE_ext1-v2/9c6725ad-3b7d-4591-b1eb-6378d6ddd3d8.root
[2025-11-20 03:02:44.873] [main] [info] Starting Setup of Dataframe with 155363 events
[2025-11-20 03:04:58.382] [main] [info] Finished Setup
[2025-11-20 03:04:58.382] [main] [info] Runtime for setup (real time: 133.51, CPU time: 126.33)
[2025-11-20 03:04:58.382] [main] [info] Starting Evaluation
[2025-11-20 03:05:55.230] [main] [info] 10000 / 155363 (6.44 %) Events processed ...
[2025-11-20 03:06:21.332] [main] [info] 20000 / 155363 (12.87 %) Events processed ...
[2025-11-20 03:06:46.939] [main] [info] 30000 / 155363 (19.31 %) Events processed ...
[2025-11-20 03:07:16.980] [main] [info] 40000 / 155363 (25.75 %) Events processed ...
[2025-11-20 03:07:46.169] [main] [info] 50000 / 155363 (32.18 %) Events processed ...
[2025-11-20 03:08:14.939] [main] [info] 60000 / 155363 (38.62 %) Events processed ...
[2025-11-20 03:08:43.176] [main] [info] 70000 / 155363 (45.06 %) Events processed ...
[2025-11-20 03:09:12.074] [main] [info] 80000 / 155363 (51.49 %) Events processed ...
[2025-11-20 03:09:35.498] [main] [info] 90000 / 155363 (57.93 %) Events processed ...
[2025-11-20 03:09:58.893] [main] [info] 100000 / 155363 (64.37 %) Events processed ...
[2025-11-20 03:10:23.639] [main] [info] 110000 / 155363 (70.80 %) Events processed ...
[2025-11-20 03:10:45.511] [main] [info] 120000 / 155363 (77.24 %) Events processed ...
[2025-11-20 03:11:13.129] [main] [info] 130000 / 155363 (83.68 %) Events processed ...
[2025-11-20 03:11:37.105] [main] [info] 140000 / 155363 (90.11 %) Events processed ...
[2025-11-20 03:12:05.870] [main] [info] 150000 / 155363 (96.55 %) Events processed ...
[2025-11-20 03:12:22.327] [main] [info] vbfhmm:
GoodJetsCollection: pass=142501     all=155363     -- eff=91.72 % cumulative eff=91.72 %
Flag_goodVertices: pass=142501     all=142501     -- eff=100.00 % cumulative eff=91.72 %
Flag_globalSuperTightHalo2016Filter: pass=142486     all=142501     -- eff=99.99 % cumulative eff=91.71 %
Flag_EcalDeadCellTriggerPrimitiveFilter: pass=142468     all=142486     -- eff=99.99 % cumulative eff=91.70 %
Flag_BadPFMuonFilter: pass=142461     all=142468     -- eff=100.00 % cumulative eff=91.70 %
Flag_BadPFMuonDzFilter: pass=142456     all=142461     -- eff=100.00 % cumulative eff=91.69 %
Flag_eeBadScFilter: pass=142456     all=142456     -- eff=100.00 % cumulative eff=91.69 %
Flag_ecalBadCalibFilter: pass=142434     all=142456     -- eff=99.98 % cumulative eff=91.68 %
Flag_hfNoisyHitsFilter: pass=142430     all=142434     -- eff=100.00 % cumulative eff=91.68 %
Number of muons 2: pass=9513       all=142430     -- eff=6.68 % cumulative eff=6.12 %
Veto VH <= 0 electrons: pass=9375       all=9513       -- eff=98.55 % cumulative eff=6.03 %
DiMuon From Higgs: pass=4266       all=9375       -- eff=45.50 % cumulative eff=2.75 %
LeptonChargeSum: pass=4234       all=4266       -- eff=99.25 % cumulative eff=2.73 %
Hmass>=110: pass=2252       all=4234       -- eff=53.19 % cumulative eff=1.45 %
[2025-11-20 03:12:22.486] [main] [info] Writing quantities map to /eos/user/j/jiahua/MC_2022EE_inc/MC_2022EE_vbf/TTto2L2Nu_powheg_22EE_ext1-v2/9c6725ad-3b7d-4591-b1eb-6378d6ddd3d8_vbfhmm.root
[2025-11-20 03:12:22.559] [main] [info] Finished Evaluation
[2025-11-20 03:12:22.559] [main] [info] Overall runtime (real time: 577.69, CPU time: 557.64)
