000 (13047731.281.000) 11/20 09:15:30 Job submitted from host: <188.185.121.235:9618?addrs=188.185.121.235-9618+[2001-1458-d00-49--100-36e]-9618&alias=bigbird22.cern.ch&noUDP&sock=schedd_232129_c3ca>
...
040 (13047731.281.000) 11/20 09:26:21 Started transferring input files
	Transferring to host: <188.185.194.153:9618?addrs=188.185.194.153-9618+[2001-1458-303-21--100-95]-9618&alias=b9p20p5000.cern.ch&noUDP&sock=slot1_21_5814_3d26_58564>
...
040 (13047731.281.000) 11/20 09:26:21 Finished transferring input files
...
001 (13047731.281.000) 11/20 09:26:22 Job executing on host: <188.185.194.153:9618?addrs=188.185.194.153-9618+[2001-1458-303-21--100-95]-9618&alias=b9p20p5000.cern.ch&noUDP&sock=startd_4586_316a>
	SlotName: slot1_21@b9p20p5000.cern.ch
	CondorScratchDir = "/pool/condor/dir_2989639"
	Cpus = 1
	Disk = 16161
	GPUs = 0
	Memory = 3000
...
006 (13047731.281.000) 11/20 09:26:35 Image size of job updated: 103176
	101  -  MemoryUsage of job (MB)
	103176  -  ResidentSetSize of job (KB)
...
006 (13047731.281.000) 11/20 09:29:22 Image size of job updated: 675752
	101  -  MemoryUsage of job (MB)
	103176  -  ResidentSetSize of job (KB)
...
040 (13047731.281.000) 11/20 09:29:22 Started transferring output files
...
040 (13047731.281.000) 11/20 09:29:22 Finished transferring output files
...
005 (13047731.281.000) 11/20 09:29:22 Job terminated.
	(1) Normal termination (return value 134)
		Usr 0 00:02:39, Sys 0 00:00:03  -  Run Remote Usage
		Usr 0 00:00:00, Sys 0 00:00:00  -  Run Local Usage
		Usr 0 00:02:39, Sys 0 00:00:03  -  Total Remote Usage
		Usr 0 00:00:00, Sys 0 00:00:00  -  Total Local Usage
	8487  -  Run Bytes Sent By Job
	11510364  -  Run Bytes Received By Job
	8487  -  Total Bytes Sent By Job
	11510364  -  Total Bytes Received By Job
	Partitionable Resources :    Usage  Request Allocated 
	   Cpus                 :        0        1         1 
	   Disk (KB)            :    11272    12500     16161 
	   GPUs                 :                           0 
	   Memory (MB)          :      101     3000      3000 
	   TimeExecute (s)      :      180                    
	   TimeSlotBusy (s)     :      181                    

	Job terminated of its own accord at 2025-11-20T08:29:22Z with exit-code 134.
...
