Starting job on \n
Running on: Linux b9p04p6187.cern.ch 5.14.0-570.42.2.el9_6.x86_64 #1 SMP PREEMPT_DYNAMIC Mon Sep 8 12:15:13 EDT 2025 x86_64 x86_64 x86_64 GNU/Linux\n
System software: Red Hat Enterprise Linux release 9.7 (Plow)\n
Setting up CROWN for RedHatEnterprise Version 9.7
subject   : /DC=ch/DC=cern/OU=Organic Units/OU=Users/CN=jiahua/CN=851532/CN=Jiahua Chen/CN=2045128514
issuer    : /DC=ch/DC=cern/OU=Organic Units/OU=Users/CN=jiahua/CN=851532/CN=Jiahua Chen
identity  : /DC=ch/DC=cern/OU=Organic Units/OU=Users/CN=jiahua/CN=851532/CN=Jiahua Chen
type      : RFC compliant proxy
strength  : 2048 bits
path      : /afs/cern.ch/user/j/jiahua/proxy/x509up_u139833
timeleft  : 168:38:39
key usage : Digital Signature, Key Encipherment
=== VO cms extension information ===
VO        : cms
subject   : /DC=ch/DC=cern/OU=Organic Units/OU=Users/CN=jiahua/CN=851532/CN=Jiahua Chen
issuer    : /DC=ch/DC=cern/OU=computers/CN=cms-auth.cern.ch
attribute : /cms/Role=NULL/Capability=NULL
timeleft  : 160:38:38
uri       : voms-cms-auth.cern.ch:15000
subject   : /DC=ch/DC=cern/OU=Organic Units/OU=Users/CN=jiahua/CN=851532/CN=Jiahua Chen/CN=2045128514
issuer    : /DC=ch/DC=cern/OU=Organic Units/OU=Users/CN=jiahua/CN=851532/CN=Jiahua Chen
identity  : /DC=ch/DC=cern/OU=Organic Units/OU=Users/CN=jiahua/CN=851532/CN=Jiahua Chen
type      : RFC compliant proxy
strength  : 2048 bits
path      : /afs/cern.ch/user/j/jiahua/proxy/x509up_u139833
timeleft  : 168:38:39
key usage : Digital Signature, Key Encipherment
=== VO cms extension information ===
VO        : cms
subject   : /DC=ch/DC=cern/OU=Organic Units/OU=Users/CN=jiahua/CN=851532/CN=Jiahua Chen
issuer    : /DC=ch/DC=cern/OU=computers/CN=cms-auth.cern.ch
attribute : /cms/Role=NULL/Capability=NULL
timeleft  : 160:38:38
uri       : voms-cms-auth.cern.ch:15000
/eos/user/j/jiahua/MC_2022EE_inc/MC_2022EE_vbf/TTto2L2Nu_powheg_22EE_ext1-v2/05d23e75-7c05-4829-b473-64aaaf644516.root
[2025-11-21 10:10:04.918] [main] [info] Checking input files
[2025-11-21 10:10:15.351] [main] [info] NanoAOD input_file 1: root://cms-xrd-global.cern.ch//store/mc/Run3Summer22EENanoAODv12/TTto2L2Nu_TuneCP5_13p6TeV_powheg-pythia8/NANOAODSIM/130X_mcRun3_2022_realistic_postEE_v6_ext1-v2/50000/05d23e75-7c05-4829-b473-64aaaf644516.root - 158175 Events
[2025-11-21 10:10:15.351] [main] [info] input_file 1: root://cms-xrd-global.cern.ch//store/mc/Run3Summer22EENanoAODv12/TTto2L2Nu_TuneCP5_13p6TeV_powheg-pythia8/NANOAODSIM/130X_mcRun3_2022_realistic_postEE_v6_ext1-v2/50000/05d23e75-7c05-4829-b473-64aaaf644516.root - SumOfGenWeight: 12731609.118099995 
[2025-11-21 10:10:15.351] [main] [info] Output directory: /eos/user/j/jiahua/MC_2022EE_inc/MC_2022EE_vbf/TTto2L2Nu_powheg_22EE_ext1-v2/05d23e75-7c05-4829-b473-64aaaf644516.root
[2025-11-21 10:10:15.352] [main] [info] Starting Setup of Dataframe with 158175 events
[2025-11-21 10:11:18.802] [main] [info] Finished Setup
[2025-11-21 10:11:18.802] [main] [info] Runtime for setup (real time: 63.45, CPU time: 61.20)
[2025-11-21 10:11:18.802] [main] [info] Starting Evaluation
[2025-11-21 10:11:50.207] [main] [info] 10000 / 158175 (6.32 %) Events processed ...
[2025-11-21 10:12:06.411] [main] [info] 20000 / 158175 (12.64 %) Events processed ...
[2025-11-21 10:12:23.431] [main] [info] 30000 / 158175 (18.97 %) Events processed ...
[2025-11-21 10:12:43.230] [main] [info] 40000 / 158175 (25.29 %) Events processed ...
[2025-11-21 10:13:02.564] [main] [info] 50000 / 158175 (31.61 %) Events processed ...
[2025-11-21 10:13:21.942] [main] [info] 60000 / 158175 (37.93 %) Events processed ...
[2025-11-21 10:13:41.306] [main] [info] 70000 / 158175 (44.25 %) Events processed ...
[2025-11-21 10:13:59.028] [main] [info] 80000 / 158175 (50.58 %) Events processed ...
[2025-11-21 10:14:16.209] [main] [info] 90000 / 158175 (56.90 %) Events processed ...
[2025-11-21 10:14:32.859] [main] [info] 100000 / 158175 (63.22 %) Events processed ...
[2025-11-21 10:14:51.638] [main] [info] 110000 / 158175 (69.54 %) Events processed ...
[2025-11-21 10:15:10.497] [main] [info] 120000 / 158175 (75.87 %) Events processed ...
[2025-11-21 10:15:32.087] [main] [info] 130000 / 158175 (82.19 %) Events processed ...
[2025-11-21 10:15:49.348] [main] [info] 140000 / 158175 (88.51 %) Events processed ...
[2025-11-21 10:16:03.301] [main] [info] 150000 / 158175 (94.83 %) Events processed ...
[2025-11-21 10:16:21.444] [main] [info] vbfhmm:
GoodJetsCollection: pass=145072     all=158175     -- eff=91.72 % cumulative eff=91.72 %
Flag_goodVertices: pass=145072     all=145072     -- eff=100.00 % cumulative eff=91.72 %
Flag_globalSuperTightHalo2016Filter: pass=145054     all=145072     -- eff=99.99 % cumulative eff=91.70 %
Flag_EcalDeadCellTriggerPrimitiveFilter: pass=145037     all=145054     -- eff=99.99 % cumulative eff=91.69 %
Flag_BadPFMuonFilter: pass=145029     all=145037     -- eff=99.99 % cumulative eff=91.69 %
Flag_BadPFMuonDzFilter: pass=145027     all=145029     -- eff=100.00 % cumulative eff=91.69 %
Flag_eeBadScFilter: pass=145027     all=145027     -- eff=100.00 % cumulative eff=91.69 %
Flag_ecalBadCalibFilter: pass=145007     all=145027     -- eff=99.99 % cumulative eff=91.68 %
Flag_hfNoisyHitsFilter: pass=145001     all=145007     -- eff=100.00 % cumulative eff=91.67 %
Number of muons 2: pass=9631       all=145001     -- eff=6.64 % cumulative eff=6.09 %
Veto VH <= 0 electrons: pass=9479       all=9631       -- eff=98.42 % cumulative eff=5.99 %
DiMuon From Higgs: pass=4367       all=9479       -- eff=46.07 % cumulative eff=2.76 %
LeptonChargeSum: pass=4331       all=4367       -- eff=99.18 % cumulative eff=2.74 %
Hmass>=110: pass=2316       all=4331       -- eff=53.47 % cumulative eff=1.46 %
[2025-11-21 10:16:21.652] [main] [info] Writing quantities map to /eos/user/j/jiahua/MC_2022EE_inc/MC_2022EE_vbf/TTto2L2Nu_powheg_22EE_ext1-v2/05d23e75-7c05-4829-b473-64aaaf644516_vbfhmm.root
[2025-11-21 10:16:21.848] [main] [info] Finished Evaluation
[2025-11-21 10:16:21.848] [main] [info] Overall runtime (real time: 366.50, CPU time: 352.03)
