Starting job on \n
Running on: Linux b9p17p3223.cern.ch 5.14.0-570.44.1.el9_6.x86_64 #1 SMP PREEMPT_DYNAMIC Tue Sep 9 05:17:30 EDT 2025 x86_64 x86_64 x86_64 GNU/Linux\n
System software: Red Hat Enterprise Linux release 9.6 (Plow)\n
Setting up CROWN for RedHatEnterprise Version 9.6
subject   : /DC=ch/DC=cern/OU=Organic Units/OU=Users/CN=jiahua/CN=851532/CN=Jiahua Chen/CN=2045128514
issuer    : /DC=ch/DC=cern/OU=Organic Units/OU=Users/CN=jiahua/CN=851532/CN=Jiahua Chen
identity  : /DC=ch/DC=cern/OU=Organic Units/OU=Users/CN=jiahua/CN=851532/CN=Jiahua Chen
type      : RFC compliant proxy
strength  : 2048 bits
path      : /afs/cern.ch/user/j/jiahua/proxy/x509up_u139833
timeleft  : 199:43:25
key usage : Digital Signature, Key Encipherment
=== VO cms extension information ===
VO        : cms
subject   : /DC=ch/DC=cern/OU=Organic Units/OU=Users/CN=jiahua/CN=851532/CN=Jiahua Chen
issuer    : /DC=ch/DC=cern/OU=computers/CN=cms-auth.cern.ch
attribute : /cms/Role=NULL/Capability=NULL
timeleft  : 191:43:24
uri       : voms-cms-auth.cern.ch:15000
subject   : /DC=ch/DC=cern/OU=Organic Units/OU=Users/CN=jiahua/CN=851532/CN=Jiahua Chen/CN=2045128514
issuer    : /DC=ch/DC=cern/OU=Organic Units/OU=Users/CN=jiahua/CN=851532/CN=Jiahua Chen
identity  : /DC=ch/DC=cern/OU=Organic Units/OU=Users/CN=jiahua/CN=851532/CN=Jiahua Chen
type      : RFC compliant proxy
strength  : 2048 bits
path      : /afs/cern.ch/user/j/jiahua/proxy/x509up_u139833
timeleft  : 199:43:25
key usage : Digital Signature, Key Encipherment
=== VO cms extension information ===
VO        : cms
subject   : /DC=ch/DC=cern/OU=Organic Units/OU=Users/CN=jiahua/CN=851532/CN=Jiahua Chen
issuer    : /DC=ch/DC=cern/OU=computers/CN=cms-auth.cern.ch
attribute : /cms/Role=NULL/Capability=NULL
timeleft  : 191:43:24
uri       : voms-cms-auth.cern.ch:15000
/eos/user/j/jiahua/MC_2022EE_inc/MC_2022EE_vbf/TTto2L2Nu_powheg_22EE_ext1-v2/37d8e0e5-2ae9-4c03-b992-4be42bb52d0c.root
[2025-11-20 03:05:19.503] [main] [info] Checking input files
[2025-11-20 03:05:28.405] [main] [info] NanoAOD input_file 1: root://cms-xrd-global.cern.ch//store/mc/Run3Summer22EENanoAODv12/TTto2L2Nu_TuneCP5_13p6TeV_powheg-pythia8/NANOAODSIM/130X_mcRun3_2022_realistic_postEE_v6_ext1-v2/2540000/37d8e0e5-2ae9-4c03-b992-4be42bb52d0c.root - 163799 Events
[2025-11-20 03:05:28.405] [main] [info] input_file 1: root://cms-xrd-global.cern.ch//store/mc/Run3Summer22EENanoAODv12/TTto2L2Nu_TuneCP5_13p6TeV_powheg-pythia8/NANOAODSIM/130X_mcRun3_2022_realistic_postEE_v6_ext1-v2/2540000/37d8e0e5-2ae9-4c03-b992-4be42bb52d0c.root - SumOfGenWeight: 13167461.47669999 
[2025-11-20 03:05:28.406] [main] [info] Output directory: /eos/user/j/jiahua/MC_2022EE_inc/MC_2022EE_vbf/TTto2L2Nu_powheg_22EE_ext1-v2/37d8e0e5-2ae9-4c03-b992-4be42bb52d0c.root
[2025-11-20 03:05:28.418] [main] [info] Starting Setup of Dataframe with 163799 events
[2025-11-20 03:07:28.955] [main] [info] Finished Setup
[2025-11-20 03:07:28.955] [main] [info] Runtime for setup (real time: 120.55, CPU time: 113.48)
[2025-11-20 03:07:28.955] [main] [info] Starting Evaluation
[2025-11-20 03:08:22.849] [main] [info] 10000 / 163799 (6.11 %) Events processed ...
[2025-11-20 03:08:45.714] [main] [info] 20000 / 163799 (12.21 %) Events processed ...
[2025-11-20 03:09:09.532] [main] [info] 30000 / 163799 (18.32 %) Events processed ...
[2025-11-20 03:09:40.761] [main] [info] 40000 / 163799 (24.42 %) Events processed ...
[2025-11-20 03:10:11.612] [main] [info] 50000 / 163799 (30.53 %) Events processed ...
[2025-11-20 03:10:40.705] [main] [info] 60000 / 163799 (36.63 %) Events processed ...
[2025-11-20 03:11:12.466] [main] [info] 70000 / 163799 (42.74 %) Events processed ...
[2025-11-20 03:11:41.951] [main] [info] 80000 / 163799 (48.84 %) Events processed ...
[2025-11-20 03:12:11.890] [main] [info] 90000 / 163799 (54.95 %) Events processed ...
[2025-11-20 03:12:43.331] [main] [info] 100000 / 163799 (61.05 %) Events processed ...
[2025-11-20 03:13:13.148] [main] [info] 110000 / 163799 (67.16 %) Events processed ...
[2025-11-20 03:13:42.947] [main] [info] 120000 / 163799 (73.26 %) Events processed ...
[2025-11-20 03:14:15.380] [main] [info] 130000 / 163799 (79.37 %) Events processed ...
[2025-11-20 03:14:45.684] [main] [info] 140000 / 163799 (85.47 %) Events processed ...
[2025-11-20 03:15:15.920] [main] [info] 150000 / 163799 (91.58 %) Events processed ...
[2025-11-20 03:15:45.450] [main] [info] 160000 / 163799 (97.68 %) Events processed ...
[2025-11-20 03:15:57.689] [main] [info] vbfhmm:
GoodJetsCollection: pass=150694     all=163799     -- eff=92.00 % cumulative eff=92.00 %
Flag_goodVertices: pass=150694     all=150694     -- eff=100.00 % cumulative eff=92.00 %
Flag_globalSuperTightHalo2016Filter: pass=150682     all=150694     -- eff=99.99 % cumulative eff=91.99 %
Flag_EcalDeadCellTriggerPrimitiveFilter: pass=150659     all=150682     -- eff=99.98 % cumulative eff=91.98 %
Flag_BadPFMuonFilter: pass=150652     all=150659     -- eff=100.00 % cumulative eff=91.97 %
Flag_BadPFMuonDzFilter: pass=150647     all=150652     -- eff=100.00 % cumulative eff=91.97 %
Flag_eeBadScFilter: pass=150647     all=150647     -- eff=100.00 % cumulative eff=91.97 %
Flag_ecalBadCalibFilter: pass=150625     all=150647     -- eff=99.99 % cumulative eff=91.96 %
Flag_hfNoisyHitsFilter: pass=150620     all=150625     -- eff=100.00 % cumulative eff=91.95 %
Number of muons 2: pass=10105      all=150620     -- eff=6.71 % cumulative eff=6.17 %
Veto VH <= 0 electrons: pass=9967       all=10105      -- eff=98.63 % cumulative eff=6.08 %
DiMuon From Higgs: pass=4593       all=9967       -- eff=46.08 % cumulative eff=2.80 %
LeptonChargeSum: pass=4558       all=4593       -- eff=99.24 % cumulative eff=2.78 %
Hmass>=110: pass=2440       all=4558       -- eff=53.53 % cumulative eff=1.49 %
[2025-11-20 03:15:57.862] [main] [info] Writing quantities map to /eos/user/j/jiahua/MC_2022EE_inc/MC_2022EE_vbf/TTto2L2Nu_powheg_22EE_ext1-v2/37d8e0e5-2ae9-4c03-b992-4be42bb52d0c_vbfhmm.root
[2025-11-20 03:15:57.985] [main] [info] Finished Evaluation
[2025-11-20 03:15:57.985] [main] [info] Overall runtime (real time: 629.58, CPU time: 608.52)
