000 (13047284.644.000) 11/20 02:50:34 Job submitted from host: <188.185.121.235:9618?addrs=188.185.121.235-9618+[2001-1458-d00-49--100-36e]-9618&alias=bigbird22.cern.ch&noUDP&sock=schedd_232129_c3ca>
...
040 (13047284.644.000) 11/20 03:05:49 Started transferring input files
	Transferring to host: <188.185.205.165:9618?addrs=188.185.205.165-9618+[2001-1458-303-a--100-22]-9618&alias=b9p04p5916.cern.ch&noUDP&sock=slot1_12_4048_ee9e_55660>
...
040 (13047284.644.000) 11/20 03:05:49 Finished transferring input files
...
001 (13047284.644.000) 11/20 03:05:50 Job executing on host: <188.185.205.165:9618?addrs=188.185.205.165-9618+[2001-1458-303-a--100-22]-9618&alias=b9p04p5916.cern.ch&noUDP&sock=startd_3595_730f>
	SlotName: slot1_12@b9p04p5916.cern.ch
	CondorScratchDir = "/pool/condor/dir_1909723"
	Cpus = 1
	Disk = 16110
	GPUs = 0
	Memory = 3000
...
006 (13047284.644.000) 11/20 03:06:03 Image size of job updated: 95704
	94  -  MemoryUsage of job (MB)
	95704  -  ResidentSetSize of job (KB)
...
006 (13047284.644.000) 11/20 03:07:58 Image size of job updated: 697152
	94  -  MemoryUsage of job (MB)
	95704  -  ResidentSetSize of job (KB)
...
040 (13047284.644.000) 11/20 03:07:58 Started transferring output files
...
040 (13047284.644.000) 11/20 03:07:58 Finished transferring output files
...
005 (13047284.644.000) 11/20 03:07:58 Job terminated.
	(1) Normal termination (return value 0)
		Usr 0 00:01:46, Sys 0 00:00:03  -  Run Remote Usage
		Usr 0 00:00:00, Sys 0 00:00:00  -  Run Local Usage
		Usr 0 00:01:46, Sys 0 00:00:03  -  Total Remote Usage
		Usr 0 00:00:00, Sys 0 00:00:00  -  Total Local Usage
	9753  -  Run Bytes Sent By Job
	11506596  -  Run Bytes Received By Job
	9753  -  Total Bytes Sent By Job
	11506596  -  Total Bytes Received By Job
	Partitionable Resources :    Usage  Request Allocated 
	   Cpus                 :     0.08        1         1 
	   Disk (KB)            : 11272       12500     16110 
	   GPUs                 :                           0 
	   Memory (MB)          :    94        3000      3000 
	   TimeExecute (s)      :   128                       
	   TimeSlotBusy (s)     :   130                       

	Job terminated of its own accord at 2025-11-20T02:07:58Z with exit-code 0.
...
