000 (13047731.383.000) 11/20 09:15:31 Job submitted from host: <188.185.121.235:9618?addrs=188.185.121.235-9618+[2001-1458-d00-49--100-36e]-9618&alias=bigbird22.cern.ch&noUDP&sock=schedd_232129_c3ca>
...
040 (13047731.383.000) 11/20 09:26:56 Started transferring input files
	Transferring to host: <188.185.211.148:9618?addrs=188.185.211.148-9618+[2001-1458-303-17--100-10]-9618&alias=b9p24p1922.cern.ch&noUDP&sock=slot1_42_7778_0df5_62631>
...
040 (13047731.383.000) 11/20 09:26:56 Finished transferring input files
...
001 (13047731.383.000) 11/20 09:26:57 Job executing on host: <188.185.211.148:9618?addrs=188.185.211.148-9618+[2001-1458-303-17--100-10]-9618&alias=b9p24p1922.cern.ch&noUDP&sock=startd_7025_24e7>
	SlotName: slot1_42@b9p24p1922.cern.ch
	CondorScratchDir = "/pool/condor/dir_1653766"
	Cpus = 1
	Disk = 16164
	GPUs = 0
	Memory = 3000
...
006 (13047731.383.000) 11/20 09:27:10 Image size of job updated: 100364
	99  -  MemoryUsage of job (MB)
	100364  -  ResidentSetSize of job (KB)
...
006 (13047731.383.000) 11/20 09:29:00 Image size of job updated: 693936
	99  -  MemoryUsage of job (MB)
	100408  -  ResidentSetSize of job (KB)
...
040 (13047731.383.000) 11/20 09:29:01 Started transferring output files
...
040 (13047731.383.000) 11/20 09:29:01 Finished transferring output files
...
005 (13047731.383.000) 11/20 09:29:01 Job terminated.
	(1) Normal termination (return value 0)
		Usr 0 00:01:46, Sys 0 00:00:03  -  Run Remote Usage
		Usr 0 00:00:00, Sys 0 00:00:00  -  Run Local Usage
		Usr 0 00:01:46, Sys 0 00:00:03  -  Total Remote Usage
		Usr 0 00:00:00, Sys 0 00:00:00  -  Total Local Usage
	9756  -  Run Bytes Sent By Job
	11510364  -  Run Bytes Received By Job
	9756  -  Total Bytes Sent By Job
	11510364  -  Total Bytes Received By Job
	Partitionable Resources :    Usage  Request Allocated 
	   Cpus                 :        0        1         1 
	   Disk (KB)            :    11273    12500     16164 
	   GPUs                 :                           0 
	   Memory (MB)          :       99     3000      3000 
	   TimeExecute (s)      :      123                    
	   TimeSlotBusy (s)     :      125                    

	Job terminated of its own accord at 2025-11-20T08:29:00Z with exit-code 0.
...
