000 (13047284.098.000) 11/20 02:50:33 Job submitted from host: <188.185.121.235:9618?addrs=188.185.121.235-9618+[2001-1458-d00-49--100-36e]-9618&alias=bigbird22.cern.ch&noUDP&sock=schedd_232129_c3ca>
...
040 (13047284.098.000) 11/20 03:02:33 Started transferring input files
	Transferring to host: <188.185.195.112:9618?addrs=188.185.195.112-9618+[2001-1458-303-22--100-6c]-9618&alias=b9p17p8706.cern.ch&noUDP&sock=slot1_54_3731_93b1_56640>
...
040 (13047284.098.000) 11/20 03:02:33 Finished transferring input files
...
001 (13047284.098.000) 11/20 03:02:34 Job executing on host: <188.185.195.112:9618?addrs=188.185.195.112-9618+[2001-1458-303-22--100-6c]-9618&alias=b9p17p8706.cern.ch&noUDP&sock=startd_2865_baec>
	SlotName: slot1_54@b9p17p8706.cern.ch
	CondorScratchDir = "/pool/condor/dir_4107279"
	Cpus = 1
	Disk = 16187
	GPUs = 0
	Memory = 3000
...
006 (13047284.098.000) 11/20 03:02:48 Image size of job updated: 155716
	153  -  MemoryUsage of job (MB)
	155716  -  ResidentSetSize of job (KB)
...
006 (13047284.098.000) 11/20 03:07:49 Image size of job updated: 704764
	689  -  MemoryUsage of job (MB)
	704764  -  ResidentSetSize of job (KB)
...
006 (13047284.098.000) 11/20 03:09:45 Image size of job updated: 706980
	689  -  MemoryUsage of job (MB)
	704764  -  ResidentSetSize of job (KB)
...
040 (13047284.098.000) 11/20 03:09:45 Started transferring output files
...
040 (13047284.098.000) 11/20 03:09:45 Finished transferring output files
...
005 (13047284.098.000) 11/20 03:09:45 Job terminated.
	(1) Normal termination (return value 0)
		Usr 0 00:06:40, Sys 0 00:00:04  -  Run Remote Usage
		Usr 0 00:00:00, Sys 0 00:00:00  -  Run Local Usage
		Usr 0 00:06:40, Sys 0 00:00:04  -  Total Remote Usage
		Usr 0 00:00:00, Sys 0 00:00:00  -  Total Local Usage
	10710  -  Run Bytes Sent By Job
	11506596  -  Run Bytes Received By Job
	10710  -  Total Bytes Sent By Job
	11506596  -  Total Bytes Received By Job
	Partitionable Resources :    Usage  Request Allocated 
	   Cpus                 :        0        1         1 
	   Disk (KB)            :    11271    12500     16187 
	   GPUs                 :                           0 
	   Memory (MB)          :      689     3000      3000 
	   TimeExecute (s)      :      431                    
	   TimeSlotBusy (s)     :      432                    

	Job terminated of its own accord at 2025-11-20T02:09:45Z with exit-code 0.
...
