000 (13047284.087.000) 11/20 02:50:33 Job submitted from host: <188.185.121.235:9618?addrs=188.185.121.235-9618+[2001-1458-d00-49--100-36e]-9618&alias=bigbird22.cern.ch&noUDP&sock=schedd_232129_c3ca>
...
040 (13047284.087.000) 11/20 03:02:25 Started transferring input files
	Transferring to host: <188.185.208.231:9618?addrs=188.185.208.231-9618+[2001-1458-303-10--100-64]-9618&alias=b9p10p4449.cern.ch&noUDP&sock=slot1_47_5481_9c38_61344>
...
040 (13047284.087.000) 11/20 03:02:25 Finished transferring input files
...
001 (13047284.087.000) 11/20 03:02:26 Job executing on host: <188.185.208.231:9618?addrs=188.185.208.231-9618+[2001-1458-303-10--100-64]-9618&alias=b9p10p4449.cern.ch&noUDP&sock=startd_4595_5dc4>
	SlotName: slot1_47@b9p10p4449.cern.ch
	CondorScratchDir = "/pool/condor/dir_1023650"
	Cpus = 1
	Disk = 16052
	GPUs = 0
	Memory = 3000
...
006 (13047284.087.000) 11/20 03:02:39 Image size of job updated: 97592
	96  -  MemoryUsage of job (MB)
	97592  -  ResidentSetSize of job (KB)
...
006 (13047284.087.000) 11/20 03:07:39 Image size of job updated: 704660
	689  -  MemoryUsage of job (MB)
	704660  -  ResidentSetSize of job (KB)
...
006 (13047284.087.000) 11/20 03:08:49 Image size of job updated: 705360
	689  -  MemoryUsage of job (MB)
	704660  -  ResidentSetSize of job (KB)
...
040 (13047284.087.000) 11/20 03:08:49 Started transferring output files
...
040 (13047284.087.000) 11/20 03:08:49 Finished transferring output files
...
005 (13047284.087.000) 11/20 03:08:49 Job terminated.
	(1) Normal termination (return value 0)
		Usr 0 00:05:47, Sys 0 00:00:03  -  Run Remote Usage
		Usr 0 00:00:00, Sys 0 00:00:00  -  Run Local Usage
		Usr 0 00:05:47, Sys 0 00:00:03  -  Total Remote Usage
		Usr 0 00:00:00, Sys 0 00:00:00  -  Total Local Usage
	11318  -  Run Bytes Sent By Job
	11506596  -  Run Bytes Received By Job
	11318  -  Total Bytes Sent By Job
	11506596  -  Total Bytes Received By Job
	Partitionable Resources :    Usage  Request Allocated 
	   Cpus                 :     0.99        1         1 
	   Disk (KB)            : 11271       12500     16052 
	   GPUs                 :                           0 
	   Memory (MB)          :   689        3000      3000 
	   TimeExecute (s)      :   383                       
	   TimeSlotBusy (s)     :   384                       

	Job terminated of its own accord at 2025-11-20T02:08:49Z with exit-code 0.
...
