Starting job on \n
Running on: Linux b9p20p1757.cern.ch 5.14.0-570.44.1.el9_6.x86_64 #1 SMP PREEMPT_DYNAMIC Tue Sep 9 05:17:30 EDT 2025 x86_64 x86_64 x86_64 GNU/Linux\n
System software: Red Hat Enterprise Linux release 9.7 (Plow)\n
Setting up CROWN for RedHatEnterprise Version 9.7
subject   : /DC=ch/DC=cern/OU=Organic Units/OU=Users/CN=jiahua/CN=851532/CN=Jiahua Chen/CN=2045128514
issuer    : /DC=ch/DC=cern/OU=Organic Units/OU=Users/CN=jiahua/CN=851532/CN=Jiahua Chen
identity  : /DC=ch/DC=cern/OU=Organic Units/OU=Users/CN=jiahua/CN=851532/CN=Jiahua Chen
type      : RFC compliant proxy
strength  : 2048 bits
path      : /afs/cern.ch/user/j/jiahua/proxy/x509up_u139833
timeleft  : 199:44:06
key usage : Digital Signature, Key Encipherment
=== VO cms extension information ===
VO        : cms
subject   : /DC=ch/DC=cern/OU=Organic Units/OU=Users/CN=jiahua/CN=851532/CN=Jiahua Chen
issuer    : /DC=ch/DC=cern/OU=computers/CN=cms-auth.cern.ch
attribute : /cms/Role=NULL/Capability=NULL
timeleft  : 191:44:05
uri       : voms-cms-auth.cern.ch:15000
subject   : /DC=ch/DC=cern/OU=Organic Units/OU=Users/CN=jiahua/CN=851532/CN=Jiahua Chen/CN=2045128514
issuer    : /DC=ch/DC=cern/OU=Organic Units/OU=Users/CN=jiahua/CN=851532/CN=Jiahua Chen
identity  : /DC=ch/DC=cern/OU=Organic Units/OU=Users/CN=jiahua/CN=851532/CN=Jiahua Chen
type      : RFC compliant proxy
strength  : 2048 bits
path      : /afs/cern.ch/user/j/jiahua/proxy/x509up_u139833
timeleft  : 199:44:06
key usage : Digital Signature, Key Encipherment
=== VO cms extension information ===
VO        : cms
subject   : /DC=ch/DC=cern/OU=Organic Units/OU=Users/CN=jiahua/CN=851532/CN=Jiahua Chen
issuer    : /DC=ch/DC=cern/OU=computers/CN=cms-auth.cern.ch
attribute : /cms/Role=NULL/Capability=NULL
timeleft  : 191:44:05
uri       : voms-cms-auth.cern.ch:15000
/eos/user/j/jiahua/MC_2022EE_inc/MC_2022EE_vbf/TTto2L2Nu_powheg_22EE_ext1-v2/23c694ff-7c83-47de-a828-9e3589a07eed.root
[2025-11-20 03:04:37.951] [main] [info] Checking input files
[2025-11-20 03:04:46.412] [main] [info] NanoAOD input_file 1: root://cms-xrd-global.cern.ch//store/mc/Run3Summer22EENanoAODv12/TTto2L2Nu_TuneCP5_13p6TeV_powheg-pythia8/NANOAODSIM/130X_mcRun3_2022_realistic_postEE_v6_ext1-v2/2530000/23c694ff-7c83-47de-a828-9e3589a07eed.root - 1406 Events
[2025-11-20 03:04:46.412] [main] [info] input_file 1: root://cms-xrd-global.cern.ch//store/mc/Run3Summer22EENanoAODv12/TTto2L2Nu_TuneCP5_13p6TeV_powheg-pythia8/NANOAODSIM/130X_mcRun3_2022_realistic_postEE_v6_ext1-v2/2530000/23c694ff-7c83-47de-a828-9e3589a07eed.root - SumOfGenWeight: 113058.83660000001 
[2025-11-20 03:04:46.412] [main] [info] Output directory: /eos/user/j/jiahua/MC_2022EE_inc/MC_2022EE_vbf/TTto2L2Nu_powheg_22EE_ext1-v2/23c694ff-7c83-47de-a828-9e3589a07eed.root
[2025-11-20 03:04:46.414] [main] [info] Starting Setup of Dataframe with 1406 events
[2025-11-20 03:07:04.065] [main] [info] Finished Setup
[2025-11-20 03:07:04.065] [main] [info] Runtime for setup (real time: 137.65, CPU time: 129.97)
[2025-11-20 03:07:04.065] [main] [info] Starting Evaluation
[2025-11-20 03:07:34.214] [main] [info] vbfhmm:
GoodJetsCollection: pass=1282       all=1406       -- eff=91.18 % cumulative eff=91.18 %
Flag_goodVertices: pass=1282       all=1282       -- eff=100.00 % cumulative eff=91.18 %
Flag_globalSuperTightHalo2016Filter: pass=1282       all=1282       -- eff=100.00 % cumulative eff=91.18 %
Flag_EcalDeadCellTriggerPrimitiveFilter: pass=1281       all=1282       -- eff=99.92 % cumulative eff=91.11 %
Flag_BadPFMuonFilter: pass=1281       all=1281       -- eff=100.00 % cumulative eff=91.11 %
Flag_BadPFMuonDzFilter: pass=1280       all=1281       -- eff=99.92 % cumulative eff=91.04 %
Flag_eeBadScFilter: pass=1280       all=1280       -- eff=100.00 % cumulative eff=91.04 %
Flag_ecalBadCalibFilter: pass=1279       all=1280       -- eff=99.92 % cumulative eff=90.97 %
Flag_hfNoisyHitsFilter: pass=1279       all=1279       -- eff=100.00 % cumulative eff=90.97 %
Number of muons 2: pass=90         all=1279       -- eff=7.04 % cumulative eff=6.40 %
Veto VH <= 0 electrons: pass=85         all=90         -- eff=94.44 % cumulative eff=6.05 %
DiMuon From Higgs: pass=44         all=85         -- eff=51.76 % cumulative eff=3.13 %
LeptonChargeSum: pass=44         all=44         -- eff=100.00 % cumulative eff=3.13 %
Hmass>=110: pass=24         all=44         -- eff=54.55 % cumulative eff=1.71 %
[2025-11-20 03:07:34.322] [main] [info] Writing quantities map to /eos/user/j/jiahua/MC_2022EE_inc/MC_2022EE_vbf/TTto2L2Nu_powheg_22EE_ext1-v2/23c694ff-7c83-47de-a828-9e3589a07eed_vbfhmm.root
[2025-11-20 03:07:34.382] [main] [info] Finished Evaluation
[2025-11-20 03:07:34.382] [main] [info] Overall runtime (real time: 167.97, CPU time: 157.12)
