000 (13047284.091.000) 11/20 02:50:33 Job submitted from host: <188.185.121.235:9618?addrs=188.185.121.235-9618+[2001-1458-d00-49--100-36e]-9618&alias=bigbird22.cern.ch&noUDP&sock=schedd_232129_c3ca>
...
040 (13047284.091.000) 11/20 03:02:27 Started transferring input files
	Transferring to host: <128.142.33.220:9618?addrs=128.142.33.220-9618+[2001-1458-301-39--100-19]-9618&alias=b9g24p0879.cern.ch&noUDP&sock=slot1_53_3398_f2c3_55817>
...
040 (13047284.091.000) 11/20 03:02:27 Finished transferring input files
...
001 (13047284.091.000) 11/20 03:02:28 Job executing on host: <128.142.33.220:9618?addrs=128.142.33.220-9618+[2001-1458-301-39--100-19]-9618&alias=b9g24p0879.cern.ch&noUDP&sock=startd_2919_c50a>
	SlotName: slot1_53@b9g24p0879.cern.ch
	CondorScratchDir = "/pool/condor/dir_1845542"
	Cpus = 1
	Disk = 16043
	GPUs = 0
	Memory = 3000
...
006 (13047284.091.000) 11/20 03:02:41 Image size of job updated: 157572
	154  -  MemoryUsage of job (MB)
	157572  -  ResidentSetSize of job (KB)
...
006 (13047284.091.000) 11/20 03:07:41 Image size of job updated: 707168
	691  -  MemoryUsage of job (MB)
	707168  -  ResidentSetSize of job (KB)
...
006 (13047284.091.000) 11/20 03:09:14 Image size of job updated: 709364
	691  -  MemoryUsage of job (MB)
	707168  -  ResidentSetSize of job (KB)
...
040 (13047284.091.000) 11/20 03:09:14 Started transferring output files
...
040 (13047284.091.000) 11/20 03:09:14 Finished transferring output files
...
005 (13047284.091.000) 11/20 03:09:14 Job terminated.
	(1) Normal termination (return value 0)
		Usr 0 00:06:07, Sys 0 00:00:05  -  Run Remote Usage
		Usr 0 00:00:00, Sys 0 00:00:00  -  Run Local Usage
		Usr 0 00:06:07, Sys 0 00:00:05  -  Total Remote Usage
		Usr 0 00:00:00, Sys 0 00:00:00  -  Total Local Usage
	11057  -  Run Bytes Sent By Job
	11506596  -  Run Bytes Received By Job
	11057  -  Total Bytes Sent By Job
	11506596  -  Total Bytes Received By Job
	Partitionable Resources :    Usage  Request Allocated 
	   Cpus                 :        0        1         1 
	   Disk (KB)            :    11271    12500     16043 
	   GPUs                 :                           0 
	   Memory (MB)          :      691     3000      3000 
	   TimeExecute (s)      :      406                    
	   TimeSlotBusy (s)     :      407                    

	Job terminated of its own accord at 2025-11-20T02:09:14Z with exit-code 0.
...
