Starting job on \n
Running on: Linux b9g03p6806.cern.ch 5.14.0-570.44.1.el9_6.x86_64 #1 SMP PREEMPT_DYNAMIC Tue Sep 9 05:17:30 EDT 2025 x86_64 x86_64 x86_64 GNU/Linux\n
System software: Red Hat Enterprise Linux release 9.7 (Plow)\n
Setting up CROWN for RedHatEnterprise Version 9.7
subject   : /DC=ch/DC=cern/OU=Organic Units/OU=Users/CN=jiahua/CN=851532/CN=Jiahua Chen/CN=2045128514
issuer    : /DC=ch/DC=cern/OU=Organic Units/OU=Users/CN=jiahua/CN=851532/CN=Jiahua Chen
identity  : /DC=ch/DC=cern/OU=Organic Units/OU=Users/CN=jiahua/CN=851532/CN=Jiahua Chen
type      : RFC compliant proxy
strength  : 2048 bits
path      : /afs/cern.ch/user/j/jiahua/proxy/x509up_u139833
timeleft  : 199:45:01
key usage : Digital Signature, Key Encipherment
=== VO cms extension information ===
VO        : cms
subject   : /DC=ch/DC=cern/OU=Organic Units/OU=Users/CN=jiahua/CN=851532/CN=Jiahua Chen
issuer    : /DC=ch/DC=cern/OU=computers/CN=cms-auth.cern.ch
attribute : /cms/Role=NULL/Capability=NULL
timeleft  : 191:45:00
uri       : voms-cms-auth.cern.ch:15000
subject   : /DC=ch/DC=cern/OU=Organic Units/OU=Users/CN=jiahua/CN=851532/CN=Jiahua Chen/CN=2045128514
issuer    : /DC=ch/DC=cern/OU=Organic Units/OU=Users/CN=jiahua/CN=851532/CN=Jiahua Chen
identity  : /DC=ch/DC=cern/OU=Organic Units/OU=Users/CN=jiahua/CN=851532/CN=Jiahua Chen
type      : RFC compliant proxy
strength  : 2048 bits
path      : /afs/cern.ch/user/j/jiahua/proxy/x509up_u139833
timeleft  : 199:45:01
key usage : Digital Signature, Key Encipherment
=== VO cms extension information ===
VO        : cms
subject   : /DC=ch/DC=cern/OU=Organic Units/OU=Users/CN=jiahua/CN=851532/CN=Jiahua Chen
issuer    : /DC=ch/DC=cern/OU=computers/CN=cms-auth.cern.ch
attribute : /cms/Role=NULL/Capability=NULL
timeleft  : 191:45:00
uri       : voms-cms-auth.cern.ch:15000
/eos/user/j/jiahua/MC_2022EE_inc/MC_2022EE_vbf/TTto2L2Nu_powheg_22EE_ext1-v2/432da97e-5ef0-4173-9a77-ce5d9acde53d.root
[2025-11-20 03:03:42.428] [main] [info] Checking input files
[2025-11-20 03:03:48.049] [main] [info] NanoAOD input_file 1: root://cms-xrd-global.cern.ch//store/mc/Run3Summer22EENanoAODv12/TTto2L2Nu_TuneCP5_13p6TeV_powheg-pythia8/NANOAODSIM/130X_mcRun3_2022_realistic_postEE_v6_ext1-v2/2520000/432da97e-5ef0-4173-9a77-ce5d9acde53d.root - 156769 Events
[2025-11-20 03:03:48.049] [main] [info] input_file 1: root://cms-xrd-global.cern.ch//store/mc/Run3Summer22EENanoAODv12/TTto2L2Nu_TuneCP5_13p6TeV_powheg-pythia8/NANOAODSIM/130X_mcRun3_2022_realistic_postEE_v6_ext1-v2/2520000/432da97e-5ef0-4173-9a77-ce5d9acde53d.root - SumOfGenWeight: 12614495.086499996 
[2025-11-20 03:03:48.049] [main] [info] Output directory: /eos/user/j/jiahua/MC_2022EE_inc/MC_2022EE_vbf/TTto2L2Nu_powheg_22EE_ext1-v2/432da97e-5ef0-4173-9a77-ce5d9acde53d.root
[2025-11-20 03:03:48.050] [main] [info] Starting Setup of Dataframe with 156769 events
[2025-11-20 03:05:11.827] [main] [info] Finished Setup
[2025-11-20 03:05:11.827] [main] [info] Runtime for setup (real time: 83.78, CPU time: 76.81)
[2025-11-20 03:05:11.827] [main] [info] Starting Evaluation
[2025-11-20 03:05:55.328] [main] [info] 10000 / 156769 (6.38 %) Events processed ...
[2025-11-20 03:06:14.860] [main] [info] 20000 / 156769 (12.76 %) Events processed ...
[2025-11-20 03:06:33.986] [main] [info] 30000 / 156769 (19.14 %) Events processed ...
[2025-11-20 03:06:55.167] [main] [info] 40000 / 156769 (25.52 %) Events processed ...
[2025-11-20 03:07:14.540] [main] [info] 50000 / 156769 (31.89 %) Events processed ...
[2025-11-20 03:07:33.698] [main] [info] 60000 / 156769 (38.27 %) Events processed ...
[2025-11-20 03:07:55.346] [main] [info] 70000 / 156769 (44.65 %) Events processed ...
[2025-11-20 03:08:15.000] [main] [info] 80000 / 156769 (51.03 %) Events processed ...
[2025-11-20 03:08:35.427] [main] [info] 90000 / 156769 (57.41 %) Events processed ...
[2025-11-20 03:08:57.429] [main] [info] 100000 / 156769 (63.79 %) Events processed ...
[2025-11-20 03:09:16.526] [main] [info] 110000 / 156769 (70.17 %) Events processed ...
[2025-11-20 03:09:35.291] [main] [info] 120000 / 156769 (76.55 %) Events processed ...
[2025-11-20 03:09:57.356] [main] [info] 130000 / 156769 (82.92 %) Events processed ...
[2025-11-20 03:10:17.104] [main] [info] 140000 / 156769 (89.30 %) Events processed ...
[2025-11-20 03:10:36.621] [main] [info] 150000 / 156769 (95.68 %) Events processed ...
[2025-11-20 03:10:51.141] [main] [info] vbfhmm:
GoodJetsCollection: pass=144089     all=156769     -- eff=91.91 % cumulative eff=91.91 %
Flag_goodVertices: pass=144089     all=144089     -- eff=100.00 % cumulative eff=91.91 %
Flag_globalSuperTightHalo2016Filter: pass=144070     all=144089     -- eff=99.99 % cumulative eff=91.90 %
Flag_EcalDeadCellTriggerPrimitiveFilter: pass=144055     all=144070     -- eff=99.99 % cumulative eff=91.89 %
Flag_BadPFMuonFilter: pass=144047     all=144055     -- eff=99.99 % cumulative eff=91.88 %
Flag_BadPFMuonDzFilter: pass=144043     all=144047     -- eff=100.00 % cumulative eff=91.88 %
Flag_eeBadScFilter: pass=144043     all=144043     -- eff=100.00 % cumulative eff=91.88 %
Flag_ecalBadCalibFilter: pass=144026     all=144043     -- eff=99.99 % cumulative eff=91.87 %
Flag_hfNoisyHitsFilter: pass=144024     all=144026     -- eff=100.00 % cumulative eff=91.87 %
Number of muons 2: pass=9687       all=144024     -- eff=6.73 % cumulative eff=6.18 %
Veto VH <= 0 electrons: pass=9553       all=9687       -- eff=98.62 % cumulative eff=6.09 %
DiMuon From Higgs: pass=4428       all=9553       -- eff=46.35 % cumulative eff=2.82 %
LeptonChargeSum: pass=4394       all=4428       -- eff=99.23 % cumulative eff=2.80 %
Hmass>=110: pass=2362       all=4394       -- eff=53.76 % cumulative eff=1.51 %
[2025-11-20 03:10:51.330] [main] [info] Writing quantities map to /eos/user/j/jiahua/MC_2022EE_inc/MC_2022EE_vbf/TTto2L2Nu_powheg_22EE_ext1-v2/432da97e-5ef0-4173-9a77-ce5d9acde53d_vbfhmm.root
[2025-11-20 03:10:51.400] [main] [info] Finished Evaluation
[2025-11-20 03:10:51.400] [main] [info] Overall runtime (real time: 423.35, CPU time: 400.90)
