Starting job on \n
Running on: Linux b9p31p2361.cern.ch 5.14.0-570.44.1.el9_6.x86_64 #1 SMP PREEMPT_DYNAMIC Tue Sep 9 05:17:30 EDT 2025 x86_64 x86_64 x86_64 GNU/Linux\n
System software: Red Hat Enterprise Linux release 9.7 (Plow)\n
Setting up CROWN for RedHatEnterprise Version 9.7
subject   : /DC=ch/DC=cern/OU=Organic Units/OU=Users/CN=jiahua/CN=851532/CN=Jiahua Chen/CN=2045128514
issuer    : /DC=ch/DC=cern/OU=Organic Units/OU=Users/CN=jiahua/CN=851532/CN=Jiahua Chen
identity  : /DC=ch/DC=cern/OU=Organic Units/OU=Users/CN=jiahua/CN=851532/CN=Jiahua Chen
type      : RFC compliant proxy
strength  : 2048 bits
path      : /afs/cern.ch/user/j/jiahua/proxy/x509up_u139833
timeleft  : 199:42:51
key usage : Digital Signature, Key Encipherment
=== VO cms extension information ===
VO        : cms
subject   : /DC=ch/DC=cern/OU=Organic Units/OU=Users/CN=jiahua/CN=851532/CN=Jiahua Chen
issuer    : /DC=ch/DC=cern/OU=computers/CN=cms-auth.cern.ch
attribute : /cms/Role=NULL/Capability=NULL
timeleft  : 191:42:50
uri       : voms-cms-auth.cern.ch:15000
subject   : /DC=ch/DC=cern/OU=Organic Units/OU=Users/CN=jiahua/CN=851532/CN=Jiahua Chen/CN=2045128514
issuer    : /DC=ch/DC=cern/OU=Organic Units/OU=Users/CN=jiahua/CN=851532/CN=Jiahua Chen
identity  : /DC=ch/DC=cern/OU=Organic Units/OU=Users/CN=jiahua/CN=851532/CN=Jiahua Chen
type      : RFC compliant proxy
strength  : 2048 bits
path      : /afs/cern.ch/user/j/jiahua/proxy/x509up_u139833
timeleft  : 199:42:51
key usage : Digital Signature, Key Encipherment
=== VO cms extension information ===
VO        : cms
subject   : /DC=ch/DC=cern/OU=Organic Units/OU=Users/CN=jiahua/CN=851532/CN=Jiahua Chen
issuer    : /DC=ch/DC=cern/OU=computers/CN=cms-auth.cern.ch
attribute : /cms/Role=NULL/Capability=NULL
timeleft  : 191:42:50
uri       : voms-cms-auth.cern.ch:15000
/eos/user/j/jiahua/MC_2022EE_inc/MC_2022EE_vbf/TTto2L2Nu_powheg_22EE_ext1-v2/8ea14eac-d481-48cf-b05b-0dac52f8fbe3.root
[2025-11-20 03:05:52.792] [main] [info] Checking input files
[2025-11-20 03:05:58.751] [main] [info] NanoAOD input_file 1: root://cms-xrd-global.cern.ch//store/mc/Run3Summer22EENanoAODv12/TTto2L2Nu_TuneCP5_13p6TeV_powheg-pythia8/NANOAODSIM/130X_mcRun3_2022_realistic_postEE_v6_ext1-v2/2530000/8ea14eac-d481-48cf-b05b-0dac52f8fbe3.root - 26011 Events
[2025-11-20 03:05:58.751] [main] [info] input_file 1: root://cms-xrd-global.cern.ch//store/mc/Run3Summer22EENanoAODv12/TTto2L2Nu_TuneCP5_13p6TeV_powheg-pythia8/NANOAODSIM/130X_mcRun3_2022_realistic_postEE_v6_ext1-v2/2530000/8ea14eac-d481-48cf-b05b-0dac52f8fbe3.root - SumOfGenWeight: 2092561.7239000003 
[2025-11-20 03:05:58.751] [main] [info] Output directory: /eos/user/j/jiahua/MC_2022EE_inc/MC_2022EE_vbf/TTto2L2Nu_powheg_22EE_ext1-v2/8ea14eac-d481-48cf-b05b-0dac52f8fbe3.root
[2025-11-20 03:05:58.753] [main] [info] Starting Setup of Dataframe with 26011 events
[2025-11-20 03:07:20.931] [main] [info] Finished Setup
[2025-11-20 03:07:20.931] [main] [info] Runtime for setup (real time: 82.18, CPU time: 75.20)
[2025-11-20 03:07:20.931] [main] [info] Starting Evaluation
[2025-11-20 03:07:57.529] [main] [info] 10000 / 26011 (38.45 %) Events processed ...
[2025-11-20 03:08:15.822] [main] [info] 20000 / 26011 (76.89 %) Events processed ...
[2025-11-20 03:08:26.633] [main] [info] vbfhmm:
GoodJetsCollection: pass=23887      all=26011      -- eff=91.83 % cumulative eff=91.83 %
Flag_goodVertices: pass=23887      all=23887      -- eff=100.00 % cumulative eff=91.83 %
Flag_globalSuperTightHalo2016Filter: pass=23884      all=23887      -- eff=99.99 % cumulative eff=91.82 %
Flag_EcalDeadCellTriggerPrimitiveFilter: pass=23884      all=23884      -- eff=100.00 % cumulative eff=91.82 %
Flag_BadPFMuonFilter: pass=23881      all=23884      -- eff=99.99 % cumulative eff=91.81 %
Flag_BadPFMuonDzFilter: pass=23881      all=23881      -- eff=100.00 % cumulative eff=91.81 %
Flag_eeBadScFilter: pass=23881      all=23881      -- eff=100.00 % cumulative eff=91.81 %
Flag_ecalBadCalibFilter: pass=23879      all=23881      -- eff=99.99 % cumulative eff=91.80 %
Flag_hfNoisyHitsFilter: pass=23879      all=23879      -- eff=100.00 % cumulative eff=91.80 %
Number of muons 2: pass=1571       all=23879      -- eff=6.58 % cumulative eff=6.04 %
Veto VH <= 0 electrons: pass=1550       all=1571       -- eff=98.66 % cumulative eff=5.96 %
DiMuon From Higgs: pass=714        all=1550       -- eff=46.06 % cumulative eff=2.74 %
LeptonChargeSum: pass=711        all=714        -- eff=99.58 % cumulative eff=2.73 %
Hmass>=110: pass=371        all=711        -- eff=52.18 % cumulative eff=1.43 %
[2025-11-20 03:08:27.051] [main] [info] Writing quantities map to /eos/user/j/jiahua/MC_2022EE_inc/MC_2022EE_vbf/TTto2L2Nu_powheg_22EE_ext1-v2/8ea14eac-d481-48cf-b05b-0dac52f8fbe3_vbfhmm.root
[2025-11-20 03:08:27.202] [main] [info] Finished Evaluation
[2025-11-20 03:08:27.202] [main] [info] Overall runtime (real time: 148.45, CPU time: 137.07)
