000 (13047284.171.000) 11/20 02:50:33 Job submitted from host: <188.185.121.235:9618?addrs=188.185.121.235-9618+[2001-1458-d00-49--100-36e]-9618&alias=bigbird22.cern.ch&noUDP&sock=schedd_232129_c3ca>
...
040 (13047284.171.000) 11/20 03:02:54 Started transferring input files
	Transferring to host: <188.185.194.142:9618?addrs=188.185.194.142-9618+[2001-1458-303-21--100-8a]-9618&alias=b9p20p3585.cern.ch&noUDP&sock=slot1_46_6533_d6e3_56668>
...
040 (13047284.171.000) 11/20 03:02:54 Finished transferring input files
...
001 (13047284.171.000) 11/20 03:02:55 Job executing on host: <188.185.194.142:9618?addrs=188.185.194.142-9618+[2001-1458-303-21--100-8a]-9618&alias=b9p20p3585.cern.ch&noUDP&sock=startd_5157_d9fe>
	SlotName: slot1_46@b9p20p3585.cern.ch
	CondorScratchDir = "/pool/condor/dir_1500360"
	Cpus = 1
	Disk = 16155
	GPUs = 0
	Memory = 3000
...
006 (13047284.171.000) 11/20 03:03:08 Image size of job updated: 97604
	96  -  MemoryUsage of job (MB)
	97604  -  ResidentSetSize of job (KB)
...
006 (13047284.171.000) 11/20 03:08:08 Image size of job updated: 701544
	686  -  MemoryUsage of job (MB)
	701544  -  ResidentSetSize of job (KB)
...
006 (13047284.171.000) 11/20 03:09:17 Image size of job updated: 701816
	686  -  MemoryUsage of job (MB)
	701544  -  ResidentSetSize of job (KB)
...
040 (13047284.171.000) 11/20 03:09:17 Started transferring output files
...
040 (13047284.171.000) 11/20 03:09:17 Finished transferring output files
...
005 (13047284.171.000) 11/20 03:09:17 Job terminated.
	(1) Normal termination (return value 0)
		Usr 0 00:05:50, Sys 0 00:00:03  -  Run Remote Usage
		Usr 0 00:00:00, Sys 0 00:00:00  -  Run Local Usage
		Usr 0 00:05:50, Sys 0 00:00:03  -  Total Remote Usage
		Usr 0 00:00:00, Sys 0 00:00:00  -  Total Local Usage
	10525  -  Run Bytes Sent By Job
	11506596  -  Run Bytes Received By Job
	10525  -  Total Bytes Sent By Job
	11506596  -  Total Bytes Received By Job
	Partitionable Resources :    Usage  Request Allocated 
	   Cpus                 :     0.99        1         1 
	   Disk (KB)            : 11270       12500     16155 
	   GPUs                 :                           0 
	   Memory (MB)          :   686        3000      3000 
	   TimeExecute (s)      :   382                       
	   TimeSlotBusy (s)     :   383                       

	Job terminated of its own accord at 2025-11-20T02:09:17Z with exit-code 0.
...
