000 (13047731.437.000) 11/20 09:15:31 Job submitted from host: <188.185.121.235:9618?addrs=188.185.121.235-9618+[2001-1458-d00-49--100-36e]-9618&alias=bigbird22.cern.ch&noUDP&sock=schedd_232129_c3ca>
...
040 (13047731.437.000) 11/20 09:27:14 Started transferring input files
	Transferring to host: <188.185.215.100:9618?addrs=188.185.215.100-9618+[2001-1458-303-1e--100-60]-9618&alias=b9p31p5609.cern.ch&noUDP&sock=slot1_40_5550_3a1b_58537>
...
040 (13047731.437.000) 11/20 09:27:14 Finished transferring input files
...
001 (13047731.437.000) 11/20 09:27:15 Job executing on host: <188.185.215.100:9618?addrs=188.185.215.100-9618+[2001-1458-303-1e--100-60]-9618&alias=b9p31p5609.cern.ch&noUDP&sock=startd_4528_68ec>
	SlotName: slot1_40@b9p31p5609.cern.ch
	CondorScratchDir = "/pool/condor/dir_2890003"
	Cpus = 1
	Disk = 16184
	GPUs = 0
	Memory = 3000
...
006 (13047731.437.000) 11/20 09:27:28 Image size of job updated: 156792
	154  -  MemoryUsage of job (MB)
	156792  -  ResidentSetSize of job (KB)
...
006 (13047731.437.000) 11/20 09:32:28 Image size of job updated: 708300
	692  -  MemoryUsage of job (MB)
	708300  -  ResidentSetSize of job (KB)
...
006 (13047731.437.000) 11/20 09:35:38 Image size of job updated: 708900
	692  -  MemoryUsage of job (MB)
	708300  -  ResidentSetSize of job (KB)
...
040 (13047731.437.000) 11/20 09:35:38 Started transferring output files
...
040 (13047731.437.000) 11/20 09:35:38 Finished transferring output files
...
005 (13047731.437.000) 11/20 09:35:38 Job terminated.
	(1) Normal termination (return value 0)
		Usr 0 00:07:43, Sys 0 00:00:09  -  Run Remote Usage
		Usr 0 00:00:00, Sys 0 00:00:00  -  Run Local Usage
		Usr 0 00:07:43, Sys 0 00:00:09  -  Total Remote Usage
		Usr 0 00:00:00, Sys 0 00:00:00  -  Total Local Usage
	11318  -  Run Bytes Sent By Job
	11510364  -  Run Bytes Received By Job
	11318  -  Total Bytes Sent By Job
	11510364  -  Total Bytes Received By Job
	Partitionable Resources :    Usage  Request Allocated 
	   Cpus                 :     0.87        1         1 
	   Disk (KB)            : 11275       12500     16184 
	   GPUs                 :                           0 
	   Memory (MB)          :   692        3000      3000 
	   TimeExecute (s)      :   503                       
	   TimeSlotBusy (s)     :   504                       

	Job terminated of its own accord at 2025-11-20T08:35:38Z with exit-code 0.
...
