000 (13047731.415.000) 11/20 09:15:31 Job submitted from host: <188.185.121.235:9618?addrs=188.185.121.235-9618+[2001-1458-d00-49--100-36e]-9618&alias=bigbird22.cern.ch&noUDP&sock=schedd_232129_c3ca>
...
040 (13047731.415.000) 11/20 09:27:06 Started transferring input files
	Transferring to host: <188.185.210.95:9618?addrs=188.185.210.95-9618+[2001-1458-303-1--100-5b]-9618&alias=b9p21p1730.cern.ch&noUDP&sock=slot1_45_5042_4b86_63452>
...
040 (13047731.415.000) 11/20 09:27:06 Finished transferring input files
...
001 (13047731.415.000) 11/20 09:27:07 Job executing on host: <188.185.210.95:9618?addrs=188.185.210.95-9618+[2001-1458-303-1--100-5b]-9618&alias=b9p21p1730.cern.ch&noUDP&sock=startd_4119_deaf>
	SlotName: slot1_45@b9p21p1730.cern.ch
	CondorScratchDir = "/pool/condor/dir_2338452"
	Cpus = 1
	Disk = 15945
	GPUs = 0
	Memory = 3000
...
006 (13047731.415.000) 11/20 09:27:20 Image size of job updated: 101172
	99  -  MemoryUsage of job (MB)
	101172  -  ResidentSetSize of job (KB)
...
006 (13047731.415.000) 11/20 09:32:20 Image size of job updated: 716112
	700  -  MemoryUsage of job (MB)
	716112  -  ResidentSetSize of job (KB)
...
006 (13047731.415.000) 11/20 09:34:50 Image size of job updated: 716836
	700  -  MemoryUsage of job (MB)
	716112  -  ResidentSetSize of job (KB)
...
040 (13047731.415.000) 11/20 09:34:50 Started transferring output files
...
040 (13047731.415.000) 11/20 09:34:51 Finished transferring output files
...
005 (13047731.415.000) 11/20 09:34:51 Job terminated.
	(1) Normal termination (return value 0)
		Usr 0 00:06:58, Sys 0 00:00:08  -  Run Remote Usage
		Usr 0 00:00:00, Sys 0 00:00:00  -  Run Local Usage
		Usr 0 00:06:58, Sys 0 00:00:08  -  Total Remote Usage
		Usr 0 00:00:00, Sys 0 00:00:00  -  Total Local Usage
	11144  -  Run Bytes Sent By Job
	11510364  -  Run Bytes Received By Job
	11144  -  Total Bytes Sent By Job
	11510364  -  Total Bytes Received By Job
	Partitionable Resources :    Usage  Request Allocated 
	   Cpus                 :     0.99        1         1 
	   Disk (KB)            : 11275       12500     15945 
	   GPUs                 :                           0 
	   Memory (MB)          :   700        3000      3000 
	   TimeExecute (s)      :   463                       
	   TimeSlotBusy (s)     :   465                       

	Job terminated of its own accord at 2025-11-20T08:34:50Z with exit-code 0.
...
