Starting job on \n
Running on: Linux b9p26p9950.cern.ch 5.14.0-570.44.1.el9_6.x86_64 #1 SMP PREEMPT_DYNAMIC Tue Sep 9 05:17:30 EDT 2025 x86_64 x86_64 x86_64 GNU/Linux\n
System software: Red Hat Enterprise Linux release 9.7 (Plow)\n
Setting up CROWN for RedHatEnterprise Version 9.7
subject   : /DC=ch/DC=cern/OU=Organic Units/OU=Users/CN=jiahua/CN=851532/CN=Jiahua Chen/CN=2045128514
issuer    : /DC=ch/DC=cern/OU=Organic Units/OU=Users/CN=jiahua/CN=851532/CN=Jiahua Chen
identity  : /DC=ch/DC=cern/OU=Organic Units/OU=Users/CN=jiahua/CN=851532/CN=Jiahua Chen
type      : RFC compliant proxy
strength  : 2048 bits
path      : /afs/cern.ch/user/j/jiahua/proxy/x509up_u139833
timeleft  : 193:22:03
key usage : Digital Signature, Key Encipherment
=== VO cms extension information ===
VO        : cms
subject   : /DC=ch/DC=cern/OU=Organic Units/OU=Users/CN=jiahua/CN=851532/CN=Jiahua Chen
issuer    : /DC=ch/DC=cern/OU=computers/CN=cms-auth.cern.ch
attribute : /cms/Role=NULL/Capability=NULL
timeleft  : 185:22:02
uri       : voms-cms-auth.cern.ch:15000
subject   : /DC=ch/DC=cern/OU=Organic Units/OU=Users/CN=jiahua/CN=851532/CN=Jiahua Chen/CN=2045128514
issuer    : /DC=ch/DC=cern/OU=Organic Units/OU=Users/CN=jiahua/CN=851532/CN=Jiahua Chen
identity  : /DC=ch/DC=cern/OU=Organic Units/OU=Users/CN=jiahua/CN=851532/CN=Jiahua Chen
type      : RFC compliant proxy
strength  : 2048 bits
path      : /afs/cern.ch/user/j/jiahua/proxy/x509up_u139833
timeleft  : 193:22:03
key usage : Digital Signature, Key Encipherment
=== VO cms extension information ===
VO        : cms
subject   : /DC=ch/DC=cern/OU=Organic Units/OU=Users/CN=jiahua/CN=851532/CN=Jiahua Chen
issuer    : /DC=ch/DC=cern/OU=computers/CN=cms-auth.cern.ch
attribute : /cms/Role=NULL/Capability=NULL
timeleft  : 185:22:02
uri       : voms-cms-auth.cern.ch:15000
/eos/user/j/jiahua/MC_2022EE_inc/MC_2022EE_vbf/TTto2L2Nu_powheg_22EE_ext1-v2/5c2c1df1-4891-471d-a856-0205956428fd.root
[2025-11-20 09:26:40.776] [main] [info] Checking input files
[2025-11-20 09:26:45.705] [main] [info] NanoAOD input_file 1: root://cms-xrd-global.cern.ch//store/mc/Run3Summer22EENanoAODv12/TTto2L2Nu_TuneCP5_13p6TeV_powheg-pythia8/NANOAODSIM/130X_mcRun3_2022_realistic_postEE_v6_ext1-v2/2520000/5c2c1df1-4891-471d-a856-0205956428fd.root - 151145 Events
[2025-11-20 09:26:45.705] [main] [info] input_file 1: root://cms-xrd-global.cern.ch//store/mc/Run3Summer22EENanoAODv12/TTto2L2Nu_TuneCP5_13p6TeV_powheg-pythia8/NANOAODSIM/130X_mcRun3_2022_realistic_postEE_v6_ext1-v2/2520000/5c2c1df1-4891-471d-a856-0205956428fd.root - SumOfGenWeight: 12161773.116700003 
[2025-11-20 09:26:45.705] [main] [info] Output directory: /eos/user/j/jiahua/MC_2022EE_inc/MC_2022EE_vbf/TTto2L2Nu_powheg_22EE_ext1-v2/5c2c1df1-4891-471d-a856-0205956428fd.root
[2025-11-20 09:26:45.706] [main] [info] Starting Setup of Dataframe with 151145 events
[2025-11-20 09:28:02.380] [main] [info] Finished Setup
[2025-11-20 09:28:02.380] [main] [info] Runtime for setup (real time: 76.68, CPU time: 69.68)
[2025-11-20 09:28:02.380] [main] [info] Starting Evaluation
[2025-11-20 09:28:37.416] [main] [info] 10000 / 151145 (6.62 %) Events processed ...
[2025-11-20 09:28:56.854] [main] [info] 20000 / 151145 (13.23 %) Events processed ...
[2025-11-20 09:29:16.586] [main] [info] 30000 / 151145 (19.85 %) Events processed ...
[2025-11-20 09:29:35.557] [main] [info] 40000 / 151145 (26.46 %) Events processed ...
[2025-11-20 09:29:53.526] [main] [info] 50000 / 151145 (33.08 %) Events processed ...
[2025-11-20 09:30:11.117] [main] [info] 60000 / 151145 (39.70 %) Events processed ...
[2025-11-20 09:30:38.262] [main] [info] 70000 / 151145 (46.31 %) Events processed ...
[2025-11-20 09:30:54.880] [main] [info] 80000 / 151145 (52.93 %) Events processed ...
[2025-11-20 09:31:13.650] [main] [info] 90000 / 151145 (59.55 %) Events processed ...
[2025-11-20 09:31:38.472] [main] [info] 100000 / 151145 (66.16 %) Events processed ...
[2025-11-20 09:31:58.654] [main] [info] 110000 / 151145 (72.78 %) Events processed ...
[2025-11-20 09:32:19.888] [main] [info] 120000 / 151145 (79.39 %) Events processed ...
[2025-11-20 09:32:41.813] [main] [info] 130000 / 151145 (86.01 %) Events processed ...
[2025-11-20 09:32:58.370] [main] [info] 140000 / 151145 (92.63 %) Events processed ...
[2025-11-20 09:33:19.567] [main] [info] 150000 / 151145 (99.24 %) Events processed ...
[2025-11-20 09:33:21.978] [main] [info] vbfhmm:
GoodJetsCollection: pass=138800     all=151145     -- eff=91.83 % cumulative eff=91.83 %
Flag_goodVertices: pass=138800     all=138800     -- eff=100.00 % cumulative eff=91.83 %
Flag_globalSuperTightHalo2016Filter: pass=138780     all=138800     -- eff=99.99 % cumulative eff=91.82 %
Flag_EcalDeadCellTriggerPrimitiveFilter: pass=138765     all=138780     -- eff=99.99 % cumulative eff=91.81 %
Flag_BadPFMuonFilter: pass=138760     all=138765     -- eff=100.00 % cumulative eff=91.81 %
Flag_BadPFMuonDzFilter: pass=138756     all=138760     -- eff=100.00 % cumulative eff=91.80 %
Flag_eeBadScFilter: pass=138756     all=138756     -- eff=100.00 % cumulative eff=91.80 %
Flag_ecalBadCalibFilter: pass=138733     all=138756     -- eff=99.98 % cumulative eff=91.79 %
Flag_hfNoisyHitsFilter: pass=138731     all=138733     -- eff=100.00 % cumulative eff=91.79 %
Number of muons 2: pass=9152       all=138731     -- eff=6.60 % cumulative eff=6.06 %
Veto VH <= 0 electrons: pass=9010       all=9152       -- eff=98.45 % cumulative eff=5.96 %
DiMuon From Higgs: pass=4146       all=9010       -- eff=46.02 % cumulative eff=2.74 %
LeptonChargeSum: pass=4118       all=4146       -- eff=99.32 % cumulative eff=2.72 %
Hmass>=110: pass=2173       all=4118       -- eff=52.77 % cumulative eff=1.44 %
[2025-11-20 09:33:22.039] [main] [info] Writing quantities map to /eos/user/j/jiahua/MC_2022EE_inc/MC_2022EE_vbf/TTto2L2Nu_powheg_22EE_ext1-v2/5c2c1df1-4891-471d-a856-0205956428fd_vbfhmm.root
[2025-11-20 09:33:22.087] [main] [info] Finished Evaluation
[2025-11-20 09:33:22.087] [main] [info] Overall runtime (real time: 396.38, CPU time: 371.67)
