Starting job on \n
Running on: Linux b9p25p6760.cern.ch 5.14.0-570.44.1.el9_6.x86_64 #1 SMP PREEMPT_DYNAMIC Tue Sep 9 05:17:30 EDT 2025 x86_64 x86_64 x86_64 GNU/Linux\n
System software: Red Hat Enterprise Linux release 9.7 (Plow)\n
Setting up CROWN for RedHatEnterprise Version 9.7
subject   : /DC=ch/DC=cern/OU=Organic Units/OU=Users/CN=jiahua/CN=851532/CN=Jiahua Chen/CN=2045128514
issuer    : /DC=ch/DC=cern/OU=Organic Units/OU=Users/CN=jiahua/CN=851532/CN=Jiahua Chen
identity  : /DC=ch/DC=cern/OU=Organic Units/OU=Users/CN=jiahua/CN=851532/CN=Jiahua Chen
type      : RFC compliant proxy
strength  : 2048 bits
path      : /afs/cern.ch/user/j/jiahua/proxy/x509up_u139833
timeleft  : 193:22:00
key usage : Digital Signature, Key Encipherment
=== VO cms extension information ===
VO        : cms
subject   : /DC=ch/DC=cern/OU=Organic Units/OU=Users/CN=jiahua/CN=851532/CN=Jiahua Chen
issuer    : /DC=ch/DC=cern/OU=computers/CN=cms-auth.cern.ch
attribute : /cms/Role=NULL/Capability=NULL
timeleft  : 185:21:59
uri       : voms-cms-auth.cern.ch:15000
subject   : /DC=ch/DC=cern/OU=Organic Units/OU=Users/CN=jiahua/CN=851532/CN=Jiahua Chen/CN=2045128514
issuer    : /DC=ch/DC=cern/OU=Organic Units/OU=Users/CN=jiahua/CN=851532/CN=Jiahua Chen
identity  : /DC=ch/DC=cern/OU=Organic Units/OU=Users/CN=jiahua/CN=851532/CN=Jiahua Chen
type      : RFC compliant proxy
strength  : 2048 bits
path      : /afs/cern.ch/user/j/jiahua/proxy/x509up_u139833
timeleft  : 193:22:00
key usage : Digital Signature, Key Encipherment
=== VO cms extension information ===
VO        : cms
subject   : /DC=ch/DC=cern/OU=Organic Units/OU=Users/CN=jiahua/CN=851532/CN=Jiahua Chen
issuer    : /DC=ch/DC=cern/OU=computers/CN=cms-auth.cern.ch
attribute : /cms/Role=NULL/Capability=NULL
timeleft  : 185:21:59
uri       : voms-cms-auth.cern.ch:15000
/eos/user/j/jiahua/MC_2022EE_inc/MC_2022EE_vbf/TTto2L2Nu_powheg_22EE_ext1-v2/7f615485-68f7-4248-b4bb-96c4e3c9242f.root
[2025-11-20 09:26:43.678] [main] [info] Checking input files
[2025-11-20 09:26:48.607] [main] [info] NanoAOD input_file 1: root://cms-xrd-global.cern.ch//store/mc/Run3Summer22EENanoAODv12/TTto2L2Nu_TuneCP5_13p6TeV_powheg-pythia8/NANOAODSIM/130X_mcRun3_2022_realistic_postEE_v6_ext1-v2/2520000/7f615485-68f7-4248-b4bb-96c4e3c9242f.root - 157472 Events
[2025-11-20 09:26:48.607] [main] [info] input_file 1: root://cms-xrd-global.cern.ch//store/mc/Run3Summer22EENanoAODv12/TTto2L2Nu_TuneCP5_13p6TeV_powheg-pythia8/NANOAODSIM/130X_mcRun3_2022_realistic_postEE_v6_ext1-v2/2520000/7f615485-68f7-4248-b4bb-96c4e3c9242f.root - SumOfGenWeight: 12663400.738199985 
[2025-11-20 09:26:48.607] [main] [info] Output directory: /eos/user/j/jiahua/MC_2022EE_inc/MC_2022EE_vbf/TTto2L2Nu_powheg_22EE_ext1-v2/7f615485-68f7-4248-b4bb-96c4e3c9242f.root
[2025-11-20 09:26:48.608] [main] [info] Starting Setup of Dataframe with 157472 events
[2025-11-20 09:28:15.822] [main] [info] Finished Setup
[2025-11-20 09:28:15.822] [main] [info] Runtime for setup (real time: 87.21, CPU time: 82.38)
[2025-11-20 09:28:15.822] [main] [info] Starting Evaluation
[2025-11-20 09:28:57.681] [main] [info] 10000 / 157472 (6.35 %) Events processed ...
[2025-11-20 09:29:21.905] [main] [info] 20000 / 157472 (12.70 %) Events processed ...
[2025-11-20 09:29:45.230] [main] [info] 30000 / 157472 (19.05 %) Events processed ...
[2025-11-20 09:30:11.854] [main] [info] 40000 / 157472 (25.40 %) Events processed ...
[2025-11-20 09:30:35.287] [main] [info] 50000 / 157472 (31.75 %) Events processed ...
[2025-11-20 09:30:57.642] [main] [info] 60000 / 157472 (38.10 %) Events processed ...
[2025-11-20 09:31:22.108] [main] [info] 70000 / 157472 (44.45 %) Events processed ...
[2025-11-20 09:31:46.021] [main] [info] 80000 / 157472 (50.80 %) Events processed ...
[2025-11-20 09:32:06.883] [main] [info] 90000 / 157472 (57.15 %) Events processed ...
[2025-11-20 09:32:32.109] [main] [info] 100000 / 157472 (63.50 %) Events processed ...
[2025-11-20 09:32:54.909] [main] [info] 110000 / 157472 (69.85 %) Events processed ...
[2025-11-20 09:33:18.151] [main] [info] 120000 / 157472 (76.20 %) Events processed ...
[2025-11-20 09:33:42.244] [main] [info] 130000 / 157472 (82.55 %) Events processed ...
[2025-11-20 09:34:03.514] [main] [info] 140000 / 157472 (88.90 %) Events processed ...
[2025-11-20 09:34:25.358] [main] [info] 150000 / 157472 (95.26 %) Events processed ...
[2025-11-20 09:34:45.170] [main] [info] vbfhmm:
GoodJetsCollection: pass=144540     all=157472     -- eff=91.79 % cumulative eff=91.79 %
Flag_goodVertices: pass=144540     all=144540     -- eff=100.00 % cumulative eff=91.79 %
Flag_globalSuperTightHalo2016Filter: pass=144520     all=144540     -- eff=99.99 % cumulative eff=91.78 %
Flag_EcalDeadCellTriggerPrimitiveFilter: pass=144505     all=144520     -- eff=99.99 % cumulative eff=91.77 %
Flag_BadPFMuonFilter: pass=144498     all=144505     -- eff=100.00 % cumulative eff=91.76 %
Flag_BadPFMuonDzFilter: pass=144492     all=144498     -- eff=100.00 % cumulative eff=91.76 %
Flag_eeBadScFilter: pass=144492     all=144492     -- eff=100.00 % cumulative eff=91.76 %
Flag_ecalBadCalibFilter: pass=144468     all=144492     -- eff=99.98 % cumulative eff=91.74 %
Flag_hfNoisyHitsFilter: pass=144464     all=144468     -- eff=100.00 % cumulative eff=91.74 %
Number of muons 2: pass=9669       all=144464     -- eff=6.69 % cumulative eff=6.14 %
Veto VH <= 0 electrons: pass=9519       all=9669       -- eff=98.45 % cumulative eff=6.04 %
DiMuon From Higgs: pass=4416       all=9519       -- eff=46.39 % cumulative eff=2.80 %
LeptonChargeSum: pass=4382       all=4416       -- eff=99.23 % cumulative eff=2.78 %
Hmass>=110: pass=2355       all=4382       -- eff=53.74 % cumulative eff=1.50 %
[2025-11-20 09:34:45.235] [main] [info] Writing quantities map to /eos/user/j/jiahua/MC_2022EE_inc/MC_2022EE_vbf/TTto2L2Nu_powheg_22EE_ext1-v2/7f615485-68f7-4248-b4bb-96c4e3c9242f_vbfhmm.root
[2025-11-20 09:34:45.302] [main] [info] Finished Evaluation
[2025-11-20 09:34:45.302] [main] [info] Overall runtime (real time: 476.69, CPU time: 456.81)
