000 (13047284.630.000) 11/20 02:50:34 Job submitted from host: <188.185.121.235:9618?addrs=188.185.121.235-9618+[2001-1458-d00-49--100-36e]-9618&alias=bigbird22.cern.ch&noUDP&sock=schedd_232129_c3ca>
...
040 (13047284.630.000) 11/20 03:05:44 Started transferring input files
	Transferring to host: <188.185.194.54:9618?addrs=188.185.194.54-9618+[2001-1458-303-21--100-32]-9618&alias=b9p20p1757.cern.ch&noUDP&sock=slot1_32_6828_b18f_57838>
...
040 (13047284.630.000) 11/20 03:05:44 Finished transferring input files
...
001 (13047284.630.000) 11/20 03:05:45 Job executing on host: <188.185.194.54:9618?addrs=188.185.194.54-9618+[2001-1458-303-21--100-32]-9618&alias=b9p20p1757.cern.ch&noUDP&sock=startd_5648_a2fe>
	SlotName: slot1_32@b9p20p1757.cern.ch
	CondorScratchDir = "/pool/condor/dir_2489068"
	Cpus = 1
	Disk = 16014
	GPUs = 0
	Memory = 3000
...
006 (13047284.630.000) 11/20 03:05:58 Image size of job updated: 95712
	94  -  MemoryUsage of job (MB)
	95712  -  ResidentSetSize of job (KB)
...
006 (13047284.630.000) 11/20 03:10:58 Image size of job updated: 701472
	686  -  MemoryUsage of job (MB)
	701472  -  ResidentSetSize of job (KB)
...
006 (13047284.630.000) 11/20 03:15:59 Image size of job updated: 702544
	687  -  MemoryUsage of job (MB)
	702544  -  ResidentSetSize of job (KB)
...
006 (13047284.630.000) 11/20 03:16:07 Image size of job updated: 702580
	687  -  MemoryUsage of job (MB)
	702544  -  ResidentSetSize of job (KB)
...
040 (13047284.630.000) 11/20 03:16:07 Started transferring output files
...
040 (13047284.630.000) 11/20 03:16:07 Finished transferring output files
...
005 (13047284.630.000) 11/20 03:16:07 Job terminated.
	(1) Normal termination (return value 0)
		Usr 0 00:09:43, Sys 0 00:00:04  -  Run Remote Usage
		Usr 0 00:00:00, Sys 0 00:00:00  -  Run Local Usage
		Usr 0 00:09:43, Sys 0 00:00:04  -  Total Remote Usage
		Usr 0 00:00:00, Sys 0 00:00:00  -  Total Local Usage
	11060  -  Run Bytes Sent By Job
	11506596  -  Run Bytes Received By Job
	11060  -  Total Bytes Sent By Job
	11506596  -  Total Bytes Received By Job
	Partitionable Resources :    Usage  Request Allocated 
	   Cpus                 :     0.99        1         1 
	   Disk (KB)            : 11271       12500     16014 
	   GPUs                 :                           0 
	   Memory (MB)          :   687        3000      3000 
	   TimeExecute (s)      :   622                       
	   TimeSlotBusy (s)     :   623                       

	Job terminated of its own accord at 2025-11-20T02:16:07Z with exit-code 0.
...
