Starting job on \n
Running on: Linux b9g12p1169.cern.ch 5.14.0-570.44.1.el9_6.x86_64 #1 SMP PREEMPT_DYNAMIC Tue Sep 9 05:17:30 EDT 2025 x86_64 x86_64 x86_64 GNU/Linux\n
System software: Red Hat Enterprise Linux release 9.7 (Plow)\n
Setting up CROWN for RedHatEnterprise Version 9.7
subject   : /DC=ch/DC=cern/OU=Organic Units/OU=Users/CN=jiahua/CN=851532/CN=Jiahua Chen/CN=2045128514
issuer    : /DC=ch/DC=cern/OU=Organic Units/OU=Users/CN=jiahua/CN=851532/CN=Jiahua Chen
identity  : /DC=ch/DC=cern/OU=Organic Units/OU=Users/CN=jiahua/CN=851532/CN=Jiahua Chen
type      : RFC compliant proxy
strength  : 2048 bits
path      : /afs/cern.ch/user/j/jiahua/proxy/x509up_u139833
timeleft  : 193:22:59
key usage : Digital Signature, Key Encipherment
=== VO cms extension information ===
VO        : cms
subject   : /DC=ch/DC=cern/OU=Organic Units/OU=Users/CN=jiahua/CN=851532/CN=Jiahua Chen
issuer    : /DC=ch/DC=cern/OU=computers/CN=cms-auth.cern.ch
attribute : /cms/Role=NULL/Capability=NULL
timeleft  : 185:22:58
uri       : voms-cms-auth.cern.ch:15000
subject   : /DC=ch/DC=cern/OU=Organic Units/OU=Users/CN=jiahua/CN=851532/CN=Jiahua Chen/CN=2045128514
issuer    : /DC=ch/DC=cern/OU=Organic Units/OU=Users/CN=jiahua/CN=851532/CN=Jiahua Chen
identity  : /DC=ch/DC=cern/OU=Organic Units/OU=Users/CN=jiahua/CN=851532/CN=Jiahua Chen
type      : RFC compliant proxy
strength  : 2048 bits
path      : /afs/cern.ch/user/j/jiahua/proxy/x509up_u139833
timeleft  : 193:22:59
key usage : Digital Signature, Key Encipherment
=== VO cms extension information ===
VO        : cms
subject   : /DC=ch/DC=cern/OU=Organic Units/OU=Users/CN=jiahua/CN=851532/CN=Jiahua Chen
issuer    : /DC=ch/DC=cern/OU=computers/CN=cms-auth.cern.ch
attribute : /cms/Role=NULL/Capability=NULL
timeleft  : 185:22:58
uri       : voms-cms-auth.cern.ch:15000
/eos/user/j/jiahua/MC_2022EE_inc/MC_2022EE_vbf/TTto2L2Nu_powheg_22EE_ext1-v2/af640b1e-2a13-44a2-93fd-0afb8519191e.root
[2025-11-20 09:25:44.433] [main] [info] Checking input files
[2025-11-20 09:25:49.958] [main] [info] NanoAOD input_file 1: root://cms-xrd-global.cern.ch//store/mc/Run3Summer22EENanoAODv12/TTto2L2Nu_TuneCP5_13p6TeV_powheg-pythia8/NANOAODSIM/130X_mcRun3_2022_realistic_postEE_v6_ext1-v2/50000/af640b1e-2a13-44a2-93fd-0afb8519191e.root - 156066 Events
[2025-11-20 09:25:49.958] [main] [info] input_file 1: root://cms-xrd-global.cern.ch//store/mc/Run3Summer22EENanoAODv12/TTto2L2Nu_TuneCP5_13p6TeV_powheg-pythia8/NANOAODSIM/130X_mcRun3_2022_realistic_postEE_v6_ext1-v2/50000/af640b1e-2a13-44a2-93fd-0afb8519191e.root - SumOfGenWeight: 12556019.174599992 
[2025-11-20 09:25:49.958] [main] [info] Output directory: /eos/user/j/jiahua/MC_2022EE_inc/MC_2022EE_vbf/TTto2L2Nu_powheg_22EE_ext1-v2/af640b1e-2a13-44a2-93fd-0afb8519191e.root
[2025-11-20 09:25:49.960] [main] [info] Starting Setup of Dataframe with 156066 events
[2025-11-20 09:28:10.295] [main] [info] Finished Setup
[2025-11-20 09:28:10.295] [main] [info] Runtime for setup (real time: 140.34, CPU time: 132.11)
[2025-11-20 09:28:10.295] [main] [info] Starting Evaluation
[2025-11-20 09:29:07.640] [main] [info] 10000 / 156066 (6.41 %) Events processed ...
[2025-11-20 09:29:37.922] [main] [info] 20000 / 156066 (12.82 %) Events processed ...
[2025-11-20 09:30:06.888] [main] [info] 30000 / 156066 (19.22 %) Events processed ...
[2025-11-20 09:30:39.926] [main] [info] 40000 / 156066 (25.63 %) Events processed ...
[2025-11-20 09:31:06.817] [main] [info] 50000 / 156066 (32.04 %) Events processed ...
[2025-11-20 09:31:38.801] [main] [info] 60000 / 156066 (38.45 %) Events processed ...
[2025-11-20 09:32:08.458] [main] [info] 70000 / 156066 (44.85 %) Events processed ...
[2025-11-20 09:32:41.062] [main] [info] 80000 / 156066 (51.26 %) Events processed ...
[2025-11-20 09:33:11.940] [main] [info] 90000 / 156066 (57.67 %) Events processed ...
[2025-11-20 09:33:45.239] [main] [info] 100000 / 156066 (64.08 %) Events processed ...
[2025-11-20 09:34:17.477] [main] [info] 110000 / 156066 (70.48 %) Events processed ...
[2025-11-20 09:34:49.262] [main] [info] 120000 / 156066 (76.89 %) Events processed ...
[2025-11-20 09:35:22.599] [main] [info] 130000 / 156066 (83.30 %) Events processed ...
[2025-11-20 09:35:52.804] [main] [info] 140000 / 156066 (89.71 %) Events processed ...
[2025-11-20 09:36:21.026] [main] [info] 150000 / 156066 (96.11 %) Events processed ...
[2025-11-20 09:36:50.331] [main] [info] vbfhmm:
GoodJetsCollection: pass=143304     all=156066     -- eff=91.82 % cumulative eff=91.82 %
Flag_goodVertices: pass=143304     all=143304     -- eff=100.00 % cumulative eff=91.82 %
Flag_globalSuperTightHalo2016Filter: pass=143292     all=143304     -- eff=99.99 % cumulative eff=91.82 %
Flag_EcalDeadCellTriggerPrimitiveFilter: pass=143271     all=143292     -- eff=99.99 % cumulative eff=91.80 %
Flag_BadPFMuonFilter: pass=143267     all=143271     -- eff=100.00 % cumulative eff=91.80 %
Flag_BadPFMuonDzFilter: pass=143264     all=143267     -- eff=100.00 % cumulative eff=91.80 %
Flag_eeBadScFilter: pass=143264     all=143264     -- eff=100.00 % cumulative eff=91.80 %
Flag_ecalBadCalibFilter: pass=143243     all=143264     -- eff=99.99 % cumulative eff=91.78 %
Flag_hfNoisyHitsFilter: pass=143237     all=143243     -- eff=100.00 % cumulative eff=91.78 %
Number of muons 2: pass=9425       all=143237     -- eff=6.58 % cumulative eff=6.04 %
Veto VH <= 0 electrons: pass=9274       all=9425       -- eff=98.40 % cumulative eff=5.94 %
DiMuon From Higgs: pass=4264       all=9274       -- eff=45.98 % cumulative eff=2.73 %
LeptonChargeSum: pass=4240       all=4264       -- eff=99.44 % cumulative eff=2.72 %
Hmass>=110: pass=2265       all=4240       -- eff=53.42 % cumulative eff=1.45 %
[2025-11-20 09:36:51.104] [main] [info] Writing quantities map to /eos/user/j/jiahua/MC_2022EE_inc/MC_2022EE_vbf/TTto2L2Nu_powheg_22EE_ext1-v2/af640b1e-2a13-44a2-93fd-0afb8519191e_vbfhmm.root
[2025-11-20 09:36:52.280] [main] [info] Finished Evaluation
[2025-11-20 09:36:52.280] [main] [info] Overall runtime (real time: 662.32, CPU time: 621.65)
