Starting job on \n
Running on: Linux b9g03p3589.cern.ch 5.14.0-570.44.1.el9_6.x86_64 #1 SMP PREEMPT_DYNAMIC Tue Sep 9 05:17:30 EDT 2025 x86_64 x86_64 x86_64 GNU/Linux\n
System software: Red Hat Enterprise Linux release 9.7 (Plow)\n
Setting up CROWN for RedHatEnterprise Version 9.7
subject   : /DC=ch/DC=cern/OU=Organic Units/OU=Users/CN=jiahua/CN=851532/CN=Jiahua Chen/CN=2045128514
issuer    : /DC=ch/DC=cern/OU=Organic Units/OU=Users/CN=jiahua/CN=851532/CN=Jiahua Chen
identity  : /DC=ch/DC=cern/OU=Organic Units/OU=Users/CN=jiahua/CN=851532/CN=Jiahua Chen
type      : RFC compliant proxy
strength  : 2048 bits
path      : /afs/cern.ch/user/j/jiahua/proxy/x509up_u139833
timeleft  : 199:46:09
key usage : Digital Signature, Key Encipherment
=== VO cms extension information ===
VO        : cms
subject   : /DC=ch/DC=cern/OU=Organic Units/OU=Users/CN=jiahua/CN=851532/CN=Jiahua Chen
issuer    : /DC=ch/DC=cern/OU=computers/CN=cms-auth.cern.ch
attribute : /cms/Role=NULL/Capability=NULL
timeleft  : 191:46:08
uri       : voms-cms-auth.cern.ch:15000
subject   : /DC=ch/DC=cern/OU=Organic Units/OU=Users/CN=jiahua/CN=851532/CN=Jiahua Chen/CN=2045128514
issuer    : /DC=ch/DC=cern/OU=Organic Units/OU=Users/CN=jiahua/CN=851532/CN=Jiahua Chen
identity  : /DC=ch/DC=cern/OU=Organic Units/OU=Users/CN=jiahua/CN=851532/CN=Jiahua Chen
type      : RFC compliant proxy
strength  : 2048 bits
path      : /afs/cern.ch/user/j/jiahua/proxy/x509up_u139833
timeleft  : 199:46:09
key usage : Digital Signature, Key Encipherment
=== VO cms extension information ===
VO        : cms
subject   : /DC=ch/DC=cern/OU=Organic Units/OU=Users/CN=jiahua/CN=851532/CN=Jiahua Chen
issuer    : /DC=ch/DC=cern/OU=computers/CN=cms-auth.cern.ch
attribute : /cms/Role=NULL/Capability=NULL
timeleft  : 191:46:08
uri       : voms-cms-auth.cern.ch:15000
/eos/user/j/jiahua/MC_2022EE_inc/MC_2022EE_vbf/TTto2L2Nu_powheg_22EE_ext1-v2/e0114dc1-fa21-498c-915f-1da2efd106e6.root
[2025-11-20 03:02:34.512] [main] [info] Checking input files
[2025-11-20 03:02:40.437] [main] [info] NanoAOD input_file 1: root://cms-xrd-global.cern.ch//store/mc/Run3Summer22EENanoAODv12/TTto2L2Nu_TuneCP5_13p6TeV_powheg-pythia8/NANOAODSIM/130X_mcRun3_2022_realistic_postEE_v6_ext1-v2/30000/e0114dc1-fa21-498c-915f-1da2efd106e6.root - 191919 Events
[2025-11-20 03:02:40.437] [main] [info] input_file 1: root://cms-xrd-global.cern.ch//store/mc/Run3Summer22EENanoAODv12/TTto2L2Nu_TuneCP5_13p6TeV_powheg-pythia8/NANOAODSIM/130X_mcRun3_2022_realistic_postEE_v6_ext1-v2/30000/e0114dc1-fa21-498c-915f-1da2efd106e6.root - SumOfGenWeight: 15429449.247699965 
[2025-11-20 03:02:40.437] [main] [info] Output directory: /eos/user/j/jiahua/MC_2022EE_inc/MC_2022EE_vbf/TTto2L2Nu_powheg_22EE_ext1-v2/e0114dc1-fa21-498c-915f-1da2efd106e6.root
[2025-11-20 03:02:40.437] [main] [info] Starting Setup of Dataframe with 191919 events
[2025-11-20 03:04:10.733] [main] [info] Finished Setup
[2025-11-20 03:04:10.733] [main] [info] Runtime for setup (real time: 90.30, CPU time: 83.12)
[2025-11-20 03:04:10.733] [main] [info] Starting Evaluation
[2025-11-20 03:04:56.826] [main] [info] 10000 / 191919 (5.21 %) Events processed ...
[2025-11-20 03:05:17.756] [main] [info] 20000 / 191919 (10.42 %) Events processed ...
[2025-11-20 03:05:38.143] [main] [info] 30000 / 191919 (15.63 %) Events processed ...
[2025-11-20 03:06:00.633] [main] [info] 40000 / 191919 (20.84 %) Events processed ...
[2025-11-20 03:06:20.938] [main] [info] 50000 / 191919 (26.05 %) Events processed ...
[2025-11-20 03:06:41.289] [main] [info] 60000 / 191919 (31.26 %) Events processed ...
[2025-11-20 03:07:03.912] [main] [info] 70000 / 191919 (36.47 %) Events processed ...
[2025-11-20 03:07:24.336] [main] [info] 80000 / 191919 (41.68 %) Events processed ...
[2025-11-20 03:07:43.960] [main] [info] 90000 / 191919 (46.89 %) Events processed ...
[2025-11-20 03:08:07.001] [main] [info] 100000 / 191919 (52.11 %) Events processed ...
[2025-11-20 03:08:27.070] [main] [info] 110000 / 191919 (57.32 %) Events processed ...
[2025-11-20 03:08:47.800] [main] [info] 120000 / 191919 (62.53 %) Events processed ...
[2025-11-20 03:09:11.255] [main] [info] 130000 / 191919 (67.74 %) Events processed ...
[2025-11-20 03:09:31.223] [main] [info] 140000 / 191919 (72.95 %) Events processed ...
[2025-11-20 03:09:50.740] [main] [info] 150000 / 191919 (78.16 %) Events processed ...
[2025-11-20 03:10:13.441] [main] [info] 160000 / 191919 (83.37 %) Events processed ...
[2025-11-20 03:10:33.284] [main] [info] 170000 / 191919 (88.58 %) Events processed ...
[2025-11-20 03:10:53.615] [main] [info] 180000 / 191919 (93.79 %) Events processed ...
[2025-11-20 03:11:17.796] [main] [info] 190000 / 191919 (99.00 %) Events processed ...
[2025-11-20 03:11:22.811] [main] [info] vbfhmm:
GoodJetsCollection: pass=176263     all=191919     -- eff=91.84 % cumulative eff=91.84 %
Flag_goodVertices: pass=176263     all=176263     -- eff=100.00 % cumulative eff=91.84 %
Flag_globalSuperTightHalo2016Filter: pass=176234     all=176263     -- eff=99.98 % cumulative eff=91.83 %
Flag_EcalDeadCellTriggerPrimitiveFilter: pass=176214     all=176234     -- eff=99.99 % cumulative eff=91.82 %
Flag_BadPFMuonFilter: pass=176203     all=176214     -- eff=99.99 % cumulative eff=91.81 %
Flag_BadPFMuonDzFilter: pass=176198     all=176203     -- eff=100.00 % cumulative eff=91.81 %
Flag_eeBadScFilter: pass=176198     all=176198     -- eff=100.00 % cumulative eff=91.81 %
Flag_ecalBadCalibFilter: pass=176163     all=176198     -- eff=99.98 % cumulative eff=91.79 %
Flag_hfNoisyHitsFilter: pass=176159     all=176163     -- eff=100.00 % cumulative eff=91.79 %
Number of muons 2: pass=11879      all=176159     -- eff=6.74 % cumulative eff=6.19 %
Veto VH <= 0 electrons: pass=11709      all=11879      -- eff=98.57 % cumulative eff=6.10 %
DiMuon From Higgs: pass=5394       all=11709      -- eff=46.07 % cumulative eff=2.81 %
LeptonChargeSum: pass=5343       all=5394       -- eff=99.05 % cumulative eff=2.78 %
Hmass>=110: pass=2790       all=5343       -- eff=52.22 % cumulative eff=1.45 %
[2025-11-20 03:11:22.984] [main] [info] Writing quantities map to /eos/user/j/jiahua/MC_2022EE_inc/MC_2022EE_vbf/TTto2L2Nu_powheg_22EE_ext1-v2/e0114dc1-fa21-498c-915f-1da2efd106e6_vbfhmm.root
[2025-11-20 03:11:23.098] [main] [info] Finished Evaluation
[2025-11-20 03:11:23.099] [main] [info] Overall runtime (real time: 522.66, CPU time: 494.02)
