Starting job on \n
Running on: Linux b9p18p7744.cern.ch 5.14.0-570.44.1.el9_6.x86_64 #1 SMP PREEMPT_DYNAMIC Tue Sep 9 05:17:30 EDT 2025 x86_64 x86_64 x86_64 GNU/Linux\n
System software: Red Hat Enterprise Linux release 9.7 (Plow)\n
Setting up CROWN for RedHatEnterprise Version 9.7
subject   : /DC=ch/DC=cern/OU=Organic Units/OU=Users/CN=jiahua/CN=851532/CN=Jiahua Chen/CN=2045128514
issuer    : /DC=ch/DC=cern/OU=Organic Units/OU=Users/CN=jiahua/CN=851532/CN=Jiahua Chen
identity  : /DC=ch/DC=cern/OU=Organic Units/OU=Users/CN=jiahua/CN=851532/CN=Jiahua Chen
type      : RFC compliant proxy
strength  : 2048 bits
path      : /afs/cern.ch/user/j/jiahua/proxy/x509up_u139833
timeleft  : 193:23:33
key usage : Digital Signature, Key Encipherment
=== VO cms extension information ===
VO        : cms
subject   : /DC=ch/DC=cern/OU=Organic Units/OU=Users/CN=jiahua/CN=851532/CN=Jiahua Chen
issuer    : /DC=ch/DC=cern/OU=computers/CN=cms-auth.cern.ch
attribute : /cms/Role=NULL/Capability=NULL
timeleft  : 185:23:32
uri       : voms-cms-auth.cern.ch:15000
subject   : /DC=ch/DC=cern/OU=Organic Units/OU=Users/CN=jiahua/CN=851532/CN=Jiahua Chen/CN=2045128514
issuer    : /DC=ch/DC=cern/OU=Organic Units/OU=Users/CN=jiahua/CN=851532/CN=Jiahua Chen
identity  : /DC=ch/DC=cern/OU=Organic Units/OU=Users/CN=jiahua/CN=851532/CN=Jiahua Chen
type      : RFC compliant proxy
strength  : 2048 bits
path      : /afs/cern.ch/user/j/jiahua/proxy/x509up_u139833
timeleft  : 193:23:33
key usage : Digital Signature, Key Encipherment
=== VO cms extension information ===
VO        : cms
subject   : /DC=ch/DC=cern/OU=Organic Units/OU=Users/CN=jiahua/CN=851532/CN=Jiahua Chen
issuer    : /DC=ch/DC=cern/OU=computers/CN=cms-auth.cern.ch
attribute : /cms/Role=NULL/Capability=NULL
timeleft  : 185:23:32
uri       : voms-cms-auth.cern.ch:15000
/eos/user/j/jiahua/MC_2022EE_inc/MC_2022EE_vbf/TTto2L2Nu_powheg_22EE_ext1-v2/8c1d4eb8-5219-4443-884a-6a25285c6f67.root
[2025-11-20 09:25:10.308] [main] [info] Checking input files
[2025-11-20 09:25:16.089] [main] [info] NanoAOD input_file 1: root://cms-xrd-global.cern.ch//store/mc/Run3Summer22EENanoAODv12/TTto2L2Nu_TuneCP5_13p6TeV_powheg-pythia8/NANOAODSIM/130X_mcRun3_2022_realistic_postEE_v6_ext1-v2/30000/8c1d4eb8-5219-4443-884a-6a25285c6f67.root - 158878 Events
[2025-11-20 09:25:16.089] [main] [info] input_file 1: root://cms-xrd-global.cern.ch//store/mc/Run3Summer22EENanoAODv12/TTto2L2Nu_TuneCP5_13p6TeV_powheg-pythia8/NANOAODSIM/130X_mcRun3_2022_realistic_postEE_v6_ext1-v2/30000/8c1d4eb8-5219-4443-884a-6a25285c6f67.root - SumOfGenWeight: 12786840.873999998 
[2025-11-20 09:25:16.089] [main] [info] Output directory: /eos/user/j/jiahua/MC_2022EE_inc/MC_2022EE_vbf/TTto2L2Nu_powheg_22EE_ext1-v2/8c1d4eb8-5219-4443-884a-6a25285c6f67.root
[2025-11-20 09:25:16.090] [main] [info] Starting Setup of Dataframe with 158878 events
[2025-11-20 09:26:40.841] [main] [info] Finished Setup
[2025-11-20 09:26:40.841] [main] [info] Runtime for setup (real time: 84.75, CPU time: 76.86)
[2025-11-20 09:26:40.841] [main] [info] Starting Evaluation
[2025-11-20 09:27:22.827] [main] [info] 10000 / 158878 (6.29 %) Events processed ...
[2025-11-20 09:27:48.280] [main] [info] 20000 / 158878 (12.59 %) Events processed ...
[2025-11-20 09:28:10.481] [main] [info] 30000 / 158878 (18.88 %) Events processed ...
[2025-11-20 09:28:37.647] [main] [info] 40000 / 158878 (25.18 %) Events processed ...
[2025-11-20 09:29:00.007] [main] [info] 50000 / 158878 (31.47 %) Events processed ...
[2025-11-20 09:29:22.757] [main] [info] 60000 / 158878 (37.76 %) Events processed ...
[2025-11-20 09:29:47.660] [main] [info] 70000 / 158878 (44.06 %) Events processed ...
[2025-11-20 09:30:09.828] [main] [info] 80000 / 158878 (50.35 %) Events processed ...
[2025-11-20 09:30:32.596] [main] [info] 90000 / 158878 (56.65 %) Events processed ...
[2025-11-20 09:30:58.206] [main] [info] 100000 / 158878 (62.94 %) Events processed ...
[2025-11-20 09:31:20.819] [main] [info] 110000 / 158878 (69.24 %) Events processed ...
[2025-11-20 09:31:44.091] [main] [info] 120000 / 158878 (75.53 %) Events processed ...
[2025-11-20 09:32:08.802] [main] [info] 130000 / 158878 (81.82 %) Events processed ...
[2025-11-20 09:32:36.332] [main] [info] 140000 / 158878 (88.12 %) Events processed ...
[2025-11-20 09:33:04.227] [main] [info] 150000 / 158878 (94.41 %) Events processed ...
[2025-11-20 09:33:25.905] [main] [info] vbfhmm:
GoodJetsCollection: pass=146098     all=158878     -- eff=91.96 % cumulative eff=91.96 %
Flag_goodVertices: pass=146098     all=146098     -- eff=100.00 % cumulative eff=91.96 %
Flag_globalSuperTightHalo2016Filter: pass=146078     all=146098     -- eff=99.99 % cumulative eff=91.94 %
Flag_EcalDeadCellTriggerPrimitiveFilter: pass=146060     all=146078     -- eff=99.99 % cumulative eff=91.93 %
Flag_BadPFMuonFilter: pass=146053     all=146060     -- eff=100.00 % cumulative eff=91.93 %
Flag_BadPFMuonDzFilter: pass=146052     all=146053     -- eff=100.00 % cumulative eff=91.93 %
Flag_eeBadScFilter: pass=146052     all=146052     -- eff=100.00 % cumulative eff=91.93 %
Flag_ecalBadCalibFilter: pass=146037     all=146052     -- eff=99.99 % cumulative eff=91.92 %
Flag_hfNoisyHitsFilter: pass=146034     all=146037     -- eff=100.00 % cumulative eff=91.92 %
Number of muons 2: pass=9911       all=146034     -- eff=6.79 % cumulative eff=6.24 %
Veto VH <= 0 electrons: pass=9786       all=9911       -- eff=98.74 % cumulative eff=6.16 %
DiMuon From Higgs: pass=4545       all=9786       -- eff=46.44 % cumulative eff=2.86 %
LeptonChargeSum: pass=4521       all=4545       -- eff=99.47 % cumulative eff=2.85 %
Hmass>=110: pass=2453       all=4521       -- eff=54.26 % cumulative eff=1.54 %
[2025-11-20 09:33:25.966] [main] [info] Writing quantities map to /eos/user/j/jiahua/MC_2022EE_inc/MC_2022EE_vbf/TTto2L2Nu_powheg_22EE_ext1-v2/8c1d4eb8-5219-4443-884a-6a25285c6f67_vbfhmm.root
[2025-11-20 09:33:26.029] [main] [info] Finished Evaluation
[2025-11-20 09:33:26.029] [main] [info] Overall runtime (real time: 489.94, CPU time: 462.13)
