Starting job on \n
Running on: Linux b9p26p5047.cern.ch 5.14.0-570.44.1.el9_6.x86_64 #1 SMP PREEMPT_DYNAMIC Tue Sep 9 05:17:30 EDT 2025 x86_64 x86_64 x86_64 GNU/Linux\n
System software: Red Hat Enterprise Linux release 9.7 (Plow)\n
Setting up CROWN for RedHatEnterprise Version 9.7
subject   : /DC=ch/DC=cern/OU=Organic Units/OU=Users/CN=jiahua/CN=851532/CN=Jiahua Chen/CN=2045128514
issuer    : /DC=ch/DC=cern/OU=Organic Units/OU=Users/CN=jiahua/CN=851532/CN=Jiahua Chen
identity  : /DC=ch/DC=cern/OU=Organic Units/OU=Users/CN=jiahua/CN=851532/CN=Jiahua Chen
type      : RFC compliant proxy
strength  : 2048 bits
path      : /afs/cern.ch/user/j/jiahua/proxy/x509up_u139833
timeleft  : 199:42:54
key usage : Digital Signature, Key Encipherment
=== VO cms extension information ===
VO        : cms
subject   : /DC=ch/DC=cern/OU=Organic Units/OU=Users/CN=jiahua/CN=851532/CN=Jiahua Chen
issuer    : /DC=ch/DC=cern/OU=computers/CN=cms-auth.cern.ch
attribute : /cms/Role=NULL/Capability=NULL
timeleft  : 191:42:53
uri       : voms-cms-auth.cern.ch:15000
subject   : /DC=ch/DC=cern/OU=Organic Units/OU=Users/CN=jiahua/CN=851532/CN=Jiahua Chen/CN=2045128514
issuer    : /DC=ch/DC=cern/OU=Organic Units/OU=Users/CN=jiahua/CN=851532/CN=Jiahua Chen
identity  : /DC=ch/DC=cern/OU=Organic Units/OU=Users/CN=jiahua/CN=851532/CN=Jiahua Chen
type      : RFC compliant proxy
strength  : 2048 bits
path      : /afs/cern.ch/user/j/jiahua/proxy/x509up_u139833
timeleft  : 199:42:53
key usage : Digital Signature, Key Encipherment
=== VO cms extension information ===
VO        : cms
subject   : /DC=ch/DC=cern/OU=Organic Units/OU=Users/CN=jiahua/CN=851532/CN=Jiahua Chen
issuer    : /DC=ch/DC=cern/OU=computers/CN=cms-auth.cern.ch
attribute : /cms/Role=NULL/Capability=NULL
timeleft  : 191:42:52
uri       : voms-cms-auth.cern.ch:15000
/eos/user/j/jiahua/MC_2022EE_inc/MC_2022EE_vbf/TTto2L2Nu_powheg_22EE_ext1-v2/5ecb6765-c12d-48e2-b825-daa2e15f624d.root
[2025-11-20 03:05:50.676] [main] [info] Checking input files
[2025-11-20 03:06:00.196] [main] [info] NanoAOD input_file 1: root://cms-xrd-global.cern.ch//store/mc/Run3Summer22EENanoAODv12/TTto2L2Nu_TuneCP5_13p6TeV_powheg-pythia8/NANOAODSIM/130X_mcRun3_2022_realistic_postEE_v6_ext1-v2/40000/5ecb6765-c12d-48e2-b825-daa2e15f624d.root - 28823 Events
[2025-11-20 03:06:00.196] [main] [info] input_file 1: root://cms-xrd-global.cern.ch//store/mc/Run3Summer22EENanoAODv12/TTto2L2Nu_TuneCP5_13p6TeV_powheg-pythia8/NANOAODSIM/130X_mcRun3_2022_realistic_postEE_v6_ext1-v2/40000/5ecb6765-c12d-48e2-b825-daa2e15f624d.root - SumOfGenWeight: 2319490.4361000005 
[2025-11-20 03:06:00.196] [main] [info] Output directory: /eos/user/j/jiahua/MC_2022EE_inc/MC_2022EE_vbf/TTto2L2Nu_powheg_22EE_ext1-v2/5ecb6765-c12d-48e2-b825-daa2e15f624d.root
[2025-11-20 03:06:00.198] [main] [info] Starting Setup of Dataframe with 28823 events
[2025-11-20 03:08:17.504] [main] [info] Finished Setup
[2025-11-20 03:08:17.504] [main] [info] Runtime for setup (real time: 137.31, CPU time: 128.64)
[2025-11-20 03:08:17.504] [main] [info] Starting Evaluation
[2025-11-20 03:09:18.044] [main] [info] 10000 / 28823 (34.69 %) Events processed ...
[2025-11-20 03:09:43.829] [main] [info] 20000 / 28823 (69.39 %) Events processed ...
[2025-11-20 03:10:10.640] [main] [info] vbfhmm:
GoodJetsCollection: pass=26515      all=28823      -- eff=91.99 % cumulative eff=91.99 %
Flag_goodVertices: pass=26515      all=26515      -- eff=100.00 % cumulative eff=91.99 %
Flag_globalSuperTightHalo2016Filter: pass=26513      all=26515      -- eff=99.99 % cumulative eff=91.99 %
Flag_EcalDeadCellTriggerPrimitiveFilter: pass=26508      all=26513      -- eff=99.98 % cumulative eff=91.97 %
Flag_BadPFMuonFilter: pass=26505      all=26508      -- eff=99.99 % cumulative eff=91.96 %
Flag_BadPFMuonDzFilter: pass=26504      all=26505      -- eff=100.00 % cumulative eff=91.95 %
Flag_eeBadScFilter: pass=26504      all=26504      -- eff=100.00 % cumulative eff=91.95 %
Flag_ecalBadCalibFilter: pass=26499      all=26504      -- eff=99.98 % cumulative eff=91.94 %
Flag_hfNoisyHitsFilter: pass=26498      all=26499      -- eff=100.00 % cumulative eff=91.93 %
Number of muons 2: pass=1769       all=26498      -- eff=6.68 % cumulative eff=6.14 %
Veto VH <= 0 electrons: pass=1746       all=1769       -- eff=98.70 % cumulative eff=6.06 %
DiMuon From Higgs: pass=777        all=1746       -- eff=44.50 % cumulative eff=2.70 %
LeptonChargeSum: pass=772        all=777        -- eff=99.36 % cumulative eff=2.68 %
Hmass>=110: pass=400        all=772        -- eff=51.81 % cumulative eff=1.39 %
[2025-11-20 03:10:10.920] [main] [info] Writing quantities map to /eos/user/j/jiahua/MC_2022EE_inc/MC_2022EE_vbf/TTto2L2Nu_powheg_22EE_ext1-v2/5ecb6765-c12d-48e2-b825-daa2e15f624d_vbfhmm.root
[2025-11-20 03:10:11.017] [main] [info] Finished Evaluation
[2025-11-20 03:10:11.017] [main] [info] Overall runtime (real time: 250.82, CPU time: 236.04)
