000 (13047284.169.000) 11/20 02:50:33 Job submitted from host: <188.185.121.235:9618?addrs=188.185.121.235-9618+[2001-1458-d00-49--100-36e]-9618&alias=bigbird22.cern.ch&noUDP&sock=schedd_232129_c3ca>
...
040 (13047284.169.000) 11/20 03:02:53 Started transferring input files
	Transferring to host: <128.142.161.73:9618?addrs=128.142.161.73-9618+[2001-1458-301-b8--100-7]-9618&alias=b9g03p4186.cern.ch&noUDP&sock=slot1_34_1990966_687b_80125>
...
040 (13047284.169.000) 11/20 03:02:53 Finished transferring input files
...
001 (13047284.169.000) 11/20 03:02:54 Job executing on host: <128.142.161.73:9618?addrs=128.142.161.73-9618+[2001-1458-301-b8--100-7]-9618&alias=b9g03p4186.cern.ch&noUDP&sock=startd_4371_b88d>
	SlotName: slot1_34@b9g03p4186.cern.ch
	CondorScratchDir = "/pool/condor/dir_2533575"
	Cpus = 1
	Disk = 16381
	GPUs = 0
	Memory = 3000
...
006 (13047284.169.000) 11/20 03:03:07 Image size of job updated: 97600
	96  -  MemoryUsage of job (MB)
	97600  -  ResidentSetSize of job (KB)
...
006 (13047284.169.000) 11/20 03:05:32 Image size of job updated: 693444
	96  -  MemoryUsage of job (MB)
	97600  -  ResidentSetSize of job (KB)
...
040 (13047284.169.000) 11/20 03:05:32 Started transferring output files
...
040 (13047284.169.000) 11/20 03:05:32 Finished transferring output files
...
005 (13047284.169.000) 11/20 03:05:32 Job terminated.
	(1) Normal termination (return value 0)
		Usr 0 00:02:16, Sys 0 00:00:02  -  Run Remote Usage
		Usr 0 00:00:00, Sys 0 00:00:00  -  Run Local Usage
		Usr 0 00:02:16, Sys 0 00:00:02  -  Total Remote Usage
		Usr 0 00:00:00, Sys 0 00:00:00  -  Total Local Usage
	9759  -  Run Bytes Sent By Job
	11506596  -  Run Bytes Received By Job
	9759  -  Total Bytes Sent By Job
	11506596  -  Total Bytes Received By Job
	Partitionable Resources :    Usage  Request Allocated 
	   Cpus                 :        0        1         1 
	   Disk (KB)            :    11269    12500     16381 
	   GPUs                 :                           0 
	   Memory (MB)          :       96     3000      3000 
	   TimeExecute (s)      :      158                    
	   TimeSlotBusy (s)     :      159                    

	Job terminated of its own accord at 2025-11-20T02:05:32Z with exit-code 0.
...
