Starting job on \n
Running on: Linux b9p13p0967.cern.ch 5.14.0-570.44.1.el9_6.x86_64 #1 SMP PREEMPT_DYNAMIC Tue Sep 9 05:17:30 EDT 2025 x86_64 x86_64 x86_64 GNU/Linux\n
System software: Red Hat Enterprise Linux release 9.7 (Plow)\n
Setting up CROWN for RedHatEnterprise Version 9.7
subject   : /DC=ch/DC=cern/OU=Organic Units/OU=Users/CN=jiahua/CN=851532/CN=Jiahua Chen/CN=2045128514
issuer    : /DC=ch/DC=cern/OU=Organic Units/OU=Users/CN=jiahua/CN=851532/CN=Jiahua Chen
identity  : /DC=ch/DC=cern/OU=Organic Units/OU=Users/CN=jiahua/CN=851532/CN=Jiahua Chen
type      : RFC compliant proxy
strength  : 2048 bits
path      : /afs/cern.ch/user/j/jiahua/proxy/x509up_u139833
timeleft  : 199:44:55
key usage : Digital Signature, Key Encipherment
=== VO cms extension information ===
VO        : cms
subject   : /DC=ch/DC=cern/OU=Organic Units/OU=Users/CN=jiahua/CN=851532/CN=Jiahua Chen
issuer    : /DC=ch/DC=cern/OU=computers/CN=cms-auth.cern.ch
attribute : /cms/Role=NULL/Capability=NULL
timeleft  : 191:44:54
uri       : voms-cms-auth.cern.ch:15000
subject   : /DC=ch/DC=cern/OU=Organic Units/OU=Users/CN=jiahua/CN=851532/CN=Jiahua Chen/CN=2045128514
issuer    : /DC=ch/DC=cern/OU=Organic Units/OU=Users/CN=jiahua/CN=851532/CN=Jiahua Chen
identity  : /DC=ch/DC=cern/OU=Organic Units/OU=Users/CN=jiahua/CN=851532/CN=Jiahua Chen
type      : RFC compliant proxy
strength  : 2048 bits
path      : /afs/cern.ch/user/j/jiahua/proxy/x509up_u139833
timeleft  : 199:44:55
key usage : Digital Signature, Key Encipherment
=== VO cms extension information ===
VO        : cms
subject   : /DC=ch/DC=cern/OU=Organic Units/OU=Users/CN=jiahua/CN=851532/CN=Jiahua Chen
issuer    : /DC=ch/DC=cern/OU=computers/CN=cms-auth.cern.ch
attribute : /cms/Role=NULL/Capability=NULL
timeleft  : 191:44:54
uri       : voms-cms-auth.cern.ch:15000
/eos/user/j/jiahua/MC_2022EE_inc/MC_2022EE_vbf/TTto2L2Nu_powheg_22EE_ext1-v2/3433d32f-8e18-480b-9a67-1a9902006e5f.root
[2025-11-20 03:03:48.500] [main] [info] Checking input files
[2025-11-20 03:03:51.598] [main] [info] NanoAOD input_file 1: root://cms-xrd-global.cern.ch//store/mc/Run3Summer22EENanoAODv12/TTto2L2Nu_TuneCP5_13p6TeV_powheg-pythia8/NANOAODSIM/130X_mcRun3_2022_realistic_postEE_v6_ext1-v2/40000/3433d32f-8e18-480b-9a67-1a9902006e5f.root - 234099 Events
[2025-11-20 03:03:51.598] [main] [info] input_file 1: root://cms-xrd-global.cern.ch//store/mc/Run3Summer22EENanoAODv12/TTto2L2Nu_TuneCP5_13p6TeV_powheg-pythia8/NANOAODSIM/130X_mcRun3_2022_realistic_postEE_v6_ext1-v2/40000/3433d32f-8e18-480b-9a67-1a9902006e5f.root - SumOfGenWeight: 18828027.073299974 
[2025-11-20 03:03:51.598] [main] [info] Output directory: /eos/user/j/jiahua/MC_2022EE_inc/MC_2022EE_vbf/TTto2L2Nu_powheg_22EE_ext1-v2/3433d32f-8e18-480b-9a67-1a9902006e5f.root
[2025-11-20 03:03:51.599] [main] [info] Starting Setup of Dataframe with 234099 events
[2025-11-20 03:06:06.444] [main] [info] Finished Setup
[2025-11-20 03:06:06.444] [main] [info] Runtime for setup (real time: 134.85, CPU time: 126.12)
[2025-11-20 03:06:06.444] [main] [info] Starting Evaluation
[2025-11-20 03:07:02.855] [main] [info] 10000 / 234099 (4.27 %) Events processed ...
[2025-11-20 03:07:29.573] [main] [info] 20000 / 234099 (8.54 %) Events processed ...
[2025-11-20 03:07:57.773] [main] [info] 30000 / 234099 (12.82 %) Events processed ...
[2025-11-20 03:08:27.800] [main] [info] 40000 / 234099 (17.09 %) Events processed ...
[2025-11-20 03:08:59.433] [main] [info] 50000 / 234099 (21.36 %) Events processed ...
[2025-11-20 03:09:31.558] [main] [info] 60000 / 234099 (25.63 %) Events processed ...
[2025-11-20 03:10:05.118] [main] [info] 70000 / 234099 (29.90 %) Events processed ...
[2025-11-20 03:10:31.837] [main] [info] 80000 / 234099 (34.17 %) Events processed ...
[2025-11-20 03:11:00.094] [main] [info] 90000 / 234099 (38.45 %) Events processed ...
[2025-11-20 03:11:33.168] [main] [info] 100000 / 234099 (42.72 %) Events processed ...
[2025-11-20 03:12:02.071] [main] [info] 110000 / 234099 (46.99 %) Events processed ...
[2025-11-20 03:12:29.955] [main] [info] 120000 / 234099 (51.26 %) Events processed ...
[2025-11-20 03:13:02.013] [main] [info] 130000 / 234099 (55.53 %) Events processed ...
[2025-11-20 03:13:30.504] [main] [info] 140000 / 234099 (59.80 %) Events processed ...
[2025-11-20 03:13:56.799] [main] [info] 150000 / 234099 (64.08 %) Events processed ...
[2025-11-20 03:14:28.546] [main] [info] 160000 / 234099 (68.35 %) Events processed ...
[2025-11-20 03:14:56.823] [main] [info] 170000 / 234099 (72.62 %) Events processed ...
[2025-11-20 03:15:24.206] [main] [info] 180000 / 234099 (76.89 %) Events processed ...
[2025-11-20 03:15:56.608] [main] [info] 190000 / 234099 (81.16 %) Events processed ...
[2025-11-20 03:16:28.762] [main] [info] 200000 / 234099 (85.43 %) Events processed ...
[2025-11-20 03:17:01.577] [main] [info] 210000 / 234099 (89.71 %) Events processed ...
[2025-11-20 03:17:34.801] [main] [info] 220000 / 234099 (93.98 %) Events processed ...
[2025-11-20 03:18:05.216] [main] [info] 230000 / 234099 (98.25 %) Events processed ...
[2025-11-20 03:18:19.104] [main] [info] vbfhmm:
GoodJetsCollection: pass=215181     all=234099     -- eff=91.92 % cumulative eff=91.92 %
Flag_goodVertices: pass=215181     all=215181     -- eff=100.00 % cumulative eff=91.92 %
Flag_globalSuperTightHalo2016Filter: pass=215160     all=215181     -- eff=99.99 % cumulative eff=91.91 %
Flag_EcalDeadCellTriggerPrimitiveFilter: pass=215141     all=215160     -- eff=99.99 % cumulative eff=91.90 %
Flag_BadPFMuonFilter: pass=215128     all=215141     -- eff=99.99 % cumulative eff=91.90 %
Flag_BadPFMuonDzFilter: pass=215128     all=215128     -- eff=100.00 % cumulative eff=91.90 %
Flag_eeBadScFilter: pass=215128     all=215128     -- eff=100.00 % cumulative eff=91.90 %
Flag_ecalBadCalibFilter: pass=215101     all=215128     -- eff=99.99 % cumulative eff=91.88 %
Flag_hfNoisyHitsFilter: pass=215092     all=215101     -- eff=100.00 % cumulative eff=91.88 %
Number of muons 2: pass=14671      all=215092     -- eff=6.82 % cumulative eff=6.27 %
Veto VH <= 0 electrons: pass=14491      all=14671      -- eff=98.77 % cumulative eff=6.19 %
DiMuon From Higgs: pass=6712       all=14491      -- eff=46.32 % cumulative eff=2.87 %
LeptonChargeSum: pass=6662       all=6712       -- eff=99.26 % cumulative eff=2.85 %
Hmass>=110: pass=3541       all=6662       -- eff=53.15 % cumulative eff=1.51 %
[2025-11-20 03:18:19.291] [main] [info] Writing quantities map to /eos/user/j/jiahua/MC_2022EE_inc/MC_2022EE_vbf/TTto2L2Nu_powheg_22EE_ext1-v2/3433d32f-8e18-480b-9a67-1a9902006e5f_vbfhmm.root
[2025-11-20 03:18:19.429] [main] [info] Finished Evaluation
[2025-11-20 03:18:19.429] [main] [info] Overall runtime (real time: 867.83, CPU time: 827.14)
