000 (13047731.496.000) 11/20 09:15:31 Job submitted from host: <188.185.121.235:9618?addrs=188.185.121.235-9618+[2001-1458-d00-49--100-36e]-9618&alias=bigbird22.cern.ch&noUDP&sock=schedd_232129_c3ca>
...
040 (13047731.496.000) 11/20 09:27:33 Started transferring input files
	Transferring to host: <188.185.193.9:9618?addrs=188.185.193.9-9618+[2001-1458-303-20--100-5]-9618&alias=b9p19p4166.cern.ch&noUDP&sock=slot1_25_5272_59cf_58055>
...
040 (13047731.496.000) 11/20 09:27:33 Finished transferring input files
...
001 (13047731.496.000) 11/20 09:27:34 Job executing on host: <188.185.193.9:9618?addrs=188.185.193.9-9618+[2001-1458-303-20--100-5]-9618&alias=b9p19p4166.cern.ch&noUDP&sock=startd_4114_70b6>
	SlotName: slot1_25@b9p19p4166.cern.ch
	CondorScratchDir = "/pool/condor/dir_1017636"
	Cpus = 1
	Disk = 16162
	GPUs = 0
	Memory = 3000
...
006 (13047731.496.000) 11/20 09:27:47 Image size of job updated: 154824
	152  -  MemoryUsage of job (MB)
	154824  -  ResidentSetSize of job (KB)
...
006 (13047731.496.000) 11/20 09:30:18 Image size of job updated: 665204
	152  -  MemoryUsage of job (MB)
	154824  -  ResidentSetSize of job (KB)
...
040 (13047731.496.000) 11/20 09:30:18 Started transferring output files
...
040 (13047731.496.000) 11/20 09:30:18 Finished transferring output files
...
005 (13047731.496.000) 11/20 09:30:18 Job terminated.
	(1) Normal termination (return value 134)
		Usr 0 00:02:30, Sys 0 00:00:02  -  Run Remote Usage
		Usr 0 00:00:00, Sys 0 00:00:00  -  Run Local Usage
		Usr 0 00:02:30, Sys 0 00:00:02  -  Total Remote Usage
		Usr 0 00:00:00, Sys 0 00:00:00  -  Total Local Usage
	8488  -  Run Bytes Sent By Job
	11510364  -  Run Bytes Received By Job
	8488  -  Total Bytes Sent By Job
	11510364  -  Total Bytes Received By Job
	Partitionable Resources :    Usage  Request Allocated 
	   Cpus                 :        0        1         1 
	   Disk (KB)            :    11272    12500     16162 
	   GPUs                 :                           0 
	   Memory (MB)          :      152     3000      3000 
	   TimeExecute (s)      :      164                    
	   TimeSlotBusy (s)     :      165                    

	Job terminated of its own accord at 2025-11-20T08:30:18Z with exit-code 134.
...
