Starting job on \n
Running on: Linux b9p29p2890.cern.ch 5.14.0-570.44.1.el9_6.x86_64 #1 SMP PREEMPT_DYNAMIC Tue Sep 9 05:17:30 EDT 2025 x86_64 x86_64 x86_64 GNU/Linux\n
System software: Red Hat Enterprise Linux release 9.7 (Plow)\n
Setting up CROWN for RedHatEnterprise Version 9.7
subject   : /DC=ch/DC=cern/OU=Organic Units/OU=Users/CN=jiahua/CN=851532/CN=Jiahua Chen/CN=2045128514
issuer    : /DC=ch/DC=cern/OU=Organic Units/OU=Users/CN=jiahua/CN=851532/CN=Jiahua Chen
identity  : /DC=ch/DC=cern/OU=Organic Units/OU=Users/CN=jiahua/CN=851532/CN=Jiahua Chen
type      : RFC compliant proxy
strength  : 2048 bits
path      : /afs/cern.ch/user/j/jiahua/proxy/x509up_u139833
timeleft  : 168:39:20
key usage : Digital Signature, Key Encipherment
=== VO cms extension information ===
VO        : cms
subject   : /DC=ch/DC=cern/OU=Organic Units/OU=Users/CN=jiahua/CN=851532/CN=Jiahua Chen
issuer    : /DC=ch/DC=cern/OU=computers/CN=cms-auth.cern.ch
attribute : /cms/Role=NULL/Capability=NULL
timeleft  : 160:39:19
uri       : voms-cms-auth.cern.ch:15000
subject   : /DC=ch/DC=cern/OU=Organic Units/OU=Users/CN=jiahua/CN=851532/CN=Jiahua Chen/CN=2045128514
issuer    : /DC=ch/DC=cern/OU=Organic Units/OU=Users/CN=jiahua/CN=851532/CN=Jiahua Chen
identity  : /DC=ch/DC=cern/OU=Organic Units/OU=Users/CN=jiahua/CN=851532/CN=Jiahua Chen
type      : RFC compliant proxy
strength  : 2048 bits
path      : /afs/cern.ch/user/j/jiahua/proxy/x509up_u139833
timeleft  : 168:39:20
key usage : Digital Signature, Key Encipherment
=== VO cms extension information ===
VO        : cms
subject   : /DC=ch/DC=cern/OU=Organic Units/OU=Users/CN=jiahua/CN=851532/CN=Jiahua Chen
issuer    : /DC=ch/DC=cern/OU=computers/CN=cms-auth.cern.ch
attribute : /cms/Role=NULL/Capability=NULL
timeleft  : 160:39:19
uri       : voms-cms-auth.cern.ch:15000
/eos/user/j/jiahua/MC_2022EE_inc/MC_2022EE_vbf/TTto2L2Nu_powheg_22EE_ext1-v2/d8d7bb49-583f-459c-9127-28ecc154b542.root
[2025-11-21 10:09:23.858] [main] [info] Checking input files
[2025-11-21 10:09:34.478] [main] [info] NanoAOD input_file 1: root://cms-xrd-global.cern.ch//store/mc/Run3Summer22EENanoAODv12/TTto2L2Nu_TuneCP5_13p6TeV_powheg-pythia8/NANOAODSIM/130X_mcRun3_2022_realistic_postEE_v6_ext1-v2/50000/d8d7bb49-583f-459c-9127-28ecc154b542.root - 155363 Events
[2025-11-21 10:09:34.479] [main] [info] input_file 1: root://cms-xrd-global.cern.ch//store/mc/Run3Summer22EENanoAODv12/TTto2L2Nu_TuneCP5_13p6TeV_powheg-pythia8/NANOAODSIM/130X_mcRun3_2022_realistic_postEE_v6_ext1-v2/50000/d8d7bb49-583f-459c-9127-28ecc154b542.root - SumOfGenWeight: 12512953.003699992 
[2025-11-21 10:09:34.479] [main] [info] Output directory: /eos/user/j/jiahua/MC_2022EE_inc/MC_2022EE_vbf/TTto2L2Nu_powheg_22EE_ext1-v2/d8d7bb49-583f-459c-9127-28ecc154b542.root
[2025-11-21 10:09:34.480] [main] [info] Starting Setup of Dataframe with 155363 events
[2025-11-21 10:10:51.780] [main] [info] Finished Setup
[2025-11-21 10:10:51.780] [main] [info] Runtime for setup (real time: 77.30, CPU time: 73.70)
[2025-11-21 10:10:51.780] [main] [info] Starting Evaluation
[2025-11-21 10:11:29.057] [main] [info] 10000 / 155363 (6.44 %) Events processed ...
[2025-11-21 10:11:50.351] [main] [info] 20000 / 155363 (12.87 %) Events processed ...
[2025-11-21 10:12:12.129] [main] [info] 30000 / 155363 (19.31 %) Events processed ...
[2025-11-21 10:12:34.404] [main] [info] 40000 / 155363 (25.75 %) Events processed ...
[2025-11-21 10:12:56.706] [main] [info] 50000 / 155363 (32.18 %) Events processed ...
[2025-11-21 10:13:19.228] [main] [info] 60000 / 155363 (38.62 %) Events processed ...
[2025-11-21 10:13:41.179] [main] [info] 70000 / 155363 (45.06 %) Events processed ...
[2025-11-21 10:14:02.305] [main] [info] 80000 / 155363 (51.49 %) Events processed ...
[2025-11-21 10:14:22.750] [main] [info] 90000 / 155363 (57.93 %) Events processed ...
[2025-11-21 10:14:43.563] [main] [info] 100000 / 155363 (64.37 %) Events processed ...
[2025-11-21 10:15:01.668] [main] [info] 110000 / 155363 (70.80 %) Events processed ...
[2025-11-21 10:15:23.142] [main] [info] 120000 / 155363 (77.24 %) Events processed ...
[2025-11-21 10:15:46.019] [main] [info] 130000 / 155363 (83.68 %) Events processed ...
[2025-11-21 10:16:06.793] [main] [info] 140000 / 155363 (90.11 %) Events processed ...
[2025-11-21 10:16:26.397] [main] [info] 150000 / 155363 (96.55 %) Events processed ...
[2025-11-21 10:16:37.882] [main] [info] vbfhmm:
GoodJetsCollection: pass=142617     all=155363     -- eff=91.80 % cumulative eff=91.80 %
Flag_goodVertices: pass=142617     all=142617     -- eff=100.00 % cumulative eff=91.80 %
Flag_globalSuperTightHalo2016Filter: pass=142594     all=142617     -- eff=99.98 % cumulative eff=91.78 %
Flag_EcalDeadCellTriggerPrimitiveFilter: pass=142571     all=142594     -- eff=99.98 % cumulative eff=91.77 %
Flag_BadPFMuonFilter: pass=142557     all=142571     -- eff=99.99 % cumulative eff=91.76 %
Flag_BadPFMuonDzFilter: pass=142553     all=142557     -- eff=100.00 % cumulative eff=91.75 %
Flag_eeBadScFilter: pass=142553     all=142553     -- eff=100.00 % cumulative eff=91.75 %
Flag_ecalBadCalibFilter: pass=142532     all=142553     -- eff=99.99 % cumulative eff=91.74 %
Flag_hfNoisyHitsFilter: pass=142528     all=142532     -- eff=100.00 % cumulative eff=91.74 %
Number of muons 2: pass=9445       all=142528     -- eff=6.63 % cumulative eff=6.08 %
Veto VH <= 0 electrons: pass=9308       all=9445       -- eff=98.55 % cumulative eff=5.99 %
DiMuon From Higgs: pass=4282       all=9308       -- eff=46.00 % cumulative eff=2.76 %
LeptonChargeSum: pass=4256       all=4282       -- eff=99.39 % cumulative eff=2.74 %
Hmass>=110: pass=2277       all=4256       -- eff=53.50 % cumulative eff=1.47 %
[2025-11-21 10:16:38.235] [main] [info] Writing quantities map to /eos/user/j/jiahua/MC_2022EE_inc/MC_2022EE_vbf/TTto2L2Nu_powheg_22EE_ext1-v2/d8d7bb49-583f-459c-9127-28ecc154b542_vbfhmm.root
[2025-11-21 10:16:38.436] [main] [info] Finished Evaluation
[2025-11-21 10:16:38.436] [main] [info] Overall runtime (real time: 423.96, CPU time: 406.71)
