000 (13047284.585.000) 11/20 02:50:34 Job submitted from host: <188.185.121.235:9618?addrs=188.185.121.235-9618+[2001-1458-d00-49--100-36e]-9618&alias=bigbird22.cern.ch&noUDP&sock=schedd_232129_c3ca>
...
040 (13047284.585.000) 11/20 03:05:29 Started transferring input files
	Transferring to host: <188.185.212.152:9618?addrs=188.185.212.152-9618+[2001-1458-303-19--100-14]-9618&alias=b9p26p0567.cern.ch&noUDP&sock=slot1_19_8937_acc4_64335>
...
040 (13047284.585.000) 11/20 03:05:29 Finished transferring input files
...
001 (13047284.585.000) 11/20 03:05:30 Job executing on host: <188.185.212.152:9618?addrs=188.185.212.152-9618+[2001-1458-303-19--100-14]-9618&alias=b9p26p0567.cern.ch&noUDP&sock=startd_7599_dc44>
	SlotName: slot1_19@b9p26p0567.cern.ch
	CondorScratchDir = "/pool/condor/dir_2739927"
	Cpus = 1
	Disk = 16075
	GPUs = 0
	Memory = 3000
...
006 (13047284.585.000) 11/20 03:05:44 Image size of job updated: 95832
	94  -  MemoryUsage of job (MB)
	95832  -  ResidentSetSize of job (KB)
...
006 (13047284.585.000) 11/20 03:10:45 Image size of job updated: 703460
	687  -  MemoryUsage of job (MB)
	703460  -  ResidentSetSize of job (KB)
...
006 (13047284.585.000) 11/20 03:13:30 Image size of job updated: 704212
	687  -  MemoryUsage of job (MB)
	703460  -  ResidentSetSize of job (KB)
...
040 (13047284.585.000) 11/20 03:13:30 Started transferring output files
...
040 (13047284.585.000) 11/20 03:13:30 Finished transferring output files
...
005 (13047284.585.000) 11/20 03:13:30 Job terminated.
	(1) Normal termination (return value 0)
		Usr 0 00:07:21, Sys 0 00:00:06  -  Run Remote Usage
		Usr 0 00:00:00, Sys 0 00:00:00  -  Run Local Usage
		Usr 0 00:07:21, Sys 0 00:00:06  -  Total Remote Usage
		Usr 0 00:00:00, Sys 0 00:00:00  -  Total Local Usage
	11318  -  Run Bytes Sent By Job
	11506596  -  Run Bytes Received By Job
	11318  -  Total Bytes Sent By Job
	11506596  -  Total Bytes Received By Job
	Partitionable Resources :    Usage  Request Allocated 
	   Cpus                 :     0.99        1         1 
	   Disk (KB)            : 11272       12500     16075 
	   GPUs                 :                           0 
	   Memory (MB)          :   687        3000      3000 
	   TimeExecute (s)      :   480                       
	   TimeSlotBusy (s)     :   482                       

	Job terminated of its own accord at 2025-11-20T02:13:30Z with exit-code 0.
...
