Starting job on \n
Running on: Linux b9p26p5322.cern.ch 5.14.0-570.44.1.el9_6.x86_64 #1 SMP PREEMPT_DYNAMIC Tue Sep 9 05:17:30 EDT 2025 x86_64 x86_64 x86_64 GNU/Linux\n
System software: Red Hat Enterprise Linux release 9.7 (Plow)\n
Setting up CROWN for RedHatEnterprise Version 9.7
subject   : /DC=ch/DC=cern/OU=Organic Units/OU=Users/CN=jiahua/CN=851532/CN=Jiahua Chen/CN=2045128514
issuer    : /DC=ch/DC=cern/OU=Organic Units/OU=Users/CN=jiahua/CN=851532/CN=Jiahua Chen
identity  : /DC=ch/DC=cern/OU=Organic Units/OU=Users/CN=jiahua/CN=851532/CN=Jiahua Chen
type      : RFC compliant proxy
strength  : 2048 bits
path      : /afs/cern.ch/user/j/jiahua/proxy/x509up_u139833
timeleft  : 193:21:43
key usage : Digital Signature, Key Encipherment
=== VO cms extension information ===
VO        : cms
subject   : /DC=ch/DC=cern/OU=Organic Units/OU=Users/CN=jiahua/CN=851532/CN=Jiahua Chen
issuer    : /DC=ch/DC=cern/OU=computers/CN=cms-auth.cern.ch
attribute : /cms/Role=NULL/Capability=NULL
timeleft  : 185:21:42
uri       : voms-cms-auth.cern.ch:15000
subject   : /DC=ch/DC=cern/OU=Organic Units/OU=Users/CN=jiahua/CN=851532/CN=Jiahua Chen/CN=2045128514
issuer    : /DC=ch/DC=cern/OU=Organic Units/OU=Users/CN=jiahua/CN=851532/CN=Jiahua Chen
identity  : /DC=ch/DC=cern/OU=Organic Units/OU=Users/CN=jiahua/CN=851532/CN=Jiahua Chen
type      : RFC compliant proxy
strength  : 2048 bits
path      : /afs/cern.ch/user/j/jiahua/proxy/x509up_u139833
timeleft  : 193:21:43
key usage : Digital Signature, Key Encipherment
=== VO cms extension information ===
VO        : cms
subject   : /DC=ch/DC=cern/OU=Organic Units/OU=Users/CN=jiahua/CN=851532/CN=Jiahua Chen
issuer    : /DC=ch/DC=cern/OU=computers/CN=cms-auth.cern.ch
attribute : /cms/Role=NULL/Capability=NULL
timeleft  : 185:21:42
uri       : voms-cms-auth.cern.ch:15000
/eos/user/j/jiahua/MC_2022EE_inc/MC_2022EE_vbf/TTto2L2Nu_powheg_22EE_ext1-v2/6ae8b85e-4f0e-4dbd-9661-4f41af460c5f.root
[2025-11-20 09:27:00.866] [main] [info] Checking input files
[2025-11-20 09:27:06.739] [main] [info] NanoAOD input_file 1: root://cms-xrd-global.cern.ch//store/mc/Run3Summer22EENanoAODv12/TTto2L2Nu_TuneCP5_13p6TeV_powheg-pythia8/NANOAODSIM/130X_mcRun3_2022_realistic_postEE_v6_ext1-v2/2530000/6ae8b85e-4f0e-4dbd-9661-4f41af460c5f.root - 69597 Events
[2025-11-20 09:27:06.739] [main] [info] input_file 1: root://cms-xrd-global.cern.ch//store/mc/Run3Summer22EENanoAODv12/TTto2L2Nu_TuneCP5_13p6TeV_powheg-pythia8/NANOAODSIM/130X_mcRun3_2022_realistic_postEE_v6_ext1-v2/2530000/6ae8b85e-4f0e-4dbd-9661-4f41af460c5f.root - SumOfGenWeight: 5597061.242900001 
[2025-11-20 09:27:06.739] [main] [info] Output directory: /eos/user/j/jiahua/MC_2022EE_inc/MC_2022EE_vbf/TTto2L2Nu_powheg_22EE_ext1-v2/6ae8b85e-4f0e-4dbd-9661-4f41af460c5f.root
[2025-11-20 09:27:06.740] [main] [info] Starting Setup of Dataframe with 69597 events
[2025-11-20 09:28:12.480] [main] [info] Finished Setup
[2025-11-20 09:28:12.480] [main] [info] Runtime for setup (real time: 65.74, CPU time: 58.96)
[2025-11-20 09:28:12.480] [main] [info] Starting Evaluation
[2025-11-20 09:28:43.818] [main] [info] 10000 / 69597 (14.37 %) Events processed ...
[2025-11-20 09:29:00.355] [main] [info] 20000 / 69597 (28.74 %) Events processed ...
[2025-11-20 09:29:15.564] [main] [info] 30000 / 69597 (43.11 %) Events processed ...
[2025-11-20 09:29:34.349] [main] [info] 40000 / 69597 (57.47 %) Events processed ...
[2025-11-20 09:29:50.791] [main] [info] 50000 / 69597 (71.84 %) Events processed ...
[2025-11-20 09:30:05.392] [main] [info] 60000 / 69597 (86.21 %) Events processed ...
[2025-11-20 09:30:20.587] [main] [info] vbfhmm:
GoodJetsCollection: pass=63904      all=69597      -- eff=91.82 % cumulative eff=91.82 %
Flag_goodVertices: pass=63904      all=63904      -- eff=100.00 % cumulative eff=91.82 %
Flag_globalSuperTightHalo2016Filter: pass=63898      all=63904      -- eff=99.99 % cumulative eff=91.81 %
Flag_EcalDeadCellTriggerPrimitiveFilter: pass=63891      all=63898      -- eff=99.99 % cumulative eff=91.80 %
Flag_BadPFMuonFilter: pass=63889      all=63891      -- eff=100.00 % cumulative eff=91.80 %
Flag_BadPFMuonDzFilter: pass=63887      all=63889      -- eff=100.00 % cumulative eff=91.80 %
Flag_eeBadScFilter: pass=63887      all=63887      -- eff=100.00 % cumulative eff=91.80 %
Flag_ecalBadCalibFilter: pass=63877      all=63887      -- eff=99.98 % cumulative eff=91.78 %
Flag_hfNoisyHitsFilter: pass=63876      all=63877      -- eff=100.00 % cumulative eff=91.78 %
Number of muons 2: pass=4258       all=63876      -- eff=6.67 % cumulative eff=6.12 %
Veto VH <= 0 electrons: pass=4210       all=4258       -- eff=98.87 % cumulative eff=6.05 %
DiMuon From Higgs: pass=1990       all=4210       -- eff=47.27 % cumulative eff=2.86 %
LeptonChargeSum: pass=1979       all=1990       -- eff=99.45 % cumulative eff=2.84 %
Hmass>=110: pass=1005       all=1979       -- eff=50.78 % cumulative eff=1.44 %
[2025-11-20 09:30:20.698] [main] [info] Writing quantities map to /eos/user/j/jiahua/MC_2022EE_inc/MC_2022EE_vbf/TTto2L2Nu_powheg_22EE_ext1-v2/6ae8b85e-4f0e-4dbd-9661-4f41af460c5f_vbfhmm.root
[2025-11-20 09:30:20.745] [main] [info] Finished Evaluation
[2025-11-20 09:30:20.745] [main] [info] Overall runtime (real time: 194.01, CPU time: 181.43)
