000 (13047284.308.000) 11/20 02:50:34 Job submitted from host: <188.185.121.235:9618?addrs=188.185.121.235-9618+[2001-1458-d00-49--100-36e]-9618&alias=bigbird22.cern.ch&noUDP&sock=schedd_232129_c3ca>
...
040 (13047284.308.000) 11/20 03:03:51 Started transferring input files
	Transferring to host: <188.185.212.62:9618?addrs=188.185.212.62-9618+[2001-1458-303-18--100-3a]-9618&alias=b9p25p2813.cern.ch&noUDP&sock=slot1_27_7086_7a59_62453>
...
040 (13047284.308.000) 11/20 03:03:51 Finished transferring input files
...
001 (13047284.308.000) 11/20 03:03:52 Job executing on host: <188.185.212.62:9618?addrs=188.185.212.62-9618+[2001-1458-303-18--100-3a]-9618&alias=b9p25p2813.cern.ch&noUDP&sock=startd_6177_7c98>
	SlotName: slot1_27@b9p25p2813.cern.ch
	CondorScratchDir = "/pool/condor/dir_4127038"
	Cpus = 1
	Disk = 16150
	GPUs = 0
	Memory = 3000
...
006 (13047284.308.000) 11/20 03:04:06 Image size of job updated: 95812
	94  -  MemoryUsage of job (MB)
	95812  -  ResidentSetSize of job (KB)
...
006 (13047284.308.000) 11/20 03:09:07 Image size of job updated: 705156
	689  -  MemoryUsage of job (MB)
	705156  -  ResidentSetSize of job (KB)
...
006 (13047284.308.000) 11/20 03:12:09 Image size of job updated: 707380
	689  -  MemoryUsage of job (MB)
	705156  -  ResidentSetSize of job (KB)
...
040 (13047284.308.000) 11/20 03:12:09 Started transferring output files
...
040 (13047284.308.000) 11/20 03:12:09 Finished transferring output files
...
005 (13047284.308.000) 11/20 03:12:09 Job terminated.
	(1) Normal termination (return value 0)
		Usr 0 00:07:17, Sys 0 00:00:09  -  Run Remote Usage
		Usr 0 00:00:00, Sys 0 00:00:00  -  Run Local Usage
		Usr 0 00:07:17, Sys 0 00:00:09  -  Total Remote Usage
		Usr 0 00:00:00, Sys 0 00:00:00  -  Total Local Usage
	11061  -  Run Bytes Sent By Job
	11506596  -  Run Bytes Received By Job
	11061  -  Total Bytes Sent By Job
	11506596  -  Total Bytes Received By Job
	Partitionable Resources :    Usage  Request Allocated 
	   Cpus                 :        0        1         1 
	   Disk (KB)            :    11271    12500     16150 
	   GPUs                 :                           0 
	   Memory (MB)          :      689     3000      3000 
	   TimeExecute (s)      :      497                    
	   TimeSlotBusy (s)     :      499                    

	Job terminated of its own accord at 2025-11-20T02:12:09Z with exit-code 0.
...
