000 (13047731.263.000) 11/20 09:15:30 Job submitted from host: <188.185.121.235:9618?addrs=188.185.121.235-9618+[2001-1458-d00-49--100-36e]-9618&alias=bigbird22.cern.ch&noUDP&sock=schedd_232129_c3ca>
...
040 (13047731.263.000) 11/20 09:26:15 Started transferring input files
	Transferring to host: <188.185.192.108:9618?addrs=188.185.192.108-9618+[2001-1458-303-1f--100-68]-9618&alias=b9p13p3391.cern.ch&noUDP&sock=slot1_40_5739_6502_37633>
...
040 (13047731.263.000) 11/20 09:26:15 Finished transferring input files
...
001 (13047731.263.000) 11/20 09:26:16 Job executing on host: <188.185.192.108:9618?addrs=188.185.192.108-9618+[2001-1458-303-1f--100-68]-9618&alias=b9p13p3391.cern.ch&noUDP&sock=startd_4620_83a2>
	SlotName: slot1_40@b9p13p3391.cern.ch
	CondorScratchDir = "/pool/condor/dir_2963217"
	Cpus = 1
	Disk = 16133
	GPUs = 0
	Memory = 3000
...
006 (13047731.263.000) 11/20 09:26:29 Image size of job updated: 117864
	116  -  MemoryUsage of job (MB)
	117864  -  ResidentSetSize of job (KB)
...
006 (13047731.263.000) 11/20 09:28:29 Image size of job updated: 691552
	116  -  MemoryUsage of job (MB)
	118528  -  ResidentSetSize of job (KB)
...
040 (13047731.263.000) 11/20 09:28:29 Started transferring output files
...
040 (13047731.263.000) 11/20 09:28:29 Finished transferring output files
...
005 (13047731.263.000) 11/20 09:28:29 Job terminated.
	(1) Normal termination (return value 0)
		Usr 0 00:01:54, Sys 0 00:00:02  -  Run Remote Usage
		Usr 0 00:00:00, Sys 0 00:00:00  -  Run Local Usage
		Usr 0 00:01:54, Sys 0 00:00:02  -  Total Remote Usage
		Usr 0 00:00:00, Sys 0 00:00:00  -  Total Local Usage
	9768  -  Run Bytes Sent By Job
	11510364  -  Run Bytes Received By Job
	9768  -  Total Bytes Sent By Job
	11510364  -  Total Bytes Received By Job
	Partitionable Resources :    Usage  Request Allocated 
	   Cpus                 :        0        1         1 
	   Disk (KB)            :    11273    12500     16133 
	   GPUs                 :                           0 
	   Memory (MB)          :      116     3000      3000 
	   TimeExecute (s)      :      133                    
	   TimeSlotBusy (s)     :      134                    

	Job terminated of its own accord at 2025-11-20T08:28:29Z with exit-code 0.
...
