000 (13047284.019.000) 11/20 02:50:33 Job submitted from host: <188.185.121.235:9618?addrs=188.185.121.235-9618+[2001-1458-d00-49--100-36e]-9618&alias=bigbird22.cern.ch&noUDP&sock=schedd_232129_c3ca>
...
040 (13047284.019.000) 11/20 03:02:03 Started transferring input files
	Transferring to host: <188.185.207.188:9618?addrs=188.185.207.188-9618+[2001-1458-303-e--100-39]-9618&alias=b9p08p1116.cern.ch&noUDP&sock=slot1_31_4040_4b9d_56503>
...
040 (13047284.019.000) 11/20 03:02:03 Finished transferring input files
...
001 (13047284.019.000) 11/20 03:02:04 Job executing on host: <188.185.207.188:9618?addrs=188.185.207.188-9618+[2001-1458-303-e--100-39]-9618&alias=b9p08p1116.cern.ch&noUDP&sock=startd_3612_1c2b>
	SlotName: slot1_31@b9p08p1116.cern.ch
	CondorScratchDir = "/pool/condor/dir_3207374"
	Cpus = 1
	Disk = 15919
	GPUs = 0
	Memory = 3000
...
006 (13047284.019.000) 11/20 03:02:17 Image size of job updated: 154964
	152  -  MemoryUsage of job (MB)
	154964  -  ResidentSetSize of job (KB)
...
006 (13047284.019.000) 11/20 03:05:22 Image size of job updated: 705056
	152  -  MemoryUsage of job (MB)
	154964  -  ResidentSetSize of job (KB)
...
040 (13047284.019.000) 11/20 03:05:22 Started transferring output files
...
040 (13047284.019.000) 11/20 03:05:22 Finished transferring output files
...
005 (13047284.019.000) 11/20 03:05:22 Job terminated.
	(1) Normal termination (return value 0)
		Usr 0 00:02:50, Sys 0 00:00:02  -  Run Remote Usage
		Usr 0 00:00:00, Sys 0 00:00:00  -  Run Local Usage
		Usr 0 00:02:50, Sys 0 00:00:02  -  Total Remote Usage
		Usr 0 00:00:00, Sys 0 00:00:00  -  Total Local Usage
	10709  -  Run Bytes Sent By Job
	11506596  -  Run Bytes Received By Job
	10709  -  Total Bytes Sent By Job
	11506596  -  Total Bytes Received By Job
	Partitionable Resources :    Usage  Request Allocated 
	   Cpus                 :        0        1         1 
	   Disk (KB)            :    11273    12500     15919 
	   GPUs                 :                           0 
	   Memory (MB)          :      152     3000      3000 
	   TimeExecute (s)      :      198                    
	   TimeSlotBusy (s)     :      199                    

	Job terminated of its own accord at 2025-11-20T02:05:22Z with exit-code 0.
...
