000 (13087768.176.000) 11/21 10:06:18 Job submitted from host: <188.185.121.235:9618?addrs=188.185.121.235-9618+[2001-1458-d00-49--100-36e]-9618&alias=bigbird22.cern.ch&noUDP&sock=schedd_232129_c3ca>
...
040 (13087768.176.000) 11/21 10:09:13 Started transferring input files
	Transferring to host: <188.185.212.137:9618?addrs=188.185.212.137-9618+[2001-1458-303-19--100-5]-9618&alias=b9p26p9950.cern.ch&noUDP&sock=slot1_15_4855_895f_65347>
...
040 (13087768.176.000) 11/21 10:09:13 Finished transferring input files
...
001 (13087768.176.000) 11/21 10:09:14 Job executing on host: <188.185.212.137:9618?addrs=188.185.212.137-9618+[2001-1458-303-19--100-5]-9618&alias=b9p26p9950.cern.ch&noUDP&sock=startd_4050_8aa7>
	SlotName: slot1_15@b9p26p9950.cern.ch
	CondorScratchDir = "/pool/condor/dir_1279137"
	Cpus = 1
	Disk = 16087
	GPUs = 0
	Memory = 3000
...
006 (13087768.176.000) 11/21 10:09:28 Image size of job updated: 96024
	94  -  MemoryUsage of job (MB)
	96024  -  ResidentSetSize of job (KB)
...
006 (13087768.176.000) 11/21 10:14:29 Image size of job updated: 704924
	689  -  MemoryUsage of job (MB)
	704924  -  ResidentSetSize of job (KB)
...
006 (13087768.176.000) 11/21 10:15:55 Image size of job updated: 706060
	689  -  MemoryUsage of job (MB)
	704924  -  ResidentSetSize of job (KB)
...
040 (13087768.176.000) 11/21 10:15:55 Started transferring output files
...
040 (13087768.176.000) 11/21 10:15:55 Finished transferring output files
...
005 (13087768.176.000) 11/21 10:15:55 Job terminated.
	(1) Normal termination (return value 0)
		Usr 0 00:06:09, Sys 0 00:00:05  -  Run Remote Usage
		Usr 0 00:00:00, Sys 0 00:00:00  -  Run Local Usage
		Usr 0 00:06:09, Sys 0 00:00:05  -  Total Remote Usage
		Usr 0 00:00:00, Sys 0 00:00:00  -  Total Local Usage
	11061  -  Run Bytes Sent By Job
	11510364  -  Run Bytes Received By Job
	11061  -  Total Bytes Sent By Job
	11510364  -  Total Bytes Received By Job
	Partitionable Resources :    Usage  Request Allocated 
	   Cpus                 :     0.99        1         1 
	   Disk (KB)            : 11275       12500     16087 
	   GPUs                 :                           0 
	   Memory (MB)          :   689        3000      3000 
	   TimeExecute (s)      :   401                       
	   TimeSlotBusy (s)     :   402                       

	Job terminated of its own accord at 2025-11-21T09:15:55Z with exit-code 0.
...
