Starting job on \n
Running on: Linux b9p25p6541.cern.ch 5.14.0-570.44.1.el9_6.x86_64 #1 SMP PREEMPT_DYNAMIC Tue Sep 9 05:17:30 EDT 2025 x86_64 x86_64 x86_64 GNU/Linux\n
System software: Red Hat Enterprise Linux release 9.7 (Plow)\n
Setting up CROWN for RedHatEnterprise Version 9.7
subject   : /DC=ch/DC=cern/OU=Organic Units/OU=Users/CN=jiahua/CN=851532/CN=Jiahua Chen/CN=2045128514
issuer    : /DC=ch/DC=cern/OU=Organic Units/OU=Users/CN=jiahua/CN=851532/CN=Jiahua Chen
identity  : /DC=ch/DC=cern/OU=Organic Units/OU=Users/CN=jiahua/CN=851532/CN=Jiahua Chen
type      : RFC compliant proxy
strength  : 2048 bits
path      : /afs/cern.ch/user/j/jiahua/proxy/x509up_u139833
timeleft  : 193:23:38
key usage : Digital Signature, Key Encipherment
=== VO cms extension information ===
VO        : cms
subject   : /DC=ch/DC=cern/OU=Organic Units/OU=Users/CN=jiahua/CN=851532/CN=Jiahua Chen
issuer    : /DC=ch/DC=cern/OU=computers/CN=cms-auth.cern.ch
attribute : /cms/Role=NULL/Capability=NULL
timeleft  : 185:23:37
uri       : voms-cms-auth.cern.ch:15000
subject   : /DC=ch/DC=cern/OU=Organic Units/OU=Users/CN=jiahua/CN=851532/CN=Jiahua Chen/CN=2045128514
issuer    : /DC=ch/DC=cern/OU=Organic Units/OU=Users/CN=jiahua/CN=851532/CN=Jiahua Chen
identity  : /DC=ch/DC=cern/OU=Organic Units/OU=Users/CN=jiahua/CN=851532/CN=Jiahua Chen
type      : RFC compliant proxy
strength  : 2048 bits
path      : /afs/cern.ch/user/j/jiahua/proxy/x509up_u139833
timeleft  : 193:23:38
key usage : Digital Signature, Key Encipherment
=== VO cms extension information ===
VO        : cms
subject   : /DC=ch/DC=cern/OU=Organic Units/OU=Users/CN=jiahua/CN=851532/CN=Jiahua Chen
issuer    : /DC=ch/DC=cern/OU=computers/CN=cms-auth.cern.ch
attribute : /cms/Role=NULL/Capability=NULL
timeleft  : 185:23:37
uri       : voms-cms-auth.cern.ch:15000
/eos/user/j/jiahua/MC_2022EE_inc/MC_2022EE_vbf/TTto2L2Nu_powheg_22EE_ext1-v2/85aff5df-24b7-4f85-9856-100d75d79974.root
[2025-11-20 09:25:06.238] [main] [info] Checking input files
[2025-11-20 09:25:12.162] [main] [info] NanoAOD input_file 1: root://cms-xrd-global.cern.ch//store/mc/Run3Summer22EENanoAODv12/TTto2L2Nu_TuneCP5_13p6TeV_powheg-pythia8/NANOAODSIM/130X_mcRun3_2022_realistic_postEE_v6_ext1-v2/2520000/85aff5df-24b7-4f85-9856-100d75d79974.root - 168720 Events
[2025-11-20 09:25:12.162] [main] [info] input_file 1: root://cms-xrd-global.cern.ch//store/mc/Run3Summer22EENanoAODv12/TTto2L2Nu_TuneCP5_13p6TeV_powheg-pythia8/NANOAODSIM/130X_mcRun3_2022_realistic_postEE_v6_ext1-v2/2520000/85aff5df-24b7-4f85-9856-100d75d79974.root - SumOfGenWeight: 13571764.41819998 
[2025-11-20 09:25:12.162] [main] [info] Output directory: /eos/user/j/jiahua/MC_2022EE_inc/MC_2022EE_vbf/TTto2L2Nu_powheg_22EE_ext1-v2/85aff5df-24b7-4f85-9856-100d75d79974.root
[2025-11-20 09:25:12.164] [main] [info] Starting Setup of Dataframe with 168720 events
[2025-11-20 09:26:32.801] [main] [info] Finished Setup
[2025-11-20 09:26:32.802] [main] [info] Runtime for setup (real time: 80.64, CPU time: 73.20)
[2025-11-20 09:26:32.802] [main] [info] Starting Evaluation
[2025-11-20 09:27:10.446] [main] [info] 10000 / 168720 (5.93 %) Events processed ...
[2025-11-20 09:27:29.234] [main] [info] 20000 / 168720 (11.85 %) Events processed ...
[2025-11-20 09:27:49.411] [main] [info] 30000 / 168720 (17.78 %) Events processed ...
[2025-11-20 09:28:12.610] [main] [info] 40000 / 168720 (23.71 %) Events processed ...
[2025-11-20 09:28:34.671] [main] [info] 50000 / 168720 (29.63 %) Events processed ...
[2025-11-20 09:28:54.834] [main] [info] 60000 / 168720 (35.56 %) Events processed ...
[2025-11-20 09:29:16.466] [main] [info] 70000 / 168720 (41.49 %) Events processed ...
[2025-11-20 09:29:36.151] [main] [info] 80000 / 168720 (47.42 %) Events processed ...
[2025-11-20 09:29:54.901] [main] [info] 90000 / 168720 (53.34 %) Events processed ...
[2025-11-20 09:30:15.608] [main] [info] 100000 / 168720 (59.27 %) Events processed ...
[2025-11-20 09:30:36.652] [main] [info] 110000 / 168720 (65.20 %) Events processed ...
[2025-11-20 09:30:55.356] [main] [info] 120000 / 168720 (71.12 %) Events processed ...
[2025-11-20 09:31:17.315] [main] [info] 130000 / 168720 (77.05 %) Events processed ...
[2025-11-20 09:31:36.958] [main] [info] 140000 / 168720 (82.98 %) Events processed ...
[2025-11-20 09:31:57.267] [main] [info] 150000 / 168720 (88.90 %) Events processed ...
[2025-11-20 09:32:19.792] [main] [info] 160000 / 168720 (94.83 %) Events processed ...
[2025-11-20 09:32:37.326] [main] [info] vbfhmm:
GoodJetsCollection: pass=154958     all=168720     -- eff=91.84 % cumulative eff=91.84 %
Flag_goodVertices: pass=154958     all=154958     -- eff=100.00 % cumulative eff=91.84 %
Flag_globalSuperTightHalo2016Filter: pass=154939     all=154958     -- eff=99.99 % cumulative eff=91.83 %
Flag_EcalDeadCellTriggerPrimitiveFilter: pass=154918     all=154939     -- eff=99.99 % cumulative eff=91.82 %
Flag_BadPFMuonFilter: pass=154907     all=154918     -- eff=99.99 % cumulative eff=91.81 %
Flag_BadPFMuonDzFilter: pass=154903     all=154907     -- eff=100.00 % cumulative eff=91.81 %
Flag_eeBadScFilter: pass=154903     all=154903     -- eff=100.00 % cumulative eff=91.81 %
Flag_ecalBadCalibFilter: pass=154877     all=154903     -- eff=99.98 % cumulative eff=91.80 %
Flag_hfNoisyHitsFilter: pass=154868     all=154877     -- eff=99.99 % cumulative eff=91.79 %
Number of muons 2: pass=10345      all=154868     -- eff=6.68 % cumulative eff=6.13 %
Veto VH <= 0 electrons: pass=10186      all=10345      -- eff=98.46 % cumulative eff=6.04 %
DiMuon From Higgs: pass=4699       all=10186      -- eff=46.13 % cumulative eff=2.79 %
LeptonChargeSum: pass=4669       all=4699       -- eff=99.36 % cumulative eff=2.77 %
Hmass>=110: pass=2504       all=4669       -- eff=53.63 % cumulative eff=1.48 %
[2025-11-20 09:32:37.383] [main] [info] Writing quantities map to /eos/user/j/jiahua/MC_2022EE_inc/MC_2022EE_vbf/TTto2L2Nu_powheg_22EE_ext1-v2/85aff5df-24b7-4f85-9856-100d75d79974_vbfhmm.root
[2025-11-20 09:32:37.441] [main] [info] Finished Evaluation
[2025-11-20 09:32:37.442] [main] [info] Overall runtime (real time: 445.28, CPU time: 423.37)
