000 (13047284.008.000) 11/20 02:50:33 Job submitted from host: <188.185.121.235:9618?addrs=188.185.121.235-9618+[2001-1458-d00-49--100-36e]-9618&alias=bigbird22.cern.ch&noUDP&sock=schedd_232129_c3ca>
...
040 (13047284.008.000) 11/20 03:02:00 Started transferring input files
	Transferring to host: <128.142.161.73:9618?addrs=128.142.161.73-9618+[2001-1458-301-b8--100-7]-9618&alias=b9g03p4186.cern.ch&noUDP&sock=slot1_32_1990966_687b_80123>
...
040 (13047284.008.000) 11/20 03:02:00 Finished transferring input files
...
001 (13047284.008.000) 11/20 03:02:01 Job executing on host: <128.142.161.73:9618?addrs=128.142.161.73-9618+[2001-1458-301-b8--100-7]-9618&alias=b9g03p4186.cern.ch&noUDP&sock=startd_4371_b88d>
	SlotName: slot1_32@b9g03p4186.cern.ch
	CondorScratchDir = "/pool/condor/dir_2531982"
	Cpus = 1
	Disk = 16368
	GPUs = 0
	Memory = 3000
...
006 (13047284.008.000) 11/20 03:02:15 Image size of job updated: 116112
	114  -  MemoryUsage of job (MB)
	116112  -  ResidentSetSize of job (KB)
...
006 (13047284.008.000) 11/20 03:07:16 Image size of job updated: 683044
	668  -  MemoryUsage of job (MB)
	683044  -  ResidentSetSize of job (KB)
...
006 (13047284.008.000) 11/20 03:10:31 Image size of job updated: 685996
	668  -  MemoryUsage of job (MB)
	683044  -  ResidentSetSize of job (KB)
...
040 (13047284.008.000) 11/20 03:10:35 Started transferring output files
...
040 (13047284.008.000) 11/20 03:10:42 Finished transferring output files
...
005 (13047284.008.000) 11/20 03:10:46 Job terminated.
	(1) Normal termination (return value 0)
		Usr 0 00:07:47, Sys 0 00:00:06  -  Run Remote Usage
		Usr 0 00:00:00, Sys 0 00:00:00  -  Run Local Usage
		Usr 0 00:07:47, Sys 0 00:00:06  -  Total Remote Usage
		Usr 0 00:00:00, Sys 0 00:00:00  -  Total Local Usage
	11148  -  Run Bytes Sent By Job
	11506596  -  Run Bytes Received By Job
	11148  -  Total Bytes Sent By Job
	11506596  -  Total Bytes Received By Job
	Partitionable Resources :    Usage  Request Allocated 
	   Cpus                 :     0.99        1         1 
	   Disk (KB)            : 11270       12500     16368 
	   GPUs                 :                           0 
	   Memory (MB)          :   668        3000      3000 
	   TimeExecute (s)      :   510                       
	   TimeSlotBusy (s)     :   524                       

	Job terminated of its own accord at 2025-11-20T02:10:31Z with exit-code 0.
...
