Starting job on \n
Running on: Linux b9p19p8519.cern.ch 5.14.0-570.44.1.el9_6.x86_64 #1 SMP PREEMPT_DYNAMIC Tue Sep 9 05:17:30 EDT 2025 x86_64 x86_64 x86_64 GNU/Linux\n
System software: Red Hat Enterprise Linux release 9.7 (Plow)\n
Setting up CROWN for RedHatEnterprise Version 9.7
subject   : /DC=ch/DC=cern/OU=Organic Units/OU=Users/CN=jiahua/CN=851532/CN=Jiahua Chen/CN=2045128514
issuer    : /DC=ch/DC=cern/OU=Organic Units/OU=Users/CN=jiahua/CN=851532/CN=Jiahua Chen
identity  : /DC=ch/DC=cern/OU=Organic Units/OU=Users/CN=jiahua/CN=851532/CN=Jiahua Chen
type      : RFC compliant proxy
strength  : 2048 bits
path      : /afs/cern.ch/user/j/jiahua/proxy/x509up_u139833
timeleft  : 168:39:57
key usage : Digital Signature, Key Encipherment
=== VO cms extension information ===
VO        : cms
subject   : /DC=ch/DC=cern/OU=Organic Units/OU=Users/CN=jiahua/CN=851532/CN=Jiahua Chen
issuer    : /DC=ch/DC=cern/OU=computers/CN=cms-auth.cern.ch
attribute : /cms/Role=NULL/Capability=NULL
timeleft  : 160:39:56
uri       : voms-cms-auth.cern.ch:15000
subject   : /DC=ch/DC=cern/OU=Organic Units/OU=Users/CN=jiahua/CN=851532/CN=Jiahua Chen/CN=2045128514
issuer    : /DC=ch/DC=cern/OU=Organic Units/OU=Users/CN=jiahua/CN=851532/CN=Jiahua Chen
identity  : /DC=ch/DC=cern/OU=Organic Units/OU=Users/CN=jiahua/CN=851532/CN=Jiahua Chen
type      : RFC compliant proxy
strength  : 2048 bits
path      : /afs/cern.ch/user/j/jiahua/proxy/x509up_u139833
timeleft  : 168:39:56
key usage : Digital Signature, Key Encipherment
=== VO cms extension information ===
VO        : cms
subject   : /DC=ch/DC=cern/OU=Organic Units/OU=Users/CN=jiahua/CN=851532/CN=Jiahua Chen
issuer    : /DC=ch/DC=cern/OU=computers/CN=cms-auth.cern.ch
attribute : /cms/Role=NULL/Capability=NULL
timeleft  : 160:39:55
uri       : voms-cms-auth.cern.ch:15000
/eos/user/j/jiahua/MC_2022EE_inc/MC_2022EE_vbf/TTto2L2Nu_powheg_22EE_ext1-v2/81bf35c0-7069-41d8-b11a-08832c24f23c.root
[2025-11-21 10:08:47.530] [main] [info] Checking input files
[2025-11-21 10:09:02.311] [main] [info] NanoAOD input_file 1: root://cms-xrd-global.cern.ch//store/mc/Run3Summer22EENanoAODv12/TTto2L2Nu_TuneCP5_13p6TeV_powheg-pythia8/NANOAODSIM/130X_mcRun3_2022_realistic_postEE_v6_ext1-v2/40000/81bf35c0-7069-41d8-b11a-08832c24f23c.root - 28120 Events
[2025-11-21 10:09:02.311] [main] [info] input_file 1: root://cms-xrd-global.cern.ch//store/mc/Run3Summer22EENanoAODv12/TTto2L2Nu_TuneCP5_13p6TeV_powheg-pythia8/NANOAODSIM/130X_mcRun3_2022_realistic_postEE_v6_ext1-v2/40000/81bf35c0-7069-41d8-b11a-08832c24f23c.root - SumOfGenWeight: 2262312.1866 
[2025-11-21 10:09:02.311] [main] [info] Output directory: /eos/user/j/jiahua/MC_2022EE_inc/MC_2022EE_vbf/TTto2L2Nu_powheg_22EE_ext1-v2/81bf35c0-7069-41d8-b11a-08832c24f23c.root
[2025-11-21 10:09:02.315] [main] [info] Starting Setup of Dataframe with 28120 events
[2025-11-21 10:10:51.289] [main] [info] Finished Setup
[2025-11-21 10:10:51.289] [main] [info] Runtime for setup (real time: 108.98, CPU time: 104.79)
[2025-11-21 10:10:51.289] [main] [info] Starting Evaluation
[2025-11-21 10:11:50.000] [main] [info] 10000 / 28120 (35.56 %) Events processed ...
[2025-11-21 10:12:19.782] [main] [info] 20000 / 28120 (71.12 %) Events processed ...
[2025-11-21 10:12:45.712] [main] [info] vbfhmm:
GoodJetsCollection: pass=25850      all=28120      -- eff=91.93 % cumulative eff=91.93 %
Flag_goodVertices: pass=25850      all=25850      -- eff=100.00 % cumulative eff=91.93 %
Flag_globalSuperTightHalo2016Filter: pass=25847      all=25850      -- eff=99.99 % cumulative eff=91.92 %
Flag_EcalDeadCellTriggerPrimitiveFilter: pass=25842      all=25847      -- eff=99.98 % cumulative eff=91.90 %
Flag_BadPFMuonFilter: pass=25840      all=25842      -- eff=99.99 % cumulative eff=91.89 %
Flag_BadPFMuonDzFilter: pass=25839      all=25840      -- eff=100.00 % cumulative eff=91.89 %
Flag_eeBadScFilter: pass=25839      all=25839      -- eff=100.00 % cumulative eff=91.89 %
Flag_ecalBadCalibFilter: pass=25837      all=25839      -- eff=99.99 % cumulative eff=91.88 %
Flag_hfNoisyHitsFilter: pass=25835      all=25837      -- eff=99.99 % cumulative eff=91.87 %
Number of muons 2: pass=1686       all=25835      -- eff=6.53 % cumulative eff=6.00 %
Veto VH <= 0 electrons: pass=1664       all=1686       -- eff=98.70 % cumulative eff=5.92 %
DiMuon From Higgs: pass=764        all=1664       -- eff=45.91 % cumulative eff=2.72 %
LeptonChargeSum: pass=757        all=764        -- eff=99.08 % cumulative eff=2.69 %
Hmass>=110: pass=390        all=757        -- eff=51.52 % cumulative eff=1.39 %
[2025-11-21 10:12:45.981] [main] [info] Writing quantities map to /eos/user/j/jiahua/MC_2022EE_inc/MC_2022EE_vbf/TTto2L2Nu_powheg_22EE_ext1-v2/81bf35c0-7069-41d8-b11a-08832c24f23c_vbfhmm.root
[2025-11-21 10:12:46.061] [main] [info] Finished Evaluation
[2025-11-21 10:12:46.061] [main] [info] Overall runtime (real time: 223.75, CPU time: 214.51)
