000 (13047284.177.000) 11/20 02:50:33 Job submitted from host: <188.185.121.235:9618?addrs=188.185.121.235-9618+[2001-1458-d00-49--100-36e]-9618&alias=bigbird22.cern.ch&noUDP&sock=schedd_232129_c3ca>
...
040 (13047284.177.000) 11/20 03:02:56 Started transferring input files
	Transferring to host: <188.185.207.188:9618?addrs=188.185.207.188-9618+[2001-1458-303-e--100-39]-9618&alias=b9p08p1116.cern.ch&noUDP&sock=slot1_33_4040_4b9d_56505>
...
040 (13047284.177.000) 11/20 03:02:56 Finished transferring input files
...
001 (13047284.177.000) 11/20 03:02:57 Job executing on host: <188.185.207.188:9618?addrs=188.185.207.188-9618+[2001-1458-303-e--100-39]-9618&alias=b9p08p1116.cern.ch&noUDP&sock=startd_3612_1c2b>
	SlotName: slot1_33@b9p08p1116.cern.ch
	CondorScratchDir = "/pool/condor/dir_3210206"
	Cpus = 1
	Disk = 15918
	GPUs = 0
	Memory = 3000
...
006 (13047284.177.000) 11/20 03:03:11 Image size of job updated: 157392
	154  -  MemoryUsage of job (MB)
	157392  -  ResidentSetSize of job (KB)
...
006 (13047284.177.000) 11/20 03:08:04 Image size of job updated: 708920
	154  -  MemoryUsage of job (MB)
	157392  -  ResidentSetSize of job (KB)
...
040 (13047284.177.000) 11/20 03:08:04 Started transferring output files
...
040 (13047284.177.000) 11/20 03:08:05 Finished transferring output files
...
005 (13047284.177.000) 11/20 03:08:05 Job terminated.
	(1) Normal termination (return value 0)
		Usr 0 00:04:37, Sys 0 00:00:03  -  Run Remote Usage
		Usr 0 00:00:00, Sys 0 00:00:00  -  Run Local Usage
		Usr 0 00:04:37, Sys 0 00:00:03  -  Total Remote Usage
		Usr 0 00:00:00, Sys 0 00:00:00  -  Total Local Usage
	11578  -  Run Bytes Sent By Job
	11506596  -  Run Bytes Received By Job
	11578  -  Total Bytes Sent By Job
	11506596  -  Total Bytes Received By Job
	Partitionable Resources :    Usage  Request Allocated 
	   Cpus                 :        0        1         1 
	   Disk (KB)            :    11274    12500     15918 
	   GPUs                 :                           0 
	   Memory (MB)          :      154     3000      3000 
	   TimeExecute (s)      :      307                    
	   TimeSlotBusy (s)     :      309                    

	Job terminated of its own accord at 2025-11-20T02:08:04Z with exit-code 0.
...
