Starting job on \n
Running on: Linux b9p16p2691.cern.ch 5.14.0-570.44.1.el9_6.x86_64 #1 SMP PREEMPT_DYNAMIC Tue Sep 9 05:17:30 EDT 2025 x86_64 x86_64 x86_64 GNU/Linux\n
System software: Red Hat Enterprise Linux release 9.6 (Plow)\n
Setting up CROWN for RedHatEnterprise Version 9.6
subject   : /DC=ch/DC=cern/OU=Organic Units/OU=Users/CN=jiahua/CN=851532/CN=Jiahua Chen/CN=2045128514
issuer    : /DC=ch/DC=cern/OU=Organic Units/OU=Users/CN=jiahua/CN=851532/CN=Jiahua Chen
identity  : /DC=ch/DC=cern/OU=Organic Units/OU=Users/CN=jiahua/CN=851532/CN=Jiahua Chen
type      : RFC compliant proxy
strength  : 2048 bits
path      : /afs/cern.ch/user/j/jiahua/proxy/x509up_u139833
timeleft  : 199:42:46
key usage : Digital Signature, Key Encipherment
=== VO cms extension information ===
VO        : cms
subject   : /DC=ch/DC=cern/OU=Organic Units/OU=Users/CN=jiahua/CN=851532/CN=Jiahua Chen
issuer    : /DC=ch/DC=cern/OU=computers/CN=cms-auth.cern.ch
attribute : /cms/Role=NULL/Capability=NULL
timeleft  : 191:42:45
uri       : voms-cms-auth.cern.ch:15000
subject   : /DC=ch/DC=cern/OU=Organic Units/OU=Users/CN=jiahua/CN=851532/CN=Jiahua Chen/CN=2045128514
issuer    : /DC=ch/DC=cern/OU=Organic Units/OU=Users/CN=jiahua/CN=851532/CN=Jiahua Chen
identity  : /DC=ch/DC=cern/OU=Organic Units/OU=Users/CN=jiahua/CN=851532/CN=Jiahua Chen
type      : RFC compliant proxy
strength  : 2048 bits
path      : /afs/cern.ch/user/j/jiahua/proxy/x509up_u139833
timeleft  : 199:42:46
key usage : Digital Signature, Key Encipherment
=== VO cms extension information ===
VO        : cms
subject   : /DC=ch/DC=cern/OU=Organic Units/OU=Users/CN=jiahua/CN=851532/CN=Jiahua Chen
issuer    : /DC=ch/DC=cern/OU=computers/CN=cms-auth.cern.ch
attribute : /cms/Role=NULL/Capability=NULL
timeleft  : 191:42:45
uri       : voms-cms-auth.cern.ch:15000
/eos/user/j/jiahua/MC_2022EE_inc/MC_2022EE_vbf/TTto2L2Nu_powheg_22EE_ext1-v2/f02408e6-5c50-40bc-ab10-266818117e5a.root
[2025-11-20 03:05:57.539] [main] [info] Checking input files
[2025-11-20 03:06:05.674] [main] [info] NanoAOD input_file 1: root://cms-xrd-global.cern.ch//store/mc/Run3Summer22EENanoAODv12/TTto2L2Nu_TuneCP5_13p6TeV_powheg-pythia8/NANOAODSIM/130X_mcRun3_2022_realistic_postEE_v6_ext1-v2/50000/f02408e6-5c50-40bc-ab10-266818117e5a.root - 178562 Events
[2025-11-20 03:06:05.674] [main] [info] input_file 1: root://cms-xrd-global.cern.ch//store/mc/Run3Summer22EENanoAODv12/TTto2L2Nu_TuneCP5_13p6TeV_powheg-pythia8/NANOAODSIM/130X_mcRun3_2022_realistic_postEE_v6_ext1-v2/50000/f02408e6-5c50-40bc-ab10-266818117e5a.root - SumOfGenWeight: 14372746.534599982 
[2025-11-20 03:06:05.675] [main] [info] Output directory: /eos/user/j/jiahua/MC_2022EE_inc/MC_2022EE_vbf/TTto2L2Nu_powheg_22EE_ext1-v2/f02408e6-5c50-40bc-ab10-266818117e5a.root
[2025-11-20 03:06:05.678] [main] [info] Starting Setup of Dataframe with 178562 events
[2025-11-20 03:08:33.323] [main] [info] Finished Setup
[2025-11-20 03:08:33.323] [main] [info] Runtime for setup (real time: 147.65, CPU time: 138.51)
[2025-11-20 03:08:33.323] [main] [info] Starting Evaluation
[2025-11-20 03:09:32.899] [main] [info] 10000 / 178562 (5.60 %) Events processed ...
[2025-11-20 03:10:00.786] [main] [info] 20000 / 178562 (11.20 %) Events processed ...
[2025-11-20 03:10:33.193] [main] [info] 30000 / 178562 (16.80 %) Events processed ...
[2025-11-20 03:11:02.897] [main] [info] 40000 / 178562 (22.40 %) Events processed ...
[2025-11-20 03:11:34.772] [main] [info] 50000 / 178562 (28.00 %) Events processed ...
[2025-11-20 03:12:06.849] [main] [info] 60000 / 178562 (33.60 %) Events processed ...
[2025-11-20 03:12:35.637] [main] [info] 70000 / 178562 (39.20 %) Events processed ...
[2025-11-20 03:13:06.225] [main] [info] 80000 / 178562 (44.80 %) Events processed ...
[2025-11-20 03:13:38.362] [main] [info] 90000 / 178562 (50.40 %) Events processed ...
[2025-11-20 03:14:08.017] [main] [info] 100000 / 178562 (56.00 %) Events processed ...
[2025-11-20 03:14:37.852] [main] [info] 110000 / 178562 (61.60 %) Events processed ...
[2025-11-20 03:15:10.734] [main] [info] 120000 / 178562 (67.20 %) Events processed ...
[2025-11-20 03:15:41.200] [main] [info] 130000 / 178562 (72.80 %) Events processed ...
[2025-11-20 03:16:11.735] [main] [info] 140000 / 178562 (78.40 %) Events processed ...
[2025-11-20 03:16:44.107] [main] [info] 150000 / 178562 (84.00 %) Events processed ...
[2025-11-20 03:17:14.264] [main] [info] 160000 / 178562 (89.60 %) Events processed ...
[2025-11-20 03:17:44.150] [main] [info] 170000 / 178562 (95.21 %) Events processed ...
[2025-11-20 03:18:11.329] [main] [info] vbfhmm:
GoodJetsCollection: pass=164049     all=178562     -- eff=91.87 % cumulative eff=91.87 %
Flag_goodVertices: pass=164049     all=164049     -- eff=100.00 % cumulative eff=91.87 %
Flag_globalSuperTightHalo2016Filter: pass=164027     all=164049     -- eff=99.99 % cumulative eff=91.86 %
Flag_EcalDeadCellTriggerPrimitiveFilter: pass=164003     all=164027     -- eff=99.99 % cumulative eff=91.85 %
Flag_BadPFMuonFilter: pass=163996     all=164003     -- eff=100.00 % cumulative eff=91.84 %
Flag_BadPFMuonDzFilter: pass=163994     all=163996     -- eff=100.00 % cumulative eff=91.84 %
Flag_eeBadScFilter: pass=163994     all=163994     -- eff=100.00 % cumulative eff=91.84 %
Flag_ecalBadCalibFilter: pass=163965     all=163994     -- eff=99.98 % cumulative eff=91.83 %
Flag_hfNoisyHitsFilter: pass=163961     all=163965     -- eff=100.00 % cumulative eff=91.82 %
Number of muons 2: pass=11005      all=163961     -- eff=6.71 % cumulative eff=6.16 %
Veto VH <= 0 electrons: pass=10847      all=11005      -- eff=98.56 % cumulative eff=6.07 %
DiMuon From Higgs: pass=5020       all=10847      -- eff=46.28 % cumulative eff=2.81 %
LeptonChargeSum: pass=4982       all=5020       -- eff=99.24 % cumulative eff=2.79 %
Hmass>=110: pass=2658       all=4982       -- eff=53.35 % cumulative eff=1.49 %
[2025-11-20 03:18:12.019] [main] [info] Writing quantities map to /eos/user/j/jiahua/MC_2022EE_inc/MC_2022EE_vbf/TTto2L2Nu_powheg_22EE_ext1-v2/f02408e6-5c50-40bc-ab10-266818117e5a_vbfhmm.root
[2025-11-20 03:18:12.137] [main] [info] Finished Evaluation
[2025-11-20 03:18:12.137] [main] [info] Overall runtime (real time: 726.46, CPU time: 693.96)
