000 (13087768.143.000) 11/21 10:06:17 Job submitted from host: <188.185.121.235:9618?addrs=188.185.121.235-9618+[2001-1458-d00-49--100-36e]-9618&alias=bigbird22.cern.ch&noUDP&sock=schedd_232129_c3ca>
...
040 (13087768.143.000) 11/21 10:09:02 Started transferring input files
	Transferring to host: <188.185.213.196:9618?addrs=188.185.213.196-9618+[2001-1458-303-1b--100-40]-9618&alias=b9p28p7375.cern.ch&noUDP&sock=slot1_31_8341_bd2c_76171>
...
040 (13087768.143.000) 11/21 10:09:02 Finished transferring input files
...
001 (13087768.143.000) 11/21 10:09:03 Job executing on host: <188.185.213.196:9618?addrs=188.185.213.196-9618+[2001-1458-303-1b--100-40]-9618&alias=b9p28p7375.cern.ch&noUDP&sock=startd_7229_1239>
	SlotName: slot1_31@b9p28p7375.cern.ch
	CondorScratchDir = "/pool/condor/dir_272302"
	Cpus = 1
	Disk = 16100
	GPUs = 0
	Memory = 3000
...
006 (13087768.143.000) 11/21 10:09:17 Image size of job updated: 94016
	92  -  MemoryUsage of job (MB)
	94016  -  ResidentSetSize of job (KB)
...
006 (13087768.143.000) 11/21 10:14:18 Image size of job updated: 702612
	687  -  MemoryUsage of job (MB)
	702612  -  ResidentSetSize of job (KB)
...
006 (13087768.143.000) 11/21 10:15:36 Image size of job updated: 702936
	687  -  MemoryUsage of job (MB)
	702612  -  ResidentSetSize of job (KB)
...
040 (13087768.143.000) 11/21 10:15:36 Started transferring output files
...
040 (13087768.143.000) 11/21 10:15:36 Finished transferring output files
...
005 (13087768.143.000) 11/21 10:15:36 Job terminated.
	(1) Normal termination (return value 0)
		Usr 0 00:06:02, Sys 0 00:00:04  -  Run Remote Usage
		Usr 0 00:00:00, Sys 0 00:00:00  -  Run Local Usage
		Usr 0 00:06:02, Sys 0 00:00:04  -  Total Remote Usage
		Usr 0 00:00:00, Sys 0 00:00:00  -  Total Local Usage
	11144  -  Run Bytes Sent By Job
	11510364  -  Run Bytes Received By Job
	11144  -  Total Bytes Sent By Job
	11510364  -  Total Bytes Received By Job
	Partitionable Resources :    Usage  Request Allocated 
	   Cpus                 :     0.99        1         1 
	   Disk (KB)            : 11275       12500     16100 
	   GPUs                 :                           0 
	   Memory (MB)          :   687        3000      3000 
	   TimeExecute (s)      :   393                       
	   TimeSlotBusy (s)     :   394                       

	Job terminated of its own accord at 2025-11-21T09:15:36Z with exit-code 0.
...
