Starting job on \n
Running on: Linux b9p10p0331.cern.ch 5.14.0-570.42.2.el9_6.x86_64 #1 SMP PREEMPT_DYNAMIC Mon Sep 8 12:15:13 EDT 2025 x86_64 x86_64 x86_64 GNU/Linux\n
System software: Red Hat Enterprise Linux release 9.7 (Plow)\n
Setting up CROWN for RedHatEnterprise Version 9.7
subject   : /DC=ch/DC=cern/OU=Organic Units/OU=Users/CN=jiahua/CN=851532/CN=Jiahua Chen/CN=2045128514
issuer    : /DC=ch/DC=cern/OU=Organic Units/OU=Users/CN=jiahua/CN=851532/CN=Jiahua Chen
identity  : /DC=ch/DC=cern/OU=Organic Units/OU=Users/CN=jiahua/CN=851532/CN=Jiahua Chen
type      : RFC compliant proxy
strength  : 2048 bits
path      : /afs/cern.ch/user/j/jiahua/proxy/x509up_u139833
timeleft  : 168:39:44
key usage : Digital Signature, Key Encipherment
=== VO cms extension information ===
VO        : cms
subject   : /DC=ch/DC=cern/OU=Organic Units/OU=Users/CN=jiahua/CN=851532/CN=Jiahua Chen
issuer    : /DC=ch/DC=cern/OU=computers/CN=cms-auth.cern.ch
attribute : /cms/Role=NULL/Capability=NULL
timeleft  : 160:39:43
uri       : voms-cms-auth.cern.ch:15000
subject   : /DC=ch/DC=cern/OU=Organic Units/OU=Users/CN=jiahua/CN=851532/CN=Jiahua Chen/CN=2045128514
issuer    : /DC=ch/DC=cern/OU=Organic Units/OU=Users/CN=jiahua/CN=851532/CN=Jiahua Chen
identity  : /DC=ch/DC=cern/OU=Organic Units/OU=Users/CN=jiahua/CN=851532/CN=Jiahua Chen
type      : RFC compliant proxy
strength  : 2048 bits
path      : /afs/cern.ch/user/j/jiahua/proxy/x509up_u139833
timeleft  : 168:39:44
key usage : Digital Signature, Key Encipherment
=== VO cms extension information ===
VO        : cms
subject   : /DC=ch/DC=cern/OU=Organic Units/OU=Users/CN=jiahua/CN=851532/CN=Jiahua Chen
issuer    : /DC=ch/DC=cern/OU=computers/CN=cms-auth.cern.ch
attribute : /cms/Role=NULL/Capability=NULL
timeleft  : 160:39:43
uri       : voms-cms-auth.cern.ch:15000
/eos/user/j/jiahua/MC_2022EE_inc/MC_2022EE_vbf/TTto2L2Nu_powheg_22EE_ext1-v2/2a4bdd5b-50ea-41c7-b5d7-808270fd3b60.root
[2025-11-21 10:08:59.513] [main] [info] Checking input files
[2025-11-21 10:09:10.536] [main] [info] NanoAOD input_file 1: root://cms-xrd-global.cern.ch//store/mc/Run3Summer22EENanoAODv12/TTto2L2Nu_TuneCP5_13p6TeV_powheg-pythia8/NANOAODSIM/130X_mcRun3_2022_realistic_postEE_v6_ext1-v2/2520000/2a4bdd5b-50ea-41c7-b5d7-808270fd3b60.root - 189107 Events
[2025-11-21 10:09:10.536] [main] [info] input_file 1: root://cms-xrd-global.cern.ch//store/mc/Run3Summer22EENanoAODv12/TTto2L2Nu_TuneCP5_13p6TeV_powheg-pythia8/NANOAODSIM/130X_mcRun3_2022_realistic_postEE_v6_ext1-v2/2520000/2a4bdd5b-50ea-41c7-b5d7-808270fd3b60.root - SumOfGenWeight: 15208360.016299982 
[2025-11-21 10:09:10.536] [main] [info] Output directory: /eos/user/j/jiahua/MC_2022EE_inc/MC_2022EE_vbf/TTto2L2Nu_powheg_22EE_ext1-v2/2a4bdd5b-50ea-41c7-b5d7-808270fd3b60.root
[2025-11-21 10:09:10.538] [main] [info] Starting Setup of Dataframe with 189107 events
[2025-11-21 10:10:34.982] [main] [info] Finished Setup
[2025-11-21 10:10:34.982] [main] [info] Runtime for setup (real time: 84.45, CPU time: 80.21)
[2025-11-21 10:10:34.982] [main] [info] Starting Evaluation
[2025-11-21 10:11:15.195] [main] [info] 10000 / 189107 (5.29 %) Events processed ...
[2025-11-21 10:11:33.165] [main] [info] 20000 / 189107 (10.58 %) Events processed ...
[2025-11-21 10:11:51.663] [main] [info] 30000 / 189107 (15.86 %) Events processed ...
[2025-11-21 10:12:13.406] [main] [info] 40000 / 189107 (21.15 %) Events processed ...
[2025-11-21 10:12:32.698] [main] [info] 50000 / 189107 (26.44 %) Events processed ...
[2025-11-21 10:12:51.656] [main] [info] 60000 / 189107 (31.73 %) Events processed ...
[2025-11-21 10:13:14.853] [main] [info] 70000 / 189107 (37.02 %) Events processed ...
[2025-11-21 10:13:36.752] [main] [info] 80000 / 189107 (42.30 %) Events processed ...
[2025-11-21 10:13:59.378] [main] [info] 90000 / 189107 (47.59 %) Events processed ...
[2025-11-21 10:14:20.519] [main] [info] 100000 / 189107 (52.88 %) Events processed ...
[2025-11-21 10:14:42.453] [main] [info] 110000 / 189107 (58.17 %) Events processed ...
[2025-11-21 10:15:05.431] [main] [info] 120000 / 189107 (63.46 %) Events processed ...
[2025-11-21 10:15:28.230] [main] [info] 130000 / 189107 (68.74 %) Events processed ...
[2025-11-21 10:15:49.396] [main] [info] 140000 / 189107 (74.03 %) Events processed ...
[2025-11-21 10:16:07.876] [main] [info] 150000 / 189107 (79.32 %) Events processed ...
[2025-11-21 10:16:31.628] [main] [info] 160000 / 189107 (84.61 %) Events processed ...
[2025-11-21 10:16:51.746] [main] [info] 170000 / 189107 (89.90 %) Events processed ...
[2025-11-21 10:17:11.489] [main] [info] 180000 / 189107 (95.18 %) Events processed ...
[2025-11-21 10:17:33.026] [main] [info] vbfhmm:
GoodJetsCollection: pass=173635     all=189107     -- eff=91.82 % cumulative eff=91.82 %
Flag_goodVertices: pass=173635     all=173635     -- eff=100.00 % cumulative eff=91.82 %
Flag_globalSuperTightHalo2016Filter: pass=173613     all=173635     -- eff=99.99 % cumulative eff=91.81 %
Flag_EcalDeadCellTriggerPrimitiveFilter: pass=173592     all=173613     -- eff=99.99 % cumulative eff=91.80 %
Flag_BadPFMuonFilter: pass=173582     all=173592     -- eff=99.99 % cumulative eff=91.79 %
Flag_BadPFMuonDzFilter: pass=173579     all=173582     -- eff=100.00 % cumulative eff=91.79 %
Flag_eeBadScFilter: pass=173579     all=173579     -- eff=100.00 % cumulative eff=91.79 %
Flag_ecalBadCalibFilter: pass=173557     all=173579     -- eff=99.99 % cumulative eff=91.78 %
Flag_hfNoisyHitsFilter: pass=173554     all=173557     -- eff=100.00 % cumulative eff=91.78 %
Number of muons 2: pass=11756      all=173554     -- eff=6.77 % cumulative eff=6.22 %
Veto VH <= 0 electrons: pass=11592      all=11756      -- eff=98.60 % cumulative eff=6.13 %
DiMuon From Higgs: pass=5281       all=11592      -- eff=45.56 % cumulative eff=2.79 %
LeptonChargeSum: pass=5236       all=5281       -- eff=99.15 % cumulative eff=2.77 %
Hmass>=110: pass=2825       all=5236       -- eff=53.95 % cumulative eff=1.49 %
[2025-11-21 10:17:33.166] [main] [info] Writing quantities map to /eos/user/j/jiahua/MC_2022EE_inc/MC_2022EE_vbf/TTto2L2Nu_powheg_22EE_ext1-v2/2a4bdd5b-50ea-41c7-b5d7-808270fd3b60_vbfhmm.root
[2025-11-21 10:17:33.218] [main] [info] Finished Evaluation
[2025-11-21 10:17:33.218] [main] [info] Overall runtime (real time: 502.68, CPU time: 482.56)
