000 (13047731.160.000) 11/20 09:15:30 Job submitted from host: <188.185.121.235:9618?addrs=188.185.121.235-9618+[2001-1458-d00-49--100-36e]-9618&alias=bigbird22.cern.ch&noUDP&sock=schedd_232129_c3ca>
...
040 (13047731.160.000) 11/20 09:25:40 Started transferring input files
	Transferring to host: <188.185.215.158:9618?addrs=188.185.215.158-9618+[2001-1458-303-26--100-1a]-9618&alias=b9p18p8340.cern.ch&noUDP&sock=slot1_34_6742_194b_57089>
...
040 (13047731.160.000) 11/20 09:25:40 Finished transferring input files
...
001 (13047731.160.000) 11/20 09:25:41 Job executing on host: <188.185.215.158:9618?addrs=188.185.215.158-9618+[2001-1458-303-26--100-1a]-9618&alias=b9p18p8340.cern.ch&noUDP&sock=startd_5566_643a>
	SlotName: slot1_34@b9p18p8340.cern.ch
	CondorScratchDir = "/pool/condor/dir_3318249"
	Cpus = 1
	Disk = 16081
	GPUs = 0
	Memory = 3000
...
006 (13047731.160.000) 11/20 09:25:54 Image size of job updated: 103180
	101  -  MemoryUsage of job (MB)
	103180  -  ResidentSetSize of job (KB)
...
006 (13047731.160.000) 11/20 09:28:03 Image size of job updated: 689080
	101  -  MemoryUsage of job (MB)
	103180  -  ResidentSetSize of job (KB)
...
040 (13047731.160.000) 11/20 09:28:04 Started transferring output files
...
040 (13047731.160.000) 11/20 09:28:04 Finished transferring output files
...
005 (13047731.160.000) 11/20 09:28:04 Job terminated.
	(1) Normal termination (return value 134)
		Usr 0 00:02:06, Sys 0 00:00:02  -  Run Remote Usage
		Usr 0 00:00:00, Sys 0 00:00:00  -  Run Local Usage
		Usr 0 00:02:06, Sys 0 00:00:02  -  Total Remote Usage
		Usr 0 00:00:00, Sys 0 00:00:00  -  Total Local Usage
	8488  -  Run Bytes Sent By Job
	11510364  -  Run Bytes Received By Job
	8488  -  Total Bytes Sent By Job
	11510364  -  Total Bytes Received By Job
	Partitionable Resources :    Usage  Request Allocated 
	   Cpus                 :        0        1         1 
	   Disk (KB)            :    11272    12500     16081 
	   GPUs                 :                           0 
	   Memory (MB)          :      101     3000      3000 
	   TimeExecute (s)      :      142                    
	   TimeSlotBusy (s)     :      144                    

	Job terminated of its own accord at 2025-11-20T08:28:03Z with exit-code 134.
...
