000 (13047731.433.000) 11/20 09:15:31 Job submitted from host: <188.185.121.235:9618?addrs=188.185.121.235-9618+[2001-1458-d00-49--100-36e]-9618&alias=bigbird22.cern.ch&noUDP&sock=schedd_232129_c3ca>
...
040 (13047731.433.000) 11/20 09:27:12 Started transferring input files
	Transferring to host: <188.185.213.16:9618?addrs=188.185.213.16-9618+[2001-1458-303-1a--100-c]-9618&alias=b9p27p4428.cern.ch&noUDP&sock=slot1_14_4303_9a48_64348>
...
040 (13047731.433.000) 11/20 09:27:12 Finished transferring input files
...
001 (13047731.433.000) 11/20 09:27:13 Job executing on host: <188.185.213.16:9618?addrs=188.185.213.16-9618+[2001-1458-303-1a--100-c]-9618&alias=b9p27p4428.cern.ch&noUDP&sock=startd_3535_4b60>
	SlotName: slot1_14@b9p27p4428.cern.ch
	CondorScratchDir = "/pool/condor/dir_4042055"
	Cpus = 1
	Disk = 16150
	GPUs = 0
	Memory = 3000
...
006 (13047731.433.000) 11/20 09:27:26 Image size of job updated: 133964
	131  -  MemoryUsage of job (MB)
	133964  -  ResidentSetSize of job (KB)
...
006 (13047731.433.000) 11/20 09:32:26 Image size of job updated: 684860
	669  -  MemoryUsage of job (MB)
	684860  -  ResidentSetSize of job (KB)
...
006 (13047731.433.000) 11/20 09:35:24 Image size of job updated: 689192
	669  -  MemoryUsage of job (MB)
	684860  -  ResidentSetSize of job (KB)
...
040 (13047731.433.000) 11/20 09:35:24 Started transferring output files
...
040 (13047731.433.000) 11/20 09:35:24 Finished transferring output files
...
005 (13047731.433.000) 11/20 09:35:25 Job terminated.
	(1) Normal termination (return value 0)
		Usr 0 00:07:38, Sys 0 00:00:05  -  Run Remote Usage
		Usr 0 00:00:00, Sys 0 00:00:00  -  Run Local Usage
		Usr 0 00:07:38, Sys 0 00:00:05  -  Total Remote Usage
		Usr 0 00:00:00, Sys 0 00:00:00  -  Total Local Usage
	11578  -  Run Bytes Sent By Job
	11510364  -  Run Bytes Received By Job
	11578  -  Total Bytes Sent By Job
	11510364  -  Total Bytes Received By Job
	Partitionable Resources :    Usage  Request Allocated 
	   Cpus                 :     0.99        1         1 
	   Disk (KB)            : 11275       12500     16150 
	   GPUs                 :                           0 
	   Memory (MB)          :   669        3000      3000 
	   TimeExecute (s)      :   491                       
	   TimeSlotBusy (s)     :   492                       

	Job terminated of its own accord at 2025-11-20T08:35:24Z with exit-code 0.
...
