Starting job on \n
Running on: Linux b9p28p9572.cern.ch 5.14.0-570.44.1.el9_6.x86_64 #1 SMP PREEMPT_DYNAMIC Tue Sep 9 05:17:30 EDT 2025 x86_64 x86_64 x86_64 GNU/Linux\n
System software: Red Hat Enterprise Linux release 9.7 (Plow)\n
Setting up CROWN for RedHatEnterprise Version 9.7
subject   : /DC=ch/DC=cern/OU=Organic Units/OU=Users/CN=jiahua/CN=851532/CN=Jiahua Chen/CN=2045128514
issuer    : /DC=ch/DC=cern/OU=Organic Units/OU=Users/CN=jiahua/CN=851532/CN=Jiahua Chen
identity  : /DC=ch/DC=cern/OU=Organic Units/OU=Users/CN=jiahua/CN=851532/CN=Jiahua Chen
type      : RFC compliant proxy
strength  : 2048 bits
path      : /afs/cern.ch/user/j/jiahua/proxy/x509up_u139833
timeleft  : 199:45:34
key usage : Digital Signature, Key Encipherment
=== VO cms extension information ===
VO        : cms
subject   : /DC=ch/DC=cern/OU=Organic Units/OU=Users/CN=jiahua/CN=851532/CN=Jiahua Chen
issuer    : /DC=ch/DC=cern/OU=computers/CN=cms-auth.cern.ch
attribute : /cms/Role=NULL/Capability=NULL
timeleft  : 191:45:33
uri       : voms-cms-auth.cern.ch:15000
subject   : /DC=ch/DC=cern/OU=Organic Units/OU=Users/CN=jiahua/CN=851532/CN=Jiahua Chen/CN=2045128514
issuer    : /DC=ch/DC=cern/OU=Organic Units/OU=Users/CN=jiahua/CN=851532/CN=Jiahua Chen
identity  : /DC=ch/DC=cern/OU=Organic Units/OU=Users/CN=jiahua/CN=851532/CN=Jiahua Chen
type      : RFC compliant proxy
strength  : 2048 bits
path      : /afs/cern.ch/user/j/jiahua/proxy/x509up_u139833
timeleft  : 199:45:34
key usage : Digital Signature, Key Encipherment
=== VO cms extension information ===
VO        : cms
subject   : /DC=ch/DC=cern/OU=Organic Units/OU=Users/CN=jiahua/CN=851532/CN=Jiahua Chen
issuer    : /DC=ch/DC=cern/OU=computers/CN=cms-auth.cern.ch
attribute : /cms/Role=NULL/Capability=NULL
timeleft  : 191:45:33
uri       : voms-cms-auth.cern.ch:15000
/eos/user/j/jiahua/MC_2022EE_inc/MC_2022EE_vbf/TTto2L2Nu_powheg_22EE_ext1-v2/4948ef3c-baeb-4edf-b0e9-63d7542d4c92.root
[2025-11-20 03:03:09.833] [main] [info] Checking input files
[2025-11-20 03:03:15.659] [main] [info] NanoAOD input_file 1: root://cms-xrd-global.cern.ch//store/mc/Run3Summer22EENanoAODv12/TTto2L2Nu_TuneCP5_13p6TeV_powheg-pythia8/NANOAODSIM/130X_mcRun3_2022_realistic_postEE_v6_ext1-v2/2520000/4948ef3c-baeb-4edf-b0e9-63d7542d4c92.root - 165205 Events
[2025-11-20 03:03:15.659] [main] [info] input_file 1: root://cms-xrd-global.cern.ch//store/mc/Run3Summer22EENanoAODv12/TTto2L2Nu_TuneCP5_13p6TeV_powheg-pythia8/NANOAODSIM/130X_mcRun3_2022_realistic_postEE_v6_ext1-v2/2520000/4948ef3c-baeb-4edf-b0e9-63d7542d4c92.root - SumOfGenWeight: 13293821.352899985 
[2025-11-20 03:03:15.659] [main] [info] Output directory: /eos/user/j/jiahua/MC_2022EE_inc/MC_2022EE_vbf/TTto2L2Nu_powheg_22EE_ext1-v2/4948ef3c-baeb-4edf-b0e9-63d7542d4c92.root
[2025-11-20 03:03:15.660] [main] [info] Starting Setup of Dataframe with 165205 events
[2025-11-20 03:04:40.581] [main] [info] Finished Setup
[2025-11-20 03:04:40.581] [main] [info] Runtime for setup (real time: 84.92, CPU time: 77.64)
[2025-11-20 03:04:40.581] [main] [info] Starting Evaluation
[2025-11-20 03:05:15.792] [main] [info] 10000 / 165205 (6.05 %) Events processed ...
[2025-11-20 03:05:34.533] [main] [info] 20000 / 165205 (12.11 %) Events processed ...
[2025-11-20 03:05:53.777] [main] [info] 30000 / 165205 (18.16 %) Events processed ...
[2025-11-20 03:06:12.591] [main] [info] 40000 / 165205 (24.21 %) Events processed ...
[2025-11-20 03:06:29.141] [main] [info] 50000 / 165205 (30.27 %) Events processed ...
[2025-11-20 03:06:48.839] [main] [info] 60000 / 165205 (36.32 %) Events processed ...
[2025-11-20 03:07:09.732] [main] [info] 70000 / 165205 (42.37 %) Events processed ...
[2025-11-20 03:07:28.621] [main] [info] 80000 / 165205 (48.42 %) Events processed ...
[2025-11-20 03:07:46.700] [main] [info] 90000 / 165205 (54.48 %) Events processed ...
[2025-11-20 03:08:08.793] [main] [info] 100000 / 165205 (60.53 %) Events processed ...
[2025-11-20 03:08:26.822] [main] [info] 110000 / 165205 (66.58 %) Events processed ...
[2025-11-20 03:08:44.049] [main] [info] 120000 / 165205 (72.64 %) Events processed ...
[2025-11-20 03:09:03.281] [main] [info] 130000 / 165205 (78.69 %) Events processed ...
[2025-11-20 03:09:19.720] [main] [info] 140000 / 165205 (84.74 %) Events processed ...
[2025-11-20 03:09:37.786] [main] [info] 150000 / 165205 (90.80 %) Events processed ...
[2025-11-20 03:09:56.780] [main] [info] 160000 / 165205 (96.85 %) Events processed ...
[2025-11-20 03:10:07.204] [main] [info] vbfhmm:
GoodJetsCollection: pass=151978     all=165205     -- eff=91.99 % cumulative eff=91.99 %
Flag_goodVertices: pass=151978     all=151978     -- eff=100.00 % cumulative eff=91.99 %
Flag_globalSuperTightHalo2016Filter: pass=151954     all=151978     -- eff=99.98 % cumulative eff=91.98 %
Flag_EcalDeadCellTriggerPrimitiveFilter: pass=151934     all=151954     -- eff=99.99 % cumulative eff=91.97 %
Flag_BadPFMuonFilter: pass=151924     all=151934     -- eff=99.99 % cumulative eff=91.96 %
Flag_BadPFMuonDzFilter: pass=151918     all=151924     -- eff=100.00 % cumulative eff=91.96 %
Flag_eeBadScFilter: pass=151918     all=151918     -- eff=100.00 % cumulative eff=91.96 %
Flag_ecalBadCalibFilter: pass=151892     all=151918     -- eff=99.98 % cumulative eff=91.94 %
Flag_hfNoisyHitsFilter: pass=151884     all=151892     -- eff=99.99 % cumulative eff=91.94 %
Number of muons 2: pass=10165      all=151884     -- eff=6.69 % cumulative eff=6.15 %
Veto VH <= 0 electrons: pass=10045      all=10165      -- eff=98.82 % cumulative eff=6.08 %
DiMuon From Higgs: pass=4681       all=10045      -- eff=46.60 % cumulative eff=2.83 %
LeptonChargeSum: pass=4649       all=4681       -- eff=99.32 % cumulative eff=2.81 %
Hmass>=110: pass=2478       all=4649       -- eff=53.30 % cumulative eff=1.50 %
[2025-11-20 03:10:07.350] [main] [info] Writing quantities map to /eos/user/j/jiahua/MC_2022EE_inc/MC_2022EE_vbf/TTto2L2Nu_powheg_22EE_ext1-v2/4948ef3c-baeb-4edf-b0e9-63d7542d4c92_vbfhmm.root
[2025-11-20 03:10:07.534] [main] [info] Finished Evaluation
[2025-11-20 03:10:07.534] [main] [info] Overall runtime (real time: 411.88, CPU time: 388.49)
