000 (13087768.114.000) 11/21 10:06:17 Job submitted from host: <188.185.121.235:9618?addrs=188.185.121.235-9618+[2001-1458-d00-49--100-36e]-9618&alias=bigbird22.cern.ch&noUDP&sock=schedd_232129_c3ca>
...
040 (13087768.114.000) 11/21 10:08:54 Started transferring input files
	Transferring to host: <188.185.213.176:9618?addrs=188.185.213.176-9618+[2001-1458-303-1b--100-2c]-9618&alias=b9p28p9743.cern.ch&noUDP&sock=slot1_22_4217_0205_76337>
...
040 (13087768.114.000) 11/21 10:08:54 Finished transferring input files
...
001 (13087768.114.000) 11/21 10:08:55 Job executing on host: <188.185.213.176:9618?addrs=188.185.213.176-9618+[2001-1458-303-1b--100-2c]-9618&alias=b9p28p9743.cern.ch&noUDP&sock=startd_3520_0175>
	SlotName: slot1_22@b9p28p9743.cern.ch
	CondorScratchDir = "/pool/condor/dir_3002654"
	Cpus = 1
	Disk = 16197
	GPUs = 0
	Memory = 3000
...
006 (13087768.114.000) 11/21 10:09:09 Image size of job updated: 96024
	94  -  MemoryUsage of job (MB)
	96024  -  ResidentSetSize of job (KB)
...
006 (13087768.114.000) 11/21 10:14:10 Image size of job updated: 706872
	691  -  MemoryUsage of job (MB)
	706872  -  ResidentSetSize of job (KB)
...
006 (13087768.114.000) 11/21 10:16:24 Image size of job updated: 707436
	691  -  MemoryUsage of job (MB)
	706872  -  ResidentSetSize of job (KB)
...
040 (13087768.114.000) 11/21 10:16:24 Started transferring output files
...
040 (13087768.114.000) 11/21 10:16:24 Finished transferring output files
...
005 (13087768.114.000) 11/21 10:16:24 Job terminated.
	(1) Normal termination (return value 0)
		Usr 0 00:06:58, Sys 0 00:00:03  -  Run Remote Usage
		Usr 0 00:00:00, Sys 0 00:00:00  -  Run Local Usage
		Usr 0 00:06:58, Sys 0 00:00:03  -  Total Remote Usage
		Usr 0 00:00:00, Sys 0 00:00:00  -  Total Local Usage
	11664  -  Run Bytes Sent By Job
	11510364  -  Run Bytes Received By Job
	11664  -  Total Bytes Sent By Job
	11510364  -  Total Bytes Received By Job
	Partitionable Resources :    Usage  Request Allocated 
	   Cpus                 :        0        1         1 
	   Disk (KB)            :    11275    12500     16197 
	   GPUs                 :                           0 
	   Memory (MB)          :      691     3000      3000 
	   TimeExecute (s)      :      449                    
	   TimeSlotBusy (s)     :      451                    

	Job terminated of its own accord at 2025-11-21T09:16:24Z with exit-code 0.
...
