000 (13087768.297.000) 11/21 10:06:19 Job submitted from host: <188.185.121.235:9618?addrs=188.185.121.235-9618+[2001-1458-d00-49--100-36e]-9618&alias=bigbird22.cern.ch&noUDP&sock=schedd_232129_c3ca>
...
040 (13087768.297.000) 11/21 10:09:54 Started transferring input files
	Transferring to host: <188.185.212.208:9618?addrs=188.185.212.208-9618+[2001-1458-303-19--100-4c]-9618&alias=b9p26p3374.cern.ch&noUDP&sock=slot1_23_7277_0e01_65797>
...
040 (13087768.297.000) 11/21 10:09:54 Finished transferring input files
...
001 (13087768.297.000) 11/21 10:09:55 Job executing on host: <188.185.212.208:9618?addrs=188.185.212.208-9618+[2001-1458-303-19--100-4c]-9618&alias=b9p26p3374.cern.ch&noUDP&sock=startd_6662_2806>
	SlotName: slot1_23@b9p26p3374.cern.ch
	CondorScratchDir = "/pool/condor/dir_1318687"
	Cpus = 1
	Disk = 16122
	GPUs = 0
	Memory = 3000
...
006 (13087768.297.000) 11/21 10:10:08 Image size of job updated: 95776
	94  -  MemoryUsage of job (MB)
	95776  -  ResidentSetSize of job (KB)
...
006 (13087768.297.000) 11/21 10:15:08 Image size of job updated: 706048
	690  -  MemoryUsage of job (MB)
	706048  -  ResidentSetSize of job (KB)
...
006 (13087768.297.000) 11/21 10:19:20 Image size of job updated: 706868
	690  -  MemoryUsage of job (MB)
	706048  -  ResidentSetSize of job (KB)
...
040 (13087768.297.000) 11/21 10:19:20 Started transferring output files
...
040 (13087768.297.000) 11/21 10:19:20 Finished transferring output files
...
005 (13087768.297.000) 11/21 10:19:23 Job terminated.
	(1) Normal termination (return value 0)
		Usr 0 00:08:49, Sys 0 00:00:05  -  Run Remote Usage
		Usr 0 00:00:00, Sys 0 00:00:00  -  Run Local Usage
		Usr 0 00:08:49, Sys 0 00:00:05  -  Total Remote Usage
		Usr 0 00:00:00, Sys 0 00:00:00  -  Total Local Usage
	11664  -  Run Bytes Sent By Job
	11510364  -  Run Bytes Received By Job
	11664  -  Total Bytes Sent By Job
	11510364  -  Total Bytes Received By Job
	Partitionable Resources :    Usage  Request Allocated 
	   Cpus                 :     0.99        1         1 
	   Disk (KB)            : 11275       12500     16122 
	   GPUs                 :                           0 
	   Memory (MB)          :   690        3000      3000 
	   TimeExecute (s)      :   565                       
	   TimeSlotBusy (s)     :   566                       

	Job terminated of its own accord at 2025-11-21T09:19:20Z with exit-code 0.
...
