Starting job on \n
Running on: Linux b9p21p9592.cern.ch 5.14.0-570.44.1.el9_6.x86_64 #1 SMP PREEMPT_DYNAMIC Tue Sep 9 05:17:30 EDT 2025 x86_64 x86_64 x86_64 GNU/Linux\n
System software: Red Hat Enterprise Linux release 9.7 (Plow)\n
Setting up CROWN for RedHatEnterprise Version 9.7
subject   : /DC=ch/DC=cern/OU=Organic Units/OU=Users/CN=jiahua/CN=851532/CN=Jiahua Chen/CN=2045128514
issuer    : /DC=ch/DC=cern/OU=Organic Units/OU=Users/CN=jiahua/CN=851532/CN=Jiahua Chen
identity  : /DC=ch/DC=cern/OU=Organic Units/OU=Users/CN=jiahua/CN=851532/CN=Jiahua Chen
type      : RFC compliant proxy
strength  : 2048 bits
path      : /afs/cern.ch/user/j/jiahua/proxy/x509up_u139833
timeleft  : 193:22:43
key usage : Digital Signature, Key Encipherment
=== VO cms extension information ===
VO        : cms
subject   : /DC=ch/DC=cern/OU=Organic Units/OU=Users/CN=jiahua/CN=851532/CN=Jiahua Chen
issuer    : /DC=ch/DC=cern/OU=computers/CN=cms-auth.cern.ch
attribute : /cms/Role=NULL/Capability=NULL
timeleft  : 185:22:42
uri       : voms-cms-auth.cern.ch:15000
subject   : /DC=ch/DC=cern/OU=Organic Units/OU=Users/CN=jiahua/CN=851532/CN=Jiahua Chen/CN=2045128514
issuer    : /DC=ch/DC=cern/OU=Organic Units/OU=Users/CN=jiahua/CN=851532/CN=Jiahua Chen
identity  : /DC=ch/DC=cern/OU=Organic Units/OU=Users/CN=jiahua/CN=851532/CN=Jiahua Chen
type      : RFC compliant proxy
strength  : 2048 bits
path      : /afs/cern.ch/user/j/jiahua/proxy/x509up_u139833
timeleft  : 193:22:43
key usage : Digital Signature, Key Encipherment
=== VO cms extension information ===
VO        : cms
subject   : /DC=ch/DC=cern/OU=Organic Units/OU=Users/CN=jiahua/CN=851532/CN=Jiahua Chen
issuer    : /DC=ch/DC=cern/OU=computers/CN=cms-auth.cern.ch
attribute : /cms/Role=NULL/Capability=NULL
timeleft  : 185:22:42
uri       : voms-cms-auth.cern.ch:15000
/eos/user/j/jiahua/MC_2022EE_inc/MC_2022EE_vbf/TTto2L2Nu_powheg_22EE_ext1-v2/e51f06dd-257c-4780-a905-3f02f6f87c69.root
[2025-11-20 09:26:00.384] [main] [info] Checking input files
[2025-11-20 09:26:05.903] [main] [info] NanoAOD input_file 1: root://cms-xrd-global.cern.ch//store/mc/Run3Summer22EENanoAODv12/TTto2L2Nu_TuneCP5_13p6TeV_powheg-pythia8/NANOAODSIM/130X_mcRun3_2022_realistic_postEE_v6_ext1-v2/50000/e51f06dd-257c-4780-a905-3f02f6f87c69.root - 57646 Events
[2025-11-20 09:26:05.904] [main] [info] input_file 1: root://cms-xrd-global.cern.ch//store/mc/Run3Summer22EENanoAODv12/TTto2L2Nu_TuneCP5_13p6TeV_powheg-pythia8/NANOAODSIM/130X_mcRun3_2022_realistic_postEE_v6_ext1-v2/50000/e51f06dd-257c-4780-a905-3f02f6f87c69.root - SumOfGenWeight: 4635250.092800001 
[2025-11-20 09:26:05.904] [main] [info] Output directory: /eos/user/j/jiahua/MC_2022EE_inc/MC_2022EE_vbf/TTto2L2Nu_powheg_22EE_ext1-v2/e51f06dd-257c-4780-a905-3f02f6f87c69.root
[2025-11-20 09:26:05.906] [main] [info] Starting Setup of Dataframe with 57646 events
[2025-11-20 09:27:22.148] [main] [info] Finished Setup
[2025-11-20 09:27:22.148] [main] [info] Runtime for setup (real time: 76.24, CPU time: 71.66)
[2025-11-20 09:27:22.148] [main] [info] Starting Evaluation
[2025-11-20 09:27:56.980] [main] [info] 10000 / 57646 (17.35 %) Events processed ...
[2025-11-20 09:28:15.359] [main] [info] 20000 / 57646 (34.69 %) Events processed ...
[2025-11-20 09:28:35.827] [main] [info] 30000 / 57646 (52.04 %) Events processed ...
[2025-11-20 09:28:55.812] [main] [info] 40000 / 57646 (69.39 %) Events processed ...
[2025-11-20 09:29:12.960] [main] [info] 50000 / 57646 (86.74 %) Events processed ...
[2025-11-20 09:29:28.083] [main] [info] vbfhmm:
GoodJetsCollection: pass=53050      all=57646      -- eff=92.03 % cumulative eff=92.03 %
Flag_goodVertices: pass=53050      all=53050      -- eff=100.00 % cumulative eff=92.03 %
Flag_globalSuperTightHalo2016Filter: pass=53045      all=53050      -- eff=99.99 % cumulative eff=92.02 %
Flag_EcalDeadCellTriggerPrimitiveFilter: pass=53038      all=53045      -- eff=99.99 % cumulative eff=92.01 %
Flag_BadPFMuonFilter: pass=53035      all=53038      -- eff=99.99 % cumulative eff=92.00 %
Flag_BadPFMuonDzFilter: pass=53031      all=53035      -- eff=99.99 % cumulative eff=91.99 %
Flag_eeBadScFilter: pass=53031      all=53031      -- eff=100.00 % cumulative eff=91.99 %
Flag_ecalBadCalibFilter: pass=53018      all=53031      -- eff=99.98 % cumulative eff=91.97 %
Flag_hfNoisyHitsFilter: pass=53017      all=53018      -- eff=100.00 % cumulative eff=91.97 %
Number of muons 2: pass=3528       all=53017      -- eff=6.65 % cumulative eff=6.12 %
Veto VH <= 0 electrons: pass=3470       all=3528       -- eff=98.36 % cumulative eff=6.02 %
DiMuon From Higgs: pass=1650       all=3470       -- eff=47.55 % cumulative eff=2.86 %
LeptonChargeSum: pass=1635       all=1650       -- eff=99.09 % cumulative eff=2.84 %
Hmass>=110: pass=870        all=1635       -- eff=53.21 % cumulative eff=1.51 %
[2025-11-20 09:29:28.427] [main] [info] Writing quantities map to /eos/user/j/jiahua/MC_2022EE_inc/MC_2022EE_vbf/TTto2L2Nu_powheg_22EE_ext1-v2/e51f06dd-257c-4780-a905-3f02f6f87c69_vbfhmm.root
[2025-11-20 09:29:28.595] [main] [info] Finished Evaluation
[2025-11-20 09:29:28.595] [main] [info] Overall runtime (real time: 202.69, CPU time: 192.35)
