Starting job on \n
Running on: Linux b9p21p1067.cern.ch 5.14.0-570.44.1.el9_6.x86_64 #1 SMP PREEMPT_DYNAMIC Tue Sep 9 05:17:30 EDT 2025 x86_64 x86_64 x86_64 GNU/Linux\n
System software: Red Hat Enterprise Linux release 9.6 (Plow)\n
Setting up CROWN for RedHatEnterprise Version 9.6
subject   : /DC=ch/DC=cern/OU=Organic Units/OU=Users/CN=jiahua/CN=851532/CN=Jiahua Chen/CN=2045128514
issuer    : /DC=ch/DC=cern/OU=Organic Units/OU=Users/CN=jiahua/CN=851532/CN=Jiahua Chen
identity  : /DC=ch/DC=cern/OU=Organic Units/OU=Users/CN=jiahua/CN=851532/CN=Jiahua Chen
type      : RFC compliant proxy
strength  : 2048 bits
path      : /afs/cern.ch/user/j/jiahua/proxy/x509up_u139833
timeleft  : 199:42:40
key usage : Digital Signature, Key Encipherment
=== VO cms extension information ===
VO        : cms
subject   : /DC=ch/DC=cern/OU=Organic Units/OU=Users/CN=jiahua/CN=851532/CN=Jiahua Chen
issuer    : /DC=ch/DC=cern/OU=computers/CN=cms-auth.cern.ch
attribute : /cms/Role=NULL/Capability=NULL
timeleft  : 191:42:39
uri       : voms-cms-auth.cern.ch:15000
subject   : /DC=ch/DC=cern/OU=Organic Units/OU=Users/CN=jiahua/CN=851532/CN=Jiahua Chen/CN=2045128514
issuer    : /DC=ch/DC=cern/OU=Organic Units/OU=Users/CN=jiahua/CN=851532/CN=Jiahua Chen
identity  : /DC=ch/DC=cern/OU=Organic Units/OU=Users/CN=jiahua/CN=851532/CN=Jiahua Chen
type      : RFC compliant proxy
strength  : 2048 bits
path      : /afs/cern.ch/user/j/jiahua/proxy/x509up_u139833
timeleft  : 199:42:40
key usage : Digital Signature, Key Encipherment
=== VO cms extension information ===
VO        : cms
subject   : /DC=ch/DC=cern/OU=Organic Units/OU=Users/CN=jiahua/CN=851532/CN=Jiahua Chen
issuer    : /DC=ch/DC=cern/OU=computers/CN=cms-auth.cern.ch
attribute : /cms/Role=NULL/Capability=NULL
timeleft  : 191:42:39
uri       : voms-cms-auth.cern.ch:15000
/eos/user/j/jiahua/MC_2022EE_inc/MC_2022EE_vbf/TTto2L2Nu_powheg_22EE_ext1-v2/ba6ba092-681c-4c1d-a261-54ab79ce0b9d.root
[2025-11-20 03:06:03.120] [main] [info] Checking input files
[2025-11-20 03:06:08.313] [main] [info] NanoAOD input_file 1: root://cms-xrd-global.cern.ch//store/mc/Run3Summer22EENanoAODv12/TTto2L2Nu_TuneCP5_13p6TeV_powheg-pythia8/NANOAODSIM/130X_mcRun3_2022_realistic_postEE_v6_ext1-v2/2530000/ba6ba092-681c-4c1d-a261-54ab79ce0b9d.root - 12654 Events
[2025-11-20 03:06:08.313] [main] [info] input_file 1: root://cms-xrd-global.cern.ch//store/mc/Run3Summer22EENanoAODv12/TTto2L2Nu_TuneCP5_13p6TeV_powheg-pythia8/NANOAODSIM/130X_mcRun3_2022_realistic_postEE_v6_ext1-v2/2530000/ba6ba092-681c-4c1d-a261-54ab79ce0b9d.root - SumOfGenWeight: 1018827.1918000001 
[2025-11-20 03:06:08.313] [main] [info] Output directory: /eos/user/j/jiahua/MC_2022EE_inc/MC_2022EE_vbf/TTto2L2Nu_powheg_22EE_ext1-v2/ba6ba092-681c-4c1d-a261-54ab79ce0b9d.root
[2025-11-20 03:06:08.314] [main] [info] Starting Setup of Dataframe with 12654 events
[2025-11-20 03:07:27.275] [main] [info] Finished Setup
[2025-11-20 03:07:27.276] [main] [info] Runtime for setup (real time: 78.96, CPU time: 72.33)
[2025-11-20 03:07:27.276] [main] [info] Starting Evaluation
[2025-11-20 03:08:06.536] [main] [info] 10000 / 12654 (79.03 %) Events processed ...
[2025-11-20 03:08:12.145] [main] [info] vbfhmm:
GoodJetsCollection: pass=11649      all=12654      -- eff=92.06 % cumulative eff=92.06 %
Flag_goodVertices: pass=11649      all=11649      -- eff=100.00 % cumulative eff=92.06 %
Flag_globalSuperTightHalo2016Filter: pass=11648      all=11649      -- eff=99.99 % cumulative eff=92.05 %
Flag_EcalDeadCellTriggerPrimitiveFilter: pass=11646      all=11648      -- eff=99.98 % cumulative eff=92.03 %
Flag_BadPFMuonFilter: pass=11645      all=11646      -- eff=99.99 % cumulative eff=92.03 %
Flag_BadPFMuonDzFilter: pass=11645      all=11645      -- eff=100.00 % cumulative eff=92.03 %
Flag_eeBadScFilter: pass=11645      all=11645      -- eff=100.00 % cumulative eff=92.03 %
Flag_ecalBadCalibFilter: pass=11643      all=11645      -- eff=99.98 % cumulative eff=92.01 %
Flag_hfNoisyHitsFilter: pass=11643      all=11643      -- eff=100.00 % cumulative eff=92.01 %
Number of muons 2: pass=775        all=11643      -- eff=6.66 % cumulative eff=6.12 %
Veto VH <= 0 electrons: pass=763        all=775        -- eff=98.45 % cumulative eff=6.03 %
DiMuon From Higgs: pass=336        all=763        -- eff=44.04 % cumulative eff=2.66 %
LeptonChargeSum: pass=332        all=336        -- eff=98.81 % cumulative eff=2.62 %
Hmass>=110: pass=171        all=332        -- eff=51.51 % cumulative eff=1.35 %
[2025-11-20 03:08:12.822] [main] [info] Writing quantities map to /eos/user/j/jiahua/MC_2022EE_inc/MC_2022EE_vbf/TTto2L2Nu_powheg_22EE_ext1-v2/ba6ba092-681c-4c1d-a261-54ab79ce0b9d_vbfhmm.root
[2025-11-20 03:08:13.276] [main] [info] Finished Evaluation
[2025-11-20 03:08:13.276] [main] [info] Overall runtime (real time: 124.96, CPU time: 113.17)
