000 (13047731.131.000) 11/20 09:15:30 Job submitted from host: <188.185.121.235:9618?addrs=188.185.121.235-9618+[2001-1458-d00-49--100-36e]-9618&alias=bigbird22.cern.ch&noUDP&sock=schedd_232129_c3ca>
...
040 (13047731.131.000) 11/20 09:25:31 Started transferring input files
	Transferring to host: <188.185.209.91:9618?addrs=188.185.209.91-9618+[2001-1458-303-11--100-58]-9618&alias=b9p11p9821.cern.ch&noUDP&sock=slot1_25_4033861_be9d_44454>
...
040 (13047731.131.000) 11/20 09:25:31 Finished transferring input files
...
001 (13047731.131.000) 11/20 09:25:32 Job executing on host: <188.185.209.91:9618?addrs=188.185.209.91-9618+[2001-1458-303-11--100-58]-9618&alias=b9p11p9821.cern.ch&noUDP&sock=startd_6048_00e0>
	SlotName: slot1_25@b9p11p9821.cern.ch
	CondorScratchDir = "/pool/condor/dir_4081987"
	Cpus = 1
	Disk = 15775
	GPUs = 0
	Memory = 3000
...
006 (13047731.131.000) 11/20 09:25:46 Image size of job updated: 109020
	107  -  MemoryUsage of job (MB)
	109020  -  ResidentSetSize of job (KB)
...
006 (13047731.131.000) 11/20 09:28:19 Image size of job updated: 706032
	107  -  MemoryUsage of job (MB)
	109020  -  ResidentSetSize of job (KB)
...
040 (13047731.131.000) 11/20 09:28:19 Started transferring output files
...
040 (13047731.131.000) 11/20 09:28:19 Finished transferring output files
...
005 (13047731.131.000) 11/20 09:28:19 Job terminated.
	(1) Normal termination (return value 0)
		Usr 0 00:02:25, Sys 0 00:00:04  -  Run Remote Usage
		Usr 0 00:00:00, Sys 0 00:00:00  -  Run Local Usage
		Usr 0 00:02:25, Sys 0 00:00:04  -  Total Remote Usage
		Usr 0 00:00:00, Sys 0 00:00:00  -  Total Local Usage
	9930  -  Run Bytes Sent By Job
	11510364  -  Run Bytes Received By Job
	9930  -  Total Bytes Sent By Job
	11510364  -  Total Bytes Received By Job
	Partitionable Resources :    Usage  Request Allocated 
	   Cpus                 :        0        1         1 
	   Disk (KB)            :    11276    12500     15775 
	   GPUs                 :                           0 
	   Memory (MB)          :      107     3000      3000 
	   TimeExecute (s)      :      167                    
	   TimeSlotBusy (s)     :      168                    

	Job terminated of its own accord at 2025-11-20T08:28:19Z with exit-code 0.
...
