000 (13087768.188.000) 11/21 10:06:18 Job submitted from host: <188.185.121.235:9618?addrs=188.185.121.235-9618+[2001-1458-d00-49--100-36e]-9618&alias=bigbird22.cern.ch&noUDP&sock=schedd_232129_c3ca>
...
040 (13087768.188.000) 11/21 10:09:17 Started transferring input files
	Transferring to host: <188.185.213.167:9618?addrs=188.185.213.167-9618+[2001-1458-303-1b--100-23]-9618&alias=b9p28p1049.cern.ch&noUDP&sock=slot1_26_6221_01d6_75268>
...
040 (13087768.188.000) 11/21 10:09:17 Finished transferring input files
...
001 (13087768.188.000) 11/21 10:09:18 Job executing on host: <188.185.213.167:9618?addrs=188.185.213.167-9618+[2001-1458-303-1b--100-23]-9618&alias=b9p28p1049.cern.ch&noUDP&sock=startd_5472_ea53>
	SlotName: slot1_26@b9p28p1049.cern.ch
	CondorScratchDir = "/pool/condor/dir_3849647"
	Cpus = 1
	Disk = 16060
	GPUs = 0
	Memory = 3000
...
006 (13087768.188.000) 11/21 10:09:32 Image size of job updated: 96056
	94  -  MemoryUsage of job (MB)
	96056  -  ResidentSetSize of job (KB)
...
006 (13087768.188.000) 11/21 10:14:33 Image size of job updated: 685816
	670  -  MemoryUsage of job (MB)
	685816  -  ResidentSetSize of job (KB)
...
006 (13087768.188.000) 11/21 10:15:19 Image size of job updated: 691984
	670  -  MemoryUsage of job (MB)
	685816  -  ResidentSetSize of job (KB)
...
040 (13087768.188.000) 11/21 10:15:19 Started transferring output files
...
040 (13087768.188.000) 11/21 10:15:19 Finished transferring output files
...
005 (13087768.188.000) 11/21 10:15:19 Job terminated.
	(1) Normal termination (return value 0)
		Usr 0 00:05:35, Sys 0 00:00:02  -  Run Remote Usage
		Usr 0 00:00:00, Sys 0 00:00:00  -  Run Local Usage
		Usr 0 00:05:35, Sys 0 00:00:02  -  Total Remote Usage
		Usr 0 00:00:00, Sys 0 00:00:00  -  Total Local Usage
	11232  -  Run Bytes Sent By Job
	11510364  -  Run Bytes Received By Job
	11232  -  Total Bytes Sent By Job
	11510364  -  Total Bytes Received By Job
	Partitionable Resources :    Usage  Request Allocated 
	   Cpus                 :        0        1         1 
	   Disk (KB)            :    11275    12500     16060 
	   GPUs                 :                           0 
	   Memory (MB)          :      670     3000      3000 
	   TimeExecute (s)      :      361                    
	   TimeSlotBusy (s)     :      362                    

	Job terminated of its own accord at 2025-11-21T09:15:19Z with exit-code 0.
...
