Starting job on \n
Running on: Linux b9p22p1286.cern.ch 5.14.0-570.42.2.el9_6.x86_64 #1 SMP PREEMPT_DYNAMIC Mon Sep 8 12:15:13 EDT 2025 x86_64 x86_64 x86_64 GNU/Linux\n
System software: Red Hat Enterprise Linux release 9.7 (Plow)\n
Setting up CROWN for RedHatEnterprise Version 9.7
subject   : /DC=ch/DC=cern/OU=Organic Units/OU=Users/CN=jiahua/CN=851532/CN=Jiahua Chen/CN=2045128514
issuer    : /DC=ch/DC=cern/OU=Organic Units/OU=Users/CN=jiahua/CN=851532/CN=Jiahua Chen
identity  : /DC=ch/DC=cern/OU=Organic Units/OU=Users/CN=jiahua/CN=851532/CN=Jiahua Chen
type      : RFC compliant proxy
strength  : 2048 bits
path      : /afs/cern.ch/user/j/jiahua/proxy/x509up_u139833
timeleft  : 193:22:55
key usage : Digital Signature, Key Encipherment
=== VO cms extension information ===
VO        : cms
subject   : /DC=ch/DC=cern/OU=Organic Units/OU=Users/CN=jiahua/CN=851532/CN=Jiahua Chen
issuer    : /DC=ch/DC=cern/OU=computers/CN=cms-auth.cern.ch
attribute : /cms/Role=NULL/Capability=NULL
timeleft  : 185:22:54
uri       : voms-cms-auth.cern.ch:15000
subject   : /DC=ch/DC=cern/OU=Organic Units/OU=Users/CN=jiahua/CN=851532/CN=Jiahua Chen/CN=2045128514
issuer    : /DC=ch/DC=cern/OU=Organic Units/OU=Users/CN=jiahua/CN=851532/CN=Jiahua Chen
identity  : /DC=ch/DC=cern/OU=Organic Units/OU=Users/CN=jiahua/CN=851532/CN=Jiahua Chen
type      : RFC compliant proxy
strength  : 2048 bits
path      : /afs/cern.ch/user/j/jiahua/proxy/x509up_u139833
timeleft  : 193:22:55
key usage : Digital Signature, Key Encipherment
=== VO cms extension information ===
VO        : cms
subject   : /DC=ch/DC=cern/OU=Organic Units/OU=Users/CN=jiahua/CN=851532/CN=Jiahua Chen
issuer    : /DC=ch/DC=cern/OU=computers/CN=cms-auth.cern.ch
attribute : /cms/Role=NULL/Capability=NULL
timeleft  : 185:22:54
uri       : voms-cms-auth.cern.ch:15000
/eos/user/j/jiahua/MC_2022EE_inc/MC_2022EE_vbf/TTto2L2Nu_powheg_22EE_ext1-v2/b1d343cb-d8e2-4265-8bfb-0e713b31e7e5.root
[2025-11-20 09:25:48.779] [main] [info] Checking input files
[2025-11-20 09:25:53.207] [main] [info] NanoAOD input_file 1: root://cms-xrd-global.cern.ch//store/mc/Run3Summer22EENanoAODv12/TTto2L2Nu_TuneCP5_13p6TeV_powheg-pythia8/NANOAODSIM/130X_mcRun3_2022_realistic_postEE_v6_ext1-v2/2520000/b1d343cb-d8e2-4265-8bfb-0e713b31e7e5.root - 115292 Events
[2025-11-20 09:25:53.208] [main] [info] input_file 1: root://cms-xrd-global.cern.ch//store/mc/Run3Summer22EENanoAODv12/TTto2L2Nu_TuneCP5_13p6TeV_powheg-pythia8/NANOAODSIM/130X_mcRun3_2022_realistic_postEE_v6_ext1-v2/2520000/b1d343cb-d8e2-4265-8bfb-0e713b31e7e5.root - SumOfGenWeight: 9276501.8742 
[2025-11-20 09:25:53.208] [main] [info] Output directory: /eos/user/j/jiahua/MC_2022EE_inc/MC_2022EE_vbf/TTto2L2Nu_powheg_22EE_ext1-v2/b1d343cb-d8e2-4265-8bfb-0e713b31e7e5.root
[2025-11-20 09:25:53.209] [main] [info] Starting Setup of Dataframe with 115292 events
[2025-11-20 09:26:57.260] [main] [info] Finished Setup
[2025-11-20 09:26:57.260] [main] [info] Runtime for setup (real time: 64.05, CPU time: 57.01)
[2025-11-20 09:26:57.260] [main] [info] Starting Evaluation
[2025-11-20 09:27:27.551] [main] [info] 10000 / 115292 (8.67 %) Events processed ...
[2025-11-20 09:27:42.921] [main] [info] 20000 / 115292 (17.35 %) Events processed ...
[2025-11-20 09:27:58.635] [main] [info] 30000 / 115292 (26.02 %) Events processed ...
[2025-11-20 09:28:16.575] [main] [info] 40000 / 115292 (34.69 %) Events processed ...
[2025-11-20 09:28:31.970] [main] [info] 50000 / 115292 (43.37 %) Events processed ...
[2025-11-20 09:28:47.919] [main] [info] 60000 / 115292 (52.04 %) Events processed ...
[2025-11-20 09:29:05.611] [main] [info] 70000 / 115292 (60.72 %) Events processed ...
[2025-11-20 09:29:21.580] [main] [info] 80000 / 115292 (69.39 %) Events processed ...
[2025-11-20 09:29:37.462] [main] [info] 90000 / 115292 (78.06 %) Events processed ...
[2025-11-20 09:29:56.418] [main] [info] 100000 / 115292 (86.74 %) Events processed ...
[2025-11-20 09:30:11.617] [main] [info] 110000 / 115292 (95.41 %) Events processed ...
[2025-11-20 09:30:20.713] [main] [info] vbfhmm:
GoodJetsCollection: pass=105935     all=115292     -- eff=91.88 % cumulative eff=91.88 %
Flag_goodVertices: pass=105935     all=105935     -- eff=100.00 % cumulative eff=91.88 %
Flag_globalSuperTightHalo2016Filter: pass=105925     all=105935     -- eff=99.99 % cumulative eff=91.88 %
Flag_EcalDeadCellTriggerPrimitiveFilter: pass=105916     all=105925     -- eff=99.99 % cumulative eff=91.87 %
Flag_BadPFMuonFilter: pass=105906     all=105916     -- eff=99.99 % cumulative eff=91.86 %
Flag_BadPFMuonDzFilter: pass=105904     all=105906     -- eff=100.00 % cumulative eff=91.86 %
Flag_eeBadScFilter: pass=105904     all=105904     -- eff=100.00 % cumulative eff=91.86 %
Flag_ecalBadCalibFilter: pass=105888     all=105904     -- eff=99.98 % cumulative eff=91.84 %
Flag_hfNoisyHitsFilter: pass=105885     all=105888     -- eff=100.00 % cumulative eff=91.84 %
Number of muons 2: pass=7130       all=105885     -- eff=6.73 % cumulative eff=6.18 %
Veto VH <= 0 electrons: pass=7049       all=7130       -- eff=98.86 % cumulative eff=6.11 %
DiMuon From Higgs: pass=3298       all=7049       -- eff=46.79 % cumulative eff=2.86 %
LeptonChargeSum: pass=3267       all=3298       -- eff=99.06 % cumulative eff=2.83 %
Hmass>=110: pass=1754       all=3267       -- eff=53.69 % cumulative eff=1.52 %
[2025-11-20 09:30:20.773] [main] [info] Writing quantities map to /eos/user/j/jiahua/MC_2022EE_inc/MC_2022EE_vbf/TTto2L2Nu_powheg_22EE_ext1-v2/b1d343cb-d8e2-4265-8bfb-0e713b31e7e5_vbfhmm.root
[2025-11-20 09:30:20.835] [main] [info] Finished Evaluation
[2025-11-20 09:30:20.835] [main] [info] Overall runtime (real time: 267.63, CPU time: 249.24)
