Starting job on \n
Running on: Linux b9p19p7223.cern.ch 5.14.0-570.44.1.el9_6.x86_64 #1 SMP PREEMPT_DYNAMIC Tue Sep 9 05:17:30 EDT 2025 x86_64 x86_64 x86_64 GNU/Linux\n
System software: Red Hat Enterprise Linux release 9.6 (Plow)\n
Setting up CROWN for RedHatEnterprise Version 9.6
subject   : /DC=ch/DC=cern/OU=Organic Units/OU=Users/CN=jiahua/CN=851532/CN=Jiahua Chen/CN=2045128514
issuer    : /DC=ch/DC=cern/OU=Organic Units/OU=Users/CN=jiahua/CN=851532/CN=Jiahua Chen
identity  : /DC=ch/DC=cern/OU=Organic Units/OU=Users/CN=jiahua/CN=851532/CN=Jiahua Chen
type      : RFC compliant proxy
strength  : 2048 bits
path      : /afs/cern.ch/user/j/jiahua/proxy/x509up_u139833
timeleft  : 199:44:00
key usage : Digital Signature, Key Encipherment
=== VO cms extension information ===
VO        : cms
subject   : /DC=ch/DC=cern/OU=Organic Units/OU=Users/CN=jiahua/CN=851532/CN=Jiahua Chen
issuer    : /DC=ch/DC=cern/OU=computers/CN=cms-auth.cern.ch
attribute : /cms/Role=NULL/Capability=NULL
timeleft  : 191:43:59
uri       : voms-cms-auth.cern.ch:15000
subject   : /DC=ch/DC=cern/OU=Organic Units/OU=Users/CN=jiahua/CN=851532/CN=Jiahua Chen/CN=2045128514
issuer    : /DC=ch/DC=cern/OU=Organic Units/OU=Users/CN=jiahua/CN=851532/CN=Jiahua Chen
identity  : /DC=ch/DC=cern/OU=Organic Units/OU=Users/CN=jiahua/CN=851532/CN=Jiahua Chen
type      : RFC compliant proxy
strength  : 2048 bits
path      : /afs/cern.ch/user/j/jiahua/proxy/x509up_u139833
timeleft  : 199:44:00
key usage : Digital Signature, Key Encipherment
=== VO cms extension information ===
VO        : cms
subject   : /DC=ch/DC=cern/OU=Organic Units/OU=Users/CN=jiahua/CN=851532/CN=Jiahua Chen
issuer    : /DC=ch/DC=cern/OU=computers/CN=cms-auth.cern.ch
attribute : /cms/Role=NULL/Capability=NULL
timeleft  : 191:43:59
uri       : voms-cms-auth.cern.ch:15000
/eos/user/j/jiahua/MC_2022EE_inc/MC_2022EE_vbf/TTto2L2Nu_powheg_22EE_ext1-v2/74989ce0-fde9-4243-acf6-0d7e5f16f602.root
[2025-11-20 03:04:43.351] [main] [info] Checking input files
[2025-11-20 03:04:49.725] [main] [info] NanoAOD input_file 1: root://cms-xrd-global.cern.ch//store/mc/Run3Summer22EENanoAODv12/TTto2L2Nu_TuneCP5_13p6TeV_powheg-pythia8/NANOAODSIM/130X_mcRun3_2022_realistic_postEE_v6_ext1-v2/50000/74989ce0-fde9-4243-acf6-0d7e5f16f602.root - 173641 Events
[2025-11-20 03:04:49.725] [main] [info] input_file 1: root://cms-xrd-global.cern.ch//store/mc/Run3Summer22EENanoAODv12/TTto2L2Nu_TuneCP5_13p6TeV_powheg-pythia8/NANOAODSIM/130X_mcRun3_2022_realistic_postEE_v6_ext1-v2/50000/74989ce0-fde9-4243-acf6-0d7e5f16f602.root - SumOfGenWeight: 13970390.08669999 
[2025-11-20 03:04:49.725] [main] [info] Output directory: /eos/user/j/jiahua/MC_2022EE_inc/MC_2022EE_vbf/TTto2L2Nu_powheg_22EE_ext1-v2/74989ce0-fde9-4243-acf6-0d7e5f16f602.root
[2025-11-20 03:04:49.726] [main] [info] Starting Setup of Dataframe with 173641 events
[2025-11-20 03:07:08.454] [main] [info] Finished Setup
[2025-11-20 03:07:08.454] [main] [info] Runtime for setup (real time: 138.73, CPU time: 130.84)
[2025-11-20 03:07:08.454] [main] [info] Starting Evaluation
[2025-11-20 03:08:07.659] [main] [info] 10000 / 173641 (5.76 %) Events processed ...
[2025-11-20 03:08:39.642] [main] [info] 20000 / 173641 (11.52 %) Events processed ...
[2025-11-20 03:09:11.702] [main] [info] 30000 / 173641 (17.28 %) Events processed ...
[2025-11-20 03:09:45.351] [main] [info] 40000 / 173641 (23.04 %) Events processed ...
[2025-11-20 03:10:15.151] [main] [info] 50000 / 173641 (28.80 %) Events processed ...
[2025-11-20 03:10:47.614] [main] [info] 60000 / 173641 (34.55 %) Events processed ...
[2025-11-20 03:11:19.093] [main] [info] 70000 / 173641 (40.31 %) Events processed ...
[2025-11-20 03:11:51.381] [main] [info] 80000 / 173641 (46.07 %) Events processed ...
[2025-11-20 03:12:22.647] [main] [info] 90000 / 173641 (51.83 %) Events processed ...
[2025-11-20 03:12:55.228] [main] [info] 100000 / 173641 (57.59 %) Events processed ...
[2025-11-20 03:13:24.841] [main] [info] 110000 / 173641 (63.35 %) Events processed ...
[2025-11-20 03:13:52.854] [main] [info] 120000 / 173641 (69.11 %) Events processed ...
[2025-11-20 03:14:23.257] [main] [info] 130000 / 173641 (74.87 %) Events processed ...
[2025-11-20 03:14:53.199] [main] [info] 140000 / 173641 (80.63 %) Events processed ...
[2025-11-20 03:15:24.018] [main] [info] 150000 / 173641 (86.39 %) Events processed ...
[2025-11-20 03:15:55.007] [main] [info] 160000 / 173641 (92.14 %) Events processed ...
[2025-11-20 03:16:25.135] [main] [info] 170000 / 173641 (97.90 %) Events processed ...
[2025-11-20 03:16:37.042] [main] [info] vbfhmm:
GoodJetsCollection: pass=159887     all=173641     -- eff=92.08 % cumulative eff=92.08 %
Flag_goodVertices: pass=159887     all=159887     -- eff=100.00 % cumulative eff=92.08 %
Flag_globalSuperTightHalo2016Filter: pass=159860     all=159887     -- eff=99.98 % cumulative eff=92.06 %
Flag_EcalDeadCellTriggerPrimitiveFilter: pass=159844     all=159860     -- eff=99.99 % cumulative eff=92.05 %
Flag_BadPFMuonFilter: pass=159834     all=159844     -- eff=99.99 % cumulative eff=92.05 %
Flag_BadPFMuonDzFilter: pass=159831     all=159834     -- eff=100.00 % cumulative eff=92.05 %
Flag_eeBadScFilter: pass=159831     all=159831     -- eff=100.00 % cumulative eff=92.05 %
Flag_ecalBadCalibFilter: pass=159805     all=159831     -- eff=99.98 % cumulative eff=92.03 %
Flag_hfNoisyHitsFilter: pass=159803     all=159805     -- eff=100.00 % cumulative eff=92.03 %
Number of muons 2: pass=10653      all=159803     -- eff=6.67 % cumulative eff=6.14 %
Veto VH <= 0 electrons: pass=10516      all=10653      -- eff=98.71 % cumulative eff=6.06 %
DiMuon From Higgs: pass=4903       all=10516      -- eff=46.62 % cumulative eff=2.82 %
LeptonChargeSum: pass=4870       all=4903       -- eff=99.33 % cumulative eff=2.80 %
Hmass>=110: pass=2595       all=4870       -- eff=53.29 % cumulative eff=1.49 %
[2025-11-20 03:16:37.225] [main] [info] Writing quantities map to /eos/user/j/jiahua/MC_2022EE_inc/MC_2022EE_vbf/TTto2L2Nu_powheg_22EE_ext1-v2/74989ce0-fde9-4243-acf6-0d7e5f16f602_vbfhmm.root
[2025-11-20 03:16:37.324] [main] [info] Finished Evaluation
[2025-11-20 03:16:37.324] [main] [info] Overall runtime (real time: 707.60, CPU time: 679.31)
