000 (13047731.073.000) 11/20 09:15:30 Job submitted from host: <188.185.121.235:9618?addrs=188.185.121.235-9618+[2001-1458-d00-49--100-36e]-9618&alias=bigbird22.cern.ch&noUDP&sock=schedd_232129_c3ca>
...
040 (13047731.073.000) 11/20 09:25:11 Started transferring input files
	Transferring to host: <128.142.192.203:9618?addrs=128.142.192.203-9618+[2001-1458-301-56--100-47]-9618&alias=b9g18p6199.cern.ch&noUDP&sock=slot1_41_6170_12b4_15540>
...
040 (13047731.073.000) 11/20 09:25:11 Finished transferring input files
...
001 (13047731.073.000) 11/20 09:25:12 Job executing on host: <128.142.192.203:9618?addrs=128.142.192.203-9618+[2001-1458-301-56--100-47]-9618&alias=b9g18p6199.cern.ch&noUDP&sock=startd_5331_3378>
	SlotName: slot1_41@b9g18p6199.cern.ch
	CondorScratchDir = "/pool/condor/dir_417867"
	Cpus = 1
	Disk = 16192
	GPUs = 0
	Memory = 3000
...
006 (13047731.073.000) 11/20 09:25:25 Image size of job updated: 95292
	94  -  MemoryUsage of job (MB)
	95292  -  ResidentSetSize of job (KB)
...
006 (13047731.073.000) 11/20 09:27:50 Image size of job updated: 664128
	94  -  MemoryUsage of job (MB)
	95292  -  ResidentSetSize of job (KB)
...
040 (13047731.073.000) 11/20 09:27:50 Started transferring output files
...
040 (13047731.073.000) 11/20 09:27:50 Finished transferring output files
...
005 (13047731.073.000) 11/20 09:27:50 Job terminated.
	(1) Normal termination (return value 134)
		Usr 0 00:02:22, Sys 0 00:00:02  -  Run Remote Usage
		Usr 0 00:00:00, Sys 0 00:00:00  -  Run Local Usage
		Usr 0 00:02:22, Sys 0 00:00:02  -  Total Remote Usage
		Usr 0 00:00:00, Sys 0 00:00:00  -  Total Local Usage
	8467  -  Run Bytes Sent By Job
	11510364  -  Run Bytes Received By Job
	8467  -  Total Bytes Sent By Job
	11510364  -  Total Bytes Received By Job
	Partitionable Resources :    Usage  Request Allocated 
	   Cpus                 :     0.75        1         1 
	   Disk (KB)            : 11272       12500     16192 
	   GPUs                 :                           0 
	   Memory (MB)          :    94        3000      3000 
	   TimeExecute (s)      :   158                       
	   TimeSlotBusy (s)     :   159                       

	Job terminated of its own accord at 2025-11-20T08:27:50Z with exit-code 134.
...
