000 (13047285.145.000) 11/20 02:50:39 Job submitted from host: <188.185.121.235:9618?addrs=188.185.121.235-9618+[2001-1458-d00-49--100-36e]-9618&alias=bigbird22.cern.ch&noUDP&sock=schedd_232129_c3ca>
...
040 (13047285.145.000) 11/20 03:07:00 Started transferring input files
	Transferring to host: <128.142.161.143:9618?addrs=128.142.161.143-9618+[2001-1458-301-b9--100-c]-9618&alias=b9g03p2726.cern.ch&noUDP&sock=slot1_32_7327_48c3_59013>
...
040 (13047285.145.000) 11/20 03:07:00 Finished transferring input files
...
001 (13047285.145.000) 11/20 03:07:01 Job executing on host: <128.142.161.143:9618?addrs=128.142.161.143-9618+[2001-1458-301-b9--100-c]-9618&alias=b9g03p2726.cern.ch&noUDP&sock=startd_6270_46e6>
	SlotName: slot1_32@b9g03p2726.cern.ch
	CondorScratchDir = "/pool/condor/dir_1105401"
	Cpus = 1
	Disk = 16116
	GPUs = 0
	Memory = 3000
...
006 (13047285.145.000) 11/20 03:07:14 Image size of job updated: 103040
	101  -  MemoryUsage of job (MB)
	103040  -  ResidentSetSize of job (KB)
...
006 (13047285.145.000) 11/20 03:12:02 Image size of job updated: 709476
	101  -  MemoryUsage of job (MB)
	103040  -  ResidentSetSize of job (KB)
...
040 (13047285.145.000) 11/20 03:12:02 Started transferring output files
...
040 (13047285.145.000) 11/20 03:12:02 Finished transferring output files
...
005 (13047285.145.000) 11/20 03:12:02 Job terminated.
	(1) Normal termination (return value 0)
		Usr 0 00:04:17, Sys 0 00:00:04  -  Run Remote Usage
		Usr 0 00:00:00, Sys 0 00:00:00  -  Run Local Usage
		Usr 0 00:04:17, Sys 0 00:00:04  -  Total Remote Usage
		Usr 0 00:00:00, Sys 0 00:00:00  -  Total Local Usage
	10302  -  Run Bytes Sent By Job
	11506596  -  Run Bytes Received By Job
	10302  -  Total Bytes Sent By Job
	11506596  -  Total Bytes Received By Job
	Partitionable Resources :    Usage  Request Allocated 
	   Cpus                 :        0        1         1 
	   Disk (KB)            :    11271    12500     16116 
	   GPUs                 :                           0 
	   Memory (MB)          :      101     3000      3000 
	   TimeExecute (s)      :      301                    
	   TimeSlotBusy (s)     :      302                    

	Job terminated of its own accord at 2025-11-20T02:12:02Z with exit-code 0.
...
