Starting job on \n
Running on: Linux b9g18p1523.cern.ch 5.14.0-570.60.1.el9_6.x86_64 #1 SMP PREEMPT_DYNAMIC Sat Oct 25 01:08:30 EDT 2025 x86_64 x86_64 x86_64 GNU/Linux\n
System software: Red Hat Enterprise Linux release 9.7 (Plow)\n
Setting up CROWN for RedHatEnterprise Version 9.7
subject   : /DC=ch/DC=cern/OU=Organic Units/OU=Users/CN=jiahua/CN=851532/CN=Jiahua Chen/CN=2045128514
issuer    : /DC=ch/DC=cern/OU=Organic Units/OU=Users/CN=jiahua/CN=851532/CN=Jiahua Chen
identity  : /DC=ch/DC=cern/OU=Organic Units/OU=Users/CN=jiahua/CN=851532/CN=Jiahua Chen
type      : RFC compliant proxy
strength  : 2048 bits
path      : /afs/cern.ch/user/j/jiahua/proxy/x509up_u139833
timeleft  : 199:42:22
key usage : Digital Signature, Key Encipherment
=== VO cms extension information ===
VO        : cms
subject   : /DC=ch/DC=cern/OU=Organic Units/OU=Users/CN=jiahua/CN=851532/CN=Jiahua Chen
issuer    : /DC=ch/DC=cern/OU=computers/CN=cms-auth.cern.ch
attribute : /cms/Role=NULL/Capability=NULL
timeleft  : 191:42:21
uri       : voms-cms-auth.cern.ch:15000
subject   : /DC=ch/DC=cern/OU=Organic Units/OU=Users/CN=jiahua/CN=851532/CN=Jiahua Chen/CN=2045128514
issuer    : /DC=ch/DC=cern/OU=Organic Units/OU=Users/CN=jiahua/CN=851532/CN=Jiahua Chen
identity  : /DC=ch/DC=cern/OU=Organic Units/OU=Users/CN=jiahua/CN=851532/CN=Jiahua Chen
type      : RFC compliant proxy
strength  : 2048 bits
path      : /afs/cern.ch/user/j/jiahua/proxy/x509up_u139833
timeleft  : 199:42:22
key usage : Digital Signature, Key Encipherment
=== VO cms extension information ===
VO        : cms
subject   : /DC=ch/DC=cern/OU=Organic Units/OU=Users/CN=jiahua/CN=851532/CN=Jiahua Chen
issuer    : /DC=ch/DC=cern/OU=computers/CN=cms-auth.cern.ch
attribute : /cms/Role=NULL/Capability=NULL
timeleft  : 191:42:21
uri       : voms-cms-auth.cern.ch:15000
/eos/user/j/jiahua/MC_2022EE_inc/MC_2022EE_vbf/TWminusto2L2Nu_powheg_22EE_ext1-v2/dc5a5d6a-2633-41ff-9546-7fcbb2477663.root
[2025-11-20 03:06:22.470] [main] [info] Checking input files
[2025-11-20 03:06:29.238] [main] [info] NanoAOD input_file 1: root://cms-xrd-global.cern.ch//store/mc/Run3Summer22EENanoAODv12/TWminusto2L2Nu_TuneCP5_13p6TeV_powheg-pythia8/NANOAODSIM/130X_mcRun3_2022_realistic_postEE_v6_ext1-v2/2540000/dc5a5d6a-2633-41ff-9546-7fcbb2477663.root - 8280 Events
[2025-11-20 03:06:29.238] [main] [info] input_file 1: root://cms-xrd-global.cern.ch//store/mc/Run3Summer22EENanoAODv12/TWminusto2L2Nu_TuneCP5_13p6TeV_powheg-pythia8/NANOAODSIM/130X_mcRun3_2022_realistic_postEE_v6_ext1-v2/2540000/dc5a5d6a-2633-41ff-9546-7fcbb2477663.root - SumOfGenWeight: 31446.71474 
[2025-11-20 03:06:29.238] [main] [info] Output directory: /eos/user/j/jiahua/MC_2022EE_inc/MC_2022EE_vbf/TWminusto2L2Nu_powheg_22EE_ext1-v2/dc5a5d6a-2633-41ff-9546-7fcbb2477663.root
[2025-11-20 03:06:29.241] [main] [info] Starting Setup of Dataframe with 8280 events
[2025-11-20 03:08:34.934] [main] [info] Finished Setup
[2025-11-20 03:08:34.934] [main] [info] Runtime for setup (real time: 125.70, CPU time: 118.62)
[2025-11-20 03:08:34.934] [main] [info] Starting Evaluation
[2025-11-20 03:09:19.504] [main] [info] vbfhmm:
GoodJetsCollection: pass=7593       all=8280       -- eff=91.70 % cumulative eff=91.70 %
Flag_goodVertices: pass=7593       all=7593       -- eff=100.00 % cumulative eff=91.70 %
Flag_globalSuperTightHalo2016Filter: pass=7592       all=7593       -- eff=99.99 % cumulative eff=91.69 %
Flag_EcalDeadCellTriggerPrimitiveFilter: pass=7592       all=7592       -- eff=100.00 % cumulative eff=91.69 %
Flag_BadPFMuonFilter: pass=7592       all=7592       -- eff=100.00 % cumulative eff=91.69 %
Flag_BadPFMuonDzFilter: pass=7592       all=7592       -- eff=100.00 % cumulative eff=91.69 %
Flag_eeBadScFilter: pass=7592       all=7592       -- eff=100.00 % cumulative eff=91.69 %
Flag_ecalBadCalibFilter: pass=7587       all=7592       -- eff=99.93 % cumulative eff=91.63 %
Flag_hfNoisyHitsFilter: pass=7587       all=7587       -- eff=100.00 % cumulative eff=91.63 %
Number of muons 2: pass=508        all=7587       -- eff=6.70 % cumulative eff=6.14 %
Veto VH <= 0 electrons: pass=504        all=508        -- eff=99.21 % cumulative eff=6.09 %
DiMuon From Higgs: pass=240        all=504        -- eff=47.62 % cumulative eff=2.90 %
LeptonChargeSum: pass=238        all=240        -- eff=99.17 % cumulative eff=2.87 %
Hmass>=110: pass=128        all=238        -- eff=53.78 % cumulative eff=1.55 %
[2025-11-20 03:09:19.625] [main] [info] Writing quantities map to /eos/user/j/jiahua/MC_2022EE_inc/MC_2022EE_vbf/TWminusto2L2Nu_powheg_22EE_ext1-v2/dc5a5d6a-2633-41ff-9546-7fcbb2477663_vbfhmm.root
[2025-11-20 03:09:19.683] [main] [info] Finished Evaluation
[2025-11-20 03:09:19.683] [main] [info] Overall runtime (real time: 170.44, CPU time: 159.39)
