000 (13047732.139.000) 11/20 09:15:32 Job submitted from host: <188.185.121.235:9618?addrs=188.185.121.235-9618+[2001-1458-d00-49--100-36e]-9618&alias=bigbird22.cern.ch&noUDP&sock=schedd_232129_c3ca>
...
040 (13047732.139.000) 11/20 09:29:30 Started transferring input files
	Transferring to host: <188.185.209.24:9618?addrs=188.185.209.24-9618+[2001-1458-303-11--100-15]-9618&alias=b9p11p1123.cern.ch&noUDP&sock=slot1_20_4367_b24b_57161>
...
040 (13047732.139.000) 11/20 09:29:30 Finished transferring input files
...
001 (13047732.139.000) 11/20 09:29:31 Job executing on host: <188.185.209.24:9618?addrs=188.185.209.24-9618+[2001-1458-303-11--100-15]-9618&alias=b9p11p1123.cern.ch&noUDP&sock=startd_3657_f9ee>
	SlotName: slot1_20@b9p11p1123.cern.ch
	CondorScratchDir = "/pool/condor/dir_3083242"
	Cpus = 1
	Disk = 15904
	GPUs = 0
	Memory = 3000
...
006 (13047732.139.000) 11/20 09:29:45 Image size of job updated: 97916
	96  -  MemoryUsage of job (MB)
	97916  -  ResidentSetSize of job (KB)
...
006 (13047732.139.000) 11/20 09:31:09 Image size of job updated: 660056
	96  -  MemoryUsage of job (MB)
	97916  -  ResidentSetSize of job (KB)
...
040 (13047732.139.000) 11/20 09:31:10 Started transferring output files
...
040 (13047732.139.000) 11/20 09:31:10 Finished transferring output files
...
005 (13047732.139.000) 11/20 09:31:10 Job terminated.
	(1) Normal termination (return value 134)
		Usr 0 00:01:18, Sys 0 00:00:03  -  Run Remote Usage
		Usr 0 00:00:00, Sys 0 00:00:00  -  Run Local Usage
		Usr 0 00:01:18, Sys 0 00:00:03  -  Total Remote Usage
		Usr 0 00:00:00, Sys 0 00:00:00  -  Total Local Usage
	8502  -  Run Bytes Sent By Job
	11510364  -  Run Bytes Received By Job
	8502  -  Total Bytes Sent By Job
	11510364  -  Total Bytes Received By Job
	Partitionable Resources :    Usage  Request Allocated 
	   Cpus                 :        0        1         1 
	   Disk (KB)            :    11275    12500     15904 
	   GPUs                 :                           0 
	   Memory (MB)          :       96     3000      3000 
	   TimeExecute (s)      :       98                    
	   TimeSlotBusy (s)     :      101                    

	Job terminated of its own accord at 2025-11-20T08:31:09Z with exit-code 134.
...
