000 (13087769.017.000) 11/21 10:06:36 Job submitted from host: <188.185.121.235:9618?addrs=188.185.121.235-9618+[2001-1458-d00-49--100-36e]-9618&alias=bigbird22.cern.ch&noUDP&sock=schedd_232129_c3ca>
...
040 (13087769.017.000) 11/21 10:10:24 Started transferring input files
	Transferring to host: <188.185.212.13:9618?addrs=188.185.212.13-9618+[2001-1458-303-18--100-9]-9618&alias=b9p25p7735.cern.ch&noUDP&sock=slot1_23_8049_ffa0_64716>
...
040 (13087769.017.000) 11/21 10:10:24 Finished transferring input files
...
001 (13087769.017.000) 11/21 10:10:26 Job executing on host: <188.185.212.13:9618?addrs=188.185.212.13-9618+[2001-1458-303-18--100-9]-9618&alias=b9p25p7735.cern.ch&noUDP&sock=startd_7195_c001>
	SlotName: slot1_23@b9p25p7735.cern.ch
	CondorScratchDir = "/pool/condor/dir_2115789"
	Cpus = 1
	Disk = 16088
	GPUs = 0
	Memory = 3000
...
006 (13087769.017.000) 11/21 10:10:39 Image size of job updated: 106268
	104  -  MemoryUsage of job (MB)
	106268  -  ResidentSetSize of job (KB)
...
006 (13087769.017.000) 11/21 10:13:25 Image size of job updated: 705108
	104  -  MemoryUsage of job (MB)
	106268  -  ResidentSetSize of job (KB)
...
040 (13087769.017.000) 11/21 10:13:25 Started transferring output files
...
040 (13087769.017.000) 11/21 10:13:25 Finished transferring output files
...
005 (13087769.017.000) 11/21 10:13:25 Job terminated.
	(1) Normal termination (return value 0)
		Usr 0 00:02:37, Sys 0 00:00:04  -  Run Remote Usage
		Usr 0 00:00:00, Sys 0 00:00:00  -  Run Local Usage
		Usr 0 00:02:37, Sys 0 00:00:04  -  Total Remote Usage
		Usr 0 00:00:00, Sys 0 00:00:00  -  Total Local Usage
	10126  -  Run Bytes Sent By Job
	11510364  -  Run Bytes Received By Job
	10126  -  Total Bytes Sent By Job
	11510364  -  Total Bytes Received By Job
	Partitionable Resources :    Usage  Request Allocated 
	   Cpus                 :     0.99        1         1 
	   Disk (KB)            : 11274       12500     16088 
	   GPUs                 :                           0 
	   Memory (MB)          :   104        3000      3000 
	   TimeExecute (s)      :   180                       
	   TimeSlotBusy (s)     :   181                       

	Job terminated of its own accord at 2025-11-21T09:13:25Z with exit-code 0.
...
