Starting job on \n
Running on: Linux b9p25p8468.cern.ch 5.14.0-570.44.1.el9_6.x86_64 #1 SMP PREEMPT_DYNAMIC Tue Sep 9 05:17:30 EDT 2025 x86_64 x86_64 x86_64 GNU/Linux\n
System software: Red Hat Enterprise Linux release 9.7 (Plow)\n
Setting up CROWN for RedHatEnterprise Version 9.7
subject   : /DC=ch/DC=cern/OU=Organic Units/OU=Users/CN=jiahua/CN=851532/CN=Jiahua Chen/CN=2045128514
issuer    : /DC=ch/DC=cern/OU=Organic Units/OU=Users/CN=jiahua/CN=851532/CN=Jiahua Chen
identity  : /DC=ch/DC=cern/OU=Organic Units/OU=Users/CN=jiahua/CN=851532/CN=Jiahua Chen
type      : RFC compliant proxy
strength  : 2048 bits
path      : /afs/cern.ch/user/j/jiahua/proxy/x509up_u139833
timeleft  : 168:37:09
key usage : Digital Signature, Key Encipherment
=== VO cms extension information ===
VO        : cms
subject   : /DC=ch/DC=cern/OU=Organic Units/OU=Users/CN=jiahua/CN=851532/CN=Jiahua Chen
issuer    : /DC=ch/DC=cern/OU=computers/CN=cms-auth.cern.ch
attribute : /cms/Role=NULL/Capability=NULL
timeleft  : 160:37:08
uri       : voms-cms-auth.cern.ch:15000
subject   : /DC=ch/DC=cern/OU=Organic Units/OU=Users/CN=jiahua/CN=851532/CN=Jiahua Chen/CN=2045128514
issuer    : /DC=ch/DC=cern/OU=Organic Units/OU=Users/CN=jiahua/CN=851532/CN=Jiahua Chen
identity  : /DC=ch/DC=cern/OU=Organic Units/OU=Users/CN=jiahua/CN=851532/CN=Jiahua Chen
type      : RFC compliant proxy
strength  : 2048 bits
path      : /afs/cern.ch/user/j/jiahua/proxy/x509up_u139833
timeleft  : 168:37:09
key usage : Digital Signature, Key Encipherment
=== VO cms extension information ===
VO        : cms
subject   : /DC=ch/DC=cern/OU=Organic Units/OU=Users/CN=jiahua/CN=851532/CN=Jiahua Chen
issuer    : /DC=ch/DC=cern/OU=computers/CN=cms-auth.cern.ch
attribute : /cms/Role=NULL/Capability=NULL
timeleft  : 160:37:08
uri       : voms-cms-auth.cern.ch:15000
/eos/user/j/jiahua/MC_2022EE_inc/MC_2022EE_vbf/TWminusto2L2Nu_powheg_22EE_ext1-v2/aa7fa8e7-0c1f-45cb-a3ff-f50c4cfed8f0.root
[2025-11-21 10:11:34.268] [main] [info] Checking input files
[2025-11-21 10:11:41.267] [main] [info] NanoAOD input_file 1: root://cms-xrd-global.cern.ch//store/mc/Run3Summer22EENanoAODv12/TWminusto2L2Nu_TuneCP5_13p6TeV_powheg-pythia8/NANOAODSIM/130X_mcRun3_2022_realistic_postEE_v6_ext1-v2/50000/aa7fa8e7-0c1f-45cb-a3ff-f50c4cfed8f0.root - 73140 Events
[2025-11-21 10:11:41.267] [main] [info] input_file 1: root://cms-xrd-global.cern.ch//store/mc/Run3Summer22EENanoAODv12/TWminusto2L2Nu_TuneCP5_13p6TeV_powheg-pythia8/NANOAODSIM/130X_mcRun3_2022_realistic_postEE_v6_ext1-v2/50000/aa7fa8e7-0c1f-45cb-a3ff-f50c4cfed8f0.root - SumOfGenWeight: 277846.42620000074 
[2025-11-21 10:11:41.267] [main] [info] Output directory: /eos/user/j/jiahua/MC_2022EE_inc/MC_2022EE_vbf/TWminusto2L2Nu_powheg_22EE_ext1-v2/aa7fa8e7-0c1f-45cb-a3ff-f50c4cfed8f0.root
[2025-11-21 10:11:41.268] [main] [info] Starting Setup of Dataframe with 73140 events
[2025-11-21 10:12:56.935] [main] [info] Finished Setup
[2025-11-21 10:12:56.935] [main] [info] Runtime for setup (real time: 75.67, CPU time: 70.41)
[2025-11-21 10:12:56.935] [main] [info] Starting Evaluation
[2025-11-21 10:13:33.289] [main] [info] 10000 / 73140 (13.67 %) Events processed ...
[2025-11-21 10:13:50.519] [main] [info] 20000 / 73140 (27.34 %) Events processed ...
[2025-11-21 10:14:07.848] [main] [info] 30000 / 73140 (41.02 %) Events processed ...
[2025-11-21 10:14:26.752] [main] [info] 40000 / 73140 (54.69 %) Events processed ...
[2025-11-21 10:14:44.538] [main] [info] 50000 / 73140 (68.36 %) Events processed ...
[2025-11-21 10:15:03.415] [main] [info] 60000 / 73140 (82.03 %) Events processed ...
[2025-11-21 10:15:23.333] [main] [info] 70000 / 73140 (95.71 %) Events processed ...
[2025-11-21 10:15:29.507] [main] [info] vbfhmm:
GoodJetsCollection: pass=66957      all=73140      -- eff=91.55 % cumulative eff=91.55 %
Flag_goodVertices: pass=66957      all=66957      -- eff=100.00 % cumulative eff=91.55 %
Flag_globalSuperTightHalo2016Filter: pass=66948      all=66957      -- eff=99.99 % cumulative eff=91.53 %
Flag_EcalDeadCellTriggerPrimitiveFilter: pass=66933      all=66948      -- eff=99.98 % cumulative eff=91.51 %
Flag_BadPFMuonFilter: pass=66931      all=66933      -- eff=100.00 % cumulative eff=91.51 %
Flag_BadPFMuonDzFilter: pass=66929      all=66931      -- eff=100.00 % cumulative eff=91.51 %
Flag_eeBadScFilter: pass=66929      all=66929      -- eff=100.00 % cumulative eff=91.51 %
Flag_ecalBadCalibFilter: pass=66922      all=66929      -- eff=99.99 % cumulative eff=91.50 %
Flag_hfNoisyHitsFilter: pass=66918      all=66922      -- eff=99.99 % cumulative eff=91.49 %
Number of muons 2: pass=4576       all=66918      -- eff=6.84 % cumulative eff=6.26 %
Veto VH <= 0 electrons: pass=4530       all=4576       -- eff=98.99 % cumulative eff=6.19 %
DiMuon From Higgs: pass=2088       all=4530       -- eff=46.09 % cumulative eff=2.85 %
LeptonChargeSum: pass=2077       all=2088       -- eff=99.47 % cumulative eff=2.84 %
Hmass>=110: pass=1156       all=2077       -- eff=55.66 % cumulative eff=1.58 %
[2025-11-21 10:15:29.792] [main] [info] Writing quantities map to /eos/user/j/jiahua/MC_2022EE_inc/MC_2022EE_vbf/TWminusto2L2Nu_powheg_22EE_ext1-v2/aa7fa8e7-0c1f-45cb-a3ff-f50c4cfed8f0_vbfhmm.root
[2025-11-21 10:15:29.839] [main] [info] Finished Evaluation
[2025-11-21 10:15:29.839] [main] [info] Overall runtime (real time: 228.57, CPU time: 216.96)
