000 (13047285.108.000) 11/20 02:50:39 Job submitted from host: <188.185.121.235:9618?addrs=188.185.121.235-9618+[2001-1458-d00-49--100-36e]-9618&alias=bigbird22.cern.ch&noUDP&sock=schedd_232129_c3ca>
...
040 (13047285.108.000) 11/20 03:06:47 Started transferring input files
	Transferring to host: <188.185.207.215:9618?addrs=188.185.207.215-9618+[2001-1458-303-e--100-54]-9618&alias=b9p08p0021.cern.ch&noUDP&sock=slot1_20_9424_cf78_52289>
...
040 (13047285.108.000) 11/20 03:06:47 Finished transferring input files
...
001 (13047285.108.000) 11/20 03:06:48 Job executing on host: <188.185.207.215:9618?addrs=188.185.207.215-9618+[2001-1458-303-e--100-54]-9618&alias=b9p08p0021.cern.ch&noUDP&sock=startd_8479_779b>
	SlotName: slot1_20@b9p08p0021.cern.ch
	CondorScratchDir = "/pool/condor/dir_2977852"
	Cpus = 1
	Disk = 15930
	GPUs = 0
	Memory = 3000
...
006 (13047285.108.000) 11/20 03:07:01 Image size of job updated: 137880
	135  -  MemoryUsage of job (MB)
	137880  -  ResidentSetSize of job (KB)
...
006 (13047285.108.000) 11/20 03:08:54 Image size of job updated: 680616
	135  -  MemoryUsage of job (MB)
	137908  -  ResidentSetSize of job (KB)
...
040 (13047285.108.000) 11/20 03:08:54 Started transferring output files
...
040 (13047285.108.000) 11/20 03:08:54 Finished transferring output files
...
005 (13047285.108.000) 11/20 03:08:54 Job terminated.
	(1) Normal termination (return value 0)
		Usr 0 00:01:44, Sys 0 00:00:03  -  Run Remote Usage
		Usr 0 00:00:00, Sys 0 00:00:00  -  Run Local Usage
		Usr 0 00:01:44, Sys 0 00:00:03  -  Total Remote Usage
		Usr 0 00:00:00, Sys 0 00:00:00  -  Total Local Usage
	9954  -  Run Bytes Sent By Job
	11506596  -  Run Bytes Received By Job
	9954  -  Total Bytes Sent By Job
	11506596  -  Total Bytes Received By Job
	Partitionable Resources :    Usage  Request Allocated 
	   Cpus                 :        0        1         1 
	   Disk (KB)            :    11276    12500     15930 
	   GPUs                 :                           0 
	   Memory (MB)          :      135     3000      3000 
	   TimeExecute (s)      :      126                    
	   TimeSlotBusy (s)     :      127                    

	Job terminated of its own accord at 2025-11-20T02:08:54Z with exit-code 0.
...
