000 (13047732.111.000) 11/20 09:15:32 Job submitted from host: <188.185.121.235:9618?addrs=188.185.121.235-9618+[2001-1458-d00-49--100-36e]-9618&alias=bigbird22.cern.ch&noUDP&sock=schedd_232129_c3ca>
...
040 (13047732.111.000) 11/20 09:29:21 Started transferring input files
	Transferring to host: <128.142.192.142:9618?addrs=128.142.192.142-9618+[2001-1458-301-56--100-a]-9618&alias=b9g18p1267.cern.ch&noUDP&sock=slot1_24_3574_f4ca_75721>
...
040 (13047732.111.000) 11/20 09:29:21 Finished transferring input files
...
001 (13047732.111.000) 11/20 09:29:22 Job executing on host: <128.142.192.142:9618?addrs=128.142.192.142-9618+[2001-1458-301-56--100-a]-9618&alias=b9g18p1267.cern.ch&noUDP&sock=startd_3310_f691>
	SlotName: slot1_24@b9g18p1267.cern.ch
	CondorScratchDir = "/pool/condor/dir_2374270"
	Cpus = 1
	Disk = 15958
	GPUs = 0
	Memory = 3000
...
006 (13047732.111.000) 11/20 09:29:35 Image size of job updated: 90688
	89  -  MemoryUsage of job (MB)
	90688  -  ResidentSetSize of job (KB)
...
006 (13047732.111.000) 11/20 09:32:23 Image size of job updated: 685684
	89  -  MemoryUsage of job (MB)
	90732  -  ResidentSetSize of job (KB)
...
040 (13047732.111.000) 11/20 09:32:23 Started transferring output files
...
040 (13047732.111.000) 11/20 09:32:23 Finished transferring output files
...
005 (13047732.111.000) 11/20 09:32:23 Job terminated.
	(1) Normal termination (return value 134)
		Usr 0 00:02:40, Sys 0 00:00:03  -  Run Remote Usage
		Usr 0 00:00:00, Sys 0 00:00:00  -  Run Local Usage
		Usr 0 00:02:40, Sys 0 00:00:03  -  Total Remote Usage
		Usr 0 00:00:00, Sys 0 00:00:00  -  Total Local Usage
	8491  -  Run Bytes Sent By Job
	11510364  -  Run Bytes Received By Job
	8491  -  Total Bytes Sent By Job
	11510364  -  Total Bytes Received By Job
	Partitionable Resources :    Usage  Request Allocated 
	   Cpus                 :        0        1         1 
	   Disk (KB)            :    11272    12500     15958 
	   GPUs                 :                           0 
	   Memory (MB)          :       89     3000      3000 
	   TimeExecute (s)      :      181                    
	   TimeSlotBusy (s)     :      183                    

	Job terminated of its own accord at 2025-11-20T08:32:23Z with exit-code 134.
...
