Starting job on \n
Running on: Linux b9p21p1730.cern.ch 5.14.0-570.44.1.el9_6.x86_64 #1 SMP PREEMPT_DYNAMIC Tue Sep 9 05:17:30 EDT 2025 x86_64 x86_64 x86_64 GNU/Linux\n
System software: Red Hat Enterprise Linux release 9.7 (Plow)\n
Setting up CROWN for RedHatEnterprise Version 9.7
subject   : /DC=ch/DC=cern/OU=Organic Units/OU=Users/CN=jiahua/CN=851532/CN=Jiahua Chen/CN=2045128514
issuer    : /DC=ch/DC=cern/OU=Organic Units/OU=Users/CN=jiahua/CN=851532/CN=Jiahua Chen
identity  : /DC=ch/DC=cern/OU=Organic Units/OU=Users/CN=jiahua/CN=851532/CN=Jiahua Chen
type      : RFC compliant proxy
strength  : 2048 bits
path      : /afs/cern.ch/user/j/jiahua/proxy/x509up_u139833
timeleft  : 199:42:06
key usage : Digital Signature, Key Encipherment
=== VO cms extension information ===
VO        : cms
subject   : /DC=ch/DC=cern/OU=Organic Units/OU=Users/CN=jiahua/CN=851532/CN=Jiahua Chen
issuer    : /DC=ch/DC=cern/OU=computers/CN=cms-auth.cern.ch
attribute : /cms/Role=NULL/Capability=NULL
timeleft  : 191:42:05
uri       : voms-cms-auth.cern.ch:15000
subject   : /DC=ch/DC=cern/OU=Organic Units/OU=Users/CN=jiahua/CN=851532/CN=Jiahua Chen/CN=2045128514
issuer    : /DC=ch/DC=cern/OU=Organic Units/OU=Users/CN=jiahua/CN=851532/CN=Jiahua Chen
identity  : /DC=ch/DC=cern/OU=Organic Units/OU=Users/CN=jiahua/CN=851532/CN=Jiahua Chen
type      : RFC compliant proxy
strength  : 2048 bits
path      : /afs/cern.ch/user/j/jiahua/proxy/x509up_u139833
timeleft  : 199:42:06
key usage : Digital Signature, Key Encipherment
=== VO cms extension information ===
VO        : cms
subject   : /DC=ch/DC=cern/OU=Organic Units/OU=Users/CN=jiahua/CN=851532/CN=Jiahua Chen
issuer    : /DC=ch/DC=cern/OU=computers/CN=cms-auth.cern.ch
attribute : /cms/Role=NULL/Capability=NULL
timeleft  : 191:42:05
uri       : voms-cms-auth.cern.ch:15000
/eos/user/j/jiahua/MC_2022EE_inc/MC_2022EE_vbf/TWminusto2L2Nu_powheg_22EE_ext1-v2/c3a6d18b-fc17-4056-905b-072e3d3c07cd.root
[2025-11-20 03:06:37.319] [main] [info] Checking input files
[2025-11-20 03:06:42.593] [main] [info] NanoAOD input_file 1: root://cms-xrd-global.cern.ch//store/mc/Run3Summer22EENanoAODv12/TWminusto2L2Nu_TuneCP5_13p6TeV_powheg-pythia8/NANOAODSIM/130X_mcRun3_2022_realistic_postEE_v6_ext1-v2/30000/c3a6d18b-fc17-4056-905b-072e3d3c07cd.root - 97290 Events
[2025-11-20 03:06:42.593] [main] [info] input_file 1: root://cms-xrd-global.cern.ch//store/mc/Run3Summer22EENanoAODv12/TWminusto2L2Nu_TuneCP5_13p6TeV_powheg-pythia8/NANOAODSIM/130X_mcRun3_2022_realistic_postEE_v6_ext1-v2/30000/c3a6d18b-fc17-4056-905b-072e3d3c07cd.root - SumOfGenWeight: 369588.17070000124 
[2025-11-20 03:06:42.593] [main] [info] Output directory: /eos/user/j/jiahua/MC_2022EE_inc/MC_2022EE_vbf/TWminusto2L2Nu_powheg_22EE_ext1-v2/c3a6d18b-fc17-4056-905b-072e3d3c07cd.root
[2025-11-20 03:06:42.594] [main] [info] Starting Setup of Dataframe with 97290 events
[2025-11-20 03:07:47.905] [main] [info] Finished Setup
[2025-11-20 03:07:47.905] [main] [info] Runtime for setup (real time: 65.31, CPU time: 58.42)
[2025-11-20 03:07:47.905] [main] [info] Starting Evaluation
[2025-11-20 03:08:16.053] [main] [info] 10000 / 97290 (10.28 %) Events processed ...
[2025-11-20 03:08:29.249] [main] [info] 20000 / 97290 (20.56 %) Events processed ...
[2025-11-20 03:08:42.163] [main] [info] 30000 / 97290 (30.84 %) Events processed ...
[2025-11-20 03:08:57.405] [main] [info] 40000 / 97290 (41.11 %) Events processed ...
[2025-11-20 03:09:10.608] [main] [info] 50000 / 97290 (51.39 %) Events processed ...
[2025-11-20 03:09:24.336] [main] [info] 60000 / 97290 (61.67 %) Events processed ...
[2025-11-20 03:09:39.239] [main] [info] 70000 / 97290 (71.95 %) Events processed ...
[2025-11-20 03:09:52.957] [main] [info] 80000 / 97290 (82.23 %) Events processed ...
[2025-11-20 03:10:06.181] [main] [info] 90000 / 97290 (92.51 %) Events processed ...
[2025-11-20 03:10:15.812] [main] [info] vbfhmm:
GoodJetsCollection: pass=88874      all=97290      -- eff=91.35 % cumulative eff=91.35 %
Flag_goodVertices: pass=88874      all=88874      -- eff=100.00 % cumulative eff=91.35 %
Flag_globalSuperTightHalo2016Filter: pass=88865      all=88874      -- eff=99.99 % cumulative eff=91.34 %
Flag_EcalDeadCellTriggerPrimitiveFilter: pass=88837      all=88865      -- eff=99.97 % cumulative eff=91.31 %
Flag_BadPFMuonFilter: pass=88834      all=88837      -- eff=100.00 % cumulative eff=91.31 %
Flag_BadPFMuonDzFilter: pass=88829      all=88834      -- eff=99.99 % cumulative eff=91.30 %
Flag_eeBadScFilter: pass=88829      all=88829      -- eff=100.00 % cumulative eff=91.30 %
Flag_ecalBadCalibFilter: pass=88819      all=88829      -- eff=99.99 % cumulative eff=91.29 %
Flag_hfNoisyHitsFilter: pass=88818      all=88819      -- eff=100.00 % cumulative eff=91.29 %
Number of muons 2: pass=6103       all=88818      -- eff=6.87 % cumulative eff=6.27 %
Veto VH <= 0 electrons: pass=6051       all=6103       -- eff=99.15 % cumulative eff=6.22 %
DiMuon From Higgs: pass=2764       all=6051       -- eff=45.68 % cumulative eff=2.84 %
LeptonChargeSum: pass=2754       all=2764       -- eff=99.64 % cumulative eff=2.83 %
Hmass>=110: pass=1538       all=2754       -- eff=55.85 % cumulative eff=1.58 %
[2025-11-20 03:10:16.030] [main] [info] Writing quantities map to /eos/user/j/jiahua/MC_2022EE_inc/MC_2022EE_vbf/TWminusto2L2Nu_powheg_22EE_ext1-v2/c3a6d18b-fc17-4056-905b-072e3d3c07cd_vbfhmm.root
[2025-11-20 03:10:16.080] [main] [info] Finished Evaluation
[2025-11-20 03:10:16.080] [main] [info] Overall runtime (real time: 213.49, CPU time: 197.04)
