Starting job on \n
Running on: Linux b9p20p3190.cern.ch 5.14.0-570.44.1.el9_6.x86_64 #1 SMP PREEMPT_DYNAMIC Tue Sep 9 05:17:30 EDT 2025 x86_64 x86_64 x86_64 GNU/Linux\n
System software: Red Hat Enterprise Linux release 9.6 (Plow)\n
Setting up CROWN for RedHatEnterprise Version 9.6
subject   : /DC=ch/DC=cern/OU=Organic Units/OU=Users/CN=jiahua/CN=851532/CN=Jiahua Chen/CN=2045128514
issuer    : /DC=ch/DC=cern/OU=Organic Units/OU=Users/CN=jiahua/CN=851532/CN=Jiahua Chen
identity  : /DC=ch/DC=cern/OU=Organic Units/OU=Users/CN=jiahua/CN=851532/CN=Jiahua Chen
type      : RFC compliant proxy
strength  : 2048 bits
path      : /afs/cern.ch/user/j/jiahua/proxy/x509up_u139833
timeleft  : 199:41:25
key usage : Digital Signature, Key Encipherment
=== VO cms extension information ===
VO        : cms
subject   : /DC=ch/DC=cern/OU=Organic Units/OU=Users/CN=jiahua/CN=851532/CN=Jiahua Chen
issuer    : /DC=ch/DC=cern/OU=computers/CN=cms-auth.cern.ch
attribute : /cms/Role=NULL/Capability=NULL
timeleft  : 191:41:24
uri       : voms-cms-auth.cern.ch:15000
subject   : /DC=ch/DC=cern/OU=Organic Units/OU=Users/CN=jiahua/CN=851532/CN=Jiahua Chen/CN=2045128514
issuer    : /DC=ch/DC=cern/OU=Organic Units/OU=Users/CN=jiahua/CN=851532/CN=Jiahua Chen
identity  : /DC=ch/DC=cern/OU=Organic Units/OU=Users/CN=jiahua/CN=851532/CN=Jiahua Chen
type      : RFC compliant proxy
strength  : 2048 bits
path      : /afs/cern.ch/user/j/jiahua/proxy/x509up_u139833
timeleft  : 199:41:25
key usage : Digital Signature, Key Encipherment
=== VO cms extension information ===
VO        : cms
subject   : /DC=ch/DC=cern/OU=Organic Units/OU=Users/CN=jiahua/CN=851532/CN=Jiahua Chen
issuer    : /DC=ch/DC=cern/OU=computers/CN=cms-auth.cern.ch
attribute : /cms/Role=NULL/Capability=NULL
timeleft  : 191:41:24
uri       : voms-cms-auth.cern.ch:15000
/eos/user/j/jiahua/MC_2022EE_inc/MC_2022EE_vbf/TWminusto2L2Nu_powheg_22EE_ext1-v2/e2ecb558-10fc-4626-b62b-3f7323b683b3.root
[2025-11-20 03:07:18.666] [main] [info] Checking input files
[2025-11-20 03:07:25.330] [main] [info] NanoAOD input_file 1: root://cms-xrd-global.cern.ch//store/mc/Run3Summer22EENanoAODv12/TWminusto2L2Nu_TuneCP5_13p6TeV_powheg-pythia8/NANOAODSIM/130X_mcRun3_2022_realistic_postEE_v6_ext1-v2/2520000/e2ecb558-10fc-4626-b62b-3f7323b683b3.root - 1380 Events
[2025-11-20 03:07:25.330] [main] [info] input_file 1: root://cms-xrd-global.cern.ch//store/mc/Run3Summer22EENanoAODv12/TWminusto2L2Nu_TuneCP5_13p6TeV_powheg-pythia8/NANOAODSIM/130X_mcRun3_2022_realistic_postEE_v6_ext1-v2/2520000/e2ecb558-10fc-4626-b62b-3f7323b683b3.root - SumOfGenWeight: 5242.3854 
[2025-11-20 03:07:25.330] [main] [info] Output directory: /eos/user/j/jiahua/MC_2022EE_inc/MC_2022EE_vbf/TWminusto2L2Nu_powheg_22EE_ext1-v2/e2ecb558-10fc-4626-b62b-3f7323b683b3.root
[2025-11-20 03:07:25.331] [main] [info] Starting Setup of Dataframe with 1380 events
[2025-11-20 03:09:27.881] [main] [info] Finished Setup
[2025-11-20 03:09:27.881] [main] [info] Runtime for setup (real time: 122.55, CPU time: 116.12)
[2025-11-20 03:09:27.881] [main] [info] Starting Evaluation
[2025-11-20 03:09:53.524] [main] [info] vbfhmm:
GoodJetsCollection: pass=1274       all=1380       -- eff=92.32 % cumulative eff=92.32 %
Flag_goodVertices: pass=1274       all=1274       -- eff=100.00 % cumulative eff=92.32 %
Flag_globalSuperTightHalo2016Filter: pass=1273       all=1274       -- eff=99.92 % cumulative eff=92.25 %
Flag_EcalDeadCellTriggerPrimitiveFilter: pass=1273       all=1273       -- eff=100.00 % cumulative eff=92.25 %
Flag_BadPFMuonFilter: pass=1273       all=1273       -- eff=100.00 % cumulative eff=92.25 %
Flag_BadPFMuonDzFilter: pass=1273       all=1273       -- eff=100.00 % cumulative eff=92.25 %
Flag_eeBadScFilter: pass=1273       all=1273       -- eff=100.00 % cumulative eff=92.25 %
Flag_ecalBadCalibFilter: pass=1273       all=1273       -- eff=100.00 % cumulative eff=92.25 %
Flag_hfNoisyHitsFilter: pass=1273       all=1273       -- eff=100.00 % cumulative eff=92.25 %
Number of muons 2: pass=84         all=1273       -- eff=6.60 % cumulative eff=6.09 %
Veto VH <= 0 electrons: pass=82         all=84         -- eff=97.62 % cumulative eff=5.94 %
DiMuon From Higgs: pass=38         all=82         -- eff=46.34 % cumulative eff=2.75 %
LeptonChargeSum: pass=38         all=38         -- eff=100.00 % cumulative eff=2.75 %
Hmass>=110: pass=19         all=38         -- eff=50.00 % cumulative eff=1.38 %
[2025-11-20 03:09:53.637] [main] [info] Writing quantities map to /eos/user/j/jiahua/MC_2022EE_inc/MC_2022EE_vbf/TWminusto2L2Nu_powheg_22EE_ext1-v2/e2ecb558-10fc-4626-b62b-3f7323b683b3_vbfhmm.root
[2025-11-20 03:09:53.719] [main] [info] Finished Evaluation
[2025-11-20 03:09:53.719] [main] [info] Overall runtime (real time: 148.39, CPU time: 139.84)
