000 (13047732.207.000) 11/20 09:15:33 Job submitted from host: <188.185.121.235:9618?addrs=188.185.121.235-9618+[2001-1458-d00-49--100-36e]-9618&alias=bigbird22.cern.ch&noUDP&sock=schedd_232129_c3ca>
...
040 (13047732.207.000) 11/20 09:29:49 Started transferring input files
	Transferring to host: <188.185.210.206:9618?addrs=188.185.210.206-9618+[2001-1458-303-15--100-4a]-9618&alias=b9p22p3505.cern.ch&noUDP&sock=slot1_32_7251_bc40_81203>
...
040 (13047732.207.000) 11/20 09:29:49 Finished transferring input files
...
001 (13047732.207.000) 11/20 09:29:50 Job executing on host: <188.185.210.206:9618?addrs=188.185.210.206-9618+[2001-1458-303-15--100-4a]-9618&alias=b9p22p3505.cern.ch&noUDP&sock=startd_6429_5675>
	SlotName: slot1_32@b9p22p3505.cern.ch
	CondorScratchDir = "/pool/condor/dir_677371"
	Cpus = 1
	Disk = 15988
	GPUs = 0
	Memory = 3000
...
006 (13047732.207.000) 11/20 09:30:03 Image size of job updated: 95752
	94  -  MemoryUsage of job (MB)
	95752  -  ResidentSetSize of job (KB)
...
006 (13047732.207.000) 11/20 09:31:44 Image size of job updated: 658492
	94  -  MemoryUsage of job (MB)
	95752  -  ResidentSetSize of job (KB)
...
040 (13047732.207.000) 11/20 09:31:44 Started transferring output files
...
040 (13047732.207.000) 11/20 09:31:44 Finished transferring output files
...
005 (13047732.207.000) 11/20 09:31:44 Job terminated.
	(1) Normal termination (return value 134)
		Usr 0 00:01:31, Sys 0 00:00:03  -  Run Remote Usage
		Usr 0 00:00:00, Sys 0 00:00:00  -  Run Local Usage
		Usr 0 00:01:31, Sys 0 00:00:03  -  Total Remote Usage
		Usr 0 00:00:00, Sys 0 00:00:00  -  Total Local Usage
	8504  -  Run Bytes Sent By Job
	11510364  -  Run Bytes Received By Job
	8504  -  Total Bytes Sent By Job
	11510364  -  Total Bytes Received By Job
	Partitionable Resources :    Usage  Request Allocated 
	   Cpus                 :        0        1         1 
	   Disk (KB)            :    11272    12500     15988 
	   GPUs                 :                           0 
	   Memory (MB)          :       94     3000      3000 
	   TimeExecute (s)      :      114                    
	   TimeSlotBusy (s)     :      116                    

	Job terminated of its own accord at 2025-11-20T08:31:44Z with exit-code 134.
...
