000 (13047732.205.000) 11/20 09:15:33 Job submitted from host: <188.185.121.235:9618?addrs=188.185.121.235-9618+[2001-1458-d00-49--100-36e]-9618&alias=bigbird22.cern.ch&noUDP&sock=schedd_232129_c3ca>
...
040 (13047732.205.000) 11/20 09:29:47 Started transferring input files
	Transferring to host: <188.185.215.203:9618?addrs=188.185.215.203-9618+[2001-1458-303-26--100-47]-9618&alias=b9p18p1572.cern.ch&noUDP&sock=slot1_36_9222_7bb0_62755>
...
040 (13047732.205.000) 11/20 09:29:47 Finished transferring input files
...
001 (13047732.205.000) 11/20 09:29:48 Job executing on host: <188.185.215.203:9618?addrs=188.185.215.203-9618+[2001-1458-303-26--100-47]-9618&alias=b9p18p1572.cern.ch&noUDP&sock=startd_8274_dab1>
	SlotName: slot1_36@b9p18p1572.cern.ch
	CondorScratchDir = "/pool/condor/dir_2113671"
	Cpus = 1
	Disk = 16095
	GPUs = 0
	Memory = 3000
...
006 (13047732.205.000) 11/20 09:30:02 Image size of job updated: 98896
	97  -  MemoryUsage of job (MB)
	98896  -  ResidentSetSize of job (KB)
...
006 (13047732.205.000) 11/20 09:31:18 Image size of job updated: 661684
	97  -  MemoryUsage of job (MB)
	98896  -  ResidentSetSize of job (KB)
...
040 (13047732.205.000) 11/20 09:31:18 Started transferring output files
...
040 (13047732.205.000) 11/20 09:31:18 Finished transferring output files
...
005 (13047732.205.000) 11/20 09:31:18 Job terminated.
	(1) Normal termination (return value 134)
		Usr 0 00:01:13, Sys 0 00:00:02  -  Run Remote Usage
		Usr 0 00:00:00, Sys 0 00:00:00  -  Run Local Usage
		Usr 0 00:01:13, Sys 0 00:00:02  -  Total Remote Usage
		Usr 0 00:00:00, Sys 0 00:00:00  -  Total Local Usage
	8503  -  Run Bytes Sent By Job
	11510364  -  Run Bytes Received By Job
	8503  -  Total Bytes Sent By Job
	11510364  -  Total Bytes Received By Job
	Partitionable Resources :    Usage  Request Allocated 
	   Cpus                 :        0        1         1 
	   Disk (KB)            :    11272    12500     16095 
	   GPUs                 :                           0 
	   Memory (MB)          :       97     3000      3000 
	   TimeExecute (s)      :       90                    
	   TimeSlotBusy (s)     :       91                    

	Job terminated of its own accord at 2025-11-20T08:31:18Z with exit-code 134.
...
