000 (13047285.025.000) 11/20 02:50:39 Job submitted from host: <188.185.121.235:9618?addrs=188.185.121.235-9618+[2001-1458-d00-49--100-36e]-9618&alias=bigbird22.cern.ch&noUDP&sock=schedd_232129_c3ca>
...
040 (13047285.025.000) 11/20 03:06:16 Started transferring input files
	Transferring to host: <188.185.211.28:9618?addrs=188.185.211.28-9618+[2001-1458-303-16--100-18]-9618&alias=b9p23p1756.cern.ch&noUDP&sock=slot1_12_3962_565a_64678>
...
040 (13047285.025.000) 11/20 03:06:16 Finished transferring input files
...
001 (13047285.025.000) 11/20 03:06:17 Job executing on host: <188.185.211.28:9618?addrs=188.185.211.28-9618+[2001-1458-303-16--100-18]-9618&alias=b9p23p1756.cern.ch&noUDP&sock=startd_3380_fa32>
	SlotName: slot1_12@b9p23p1756.cern.ch
	CondorScratchDir = "/pool/condor/dir_785913"
	Cpus = 1
	Disk = 16180
	GPUs = 0
	Memory = 3000
...
006 (13047285.025.000) 11/20 03:06:31 Image size of job updated: 105536
	104  -  MemoryUsage of job (MB)
	105536  -  ResidentSetSize of job (KB)
...
006 (13047285.025.000) 11/20 03:08:20 Image size of job updated: 702568
	104  -  MemoryUsage of job (MB)
	105604  -  ResidentSetSize of job (KB)
...
040 (13047285.025.000) 11/20 03:08:20 Started transferring output files
...
040 (13047285.025.000) 11/20 03:08:20 Finished transferring output files
...
005 (13047285.025.000) 11/20 03:08:20 Job terminated.
	(1) Normal termination (return value 0)
		Usr 0 00:01:42, Sys 0 00:00:03  -  Run Remote Usage
		Usr 0 00:00:00, Sys 0 00:00:00  -  Run Local Usage
		Usr 0 00:01:42, Sys 0 00:00:03  -  Total Remote Usage
		Usr 0 00:00:00, Sys 0 00:00:00  -  Total Local Usage
	9861  -  Run Bytes Sent By Job
	11506596  -  Run Bytes Received By Job
	9861  -  Total Bytes Sent By Job
	11506596  -  Total Bytes Received By Job
	Partitionable Resources :    Usage  Request Allocated 
	   Cpus                 :        0        1         1 
	   Disk (KB)            :    11270    12500     16180 
	   GPUs                 :                           0 
	   Memory (MB)          :      104     3000      3000 
	   TimeExecute (s)      :      123                    
	   TimeSlotBusy (s)     :      124                    

	Job terminated of its own accord at 2025-11-20T02:08:20Z with exit-code 0.
...
