000 (13087769.065.000) 11/21 10:06:36 Job submitted from host: <188.185.121.235:9618?addrs=188.185.121.235-9618+[2001-1458-d00-49--100-36e]-9618&alias=bigbird22.cern.ch&noUDP&sock=schedd_232129_c3ca>
...
040 (13087769.065.000) 11/21 10:10:48 Started transferring input files
	Transferring to host: <188.185.213.41:9618?addrs=188.185.213.41-9618+[2001-1458-303-1a--100-25]-9618&alias=b9p27p3814.cern.ch&noUDP&sock=slot1_43_4577_a913_62638>
...
040 (13087769.065.000) 11/21 10:10:49 Finished transferring input files
...
001 (13087769.065.000) 11/21 10:10:49 Job executing on host: <188.185.213.41:9618?addrs=188.185.213.41-9618+[2001-1458-303-1a--100-25]-9618&alias=b9p27p3814.cern.ch&noUDP&sock=startd_3874_d1fb>
	SlotName: slot1_43@b9p27p3814.cern.ch
	CondorScratchDir = "/pool/condor/dir_1914362"
	Cpus = 1
	Disk = 16039
	GPUs = 0
	Memory = 3000
...
006 (13087769.065.000) 11/21 10:11:02 Image size of job updated: 157004
	154  -  MemoryUsage of job (MB)
	157004  -  ResidentSetSize of job (KB)
...
006 (13087769.065.000) 11/21 10:12:55 Image size of job updated: 700188
	154  -  MemoryUsage of job (MB)
	157004  -  ResidentSetSize of job (KB)
...
040 (13087769.065.000) 11/21 10:12:56 Started transferring output files
...
040 (13087769.065.000) 11/21 10:12:56 Finished transferring output files
...
005 (13087769.065.000) 11/21 10:12:56 Job terminated.
	(1) Normal termination (return value 0)
		Usr 0 00:01:45, Sys 0 00:00:02  -  Run Remote Usage
		Usr 0 00:00:00, Sys 0 00:00:00  -  Run Local Usage
		Usr 0 00:01:45, Sys 0 00:00:02  -  Total Remote Usage
		Usr 0 00:00:00, Sys 0 00:00:00  -  Total Local Usage
	9862  -  Run Bytes Sent By Job
	11510364  -  Run Bytes Received By Job
	9862  -  Total Bytes Sent By Job
	11510364  -  Total Bytes Received By Job
	Partitionable Resources :    Usage  Request Allocated 
	   Cpus                 :     0.99        1         1 
	   Disk (KB)            : 11274       12500     16039 
	   GPUs                 :                           0 
	   Memory (MB)          :   154        3000      3000 
	   TimeExecute (s)      :   126                       
	   TimeSlotBusy (s)     :   128                       

	Job terminated of its own accord at 2025-11-21T09:12:55Z with exit-code 0.
...
