000 (13047732.117.000) 11/20 09:15:32 Job submitted from host: <188.185.121.235:9618?addrs=188.185.121.235-9618+[2001-1458-d00-49--100-36e]-9618&alias=bigbird22.cern.ch&noUDP&sock=schedd_232129_c3ca>
...
040 (13047732.117.000) 11/20 09:29:23 Started transferring input files
	Transferring to host: <188.185.213.182:9618?addrs=188.185.213.182-9618+[2001-1458-303-1b--100-32]-9618&alias=b9p28p3646.cern.ch&noUDP&sock=slot1_11_4730_7679_74148>
...
040 (13047732.117.000) 11/20 09:29:23 Finished transferring input files
...
001 (13047732.117.000) 11/20 09:29:24 Job executing on host: <188.185.213.182:9618?addrs=188.185.213.182-9618+[2001-1458-303-1b--100-32]-9618&alias=b9p28p3646.cern.ch&noUDP&sock=startd_3933_4a12>
	SlotName: slot1_11@b9p28p3646.cern.ch
	CondorScratchDir = "/pool/condor/dir_4129150"
	Cpus = 1
	Disk = 16105
	GPUs = 0
	Memory = 3000
...
006 (13047732.117.000) 11/20 09:29:37 Image size of job updated: 95980
	94  -  MemoryUsage of job (MB)
	95980  -  ResidentSetSize of job (KB)
...
006 (13047732.117.000) 11/20 09:30:51 Image size of job updated: 676924
	94  -  MemoryUsage of job (MB)
	95980  -  ResidentSetSize of job (KB)
...
040 (13047732.117.000) 11/20 09:30:51 Started transferring output files
...
040 (13047732.117.000) 11/20 09:30:51 Finished transferring output files
...
005 (13047732.117.000) 11/20 09:30:51 Job terminated.
	(1) Normal termination (return value 134)
		Usr 0 00:01:10, Sys 0 00:00:02  -  Run Remote Usage
		Usr 0 00:00:00, Sys 0 00:00:00  -  Run Local Usage
		Usr 0 00:01:10, Sys 0 00:00:02  -  Total Remote Usage
		Usr 0 00:00:00, Sys 0 00:00:00  -  Total Local Usage
	8510  -  Run Bytes Sent By Job
	11510364  -  Run Bytes Received By Job
	8510  -  Total Bytes Sent By Job
	11510364  -  Total Bytes Received By Job
	Partitionable Resources :    Usage  Request Allocated 
	   Cpus                 :        0        1         1 
	   Disk (KB)            :    11272    12500     16105 
	   GPUs                 :                           0 
	   Memory (MB)          :       94     3000      3000 
	   TimeExecute (s)      :       87                    
	   TimeSlotBusy (s)     :       89                    

	Job terminated of its own accord at 2025-11-20T08:30:51Z with exit-code 134.
...
