000 (13087769.037.000) 11/21 10:06:36 Job submitted from host: <188.185.121.235:9618?addrs=188.185.121.235-9618+[2001-1458-d00-49--100-36e]-9618&alias=bigbird22.cern.ch&noUDP&sock=schedd_232129_c3ca>
...
040 (13087769.037.000) 11/21 10:10:32 Started transferring input files
	Transferring to host: <188.185.210.178:9618?addrs=188.185.210.178-9618+[2001-1458-303-15--100-2e]-9618&alias=b9p22p2917.cern.ch&noUDP&sock=slot1_7_5460_d057_65525>
...
040 (13087769.037.000) 11/21 10:10:32 Finished transferring input files
...
001 (13087769.037.000) 11/21 10:10:35 Job executing on host: <188.185.210.178:9618?addrs=188.185.210.178-9618+[2001-1458-303-15--100-2e]-9618&alias=b9p22p2917.cern.ch&noUDP&sock=startd_4435_9e9d>
	SlotName: slot1_7@b9p22p2917.cern.ch
	CondorScratchDir = "/pool/condor/dir_567350"
	Cpus = 1
	Disk = 16084
	GPUs = 0
	Memory = 3000
...
006 (13087769.037.000) 11/21 10:10:48 Image size of job updated: 95164
	93  -  MemoryUsage of job (MB)
	95164  -  ResidentSetSize of job (KB)
...
006 (13087769.037.000) 11/21 10:15:48 Image size of job updated: 703256
	687  -  MemoryUsage of job (MB)
	703256  -  ResidentSetSize of job (KB)
...
006 (13087769.037.000) 11/21 10:16:05 Image size of job updated: 703300
	687  -  MemoryUsage of job (MB)
	703256  -  ResidentSetSize of job (KB)
...
040 (13087769.037.000) 11/21 10:16:05 Started transferring output files
...
040 (13087769.037.000) 11/21 10:16:05 Finished transferring output files
...
005 (13087769.037.000) 11/21 10:16:05 Job terminated.
	(1) Normal termination (return value 0)
		Usr 0 00:05:00, Sys 0 00:00:04  -  Run Remote Usage
		Usr 0 00:00:00, Sys 0 00:00:00  -  Run Local Usage
		Usr 0 00:05:00, Sys 0 00:00:04  -  Total Remote Usage
		Usr 0 00:00:00, Sys 0 00:00:00  -  Total Local Usage
	10906  -  Run Bytes Sent By Job
	11510364  -  Run Bytes Received By Job
	10906  -  Total Bytes Sent By Job
	11510364  -  Total Bytes Received By Job
	Partitionable Resources :    Usage  Request Allocated 
	   Cpus                 :     0.99        1         1 
	   Disk (KB)            : 11275       12500     16084 
	   GPUs                 :                           0 
	   Memory (MB)          :   687        3000      3000 
	   TimeExecute (s)      :   332                       
	   TimeSlotBusy (s)     :   333                       

	Job terminated of its own accord at 2025-11-21T09:16:05Z with exit-code 0.
...
