000 (13047732.024.000) 11/20 09:15:32 Job submitted from host: <188.185.121.235:9618?addrs=188.185.121.235-9618+[2001-1458-d00-49--100-36e]-9618&alias=bigbird22.cern.ch&noUDP&sock=schedd_232129_c3ca>
...
040 (13047732.024.000) 11/20 09:28:52 Started transferring input files
	Transferring to host: <188.185.214.10:9618?addrs=188.185.214.10-9618+[2001-1458-303-1c--100-6]-9618&alias=b9p29p1341.cern.ch&noUDP&sock=slot1_9_5054_c007_75701>
...
040 (13047732.024.000) 11/20 09:28:52 Finished transferring input files
...
001 (13047732.024.000) 11/20 09:28:53 Job executing on host: <188.185.214.10:9618?addrs=188.185.214.10-9618+[2001-1458-303-1c--100-6]-9618&alias=b9p29p1341.cern.ch&noUDP&sock=startd_4065_d492>
	SlotName: slot1_9@b9p29p1341.cern.ch
	CondorScratchDir = "/pool/condor/dir_3978005"
	Cpus = 1
	Disk = 16156
	GPUs = 0
	Memory = 3000
...
006 (13047732.024.000) 11/20 09:29:06 Image size of job updated: 96012
	94  -  MemoryUsage of job (MB)
	96012  -  ResidentSetSize of job (KB)
...
006 (13047732.024.000) 11/20 09:30:35 Image size of job updated: 690644
	94  -  MemoryUsage of job (MB)
	96012  -  ResidentSetSize of job (KB)
...
040 (13047732.024.000) 11/20 09:30:35 Started transferring output files
...
040 (13047732.024.000) 11/20 09:30:35 Finished transferring output files
...
005 (13047732.024.000) 11/20 09:30:35 Job terminated.
	(1) Normal termination (return value 0)
		Usr 0 00:01:25, Sys 0 00:00:02  -  Run Remote Usage
		Usr 0 00:00:00, Sys 0 00:00:00  -  Run Local Usage
		Usr 0 00:01:25, Sys 0 00:00:02  -  Total Remote Usage
		Usr 0 00:00:00, Sys 0 00:00:00  -  Total Local Usage
	9778  -  Run Bytes Sent By Job
	11510364  -  Run Bytes Received By Job
	9778  -  Total Bytes Sent By Job
	11510364  -  Total Bytes Received By Job
	Partitionable Resources :    Usage  Request Allocated 
	   Cpus                 :        0        1         1 
	   Disk (KB)            :    11274    12500     16156 
	   GPUs                 :                           0 
	   Memory (MB)          :       94     3000      3000 
	   TimeExecute (s)      :      102                    
	   TimeSlotBusy (s)     :      103                    

	Job terminated of its own accord at 2025-11-20T08:30:35Z with exit-code 0.
...
