000 (13047734.254.000) 11/20 09:15:36 Job submitted from host: <188.185.121.235:9618?addrs=188.185.121.235-9618+[2001-1458-d00-49--100-36e]-9618&alias=bigbird22.cern.ch&noUDP&sock=schedd_232129_c3ca>
...
040 (13047734.254.000) 11/20 09:32:32 Started transferring input files
	Transferring to host: <128.142.33.210:9618?addrs=128.142.33.210-9618+[2001-1458-301-39--100-f]-9618&alias=b9g24p4209.cern.ch&noUDP&sock=slot1_51_6983_e7b5_66105>
...
040 (13047734.254.000) 11/20 09:32:32 Finished transferring input files
...
001 (13047734.254.000) 11/20 09:32:33 Job executing on host: <128.142.33.210:9618?addrs=128.142.33.210-9618+[2001-1458-301-39--100-f]-9618&alias=b9g24p4209.cern.ch&noUDP&sock=startd_5924_f322>
	SlotName: slot1_51@b9g24p4209.cern.ch
	CondorScratchDir = "/pool/condor/dir_2954515"
	Cpus = 1
	Disk = 16293
	GPUs = 0
	Memory = 3000
...
006 (13047734.254.000) 11/20 09:32:46 Image size of job updated: 152056
	149  -  MemoryUsage of job (MB)
	152056  -  ResidentSetSize of job (KB)
...
006 (13047734.254.000) 11/20 09:34:01 Image size of job updated: 658472
	149  -  MemoryUsage of job (MB)
	152056  -  ResidentSetSize of job (KB)
...
040 (13047734.254.000) 11/20 09:34:01 Started transferring output files
...
040 (13047734.254.000) 11/20 09:34:01 Finished transferring output files
...
005 (13047734.254.000) 11/20 09:34:01 Job terminated.
	(1) Normal termination (return value 134)
		Usr 0 00:01:15, Sys 0 00:00:02  -  Run Remote Usage
		Usr 0 00:00:00, Sys 0 00:00:00  -  Run Local Usage
		Usr 0 00:01:15, Sys 0 00:00:02  -  Total Remote Usage
		Usr 0 00:00:00, Sys 0 00:00:00  -  Total Local Usage
	8487  -  Run Bytes Sent By Job
	11510364  -  Run Bytes Received By Job
	8487  -  Total Bytes Sent By Job
	11510364  -  Total Bytes Received By Job
	Partitionable Resources :    Usage  Request Allocated 
	   Cpus                 :        0        1         1 
	   Disk (KB)            :    11273    12500     16293 
	   GPUs                 :                           0 
	   Memory (MB)          :      149     3000      3000 
	   TimeExecute (s)      :       88                    
	   TimeSlotBusy (s)     :       89                    

	Job terminated of its own accord at 2025-11-20T08:34:01Z with exit-code 134.
...
