000 (13047734.140.000) 11/20 09:15:36 Job submitted from host: <188.185.121.235:9618?addrs=188.185.121.235-9618+[2001-1458-d00-49--100-36e]-9618&alias=bigbird22.cern.ch&noUDP&sock=schedd_232129_c3ca>
...
040 (13047734.140.000) 11/20 09:31:54 Started transferring input files
	Transferring to host: <188.185.213.158:9618?addrs=188.185.213.158-9618+[2001-1458-303-1b--100-1a]-9618&alias=b9p28p5030.cern.ch&noUDP&sock=slot1_14_3903_c438_63910>
...
040 (13047734.140.000) 11/20 09:31:54 Finished transferring input files
...
001 (13047734.140.000) 11/20 09:31:55 Job executing on host: <188.185.213.158:9618?addrs=188.185.213.158-9618+[2001-1458-303-1b--100-1a]-9618&alias=b9p28p5030.cern.ch&noUDP&sock=startd_3201_32bf>
	SlotName: slot1_14@b9p28p5030.cern.ch
	CondorScratchDir = "/pool/condor/dir_2168394"
	Cpus = 1
	Disk = 16094
	GPUs = 0
	Memory = 3000
...
006 (13047734.140.000) 11/20 09:32:09 Image size of job updated: 105620
	104  -  MemoryUsage of job (MB)
	105620  -  ResidentSetSize of job (KB)
...
006 (13047734.140.000) 11/20 09:33:42 Image size of job updated: 676220
	105  -  MemoryUsage of job (MB)
	107500  -  ResidentSetSize of job (KB)
...
040 (13047734.140.000) 11/20 09:33:42 Started transferring output files
...
040 (13047734.140.000) 11/20 09:33:43 Finished transferring output files
...
005 (13047734.140.000) 11/20 09:33:43 Job terminated.
	(1) Normal termination (return value 134)
		Usr 0 00:01:31, Sys 0 00:00:03  -  Run Remote Usage
		Usr 0 00:00:00, Sys 0 00:00:00  -  Run Local Usage
		Usr 0 00:01:31, Sys 0 00:00:03  -  Total Remote Usage
		Usr 0 00:00:00, Sys 0 00:00:00  -  Total Local Usage
	8486  -  Run Bytes Sent By Job
	11510364  -  Run Bytes Received By Job
	8486  -  Total Bytes Sent By Job
	11510364  -  Total Bytes Received By Job
	Partitionable Resources :    Usage  Request Allocated 
	   Cpus                 :        0        1         1 
	   Disk (KB)            :    11273    12500     16094 
	   GPUs                 :                           0 
	   Memory (MB)          :      105     3000      3000 
	   TimeExecute (s)      :      107                    
	   TimeSlotBusy (s)     :      109                    

	Job terminated of its own accord at 2025-11-20T08:33:42Z with exit-code 134.
...
