000 (13047734.187.000) 11/20 09:15:36 Job submitted from host: <188.185.121.235:9618?addrs=188.185.121.235-9618+[2001-1458-d00-49--100-36e]-9618&alias=bigbird22.cern.ch&noUDP&sock=schedd_232129_c3ca>
...
040 (13047734.187.000) 11/20 09:32:10 Started transferring input files
	Transferring to host: <188.185.214.80:9618?addrs=188.185.214.80-9618+[2001-1458-303-1c--100-4c]-9618&alias=b9p29p1053.cern.ch&noUDP&sock=slot1_43_6232_c1f7_60691>
...
040 (13047734.187.000) 11/20 09:32:10 Finished transferring input files
...
001 (13047734.187.000) 11/20 09:32:11 Job executing on host: <188.185.214.80:9618?addrs=188.185.214.80-9618+[2001-1458-303-1c--100-4c]-9618&alias=b9p29p1053.cern.ch&noUDP&sock=startd_5530_b2d1>
	SlotName: slot1_43@b9p29p1053.cern.ch
	CondorScratchDir = "/pool/condor/dir_2705776"
	Cpus = 1
	Disk = 16056
	GPUs = 0
	Memory = 3000
...
006 (13047734.187.000) 11/20 09:32:24 Image size of job updated: 95992
	94  -  MemoryUsage of job (MB)
	95992  -  ResidentSetSize of job (KB)
...
006 (13047734.187.000) 11/20 09:33:50 Image size of job updated: 658464
	94  -  MemoryUsage of job (MB)
	95992  -  ResidentSetSize of job (KB)
...
040 (13047734.187.000) 11/20 09:33:50 Started transferring output files
...
040 (13047734.187.000) 11/20 09:33:50 Finished transferring output files
...
005 (13047734.187.000) 11/20 09:33:50 Job terminated.
	(1) Normal termination (return value 134)
		Usr 0 00:01:23, Sys 0 00:00:03  -  Run Remote Usage
		Usr 0 00:00:00, Sys 0 00:00:00  -  Run Local Usage
		Usr 0 00:01:23, Sys 0 00:00:03  -  Total Remote Usage
		Usr 0 00:00:00, Sys 0 00:00:00  -  Total Local Usage
	8481  -  Run Bytes Sent By Job
	11510364  -  Run Bytes Received By Job
	8481  -  Total Bytes Sent By Job
	11510364  -  Total Bytes Received By Job
	Partitionable Resources :    Usage  Request Allocated 
	   Cpus                 :        0        1         1 
	   Disk (KB)            :    11273    12500     16056 
	   GPUs                 :                           0 
	   Memory (MB)          :       94     3000      3000 
	   TimeExecute (s)      :       99                    
	   TimeSlotBusy (s)     :      101                    

	Job terminated of its own accord at 2025-11-20T08:33:50Z with exit-code 134.
...
