000 (13087770.157.000) 11/21 10:06:49 Job submitted from host: <188.185.121.235:9618?addrs=188.185.121.235-9618+[2001-1458-d00-49--100-36e]-9618&alias=bigbird22.cern.ch&noUDP&sock=schedd_232129_c3ca>
...
040 (13087770.157.000) 11/21 10:12:34 Started transferring input files
	Transferring to host: <188.185.211.90:9618?addrs=188.185.211.90-9618+[2001-1458-303-16--100-56]-9618&alias=b9p23p5374.cern.ch&noUDP&sock=slot1_1_9088_116b_65501>
...
040 (13087770.157.000) 11/21 10:12:34 Finished transferring input files
...
001 (13087770.157.000) 11/21 10:12:35 Job executing on host: <188.185.211.90:9618?addrs=188.185.211.90-9618+[2001-1458-303-16--100-56]-9618&alias=b9p23p5374.cern.ch&noUDP&sock=startd_8029_cdfd>
	SlotName: slot1_1@b9p23p5374.cern.ch
	CondorScratchDir = "/pool/condor/dir_2816740"
	Cpus = 1
	Disk = 15876
	GPUs = 0
	Memory = 3000
...
006 (13087770.157.000) 11/21 10:12:49 Image size of job updated: 153144
	150  -  MemoryUsage of job (MB)
	153144  -  ResidentSetSize of job (KB)
...
006 (13087770.157.000) 11/21 10:15:13 Image size of job updated: 694552
	150  -  MemoryUsage of job (MB)
	153144  -  ResidentSetSize of job (KB)
...
040 (13087770.157.000) 11/21 10:15:13 Started transferring output files
...
040 (13087770.157.000) 11/21 10:15:13 Finished transferring output files
...
005 (13087770.157.000) 11/21 10:15:13 Job terminated.
	(1) Normal termination (return value 0)
		Usr 0 00:02:20, Sys 0 00:00:03  -  Run Remote Usage
		Usr 0 00:00:00, Sys 0 00:00:00  -  Run Local Usage
		Usr 0 00:02:20, Sys 0 00:00:03  -  Total Remote Usage
		Usr 0 00:00:00, Sys 0 00:00:00  -  Total Local Usage
	10189  -  Run Bytes Sent By Job
	11510364  -  Run Bytes Received By Job
	10189  -  Total Bytes Sent By Job
	11510364  -  Total Bytes Received By Job
	Partitionable Resources :    Usage  Request Allocated 
	   Cpus                 :        0        1         1 
	   Disk (KB)            :    11275    12500     15876 
	   GPUs                 :                           0 
	   Memory (MB)          :      150     3000      3000 
	   TimeExecute (s)      :      158                    
	   TimeSlotBusy (s)     :      159                    

	Job terminated of its own accord at 2025-11-21T09:15:13Z with exit-code 0.
...
