000 (13087770.254.000) 11/21 10:06:50 Job submitted from host: <188.185.121.235:9618?addrs=188.185.121.235-9618+[2001-1458-d00-49--100-36e]-9618&alias=bigbird22.cern.ch&noUDP&sock=schedd_232129_c3ca>
...
040 (13087770.254.000) 11/21 10:13:09 Started transferring input files
	Transferring to host: <188.185.212.196:9618?addrs=188.185.212.196-9618+[2001-1458-303-19--100-40]-9618&alias=b9p26p0182.cern.ch&noUDP&sock=slot1_2_4072_d79f_62220>
...
040 (13087770.254.000) 11/21 10:13:09 Finished transferring input files
...
001 (13087770.254.000) 11/21 10:13:10 Job executing on host: <188.185.212.196:9618?addrs=188.185.212.196-9618+[2001-1458-303-19--100-40]-9618&alias=b9p26p0182.cern.ch&noUDP&sock=startd_3434_0450>
	SlotName: slot1_2@b9p26p0182.cern.ch
	CondorScratchDir = "/pool/condor/dir_2979027"
	Cpus = 1
	Disk = 16180
	GPUs = 0
	Memory = 3000
...
006 (13087770.254.000) 11/21 10:13:23 Image size of job updated: 95776
	94  -  MemoryUsage of job (MB)
	95776  -  ResidentSetSize of job (KB)
...
006 (13087770.254.000) 11/21 10:15:34 Image size of job updated: 699224
	94  -  MemoryUsage of job (MB)
	95776  -  ResidentSetSize of job (KB)
...
040 (13087770.254.000) 11/21 10:15:35 Started transferring output files
...
040 (13087770.254.000) 11/21 10:15:35 Finished transferring output files
...
005 (13087770.254.000) 11/21 10:15:35 Job terminated.
	(1) Normal termination (return value 0)
		Usr 0 00:02:04, Sys 0 00:00:03  -  Run Remote Usage
		Usr 0 00:00:00, Sys 0 00:00:00  -  Run Local Usage
		Usr 0 00:02:04, Sys 0 00:00:03  -  Total Remote Usage
		Usr 0 00:00:00, Sys 0 00:00:00  -  Total Local Usage
	9932  -  Run Bytes Sent By Job
	11510364  -  Run Bytes Received By Job
	9932  -  Total Bytes Sent By Job
	11510364  -  Total Bytes Received By Job
	Partitionable Resources :    Usage  Request Allocated 
	   Cpus                 :        0        1         1 
	   Disk (KB)            :    11274    12500     16180 
	   GPUs                 :                           0 
	   Memory (MB)          :       94     3000      3000 
	   TimeExecute (s)      :      144                    
	   TimeSlotBusy (s)     :      147                    

	Job terminated of its own accord at 2025-11-21T09:15:34Z with exit-code 0.
...
