Starting job on \n
Running on: Linux b9g32p1856.cern.ch 5.14.0-570.42.2.el9_6.x86_64 #1 SMP PREEMPT_DYNAMIC Mon Sep 8 12:15:13 EDT 2025 x86_64 x86_64 x86_64 GNU/Linux\n
System software: Red Hat Enterprise Linux release 9.7 (Plow)\n
Setting up CROWN for RedHatEnterprise Version 9.7
subject   : /DC=ch/DC=cern/OU=Organic Units/OU=Users/CN=jiahua/CN=851532/CN=Jiahua Chen/CN=2045128514
issuer    : /DC=ch/DC=cern/OU=Organic Units/OU=Users/CN=jiahua/CN=851532/CN=Jiahua Chen
identity  : /DC=ch/DC=cern/OU=Organic Units/OU=Users/CN=jiahua/CN=851532/CN=Jiahua Chen
type      : RFC compliant proxy
strength  : 2048 bits
path      : /afs/cern.ch/user/j/jiahua/proxy/x509up_u139833
timeleft  : 168:36:40
key usage : Digital Signature, Key Encipherment
=== VO cms extension information ===
VO        : cms
subject   : /DC=ch/DC=cern/OU=Organic Units/OU=Users/CN=jiahua/CN=851532/CN=Jiahua Chen
issuer    : /DC=ch/DC=cern/OU=computers/CN=cms-auth.cern.ch
attribute : /cms/Role=NULL/Capability=NULL
timeleft  : 160:36:39
uri       : voms-cms-auth.cern.ch:15000
subject   : /DC=ch/DC=cern/OU=Organic Units/OU=Users/CN=jiahua/CN=851532/CN=Jiahua Chen/CN=2045128514
issuer    : /DC=ch/DC=cern/OU=Organic Units/OU=Users/CN=jiahua/CN=851532/CN=Jiahua Chen
identity  : /DC=ch/DC=cern/OU=Organic Units/OU=Users/CN=jiahua/CN=851532/CN=Jiahua Chen
type      : RFC compliant proxy
strength  : 2048 bits
path      : /afs/cern.ch/user/j/jiahua/proxy/x509up_u139833
timeleft  : 168:36:40
key usage : Digital Signature, Key Encipherment
=== VO cms extension information ===
VO        : cms
subject   : /DC=ch/DC=cern/OU=Organic Units/OU=Users/CN=jiahua/CN=851532/CN=Jiahua Chen
issuer    : /DC=ch/DC=cern/OU=computers/CN=cms-auth.cern.ch
attribute : /cms/Role=NULL/Capability=NULL
timeleft  : 160:36:39
uri       : voms-cms-auth.cern.ch:15000
/eos/user/j/jiahua/MC_2022EE_inc/MC_2022EE_vbf/WWto2L2Nu_powheg_22EE_ext1-v2/73fa603e-db2e-4b46-a2d9-b45ecbf28977.root
[2025-11-21 10:12:03.483] [main] [info] Checking input files
[2025-11-21 10:12:10.584] [main] [info] NanoAOD input_file 1: root://cms-xrd-global.cern.ch//store/mc/Run3Summer22EENanoAODv12/WWto2L2Nu_TuneCP5_13p6TeV_powheg-pythia8/NANOAODSIM/130X_mcRun3_2022_realistic_postEE_v6_ext1-v2/40000/73fa603e-db2e-4b46-a2d9-b45ecbf28977.root - 25130 Events
[2025-11-21 10:12:10.584] [main] [info] input_file 1: root://cms-xrd-global.cern.ch//store/mc/Run3Summer22EENanoAODv12/WWto2L2Nu_TuneCP5_13p6TeV_powheg-pythia8/NANOAODSIM/130X_mcRun3_2022_realistic_postEE_v6_ext1-v2/40000/73fa603e-db2e-4b46-a2d9-b45ecbf28977.root - SumOfGenWeight: 296202.48 
[2025-11-21 10:12:10.584] [main] [info] Output directory: /eos/user/j/jiahua/MC_2022EE_inc/MC_2022EE_vbf/WWto2L2Nu_powheg_22EE_ext1-v2/73fa603e-db2e-4b46-a2d9-b45ecbf28977.root
[2025-11-21 10:12:10.585] [main] [info] Starting Setup of Dataframe with 25130 events
[2025-11-21 10:13:27.367] [main] [info] Finished Setup
[2025-11-21 10:13:27.367] [main] [info] Runtime for setup (real time: 76.78, CPU time: 72.82)
[2025-11-21 10:13:27.367] [main] [info] Starting Evaluation
[2025-11-21 10:13:53.603] [main] [info] 10000 / 25130 (39.79 %) Events processed ...
[2025-11-21 10:14:03.998] [main] [info] 20000 / 25130 (79.59 %) Events processed ...
[2025-11-21 10:14:09.621] [main] [info] vbfhmm:
GoodJetsCollection: pass=19771      all=25130      -- eff=78.67 % cumulative eff=78.67 %
Flag_goodVertices: pass=19771      all=19771      -- eff=100.00 % cumulative eff=78.67 %
Flag_globalSuperTightHalo2016Filter: pass=19768      all=19771      -- eff=99.98 % cumulative eff=78.66 %
Flag_EcalDeadCellTriggerPrimitiveFilter: pass=19765      all=19768      -- eff=99.98 % cumulative eff=78.65 %
Flag_BadPFMuonFilter: pass=19763      all=19765      -- eff=99.99 % cumulative eff=78.64 %
Flag_BadPFMuonDzFilter: pass=19763      all=19763      -- eff=100.00 % cumulative eff=78.64 %
Flag_eeBadScFilter: pass=19763      all=19763      -- eff=100.00 % cumulative eff=78.64 %
Flag_ecalBadCalibFilter: pass=19759      all=19763      -- eff=99.98 % cumulative eff=78.63 %
Flag_hfNoisyHitsFilter: pass=19758      all=19759      -- eff=99.99 % cumulative eff=78.62 %
Number of muons 2: pass=590        all=19758      -- eff=2.99 % cumulative eff=2.35 %
Veto VH <= 0 electrons: pass=590        all=590        -- eff=100.00 % cumulative eff=2.35 %
DiMuon From Higgs: pass=273        all=590        -- eff=46.27 % cumulative eff=1.09 %
LeptonChargeSum: pass=273        all=273        -- eff=100.00 % cumulative eff=1.09 %
Hmass>=110: pass=140        all=273        -- eff=51.28 % cumulative eff=0.56 %
[2025-11-21 10:14:09.844] [main] [info] Writing quantities map to /eos/user/j/jiahua/MC_2022EE_inc/MC_2022EE_vbf/WWto2L2Nu_powheg_22EE_ext1-v2/73fa603e-db2e-4b46-a2d9-b45ecbf28977_vbfhmm.root
[2025-11-21 10:14:09.913] [main] [info] Finished Evaluation
[2025-11-21 10:14:09.914] [main] [info] Overall runtime (real time: 119.33, CPU time: 113.11)
