Starting job on \n
Running on: Linux b9p26p9756.cern.ch 5.14.0-570.44.1.el9_6.x86_64 #1 SMP PREEMPT_DYNAMIC Tue Sep 9 05:17:30 EDT 2025 x86_64 x86_64 x86_64 GNU/Linux\n
System software: Red Hat Enterprise Linux release 9.7 (Plow)\n
Setting up CROWN for RedHatEnterprise Version 9.7
subject   : /DC=ch/DC=cern/OU=Organic Units/OU=Users/CN=jiahua/CN=851532/CN=Jiahua Chen/CN=2045128514
issuer    : /DC=ch/DC=cern/OU=Organic Units/OU=Users/CN=jiahua/CN=851532/CN=Jiahua Chen
identity  : /DC=ch/DC=cern/OU=Organic Units/OU=Users/CN=jiahua/CN=851532/CN=Jiahua Chen
type      : RFC compliant proxy
strength  : 2048 bits
path      : /afs/cern.ch/user/j/jiahua/proxy/x509up_u139833
timeleft  : 168:36:41
key usage : Digital Signature, Key Encipherment
=== VO cms extension information ===
VO        : cms
subject   : /DC=ch/DC=cern/OU=Organic Units/OU=Users/CN=jiahua/CN=851532/CN=Jiahua Chen
issuer    : /DC=ch/DC=cern/OU=computers/CN=cms-auth.cern.ch
attribute : /cms/Role=NULL/Capability=NULL
timeleft  : 160:36:40
uri       : voms-cms-auth.cern.ch:15000
subject   : /DC=ch/DC=cern/OU=Organic Units/OU=Users/CN=jiahua/CN=851532/CN=Jiahua Chen/CN=2045128514
issuer    : /DC=ch/DC=cern/OU=Organic Units/OU=Users/CN=jiahua/CN=851532/CN=Jiahua Chen
identity  : /DC=ch/DC=cern/OU=Organic Units/OU=Users/CN=jiahua/CN=851532/CN=Jiahua Chen
type      : RFC compliant proxy
strength  : 2048 bits
path      : /afs/cern.ch/user/j/jiahua/proxy/x509up_u139833
timeleft  : 168:36:41
key usage : Digital Signature, Key Encipherment
=== VO cms extension information ===
VO        : cms
subject   : /DC=ch/DC=cern/OU=Organic Units/OU=Users/CN=jiahua/CN=851532/CN=Jiahua Chen
issuer    : /DC=ch/DC=cern/OU=computers/CN=cms-auth.cern.ch
attribute : /cms/Role=NULL/Capability=NULL
timeleft  : 160:36:40
uri       : voms-cms-auth.cern.ch:15000
/eos/user/j/jiahua/MC_2022EE_inc/MC_2022EE_vbf/WWto2L2Nu_powheg_22EE_ext1-v2/e26a203d-5c1a-4e43-82a0-4837ac5c0ff4.root
[2025-11-21 10:12:02.526] [main] [info] Checking input files
[2025-11-21 10:12:09.503] [main] [info] NanoAOD input_file 1: root://cms-xrd-global.cern.ch//store/mc/Run3Summer22EENanoAODv12/WWto2L2Nu_TuneCP5_13p6TeV_powheg-pythia8/NANOAODSIM/130X_mcRun3_2022_realistic_postEE_v6_ext1-v2/40000/e26a203d-5c1a-4e43-82a0-4837ac5c0ff4.root - 48106 Events
[2025-11-21 10:12:09.503] [main] [info] input_file 1: root://cms-xrd-global.cern.ch//store/mc/Run3Summer22EENanoAODv12/WWto2L2Nu_TuneCP5_13p6TeV_powheg-pythia8/NANOAODSIM/130X_mcRun3_2022_realistic_postEE_v6_ext1-v2/40000/e26a203d-5c1a-4e43-82a0-4837ac5c0ff4.root - SumOfGenWeight: 567194.7330000005 
[2025-11-21 10:12:09.503] [main] [info] Output directory: /eos/user/j/jiahua/MC_2022EE_inc/MC_2022EE_vbf/WWto2L2Nu_powheg_22EE_ext1-v2/e26a203d-5c1a-4e43-82a0-4837ac5c0ff4.root
[2025-11-21 10:12:09.504] [main] [info] Starting Setup of Dataframe with 48106 events
[2025-11-21 10:13:21.220] [main] [info] Finished Setup
[2025-11-21 10:13:21.220] [main] [info] Runtime for setup (real time: 71.72, CPU time: 67.72)
[2025-11-21 10:13:21.220] [main] [info] Starting Evaluation
[2025-11-21 10:13:47.196] [main] [info] 10000 / 48106 (20.79 %) Events processed ...
[2025-11-21 10:13:57.801] [main] [info] 20000 / 48106 (41.57 %) Events processed ...
[2025-11-21 10:14:09.383] [main] [info] 30000 / 48106 (62.36 %) Events processed ...
[2025-11-21 10:14:20.566] [main] [info] 40000 / 48106 (83.15 %) Events processed ...
[2025-11-21 10:14:31.160] [main] [info] vbfhmm:
GoodJetsCollection: pass=37660      all=48106      -- eff=78.29 % cumulative eff=78.29 %
Flag_goodVertices: pass=37660      all=37660      -- eff=100.00 % cumulative eff=78.29 %
Flag_globalSuperTightHalo2016Filter: pass=37655      all=37660      -- eff=99.99 % cumulative eff=78.28 %
Flag_EcalDeadCellTriggerPrimitiveFilter: pass=37651      all=37655      -- eff=99.99 % cumulative eff=78.27 %
Flag_BadPFMuonFilter: pass=37651      all=37651      -- eff=100.00 % cumulative eff=78.27 %
Flag_BadPFMuonDzFilter: pass=37649      all=37651      -- eff=99.99 % cumulative eff=78.26 %
Flag_eeBadScFilter: pass=37649      all=37649      -- eff=100.00 % cumulative eff=78.26 %
Flag_ecalBadCalibFilter: pass=37638      all=37649      -- eff=99.97 % cumulative eff=78.24 %
Flag_hfNoisyHitsFilter: pass=37637      all=37638      -- eff=100.00 % cumulative eff=78.24 %
Number of muons 2: pass=1090       all=37637      -- eff=2.90 % cumulative eff=2.27 %
Veto VH <= 0 electrons: pass=1088       all=1090       -- eff=99.82 % cumulative eff=2.26 %
DiMuon From Higgs: pass=520        all=1088       -- eff=47.79 % cumulative eff=1.08 %
LeptonChargeSum: pass=520        all=520        -- eff=100.00 % cumulative eff=1.08 %
Hmass>=110: pass=272        all=520        -- eff=52.31 % cumulative eff=0.57 %
[2025-11-21 10:14:31.267] [main] [info] Writing quantities map to /eos/user/j/jiahua/MC_2022EE_inc/MC_2022EE_vbf/WWto2L2Nu_powheg_22EE_ext1-v2/e26a203d-5c1a-4e43-82a0-4837ac5c0ff4_vbfhmm.root
[2025-11-21 10:14:31.322] [main] [info] Finished Evaluation
[2025-11-21 10:14:31.322] [main] [info] Overall runtime (real time: 141.82, CPU time: 134.23)
