Starting job on \n
Running on: Linux b9p25p1613.cern.ch 5.14.0-570.44.1.el9_6.x86_64 #1 SMP PREEMPT_DYNAMIC Tue Sep 9 05:17:30 EDT 2025 x86_64 x86_64 x86_64 GNU/Linux\n
System software: Red Hat Enterprise Linux release 9.7 (Plow)\n
Setting up CROWN for RedHatEnterprise Version 9.7
subject   : /DC=ch/DC=cern/OU=Organic Units/OU=Users/CN=jiahua/CN=851532/CN=Jiahua Chen/CN=2045128514
issuer    : /DC=ch/DC=cern/OU=Organic Units/OU=Users/CN=jiahua/CN=851532/CN=Jiahua Chen
identity  : /DC=ch/DC=cern/OU=Organic Units/OU=Users/CN=jiahua/CN=851532/CN=Jiahua Chen
type      : RFC compliant proxy
strength  : 2048 bits
path      : /afs/cern.ch/user/j/jiahua/proxy/x509up_u139833
timeleft  : 199:39:42
key usage : Digital Signature, Key Encipherment
=== VO cms extension information ===
VO        : cms
subject   : /DC=ch/DC=cern/OU=Organic Units/OU=Users/CN=jiahua/CN=851532/CN=Jiahua Chen
issuer    : /DC=ch/DC=cern/OU=computers/CN=cms-auth.cern.ch
attribute : /cms/Role=NULL/Capability=NULL
timeleft  : 191:39:41
uri       : voms-cms-auth.cern.ch:15000
subject   : /DC=ch/DC=cern/OU=Organic Units/OU=Users/CN=jiahua/CN=851532/CN=Jiahua Chen/CN=2045128514
issuer    : /DC=ch/DC=cern/OU=Organic Units/OU=Users/CN=jiahua/CN=851532/CN=Jiahua Chen
identity  : /DC=ch/DC=cern/OU=Organic Units/OU=Users/CN=jiahua/CN=851532/CN=Jiahua Chen
type      : RFC compliant proxy
strength  : 2048 bits
path      : /afs/cern.ch/user/j/jiahua/proxy/x509up_u139833
timeleft  : 199:39:42
key usage : Digital Signature, Key Encipherment
=== VO cms extension information ===
VO        : cms
subject   : /DC=ch/DC=cern/OU=Organic Units/OU=Users/CN=jiahua/CN=851532/CN=Jiahua Chen
issuer    : /DC=ch/DC=cern/OU=computers/CN=cms-auth.cern.ch
attribute : /cms/Role=NULL/Capability=NULL
timeleft  : 191:39:41
uri       : voms-cms-auth.cern.ch:15000
/eos/user/j/jiahua/MC_2022EE_inc/MC_2022EE_vbf/WWto2L2Nu_powheg_22EE_ext1-v2/06e1a3b2-1e50-4e02-a64e-e8209f9efeca.root
[2025-11-20 03:09:01.265] [main] [info] Checking input files
[2025-11-20 03:09:06.724] [main] [info] NanoAOD input_file 1: root://cms-xrd-global.cern.ch//store/mc/Run3Summer22EENanoAODv12/WWto2L2Nu_TuneCP5_13p6TeV_powheg-pythia8/NANOAODSIM/130X_mcRun3_2022_realistic_postEE_v6_ext1-v2/30000/06e1a3b2-1e50-4e02-a64e-e8209f9efeca.root - 1436 Events
[2025-11-20 03:09:06.724] [main] [info] input_file 1: root://cms-xrd-global.cern.ch//store/mc/Run3Summer22EENanoAODv12/WWto2L2Nu_TuneCP5_13p6TeV_powheg-pythia8/NANOAODSIM/130X_mcRun3_2022_realistic_postEE_v6_ext1-v2/30000/06e1a3b2-1e50-4e02-a64e-e8209f9efeca.root - SumOfGenWeight: 16932.593999999997 
[2025-11-20 03:09:06.724] [main] [info] Output directory: /eos/user/j/jiahua/MC_2022EE_inc/MC_2022EE_vbf/WWto2L2Nu_powheg_22EE_ext1-v2/06e1a3b2-1e50-4e02-a64e-e8209f9efeca.root
[2025-11-20 03:09:06.725] [main] [info] Starting Setup of Dataframe with 1436 events
[2025-11-20 03:10:30.450] [main] [info] Finished Setup
[2025-11-20 03:10:30.450] [main] [info] Runtime for setup (real time: 83.73, CPU time: 80.05)
[2025-11-20 03:10:30.450] [main] [info] Starting Evaluation
[2025-11-20 03:10:46.921] [main] [info] vbfhmm:
GoodJetsCollection: pass=1129       all=1436       -- eff=78.62 % cumulative eff=78.62 %
Flag_goodVertices: pass=1129       all=1129       -- eff=100.00 % cumulative eff=78.62 %
Flag_globalSuperTightHalo2016Filter: pass=1129       all=1129       -- eff=100.00 % cumulative eff=78.62 %
Flag_EcalDeadCellTriggerPrimitiveFilter: pass=1129       all=1129       -- eff=100.00 % cumulative eff=78.62 %
Flag_BadPFMuonFilter: pass=1129       all=1129       -- eff=100.00 % cumulative eff=78.62 %
Flag_BadPFMuonDzFilter: pass=1129       all=1129       -- eff=100.00 % cumulative eff=78.62 %
Flag_eeBadScFilter: pass=1129       all=1129       -- eff=100.00 % cumulative eff=78.62 %
Flag_ecalBadCalibFilter: pass=1129       all=1129       -- eff=100.00 % cumulative eff=78.62 %
Flag_hfNoisyHitsFilter: pass=1129       all=1129       -- eff=100.00 % cumulative eff=78.62 %
Number of muons 2: pass=29         all=1129       -- eff=2.57 % cumulative eff=2.02 %
Veto VH <= 0 electrons: pass=29         all=29         -- eff=100.00 % cumulative eff=2.02 %
DiMuon From Higgs: pass=12         all=29         -- eff=41.38 % cumulative eff=0.84 %
LeptonChargeSum: pass=12         all=12         -- eff=100.00 % cumulative eff=0.84 %
Hmass>=110: pass=6          all=12         -- eff=50.00 % cumulative eff=0.42 %
[2025-11-20 03:10:47.034] [main] [info] Writing quantities map to /eos/user/j/jiahua/MC_2022EE_inc/MC_2022EE_vbf/WWto2L2Nu_powheg_22EE_ext1-v2/06e1a3b2-1e50-4e02-a64e-e8209f9efeca_vbfhmm.root
[2025-11-20 03:10:47.083] [main] [info] Finished Evaluation
[2025-11-20 03:10:47.083] [main] [info] Overall runtime (real time: 100.36, CPU time: 95.38)
