000 (13047734.141.000) 11/20 09:15:36 Job submitted from host: <188.185.121.235:9618?addrs=188.185.121.235-9618+[2001-1458-d00-49--100-36e]-9618&alias=bigbird22.cern.ch&noUDP&sock=schedd_232129_c3ca>
...
040 (13047734.141.000) 11/20 09:31:54 Started transferring input files
	Transferring to host: <188.185.210.153:9618?addrs=188.185.210.153-9618+[2001-1458-303-15--100-15]-9618&alias=b9p22p2838.cern.ch&noUDP&sock=slot1_37_5283_19f0_62955>
...
040 (13047734.141.000) 11/20 09:31:54 Finished transferring input files
...
001 (13047734.141.000) 11/20 09:31:55 Job executing on host: <188.185.210.153:9618?addrs=188.185.210.153-9618+[2001-1458-303-15--100-15]-9618&alias=b9p22p2838.cern.ch&noUDP&sock=startd_4287_1a99>
	SlotName: slot1_37@b9p22p2838.cern.ch
	CondorScratchDir = "/pool/condor/dir_1440724"
	Cpus = 1
	Disk = 16060
	GPUs = 0
	Memory = 3000
...
006 (13047734.141.000) 11/20 09:32:09 Image size of job updated: 153564
	150  -  MemoryUsage of job (MB)
	153564  -  ResidentSetSize of job (KB)
...
006 (13047734.141.000) 11/20 09:33:18 Image size of job updated: 662332
	150  -  MemoryUsage of job (MB)
	153564  -  ResidentSetSize of job (KB)
...
040 (13047734.141.000) 11/20 09:33:18 Started transferring output files
...
040 (13047734.141.000) 11/20 09:33:18 Finished transferring output files
...
005 (13047734.141.000) 11/20 09:33:18 Job terminated.
	(1) Normal termination (return value 134)
		Usr 0 00:01:09, Sys 0 00:00:02  -  Run Remote Usage
		Usr 0 00:00:00, Sys 0 00:00:00  -  Run Local Usage
		Usr 0 00:01:09, Sys 0 00:00:02  -  Total Remote Usage
		Usr 0 00:00:00, Sys 0 00:00:00  -  Total Local Usage
	8483  -  Run Bytes Sent By Job
	11510364  -  Run Bytes Received By Job
	8483  -  Total Bytes Sent By Job
	11510364  -  Total Bytes Received By Job
	Partitionable Resources :    Usage  Request Allocated 
	   Cpus                 :     0.99        1         1 
	   Disk (KB)            : 11273       12500     16060 
	   GPUs                 :                           0 
	   Memory (MB)          :   150        3000      3000 
	   TimeExecute (s)      :    83                       
	   TimeSlotBusy (s)     :    84                       

	Job terminated of its own accord at 2025-11-20T08:33:18Z with exit-code 134.
...
