Starting job on \n
Running on: Linux b9p05p9575.cern.ch 5.14.0-570.42.2.el9_6.x86_64 #1 SMP PREEMPT_DYNAMIC Mon Sep 8 12:15:13 EDT 2025 x86_64 x86_64 x86_64 GNU/Linux\n
System software: Red Hat Enterprise Linux release 9.7 (Plow)\n
Setting up CROWN for RedHatEnterprise Version 9.7
subject   : /DC=ch/DC=cern/OU=Organic Units/OU=Users/CN=jiahua/CN=851532/CN=Jiahua Chen/CN=2045128514
issuer    : /DC=ch/DC=cern/OU=Organic Units/OU=Users/CN=jiahua/CN=851532/CN=Jiahua Chen
identity  : /DC=ch/DC=cern/OU=Organic Units/OU=Users/CN=jiahua/CN=851532/CN=Jiahua Chen
type      : RFC compliant proxy
strength  : 2048 bits
path      : /afs/cern.ch/user/j/jiahua/proxy/x509up_u139833
timeleft  : 168:36:15
key usage : Digital Signature, Key Encipherment
=== VO cms extension information ===
VO        : cms
subject   : /DC=ch/DC=cern/OU=Organic Units/OU=Users/CN=jiahua/CN=851532/CN=Jiahua Chen
issuer    : /DC=ch/DC=cern/OU=computers/CN=cms-auth.cern.ch
attribute : /cms/Role=NULL/Capability=NULL
timeleft  : 160:36:14
uri       : voms-cms-auth.cern.ch:15000
subject   : /DC=ch/DC=cern/OU=Organic Units/OU=Users/CN=jiahua/CN=851532/CN=Jiahua Chen/CN=2045128514
issuer    : /DC=ch/DC=cern/OU=Organic Units/OU=Users/CN=jiahua/CN=851532/CN=Jiahua Chen
identity  : /DC=ch/DC=cern/OU=Organic Units/OU=Users/CN=jiahua/CN=851532/CN=Jiahua Chen
type      : RFC compliant proxy
strength  : 2048 bits
path      : /afs/cern.ch/user/j/jiahua/proxy/x509up_u139833
timeleft  : 168:36:15
key usage : Digital Signature, Key Encipherment
=== VO cms extension information ===
VO        : cms
subject   : /DC=ch/DC=cern/OU=Organic Units/OU=Users/CN=jiahua/CN=851532/CN=Jiahua Chen
issuer    : /DC=ch/DC=cern/OU=computers/CN=cms-auth.cern.ch
attribute : /cms/Role=NULL/Capability=NULL
timeleft  : 160:36:14
uri       : voms-cms-auth.cern.ch:15000
/eos/user/j/jiahua/MC_2022EE_inc/MC_2022EE_vbf/WWto2L2Nu_powheg_22EE_ext1-v2/543511ef-c9d2-409a-99e5-948021bf300a.root
[2025-11-21 10:12:28.505] [main] [info] Checking input files
[2025-11-21 10:12:35.970] [main] [info] NanoAOD input_file 1: root://cms-xrd-global.cern.ch//store/mc/Run3Summer22EENanoAODv12/WWto2L2Nu_TuneCP5_13p6TeV_powheg-pythia8/NANOAODSIM/130X_mcRun3_2022_realistic_postEE_v6_ext1-v2/50000/543511ef-c9d2-409a-99e5-948021bf300a.root - 193142 Events
[2025-11-21 10:12:35.970] [main] [info] input_file 1: root://cms-xrd-global.cern.ch//store/mc/Run3Summer22EENanoAODv12/WWto2L2Nu_TuneCP5_13p6TeV_powheg-pythia8/NANOAODSIM/130X_mcRun3_2022_realistic_postEE_v6_ext1-v2/50000/543511ef-c9d2-409a-99e5-948021bf300a.root - SumOfGenWeight: 2276938.649999999 
[2025-11-21 10:12:35.970] [main] [info] Output directory: /eos/user/j/jiahua/MC_2022EE_inc/MC_2022EE_vbf/WWto2L2Nu_powheg_22EE_ext1-v2/543511ef-c9d2-409a-99e5-948021bf300a.root
[2025-11-21 10:12:35.971] [main] [info] Starting Setup of Dataframe with 193142 events
[2025-11-21 10:13:54.526] [main] [info] Finished Setup
[2025-11-21 10:13:54.526] [main] [info] Runtime for setup (real time: 78.56, CPU time: 74.62)
[2025-11-21 10:13:54.526] [main] [info] Starting Evaluation
[2025-11-21 10:14:24.903] [main] [info] 10000 / 193142 (5.18 %) Events processed ...
[2025-11-21 10:14:37.111] [main] [info] 20000 / 193142 (10.36 %) Events processed ...
[2025-11-21 10:14:48.709] [main] [info] 30000 / 193142 (15.53 %) Events processed ...
[2025-11-21 10:15:01.026] [main] [info] 40000 / 193142 (20.71 %) Events processed ...
[2025-11-21 10:15:13.246] [main] [info] 50000 / 193142 (25.89 %) Events processed ...
[2025-11-21 10:15:25.326] [main] [info] 60000 / 193142 (31.07 %) Events processed ...
[2025-11-21 10:15:37.013] [main] [info] 70000 / 193142 (36.24 %) Events processed ...
[2025-11-21 10:15:50.467] [main] [info] 80000 / 193142 (41.42 %) Events processed ...
[2025-11-21 10:16:02.094] [main] [info] 90000 / 193142 (46.60 %) Events processed ...
[2025-11-21 10:16:11.958] [main] [info] 100000 / 193142 (51.78 %) Events processed ...
[2025-11-21 10:16:24.377] [main] [info] 110000 / 193142 (56.95 %) Events processed ...
[2025-11-21 10:16:36.601] [main] [info] 120000 / 193142 (62.13 %) Events processed ...
[2025-11-21 10:16:48.849] [main] [info] 130000 / 193142 (67.31 %) Events processed ...
[2025-11-21 10:16:59.994] [main] [info] 140000 / 193142 (72.49 %) Events processed ...
[2025-11-21 10:17:12.735] [main] [info] 150000 / 193142 (77.66 %) Events processed ...
[2025-11-21 10:17:24.153] [main] [info] 160000 / 193142 (82.84 %) Events processed ...
[2025-11-21 10:17:34.576] [main] [info] 170000 / 193142 (88.02 %) Events processed ...
[2025-11-21 10:17:46.454] [main] [info] 180000 / 193142 (93.20 %) Events processed ...
[2025-11-21 10:17:59.478] [main] [info] 190000 / 193142 (98.37 %) Events processed ...
[2025-11-21 10:18:03.843] [main] [info] vbfhmm:
GoodJetsCollection: pass=151807     all=193142     -- eff=78.60 % cumulative eff=78.60 %
Flag_goodVertices: pass=151807     all=151807     -- eff=100.00 % cumulative eff=78.60 %
Flag_globalSuperTightHalo2016Filter: pass=151796     all=151807     -- eff=99.99 % cumulative eff=78.59 %
Flag_EcalDeadCellTriggerPrimitiveFilter: pass=151786     all=151796     -- eff=99.99 % cumulative eff=78.59 %
Flag_BadPFMuonFilter: pass=151776     all=151786     -- eff=99.99 % cumulative eff=78.58 %
Flag_BadPFMuonDzFilter: pass=151774     all=151776     -- eff=100.00 % cumulative eff=78.58 %
Flag_eeBadScFilter: pass=151774     all=151774     -- eff=100.00 % cumulative eff=78.58 %
Flag_ecalBadCalibFilter: pass=151733     all=151774     -- eff=99.97 % cumulative eff=78.56 %
Flag_hfNoisyHitsFilter: pass=151726     all=151733     -- eff=100.00 % cumulative eff=78.56 %
Number of muons 2: pass=4663       all=151726     -- eff=3.07 % cumulative eff=2.41 %
Veto VH <= 0 electrons: pass=4659       all=4663       -- eff=99.91 % cumulative eff=2.41 %
DiMuon From Higgs: pass=2163       all=4659       -- eff=46.43 % cumulative eff=1.12 %
LeptonChargeSum: pass=2163       all=2163       -- eff=100.00 % cumulative eff=1.12 %
Hmass>=110: pass=1099       all=2163       -- eff=50.81 % cumulative eff=0.57 %
[2025-11-21 10:18:04.147] [main] [info] Writing quantities map to /eos/user/j/jiahua/MC_2022EE_inc/MC_2022EE_vbf/WWto2L2Nu_powheg_22EE_ext1-v2/543511ef-c9d2-409a-99e5-948021bf300a_vbfhmm.root
[2025-11-21 10:18:04.290] [main] [info] Finished Evaluation
[2025-11-21 10:18:04.290] [main] [info] Overall runtime (real time: 328.32, CPU time: 313.87)
