Starting job on \n
Running on: Linux b9p06p1726.cern.ch 5.14.0-570.42.2.el9_6.x86_64 #1 SMP PREEMPT_DYNAMIC Mon Sep 8 12:15:13 EDT 2025 x86_64 x86_64 x86_64 GNU/Linux\n
System software: Red Hat Enterprise Linux release 9.7 (Plow)\n
Setting up CROWN for RedHatEnterprise Version 9.7
subject   : /DC=ch/DC=cern/OU=Organic Units/OU=Users/CN=jiahua/CN=851532/CN=Jiahua Chen/CN=2045128514
issuer    : /DC=ch/DC=cern/OU=Organic Units/OU=Users/CN=jiahua/CN=851532/CN=Jiahua Chen
identity  : /DC=ch/DC=cern/OU=Organic Units/OU=Users/CN=jiahua/CN=851532/CN=Jiahua Chen
type      : RFC compliant proxy
strength  : 2048 bits
path      : /afs/cern.ch/user/j/jiahua/proxy/x509up_u139833
timeleft  : 168:35:26
key usage : Digital Signature, Key Encipherment
=== VO cms extension information ===
VO        : cms
subject   : /DC=ch/DC=cern/OU=Organic Units/OU=Users/CN=jiahua/CN=851532/CN=Jiahua Chen
issuer    : /DC=ch/DC=cern/OU=computers/CN=cms-auth.cern.ch
attribute : /cms/Role=NULL/Capability=NULL
timeleft  : 160:35:25
uri       : voms-cms-auth.cern.ch:15000
subject   : /DC=ch/DC=cern/OU=Organic Units/OU=Users/CN=jiahua/CN=851532/CN=Jiahua Chen/CN=2045128514
issuer    : /DC=ch/DC=cern/OU=Organic Units/OU=Users/CN=jiahua/CN=851532/CN=Jiahua Chen
identity  : /DC=ch/DC=cern/OU=Organic Units/OU=Users/CN=jiahua/CN=851532/CN=Jiahua Chen
type      : RFC compliant proxy
strength  : 2048 bits
path      : /afs/cern.ch/user/j/jiahua/proxy/x509up_u139833
timeleft  : 168:35:26
key usage : Digital Signature, Key Encipherment
=== VO cms extension information ===
VO        : cms
subject   : /DC=ch/DC=cern/OU=Organic Units/OU=Users/CN=jiahua/CN=851532/CN=Jiahua Chen
issuer    : /DC=ch/DC=cern/OU=computers/CN=cms-auth.cern.ch
attribute : /cms/Role=NULL/Capability=NULL
timeleft  : 160:35:25
uri       : voms-cms-auth.cern.ch:15000
/eos/user/j/jiahua/MC_2022EE_inc/MC_2022EE_vbf/WWto2L2Nu_powheg_22EE_ext1-v2/4e67a6ac-8165-4c57-89e6-6631c2c8210d.root
[2025-11-21 10:13:17.710] [main] [info] Checking input files
[2025-11-21 10:13:25.344] [main] [info] NanoAOD input_file 1: root://cms-xrd-global.cern.ch//store/mc/Run3Summer22EENanoAODv12/WWto2L2Nu_TuneCP5_13p6TeV_powheg-pythia8/NANOAODSIM/130X_mcRun3_2022_realistic_postEE_v6_ext1-v2/40000/4e67a6ac-8165-4c57-89e6-6631c2c8210d.root - 100520 Events
[2025-11-21 10:13:25.344] [main] [info] input_file 1: root://cms-xrd-global.cern.ch//store/mc/Run3Summer22EENanoAODv12/WWto2L2Nu_TuneCP5_13p6TeV_powheg-pythia8/NANOAODSIM/130X_mcRun3_2022_realistic_postEE_v6_ext1-v2/40000/4e67a6ac-8165-4c57-89e6-6631c2c8210d.root - SumOfGenWeight: 1185022.167000002 
[2025-11-21 10:13:25.344] [main] [info] Output directory: /eos/user/j/jiahua/MC_2022EE_inc/MC_2022EE_vbf/WWto2L2Nu_powheg_22EE_ext1-v2/4e67a6ac-8165-4c57-89e6-6631c2c8210d.root
[2025-11-21 10:13:25.345] [main] [info] Starting Setup of Dataframe with 100520 events
[2025-11-21 10:14:40.241] [main] [info] Finished Setup
[2025-11-21 10:14:40.241] [main] [info] Runtime for setup (real time: 74.90, CPU time: 70.84)
[2025-11-21 10:14:40.241] [main] [info] Starting Evaluation
[2025-11-21 10:15:04.903] [main] [info] 10000 / 100520 (9.95 %) Events processed ...
[2025-11-21 10:15:13.939] [main] [info] 20000 / 100520 (19.90 %) Events processed ...
[2025-11-21 10:15:22.089] [main] [info] 30000 / 100520 (29.84 %) Events processed ...
[2025-11-21 10:15:32.791] [main] [info] 40000 / 100520 (39.79 %) Events processed ...
[2025-11-21 10:15:42.274] [main] [info] 50000 / 100520 (49.74 %) Events processed ...
[2025-11-21 10:15:52.529] [main] [info] 60000 / 100520 (59.69 %) Events processed ...
[2025-11-21 10:16:04.924] [main] [info] 70000 / 100520 (69.64 %) Events processed ...
[2025-11-21 10:16:17.620] [main] [info] 80000 / 100520 (79.59 %) Events processed ...
[2025-11-21 10:16:28.291] [main] [info] 90000 / 100520 (89.53 %) Events processed ...
[2025-11-21 10:16:40.644] [main] [info] 100000 / 100520 (99.48 %) Events processed ...
[2025-11-21 10:16:41.644] [main] [info] vbfhmm:
GoodJetsCollection: pass=78851      all=100520     -- eff=78.44 % cumulative eff=78.44 %
Flag_goodVertices: pass=78851      all=78851      -- eff=100.00 % cumulative eff=78.44 %
Flag_globalSuperTightHalo2016Filter: pass=78847      all=78851      -- eff=99.99 % cumulative eff=78.44 %
Flag_EcalDeadCellTriggerPrimitiveFilter: pass=78843      all=78847      -- eff=99.99 % cumulative eff=78.44 %
Flag_BadPFMuonFilter: pass=78839      all=78843      -- eff=99.99 % cumulative eff=78.43 %
Flag_BadPFMuonDzFilter: pass=78838      all=78839      -- eff=100.00 % cumulative eff=78.43 %
Flag_eeBadScFilter: pass=78838      all=78838      -- eff=100.00 % cumulative eff=78.43 %
Flag_ecalBadCalibFilter: pass=78819      all=78838      -- eff=99.98 % cumulative eff=78.41 %
Flag_hfNoisyHitsFilter: pass=78815      all=78819      -- eff=99.99 % cumulative eff=78.41 %
Number of muons 2: pass=2379       all=78815      -- eff=3.02 % cumulative eff=2.37 %
Veto VH <= 0 electrons: pass=2373       all=2379       -- eff=99.75 % cumulative eff=2.36 %
DiMuon From Higgs: pass=1103       all=2373       -- eff=46.48 % cumulative eff=1.10 %
LeptonChargeSum: pass=1103       all=1103       -- eff=100.00 % cumulative eff=1.10 %
Hmass>=110: pass=579        all=1103       -- eff=52.49 % cumulative eff=0.58 %
[2025-11-21 10:16:41.798] [main] [info] Writing quantities map to /eos/user/j/jiahua/MC_2022EE_inc/MC_2022EE_vbf/WWto2L2Nu_powheg_22EE_ext1-v2/4e67a6ac-8165-4c57-89e6-6631c2c8210d_vbfhmm.root
[2025-11-21 10:16:41.861] [main] [info] Finished Evaluation
[2025-11-21 10:16:41.861] [main] [info] Overall runtime (real time: 196.52, CPU time: 186.97)
