Starting job on \n
Running on: Linux b9g03p3589.cern.ch 5.14.0-570.44.1.el9_6.x86_64 #1 SMP PREEMPT_DYNAMIC Tue Sep 9 05:17:30 EDT 2025 x86_64 x86_64 x86_64 GNU/Linux\n
System software: Red Hat Enterprise Linux release 9.7 (Plow)\n
Setting up CROWN for RedHatEnterprise Version 9.7
subject   : /DC=ch/DC=cern/OU=Organic Units/OU=Users/CN=jiahua/CN=851532/CN=Jiahua Chen/CN=2045128514
issuer    : /DC=ch/DC=cern/OU=Organic Units/OU=Users/CN=jiahua/CN=851532/CN=Jiahua Chen
identity  : /DC=ch/DC=cern/OU=Organic Units/OU=Users/CN=jiahua/CN=851532/CN=Jiahua Chen
type      : RFC compliant proxy
strength  : 2048 bits
path      : /afs/cern.ch/user/j/jiahua/proxy/x509up_u139833
timeleft  : 199:37:52
key usage : Digital Signature, Key Encipherment
=== VO cms extension information ===
VO        : cms
subject   : /DC=ch/DC=cern/OU=Organic Units/OU=Users/CN=jiahua/CN=851532/CN=Jiahua Chen
issuer    : /DC=ch/DC=cern/OU=computers/CN=cms-auth.cern.ch
attribute : /cms/Role=NULL/Capability=NULL
timeleft  : 191:37:51
uri       : voms-cms-auth.cern.ch:15000
subject   : /DC=ch/DC=cern/OU=Organic Units/OU=Users/CN=jiahua/CN=851532/CN=Jiahua Chen/CN=2045128514
issuer    : /DC=ch/DC=cern/OU=Organic Units/OU=Users/CN=jiahua/CN=851532/CN=Jiahua Chen
identity  : /DC=ch/DC=cern/OU=Organic Units/OU=Users/CN=jiahua/CN=851532/CN=Jiahua Chen
type      : RFC compliant proxy
strength  : 2048 bits
path      : /afs/cern.ch/user/j/jiahua/proxy/x509up_u139833
timeleft  : 199:37:52
key usage : Digital Signature, Key Encipherment
=== VO cms extension information ===
VO        : cms
subject   : /DC=ch/DC=cern/OU=Organic Units/OU=Users/CN=jiahua/CN=851532/CN=Jiahua Chen
issuer    : /DC=ch/DC=cern/OU=computers/CN=cms-auth.cern.ch
attribute : /cms/Role=NULL/Capability=NULL
timeleft  : 191:37:51
uri       : voms-cms-auth.cern.ch:15000
/eos/user/j/jiahua/MC_2022EE_inc/MC_2022EE_vbf/WWto2L2Nu_powheg_22EE_ext1-v2/126591da-12ce-4ee4-a5a0-35d35ff06960.root
[2025-11-20 03:10:51.201] [main] [info] Checking input files
[2025-11-20 03:10:55.868] [main] [info] NanoAOD input_file 1: root://cms-xrd-global.cern.ch//store/mc/Run3Summer22EENanoAODv12/WWto2L2Nu_TuneCP5_13p6TeV_powheg-pythia8/NANOAODSIM/130X_mcRun3_2022_realistic_postEE_v6_ext1-v2/2530000/126591da-12ce-4ee4-a5a0-35d35ff06960.root - 7180 Events
[2025-11-20 03:10:55.868] [main] [info] input_file 1: root://cms-xrd-global.cern.ch//store/mc/Run3Summer22EENanoAODv12/WWto2L2Nu_TuneCP5_13p6TeV_powheg-pythia8/NANOAODSIM/130X_mcRun3_2022_realistic_postEE_v6_ext1-v2/2530000/126591da-12ce-4ee4-a5a0-35d35ff06960.root - SumOfGenWeight: 84639.38699999999 
[2025-11-20 03:10:55.868] [main] [info] Output directory: /eos/user/j/jiahua/MC_2022EE_inc/MC_2022EE_vbf/WWto2L2Nu_powheg_22EE_ext1-v2/126591da-12ce-4ee4-a5a0-35d35ff06960.root
[2025-11-20 03:10:55.869] [main] [info] Starting Setup of Dataframe with 7180 events
[2025-11-20 03:12:25.948] [main] [info] Finished Setup
[2025-11-20 03:12:25.948] [main] [info] Runtime for setup (real time: 90.08, CPU time: 86.68)
[2025-11-20 03:12:25.948] [main] [info] Starting Evaluation
[2025-11-20 03:12:51.356] [main] [info] vbfhmm:
GoodJetsCollection: pass=5687       all=7180       -- eff=79.21 % cumulative eff=79.21 %
Flag_goodVertices: pass=5687       all=5687       -- eff=100.00 % cumulative eff=79.21 %
Flag_globalSuperTightHalo2016Filter: pass=5687       all=5687       -- eff=100.00 % cumulative eff=79.21 %
Flag_EcalDeadCellTriggerPrimitiveFilter: pass=5685       all=5687       -- eff=99.96 % cumulative eff=79.18 %
Flag_BadPFMuonFilter: pass=5685       all=5685       -- eff=100.00 % cumulative eff=79.18 %
Flag_BadPFMuonDzFilter: pass=5685       all=5685       -- eff=100.00 % cumulative eff=79.18 %
Flag_eeBadScFilter: pass=5685       all=5685       -- eff=100.00 % cumulative eff=79.18 %
Flag_ecalBadCalibFilter: pass=5684       all=5685       -- eff=99.98 % cumulative eff=79.16 %
Flag_hfNoisyHitsFilter: pass=5684       all=5684       -- eff=100.00 % cumulative eff=79.16 %
Number of muons 2: pass=179        all=5684       -- eff=3.15 % cumulative eff=2.49 %
Veto VH <= 0 electrons: pass=179        all=179        -- eff=100.00 % cumulative eff=2.49 %
DiMuon From Higgs: pass=74         all=179        -- eff=41.34 % cumulative eff=1.03 %
LeptonChargeSum: pass=74         all=74         -- eff=100.00 % cumulative eff=1.03 %
Hmass>=110: pass=37         all=74         -- eff=50.00 % cumulative eff=0.52 %
[2025-11-20 03:12:51.576] [main] [info] Writing quantities map to /eos/user/j/jiahua/MC_2022EE_inc/MC_2022EE_vbf/WWto2L2Nu_powheg_22EE_ext1-v2/126591da-12ce-4ee4-a5a0-35d35ff06960_vbfhmm.root
[2025-11-20 03:12:51.666] [main] [info] Finished Evaluation
[2025-11-20 03:12:51.666] [main] [info] Overall runtime (real time: 115.80, CPU time: 110.72)
