Starting job on \n
Running on: Linux b9p06p6732.cern.ch 5.14.0-570.42.2.el9_6.x86_64 #1 SMP PREEMPT_DYNAMIC Mon Sep 8 12:15:13 EDT 2025 x86_64 x86_64 x86_64 GNU/Linux\n
System software: Red Hat Enterprise Linux release 9.7 (Plow)\n
Setting up CROWN for RedHatEnterprise Version 9.7
subject   : /DC=ch/DC=cern/OU=Organic Units/OU=Users/CN=jiahua/CN=851532/CN=Jiahua Chen/CN=2045128514
issuer    : /DC=ch/DC=cern/OU=Organic Units/OU=Users/CN=jiahua/CN=851532/CN=Jiahua Chen
identity  : /DC=ch/DC=cern/OU=Organic Units/OU=Users/CN=jiahua/CN=851532/CN=Jiahua Chen
type      : RFC compliant proxy
strength  : 2048 bits
path      : /afs/cern.ch/user/j/jiahua/proxy/x509up_u139833
timeleft  : 168:36:17
key usage : Digital Signature, Key Encipherment
=== VO cms extension information ===
VO        : cms
subject   : /DC=ch/DC=cern/OU=Organic Units/OU=Users/CN=jiahua/CN=851532/CN=Jiahua Chen
issuer    : /DC=ch/DC=cern/OU=computers/CN=cms-auth.cern.ch
attribute : /cms/Role=NULL/Capability=NULL
timeleft  : 160:36:16
uri       : voms-cms-auth.cern.ch:15000
subject   : /DC=ch/DC=cern/OU=Organic Units/OU=Users/CN=jiahua/CN=851532/CN=Jiahua Chen/CN=2045128514
issuer    : /DC=ch/DC=cern/OU=Organic Units/OU=Users/CN=jiahua/CN=851532/CN=Jiahua Chen
identity  : /DC=ch/DC=cern/OU=Organic Units/OU=Users/CN=jiahua/CN=851532/CN=Jiahua Chen
type      : RFC compliant proxy
strength  : 2048 bits
path      : /afs/cern.ch/user/j/jiahua/proxy/x509up_u139833
timeleft  : 168:36:17
key usage : Digital Signature, Key Encipherment
=== VO cms extension information ===
VO        : cms
subject   : /DC=ch/DC=cern/OU=Organic Units/OU=Users/CN=jiahua/CN=851532/CN=Jiahua Chen
issuer    : /DC=ch/DC=cern/OU=computers/CN=cms-auth.cern.ch
attribute : /cms/Role=NULL/Capability=NULL
timeleft  : 160:36:16
uri       : voms-cms-auth.cern.ch:15000
/eos/user/j/jiahua/MC_2022EE_inc/MC_2022EE_vbf/WWto2L2Nu_powheg_22EE_ext1-v2/cceeeae6-c0ef-417b-9833-52c4f3582f3d.root
[2025-11-21 10:12:26.377] [main] [info] Checking input files
[2025-11-21 10:12:33.354] [main] [info] NanoAOD input_file 1: root://cms-xrd-global.cern.ch//store/mc/Run3Summer22EENanoAODv12/WWto2L2Nu_TuneCP5_13p6TeV_powheg-pythia8/NANOAODSIM/130X_mcRun3_2022_realistic_postEE_v6_ext1-v2/30000/cceeeae6-c0ef-417b-9833-52c4f3582f3d.root - 75390 Events
[2025-11-21 10:12:33.354] [main] [info] input_file 1: root://cms-xrd-global.cern.ch//store/mc/Run3Summer22EENanoAODv12/WWto2L2Nu_TuneCP5_13p6TeV_powheg-pythia8/NANOAODSIM/130X_mcRun3_2022_realistic_postEE_v6_ext1-v2/30000/cceeeae6-c0ef-417b-9833-52c4f3582f3d.root - SumOfGenWeight: 888701.7720000014 
[2025-11-21 10:12:33.354] [main] [info] Output directory: /eos/user/j/jiahua/MC_2022EE_inc/MC_2022EE_vbf/WWto2L2Nu_powheg_22EE_ext1-v2/cceeeae6-c0ef-417b-9833-52c4f3582f3d.root
[2025-11-21 10:12:33.354] [main] [info] Starting Setup of Dataframe with 75390 events
[2025-11-21 10:13:52.007] [main] [info] Finished Setup
[2025-11-21 10:13:52.008] [main] [info] Runtime for setup (real time: 78.65, CPU time: 74.33)
[2025-11-21 10:13:52.008] [main] [info] Starting Evaluation
[2025-11-21 10:14:18.722] [main] [info] 10000 / 75390 (13.26 %) Events processed ...
[2025-11-21 10:14:29.899] [main] [info] 20000 / 75390 (26.53 %) Events processed ...
[2025-11-21 10:14:42.085] [main] [info] 30000 / 75390 (39.79 %) Events processed ...
[2025-11-21 10:14:53.880] [main] [info] 40000 / 75390 (53.06 %) Events processed ...
[2025-11-21 10:15:06.964] [main] [info] 50000 / 75390 (66.32 %) Events processed ...
[2025-11-21 10:15:19.312] [main] [info] 60000 / 75390 (79.59 %) Events processed ...
[2025-11-21 10:15:32.109] [main] [info] 70000 / 75390 (92.85 %) Events processed ...
[2025-11-21 10:15:38.249] [main] [info] vbfhmm:
GoodJetsCollection: pass=59125      all=75390      -- eff=78.43 % cumulative eff=78.43 %
Flag_goodVertices: pass=59125      all=59125      -- eff=100.00 % cumulative eff=78.43 %
Flag_globalSuperTightHalo2016Filter: pass=59117      all=59125      -- eff=99.99 % cumulative eff=78.41 %
Flag_EcalDeadCellTriggerPrimitiveFilter: pass=59111      all=59117      -- eff=99.99 % cumulative eff=78.41 %
Flag_BadPFMuonFilter: pass=59107      all=59111      -- eff=99.99 % cumulative eff=78.40 %
Flag_BadPFMuonDzFilter: pass=59107      all=59107      -- eff=100.00 % cumulative eff=78.40 %
Flag_eeBadScFilter: pass=59107      all=59107      -- eff=100.00 % cumulative eff=78.40 %
Flag_ecalBadCalibFilter: pass=59092      all=59107      -- eff=99.97 % cumulative eff=78.38 %
Flag_hfNoisyHitsFilter: pass=59090      all=59092      -- eff=100.00 % cumulative eff=78.38 %
Number of muons 2: pass=1805       all=59090      -- eff=3.05 % cumulative eff=2.39 %
Veto VH <= 0 electrons: pass=1804       all=1805       -- eff=99.94 % cumulative eff=2.39 %
DiMuon From Higgs: pass=836        all=1804       -- eff=46.34 % cumulative eff=1.11 %
LeptonChargeSum: pass=836        all=836        -- eff=100.00 % cumulative eff=1.11 %
Hmass>=110: pass=419        all=836        -- eff=50.12 % cumulative eff=0.56 %
[2025-11-21 10:15:38.394] [main] [info] Writing quantities map to /eos/user/j/jiahua/MC_2022EE_inc/MC_2022EE_vbf/WWto2L2Nu_powheg_22EE_ext1-v2/cceeeae6-c0ef-417b-9833-52c4f3582f3d_vbfhmm.root
[2025-11-21 10:15:38.503] [main] [info] Finished Evaluation
[2025-11-21 10:15:38.503] [main] [info] Overall runtime (real time: 185.15, CPU time: 176.60)
