000 (13047734.291.000) 11/20 09:15:37 Job submitted from host: <188.185.121.235:9618?addrs=188.185.121.235-9618+[2001-1458-d00-49--100-36e]-9618&alias=bigbird22.cern.ch&noUDP&sock=schedd_232129_c3ca>
...
040 (13047734.291.000) 11/20 09:32:45 Started transferring input files
	Transferring to host: <188.185.210.215:9618?addrs=188.185.210.215-9618+[2001-1458-303-15--100-53]-9618&alias=b9p22p8819.cern.ch&noUDP&sock=slot1_37_9732_d305_64186>
...
040 (13047734.291.000) 11/20 09:32:45 Finished transferring input files
...
001 (13047734.291.000) 11/20 09:32:46 Job executing on host: <188.185.210.215:9618?addrs=188.185.210.215-9618+[2001-1458-303-15--100-53]-9618&alias=b9p22p8819.cern.ch&noUDP&sock=startd_8624_ecd7>
	SlotName: slot1_37@b9p22p8819.cern.ch
	CondorScratchDir = "/pool/condor/dir_1903221"
	Cpus = 1
	Disk = 15941
	GPUs = 0
	Memory = 3000
...
006 (13047734.291.000) 11/20 09:32:59 Image size of job updated: 130468
	128  -  MemoryUsage of job (MB)
	130468  -  ResidentSetSize of job (KB)
...
006 (13047734.291.000) 11/20 09:34:35 Image size of job updated: 656456
	128  -  MemoryUsage of job (MB)
	130504  -  ResidentSetSize of job (KB)
...
040 (13047734.291.000) 11/20 09:34:35 Started transferring output files
...
040 (13047734.291.000) 11/20 09:34:35 Finished transferring output files
...
005 (13047734.291.000) 11/20 09:34:48 Job terminated.
	(1) Normal termination (return value 134)
		Usr 0 00:01:33, Sys 0 00:00:03  -  Run Remote Usage
		Usr 0 00:00:00, Sys 0 00:00:00  -  Run Local Usage
		Usr 0 00:01:33, Sys 0 00:00:03  -  Total Remote Usage
		Usr 0 00:00:00, Sys 0 00:00:00  -  Total Local Usage
	8488  -  Run Bytes Sent By Job
	11510364  -  Run Bytes Received By Job
	8488  -  Total Bytes Sent By Job
	11510364  -  Total Bytes Received By Job
	Partitionable Resources :    Usage  Request Allocated 
	   Cpus                 :        0        1         1 
	   Disk (KB)            :    11272    12500     15941 
	   GPUs                 :                           0 
	   Memory (MB)          :      128     3000      3000 
	   TimeExecute (s)      :      109                    
	   TimeSlotBusy (s)     :      110                    

	Job terminated of its own accord at 2025-11-20T08:34:35Z with exit-code 134.
...
