Starting job on \n
Running on: Linux b9p21p1783.cern.ch 5.14.0-570.44.1.el9_6.x86_64 #1 SMP PREEMPT_DYNAMIC Tue Sep 9 05:17:30 EDT 2025 x86_64 x86_64 x86_64 GNU/Linux\n
System software: Red Hat Enterprise Linux release 9.7 (Plow)\n
Setting up CROWN for RedHatEnterprise Version 9.7
subject   : /DC=ch/DC=cern/OU=Organic Units/OU=Users/CN=jiahua/CN=851532/CN=Jiahua Chen/CN=2045128514
issuer    : /DC=ch/DC=cern/OU=Organic Units/OU=Users/CN=jiahua/CN=851532/CN=Jiahua Chen
identity  : /DC=ch/DC=cern/OU=Organic Units/OU=Users/CN=jiahua/CN=851532/CN=Jiahua Chen
type      : RFC compliant proxy
strength  : 2048 bits
path      : /afs/cern.ch/user/j/jiahua/proxy/x509up_u139833
timeleft  : 168:35:53
key usage : Digital Signature, Key Encipherment
=== VO cms extension information ===
VO        : cms
subject   : /DC=ch/DC=cern/OU=Organic Units/OU=Users/CN=jiahua/CN=851532/CN=Jiahua Chen
issuer    : /DC=ch/DC=cern/OU=computers/CN=cms-auth.cern.ch
attribute : /cms/Role=NULL/Capability=NULL
timeleft  : 160:35:52
uri       : voms-cms-auth.cern.ch:15000
subject   : /DC=ch/DC=cern/OU=Organic Units/OU=Users/CN=jiahua/CN=851532/CN=Jiahua Chen/CN=2045128514
issuer    : /DC=ch/DC=cern/OU=Organic Units/OU=Users/CN=jiahua/CN=851532/CN=Jiahua Chen
identity  : /DC=ch/DC=cern/OU=Organic Units/OU=Users/CN=jiahua/CN=851532/CN=Jiahua Chen
type      : RFC compliant proxy
strength  : 2048 bits
path      : /afs/cern.ch/user/j/jiahua/proxy/x509up_u139833
timeleft  : 168:35:53
key usage : Digital Signature, Key Encipherment
=== VO cms extension information ===
VO        : cms
subject   : /DC=ch/DC=cern/OU=Organic Units/OU=Users/CN=jiahua/CN=851532/CN=Jiahua Chen
issuer    : /DC=ch/DC=cern/OU=computers/CN=cms-auth.cern.ch
attribute : /cms/Role=NULL/Capability=NULL
timeleft  : 160:35:52
uri       : voms-cms-auth.cern.ch:15000
/eos/user/j/jiahua/MC_2022EE_inc/MC_2022EE_vbf/WWto2L2Nu_powheg_22EE_ext1-v2/f2e9d0c2-5078-4b73-aae0-fac0498a3986.root
[2025-11-21 10:12:50.965] [main] [info] Checking input files
[2025-11-21 10:12:58.347] [main] [info] NanoAOD input_file 1: root://cms-xrd-global.cern.ch//store/mc/Run3Summer22EENanoAODv12/WWto2L2Nu_TuneCP5_13p6TeV_powheg-pythia8/NANOAODSIM/130X_mcRun3_2022_realistic_postEE_v6_ext1-v2/2540000/f2e9d0c2-5078-4b73-aae0-fac0498a3986.root - 152216 Events
[2025-11-21 10:12:58.347] [main] [info] input_file 1: root://cms-xrd-global.cern.ch//store/mc/Run3Summer22EENanoAODv12/WWto2L2Nu_TuneCP5_13p6TeV_powheg-pythia8/NANOAODSIM/130X_mcRun3_2022_realistic_postEE_v6_ext1-v2/2540000/f2e9d0c2-5078-4b73-aae0-fac0498a3986.root - SumOfGenWeight: 1794336.1380000021 
[2025-11-21 10:12:58.347] [main] [info] Output directory: /eos/user/j/jiahua/MC_2022EE_inc/MC_2022EE_vbf/WWto2L2Nu_powheg_22EE_ext1-v2/f2e9d0c2-5078-4b73-aae0-fac0498a3986.root
[2025-11-21 10:12:58.348] [main] [info] Starting Setup of Dataframe with 152216 events
[2025-11-21 10:14:21.126] [main] [info] Finished Setup
[2025-11-21 10:14:21.126] [main] [info] Runtime for setup (real time: 82.78, CPU time: 78.08)
[2025-11-21 10:14:21.126] [main] [info] Starting Evaluation
[2025-11-21 10:14:51.929] [main] [info] 10000 / 152216 (6.57 %) Events processed ...
[2025-11-21 10:15:03.186] [main] [info] 20000 / 152216 (13.14 %) Events processed ...
[2025-11-21 10:15:14.204] [main] [info] 30000 / 152216 (19.71 %) Events processed ...
[2025-11-21 10:15:27.138] [main] [info] 40000 / 152216 (26.28 %) Events processed ...
[2025-11-21 10:15:37.626] [main] [info] 50000 / 152216 (32.85 %) Events processed ...
[2025-11-21 10:15:47.410] [main] [info] 60000 / 152216 (39.42 %) Events processed ...
[2025-11-21 10:16:00.317] [main] [info] 70000 / 152216 (45.99 %) Events processed ...
[2025-11-21 10:16:14.418] [main] [info] 80000 / 152216 (52.56 %) Events processed ...
[2025-11-21 10:16:26.142] [main] [info] 90000 / 152216 (59.13 %) Events processed ...
[2025-11-21 10:16:38.462] [main] [info] 100000 / 152216 (65.70 %) Events processed ...
[2025-11-21 10:16:50.031] [main] [info] 110000 / 152216 (72.27 %) Events processed ...
[2025-11-21 10:17:04.143] [main] [info] 120000 / 152216 (78.84 %) Events processed ...
[2025-11-21 10:17:16.362] [main] [info] 130000 / 152216 (85.40 %) Events processed ...
[2025-11-21 10:17:29.317] [main] [info] 140000 / 152216 (91.97 %) Events processed ...
[2025-11-21 10:17:42.511] [main] [info] 150000 / 152216 (98.54 %) Events processed ...
[2025-11-21 10:17:45.581] [main] [info] vbfhmm:
GoodJetsCollection: pass=119611     all=152216     -- eff=78.58 % cumulative eff=78.58 %
Flag_goodVertices: pass=119611     all=119611     -- eff=100.00 % cumulative eff=78.58 %
Flag_globalSuperTightHalo2016Filter: pass=119600     all=119611     -- eff=99.99 % cumulative eff=78.57 %
Flag_EcalDeadCellTriggerPrimitiveFilter: pass=119592     all=119600     -- eff=99.99 % cumulative eff=78.57 %
Flag_BadPFMuonFilter: pass=119587     all=119592     -- eff=100.00 % cumulative eff=78.56 %
Flag_BadPFMuonDzFilter: pass=119584     all=119587     -- eff=100.00 % cumulative eff=78.56 %
Flag_eeBadScFilter: pass=119584     all=119584     -- eff=100.00 % cumulative eff=78.56 %
Flag_ecalBadCalibFilter: pass=119554     all=119584     -- eff=99.97 % cumulative eff=78.54 %
Flag_hfNoisyHitsFilter: pass=119553     all=119554     -- eff=100.00 % cumulative eff=78.54 %
Number of muons 2: pass=3578       all=119553     -- eff=2.99 % cumulative eff=2.35 %
Veto VH <= 0 electrons: pass=3574       all=3578       -- eff=99.89 % cumulative eff=2.35 %
DiMuon From Higgs: pass=1673       all=3574       -- eff=46.81 % cumulative eff=1.10 %
LeptonChargeSum: pass=1672       all=1673       -- eff=99.94 % cumulative eff=1.10 %
Hmass>=110: pass=858        all=1672       -- eff=51.32 % cumulative eff=0.56 %
[2025-11-21 10:17:45.881] [main] [info] Writing quantities map to /eos/user/j/jiahua/MC_2022EE_inc/MC_2022EE_vbf/WWto2L2Nu_powheg_22EE_ext1-v2/f2e9d0c2-5078-4b73-aae0-fac0498a3986_vbfhmm.root
[2025-11-21 10:17:45.967] [main] [info] Finished Evaluation
[2025-11-21 10:17:45.967] [main] [info] Overall runtime (real time: 287.62, CPU time: 273.79)
