Starting job on \n
Running on: Linux b9p29p6384.cern.ch 5.14.0-570.44.1.el9_6.x86_64 #1 SMP PREEMPT_DYNAMIC Tue Sep 9 05:17:30 EDT 2025 x86_64 x86_64 x86_64 GNU/Linux\n
System software: Red Hat Enterprise Linux release 9.7 (Plow)\n
Setting up CROWN for RedHatEnterprise Version 9.7
subject   : /DC=ch/DC=cern/OU=Organic Units/OU=Users/CN=jiahua/CN=851532/CN=Jiahua Chen/CN=2045128514
issuer    : /DC=ch/DC=cern/OU=Organic Units/OU=Users/CN=jiahua/CN=851532/CN=Jiahua Chen
identity  : /DC=ch/DC=cern/OU=Organic Units/OU=Users/CN=jiahua/CN=851532/CN=Jiahua Chen
type      : RFC compliant proxy
strength  : 2048 bits
path      : /afs/cern.ch/user/j/jiahua/proxy/x509up_u139833
timeleft  : 193:16:48
key usage : Digital Signature, Key Encipherment
=== VO cms extension information ===
VO        : cms
subject   : /DC=ch/DC=cern/OU=Organic Units/OU=Users/CN=jiahua/CN=851532/CN=Jiahua Chen
issuer    : /DC=ch/DC=cern/OU=computers/CN=cms-auth.cern.ch
attribute : /cms/Role=NULL/Capability=NULL
timeleft  : 185:16:47
uri       : voms-cms-auth.cern.ch:15000
subject   : /DC=ch/DC=cern/OU=Organic Units/OU=Users/CN=jiahua/CN=851532/CN=Jiahua Chen/CN=2045128514
issuer    : /DC=ch/DC=cern/OU=Organic Units/OU=Users/CN=jiahua/CN=851532/CN=Jiahua Chen
identity  : /DC=ch/DC=cern/OU=Organic Units/OU=Users/CN=jiahua/CN=851532/CN=Jiahua Chen
type      : RFC compliant proxy
strength  : 2048 bits
path      : /afs/cern.ch/user/j/jiahua/proxy/x509up_u139833
timeleft  : 193:16:48
key usage : Digital Signature, Key Encipherment
=== VO cms extension information ===
VO        : cms
subject   : /DC=ch/DC=cern/OU=Organic Units/OU=Users/CN=jiahua/CN=851532/CN=Jiahua Chen
issuer    : /DC=ch/DC=cern/OU=computers/CN=cms-auth.cern.ch
attribute : /cms/Role=NULL/Capability=NULL
timeleft  : 185:16:47
uri       : voms-cms-auth.cern.ch:15000
/eos/user/j/jiahua/MC_2022EE_inc/MC_2022EE_vbf/WWto2L2Nu_powheg_22EE_ext1-v2/2866cc34-e19b-4f45-9745-2a07fab6a607.root
[2025-11-20 09:31:55.412] [main] [info] Checking input files
[2025-11-20 09:31:59.478] [main] [info] NanoAOD input_file 1: root://cms-xrd-global.cern.ch//store/mc/Run3Summer22EENanoAODv12/WWto2L2Nu_TuneCP5_13p6TeV_powheg-pythia8/NANOAODSIM/130X_mcRun3_2022_realistic_postEE_v6_ext1-v2/40000/2866cc34-e19b-4f45-9745-2a07fab6a607.root - 167294 Events
[2025-11-20 09:31:59.478] [main] [info] input_file 1: root://cms-xrd-global.cern.ch//store/mc/Run3Summer22EENanoAODv12/WWto2L2Nu_TuneCP5_13p6TeV_powheg-pythia8/NANOAODSIM/130X_mcRun3_2022_realistic_postEE_v6_ext1-v2/40000/2866cc34-e19b-4f45-9745-2a07fab6a607.root - SumOfGenWeight: 1972269.8730000034 
[2025-11-20 09:31:59.478] [main] [info] Output directory: /eos/user/j/jiahua/MC_2022EE_inc/MC_2022EE_vbf/WWto2L2Nu_powheg_22EE_ext1-v2/2866cc34-e19b-4f45-9745-2a07fab6a607.root
[2025-11-20 09:31:59.479] [main] [info] Starting Setup of Dataframe with 167294 events
[2025-11-20 09:33:15.212] [main] [info] Finished Setup
[2025-11-20 09:33:15.212] [main] [info] Runtime for setup (real time: 75.73, CPU time: 71.83)
[2025-11-20 09:33:15.212] [main] [info] Starting Evaluation
