Starting job on \n
Running on: Linux b9p10p9536.cern.ch 5.14.0-570.42.2.el9_6.x86_64 #1 SMP PREEMPT_DYNAMIC Mon Sep 8 12:15:13 EDT 2025 x86_64 x86_64 x86_64 GNU/Linux\n
System software: Red Hat Enterprise Linux release 9.6 (Plow)\n
Setting up CROWN for RedHatEnterprise Version 9.6
subject   : /DC=ch/DC=cern/OU=Organic Units/OU=Users/CN=jiahua/CN=851532/CN=Jiahua Chen/CN=2045128514
issuer    : /DC=ch/DC=cern/OU=Organic Units/OU=Users/CN=jiahua/CN=851532/CN=Jiahua Chen
identity  : /DC=ch/DC=cern/OU=Organic Units/OU=Users/CN=jiahua/CN=851532/CN=Jiahua Chen
type      : RFC compliant proxy
strength  : 2048 bits
path      : /afs/cern.ch/user/j/jiahua/proxy/x509up_u139833
timeleft  : 199:38:38
key usage : Digital Signature, Key Encipherment
=== VO cms extension information ===
VO        : cms
subject   : /DC=ch/DC=cern/OU=Organic Units/OU=Users/CN=jiahua/CN=851532/CN=Jiahua Chen
issuer    : /DC=ch/DC=cern/OU=computers/CN=cms-auth.cern.ch
attribute : /cms/Role=NULL/Capability=NULL
timeleft  : 191:38:37
uri       : voms-cms-auth.cern.ch:15000
subject   : /DC=ch/DC=cern/OU=Organic Units/OU=Users/CN=jiahua/CN=851532/CN=Jiahua Chen/CN=2045128514
issuer    : /DC=ch/DC=cern/OU=Organic Units/OU=Users/CN=jiahua/CN=851532/CN=Jiahua Chen
identity  : /DC=ch/DC=cern/OU=Organic Units/OU=Users/CN=jiahua/CN=851532/CN=Jiahua Chen
type      : RFC compliant proxy
strength  : 2048 bits
path      : /afs/cern.ch/user/j/jiahua/proxy/x509up_u139833
timeleft  : 199:38:38
key usage : Digital Signature, Key Encipherment
=== VO cms extension information ===
VO        : cms
subject   : /DC=ch/DC=cern/OU=Organic Units/OU=Users/CN=jiahua/CN=851532/CN=Jiahua Chen
issuer    : /DC=ch/DC=cern/OU=computers/CN=cms-auth.cern.ch
attribute : /cms/Role=NULL/Capability=NULL
timeleft  : 191:38:37
uri       : voms-cms-auth.cern.ch:15000
/eos/user/j/jiahua/MC_2022EE_inc/MC_2022EE_vbf/WWto2L2Nu_powheg_22EE_ext1-v2/36ec3c1e-3e46-40c4-9bed-302b1d9c87a4.root
[2025-11-20 03:10:06.025] [main] [info] Checking input files
[2025-11-20 03:10:10.704] [main] [info] NanoAOD input_file 1: root://cms-xrd-global.cern.ch//store/mc/Run3Summer22EENanoAODv12/WWto2L2Nu_TuneCP5_13p6TeV_powheg-pythia8/NANOAODSIM/130X_mcRun3_2022_realistic_postEE_v6_ext1-v2/2520000/36ec3c1e-3e46-40c4-9bed-302b1d9c87a4.root - 10052 Events
[2025-11-20 03:10:10.704] [main] [info] input_file 1: root://cms-xrd-global.cern.ch//store/mc/Run3Summer22EENanoAODv12/WWto2L2Nu_TuneCP5_13p6TeV_powheg-pythia8/NANOAODSIM/130X_mcRun3_2022_realistic_postEE_v6_ext1-v2/2520000/36ec3c1e-3e46-40c4-9bed-302b1d9c87a4.root - SumOfGenWeight: 118528.15799999994 
[2025-11-20 03:10:10.704] [main] [info] Output directory: /eos/user/j/jiahua/MC_2022EE_inc/MC_2022EE_vbf/WWto2L2Nu_powheg_22EE_ext1-v2/36ec3c1e-3e46-40c4-9bed-302b1d9c87a4.root
[2025-11-20 03:10:10.704] [main] [info] Starting Setup of Dataframe with 10052 events
[2025-11-20 03:11:10.745] [main] [info] Finished Setup
[2025-11-20 03:11:10.745] [main] [info] Runtime for setup (real time: 60.04, CPU time: 56.46)
[2025-11-20 03:11:10.745] [main] [info] Starting Evaluation
[2025-11-20 03:11:31.314] [main] [info] 10000 / 10052 (99.48 %) Events processed ...
[2025-11-20 03:11:31.899] [main] [info] vbfhmm:
GoodJetsCollection: pass=7910       all=10052      -- eff=78.69 % cumulative eff=78.69 %
Flag_goodVertices: pass=7910       all=7910       -- eff=100.00 % cumulative eff=78.69 %
Flag_globalSuperTightHalo2016Filter: pass=7908       all=7910       -- eff=99.97 % cumulative eff=78.67 %
Flag_EcalDeadCellTriggerPrimitiveFilter: pass=7908       all=7908       -- eff=100.00 % cumulative eff=78.67 %
Flag_BadPFMuonFilter: pass=7907       all=7908       -- eff=99.99 % cumulative eff=78.66 %
Flag_BadPFMuonDzFilter: pass=7907       all=7907       -- eff=100.00 % cumulative eff=78.66 %
Flag_eeBadScFilter: pass=7907       all=7907       -- eff=100.00 % cumulative eff=78.66 %
Flag_ecalBadCalibFilter: pass=7906       all=7907       -- eff=99.99 % cumulative eff=78.65 %
Flag_hfNoisyHitsFilter: pass=7906       all=7906       -- eff=100.00 % cumulative eff=78.65 %
Number of muons 2: pass=248        all=7906       -- eff=3.14 % cumulative eff=2.47 %
Veto VH <= 0 electrons: pass=248        all=248        -- eff=100.00 % cumulative eff=2.47 %
DiMuon From Higgs: pass=117        all=248        -- eff=47.18 % cumulative eff=1.16 %
LeptonChargeSum: pass=117        all=117        -- eff=100.00 % cumulative eff=1.16 %
Hmass>=110: pass=54         all=117        -- eff=46.15 % cumulative eff=0.54 %
[2025-11-20 03:11:32.316] [main] [info] Writing quantities map to /eos/user/j/jiahua/MC_2022EE_inc/MC_2022EE_vbf/WWto2L2Nu_powheg_22EE_ext1-v2/36ec3c1e-3e46-40c4-9bed-302b1d9c87a4_vbfhmm.root
[2025-11-20 03:11:32.544] [main] [info] Finished Evaluation
[2025-11-20 03:11:32.544] [main] [info] Overall runtime (real time: 81.84, CPU time: 75.65)
