000 (13087770.051.000) 11/21 10:06:48 Job submitted from host: <188.185.121.235:9618?addrs=188.185.121.235-9618+[2001-1458-d00-49--100-36e]-9618&alias=bigbird22.cern.ch&noUDP&sock=schedd_232129_c3ca>
...
040 (13087770.051.000) 11/21 10:11:56 Started transferring input files
	Transferring to host: <188.185.213.221:9618?addrs=188.185.213.221-9618+[2001-1458-303-1b--100-59]-9618&alias=b9p28p6440.cern.ch&noUDP&sock=slot1_23_4461_ed8e_75917>
...
040 (13087770.051.000) 11/21 10:11:56 Finished transferring input files
...
001 (13087770.051.000) 11/21 10:11:57 Job executing on host: <188.185.213.221:9618?addrs=188.185.213.221-9618+[2001-1458-303-1b--100-59]-9618&alias=b9p28p6440.cern.ch&noUDP&sock=startd_3792_9337>
	SlotName: slot1_23@b9p28p6440.cern.ch
	CondorScratchDir = "/pool/condor/dir_24641"
	Cpus = 1
	Disk = 16103
	GPUs = 0
	Memory = 3000
...
006 (13087770.051.000) 11/21 10:12:10 Image size of job updated: 102152
	100  -  MemoryUsage of job (MB)
	102152  -  ResidentSetSize of job (KB)
...
006 (13087770.051.000) 11/21 10:14:56 Image size of job updated: 702424
	101  -  MemoryUsage of job (MB)
	102688  -  ResidentSetSize of job (KB)
...
040 (13087770.051.000) 11/21 10:14:56 Started transferring output files
...
040 (13087770.051.000) 11/21 10:14:56 Finished transferring output files
...
005 (13087770.051.000) 11/21 10:14:56 Job terminated.
	(1) Normal termination (return value 0)
		Usr 0 00:02:35, Sys 0 00:00:02  -  Run Remote Usage
		Usr 0 00:00:00, Sys 0 00:00:00  -  Run Local Usage
		Usr 0 00:02:35, Sys 0 00:00:02  -  Total Remote Usage
		Usr 0 00:00:00, Sys 0 00:00:00  -  Total Local Usage
	10447  -  Run Bytes Sent By Job
	11510364  -  Run Bytes Received By Job
	10447  -  Total Bytes Sent By Job
	11510364  -  Total Bytes Received By Job
	Partitionable Resources :    Usage  Request Allocated 
	   Cpus                 :        0        1         1 
	   Disk (KB)            :    11274    12500     16103 
	   GPUs                 :                           0 
	   Memory (MB)          :      101     3000      3000 
	   TimeExecute (s)      :      179                    
	   TimeSlotBusy (s)     :      180                    

	Job terminated of its own accord at 2025-11-21T09:14:56Z with exit-code 0.
...
