Starting job on \n
Running on: Linux b9p23p5412.cern.ch 5.14.0-570.44.1.el9_6.x86_64 #1 SMP PREEMPT_DYNAMIC Tue Sep 9 05:17:30 EDT 2025 x86_64 x86_64 x86_64 GNU/Linux\n
System software: Red Hat Enterprise Linux release 9.6 (Plow)\n
Setting up CROWN for RedHatEnterprise Version 9.6
subject   : /DC=ch/DC=cern/OU=Organic Units/OU=Users/CN=jiahua/CN=851532/CN=Jiahua Chen/CN=2045128514
issuer    : /DC=ch/DC=cern/OU=Organic Units/OU=Users/CN=jiahua/CN=851532/CN=Jiahua Chen
identity  : /DC=ch/DC=cern/OU=Organic Units/OU=Users/CN=jiahua/CN=851532/CN=Jiahua Chen
type      : RFC compliant proxy
strength  : 2048 bits
path      : /afs/cern.ch/user/j/jiahua/proxy/x509up_u139833
timeleft  : 199:40:05
key usage : Digital Signature, Key Encipherment
=== VO cms extension information ===
VO        : cms
subject   : /DC=ch/DC=cern/OU=Organic Units/OU=Users/CN=jiahua/CN=851532/CN=Jiahua Chen
issuer    : /DC=ch/DC=cern/OU=computers/CN=cms-auth.cern.ch
attribute : /cms/Role=NULL/Capability=NULL
timeleft  : 191:40:04
uri       : voms-cms-auth.cern.ch:15000
subject   : /DC=ch/DC=cern/OU=Organic Units/OU=Users/CN=jiahua/CN=851532/CN=Jiahua Chen/CN=2045128514
issuer    : /DC=ch/DC=cern/OU=Organic Units/OU=Users/CN=jiahua/CN=851532/CN=Jiahua Chen
identity  : /DC=ch/DC=cern/OU=Organic Units/OU=Users/CN=jiahua/CN=851532/CN=Jiahua Chen
type      : RFC compliant proxy
strength  : 2048 bits
path      : /afs/cern.ch/user/j/jiahua/proxy/x509up_u139833
timeleft  : 199:40:05
key usage : Digital Signature, Key Encipherment
=== VO cms extension information ===
VO        : cms
subject   : /DC=ch/DC=cern/OU=Organic Units/OU=Users/CN=jiahua/CN=851532/CN=Jiahua Chen
issuer    : /DC=ch/DC=cern/OU=computers/CN=cms-auth.cern.ch
attribute : /cms/Role=NULL/Capability=NULL
timeleft  : 191:40:04
uri       : voms-cms-auth.cern.ch:15000
/eos/user/j/jiahua/MC_2022EE_inc/MC_2022EE_vbf/WWto2L2Nu_powheg_22EE_ext1-v2/3620aa91-5f24-4b01-9358-74f4802e745e.root
[2025-11-20 03:08:38.461] [main] [info] Checking input files
[2025-11-20 03:08:44.512] [main] [info] NanoAOD input_file 1: root://cms-xrd-global.cern.ch//store/mc/Run3Summer22EENanoAODv12/WWto2L2Nu_TuneCP5_13p6TeV_powheg-pythia8/NANOAODSIM/130X_mcRun3_2022_realistic_postEE_v6_ext1-v2/50000/3620aa91-5f24-4b01-9358-74f4802e745e.root - 24412 Events
[2025-11-20 03:08:44.512] [main] [info] input_file 1: root://cms-xrd-global.cern.ch//store/mc/Run3Summer22EENanoAODv12/WWto2L2Nu_TuneCP5_13p6TeV_powheg-pythia8/NANOAODSIM/130X_mcRun3_2022_realistic_postEE_v6_ext1-v2/50000/3620aa91-5f24-4b01-9358-74f4802e745e.root - SumOfGenWeight: 287830.5149999999 
[2025-11-20 03:08:44.512] [main] [info] Output directory: /eos/user/j/jiahua/MC_2022EE_inc/MC_2022EE_vbf/WWto2L2Nu_powheg_22EE_ext1-v2/3620aa91-5f24-4b01-9358-74f4802e745e.root
[2025-11-20 03:08:44.513] [main] [info] Starting Setup of Dataframe with 24412 events
[2025-11-20 03:09:58.815] [main] [info] Finished Setup
[2025-11-20 03:09:58.815] [main] [info] Runtime for setup (real time: 74.30, CPU time: 70.21)
[2025-11-20 03:09:58.815] [main] [info] Starting Evaluation
[2025-11-20 03:10:27.369] [main] [info] 10000 / 24412 (40.96 %) Events processed ...
[2025-11-20 03:10:39.385] [main] [info] 20000 / 24412 (81.93 %) Events processed ...
[2025-11-20 03:10:44.057] [main] [info] vbfhmm:
GoodJetsCollection: pass=19127      all=24412      -- eff=78.35 % cumulative eff=78.35 %
Flag_goodVertices: pass=19127      all=19127      -- eff=100.00 % cumulative eff=78.35 %
Flag_globalSuperTightHalo2016Filter: pass=19126      all=19127      -- eff=99.99 % cumulative eff=78.35 %
Flag_EcalDeadCellTriggerPrimitiveFilter: pass=19125      all=19126      -- eff=99.99 % cumulative eff=78.34 %
Flag_BadPFMuonFilter: pass=19124      all=19125      -- eff=99.99 % cumulative eff=78.34 %
Flag_BadPFMuonDzFilter: pass=19124      all=19124      -- eff=100.00 % cumulative eff=78.34 %
Flag_eeBadScFilter: pass=19124      all=19124      -- eff=100.00 % cumulative eff=78.34 %
Flag_ecalBadCalibFilter: pass=19118      all=19124      -- eff=99.97 % cumulative eff=78.31 %
Flag_hfNoisyHitsFilter: pass=19117      all=19118      -- eff=99.99 % cumulative eff=78.31 %
Number of muons 2: pass=573        all=19117      -- eff=3.00 % cumulative eff=2.35 %
Veto VH <= 0 electrons: pass=573        all=573        -- eff=100.00 % cumulative eff=2.35 %
DiMuon From Higgs: pass=257        all=573        -- eff=44.85 % cumulative eff=1.05 %
LeptonChargeSum: pass=257        all=257        -- eff=100.00 % cumulative eff=1.05 %
Hmass>=110: pass=133        all=257        -- eff=51.75 % cumulative eff=0.54 %
[2025-11-20 03:10:44.204] [main] [info] Writing quantities map to /eos/user/j/jiahua/MC_2022EE_inc/MC_2022EE_vbf/WWto2L2Nu_powheg_22EE_ext1-v2/3620aa91-5f24-4b01-9358-74f4802e745e_vbfhmm.root
[2025-11-20 03:10:44.260] [main] [info] Finished Evaluation
[2025-11-20 03:10:44.260] [main] [info] Overall runtime (real time: 119.75, CPU time: 113.19)
