000 (13047734.168.000) 11/20 09:15:36 Job submitted from host: <188.185.121.235:9618?addrs=188.185.121.235-9618+[2001-1458-d00-49--100-36e]-9618&alias=bigbird22.cern.ch&noUDP&sock=schedd_232129_c3ca>
...
040 (13047734.168.000) 11/20 09:32:05 Started transferring input files
	Transferring to host: <188.185.193.188:9618?addrs=188.185.193.188-9618+[2001-1458-303-20--100-b8]-9618&alias=b9p19p2034.cern.ch&noUDP&sock=slot1_11_11646_6913_56169>
...
040 (13047734.168.000) 11/20 09:32:05 Finished transferring input files
...
001 (13047734.168.000) 11/20 09:32:06 Job executing on host: <188.185.193.188:9618?addrs=188.185.193.188-9618+[2001-1458-303-20--100-b8]-9618&alias=b9p19p2034.cern.ch&noUDP&sock=startd_11601_e648>
	SlotName: slot1_11@b9p19p2034.cern.ch
	CondorScratchDir = "/pool/condor/dir_3381956"
	Cpus = 1
	Disk = 16068
	GPUs = 0
	Memory = 3000
...
006 (13047734.168.000) 11/20 09:32:20 Image size of job updated: 153100
	150  -  MemoryUsage of job (MB)
	153100  -  ResidentSetSize of job (KB)
...
006 (13047734.168.000) 11/20 09:33:54 Image size of job updated: 671580
	150  -  MemoryUsage of job (MB)
	153100  -  ResidentSetSize of job (KB)
...
040 (13047734.168.000) 11/20 09:33:54 Started transferring output files
...
040 (13047734.168.000) 11/20 09:33:54 Finished transferring output files
...
005 (13047734.168.000) 11/20 09:33:54 Job terminated.
	(1) Normal termination (return value 134)
		Usr 0 00:01:35, Sys 0 00:00:01  -  Run Remote Usage
		Usr 0 00:00:00, Sys 0 00:00:00  -  Run Local Usage
		Usr 0 00:01:35, Sys 0 00:00:01  -  Total Remote Usage
		Usr 0 00:00:00, Sys 0 00:00:00  -  Total Local Usage
	8483  -  Run Bytes Sent By Job
	11510364  -  Run Bytes Received By Job
	8483  -  Total Bytes Sent By Job
	11510364  -  Total Bytes Received By Job
	Partitionable Resources :    Usage  Request Allocated 
	   Cpus                 :        0        1         1 
	   Disk (KB)            :    11273    12500     16068 
	   GPUs                 :                           0 
	   Memory (MB)          :      150     3000      3000 
	   TimeExecute (s)      :      108                    
	   TimeSlotBusy (s)     :      109                    

	Job terminated of its own accord at 2025-11-20T08:33:54Z with exit-code 134.
...
