000 (13047287.220.000) 11/20 02:50:47 Job submitted from host: <188.185.121.235:9618?addrs=188.185.121.235-9618+[2001-1458-d00-49--100-36e]-9618&alias=bigbird22.cern.ch&noUDP&sock=schedd_232129_c3ca>
...
040 (13047287.220.000) 11/20 03:09:59 Started transferring input files
	Transferring to host: <188.185.213.222:9618?addrs=188.185.213.222-9618+[2001-1458-303-1b--100-5a]-9618&alias=b9p28p3831.cern.ch&noUDP&sock=slot1_33_6619_6f26_64227>
...
040 (13047287.220.000) 11/20 03:09:59 Finished transferring input files
...
001 (13047287.220.000) 11/20 03:10:00 Job executing on host: <188.185.213.222:9618?addrs=188.185.213.222-9618+[2001-1458-303-1b--100-5a]-9618&alias=b9p28p3831.cern.ch&noUDP&sock=startd_5775_bf85>
	SlotName: slot1_33@b9p28p3831.cern.ch
	CondorScratchDir = "/pool/condor/dir_3746186"
	Cpus = 1
	Disk = 16115
	GPUs = 0
	Memory = 3000
...
006 (13047287.220.000) 11/20 03:10:13 Image size of job updated: 96080
	94  -  MemoryUsage of job (MB)
	96080  -  ResidentSetSize of job (KB)
...
006 (13047287.220.000) 11/20 03:12:11 Image size of job updated: 694052
	94  -  MemoryUsage of job (MB)
	96256  -  ResidentSetSize of job (KB)
...
040 (13047287.220.000) 11/20 03:12:11 Started transferring output files
...
040 (13047287.220.000) 11/20 03:12:11 Finished transferring output files
...
005 (13047287.220.000) 11/20 03:12:11 Job terminated.
	(1) Normal termination (return value 0)
		Usr 0 00:01:54, Sys 0 00:00:03  -  Run Remote Usage
		Usr 0 00:00:00, Sys 0 00:00:00  -  Run Local Usage
		Usr 0 00:01:54, Sys 0 00:00:03  -  Total Remote Usage
		Usr 0 00:00:00, Sys 0 00:00:00  -  Total Local Usage
	9933  -  Run Bytes Sent By Job
	11506596  -  Run Bytes Received By Job
	9933  -  Total Bytes Sent By Job
	11506596  -  Total Bytes Received By Job
	Partitionable Resources :    Usage  Request Allocated 
	   Cpus                 :        0        1         1 
	   Disk (KB)            :    11271    12500     16115 
	   GPUs                 :                           0 
	   Memory (MB)          :       94     3000      3000 
	   TimeExecute (s)      :      131                    
	   TimeSlotBusy (s)     :      132                    

	Job terminated of its own accord at 2025-11-20T02:12:11Z with exit-code 0.
...
