000 (13087770.053.000) 11/21 10:06:48 Job submitted from host: <188.185.121.235:9618?addrs=188.185.121.235-9618+[2001-1458-d00-49--100-36e]-9618&alias=bigbird22.cern.ch&noUDP&sock=schedd_232129_c3ca>
...
040 (13087770.053.000) 11/21 10:11:57 Started transferring input files
	Transferring to host: <188.185.193.148:9618?addrs=188.185.193.148-9618+[2001-1458-303-20--100-90]-9618&alias=b9p19p8519.cern.ch&noUDP&sock=slot1_35_8103_0be3_58771>
...
040 (13087770.053.000) 11/21 10:11:57 Finished transferring input files
...
001 (13087770.053.000) 11/21 10:11:58 Job executing on host: <188.185.193.148:9618?addrs=188.185.193.148-9618+[2001-1458-303-20--100-90]-9618&alias=b9p19p8519.cern.ch&noUDP&sock=startd_7102_f5b2>
	SlotName: slot1_35@b9p19p8519.cern.ch
	CondorScratchDir = "/pool/condor/dir_2186068"
	Cpus = 1
	Disk = 16111
	GPUs = 0
	Memory = 3000
...
006 (13087770.053.000) 11/21 10:12:11 Image size of job updated: 96952
	95  -  MemoryUsage of job (MB)
	96952  -  ResidentSetSize of job (KB)
...
006 (13087770.053.000) 11/21 10:15:36 Image size of job updated: 699556
	95  -  MemoryUsage of job (MB)
	96952  -  ResidentSetSize of job (KB)
...
040 (13087770.053.000) 11/21 10:15:36 Started transferring output files
...
040 (13087770.053.000) 11/21 10:15:36 Finished transferring output files
...
005 (13087770.053.000) 11/21 10:15:36 Job terminated.
	(1) Normal termination (return value 0)
		Usr 0 00:03:21, Sys 0 00:00:02  -  Run Remote Usage
		Usr 0 00:00:00, Sys 0 00:00:00  -  Run Local Usage
		Usr 0 00:03:21, Sys 0 00:00:02  -  Total Remote Usage
		Usr 0 00:00:00, Sys 0 00:00:00  -  Total Local Usage
	10018  -  Run Bytes Sent By Job
	11510364  -  Run Bytes Received By Job
	10018  -  Total Bytes Sent By Job
	11510364  -  Total Bytes Received By Job
	Partitionable Resources :    Usage  Request Allocated 
	   Cpus                 :        0        1         1 
	   Disk (KB)            :    11273    12500     16111 
	   GPUs                 :                           0 
	   Memory (MB)          :       95     3000      3000 
	   TimeExecute (s)      :      218                    
	   TimeSlotBusy (s)     :      219                    

	Job terminated of its own accord at 2025-11-21T09:15:36Z with exit-code 0.
...
