000 (13087770.285.000) 11/21 10:06:50 Job submitted from host: <188.185.121.235:9618?addrs=188.185.121.235-9618+[2001-1458-d00-49--100-36e]-9618&alias=bigbird22.cern.ch&noUDP&sock=schedd_232129_c3ca>
...
040 (13087770.285.000) 11/21 10:13:19 Started transferring input files
	Transferring to host: <188.185.211.71:9618?addrs=188.185.211.71-9618+[2001-1458-303-16--100-43]-9618&alias=b9p23p4790.cern.ch&noUDP&sock=slot1_22_5179_d2ec_65977>
...
040 (13087770.285.000) 11/21 10:13:19 Finished transferring input files
...
001 (13087770.285.000) 11/21 10:13:20 Job executing on host: <188.185.211.71:9618?addrs=188.185.211.71-9618+[2001-1458-303-16--100-43]-9618&alias=b9p23p4790.cern.ch&noUDP&sock=startd_4127_5b71>
	SlotName: slot1_22@b9p23p4790.cern.ch
	CondorScratchDir = "/pool/condor/dir_1814796"
	Cpus = 1
	Disk = 16043
	GPUs = 0
	Memory = 3000
...
006 (13087770.285.000) 11/21 10:13:34 Image size of job updated: 154604
	151  -  MemoryUsage of job (MB)
	154604  -  ResidentSetSize of job (KB)
...
006 (13087770.285.000) 11/21 10:18:29 Image size of job updated: 701400
	151  -  MemoryUsage of job (MB)
	154604  -  ResidentSetSize of job (KB)
...
040 (13087770.285.000) 11/21 10:18:30 Started transferring output files
...
040 (13087770.285.000) 11/21 10:18:30 Finished transferring output files
...
005 (13087770.285.000) 11/21 10:18:30 Job terminated.
	(1) Normal termination (return value 0)
		Usr 0 00:04:43, Sys 0 00:00:04  -  Run Remote Usage
		Usr 0 00:00:00, Sys 0 00:00:00  -  Run Local Usage
		Usr 0 00:04:43, Sys 0 00:00:04  -  Total Remote Usage
		Usr 0 00:00:00, Sys 0 00:00:00  -  Total Local Usage
	11324  -  Run Bytes Sent By Job
	11510364  -  Run Bytes Received By Job
	11324  -  Total Bytes Sent By Job
	11510364  -  Total Bytes Received By Job
	Partitionable Resources :    Usage  Request Allocated 
	   Cpus                 :     0.99        1         1 
	   Disk (KB)            : 11275       12500     16043 
	   GPUs                 :                           0 
	   Memory (MB)          :   151        3000      3000 
	   TimeExecute (s)      :   309                       
	   TimeSlotBusy (s)     :   311                       

	Job terminated of its own accord at 2025-11-21T09:18:29Z with exit-code 0.
...
