Starting job on \n
Running on: Linux b9p22p1324.cern.ch 5.14.0-570.42.2.el9_6.x86_64 #1 SMP PREEMPT_DYNAMIC Mon Sep 8 12:15:13 EDT 2025 x86_64 x86_64 x86_64 GNU/Linux\n
System software: Red Hat Enterprise Linux release 9.7 (Plow)\n
Setting up CROWN for RedHatEnterprise Version 9.7
subject   : /DC=ch/DC=cern/OU=Organic Units/OU=Users/CN=jiahua/CN=851532/CN=Jiahua Chen/CN=2045128514
issuer    : /DC=ch/DC=cern/OU=Organic Units/OU=Users/CN=jiahua/CN=851532/CN=Jiahua Chen
identity  : /DC=ch/DC=cern/OU=Organic Units/OU=Users/CN=jiahua/CN=851532/CN=Jiahua Chen
type      : RFC compliant proxy
strength  : 2048 bits
path      : /afs/cern.ch/user/j/jiahua/proxy/x509up_u139833
timeleft  : 199:38:42
key usage : Digital Signature, Key Encipherment
=== VO cms extension information ===
VO        : cms
subject   : /DC=ch/DC=cern/OU=Organic Units/OU=Users/CN=jiahua/CN=851532/CN=Jiahua Chen
issuer    : /DC=ch/DC=cern/OU=computers/CN=cms-auth.cern.ch
attribute : /cms/Role=NULL/Capability=NULL
timeleft  : 191:38:41
uri       : voms-cms-auth.cern.ch:15000
subject   : /DC=ch/DC=cern/OU=Organic Units/OU=Users/CN=jiahua/CN=851532/CN=Jiahua Chen/CN=2045128514
issuer    : /DC=ch/DC=cern/OU=Organic Units/OU=Users/CN=jiahua/CN=851532/CN=Jiahua Chen
identity  : /DC=ch/DC=cern/OU=Organic Units/OU=Users/CN=jiahua/CN=851532/CN=Jiahua Chen
type      : RFC compliant proxy
strength  : 2048 bits
path      : /afs/cern.ch/user/j/jiahua/proxy/x509up_u139833
timeleft  : 199:38:42
key usage : Digital Signature, Key Encipherment
=== VO cms extension information ===
VO        : cms
subject   : /DC=ch/DC=cern/OU=Organic Units/OU=Users/CN=jiahua/CN=851532/CN=Jiahua Chen
issuer    : /DC=ch/DC=cern/OU=computers/CN=cms-auth.cern.ch
attribute : /cms/Role=NULL/Capability=NULL
timeleft  : 191:38:41
uri       : voms-cms-auth.cern.ch:15000
/eos/user/j/jiahua/MC_2022EE_inc/MC_2022EE_vbf/WWto2L2Nu_powheg_22EE_ext1-v2/d484a4e0-0f2b-48e1-82d5-7de951ef56b1.root
[2025-11-20 03:10:01.132] [main] [info] Checking input files
[2025-11-20 03:10:05.578] [main] [info] NanoAOD input_file 1: root://cms-xrd-global.cern.ch//store/mc/Run3Summer22EENanoAODv12/WWto2L2Nu_TuneCP5_13p6TeV_powheg-pythia8/NANOAODSIM/130X_mcRun3_2022_realistic_postEE_v6_ext1-v2/30000/d484a4e0-0f2b-48e1-82d5-7de951ef56b1.root - 718 Events
[2025-11-20 03:10:05.578] [main] [info] input_file 1: root://cms-xrd-global.cern.ch//store/mc/Run3Summer22EENanoAODv12/WWto2L2Nu_TuneCP5_13p6TeV_powheg-pythia8/NANOAODSIM/130X_mcRun3_2022_realistic_postEE_v6_ext1-v2/30000/d484a4e0-0f2b-48e1-82d5-7de951ef56b1.root - SumOfGenWeight: 8466.296999999999 
[2025-11-20 03:10:05.578] [main] [info] Output directory: /eos/user/j/jiahua/MC_2022EE_inc/MC_2022EE_vbf/WWto2L2Nu_powheg_22EE_ext1-v2/d484a4e0-0f2b-48e1-82d5-7de951ef56b1.root
[2025-11-20 03:10:05.580] [main] [info] Starting Setup of Dataframe with 718 events
[2025-11-20 03:11:17.174] [main] [info] Finished Setup
[2025-11-20 03:11:17.174] [main] [info] Runtime for setup (real time: 71.60, CPU time: 67.89)
[2025-11-20 03:11:17.174] [main] [info] Starting Evaluation
[2025-11-20 03:11:32.407] [main] [info] vbfhmm:
GoodJetsCollection: pass=566        all=718        -- eff=78.83 % cumulative eff=78.83 %
Flag_goodVertices: pass=566        all=566        -- eff=100.00 % cumulative eff=78.83 %
Flag_globalSuperTightHalo2016Filter: pass=565        all=566        -- eff=99.82 % cumulative eff=78.69 %
Flag_EcalDeadCellTriggerPrimitiveFilter: pass=565        all=565        -- eff=100.00 % cumulative eff=78.69 %
Flag_BadPFMuonFilter: pass=565        all=565        -- eff=100.00 % cumulative eff=78.69 %
Flag_BadPFMuonDzFilter: pass=565        all=565        -- eff=100.00 % cumulative eff=78.69 %
Flag_eeBadScFilter: pass=565        all=565        -- eff=100.00 % cumulative eff=78.69 %
Flag_ecalBadCalibFilter: pass=565        all=565        -- eff=100.00 % cumulative eff=78.69 %
Flag_hfNoisyHitsFilter: pass=565        all=565        -- eff=100.00 % cumulative eff=78.69 %
Number of muons 2: pass=19         all=565        -- eff=3.36 % cumulative eff=2.65 %
Veto VH <= 0 electrons: pass=19         all=19         -- eff=100.00 % cumulative eff=2.65 %
DiMuon From Higgs: pass=7          all=19         -- eff=36.84 % cumulative eff=0.97 %
LeptonChargeSum: pass=7          all=7          -- eff=100.00 % cumulative eff=0.97 %
Hmass>=110: pass=5          all=7          -- eff=71.43 % cumulative eff=0.70 %
[2025-11-20 03:11:32.499] [main] [info] Writing quantities map to /eos/user/j/jiahua/MC_2022EE_inc/MC_2022EE_vbf/WWto2L2Nu_powheg_22EE_ext1-v2/d484a4e0-0f2b-48e1-82d5-7de951ef56b1_vbfhmm.root
[2025-11-20 03:11:32.550] [main] [info] Finished Evaluation
[2025-11-20 03:11:32.550] [main] [info] Overall runtime (real time: 86.97, CPU time: 82.26)
