000 (13087770.267.000) 11/21 10:06:50 Job submitted from host: <188.185.121.235:9618?addrs=188.185.121.235-9618+[2001-1458-d00-49--100-36e]-9618&alias=bigbird22.cern.ch&noUDP&sock=schedd_232129_c3ca>
...
040 (13087770.267.000) 11/21 10:13:13 Started transferring input files
	Transferring to host: <188.185.208.187:9618?addrs=188.185.208.187-9618+[2001-1458-303-10--100-38]-9618&alias=b9p10p2030.cern.ch&noUDP&sock=slot1_1_8643_8679_60870>
...
040 (13087770.267.000) 11/21 10:13:13 Finished transferring input files
...
001 (13087770.267.000) 11/21 10:13:14 Job executing on host: <188.185.208.187:9618?addrs=188.185.208.187-9618+[2001-1458-303-10--100-38]-9618&alias=b9p10p2030.cern.ch&noUDP&sock=startd_7353_1ff8>
	SlotName: slot1_1@b9p10p2030.cern.ch
	CondorScratchDir = "/pool/condor/dir_1820221"
	Cpus = 1
	Disk = 16012
	GPUs = 0
	Memory = 3000
...
006 (13087770.267.000) 11/21 10:13:28 Image size of job updated: 132992
	130  -  MemoryUsage of job (MB)
	132992  -  ResidentSetSize of job (KB)
...
006 (13087770.267.000) 11/21 10:18:19 Image size of job updated: 702392
	130  -  MemoryUsage of job (MB)
	133028  -  ResidentSetSize of job (KB)
...
040 (13087770.267.000) 11/21 10:18:19 Started transferring output files
...
040 (13087770.267.000) 11/21 10:18:19 Finished transferring output files
...
005 (13087770.267.000) 11/21 10:18:19 Job terminated.
	(1) Normal termination (return value 0)
		Usr 0 00:04:37, Sys 0 00:00:04  -  Run Remote Usage
		Usr 0 00:00:00, Sys 0 00:00:00  -  Run Local Usage
		Usr 0 00:04:37, Sys 0 00:00:04  -  Total Remote Usage
		Usr 0 00:00:00, Sys 0 00:00:00  -  Total Local Usage
	11149  -  Run Bytes Sent By Job
	11510364  -  Run Bytes Received By Job
	11149  -  Total Bytes Sent By Job
	11510364  -  Total Bytes Received By Job
	Partitionable Resources :    Usage  Request Allocated 
	   Cpus                 :     0.98        1         1 
	   Disk (KB)            : 11275       12500     16012 
	   GPUs                 :                           0 
	   Memory (MB)          :   130        3000      3000 
	   TimeExecute (s)      :   305                       
	   TimeSlotBusy (s)     :   307                       

	Job terminated of its own accord at 2025-11-21T09:18:19Z with exit-code 0.
...
