Starting job on \n
Running on: Linux b9p28p1071.cern.ch 5.14.0-570.44.1.el9_6.x86_64 #1 SMP PREEMPT_DYNAMIC Tue Sep 9 05:17:30 EDT 2025 x86_64 x86_64 x86_64 GNU/Linux\n
System software: Red Hat Enterprise Linux release 9.7 (Plow)\n
Setting up CROWN for RedHatEnterprise Version 9.7
subject   : /DC=ch/DC=cern/OU=Organic Units/OU=Users/CN=jiahua/CN=851532/CN=Jiahua Chen/CN=2045128514
issuer    : /DC=ch/DC=cern/OU=Organic Units/OU=Users/CN=jiahua/CN=851532/CN=Jiahua Chen
identity  : /DC=ch/DC=cern/OU=Organic Units/OU=Users/CN=jiahua/CN=851532/CN=Jiahua Chen
type      : RFC compliant proxy
strength  : 2048 bits
path      : /afs/cern.ch/user/j/jiahua/proxy/x509up_u139833
timeleft  : 168:35:23
key usage : Digital Signature, Key Encipherment
=== VO cms extension information ===
VO        : cms
subject   : /DC=ch/DC=cern/OU=Organic Units/OU=Users/CN=jiahua/CN=851532/CN=Jiahua Chen
issuer    : /DC=ch/DC=cern/OU=computers/CN=cms-auth.cern.ch
attribute : /cms/Role=NULL/Capability=NULL
timeleft  : 160:35:22
uri       : voms-cms-auth.cern.ch:15000
subject   : /DC=ch/DC=cern/OU=Organic Units/OU=Users/CN=jiahua/CN=851532/CN=Jiahua Chen/CN=2045128514
issuer    : /DC=ch/DC=cern/OU=Organic Units/OU=Users/CN=jiahua/CN=851532/CN=Jiahua Chen
identity  : /DC=ch/DC=cern/OU=Organic Units/OU=Users/CN=jiahua/CN=851532/CN=Jiahua Chen
type      : RFC compliant proxy
strength  : 2048 bits
path      : /afs/cern.ch/user/j/jiahua/proxy/x509up_u139833
timeleft  : 168:35:23
key usage : Digital Signature, Key Encipherment
=== VO cms extension information ===
VO        : cms
subject   : /DC=ch/DC=cern/OU=Organic Units/OU=Users/CN=jiahua/CN=851532/CN=Jiahua Chen
issuer    : /DC=ch/DC=cern/OU=computers/CN=cms-auth.cern.ch
attribute : /cms/Role=NULL/Capability=NULL
timeleft  : 160:35:22
uri       : voms-cms-auth.cern.ch:15000
/eos/user/j/jiahua/MC_2022EE_inc/MC_2022EE_vbf/WWto2L2Nu_powheg_22EE_ext1-v2/ff3f8acf-051f-4537-b555-3dd4531f6202.root
[2025-11-21 10:13:20.535] [main] [info] Checking input files
[2025-11-21 10:13:27.398] [main] [info] NanoAOD input_file 1: root://cms-xrd-global.cern.ch//store/mc/Run3Summer22EENanoAODv12/WWto2L2Nu_TuneCP5_13p6TeV_powheg-pythia8/NANOAODSIM/130X_mcRun3_2022_realistic_postEE_v6_ext1-v2/50000/ff3f8acf-051f-4537-b555-3dd4531f6202.root - 71800 Events
[2025-11-21 10:13:27.399] [main] [info] input_file 1: root://cms-xrd-global.cern.ch//store/mc/Run3Summer22EENanoAODv12/WWto2L2Nu_TuneCP5_13p6TeV_powheg-pythia8/NANOAODSIM/130X_mcRun3_2022_realistic_postEE_v6_ext1-v2/50000/ff3f8acf-051f-4537-b555-3dd4531f6202.root - SumOfGenWeight: 846488.2020000011 
[2025-11-21 10:13:27.399] [main] [info] Output directory: /eos/user/j/jiahua/MC_2022EE_inc/MC_2022EE_vbf/WWto2L2Nu_powheg_22EE_ext1-v2/ff3f8acf-051f-4537-b555-3dd4531f6202.root
[2025-11-21 10:13:27.400] [main] [info] Starting Setup of Dataframe with 71800 events
[2025-11-21 10:14:36.721] [main] [info] Finished Setup
[2025-11-21 10:14:36.721] [main] [info] Runtime for setup (real time: 69.32, CPU time: 65.12)
[2025-11-21 10:14:36.721] [main] [info] Starting Evaluation
[2025-11-21 10:15:02.818] [main] [info] 10000 / 71800 (13.93 %) Events processed ...
[2025-11-21 10:15:13.434] [main] [info] 20000 / 71800 (27.86 %) Events processed ...
[2025-11-21 10:15:26.598] [main] [info] 30000 / 71800 (41.78 %) Events processed ...
[2025-11-21 10:15:38.164] [main] [info] 40000 / 71800 (55.71 %) Events processed ...
[2025-11-21 10:15:50.694] [main] [info] 50000 / 71800 (69.64 %) Events processed ...
[2025-11-21 10:16:05.138] [main] [info] 60000 / 71800 (83.57 %) Events processed ...
[2025-11-21 10:16:19.081] [main] [info] 70000 / 71800 (97.49 %) Events processed ...
[2025-11-21 10:16:21.242] [main] [info] vbfhmm:
GoodJetsCollection: pass=56220      all=71800      -- eff=78.30 % cumulative eff=78.30 %
Flag_goodVertices: pass=56220      all=56220      -- eff=100.00 % cumulative eff=78.30 %
Flag_globalSuperTightHalo2016Filter: pass=56215      all=56220      -- eff=99.99 % cumulative eff=78.29 %
Flag_EcalDeadCellTriggerPrimitiveFilter: pass=56210      all=56215      -- eff=99.99 % cumulative eff=78.29 %
Flag_BadPFMuonFilter: pass=56208      all=56210      -- eff=100.00 % cumulative eff=78.28 %
Flag_BadPFMuonDzFilter: pass=56208      all=56208      -- eff=100.00 % cumulative eff=78.28 %
Flag_eeBadScFilter: pass=56208      all=56208      -- eff=100.00 % cumulative eff=78.28 %
Flag_ecalBadCalibFilter: pass=56191      all=56208      -- eff=99.97 % cumulative eff=78.26 %
Flag_hfNoisyHitsFilter: pass=56187      all=56191      -- eff=99.99 % cumulative eff=78.25 %
Number of muons 2: pass=1733       all=56187      -- eff=3.08 % cumulative eff=2.41 %
Veto VH <= 0 electrons: pass=1730       all=1733       -- eff=99.83 % cumulative eff=2.41 %
DiMuon From Higgs: pass=781        all=1730       -- eff=45.14 % cumulative eff=1.09 %
LeptonChargeSum: pass=781        all=781        -- eff=100.00 % cumulative eff=1.09 %
Hmass>=110: pass=429        all=781        -- eff=54.93 % cumulative eff=0.60 %
[2025-11-21 10:16:21.350] [main] [info] Writing quantities map to /eos/user/j/jiahua/MC_2022EE_inc/MC_2022EE_vbf/WWto2L2Nu_powheg_22EE_ext1-v2/ff3f8acf-051f-4537-b555-3dd4531f6202_vbfhmm.root
[2025-11-21 10:16:21.408] [main] [info] Finished Evaluation
[2025-11-21 10:16:21.408] [main] [info] Overall runtime (real time: 174.01, CPU time: 164.98)
