000 (13047735.028.000) 11/20 09:15:37 Job submitted from host: <188.185.121.235:9618?addrs=188.185.121.235-9618+[2001-1458-d00-49--100-36e]-9618&alias=bigbird22.cern.ch&noUDP&sock=schedd_232129_c3ca>
...
040 (13047735.028.000) 11/20 09:33:09 Started transferring input files
	Transferring to host: <188.185.211.153:9618?addrs=188.185.211.153-9618+[2001-1458-303-17--100-15]-9618&alias=b9p24p0629.cern.ch&noUDP&sock=slot1_17_4710_5ef9_63028>
...
040 (13047735.028.000) 11/20 09:33:09 Finished transferring input files
...
001 (13047735.028.000) 11/20 09:33:10 Job executing on host: <188.185.211.153:9618?addrs=188.185.211.153-9618+[2001-1458-303-17--100-15]-9618&alias=b9p24p0629.cern.ch&noUDP&sock=startd_3900_a772>
	SlotName: slot1_17@b9p24p0629.cern.ch
	CondorScratchDir = "/pool/condor/dir_1231228"
	Cpus = 1
	Disk = 16229
	GPUs = 0
	Memory = 3000
...
006 (13047735.028.000) 11/20 09:33:24 Image size of job updated: 93796
	92  -  MemoryUsage of job (MB)
	93796  -  ResidentSetSize of job (KB)
...
006 (13047735.028.000) 11/20 09:34:56 Image size of job updated: 675892
	92  -  MemoryUsage of job (MB)
	93796  -  ResidentSetSize of job (KB)
...
040 (13047735.028.000) 11/20 09:34:56 Started transferring output files
...
040 (13047735.028.000) 11/20 09:34:56 Finished transferring output files
...
005 (13047735.028.000) 11/20 09:34:56 Job terminated.
	(1) Normal termination (return value 134)
		Usr 0 00:01:30, Sys 0 00:00:03  -  Run Remote Usage
		Usr 0 00:00:00, Sys 0 00:00:00  -  Run Local Usage
		Usr 0 00:01:30, Sys 0 00:00:03  -  Total Remote Usage
		Usr 0 00:00:00, Sys 0 00:00:00  -  Total Local Usage
	8439  -  Run Bytes Sent By Job
	11510364  -  Run Bytes Received By Job
	8439  -  Total Bytes Sent By Job
	11510364  -  Total Bytes Received By Job
	Partitionable Resources :    Usage  Request Allocated 
	   Cpus                 :        0        1         1 
	   Disk (KB)            :    11272    12500     16229 
	   GPUs                 :                           0 
	   Memory (MB)          :       92     3000      3000 
	   TimeExecute (s)      :      106                    
	   TimeSlotBusy (s)     :      108                    

	Job terminated of its own accord at 2025-11-20T08:34:56Z with exit-code 134.
...
