Starting job on \n
Running on: Linux b9p12p1465.cern.ch 5.14.0-570.42.2.el9_6.x86_64 #1 SMP PREEMPT_DYNAMIC Mon Sep 8 12:15:13 EDT 2025 x86_64 x86_64 x86_64 GNU/Linux\n
System software: Red Hat Enterprise Linux release 9.7 (Plow)\n
Setting up CROWN for RedHatEnterprise Version 9.7
subject   : /DC=ch/DC=cern/OU=Organic Units/OU=Users/CN=jiahua/CN=851532/CN=Jiahua Chen/CN=2045128514
issuer    : /DC=ch/DC=cern/OU=Organic Units/OU=Users/CN=jiahua/CN=851532/CN=Jiahua Chen
identity  : /DC=ch/DC=cern/OU=Organic Units/OU=Users/CN=jiahua/CN=851532/CN=Jiahua Chen
type      : RFC compliant proxy
strength  : 2048 bits
path      : /afs/cern.ch/user/j/jiahua/proxy/x509up_u139833
timeleft  : 199:37:30
key usage : Digital Signature, Key Encipherment
=== VO cms extension information ===
VO        : cms
subject   : /DC=ch/DC=cern/OU=Organic Units/OU=Users/CN=jiahua/CN=851532/CN=Jiahua Chen
issuer    : /DC=ch/DC=cern/OU=computers/CN=cms-auth.cern.ch
attribute : /cms/Role=NULL/Capability=NULL
timeleft  : 191:37:29
uri       : voms-cms-auth.cern.ch:15000
subject   : /DC=ch/DC=cern/OU=Organic Units/OU=Users/CN=jiahua/CN=851532/CN=Jiahua Chen/CN=2045128514
issuer    : /DC=ch/DC=cern/OU=Organic Units/OU=Users/CN=jiahua/CN=851532/CN=Jiahua Chen
identity  : /DC=ch/DC=cern/OU=Organic Units/OU=Users/CN=jiahua/CN=851532/CN=Jiahua Chen
type      : RFC compliant proxy
strength  : 2048 bits
path      : /afs/cern.ch/user/j/jiahua/proxy/x509up_u139833
timeleft  : 199:37:30
key usage : Digital Signature, Key Encipherment
=== VO cms extension information ===
VO        : cms
subject   : /DC=ch/DC=cern/OU=Organic Units/OU=Users/CN=jiahua/CN=851532/CN=Jiahua Chen
issuer    : /DC=ch/DC=cern/OU=computers/CN=cms-auth.cern.ch
attribute : /cms/Role=NULL/Capability=NULL
timeleft  : 191:37:29
uri       : voms-cms-auth.cern.ch:15000
/eos/user/j/jiahua/MC_2022EE_inc/MC_2022EE_vbf/WZto3LNu_powheg_22EE/66827965-adb9-4194-a1e5-86720730c2e2.root
[2025-11-20 03:11:14.214] [main] [info] Checking input files
[2025-11-20 03:11:19.683] [main] [info] NanoAOD input_file 1: root://cms-xrd-global.cern.ch//store/mc/Run3Summer22EENanoAODv12/WZto3LNu_TuneCP5_13p6TeV_powheg-pythia8/NANOAODSIM/130X_mcRun3_2022_realistic_postEE_v6-v2/2530000/66827965-adb9-4194-a1e5-86720730c2e2.root - 33456 Events
[2025-11-20 03:11:19.684] [main] [info] input_file 1: root://cms-xrd-global.cern.ch//store/mc/Run3Summer22EENanoAODv12/WZto3LNu_TuneCP5_13p6TeV_powheg-pythia8/NANOAODSIM/130X_mcRun3_2022_realistic_postEE_v6-v2/2530000/66827965-adb9-4194-a1e5-86720730c2e2.root - SumOfGenWeight: 164788.25199999998 
[2025-11-20 03:11:19.684] [main] [info] Output directory: /eos/user/j/jiahua/MC_2022EE_inc/MC_2022EE_vbf/WZto3LNu_powheg_22EE/66827965-adb9-4194-a1e5-86720730c2e2.root
[2025-11-20 03:11:19.687] [main] [info] Starting Setup of Dataframe with 33456 events
[2025-11-20 03:12:28.010] [main] [info] Finished Setup
[2025-11-20 03:12:28.010] [main] [info] Runtime for setup (real time: 68.33, CPU time: 64.12)
[2025-11-20 03:12:28.010] [main] [info] Starting Evaluation
[2025-11-20 03:12:53.759] [main] [info] 10000 / 33456 (29.89 %) Events processed ...
[2025-11-20 03:13:02.627] [main] [info] 20000 / 33456 (59.78 %) Events processed ...
[2025-11-20 03:13:12.370] [main] [info] 30000 / 33456 (89.67 %) Events processed ...
[2025-11-20 03:13:16.369] [main] [info] vbfhmm:
GoodJetsCollection: pass=22608      all=33456      -- eff=67.58 % cumulative eff=67.58 %
Flag_goodVertices: pass=22608      all=22608      -- eff=100.00 % cumulative eff=67.58 %
Flag_globalSuperTightHalo2016Filter: pass=22606      all=22608      -- eff=99.99 % cumulative eff=67.57 %
Flag_EcalDeadCellTriggerPrimitiveFilter: pass=22604      all=22606      -- eff=99.99 % cumulative eff=67.56 %
Flag_BadPFMuonFilter: pass=22604      all=22604      -- eff=100.00 % cumulative eff=67.56 %
Flag_BadPFMuonDzFilter: pass=22604      all=22604      -- eff=100.00 % cumulative eff=67.56 %
Flag_eeBadScFilter: pass=22604      all=22604      -- eff=100.00 % cumulative eff=67.56 %
Flag_ecalBadCalibFilter: pass=22601      all=22604      -- eff=99.99 % cumulative eff=67.55 %
Flag_hfNoisyHitsFilter: pass=22598      all=22601      -- eff=99.99 % cumulative eff=67.55 %
Number of muons 2: pass=1597       all=22598      -- eff=7.07 % cumulative eff=4.77 %
Veto VH <= 0 electrons: pass=1230       all=1597       -- eff=77.02 % cumulative eff=3.68 %
DiMuon From Higgs: pass=911        all=1230       -- eff=74.07 % cumulative eff=2.72 %
LeptonChargeSum: pass=708        all=911        -- eff=77.72 % cumulative eff=2.12 %
Hmass>=110: pass=64         all=708        -- eff=9.04 % cumulative eff=0.19 %
[2025-11-20 03:13:16.490] [main] [info] Writing quantities map to /eos/user/j/jiahua/MC_2022EE_inc/MC_2022EE_vbf/WZto3LNu_powheg_22EE/66827965-adb9-4194-a1e5-86720730c2e2_vbfhmm.root
[2025-11-20 03:13:16.552] [main] [info] Finished Evaluation
[2025-11-20 03:13:16.552] [main] [info] Overall runtime (real time: 116.87, CPU time: 110.07)
