000 (13047736.080.000) 11/20 09:15:38 Job submitted from host: <188.185.121.235:9618?addrs=188.185.121.235-9618+[2001-1458-d00-49--100-36e]-9618&alias=bigbird22.cern.ch&noUDP&sock=schedd_232129_c3ca>
...
040 (13047736.080.000) 11/20 09:33:46 Started transferring input files
	Transferring to host: <188.185.195.123:9618?addrs=188.185.195.123-9618+[2001-1458-303-22--100-77]-9618&alias=b9p17p5699.cern.ch&noUDP&sock=slot1_25_5886_f828_46068>
...
040 (13047736.080.000) 11/20 09:33:46 Finished transferring input files
...
001 (13047736.080.000) 11/20 09:33:47 Job executing on host: <188.185.195.123:9618?addrs=188.185.195.123-9618+[2001-1458-303-22--100-77]-9618&alias=b9p17p5699.cern.ch&noUDP&sock=startd_4805_68a7>
	SlotName: slot1_25@b9p17p5699.cern.ch
	CondorScratchDir = "/pool/condor/dir_3523241"
	Cpus = 1
	Disk = 16096
	GPUs = 0
	Memory = 3000
...
006 (13047736.080.000) 11/20 09:34:00 Image size of job updated: 95704
	94  -  MemoryUsage of job (MB)
	95704  -  ResidentSetSize of job (KB)
...
006 (13047736.080.000) 11/20 09:36:45 Image size of job updated: 676500
	94  -  MemoryUsage of job (MB)
	95704  -  ResidentSetSize of job (KB)
...
040 (13047736.080.000) 11/20 09:36:45 Started transferring output files
...
040 (13047736.080.000) 11/20 09:36:45 Finished transferring output files
...
005 (13047736.080.000) 11/20 09:36:45 Job terminated.
	(1) Normal termination (return value 134)
		Usr 0 00:02:43, Sys 0 00:00:02  -  Run Remote Usage
		Usr 0 00:00:00, Sys 0 00:00:00  -  Run Local Usage
		Usr 0 00:02:43, Sys 0 00:00:02  -  Total Remote Usage
		Usr 0 00:00:00, Sys 0 00:00:00  -  Total Local Usage
	8484  -  Run Bytes Sent By Job
	11510364  -  Run Bytes Received By Job
	8484  -  Total Bytes Sent By Job
	11510364  -  Total Bytes Received By Job
	Partitionable Resources :    Usage  Request Allocated 
	   Cpus                 :        0        1         1 
	   Disk (KB)            :    11272    12500     16096 
	   GPUs                 :                           0 
	   Memory (MB)          :       94     3000      3000 
	   TimeExecute (s)      :      178                    
	   TimeSlotBusy (s)     :      179                    

	Job terminated of its own accord at 2025-11-20T08:36:45Z with exit-code 134.
...
