000 (13047736.045.000) 11/20 09:15:38 Job submitted from host: <188.185.121.235:9618?addrs=188.185.121.235-9618+[2001-1458-d00-49--100-36e]-9618&alias=bigbird22.cern.ch&noUDP&sock=schedd_232129_c3ca>
...
040 (13047736.045.000) 11/20 09:33:35 Started transferring input files
	Transferring to host: <128.142.161.104:9618?addrs=128.142.161.104-9618+[2001-1458-301-b8--100-26]-9618&alias=b9g03p9650.cern.ch&noUDP&sock=slot1_41_3560587_65af_60347>
...
040 (13047736.045.000) 11/20 09:33:35 Finished transferring input files
...
001 (13047736.045.000) 11/20 09:33:36 Job executing on host: <128.142.161.104:9618?addrs=128.142.161.104-9618+[2001-1458-301-b8--100-26]-9618&alias=b9g03p9650.cern.ch&noUDP&sock=startd_6196_84e4>
	SlotName: slot1_41@b9g03p9650.cern.ch
	CondorScratchDir = "/pool/condor/dir_455081"
	Cpus = 1
	Disk = 16044
	GPUs = 0
	Memory = 3000
...
006 (13047736.045.000) 11/20 09:33:50 Image size of job updated: 81512
	80  -  MemoryUsage of job (MB)
	81512  -  ResidentSetSize of job (KB)
...
006 (13047736.045.000) 11/20 09:36:53 Image size of job updated: 674384
	80  -  MemoryUsage of job (MB)
	81552  -  ResidentSetSize of job (KB)
...
040 (13047736.045.000) 11/20 09:36:53 Started transferring output files
...
040 (13047736.045.000) 11/20 09:36:54 Finished transferring output files
...
005 (13047736.045.000) 11/20 09:36:54 Job terminated.
	(1) Normal termination (return value 134)
		Usr 0 00:02:52, Sys 0 00:00:03  -  Run Remote Usage
		Usr 0 00:00:00, Sys 0 00:00:00  -  Run Local Usage
		Usr 0 00:02:52, Sys 0 00:00:03  -  Total Remote Usage
		Usr 0 00:00:00, Sys 0 00:00:00  -  Total Local Usage
	8481  -  Run Bytes Sent By Job
	11510364  -  Run Bytes Received By Job
	8481  -  Total Bytes Sent By Job
	11510364  -  Total Bytes Received By Job
	Partitionable Resources :    Usage  Request Allocated 
	   Cpus                 :        0        1         1 
	   Disk (KB)            :    11272    12500     16044 
	   GPUs                 :                           0 
	   Memory (MB)          :       80     3000      3000 
	   TimeExecute (s)      :      197                    
	   TimeSlotBusy (s)     :      200                    

	Job terminated of its own accord at 2025-11-20T08:36:53Z with exit-code 134.
...
