000 (13047736.069.000) 11/20 09:15:38 Job submitted from host: <188.185.121.235:9618?addrs=188.185.121.235-9618+[2001-1458-d00-49--100-36e]-9618&alias=bigbird22.cern.ch&noUDP&sock=schedd_232129_c3ca>
...
040 (13047736.069.000) 11/20 09:33:43 Started transferring input files
	Transferring to host: <188.185.215.150:9618?addrs=188.185.215.150-9618+[2001-1458-303-26--100-12]-9618&alias=b9p18p6006.cern.ch&noUDP&sock=slot1_35_5169_c72b_57968>
...
040 (13047736.069.000) 11/20 09:33:43 Finished transferring input files
...
001 (13047736.069.000) 11/20 09:33:44 Job executing on host: <188.185.215.150:9618?addrs=188.185.215.150-9618+[2001-1458-303-26--100-12]-9618&alias=b9p18p6006.cern.ch&noUDP&sock=startd_4031_825a>
	SlotName: slot1_35@b9p18p6006.cern.ch
	CondorScratchDir = "/pool/condor/dir_3641893"
	Cpus = 1
	Disk = 16152
	GPUs = 0
	Memory = 3000
...
006 (13047736.069.000) 11/20 09:33:58 Image size of job updated: 93796
	92  -  MemoryUsage of job (MB)
	93796  -  ResidentSetSize of job (KB)
...
006 (13047736.069.000) 11/20 09:36:38 Image size of job updated: 665400
	92  -  MemoryUsage of job (MB)
	93796  -  ResidentSetSize of job (KB)
...
040 (13047736.069.000) 11/20 09:36:38 Started transferring output files
...
040 (13047736.069.000) 11/20 09:36:38 Finished transferring output files
...
005 (13047736.069.000) 11/20 09:36:38 Job terminated.
	(1) Normal termination (return value 134)
		Usr 0 00:02:33, Sys 0 00:00:03  -  Run Remote Usage
		Usr 0 00:00:00, Sys 0 00:00:00  -  Run Local Usage
		Usr 0 00:02:33, Sys 0 00:00:03  -  Total Remote Usage
		Usr 0 00:00:00, Sys 0 00:00:00  -  Total Local Usage
	8482  -  Run Bytes Sent By Job
	11510364  -  Run Bytes Received By Job
	8482  -  Total Bytes Sent By Job
	11510364  -  Total Bytes Received By Job
	Partitionable Resources :    Usage  Request Allocated 
	   Cpus                 :     0.94        1         1 
	   Disk (KB)            : 11272       12500     16152 
	   GPUs                 :                           0 
	   Memory (MB)          :    92        3000      3000 
	   TimeExecute (s)      :   174                       
	   TimeSlotBusy (s)     :   176                       

	Job terminated of its own accord at 2025-11-20T08:36:38Z with exit-code 134.
...
