Starting job on \n
Running on: Linux b9p27p1896.cern.ch 5.14.0-570.44.1.el9_6.x86_64 #1 SMP PREEMPT_DYNAMIC Tue Sep 9 05:17:30 EDT 2025 x86_64 x86_64 x86_64 GNU/Linux\n
System software: Red Hat Enterprise Linux release 9.7 (Plow)\n
Setting up CROWN for RedHatEnterprise Version 9.7
subject   : /DC=ch/DC=cern/OU=Organic Units/OU=Users/CN=jiahua/CN=851532/CN=Jiahua Chen/CN=2045128514
issuer    : /DC=ch/DC=cern/OU=Organic Units/OU=Users/CN=jiahua/CN=851532/CN=Jiahua Chen
identity  : /DC=ch/DC=cern/OU=Organic Units/OU=Users/CN=jiahua/CN=851532/CN=Jiahua Chen
type      : RFC compliant proxy
strength  : 2048 bits
path      : /afs/cern.ch/user/j/jiahua/proxy/x509up_u139833
timeleft  : 168:34:35
key usage : Digital Signature, Key Encipherment
=== VO cms extension information ===
VO        : cms
subject   : /DC=ch/DC=cern/OU=Organic Units/OU=Users/CN=jiahua/CN=851532/CN=Jiahua Chen
issuer    : /DC=ch/DC=cern/OU=computers/CN=cms-auth.cern.ch
attribute : /cms/Role=NULL/Capability=NULL
timeleft  : 160:34:34
uri       : voms-cms-auth.cern.ch:15000
subject   : /DC=ch/DC=cern/OU=Organic Units/OU=Users/CN=jiahua/CN=851532/CN=Jiahua Chen/CN=2045128514
issuer    : /DC=ch/DC=cern/OU=Organic Units/OU=Users/CN=jiahua/CN=851532/CN=Jiahua Chen
identity  : /DC=ch/DC=cern/OU=Organic Units/OU=Users/CN=jiahua/CN=851532/CN=Jiahua Chen
type      : RFC compliant proxy
strength  : 2048 bits
path      : /afs/cern.ch/user/j/jiahua/proxy/x509up_u139833
timeleft  : 168:34:35
key usage : Digital Signature, Key Encipherment
=== VO cms extension information ===
VO        : cms
subject   : /DC=ch/DC=cern/OU=Organic Units/OU=Users/CN=jiahua/CN=851532/CN=Jiahua Chen
issuer    : /DC=ch/DC=cern/OU=computers/CN=cms-auth.cern.ch
attribute : /cms/Role=NULL/Capability=NULL
timeleft  : 160:34:34
uri       : voms-cms-auth.cern.ch:15000
/eos/user/j/jiahua/MC_2022EE_inc/MC_2022EE_vbf/WZto2L2Q_powheg_22EE_ext1-v2/c2d4e67b-a21b-4df9-ac6b-06fe59fc701d.root
[2025-11-21 10:14:08.424] [main] [info] Checking input files
[2025-11-21 10:14:13.360] [main] [info] NanoAOD input_file 1: root://cms-xrd-global.cern.ch//store/mc/Run3Summer22EENanoAODv12/WZto2L2Q_TuneCP5_13p6TeV_powheg-pythia8/NANOAODSIM/130X_mcRun3_2022_realistic_postEE_v6_ext1-v2/30000/c2d4e67b-a21b-4df9-ac6b-06fe59fc701d.root - 36006 Events
[2025-11-21 10:14:13.360] [main] [info] input_file 1: root://cms-xrd-global.cern.ch//store/mc/Run3Summer22EENanoAODv12/WZto2L2Q_TuneCP5_13p6TeV_powheg-pythia8/NANOAODSIM/130X_mcRun3_2022_realistic_postEE_v6_ext1-v2/30000/c2d4e67b-a21b-4df9-ac6b-06fe59fc701d.root - SumOfGenWeight: 272464.70256000006 
[2025-11-21 10:14:13.360] [main] [info] Output directory: /eos/user/j/jiahua/MC_2022EE_inc/MC_2022EE_vbf/WZto2L2Q_powheg_22EE_ext1-v2/c2d4e67b-a21b-4df9-ac6b-06fe59fc701d.root
[2025-11-21 10:14:13.361] [main] [info] Starting Setup of Dataframe with 36006 events
[2025-11-21 10:15:30.060] [main] [info] Finished Setup
[2025-11-21 10:15:30.060] [main] [info] Runtime for setup (real time: 76.70, CPU time: 72.30)
[2025-11-21 10:15:30.060] [main] [info] Starting Evaluation
[2025-11-21 10:15:59.695] [main] [info] 10000 / 36006 (27.77 %) Events processed ...
[2025-11-21 10:16:13.966] [main] [info] 20000 / 36006 (55.55 %) Events processed ...
[2025-11-21 10:16:27.912] [main] [info] 30000 / 36006 (83.32 %) Events processed ...
[2025-11-21 10:16:36.482] [main] [info] vbfhmm:
GoodJetsCollection: pass=29919      all=36006      -- eff=83.09 % cumulative eff=83.09 %
Flag_goodVertices: pass=29919      all=29919      -- eff=100.00 % cumulative eff=83.09 %
Flag_globalSuperTightHalo2016Filter: pass=29917      all=29919      -- eff=99.99 % cumulative eff=83.09 %
Flag_EcalDeadCellTriggerPrimitiveFilter: pass=29917      all=29917      -- eff=100.00 % cumulative eff=83.09 %
Flag_BadPFMuonFilter: pass=29917      all=29917      -- eff=100.00 % cumulative eff=83.09 %
Flag_BadPFMuonDzFilter: pass=29917      all=29917      -- eff=100.00 % cumulative eff=83.09 %
Flag_eeBadScFilter: pass=29917      all=29917      -- eff=100.00 % cumulative eff=83.09 %
Flag_ecalBadCalibFilter: pass=29914      all=29917      -- eff=99.99 % cumulative eff=83.08 %
Flag_hfNoisyHitsFilter: pass=29914      all=29914      -- eff=100.00 % cumulative eff=83.08 %
Number of muons 2: pass=2296       all=29914      -- eff=7.68 % cumulative eff=6.38 %
Veto VH <= 0 electrons: pass=2293       all=2296       -- eff=99.87 % cumulative eff=6.37 %
DiMuon From Higgs: pass=2116       all=2293       -- eff=92.28 % cumulative eff=5.88 %
LeptonChargeSum: pass=2115       all=2116       -- eff=99.95 % cumulative eff=5.87 %
Hmass>=110: pass=84         all=2115       -- eff=3.97 % cumulative eff=0.23 %
[2025-11-21 10:16:36.773] [main] [info] Writing quantities map to /eos/user/j/jiahua/MC_2022EE_inc/MC_2022EE_vbf/WZto2L2Q_powheg_22EE_ext1-v2/c2d4e67b-a21b-4df9-ac6b-06fe59fc701d_vbfhmm.root
[2025-11-21 10:16:36.844] [main] [info] Finished Evaluation
[2025-11-21 10:16:36.844] [main] [info] Overall runtime (real time: 143.48, CPU time: 135.51)
