Starting job on \n
Running on: Linux b9p33p4547.cern.ch 5.14.0-570.46.1.el9_6.x86_64 #1 SMP PREEMPT_DYNAMIC Tue Sep 16 03:28:23 EDT 2025 x86_64 x86_64 x86_64 GNU/Linux\n
System software: Red Hat Enterprise Linux release 9.7 (Plow)\n
Setting up CROWN for RedHatEnterprise Version 9.7
subject   : /DC=ch/DC=cern/OU=Organic Units/OU=Users/CN=jiahua/CN=851532/CN=Jiahua Chen/CN=2045128514
issuer    : /DC=ch/DC=cern/OU=Organic Units/OU=Users/CN=jiahua/CN=851532/CN=Jiahua Chen
identity  : /DC=ch/DC=cern/OU=Organic Units/OU=Users/CN=jiahua/CN=851532/CN=Jiahua Chen
type      : RFC compliant proxy
strength  : 2048 bits
path      : /afs/cern.ch/user/j/jiahua/proxy/x509up_u139833
timeleft  : 168:34:32
key usage : Digital Signature, Key Encipherment
=== VO cms extension information ===
VO        : cms
subject   : /DC=ch/DC=cern/OU=Organic Units/OU=Users/CN=jiahua/CN=851532/CN=Jiahua Chen
issuer    : /DC=ch/DC=cern/OU=computers/CN=cms-auth.cern.ch
attribute : /cms/Role=NULL/Capability=NULL
timeleft  : 160:34:31
uri       : voms-cms-auth.cern.ch:15000
subject   : /DC=ch/DC=cern/OU=Organic Units/OU=Users/CN=jiahua/CN=851532/CN=Jiahua Chen/CN=2045128514
issuer    : /DC=ch/DC=cern/OU=Organic Units/OU=Users/CN=jiahua/CN=851532/CN=Jiahua Chen
identity  : /DC=ch/DC=cern/OU=Organic Units/OU=Users/CN=jiahua/CN=851532/CN=Jiahua Chen
type      : RFC compliant proxy
strength  : 2048 bits
path      : /afs/cern.ch/user/j/jiahua/proxy/x509up_u139833
timeleft  : 168:34:32
key usage : Digital Signature, Key Encipherment
=== VO cms extension information ===
VO        : cms
subject   : /DC=ch/DC=cern/OU=Organic Units/OU=Users/CN=jiahua/CN=851532/CN=Jiahua Chen
issuer    : /DC=ch/DC=cern/OU=computers/CN=cms-auth.cern.ch
attribute : /cms/Role=NULL/Capability=NULL
timeleft  : 160:34:31
uri       : voms-cms-auth.cern.ch:15000
/eos/user/j/jiahua/MC_2022EE_inc/MC_2022EE_vbf/WZto2L2Q_powheg_22EE_ext1-v2/0a33d00e-298d-4c84-b41a-9a70b22f6846.root
[2025-11-21 10:14:11.735] [main] [info] Checking input files
[2025-11-21 10:14:15.894] [main] [info] NanoAOD input_file 1: root://cms-xrd-global.cern.ch//store/mc/Run3Summer22EENanoAODv12/WZto2L2Q_TuneCP5_13p6TeV_powheg-pythia8/NANOAODSIM/130X_mcRun3_2022_realistic_postEE_v6_ext1-v2/30000/0a33d00e-298d-4c84-b41a-9a70b22f6846.root - 55068 Events
[2025-11-21 10:14:15.894] [main] [info] input_file 1: root://cms-xrd-global.cern.ch//store/mc/Run3Summer22EENanoAODv12/WZto2L2Q_TuneCP5_13p6TeV_powheg-pythia8/NANOAODSIM/130X_mcRun3_2022_realistic_postEE_v6_ext1-v2/30000/0a33d00e-298d-4c84-b41a-9a70b22f6846.root - SumOfGenWeight: 416742.8083199996 
[2025-11-21 10:14:15.894] [main] [info] Output directory: /eos/user/j/jiahua/MC_2022EE_inc/MC_2022EE_vbf/WZto2L2Q_powheg_22EE_ext1-v2/0a33d00e-298d-4c84-b41a-9a70b22f6846.root
[2025-11-21 10:14:15.895] [main] [info] Starting Setup of Dataframe with 55068 events
[2025-11-21 10:15:10.122] [main] [info] Finished Setup
[2025-11-21 10:15:10.122] [main] [info] Runtime for setup (real time: 54.23, CPU time: 49.37)
[2025-11-21 10:15:10.122] [main] [info] Starting Evaluation
[2025-11-21 10:15:31.491] [main] [info] 10000 / 55068 (18.16 %) Events processed ...
[2025-11-21 10:15:39.705] [main] [info] 20000 / 55068 (36.32 %) Events processed ...
[2025-11-21 10:15:47.517] [main] [info] 30000 / 55068 (54.48 %) Events processed ...
[2025-11-21 10:15:56.903] [main] [info] 40000 / 55068 (72.64 %) Events processed ...
[2025-11-21 10:16:05.113] [main] [info] 50000 / 55068 (90.80 %) Events processed ...
[2025-11-21 10:16:09.539] [main] [info] vbfhmm:
GoodJetsCollection: pass=45641      all=55068      -- eff=82.88 % cumulative eff=82.88 %
Flag_goodVertices: pass=45641      all=45641      -- eff=100.00 % cumulative eff=82.88 %
Flag_globalSuperTightHalo2016Filter: pass=45636      all=45641      -- eff=99.99 % cumulative eff=82.87 %
Flag_EcalDeadCellTriggerPrimitiveFilter: pass=45633      all=45636      -- eff=99.99 % cumulative eff=82.87 %
Flag_BadPFMuonFilter: pass=45631      all=45633      -- eff=100.00 % cumulative eff=82.86 %
Flag_BadPFMuonDzFilter: pass=45631      all=45631      -- eff=100.00 % cumulative eff=82.86 %
Flag_eeBadScFilter: pass=45631      all=45631      -- eff=100.00 % cumulative eff=82.86 %
Flag_ecalBadCalibFilter: pass=45624      all=45631      -- eff=99.98 % cumulative eff=82.85 %
Flag_hfNoisyHitsFilter: pass=45622      all=45624      -- eff=100.00 % cumulative eff=82.85 %
Number of muons 2: pass=3441       all=45622      -- eff=7.54 % cumulative eff=6.25 %
Veto VH <= 0 electrons: pass=3441       all=3441       -- eff=100.00 % cumulative eff=6.25 %
DiMuon From Higgs: pass=3160       all=3441       -- eff=91.83 % cumulative eff=5.74 %
LeptonChargeSum: pass=3160       all=3160       -- eff=100.00 % cumulative eff=5.74 %
Hmass>=110: pass=148        all=3160       -- eff=4.68 % cumulative eff=0.27 %
[2025-11-21 10:16:09.676] [main] [info] Writing quantities map to /eos/user/j/jiahua/MC_2022EE_inc/MC_2022EE_vbf/WZto2L2Q_powheg_22EE_ext1-v2/0a33d00e-298d-4c84-b41a-9a70b22f6846_vbfhmm.root
[2025-11-21 10:16:09.742] [main] [info] Finished Evaluation
[2025-11-21 10:16:09.742] [main] [info] Overall runtime (real time: 113.85, CPU time: 103.13)
