000 (13087771.140.000) 11/21 10:07:02 Job submitted from host: <188.185.121.235:9618?addrs=188.185.121.235-9618+[2001-1458-d00-49--100-36e]-9618&alias=bigbird22.cern.ch&noUDP&sock=schedd_232129_c3ca>
...
040 (13087771.140.000) 11/21 10:14:20 Started transferring input files
	Transferring to host: <188.185.204.149:9618?addrs=188.185.204.149-9618+[2001-1458-303-8--100-89]-9618&alias=b9p02p1875.cern.ch&noUDP&sock=slot1_31_5080_11c8_56114>
...
040 (13087771.140.000) 11/21 10:14:20 Finished transferring input files
...
001 (13087771.140.000) 11/21 10:14:21 Job executing on host: <188.185.204.149:9618?addrs=188.185.204.149-9618+[2001-1458-303-8--100-89]-9618&alias=b9p02p1875.cern.ch&noUDP&sock=startd_4361_dc9b>
	SlotName: slot1_31@b9p02p1875.cern.ch
	CondorScratchDir = "/pool/condor/dir_2906618"
	Cpus = 1
	Disk = 15919
	GPUs = 0
	Memory = 3000
...
006 (13087771.140.000) 11/21 10:14:35 Image size of job updated: 153144
	150  -  MemoryUsage of job (MB)
	153144  -  ResidentSetSize of job (KB)
...
006 (13087771.140.000) 11/21 10:15:54 Image size of job updated: 693540
	150  -  MemoryUsage of job (MB)
	153144  -  ResidentSetSize of job (KB)
...
040 (13087771.140.000) 11/21 10:15:54 Started transferring output files
...
040 (13087771.140.000) 11/21 10:15:54 Finished transferring output files
...
005 (13087771.140.000) 11/21 10:15:54 Job terminated.
	(1) Normal termination (return value 0)
		Usr 0 00:01:17, Sys 0 00:00:02  -  Run Remote Usage
		Usr 0 00:00:00, Sys 0 00:00:00  -  Run Local Usage
		Usr 0 00:01:17, Sys 0 00:00:02  -  Total Remote Usage
		Usr 0 00:00:00, Sys 0 00:00:00  -  Total Local Usage
	9923  -  Run Bytes Sent By Job
	11510364  -  Run Bytes Received By Job
	9923  -  Total Bytes Sent By Job
	11510364  -  Total Bytes Received By Job
	Partitionable Resources :    Usage  Request Allocated 
	   Cpus                 :        0        1         1 
	   Disk (KB)            :    11277    12500     15919 
	   GPUs                 :                           0 
	   Memory (MB)          :      150     3000      3000 
	   TimeExecute (s)      :       93                    
	   TimeSlotBusy (s)     :       94                    

	Job terminated of its own accord at 2025-11-21T09:15:54Z with exit-code 0.
...
