000 (13047289.046.000) 11/20 02:50:52 Job submitted from host: <188.185.121.235:9618?addrs=188.185.121.235-9618+[2001-1458-d00-49--100-36e]-9618&alias=bigbird22.cern.ch&noUDP&sock=schedd_232129_c3ca>
...
040 (13047289.046.000) 11/20 03:11:33 Started transferring input files
	Transferring to host: <188.185.192.34:9618?addrs=188.185.192.34-9618+[2001-1458-303-1f--100-1e]-9618&alias=b9p13p8814.cern.ch&noUDP&sock=slot1_10_9970_844f_52902>
...
040 (13047289.046.000) 11/20 03:11:33 Finished transferring input files
...
001 (13047289.046.000) 11/20 03:11:34 Job executing on host: <188.185.192.34:9618?addrs=188.185.192.34-9618+[2001-1458-303-1f--100-1e]-9618&alias=b9p13p8814.cern.ch&noUDP&sock=startd_8512_1a3c>
	SlotName: slot1_10@b9p13p8814.cern.ch
	CondorScratchDir = "/pool/condor/dir_1563012"
	Cpus = 1
	Disk = 16478
	GPUs = 0
	Memory = 3000
...
006 (13047289.046.000) 11/20 03:11:47 Image size of job updated: 95724
	94  -  MemoryUsage of job (MB)
	95724  -  ResidentSetSize of job (KB)
...
006 (13047289.046.000) 11/20 03:16:47 Image size of job updated: 701896
	686  -  MemoryUsage of job (MB)
	701896  -  ResidentSetSize of job (KB)
...
006 (13047289.046.000) 11/20 03:20:07 Image size of job updated: 702168
	686  -  MemoryUsage of job (MB)
	701896  -  ResidentSetSize of job (KB)
...
040 (13047289.046.000) 11/20 03:20:07 Started transferring output files
...
040 (13047289.046.000) 11/20 03:20:07 Finished transferring output files
...
005 (13047289.046.000) 11/20 03:20:07 Job terminated.
	(1) Normal termination (return value 0)
		Usr 0 00:08:05, Sys 0 00:00:04  -  Run Remote Usage
		Usr 0 00:00:00, Sys 0 00:00:00  -  Run Local Usage
		Usr 0 00:08:05, Sys 0 00:00:04  -  Total Remote Usage
		Usr 0 00:00:00, Sys 0 00:00:00  -  Total Local Usage
	11141  -  Run Bytes Sent By Job
	11506596  -  Run Bytes Received By Job
	11141  -  Total Bytes Sent By Job
	11506596  -  Total Bytes Received By Job
	Partitionable Resources :    Usage  Request Allocated 
	   Cpus                 :        0        1         1 
	   Disk (KB)            :    11272    12500     16478 
	   GPUs                 :                           0 
	   Memory (MB)          :      686     3000      3000 
	   TimeExecute (s)      :      513                    
	   TimeSlotBusy (s)     :      514                    

	Job terminated of its own accord at 2025-11-20T02:20:07Z with exit-code 0.
...
