000 (13087771.128.000) 11/21 10:07:02 Job submitted from host: <188.185.121.235:9618?addrs=188.185.121.235-9618+[2001-1458-d00-49--100-36e]-9618&alias=bigbird22.cern.ch&noUDP&sock=schedd_232129_c3ca>
...
040 (13087771.128.000) 11/21 10:14:16 Started transferring input files
	Transferring to host: <188.185.210.137:9618?addrs=188.185.210.137-9618+[2001-1458-303-15--100-5]-9618&alias=b9p22p9259.cern.ch&noUDP&sock=slot1_41_5330_3792_63965>
...
040 (13087771.128.000) 11/21 10:14:16 Finished transferring input files
...
001 (13087771.128.000) 11/21 10:14:17 Job executing on host: <188.185.210.137:9618?addrs=188.185.210.137-9618+[2001-1458-303-15--100-5]-9618&alias=b9p22p9259.cern.ch&noUDP&sock=startd_4364_eb63>
	SlotName: slot1_41@b9p22p9259.cern.ch
	CondorScratchDir = "/pool/condor/dir_283610"
	Cpus = 1
	Disk = 16048
	GPUs = 0
	Memory = 3000
...
006 (13087771.128.000) 11/21 10:14:31 Image size of job updated: 149932
	147  -  MemoryUsage of job (MB)
	149932  -  ResidentSetSize of job (KB)
...
006 (13087771.128.000) 11/21 10:17:42 Image size of job updated: 698368
	147  -  MemoryUsage of job (MB)
	149932  -  ResidentSetSize of job (KB)
...
040 (13087771.128.000) 11/21 10:17:43 Started transferring output files
...
040 (13087771.128.000) 11/21 10:17:44 Finished transferring output files
...
005 (13087771.128.000) 11/21 10:17:50 Job terminated.
	(1) Normal termination (return value 0)
		Usr 0 00:03:00, Sys 0 00:00:04  -  Run Remote Usage
		Usr 0 00:00:00, Sys 0 00:00:00  -  Run Local Usage
		Usr 0 00:03:00, Sys 0 00:00:04  -  Total Remote Usage
		Usr 0 00:00:00, Sys 0 00:00:00  -  Total Local Usage
	10096  -  Run Bytes Sent By Job
	11510364  -  Run Bytes Received By Job
	10096  -  Total Bytes Sent By Job
	11510364  -  Total Bytes Received By Job
	Partitionable Resources :    Usage  Request Allocated 
	   Cpus                 :        0        1         1 
	   Disk (KB)            :    11274    12500     16048 
	   GPUs                 :                           0 
	   Memory (MB)          :      147     3000      3000 
	   TimeExecute (s)      :      205                    
	   TimeSlotBusy (s)     :      210                    

	Job terminated of its own accord at 2025-11-21T09:17:42Z with exit-code 0.
...
