000 (13047736.040.000) 11/20 09:15:38 Job submitted from host: <188.185.121.235:9618?addrs=188.185.121.235-9618+[2001-1458-d00-49--100-36e]-9618&alias=bigbird22.cern.ch&noUDP&sock=schedd_232129_c3ca>
...
040 (13047736.040.000) 11/20 09:33:33 Started transferring input files
	Transferring to host: <188.185.194.167:9618?addrs=188.185.194.167-9618+[2001-1458-303-21--100-a3]-9618&alias=b9p20p3976.cern.ch&noUDP&sock=slot1_11_252900_ada5_16689>
...
040 (13047736.040.000) 11/20 09:33:33 Finished transferring input files
...
001 (13047736.040.000) 11/20 09:33:34 Job executing on host: <188.185.194.167:9618?addrs=188.185.194.167-9618+[2001-1458-303-21--100-a3]-9618&alias=b9p20p3976.cern.ch&noUDP&sock=startd_5770_518c>
	SlotName: slot1_11@b9p20p3976.cern.ch
	CondorScratchDir = "/pool/condor/dir_3625878"
	Cpus = 1
	Disk = 16169
	GPUs = 0
	Memory = 3000
...
006 (13047736.040.000) 11/20 09:33:47 Image size of job updated: 153268
	150  -  MemoryUsage of job (MB)
	153268  -  ResidentSetSize of job (KB)
...
006 (13047736.040.000) 11/20 09:35:22 Image size of job updated: 661852
	150  -  MemoryUsage of job (MB)
	153268  -  ResidentSetSize of job (KB)
...
040 (13047736.040.000) 11/20 09:35:22 Started transferring output files
...
040 (13047736.040.000) 11/20 09:35:22 Finished transferring output files
...
005 (13047736.040.000) 11/20 09:35:23 Job terminated.
	(1) Normal termination (return value 134)
		Usr 0 00:01:35, Sys 0 00:00:01  -  Run Remote Usage
		Usr 0 00:00:00, Sys 0 00:00:00  -  Run Local Usage
		Usr 0 00:01:35, Sys 0 00:00:01  -  Total Remote Usage
		Usr 0 00:00:00, Sys 0 00:00:00  -  Total Local Usage
	8481  -  Run Bytes Sent By Job
	11510364  -  Run Bytes Received By Job
	8481  -  Total Bytes Sent By Job
	11510364  -  Total Bytes Received By Job
	Partitionable Resources :    Usage  Request Allocated 
	   Cpus                 :        0        1         1 
	   Disk (KB)            :    11272    12500     16169 
	   GPUs                 :                           0 
	   Memory (MB)          :      150     3000      3000 
	   TimeExecute (s)      :      108                    
	   TimeSlotBusy (s)     :      110                    

	Job terminated of its own accord at 2025-11-20T08:35:22Z with exit-code 134.
...
