000 (13087771.003.000) 11/21 10:07:01 Job submitted from host: <188.185.121.235:9618?addrs=188.185.121.235-9618+[2001-1458-d00-49--100-36e]-9618&alias=bigbird22.cern.ch&noUDP&sock=schedd_232129_c3ca>
...
040 (13087771.003.000) 11/21 10:13:35 Started transferring input files
	Transferring to host: <188.185.214.39:9618?addrs=188.185.214.39-9618+[2001-1458-303-1c--100-23]-9618&alias=b9p29p8816.cern.ch&noUDP&sock=slot1_13_5758_c823_61207>
...
040 (13087771.003.000) 11/21 10:13:35 Finished transferring input files
...
001 (13087771.003.000) 11/21 10:13:36 Job executing on host: <188.185.214.39:9618?addrs=188.185.214.39-9618+[2001-1458-303-1c--100-23]-9618&alias=b9p29p8816.cern.ch&noUDP&sock=startd_4851_f603>
	SlotName: slot1_13@b9p29p8816.cern.ch
	CondorScratchDir = "/pool/condor/dir_3553361"
	Cpus = 1
	Disk = 16027
	GPUs = 0
	Memory = 3000
...
006 (13087771.003.000) 11/21 10:13:50 Image size of job updated: 152756
	150  -  MemoryUsage of job (MB)
	152756  -  ResidentSetSize of job (KB)
...
006 (13087771.003.000) 11/21 10:15:30 Image size of job updated: 692680
	150  -  MemoryUsage of job (MB)
	152756  -  ResidentSetSize of job (KB)
...
040 (13087771.003.000) 11/21 10:15:31 Started transferring output files
...
040 (13087771.003.000) 11/21 10:15:31 Finished transferring output files
...
005 (13087771.003.000) 11/21 10:15:31 Job terminated.
	(1) Normal termination (return value 0)
		Usr 0 00:01:38, Sys 0 00:00:03  -  Run Remote Usage
		Usr 0 00:00:00, Sys 0 00:00:00  -  Run Local Usage
		Usr 0 00:01:38, Sys 0 00:00:03  -  Total Remote Usage
		Usr 0 00:00:00, Sys 0 00:00:00  -  Total Local Usage
	9754  -  Run Bytes Sent By Job
	11510364  -  Run Bytes Received By Job
	9754  -  Total Bytes Sent By Job
	11510364  -  Total Bytes Received By Job
	Partitionable Resources :    Usage  Request Allocated 
	   Cpus                 :        0        1         1 
	   Disk (KB)            :    11273    12500     16027 
	   GPUs                 :                           0 
	   Memory (MB)          :      150     3000      3000 
	   TimeExecute (s)      :      114                    
	   TimeSlotBusy (s)     :      116                    

	Job terminated of its own accord at 2025-11-21T09:15:30Z with exit-code 0.
...
