000 (13047289.109.000) 11/20 02:50:52 Job submitted from host: <188.185.121.235:9618?addrs=188.185.121.235-9618+[2001-1458-d00-49--100-36e]-9618&alias=bigbird22.cern.ch&noUDP&sock=schedd_232129_c3ca>
...
040 (13047289.109.000) 11/20 03:11:56 Started transferring input files
	Transferring to host: <188.185.210.177:9618?addrs=188.185.210.177-9618+[2001-1458-303-15--100-2d]-9618&alias=b9p22p3684.cern.ch&noUDP&sock=slot1_37_5730_0da2_64514>
...
040 (13047289.109.000) 11/20 03:11:56 Finished transferring input files
...
001 (13047289.109.000) 11/20 03:11:57 Job executing on host: <188.185.210.177:9618?addrs=188.185.210.177-9618+[2001-1458-303-15--100-2d]-9618&alias=b9p22p3684.cern.ch&noUDP&sock=startd_5042_f89a>
	SlotName: slot1_37@b9p22p3684.cern.ch
	CondorScratchDir = "/pool/condor/dir_3220374"
	Cpus = 1
	Disk = 16057
	GPUs = 0
	Memory = 3000
...
006 (13047289.109.000) 11/20 03:12:10 Image size of job updated: 95296
	94  -  MemoryUsage of job (MB)
	95296  -  ResidentSetSize of job (KB)
...
006 (13047289.109.000) 11/20 03:15:23 Image size of job updated: 698620
	94  -  MemoryUsage of job (MB)
	95296  -  ResidentSetSize of job (KB)
...
040 (13047289.109.000) 11/20 03:15:23 Started transferring output files
...
040 (13047289.109.000) 11/20 03:15:23 Finished transferring output files
...
005 (13047289.109.000) 11/20 03:15:24 Job terminated.
	(1) Normal termination (return value 0)
		Usr 0 00:03:03, Sys 0 00:00:03  -  Run Remote Usage
		Usr 0 00:00:00, Sys 0 00:00:00  -  Run Local Usage
		Usr 0 00:03:03, Sys 0 00:00:03  -  Total Remote Usage
		Usr 0 00:00:00, Sys 0 00:00:00  -  Total Local Usage
	10350  -  Run Bytes Sent By Job
	11506596  -  Run Bytes Received By Job
	10350  -  Total Bytes Sent By Job
	11506596  -  Total Bytes Received By Job
	Partitionable Resources :    Usage  Request Allocated 
	   Cpus                 :        0        1         1 
	   Disk (KB)            :    11270    12500     16057 
	   GPUs                 :                           0 
	   Memory (MB)          :       94     3000      3000 
	   TimeExecute (s)      :      206                    
	   TimeSlotBusy (s)     :      209                    

	Job terminated of its own accord at 2025-11-20T02:15:23Z with exit-code 0.
...
