Starting job on \n
Running on: Linux b9p22p4365.cern.ch 5.14.0-570.44.1.el9_6.x86_64 #1 SMP PREEMPT_DYNAMIC Tue Sep 9 05:17:30 EDT 2025 x86_64 x86_64 x86_64 GNU/Linux\n
System software: Red Hat Enterprise Linux release 9.7 (Plow)\n
Setting up CROWN for RedHatEnterprise Version 9.7
subject   : /DC=ch/DC=cern/OU=Organic Units/OU=Users/CN=jiahua/CN=851532/CN=Jiahua Chen/CN=2045128514
issuer    : /DC=ch/DC=cern/OU=Organic Units/OU=Users/CN=jiahua/CN=851532/CN=Jiahua Chen
identity  : /DC=ch/DC=cern/OU=Organic Units/OU=Users/CN=jiahua/CN=851532/CN=Jiahua Chen
type      : RFC compliant proxy
strength  : 2048 bits
path      : /afs/cern.ch/user/j/jiahua/proxy/x509up_u139833
timeleft  : 199:37:16
key usage : Digital Signature, Key Encipherment
=== VO cms extension information ===
VO        : cms
subject   : /DC=ch/DC=cern/OU=Organic Units/OU=Users/CN=jiahua/CN=851532/CN=Jiahua Chen
issuer    : /DC=ch/DC=cern/OU=computers/CN=cms-auth.cern.ch
attribute : /cms/Role=NULL/Capability=NULL
timeleft  : 191:37:15
uri       : voms-cms-auth.cern.ch:15000
subject   : /DC=ch/DC=cern/OU=Organic Units/OU=Users/CN=jiahua/CN=851532/CN=Jiahua Chen/CN=2045128514
issuer    : /DC=ch/DC=cern/OU=Organic Units/OU=Users/CN=jiahua/CN=851532/CN=Jiahua Chen
identity  : /DC=ch/DC=cern/OU=Organic Units/OU=Users/CN=jiahua/CN=851532/CN=Jiahua Chen
type      : RFC compliant proxy
strength  : 2048 bits
path      : /afs/cern.ch/user/j/jiahua/proxy/x509up_u139833
timeleft  : 199:37:16
key usage : Digital Signature, Key Encipherment
=== VO cms extension information ===
VO        : cms
subject   : /DC=ch/DC=cern/OU=Organic Units/OU=Users/CN=jiahua/CN=851532/CN=Jiahua Chen
issuer    : /DC=ch/DC=cern/OU=computers/CN=cms-auth.cern.ch
attribute : /cms/Role=NULL/Capability=NULL
timeleft  : 191:37:15
uri       : voms-cms-auth.cern.ch:15000
/eos/user/j/jiahua/MC_2022EE_inc/MC_2022EE_vbf/WZto2L2Q_powheg_22EE_ext1-v2/4a200497-9d2b-430c-94ff-3ec1b6848f8a.root
[2025-11-20 03:11:27.725] [main] [info] Checking input files
[2025-11-20 03:11:32.228] [main] [info] NanoAOD input_file 1: root://cms-xrd-global.cern.ch//store/mc/Run3Summer22EENanoAODv12/WZto2L2Q_TuneCP5_13p6TeV_powheg-pythia8/NANOAODSIM/130X_mcRun3_2022_realistic_postEE_v6_ext1-v2/30000/4a200497-9d2b-430c-94ff-3ec1b6848f8a.root - 169440 Events
[2025-11-20 03:11:32.228] [main] [info] input_file 1: root://cms-xrd-global.cern.ch//store/mc/Run3Summer22EENanoAODv12/WZto2L2Q_TuneCP5_13p6TeV_powheg-pythia8/NANOAODSIM/130X_mcRun3_2022_realistic_postEE_v6_ext1-v2/30000/4a200497-9d2b-430c-94ff-3ec1b6848f8a.root - SumOfGenWeight: 1282562.9636799984 
[2025-11-20 03:11:32.228] [main] [info] Output directory: /eos/user/j/jiahua/MC_2022EE_inc/MC_2022EE_vbf/WZto2L2Q_powheg_22EE_ext1-v2/4a200497-9d2b-430c-94ff-3ec1b6848f8a.root
[2025-11-20 03:11:32.229] [main] [info] Starting Setup of Dataframe with 169440 events
[2025-11-20 03:12:33.963] [main] [info] Finished Setup
[2025-11-20 03:12:33.963] [main] [info] Runtime for setup (real time: 61.74, CPU time: 58.09)
[2025-11-20 03:12:33.963] [main] [info] Starting Evaluation
[2025-11-20 03:12:57.560] [main] [info] 10000 / 169440 (5.90 %) Events processed ...
[2025-11-20 03:13:08.360] [main] [info] 20000 / 169440 (11.80 %) Events processed ...
[2025-11-20 03:13:20.422] [main] [info] 30000 / 169440 (17.71 %) Events processed ...
[2025-11-20 03:13:33.250] [main] [info] 40000 / 169440 (23.61 %) Events processed ...
[2025-11-20 03:13:44.478] [main] [info] 50000 / 169440 (29.51 %) Events processed ...
[2025-11-20 03:13:56.070] [main] [info] 60000 / 169440 (35.41 %) Events processed ...
[2025-11-20 03:14:07.681] [main] [info] 70000 / 169440 (41.31 %) Events processed ...
[2025-11-20 03:14:19.996] [main] [info] 80000 / 169440 (47.21 %) Events processed ...
[2025-11-20 03:14:31.001] [main] [info] 90000 / 169440 (53.12 %) Events processed ...
[2025-11-20 03:14:41.879] [main] [info] 100000 / 169440 (59.02 %) Events processed ...
[2025-11-20 03:14:52.835] [main] [info] 110000 / 169440 (64.92 %) Events processed ...
[2025-11-20 03:15:05.099] [main] [info] 120000 / 169440 (70.82 %) Events processed ...
[2025-11-20 03:15:16.025] [main] [info] 130000 / 169440 (76.72 %) Events processed ...
[2025-11-20 03:15:27.056] [main] [info] 140000 / 169440 (82.63 %) Events processed ...
[2025-11-20 03:15:38.748] [main] [info] 150000 / 169440 (88.53 %) Events processed ...
[2025-11-20 03:15:49.521] [main] [info] 160000 / 169440 (94.43 %) Events processed ...
[2025-11-20 03:15:59.850] [main] [info] vbfhmm:
GoodJetsCollection: pass=140217     all=169440     -- eff=82.75 % cumulative eff=82.75 %
Flag_goodVertices: pass=140217     all=140217     -- eff=100.00 % cumulative eff=82.75 %
Flag_globalSuperTightHalo2016Filter: pass=140203     all=140217     -- eff=99.99 % cumulative eff=82.74 %
Flag_EcalDeadCellTriggerPrimitiveFilter: pass=140197     all=140203     -- eff=100.00 % cumulative eff=82.74 %
Flag_BadPFMuonFilter: pass=140193     all=140197     -- eff=100.00 % cumulative eff=82.74 %
Flag_BadPFMuonDzFilter: pass=140190     all=140193     -- eff=100.00 % cumulative eff=82.74 %
Flag_eeBadScFilter: pass=140190     all=140190     -- eff=100.00 % cumulative eff=82.74 %
Flag_ecalBadCalibFilter: pass=140170     all=140190     -- eff=99.99 % cumulative eff=82.73 %
Flag_hfNoisyHitsFilter: pass=140166     all=140170     -- eff=100.00 % cumulative eff=82.72 %
Number of muons 2: pass=10556      all=140166     -- eff=7.53 % cumulative eff=6.23 %
Veto VH <= 0 electrons: pass=10546      all=10556      -- eff=99.91 % cumulative eff=6.22 %
DiMuon From Higgs: pass=9736       all=10546      -- eff=92.32 % cumulative eff=5.75 %
LeptonChargeSum: pass=9735       all=9736       -- eff=99.99 % cumulative eff=5.75 %
Hmass>=110: pass=467        all=9735       -- eff=4.80 % cumulative eff=0.28 %
[2025-11-20 03:15:59.984] [main] [info] Writing quantities map to /eos/user/j/jiahua/MC_2022EE_inc/MC_2022EE_vbf/WZto2L2Q_powheg_22EE_ext1-v2/4a200497-9d2b-430c-94ff-3ec1b6848f8a_vbfhmm.root
[2025-11-20 03:16:00.050] [main] [info] Finished Evaluation
[2025-11-20 03:16:00.050] [main] [info] Overall runtime (real time: 267.82, CPU time: 255.79)
