000 (13047736.102.000) 11/20 09:15:38 Job submitted from host: <188.185.121.235:9618?addrs=188.185.121.235-9618+[2001-1458-d00-49--100-36e]-9618&alias=bigbird22.cern.ch&noUDP&sock=schedd_232129_c3ca>
...
040 (13047736.102.000) 11/20 09:33:53 Started transferring input files
	Transferring to host: <188.185.214.98:9618?addrs=188.185.214.98-9618+[2001-1458-303-1c--100-5e]-9618&alias=b9p29p0143.cern.ch&noUDP&sock=slot1_28_5858_3da7_61050>
...
040 (13047736.102.000) 11/20 09:33:53 Finished transferring input files
...
001 (13047736.102.000) 11/20 09:33:54 Job executing on host: <188.185.214.98:9618?addrs=188.185.214.98-9618+[2001-1458-303-1c--100-5e]-9618&alias=b9p29p0143.cern.ch&noUDP&sock=startd_5088_85f5>
	SlotName: slot1_28@b9p29p0143.cern.ch
	CondorScratchDir = "/pool/condor/dir_3829411"
	Cpus = 1
	Disk = 16096
	GPUs = 0
	Memory = 3000
...
006 (13047736.102.000) 11/20 09:34:07 Image size of job updated: 152516
	149  -  MemoryUsage of job (MB)
	152516  -  ResidentSetSize of job (KB)
...
006 (13047736.102.000) 11/20 09:35:24 Image size of job updated: 664288
	149  -  MemoryUsage of job (MB)
	152516  -  ResidentSetSize of job (KB)
...
040 (13047736.102.000) 11/20 09:35:24 Started transferring output files
...
040 (13047736.102.000) 11/20 09:35:24 Finished transferring output files
...
005 (13047736.102.000) 11/20 09:35:24 Job terminated.
	(1) Normal termination (return value 134)
		Usr 0 00:01:16, Sys 0 00:00:02  -  Run Remote Usage
		Usr 0 00:00:00, Sys 0 00:00:00  -  Run Local Usage
		Usr 0 00:01:16, Sys 0 00:00:02  -  Total Remote Usage
		Usr 0 00:00:00, Sys 0 00:00:00  -  Total Local Usage
	8476  -  Run Bytes Sent By Job
	11510364  -  Run Bytes Received By Job
	8476  -  Total Bytes Sent By Job
	11510364  -  Total Bytes Received By Job
	Partitionable Resources :    Usage  Request Allocated 
	   Cpus                 :        0        1         1 
	   Disk (KB)            :    11272    12500     16096 
	   GPUs                 :                           0 
	   Memory (MB)          :      149     3000      3000 
	   TimeExecute (s)      :       90                    
	   TimeSlotBusy (s)     :       91                    

	Job terminated of its own accord at 2025-11-20T08:35:24Z with exit-code 134.
...
