000 (13087771.052.000) 11/21 10:07:01 Job submitted from host: <188.185.121.235:9618?addrs=188.185.121.235-9618+[2001-1458-d00-49--100-36e]-9618&alias=bigbird22.cern.ch&noUDP&sock=schedd_232129_c3ca>
...
040 (13087771.052.000) 11/21 10:13:50 Started transferring input files
	Transferring to host: <128.142.33.204:9618?addrs=128.142.33.204-9618+[2001-1458-301-39--100-9]-9618&alias=b9g24p7720.cern.ch&noUDP&sock=slot1_28_5845_14c7_70128>
...
040 (13087771.052.000) 11/21 10:13:50 Finished transferring input files
...
001 (13087771.052.000) 11/21 10:13:51 Job executing on host: <128.142.33.204:9618?addrs=128.142.33.204-9618+[2001-1458-301-39--100-9]-9618&alias=b9g24p7720.cern.ch&noUDP&sock=startd_5188_1d6d>
	SlotName: slot1_28@b9g24p7720.cern.ch
	CondorScratchDir = "/pool/condor/dir_1217125"
	Cpus = 1
	Disk = 16126
	GPUs = 0
	Memory = 3000
...
006 (13087771.052.000) 11/21 10:14:04 Image size of job updated: 114304
	112  -  MemoryUsage of job (MB)
	114304  -  ResidentSetSize of job (KB)
...
006 (13087771.052.000) 11/21 10:16:21 Image size of job updated: 695268
	113  -  MemoryUsage of job (MB)
	114968  -  ResidentSetSize of job (KB)
...
040 (13087771.052.000) 11/21 10:16:21 Started transferring output files
...
040 (13087771.052.000) 11/21 10:16:21 Finished transferring output files
...
005 (13087771.052.000) 11/21 10:16:21 Job terminated.
	(1) Normal termination (return value 0)
		Usr 0 00:02:09, Sys 0 00:00:04  -  Run Remote Usage
		Usr 0 00:00:00, Sys 0 00:00:00  -  Run Local Usage
		Usr 0 00:02:09, Sys 0 00:00:04  -  Total Remote Usage
		Usr 0 00:00:00, Sys 0 00:00:00  -  Total Local Usage
	9927  -  Run Bytes Sent By Job
	11510364  -  Run Bytes Received By Job
	9927  -  Total Bytes Sent By Job
	11510364  -  Total Bytes Received By Job
	Partitionable Resources :    Usage  Request Allocated 
	   Cpus                 :        0        1         1 
	   Disk (KB)            :    11273    12500     16126 
	   GPUs                 :                           0 
	   Memory (MB)          :      113     3000      3000 
	   TimeExecute (s)      :      150                    
	   TimeSlotBusy (s)     :      151                    

	Job terminated of its own accord at 2025-11-21T09:16:21Z with exit-code 0.
...
