000 (13047735.051.000) 11/20 09:15:37 Job submitted from host: <188.185.121.235:9618?addrs=188.185.121.235-9618+[2001-1458-d00-49--100-36e]-9618&alias=bigbird22.cern.ch&noUDP&sock=schedd_232129_c3ca>
...
040 (13047735.051.000) 11/20 09:33:15 Started transferring input files
	Transferring to host: <188.185.211.178:9618?addrs=188.185.211.178-9618+[2001-1458-303-17--100-2e]-9618&alias=b9p24p7969.cern.ch&noUDP&sock=slot1_14_5366_9513_63797>
...
040 (13047735.051.000) 11/20 09:33:15 Finished transferring input files
...
001 (13047735.051.000) 11/20 09:33:16 Job executing on host: <188.185.211.178:9618?addrs=188.185.211.178-9618+[2001-1458-303-17--100-2e]-9618&alias=b9p24p7969.cern.ch&noUDP&sock=startd_4421_0449>
	SlotName: slot1_14@b9p24p7969.cern.ch
	CondorScratchDir = "/pool/condor/dir_3887330"
	Cpus = 1
	Disk = 15970
	GPUs = 0
	Memory = 3000
...
006 (13047735.051.000) 11/20 09:33:30 Image size of job updated: 151692
	149  -  MemoryUsage of job (MB)
	151692  -  ResidentSetSize of job (KB)
...
006 (13047735.051.000) 11/20 09:34:55 Image size of job updated: 664988
	149  -  MemoryUsage of job (MB)
	151692  -  ResidentSetSize of job (KB)
...
040 (13047735.051.000) 11/20 09:34:55 Started transferring output files
...
040 (13047735.051.000) 11/20 09:34:55 Finished transferring output files
...
005 (13047735.051.000) 11/20 09:34:55 Job terminated.
	(1) Normal termination (return value 134)
		Usr 0 00:01:24, Sys 0 00:00:03  -  Run Remote Usage
		Usr 0 00:00:00, Sys 0 00:00:00  -  Run Local Usage
		Usr 0 00:01:24, Sys 0 00:00:03  -  Total Remote Usage
		Usr 0 00:00:00, Sys 0 00:00:00  -  Total Local Usage
	8443  -  Run Bytes Sent By Job
	11510364  -  Run Bytes Received By Job
	8443  -  Total Bytes Sent By Job
	11510364  -  Total Bytes Received By Job
	Partitionable Resources :    Usage  Request Allocated 
	   Cpus                 :     0.99        1         1 
	   Disk (KB)            : 11272       12500     15970 
	   GPUs                 :                           0 
	   Memory (MB)          :   149        3000      3000 
	   TimeExecute (s)      :    99                       
	   TimeSlotBusy (s)     :   100                       

	Job terminated of its own accord at 2025-11-20T08:34:55Z with exit-code 134.
...
