000 (13047735.050.000) 11/20 09:15:37 Job submitted from host: <188.185.121.235:9618?addrs=188.185.121.235-9618+[2001-1458-d00-49--100-36e]-9618&alias=bigbird22.cern.ch&noUDP&sock=schedd_232129_c3ca>
...
040 (13047735.050.000) 11/20 09:33:16 Started transferring input files
	Transferring to host: <188.185.213.146:9618?addrs=188.185.213.146-9618+[2001-1458-303-1b--100-e]-9618&alias=b9p28p9929.cern.ch&noUDP&sock=slot1_1_6160_06f4_62503>
...
040 (13047735.050.000) 11/20 09:33:16 Finished transferring input files
...
001 (13047735.050.000) 11/20 09:33:17 Job executing on host: <188.185.213.146:9618?addrs=188.185.213.146-9618+[2001-1458-303-1b--100-e]-9618&alias=b9p28p9929.cern.ch&noUDP&sock=startd_5491_f2a0>
	SlotName: slot1_1@b9p28p9929.cern.ch
	CondorScratchDir = "/pool/condor/dir_208076"
	Cpus = 1
	Disk = 16089
	GPUs = 0
	Memory = 3000
...
006 (13047735.050.000) 11/20 09:33:31 Image size of job updated: 154460
	151  -  MemoryUsage of job (MB)
	154460  -  ResidentSetSize of job (KB)
...
006 (13047735.050.000) 11/20 09:34:45 Image size of job updated: 662580
	151  -  MemoryUsage of job (MB)
	154468  -  ResidentSetSize of job (KB)
...
040 (13047735.050.000) 11/20 09:34:45 Started transferring output files
...
040 (13047735.050.000) 11/20 09:34:45 Finished transferring output files
...
005 (13047735.050.000) 11/20 09:34:46 Job terminated.
	(1) Normal termination (return value 134)
		Usr 0 00:01:13, Sys 0 00:00:02  -  Run Remote Usage
		Usr 0 00:00:00, Sys 0 00:00:00  -  Run Local Usage
		Usr 0 00:01:13, Sys 0 00:00:02  -  Total Remote Usage
		Usr 0 00:00:00, Sys 0 00:00:00  -  Total Local Usage
	8441  -  Run Bytes Sent By Job
	11510364  -  Run Bytes Received By Job
	8441  -  Total Bytes Sent By Job
	11510364  -  Total Bytes Received By Job
	Partitionable Resources :    Usage  Request Allocated 
	   Cpus                 :        0        1         1 
	   Disk (KB)            :    11272    12500     16089 
	   GPUs                 :                           0 
	   Memory (MB)          :      151     3000      3000 
	   TimeExecute (s)      :       88                    
	   TimeSlotBusy (s)     :       90                    

	Job terminated of its own accord at 2025-11-20T08:34:45Z with exit-code 134.
...
