Starting job on \n
Running on: Linux b9g02p6767.cern.ch 5.14.0-570.42.2.el9_6.x86_64 #1 SMP PREEMPT_DYNAMIC Mon Sep 15 05:17:56 EDT 2025 x86_64 x86_64 x86_64 GNU/Linux\n
System software: AlmaLinux release 9.6 (Sage Margay)\n
Setting up CROWN for Alma Version 9.6
subject   : /DC=ch/DC=cern/OU=Organic Units/OU=Users/CN=jiahua/CN=851532/CN=Jiahua Chen/CN=2045128514
issuer    : /DC=ch/DC=cern/OU=Organic Units/OU=Users/CN=jiahua/CN=851532/CN=Jiahua Chen
identity  : /DC=ch/DC=cern/OU=Organic Units/OU=Users/CN=jiahua/CN=851532/CN=Jiahua Chen
type      : RFC compliant proxy
strength  : 2048 bits
path      : /afs/cern.ch/user/j/jiahua/proxy/x509up_u139833
timeleft  : 199:30:56
key usage : Digital Signature, Key Encipherment
=== VO cms extension information ===
VO        : cms
subject   : /DC=ch/DC=cern/OU=Organic Units/OU=Users/CN=jiahua/CN=851532/CN=Jiahua Chen
issuer    : /DC=ch/DC=cern/OU=computers/CN=cms-auth.cern.ch
attribute : /cms/Role=NULL/Capability=NULL
timeleft  : 191:30:55
uri       : voms-cms-auth.cern.ch:15000
subject   : /DC=ch/DC=cern/OU=Organic Units/OU=Users/CN=jiahua/CN=851532/CN=Jiahua Chen/CN=2045128514
issuer    : /DC=ch/DC=cern/OU=Organic Units/OU=Users/CN=jiahua/CN=851532/CN=Jiahua Chen
identity  : /DC=ch/DC=cern/OU=Organic Units/OU=Users/CN=jiahua/CN=851532/CN=Jiahua Chen
type      : RFC compliant proxy
strength  : 2048 bits
path      : /afs/cern.ch/user/j/jiahua/proxy/x509up_u139833
timeleft  : 199:30:56
key usage : Digital Signature, Key Encipherment
=== VO cms extension information ===
VO        : cms
subject   : /DC=ch/DC=cern/OU=Organic Units/OU=Users/CN=jiahua/CN=851532/CN=Jiahua Chen
issuer    : /DC=ch/DC=cern/OU=computers/CN=cms-auth.cern.ch
attribute : /cms/Role=NULL/Capability=NULL
timeleft  : 191:30:55
uri       : voms-cms-auth.cern.ch:15000
/eos/user/j/jiahua/MC_2022EE_inc/MC_2022EE_vbf/ZZto4L_powheg_22EE_ext1-v2/e24e2560-55c8-4435-a70f-022407ad7311.root
[2025-11-20 03:17:47.468] [main] [info] Checking input files
[2025-11-20 03:17:55.007] [main] [info] NanoAOD input_file 1: root://cms-xrd-global.cern.ch//store/mc/Run3Summer22EENanoAODv12/ZZto4L_TuneCP5_13p6TeV_powheg-pythia8/NANOAODSIM/130X_mcRun3_2022_realistic_postEE_v6_ext1-v2/2540000/e24e2560-55c8-4435-a70f-022407ad7311.root - 1470 Events
[2025-11-20 03:17:55.007] [main] [info] input_file 1: root://cms-xrd-global.cern.ch//store/mc/Run3Summer22EENanoAODv12/ZZto4L_TuneCP5_13p6TeV_powheg-pythia8/NANOAODSIM/130X_mcRun3_2022_realistic_postEE_v6_ext1-v2/2540000/e24e2560-55c8-4435-a70f-022407ad7311.root - SumOfGenWeight: 2028.86332 
[2025-11-20 03:17:55.007] [main] [info] Output directory: /eos/user/j/jiahua/MC_2022EE_inc/MC_2022EE_vbf/ZZto4L_powheg_22EE_ext1-v2/e24e2560-55c8-4435-a70f-022407ad7311.root
[2025-11-20 03:17:55.008] [main] [info] Starting Setup of Dataframe with 1470 events
[2025-11-20 03:20:23.560] [main] [info] Finished Setup
[2025-11-20 03:20:23.560] [main] [info] Runtime for setup (real time: 148.55, CPU time: 144.08)
[2025-11-20 03:20:23.560] [main] [info] Starting Evaluation
[2025-11-20 03:20:50.093] [main] [info] vbfhmm:
GoodJetsCollection: pass=874        all=1470       -- eff=59.46 % cumulative eff=59.46 %
Flag_goodVertices: pass=874        all=874        -- eff=100.00 % cumulative eff=59.46 %
Flag_globalSuperTightHalo2016Filter: pass=874        all=874        -- eff=100.00 % cumulative eff=59.46 %
Flag_EcalDeadCellTriggerPrimitiveFilter: pass=874        all=874        -- eff=100.00 % cumulative eff=59.46 %
Flag_BadPFMuonFilter: pass=874        all=874        -- eff=100.00 % cumulative eff=59.46 %
Flag_BadPFMuonDzFilter: pass=874        all=874        -- eff=100.00 % cumulative eff=59.46 %
Flag_eeBadScFilter: pass=874        all=874        -- eff=100.00 % cumulative eff=59.46 %
Flag_ecalBadCalibFilter: pass=874        all=874        -- eff=100.00 % cumulative eff=59.46 %
Flag_hfNoisyHitsFilter: pass=874        all=874        -- eff=100.00 % cumulative eff=59.46 %
Number of muons 2: pass=71         all=874        -- eff=8.12 % cumulative eff=4.83 %
Veto VH <= 0 electrons: pass=55         all=71         -- eff=77.46 % cumulative eff=3.74 %
DiMuon From Higgs: pass=36         all=55         -- eff=65.45 % cumulative eff=2.45 %
LeptonChargeSum: pass=32         all=36         -- eff=88.89 % cumulative eff=2.18 %
Hmass>=110: pass=2          all=32         -- eff=6.25 % cumulative eff=0.14 %
[2025-11-20 03:20:50.235] [main] [info] Writing quantities map to /eos/user/j/jiahua/MC_2022EE_inc/MC_2022EE_vbf/ZZto4L_powheg_22EE_ext1-v2/e24e2560-55c8-4435-a70f-022407ad7311_vbfhmm.root
[2025-11-20 03:20:50.295] [main] [info] Finished Evaluation
[2025-11-20 03:20:50.295] [main] [info] Overall runtime (real time: 175.29, CPU time: 169.56)
