Starting job on \n
Running on: Linux b9p19p1478.cern.ch 5.14.0-570.44.1.el9_6.x86_64 #1 SMP PREEMPT_DYNAMIC Tue Sep 9 05:17:30 EDT 2025 x86_64 x86_64 x86_64 GNU/Linux\n
System software: Red Hat Enterprise Linux release 9.7 (Plow)\n
Setting up CROWN for RedHatEnterprise Version 9.7
subject   : /DC=ch/DC=cern/OU=Organic Units/OU=Users/CN=jiahua/CN=851532/CN=Jiahua Chen/CN=2045128514
issuer    : /DC=ch/DC=cern/OU=Organic Units/OU=Users/CN=jiahua/CN=851532/CN=Jiahua Chen
identity  : /DC=ch/DC=cern/OU=Organic Units/OU=Users/CN=jiahua/CN=851532/CN=Jiahua Chen
type      : RFC compliant proxy
strength  : 2048 bits
path      : /afs/cern.ch/user/j/jiahua/proxy/x509up_u139833
timeleft  : 168:33:32
key usage : Digital Signature, Key Encipherment
=== VO cms extension information ===
VO        : cms
subject   : /DC=ch/DC=cern/OU=Organic Units/OU=Users/CN=jiahua/CN=851532/CN=Jiahua Chen
issuer    : /DC=ch/DC=cern/OU=computers/CN=cms-auth.cern.ch
attribute : /cms/Role=NULL/Capability=NULL
timeleft  : 160:33:31
uri       : voms-cms-auth.cern.ch:15000
subject   : /DC=ch/DC=cern/OU=Organic Units/OU=Users/CN=jiahua/CN=851532/CN=Jiahua Chen/CN=2045128514
issuer    : /DC=ch/DC=cern/OU=Organic Units/OU=Users/CN=jiahua/CN=851532/CN=Jiahua Chen
identity  : /DC=ch/DC=cern/OU=Organic Units/OU=Users/CN=jiahua/CN=851532/CN=Jiahua Chen
type      : RFC compliant proxy
strength  : 2048 bits
path      : /afs/cern.ch/user/j/jiahua/proxy/x509up_u139833
timeleft  : 168:33:32
key usage : Digital Signature, Key Encipherment
=== VO cms extension information ===
VO        : cms
subject   : /DC=ch/DC=cern/OU=Organic Units/OU=Users/CN=jiahua/CN=851532/CN=Jiahua Chen
issuer    : /DC=ch/DC=cern/OU=computers/CN=cms-auth.cern.ch
attribute : /cms/Role=NULL/Capability=NULL
timeleft  : 160:33:31
uri       : voms-cms-auth.cern.ch:15000
/eos/user/j/jiahua/MC_2022EE_inc/MC_2022EE_vbf/ZZto2L2Nu_powheg_22EE_ext1-v2/a5b96675-f8c5-4508-a571-a4df85de75ec.root
[2025-11-21 10:15:11.943] [main] [info] Checking input files
[2025-11-21 10:15:23.147] [main] [info] NanoAOD input_file 1: root://cms-xrd-global.cern.ch//store/mc/Run3Summer22EENanoAODv12/ZZto2L2Nu_TuneCP5_13p6TeV_powheg-pythia8/NANOAODSIM/130X_mcRun3_2022_realistic_postEE_v6_ext1-v2/2520000/a5b96675-f8c5-4508-a571-a4df85de75ec.root - 50540 Events
[2025-11-21 10:15:23.147] [main] [info] input_file 1: root://cms-xrd-global.cern.ch//store/mc/Run3Summer22EENanoAODv12/ZZto2L2Nu_TuneCP5_13p6TeV_powheg-pythia8/NANOAODSIM/130X_mcRun3_2022_realistic_postEE_v6_ext1-v2/2520000/a5b96675-f8c5-4508-a571-a4df85de75ec.root - SumOfGenWeight: 52111.12578000007 
[2025-11-21 10:15:23.147] [main] [info] Output directory: /eos/user/j/jiahua/MC_2022EE_inc/MC_2022EE_vbf/ZZto2L2Nu_powheg_22EE_ext1-v2/a5b96675-f8c5-4508-a571-a4df85de75ec.root
[2025-11-21 10:15:23.148] [main] [info] Starting Setup of Dataframe with 50540 events
[2025-11-21 10:17:39.176] [main] [info] Finished Setup
[2025-11-21 10:17:39.176] [main] [info] Runtime for setup (real time: 136.03, CPU time: 130.30)
[2025-11-21 10:17:39.176] [main] [info] Starting Evaluation
[2025-11-21 10:18:25.093] [main] [info] 10000 / 50540 (19.79 %) Events processed ...
[2025-11-21 10:18:38.430] [main] [info] 20000 / 50540 (39.57 %) Events processed ...
[2025-11-21 10:18:52.289] [main] [info] 30000 / 50540 (59.36 %) Events processed ...
[2025-11-21 10:19:04.860] [main] [info] 40000 / 50540 (79.15 %) Events processed ...
[2025-11-21 10:19:21.748] [main] [info] 50000 / 50540 (98.93 %) Events processed ...
[2025-11-21 10:19:22.955] [main] [info] vbfhmm:
GoodJetsCollection: pass=32634      all=50540      -- eff=64.57 % cumulative eff=64.57 %
Flag_goodVertices: pass=32634      all=32634      -- eff=100.00 % cumulative eff=64.57 %
Flag_globalSuperTightHalo2016Filter: pass=32631      all=32634      -- eff=99.99 % cumulative eff=64.56 %
Flag_EcalDeadCellTriggerPrimitiveFilter: pass=32630      all=32631      -- eff=100.00 % cumulative eff=64.56 %
Flag_BadPFMuonFilter: pass=32629      all=32630      -- eff=100.00 % cumulative eff=64.56 %
Flag_BadPFMuonDzFilter: pass=32629      all=32629      -- eff=100.00 % cumulative eff=64.56 %
Flag_eeBadScFilter: pass=32629      all=32629      -- eff=100.00 % cumulative eff=64.56 %
Flag_ecalBadCalibFilter: pass=32624      all=32629      -- eff=99.98 % cumulative eff=64.55 %
Flag_hfNoisyHitsFilter: pass=32622      all=32624      -- eff=99.99 % cumulative eff=64.55 %
Number of muons 2: pass=2286       all=32622      -- eff=7.01 % cumulative eff=4.52 %
Veto VH <= 0 electrons: pass=2283       all=2286       -- eff=99.87 % cumulative eff=4.52 %
DiMuon From Higgs: pass=2120       all=2283       -- eff=92.86 % cumulative eff=4.19 %
LeptonChargeSum: pass=2120       all=2120       -- eff=100.00 % cumulative eff=4.19 %
Hmass>=110: pass=103        all=2120       -- eff=4.86 % cumulative eff=0.20 %
[2025-11-21 10:19:23.143] [main] [info] Writing quantities map to /eos/user/j/jiahua/MC_2022EE_inc/MC_2022EE_vbf/ZZto2L2Nu_powheg_22EE_ext1-v2/a5b96675-f8c5-4508-a571-a4df85de75ec_vbfhmm.root
[2025-11-21 10:19:23.309] [main] [info] Finished Evaluation
[2025-11-21 10:19:23.309] [main] [info] Overall runtime (real time: 240.16, CPU time: 223.59)
