000 (13087773.428.000) 11/21 10:07:28 Job submitted from host: <188.185.121.235:9618?addrs=188.185.121.235-9618+[2001-1458-d00-49--100-36e]-9618&alias=bigbird22.cern.ch&noUDP&sock=schedd_232129_c3ca>
...
040 (13087773.428.000) 11/21 10:17:18 Started transferring input files
	Transferring to host: <188.185.195.15:9618?addrs=188.185.195.15-9618+[2001-1458-303-22--100-b]-9618&alias=b9p17p8817.cern.ch&noUDP&sock=slot1_15_6028_056e_59984>
...
001 (13087773.428.000) 11/21 10:17:34 Job executing on host: <188.185.195.15:9618?addrs=188.185.195.15-9618+[2001-1458-303-22--100-b]-9618&alias=b9p17p8817.cern.ch&noUDP&sock=startd_5057_4285>
	SlotName: slot1_15@b9p17p8817.cern.ch
	CondorScratchDir = "/pool/condor/dir_664495"
	Cpus = 1
	Disk = 16204
	GPUs = 0
	Memory = 3000
...
040 (13087773.428.000) 11/21 10:17:34 Finished transferring input files
...
006 (13087773.428.000) 11/21 10:17:47 Image size of job updated: 88184
	87  -  MemoryUsage of job (MB)
	88184  -  ResidentSetSize of job (KB)
...
006 (13087773.428.000) 11/21 10:22:47 Image size of job updated: 704068
	688  -  MemoryUsage of job (MB)
	704068  -  ResidentSetSize of job (KB)
...
006 (13087773.428.000) 11/21 10:25:23 Image size of job updated: 704216
	688  -  MemoryUsage of job (MB)
	704068  -  ResidentSetSize of job (KB)
...
040 (13087773.428.000) 11/21 10:25:24 Started transferring output files
...
040 (13087773.428.000) 11/21 10:25:24 Finished transferring output files
...
005 (13087773.428.000) 11/21 10:25:27 Job terminated.
	(1) Normal termination (return value 0)
		Usr 0 00:06:59, Sys 0 00:00:03  -  Run Remote Usage
		Usr 0 00:00:00, Sys 0 00:00:00  -  Run Local Usage
		Usr 0 00:06:59, Sys 0 00:00:03  -  Total Remote Usage
		Usr 0 00:00:00, Sys 0 00:00:00  -  Total Local Usage
	11233  -  Run Bytes Sent By Job
	11510364  -  Run Bytes Received By Job
	11233  -  Total Bytes Sent By Job
	11510364  -  Total Bytes Received By Job
	Partitionable Resources :    Usage  Request Allocated 
	   Cpus                 :                 1         1 
	   Disk (KB)            :    11267    12500     16204 
	   GPUs                 :                           0 
	   Memory (MB)          :      688     3000      3000 
	   TimeExecute (s)      :      480                    
	   TimeSlotBusy (s)     :      490                    

	Job terminated of its own accord at 2025-11-21T09:25:23Z with exit-code 0.
...
