000 (13047292.114.000) 11/20 02:51:11 Job submitted from host: <188.185.121.235:9618?addrs=188.185.121.235-9618+[2001-1458-d00-49--100-36e]-9618&alias=bigbird22.cern.ch&noUDP&sock=schedd_232129_c3ca>
...
040 (13047292.114.000) 11/20 03:18:22 Started transferring input files
	Transferring to host: <188.185.212.213:9618?addrs=188.185.212.213-9618+[2001-1458-303-19--100-51]-9618&alias=b9p26p9044.cern.ch&noUDP&sock=slot1_43_4093_a380_61322>
...
040 (13047292.114.000) 11/20 03:18:22 Finished transferring input files
...
001 (13047292.114.000) 11/20 03:18:23 Job executing on host: <188.185.212.213:9618?addrs=188.185.212.213-9618+[2001-1458-303-19--100-51]-9618&alias=b9p26p9044.cern.ch&noUDP&sock=startd_3447_ef0b>
	SlotName: slot1_43@b9p26p9044.cern.ch
	CondorScratchDir = "/pool/condor/dir_845926"
	Cpus = 1
	Disk = 16036
	GPUs = 0
	Memory = 3000
...
006 (13047292.114.000) 11/20 03:18:36 Image size of job updated: 134336
	132  -  MemoryUsage of job (MB)
	134336  -  ResidentSetSize of job (KB)
...
006 (13047292.114.000) 11/20 03:23:36 Image size of job updated: 699480
	684  -  MemoryUsage of job (MB)
	699480  -  ResidentSetSize of job (KB)
...
006 (13047292.114.000) 11/20 03:24:14 Image size of job updated: 700564
	684  -  MemoryUsage of job (MB)
	699480  -  ResidentSetSize of job (KB)
...
040 (13047292.114.000) 11/20 03:24:14 Started transferring output files
...
040 (13047292.114.000) 11/20 03:24:14 Finished transferring output files
...
005 (13047292.114.000) 11/20 03:24:14 Job terminated.
	(1) Normal termination (return value 0)
		Usr 0 00:05:12, Sys 0 00:00:04  -  Run Remote Usage
		Usr 0 00:00:00, Sys 0 00:00:00  -  Run Local Usage
		Usr 0 00:05:12, Sys 0 00:00:04  -  Total Remote Usage
		Usr 0 00:00:00, Sys 0 00:00:00  -  Total Local Usage
	11225  -  Run Bytes Sent By Job
	11506596  -  Run Bytes Received By Job
	11225  -  Total Bytes Sent By Job
	11506596  -  Total Bytes Received By Job
	Partitionable Resources :    Usage  Request Allocated 
	   Cpus                 :        0        1         1 
	   Disk (KB)            :    11272    12500     16036 
	   GPUs                 :                           0 
	   Memory (MB)          :      684     3000      3000 
	   TimeExecute (s)      :      351                    
	   TimeSlotBusy (s)     :      352                    

	Job terminated of its own accord at 2025-11-20T02:24:14Z with exit-code 0.
...
