000 (13047737.169.000) 11/20 09:15:41 Job submitted from host: <188.185.121.235:9618?addrs=188.185.121.235-9618+[2001-1458-d00-49--100-36e]-9618&alias=bigbird22.cern.ch&noUDP&sock=schedd_232129_c3ca>
...
040 (13047737.169.000) 11/20 09:35:08 Started transferring input files
	Transferring to host: <128.142.192.200:9618?addrs=128.142.192.200-9618+[2001-1458-301-56--100-44]-9618&alias=b9g18p0307.cern.ch&noUDP&sock=slot1_30_4480_50af_73753>
...
040 (13047737.169.000) 11/20 09:35:08 Finished transferring input files
...
001 (13047737.169.000) 11/20 09:35:09 Job executing on host: <128.142.192.200:9618?addrs=128.142.192.200-9618+[2001-1458-301-56--100-44]-9618&alias=b9g18p0307.cern.ch&noUDP&sock=startd_3613_cbc4>
	SlotName: slot1_30@b9g18p0307.cern.ch
	CondorScratchDir = "/pool/condor/dir_986395"
	Cpus = 1
	Disk = 16666
	GPUs = 0
	Memory = 3000
...
006 (13047737.169.000) 11/20 09:35:23 Image size of job updated: 103020
	101  -  MemoryUsage of job (MB)
	103020  -  ResidentSetSize of job (KB)
...
006 (13047737.169.000) 11/20 09:38:02 Image size of job updated: 682980
	101  -  MemoryUsage of job (MB)
	103020  -  ResidentSetSize of job (KB)
...
040 (13047737.169.000) 11/20 09:38:02 Started transferring output files
...
040 (13047737.169.000) 11/20 09:38:02 Finished transferring output files
...
005 (13047737.169.000) 11/20 09:38:02 Job terminated.
	(1) Normal termination (return value 134)
		Usr 0 00:02:34, Sys 0 00:00:02  -  Run Remote Usage
		Usr 0 00:00:00, Sys 0 00:00:00  -  Run Local Usage
		Usr 0 00:02:34, Sys 0 00:00:02  -  Total Remote Usage
		Usr 0 00:00:00, Sys 0 00:00:00  -  Total Local Usage
	8469  -  Run Bytes Sent By Job
	11510364  -  Run Bytes Received By Job
	8469  -  Total Bytes Sent By Job
	11510364  -  Total Bytes Received By Job
	Partitionable Resources :    Usage  Request Allocated 
	   Cpus                 :     0.95        1         1 
	   Disk (KB)            : 11272       12500     16666 
	   GPUs                 :                           0 
	   Memory (MB)          :   101        3000      3000 
	   TimeExecute (s)      :   173                       
	   TimeSlotBusy (s)     :   174                       

	Job terminated of its own accord at 2025-11-20T08:38:02Z with exit-code 134.
...
