000 (13047739.217.000) 11/20 09:15:47 Job submitted from host: <188.185.121.235:9618?addrs=188.185.121.235-9618+[2001-1458-d00-49--100-36e]-9618&alias=bigbird22.cern.ch&noUDP&sock=schedd_232129_c3ca>
...
040 (13047739.217.000) 11/20 09:40:37 Started transferring input files
	Transferring to host: <188.185.213.25:9618?addrs=188.185.213.25-9618+[2001-1458-303-1a--100-15]-9618&alias=b9p27p7751.cern.ch&noUDP&sock=slot1_34_4057_45fe_62666>
...
040 (13047739.217.000) 11/20 09:40:37 Finished transferring input files
...
001 (13047739.217.000) 11/20 09:40:38 Job executing on host: <188.185.213.25:9618?addrs=188.185.213.25-9618+[2001-1458-303-1a--100-15]-9618&alias=b9p27p7751.cern.ch&noUDP&sock=startd_3473_c481>
	SlotName: slot1_34@b9p27p7751.cern.ch
	CondorScratchDir = "/pool/condor/dir_2158985"
	Cpus = 1
	Disk = 16121
	GPUs = 0
	Memory = 3000
...
006 (13047739.217.000) 11/20 09:40:51 Image size of job updated: 136536
	134  -  MemoryUsage of job (MB)
	136536  -  ResidentSetSize of job (KB)
...
006 (13047739.217.000) 11/20 09:42:23 Image size of job updated: 665068
	134  -  MemoryUsage of job (MB)
	136568  -  ResidentSetSize of job (KB)
...
040 (13047739.217.000) 11/20 09:42:23 Started transferring output files
...
040 (13047739.217.000) 11/20 09:42:23 Finished transferring output files
...
005 (13047739.217.000) 11/20 09:42:23 Job terminated.
	(1) Normal termination (return value 134)
		Usr 0 00:01:30, Sys 0 00:00:03  -  Run Remote Usage
		Usr 0 00:00:00, Sys 0 00:00:00  -  Run Local Usage
		Usr 0 00:01:30, Sys 0 00:00:03  -  Total Remote Usage
		Usr 0 00:00:00, Sys 0 00:00:00  -  Total Local Usage
	8481  -  Run Bytes Sent By Job
	11510364  -  Run Bytes Received By Job
	8481  -  Total Bytes Sent By Job
	11510364  -  Total Bytes Received By Job
	Partitionable Resources :    Usage  Request Allocated 
	   Cpus                 :        0        1         1 
	   Disk (KB)            :    11273    12500     16121 
	   GPUs                 :                           0 
	   Memory (MB)          :      134     3000      3000 
	   TimeExecute (s)      :      105                    
	   TimeSlotBusy (s)     :      106                    

	Job terminated of its own accord at 2025-11-20T08:42:23Z with exit-code 134.
...
