000 (13047290.351.000) 11/20 02:51:00 Job submitted from host: <188.185.121.235:9618?addrs=188.185.121.235-9618+[2001-1458-d00-49--100-36e]-9618&alias=bigbird22.cern.ch&noUDP&sock=schedd_232129_c3ca>
...
040 (13047290.351.000) 11/20 03:14:19 Started transferring input files
	Transferring to host: <188.185.215.8:9618?addrs=188.185.215.8-9618+[2001-1458-303-1e--100-4]-9618&alias=b9p31p0829.cern.ch&noUDP&sock=slot1_1_6699_cd29_59998>
...
040 (13047290.351.000) 11/20 03:14:19 Finished transferring input files
...
001 (13047290.351.000) 11/20 03:14:20 Job executing on host: <188.185.215.8:9618?addrs=188.185.215.8-9618+[2001-1458-303-1e--100-4]-9618&alias=b9p31p0829.cern.ch&noUDP&sock=startd_5751_493f>
	SlotName: slot1_1@b9p31p0829.cern.ch
	CondorScratchDir = "/pool/condor/dir_1473575"
	Cpus = 1
	Disk = 16147
	GPUs = 0
	Memory = 3000
...
006 (13047290.351.000) 11/20 03:14:33 Image size of job updated: 97536
	96  -  MemoryUsage of job (MB)
	97536  -  ResidentSetSize of job (KB)
...
006 (13047290.351.000) 11/20 03:19:18 Image size of job updated: 677852
	96  -  MemoryUsage of job (MB)
	97784  -  ResidentSetSize of job (KB)
...
040 (13047290.351.000) 11/20 03:19:18 Started transferring output files
...
040 (13047290.351.000) 11/20 03:19:18 Finished transferring output files
...
005 (13047290.351.000) 11/20 03:19:18 Job terminated.
	(1) Normal termination (return value 0)
		Usr 0 00:03:27, Sys 0 00:00:04  -  Run Remote Usage
		Usr 0 00:00:00, Sys 0 00:00:00  -  Run Local Usage
		Usr 0 00:03:27, Sys 0 00:00:04  -  Total Remote Usage
		Usr 0 00:00:00, Sys 0 00:00:00  -  Total Local Usage
	10710  -  Run Bytes Sent By Job
	11506596  -  Run Bytes Received By Job
	10710  -  Total Bytes Sent By Job
	11506596  -  Total Bytes Received By Job
	Partitionable Resources :    Usage  Request Allocated 
	   Cpus                 :                 1         1 
	   Disk (KB)            :    11264    12500     16147 
	   GPUs                 :                           0 
	   Memory (MB)          :       96     3000      3000 
	   TimeExecute (s)      :      298                    
	   TimeSlotBusy (s)     :      300                    

	Job terminated of its own accord at 2025-11-20T02:19:18Z with exit-code 0.
...
