Starting job on \n
Running on: Linux b9p28p0516.cern.ch 5.14.0-570.44.1.el9_6.x86_64 #1 SMP PREEMPT_DYNAMIC Tue Sep 9 05:17:30 EDT 2025 x86_64 x86_64 x86_64 GNU/Linux\n
System software: Red Hat Enterprise Linux release 9.7 (Plow)\n
Setting up CROWN for RedHatEnterprise Version 9.7
subject   : /DC=ch/DC=cern/OU=Organic Units/OU=Users/CN=jiahua/CN=851532/CN=Jiahua Chen/CN=2045128514
issuer    : /DC=ch/DC=cern/OU=Organic Units/OU=Users/CN=jiahua/CN=851532/CN=Jiahua Chen
identity  : /DC=ch/DC=cern/OU=Organic Units/OU=Users/CN=jiahua/CN=851532/CN=Jiahua Chen
type      : RFC compliant proxy
strength  : 2048 bits
path      : /afs/cern.ch/user/j/jiahua/proxy/x509up_u139833
timeleft  : 168:27:01
key usage : Digital Signature, Key Encipherment
=== VO cms extension information ===
VO        : cms
subject   : /DC=ch/DC=cern/OU=Organic Units/OU=Users/CN=jiahua/CN=851532/CN=Jiahua Chen
issuer    : /DC=ch/DC=cern/OU=computers/CN=cms-auth.cern.ch
attribute : /cms/Role=NULL/Capability=NULL
timeleft  : 160:27:00
uri       : voms-cms-auth.cern.ch:15000
subject   : /DC=ch/DC=cern/OU=Organic Units/OU=Users/CN=jiahua/CN=851532/CN=Jiahua Chen/CN=2045128514
issuer    : /DC=ch/DC=cern/OU=Organic Units/OU=Users/CN=jiahua/CN=851532/CN=Jiahua Chen
identity  : /DC=ch/DC=cern/OU=Organic Units/OU=Users/CN=jiahua/CN=851532/CN=Jiahua Chen
type      : RFC compliant proxy
strength  : 2048 bits
path      : /afs/cern.ch/user/j/jiahua/proxy/x509up_u139833
timeleft  : 168:27:01
key usage : Digital Signature, Key Encipherment
=== VO cms extension information ===
VO        : cms
subject   : /DC=ch/DC=cern/OU=Organic Units/OU=Users/CN=jiahua/CN=851532/CN=Jiahua Chen
issuer    : /DC=ch/DC=cern/OU=computers/CN=cms-auth.cern.ch
attribute : /cms/Role=NULL/Capability=NULL
timeleft  : 160:27:00
uri       : voms-cms-auth.cern.ch:15000
/eos/user/j/jiahua/MC_2022EE_inc/MC_2022EE_vbf/ZZto4L_powheg_22EE_ext1-v2/4a2e0a17-3f1b-4812-8cae-9bdf90b620e3.root
[2025-11-21 10:21:42.516] [main] [info] Checking input files
[2025-11-21 10:21:47.687] [main] [info] NanoAOD input_file 1: root://cms-xrd-global.cern.ch//store/mc/Run3Summer22EENanoAODv12/ZZto4L_TuneCP5_13p6TeV_powheg-pythia8/NANOAODSIM/130X_mcRun3_2022_realistic_postEE_v6_ext1-v2/50000/4a2e0a17-3f1b-4812-8cae-9bdf90b620e3.root - 77175 Events
[2025-11-21 10:21:47.687] [main] [info] input_file 1: root://cms-xrd-global.cern.ch//store/mc/Run3Summer22EENanoAODv12/ZZto4L_TuneCP5_13p6TeV_powheg-pythia8/NANOAODSIM/130X_mcRun3_2022_realistic_postEE_v6_ext1-v2/50000/4a2e0a17-3f1b-4812-8cae-9bdf90b620e3.root - SumOfGenWeight: 107354.12721000004 
[2025-11-21 10:21:47.687] [main] [info] Output directory: /eos/user/j/jiahua/MC_2022EE_inc/MC_2022EE_vbf/ZZto4L_powheg_22EE_ext1-v2/4a2e0a17-3f1b-4812-8cae-9bdf90b620e3.root
[2025-11-21 10:21:47.688] [main] [info] Starting Setup of Dataframe with 77175 events
[2025-11-21 10:23:06.562] [main] [info] Finished Setup
[2025-11-21 10:23:06.562] [main] [info] Runtime for setup (real time: 78.88, CPU time: 74.39)
[2025-11-21 10:23:06.562] [main] [info] Starting Evaluation
[2025-11-21 10:23:37.311] [main] [info] 10000 / 77175 (12.96 %) Events processed ...
[2025-11-21 10:23:48.892] [main] [info] 20000 / 77175 (25.92 %) Events processed ...
[2025-11-21 10:23:58.760] [main] [info] 30000 / 77175 (38.87 %) Events processed ...
[2025-11-21 10:24:12.158] [main] [info] 40000 / 77175 (51.83 %) Events processed ...
[2025-11-21 10:24:23.293] [main] [info] 50000 / 77175 (64.79 %) Events processed ...
[2025-11-21 10:24:34.936] [main] [info] 60000 / 77175 (77.75 %) Events processed ...
[2025-11-21 10:24:46.905] [main] [info] 70000 / 77175 (90.70 %) Events processed ...
[2025-11-21 10:24:56.364] [main] [info] vbfhmm:
GoodJetsCollection: pass=47765      all=77175      -- eff=61.89 % cumulative eff=61.89 %
Flag_goodVertices: pass=47765      all=47765      -- eff=100.00 % cumulative eff=61.89 %
Flag_globalSuperTightHalo2016Filter: pass=47762      all=47765      -- eff=99.99 % cumulative eff=61.89 %
Flag_EcalDeadCellTriggerPrimitiveFilter: pass=47761      all=47762      -- eff=100.00 % cumulative eff=61.89 %
Flag_BadPFMuonFilter: pass=47759      all=47761      -- eff=100.00 % cumulative eff=61.88 %
Flag_BadPFMuonDzFilter: pass=47758      all=47759      -- eff=100.00 % cumulative eff=61.88 %
Flag_eeBadScFilter: pass=47758      all=47758      -- eff=100.00 % cumulative eff=61.88 %
Flag_ecalBadCalibFilter: pass=47750      all=47758      -- eff=99.98 % cumulative eff=61.87 %
Flag_hfNoisyHitsFilter: pass=47746      all=47750      -- eff=99.99 % cumulative eff=61.87 %
Number of muons 2: pass=4180       all=47746      -- eff=8.75 % cumulative eff=5.42 %
Veto VH <= 0 electrons: pass=3117       all=4180       -- eff=74.57 % cumulative eff=4.04 %
DiMuon From Higgs: pass=2310       all=3117       -- eff=74.11 % cumulative eff=2.99 %
LeptonChargeSum: pass=1996       all=2310       -- eff=86.41 % cumulative eff=2.59 %
Hmass>=110: pass=136        all=1996       -- eff=6.81 % cumulative eff=0.18 %
[2025-11-21 10:24:56.563] [main] [info] Writing quantities map to /eos/user/j/jiahua/MC_2022EE_inc/MC_2022EE_vbf/ZZto4L_powheg_22EE_ext1-v2/4a2e0a17-3f1b-4812-8cae-9bdf90b620e3_vbfhmm.root
[2025-11-21 10:24:56.689] [main] [info] Finished Evaluation
[2025-11-21 10:24:56.689] [main] [info] Overall runtime (real time: 189.00, CPU time: 179.21)
