000 (13087775.291.000) 11/21 10:07:54 Job submitted from host: <188.185.121.235:9618?addrs=188.185.121.235-9618+[2001-1458-d00-49--100-36e]-9618&alias=bigbird22.cern.ch&noUDP&sock=schedd_232129_c3ca>
...
040 (13087775.291.000) 11/21 10:22:14 Started transferring input files
	Transferring to host: <188.185.210.168:9618?addrs=188.185.210.168-9618+[2001-1458-303-15--100-24]-9618&alias=b9p22p4108.cern.ch&noUDP&sock=slot1_14_4382_43eb_66291>
...
040 (13087775.291.000) 11/21 10:22:14 Finished transferring input files
...
001 (13087775.291.000) 11/21 10:22:15 Job executing on host: <188.185.210.168:9618?addrs=188.185.210.168-9618+[2001-1458-303-15--100-24]-9618&alias=b9p22p4108.cern.ch&noUDP&sock=startd_3728_ad28>
	SlotName: slot1_14@b9p22p4108.cern.ch
	CondorScratchDir = "/pool/condor/dir_3093450"
	Cpus = 1
	Disk = 16004
	GPUs = 0
	Memory = 3000
...
006 (13087775.291.000) 11/21 10:22:29 Image size of job updated: 152744
	150  -  MemoryUsage of job (MB)
	152744  -  ResidentSetSize of job (KB)
...
006 (13087775.291.000) 11/21 10:24:00 Image size of job updated: 682932
	150  -  MemoryUsage of job (MB)
	152744  -  ResidentSetSize of job (KB)
...
040 (13087775.291.000) 11/21 10:24:00 Started transferring output files
...
040 (13087775.291.000) 11/21 10:24:00 Finished transferring output files
...
005 (13087775.291.000) 11/21 10:24:00 Job terminated.
	(1) Normal termination (return value 0)
		Usr 0 00:01:29, Sys 0 00:00:03  -  Run Remote Usage
		Usr 0 00:00:00, Sys 0 00:00:00  -  Run Local Usage
		Usr 0 00:01:29, Sys 0 00:00:03  -  Total Remote Usage
		Usr 0 00:00:00, Sys 0 00:00:00  -  Total Local Usage
	9740  -  Run Bytes Sent By Job
	11510364  -  Run Bytes Received By Job
	9740  -  Total Bytes Sent By Job
	11510364  -  Total Bytes Received By Job
	Partitionable Resources :    Usage  Request Allocated 
	   Cpus                 :        0        1         1 
	   Disk (KB)            :    11274    12500     16004 
	   GPUs                 :                           0 
	   Memory (MB)          :      150     3000      3000 
	   TimeExecute (s)      :      105                    
	   TimeSlotBusy (s)     :      106                    

	Job terminated of its own accord at 2025-11-21T09:24:00Z with exit-code 0.
...
