Starting job on \n
Running on: Linux b9p28p0832.cern.ch 5.14.0-570.44.1.el9_6.x86_64 #1 SMP PREEMPT_DYNAMIC Tue Sep 9 05:17:30 EDT 2025 x86_64 x86_64 x86_64 GNU/Linux\n
System software: Red Hat Enterprise Linux release 9.7 (Plow)\n
Setting up CROWN for RedHatEnterprise Version 9.7
subject   : /DC=ch/DC=cern/OU=Organic Units/OU=Users/CN=jiahua/CN=851532/CN=Jiahua Chen/CN=2045128514
issuer    : /DC=ch/DC=cern/OU=Organic Units/OU=Users/CN=jiahua/CN=851532/CN=Jiahua Chen
identity  : /DC=ch/DC=cern/OU=Organic Units/OU=Users/CN=jiahua/CN=851532/CN=Jiahua Chen
type      : RFC compliant proxy
strength  : 2048 bits
path      : /afs/cern.ch/user/j/jiahua/proxy/x509up_u139833
timeleft  : 199:31:31
key usage : Digital Signature, Key Encipherment
=== VO cms extension information ===
VO        : cms
subject   : /DC=ch/DC=cern/OU=Organic Units/OU=Users/CN=jiahua/CN=851532/CN=Jiahua Chen
issuer    : /DC=ch/DC=cern/OU=computers/CN=cms-auth.cern.ch
attribute : /cms/Role=NULL/Capability=NULL
timeleft  : 191:31:30
uri       : voms-cms-auth.cern.ch:15000
subject   : /DC=ch/DC=cern/OU=Organic Units/OU=Users/CN=jiahua/CN=851532/CN=Jiahua Chen/CN=2045128514
issuer    : /DC=ch/DC=cern/OU=Organic Units/OU=Users/CN=jiahua/CN=851532/CN=Jiahua Chen
identity  : /DC=ch/DC=cern/OU=Organic Units/OU=Users/CN=jiahua/CN=851532/CN=Jiahua Chen
type      : RFC compliant proxy
strength  : 2048 bits
path      : /afs/cern.ch/user/j/jiahua/proxy/x509up_u139833
timeleft  : 199:31:31
key usage : Digital Signature, Key Encipherment
=== VO cms extension information ===
VO        : cms
subject   : /DC=ch/DC=cern/OU=Organic Units/OU=Users/CN=jiahua/CN=851532/CN=Jiahua Chen
issuer    : /DC=ch/DC=cern/OU=computers/CN=cms-auth.cern.ch
attribute : /cms/Role=NULL/Capability=NULL
timeleft  : 191:31:30
uri       : voms-cms-auth.cern.ch:15000
/eos/user/j/jiahua/MC_2022EE_inc/MC_2022EE_vbf/ZZto4L_powheg_22EE_ext1-v2/c71b9216-8902-4efb-ba11-7c0014b1b5b0.root
[2025-11-20 03:17:12.636] [main] [info] Checking input files
[2025-11-20 03:17:17.272] [main] [info] NanoAOD input_file 1: root://cms-xrd-global.cern.ch//store/mc/Run3Summer22EENanoAODv12/ZZto4L_TuneCP5_13p6TeV_powheg-pythia8/NANOAODSIM/130X_mcRun3_2022_realistic_postEE_v6_ext1-v2/30000/c71b9216-8902-4efb-ba11-7c0014b1b5b0.root - 152145 Events
[2025-11-20 03:17:17.272] [main] [info] input_file 1: root://cms-xrd-global.cern.ch//store/mc/Run3Summer22EENanoAODv12/ZZto4L_TuneCP5_13p6TeV_powheg-pythia8/NANOAODSIM/130X_mcRun3_2022_realistic_postEE_v6_ext1-v2/30000/c71b9216-8902-4efb-ba11-7c0014b1b5b0.root - SumOfGenWeight: 211483.71057000026 
[2025-11-20 03:17:17.272] [main] [info] Output directory: /eos/user/j/jiahua/MC_2022EE_inc/MC_2022EE_vbf/ZZto4L_powheg_22EE_ext1-v2/c71b9216-8902-4efb-ba11-7c0014b1b5b0.root
[2025-11-20 03:17:17.274] [main] [info] Starting Setup of Dataframe with 152145 events
[2025-11-20 03:18:18.715] [main] [info] Finished Setup
[2025-11-20 03:18:18.715] [main] [info] Runtime for setup (real time: 61.44, CPU time: 60.08)
[2025-11-20 03:18:18.715] [main] [info] Starting Evaluation
[2025-11-20 03:18:49.607] [main] [info] 10000 / 152145 (6.57 %) Events processed ...
[2025-11-20 03:18:59.459] [main] [info] 20000 / 152145 (13.15 %) Events processed ...
[2025-11-20 03:19:09.168] [main] [info] 30000 / 152145 (19.72 %) Events processed ...
[2025-11-20 03:19:33.220] [main] [info] 40000 / 152145 (26.29 %) Events processed ...
[2025-11-20 03:19:44.192] [main] [info] 50000 / 152145 (32.86 %) Events processed ...
[2025-11-20 03:19:54.866] [main] [info] 60000 / 152145 (39.44 %) Events processed ...
[2025-11-20 03:20:05.218] [main] [info] 70000 / 152145 (46.01 %) Events processed ...
[2025-11-20 03:20:25.505] [main] [info] 80000 / 152145 (52.58 %) Events processed ...
[2025-11-20 03:20:35.776] [main] [info] 90000 / 152145 (59.15 %) Events processed ...
[2025-11-20 03:20:45.745] [main] [info] 100000 / 152145 (65.73 %) Events processed ...
[2025-11-20 03:20:56.274] [main] [info] 110000 / 152145 (72.30 %) Events processed ...
[2025-11-20 03:21:16.485] [main] [info] 120000 / 152145 (78.87 %) Events processed ...
[2025-11-20 03:21:26.869] [main] [info] 130000 / 152145 (85.44 %) Events processed ...
[2025-11-20 03:21:36.348] [main] [info] 140000 / 152145 (92.02 %) Events processed ...
[2025-11-20 03:21:45.838] [main] [info] 150000 / 152145 (98.59 %) Events processed ...
[2025-11-20 03:21:50.079] [main] [info] vbfhmm:
GoodJetsCollection: pass=94239      all=152145     -- eff=61.94 % cumulative eff=61.94 %
Flag_goodVertices: pass=94239      all=94239      -- eff=100.00 % cumulative eff=61.94 %
Flag_globalSuperTightHalo2016Filter: pass=94234      all=94239      -- eff=99.99 % cumulative eff=61.94 %
Flag_EcalDeadCellTriggerPrimitiveFilter: pass=94232      all=94234      -- eff=100.00 % cumulative eff=61.94 %
Flag_BadPFMuonFilter: pass=94228      all=94232      -- eff=100.00 % cumulative eff=61.93 %
Flag_BadPFMuonDzFilter: pass=94228      all=94228      -- eff=100.00 % cumulative eff=61.93 %
Flag_eeBadScFilter: pass=94228      all=94228      -- eff=100.00 % cumulative eff=61.93 %
Flag_ecalBadCalibFilter: pass=94216      all=94228      -- eff=99.99 % cumulative eff=61.93 %
Flag_hfNoisyHitsFilter: pass=94209      all=94216      -- eff=99.99 % cumulative eff=61.92 %
Number of muons 2: pass=8231       all=94209      -- eff=8.74 % cumulative eff=5.41 %
Veto VH <= 0 electrons: pass=6059       all=8231       -- eff=73.61 % cumulative eff=3.98 %
DiMuon From Higgs: pass=4468       all=6059       -- eff=73.74 % cumulative eff=2.94 %
LeptonChargeSum: pass=3883       all=4468       -- eff=86.91 % cumulative eff=2.55 %
Hmass>=110: pass=263        all=3883       -- eff=6.77 % cumulative eff=0.17 %
[2025-11-20 03:21:50.205] [main] [info] Writing quantities map to /eos/user/j/jiahua/MC_2022EE_inc/MC_2022EE_vbf/ZZto4L_powheg_22EE_ext1-v2/c71b9216-8902-4efb-ba11-7c0014b1b5b0_vbfhmm.root
[2025-11-20 03:21:50.253] [main] [info] Finished Evaluation
[2025-11-20 03:21:50.253] [main] [info] Overall runtime (real time: 272.98, CPU time: 225.51)
