Starting job on \n
Running on: Linux b9p24p9601.cern.ch 5.14.0-570.44.1.el9_6.x86_64 #1 SMP PREEMPT_DYNAMIC Tue Sep 9 05:17:30 EDT 2025 x86_64 x86_64 x86_64 GNU/Linux\n
System software: Red Hat Enterprise Linux release 9.7 (Plow)\n
Setting up CROWN for RedHatEnterprise Version 9.7
subject   : /DC=ch/DC=cern/OU=Organic Units/OU=Users/CN=jiahua/CN=851532/CN=Jiahua Chen/CN=2045128514
issuer    : /DC=ch/DC=cern/OU=Organic Units/OU=Users/CN=jiahua/CN=851532/CN=Jiahua Chen
identity  : /DC=ch/DC=cern/OU=Organic Units/OU=Users/CN=jiahua/CN=851532/CN=Jiahua Chen
type      : RFC compliant proxy
strength  : 2048 bits
path      : /afs/cern.ch/user/j/jiahua/proxy/x509up_u139833
timeleft  : 168:27:53
key usage : Digital Signature, Key Encipherment
=== VO cms extension information ===
VO        : cms
subject   : /DC=ch/DC=cern/OU=Organic Units/OU=Users/CN=jiahua/CN=851532/CN=Jiahua Chen
issuer    : /DC=ch/DC=cern/OU=computers/CN=cms-auth.cern.ch
attribute : /cms/Role=NULL/Capability=NULL
timeleft  : 160:27:52
uri       : voms-cms-auth.cern.ch:15000
subject   : /DC=ch/DC=cern/OU=Organic Units/OU=Users/CN=jiahua/CN=851532/CN=Jiahua Chen/CN=2045128514
issuer    : /DC=ch/DC=cern/OU=Organic Units/OU=Users/CN=jiahua/CN=851532/CN=Jiahua Chen
identity  : /DC=ch/DC=cern/OU=Organic Units/OU=Users/CN=jiahua/CN=851532/CN=Jiahua Chen
type      : RFC compliant proxy
strength  : 2048 bits
path      : /afs/cern.ch/user/j/jiahua/proxy/x509up_u139833
timeleft  : 168:27:53
key usage : Digital Signature, Key Encipherment
=== VO cms extension information ===
VO        : cms
subject   : /DC=ch/DC=cern/OU=Organic Units/OU=Users/CN=jiahua/CN=851532/CN=Jiahua Chen
issuer    : /DC=ch/DC=cern/OU=computers/CN=cms-auth.cern.ch
attribute : /cms/Role=NULL/Capability=NULL
timeleft  : 160:27:52
uri       : voms-cms-auth.cern.ch:15000
/eos/user/j/jiahua/MC_2022EE_inc/MC_2022EE_vbf/ZZto4L_powheg_22EE_ext1-v2/783196a2-6c40-4f80-af90-5aa3c141c185.root
[2025-11-21 10:20:50.690] [main] [info] Checking input files
[2025-11-21 10:20:55.971] [main] [info] NanoAOD input_file 1: root://cms-xrd-global.cern.ch//store/mc/Run3Summer22EENanoAODv12/ZZto4L_TuneCP5_13p6TeV_powheg-pythia8/NANOAODSIM/130X_mcRun3_2022_realistic_postEE_v6_ext1-v2/2540000/783196a2-6c40-4f80-af90-5aa3c141c185.root - 187425 Events
[2025-11-21 10:20:55.971] [main] [info] input_file 1: root://cms-xrd-global.cern.ch//store/mc/Run3Summer22EENanoAODv12/ZZto4L_TuneCP5_13p6TeV_powheg-pythia8/NANOAODSIM/130X_mcRun3_2022_realistic_postEE_v6_ext1-v2/2540000/783196a2-6c40-4f80-af90-5aa3c141c185.root - SumOfGenWeight: 260575.4587700003 
[2025-11-21 10:20:55.971] [main] [info] Output directory: /eos/user/j/jiahua/MC_2022EE_inc/MC_2022EE_vbf/ZZto4L_powheg_22EE_ext1-v2/783196a2-6c40-4f80-af90-5aa3c141c185.root
[2025-11-21 10:20:55.972] [main] [info] Starting Setup of Dataframe with 187425 events
[2025-11-21 10:22:18.982] [main] [info] Finished Setup
[2025-11-21 10:22:18.983] [main] [info] Runtime for setup (real time: 83.01, CPU time: 75.70)
[2025-11-21 10:22:18.983] [main] [info] Starting Evaluation
[2025-11-21 10:22:47.465] [main] [info] 10000 / 187425 (5.34 %) Events processed ...
[2025-11-21 10:22:58.189] [main] [info] 20000 / 187425 (10.67 %) Events processed ...
[2025-11-21 10:23:08.246] [main] [info] 30000 / 187425 (16.01 %) Events processed ...
[2025-11-21 10:23:21.520] [main] [info] 40000 / 187425 (21.34 %) Events processed ...
[2025-11-21 10:23:32.027] [main] [info] 50000 / 187425 (26.68 %) Events processed ...
[2025-11-21 10:23:43.340] [main] [info] 60000 / 187425 (32.01 %) Events processed ...
[2025-11-21 10:23:54.715] [main] [info] 70000 / 187425 (37.35 %) Events processed ...
[2025-11-21 10:24:06.944] [main] [info] 80000 / 187425 (42.68 %) Events processed ...
[2025-11-21 10:24:17.512] [main] [info] 90000 / 187425 (48.02 %) Events processed ...
[2025-11-21 10:24:27.538] [main] [info] 100000 / 187425 (53.35 %) Events processed ...
[2025-11-21 10:24:39.021] [main] [info] 110000 / 187425 (58.69 %) Events processed ...
[2025-11-21 10:24:51.567] [main] [info] 120000 / 187425 (64.03 %) Events processed ...
[2025-11-21 10:25:02.551] [main] [info] 130000 / 187425 (69.36 %) Events processed ...
[2025-11-21 10:25:12.810] [main] [info] 140000 / 187425 (74.70 %) Events processed ...
[2025-11-21 10:25:24.221] [main] [info] 150000 / 187425 (80.03 %) Events processed ...
[2025-11-21 10:25:36.924] [main] [info] 160000 / 187425 (85.37 %) Events processed ...
[2025-11-21 10:25:48.794] [main] [info] 170000 / 187425 (90.70 %) Events processed ...
[2025-11-21 10:26:01.361] [main] [info] 180000 / 187425 (96.04 %) Events processed ...
[2025-11-21 10:26:10.836] [main] [info] vbfhmm:
GoodJetsCollection: pass=115780     all=187425     -- eff=61.77 % cumulative eff=61.77 %
Flag_goodVertices: pass=115780     all=115780     -- eff=100.00 % cumulative eff=61.77 %
Flag_globalSuperTightHalo2016Filter: pass=115773     all=115780     -- eff=99.99 % cumulative eff=61.77 %
Flag_EcalDeadCellTriggerPrimitiveFilter: pass=115770     all=115773     -- eff=100.00 % cumulative eff=61.77 %
Flag_BadPFMuonFilter: pass=115765     all=115770     -- eff=100.00 % cumulative eff=61.77 %
Flag_BadPFMuonDzFilter: pass=115760     all=115765     -- eff=100.00 % cumulative eff=61.76 %
Flag_eeBadScFilter: pass=115760     all=115760     -- eff=100.00 % cumulative eff=61.76 %
Flag_ecalBadCalibFilter: pass=115746     all=115760     -- eff=99.99 % cumulative eff=61.76 %
Flag_hfNoisyHitsFilter: pass=115741     all=115746     -- eff=100.00 % cumulative eff=61.75 %
Number of muons 2: pass=10121      all=115741     -- eff=8.74 % cumulative eff=5.40 %
Veto VH <= 0 electrons: pass=7469       all=10121      -- eff=73.80 % cumulative eff=3.99 %
DiMuon From Higgs: pass=5535       all=7469       -- eff=74.11 % cumulative eff=2.95 %
LeptonChargeSum: pass=4803       all=5535       -- eff=86.78 % cumulative eff=2.56 %
Hmass>=110: pass=324        all=4803       -- eff=6.75 % cumulative eff=0.17 %
[2025-11-21 10:26:11.317] [main] [info] Writing quantities map to /eos/user/j/jiahua/MC_2022EE_inc/MC_2022EE_vbf/ZZto4L_powheg_22EE_ext1-v2/783196a2-6c40-4f80-af90-5aa3c141c185_vbfhmm.root
[2025-11-21 10:26:12.216] [main] [info] Finished Evaluation
[2025-11-21 10:26:12.216] [main] [info] Overall runtime (real time: 316.25, CPU time: 297.50)
