Starting job on \n
Running on: Linux b9p28p6468.cern.ch 5.14.0-570.44.1.el9_6.x86_64 #1 SMP PREEMPT_DYNAMIC Tue Sep 9 05:17:30 EDT 2025 x86_64 x86_64 x86_64 GNU/Linux\n
System software: Red Hat Enterprise Linux release 9.7 (Plow)\n
Setting up CROWN for RedHatEnterprise Version 9.7
subject   : /DC=ch/DC=cern/OU=Organic Units/OU=Users/CN=jiahua/CN=851532/CN=Jiahua Chen/CN=2045128514
issuer    : /DC=ch/DC=cern/OU=Organic Units/OU=Users/CN=jiahua/CN=851532/CN=Jiahua Chen
identity  : /DC=ch/DC=cern/OU=Organic Units/OU=Users/CN=jiahua/CN=851532/CN=Jiahua Chen
type      : RFC compliant proxy
strength  : 2048 bits
path      : /afs/cern.ch/user/j/jiahua/proxy/x509up_u139833
timeleft  : 168:29:53
key usage : Digital Signature, Key Encipherment
=== VO cms extension information ===
VO        : cms
subject   : /DC=ch/DC=cern/OU=Organic Units/OU=Users/CN=jiahua/CN=851532/CN=Jiahua Chen
issuer    : /DC=ch/DC=cern/OU=computers/CN=cms-auth.cern.ch
attribute : /cms/Role=NULL/Capability=NULL
timeleft  : 160:29:52
uri       : voms-cms-auth.cern.ch:15000
subject   : /DC=ch/DC=cern/OU=Organic Units/OU=Users/CN=jiahua/CN=851532/CN=Jiahua Chen/CN=2045128514
issuer    : /DC=ch/DC=cern/OU=Organic Units/OU=Users/CN=jiahua/CN=851532/CN=Jiahua Chen
identity  : /DC=ch/DC=cern/OU=Organic Units/OU=Users/CN=jiahua/CN=851532/CN=Jiahua Chen
type      : RFC compliant proxy
strength  : 2048 bits
path      : /afs/cern.ch/user/j/jiahua/proxy/x509up_u139833
timeleft  : 168:29:53
key usage : Digital Signature, Key Encipherment
=== VO cms extension information ===
VO        : cms
subject   : /DC=ch/DC=cern/OU=Organic Units/OU=Users/CN=jiahua/CN=851532/CN=Jiahua Chen
issuer    : /DC=ch/DC=cern/OU=computers/CN=cms-auth.cern.ch
attribute : /cms/Role=NULL/Capability=NULL
timeleft  : 160:29:52
uri       : voms-cms-auth.cern.ch:15000
/eos/user/j/jiahua/MC_2022EE_inc/MC_2022EE_vbf/ZZto2L2Q_powheg_22EE_ext1-v2/207cdc54-4d40-4930-8a3a-2e70cd965c1d.root
[2025-11-21 10:18:51.125] [main] [info] Checking input files
[2025-11-21 10:18:56.172] [main] [info] NanoAOD input_file 1: root://cms-xrd-global.cern.ch//store/mc/Run3Summer22EENanoAODv12/ZZto2L2Q_TuneCP5_13p6TeV_powheg-pythia8/NANOAODSIM/130X_mcRun3_2022_realistic_postEE_v6_ext1-v2/2520000/207cdc54-4d40-4930-8a3a-2e70cd965c1d.root - 180736 Events
[2025-11-21 10:18:56.172] [main] [info] input_file 1: root://cms-xrd-global.cern.ch//store/mc/Run3Summer22EENanoAODv12/ZZto2L2Q_TuneCP5_13p6TeV_powheg-pythia8/NANOAODSIM/130X_mcRun3_2022_realistic_postEE_v6_ext1-v2/2520000/207cdc54-4d40-4930-8a3a-2e70cd965c1d.root - SumOfGenWeight: 1227196.9970000023 
[2025-11-21 10:18:56.172] [main] [info] Output directory: /eos/user/j/jiahua/MC_2022EE_inc/MC_2022EE_vbf/ZZto2L2Q_powheg_22EE_ext1-v2/207cdc54-4d40-4930-8a3a-2e70cd965c1d.root
[2025-11-21 10:18:56.174] [main] [info] Starting Setup of Dataframe with 180736 events
[2025-11-21 10:20:14.129] [main] [info] Finished Setup
[2025-11-21 10:20:14.129] [main] [info] Runtime for setup (real time: 77.96, CPU time: 73.50)
[2025-11-21 10:20:14.129] [main] [info] Starting Evaluation
[2025-11-21 10:20:40.887] [main] [info] 10000 / 180736 (5.53 %) Events processed ...
[2025-11-21 10:20:53.092] [main] [info] 20000 / 180736 (11.07 %) Events processed ...
[2025-11-21 10:21:06.070] [main] [info] 30000 / 180736 (16.60 %) Events processed ...
[2025-11-21 10:21:18.889] [main] [info] 40000 / 180736 (22.13 %) Events processed ...
[2025-11-21 10:21:31.669] [main] [info] 50000 / 180736 (27.66 %) Events processed ...
[2025-11-21 10:21:44.351] [main] [info] 60000 / 180736 (33.20 %) Events processed ...
[2025-11-21 10:21:57.066] [main] [info] 70000 / 180736 (38.73 %) Events processed ...
[2025-11-21 10:22:10.168] [main] [info] 80000 / 180736 (44.26 %) Events processed ...
[2025-11-21 10:22:22.648] [main] [info] 90000 / 180736 (49.80 %) Events processed ...
[2025-11-21 10:22:35.599] [main] [info] 100000 / 180736 (55.33 %) Events processed ...
[2025-11-21 10:22:47.074] [main] [info] 110000 / 180736 (60.86 %) Events processed ...
[2025-11-21 10:23:01.714] [main] [info] 120000 / 180736 (66.40 %) Events processed ...
[2025-11-21 10:23:16.615] [main] [info] 130000 / 180736 (71.93 %) Events processed ...
[2025-11-21 10:23:31.977] [main] [info] 140000 / 180736 (77.46 %) Events processed ...
[2025-11-21 10:23:45.860] [main] [info] 150000 / 180736 (82.99 %) Events processed ...
[2025-11-21 10:24:01.472] [main] [info] 160000 / 180736 (88.53 %) Events processed ...
[2025-11-21 10:24:15.681] [main] [info] 170000 / 180736 (94.06 %) Events processed ...
[2025-11-21 10:24:29.343] [main] [info] 180000 / 180736 (99.59 %) Events processed ...
[2025-11-21 10:24:30.776] [main] [info] vbfhmm:
GoodJetsCollection: pass=135010     all=180736     -- eff=74.70 % cumulative eff=74.70 %
Flag_goodVertices: pass=135010     all=135010     -- eff=100.00 % cumulative eff=74.70 %
Flag_globalSuperTightHalo2016Filter: pass=135004     all=135010     -- eff=100.00 % cumulative eff=74.70 %
Flag_EcalDeadCellTriggerPrimitiveFilter: pass=134992     all=135004     -- eff=99.99 % cumulative eff=74.69 %
Flag_BadPFMuonFilter: pass=134991     all=134992     -- eff=100.00 % cumulative eff=74.69 %
Flag_BadPFMuonDzFilter: pass=134988     all=134991     -- eff=100.00 % cumulative eff=74.69 %
Flag_eeBadScFilter: pass=134988     all=134988     -- eff=100.00 % cumulative eff=74.69 %
Flag_ecalBadCalibFilter: pass=134968     all=134988     -- eff=99.99 % cumulative eff=74.68 %
Flag_hfNoisyHitsFilter: pass=134957     all=134968     -- eff=99.99 % cumulative eff=74.67 %
Number of muons 2: pass=9776       all=134957     -- eff=7.24 % cumulative eff=5.41 %
Veto VH <= 0 electrons: pass=9762       all=9776       -- eff=99.86 % cumulative eff=5.40 %
DiMuon From Higgs: pass=8888       all=9762       -- eff=91.05 % cumulative eff=4.92 %
LeptonChargeSum: pass=8881       all=8888       -- eff=99.92 % cumulative eff=4.91 %
Hmass>=110: pass=484        all=8881       -- eff=5.45 % cumulative eff=0.27 %
[2025-11-21 10:24:30.957] [main] [info] Writing quantities map to /eos/user/j/jiahua/MC_2022EE_inc/MC_2022EE_vbf/ZZto2L2Q_powheg_22EE_ext1-v2/207cdc54-4d40-4930-8a3a-2e70cd965c1d_vbfhmm.root
[2025-11-21 10:24:31.030] [main] [info] Finished Evaluation
[2025-11-21 10:24:31.030] [main] [info] Overall runtime (real time: 334.86, CPU time: 320.16)
