000 (13087773.313.000) 11/21 10:07:27 Job submitted from host: <188.185.121.235:9618?addrs=188.185.121.235-9618+[2001-1458-d00-49--100-36e]-9618&alias=bigbird22.cern.ch&noUDP&sock=schedd_232129_c3ca>
...
040 (13087773.313.000) 11/21 10:16:33 Started transferring input files
	Transferring to host: <188.185.215.155:9618?addrs=188.185.215.155-9618+[2001-1458-303-26--100-17]-9618&alias=b9p18p6980.cern.ch&noUDP&sock=slot1_1_7821_5a17_58956>
...
040 (13087773.313.000) 11/21 10:16:33 Finished transferring input files
...
001 (13087773.313.000) 11/21 10:16:34 Job executing on host: <188.185.215.155:9618?addrs=188.185.215.155-9618+[2001-1458-303-26--100-17]-9618&alias=b9p18p6980.cern.ch&noUDP&sock=startd_6561_e0f6>
	SlotName: slot1_1@b9p18p6980.cern.ch
	CondorScratchDir = "/pool/condor/dir_2370237"
	Cpus = 1
	Disk = 16204
	GPUs = 0
	Memory = 3000
...
006 (13087773.313.000) 11/21 10:16:47 Image size of job updated: 103244
	101  -  MemoryUsage of job (MB)
	103244  -  ResidentSetSize of job (KB)
...
006 (13087773.313.000) 11/21 10:20:43 Image size of job updated: 697768
	101  -  MemoryUsage of job (MB)
	103244  -  ResidentSetSize of job (KB)
...
040 (13087773.313.000) 11/21 10:20:43 Started transferring output files
...
040 (13087773.313.000) 11/21 10:20:43 Finished transferring output files
...
005 (13087773.313.000) 11/21 10:20:43 Job terminated.
	(1) Normal termination (return value 0)
		Usr 0 00:03:44, Sys 0 00:00:03  -  Run Remote Usage
		Usr 0 00:00:00, Sys 0 00:00:00  -  Run Local Usage
		Usr 0 00:03:44, Sys 0 00:00:03  -  Total Remote Usage
		Usr 0 00:00:00, Sys 0 00:00:00  -  Total Local Usage
	10009  -  Run Bytes Sent By Job
	11510364  -  Run Bytes Received By Job
	10009  -  Total Bytes Sent By Job
	11510364  -  Total Bytes Received By Job
	Partitionable Resources :    Usage  Request Allocated 
	   Cpus                 :        0        1         1 
	   Disk (KB)            :    11275    12500     16204 
	   GPUs                 :                           0 
	   Memory (MB)          :      101     3000      3000 
	   TimeExecute (s)      :      249                    
	   TimeSlotBusy (s)     :      250                    

	Job terminated of its own accord at 2025-11-21T09:20:43Z with exit-code 0.
...
