000 (13047290.462.000) 11/20 02:51:00 Job submitted from host: <188.185.121.235:9618?addrs=188.185.121.235-9618+[2001-1458-d00-49--100-36e]-9618&alias=bigbird22.cern.ch&noUDP&sock=schedd_232129_c3ca>
...
040 (13047290.462.000) 11/20 03:14:58 Started transferring input files
	Transferring to host: <188.185.214.138:9618?addrs=188.185.214.138-9618+[2001-1458-303-1d--100-6]-9618&alias=b9p30p2177.cern.ch&noUDP&sock=slot1_21_7164_6f9c_62598>
...
040 (13047290.462.000) 11/20 03:14:58 Finished transferring input files
...
001 (13047290.462.000) 11/20 03:14:59 Job executing on host: <188.185.214.138:9618?addrs=188.185.214.138-9618+[2001-1458-303-1d--100-6]-9618&alias=b9p30p2177.cern.ch&noUDP&sock=startd_6501_b947>
	SlotName: slot1_21@b9p30p2177.cern.ch
	CondorScratchDir = "/pool/condor/dir_1039238"
	Cpus = 1
	Disk = 16083
	GPUs = 0
	Memory = 3000
...
006 (13047290.462.000) 11/20 03:15:12 Image size of job updated: 95716
	94  -  MemoryUsage of job (MB)
	95716  -  ResidentSetSize of job (KB)
...
006 (13047290.462.000) 11/20 03:18:09 Image size of job updated: 699084
	94  -  MemoryUsage of job (MB)
	95716  -  ResidentSetSize of job (KB)
...
040 (13047290.462.000) 11/20 03:18:09 Started transferring output files
...
040 (13047290.462.000) 11/20 03:18:09 Finished transferring output files
...
005 (13047290.462.000) 11/20 03:18:09 Job terminated.
	(1) Normal termination (return value 0)
		Usr 0 00:02:39, Sys 0 00:00:05  -  Run Remote Usage
		Usr 0 00:00:00, Sys 0 00:00:00  -  Run Local Usage
		Usr 0 00:02:39, Sys 0 00:00:05  -  Total Remote Usage
		Usr 0 00:00:00, Sys 0 00:00:00  -  Total Local Usage
	10353  -  Run Bytes Sent By Job
	11506596  -  Run Bytes Received By Job
	10353  -  Total Bytes Sent By Job
	11506596  -  Total Bytes Received By Job
	Partitionable Resources :    Usage  Request Allocated 
	   Cpus                 :     0.99        1         1 
	   Disk (KB)            : 11271       12500     16083 
	   GPUs                 :                           0 
	   Memory (MB)          :    94        3000      3000 
	   TimeExecute (s)      :   190                       
	   TimeSlotBusy (s)     :   192                       

	Job terminated of its own accord at 2025-11-20T02:18:09Z with exit-code 0.
...
