000 (13087773.008.000) 11/21 10:07:24 Job submitted from host: <188.185.121.235:9618?addrs=188.185.121.235-9618+[2001-1458-d00-49--100-36e]-9618&alias=bigbird22.cern.ch&noUDP&sock=schedd_232129_c3ca>
...
040 (13087773.008.000) 11/21 10:14:50 Started transferring input files
	Transferring to host: <188.185.206.59:9618?addrs=188.185.206.59-9618+[2001-1458-303-b--100-38]-9618&alias=b9p05p8308.cern.ch&noUDP&sock=slot1_20_4028_d71d_56582>
...
040 (13087773.008.000) 11/21 10:14:50 Finished transferring input files
...
001 (13087773.008.000) 11/21 10:14:51 Job executing on host: <188.185.206.59:9618?addrs=188.185.206.59-9618+[2001-1458-303-b--100-38]-9618&alias=b9p05p8308.cern.ch&noUDP&sock=startd_3566_8ed0>
	SlotName: slot1_20@b9p05p8308.cern.ch
	CondorScratchDir = "/pool/condor/dir_2028873"
	Cpus = 1
	Disk = 15992
	GPUs = 0
	Memory = 3000
...
006 (13087773.008.000) 11/21 10:15:04 Image size of job updated: 103532
	102  -  MemoryUsage of job (MB)
	103532  -  ResidentSetSize of job (KB)
...
006 (13087773.008.000) 11/21 10:16:30 Image size of job updated: 690296
	102  -  MemoryUsage of job (MB)
	103532  -  ResidentSetSize of job (KB)
...
040 (13087773.008.000) 11/21 10:16:30 Started transferring output files
...
040 (13087773.008.000) 11/21 10:16:30 Finished transferring output files
...
005 (13087773.008.000) 11/21 10:16:30 Job terminated.
	(1) Normal termination (return value 0)
		Usr 0 00:01:21, Sys 0 00:00:02  -  Run Remote Usage
		Usr 0 00:00:00, Sys 0 00:00:00  -  Run Local Usage
		Usr 0 00:01:21, Sys 0 00:00:02  -  Total Remote Usage
		Usr 0 00:00:00, Sys 0 00:00:00  -  Total Local Usage
	9760  -  Run Bytes Sent By Job
	11510364  -  Run Bytes Received By Job
	9760  -  Total Bytes Sent By Job
	11510364  -  Total Bytes Received By Job
	Partitionable Resources :    Usage  Request Allocated 
	   Cpus                 :     0.07        1         1 
	   Disk (KB)            : 11277       12500     15992 
	   GPUs                 :                           0 
	   Memory (MB)          :   102        3000      3000 
	   TimeExecute (s)      :    99                       
	   TimeSlotBusy (s)     :   100                       

	Job terminated of its own accord at 2025-11-21T09:16:30Z with exit-code 0.
...
