000 (13087775.308.000) 11/21 10:07:54 Job submitted from host: <188.185.121.235:9618?addrs=188.185.121.235-9618+[2001-1458-d00-49--100-36e]-9618&alias=bigbird22.cern.ch&noUDP&sock=schedd_232129_c3ca>
...
040 (13087775.308.000) 11/21 10:22:21 Started transferring input files
	Transferring to host: <188.185.214.72:9618?addrs=188.185.214.72-9618+[2001-1458-303-1c--100-44]-9618&alias=b9p29p2164.cern.ch&noUDP&sock=slot1_41_4385_610b_66415>
...
040 (13087775.308.000) 11/21 10:22:21 Finished transferring input files
...
001 (13087775.308.000) 11/21 10:22:22 Job executing on host: <188.185.214.72:9618?addrs=188.185.214.72-9618+[2001-1458-303-1c--100-44]-9618&alias=b9p29p2164.cern.ch&noUDP&sock=startd_3720_3066>
	SlotName: slot1_41@b9p29p2164.cern.ch
	CondorScratchDir = "/pool/condor/dir_371517"
	Cpus = 1
	Disk = 16116
	GPUs = 0
	Memory = 3000
...
006 (13087775.308.000) 11/21 10:22:36 Image size of job updated: 154400
	151  -  MemoryUsage of job (MB)
	154400  -  ResidentSetSize of job (KB)
...
006 (13087775.308.000) 11/21 10:26:54 Image size of job updated: 703124
	151  -  MemoryUsage of job (MB)
	154400  -  ResidentSetSize of job (KB)
...
040 (13087775.308.000) 11/21 10:26:54 Started transferring output files
...
040 (13087775.308.000) 11/21 10:26:54 Finished transferring output files
...
005 (13087775.308.000) 11/21 10:26:54 Job terminated.
	(1) Normal termination (return value 0)
		Usr 0 00:04:05, Sys 0 00:00:03  -  Run Remote Usage
		Usr 0 00:00:00, Sys 0 00:00:00  -  Run Local Usage
		Usr 0 00:04:05, Sys 0 00:00:03  -  Total Remote Usage
		Usr 0 00:00:00, Sys 0 00:00:00  -  Total Local Usage
	11216  -  Run Bytes Sent By Job
	11510364  -  Run Bytes Received By Job
	11216  -  Total Bytes Sent By Job
	11510364  -  Total Bytes Received By Job
	Partitionable Resources :    Usage  Request Allocated 
	   Cpus                 :     0.93        1         1 
	   Disk (KB)            : 11276       12500     16116 
	   GPUs                 :                           0 
	   Memory (MB)          :   151        3000      3000 
	   TimeExecute (s)      :   272                       
	   TimeSlotBusy (s)     :   273                       

	Job terminated of its own accord at 2025-11-21T09:26:54Z with exit-code 0.
...
