Starting job on \n
Running on: Linux b9p30p5243.cern.ch 5.14.0-570.44.1.el9_6.x86_64 #1 SMP PREEMPT_DYNAMIC Tue Sep 9 05:17:30 EDT 2025 x86_64 x86_64 x86_64 GNU/Linux\n
System software: Red Hat Enterprise Linux release 9.7 (Plow)\n
Setting up CROWN for RedHatEnterprise Version 9.7
subject   : /DC=ch/DC=cern/OU=Organic Units/OU=Users/CN=jiahua/CN=851532/CN=Jiahua Chen/CN=2045128514
issuer    : /DC=ch/DC=cern/OU=Organic Units/OU=Users/CN=jiahua/CN=851532/CN=Jiahua Chen
identity  : /DC=ch/DC=cern/OU=Organic Units/OU=Users/CN=jiahua/CN=851532/CN=Jiahua Chen
type      : RFC compliant proxy
strength  : 2048 bits
path      : /afs/cern.ch/user/j/jiahua/proxy/x509up_u139833
timeleft  : 168:32:31
key usage : Digital Signature, Key Encipherment
=== VO cms extension information ===
VO        : cms
subject   : /DC=ch/DC=cern/OU=Organic Units/OU=Users/CN=jiahua/CN=851532/CN=Jiahua Chen
issuer    : /DC=ch/DC=cern/OU=computers/CN=cms-auth.cern.ch
attribute : /cms/Role=NULL/Capability=NULL
timeleft  : 160:32:30
uri       : voms-cms-auth.cern.ch:15000
subject   : /DC=ch/DC=cern/OU=Organic Units/OU=Users/CN=jiahua/CN=851532/CN=Jiahua Chen/CN=2045128514
issuer    : /DC=ch/DC=cern/OU=Organic Units/OU=Users/CN=jiahua/CN=851532/CN=Jiahua Chen
identity  : /DC=ch/DC=cern/OU=Organic Units/OU=Users/CN=jiahua/CN=851532/CN=Jiahua Chen
type      : RFC compliant proxy
strength  : 2048 bits
path      : /afs/cern.ch/user/j/jiahua/proxy/x509up_u139833
timeleft  : 168:32:31
key usage : Digital Signature, Key Encipherment
=== VO cms extension information ===
VO        : cms
subject   : /DC=ch/DC=cern/OU=Organic Units/OU=Users/CN=jiahua/CN=851532/CN=Jiahua Chen
issuer    : /DC=ch/DC=cern/OU=computers/CN=cms-auth.cern.ch
attribute : /cms/Role=NULL/Capability=NULL
timeleft  : 160:32:30
uri       : voms-cms-auth.cern.ch:15000
/eos/user/j/jiahua/MC_2022EE_inc/MC_2022EE_vbf/ZZto2L2Nu_powheg_22EE_ext1-v2/c763837b-3210-488c-a5e3-ce3214db59fd.root
[2025-11-21 10:16:12.261] [main] [info] Checking input files
[2025-11-21 10:16:16.406] [main] [info] NanoAOD input_file 1: root://cms-xrd-global.cern.ch//store/mc/Run3Summer22EENanoAODv12/ZZto2L2Nu_TuneCP5_13p6TeV_powheg-pythia8/NANOAODSIM/130X_mcRun3_2022_realistic_postEE_v6_ext1-v2/40000/c763837b-3210-488c-a5e3-ce3214db59fd.root - 48374 Events
[2025-11-21 10:16:16.406] [main] [info] input_file 1: root://cms-xrd-global.cern.ch//store/mc/Run3Summer22EENanoAODv12/ZZto2L2Nu_TuneCP5_13p6TeV_powheg-pythia8/NANOAODSIM/130X_mcRun3_2022_realistic_postEE_v6_ext1-v2/40000/c763837b-3210-488c-a5e3-ce3214db59fd.root - SumOfGenWeight: 49858.98958000005 
[2025-11-21 10:16:16.406] [main] [info] Output directory: /eos/user/j/jiahua/MC_2022EE_inc/MC_2022EE_vbf/ZZto2L2Nu_powheg_22EE_ext1-v2/c763837b-3210-488c-a5e3-ce3214db59fd.root
[2025-11-21 10:16:16.407] [main] [info] Starting Setup of Dataframe with 48374 events
[2025-11-21 10:17:34.113] [main] [info] Finished Setup
[2025-11-21 10:17:34.113] [main] [info] Runtime for setup (real time: 77.71, CPU time: 72.31)
[2025-11-21 10:17:34.113] [main] [info] Starting Evaluation
[2025-11-21 10:18:02.550] [main] [info] 10000 / 48374 (20.67 %) Events processed ...
[2025-11-21 10:18:13.146] [main] [info] 20000 / 48374 (41.34 %) Events processed ...
[2025-11-21 10:18:23.799] [main] [info] 30000 / 48374 (62.02 %) Events processed ...
[2025-11-21 10:18:34.180] [main] [info] 40000 / 48374 (82.69 %) Events processed ...
[2025-11-21 10:18:44.609] [main] [info] vbfhmm:
GoodJetsCollection: pass=31178      all=48374      -- eff=64.45 % cumulative eff=64.45 %
Flag_goodVertices: pass=31178      all=31178      -- eff=100.00 % cumulative eff=64.45 %
Flag_globalSuperTightHalo2016Filter: pass=31176      all=31178      -- eff=99.99 % cumulative eff=64.45 %
Flag_EcalDeadCellTriggerPrimitiveFilter: pass=31173      all=31176      -- eff=99.99 % cumulative eff=64.44 %
Flag_BadPFMuonFilter: pass=31173      all=31173      -- eff=100.00 % cumulative eff=64.44 %
Flag_BadPFMuonDzFilter: pass=31173      all=31173      -- eff=100.00 % cumulative eff=64.44 %
Flag_eeBadScFilter: pass=31173      all=31173      -- eff=100.00 % cumulative eff=64.44 %
Flag_ecalBadCalibFilter: pass=31167      all=31173      -- eff=99.98 % cumulative eff=64.43 %
Flag_hfNoisyHitsFilter: pass=31165      all=31167      -- eff=99.99 % cumulative eff=64.43 %
Number of muons 2: pass=2150       all=31165      -- eff=6.90 % cumulative eff=4.44 %
Veto VH <= 0 electrons: pass=2149       all=2150       -- eff=99.95 % cumulative eff=4.44 %
DiMuon From Higgs: pass=1993       all=2149       -- eff=92.74 % cumulative eff=4.12 %
LeptonChargeSum: pass=1993       all=1993       -- eff=100.00 % cumulative eff=4.12 %
Hmass>=110: pass=117        all=1993       -- eff=5.87 % cumulative eff=0.24 %
[2025-11-21 10:18:44.773] [main] [info] Writing quantities map to /eos/user/j/jiahua/MC_2022EE_inc/MC_2022EE_vbf/ZZto2L2Nu_powheg_22EE_ext1-v2/c763837b-3210-488c-a5e3-ce3214db59fd_vbfhmm.root
[2025-11-21 10:18:44.859] [main] [info] Finished Evaluation
[2025-11-21 10:18:44.859] [main] [info] Overall runtime (real time: 148.45, CPU time: 136.71)
