000 (13047291.183.000) 11/20 02:51:05 Job submitted from host: <188.185.121.235:9618?addrs=188.185.121.235-9618+[2001-1458-d00-49--100-36e]-9618&alias=bigbird22.cern.ch&noUDP&sock=schedd_232129_c3ca>
...
040 (13047291.183.000) 11/20 03:16:39 Started transferring input files
	Transferring to host: <188.185.210.105:9618?addrs=188.185.210.105-9618+[2001-1458-303-1--100-65]-9618&alias=b9p21p1603.cern.ch&noUDP&sock=slot1_30_3811_f1b4_62225>
...
040 (13047291.183.000) 11/20 03:16:39 Finished transferring input files
...
001 (13047291.183.000) 11/20 03:16:40 Job executing on host: <188.185.210.105:9618?addrs=188.185.210.105-9618+[2001-1458-303-1--100-65]-9618&alias=b9p21p1603.cern.ch&noUDP&sock=startd_3095_7db5>
	SlotName: slot1_30@b9p21p1603.cern.ch
	CondorScratchDir = "/pool/condor/dir_3455335"
	Cpus = 1
	Disk = 16121
	GPUs = 0
	Memory = 3000
...
006 (13047291.183.000) 11/20 03:16:54 Image size of job updated: 108340
	106  -  MemoryUsage of job (MB)
	108340  -  ResidentSetSize of job (KB)
...
006 (13047291.183.000) 11/20 03:19:49 Image size of job updated: 700404
	106  -  MemoryUsage of job (MB)
	108340  -  ResidentSetSize of job (KB)
...
040 (13047291.183.000) 11/20 03:19:49 Started transferring output files
...
040 (13047291.183.000) 11/20 03:19:49 Finished transferring output files
...
005 (13047291.183.000) 11/20 03:19:49 Job terminated.
	(1) Normal termination (return value 0)
		Usr 0 00:02:47, Sys 0 00:00:04  -  Run Remote Usage
		Usr 0 00:00:00, Sys 0 00:00:00  -  Run Local Usage
		Usr 0 00:02:47, Sys 0 00:00:04  -  Total Remote Usage
		Usr 0 00:00:00, Sys 0 00:00:00  -  Total Local Usage
	10425  -  Run Bytes Sent By Job
	11506596  -  Run Bytes Received By Job
	10425  -  Total Bytes Sent By Job
	11506596  -  Total Bytes Received By Job
	Partitionable Resources :    Usage  Request Allocated 
	   Cpus                 :        0        1         1 
	   Disk (KB)            :    11272    12500     16121 
	   GPUs                 :                           0 
	   Memory (MB)          :      106     3000      3000 
	   TimeExecute (s)      :      189                    
	   TimeSlotBusy (s)     :      190                    

	Job terminated of its own accord at 2025-11-20T02:19:49Z with exit-code 0.
...
