000 (13087774.402.000) 11/21 10:07:44 Job submitted from host: <188.185.121.235:9618?addrs=188.185.121.235-9618+[2001-1458-d00-49--100-36e]-9618&alias=bigbird22.cern.ch&noUDP&sock=schedd_232129_c3ca>
...
040 (13087774.402.000) 11/21 10:20:27 Started transferring input files
	Transferring to host: <188.185.214.167:9618?addrs=188.185.214.167-9618+[2001-1458-303-1d--100-23]-9618&alias=b9p30p1158.cern.ch&noUDP&sock=slot1_26_5971_dc0c_65361>
...
040 (13087774.402.000) 11/21 10:20:27 Finished transferring input files
...
001 (13087774.402.000) 11/21 10:20:28 Job executing on host: <188.185.214.167:9618?addrs=188.185.214.167-9618+[2001-1458-303-1d--100-23]-9618&alias=b9p30p1158.cern.ch&noUDP&sock=startd_5035_2b70>
	SlotName: slot1_26@b9p30p1158.cern.ch
	CondorScratchDir = "/pool/condor/dir_2390745"
	Cpus = 1
	Disk = 16089
	GPUs = 0
	Memory = 3000
...
006 (13087774.402.000) 11/21 10:20:41 Image size of job updated: 135792
	133  -  MemoryUsage of job (MB)
	135792  -  ResidentSetSize of job (KB)
...
006 (13087774.402.000) 11/21 10:25:41 Image size of job updated: 703904
	688  -  MemoryUsage of job (MB)
	703904  -  ResidentSetSize of job (KB)
...
006 (13087774.402.000) 11/21 10:26:15 Image size of job updated: 704372
	688  -  MemoryUsage of job (MB)
	703904  -  ResidentSetSize of job (KB)
...
040 (13087774.402.000) 11/21 10:26:15 Started transferring output files
...
040 (13087774.402.000) 11/21 10:26:15 Finished transferring output files
...
005 (13087774.402.000) 11/21 10:26:15 Job terminated.
	(1) Normal termination (return value 0)
		Usr 0 00:05:19, Sys 0 00:00:04  -  Run Remote Usage
		Usr 0 00:00:00, Sys 0 00:00:00  -  Run Local Usage
		Usr 0 00:05:19, Sys 0 00:00:04  -  Total Remote Usage
		Usr 0 00:00:00, Sys 0 00:00:00  -  Total Local Usage
	11143  -  Run Bytes Sent By Job
	11510364  -  Run Bytes Received By Job
	11143  -  Total Bytes Sent By Job
	11510364  -  Total Bytes Received By Job
	Partitionable Resources :    Usage  Request Allocated 
	   Cpus                 :        0        1         1 
	   Disk (KB)            :    11275    12500     16089 
	   GPUs                 :                           0 
	   Memory (MB)          :      688     3000      3000 
	   TimeExecute (s)      :      347                    
	   TimeSlotBusy (s)     :      348                    

	Job terminated of its own accord at 2025-11-21T09:26:15Z with exit-code 0.
...
