Starting job on \n
Running on: Linux b9p24p7039.cern.ch 5.14.0-570.44.1.el9_6.x86_64 #1 SMP PREEMPT_DYNAMIC Tue Sep 9 05:17:30 EDT 2025 x86_64 x86_64 x86_64 GNU/Linux\n
System software: Red Hat Enterprise Linux release 9.7 (Plow)\n
Setting up CROWN for RedHatEnterprise Version 9.7
subject   : /DC=ch/DC=cern/OU=Organic Units/OU=Users/CN=jiahua/CN=851532/CN=Jiahua Chen/CN=2045128514
issuer    : /DC=ch/DC=cern/OU=Organic Units/OU=Users/CN=jiahua/CN=851532/CN=Jiahua Chen
identity  : /DC=ch/DC=cern/OU=Organic Units/OU=Users/CN=jiahua/CN=851532/CN=Jiahua Chen
type      : RFC compliant proxy
strength  : 2048 bits
path      : /afs/cern.ch/user/j/jiahua/proxy/x509up_u139833
timeleft  : 168:29:47
key usage : Digital Signature, Key Encipherment
=== VO cms extension information ===
VO        : cms
subject   : /DC=ch/DC=cern/OU=Organic Units/OU=Users/CN=jiahua/CN=851532/CN=Jiahua Chen
issuer    : /DC=ch/DC=cern/OU=computers/CN=cms-auth.cern.ch
attribute : /cms/Role=NULL/Capability=NULL
timeleft  : 160:29:46
uri       : voms-cms-auth.cern.ch:15000
subject   : /DC=ch/DC=cern/OU=Organic Units/OU=Users/CN=jiahua/CN=851532/CN=Jiahua Chen/CN=2045128514
issuer    : /DC=ch/DC=cern/OU=Organic Units/OU=Users/CN=jiahua/CN=851532/CN=Jiahua Chen
identity  : /DC=ch/DC=cern/OU=Organic Units/OU=Users/CN=jiahua/CN=851532/CN=Jiahua Chen
type      : RFC compliant proxy
strength  : 2048 bits
path      : /afs/cern.ch/user/j/jiahua/proxy/x509up_u139833
timeleft  : 168:29:47
key usage : Digital Signature, Key Encipherment
=== VO cms extension information ===
VO        : cms
subject   : /DC=ch/DC=cern/OU=Organic Units/OU=Users/CN=jiahua/CN=851532/CN=Jiahua Chen
issuer    : /DC=ch/DC=cern/OU=computers/CN=cms-auth.cern.ch
attribute : /cms/Role=NULL/Capability=NULL
timeleft  : 160:29:46
uri       : voms-cms-auth.cern.ch:15000
/eos/user/j/jiahua/MC_2022EE_inc/MC_2022EE_vbf/ZZto2L2Q_powheg_22EE_ext1-v2/ef4b7674-1994-4353-b587-bd7afd9a1988.root
[2025-11-21 10:18:56.871] [main] [info] Checking input files
[2025-11-21 10:19:02.316] [main] [info] NanoAOD input_file 1: root://cms-xrd-global.cern.ch//store/mc/Run3Summer22EENanoAODv12/ZZto2L2Q_TuneCP5_13p6TeV_powheg-pythia8/NANOAODSIM/130X_mcRun3_2022_realistic_postEE_v6_ext1-v2/50000/ef4b7674-1994-4353-b587-bd7afd9a1988.root - 101664 Events
[2025-11-21 10:19:02.316] [main] [info] input_file 1: root://cms-xrd-global.cern.ch//store/mc/Run3Summer22EENanoAODv12/ZZto2L2Q_TuneCP5_13p6TeV_powheg-pythia8/NANOAODSIM/130X_mcRun3_2022_realistic_postEE_v6_ext1-v2/50000/ef4b7674-1994-4353-b587-bd7afd9a1988.root - SumOfGenWeight: 690172.7819999999 
[2025-11-21 10:19:02.316] [main] [info] Output directory: /eos/user/j/jiahua/MC_2022EE_inc/MC_2022EE_vbf/ZZto2L2Q_powheg_22EE_ext1-v2/ef4b7674-1994-4353-b587-bd7afd9a1988.root
[2025-11-21 10:19:02.320] [main] [info] Starting Setup of Dataframe with 101664 events
[2025-11-21 10:20:27.369] [main] [info] Finished Setup
[2025-11-21 10:20:27.369] [main] [info] Runtime for setup (real time: 85.05, CPU time: 80.44)
[2025-11-21 10:20:27.369] [main] [info] Starting Evaluation
[2025-11-21 10:21:00.633] [main] [info] 10000 / 101664 (9.84 %) Events processed ...
[2025-11-21 10:21:15.092] [main] [info] 20000 / 101664 (19.67 %) Events processed ...
[2025-11-21 10:21:29.762] [main] [info] 30000 / 101664 (29.51 %) Events processed ...
[2025-11-21 10:21:45.312] [main] [info] 40000 / 101664 (39.35 %) Events processed ...
[2025-11-21 10:21:59.248] [main] [info] 50000 / 101664 (49.18 %) Events processed ...
[2025-11-21 10:22:13.286] [main] [info] 60000 / 101664 (59.02 %) Events processed ...
[2025-11-21 10:22:27.099] [main] [info] 70000 / 101664 (68.85 %) Events processed ...
[2025-11-21 10:22:43.308] [main] [info] 80000 / 101664 (78.69 %) Events processed ...
[2025-11-21 10:22:59.421] [main] [info] 90000 / 101664 (88.53 %) Events processed ...
[2025-11-21 10:23:12.739] [main] [info] 100000 / 101664 (98.36 %) Events processed ...
[2025-11-21 10:23:15.407] [main] [info] vbfhmm:
GoodJetsCollection: pass=75802      all=101664     -- eff=74.56 % cumulative eff=74.56 %
Flag_goodVertices: pass=75802      all=75802      -- eff=100.00 % cumulative eff=74.56 %
Flag_globalSuperTightHalo2016Filter: pass=75791      all=75802      -- eff=99.99 % cumulative eff=74.55 %
Flag_EcalDeadCellTriggerPrimitiveFilter: pass=75786      all=75791      -- eff=99.99 % cumulative eff=74.55 %
Flag_BadPFMuonFilter: pass=75780      all=75786      -- eff=99.99 % cumulative eff=74.54 %
Flag_BadPFMuonDzFilter: pass=75777      all=75780      -- eff=100.00 % cumulative eff=74.54 %
Flag_eeBadScFilter: pass=75777      all=75777      -- eff=100.00 % cumulative eff=74.54 %
Flag_ecalBadCalibFilter: pass=75765      all=75777      -- eff=99.98 % cumulative eff=74.52 %
Flag_hfNoisyHitsFilter: pass=75761      all=75765      -- eff=99.99 % cumulative eff=74.52 %
Number of muons 2: pass=5490       all=75761      -- eff=7.25 % cumulative eff=5.40 %
Veto VH <= 0 electrons: pass=5486       all=5490       -- eff=99.93 % cumulative eff=5.40 %
DiMuon From Higgs: pass=5007       all=5486       -- eff=91.27 % cumulative eff=4.93 %
LeptonChargeSum: pass=5003       all=5007       -- eff=99.92 % cumulative eff=4.92 %
Hmass>=110: pass=248        all=5003       -- eff=4.96 % cumulative eff=0.24 %
[2025-11-21 10:23:15.556] [main] [info] Writing quantities map to /eos/user/j/jiahua/MC_2022EE_inc/MC_2022EE_vbf/ZZto2L2Q_powheg_22EE_ext1-v2/ef4b7674-1994-4353-b587-bd7afd9a1988_vbfhmm.root
[2025-11-21 10:23:15.645] [main] [info] Finished Evaluation
[2025-11-21 10:23:15.645] [main] [info] Overall runtime (real time: 253.33, CPU time: 242.31)
