000 (13047292.197.000) 11/20 02:51:11 Job submitted from host: <188.185.121.235:9618?addrs=188.185.121.235-9618+[2001-1458-d00-49--100-36e]-9618&alias=bigbird22.cern.ch&noUDP&sock=schedd_232129_c3ca>
...
040 (13047292.197.000) 11/20 03:18:51 Started transferring input files
	Transferring to host: <188.185.193.80:9618?addrs=188.185.193.80-9618+[2001-1458-303-20--100-4c]-9618&alias=b9p19p0340.cern.ch&noUDP&sock=slot1_26_4741_369a_54865>
...
040 (13047292.197.000) 11/20 03:18:51 Finished transferring input files
...
001 (13047292.197.000) 11/20 03:18:52 Job executing on host: <188.185.193.80:9618?addrs=188.185.193.80-9618+[2001-1458-303-20--100-4c]-9618&alias=b9p19p0340.cern.ch&noUDP&sock=startd_3720_3066>
	SlotName: slot1_26@b9p19p0340.cern.ch
	CondorScratchDir = "/pool/condor/dir_3175541"
	Cpus = 1
	Disk = 16138
	GPUs = 0
	Memory = 3000
...
006 (13047292.197.000) 11/20 03:19:06 Image size of job updated: 39452
	39  -  MemoryUsage of job (MB)
	39452  -  ResidentSetSize of job (KB)
...
006 (13047292.197.000) 11/20 03:24:07 Image size of job updated: 703076
	687  -  MemoryUsage of job (MB)
	703076  -  ResidentSetSize of job (KB)
...
006 (13047292.197.000) 11/20 03:28:49 Image size of job updated: 704076
	687  -  MemoryUsage of job (MB)
	703076  -  ResidentSetSize of job (KB)
...
040 (13047292.197.000) 11/20 03:28:49 Started transferring output files
...
040 (13047292.197.000) 11/20 03:28:49 Finished transferring output files
...
005 (13047292.197.000) 11/20 03:28:49 Job terminated.
	(1) Normal termination (return value 0)
		Usr 0 00:09:00, Sys 0 00:00:04  -  Run Remote Usage
		Usr 0 00:00:00, Sys 0 00:00:00  -  Run Local Usage
		Usr 0 00:09:00, Sys 0 00:00:04  -  Total Remote Usage
		Usr 0 00:00:00, Sys 0 00:00:00  -  Total Local Usage
	11144  -  Run Bytes Sent By Job
	11506596  -  Run Bytes Received By Job
	11144  -  Total Bytes Sent By Job
	11506596  -  Total Bytes Received By Job
	Partitionable Resources :    Usage  Request Allocated 
	   Cpus                 :     0.02        1         1 
	   Disk (KB)            : 11272       12500     16138 
	   GPUs                 :                           0 
	   Memory (MB)          :   687        3000      3000 
	   TimeExecute (s)      :   597                       
	   TimeSlotBusy (s)     :   598                       

	Job terminated of its own accord at 2025-11-20T02:28:49Z with exit-code 0.
...
