000 (13047739.369.000) 11/20 09:15:48 Job submitted from host: <188.185.121.235:9618?addrs=188.185.121.235-9618+[2001-1458-d00-49--100-36e]-9618&alias=bigbird22.cern.ch&noUDP&sock=schedd_232129_c3ca>
...
040 (13047739.369.000) 11/20 09:41:33 Started transferring input files
	Transferring to host: <188.185.195.70:9618?addrs=188.185.195.70-9618+[2001-1458-303-22--100-42]-9618&alias=b9p17p2904.cern.ch&noUDP&sock=slot1_40_3302_4ebf_58722>
...
040 (13047739.369.000) 11/20 09:41:33 Finished transferring input files
...
001 (13047739.369.000) 11/20 09:41:34 Job executing on host: <188.185.195.70:9618?addrs=188.185.195.70-9618+[2001-1458-303-22--100-42]-9618&alias=b9p17p2904.cern.ch&noUDP&sock=startd_2553_b960>
	SlotName: slot1_40@b9p17p2904.cern.ch
	CondorScratchDir = "/pool/condor/dir_1118943"
	Cpus = 1
	Disk = 16079
	GPUs = 0
	Memory = 3000
...
006 (13047739.369.000) 11/20 09:41:47 Image size of job updated: 97456
	96  -  MemoryUsage of job (MB)
	97456  -  ResidentSetSize of job (KB)
...
006 (13047739.369.000) 11/20 09:43:43 Image size of job updated: 663220
	96  -  MemoryUsage of job (MB)
	97456  -  ResidentSetSize of job (KB)
...
040 (13047739.369.000) 11/20 09:43:43 Started transferring output files
...
040 (13047739.369.000) 11/20 09:43:43 Finished transferring output files
...
005 (13047739.369.000) 11/20 09:43:43 Job terminated.
	(1) Normal termination (return value 134)
		Usr 0 00:01:55, Sys 0 00:00:02  -  Run Remote Usage
		Usr 0 00:00:00, Sys 0 00:00:00  -  Run Local Usage
		Usr 0 00:01:55, Sys 0 00:00:02  -  Total Remote Usage
		Usr 0 00:00:00, Sys 0 00:00:00  -  Total Local Usage
	8485  -  Run Bytes Sent By Job
	11510364  -  Run Bytes Received By Job
	8485  -  Total Bytes Sent By Job
	11510364  -  Total Bytes Received By Job
	Partitionable Resources :    Usage  Request Allocated 
	   Cpus                 :        0        1         1 
	   Disk (KB)            :    11273    12500     16079 
	   GPUs                 :                           0 
	   Memory (MB)          :       96     3000      3000 
	   TimeExecute (s)      :      129                    
	   TimeSlotBusy (s)     :      130                    

	Job terminated of its own accord at 2025-11-20T08:43:43Z with exit-code 134.
...
