Starting job on \n
Running on: Linux b9p25p2918.cern.ch 5.14.0-570.44.1.el9_6.x86_64 #1 SMP PREEMPT_DYNAMIC Tue Sep 9 05:17:30 EDT 2025 x86_64 x86_64 x86_64 GNU/Linux\n
System software: Red Hat Enterprise Linux release 9.7 (Plow)\n
Setting up CROWN for RedHatEnterprise Version 9.7
subject   : /DC=ch/DC=cern/OU=Organic Units/OU=Users/CN=jiahua/CN=851532/CN=Jiahua Chen/CN=2045128514
issuer    : /DC=ch/DC=cern/OU=Organic Units/OU=Users/CN=jiahua/CN=851532/CN=Jiahua Chen
identity  : /DC=ch/DC=cern/OU=Organic Units/OU=Users/CN=jiahua/CN=851532/CN=Jiahua Chen
type      : RFC compliant proxy
strength  : 2048 bits
path      : /afs/cern.ch/user/j/jiahua/proxy/x509up_u139833
timeleft  : 168:30:52
key usage : Digital Signature, Key Encipherment
=== VO cms extension information ===
VO        : cms
subject   : /DC=ch/DC=cern/OU=Organic Units/OU=Users/CN=jiahua/CN=851532/CN=Jiahua Chen
issuer    : /DC=ch/DC=cern/OU=computers/CN=cms-auth.cern.ch
attribute : /cms/Role=NULL/Capability=NULL
timeleft  : 160:30:51
uri       : voms-cms-auth.cern.ch:15000
subject   : /DC=ch/DC=cern/OU=Organic Units/OU=Users/CN=jiahua/CN=851532/CN=Jiahua Chen/CN=2045128514
issuer    : /DC=ch/DC=cern/OU=Organic Units/OU=Users/CN=jiahua/CN=851532/CN=Jiahua Chen
identity  : /DC=ch/DC=cern/OU=Organic Units/OU=Users/CN=jiahua/CN=851532/CN=Jiahua Chen
type      : RFC compliant proxy
strength  : 2048 bits
path      : /afs/cern.ch/user/j/jiahua/proxy/x509up_u139833
timeleft  : 168:30:52
key usage : Digital Signature, Key Encipherment
=== VO cms extension information ===
VO        : cms
subject   : /DC=ch/DC=cern/OU=Organic Units/OU=Users/CN=jiahua/CN=851532/CN=Jiahua Chen
issuer    : /DC=ch/DC=cern/OU=computers/CN=cms-auth.cern.ch
attribute : /cms/Role=NULL/Capability=NULL
timeleft  : 160:30:51
uri       : voms-cms-auth.cern.ch:15000
/eos/user/j/jiahua/MC_2022EE_inc/MC_2022EE_vbf/ZZto2L2Nu_powheg_22EE_ext1-v2/c91aa71b-dffd-460b-b240-a89e2d84b6de.root
[2025-11-21 10:17:51.626] [main] [info] Checking input files
[2025-11-21 10:17:56.393] [main] [info] NanoAOD input_file 1: root://cms-xrd-global.cern.ch//store/mc/Run3Summer22EENanoAODv12/ZZto2L2Nu_TuneCP5_13p6TeV_powheg-pythia8/NANOAODSIM/130X_mcRun3_2022_realistic_postEE_v6_ext1-v2/50000/c91aa71b-dffd-460b-b240-a89e2d84b6de.root - 27436 Events
[2025-11-21 10:17:56.393] [main] [info] input_file 1: root://cms-xrd-global.cern.ch//store/mc/Run3Summer22EENanoAODv12/ZZto2L2Nu_TuneCP5_13p6TeV_powheg-pythia8/NANOAODSIM/130X_mcRun3_2022_realistic_postEE_v6_ext1-v2/50000/c91aa71b-dffd-460b-b240-a89e2d84b6de.root - SumOfGenWeight: 28279.805659999998 
[2025-11-21 10:17:56.393] [main] [info] Output directory: /eos/user/j/jiahua/MC_2022EE_inc/MC_2022EE_vbf/ZZto2L2Nu_powheg_22EE_ext1-v2/c91aa71b-dffd-460b-b240-a89e2d84b6de.root
[2025-11-21 10:17:56.394] [main] [info] Starting Setup of Dataframe with 27436 events
[2025-11-21 10:19:15.302] [main] [info] Finished Setup
[2025-11-21 10:19:15.302] [main] [info] Runtime for setup (real time: 78.91, CPU time: 72.42)
[2025-11-21 10:19:15.302] [main] [info] Starting Evaluation
[2025-11-21 10:19:42.725] [main] [info] 10000 / 27436 (36.45 %) Events processed ...
[2025-11-21 10:19:54.177] [main] [info] 20000 / 27436 (72.90 %) Events processed ...
[2025-11-21 10:20:02.082] [main] [info] vbfhmm:
GoodJetsCollection: pass=17820      all=27436      -- eff=64.95 % cumulative eff=64.95 %
Flag_goodVertices: pass=17820      all=17820      -- eff=100.00 % cumulative eff=64.95 %
Flag_globalSuperTightHalo2016Filter: pass=17819      all=17820      -- eff=99.99 % cumulative eff=64.95 %
Flag_EcalDeadCellTriggerPrimitiveFilter: pass=17816      all=17819      -- eff=99.98 % cumulative eff=64.94 %
Flag_BadPFMuonFilter: pass=17816      all=17816      -- eff=100.00 % cumulative eff=64.94 %
Flag_BadPFMuonDzFilter: pass=17816      all=17816      -- eff=100.00 % cumulative eff=64.94 %
Flag_eeBadScFilter: pass=17816      all=17816      -- eff=100.00 % cumulative eff=64.94 %
Flag_ecalBadCalibFilter: pass=17809      all=17816      -- eff=99.96 % cumulative eff=64.91 %
Flag_hfNoisyHitsFilter: pass=17809      all=17809      -- eff=100.00 % cumulative eff=64.91 %
Number of muons 2: pass=1228       all=17809      -- eff=6.90 % cumulative eff=4.48 %
Veto VH <= 0 electrons: pass=1228       all=1228       -- eff=100.00 % cumulative eff=4.48 %
DiMuon From Higgs: pass=1118       all=1228       -- eff=91.04 % cumulative eff=4.07 %
LeptonChargeSum: pass=1118       all=1118       -- eff=100.00 % cumulative eff=4.07 %
Hmass>=110: pass=62         all=1118       -- eff=5.55 % cumulative eff=0.23 %
[2025-11-21 10:20:03.984] [main] [info] Writing quantities map to /eos/user/j/jiahua/MC_2022EE_inc/MC_2022EE_vbf/ZZto2L2Nu_powheg_22EE_ext1-v2/c91aa71b-dffd-460b-b240-a89e2d84b6de_vbfhmm.root
[2025-11-21 10:20:04.061] [main] [info] Finished Evaluation
[2025-11-21 10:20:04.061] [main] [info] Overall runtime (real time: 127.67, CPU time: 115.96)
