Starting job on \n
Running on: Linux b9p25p1443.cern.ch 5.14.0-570.44.1.el9_6.x86_64 #1 SMP PREEMPT_DYNAMIC Tue Sep 9 05:17:30 EDT 2025 x86_64 x86_64 x86_64 GNU/Linux\n
System software: Red Hat Enterprise Linux release 9.7 (Plow)\n
Setting up CROWN for RedHatEnterprise Version 9.7
subject   : /DC=ch/DC=cern/OU=Organic Units/OU=Users/CN=jiahua/CN=851532/CN=Jiahua Chen/CN=2045128514
issuer    : /DC=ch/DC=cern/OU=Organic Units/OU=Users/CN=jiahua/CN=851532/CN=Jiahua Chen
identity  : /DC=ch/DC=cern/OU=Organic Units/OU=Users/CN=jiahua/CN=851532/CN=Jiahua Chen
type      : RFC compliant proxy
strength  : 2048 bits
path      : /afs/cern.ch/user/j/jiahua/proxy/x509up_u139833
timeleft  : 168:26:32
key usage : Digital Signature, Key Encipherment
=== VO cms extension information ===
VO        : cms
subject   : /DC=ch/DC=cern/OU=Organic Units/OU=Users/CN=jiahua/CN=851532/CN=Jiahua Chen
issuer    : /DC=ch/DC=cern/OU=computers/CN=cms-auth.cern.ch
attribute : /cms/Role=NULL/Capability=NULL
timeleft  : 160:26:31
uri       : voms-cms-auth.cern.ch:15000
subject   : /DC=ch/DC=cern/OU=Organic Units/OU=Users/CN=jiahua/CN=851532/CN=Jiahua Chen/CN=2045128514
issuer    : /DC=ch/DC=cern/OU=Organic Units/OU=Users/CN=jiahua/CN=851532/CN=Jiahua Chen
identity  : /DC=ch/DC=cern/OU=Organic Units/OU=Users/CN=jiahua/CN=851532/CN=Jiahua Chen
type      : RFC compliant proxy
strength  : 2048 bits
path      : /afs/cern.ch/user/j/jiahua/proxy/x509up_u139833
timeleft  : 168:26:32
key usage : Digital Signature, Key Encipherment
=== VO cms extension information ===
VO        : cms
subject   : /DC=ch/DC=cern/OU=Organic Units/OU=Users/CN=jiahua/CN=851532/CN=Jiahua Chen
issuer    : /DC=ch/DC=cern/OU=computers/CN=cms-auth.cern.ch
attribute : /cms/Role=NULL/Capability=NULL
timeleft  : 160:26:31
uri       : voms-cms-auth.cern.ch:15000
/eos/user/j/jiahua/MC_2022EE_inc/MC_2022EE_vbf/ZZto4L_powheg_22EE_ext1-v2/605c2fa6-01bc-489a-b8cb-31e456bf0b54.root
[2025-11-21 10:22:11.858] [main] [info] Checking input files
[2025-11-21 10:22:17.280] [main] [info] NanoAOD input_file 1: root://cms-xrd-global.cern.ch//store/mc/Run3Summer22EENanoAODv12/ZZto4L_TuneCP5_13p6TeV_powheg-pythia8/NANOAODSIM/130X_mcRun3_2022_realistic_postEE_v6_ext1-v2/2540000/605c2fa6-01bc-489a-b8cb-31e456bf0b54.root - 196245 Events
[2025-11-21 10:22:17.280] [main] [info] input_file 1: root://cms-xrd-global.cern.ch//store/mc/Run3Summer22EENanoAODv12/ZZto4L_TuneCP5_13p6TeV_powheg-pythia8/NANOAODSIM/130X_mcRun3_2022_realistic_postEE_v6_ext1-v2/2540000/605c2fa6-01bc-489a-b8cb-31e456bf0b54.root - SumOfGenWeight: 272950.96301000053 
[2025-11-21 10:22:17.280] [main] [info] Output directory: /eos/user/j/jiahua/MC_2022EE_inc/MC_2022EE_vbf/ZZto4L_powheg_22EE_ext1-v2/605c2fa6-01bc-489a-b8cb-31e456bf0b54.root
[2025-11-21 10:22:17.281] [main] [info] Starting Setup of Dataframe with 196245 events
[2025-11-21 10:23:35.449] [main] [info] Finished Setup
[2025-11-21 10:23:35.449] [main] [info] Runtime for setup (real time: 78.17, CPU time: 73.72)
[2025-11-21 10:23:35.449] [main] [info] Starting Evaluation
[2025-11-21 10:24:03.272] [main] [info] 10000 / 196245 (5.10 %) Events processed ...
[2025-11-21 10:24:13.643] [main] [info] 20000 / 196245 (10.19 %) Events processed ...
[2025-11-21 10:24:25.521] [main] [info] 30000 / 196245 (15.29 %) Events processed ...
[2025-11-21 10:24:39.421] [main] [info] 40000 / 196245 (20.38 %) Events processed ...
[2025-11-21 10:24:51.678] [main] [info] 50000 / 196245 (25.48 %) Events processed ...
[2025-11-21 10:25:03.088] [main] [info] 60000 / 196245 (30.57 %) Events processed ...
[2025-11-21 10:25:14.416] [main] [info] 70000 / 196245 (35.67 %) Events processed ...
[2025-11-21 10:25:27.307] [main] [info] 80000 / 196245 (40.77 %) Events processed ...
[2025-11-21 10:25:37.210] [main] [info] 90000 / 196245 (45.86 %) Events processed ...
[2025-11-21 10:25:47.522] [main] [info] 100000 / 196245 (50.96 %) Events processed ...
[2025-11-21 10:25:58.017] [main] [info] 110000 / 196245 (56.05 %) Events processed ...
[2025-11-21 10:26:10.286] [main] [info] 120000 / 196245 (61.15 %) Events processed ...
[2025-11-21 10:26:19.992] [main] [info] 130000 / 196245 (66.24 %) Events processed ...
[2025-11-21 10:26:31.197] [main] [info] 140000 / 196245 (71.34 %) Events processed ...
[2025-11-21 10:26:42.774] [main] [info] 150000 / 196245 (76.44 %) Events processed ...
[2025-11-21 10:26:54.889] [main] [info] 160000 / 196245 (81.53 %) Events processed ...
[2025-11-21 10:27:06.080] [main] [info] 170000 / 196245 (86.63 %) Events processed ...
[2025-11-21 10:27:16.964] [main] [info] 180000 / 196245 (91.72 %) Events processed ...
[2025-11-21 10:27:26.206] [main] [info] 190000 / 196245 (96.82 %) Events processed ...
[2025-11-21 10:27:34.643] [main] [info] vbfhmm:
GoodJetsCollection: pass=121269     all=196245     -- eff=61.79 % cumulative eff=61.79 %
Flag_goodVertices: pass=121269     all=121269     -- eff=100.00 % cumulative eff=61.79 %
Flag_globalSuperTightHalo2016Filter: pass=121259     all=121269     -- eff=99.99 % cumulative eff=61.79 %
Flag_EcalDeadCellTriggerPrimitiveFilter: pass=121252     all=121259     -- eff=99.99 % cumulative eff=61.79 %
Flag_BadPFMuonFilter: pass=121240     all=121252     -- eff=99.99 % cumulative eff=61.78 %
Flag_BadPFMuonDzFilter: pass=121239     all=121240     -- eff=100.00 % cumulative eff=61.78 %
Flag_eeBadScFilter: pass=121239     all=121239     -- eff=100.00 % cumulative eff=61.78 %
Flag_ecalBadCalibFilter: pass=121212     all=121239     -- eff=99.98 % cumulative eff=61.77 %
Flag_hfNoisyHitsFilter: pass=121202     all=121212     -- eff=99.99 % cumulative eff=61.76 %
Number of muons 2: pass=10514      all=121202     -- eff=8.67 % cumulative eff=5.36 %
Veto VH <= 0 electrons: pass=7808       all=10514      -- eff=74.26 % cumulative eff=3.98 %
DiMuon From Higgs: pass=5678       all=7808       -- eff=72.72 % cumulative eff=2.89 %
LeptonChargeSum: pass=5001       all=5678       -- eff=88.08 % cumulative eff=2.55 %
Hmass>=110: pass=372        all=5001       -- eff=7.44 % cumulative eff=0.19 %
[2025-11-21 10:27:35.268] [main] [info] Writing quantities map to /eos/user/j/jiahua/MC_2022EE_inc/MC_2022EE_vbf/ZZto4L_powheg_22EE_ext1-v2/605c2fa6-01bc-489a-b8cb-31e456bf0b54_vbfhmm.root
[2025-11-21 10:27:35.938] [main] [info] Finished Evaluation
[2025-11-21 10:27:35.938] [main] [info] Overall runtime (real time: 318.66, CPU time: 300.13)
