000 (13047739.133.000) 11/20 09:15:47 Job submitted from host: <188.185.121.235:9618?addrs=188.185.121.235-9618+[2001-1458-d00-49--100-36e]-9618&alias=bigbird22.cern.ch&noUDP&sock=schedd_232129_c3ca>
...
040 (13047739.133.000) 11/20 09:40:09 Started transferring input files
	Transferring to host: <128.142.192.211:9618?addrs=128.142.192.211-9618+[2001-1458-301-56--100-4f]-9618&alias=b9g18p7485.cern.ch&noUDP&sock=slot1_1_3385_c9e3_60257>
...
040 (13047739.133.000) 11/20 09:40:09 Finished transferring input files
...
001 (13047739.133.000) 11/20 09:40:10 Job executing on host: <128.142.192.211:9618?addrs=128.142.192.211-9618+[2001-1458-301-56--100-4f]-9618&alias=b9g18p7485.cern.ch&noUDP&sock=startd_2902_1bed>
	SlotName: slot1_1@b9g18p7485.cern.ch
	CondorScratchDir = "/pool/condor/dir_269609"
	Cpus = 1
	Disk = 15925
	GPUs = 0
	Memory = 3000
...
006 (13047739.133.000) 11/20 09:40:24 Image size of job updated: 102760
	101  -  MemoryUsage of job (MB)
	102760  -  ResidentSetSize of job (KB)
...
006 (13047739.133.000) 11/20 09:42:50 Image size of job updated: 663628
	101  -  MemoryUsage of job (MB)
	102980  -  ResidentSetSize of job (KB)
...
040 (13047739.133.000) 11/20 09:42:50 Started transferring output files
...
040 (13047739.133.000) 11/20 09:42:50 Finished transferring output files
...
005 (13047739.133.000) 11/20 09:42:50 Job terminated.
	(1) Normal termination (return value 134)
		Usr 0 00:02:24, Sys 0 00:00:03  -  Run Remote Usage
		Usr 0 00:00:00, Sys 0 00:00:00  -  Run Local Usage
		Usr 0 00:02:24, Sys 0 00:00:03  -  Total Remote Usage
		Usr 0 00:00:00, Sys 0 00:00:00  -  Total Local Usage
	8458  -  Run Bytes Sent By Job
	11510364  -  Run Bytes Received By Job
	8458  -  Total Bytes Sent By Job
	11510364  -  Total Bytes Received By Job
	Partitionable Resources :    Usage  Request Allocated 
	   Cpus                 :        0        1         1 
	   Disk (KB)            :    11272    12500     15925 
	   GPUs                 :                           0 
	   Memory (MB)          :      101     3000      3000 
	   TimeExecute (s)      :      160                    
	   TimeSlotBusy (s)     :      161                    

	Job terminated of its own accord at 2025-11-20T08:42:50Z with exit-code 134.
...
