000 (13047290.193.000) 11/20 02:50:59 Job submitted from host: <188.185.121.235:9618?addrs=188.185.121.235-9618+[2001-1458-d00-49--100-36e]-9618&alias=bigbird22.cern.ch&noUDP&sock=schedd_232129_c3ca>
...
040 (13047290.193.000) 11/20 03:21:30 Started transferring input files
	Transferring to host: <188.185.195.134:9618?addrs=188.185.195.134-9618+[2001-1458-303-22--100-82]-9618&alias=b9p17p8202.cern.ch&noUDP&sock=slot1_10_7471_bec9_58713>
...
040 (13047290.193.000) 11/20 03:21:30 Finished transferring input files
...
001 (13047290.193.000) 11/20 03:21:31 Job executing on host: <188.185.195.134:9618?addrs=188.185.195.134-9618+[2001-1458-303-22--100-82]-9618&alias=b9p17p8202.cern.ch&noUDP&sock=startd_6129_900c>
	SlotName: slot1_10@b9p17p8202.cern.ch
	CondorScratchDir = "/pool/condor/dir_3472065"
	Cpus = 1
	Disk = 16052
	GPUs = 0
	Memory = 3000
...
006 (13047290.193.000) 11/20 03:21:44 Image size of job updated: 96024
	94  -  MemoryUsage of job (MB)
	96024  -  ResidentSetSize of job (KB)
...
006 (13047290.193.000) 11/20 03:26:44 Image size of job updated: 695176
	679  -  MemoryUsage of job (MB)
	695176  -  ResidentSetSize of job (KB)
...
006 (13047290.193.000) 11/20 03:27:54 Image size of job updated: 695248
	679  -  MemoryUsage of job (MB)
	695176  -  ResidentSetSize of job (KB)
...
040 (13047290.193.000) 11/20 03:27:54 Started transferring output files
...
040 (13047290.193.000) 11/20 03:27:54 Finished transferring output files
...
005 (13047290.193.000) 11/20 03:27:54 Job terminated.
	(1) Normal termination (return value 0)
		Usr 0 00:05:51, Sys 0 00:00:02  -  Run Remote Usage
		Usr 0 00:00:00, Sys 0 00:00:00  -  Run Local Usage
		Usr 0 00:05:51, Sys 0 00:00:02  -  Total Remote Usage
		Usr 0 00:00:00, Sys 0 00:00:00  -  Total Local Usage
	10976  -  Run Bytes Sent By Job
	11506596  -  Run Bytes Received By Job
	10976  -  Total Bytes Sent By Job
	11506596  -  Total Bytes Received By Job
	Partitionable Resources :    Usage  Request Allocated 
	   Cpus                 :        0        1         1 
	   Disk (KB)            :    11272    12500     16052 
	   GPUs                 :                           0 
	   Memory (MB)          :      679     3000      3000 
	   TimeExecute (s)      :      383                    
	   TimeSlotBusy (s)     :      384                    

	Job terminated of its own accord at 2025-11-20T02:27:54Z with exit-code 0.
...
