000 (13047738.331.000) 11/20 09:15:44 Job submitted from host: <188.185.121.235:9618?addrs=188.185.121.235-9618+[2001-1458-d00-49--100-36e]-9618&alias=bigbird22.cern.ch&noUDP&sock=schedd_232129_c3ca>
...
040 (13047738.331.000) 11/20 09:39:08 Started transferring input files
	Transferring to host: <128.142.192.189:9618?addrs=128.142.192.189-9618+[2001-1458-301-56--100-39]-9618&alias=b9g18p5594.cern.ch&noUDP&sock=slot1_31_3205_f65b_64393>
...
040 (13047738.331.000) 11/20 09:39:08 Finished transferring input files
...
001 (13047738.331.000) 11/20 09:39:09 Job executing on host: <128.142.192.189:9618?addrs=128.142.192.189-9618+[2001-1458-301-56--100-39]-9618&alias=b9g18p5594.cern.ch&noUDP&sock=startd_2702_ecfc>
	SlotName: slot1_31@b9g18p5594.cern.ch
	CondorScratchDir = "/pool/condor/dir_2930215"
	Cpus = 1
	Disk = 16249
	GPUs = 0
	Memory = 3000
...
006 (13047738.331.000) 11/20 09:39:23 Image size of job updated: 98416
	97  -  MemoryUsage of job (MB)
	98416  -  ResidentSetSize of job (KB)
...
006 (13047738.331.000) 11/20 09:41:12 Image size of job updated: 668128
	97  -  MemoryUsage of job (MB)
	98416  -  ResidentSetSize of job (KB)
...
040 (13047738.331.000) 11/20 09:41:12 Started transferring output files
...
040 (13047738.331.000) 11/20 09:41:12 Finished transferring output files
...
005 (13047738.331.000) 11/20 09:41:12 Job terminated.
	(1) Normal termination (return value 134)
		Usr 0 00:01:49, Sys 0 00:00:02  -  Run Remote Usage
		Usr 0 00:00:00, Sys 0 00:00:00  -  Run Local Usage
		Usr 0 00:01:49, Sys 0 00:00:02  -  Total Remote Usage
		Usr 0 00:00:00, Sys 0 00:00:00  -  Total Local Usage
	8456  -  Run Bytes Sent By Job
	11510364  -  Run Bytes Received By Job
	8456  -  Total Bytes Sent By Job
	11510364  -  Total Bytes Received By Job
	Partitionable Resources :    Usage  Request Allocated 
	   Cpus                 :     0.77        1         1 
	   Disk (KB)            : 11273       12500     16249 
	   GPUs                 :                           0 
	   Memory (MB)          :    97        3000      3000 
	   TimeExecute (s)      :   123                       
	   TimeSlotBusy (s)     :   124                       

	Job terminated of its own accord at 2025-11-20T08:41:12Z with exit-code 134.
...
