Starting job on \n
Running on: Linux b9p17p8817.cern.ch 5.14.0-570.46.1.el9_6.x86_64 #1 SMP PREEMPT_DYNAMIC Tue Sep 16 03:28:23 EDT 2025 x86_64 x86_64 x86_64 GNU/Linux\n
System software: Red Hat Enterprise Linux release 9.7 (Plow)\n
Setting up CROWN for RedHatEnterprise Version 9.7
subject   : /DC=ch/DC=cern/OU=Organic Units/OU=Users/CN=jiahua/CN=851532/CN=Jiahua Chen/CN=2045128514
issuer    : /DC=ch/DC=cern/OU=Organic Units/OU=Users/CN=jiahua/CN=851532/CN=Jiahua Chen
identity  : /DC=ch/DC=cern/OU=Organic Units/OU=Users/CN=jiahua/CN=851532/CN=Jiahua Chen
type      : RFC compliant proxy
strength  : 2048 bits
path      : /afs/cern.ch/user/j/jiahua/proxy/x509up_u139833
timeleft  : 168:29:25
key usage : Digital Signature, Key Encipherment
=== VO cms extension information ===
VO        : cms
subject   : /DC=ch/DC=cern/OU=Organic Units/OU=Users/CN=jiahua/CN=851532/CN=Jiahua Chen
issuer    : /DC=ch/DC=cern/OU=computers/CN=cms-auth.cern.ch
attribute : /cms/Role=NULL/Capability=NULL
timeleft  : 160:29:24
uri       : voms-cms-auth.cern.ch:15000
subject   : /DC=ch/DC=cern/OU=Organic Units/OU=Users/CN=jiahua/CN=851532/CN=Jiahua Chen/CN=2045128514
issuer    : /DC=ch/DC=cern/OU=Organic Units/OU=Users/CN=jiahua/CN=851532/CN=Jiahua Chen
identity  : /DC=ch/DC=cern/OU=Organic Units/OU=Users/CN=jiahua/CN=851532/CN=Jiahua Chen
type      : RFC compliant proxy
strength  : 2048 bits
path      : /afs/cern.ch/user/j/jiahua/proxy/x509up_u139833
timeleft  : 168:29:25
key usage : Digital Signature, Key Encipherment
=== VO cms extension information ===
VO        : cms
subject   : /DC=ch/DC=cern/OU=Organic Units/OU=Users/CN=jiahua/CN=851532/CN=Jiahua Chen
issuer    : /DC=ch/DC=cern/OU=computers/CN=cms-auth.cern.ch
attribute : /cms/Role=NULL/Capability=NULL
timeleft  : 160:29:24
uri       : voms-cms-auth.cern.ch:15000
/eos/user/j/jiahua/MC_2022EE_inc/MC_2022EE_vbf/ZZto2L2Q_powheg_22EE_ext1-v2/c2495781-a092-4c5c-9038-cfbfd6d06afd.root
[2025-11-21 10:19:18.422] [main] [info] Checking input files
[2025-11-21 10:19:25.076] [main] [info] NanoAOD input_file 1: root://cms-xrd-global.cern.ch//store/mc/Run3Summer22EENanoAODv12/ZZto2L2Q_TuneCP5_13p6TeV_powheg-pythia8/NANOAODSIM/130X_mcRun3_2022_realistic_postEE_v6_ext1-v2/40000/c2495781-a092-4c5c-9038-cfbfd6d06afd.root - 96016 Events
[2025-11-21 10:19:25.076] [main] [info] input_file 1: root://cms-xrd-global.cern.ch//store/mc/Run3Summer22EENanoAODv12/ZZto2L2Q_TuneCP5_13p6TeV_powheg-pythia8/NANOAODSIM/130X_mcRun3_2022_realistic_postEE_v6_ext1-v2/40000/c2495781-a092-4c5c-9038-cfbfd6d06afd.root - SumOfGenWeight: 651998.3599999996 
[2025-11-21 10:19:25.076] [main] [info] Output directory: /eos/user/j/jiahua/MC_2022EE_inc/MC_2022EE_vbf/ZZto2L2Q_powheg_22EE_ext1-v2/c2495781-a092-4c5c-9038-cfbfd6d06afd.root
[2025-11-21 10:19:25.077] [main] [info] Starting Setup of Dataframe with 96016 events
[2025-11-21 10:21:34.940] [main] [info] Finished Setup
[2025-11-21 10:21:34.940] [main] [info] Runtime for setup (real time: 129.86, CPU time: 124.67)
[2025-11-21 10:21:34.940] [main] [info] Starting Evaluation
[2025-11-21 10:22:18.384] [main] [info] 10000 / 96016 (10.41 %) Events processed ...
[2025-11-21 10:22:37.088] [main] [info] 20000 / 96016 (20.83 %) Events processed ...
[2025-11-21 10:22:54.112] [main] [info] 30000 / 96016 (31.24 %) Events processed ...
[2025-11-21 10:23:13.702] [main] [info] 40000 / 96016 (41.66 %) Events processed ...
[2025-11-21 10:23:31.394] [main] [info] 50000 / 96016 (52.07 %) Events processed ...
[2025-11-21 10:23:49.960] [main] [info] 60000 / 96016 (62.49 %) Events processed ...
[2025-11-21 10:24:08.059] [main] [info] 70000 / 96016 (72.90 %) Events processed ...
[2025-11-21 10:24:26.957] [main] [info] 80000 / 96016 (83.32 %) Events processed ...
[2025-11-21 10:24:45.949] [main] [info] 90000 / 96016 (93.73 %) Events processed ...
[2025-11-21 10:24:57.870] [main] [info] vbfhmm:
GoodJetsCollection: pass=71841      all=96016      -- eff=74.82 % cumulative eff=74.82 %
Flag_goodVertices: pass=71841      all=71841      -- eff=100.00 % cumulative eff=74.82 %
Flag_globalSuperTightHalo2016Filter: pass=71834      all=71841      -- eff=99.99 % cumulative eff=74.81 %
Flag_EcalDeadCellTriggerPrimitiveFilter: pass=71828      all=71834      -- eff=99.99 % cumulative eff=74.81 %
Flag_BadPFMuonFilter: pass=71823      all=71828      -- eff=99.99 % cumulative eff=74.80 %
Flag_BadPFMuonDzFilter: pass=71821      all=71823      -- eff=100.00 % cumulative eff=74.80 %
Flag_eeBadScFilter: pass=71821      all=71821      -- eff=100.00 % cumulative eff=74.80 %
Flag_ecalBadCalibFilter: pass=71811      all=71821      -- eff=99.99 % cumulative eff=74.79 %
Flag_hfNoisyHitsFilter: pass=71810      all=71811      -- eff=100.00 % cumulative eff=74.79 %
Number of muons 2: pass=5208       all=71810      -- eff=7.25 % cumulative eff=5.42 %
Veto VH <= 0 electrons: pass=5195       all=5208       -- eff=99.75 % cumulative eff=5.41 %
DiMuon From Higgs: pass=4696       all=5195       -- eff=90.39 % cumulative eff=4.89 %
LeptonChargeSum: pass=4694       all=4696       -- eff=99.96 % cumulative eff=4.89 %
Hmass>=110: pass=251        all=4694       -- eff=5.35 % cumulative eff=0.26 %
[2025-11-21 10:24:58.402] [main] [info] Writing quantities map to /eos/user/j/jiahua/MC_2022EE_inc/MC_2022EE_vbf/ZZto2L2Q_powheg_22EE_ext1-v2/c2495781-a092-4c5c-9038-cfbfd6d06afd_vbfhmm.root
[2025-11-21 10:24:58.471] [main] [info] Finished Evaluation
[2025-11-21 10:24:58.471] [main] [info] Overall runtime (real time: 333.39, CPU time: 319.68)
