000 (13047292.367.000) 11/20 02:51:11 Job submitted from host: <188.185.121.235:9618?addrs=188.185.121.235-9618+[2001-1458-d00-49--100-36e]-9618&alias=bigbird22.cern.ch&noUDP&sock=schedd_232129_c3ca>
...
040 (13047292.367.000) 11/20 03:19:51 Started transferring input files
	Transferring to host: <188.185.214.145:9618?addrs=188.185.214.145-9618+[2001-1458-303-1d--100-d]-9618&alias=b9p30p1671.cern.ch&noUDP&sock=slot1_19_7296_7122_62300>
...
040 (13047292.367.000) 11/20 03:19:51 Finished transferring input files
...
001 (13047292.367.000) 11/20 03:19:52 Job executing on host: <188.185.214.145:9618?addrs=188.185.214.145-9618+[2001-1458-303-1d--100-d]-9618&alias=b9p30p1671.cern.ch&noUDP&sock=startd_6631_e497>
	SlotName: slot1_19@b9p30p1671.cern.ch
	CondorScratchDir = "/pool/condor/dir_1816762"
	Cpus = 1
	Disk = 16057
	GPUs = 0
	Memory = 3000
...
006 (13047292.367.000) 11/20 03:20:06 Image size of job updated: 152664
	150  -  MemoryUsage of job (MB)
	152664  -  ResidentSetSize of job (KB)
...
006 (13047292.367.000) 11/20 03:21:56 Image size of job updated: 693596
	150  -  MemoryUsage of job (MB)
	152664  -  ResidentSetSize of job (KB)
...
040 (13047292.367.000) 11/20 03:21:56 Started transferring output files
...
040 (13047292.367.000) 11/20 03:21:56 Finished transferring output files
...
005 (13047292.367.000) 11/20 03:21:56 Job terminated.
	(1) Normal termination (return value 0)
		Usr 0 00:01:47, Sys 0 00:00:03  -  Run Remote Usage
		Usr 0 00:00:00, Sys 0 00:00:00  -  Run Local Usage
		Usr 0 00:01:47, Sys 0 00:00:03  -  Total Remote Usage
		Usr 0 00:00:00, Sys 0 00:00:00  -  Total Local Usage
	9846  -  Run Bytes Sent By Job
	11506596  -  Run Bytes Received By Job
	9846  -  Total Bytes Sent By Job
	11506596  -  Total Bytes Received By Job
	Partitionable Resources :    Usage  Request Allocated 
	   Cpus                 :        0        1         1 
	   Disk (KB)            :    11270    12500     16057 
	   GPUs                 :                           0 
	   Memory (MB)          :      150     3000      3000 
	   TimeExecute (s)      :      124                    
	   TimeSlotBusy (s)     :      125                    

	Job terminated of its own accord at 2025-11-20T02:21:56Z with exit-code 0.
...
