000 (13047290.215.000) 11/20 02:50:59 Job submitted from host: <188.185.121.235:9618?addrs=188.185.121.235-9618+[2001-1458-d00-49--100-36e]-9618&alias=bigbird22.cern.ch&noUDP&sock=schedd_232129_c3ca>
...
040 (13047290.215.000) 11/20 03:13:29 Started transferring input files
	Transferring to host: <188.185.215.27:9618?addrs=188.185.215.27-9618+[2001-1458-303-1e--100-17]-9618&alias=b9p31p3827.cern.ch&noUDP&sock=slot1_47_7519_90cb_64566>
...
040 (13047290.215.000) 11/20 03:13:29 Finished transferring input files
...
001 (13047290.215.000) 11/20 03:13:30 Job executing on host: <188.185.215.27:9618?addrs=188.185.215.27-9618+[2001-1458-303-1e--100-17]-9618&alias=b9p31p3827.cern.ch&noUDP&sock=startd_6626_769e>
	SlotName: slot1_47@b9p31p3827.cern.ch
	CondorScratchDir = "/pool/condor/dir_3058841"
	Cpus = 1
	Disk = 16250
	GPUs = 0
	Memory = 3000
...
006 (13047290.215.000) 11/20 03:13:44 Image size of job updated: 153236
	150  -  MemoryUsage of job (MB)
	153236  -  ResidentSetSize of job (KB)
...
006 (13047290.215.000) 11/20 03:16:38 Image size of job updated: 699008
	150  -  MemoryUsage of job (MB)
	153236  -  ResidentSetSize of job (KB)
...
040 (13047290.215.000) 11/20 03:16:38 Started transferring output files
...
040 (13047290.215.000) 11/20 03:16:38 Finished transferring output files
...
005 (13047290.215.000) 11/20 03:16:38 Job terminated.
	(1) Normal termination (return value 0)
		Usr 0 00:01:47, Sys 0 00:00:02  -  Run Remote Usage
		Usr 0 00:00:00, Sys 0 00:00:00  -  Run Local Usage
		Usr 0 00:01:47, Sys 0 00:00:02  -  Total Remote Usage
		Usr 0 00:00:00, Sys 0 00:00:00  -  Total Local Usage
	10103  -  Run Bytes Sent By Job
	11506596  -  Run Bytes Received By Job
	10103  -  Total Bytes Sent By Job
	11506596  -  Total Bytes Received By Job
	Partitionable Resources :    Usage  Request Allocated 
	   Cpus                 :     0.99        1         1 
	   Disk (KB)            : 11270       12500     16250 
	   GPUs                 :                           0 
	   Memory (MB)          :   150        3000      3000 
	   TimeExecute (s)      :   188                       
	   TimeSlotBusy (s)     :   189                       

	Job terminated of its own accord at 2025-11-20T02:16:38Z with exit-code 0.
...
