000 (13047738.037.000) 11/20 09:15:43 Job submitted from host: <188.185.121.235:9618?addrs=188.185.121.235-9618+[2001-1458-d00-49--100-36e]-9618&alias=bigbird22.cern.ch&noUDP&sock=schedd_232129_c3ca>
...
040 (13047738.037.000) 11/20 09:37:23 Started transferring input files
	Transferring to host: <128.142.192.144:9618?addrs=128.142.192.144-9618+[2001-1458-301-56--100-c]-9618&alias=b9g18p2635.cern.ch&noUDP&sock=slot1_15_5142_c10a_61881>
...
040 (13047738.037.000) 11/20 09:37:23 Finished transferring input files
...
001 (13047738.037.000) 11/20 09:37:24 Job executing on host: <128.142.192.144:9618?addrs=128.142.192.144-9618+[2001-1458-301-56--100-c]-9618&alias=b9g18p2635.cern.ch&noUDP&sock=startd_4107_a38d>
	SlotName: slot1_15@b9g18p2635.cern.ch
	CondorScratchDir = "/pool/condor/dir_656924"
	Cpus = 1
	Disk = 16116
	GPUs = 0
	Memory = 3000
...
006 (13047738.037.000) 11/20 09:37:37 Image size of job updated: 95568
	94  -  MemoryUsage of job (MB)
	95568  -  ResidentSetSize of job (KB)
...
006 (13047738.037.000) 11/20 09:39:25 Image size of job updated: 679212
	94  -  MemoryUsage of job (MB)
	95568  -  ResidentSetSize of job (KB)
...
040 (13047738.037.000) 11/20 09:39:25 Started transferring output files
...
040 (13047738.037.000) 11/20 09:39:25 Finished transferring output files
...
005 (13047738.037.000) 11/20 09:39:25 Job terminated.
	(1) Normal termination (return value 134)
		Usr 0 00:01:47, Sys 0 00:00:02  -  Run Remote Usage
		Usr 0 00:00:00, Sys 0 00:00:00  -  Run Local Usage
		Usr 0 00:01:47, Sys 0 00:00:02  -  Total Remote Usage
		Usr 0 00:00:00, Sys 0 00:00:00  -  Total Local Usage
	8449  -  Run Bytes Sent By Job
	11510364  -  Run Bytes Received By Job
	8449  -  Total Bytes Sent By Job
	11510364  -  Total Bytes Received By Job
	Partitionable Resources :    Usage  Request Allocated 
	   Cpus                 :        0        1         1 
	   Disk (KB)            :    11272    12500     16116 
	   GPUs                 :                           0 
	   Memory (MB)          :       94     3000      3000 
	   TimeExecute (s)      :      121                    
	   TimeSlotBusy (s)     :      122                    

	Job terminated of its own accord at 2025-11-20T08:39:25Z with exit-code 134.
...
