Starting job on \n
Running on: Linux b9p28p5030.cern.ch 5.14.0-570.44.1.el9_6.x86_64 #1 SMP PREEMPT_DYNAMIC Tue Sep 9 05:17:30 EDT 2025 x86_64 x86_64 x86_64 GNU/Linux\n
System software: Red Hat Enterprise Linux release 9.7 (Plow)\n
Setting up CROWN for RedHatEnterprise Version 9.7
subject   : /DC=ch/DC=cern/OU=Organic Units/OU=Users/CN=jiahua/CN=851532/CN=Jiahua Chen/CN=2045128514
issuer    : /DC=ch/DC=cern/OU=Organic Units/OU=Users/CN=jiahua/CN=851532/CN=Jiahua Chen
identity  : /DC=ch/DC=cern/OU=Organic Units/OU=Users/CN=jiahua/CN=851532/CN=Jiahua Chen
type      : RFC compliant proxy
strength  : 2048 bits
path      : /afs/cern.ch/user/j/jiahua/proxy/x509up_u139833
timeleft  : 199:32:45
key usage : Digital Signature, Key Encipherment
=== VO cms extension information ===
VO        : cms
subject   : /DC=ch/DC=cern/OU=Organic Units/OU=Users/CN=jiahua/CN=851532/CN=Jiahua Chen
issuer    : /DC=ch/DC=cern/OU=computers/CN=cms-auth.cern.ch
attribute : /cms/Role=NULL/Capability=NULL
timeleft  : 191:32:44
uri       : voms-cms-auth.cern.ch:15000
subject   : /DC=ch/DC=cern/OU=Organic Units/OU=Users/CN=jiahua/CN=851532/CN=Jiahua Chen/CN=2045128514
issuer    : /DC=ch/DC=cern/OU=Organic Units/OU=Users/CN=jiahua/CN=851532/CN=Jiahua Chen
identity  : /DC=ch/DC=cern/OU=Organic Units/OU=Users/CN=jiahua/CN=851532/CN=Jiahua Chen
type      : RFC compliant proxy
strength  : 2048 bits
path      : /afs/cern.ch/user/j/jiahua/proxy/x509up_u139833
timeleft  : 199:32:45
key usage : Digital Signature, Key Encipherment
=== VO cms extension information ===
VO        : cms
subject   : /DC=ch/DC=cern/OU=Organic Units/OU=Users/CN=jiahua/CN=851532/CN=Jiahua Chen
issuer    : /DC=ch/DC=cern/OU=computers/CN=cms-auth.cern.ch
attribute : /cms/Role=NULL/Capability=NULL
timeleft  : 191:32:44
uri       : voms-cms-auth.cern.ch:15000
/eos/user/j/jiahua/MC_2022EE_inc/MC_2022EE_vbf/ZZto4L_powheg_22EE_ext1-v2/33ab48ef-5882-496d-b465-efca942e0e24.root
[2025-11-20 03:15:58.507] [main] [info] Checking input files
[2025-11-20 03:16:04.238] [main] [info] NanoAOD input_file 1: root://cms-xrd-global.cern.ch//store/mc/Run3Summer22EENanoAODv12/ZZto4L_TuneCP5_13p6TeV_powheg-pythia8/NANOAODSIM/130X_mcRun3_2022_realistic_postEE_v6_ext1-v2/2530000/33ab48ef-5882-496d-b465-efca942e0e24.root - 191100 Events
[2025-11-20 03:16:04.238] [main] [info] input_file 1: root://cms-xrd-global.cern.ch//store/mc/Run3Summer22EENanoAODv12/ZZto4L_TuneCP5_13p6TeV_powheg-pythia8/NANOAODSIM/130X_mcRun3_2022_realistic_postEE_v6_ext1-v2/2530000/33ab48ef-5882-496d-b465-efca942e0e24.root - SumOfGenWeight: 265587.2007800004 
[2025-11-20 03:16:04.238] [main] [info] Output directory: /eos/user/j/jiahua/MC_2022EE_inc/MC_2022EE_vbf/ZZto4L_powheg_22EE_ext1-v2/33ab48ef-5882-496d-b465-efca942e0e24.root
[2025-11-20 03:16:04.239] [main] [info] Starting Setup of Dataframe with 191100 events
[2025-11-20 03:17:23.327] [main] [info] Finished Setup
[2025-11-20 03:17:23.327] [main] [info] Runtime for setup (real time: 79.09, CPU time: 74.44)
[2025-11-20 03:17:23.327] [main] [info] Starting Evaluation
[2025-11-20 03:17:56.385] [main] [info] 10000 / 191100 (5.23 %) Events processed ...
[2025-11-20 03:18:05.745] [main] [info] 20000 / 191100 (10.47 %) Events processed ...
[2025-11-20 03:18:15.356] [main] [info] 30000 / 191100 (15.70 %) Events processed ...
[2025-11-20 03:18:28.587] [main] [info] 40000 / 191100 (20.93 %) Events processed ...
[2025-11-20 03:18:39.539] [main] [info] 50000 / 191100 (26.16 %) Events processed ...
[2025-11-20 03:18:49.999] [main] [info] 60000 / 191100 (31.40 %) Events processed ...
[2025-11-20 03:18:58.803] [main] [info] 70000 / 191100 (36.63 %) Events processed ...
[2025-11-20 03:19:11.913] [main] [info] 80000 / 191100 (41.86 %) Events processed ...
[2025-11-20 03:19:22.146] [main] [info] 90000 / 191100 (47.10 %) Events processed ...
[2025-11-20 03:19:31.575] [main] [info] 100000 / 191100 (52.33 %) Events processed ...
[2025-11-20 03:19:41.463] [main] [info] 110000 / 191100 (57.56 %) Events processed ...
[2025-11-20 03:19:54.567] [main] [info] 120000 / 191100 (62.79 %) Events processed ...
[2025-11-20 03:20:06.240] [main] [info] 130000 / 191100 (68.03 %) Events processed ...
[2025-11-20 03:20:17.200] [main] [info] 140000 / 191100 (73.26 %) Events processed ...
[2025-11-20 03:20:26.611] [main] [info] 150000 / 191100 (78.49 %) Events processed ...
[2025-11-20 03:20:41.007] [main] [info] 160000 / 191100 (83.73 %) Events processed ...
[2025-11-20 03:20:50.142] [main] [info] 170000 / 191100 (88.96 %) Events processed ...
[2025-11-20 03:20:59.109] [main] [info] 180000 / 191100 (94.19 %) Events processed ...
[2025-11-20 03:21:08.071] [main] [info] 190000 / 191100 (99.42 %) Events processed ...
[2025-11-20 03:21:10.096] [main] [info] vbfhmm:
GoodJetsCollection: pass=118463     all=191100     -- eff=61.99 % cumulative eff=61.99 %
Flag_goodVertices: pass=118463     all=118463     -- eff=100.00 % cumulative eff=61.99 %
Flag_globalSuperTightHalo2016Filter: pass=118452     all=118463     -- eff=99.99 % cumulative eff=61.98 %
Flag_EcalDeadCellTriggerPrimitiveFilter: pass=118448     all=118452     -- eff=100.00 % cumulative eff=61.98 %
Flag_BadPFMuonFilter: pass=118444     all=118448     -- eff=100.00 % cumulative eff=61.98 %
Flag_BadPFMuonDzFilter: pass=118443     all=118444     -- eff=100.00 % cumulative eff=61.98 %
Flag_eeBadScFilter: pass=118443     all=118443     -- eff=100.00 % cumulative eff=61.98 %
Flag_ecalBadCalibFilter: pass=118425     all=118443     -- eff=99.98 % cumulative eff=61.97 %
Flag_hfNoisyHitsFilter: pass=118416     all=118425     -- eff=99.99 % cumulative eff=61.97 %
Number of muons 2: pass=10270      all=118416     -- eff=8.67 % cumulative eff=5.37 %
Veto VH <= 0 electrons: pass=7608       all=10270      -- eff=74.08 % cumulative eff=3.98 %
DiMuon From Higgs: pass=5622       all=7608       -- eff=73.90 % cumulative eff=2.94 %
LeptonChargeSum: pass=4903       all=5622       -- eff=87.21 % cumulative eff=2.57 %
Hmass>=110: pass=372        all=4903       -- eff=7.59 % cumulative eff=0.19 %
[2025-11-20 03:21:10.223] [main] [info] Writing quantities map to /eos/user/j/jiahua/MC_2022EE_inc/MC_2022EE_vbf/ZZto4L_powheg_22EE_ext1-v2/33ab48ef-5882-496d-b465-efca942e0e24_vbfhmm.root
[2025-11-20 03:21:10.287] [main] [info] Finished Evaluation
[2025-11-20 03:21:10.287] [main] [info] Overall runtime (real time: 306.05, CPU time: 281.92)
