000 (13087774.290.000) 11/21 10:07:42 Job submitted from host: <188.185.121.235:9618?addrs=188.185.121.235-9618+[2001-1458-d00-49--100-36e]-9618&alias=bigbird22.cern.ch&noUDP&sock=schedd_232129_c3ca>
...
040 (13087774.290.000) 11/21 10:19:49 Started transferring input files
	Transferring to host: <188.185.208.210:9618?addrs=188.185.208.210-9618+[2001-1458-303-10--100-4f]-9618&alias=b9p10p4406.cern.ch&noUDP&sock=slot1_23_9242_9331_56819>
...
040 (13087774.290.000) 11/21 10:19:49 Finished transferring input files
...
001 (13087774.290.000) 11/21 10:19:50 Job executing on host: <188.185.208.210:9618?addrs=188.185.208.210-9618+[2001-1458-303-10--100-4f]-9618&alias=b9p10p4406.cern.ch&noUDP&sock=startd_7744_517f>
	SlotName: slot1_23@b9p10p4406.cern.ch
	CondorScratchDir = "/pool/condor/dir_2560163"
	Cpus = 1
	Disk = 16045
	GPUs = 0
	Memory = 3000
...
006 (13087774.290.000) 11/21 10:20:04 Image size of job updated: 153088
	150  -  MemoryUsage of job (MB)
	153088  -  ResidentSetSize of job (KB)
...
006 (13087774.290.000) 11/21 10:21:52 Image size of job updated: 698284
	150  -  MemoryUsage of job (MB)
	153088  -  ResidentSetSize of job (KB)
...
040 (13087774.290.000) 11/21 10:21:52 Started transferring output files
...
040 (13087774.290.000) 11/21 10:21:52 Finished transferring output files
...
005 (13087774.290.000) 11/21 10:21:52 Job terminated.
	(1) Normal termination (return value 0)
		Usr 0 00:01:46, Sys 0 00:00:02  -  Run Remote Usage
		Usr 0 00:00:00, Sys 0 00:00:00  -  Run Local Usage
		Usr 0 00:01:46, Sys 0 00:00:02  -  Total Remote Usage
		Usr 0 00:00:00, Sys 0 00:00:00  -  Total Local Usage
	9929  -  Run Bytes Sent By Job
	11510364  -  Run Bytes Received By Job
	9929  -  Total Bytes Sent By Job
	11510364  -  Total Bytes Received By Job
	Partitionable Resources :    Usage  Request Allocated 
	   Cpus                 :        0        1         1 
	   Disk (KB)            :    11276    12500     16045 
	   GPUs                 :                           0 
	   Memory (MB)          :      150     3000      3000 
	   TimeExecute (s)      :      122                    
	   TimeSlotBusy (s)     :      123                    

	Job terminated of its own accord at 2025-11-21T09:21:52Z with exit-code 0.
...
