Starting job on \n
Running on: Linux b9g32p1086.cern.ch 5.14.0-570.44.1.el9_6.x86_64 #1 SMP PREEMPT_DYNAMIC Tue Sep 9 05:17:30 EDT 2025 x86_64 x86_64 x86_64 GNU/Linux\n
System software: Red Hat Enterprise Linux release 9.7 (Plow)\n
Setting up CROWN for RedHatEnterprise Version 9.7
subject   : /DC=ch/DC=cern/OU=Organic Units/OU=Users/CN=jiahua/CN=851532/CN=Jiahua Chen/CN=2045128514
issuer    : /DC=ch/DC=cern/OU=Organic Units/OU=Users/CN=jiahua/CN=851532/CN=Jiahua Chen
identity  : /DC=ch/DC=cern/OU=Organic Units/OU=Users/CN=jiahua/CN=851532/CN=Jiahua Chen
type      : RFC compliant proxy
strength  : 2048 bits
path      : /afs/cern.ch/user/j/jiahua/proxy/x509up_u139833
timeleft  : 168:30:29
key usage : Digital Signature, Key Encipherment
=== VO cms extension information ===
VO        : cms
subject   : /DC=ch/DC=cern/OU=Organic Units/OU=Users/CN=jiahua/CN=851532/CN=Jiahua Chen
issuer    : /DC=ch/DC=cern/OU=computers/CN=cms-auth.cern.ch
attribute : /cms/Role=NULL/Capability=NULL
timeleft  : 160:30:28
uri       : voms-cms-auth.cern.ch:15000
subject   : /DC=ch/DC=cern/OU=Organic Units/OU=Users/CN=jiahua/CN=851532/CN=Jiahua Chen/CN=2045128514
issuer    : /DC=ch/DC=cern/OU=Organic Units/OU=Users/CN=jiahua/CN=851532/CN=Jiahua Chen
identity  : /DC=ch/DC=cern/OU=Organic Units/OU=Users/CN=jiahua/CN=851532/CN=Jiahua Chen
type      : RFC compliant proxy
strength  : 2048 bits
path      : /afs/cern.ch/user/j/jiahua/proxy/x509up_u139833
timeleft  : 168:30:29
key usage : Digital Signature, Key Encipherment
=== VO cms extension information ===
VO        : cms
subject   : /DC=ch/DC=cern/OU=Organic Units/OU=Users/CN=jiahua/CN=851532/CN=Jiahua Chen
issuer    : /DC=ch/DC=cern/OU=computers/CN=cms-auth.cern.ch
attribute : /cms/Role=NULL/Capability=NULL
timeleft  : 160:30:28
uri       : voms-cms-auth.cern.ch:15000
/eos/user/j/jiahua/MC_2022EE_inc/MC_2022EE_vbf/ZZto2L2Nu_powheg_22EE_ext1-v2/2bc286fd-daf5-478f-ba3b-7d18e9ced359.root
[2025-11-21 10:18:14.699] [main] [info] Checking input files
[2025-11-21 10:18:24.272] [main] [info] NanoAOD input_file 1: root://cms-xrd-global.cern.ch//store/mc/Run3Summer22EENanoAODv12/ZZto2L2Nu_TuneCP5_13p6TeV_powheg-pythia8/NANOAODSIM/130X_mcRun3_2022_realistic_postEE_v6_ext1-v2/30000/2bc286fd-daf5-478f-ba3b-7d18e9ced359.root - 170392 Events
[2025-11-21 10:18:24.272] [main] [info] input_file 1: root://cms-xrd-global.cern.ch//store/mc/Run3Summer22EENanoAODv12/ZZto2L2Nu_TuneCP5_13p6TeV_powheg-pythia8/NANOAODSIM/130X_mcRun3_2022_realistic_postEE_v6_ext1-v2/30000/2bc286fd-daf5-478f-ba3b-7d18e9ced359.root - SumOfGenWeight: 175629.43236 
[2025-11-21 10:18:24.272] [main] [info] Output directory: /eos/user/j/jiahua/MC_2022EE_inc/MC_2022EE_vbf/ZZto2L2Nu_powheg_22EE_ext1-v2/2bc286fd-daf5-478f-ba3b-7d18e9ced359.root
[2025-11-21 10:18:24.277] [main] [info] Starting Setup of Dataframe with 170392 events
[2025-11-21 10:19:41.193] [main] [info] Finished Setup
[2025-11-21 10:19:41.193] [main] [info] Runtime for setup (real time: 76.92, CPU time: 70.73)
[2025-11-21 10:19:41.193] [main] [info] Starting Evaluation
[2025-11-21 10:20:07.679] [main] [info] 10000 / 170392 (5.87 %) Events processed ...
[2025-11-21 10:20:18.906] [main] [info] 20000 / 170392 (11.74 %) Events processed ...
[2025-11-21 10:20:29.712] [main] [info] 30000 / 170392 (17.61 %) Events processed ...
[2025-11-21 10:20:40.195] [main] [info] 40000 / 170392 (23.48 %) Events processed ...
[2025-11-21 10:20:53.179] [main] [info] 50000 / 170392 (29.34 %) Events processed ...
[2025-11-21 10:21:04.286] [main] [info] 60000 / 170392 (35.21 %) Events processed ...
[2025-11-21 10:21:14.518] [main] [info] 70000 / 170392 (41.08 %) Events processed ...
[2025-11-21 10:21:25.360] [main] [info] 80000 / 170392 (46.95 %) Events processed ...
[2025-11-21 10:21:38.276] [main] [info] 90000 / 170392 (52.82 %) Events processed ...
[2025-11-21 10:21:49.465] [main] [info] 100000 / 170392 (58.69 %) Events processed ...
[2025-11-21 10:22:00.236] [main] [info] 110000 / 170392 (64.56 %) Events processed ...
[2025-11-21 10:22:11.285] [main] [info] 120000 / 170392 (70.43 %) Events processed ...
[2025-11-21 10:22:24.832] [main] [info] 130000 / 170392 (76.29 %) Events processed ...
[2025-11-21 10:22:36.326] [main] [info] 140000 / 170392 (82.16 %) Events processed ...
[2025-11-21 10:22:48.185] [main] [info] 150000 / 170392 (88.03 %) Events processed ...
[2025-11-21 10:22:59.610] [main] [info] 160000 / 170392 (93.90 %) Events processed ...
[2025-11-21 10:23:12.939] [main] [info] 170000 / 170392 (99.77 %) Events processed ...
[2025-11-21 10:23:13.748] [main] [info] vbfhmm:
GoodJetsCollection: pass=110032     all=170392     -- eff=64.58 % cumulative eff=64.58 %
Flag_goodVertices: pass=110032     all=110032     -- eff=100.00 % cumulative eff=64.58 %
Flag_globalSuperTightHalo2016Filter: pass=110026     all=110032     -- eff=99.99 % cumulative eff=64.57 %
Flag_EcalDeadCellTriggerPrimitiveFilter: pass=110021     all=110026     -- eff=100.00 % cumulative eff=64.57 %
Flag_BadPFMuonFilter: pass=110014     all=110021     -- eff=99.99 % cumulative eff=64.57 %
Flag_BadPFMuonDzFilter: pass=110011     all=110014     -- eff=100.00 % cumulative eff=64.56 %
Flag_eeBadScFilter: pass=110011     all=110011     -- eff=100.00 % cumulative eff=64.56 %
Flag_ecalBadCalibFilter: pass=109975     all=110011     -- eff=99.97 % cumulative eff=64.54 %
Flag_hfNoisyHitsFilter: pass=109972     all=109975     -- eff=100.00 % cumulative eff=64.54 %
Number of muons 2: pass=7540       all=109972     -- eff=6.86 % cumulative eff=4.43 %
Veto VH <= 0 electrons: pass=7538       all=7540       -- eff=99.97 % cumulative eff=4.42 %
DiMuon From Higgs: pass=6990       all=7538       -- eff=92.73 % cumulative eff=4.10 %
LeptonChargeSum: pass=6990       all=6990       -- eff=100.00 % cumulative eff=4.10 %
Hmass>=110: pass=374        all=6990       -- eff=5.35 % cumulative eff=0.22 %
[2025-11-21 10:23:14.097] [main] [info] Writing quantities map to /eos/user/j/jiahua/MC_2022EE_inc/MC_2022EE_vbf/ZZto2L2Nu_powheg_22EE_ext1-v2/2bc286fd-daf5-478f-ba3b-7d18e9ced359_vbfhmm.root
[2025-11-21 10:23:14.241] [main] [info] Finished Evaluation
[2025-11-21 10:23:14.241] [main] [info] Overall runtime (real time: 289.97, CPU time: 266.86)
