000 (13047291.253.000) 11/20 02:51:05 Job submitted from host: <188.185.121.235:9618?addrs=188.185.121.235-9618+[2001-1458-d00-49--100-36e]-9618&alias=bigbird22.cern.ch&noUDP&sock=schedd_232129_c3ca>
...
040 (13047291.253.000) 11/20 03:16:59 Started transferring input files
	Transferring to host: <188.185.192.153:9618?addrs=188.185.192.153-9618+[2001-1458-303-1f--100-95]-9618&alias=b9p13p8673.cern.ch&noUDP&sock=slot1_8_6827_fd2f_57297>
...
040 (13047291.253.000) 11/20 03:16:59 Finished transferring input files
...
001 (13047291.253.000) 11/20 03:17:00 Job executing on host: <188.185.192.153:9618?addrs=188.185.192.153-9618+[2001-1458-303-1f--100-95]-9618&alias=b9p13p8673.cern.ch&noUDP&sock=startd_5807_b28d>
	SlotName: slot1_8@b9p13p8673.cern.ch
	CondorScratchDir = "/pool/condor/dir_3893251"
	Cpus = 1
	Disk = 16215
	GPUs = 0
	Memory = 3000
...
006 (13047291.253.000) 11/20 03:17:13 Image size of job updated: 95152
	93  -  MemoryUsage of job (MB)
	95152  -  ResidentSetSize of job (KB)
...
006 (13047291.253.000) 11/20 03:22:13 Image size of job updated: 695152
	679  -  MemoryUsage of job (MB)
	695152  -  ResidentSetSize of job (KB)
...
006 (13047291.253.000) 11/20 03:24:23 Image size of job updated: 695288
	679  -  MemoryUsage of job (MB)
	695152  -  ResidentSetSize of job (KB)
...
040 (13047291.253.000) 11/20 03:24:23 Started transferring output files
...
040 (13047291.253.000) 11/20 03:24:23 Finished transferring output files
...
005 (13047291.253.000) 11/20 03:24:23 Job terminated.
	(1) Normal termination (return value 0)
		Usr 0 00:07:02, Sys 0 00:00:03  -  Run Remote Usage
		Usr 0 00:00:00, Sys 0 00:00:00  -  Run Local Usage
		Usr 0 00:07:02, Sys 0 00:00:03  -  Total Remote Usage
		Usr 0 00:00:00, Sys 0 00:00:00  -  Total Local Usage
	11220  -  Run Bytes Sent By Job
	11506596  -  Run Bytes Received By Job
	11220  -  Total Bytes Sent By Job
	11506596  -  Total Bytes Received By Job
	Partitionable Resources :    Usage  Request Allocated 
	   Cpus                 :     0.99        1         1 
	   Disk (KB)            : 11271       12500     16215 
	   GPUs                 :                           0 
	   Memory (MB)          :   679        3000      3000 
	   TimeExecute (s)      :   443                       
	   TimeSlotBusy (s)     :   445                       

	Job terminated of its own accord at 2025-11-20T02:24:23Z with exit-code 0.
...
