Starting job on \n
Running on: Linux b9p30p0608.cern.ch 5.14.0-570.44.1.el9_6.x86_64 #1 SMP PREEMPT_DYNAMIC Tue Sep 9 05:17:30 EDT 2025 x86_64 x86_64 x86_64 GNU/Linux\n
System software: Red Hat Enterprise Linux release 9.7 (Plow)\n
Setting up CROWN for RedHatEnterprise Version 9.7
subject   : /DC=ch/DC=cern/OU=Organic Units/OU=Users/CN=jiahua/CN=851532/CN=Jiahua Chen/CN=2045128514
issuer    : /DC=ch/DC=cern/OU=Organic Units/OU=Users/CN=jiahua/CN=851532/CN=Jiahua Chen
identity  : /DC=ch/DC=cern/OU=Organic Units/OU=Users/CN=jiahua/CN=851532/CN=Jiahua Chen
type      : RFC compliant proxy
strength  : 2048 bits
path      : /afs/cern.ch/user/j/jiahua/proxy/x509up_u139833
timeleft  : 168:32:55
key usage : Digital Signature, Key Encipherment
=== VO cms extension information ===
VO        : cms
subject   : /DC=ch/DC=cern/OU=Organic Units/OU=Users/CN=jiahua/CN=851532/CN=Jiahua Chen
issuer    : /DC=ch/DC=cern/OU=computers/CN=cms-auth.cern.ch
attribute : /cms/Role=NULL/Capability=NULL
timeleft  : 160:32:54
uri       : voms-cms-auth.cern.ch:15000
subject   : /DC=ch/DC=cern/OU=Organic Units/OU=Users/CN=jiahua/CN=851532/CN=Jiahua Chen/CN=2045128514
issuer    : /DC=ch/DC=cern/OU=Organic Units/OU=Users/CN=jiahua/CN=851532/CN=Jiahua Chen
identity  : /DC=ch/DC=cern/OU=Organic Units/OU=Users/CN=jiahua/CN=851532/CN=Jiahua Chen
type      : RFC compliant proxy
strength  : 2048 bits
path      : /afs/cern.ch/user/j/jiahua/proxy/x509up_u139833
timeleft  : 168:32:55
key usage : Digital Signature, Key Encipherment
=== VO cms extension information ===
VO        : cms
subject   : /DC=ch/DC=cern/OU=Organic Units/OU=Users/CN=jiahua/CN=851532/CN=Jiahua Chen
issuer    : /DC=ch/DC=cern/OU=computers/CN=cms-auth.cern.ch
attribute : /cms/Role=NULL/Capability=NULL
timeleft  : 160:32:54
uri       : voms-cms-auth.cern.ch:15000
/eos/user/j/jiahua/MC_2022EE_inc/MC_2022EE_vbf/ZZto2L2Nu_powheg_22EE_ext1-v2/0a62c4e5-0e1f-4712-b383-57307fe4176a.root
[2025-11-21 10:15:49.081] [main] [info] Checking input files
[2025-11-21 10:15:52.606] [main] [info] NanoAOD input_file 1: root://cms-xrd-global.cern.ch//store/mc/Run3Summer22EENanoAODv12/ZZto2L2Nu_TuneCP5_13p6TeV_powheg-pythia8/NANOAODSIM/130X_mcRun3_2022_realistic_postEE_v6_ext1-v2/2520000/0a62c4e5-0e1f-4712-b383-57307fe4176a.root - 2888 Events
[2025-11-21 10:15:52.606] [main] [info] input_file 1: root://cms-xrd-global.cern.ch//store/mc/Run3Summer22EENanoAODv12/ZZto2L2Nu_TuneCP5_13p6TeV_powheg-pythia8/NANOAODSIM/130X_mcRun3_2022_realistic_postEE_v6_ext1-v2/2520000/0a62c4e5-0e1f-4712-b383-57307fe4176a.root - SumOfGenWeight: 2979.431560000001 
[2025-11-21 10:15:52.606] [main] [info] Output directory: /eos/user/j/jiahua/MC_2022EE_inc/MC_2022EE_vbf/ZZto2L2Nu_powheg_22EE_ext1-v2/0a62c4e5-0e1f-4712-b383-57307fe4176a.root
[2025-11-21 10:15:52.607] [main] [info] Starting Setup of Dataframe with 2888 events
[2025-11-21 10:16:59.837] [main] [info] Finished Setup
[2025-11-21 10:16:59.837] [main] [info] Runtime for setup (real time: 67.23, CPU time: 62.31)
[2025-11-21 10:16:59.837] [main] [info] Starting Evaluation
[2025-11-21 10:17:16.060] [main] [info] vbfhmm:
GoodJetsCollection: pass=1828       all=2888       -- eff=63.30 % cumulative eff=63.30 %
Flag_goodVertices: pass=1828       all=1828       -- eff=100.00 % cumulative eff=63.30 %
Flag_globalSuperTightHalo2016Filter: pass=1826       all=1828       -- eff=99.89 % cumulative eff=63.23 %
Flag_EcalDeadCellTriggerPrimitiveFilter: pass=1826       all=1826       -- eff=100.00 % cumulative eff=63.23 %
Flag_BadPFMuonFilter: pass=1826       all=1826       -- eff=100.00 % cumulative eff=63.23 %
Flag_BadPFMuonDzFilter: pass=1826       all=1826       -- eff=100.00 % cumulative eff=63.23 %
Flag_eeBadScFilter: pass=1826       all=1826       -- eff=100.00 % cumulative eff=63.23 %
Flag_ecalBadCalibFilter: pass=1825       all=1826       -- eff=99.95 % cumulative eff=63.19 %
Flag_hfNoisyHitsFilter: pass=1825       all=1825       -- eff=100.00 % cumulative eff=63.19 %
Number of muons 2: pass=119        all=1825       -- eff=6.52 % cumulative eff=4.12 %
Veto VH <= 0 electrons: pass=119        all=119        -- eff=100.00 % cumulative eff=4.12 %
DiMuon From Higgs: pass=113        all=119        -- eff=94.96 % cumulative eff=3.91 %
LeptonChargeSum: pass=113        all=113        -- eff=100.00 % cumulative eff=3.91 %
Hmass>=110: pass=6          all=113        -- eff=5.31 % cumulative eff=0.21 %
[2025-11-21 10:17:16.300] [main] [info] Writing quantities map to /eos/user/j/jiahua/MC_2022EE_inc/MC_2022EE_vbf/ZZto2L2Nu_powheg_22EE_ext1-v2/0a62c4e5-0e1f-4712-b383-57307fe4176a_vbfhmm.root
[2025-11-21 10:17:16.587] [main] [info] Finished Evaluation
[2025-11-21 10:17:16.587] [main] [info] Overall runtime (real time: 83.98, CPU time: 76.97)
