000 (13047739.107.000) 11/20 09:15:47 Job submitted from host: <188.185.121.235:9618?addrs=188.185.121.235-9618+[2001-1458-d00-49--100-36e]-9618&alias=bigbird22.cern.ch&noUDP&sock=schedd_232129_c3ca>
...
040 (13047739.107.000) 11/20 09:40:01 Started transferring input files
	Transferring to host: <188.185.212.46:9618?addrs=188.185.212.46-9618+[2001-1458-303-18--100-2a]-9618&alias=b9p25p8468.cern.ch&noUDP&sock=slot1_12_4430_15ed_64332>
...
040 (13047739.107.000) 11/20 09:40:01 Finished transferring input files
...
001 (13047739.107.000) 11/20 09:40:02 Job executing on host: <188.185.212.46:9618?addrs=188.185.212.46-9618+[2001-1458-303-18--100-2a]-9618&alias=b9p25p8468.cern.ch&noUDP&sock=startd_3750_c43d>
	SlotName: slot1_12@b9p25p8468.cern.ch
	CondorScratchDir = "/pool/condor/dir_559607"
	Cpus = 1
	Disk = 15952
	GPUs = 0
	Memory = 3000
...
006 (13047739.107.000) 11/20 09:40:15 Image size of job updated: 97444
	96  -  MemoryUsage of job (MB)
	97444  -  ResidentSetSize of job (KB)
...
006 (13047739.107.000) 11/20 09:41:41 Image size of job updated: 663140
	96  -  MemoryUsage of job (MB)
	97444  -  ResidentSetSize of job (KB)
...
040 (13047739.107.000) 11/20 09:41:41 Started transferring output files
...
040 (13047739.107.000) 11/20 09:41:41 Finished transferring output files
...
005 (13047739.107.000) 11/20 09:41:41 Job terminated.
	(1) Normal termination (return value 134)
		Usr 0 00:01:22, Sys 0 00:00:03  -  Run Remote Usage
		Usr 0 00:00:00, Sys 0 00:00:00  -  Run Local Usage
		Usr 0 00:01:22, Sys 0 00:00:03  -  Total Remote Usage
		Usr 0 00:00:00, Sys 0 00:00:00  -  Total Local Usage
	8479  -  Run Bytes Sent By Job
	11510364  -  Run Bytes Received By Job
	8479  -  Total Bytes Sent By Job
	11510364  -  Total Bytes Received By Job
	Partitionable Resources :    Usage  Request Allocated 
	   Cpus                 :        0        1         1 
	   Disk (KB)            :    11273    12500     15952 
	   GPUs                 :                           0 
	   Memory (MB)          :       96     3000      3000 
	   TimeExecute (s)      :       99                    
	   TimeSlotBusy (s)     :      100                    

	Job terminated of its own accord at 2025-11-20T08:41:41Z with exit-code 134.
...
