Starting job on \n
Running on: Linux b9p06p7146.cern.ch 5.14.0-570.42.2.el9_6.x86_64 #1 SMP PREEMPT_DYNAMIC Mon Sep 8 12:15:13 EDT 2025 x86_64 x86_64 x86_64 GNU/Linux\n
System software: Red Hat Enterprise Linux release 9.6 (Plow)\n
Setting up CROWN for RedHatEnterprise Version 9.6
subject   : /DC=ch/DC=cern/OU=Organic Units/OU=Users/CN=jiahua/CN=851532/CN=Jiahua Chen/CN=2045128514
issuer    : /DC=ch/DC=cern/OU=Organic Units/OU=Users/CN=jiahua/CN=851532/CN=Jiahua Chen
identity  : /DC=ch/DC=cern/OU=Organic Units/OU=Users/CN=jiahua/CN=851532/CN=Jiahua Chen
type      : RFC compliant proxy
strength  : 2048 bits
path      : /afs/cern.ch/user/j/jiahua/proxy/x509up_u139833
timeleft  : 199:32:03
key usage : Digital Signature, Key Encipherment
=== VO cms extension information ===
VO        : cms
subject   : /DC=ch/DC=cern/OU=Organic Units/OU=Users/CN=jiahua/CN=851532/CN=Jiahua Chen
issuer    : /DC=ch/DC=cern/OU=computers/CN=cms-auth.cern.ch
attribute : /cms/Role=NULL/Capability=NULL
timeleft  : 191:32:02
uri       : voms-cms-auth.cern.ch:15000
subject   : /DC=ch/DC=cern/OU=Organic Units/OU=Users/CN=jiahua/CN=851532/CN=Jiahua Chen/CN=2045128514
issuer    : /DC=ch/DC=cern/OU=Organic Units/OU=Users/CN=jiahua/CN=851532/CN=Jiahua Chen
identity  : /DC=ch/DC=cern/OU=Organic Units/OU=Users/CN=jiahua/CN=851532/CN=Jiahua Chen
type      : RFC compliant proxy
strength  : 2048 bits
path      : /afs/cern.ch/user/j/jiahua/proxy/x509up_u139833
timeleft  : 199:32:03
key usage : Digital Signature, Key Encipherment
=== VO cms extension information ===
VO        : cms
subject   : /DC=ch/DC=cern/OU=Organic Units/OU=Users/CN=jiahua/CN=851532/CN=Jiahua Chen
issuer    : /DC=ch/DC=cern/OU=computers/CN=cms-auth.cern.ch
attribute : /cms/Role=NULL/Capability=NULL
timeleft  : 191:32:02
uri       : voms-cms-auth.cern.ch:15000
/eos/user/j/jiahua/MC_2022EE_inc/MC_2022EE_vbf/ZZto4L_powheg_22EE_ext1-v2/e9afc471-a3be-4a6b-9cc8-09f1c03e9a9e.root
[2025-11-20 03:16:40.412] [main] [info] Checking input files
[2025-11-20 03:16:45.639] [main] [info] NanoAOD input_file 1: root://cms-xrd-global.cern.ch//store/mc/Run3Summer22EENanoAODv12/ZZto4L_TuneCP5_13p6TeV_powheg-pythia8/NANOAODSIM/130X_mcRun3_2022_realistic_postEE_v6_ext1-v2/2530000/e9afc471-a3be-4a6b-9cc8-09f1c03e9a9e.root - 735 Events
[2025-11-20 03:16:45.639] [main] [info] input_file 1: root://cms-xrd-global.cern.ch//store/mc/Run3Summer22EENanoAODv12/ZZto4L_TuneCP5_13p6TeV_powheg-pythia8/NANOAODSIM/130X_mcRun3_2022_realistic_postEE_v6_ext1-v2/2530000/e9afc471-a3be-4a6b-9cc8-09f1c03e9a9e.root - SumOfGenWeight: 1024.26687 
[2025-11-20 03:16:45.639] [main] [info] Output directory: /eos/user/j/jiahua/MC_2022EE_inc/MC_2022EE_vbf/ZZto4L_powheg_22EE_ext1-v2/e9afc471-a3be-4a6b-9cc8-09f1c03e9a9e.root
[2025-11-20 03:16:45.640] [main] [info] Starting Setup of Dataframe with 735 events
[2025-11-20 03:17:53.993] [main] [info] Finished Setup
[2025-11-20 03:17:53.993] [main] [info] Runtime for setup (real time: 68.35, CPU time: 64.52)
[2025-11-20 03:17:53.993] [main] [info] Starting Evaluation
[2025-11-20 03:18:08.025] [main] [info] vbfhmm:
GoodJetsCollection: pass=435        all=735        -- eff=59.18 % cumulative eff=59.18 %
Flag_goodVertices: pass=435        all=435        -- eff=100.00 % cumulative eff=59.18 %
Flag_globalSuperTightHalo2016Filter: pass=435        all=435        -- eff=100.00 % cumulative eff=59.18 %
Flag_EcalDeadCellTriggerPrimitiveFilter: pass=435        all=435        -- eff=100.00 % cumulative eff=59.18 %
Flag_BadPFMuonFilter: pass=435        all=435        -- eff=100.00 % cumulative eff=59.18 %
Flag_BadPFMuonDzFilter: pass=435        all=435        -- eff=100.00 % cumulative eff=59.18 %
Flag_eeBadScFilter: pass=435        all=435        -- eff=100.00 % cumulative eff=59.18 %
Flag_ecalBadCalibFilter: pass=435        all=435        -- eff=100.00 % cumulative eff=59.18 %
Flag_hfNoisyHitsFilter: pass=435        all=435        -- eff=100.00 % cumulative eff=59.18 %
Number of muons 2: pass=26         all=435        -- eff=5.98 % cumulative eff=3.54 %
Veto VH <= 0 electrons: pass=15         all=26         -- eff=57.69 % cumulative eff=2.04 %
DiMuon From Higgs: pass=11         all=15         -- eff=73.33 % cumulative eff=1.50 %
LeptonChargeSum: pass=11         all=11         -- eff=100.00 % cumulative eff=1.50 %
Hmass>=110: pass=0          all=11         -- eff=0.00 % cumulative eff=0.00 %
[2025-11-20 03:18:08.335] [main] [info] Writing quantities map to /eos/user/j/jiahua/MC_2022EE_inc/MC_2022EE_vbf/ZZto4L_powheg_22EE_ext1-v2/e9afc471-a3be-4a6b-9cc8-09f1c03e9a9e_vbfhmm.root
[2025-11-20 03:18:08.429] [main] [info] Finished Evaluation
[2025-11-20 03:18:08.429] [main] [info] Overall runtime (real time: 82.79, CPU time: 77.65)
