000 (13047292.203.000) 11/20 02:51:11 Job submitted from host: <188.185.121.235:9618?addrs=188.185.121.235-9618+[2001-1458-d00-49--100-36e]-9618&alias=bigbird22.cern.ch&noUDP&sock=schedd_232129_c3ca>
...
040 (13047292.203.000) 11/20 03:18:54 Started transferring input files
	Transferring to host: <188.185.213.222:9618?addrs=188.185.213.222-9618+[2001-1458-303-1b--100-5a]-9618&alias=b9p28p3831.cern.ch&noUDP&sock=slot1_7_6619_6f26_64236>
...
040 (13047292.203.000) 11/20 03:18:54 Finished transferring input files
...
001 (13047292.203.000) 11/20 03:18:55 Job executing on host: <188.185.213.222:9618?addrs=188.185.213.222-9618+[2001-1458-303-1b--100-5a]-9618&alias=b9p28p3831.cern.ch&noUDP&sock=startd_5775_bf85>
	SlotName: slot1_7@b9p28p3831.cern.ch
	CondorScratchDir = "/pool/condor/dir_3768586"
	Cpus = 1
	Disk = 16040
	GPUs = 0
	Memory = 3000
...
006 (13047292.203.000) 11/20 03:19:08 Image size of job updated: 142252
	139  -  MemoryUsage of job (MB)
	142252  -  ResidentSetSize of job (KB)
...
006 (13047292.203.000) 11/20 03:24:08 Image size of job updated: 700476
	685  -  MemoryUsage of job (MB)
	700476  -  ResidentSetSize of job (KB)
...
006 (13047292.203.000) 11/20 03:24:23 Image size of job updated: 700496
	685  -  MemoryUsage of job (MB)
	700476  -  ResidentSetSize of job (KB)
...
040 (13047292.203.000) 11/20 03:24:23 Started transferring output files
...
040 (13047292.203.000) 11/20 03:24:23 Finished transferring output files
...
005 (13047292.203.000) 11/20 03:24:23 Job terminated.
	(1) Normal termination (return value 0)
		Usr 0 00:04:55, Sys 0 00:00:04  -  Run Remote Usage
		Usr 0 00:00:00, Sys 0 00:00:00  -  Run Local Usage
		Usr 0 00:04:55, Sys 0 00:00:04  -  Total Remote Usage
		Usr 0 00:00:00, Sys 0 00:00:00  -  Total Local Usage
	11313  -  Run Bytes Sent By Job
	11506596  -  Run Bytes Received By Job
	11313  -  Total Bytes Sent By Job
	11506596  -  Total Bytes Received By Job
	Partitionable Resources :    Usage  Request Allocated 
	   Cpus                 :        0        1         1 
	   Disk (KB)            :    11272    12500     16040 
	   GPUs                 :                           0 
	   Memory (MB)          :      685     3000      3000 
	   TimeExecute (s)      :      328                    
	   TimeSlotBusy (s)     :      329                    

	Job terminated of its own accord at 2025-11-20T02:24:23Z with exit-code 0.
...
