Starting job on \n
Running on: Linux b9p29p5593.cern.ch 5.14.0-570.44.1.el9_6.x86_64 #1 SMP PREEMPT_DYNAMIC Tue Sep 9 05:17:30 EDT 2025 x86_64 x86_64 x86_64 GNU/Linux\n
System software: Red Hat Enterprise Linux release 9.7 (Plow)\n
Setting up CROWN for RedHatEnterprise Version 9.7
subject   : /DC=ch/DC=cern/OU=Organic Units/OU=Users/CN=jiahua/CN=851532/CN=Jiahua Chen/CN=2045128514
issuer    : /DC=ch/DC=cern/OU=Organic Units/OU=Users/CN=jiahua/CN=851532/CN=Jiahua Chen
identity  : /DC=ch/DC=cern/OU=Organic Units/OU=Users/CN=jiahua/CN=851532/CN=Jiahua Chen
type      : RFC compliant proxy
strength  : 2048 bits
path      : /afs/cern.ch/user/j/jiahua/proxy/x509up_u139833
timeleft  : 199:31:38
key usage : Digital Signature, Key Encipherment
=== VO cms extension information ===
VO        : cms
subject   : /DC=ch/DC=cern/OU=Organic Units/OU=Users/CN=jiahua/CN=851532/CN=Jiahua Chen
issuer    : /DC=ch/DC=cern/OU=computers/CN=cms-auth.cern.ch
attribute : /cms/Role=NULL/Capability=NULL
timeleft  : 191:31:37
uri       : voms-cms-auth.cern.ch:15000
subject   : /DC=ch/DC=cern/OU=Organic Units/OU=Users/CN=jiahua/CN=851532/CN=Jiahua Chen/CN=2045128514
issuer    : /DC=ch/DC=cern/OU=Organic Units/OU=Users/CN=jiahua/CN=851532/CN=Jiahua Chen
identity  : /DC=ch/DC=cern/OU=Organic Units/OU=Users/CN=jiahua/CN=851532/CN=Jiahua Chen
type      : RFC compliant proxy
strength  : 2048 bits
path      : /afs/cern.ch/user/j/jiahua/proxy/x509up_u139833
timeleft  : 199:31:38
key usage : Digital Signature, Key Encipherment
=== VO cms extension information ===
VO        : cms
subject   : /DC=ch/DC=cern/OU=Organic Units/OU=Users/CN=jiahua/CN=851532/CN=Jiahua Chen
issuer    : /DC=ch/DC=cern/OU=computers/CN=cms-auth.cern.ch
attribute : /cms/Role=NULL/Capability=NULL
timeleft  : 191:31:37
uri       : voms-cms-auth.cern.ch:15000
/eos/user/j/jiahua/MC_2022EE_inc/MC_2022EE_vbf/ZZto4L_powheg_22EE_ext1-v2/591e0629-059f-4e67-8bf9-d1c094748ca0.root
[2025-11-20 03:17:06.386] [main] [info] Checking input files
[2025-11-20 03:17:11.931] [main] [info] NanoAOD input_file 1: root://cms-xrd-global.cern.ch//store/mc/Run3Summer22EENanoAODv12/ZZto4L_TuneCP5_13p6TeV_powheg-pythia8/NANOAODSIM/130X_mcRun3_2022_realistic_postEE_v6_ext1-v2/2530000/591e0629-059f-4e67-8bf9-d1c094748ca0.root - 205065 Events
[2025-11-20 03:17:11.932] [main] [info] input_file 1: root://cms-xrd-global.cern.ch//store/mc/Run3Summer22EENanoAODv12/ZZto4L_TuneCP5_13p6TeV_powheg-pythia8/NANOAODSIM/130X_mcRun3_2022_realistic_postEE_v6_ext1-v2/2530000/591e0629-059f-4e67-8bf9-d1c094748ca0.root - SumOfGenWeight: 285194.39443000045 
[2025-11-20 03:17:11.932] [main] [info] Output directory: /eos/user/j/jiahua/MC_2022EE_inc/MC_2022EE_vbf/ZZto4L_powheg_22EE_ext1-v2/591e0629-059f-4e67-8bf9-d1c094748ca0.root
[2025-11-20 03:17:11.934] [main] [info] Starting Setup of Dataframe with 205065 events
[2025-11-20 03:18:27.284] [main] [info] Finished Setup
[2025-11-20 03:18:27.284] [main] [info] Runtime for setup (real time: 75.35, CPU time: 70.33)
[2025-11-20 03:18:27.284] [main] [info] Starting Evaluation
[2025-11-20 03:18:53.192] [main] [info] 10000 / 205065 (4.88 %) Events processed ...
[2025-11-20 03:19:02.355] [main] [info] 20000 / 205065 (9.75 %) Events processed ...
[2025-11-20 03:19:11.011] [main] [info] 30000 / 205065 (14.63 %) Events processed ...
[2025-11-20 03:19:22.525] [main] [info] 40000 / 205065 (19.51 %) Events processed ...
[2025-11-20 03:19:32.189] [main] [info] 50000 / 205065 (24.38 %) Events processed ...
[2025-11-20 03:19:41.649] [main] [info] 60000 / 205065 (29.26 %) Events processed ...
[2025-11-20 03:19:51.637] [main] [info] 70000 / 205065 (34.14 %) Events processed ...
[2025-11-20 03:20:02.937] [main] [info] 80000 / 205065 (39.01 %) Events processed ...
[2025-11-20 03:20:13.796] [main] [info] 90000 / 205065 (43.89 %) Events processed ...
[2025-11-20 03:20:23.744] [main] [info] 100000 / 205065 (48.77 %) Events processed ...
[2025-11-20 03:20:33.876] [main] [info] 110000 / 205065 (53.64 %) Events processed ...
[2025-11-20 03:20:45.057] [main] [info] 120000 / 205065 (58.52 %) Events processed ...
[2025-11-20 03:20:54.968] [main] [info] 130000 / 205065 (63.39 %) Events processed ...
[2025-11-20 03:21:05.602] [main] [info] 140000 / 205065 (68.27 %) Events processed ...
[2025-11-20 03:21:14.933] [main] [info] 150000 / 205065 (73.15 %) Events processed ...
[2025-11-20 03:21:26.005] [main] [info] 160000 / 205065 (78.02 %) Events processed ...
[2025-11-20 03:21:35.362] [main] [info] 170000 / 205065 (82.90 %) Events processed ...
[2025-11-20 03:21:44.762] [main] [info] 180000 / 205065 (87.78 %) Events processed ...
[2025-11-20 03:21:57.799] [main] [info] 190000 / 205065 (92.65 %) Events processed ...
[2025-11-20 03:22:07.186] [main] [info] 200000 / 205065 (97.53 %) Events processed ...
[2025-11-20 03:22:13.224] [main] [info] vbfhmm:
GoodJetsCollection: pass=126916     all=205065     -- eff=61.89 % cumulative eff=61.89 %
Flag_goodVertices: pass=126916     all=126916     -- eff=100.00 % cumulative eff=61.89 %
Flag_globalSuperTightHalo2016Filter: pass=126905     all=126916     -- eff=99.99 % cumulative eff=61.89 %
Flag_EcalDeadCellTriggerPrimitiveFilter: pass=126900     all=126905     -- eff=100.00 % cumulative eff=61.88 %
Flag_BadPFMuonFilter: pass=126892     all=126900     -- eff=99.99 % cumulative eff=61.88 %
Flag_BadPFMuonDzFilter: pass=126889     all=126892     -- eff=100.00 % cumulative eff=61.88 %
Flag_eeBadScFilter: pass=126889     all=126889     -- eff=100.00 % cumulative eff=61.88 %
Flag_ecalBadCalibFilter: pass=126865     all=126889     -- eff=99.98 % cumulative eff=61.87 %
Flag_hfNoisyHitsFilter: pass=126856     all=126865     -- eff=99.99 % cumulative eff=61.86 %
Number of muons 2: pass=11070      all=126856     -- eff=8.73 % cumulative eff=5.40 %
Veto VH <= 0 electrons: pass=8197       all=11070      -- eff=74.05 % cumulative eff=4.00 %
DiMuon From Higgs: pass=5999       all=8197       -- eff=73.19 % cumulative eff=2.93 %
LeptonChargeSum: pass=5239       all=5999       -- eff=87.33 % cumulative eff=2.55 %
Hmass>=110: pass=366        all=5239       -- eff=6.99 % cumulative eff=0.18 %
[2025-11-20 03:22:13.358] [main] [info] Writing quantities map to /eos/user/j/jiahua/MC_2022EE_inc/MC_2022EE_vbf/ZZto4L_powheg_22EE_ext1-v2/591e0629-059f-4e67-8bf9-d1c094748ca0_vbfhmm.root
[2025-11-20 03:22:13.429] [main] [info] Finished Evaluation
[2025-11-20 03:22:13.429] [main] [info] Overall runtime (real time: 301.50, CPU time: 284.44)
