Starting job on \n
Running on: Linux b9p11p8066.cern.ch 5.14.0-570.42.2.el9_6.x86_64 #1 SMP PREEMPT_DYNAMIC Mon Sep 8 12:15:13 EDT 2025 x86_64 x86_64 x86_64 GNU/Linux\n
System software: Red Hat Enterprise Linux release 9.7 (Plow)\n
Setting up CROWN for RedHatEnterprise Version 9.7
subject   : /DC=ch/DC=cern/OU=Organic Units/OU=Users/CN=jiahua/CN=851532/CN=Jiahua Chen/CN=2045128514
issuer    : /DC=ch/DC=cern/OU=Organic Units/OU=Users/CN=jiahua/CN=851532/CN=Jiahua Chen
identity  : /DC=ch/DC=cern/OU=Organic Units/OU=Users/CN=jiahua/CN=851532/CN=Jiahua Chen
type      : RFC compliant proxy
strength  : 2048 bits
path      : /afs/cern.ch/user/j/jiahua/proxy/x509up_u139833
timeleft  : 168:26:42
key usage : Digital Signature, Key Encipherment
=== VO cms extension information ===
VO        : cms
subject   : /DC=ch/DC=cern/OU=Organic Units/OU=Users/CN=jiahua/CN=851532/CN=Jiahua Chen
issuer    : /DC=ch/DC=cern/OU=computers/CN=cms-auth.cern.ch
attribute : /cms/Role=NULL/Capability=NULL
timeleft  : 160:26:41
uri       : voms-cms-auth.cern.ch:15000
subject   : /DC=ch/DC=cern/OU=Organic Units/OU=Users/CN=jiahua/CN=851532/CN=Jiahua Chen/CN=2045128514
issuer    : /DC=ch/DC=cern/OU=Organic Units/OU=Users/CN=jiahua/CN=851532/CN=Jiahua Chen
identity  : /DC=ch/DC=cern/OU=Organic Units/OU=Users/CN=jiahua/CN=851532/CN=Jiahua Chen
type      : RFC compliant proxy
strength  : 2048 bits
path      : /afs/cern.ch/user/j/jiahua/proxy/x509up_u139833
timeleft  : 168:26:42
key usage : Digital Signature, Key Encipherment
=== VO cms extension information ===
VO        : cms
subject   : /DC=ch/DC=cern/OU=Organic Units/OU=Users/CN=jiahua/CN=851532/CN=Jiahua Chen
issuer    : /DC=ch/DC=cern/OU=computers/CN=cms-auth.cern.ch
attribute : /cms/Role=NULL/Capability=NULL
timeleft  : 160:26:41
uri       : voms-cms-auth.cern.ch:15000
/eos/user/j/jiahua/MC_2022EE_inc/MC_2022EE_vbf/ZZto4L_powheg_22EE_ext1-v2/f3ea8a92-c256-4b48-ae75-7763f250f434.root
[2025-11-21 10:22:01.761] [main] [info] Checking input files
[2025-11-21 10:22:06.551] [main] [info] NanoAOD input_file 1: root://cms-xrd-global.cern.ch//store/mc/Run3Summer22EENanoAODv12/ZZto4L_TuneCP5_13p6TeV_powheg-pythia8/NANOAODSIM/130X_mcRun3_2022_realistic_postEE_v6_ext1-v2/30000/f3ea8a92-c256-4b48-ae75-7763f250f434.root - 28665 Events
[2025-11-21 10:22:06.552] [main] [info] input_file 1: root://cms-xrd-global.cern.ch//store/mc/Run3Summer22EENanoAODv12/ZZto4L_TuneCP5_13p6TeV_powheg-pythia8/NANOAODSIM/130X_mcRun3_2022_realistic_postEE_v6_ext1-v2/30000/f3ea8a92-c256-4b48-ae75-7763f250f434.root - SumOfGenWeight: 39758.13391 
[2025-11-21 10:22:06.552] [main] [info] Output directory: /eos/user/j/jiahua/MC_2022EE_inc/MC_2022EE_vbf/ZZto4L_powheg_22EE_ext1-v2/f3ea8a92-c256-4b48-ae75-7763f250f434.root
[2025-11-21 10:22:06.553] [main] [info] Starting Setup of Dataframe with 28665 events
[2025-11-21 10:23:23.170] [main] [info] Finished Setup
[2025-11-21 10:23:23.170] [main] [info] Runtime for setup (real time: 76.62, CPU time: 72.23)
[2025-11-21 10:23:23.170] [main] [info] Starting Evaluation
[2025-11-21 10:23:47.107] [main] [info] 10000 / 28665 (34.89 %) Events processed ...
[2025-11-21 10:23:55.996] [main] [info] 20000 / 28665 (69.77 %) Events processed ...
[2025-11-21 10:24:04.161] [main] [info] vbfhmm:
GoodJetsCollection: pass=17602      all=28665      -- eff=61.41 % cumulative eff=61.41 %
Flag_goodVertices: pass=17602      all=17602      -- eff=100.00 % cumulative eff=61.41 %
Flag_globalSuperTightHalo2016Filter: pass=17601      all=17602      -- eff=99.99 % cumulative eff=61.40 %
Flag_EcalDeadCellTriggerPrimitiveFilter: pass=17601      all=17601      -- eff=100.00 % cumulative eff=61.40 %
Flag_BadPFMuonFilter: pass=17599      all=17601      -- eff=99.99 % cumulative eff=61.40 %
Flag_BadPFMuonDzFilter: pass=17598      all=17599      -- eff=99.99 % cumulative eff=61.39 %
Flag_eeBadScFilter: pass=17598      all=17598      -- eff=100.00 % cumulative eff=61.39 %
Flag_ecalBadCalibFilter: pass=17594      all=17598      -- eff=99.98 % cumulative eff=61.38 %
Flag_hfNoisyHitsFilter: pass=17592      all=17594      -- eff=99.99 % cumulative eff=61.37 %
Number of muons 2: pass=1499       all=17592      -- eff=8.52 % cumulative eff=5.23 %
Veto VH <= 0 electrons: pass=1073       all=1499       -- eff=71.58 % cumulative eff=3.74 %
DiMuon From Higgs: pass=815        all=1073       -- eff=75.96 % cumulative eff=2.84 %
LeptonChargeSum: pass=705        all=815        -- eff=86.50 % cumulative eff=2.46 %
Hmass>=110: pass=46         all=705        -- eff=6.52 % cumulative eff=0.16 %
[2025-11-21 10:24:04.667] [main] [info] Writing quantities map to /eos/user/j/jiahua/MC_2022EE_inc/MC_2022EE_vbf/ZZto4L_powheg_22EE_ext1-v2/f3ea8a92-c256-4b48-ae75-7763f250f434_vbfhmm.root
[2025-11-21 10:24:04.767] [main] [info] Finished Evaluation
[2025-11-21 10:24:04.768] [main] [info] Overall runtime (real time: 118.22, CPU time: 111.13)
