Starting job on \n
Running on: Linux b9p22p2244.cern.ch 5.14.0-570.42.2.el9_6.x86_64 #1 SMP PREEMPT_DYNAMIC Mon Sep 8 12:15:13 EDT 2025 x86_64 x86_64 x86_64 GNU/Linux\n
System software: Red Hat Enterprise Linux release 9.7 (Plow)\n
Setting up CROWN for RedHatEnterprise Version 9.7
subject   : /DC=ch/DC=cern/OU=Organic Units/OU=Users/CN=jiahua/CN=851532/CN=Jiahua Chen/CN=2045128514
issuer    : /DC=ch/DC=cern/OU=Organic Units/OU=Users/CN=jiahua/CN=851532/CN=Jiahua Chen
identity  : /DC=ch/DC=cern/OU=Organic Units/OU=Users/CN=jiahua/CN=851532/CN=Jiahua Chen
type      : RFC compliant proxy
strength  : 2048 bits
path      : /afs/cern.ch/user/j/jiahua/proxy/x509up_u139833
timeleft  : 168:26:36
key usage : Digital Signature, Key Encipherment
=== VO cms extension information ===
VO        : cms
subject   : /DC=ch/DC=cern/OU=Organic Units/OU=Users/CN=jiahua/CN=851532/CN=Jiahua Chen
issuer    : /DC=ch/DC=cern/OU=computers/CN=cms-auth.cern.ch
attribute : /cms/Role=NULL/Capability=NULL
timeleft  : 160:26:35
uri       : voms-cms-auth.cern.ch:15000
subject   : /DC=ch/DC=cern/OU=Organic Units/OU=Users/CN=jiahua/CN=851532/CN=Jiahua Chen/CN=2045128514
issuer    : /DC=ch/DC=cern/OU=Organic Units/OU=Users/CN=jiahua/CN=851532/CN=Jiahua Chen
identity  : /DC=ch/DC=cern/OU=Organic Units/OU=Users/CN=jiahua/CN=851532/CN=Jiahua Chen
type      : RFC compliant proxy
strength  : 2048 bits
path      : /afs/cern.ch/user/j/jiahua/proxy/x509up_u139833
timeleft  : 168:26:36
key usage : Digital Signature, Key Encipherment
=== VO cms extension information ===
VO        : cms
subject   : /DC=ch/DC=cern/OU=Organic Units/OU=Users/CN=jiahua/CN=851532/CN=Jiahua Chen
issuer    : /DC=ch/DC=cern/OU=computers/CN=cms-auth.cern.ch
attribute : /cms/Role=NULL/Capability=NULL
timeleft  : 160:26:35
uri       : voms-cms-auth.cern.ch:15000
/eos/user/j/jiahua/MC_2022EE_inc/MC_2022EE_vbf/ZZto4L_powheg_22EE_ext1-v2/d2e8fdae-0d6c-49e7-b363-f938a8539e84.root
[2025-11-21 10:22:07.308] [main] [info] Checking input files
[2025-11-21 10:22:11.732] [main] [info] NanoAOD input_file 1: root://cms-xrd-global.cern.ch//store/mc/Run3Summer22EENanoAODv12/ZZto4L_TuneCP5_13p6TeV_powheg-pythia8/NANOAODSIM/130X_mcRun3_2022_realistic_postEE_v6_ext1-v2/50000/d2e8fdae-0d6c-49e7-b363-f938a8539e84.root - 173460 Events
[2025-11-21 10:22:11.732] [main] [info] input_file 1: root://cms-xrd-global.cern.ch//store/mc/Run3Summer22EENanoAODv12/ZZto4L_TuneCP5_13p6TeV_powheg-pythia8/NANOAODSIM/130X_mcRun3_2022_realistic_postEE_v6_ext1-v2/50000/d2e8fdae-0d6c-49e7-b363-f938a8539e84.root - SumOfGenWeight: 241240.8409400003 
[2025-11-21 10:22:11.732] [main] [info] Output directory: /eos/user/j/jiahua/MC_2022EE_inc/MC_2022EE_vbf/ZZto4L_powheg_22EE_ext1-v2/d2e8fdae-0d6c-49e7-b363-f938a8539e84.root
[2025-11-21 10:22:11.733] [main] [info] Starting Setup of Dataframe with 173460 events
[2025-11-21 10:23:26.700] [main] [info] Finished Setup
[2025-11-21 10:23:26.700] [main] [info] Runtime for setup (real time: 74.97, CPU time: 70.62)
[2025-11-21 10:23:26.700] [main] [info] Starting Evaluation
[2025-11-21 10:23:53.252] [main] [info] 10000 / 173460 (5.77 %) Events processed ...
[2025-11-21 10:24:03.759] [main] [info] 20000 / 173460 (11.53 %) Events processed ...
[2025-11-21 10:24:14.354] [main] [info] 30000 / 173460 (17.30 %) Events processed ...
[2025-11-21 10:24:25.257] [main] [info] 40000 / 173460 (23.06 %) Events processed ...
[2025-11-21 10:24:34.841] [main] [info] 50000 / 173460 (28.83 %) Events processed ...
[2025-11-21 10:24:46.762] [main] [info] 60000 / 173460 (34.59 %) Events processed ...
[2025-11-21 10:24:57.333] [main] [info] 70000 / 173460 (40.36 %) Events processed ...
[2025-11-21 10:25:08.116] [main] [info] 80000 / 173460 (46.12 %) Events processed ...
[2025-11-21 10:25:19.631] [main] [info] 90000 / 173460 (51.89 %) Events processed ...
[2025-11-21 10:25:29.521] [main] [info] 100000 / 173460 (57.65 %) Events processed ...
[2025-11-21 10:25:40.133] [main] [info] 110000 / 173460 (63.42 %) Events processed ...
[2025-11-21 10:25:51.230] [main] [info] 120000 / 173460 (69.18 %) Events processed ...
[2025-11-21 10:26:01.365] [main] [info] 130000 / 173460 (74.95 %) Events processed ...
[2025-11-21 10:26:11.375] [main] [info] 140000 / 173460 (80.71 %) Events processed ...
[2025-11-21 10:26:21.431] [main] [info] 150000 / 173460 (86.48 %) Events processed ...
[2025-11-21 10:26:31.609] [main] [info] 160000 / 173460 (92.24 %) Events processed ...
[2025-11-21 10:26:40.633] [main] [info] 170000 / 173460 (98.01 %) Events processed ...
[2025-11-21 10:26:44.255] [main] [info] vbfhmm:
GoodJetsCollection: pass=107076     all=173460     -- eff=61.73 % cumulative eff=61.73 %
Flag_goodVertices: pass=107076     all=107076     -- eff=100.00 % cumulative eff=61.73 %
Flag_globalSuperTightHalo2016Filter: pass=107073     all=107076     -- eff=100.00 % cumulative eff=61.73 %
Flag_EcalDeadCellTriggerPrimitiveFilter: pass=107069     all=107073     -- eff=100.00 % cumulative eff=61.73 %
Flag_BadPFMuonFilter: pass=107061     all=107069     -- eff=99.99 % cumulative eff=61.72 %
Flag_BadPFMuonDzFilter: pass=107061     all=107061     -- eff=100.00 % cumulative eff=61.72 %
Flag_eeBadScFilter: pass=107061     all=107061     -- eff=100.00 % cumulative eff=61.72 %
Flag_ecalBadCalibFilter: pass=107039     all=107061     -- eff=99.98 % cumulative eff=61.71 %
Flag_hfNoisyHitsFilter: pass=107035     all=107039     -- eff=100.00 % cumulative eff=61.71 %
Number of muons 2: pass=9291       all=107035     -- eff=8.68 % cumulative eff=5.36 %
Veto VH <= 0 electrons: pass=6950       all=9291       -- eff=74.80 % cumulative eff=4.01 %
DiMuon From Higgs: pass=5105       all=6950       -- eff=73.45 % cumulative eff=2.94 %
LeptonChargeSum: pass=4424       all=5105       -- eff=86.66 % cumulative eff=2.55 %
Hmass>=110: pass=318        all=4424       -- eff=7.19 % cumulative eff=0.18 %
[2025-11-21 10:26:44.351] [main] [info] Writing quantities map to /eos/user/j/jiahua/MC_2022EE_inc/MC_2022EE_vbf/ZZto4L_powheg_22EE_ext1-v2/d2e8fdae-0d6c-49e7-b363-f938a8539e84_vbfhmm.root
[2025-11-21 10:26:44.392] [main] [info] Finished Evaluation
[2025-11-21 10:26:44.392] [main] [info] Overall runtime (real time: 272.66, CPU time: 258.25)
