Starting job on \n
Running on: Linux b9p28p7725.cern.ch 5.14.0-570.46.1.el9_6.x86_64 #1 SMP PREEMPT_DYNAMIC Tue Sep 16 03:28:23 EDT 2025 x86_64 x86_64 x86_64 GNU/Linux\n
System software: Red Hat Enterprise Linux release 9.7 (Plow)\n
Setting up CROWN for RedHatEnterprise Version 9.7
subject   : /DC=ch/DC=cern/OU=Organic Units/OU=Users/CN=jiahua/CN=851532/CN=Jiahua Chen/CN=2045128514
issuer    : /DC=ch/DC=cern/OU=Organic Units/OU=Users/CN=jiahua/CN=851532/CN=Jiahua Chen
identity  : /DC=ch/DC=cern/OU=Organic Units/OU=Users/CN=jiahua/CN=851532/CN=Jiahua Chen
type      : RFC compliant proxy
strength  : 2048 bits
path      : /afs/cern.ch/user/j/jiahua/proxy/x509up_u139833
timeleft  : 168:31:32
key usage : Digital Signature, Key Encipherment
=== VO cms extension information ===
VO        : cms
subject   : /DC=ch/DC=cern/OU=Organic Units/OU=Users/CN=jiahua/CN=851532/CN=Jiahua Chen
issuer    : /DC=ch/DC=cern/OU=computers/CN=cms-auth.cern.ch
attribute : /cms/Role=NULL/Capability=NULL
timeleft  : 160:31:31
uri       : voms-cms-auth.cern.ch:15000
subject   : /DC=ch/DC=cern/OU=Organic Units/OU=Users/CN=jiahua/CN=851532/CN=Jiahua Chen/CN=2045128514
issuer    : /DC=ch/DC=cern/OU=Organic Units/OU=Users/CN=jiahua/CN=851532/CN=Jiahua Chen
identity  : /DC=ch/DC=cern/OU=Organic Units/OU=Users/CN=jiahua/CN=851532/CN=Jiahua Chen
type      : RFC compliant proxy
strength  : 2048 bits
path      : /afs/cern.ch/user/j/jiahua/proxy/x509up_u139833
timeleft  : 168:31:32
key usage : Digital Signature, Key Encipherment
=== VO cms extension information ===
VO        : cms
subject   : /DC=ch/DC=cern/OU=Organic Units/OU=Users/CN=jiahua/CN=851532/CN=Jiahua Chen
issuer    : /DC=ch/DC=cern/OU=computers/CN=cms-auth.cern.ch
attribute : /cms/Role=NULL/Capability=NULL
timeleft  : 160:31:31
uri       : voms-cms-auth.cern.ch:15000
/eos/user/j/jiahua/MC_2022EE_inc/MC_2022EE_vbf/ZZto2L2Nu_powheg_22EE_ext1-v2/b936151b-f6d2-432d-9478-fec708b97300.root
[2025-11-21 10:17:11.427] [main] [info] Checking input files
[2025-11-21 10:17:15.500] [main] [info] NanoAOD input_file 1: root://cms-xrd-global.cern.ch//store/mc/Run3Summer22EENanoAODv12/ZZto2L2Nu_TuneCP5_13p6TeV_powheg-pythia8/NANOAODSIM/130X_mcRun3_2022_realistic_postEE_v6_ext1-v2/2530000/b936151b-f6d2-432d-9478-fec708b97300.root - 2888 Events
[2025-11-21 10:17:15.500] [main] [info] input_file 1: root://cms-xrd-global.cern.ch//store/mc/Run3Summer22EENanoAODv12/ZZto2L2Nu_TuneCP5_13p6TeV_powheg-pythia8/NANOAODSIM/130X_mcRun3_2022_realistic_postEE_v6_ext1-v2/2530000/b936151b-f6d2-432d-9478-fec708b97300.root - SumOfGenWeight: 2975.299200000001 
[2025-11-21 10:17:15.500] [main] [info] Output directory: /eos/user/j/jiahua/MC_2022EE_inc/MC_2022EE_vbf/ZZto2L2Nu_powheg_22EE_ext1-v2/b936151b-f6d2-432d-9478-fec708b97300.root
[2025-11-21 10:17:15.501] [main] [info] Starting Setup of Dataframe with 2888 events
[2025-11-21 10:18:21.495] [main] [info] Finished Setup
[2025-11-21 10:18:21.495] [main] [info] Runtime for setup (real time: 65.99, CPU time: 60.42)
[2025-11-21 10:18:21.495] [main] [info] Starting Evaluation
[2025-11-21 10:18:37.006] [main] [info] vbfhmm:
GoodJetsCollection: pass=1852       all=2888       -- eff=64.13 % cumulative eff=64.13 %
Flag_goodVertices: pass=1852       all=1852       -- eff=100.00 % cumulative eff=64.13 %
Flag_globalSuperTightHalo2016Filter: pass=1852       all=1852       -- eff=100.00 % cumulative eff=64.13 %
Flag_EcalDeadCellTriggerPrimitiveFilter: pass=1852       all=1852       -- eff=100.00 % cumulative eff=64.13 %
Flag_BadPFMuonFilter: pass=1852       all=1852       -- eff=100.00 % cumulative eff=64.13 %
Flag_BadPFMuonDzFilter: pass=1852       all=1852       -- eff=100.00 % cumulative eff=64.13 %
Flag_eeBadScFilter: pass=1852       all=1852       -- eff=100.00 % cumulative eff=64.13 %
Flag_ecalBadCalibFilter: pass=1852       all=1852       -- eff=100.00 % cumulative eff=64.13 %
Flag_hfNoisyHitsFilter: pass=1852       all=1852       -- eff=100.00 % cumulative eff=64.13 %
Number of muons 2: pass=134        all=1852       -- eff=7.24 % cumulative eff=4.64 %
Veto VH <= 0 electrons: pass=133        all=134        -- eff=99.25 % cumulative eff=4.61 %
DiMuon From Higgs: pass=123        all=133        -- eff=92.48 % cumulative eff=4.26 %
LeptonChargeSum: pass=122        all=123        -- eff=99.19 % cumulative eff=4.22 %
Hmass>=110: pass=13         all=122        -- eff=10.66 % cumulative eff=0.45 %
[2025-11-21 10:18:37.141] [main] [info] Writing quantities map to /eos/user/j/jiahua/MC_2022EE_inc/MC_2022EE_vbf/ZZto2L2Nu_powheg_22EE_ext1-v2/b936151b-f6d2-432d-9478-fec708b97300_vbfhmm.root
[2025-11-21 10:18:37.220] [main] [info] Finished Evaluation
[2025-11-21 10:18:37.220] [main] [info] Overall runtime (real time: 81.72, CPU time: 74.35)
