Starting job on \n
Running on: Linux b9p02p4140.cern.ch 5.14.0-570.42.2.el9_6.x86_64 #1 SMP PREEMPT_DYNAMIC Mon Sep 8 12:15:13 EDT 2025 x86_64 x86_64 x86_64 GNU/Linux\n
System software: Red Hat Enterprise Linux release 9.7 (Plow)\n
Setting up CROWN for RedHatEnterprise Version 9.7
subject   : /DC=ch/DC=cern/OU=Organic Units/OU=Users/CN=jiahua/CN=851532/CN=Jiahua Chen/CN=2045128514
issuer    : /DC=ch/DC=cern/OU=Organic Units/OU=Users/CN=jiahua/CN=851532/CN=Jiahua Chen
identity  : /DC=ch/DC=cern/OU=Organic Units/OU=Users/CN=jiahua/CN=851532/CN=Jiahua Chen
type      : RFC compliant proxy
strength  : 2048 bits
path      : /afs/cern.ch/user/j/jiahua/proxy/x509up_u139833
timeleft  : 168:32:14
key usage : Digital Signature, Key Encipherment
=== VO cms extension information ===
VO        : cms
subject   : /DC=ch/DC=cern/OU=Organic Units/OU=Users/CN=jiahua/CN=851532/CN=Jiahua Chen
issuer    : /DC=ch/DC=cern/OU=computers/CN=cms-auth.cern.ch
attribute : /cms/Role=NULL/Capability=NULL
timeleft  : 160:32:13
uri       : voms-cms-auth.cern.ch:15000
subject   : /DC=ch/DC=cern/OU=Organic Units/OU=Users/CN=jiahua/CN=851532/CN=Jiahua Chen/CN=2045128514
issuer    : /DC=ch/DC=cern/OU=Organic Units/OU=Users/CN=jiahua/CN=851532/CN=Jiahua Chen
identity  : /DC=ch/DC=cern/OU=Organic Units/OU=Users/CN=jiahua/CN=851532/CN=Jiahua Chen
type      : RFC compliant proxy
strength  : 2048 bits
path      : /afs/cern.ch/user/j/jiahua/proxy/x509up_u139833
timeleft  : 168:32:14
key usage : Digital Signature, Key Encipherment
=== VO cms extension information ===
VO        : cms
subject   : /DC=ch/DC=cern/OU=Organic Units/OU=Users/CN=jiahua/CN=851532/CN=Jiahua Chen
issuer    : /DC=ch/DC=cern/OU=computers/CN=cms-auth.cern.ch
attribute : /cms/Role=NULL/Capability=NULL
timeleft  : 160:32:13
uri       : voms-cms-auth.cern.ch:15000
/eos/user/j/jiahua/MC_2022EE_inc/MC_2022EE_vbf/ZZto2L2Nu_powheg_22EE_ext1-v2/764c891a-7c0f-4e5a-a785-f9ca3c30aea5.root
[2025-11-21 10:16:29.161] [main] [info] Checking input files
[2025-11-21 10:16:37.936] [main] [info] NanoAOD input_file 1: root://cms-xrd-global.cern.ch//store/mc/Run3Summer22EENanoAODv12/ZZto2L2Nu_TuneCP5_13p6TeV_powheg-pythia8/NANOAODSIM/130X_mcRun3_2022_realistic_postEE_v6_ext1-v2/2520000/764c891a-7c0f-4e5a-a785-f9ca3c30aea5.root - 119852 Events
[2025-11-21 10:16:37.936] [main] [info] input_file 1: root://cms-xrd-global.cern.ch//store/mc/Run3Summer22EENanoAODv12/ZZto2L2Nu_TuneCP5_13p6TeV_powheg-pythia8/NANOAODSIM/130X_mcRun3_2022_realistic_postEE_v6_ext1-v2/2520000/764c891a-7c0f-4e5a-a785-f9ca3c30aea5.root - SumOfGenWeight: 123543.10074000002 
[2025-11-21 10:16:37.936] [main] [info] Output directory: /eos/user/j/jiahua/MC_2022EE_inc/MC_2022EE_vbf/ZZto2L2Nu_powheg_22EE_ext1-v2/764c891a-7c0f-4e5a-a785-f9ca3c30aea5.root
[2025-11-21 10:16:37.936] [main] [info] Starting Setup of Dataframe with 119852 events
[2025-11-21 10:18:02.787] [main] [info] Finished Setup
[2025-11-21 10:18:02.787] [main] [info] Runtime for setup (real time: 84.85, CPU time: 79.65)
[2025-11-21 10:18:02.787] [main] [info] Starting Evaluation
[2025-11-21 10:18:26.924] [main] [info] 10000 / 119852 (8.34 %) Events processed ...
[2025-11-21 10:18:37.352] [main] [info] 20000 / 119852 (16.69 %) Events processed ...
[2025-11-21 10:18:45.052] [main] [info] 30000 / 119852 (25.03 %) Events processed ...
[2025-11-21 10:18:52.342] [main] [info] 40000 / 119852 (33.37 %) Events processed ...
[2025-11-21 10:19:05.316] [main] [info] 50000 / 119852 (41.72 %) Events processed ...
[2025-11-21 10:19:14.995] [main] [info] 60000 / 119852 (50.06 %) Events processed ...
[2025-11-21 10:19:25.482] [main] [info] 70000 / 119852 (58.41 %) Events processed ...
[2025-11-21 10:19:35.369] [main] [info] 80000 / 119852 (66.75 %) Events processed ...
[2025-11-21 10:19:46.319] [main] [info] 90000 / 119852 (75.09 %) Events processed ...
[2025-11-21 10:19:54.291] [main] [info] 100000 / 119852 (83.44 %) Events processed ...
[2025-11-21 10:20:03.220] [main] [info] 110000 / 119852 (91.78 %) Events processed ...
[2025-11-21 10:20:12.463] [main] [info] vbfhmm:
GoodJetsCollection: pass=77317      all=119852     -- eff=64.51 % cumulative eff=64.51 %
Flag_goodVertices: pass=77317      all=77317      -- eff=100.00 % cumulative eff=64.51 %
Flag_globalSuperTightHalo2016Filter: pass=77311      all=77317      -- eff=99.99 % cumulative eff=64.51 %
Flag_EcalDeadCellTriggerPrimitiveFilter: pass=77305      all=77311      -- eff=99.99 % cumulative eff=64.50 %
Flag_BadPFMuonFilter: pass=77300      all=77305      -- eff=99.99 % cumulative eff=64.50 %
Flag_BadPFMuonDzFilter: pass=77298      all=77300      -- eff=100.00 % cumulative eff=64.49 %
Flag_eeBadScFilter: pass=77298      all=77298      -- eff=100.00 % cumulative eff=64.49 %
Flag_ecalBadCalibFilter: pass=77284      all=77298      -- eff=99.98 % cumulative eff=64.48 %
Flag_hfNoisyHitsFilter: pass=77279      all=77284      -- eff=99.99 % cumulative eff=64.48 %
Number of muons 2: pass=5248       all=77279      -- eff=6.79 % cumulative eff=4.38 %
Veto VH <= 0 electrons: pass=5246       all=5248       -- eff=99.96 % cumulative eff=4.38 %
DiMuon From Higgs: pass=4913       all=5246       -- eff=93.65 % cumulative eff=4.10 %
LeptonChargeSum: pass=4913       all=4913       -- eff=100.00 % cumulative eff=4.10 %
Hmass>=110: pass=282        all=4913       -- eff=5.74 % cumulative eff=0.24 %
[2025-11-21 10:20:12.588] [main] [info] Writing quantities map to /eos/user/j/jiahua/MC_2022EE_inc/MC_2022EE_vbf/ZZto2L2Nu_powheg_22EE_ext1-v2/764c891a-7c0f-4e5a-a785-f9ca3c30aea5_vbfhmm.root
[2025-11-21 10:20:12.686] [main] [info] Finished Evaluation
[2025-11-21 10:20:12.686] [main] [info] Overall runtime (real time: 214.75, CPU time: 198.20)
