000 (13047738.014.000) 11/20 09:15:43 Job submitted from host: <188.185.121.235:9618?addrs=188.185.121.235-9618+[2001-1458-d00-49--100-36e]-9618&alias=bigbird22.cern.ch&noUDP&sock=schedd_232129_c3ca>
...
040 (13047738.014.000) 11/20 09:37:08 Started transferring input files
	Transferring to host: <128.142.192.170:9618?addrs=128.142.192.170-9618+[2001-1458-301-56--100-26]-9618&alias=b9g18p5946.cern.ch&noUDP&sock=slot1_22_4996_e244_61109>
...
040 (13047738.014.000) 11/20 09:37:08 Finished transferring input files
...
001 (13047738.014.000) 11/20 09:37:09 Job executing on host: <128.142.192.170:9618?addrs=128.142.192.170-9618+[2001-1458-301-56--100-26]-9618&alias=b9g18p5946.cern.ch&noUDP&sock=startd_4196_af7a>
	SlotName: slot1_22@b9g18p5946.cern.ch
	CondorScratchDir = "/pool/condor/dir_2526333"
	Cpus = 1
	Disk = 16080
	GPUs = 0
	Memory = 3000
...
006 (13047738.014.000) 11/20 09:37:23 Image size of job updated: 153036
	150  -  MemoryUsage of job (MB)
	153036  -  ResidentSetSize of job (KB)
...
006 (13047738.014.000) 11/20 09:39:12 Image size of job updated: 668056
	150  -  MemoryUsage of job (MB)
	153036  -  ResidentSetSize of job (KB)
...
040 (13047738.014.000) 11/20 09:39:12 Started transferring output files
...
040 (13047738.014.000) 11/20 09:39:12 Finished transferring output files
...
005 (13047738.014.000) 11/20 09:39:12 Job terminated.
	(1) Normal termination (return value 134)
		Usr 0 00:01:48, Sys 0 00:00:02  -  Run Remote Usage
		Usr 0 00:00:00, Sys 0 00:00:00  -  Run Local Usage
		Usr 0 00:01:48, Sys 0 00:00:02  -  Total Remote Usage
		Usr 0 00:00:00, Sys 0 00:00:00  -  Total Local Usage
	8456  -  Run Bytes Sent By Job
	11510364  -  Run Bytes Received By Job
	8456  -  Total Bytes Sent By Job
	11510364  -  Total Bytes Received By Job
	Partitionable Resources :    Usage  Request Allocated 
	   Cpus                 :        0        1         1 
	   Disk (KB)            :    11272    12500     16080 
	   GPUs                 :                           0 
	   Memory (MB)          :      150     3000      3000 
	   TimeExecute (s)      :      123                    
	   TimeSlotBusy (s)     :      124                    

	Job terminated of its own accord at 2025-11-20T08:39:12Z with exit-code 134.
...
