000 (13047737.512.000) 11/20 09:15:42 Job submitted from host: <188.185.121.235:9618?addrs=188.185.121.235-9618+[2001-1458-d00-49--100-36e]-9618&alias=bigbird22.cern.ch&noUDP&sock=schedd_232129_c3ca>
...
040 (13047737.512.000) 11/20 09:37:03 Started transferring input files
	Transferring to host: <188.185.193.54:9618?addrs=188.185.193.54-9618+[2001-1458-303-20--100-32]-9618&alias=b9p19p9927.cern.ch&noUDP&sock=slot1_8_10393_8f00_57729>
...
040 (13047737.512.000) 11/20 09:37:03 Finished transferring input files
...
001 (13047737.512.000) 11/20 09:37:04 Job executing on host: <188.185.193.54:9618?addrs=188.185.193.54-9618+[2001-1458-303-20--100-32]-9618&alias=b9p19p9927.cern.ch&noUDP&sock=startd_8509_0b73>
	SlotName: slot1_8@b9p19p9927.cern.ch
	CondorScratchDir = "/pool/condor/dir_1643000"
	Cpus = 1
	Disk = 16045
	GPUs = 0
	Memory = 3000
...
006 (13047737.512.000) 11/20 09:37:17 Image size of job updated: 95772
	94  -  MemoryUsage of job (MB)
	95772  -  ResidentSetSize of job (KB)
...
006 (13047737.512.000) 11/20 09:39:58 Image size of job updated: 659864
	94  -  MemoryUsage of job (MB)
	95772  -  ResidentSetSize of job (KB)
...
040 (13047737.512.000) 11/20 09:39:58 Started transferring output files
...
040 (13047737.512.000) 11/20 09:39:58 Finished transferring output files
...
005 (13047737.512.000) 11/20 09:39:58 Job terminated.
	(1) Normal termination (return value 134)
		Usr 0 00:02:38, Sys 0 00:00:02  -  Run Remote Usage
		Usr 0 00:00:00, Sys 0 00:00:00  -  Run Local Usage
		Usr 0 00:02:38, Sys 0 00:00:02  -  Total Remote Usage
		Usr 0 00:00:00, Sys 0 00:00:00  -  Total Local Usage
	8483  -  Run Bytes Sent By Job
	11510364  -  Run Bytes Received By Job
	8483  -  Total Bytes Sent By Job
	11510364  -  Total Bytes Received By Job
	Partitionable Resources :    Usage  Request Allocated 
	   Cpus                 :        0        1         1 
	   Disk (KB)            :    11272    12500     16045 
	   GPUs                 :                           0 
	   Memory (MB)          :       94     3000      3000 
	   TimeExecute (s)      :      174                    
	   TimeSlotBusy (s)     :      175                    

	Job terminated of its own accord at 2025-11-20T08:39:58Z with exit-code 134.
...
