000 (13087775.109.000) 11/21 10:07:52 Job submitted from host: <188.185.121.235:9618?addrs=188.185.121.235-9618+[2001-1458-d00-49--100-36e]-9618&alias=bigbird22.cern.ch&noUDP&sock=schedd_232129_c3ca>
...
040 (13087775.109.000) 11/21 10:21:14 Started transferring input files
	Transferring to host: <188.185.196.40:9618?addrs=188.185.196.40-9618+[2001-1458-303-23--100-24]-9618&alias=b9p16p2836.cern.ch&noUDP&sock=slot1_12_3212_e4fc_60793>
...
040 (13087775.109.000) 11/21 10:21:14 Finished transferring input files
...
001 (13087775.109.000) 11/21 10:21:15 Job executing on host: <188.185.196.40:9618?addrs=188.185.196.40-9618+[2001-1458-303-23--100-24]-9618&alias=b9p16p2836.cern.ch&noUDP&sock=startd_2533_017b>
	SlotName: slot1_12@b9p16p2836.cern.ch
	CondorScratchDir = "/pool/condor/dir_1261354"
	Cpus = 1
	Disk = 16176
	GPUs = 0
	Memory = 3000
...
006 (13087775.109.000) 11/21 10:21:29 Image size of job updated: 97752
	96  -  MemoryUsage of job (MB)
	97752  -  ResidentSetSize of job (KB)
...
006 (13087775.109.000) 11/21 10:26:30 Image size of job updated: 702056
	686  -  MemoryUsage of job (MB)
	702056  -  ResidentSetSize of job (KB)
...
006 (13087775.109.000) 11/21 10:29:31 Image size of job updated: 702196
	686  -  MemoryUsage of job (MB)
	702056  -  ResidentSetSize of job (KB)
...
040 (13087775.109.000) 11/21 10:29:31 Started transferring output files
...
040 (13087775.109.000) 11/21 10:29:31 Finished transferring output files
...
005 (13087775.109.000) 11/21 10:29:31 Job terminated.
	(1) Normal termination (return value 0)
		Usr 0 00:07:48, Sys 0 00:00:04  -  Run Remote Usage
		Usr 0 00:00:00, Sys 0 00:00:00  -  Run Local Usage
		Usr 0 00:07:48, Sys 0 00:00:04  -  Total Remote Usage
		Usr 0 00:00:00, Sys 0 00:00:00  -  Total Local Usage
	11570  -  Run Bytes Sent By Job
	11510364  -  Run Bytes Received By Job
	11570  -  Total Bytes Sent By Job
	11510364  -  Total Bytes Received By Job
	Partitionable Resources :    Usage  Request Allocated 
	   Cpus                 :        0        1         1 
	   Disk (KB)            :    11276    12500     16176 
	   GPUs                 :                           0 
	   Memory (MB)          :      686     3000      3000 
	   TimeExecute (s)      :      496                    
	   TimeSlotBusy (s)     :      497                    

	Job terminated of its own accord at 2025-11-21T09:29:31Z with exit-code 0.
...
