Starting job on \n
Running on: Linux b9p27p6871.cern.ch 5.14.0-570.44.1.el9_6.x86_64 #1 SMP PREEMPT_DYNAMIC Tue Sep 9 05:17:30 EDT 2025 x86_64 x86_64 x86_64 GNU/Linux\n
System software: Red Hat Enterprise Linux release 9.7 (Plow)\n
Setting up CROWN for RedHatEnterprise Version 9.7
subject   : /DC=ch/DC=cern/OU=Organic Units/OU=Users/CN=jiahua/CN=851532/CN=Jiahua Chen/CN=2045128514
issuer    : /DC=ch/DC=cern/OU=Organic Units/OU=Users/CN=jiahua/CN=851532/CN=Jiahua Chen
identity  : /DC=ch/DC=cern/OU=Organic Units/OU=Users/CN=jiahua/CN=851532/CN=Jiahua Chen
type      : RFC compliant proxy
strength  : 2048 bits
path      : /afs/cern.ch/user/j/jiahua/proxy/x509up_u139833
timeleft  : 199:32:00
key usage : Digital Signature, Key Encipherment
=== VO cms extension information ===
VO        : cms
subject   : /DC=ch/DC=cern/OU=Organic Units/OU=Users/CN=jiahua/CN=851532/CN=Jiahua Chen
issuer    : /DC=ch/DC=cern/OU=computers/CN=cms-auth.cern.ch
attribute : /cms/Role=NULL/Capability=NULL
timeleft  : 191:31:59
uri       : voms-cms-auth.cern.ch:15000
subject   : /DC=ch/DC=cern/OU=Organic Units/OU=Users/CN=jiahua/CN=851532/CN=Jiahua Chen/CN=2045128514
issuer    : /DC=ch/DC=cern/OU=Organic Units/OU=Users/CN=jiahua/CN=851532/CN=Jiahua Chen
identity  : /DC=ch/DC=cern/OU=Organic Units/OU=Users/CN=jiahua/CN=851532/CN=Jiahua Chen
type      : RFC compliant proxy
strength  : 2048 bits
path      : /afs/cern.ch/user/j/jiahua/proxy/x509up_u139833
timeleft  : 199:32:00
key usage : Digital Signature, Key Encipherment
=== VO cms extension information ===
VO        : cms
subject   : /DC=ch/DC=cern/OU=Organic Units/OU=Users/CN=jiahua/CN=851532/CN=Jiahua Chen
issuer    : /DC=ch/DC=cern/OU=computers/CN=cms-auth.cern.ch
attribute : /cms/Role=NULL/Capability=NULL
timeleft  : 191:31:59
uri       : voms-cms-auth.cern.ch:15000
/eos/user/j/jiahua/MC_2022EE_inc/MC_2022EE_vbf/ZZto4L_powheg_22EE_ext1-v2/233b8cad-5ed1-44c5-a59b-c003be000c87.root
[2025-11-20 03:16:43.914] [main] [info] Checking input files
[2025-11-20 03:16:47.864] [main] [info] NanoAOD input_file 1: root://cms-xrd-global.cern.ch//store/mc/Run3Summer22EENanoAODv12/ZZto4L_TuneCP5_13p6TeV_powheg-pythia8/NANOAODSIM/130X_mcRun3_2022_realistic_postEE_v6_ext1-v2/30000/233b8cad-5ed1-44c5-a59b-c003be000c87.root - 40425 Events
[2025-11-20 03:16:47.864] [main] [info] input_file 1: root://cms-xrd-global.cern.ch//store/mc/Run3Summer22EENanoAODv12/ZZto4L_TuneCP5_13p6TeV_powheg-pythia8/NANOAODSIM/130X_mcRun3_2022_realistic_postEE_v6_ext1-v2/30000/233b8cad-5ed1-44c5-a59b-c003be000c87.root - SumOfGenWeight: 56230.70563 
[2025-11-20 03:16:47.864] [main] [info] Output directory: /eos/user/j/jiahua/MC_2022EE_inc/MC_2022EE_vbf/ZZto4L_powheg_22EE_ext1-v2/233b8cad-5ed1-44c5-a59b-c003be000c87.root
[2025-11-20 03:16:47.865] [main] [info] Starting Setup of Dataframe with 40425 events
[2025-11-20 03:17:58.122] [main] [info] Finished Setup
[2025-11-20 03:17:58.122] [main] [info] Runtime for setup (real time: 70.26, CPU time: 66.36)
[2025-11-20 03:17:58.122] [main] [info] Starting Evaluation
[2025-11-20 03:18:22.588] [main] [info] 10000 / 40425 (24.74 %) Events processed ...
[2025-11-20 03:18:33.031] [main] [info] 20000 / 40425 (49.47 %) Events processed ...
[2025-11-20 03:18:44.448] [main] [info] 30000 / 40425 (74.21 %) Events processed ...
[2025-11-20 03:18:55.146] [main] [info] 40000 / 40425 (98.95 %) Events processed ...
[2025-11-20 03:18:55.906] [main] [info] vbfhmm:
GoodJetsCollection: pass=25062      all=40425      -- eff=62.00 % cumulative eff=62.00 %
Flag_goodVertices: pass=25062      all=25062      -- eff=100.00 % cumulative eff=62.00 %
Flag_globalSuperTightHalo2016Filter: pass=25059      all=25062      -- eff=99.99 % cumulative eff=61.99 %
Flag_EcalDeadCellTriggerPrimitiveFilter: pass=25058      all=25059      -- eff=100.00 % cumulative eff=61.99 %
Flag_BadPFMuonFilter: pass=25056      all=25058      -- eff=99.99 % cumulative eff=61.98 %
Flag_BadPFMuonDzFilter: pass=25056      all=25056      -- eff=100.00 % cumulative eff=61.98 %
Flag_eeBadScFilter: pass=25056      all=25056      -- eff=100.00 % cumulative eff=61.98 %
Flag_ecalBadCalibFilter: pass=25051      all=25056      -- eff=99.98 % cumulative eff=61.97 %
Flag_hfNoisyHitsFilter: pass=25047      all=25051      -- eff=99.98 % cumulative eff=61.96 %
Number of muons 2: pass=2116       all=25047      -- eff=8.45 % cumulative eff=5.23 %
Veto VH <= 0 electrons: pass=1564       all=2116       -- eff=73.91 % cumulative eff=3.87 %
DiMuon From Higgs: pass=1141       all=1564       -- eff=72.95 % cumulative eff=2.82 %
LeptonChargeSum: pass=990        all=1141       -- eff=86.77 % cumulative eff=2.45 %
Hmass>=110: pass=85         all=990        -- eff=8.59 % cumulative eff=0.21 %
[2025-11-20 03:18:56.298] [main] [info] Writing quantities map to /eos/user/j/jiahua/MC_2022EE_inc/MC_2022EE_vbf/ZZto4L_powheg_22EE_ext1-v2/233b8cad-5ed1-44c5-a59b-c003be000c87_vbfhmm.root
[2025-11-20 03:18:56.354] [main] [info] Finished Evaluation
[2025-11-20 03:18:56.354] [main] [info] Overall runtime (real time: 128.49, CPU time: 120.84)
