Starting job on \n
Running on: Linux b9p29p9073.cern.ch 5.14.0-570.44.1.el9_6.x86_64 #1 SMP PREEMPT_DYNAMIC Tue Sep 9 05:17:30 EDT 2025 x86_64 x86_64 x86_64 GNU/Linux\n
System software: Red Hat Enterprise Linux release 9.7 (Plow)\n
Setting up CROWN for RedHatEnterprise Version 9.7
subject   : /DC=ch/DC=cern/OU=Organic Units/OU=Users/CN=jiahua/CN=851532/CN=Jiahua Chen/CN=2045128514
issuer    : /DC=ch/DC=cern/OU=Organic Units/OU=Users/CN=jiahua/CN=851532/CN=Jiahua Chen
identity  : /DC=ch/DC=cern/OU=Organic Units/OU=Users/CN=jiahua/CN=851532/CN=Jiahua Chen
type      : RFC compliant proxy
strength  : 2048 bits
path      : /afs/cern.ch/user/j/jiahua/proxy/x509up_u139833
timeleft  : 168:30:03
key usage : Digital Signature, Key Encipherment
=== VO cms extension information ===
VO        : cms
subject   : /DC=ch/DC=cern/OU=Organic Units/OU=Users/CN=jiahua/CN=851532/CN=Jiahua Chen
issuer    : /DC=ch/DC=cern/OU=computers/CN=cms-auth.cern.ch
attribute : /cms/Role=NULL/Capability=NULL
timeleft  : 160:30:02
uri       : voms-cms-auth.cern.ch:15000
subject   : /DC=ch/DC=cern/OU=Organic Units/OU=Users/CN=jiahua/CN=851532/CN=Jiahua Chen/CN=2045128514
issuer    : /DC=ch/DC=cern/OU=Organic Units/OU=Users/CN=jiahua/CN=851532/CN=Jiahua Chen
identity  : /DC=ch/DC=cern/OU=Organic Units/OU=Users/CN=jiahua/CN=851532/CN=Jiahua Chen
type      : RFC compliant proxy
strength  : 2048 bits
path      : /afs/cern.ch/user/j/jiahua/proxy/x509up_u139833
timeleft  : 168:30:03
key usage : Digital Signature, Key Encipherment
=== VO cms extension information ===
VO        : cms
subject   : /DC=ch/DC=cern/OU=Organic Units/OU=Users/CN=jiahua/CN=851532/CN=Jiahua Chen
issuer    : /DC=ch/DC=cern/OU=computers/CN=cms-auth.cern.ch
attribute : /cms/Role=NULL/Capability=NULL
timeleft  : 160:30:02
uri       : voms-cms-auth.cern.ch:15000
/eos/user/j/jiahua/MC_2022EE_inc/MC_2022EE_vbf/ZZto2L2Q_powheg_22EE_ext1-v2/befee7a5-3193-4821-bda2-cd7aa1e34b97.root
[2025-11-21 10:18:41.118] [main] [info] Checking input files
[2025-11-21 10:18:46.012] [main] [info] NanoAOD input_file 1: root://cms-xrd-global.cern.ch//store/mc/Run3Summer22EENanoAODv12/ZZto2L2Q_TuneCP5_13p6TeV_powheg-pythia8/NANOAODSIM/130X_mcRun3_2022_realistic_postEE_v6_ext1-v2/40000/befee7a5-3193-4821-bda2-cd7aa1e34b97.root - 176500 Events
[2025-11-21 10:18:46.012] [main] [info] input_file 1: root://cms-xrd-global.cern.ch//store/mc/Run3Summer22EENanoAODv12/ZZto2L2Q_TuneCP5_13p6TeV_powheg-pythia8/NANOAODSIM/130X_mcRun3_2022_realistic_postEE_v6_ext1-v2/40000/befee7a5-3193-4821-bda2-cd7aa1e34b97.root - SumOfGenWeight: 1198327.0780000014 
[2025-11-21 10:18:46.012] [main] [info] Output directory: /eos/user/j/jiahua/MC_2022EE_inc/MC_2022EE_vbf/ZZto2L2Q_powheg_22EE_ext1-v2/befee7a5-3193-4821-bda2-cd7aa1e34b97.root
[2025-11-21 10:18:46.019] [main] [info] Starting Setup of Dataframe with 176500 events
[2025-11-21 10:20:04.685] [main] [info] Finished Setup
[2025-11-21 10:20:04.686] [main] [info] Runtime for setup (real time: 78.67, CPU time: 72.88)
[2025-11-21 10:20:04.686] [main] [info] Starting Evaluation
[2025-11-21 10:20:32.720] [main] [info] 10000 / 176500 (5.67 %) Events processed ...
[2025-11-21 10:20:44.847] [main] [info] 20000 / 176500 (11.33 %) Events processed ...
[2025-11-21 10:20:56.668] [main] [info] 30000 / 176500 (17.00 %) Events processed ...
[2025-11-21 10:21:11.610] [main] [info] 40000 / 176500 (22.66 %) Events processed ...
[2025-11-21 10:21:23.671] [main] [info] 50000 / 176500 (28.33 %) Events processed ...
[2025-11-21 10:21:36.148] [main] [info] 60000 / 176500 (33.99 %) Events processed ...
[2025-11-21 10:21:48.827] [main] [info] 70000 / 176500 (39.66 %) Events processed ...
[2025-11-21 10:22:02.650] [main] [info] 80000 / 176500 (45.33 %) Events processed ...
[2025-11-21 10:22:13.865] [main] [info] 90000 / 176500 (50.99 %) Events processed ...
[2025-11-21 10:22:26.821] [main] [info] 100000 / 176500 (56.66 %) Events processed ...
[2025-11-21 10:22:38.698] [main] [info] 110000 / 176500 (62.32 %) Events processed ...
[2025-11-21 10:22:52.613] [main] [info] 120000 / 176500 (67.99 %) Events processed ...
[2025-11-21 10:23:05.239] [main] [info] 130000 / 176500 (73.65 %) Events processed ...
[2025-11-21 10:23:17.124] [main] [info] 140000 / 176500 (79.32 %) Events processed ...
[2025-11-21 10:23:29.240] [main] [info] 150000 / 176500 (84.99 %) Events processed ...
[2025-11-21 10:23:41.949] [main] [info] 160000 / 176500 (90.65 %) Events processed ...
[2025-11-21 10:23:53.245] [main] [info] 170000 / 176500 (96.32 %) Events processed ...
[2025-11-21 10:24:01.279] [main] [info] vbfhmm:
GoodJetsCollection: pass=131752     all=176500     -- eff=74.65 % cumulative eff=74.65 %
Flag_goodVertices: pass=131752     all=131752     -- eff=100.00 % cumulative eff=74.65 %
Flag_globalSuperTightHalo2016Filter: pass=131739     all=131752     -- eff=99.99 % cumulative eff=74.64 %
Flag_EcalDeadCellTriggerPrimitiveFilter: pass=131733     all=131739     -- eff=100.00 % cumulative eff=74.64 %
Flag_BadPFMuonFilter: pass=131732     all=131733     -- eff=100.00 % cumulative eff=74.64 %
Flag_BadPFMuonDzFilter: pass=131732     all=131732     -- eff=100.00 % cumulative eff=74.64 %
Flag_eeBadScFilter: pass=131732     all=131732     -- eff=100.00 % cumulative eff=74.64 %
Flag_ecalBadCalibFilter: pass=131719     all=131732     -- eff=99.99 % cumulative eff=74.63 %
Flag_hfNoisyHitsFilter: pass=131714     all=131719     -- eff=100.00 % cumulative eff=74.63 %
Number of muons 2: pass=9407       all=131714     -- eff=7.14 % cumulative eff=5.33 %
Veto VH <= 0 electrons: pass=9391       all=9407       -- eff=99.83 % cumulative eff=5.32 %
DiMuon From Higgs: pass=8522       all=9391       -- eff=90.75 % cumulative eff=4.83 %
LeptonChargeSum: pass=8511       all=8522       -- eff=99.87 % cumulative eff=4.82 %
Hmass>=110: pass=441        all=8511       -- eff=5.18 % cumulative eff=0.25 %
[2025-11-21 10:24:01.393] [main] [info] Writing quantities map to /eos/user/j/jiahua/MC_2022EE_inc/MC_2022EE_vbf/ZZto2L2Q_powheg_22EE_ext1-v2/befee7a5-3193-4821-bda2-cd7aa1e34b97_vbfhmm.root
[2025-11-21 10:24:01.442] [main] [info] Finished Evaluation
[2025-11-21 10:24:01.442] [main] [info] Overall runtime (real time: 315.43, CPU time: 298.50)
