Starting job on \n
Running on: Linux b9p22p0443.cern.ch 5.14.0-570.44.1.el9_6.x86_64 #1 SMP PREEMPT_DYNAMIC Tue Sep 9 05:17:30 EDT 2025 x86_64 x86_64 x86_64 GNU/Linux\n
System software: Red Hat Enterprise Linux release 9.7 (Plow)\n
Setting up CROWN for RedHatEnterprise Version 9.7
subject   : /DC=ch/DC=cern/OU=Organic Units/OU=Users/CN=jiahua/CN=851532/CN=Jiahua Chen/CN=2045128514
issuer    : /DC=ch/DC=cern/OU=Organic Units/OU=Users/CN=jiahua/CN=851532/CN=Jiahua Chen
identity  : /DC=ch/DC=cern/OU=Organic Units/OU=Users/CN=jiahua/CN=851532/CN=Jiahua Chen
type      : RFC compliant proxy
strength  : 2048 bits
path      : /afs/cern.ch/user/j/jiahua/proxy/x509up_u139833
timeleft  : 199:31:54
key usage : Digital Signature, Key Encipherment
=== VO cms extension information ===
VO        : cms
subject   : /DC=ch/DC=cern/OU=Organic Units/OU=Users/CN=jiahua/CN=851532/CN=Jiahua Chen
issuer    : /DC=ch/DC=cern/OU=computers/CN=cms-auth.cern.ch
attribute : /cms/Role=NULL/Capability=NULL
timeleft  : 191:31:53
uri       : voms-cms-auth.cern.ch:15000
subject   : /DC=ch/DC=cern/OU=Organic Units/OU=Users/CN=jiahua/CN=851532/CN=Jiahua Chen/CN=2045128514
issuer    : /DC=ch/DC=cern/OU=Organic Units/OU=Users/CN=jiahua/CN=851532/CN=Jiahua Chen
identity  : /DC=ch/DC=cern/OU=Organic Units/OU=Users/CN=jiahua/CN=851532/CN=Jiahua Chen
type      : RFC compliant proxy
strength  : 2048 bits
path      : /afs/cern.ch/user/j/jiahua/proxy/x509up_u139833
timeleft  : 199:31:54
key usage : Digital Signature, Key Encipherment
=== VO cms extension information ===
VO        : cms
subject   : /DC=ch/DC=cern/OU=Organic Units/OU=Users/CN=jiahua/CN=851532/CN=Jiahua Chen
issuer    : /DC=ch/DC=cern/OU=computers/CN=cms-auth.cern.ch
attribute : /cms/Role=NULL/Capability=NULL
timeleft  : 191:31:53
uri       : voms-cms-auth.cern.ch:15000
/eos/user/j/jiahua/MC_2022EE_inc/MC_2022EE_vbf/ZZto4L_powheg_22EE_ext1-v2/e5bd8aba-3fa1-46e1-a3e3-696fe2d857a3.root
[2025-11-20 03:16:49.576] [main] [info] Checking input files
[2025-11-20 03:16:54.755] [main] [info] NanoAOD input_file 1: root://cms-xrd-global.cern.ch//store/mc/Run3Summer22EENanoAODv12/ZZto4L_TuneCP5_13p6TeV_powheg-pythia8/NANOAODSIM/130X_mcRun3_2022_realistic_postEE_v6_ext1-v2/40000/e5bd8aba-3fa1-46e1-a3e3-696fe2d857a3.root - 71295 Events
[2025-11-20 03:16:54.755] [main] [info] input_file 1: root://cms-xrd-global.cern.ch//store/mc/Run3Summer22EENanoAODv12/ZZto4L_TuneCP5_13p6TeV_powheg-pythia8/NANOAODSIM/130X_mcRun3_2022_realistic_postEE_v6_ext1-v2/40000/e5bd8aba-3fa1-46e1-a3e3-696fe2d857a3.root - SumOfGenWeight: 99050.39991000002 
[2025-11-20 03:16:54.755] [main] [info] Output directory: /eos/user/j/jiahua/MC_2022EE_inc/MC_2022EE_vbf/ZZto4L_powheg_22EE_ext1-v2/e5bd8aba-3fa1-46e1-a3e3-696fe2d857a3.root
[2025-11-20 03:16:54.756] [main] [info] Starting Setup of Dataframe with 71295 events
[2025-11-20 03:18:13.163] [main] [info] Finished Setup
[2025-11-20 03:18:13.163] [main] [info] Runtime for setup (real time: 78.41, CPU time: 74.06)
[2025-11-20 03:18:13.163] [main] [info] Starting Evaluation
[2025-11-20 03:18:38.595] [main] [info] 10000 / 71295 (14.03 %) Events processed ...
[2025-11-20 03:18:47.268] [main] [info] 20000 / 71295 (28.05 %) Events processed ...
[2025-11-20 03:18:57.085] [main] [info] 30000 / 71295 (42.08 %) Events processed ...
[2025-11-20 03:19:07.717] [main] [info] 40000 / 71295 (56.10 %) Events processed ...
[2025-11-20 03:19:17.173] [main] [info] 50000 / 71295 (70.13 %) Events processed ...
[2025-11-20 03:19:27.024] [main] [info] 60000 / 71295 (84.16 %) Events processed ...
[2025-11-20 03:19:36.325] [main] [info] 70000 / 71295 (98.18 %) Events processed ...
[2025-11-20 03:19:37.847] [main] [info] vbfhmm:
GoodJetsCollection: pass=43889      all=71295      -- eff=61.56 % cumulative eff=61.56 %
Flag_goodVertices: pass=43889      all=43889      -- eff=100.00 % cumulative eff=61.56 %
Flag_globalSuperTightHalo2016Filter: pass=43886      all=43889      -- eff=99.99 % cumulative eff=61.56 %
Flag_EcalDeadCellTriggerPrimitiveFilter: pass=43882      all=43886      -- eff=99.99 % cumulative eff=61.55 %
Flag_BadPFMuonFilter: pass=43878      all=43882      -- eff=99.99 % cumulative eff=61.54 %
Flag_BadPFMuonDzFilter: pass=43876      all=43878      -- eff=100.00 % cumulative eff=61.54 %
Flag_eeBadScFilter: pass=43876      all=43876      -- eff=100.00 % cumulative eff=61.54 %
Flag_ecalBadCalibFilter: pass=43872      all=43876      -- eff=99.99 % cumulative eff=61.54 %
Flag_hfNoisyHitsFilter: pass=43870      all=43872      -- eff=100.00 % cumulative eff=61.53 %
Number of muons 2: pass=3834       all=43870      -- eff=8.74 % cumulative eff=5.38 %
Veto VH <= 0 electrons: pass=2833       all=3834       -- eff=73.89 % cumulative eff=3.97 %
DiMuon From Higgs: pass=2073       all=2833       -- eff=73.17 % cumulative eff=2.91 %
LeptonChargeSum: pass=1804       all=2073       -- eff=87.02 % cumulative eff=2.53 %
Hmass>=110: pass=137        all=1804       -- eff=7.59 % cumulative eff=0.19 %
[2025-11-20 03:19:38.229] [main] [info] Writing quantities map to /eos/user/j/jiahua/MC_2022EE_inc/MC_2022EE_vbf/ZZto4L_powheg_22EE_ext1-v2/e5bd8aba-3fa1-46e1-a3e3-696fe2d857a3_vbfhmm.root
[2025-11-20 03:19:38.493] [main] [info] Finished Evaluation
[2025-11-20 03:19:38.493] [main] [info] Overall runtime (real time: 163.74, CPU time: 154.59)
