000 (13047739.160.000) 11/20 09:15:47 Job submitted from host: <188.185.121.235:9618?addrs=188.185.121.235-9618+[2001-1458-d00-49--100-36e]-9618&alias=bigbird22.cern.ch&noUDP&sock=schedd_232129_c3ca>
...
040 (13047739.160.000) 11/20 09:40:18 Started transferring input files
	Transferring to host: <188.185.196.39:9618?addrs=188.185.196.39-9618+[2001-1458-303-23--100-23]-9618&alias=b9p16p4634.cern.ch&noUDP&sock=slot1_32_4339_f7ca_57913>
...
040 (13047739.160.000) 11/20 09:40:18 Finished transferring input files
...
001 (13047739.160.000) 11/20 09:40:19 Job executing on host: <188.185.196.39:9618?addrs=188.185.196.39-9618+[2001-1458-303-23--100-23]-9618&alias=b9p16p4634.cern.ch&noUDP&sock=startd_3243_01b9>
	SlotName: slot1_32@b9p16p4634.cern.ch
	CondorScratchDir = "/pool/condor/dir_3342756"
	Cpus = 1
	Disk = 16194
	GPUs = 0
	Memory = 3000
...
006 (13047739.160.000) 11/20 09:40:33 Image size of job updated: 136264
	134  -  MemoryUsage of job (MB)
	136264  -  ResidentSetSize of job (KB)
...
006 (13047739.160.000) 11/20 09:43:12 Image size of job updated: 678516
	134  -  MemoryUsage of job (MB)
	136292  -  ResidentSetSize of job (KB)
...
040 (13047739.160.000) 11/20 09:43:12 Started transferring output files
...
040 (13047739.160.000) 11/20 09:43:12 Finished transferring output files
...
005 (13047739.160.000) 11/20 09:43:12 Job terminated.
	(1) Normal termination (return value 134)
		Usr 0 00:02:37, Sys 0 00:00:02  -  Run Remote Usage
		Usr 0 00:00:00, Sys 0 00:00:00  -  Run Local Usage
		Usr 0 00:02:37, Sys 0 00:00:02  -  Total Remote Usage
		Usr 0 00:00:00, Sys 0 00:00:00  -  Total Local Usage
	8484  -  Run Bytes Sent By Job
	11510364  -  Run Bytes Received By Job
	8484  -  Total Bytes Sent By Job
	11510364  -  Total Bytes Received By Job
	Partitionable Resources :    Usage  Request Allocated 
	   Cpus                 :        0        1         1 
	   Disk (KB)            :    11273    12500     16194 
	   GPUs                 :                           0 
	   Memory (MB)          :      134     3000      3000 
	   TimeExecute (s)      :      173                    
	   TimeSlotBusy (s)     :      174                    

	Job terminated of its own accord at 2025-11-20T08:43:12Z with exit-code 134.
...
