Starting job on \n
Running on: Linux b9p22p1147.cern.ch 5.14.0-570.42.2.el9_6.x86_64 #1 SMP PREEMPT_DYNAMIC Mon Sep 8 12:15:13 EDT 2025 x86_64 x86_64 x86_64 GNU/Linux\n
System software: Red Hat Enterprise Linux release 9.7 (Plow)\n
Setting up CROWN for RedHatEnterprise Version 9.7
subject   : /DC=ch/DC=cern/OU=Organic Units/OU=Users/CN=jiahua/CN=851532/CN=Jiahua Chen/CN=2045128514
issuer    : /DC=ch/DC=cern/OU=Organic Units/OU=Users/CN=jiahua/CN=851532/CN=Jiahua Chen
identity  : /DC=ch/DC=cern/OU=Organic Units/OU=Users/CN=jiahua/CN=851532/CN=Jiahua Chen
type      : RFC compliant proxy
strength  : 2048 bits
path      : /afs/cern.ch/user/j/jiahua/proxy/x509up_u139833
timeleft  : 168:32:43
key usage : Digital Signature, Key Encipherment
=== VO cms extension information ===
VO        : cms
subject   : /DC=ch/DC=cern/OU=Organic Units/OU=Users/CN=jiahua/CN=851532/CN=Jiahua Chen
issuer    : /DC=ch/DC=cern/OU=computers/CN=cms-auth.cern.ch
attribute : /cms/Role=NULL/Capability=NULL
timeleft  : 160:32:42
uri       : voms-cms-auth.cern.ch:15000
subject   : /DC=ch/DC=cern/OU=Organic Units/OU=Users/CN=jiahua/CN=851532/CN=Jiahua Chen/CN=2045128514
issuer    : /DC=ch/DC=cern/OU=Organic Units/OU=Users/CN=jiahua/CN=851532/CN=Jiahua Chen
identity  : /DC=ch/DC=cern/OU=Organic Units/OU=Users/CN=jiahua/CN=851532/CN=Jiahua Chen
type      : RFC compliant proxy
strength  : 2048 bits
path      : /afs/cern.ch/user/j/jiahua/proxy/x509up_u139833
timeleft  : 168:32:43
key usage : Digital Signature, Key Encipherment
=== VO cms extension information ===
VO        : cms
subject   : /DC=ch/DC=cern/OU=Organic Units/OU=Users/CN=jiahua/CN=851532/CN=Jiahua Chen
issuer    : /DC=ch/DC=cern/OU=computers/CN=cms-auth.cern.ch
attribute : /cms/Role=NULL/Capability=NULL
timeleft  : 160:32:42
uri       : voms-cms-auth.cern.ch:15000
/eos/user/j/jiahua/MC_2022EE_inc/MC_2022EE_vbf/ZZto2L2Nu_powheg_22EE_ext1-v2/503b8ec8-7543-4408-a987-6f16194b8dc9.root
[2025-11-21 10:16:00.386] [main] [info] Checking input files
[2025-11-21 10:16:04.552] [main] [info] NanoAOD input_file 1: root://cms-xrd-global.cern.ch//store/mc/Run3Summer22EENanoAODv12/ZZto2L2Nu_TuneCP5_13p6TeV_powheg-pythia8/NANOAODSIM/130X_mcRun3_2022_realistic_postEE_v6_ext1-v2/40000/503b8ec8-7543-4408-a987-6f16194b8dc9.root - 164616 Events
[2025-11-21 10:16:04.552] [main] [info] input_file 1: root://cms-xrd-global.cern.ch//store/mc/Run3Summer22EENanoAODv12/ZZto2L2Nu_TuneCP5_13p6TeV_powheg-pythia8/NANOAODSIM/130X_mcRun3_2022_realistic_postEE_v6_ext1-v2/40000/503b8ec8-7543-4408-a987-6f16194b8dc9.root - SumOfGenWeight: 169658.17216000005 
[2025-11-21 10:16:04.552] [main] [info] Output directory: /eos/user/j/jiahua/MC_2022EE_inc/MC_2022EE_vbf/ZZto2L2Nu_powheg_22EE_ext1-v2/503b8ec8-7543-4408-a987-6f16194b8dc9.root
[2025-11-21 10:16:04.553] [main] [info] Starting Setup of Dataframe with 164616 events
[2025-11-21 10:17:26.276] [main] [info] Finished Setup
[2025-11-21 10:17:26.276] [main] [info] Runtime for setup (real time: 81.72, CPU time: 75.66)
[2025-11-21 10:17:26.276] [main] [info] Starting Evaluation
[2025-11-21 10:17:55.368] [main] [info] 10000 / 164616 (6.07 %) Events processed ...
[2025-11-21 10:18:06.477] [main] [info] 20000 / 164616 (12.15 %) Events processed ...
[2025-11-21 10:18:17.914] [main] [info] 30000 / 164616 (18.22 %) Events processed ...
[2025-11-21 10:18:30.783] [main] [info] 40000 / 164616 (24.30 %) Events processed ...
[2025-11-21 10:18:42.094] [main] [info] 50000 / 164616 (30.37 %) Events processed ...
[2025-11-21 10:18:52.689] [main] [info] 60000 / 164616 (36.45 %) Events processed ...
[2025-11-21 10:19:03.471] [main] [info] 70000 / 164616 (42.52 %) Events processed ...
[2025-11-21 10:19:15.758] [main] [info] 80000 / 164616 (48.60 %) Events processed ...
[2025-11-21 10:19:26.296] [main] [info] 90000 / 164616 (54.67 %) Events processed ...
[2025-11-21 10:19:36.962] [main] [info] 100000 / 164616 (60.75 %) Events processed ...
[2025-11-21 10:19:47.619] [main] [info] 110000 / 164616 (66.82 %) Events processed ...
[2025-11-21 10:20:00.992] [main] [info] 120000 / 164616 (72.90 %) Events processed ...
[2025-11-21 10:20:11.110] [main] [info] 130000 / 164616 (78.97 %) Events processed ...
[2025-11-21 10:20:22.477] [main] [info] 140000 / 164616 (85.05 %) Events processed ...
[2025-11-21 10:20:32.435] [main] [info] 150000 / 164616 (91.12 %) Events processed ...
[2025-11-21 10:20:43.377] [main] [info] 160000 / 164616 (97.20 %) Events processed ...
[2025-11-21 10:20:47.961] [main] [info] vbfhmm:
GoodJetsCollection: pass=106572     all=164616     -- eff=64.74 % cumulative eff=64.74 %
Flag_goodVertices: pass=106572     all=106572     -- eff=100.00 % cumulative eff=64.74 %
Flag_globalSuperTightHalo2016Filter: pass=106566     all=106572     -- eff=99.99 % cumulative eff=64.74 %
Flag_EcalDeadCellTriggerPrimitiveFilter: pass=106559     all=106566     -- eff=99.99 % cumulative eff=64.73 %
Flag_BadPFMuonFilter: pass=106553     all=106559     -- eff=99.99 % cumulative eff=64.73 %
Flag_BadPFMuonDzFilter: pass=106551     all=106553     -- eff=100.00 % cumulative eff=64.73 %
Flag_eeBadScFilter: pass=106551     all=106551     -- eff=100.00 % cumulative eff=64.73 %
Flag_ecalBadCalibFilter: pass=106529     all=106551     -- eff=99.98 % cumulative eff=64.71 %
Flag_hfNoisyHitsFilter: pass=106523     all=106529     -- eff=99.99 % cumulative eff=64.71 %
Number of muons 2: pass=7429       all=106523     -- eff=6.97 % cumulative eff=4.51 %
Veto VH <= 0 electrons: pass=7424       all=7429       -- eff=99.93 % cumulative eff=4.51 %
DiMuon From Higgs: pass=6923       all=7424       -- eff=93.25 % cumulative eff=4.21 %
LeptonChargeSum: pass=6919       all=6923       -- eff=99.94 % cumulative eff=4.20 %
Hmass>=110: pass=357        all=6919       -- eff=5.16 % cumulative eff=0.22 %
[2025-11-21 10:20:48.099] [main] [info] Writing quantities map to /eos/user/j/jiahua/MC_2022EE_inc/MC_2022EE_vbf/ZZto2L2Nu_powheg_22EE_ext1-v2/503b8ec8-7543-4408-a987-6f16194b8dc9_vbfhmm.root
[2025-11-21 10:20:48.151] [main] [info] Finished Evaluation
[2025-11-21 10:20:48.151] [main] [info] Overall runtime (real time: 283.60, CPU time: 262.45)
