000 (13087774.189.000) 11/21 10:07:41 Job submitted from host: <188.185.121.235:9618?addrs=188.185.121.235-9618+[2001-1458-d00-49--100-36e]-9618&alias=bigbird22.cern.ch&noUDP&sock=schedd_232129_c3ca>
...
040 (13087774.189.000) 11/21 10:19:11 Started transferring input files
	Transferring to host: <188.185.194.171:9618?addrs=188.185.194.171-9618+[2001-1458-303-21--100-a7]-9618&alias=b9p20p9974.cern.ch&noUDP&sock=slot1_45_6304_7cf9_58433>
...
040 (13087774.189.000) 11/21 10:19:11 Finished transferring input files
...
001 (13087774.189.000) 11/21 10:19:12 Job executing on host: <188.185.194.171:9618?addrs=188.185.194.171-9618+[2001-1458-303-21--100-a7]-9618&alias=b9p20p9974.cern.ch&noUDP&sock=startd_5298_90d8>
	SlotName: slot1_45@b9p20p9974.cern.ch
	CondorScratchDir = "/pool/condor/dir_4081620"
	Cpus = 1
	Disk = 16059
	GPUs = 0
	Memory = 3000
...
006 (13087774.189.000) 11/21 10:19:26 Image size of job updated: 84288
	83  -  MemoryUsage of job (MB)
	84288  -  ResidentSetSize of job (KB)
...
006 (13087774.189.000) 11/21 10:24:27 Image size of job updated: 697200
	681  -  MemoryUsage of job (MB)
	697200  -  ResidentSetSize of job (KB)
...
006 (13087774.189.000) 11/21 10:29:02 Image size of job updated: 697344
	681  -  MemoryUsage of job (MB)
	697200  -  ResidentSetSize of job (KB)
...
040 (13087774.189.000) 11/21 10:29:02 Started transferring output files
...
040 (13087774.189.000) 11/21 10:29:02 Finished transferring output files
...
005 (13087774.189.000) 11/21 10:29:02 Job terminated.
	(1) Normal termination (return value 0)
		Usr 0 00:09:05, Sys 0 00:00:05  -  Run Remote Usage
		Usr 0 00:00:00, Sys 0 00:00:00  -  Run Local Usage
		Usr 0 00:09:05, Sys 0 00:00:05  -  Total Remote Usage
		Usr 0 00:00:00, Sys 0 00:00:00  -  Total Local Usage
	10622  -  Run Bytes Sent By Job
	11510364  -  Run Bytes Received By Job
	10622  -  Total Bytes Sent By Job
	11510364  -  Total Bytes Received By Job
	Partitionable Resources :    Usage  Request Allocated 
	   Cpus                 :     0.97        1         1 
	   Disk (KB)            : 11274       12500     16059 
	   GPUs                 :                           0 
	   Memory (MB)          :   681        3000      3000 
	   TimeExecute (s)      :   590                       
	   TimeSlotBusy (s)     :   591                       

	Job terminated of its own accord at 2025-11-21T09:29:02Z with exit-code 0.
...
