000 (13087773.295.000) 11/21 10:07:27 Job submitted from host: <188.185.121.235:9618?addrs=188.185.121.235-9618+[2001-1458-d00-49--100-36e]-9618&alias=bigbird22.cern.ch&noUDP&sock=schedd_232129_c3ca>
...
040 (13087773.295.000) 11/21 10:16:27 Started transferring input files
	Transferring to host: <188.185.211.172:9618?addrs=188.185.211.172-9618+[2001-1458-303-17--100-28]-9618&alias=b9p24p8652.cern.ch&noUDP&sock=slot1_18_7234_c1df_54688>
...
040 (13087773.295.000) 11/21 10:16:27 Finished transferring input files
...
001 (13087773.295.000) 11/21 10:16:28 Job executing on host: <188.185.211.172:9618?addrs=188.185.211.172-9618+[2001-1458-303-17--100-28]-9618&alias=b9p24p8652.cern.ch&noUDP&sock=startd_6330_6e95>
	SlotName: slot1_18@b9p24p8652.cern.ch
	CondorScratchDir = "/pool/condor/dir_3244181"
	Cpus = 1
	Disk = 16080
	GPUs = 0
	Memory = 3000
...
006 (13087773.295.000) 11/21 10:16:42 Image size of job updated: 150492
	147  -  MemoryUsage of job (MB)
	150492  -  ResidentSetSize of job (KB)
...
006 (13087773.295.000) 11/21 10:18:44 Image size of job updated: 693200
	147  -  MemoryUsage of job (MB)
	150492  -  ResidentSetSize of job (KB)
...
040 (13087773.295.000) 11/21 10:18:44 Started transferring output files
...
040 (13087773.295.000) 11/21 10:18:44 Finished transferring output files
...
005 (13087773.295.000) 11/21 10:18:44 Job terminated.
	(1) Normal termination (return value 0)
		Usr 0 00:01:56, Sys 0 00:00:03  -  Run Remote Usage
		Usr 0 00:00:00, Sys 0 00:00:00  -  Run Local Usage
		Usr 0 00:01:56, Sys 0 00:00:03  -  Total Remote Usage
		Usr 0 00:00:00, Sys 0 00:00:00  -  Total Local Usage
	10015  -  Run Bytes Sent By Job
	11510364  -  Run Bytes Received By Job
	10015  -  Total Bytes Sent By Job
	11510364  -  Total Bytes Received By Job
	Partitionable Resources :    Usage  Request Allocated 
	   Cpus                 :        0        1         1 
	   Disk (KB)            :    11275    12500     16080 
	   GPUs                 :                           0 
	   Memory (MB)          :      147     3000      3000 
	   TimeExecute (s)      :      136                    
	   TimeSlotBusy (s)     :      137                    

	Job terminated of its own accord at 2025-11-21T09:18:44Z with exit-code 0.
...
