Starting job on \n
Running on: Linux b9p29p2713.cern.ch 5.14.0-570.44.1.el9_6.x86_64 #1 SMP PREEMPT_DYNAMIC Tue Sep 9 05:17:30 EDT 2025 x86_64 x86_64 x86_64 GNU/Linux\n
System software: Red Hat Enterprise Linux release 9.7 (Plow)\n
Setting up CROWN for RedHatEnterprise Version 9.7
subject   : /DC=ch/DC=cern/OU=Organic Units/OU=Users/CN=jiahua/CN=851532/CN=Jiahua Chen/CN=2045128514
issuer    : /DC=ch/DC=cern/OU=Organic Units/OU=Users/CN=jiahua/CN=851532/CN=Jiahua Chen
identity  : /DC=ch/DC=cern/OU=Organic Units/OU=Users/CN=jiahua/CN=851532/CN=Jiahua Chen
type      : RFC compliant proxy
strength  : 2048 bits
path      : /afs/cern.ch/user/j/jiahua/proxy/x509up_u139833
timeleft  : 168:33:44
key usage : Digital Signature, Key Encipherment
=== VO cms extension information ===
VO        : cms
subject   : /DC=ch/DC=cern/OU=Organic Units/OU=Users/CN=jiahua/CN=851532/CN=Jiahua Chen
issuer    : /DC=ch/DC=cern/OU=computers/CN=cms-auth.cern.ch
attribute : /cms/Role=NULL/Capability=NULL
timeleft  : 160:33:43
uri       : voms-cms-auth.cern.ch:15000
subject   : /DC=ch/DC=cern/OU=Organic Units/OU=Users/CN=jiahua/CN=851532/CN=Jiahua Chen/CN=2045128514
issuer    : /DC=ch/DC=cern/OU=Organic Units/OU=Users/CN=jiahua/CN=851532/CN=Jiahua Chen
identity  : /DC=ch/DC=cern/OU=Organic Units/OU=Users/CN=jiahua/CN=851532/CN=Jiahua Chen
type      : RFC compliant proxy
strength  : 2048 bits
path      : /afs/cern.ch/user/j/jiahua/proxy/x509up_u139833
timeleft  : 168:33:44
key usage : Digital Signature, Key Encipherment
=== VO cms extension information ===
VO        : cms
subject   : /DC=ch/DC=cern/OU=Organic Units/OU=Users/CN=jiahua/CN=851532/CN=Jiahua Chen
issuer    : /DC=ch/DC=cern/OU=computers/CN=cms-auth.cern.ch
attribute : /cms/Role=NULL/Capability=NULL
timeleft  : 160:33:43
uri       : voms-cms-auth.cern.ch:15000
/eos/user/j/jiahua/MC_2022EE_inc/MC_2022EE_vbf/ZZto2L2Nu_powheg_22EE_ext1-v2/52c62aed-4dff-47ce-9047-16338f20a602.root
[2025-11-21 10:14:59.294] [main] [info] Checking input files
[2025-11-21 10:15:07.774] [main] [info] NanoAOD input_file 1: root://cms-xrd-global.cern.ch//store/mc/Run3Summer22EENanoAODv12/ZZto2L2Nu_TuneCP5_13p6TeV_powheg-pythia8/NANOAODSIM/130X_mcRun3_2022_realistic_postEE_v6_ext1-v2/30000/52c62aed-4dff-47ce-9047-16338f20a602.root - 178334 Events
[2025-11-21 10:15:07.774] [main] [info] input_file 1: root://cms-xrd-global.cern.ch//store/mc/Run3Summer22EENanoAODv12/ZZto2L2Nu_TuneCP5_13p6TeV_powheg-pythia8/NANOAODSIM/130X_mcRun3_2022_realistic_postEE_v6_ext1-v2/30000/52c62aed-4dff-47ce-9047-16338f20a602.root - SumOfGenWeight: 183828.03459999998 
[2025-11-21 10:15:07.774] [main] [info] Output directory: /eos/user/j/jiahua/MC_2022EE_inc/MC_2022EE_vbf/ZZto2L2Nu_powheg_22EE_ext1-v2/52c62aed-4dff-47ce-9047-16338f20a602.root
[2025-11-21 10:15:07.775] [main] [info] Starting Setup of Dataframe with 178334 events
[2025-11-21 10:16:17.726] [main] [info] Finished Setup
[2025-11-21 10:16:17.726] [main] [info] Runtime for setup (real time: 69.95, CPU time: 64.42)
[2025-11-21 10:16:17.726] [main] [info] Starting Evaluation
[2025-11-21 10:16:48.621] [main] [info] 10000 / 178334 (5.61 %) Events processed ...
[2025-11-21 10:17:00.711] [main] [info] 20000 / 178334 (11.21 %) Events processed ...
[2025-11-21 10:17:12.956] [main] [info] 30000 / 178334 (16.82 %) Events processed ...
[2025-11-21 10:17:23.924] [main] [info] 40000 / 178334 (22.43 %) Events processed ...
[2025-11-21 10:17:38.347] [main] [info] 50000 / 178334 (28.04 %) Events processed ...
[2025-11-21 10:17:51.371] [main] [info] 60000 / 178334 (33.64 %) Events processed ...
[2025-11-21 10:18:03.589] [main] [info] 70000 / 178334 (39.25 %) Events processed ...
[2025-11-21 10:18:15.860] [main] [info] 80000 / 178334 (44.86 %) Events processed ...
[2025-11-21 10:18:30.710] [main] [info] 90000 / 178334 (50.47 %) Events processed ...
[2025-11-21 10:18:42.702] [main] [info] 100000 / 178334 (56.07 %) Events processed ...
[2025-11-21 10:18:54.758] [main] [info] 110000 / 178334 (61.68 %) Events processed ...
[2025-11-21 10:19:05.842] [main] [info] 120000 / 178334 (67.29 %) Events processed ...
[2025-11-21 10:19:20.405] [main] [info] 130000 / 178334 (72.90 %) Events processed ...
[2025-11-21 10:19:32.203] [main] [info] 140000 / 178334 (78.50 %) Events processed ...
[2025-11-21 10:19:43.775] [main] [info] 150000 / 178334 (84.11 %) Events processed ...
[2025-11-21 10:19:55.152] [main] [info] 160000 / 178334 (89.72 %) Events processed ...
[2025-11-21 10:20:06.973] [main] [info] 170000 / 178334 (95.33 %) Events processed ...
[2025-11-21 10:20:16.656] [main] [info] vbfhmm:
GoodJetsCollection: pass=115266     all=178334     -- eff=64.63 % cumulative eff=64.63 %
Flag_goodVertices: pass=115266     all=115266     -- eff=100.00 % cumulative eff=64.63 %
Flag_globalSuperTightHalo2016Filter: pass=115256     all=115266     -- eff=99.99 % cumulative eff=64.63 %
Flag_EcalDeadCellTriggerPrimitiveFilter: pass=115246     all=115256     -- eff=99.99 % cumulative eff=64.62 %
Flag_BadPFMuonFilter: pass=115240     all=115246     -- eff=99.99 % cumulative eff=64.62 %
Flag_BadPFMuonDzFilter: pass=115238     all=115240     -- eff=100.00 % cumulative eff=64.62 %
Flag_eeBadScFilter: pass=115238     all=115238     -- eff=100.00 % cumulative eff=64.62 %
Flag_ecalBadCalibFilter: pass=115213     all=115238     -- eff=99.98 % cumulative eff=64.61 %
Flag_hfNoisyHitsFilter: pass=115208     all=115213     -- eff=100.00 % cumulative eff=64.60 %
Number of muons 2: pass=7940       all=115208     -- eff=6.89 % cumulative eff=4.45 %
Veto VH <= 0 electrons: pass=7935       all=7940       -- eff=99.94 % cumulative eff=4.45 %
DiMuon From Higgs: pass=7386       all=7935       -- eff=93.08 % cumulative eff=4.14 %
LeptonChargeSum: pass=7383       all=7386       -- eff=99.96 % cumulative eff=4.14 %
Hmass>=110: pass=396        all=7383       -- eff=5.36 % cumulative eff=0.22 %
[2025-11-21 10:20:16.753] [main] [info] Writing quantities map to /eos/user/j/jiahua/MC_2022EE_inc/MC_2022EE_vbf/ZZto2L2Nu_powheg_22EE_ext1-v2/52c62aed-4dff-47ce-9047-16338f20a602_vbfhmm.root
[2025-11-21 10:20:16.815] [main] [info] Finished Evaluation
[2025-11-21 10:20:16.816] [main] [info] Overall runtime (real time: 309.04, CPU time: 286.00)
