000 (13047290.057.000) 11/20 02:50:59 Job submitted from host: <188.185.121.235:9618?addrs=188.185.121.235-9618+[2001-1458-d00-49--100-36e]-9618&alias=bigbird22.cern.ch&noUDP&sock=schedd_232129_c3ca>
...
040 (13047290.057.000) 11/20 03:12:33 Started transferring input files
	Transferring to host: <188.185.214.19:9618?addrs=188.185.214.19-9618+[2001-1458-303-1c--100-f]-9618&alias=b9p29p4393.cern.ch&noUDP&sock=slot1_47_6727_87ab_76703>
...
040 (13047290.057.000) 11/20 03:12:33 Finished transferring input files
...
001 (13047290.057.000) 11/20 03:12:34 Job executing on host: <188.185.214.19:9618?addrs=188.185.214.19-9618+[2001-1458-303-1c--100-f]-9618&alias=b9p29p4393.cern.ch&noUDP&sock=startd_5649_5296>
	SlotName: slot1_47@b9p29p4393.cern.ch
	CondorScratchDir = "/pool/condor/dir_3753805"
	Cpus = 1
	Disk = 16048
	GPUs = 0
	Memory = 3000
...
006 (13047290.057.000) 11/20 03:12:48 Image size of job updated: 152168
	149  -  MemoryUsage of job (MB)
	152168  -  ResidentSetSize of job (KB)
...
006 (13047290.057.000) 11/20 03:15:54 Image size of job updated: 699972
	149  -  MemoryUsage of job (MB)
	152168  -  ResidentSetSize of job (KB)
...
040 (13047290.057.000) 11/20 03:15:54 Started transferring output files
...
040 (13047290.057.000) 11/20 03:15:54 Finished transferring output files
...
005 (13047290.057.000) 11/20 03:15:54 Job terminated.
	(1) Normal termination (return value 0)
		Usr 0 00:02:55, Sys 0 00:00:03  -  Run Remote Usage
		Usr 0 00:00:00, Sys 0 00:00:00  -  Run Local Usage
		Usr 0 00:02:55, Sys 0 00:00:03  -  Total Remote Usage
		Usr 0 00:00:00, Sys 0 00:00:00  -  Total Local Usage
	10359  -  Run Bytes Sent By Job
	11506596  -  Run Bytes Received By Job
	10359  -  Total Bytes Sent By Job
	11506596  -  Total Bytes Received By Job
	Partitionable Resources :    Usage  Request Allocated 
	   Cpus                 :        0        1         1 
	   Disk (KB)            :    11271    12500     16048 
	   GPUs                 :                           0 
	   Memory (MB)          :      149     3000      3000 
	   TimeExecute (s)      :      200                    
	   TimeSlotBusy (s)     :      201                    

	Job terminated of its own accord at 2025-11-20T02:15:54Z with exit-code 0.
...
