000 (13047737.196.000) 11/20 09:15:41 Job submitted from host: <188.185.121.235:9618?addrs=188.185.121.235-9618+[2001-1458-d00-49--100-36e]-9618&alias=bigbird22.cern.ch&noUDP&sock=schedd_232129_c3ca>
...
040 (13047737.196.000) 11/20 09:35:18 Started transferring input files
	Transferring to host: <128.142.161.74:9618?addrs=128.142.161.74-9618+[2001-1458-301-b8--100-8]-9618&alias=b9g03p5829.cern.ch&noUDP&sock=slot1_24_1222910_797a_65129>
...
040 (13047737.196.000) 11/20 09:35:18 Finished transferring input files
...
001 (13047737.196.000) 11/20 09:35:19 Job executing on host: <128.142.161.74:9618?addrs=128.142.161.74-9618+[2001-1458-301-b8--100-8]-9618&alias=b9g03p5829.cern.ch&noUDP&sock=startd_3698_1950>
	SlotName: slot1_24@b9g03p5829.cern.ch
	CondorScratchDir = "/pool/condor/dir_787737"
	Cpus = 1
	Disk = 16350
	GPUs = 0
	Memory = 3000
...
006 (13047737.196.000) 11/20 09:35:32 Image size of job updated: 101156
	99  -  MemoryUsage of job (MB)
	101156  -  ResidentSetSize of job (KB)
...
006 (13047737.196.000) 11/20 09:38:14 Image size of job updated: 667152
	99  -  MemoryUsage of job (MB)
	101156  -  ResidentSetSize of job (KB)
...
040 (13047737.196.000) 11/20 09:38:14 Started transferring output files
...
040 (13047737.196.000) 11/20 09:38:14 Finished transferring output files
...
005 (13047737.196.000) 11/20 09:38:14 Job terminated.
	(1) Normal termination (return value 134)
		Usr 0 00:02:37, Sys 0 00:00:02  -  Run Remote Usage
		Usr 0 00:00:00, Sys 0 00:00:00  -  Run Local Usage
		Usr 0 00:02:37, Sys 0 00:00:02  -  Total Remote Usage
		Usr 0 00:00:00, Sys 0 00:00:00  -  Total Local Usage
	8486  -  Run Bytes Sent By Job
	11510364  -  Run Bytes Received By Job
	8486  -  Total Bytes Sent By Job
	11510364  -  Total Bytes Received By Job
	Partitionable Resources :    Usage  Request Allocated 
	   Cpus                 :        0        1         1 
	   Disk (KB)            :    11271    12500     16350 
	   GPUs                 :                           0 
	   Memory (MB)          :       99     3000      3000 
	   TimeExecute (s)      :      175                    
	   TimeSlotBusy (s)     :      176                    

	Job terminated of its own accord at 2025-11-20T08:38:14Z with exit-code 134.
...
