000 (13087773.453.000) 11/21 10:07:28 Job submitted from host: <188.185.121.235:9618?addrs=188.185.121.235-9618+[2001-1458-d00-49--100-36e]-9618&alias=bigbird22.cern.ch&noUDP&sock=schedd_232129_c3ca>
...
040 (13087773.453.000) 11/21 10:17:42 Started transferring input files
	Transferring to host: <188.185.210.160:9618?addrs=188.185.210.160-9618+[2001-1458-303-15--100-1c]-9618&alias=b9p22p0522.cern.ch&noUDP&sock=slot1_47_7220_e49f_65227>
...
001 (13087773.453.000) 11/21 10:17:45 Job executing on host: <188.185.210.160:9618?addrs=188.185.210.160-9618+[2001-1458-303-15--100-1c]-9618&alias=b9p22p0522.cern.ch&noUDP&sock=startd_6523_d05c>
	SlotName: slot1_47@b9p22p0522.cern.ch
	CondorScratchDir = "/pool/condor/dir_895946"
	Cpus = 1
	Disk = 16072
	GPUs = 0
	Memory = 3000
...
040 (13087773.453.000) 11/21 10:17:45 Finished transferring input files
...
006 (13087773.453.000) 11/21 10:17:59 Image size of job updated: 103244
	101  -  MemoryUsage of job (MB)
	103244  -  ResidentSetSize of job (KB)
...
006 (13087773.453.000) 11/21 10:20:49 Image size of job updated: 705120
	101  -  MemoryUsage of job (MB)
	103244  -  ResidentSetSize of job (KB)
...
040 (13087773.453.000) 11/21 10:20:49 Started transferring output files
...
040 (13087773.453.000) 11/21 10:20:49 Finished transferring output files
...
005 (13087773.453.000) 11/21 10:20:49 Job terminated.
	(1) Normal termination (return value 0)
		Usr 0 00:02:35, Sys 0 00:00:04  -  Run Remote Usage
		Usr 0 00:00:00, Sys 0 00:00:00  -  Run Local Usage
		Usr 0 00:02:35, Sys 0 00:00:04  -  Total Remote Usage
		Usr 0 00:00:00, Sys 0 00:00:00  -  Total Local Usage
	10100  -  Run Bytes Sent By Job
	11510364  -  Run Bytes Received By Job
	10100  -  Total Bytes Sent By Job
	11510364  -  Total Bytes Received By Job
	Partitionable Resources :    Usage  Request Allocated 
	   Cpus                 :                 1         1 
	   Disk (KB)            :    11266    12500     16072 
	   GPUs                 :                           0 
	   Memory (MB)          :      101     3000      3000 
	   TimeExecute (s)      :      185                    
	   TimeSlotBusy (s)     :      191                    

	Job terminated of its own accord at 2025-11-21T09:20:49Z with exit-code 0.
...
