000 (13047738.260.000) 11/20 09:15:44 Job submitted from host: <188.185.121.235:9618?addrs=188.185.121.235-9618+[2001-1458-d00-49--100-36e]-9618&alias=bigbird22.cern.ch&noUDP&sock=schedd_232129_c3ca>
...
040 (13047738.260.000) 11/20 09:38:43 Started transferring input files
	Transferring to host: <188.185.209.141:9618?addrs=188.185.209.141-9618+[2001-1458-303-12--100-a]-9618&alias=b9p12p7822.cern.ch&noUDP&sock=slot1_31_3714_9950_54312>
...
040 (13047738.260.000) 11/20 09:38:43 Finished transferring input files
...
001 (13047738.260.000) 11/20 09:38:44 Job executing on host: <188.185.209.141:9618?addrs=188.185.209.141-9618+[2001-1458-303-12--100-a]-9618&alias=b9p12p7822.cern.ch&noUDP&sock=startd_3277_53f1>
	SlotName: slot1_31@b9p12p7822.cern.ch
	CondorScratchDir = "/pool/condor/dir_4016961"
	Cpus = 1
	Disk = 15860
	GPUs = 0
	Memory = 3000
...
006 (13047738.260.000) 11/20 09:38:57 Image size of job updated: 108168
	106  -  MemoryUsage of job (MB)
	108168  -  ResidentSetSize of job (KB)
...
006 (13047738.260.000) 11/20 09:40:13 Image size of job updated: 661680
	106  -  MemoryUsage of job (MB)
	108424  -  ResidentSetSize of job (KB)
...
040 (13047738.260.000) 11/20 09:40:13 Started transferring output files
...
040 (13047738.260.000) 11/20 09:40:13 Finished transferring output files
...
005 (13047738.260.000) 11/20 09:40:13 Job terminated.
	(1) Normal termination (return value 134)
		Usr 0 00:01:14, Sys 0 00:00:02  -  Run Remote Usage
		Usr 0 00:00:00, Sys 0 00:00:00  -  Run Local Usage
		Usr 0 00:01:14, Sys 0 00:00:02  -  Total Remote Usage
		Usr 0 00:00:00, Sys 0 00:00:00  -  Total Local Usage
	8474  -  Run Bytes Sent By Job
	11510364  -  Run Bytes Received By Job
	8474  -  Total Bytes Sent By Job
	11510364  -  Total Bytes Received By Job
	Partitionable Resources :    Usage  Request Allocated 
	   Cpus                 :        0        1         1 
	   Disk (KB)            :    11275    12500     15860 
	   GPUs                 :                           0 
	   Memory (MB)          :      106     3000      3000 
	   TimeExecute (s)      :       89                    
	   TimeSlotBusy (s)     :       90                    

	Job terminated of its own accord at 2025-11-20T08:40:13Z with exit-code 134.
...
