Starting job on \n
Running on: Linux b9p11p4236.cern.ch 5.14.0-570.55.1.el9_6.x86_64 #1 SMP PREEMPT_DYNAMIC Tue Oct 14 01:03:55 EDT 2025 x86_64 x86_64 x86_64 GNU/Linux\n
System software: Red Hat Enterprise Linux release 9.7 (Plow)\n
Setting up CROWN for RedHatEnterprise Version 9.7
subject   : /DC=ch/DC=cern/OU=Organic Units/OU=Users/CN=jiahua/CN=851532/CN=Jiahua Chen/CN=2045128514
issuer    : /DC=ch/DC=cern/OU=Organic Units/OU=Users/CN=jiahua/CN=851532/CN=Jiahua Chen
identity  : /DC=ch/DC=cern/OU=Organic Units/OU=Users/CN=jiahua/CN=851532/CN=Jiahua Chen
type      : RFC compliant proxy
strength  : 2048 bits
path      : /afs/cern.ch/user/j/jiahua/proxy/x509up_u139833
timeleft  : 199:35:11
key usage : Digital Signature, Key Encipherment
=== VO cms extension information ===
VO        : cms
subject   : /DC=ch/DC=cern/OU=Organic Units/OU=Users/CN=jiahua/CN=851532/CN=Jiahua Chen
issuer    : /DC=ch/DC=cern/OU=computers/CN=cms-auth.cern.ch
attribute : /cms/Role=NULL/Capability=NULL
timeleft  : 191:35:10
uri       : voms-cms-auth.cern.ch:15000
subject   : /DC=ch/DC=cern/OU=Organic Units/OU=Users/CN=jiahua/CN=851532/CN=Jiahua Chen/CN=2045128514
issuer    : /DC=ch/DC=cern/OU=Organic Units/OU=Users/CN=jiahua/CN=851532/CN=Jiahua Chen
identity  : /DC=ch/DC=cern/OU=Organic Units/OU=Users/CN=jiahua/CN=851532/CN=Jiahua Chen
type      : RFC compliant proxy
strength  : 2048 bits
path      : /afs/cern.ch/user/j/jiahua/proxy/x509up_u139833
timeleft  : 199:35:11
key usage : Digital Signature, Key Encipherment
=== VO cms extension information ===
VO        : cms
subject   : /DC=ch/DC=cern/OU=Organic Units/OU=Users/CN=jiahua/CN=851532/CN=Jiahua Chen
issuer    : /DC=ch/DC=cern/OU=computers/CN=cms-auth.cern.ch
attribute : /cms/Role=NULL/Capability=NULL
timeleft  : 191:35:10
uri       : voms-cms-auth.cern.ch:15000
/eos/user/j/jiahua/MC_2022EE_inc/MC_2022EE_vbf/ZZto2L2Nu_powheg_22EE_ext1-v2/4ecc9da3-9683-46db-a8b8-3f52c5db2ddf.root
[2025-11-20 03:13:32.171] [main] [info] Checking input files
[2025-11-20 03:13:36.652] [main] [info] NanoAOD input_file 1: root://cms-xrd-global.cern.ch//store/mc/Run3Summer22EENanoAODv12/ZZto2L2Nu_TuneCP5_13p6TeV_powheg-pythia8/NANOAODSIM/130X_mcRun3_2022_realistic_postEE_v6_ext1-v2/50000/4ecc9da3-9683-46db-a8b8-3f52c5db2ddf.root - 178334 Events
[2025-11-20 03:13:36.652] [main] [info] input_file 1: root://cms-xrd-global.cern.ch//store/mc/Run3Summer22EENanoAODv12/ZZto2L2Nu_TuneCP5_13p6TeV_powheg-pythia8/NANOAODSIM/130X_mcRun3_2022_realistic_postEE_v6_ext1-v2/50000/4ecc9da3-9683-46db-a8b8-3f52c5db2ddf.root - SumOfGenWeight: 183790.84336000003 
[2025-11-20 03:13:36.652] [main] [info] Output directory: /eos/user/j/jiahua/MC_2022EE_inc/MC_2022EE_vbf/ZZto2L2Nu_powheg_22EE_ext1-v2/4ecc9da3-9683-46db-a8b8-3f52c5db2ddf.root
[2025-11-20 03:13:36.655] [main] [info] Starting Setup of Dataframe with 178334 events
[2025-11-20 03:14:50.904] [main] [info] Finished Setup
[2025-11-20 03:14:50.904] [main] [info] Runtime for setup (real time: 74.25, CPU time: 68.11)
[2025-11-20 03:14:50.904] [main] [info] Starting Evaluation
[2025-11-20 03:15:17.092] [main] [info] 10000 / 178334 (5.61 %) Events processed ...
[2025-11-20 03:15:27.179] [main] [info] 20000 / 178334 (11.21 %) Events processed ...
[2025-11-20 03:15:35.992] [main] [info] 30000 / 178334 (16.82 %) Events processed ...
[2025-11-20 03:15:44.952] [main] [info] 40000 / 178334 (22.43 %) Events processed ...
[2025-11-20 03:15:54.113] [main] [info] 50000 / 178334 (28.04 %) Events processed ...
[2025-11-20 03:16:04.534] [main] [info] 60000 / 178334 (33.64 %) Events processed ...
[2025-11-20 03:16:14.665] [main] [info] 70000 / 178334 (39.25 %) Events processed ...
[2025-11-20 03:16:24.159] [main] [info] 80000 / 178334 (44.86 %) Events processed ...
[2025-11-20 03:16:31.357] [main] [info] 90000 / 178334 (50.47 %) Events processed ...
[2025-11-20 03:16:38.773] [main] [info] 100000 / 178334 (56.07 %) Events processed ...
[2025-11-20 03:16:45.253] [main] [info] 110000 / 178334 (61.68 %) Events processed ...
[2025-11-20 03:16:53.674] [main] [info] 120000 / 178334 (67.29 %) Events processed ...
[2025-11-20 03:17:01.463] [main] [info] 130000 / 178334 (72.90 %) Events processed ...
[2025-11-20 03:17:09.259] [main] [info] 140000 / 178334 (78.50 %) Events processed ...
[2025-11-20 03:17:19.214] [main] [info] 150000 / 178334 (84.11 %) Events processed ...
[2025-11-20 03:17:28.329] [main] [info] 160000 / 178334 (89.72 %) Events processed ...
[2025-11-20 03:17:36.111] [main] [info] 170000 / 178334 (95.33 %) Events processed ...
[2025-11-20 03:17:43.786] [main] [info] vbfhmm:
GoodJetsCollection: pass=115251     all=178334     -- eff=64.63 % cumulative eff=64.63 %
Flag_goodVertices: pass=115251     all=115251     -- eff=100.00 % cumulative eff=64.63 %
Flag_globalSuperTightHalo2016Filter: pass=115234     all=115251     -- eff=99.99 % cumulative eff=64.62 %
Flag_EcalDeadCellTriggerPrimitiveFilter: pass=115224     all=115234     -- eff=99.99 % cumulative eff=64.61 %
Flag_BadPFMuonFilter: pass=115218     all=115224     -- eff=99.99 % cumulative eff=64.61 %
Flag_BadPFMuonDzFilter: pass=115215     all=115218     -- eff=100.00 % cumulative eff=64.61 %
Flag_eeBadScFilter: pass=115215     all=115215     -- eff=100.00 % cumulative eff=64.61 %
Flag_ecalBadCalibFilter: pass=115189     all=115215     -- eff=99.98 % cumulative eff=64.59 %
Flag_hfNoisyHitsFilter: pass=115181     all=115189     -- eff=99.99 % cumulative eff=64.59 %
Number of muons 2: pass=7895       all=115181     -- eff=6.85 % cumulative eff=4.43 %
Veto VH <= 0 electrons: pass=7893       all=7895       -- eff=99.97 % cumulative eff=4.43 %
DiMuon From Higgs: pass=7304       all=7893       -- eff=92.54 % cumulative eff=4.10 %
LeptonChargeSum: pass=7303       all=7304       -- eff=99.99 % cumulative eff=4.10 %
Hmass>=110: pass=403        all=7303       -- eff=5.52 % cumulative eff=0.23 %
[2025-11-20 03:17:43.896] [main] [info] Writing quantities map to /eos/user/j/jiahua/MC_2022EE_inc/MC_2022EE_vbf/ZZto2L2Nu_powheg_22EE_ext1-v2/4ecc9da3-9683-46db-a8b8-3f52c5db2ddf_vbfhmm.root
[2025-11-20 03:17:43.946] [main] [info] Finished Evaluation
[2025-11-20 03:17:43.946] [main] [info] Overall runtime (real time: 247.29, CPU time: 230.66)
