Starting job on \n
Running on: Linux b9p29p3255.cern.ch 5.14.0-570.44.1.el9_6.x86_64 #1 SMP PREEMPT_DYNAMIC Tue Sep 9 05:17:30 EDT 2025 x86_64 x86_64 x86_64 GNU/Linux\n
System software: Red Hat Enterprise Linux release 9.7 (Plow)\n
Setting up CROWN for RedHatEnterprise Version 9.7
subject   : /DC=ch/DC=cern/OU=Organic Units/OU=Users/CN=jiahua/CN=851532/CN=Jiahua Chen/CN=2045128514
issuer    : /DC=ch/DC=cern/OU=Organic Units/OU=Users/CN=jiahua/CN=851532/CN=Jiahua Chen
identity  : /DC=ch/DC=cern/OU=Organic Units/OU=Users/CN=jiahua/CN=851532/CN=Jiahua Chen
type      : RFC compliant proxy
strength  : 2048 bits
path      : /afs/cern.ch/user/j/jiahua/proxy/x509up_u139833
timeleft  : 199:30:09
key usage : Digital Signature, Key Encipherment
=== VO cms extension information ===
VO        : cms
subject   : /DC=ch/DC=cern/OU=Organic Units/OU=Users/CN=jiahua/CN=851532/CN=Jiahua Chen
issuer    : /DC=ch/DC=cern/OU=computers/CN=cms-auth.cern.ch
attribute : /cms/Role=NULL/Capability=NULL
timeleft  : 191:30:08
uri       : voms-cms-auth.cern.ch:15000
subject   : /DC=ch/DC=cern/OU=Organic Units/OU=Users/CN=jiahua/CN=851532/CN=Jiahua Chen/CN=2045128514
issuer    : /DC=ch/DC=cern/OU=Organic Units/OU=Users/CN=jiahua/CN=851532/CN=Jiahua Chen
identity  : /DC=ch/DC=cern/OU=Organic Units/OU=Users/CN=jiahua/CN=851532/CN=Jiahua Chen
type      : RFC compliant proxy
strength  : 2048 bits
path      : /afs/cern.ch/user/j/jiahua/proxy/x509up_u139833
timeleft  : 199:30:09
key usage : Digital Signature, Key Encipherment
=== VO cms extension information ===
VO        : cms
subject   : /DC=ch/DC=cern/OU=Organic Units/OU=Users/CN=jiahua/CN=851532/CN=Jiahua Chen
issuer    : /DC=ch/DC=cern/OU=computers/CN=cms-auth.cern.ch
attribute : /cms/Role=NULL/Capability=NULL
timeleft  : 191:30:08
uri       : voms-cms-auth.cern.ch:15000
/eos/user/j/jiahua/MC_2022EE_inc/MC_2022EE_vbf/ZZto2L2Q_powheg_22EE_ext1-v2/6421ec6d-d365-49f9-86d5-c6bd86704774.root
[2025-11-20 03:18:34.876] [main] [info] Checking input files
[2025-11-20 03:18:39.456] [main] [info] NanoAOD input_file 1: root://cms-xrd-global.cern.ch//store/mc/Run3Summer22EENanoAODv12/ZZto2L2Q_TuneCP5_13p6TeV_powheg-pythia8/NANOAODSIM/130X_mcRun3_2022_realistic_postEE_v6_ext1-v2/40000/6421ec6d-d365-49f9-86d5-c6bd86704774.root - 41654 Events
[2025-11-20 03:18:39.456] [main] [info] input_file 1: root://cms-xrd-global.cern.ch//store/mc/Run3Summer22EENanoAODv12/ZZto2L2Q_TuneCP5_13p6TeV_powheg-pythia8/NANOAODSIM/130X_mcRun3_2022_realistic_postEE_v6_ext1-v2/40000/6421ec6d-d365-49f9-86d5-c6bd86704774.root - SumOfGenWeight: 282810.43699999974 
[2025-11-20 03:18:39.456] [main] [info] Output directory: /eos/user/j/jiahua/MC_2022EE_inc/MC_2022EE_vbf/ZZto2L2Q_powheg_22EE_ext1-v2/6421ec6d-d365-49f9-86d5-c6bd86704774.root
[2025-11-20 03:18:39.457] [main] [info] Starting Setup of Dataframe with 41654 events
[2025-11-20 03:20:02.770] [main] [info] Finished Setup
[2025-11-20 03:20:02.770] [main] [info] Runtime for setup (real time: 83.31, CPU time: 78.56)
[2025-11-20 03:20:02.770] [main] [info] Starting Evaluation
[2025-11-20 03:20:32.490] [main] [info] 10000 / 41654 (24.01 %) Events processed ...
[2025-11-20 03:20:47.288] [main] [info] 20000 / 41654 (48.01 %) Events processed ...
[2025-11-20 03:21:00.576] [main] [info] 30000 / 41654 (72.02 %) Events processed ...
[2025-11-20 03:21:14.396] [main] [info] 40000 / 41654 (96.03 %) Events processed ...
[2025-11-20 03:21:16.783] [main] [info] vbfhmm:
GoodJetsCollection: pass=31218      all=41654      -- eff=74.95 % cumulative eff=74.95 %
Flag_goodVertices: pass=31218      all=31218      -- eff=100.00 % cumulative eff=74.95 %
Flag_globalSuperTightHalo2016Filter: pass=31214      all=31218      -- eff=99.99 % cumulative eff=74.94 %
Flag_EcalDeadCellTriggerPrimitiveFilter: pass=31213      all=31214      -- eff=100.00 % cumulative eff=74.93 %
Flag_BadPFMuonFilter: pass=31212      all=31213      -- eff=100.00 % cumulative eff=74.93 %
Flag_BadPFMuonDzFilter: pass=31212      all=31212      -- eff=100.00 % cumulative eff=74.93 %
Flag_eeBadScFilter: pass=31212      all=31212      -- eff=100.00 % cumulative eff=74.93 %
Flag_ecalBadCalibFilter: pass=31206      all=31212      -- eff=99.98 % cumulative eff=74.92 %
Flag_hfNoisyHitsFilter: pass=31203      all=31206      -- eff=99.99 % cumulative eff=74.91 %
Number of muons 2: pass=2227       all=31203      -- eff=7.14 % cumulative eff=5.35 %
Veto VH <= 0 electrons: pass=2222       all=2227       -- eff=99.78 % cumulative eff=5.33 %
DiMuon From Higgs: pass=2014       all=2222       -- eff=90.64 % cumulative eff=4.84 %
LeptonChargeSum: pass=2014       all=2014       -- eff=100.00 % cumulative eff=4.84 %
Hmass>=110: pass=103        all=2014       -- eff=5.11 % cumulative eff=0.25 %
[2025-11-20 03:21:17.654] [main] [info] Writing quantities map to /eos/user/j/jiahua/MC_2022EE_inc/MC_2022EE_vbf/ZZto2L2Q_powheg_22EE_ext1-v2/6421ec6d-d365-49f9-86d5-c6bd86704774_vbfhmm.root
[2025-11-20 03:21:17.743] [main] [info] Finished Evaluation
[2025-11-20 03:21:17.743] [main] [info] Overall runtime (real time: 158.29, CPU time: 148.71)
