000 (13087775.356.000) 11/21 10:07:54 Job submitted from host: <188.185.121.235:9618?addrs=188.185.121.235-9618+[2001-1458-d00-49--100-36e]-9618&alias=bigbird22.cern.ch&noUDP&sock=schedd_232129_c3ca>
...
040 (13087775.356.000) 11/21 10:22:37 Started transferring input files
	Transferring to host: <188.185.214.174:9618?addrs=188.185.214.174-9618+[2001-1458-303-1d--100-2a]-9618&alias=b9p30p1572.cern.ch&noUDP&sock=slot1_18_7261_c800_64437>
...
040 (13087775.356.000) 11/21 10:22:37 Finished transferring input files
...
001 (13087775.356.000) 11/21 10:22:38 Job executing on host: <188.185.214.174:9618?addrs=188.185.214.174-9618+[2001-1458-303-1d--100-2a]-9618&alias=b9p30p1572.cern.ch&noUDP&sock=startd_6761_0fe7>
	SlotName: slot1_18@b9p30p1572.cern.ch
	CondorScratchDir = "/pool/condor/dir_3863196"
	Cpus = 1
	Disk = 16018
	GPUs = 0
	Memory = 3000
...
006 (13087775.356.000) 11/21 10:22:52 Image size of job updated: 152048
	149  -  MemoryUsage of job (MB)
	152048  -  ResidentSetSize of job (KB)
...
006 (13087775.356.000) 11/21 10:25:39 Image size of job updated: 695788
	149  -  MemoryUsage of job (MB)
	152048  -  ResidentSetSize of job (KB)
...
040 (13087775.356.000) 11/21 10:25:42 Started transferring output files
...
040 (13087775.356.000) 11/21 10:25:43 Finished transferring output files
...
005 (13087775.356.000) 11/21 10:25:48 Job terminated.
	(1) Normal termination (return value 0)
		Usr 0 00:02:37, Sys 0 00:00:04  -  Run Remote Usage
		Usr 0 00:00:00, Sys 0 00:00:00  -  Run Local Usage
		Usr 0 00:02:37, Sys 0 00:00:04  -  Total Remote Usage
		Usr 0 00:00:00, Sys 0 00:00:00  -  Total Local Usage
	10257  -  Run Bytes Sent By Job
	11510364  -  Run Bytes Received By Job
	10257  -  Total Bytes Sent By Job
	11510364  -  Total Bytes Received By Job
	Partitionable Resources :    Usage  Request Allocated 
	   Cpus                 :        0        1         1 
	   Disk (KB)            :    11275    12500     16018 
	   GPUs                 :                           0 
	   Memory (MB)          :      149     3000      3000 
	   TimeExecute (s)      :      181                    
	   TimeSlotBusy (s)     :      186                    

	Job terminated of its own accord at 2025-11-21T09:25:39Z with exit-code 0.
...
