Starting job on \n
Running on: Linux b9p22p0818.cern.ch 5.14.0-570.42.2.el9_6.x86_64 #1 SMP PREEMPT_DYNAMIC Mon Sep 8 12:15:13 EDT 2025 x86_64 x86_64 x86_64 GNU/Linux\n
System software: Red Hat Enterprise Linux release 9.7 (Plow)\n
Setting up CROWN for RedHatEnterprise Version 9.7
subject   : /DC=ch/DC=cern/OU=Organic Units/OU=Users/CN=jiahua/CN=851532/CN=Jiahua Chen/CN=2045128514
issuer    : /DC=ch/DC=cern/OU=Organic Units/OU=Users/CN=jiahua/CN=851532/CN=Jiahua Chen
identity  : /DC=ch/DC=cern/OU=Organic Units/OU=Users/CN=jiahua/CN=851532/CN=Jiahua Chen
type      : RFC compliant proxy
strength  : 2048 bits
path      : /afs/cern.ch/user/j/jiahua/proxy/x509up_u139833
timeleft  : 199:29:52
key usage : Digital Signature, Key Encipherment
=== VO cms extension information ===
VO        : cms
subject   : /DC=ch/DC=cern/OU=Organic Units/OU=Users/CN=jiahua/CN=851532/CN=Jiahua Chen
issuer    : /DC=ch/DC=cern/OU=computers/CN=cms-auth.cern.ch
attribute : /cms/Role=NULL/Capability=NULL
timeleft  : 191:29:51
uri       : voms-cms-auth.cern.ch:15000
subject   : /DC=ch/DC=cern/OU=Organic Units/OU=Users/CN=jiahua/CN=851532/CN=Jiahua Chen/CN=2045128514
issuer    : /DC=ch/DC=cern/OU=Organic Units/OU=Users/CN=jiahua/CN=851532/CN=Jiahua Chen
identity  : /DC=ch/DC=cern/OU=Organic Units/OU=Users/CN=jiahua/CN=851532/CN=Jiahua Chen
type      : RFC compliant proxy
strength  : 2048 bits
path      : /afs/cern.ch/user/j/jiahua/proxy/x509up_u139833
timeleft  : 199:29:52
key usage : Digital Signature, Key Encipherment
=== VO cms extension information ===
VO        : cms
subject   : /DC=ch/DC=cern/OU=Organic Units/OU=Users/CN=jiahua/CN=851532/CN=Jiahua Chen
issuer    : /DC=ch/DC=cern/OU=computers/CN=cms-auth.cern.ch
attribute : /cms/Role=NULL/Capability=NULL
timeleft  : 191:29:51
uri       : voms-cms-auth.cern.ch:15000
/eos/user/j/jiahua/MC_2022EE_inc/MC_2022EE_vbf/ZZto2L2Q_powheg_22EE_ext1-v2/b2a229d5-5c2a-4e91-9983-afde77b36bf6.root
[2025-11-20 03:18:52.071] [main] [info] Checking input files
[2025-11-20 03:18:55.849] [main] [info] NanoAOD input_file 1: root://cms-xrd-global.cern.ch//store/mc/Run3Summer22EENanoAODv12/ZZto2L2Q_TuneCP5_13p6TeV_powheg-pythia8/NANOAODSIM/130X_mcRun3_2022_realistic_postEE_v6_ext1-v2/40000/b2a229d5-5c2a-4e91-9983-afde77b36bf6.root - 190620 Events
[2025-11-20 03:18:55.849] [main] [info] input_file 1: root://cms-xrd-global.cern.ch//store/mc/Run3Summer22EENanoAODv12/ZZto2L2Q_TuneCP5_13p6TeV_powheg-pythia8/NANOAODSIM/130X_mcRun3_2022_realistic_postEE_v6_ext1-v2/40000/b2a229d5-5c2a-4e91-9983-afde77b36bf6.root - SumOfGenWeight: 1293954.4150000012 
[2025-11-20 03:18:55.849] [main] [info] Output directory: /eos/user/j/jiahua/MC_2022EE_inc/MC_2022EE_vbf/ZZto2L2Q_powheg_22EE_ext1-v2/b2a229d5-5c2a-4e91-9983-afde77b36bf6.root
[2025-11-20 03:18:55.851] [main] [info] Starting Setup of Dataframe with 190620 events
[2025-11-20 03:20:02.395] [main] [info] Finished Setup
[2025-11-20 03:20:02.395] [main] [info] Runtime for setup (real time: 66.55, CPU time: 62.57)
[2025-11-20 03:20:02.395] [main] [info] Starting Evaluation
[2025-11-20 03:20:28.452] [main] [info] 10000 / 190620 (5.25 %) Events processed ...
[2025-11-20 03:20:39.126] [main] [info] 20000 / 190620 (10.49 %) Events processed ...
[2025-11-20 03:20:49.606] [main] [info] 30000 / 190620 (15.74 %) Events processed ...
[2025-11-20 03:21:03.472] [main] [info] 40000 / 190620 (20.98 %) Events processed ...
[2025-11-20 03:21:15.499] [main] [info] 50000 / 190620 (26.23 %) Events processed ...
[2025-11-20 03:21:26.898] [main] [info] 60000 / 190620 (31.48 %) Events processed ...
[2025-11-20 03:21:39.397] [main] [info] 70000 / 190620 (36.72 %) Events processed ...
[2025-11-20 03:21:52.262] [main] [info] 80000 / 190620 (41.97 %) Events processed ...
[2025-11-20 03:22:02.675] [main] [info] 90000 / 190620 (47.21 %) Events processed ...
[2025-11-20 03:22:13.093] [main] [info] 100000 / 190620 (52.46 %) Events processed ...
[2025-11-20 03:22:24.808] [main] [info] 110000 / 190620 (57.71 %) Events processed ...
[2025-11-20 03:22:36.736] [main] [info] 120000 / 190620 (62.95 %) Events processed ...
[2025-11-20 03:22:47.164] [main] [info] 130000 / 190620 (68.20 %) Events processed ...
[2025-11-20 03:22:58.589] [main] [info] 140000 / 190620 (73.44 %) Events processed ...
[2025-11-20 03:23:09.742] [main] [info] 150000 / 190620 (78.69 %) Events processed ...
[2025-11-20 03:23:23.507] [main] [info] 160000 / 190620 (83.94 %) Events processed ...
[2025-11-20 03:23:34.449] [main] [info] 170000 / 190620 (89.18 %) Events processed ...
[2025-11-20 03:23:46.631] [main] [info] 180000 / 190620 (94.43 %) Events processed ...
[2025-11-20 03:23:59.541] [main] [info] 190000 / 190620 (99.67 %) Events processed ...
[2025-11-20 03:24:01.209] [main] [info] vbfhmm:
GoodJetsCollection: pass=142623     all=190620     -- eff=74.82 % cumulative eff=74.82 %
Flag_goodVertices: pass=142623     all=142623     -- eff=100.00 % cumulative eff=74.82 %
Flag_globalSuperTightHalo2016Filter: pass=142610     all=142623     -- eff=99.99 % cumulative eff=74.81 %
Flag_EcalDeadCellTriggerPrimitiveFilter: pass=142608     all=142610     -- eff=100.00 % cumulative eff=74.81 %
Flag_BadPFMuonFilter: pass=142604     all=142608     -- eff=100.00 % cumulative eff=74.81 %
Flag_BadPFMuonDzFilter: pass=142603     all=142604     -- eff=100.00 % cumulative eff=74.81 %
Flag_eeBadScFilter: pass=142603     all=142603     -- eff=100.00 % cumulative eff=74.81 %
Flag_ecalBadCalibFilter: pass=142584     all=142603     -- eff=99.99 % cumulative eff=74.80 %
Flag_hfNoisyHitsFilter: pass=142579     all=142584     -- eff=100.00 % cumulative eff=74.80 %
Number of muons 2: pass=10507      all=142579     -- eff=7.37 % cumulative eff=5.51 %
Veto VH <= 0 electrons: pass=10492      all=10507      -- eff=99.86 % cumulative eff=5.50 %
DiMuon From Higgs: pass=9484       all=10492      -- eff=90.39 % cumulative eff=4.98 %
LeptonChargeSum: pass=9476       all=9484       -- eff=99.92 % cumulative eff=4.97 %
Hmass>=110: pass=501        all=9476       -- eff=5.29 % cumulative eff=0.26 %
[2025-11-20 03:24:01.353] [main] [info] Writing quantities map to /eos/user/j/jiahua/MC_2022EE_inc/MC_2022EE_vbf/ZZto2L2Q_powheg_22EE_ext1-v2/b2a229d5-5c2a-4e91-9983-afde77b36bf6_vbfhmm.root
[2025-11-20 03:24:01.410] [main] [info] Finished Evaluation
[2025-11-20 03:24:01.410] [main] [info] Overall runtime (real time: 305.56, CPU time: 291.42)
