Starting job on \n
Running on: Linux b9g18p0460.cern.ch 5.14.0-570.44.1.el9_6.x86_64 #1 SMP PREEMPT_DYNAMIC Wed Sep 17 10:32:11 EDT 2025 x86_64 x86_64 x86_64 GNU/Linux\n
System software: AlmaLinux release 9.6 (Sage Margay)\n
Setting up CROWN for Alma Version 9.6
subject   : /DC=ch/DC=cern/OU=Organic Units/OU=Users/CN=jiahua/CN=851532/CN=Jiahua Chen/CN=2045128514
issuer    : /DC=ch/DC=cern/OU=Organic Units/OU=Users/CN=jiahua/CN=851532/CN=Jiahua Chen
identity  : /DC=ch/DC=cern/OU=Organic Units/OU=Users/CN=jiahua/CN=851532/CN=Jiahua Chen
type      : RFC compliant proxy
strength  : 2048 bits
path      : /afs/cern.ch/user/j/jiahua/proxy/x509up_u139833
timeleft  : 168:29:58
key usage : Digital Signature, Key Encipherment
=== VO cms extension information ===
VO        : cms
subject   : /DC=ch/DC=cern/OU=Organic Units/OU=Users/CN=jiahua/CN=851532/CN=Jiahua Chen
issuer    : /DC=ch/DC=cern/OU=computers/CN=cms-auth.cern.ch
attribute : /cms/Role=NULL/Capability=NULL
timeleft  : 160:29:57
uri       : voms-cms-auth.cern.ch:15000
subject   : /DC=ch/DC=cern/OU=Organic Units/OU=Users/CN=jiahua/CN=851532/CN=Jiahua Chen/CN=2045128514
issuer    : /DC=ch/DC=cern/OU=Organic Units/OU=Users/CN=jiahua/CN=851532/CN=Jiahua Chen
identity  : /DC=ch/DC=cern/OU=Organic Units/OU=Users/CN=jiahua/CN=851532/CN=Jiahua Chen
type      : RFC compliant proxy
strength  : 2048 bits
path      : /afs/cern.ch/user/j/jiahua/proxy/x509up_u139833
timeleft  : 168:29:58
key usage : Digital Signature, Key Encipherment
=== VO cms extension information ===
VO        : cms
subject   : /DC=ch/DC=cern/OU=Organic Units/OU=Users/CN=jiahua/CN=851532/CN=Jiahua Chen
issuer    : /DC=ch/DC=cern/OU=computers/CN=cms-auth.cern.ch
attribute : /cms/Role=NULL/Capability=NULL
timeleft  : 160:29:57
uri       : voms-cms-auth.cern.ch:15000
/eos/user/j/jiahua/MC_2022EE_inc/MC_2022EE_vbf/ZZto2L2Q_powheg_22EE_ext1-v2/9738da33-8ce8-4508-8902-49a467955b25.root
[2025-11-21 10:18:45.806] [main] [info] Checking input files
[2025-11-21 10:18:49.742] [main] [info] NanoAOD input_file 1: root://cms-xrd-global.cern.ch//store/mc/Run3Summer22EENanoAODv12/ZZto2L2Q_TuneCP5_13p6TeV_powheg-pythia8/NANOAODSIM/130X_mcRun3_2022_realistic_postEE_v6_ext1-v2/40000/9738da33-8ce8-4508-8902-49a467955b25.root - 175088 Events
[2025-11-21 10:18:49.743] [main] [info] input_file 1: root://cms-xrd-global.cern.ch//store/mc/Run3Summer22EENanoAODv12/ZZto2L2Q_TuneCP5_13p6TeV_powheg-pythia8/NANOAODSIM/130X_mcRun3_2022_realistic_postEE_v6_ext1-v2/40000/9738da33-8ce8-4508-8902-49a467955b25.root - SumOfGenWeight: 1188640.0110000025 
[2025-11-21 10:18:49.743] [main] [info] Output directory: /eos/user/j/jiahua/MC_2022EE_inc/MC_2022EE_vbf/ZZto2L2Q_powheg_22EE_ext1-v2/9738da33-8ce8-4508-8902-49a467955b25.root
[2025-11-21 10:18:49.750] [main] [info] Starting Setup of Dataframe with 175088 events
[2025-11-21 10:20:11.699] [main] [info] Finished Setup
[2025-11-21 10:20:11.700] [main] [info] Runtime for setup (real time: 81.96, CPU time: 77.32)
[2025-11-21 10:20:11.700] [main] [info] Starting Evaluation
[2025-11-21 10:20:39.584] [main] [info] 10000 / 175088 (5.71 %) Events processed ...
[2025-11-21 10:20:50.708] [main] [info] 20000 / 175088 (11.42 %) Events processed ...
[2025-11-21 10:21:01.812] [main] [info] 30000 / 175088 (17.13 %) Events processed ...
[2025-11-21 10:21:14.446] [main] [info] 40000 / 175088 (22.85 %) Events processed ...
[2025-11-21 10:21:25.842] [main] [info] 50000 / 175088 (28.56 %) Events processed ...
[2025-11-21 10:21:37.005] [main] [info] 60000 / 175088 (34.27 %) Events processed ...
[2025-11-21 10:21:47.779] [main] [info] 70000 / 175088 (39.98 %) Events processed ...
[2025-11-21 10:22:01.668] [main] [info] 80000 / 175088 (45.69 %) Events processed ...
[2025-11-21 10:22:13.968] [main] [info] 90000 / 175088 (51.40 %) Events processed ...
[2025-11-21 10:22:25.565] [main] [info] 100000 / 175088 (57.11 %) Events processed ...
[2025-11-21 10:22:37.202] [main] [info] 110000 / 175088 (62.83 %) Events processed ...
[2025-11-21 10:22:50.550] [main] [info] 120000 / 175088 (68.54 %) Events processed ...
[2025-11-21 10:23:02.081] [main] [info] 130000 / 175088 (74.25 %) Events processed ...
[2025-11-21 10:23:13.169] [main] [info] 140000 / 175088 (79.96 %) Events processed ...
[2025-11-21 10:23:24.659] [main] [info] 150000 / 175088 (85.67 %) Events processed ...
[2025-11-21 10:23:37.944] [main] [info] 160000 / 175088 (91.38 %) Events processed ...
[2025-11-21 10:23:49.324] [main] [info] 170000 / 175088 (97.09 %) Events processed ...
[2025-11-21 10:23:55.302] [main] [info] vbfhmm:
GoodJetsCollection: pass=130862     all=175088     -- eff=74.74 % cumulative eff=74.74 %
Flag_goodVertices: pass=130862     all=130862     -- eff=100.00 % cumulative eff=74.74 %
Flag_globalSuperTightHalo2016Filter: pass=130852     all=130862     -- eff=99.99 % cumulative eff=74.73 %
Flag_EcalDeadCellTriggerPrimitiveFilter: pass=130849     all=130852     -- eff=100.00 % cumulative eff=74.73 %
Flag_BadPFMuonFilter: pass=130842     all=130849     -- eff=99.99 % cumulative eff=74.73 %
Flag_BadPFMuonDzFilter: pass=130841     all=130842     -- eff=100.00 % cumulative eff=74.73 %
Flag_eeBadScFilter: pass=130841     all=130841     -- eff=100.00 % cumulative eff=74.73 %
Flag_ecalBadCalibFilter: pass=130823     all=130841     -- eff=99.99 % cumulative eff=74.72 %
Flag_hfNoisyHitsFilter: pass=130819     all=130823     -- eff=100.00 % cumulative eff=74.72 %
Number of muons 2: pass=9432       all=130819     -- eff=7.21 % cumulative eff=5.39 %
Veto VH <= 0 electrons: pass=9418       all=9432       -- eff=99.85 % cumulative eff=5.38 %
DiMuon From Higgs: pass=8578       all=9418       -- eff=91.08 % cumulative eff=4.90 %
LeptonChargeSum: pass=8573       all=8578       -- eff=99.94 % cumulative eff=4.90 %
Hmass>=110: pass=460        all=8573       -- eff=5.37 % cumulative eff=0.26 %
[2025-11-21 10:23:55.450] [main] [info] Writing quantities map to /eos/user/j/jiahua/MC_2022EE_inc/MC_2022EE_vbf/ZZto2L2Q_powheg_22EE_ext1-v2/9738da33-8ce8-4508-8902-49a467955b25_vbfhmm.root
[2025-11-21 10:23:55.500] [main] [info] Finished Evaluation
[2025-11-21 10:23:55.500] [main] [info] Overall runtime (real time: 305.76, CPU time: 292.10)
