000 (13047292.469.000) 11/20 02:51:11 Job submitted from host: <188.185.121.235:9618?addrs=188.185.121.235-9618+[2001-1458-d00-49--100-36e]-9618&alias=bigbird22.cern.ch&noUDP&sock=schedd_232129_c3ca>
...
040 (13047292.469.000) 11/20 03:20:32 Started transferring input files
	Transferring to host: <128.142.161.146:9618?addrs=128.142.161.146-9618+[2001-1458-301-b9--100-f]-9618&alias=b9g03p9555.cern.ch&noUDP&sock=slot1_33_1926167_a690_68741>
...
040 (13047292.469.000) 11/20 03:20:33 Finished transferring input files
...
001 (13047292.469.000) 11/20 03:20:35 Job executing on host: <128.142.161.146:9618?addrs=128.142.161.146-9618+[2001-1458-301-b9--100-f]-9618&alias=b9g03p9555.cern.ch&noUDP&sock=startd_3236_348f>
	SlotName: slot1_33@b9g03p9555.cern.ch
	CondorScratchDir = "/pool/condor/dir_1337433"
	Cpus = 1
	Disk = 16221
	GPUs = 0
	Memory = 3000
...
006 (13047292.469.000) 11/20 03:20:48 Image size of job updated: 96068
	94  -  MemoryUsage of job (MB)
	96068  -  ResidentSetSize of job (KB)
...
006 (13047292.469.000) 11/20 03:23:36 Image size of job updated: 692904
	94  -  MemoryUsage of job (MB)
	96068  -  ResidentSetSize of job (KB)
...
040 (13047292.469.000) 11/20 03:23:36 Started transferring output files
...
040 (13047292.469.000) 11/20 03:23:36 Finished transferring output files
...
005 (13047292.469.000) 11/20 03:23:36 Job terminated.
	(1) Normal termination (return value 0)
		Usr 0 00:02:46, Sys 0 00:00:02  -  Run Remote Usage
		Usr 0 00:00:00, Sys 0 00:00:00  -  Run Local Usage
		Usr 0 00:02:46, Sys 0 00:00:02  -  Total Remote Usage
		Usr 0 00:00:00, Sys 0 00:00:00  -  Total Local Usage
	9848  -  Run Bytes Sent By Job
	11506596  -  Run Bytes Received By Job
	9848  -  Total Bytes Sent By Job
	11506596  -  Total Bytes Received By Job
	Partitionable Resources :    Usage  Request Allocated 
	   Cpus                 :        0        1         1 
	   Disk (KB)            :    11269    12500     16221 
	   GPUs                 :                           0 
	   Memory (MB)          :       94     3000      3000 
	   TimeExecute (s)      :      183                    
	   TimeSlotBusy (s)     :      184                    

	Job terminated of its own accord at 2025-11-20T02:23:36Z with exit-code 0.
...
