Starting job on \n
Running on: Linux b9p16p1584.cern.ch 5.14.0-570.44.1.el9_6.x86_64 #1 SMP PREEMPT_DYNAMIC Tue Sep 9 05:17:30 EDT 2025 x86_64 x86_64 x86_64 GNU/Linux\n
System software: Red Hat Enterprise Linux release 9.7 (Plow)\n
Setting up CROWN for RedHatEnterprise Version 9.7
subject   : /DC=ch/DC=cern/OU=Organic Units/OU=Users/CN=jiahua/CN=851532/CN=Jiahua Chen/CN=2045128514
issuer    : /DC=ch/DC=cern/OU=Organic Units/OU=Users/CN=jiahua/CN=851532/CN=Jiahua Chen
identity  : /DC=ch/DC=cern/OU=Organic Units/OU=Users/CN=jiahua/CN=851532/CN=Jiahua Chen
type      : RFC compliant proxy
strength  : 2048 bits
path      : /afs/cern.ch/user/j/jiahua/proxy/x509up_u139833
timeleft  : 199:34:10
key usage : Digital Signature, Key Encipherment
=== VO cms extension information ===
VO        : cms
subject   : /DC=ch/DC=cern/OU=Organic Units/OU=Users/CN=jiahua/CN=851532/CN=Jiahua Chen
issuer    : /DC=ch/DC=cern/OU=computers/CN=cms-auth.cern.ch
attribute : /cms/Role=NULL/Capability=NULL
timeleft  : 191:34:09
uri       : voms-cms-auth.cern.ch:15000
subject   : /DC=ch/DC=cern/OU=Organic Units/OU=Users/CN=jiahua/CN=851532/CN=Jiahua Chen/CN=2045128514
issuer    : /DC=ch/DC=cern/OU=Organic Units/OU=Users/CN=jiahua/CN=851532/CN=Jiahua Chen
identity  : /DC=ch/DC=cern/OU=Organic Units/OU=Users/CN=jiahua/CN=851532/CN=Jiahua Chen
type      : RFC compliant proxy
strength  : 2048 bits
path      : /afs/cern.ch/user/j/jiahua/proxy/x509up_u139833
timeleft  : 199:34:10
key usage : Digital Signature, Key Encipherment
=== VO cms extension information ===
VO        : cms
subject   : /DC=ch/DC=cern/OU=Organic Units/OU=Users/CN=jiahua/CN=851532/CN=Jiahua Chen
issuer    : /DC=ch/DC=cern/OU=computers/CN=cms-auth.cern.ch
attribute : /cms/Role=NULL/Capability=NULL
timeleft  : 191:34:09
uri       : voms-cms-auth.cern.ch:15000
/eos/user/j/jiahua/MC_2022EE_inc/MC_2022EE_vbf/ZZto2L2Nu_powheg_22EE_ext1-v2/220732b9-17d0-45aa-9f1f-8d6f36961021.root
[2025-11-20 03:14:33.956] [main] [info] Checking input files
[2025-11-20 03:14:39.793] [main] [info] NanoAOD input_file 1: root://cms-xrd-global.cern.ch//store/mc/Run3Summer22EENanoAODv12/ZZto2L2Nu_TuneCP5_13p6TeV_powheg-pythia8/NANOAODSIM/130X_mcRun3_2022_realistic_postEE_v6_ext1-v2/30000/220732b9-17d0-45aa-9f1f-8d6f36961021.root - 722 Events
[2025-11-20 03:14:39.793] [main] [info] input_file 1: root://cms-xrd-global.cern.ch//store/mc/Run3Summer22EENanoAODv12/ZZto2L2Nu_TuneCP5_13p6TeV_powheg-pythia8/NANOAODSIM/130X_mcRun3_2022_realistic_postEE_v6_ext1-v2/30000/220732b9-17d0-45aa-9f1f-8d6f36961021.root - SumOfGenWeight: 745.8909800000002 
[2025-11-20 03:14:39.793] [main] [info] Output directory: /eos/user/j/jiahua/MC_2022EE_inc/MC_2022EE_vbf/ZZto2L2Nu_powheg_22EE_ext1-v2/220732b9-17d0-45aa-9f1f-8d6f36961021.root
[2025-11-20 03:14:39.794] [main] [info] Starting Setup of Dataframe with 722 events
[2025-11-20 03:16:55.421] [main] [info] Finished Setup
[2025-11-20 03:16:55.421] [main] [info] Runtime for setup (real time: 135.63, CPU time: 129.51)
[2025-11-20 03:16:55.421] [main] [info] Starting Evaluation
[2025-11-20 03:17:21.670] [main] [info] vbfhmm:
GoodJetsCollection: pass=444        all=722        -- eff=61.50 % cumulative eff=61.50 %
Flag_goodVertices: pass=444        all=444        -- eff=100.00 % cumulative eff=61.50 %
Flag_globalSuperTightHalo2016Filter: pass=444        all=444        -- eff=100.00 % cumulative eff=61.50 %
Flag_EcalDeadCellTriggerPrimitiveFilter: pass=444        all=444        -- eff=100.00 % cumulative eff=61.50 %
Flag_BadPFMuonFilter: pass=444        all=444        -- eff=100.00 % cumulative eff=61.50 %
Flag_BadPFMuonDzFilter: pass=444        all=444        -- eff=100.00 % cumulative eff=61.50 %
Flag_eeBadScFilter: pass=444        all=444        -- eff=100.00 % cumulative eff=61.50 %
Flag_ecalBadCalibFilter: pass=444        all=444        -- eff=100.00 % cumulative eff=61.50 %
Flag_hfNoisyHitsFilter: pass=444        all=444        -- eff=100.00 % cumulative eff=61.50 %
Number of muons 2: pass=25         all=444        -- eff=5.63 % cumulative eff=3.46 %
Veto VH <= 0 electrons: pass=25         all=25         -- eff=100.00 % cumulative eff=3.46 %
DiMuon From Higgs: pass=23         all=25         -- eff=92.00 % cumulative eff=3.19 %
LeptonChargeSum: pass=22         all=23         -- eff=95.65 % cumulative eff=3.05 %
Hmass>=110: pass=0          all=22         -- eff=0.00 % cumulative eff=0.00 %
[2025-11-20 03:17:21.791] [main] [info] Writing quantities map to /eos/user/j/jiahua/MC_2022EE_inc/MC_2022EE_vbf/ZZto2L2Nu_powheg_22EE_ext1-v2/220732b9-17d0-45aa-9f1f-8d6f36961021_vbfhmm.root
[2025-11-20 03:17:21.839] [main] [info] Finished Evaluation
[2025-11-20 03:17:21.839] [main] [info] Overall runtime (real time: 162.05, CPU time: 154.62)
