Starting job on \n
Running on: Linux b9p22p7590.cern.ch 5.14.0-570.42.2.el9_6.x86_64 #1 SMP PREEMPT_DYNAMIC Mon Sep 8 12:15:13 EDT 2025 x86_64 x86_64 x86_64 GNU/Linux\n
System software: Red Hat Enterprise Linux release 9.7 (Plow)\n
Setting up CROWN for RedHatEnterprise Version 9.7
subject   : /DC=ch/DC=cern/OU=Organic Units/OU=Users/CN=jiahua/CN=851532/CN=Jiahua Chen/CN=2045128514
issuer    : /DC=ch/DC=cern/OU=Organic Units/OU=Users/CN=jiahua/CN=851532/CN=Jiahua Chen
identity  : /DC=ch/DC=cern/OU=Organic Units/OU=Users/CN=jiahua/CN=851532/CN=Jiahua Chen
type      : RFC compliant proxy
strength  : 2048 bits
path      : /afs/cern.ch/user/j/jiahua/proxy/x509up_u139833
timeleft  : 168:29:19
key usage : Digital Signature, Key Encipherment
=== VO cms extension information ===
VO        : cms
subject   : /DC=ch/DC=cern/OU=Organic Units/OU=Users/CN=jiahua/CN=851532/CN=Jiahua Chen
issuer    : /DC=ch/DC=cern/OU=computers/CN=cms-auth.cern.ch
attribute : /cms/Role=NULL/Capability=NULL
timeleft  : 160:29:18
uri       : voms-cms-auth.cern.ch:15000
subject   : /DC=ch/DC=cern/OU=Organic Units/OU=Users/CN=jiahua/CN=851532/CN=Jiahua Chen/CN=2045128514
issuer    : /DC=ch/DC=cern/OU=Organic Units/OU=Users/CN=jiahua/CN=851532/CN=Jiahua Chen
identity  : /DC=ch/DC=cern/OU=Organic Units/OU=Users/CN=jiahua/CN=851532/CN=Jiahua Chen
type      : RFC compliant proxy
strength  : 2048 bits
path      : /afs/cern.ch/user/j/jiahua/proxy/x509up_u139833
timeleft  : 168:29:19
key usage : Digital Signature, Key Encipherment
=== VO cms extension information ===
VO        : cms
subject   : /DC=ch/DC=cern/OU=Organic Units/OU=Users/CN=jiahua/CN=851532/CN=Jiahua Chen
issuer    : /DC=ch/DC=cern/OU=computers/CN=cms-auth.cern.ch
attribute : /cms/Role=NULL/Capability=NULL
timeleft  : 160:29:18
uri       : voms-cms-auth.cern.ch:15000
/eos/user/j/jiahua/MC_2022EE_inc/MC_2022EE_vbf/ZZto2L2Q_powheg_22EE_ext1-v2/aea4ae5d-81ed-4487-a8a8-caad19ed75d0.root
[2025-11-21 10:19:24.502] [main] [info] Checking input files
[2025-11-21 10:19:28.877] [main] [info] NanoAOD input_file 1: root://cms-xrd-global.cern.ch//store/mc/Run3Summer22EENanoAODv12/ZZto2L2Q_TuneCP5_13p6TeV_powheg-pythia8/NANOAODSIM/130X_mcRun3_2022_realistic_postEE_v6_ext1-v2/40000/aea4ae5d-81ed-4487-a8a8-caad19ed75d0.root - 186384 Events
[2025-11-21 10:19:28.877] [main] [info] input_file 1: root://cms-xrd-global.cern.ch//store/mc/Run3Summer22EENanoAODv12/ZZto2L2Q_TuneCP5_13p6TeV_powheg-pythia8/NANOAODSIM/130X_mcRun3_2022_realistic_postEE_v6_ext1-v2/40000/aea4ae5d-81ed-4487-a8a8-caad19ed75d0.root - SumOfGenWeight: 1265685.668000002 
[2025-11-21 10:19:28.877] [main] [info] Output directory: /eos/user/j/jiahua/MC_2022EE_inc/MC_2022EE_vbf/ZZto2L2Q_powheg_22EE_ext1-v2/aea4ae5d-81ed-4487-a8a8-caad19ed75d0.root
[2025-11-21 10:19:28.878] [main] [info] Starting Setup of Dataframe with 186384 events
[2025-11-21 10:20:37.945] [main] [info] Finished Setup
[2025-11-21 10:20:37.945] [main] [info] Runtime for setup (real time: 69.07, CPU time: 65.25)
[2025-11-21 10:20:37.945] [main] [info] Starting Evaluation
[2025-11-21 10:21:08.774] [main] [info] 10000 / 186384 (5.37 %) Events processed ...
[2025-11-21 10:21:20.049] [main] [info] 20000 / 186384 (10.73 %) Events processed ...
[2025-11-21 10:21:31.638] [main] [info] 30000 / 186384 (16.10 %) Events processed ...
[2025-11-21 10:21:44.853] [main] [info] 40000 / 186384 (21.46 %) Events processed ...
[2025-11-21 10:21:58.428] [main] [info] 50000 / 186384 (26.83 %) Events processed ...
[2025-11-21 10:22:09.432] [main] [info] 60000 / 186384 (32.19 %) Events processed ...
[2025-11-21 10:22:21.286] [main] [info] 70000 / 186384 (37.56 %) Events processed ...
[2025-11-21 10:22:34.483] [main] [info] 80000 / 186384 (42.92 %) Events processed ...
[2025-11-21 10:22:45.657] [main] [info] 90000 / 186384 (48.29 %) Events processed ...
[2025-11-21 10:22:56.462] [main] [info] 100000 / 186384 (53.65 %) Events processed ...
[2025-11-21 10:23:08.181] [main] [info] 110000 / 186384 (59.02 %) Events processed ...
[2025-11-21 10:23:20.755] [main] [info] 120000 / 186384 (64.38 %) Events processed ...
[2025-11-21 10:23:31.748] [main] [info] 130000 / 186384 (69.75 %) Events processed ...
[2025-11-21 10:23:42.806] [main] [info] 140000 / 186384 (75.11 %) Events processed ...
[2025-11-21 10:23:54.841] [main] [info] 150000 / 186384 (80.48 %) Events processed ...
[2025-11-21 10:24:07.264] [main] [info] 160000 / 186384 (85.84 %) Events processed ...
[2025-11-21 10:24:18.419] [main] [info] 170000 / 186384 (91.21 %) Events processed ...
[2025-11-21 10:24:29.675] [main] [info] 180000 / 186384 (96.57 %) Events processed ...
[2025-11-21 10:24:38.100] [main] [info] vbfhmm:
GoodJetsCollection: pass=139300     all=186384     -- eff=74.74 % cumulative eff=74.74 %
Flag_goodVertices: pass=139300     all=139300     -- eff=100.00 % cumulative eff=74.74 %
Flag_globalSuperTightHalo2016Filter: pass=139285     all=139300     -- eff=99.99 % cumulative eff=74.73 %
Flag_EcalDeadCellTriggerPrimitiveFilter: pass=139276     all=139285     -- eff=99.99 % cumulative eff=74.73 %
Flag_BadPFMuonFilter: pass=139269     all=139276     -- eff=99.99 % cumulative eff=74.72 %
Flag_BadPFMuonDzFilter: pass=139266     all=139269     -- eff=100.00 % cumulative eff=74.72 %
Flag_eeBadScFilter: pass=139266     all=139266     -- eff=100.00 % cumulative eff=74.72 %
Flag_ecalBadCalibFilter: pass=139249     all=139266     -- eff=99.99 % cumulative eff=74.71 %
Flag_hfNoisyHitsFilter: pass=139246     all=139249     -- eff=100.00 % cumulative eff=74.71 %
Number of muons 2: pass=10154      all=139246     -- eff=7.29 % cumulative eff=5.45 %
Veto VH <= 0 electrons: pass=10146      all=10154      -- eff=99.92 % cumulative eff=5.44 %
DiMuon From Higgs: pass=9233       all=10146      -- eff=91.00 % cumulative eff=4.95 %
LeptonChargeSum: pass=9221       all=9233       -- eff=99.87 % cumulative eff=4.95 %
Hmass>=110: pass=509        all=9221       -- eff=5.52 % cumulative eff=0.27 %
[2025-11-21 10:24:38.222] [main] [info] Writing quantities map to /eos/user/j/jiahua/MC_2022EE_inc/MC_2022EE_vbf/ZZto2L2Q_powheg_22EE_ext1-v2/aea4ae5d-81ed-4487-a8a8-caad19ed75d0_vbfhmm.root
[2025-11-21 10:24:38.271] [main] [info] Finished Evaluation
[2025-11-21 10:24:38.271] [main] [info] Overall runtime (real time: 309.39, CPU time: 295.66)
