Starting job on \n
Running on: Linux b9p21p1067.cern.ch 5.14.0-570.44.1.el9_6.x86_64 #1 SMP PREEMPT_DYNAMIC Tue Sep 9 05:17:30 EDT 2025 x86_64 x86_64 x86_64 GNU/Linux\n
System software: Red Hat Enterprise Linux release 9.6 (Plow)\n
Setting up CROWN for RedHatEnterprise Version 9.6
subject   : /DC=ch/DC=cern/OU=Organic Units/OU=Users/CN=jiahua/CN=851532/CN=Jiahua Chen/CN=2045128514
issuer    : /DC=ch/DC=cern/OU=Organic Units/OU=Users/CN=jiahua/CN=851532/CN=Jiahua Chen
identity  : /DC=ch/DC=cern/OU=Organic Units/OU=Users/CN=jiahua/CN=851532/CN=Jiahua Chen
type      : RFC compliant proxy
strength  : 2048 bits
path      : /afs/cern.ch/user/j/jiahua/proxy/x509up_u139833
timeleft  : 199:33:06
key usage : Digital Signature, Key Encipherment
=== VO cms extension information ===
VO        : cms
subject   : /DC=ch/DC=cern/OU=Organic Units/OU=Users/CN=jiahua/CN=851532/CN=Jiahua Chen
issuer    : /DC=ch/DC=cern/OU=computers/CN=cms-auth.cern.ch
attribute : /cms/Role=NULL/Capability=NULL
timeleft  : 191:33:05
uri       : voms-cms-auth.cern.ch:15000
subject   : /DC=ch/DC=cern/OU=Organic Units/OU=Users/CN=jiahua/CN=851532/CN=Jiahua Chen/CN=2045128514
issuer    : /DC=ch/DC=cern/OU=Organic Units/OU=Users/CN=jiahua/CN=851532/CN=Jiahua Chen
identity  : /DC=ch/DC=cern/OU=Organic Units/OU=Users/CN=jiahua/CN=851532/CN=Jiahua Chen
type      : RFC compliant proxy
strength  : 2048 bits
path      : /afs/cern.ch/user/j/jiahua/proxy/x509up_u139833
timeleft  : 199:33:06
key usage : Digital Signature, Key Encipherment
=== VO cms extension information ===
VO        : cms
subject   : /DC=ch/DC=cern/OU=Organic Units/OU=Users/CN=jiahua/CN=851532/CN=Jiahua Chen
issuer    : /DC=ch/DC=cern/OU=computers/CN=cms-auth.cern.ch
attribute : /cms/Role=NULL/Capability=NULL
timeleft  : 191:33:05
uri       : voms-cms-auth.cern.ch:15000
/eos/user/j/jiahua/MC_2022EE_inc/MC_2022EE_vbf/ZZto4L_powheg_22EE_ext1-v2/16e16163-f029-41f3-a204-288e6939cfd8.root
[2025-11-20 03:15:37.336] [main] [info] Checking input files
[2025-11-20 03:15:42.441] [main] [info] NanoAOD input_file 1: root://cms-xrd-global.cern.ch//store/mc/Run3Summer22EENanoAODv12/ZZto4L_TuneCP5_13p6TeV_powheg-pythia8/NANOAODSIM/130X_mcRun3_2022_realistic_postEE_v6_ext1-v2/2530000/16e16163-f029-41f3-a204-288e6939cfd8.root - 173460 Events
[2025-11-20 03:15:42.441] [main] [info] input_file 1: root://cms-xrd-global.cern.ch//store/mc/Run3Summer22EENanoAODv12/ZZto4L_TuneCP5_13p6TeV_powheg-pythia8/NANOAODSIM/130X_mcRun3_2022_realistic_postEE_v6_ext1-v2/2530000/16e16163-f029-41f3-a204-288e6939cfd8.root - SumOfGenWeight: 241327.9528000003 
[2025-11-20 03:15:42.441] [main] [info] Output directory: /eos/user/j/jiahua/MC_2022EE_inc/MC_2022EE_vbf/ZZto4L_powheg_22EE_ext1-v2/16e16163-f029-41f3-a204-288e6939cfd8.root
[2025-11-20 03:15:42.443] [main] [info] Starting Setup of Dataframe with 173460 events
[2025-11-20 03:16:56.120] [main] [info] Finished Setup
[2025-11-20 03:16:56.120] [main] [info] Runtime for setup (real time: 73.68, CPU time: 69.79)
[2025-11-20 03:16:56.120] [main] [info] Starting Evaluation
[2025-11-20 03:17:18.665] [main] [info] 10000 / 173460 (5.77 %) Events processed ...
[2025-11-20 03:17:29.087] [main] [info] 20000 / 173460 (11.53 %) Events processed ...
[2025-11-20 03:17:38.602] [main] [info] 30000 / 173460 (17.30 %) Events processed ...
[2025-11-20 03:17:50.813] [main] [info] 40000 / 173460 (23.06 %) Events processed ...
[2025-11-20 03:18:03.441] [main] [info] 50000 / 173460 (28.83 %) Events processed ...
[2025-11-20 03:18:12.745] [main] [info] 60000 / 173460 (34.59 %) Events processed ...
[2025-11-20 03:18:22.979] [main] [info] 70000 / 173460 (40.36 %) Events processed ...
[2025-11-20 03:18:35.532] [main] [info] 80000 / 173460 (46.12 %) Events processed ...
[2025-11-20 03:18:44.755] [main] [info] 90000 / 173460 (51.89 %) Events processed ...
[2025-11-20 03:18:54.584] [main] [info] 100000 / 173460 (57.65 %) Events processed ...
[2025-11-20 03:19:06.784] [main] [info] 110000 / 173460 (63.42 %) Events processed ...
[2025-11-20 03:19:20.038] [main] [info] 120000 / 173460 (69.18 %) Events processed ...
[2025-11-20 03:19:29.372] [main] [info] 130000 / 173460 (74.95 %) Events processed ...
[2025-11-20 03:19:39.277] [main] [info] 140000 / 173460 (80.71 %) Events processed ...
[2025-11-20 03:19:48.373] [main] [info] 150000 / 173460 (86.48 %) Events processed ...
[2025-11-20 03:19:59.256] [main] [info] 160000 / 173460 (92.24 %) Events processed ...
[2025-11-20 03:20:10.278] [main] [info] 170000 / 173460 (98.01 %) Events processed ...
[2025-11-20 03:20:14.539] [main] [info] vbfhmm:
GoodJetsCollection: pass=107385     all=173460     -- eff=61.91 % cumulative eff=61.91 %
Flag_goodVertices: pass=107385     all=107385     -- eff=100.00 % cumulative eff=61.91 %
Flag_globalSuperTightHalo2016Filter: pass=107378     all=107385     -- eff=99.99 % cumulative eff=61.90 %
Flag_EcalDeadCellTriggerPrimitiveFilter: pass=107375     all=107378     -- eff=100.00 % cumulative eff=61.90 %
Flag_BadPFMuonFilter: pass=107371     all=107375     -- eff=100.00 % cumulative eff=61.90 %
Flag_BadPFMuonDzFilter: pass=107369     all=107371     -- eff=100.00 % cumulative eff=61.90 %
Flag_eeBadScFilter: pass=107369     all=107369     -- eff=100.00 % cumulative eff=61.90 %
Flag_ecalBadCalibFilter: pass=107354     all=107369     -- eff=99.99 % cumulative eff=61.89 %
Flag_hfNoisyHitsFilter: pass=107351     all=107354     -- eff=100.00 % cumulative eff=61.89 %
Number of muons 2: pass=9375       all=107351     -- eff=8.73 % cumulative eff=5.40 %
Veto VH <= 0 electrons: pass=6965       all=9375       -- eff=74.29 % cumulative eff=4.02 %
DiMuon From Higgs: pass=5103       all=6965       -- eff=73.27 % cumulative eff=2.94 %
LeptonChargeSum: pass=4402       all=5103       -- eff=86.26 % cumulative eff=2.54 %
Hmass>=110: pass=336        all=4402       -- eff=7.63 % cumulative eff=0.19 %
[2025-11-20 03:20:14.680] [main] [info] Writing quantities map to /eos/user/j/jiahua/MC_2022EE_inc/MC_2022EE_vbf/ZZto4L_powheg_22EE_ext1-v2/16e16163-f029-41f3-a204-288e6939cfd8_vbfhmm.root
[2025-11-20 03:20:14.737] [main] [info] Finished Evaluation
[2025-11-20 03:20:14.737] [main] [info] Overall runtime (real time: 272.30, CPU time: 259.73)
