Starting job on \n
Running on: Linux b9p26p4134.cern.ch 5.14.0-570.44.1.el9_6.x86_64 #1 SMP PREEMPT_DYNAMIC Tue Sep 9 05:17:30 EDT 2025 x86_64 x86_64 x86_64 GNU/Linux\n
System software: Red Hat Enterprise Linux release 9.7 (Plow)\n
Setting up CROWN for RedHatEnterprise Version 9.7
subject   : /DC=ch/DC=cern/OU=Organic Units/OU=Users/CN=jiahua/CN=851532/CN=Jiahua Chen/CN=2045128514
issuer    : /DC=ch/DC=cern/OU=Organic Units/OU=Users/CN=jiahua/CN=851532/CN=Jiahua Chen
identity  : /DC=ch/DC=cern/OU=Organic Units/OU=Users/CN=jiahua/CN=851532/CN=Jiahua Chen
type      : RFC compliant proxy
strength  : 2048 bits
path      : /afs/cern.ch/user/j/jiahua/proxy/x509up_u139833
timeleft  : 168:29:57
key usage : Digital Signature, Key Encipherment
=== VO cms extension information ===
VO        : cms
subject   : /DC=ch/DC=cern/OU=Organic Units/OU=Users/CN=jiahua/CN=851532/CN=Jiahua Chen
issuer    : /DC=ch/DC=cern/OU=computers/CN=cms-auth.cern.ch
attribute : /cms/Role=NULL/Capability=NULL
timeleft  : 160:29:56
uri       : voms-cms-auth.cern.ch:15000
subject   : /DC=ch/DC=cern/OU=Organic Units/OU=Users/CN=jiahua/CN=851532/CN=Jiahua Chen/CN=2045128514
issuer    : /DC=ch/DC=cern/OU=Organic Units/OU=Users/CN=jiahua/CN=851532/CN=Jiahua Chen
identity  : /DC=ch/DC=cern/OU=Organic Units/OU=Users/CN=jiahua/CN=851532/CN=Jiahua Chen
type      : RFC compliant proxy
strength  : 2048 bits
path      : /afs/cern.ch/user/j/jiahua/proxy/x509up_u139833
timeleft  : 168:29:57
key usage : Digital Signature, Key Encipherment
=== VO cms extension information ===
VO        : cms
subject   : /DC=ch/DC=cern/OU=Organic Units/OU=Users/CN=jiahua/CN=851532/CN=Jiahua Chen
issuer    : /DC=ch/DC=cern/OU=computers/CN=cms-auth.cern.ch
attribute : /cms/Role=NULL/Capability=NULL
timeleft  : 160:29:56
uri       : voms-cms-auth.cern.ch:15000
/eos/user/j/jiahua/MC_2022EE_inc/MC_2022EE_vbf/ZZto2L2Q_powheg_22EE_ext1-v2/cf3844e8-b6a6-471a-9709-8604225c9b63.root
[2025-11-21 10:18:46.766] [main] [info] Checking input files
[2025-11-21 10:18:52.478] [main] [info] NanoAOD input_file 1: root://cms-xrd-global.cern.ch//store/mc/Run3Summer22EENanoAODv12/ZZto2L2Q_TuneCP5_13p6TeV_powheg-pythia8/NANOAODSIM/130X_mcRun3_2022_realistic_postEE_v6_ext1-v2/2520000/cf3844e8-b6a6-471a-9709-8604225c9b63.root - 206152 Events
[2025-11-21 10:18:52.479] [main] [info] input_file 1: root://cms-xrd-global.cern.ch//store/mc/Run3Summer22EENanoAODv12/ZZto2L2Q_TuneCP5_13p6TeV_powheg-pythia8/NANOAODSIM/130X_mcRun3_2022_realistic_postEE_v6_ext1-v2/2520000/cf3844e8-b6a6-471a-9709-8604225c9b63.root - SumOfGenWeight: 1399815.3390000022 
[2025-11-21 10:18:52.479] [main] [info] Output directory: /eos/user/j/jiahua/MC_2022EE_inc/MC_2022EE_vbf/ZZto2L2Q_powheg_22EE_ext1-v2/cf3844e8-b6a6-471a-9709-8604225c9b63.root
[2025-11-21 10:18:52.481] [main] [info] Starting Setup of Dataframe with 206152 events
[2025-11-21 10:20:18.334] [main] [info] Finished Setup
[2025-11-21 10:20:18.334] [main] [info] Runtime for setup (real time: 85.86, CPU time: 80.83)
[2025-11-21 10:20:18.334] [main] [info] Starting Evaluation
[2025-11-21 10:20:48.768] [main] [info] 10000 / 206152 (4.85 %) Events processed ...
[2025-11-21 10:21:02.224] [main] [info] 20000 / 206152 (9.70 %) Events processed ...
[2025-11-21 10:21:15.023] [main] [info] 30000 / 206152 (14.55 %) Events processed ...
[2025-11-21 10:21:30.767] [main] [info] 40000 / 206152 (19.40 %) Events processed ...
[2025-11-21 10:21:44.595] [main] [info] 50000 / 206152 (24.25 %) Events processed ...
[2025-11-21 10:21:55.071] [main] [info] 60000 / 206152 (29.10 %) Events processed ...
[2025-11-21 10:22:06.818] [main] [info] 70000 / 206152 (33.96 %) Events processed ...
[2025-11-21 10:22:21.953] [main] [info] 80000 / 206152 (38.81 %) Events processed ...
[2025-11-21 10:22:34.614] [main] [info] 90000 / 206152 (43.66 %) Events processed ...
[2025-11-21 10:22:45.611] [main] [info] 100000 / 206152 (48.51 %) Events processed ...
[2025-11-21 10:22:57.314] [main] [info] 110000 / 206152 (53.36 %) Events processed ...
[2025-11-21 10:23:11.994] [main] [info] 120000 / 206152 (58.21 %) Events processed ...
[2025-11-21 10:23:26.877] [main] [info] 130000 / 206152 (63.06 %) Events processed ...
[2025-11-21 10:23:38.955] [main] [info] 140000 / 206152 (67.91 %) Events processed ...
[2025-11-21 10:23:51.886] [main] [info] 150000 / 206152 (72.76 %) Events processed ...
[2025-11-21 10:24:10.155] [main] [info] 160000 / 206152 (77.61 %) Events processed ...
[2025-11-21 10:24:23.558] [main] [info] 170000 / 206152 (82.46 %) Events processed ...
[2025-11-21 10:24:33.745] [main] [info] 180000 / 206152 (87.31 %) Events processed ...
[2025-11-21 10:24:43.989] [main] [info] 190000 / 206152 (92.17 %) Events processed ...
[2025-11-21 10:24:58.415] [main] [info] 200000 / 206152 (97.02 %) Events processed ...
[2025-11-21 10:25:05.298] [main] [info] vbfhmm:
GoodJetsCollection: pass=153988     all=206152     -- eff=74.70 % cumulative eff=74.70 %
Flag_goodVertices: pass=153988     all=153988     -- eff=100.00 % cumulative eff=74.70 %
Flag_globalSuperTightHalo2016Filter: pass=153972     all=153988     -- eff=99.99 % cumulative eff=74.69 %
Flag_EcalDeadCellTriggerPrimitiveFilter: pass=153965     all=153972     -- eff=100.00 % cumulative eff=74.69 %
Flag_BadPFMuonFilter: pass=153958     all=153965     -- eff=100.00 % cumulative eff=74.68 %
Flag_BadPFMuonDzFilter: pass=153956     all=153958     -- eff=100.00 % cumulative eff=74.68 %
Flag_eeBadScFilter: pass=153956     all=153956     -- eff=100.00 % cumulative eff=74.68 %
Flag_ecalBadCalibFilter: pass=153940     all=153956     -- eff=99.99 % cumulative eff=74.67 %
Flag_hfNoisyHitsFilter: pass=153933     all=153940     -- eff=100.00 % cumulative eff=74.67 %
Number of muons 2: pass=11158      all=153933     -- eff=7.25 % cumulative eff=5.41 %
Veto VH <= 0 electrons: pass=11146      all=11158      -- eff=99.89 % cumulative eff=5.41 %
DiMuon From Higgs: pass=10133      all=11146      -- eff=90.91 % cumulative eff=4.92 %
LeptonChargeSum: pass=10118      all=10133      -- eff=99.85 % cumulative eff=4.91 %
Hmass>=110: pass=547        all=10118      -- eff=5.41 % cumulative eff=0.27 %
[2025-11-21 10:25:05.418] [main] [info] Writing quantities map to /eos/user/j/jiahua/MC_2022EE_inc/MC_2022EE_vbf/ZZto2L2Q_powheg_22EE_ext1-v2/cf3844e8-b6a6-471a-9709-8604225c9b63_vbfhmm.root
[2025-11-21 10:25:05.495] [main] [info] Finished Evaluation
[2025-11-21 10:25:05.495] [main] [info] Overall runtime (real time: 373.02, CPU time: 350.80)
