Starting job on \n
Running on: Linux b9p29p0878.cern.ch 5.14.0-570.44.1.el9_6.x86_64 #1 SMP PREEMPT_DYNAMIC Tue Sep 9 05:17:30 EDT 2025 x86_64 x86_64 x86_64 GNU/Linux\n
System software: Red Hat Enterprise Linux release 9.6 (Plow)\n
Setting up CROWN for RedHatEnterprise Version 9.6
subject   : /DC=ch/DC=cern/OU=Organic Units/OU=Users/CN=jiahua/CN=851532/CN=Jiahua Chen/CN=2045128514
issuer    : /DC=ch/DC=cern/OU=Organic Units/OU=Users/CN=jiahua/CN=851532/CN=Jiahua Chen
identity  : /DC=ch/DC=cern/OU=Organic Units/OU=Users/CN=jiahua/CN=851532/CN=Jiahua Chen
type      : RFC compliant proxy
strength  : 2048 bits
path      : /afs/cern.ch/user/j/jiahua/proxy/x509up_u139833
timeleft  : 199:29:35
key usage : Digital Signature, Key Encipherment
=== VO cms extension information ===
VO        : cms
subject   : /DC=ch/DC=cern/OU=Organic Units/OU=Users/CN=jiahua/CN=851532/CN=Jiahua Chen
issuer    : /DC=ch/DC=cern/OU=computers/CN=cms-auth.cern.ch
attribute : /cms/Role=NULL/Capability=NULL
timeleft  : 191:29:34
uri       : voms-cms-auth.cern.ch:15000
subject   : /DC=ch/DC=cern/OU=Organic Units/OU=Users/CN=jiahua/CN=851532/CN=Jiahua Chen/CN=2045128514
issuer    : /DC=ch/DC=cern/OU=Organic Units/OU=Users/CN=jiahua/CN=851532/CN=Jiahua Chen
identity  : /DC=ch/DC=cern/OU=Organic Units/OU=Users/CN=jiahua/CN=851532/CN=Jiahua Chen
type      : RFC compliant proxy
strength  : 2048 bits
path      : /afs/cern.ch/user/j/jiahua/proxy/x509up_u139833
timeleft  : 199:29:35
key usage : Digital Signature, Key Encipherment
=== VO cms extension information ===
VO        : cms
subject   : /DC=ch/DC=cern/OU=Organic Units/OU=Users/CN=jiahua/CN=851532/CN=Jiahua Chen
issuer    : /DC=ch/DC=cern/OU=computers/CN=cms-auth.cern.ch
attribute : /cms/Role=NULL/Capability=NULL
timeleft  : 191:29:34
uri       : voms-cms-auth.cern.ch:15000
/eos/user/j/jiahua/MC_2022EE_inc/MC_2022EE_vbf/ZZto2L2Q_powheg_22EE_ext1-v2/07677426-b0dd-4c6e-9577-606c085b348c.root
[2025-11-20 03:19:09.019] [main] [info] Checking input files
[2025-11-20 03:19:13.079] [main] [info] NanoAOD input_file 1: root://cms-xrd-global.cern.ch//store/mc/Run3Summer22EENanoAODv12/ZZto2L2Q_TuneCP5_13p6TeV_powheg-pythia8/NANOAODSIM/130X_mcRun3_2022_realistic_postEE_v6_ext1-v2/2530000/07677426-b0dd-4c6e-9577-606c085b348c.root - 166616 Events
[2025-11-20 03:19:13.079] [main] [info] input_file 1: root://cms-xrd-global.cern.ch//store/mc/Run3Summer22EENanoAODv12/ZZto2L2Q_TuneCP5_13p6TeV_powheg-pythia8/NANOAODSIM/130X_mcRun3_2022_realistic_postEE_v6_ext1-v2/2530000/07677426-b0dd-4c6e-9577-606c085b348c.root - SumOfGenWeight: 1131228.0850000011 
[2025-11-20 03:19:13.079] [main] [info] Output directory: /eos/user/j/jiahua/MC_2022EE_inc/MC_2022EE_vbf/ZZto2L2Q_powheg_22EE_ext1-v2/07677426-b0dd-4c6e-9577-606c085b348c.root
[2025-11-20 03:19:13.079] [main] [info] Starting Setup of Dataframe with 166616 events
[2025-11-20 03:20:25.822] [main] [info] Finished Setup
[2025-11-20 03:20:25.822] [main] [info] Runtime for setup (real time: 72.74, CPU time: 67.65)
[2025-11-20 03:20:25.822] [main] [info] Starting Evaluation
[2025-11-20 03:20:52.523] [main] [info] 10000 / 166616 (6.00 %) Events processed ...
[2025-11-20 03:21:04.759] [main] [info] 20000 / 166616 (12.00 %) Events processed ...
[2025-11-20 03:21:15.680] [main] [info] 30000 / 166616 (18.01 %) Events processed ...
[2025-11-20 03:21:28.620] [main] [info] 40000 / 166616 (24.01 %) Events processed ...
[2025-11-20 03:21:40.413] [main] [info] 50000 / 166616 (30.01 %) Events processed ...
[2025-11-20 03:21:53.640] [main] [info] 60000 / 166616 (36.01 %) Events processed ...
[2025-11-20 03:22:05.149] [main] [info] 70000 / 166616 (42.01 %) Events processed ...
[2025-11-20 03:22:18.323] [main] [info] 80000 / 166616 (48.01 %) Events processed ...
[2025-11-20 03:22:30.327] [main] [info] 90000 / 166616 (54.02 %) Events processed ...
[2025-11-20 03:22:40.235] [main] [info] 100000 / 166616 (60.02 %) Events processed ...
[2025-11-20 03:22:50.503] [main] [info] 110000 / 166616 (66.02 %) Events processed ...
[2025-11-20 03:23:04.018] [main] [info] 120000 / 166616 (72.02 %) Events processed ...
[2025-11-20 03:23:16.908] [main] [info] 130000 / 166616 (78.02 %) Events processed ...
[2025-11-20 03:23:28.923] [main] [info] 140000 / 166616 (84.03 %) Events processed ...
[2025-11-20 03:23:40.345] [main] [info] 150000 / 166616 (90.03 %) Events processed ...
[2025-11-20 03:23:53.485] [main] [info] 160000 / 166616 (96.03 %) Events processed ...
[2025-11-20 03:24:02.049] [main] [info] vbfhmm:
GoodJetsCollection: pass=124699     all=166616     -- eff=74.84 % cumulative eff=74.84 %
Flag_goodVertices: pass=124699     all=124699     -- eff=100.00 % cumulative eff=74.84 %
Flag_globalSuperTightHalo2016Filter: pass=124694     all=124699     -- eff=100.00 % cumulative eff=74.84 %
Flag_EcalDeadCellTriggerPrimitiveFilter: pass=124692     all=124694     -- eff=100.00 % cumulative eff=74.84 %
Flag_BadPFMuonFilter: pass=124690     all=124692     -- eff=100.00 % cumulative eff=74.84 %
Flag_BadPFMuonDzFilter: pass=124686     all=124690     -- eff=100.00 % cumulative eff=74.83 %
Flag_eeBadScFilter: pass=124686     all=124686     -- eff=100.00 % cumulative eff=74.83 %
Flag_ecalBadCalibFilter: pass=124671     all=124686     -- eff=99.99 % cumulative eff=74.83 %
Flag_hfNoisyHitsFilter: pass=124660     all=124671     -- eff=99.99 % cumulative eff=74.82 %
Number of muons 2: pass=8980       all=124660     -- eff=7.20 % cumulative eff=5.39 %
Veto VH <= 0 electrons: pass=8970       all=8980       -- eff=99.89 % cumulative eff=5.38 %
DiMuon From Higgs: pass=8164       all=8970       -- eff=91.01 % cumulative eff=4.90 %
LeptonChargeSum: pass=8159       all=8164       -- eff=99.94 % cumulative eff=4.90 %
Hmass>=110: pass=470        all=8159       -- eff=5.76 % cumulative eff=0.28 %
[2025-11-20 03:24:02.173] [main] [info] Writing quantities map to /eos/user/j/jiahua/MC_2022EE_inc/MC_2022EE_vbf/ZZto2L2Q_powheg_22EE_ext1-v2/07677426-b0dd-4c6e-9577-606c085b348c_vbfhmm.root
[2025-11-20 03:24:02.223] [main] [info] Finished Evaluation
[2025-11-20 03:24:02.224] [main] [info] Overall runtime (real time: 289.14, CPU time: 273.90)
