Starting job on \n
Running on: Linux b9p22p5174.cern.ch 5.14.0-611.8.1.el9_7.x86_64 #1 SMP PREEMPT_DYNAMIC Thu Nov 13 05:30:00 EST 2025 x86_64 x86_64 x86_64 GNU/Linux\n
System software: Red Hat Enterprise Linux release 9.7 (Plow)\n
Setting up CROWN for RedHatEnterprise Version 9.7
subject   : /DC=ch/DC=cern/OU=Organic Units/OU=Users/CN=jiahua/CN=851532/CN=Jiahua Chen/CN=2045128514
issuer    : /DC=ch/DC=cern/OU=Organic Units/OU=Users/CN=jiahua/CN=851532/CN=Jiahua Chen
identity  : /DC=ch/DC=cern/OU=Organic Units/OU=Users/CN=jiahua/CN=851532/CN=Jiahua Chen
type      : RFC compliant proxy
strength  : 2048 bits
path      : /afs/cern.ch/user/j/jiahua/proxy/x509up_u139833
timeleft  : 168:30:36
key usage : Digital Signature, Key Encipherment
=== VO cms extension information ===
VO        : cms
subject   : /DC=ch/DC=cern/OU=Organic Units/OU=Users/CN=jiahua/CN=851532/CN=Jiahua Chen
issuer    : /DC=ch/DC=cern/OU=computers/CN=cms-auth.cern.ch
attribute : /cms/Role=NULL/Capability=NULL
timeleft  : 160:30:35
uri       : voms-cms-auth.cern.ch:15000
subject   : /DC=ch/DC=cern/OU=Organic Units/OU=Users/CN=jiahua/CN=851532/CN=Jiahua Chen/CN=2045128514
issuer    : /DC=ch/DC=cern/OU=Organic Units/OU=Users/CN=jiahua/CN=851532/CN=Jiahua Chen
identity  : /DC=ch/DC=cern/OU=Organic Units/OU=Users/CN=jiahua/CN=851532/CN=Jiahua Chen
type      : RFC compliant proxy
strength  : 2048 bits
path      : /afs/cern.ch/user/j/jiahua/proxy/x509up_u139833
timeleft  : 168:30:36
key usage : Digital Signature, Key Encipherment
=== VO cms extension information ===
VO        : cms
subject   : /DC=ch/DC=cern/OU=Organic Units/OU=Users/CN=jiahua/CN=851532/CN=Jiahua Chen
issuer    : /DC=ch/DC=cern/OU=computers/CN=cms-auth.cern.ch
attribute : /cms/Role=NULL/Capability=NULL
timeleft  : 160:30:35
uri       : voms-cms-auth.cern.ch:15000
/eos/user/j/jiahua/MC_2022EE_inc/MC_2022EE_vbf/ZZto2L2Nu_powheg_22EE_ext1-v2/ab88975b-e283-49d7-9327-352821c9cb12.root
[2025-11-21 10:18:07.426] [main] [info] Checking input files
[2025-11-21 10:18:14.276] [main] [info] NanoAOD input_file 1: root://cms-xrd-global.cern.ch//store/mc/Run3Summer22EENanoAODv12/ZZto2L2Nu_TuneCP5_13p6TeV_powheg-pythia8/NANOAODSIM/130X_mcRun3_2022_realistic_postEE_v6_ext1-v2/30000/ab88975b-e283-49d7-9327-352821c9cb12.root - 77254 Events
[2025-11-21 10:18:14.277] [main] [info] input_file 1: root://cms-xrd-global.cern.ch//store/mc/Run3Summer22EENanoAODv12/ZZto2L2Nu_TuneCP5_13p6TeV_powheg-pythia8/NANOAODSIM/130X_mcRun3_2022_realistic_postEE_v6_ext1-v2/30000/ab88975b-e283-49d7-9327-352821c9cb12.root - SumOfGenWeight: 79611.9815800001 
[2025-11-21 10:18:14.277] [main] [info] Output directory: /eos/user/j/jiahua/MC_2022EE_inc/MC_2022EE_vbf/ZZto2L2Nu_powheg_22EE_ext1-v2/ab88975b-e283-49d7-9327-352821c9cb12.root
[2025-11-21 10:18:14.278] [main] [info] Starting Setup of Dataframe with 77254 events
[2025-11-21 10:19:17.787] [main] [info] Finished Setup
[2025-11-21 10:19:17.787] [main] [info] Runtime for setup (real time: 63.51, CPU time: 58.55)
[2025-11-21 10:19:17.787] [main] [info] Starting Evaluation
[2025-11-21 10:19:41.792] [main] [info] 10000 / 77254 (12.94 %) Events processed ...
[2025-11-21 10:19:50.261] [main] [info] 20000 / 77254 (25.89 %) Events processed ...
[2025-11-21 10:19:58.749] [main] [info] 30000 / 77254 (38.83 %) Events processed ...
[2025-11-21 10:20:07.257] [main] [info] 40000 / 77254 (51.78 %) Events processed ...
[2025-11-21 10:20:18.293] [main] [info] 50000 / 77254 (64.72 %) Events processed ...
[2025-11-21 10:20:26.707] [main] [info] 60000 / 77254 (77.67 %) Events processed ...
[2025-11-21 10:20:35.038] [main] [info] 70000 / 77254 (90.61 %) Events processed ...
[2025-11-21 10:20:41.448] [main] [info] vbfhmm:
GoodJetsCollection: pass=50147      all=77254      -- eff=64.91 % cumulative eff=64.91 %
Flag_goodVertices: pass=50147      all=50147      -- eff=100.00 % cumulative eff=64.91 %
Flag_globalSuperTightHalo2016Filter: pass=50142      all=50147      -- eff=99.99 % cumulative eff=64.91 %
Flag_EcalDeadCellTriggerPrimitiveFilter: pass=50137      all=50142      -- eff=99.99 % cumulative eff=64.90 %
Flag_BadPFMuonFilter: pass=50137      all=50137      -- eff=100.00 % cumulative eff=64.90 %
Flag_BadPFMuonDzFilter: pass=50137      all=50137      -- eff=100.00 % cumulative eff=64.90 %
Flag_eeBadScFilter: pass=50137      all=50137      -- eff=100.00 % cumulative eff=64.90 %
Flag_ecalBadCalibFilter: pass=50129      all=50137      -- eff=99.98 % cumulative eff=64.89 %
Flag_hfNoisyHitsFilter: pass=50129      all=50129      -- eff=100.00 % cumulative eff=64.89 %
Number of muons 2: pass=3249       all=50129      -- eff=6.48 % cumulative eff=4.21 %
Veto VH <= 0 electrons: pass=3246       all=3249       -- eff=99.91 % cumulative eff=4.20 %
DiMuon From Higgs: pass=3022       all=3246       -- eff=93.10 % cumulative eff=3.91 %
LeptonChargeSum: pass=3020       all=3022       -- eff=99.93 % cumulative eff=3.91 %
Hmass>=110: pass=171        all=3020       -- eff=5.66 % cumulative eff=0.22 %
[2025-11-21 10:20:41.621] [main] [info] Writing quantities map to /eos/user/j/jiahua/MC_2022EE_inc/MC_2022EE_vbf/ZZto2L2Nu_powheg_22EE_ext1-v2/ab88975b-e283-49d7-9327-352821c9cb12_vbfhmm.root
[2025-11-21 10:20:42.109] [main] [info] Finished Evaluation
[2025-11-21 10:20:42.109] [main] [info] Overall runtime (real time: 147.83, CPU time: 135.33)
