Starting job on \n
Running on: Linux b9g03p9555.cern.ch 5.14.0-570.46.1.el9_6.x86_64 #1 SMP PREEMPT_DYNAMIC Tue Sep 16 03:28:23 EDT 2025 x86_64 x86_64 x86_64 GNU/Linux\n
System software: Red Hat Enterprise Linux release 9.7 (Plow)\n
Setting up CROWN for RedHatEnterprise Version 9.7
subject   : /DC=ch/DC=cern/OU=Organic Units/OU=Users/CN=jiahua/CN=851532/CN=Jiahua Chen/CN=2045128514
issuer    : /DC=ch/DC=cern/OU=Organic Units/OU=Users/CN=jiahua/CN=851532/CN=Jiahua Chen
identity  : /DC=ch/DC=cern/OU=Organic Units/OU=Users/CN=jiahua/CN=851532/CN=Jiahua Chen
type      : RFC compliant proxy
strength  : 2048 bits
path      : /afs/cern.ch/user/j/jiahua/proxy/x509up_u139833
timeleft  : 199:34:24
key usage : Digital Signature, Key Encipherment
=== VO cms extension information ===
VO        : cms
subject   : /DC=ch/DC=cern/OU=Organic Units/OU=Users/CN=jiahua/CN=851532/CN=Jiahua Chen
issuer    : /DC=ch/DC=cern/OU=computers/CN=cms-auth.cern.ch
attribute : /cms/Role=NULL/Capability=NULL
timeleft  : 191:34:23
uri       : voms-cms-auth.cern.ch:15000
subject   : /DC=ch/DC=cern/OU=Organic Units/OU=Users/CN=jiahua/CN=851532/CN=Jiahua Chen/CN=2045128514
issuer    : /DC=ch/DC=cern/OU=Organic Units/OU=Users/CN=jiahua/CN=851532/CN=Jiahua Chen
identity  : /DC=ch/DC=cern/OU=Organic Units/OU=Users/CN=jiahua/CN=851532/CN=Jiahua Chen
type      : RFC compliant proxy
strength  : 2048 bits
path      : /afs/cern.ch/user/j/jiahua/proxy/x509up_u139833
timeleft  : 199:34:24
key usage : Digital Signature, Key Encipherment
=== VO cms extension information ===
VO        : cms
subject   : /DC=ch/DC=cern/OU=Organic Units/OU=Users/CN=jiahua/CN=851532/CN=Jiahua Chen
issuer    : /DC=ch/DC=cern/OU=computers/CN=cms-auth.cern.ch
attribute : /cms/Role=NULL/Capability=NULL
timeleft  : 191:34:23
uri       : voms-cms-auth.cern.ch:15000
/eos/user/j/jiahua/MC_2022EE_inc/MC_2022EE_vbf/ZZto2L2Nu_powheg_22EE_ext1-v2/aed64185-0eca-45c6-9008-6055fc76f916.root
[2025-11-20 03:14:19.315] [main] [info] Checking input files
[2025-11-20 03:14:23.738] [main] [info] NanoAOD input_file 1: root://cms-xrd-global.cern.ch//store/mc/Run3Summer22EENanoAODv12/ZZto2L2Nu_TuneCP5_13p6TeV_powheg-pythia8/NANOAODSIM/130X_mcRun3_2022_realistic_postEE_v6_ext1-v2/50000/aed64185-0eca-45c6-9008-6055fc76f916.root - 97470 Events
[2025-11-20 03:14:23.738] [main] [info] input_file 1: root://cms-xrd-global.cern.ch//store/mc/Run3Summer22EENanoAODv12/ZZto2L2Nu_TuneCP5_13p6TeV_powheg-pythia8/NANOAODSIM/130X_mcRun3_2022_realistic_postEE_v6_ext1-v2/50000/aed64185-0eca-45c6-9008-6055fc76f916.root - SumOfGenWeight: 100482.46576000002 
[2025-11-20 03:14:23.738] [main] [info] Output directory: /eos/user/j/jiahua/MC_2022EE_inc/MC_2022EE_vbf/ZZto2L2Nu_powheg_22EE_ext1-v2/aed64185-0eca-45c6-9008-6055fc76f916.root
[2025-11-20 03:14:23.739] [main] [info] Starting Setup of Dataframe with 97470 events
[2025-11-20 03:15:58.253] [main] [info] Finished Setup
[2025-11-20 03:15:58.253] [main] [info] Runtime for setup (real time: 94.52, CPU time: 89.33)
[2025-11-20 03:15:58.253] [main] [info] Starting Evaluation
[2025-11-20 03:16:34.818] [main] [info] 10000 / 97470 (10.26 %) Events processed ...
[2025-11-20 03:16:45.894] [main] [info] 20000 / 97470 (20.52 %) Events processed ...
[2025-11-20 03:16:57.028] [main] [info] 30000 / 97470 (30.78 %) Events processed ...
[2025-11-20 03:17:08.858] [main] [info] 40000 / 97470 (41.04 %) Events processed ...
[2025-11-20 03:17:24.219] [main] [info] 50000 / 97470 (51.30 %) Events processed ...
[2025-11-20 03:17:36.202] [main] [info] 60000 / 97470 (61.56 %) Events processed ...
[2025-11-20 03:17:48.291] [main] [info] 70000 / 97470 (71.82 %) Events processed ...
[2025-11-20 03:17:58.952] [main] [info] 80000 / 97470 (82.08 %) Events processed ...
[2025-11-20 03:18:11.962] [main] [info] 90000 / 97470 (92.34 %) Events processed ...
[2025-11-20 03:18:20.727] [main] [info] vbfhmm:
GoodJetsCollection: pass=63076      all=97470      -- eff=64.71 % cumulative eff=64.71 %
Flag_goodVertices: pass=63076      all=63076      -- eff=100.00 % cumulative eff=64.71 %
Flag_globalSuperTightHalo2016Filter: pass=63069      all=63076      -- eff=99.99 % cumulative eff=64.71 %
Flag_EcalDeadCellTriggerPrimitiveFilter: pass=63062      all=63069      -- eff=99.99 % cumulative eff=64.70 %
Flag_BadPFMuonFilter: pass=63057      all=63062      -- eff=99.99 % cumulative eff=64.69 %
Flag_BadPFMuonDzFilter: pass=63057      all=63057      -- eff=100.00 % cumulative eff=64.69 %
Flag_eeBadScFilter: pass=63057      all=63057      -- eff=100.00 % cumulative eff=64.69 %
Flag_ecalBadCalibFilter: pass=63040      all=63057      -- eff=99.97 % cumulative eff=64.68 %
Flag_hfNoisyHitsFilter: pass=63037      all=63040      -- eff=100.00 % cumulative eff=64.67 %
Number of muons 2: pass=4283       all=63037      -- eff=6.79 % cumulative eff=4.39 %
Veto VH <= 0 electrons: pass=4279       all=4283       -- eff=99.91 % cumulative eff=4.39 %
DiMuon From Higgs: pass=3997       all=4279       -- eff=93.41 % cumulative eff=4.10 %
LeptonChargeSum: pass=3995       all=3997       -- eff=99.95 % cumulative eff=4.10 %
Hmass>=110: pass=203        all=3995       -- eff=5.08 % cumulative eff=0.21 %
[2025-11-20 03:18:20.962] [main] [info] Writing quantities map to /eos/user/j/jiahua/MC_2022EE_inc/MC_2022EE_vbf/ZZto2L2Nu_powheg_22EE_ext1-v2/aed64185-0eca-45c6-9008-6055fc76f916_vbfhmm.root
[2025-11-20 03:18:21.027] [main] [info] Finished Evaluation
[2025-11-20 03:18:21.027] [main] [info] Overall runtime (real time: 237.29, CPU time: 216.78)
