000 (13087774.241.000) 11/21 10:07:42 Job submitted from host: <188.185.121.235:9618?addrs=188.185.121.235-9618+[2001-1458-d00-49--100-36e]-9618&alias=bigbird22.cern.ch&noUDP&sock=schedd_232129_c3ca>
...
040 (13087774.241.000) 11/21 10:19:32 Started transferring input files
	Transferring to host: <188.185.211.212:9618?addrs=188.185.211.212-9618+[2001-1458-303-17--100-50]-9618&alias=b9p24p6232.cern.ch&noUDP&sock=slot1_30_7242_64e0_61396>
...
001 (13087774.241.000) 11/21 10:19:33 Job executing on host: <188.185.211.212:9618?addrs=188.185.211.212-9618+[2001-1458-303-17--100-50]-9618&alias=b9p24p6232.cern.ch&noUDP&sock=startd_6395_043d>
	SlotName: slot1_30@b9p24p6232.cern.ch
	CondorScratchDir = "/pool/condor/dir_2318778"
	Cpus = 1
	Disk = 16114
	GPUs = 0
	Memory = 3000
...
040 (13087774.241.000) 11/21 10:19:33 Finished transferring input files
...
006 (13087774.241.000) 11/21 10:19:47 Image size of job updated: 154348
	151  -  MemoryUsage of job (MB)
	154348  -  ResidentSetSize of job (KB)
...
006 (13087774.241.000) 11/21 10:21:13 Image size of job updated: 688968
	151  -  MemoryUsage of job (MB)
	154348  -  ResidentSetSize of job (KB)
...
040 (13087774.241.000) 11/21 10:21:13 Started transferring output files
...
040 (13087774.241.000) 11/21 10:21:13 Finished transferring output files
...
005 (13087774.241.000) 11/21 10:21:13 Job terminated.
	(1) Normal termination (return value 0)
		Usr 0 00:01:23, Sys 0 00:00:02  -  Run Remote Usage
		Usr 0 00:00:00, Sys 0 00:00:00  -  Run Local Usage
		Usr 0 00:01:23, Sys 0 00:00:02  -  Total Remote Usage
		Usr 0 00:00:00, Sys 0 00:00:00  -  Total Local Usage
	9753  -  Run Bytes Sent By Job
	11510364  -  Run Bytes Received By Job
	9753  -  Total Bytes Sent By Job
	11510364  -  Total Bytes Received By Job
	Partitionable Resources :    Usage  Request Allocated 
	   Cpus                 :                 1         1 
	   Disk (KB)            :    11265    12500     16114 
	   GPUs                 :                           0 
	   Memory (MB)          :      151     3000      3000 
	   TimeExecute (s)      :      100                    
	   TimeSlotBusy (s)     :      103                    

	Job terminated of its own accord at 2025-11-21T09:21:13Z with exit-code 0.
...
