000 (13087775.136.000) 11/21 10:07:52 Job submitted from host: <188.185.121.235:9618?addrs=188.185.121.235-9618+[2001-1458-d00-49--100-36e]-9618&alias=bigbird22.cern.ch&noUDP&sock=schedd_232129_c3ca>
...
040 (13087775.136.000) 11/21 10:21:23 Started transferring input files
	Transferring to host: <188.185.213.196:9618?addrs=188.185.213.196-9618+[2001-1458-303-1b--100-40]-9618&alias=b9p28p7375.cern.ch&noUDP&sock=slot1_1_8341_bd2c_76191>
...
040 (13087775.136.000) 11/21 10:21:23 Finished transferring input files
...
001 (13087775.136.000) 11/21 10:21:24 Job executing on host: <188.185.213.196:9618?addrs=188.185.213.196-9618+[2001-1458-303-1b--100-40]-9618&alias=b9p28p7375.cern.ch&noUDP&sock=startd_7229_1239>
	SlotName: slot1_1@b9p28p7375.cern.ch
	CondorScratchDir = "/pool/condor/dir_303352"
	Cpus = 1
	Disk = 16057
	GPUs = 0
	Memory = 3000
...
006 (13087775.136.000) 11/21 10:21:37 Image size of job updated: 152744
	150  -  MemoryUsage of job (MB)
	152744  -  ResidentSetSize of job (KB)
...
006 (13087775.136.000) 11/21 10:26:37 Image size of job updated: 682300
	664  -  MemoryUsage of job (MB)
	679816  -  ResidentSetSize of job (KB)
...
040 (13087775.136.000) 11/21 10:26:55 Started transferring output files
...
040 (13087775.136.000) 11/21 10:26:55 Finished transferring output files
...
005 (13087775.136.000) 11/21 10:26:55 Job terminated.
	(1) Normal termination (return value 0)
		Usr 0 00:05:01, Sys 0 00:00:03  -  Run Remote Usage
		Usr 0 00:00:00, Sys 0 00:00:00  -  Run Local Usage
		Usr 0 00:05:01, Sys 0 00:00:03  -  Total Remote Usage
		Usr 0 00:00:00, Sys 0 00:00:00  -  Total Local Usage
	11651  -  Run Bytes Sent By Job
	11510364  -  Run Bytes Received By Job
	11651  -  Total Bytes Sent By Job
	11510364  -  Total Bytes Received By Job
	Partitionable Resources :    Usage  Request Allocated 
	   Cpus                 :     0.99        1         1 
	   Disk (KB)            : 11276       12500     16057 
	   GPUs                 :                           0 
	   Memory (MB)          :   664        3000      3000 
	   TimeExecute (s)      :   331                       
	   TimeSlotBusy (s)     :   332                       

	Job terminated of its own accord at 2025-11-21T09:26:55Z with exit-code 0.
...
