000 (13047739.251.000) 11/20 09:15:47 Job submitted from host: <188.185.121.235:9618?addrs=188.185.121.235-9618+[2001-1458-d00-49--100-36e]-9618&alias=bigbird22.cern.ch&noUDP&sock=schedd_232129_c3ca>
...
040 (13047739.251.000) 11/20 09:40:49 Started transferring input files
	Transferring to host: <188.185.193.19:9618?addrs=188.185.193.19-9618+[2001-1458-303-20--100-f]-9618&alias=b9p19p7881.cern.ch&noUDP&sock=slot1_43_5202_078d_58325>
...
040 (13047739.251.000) 11/20 09:40:49 Finished transferring input files
...
001 (13047739.251.000) 11/20 09:40:50 Job executing on host: <188.185.193.19:9618?addrs=188.185.193.19-9618+[2001-1458-303-20--100-f]-9618&alias=b9p19p7881.cern.ch&noUDP&sock=startd_4202_cd0c>
	SlotName: slot1_43@b9p19p7881.cern.ch
	CondorScratchDir = "/pool/condor/dir_1462351"
	Cpus = 1
	Disk = 16240
	GPUs = 0
	Memory = 3000
...
006 (13047739.251.000) 11/20 09:41:03 Image size of job updated: 97452
	96  -  MemoryUsage of job (MB)
	97452  -  ResidentSetSize of job (KB)
...
006 (13047739.251.000) 11/20 09:43:09 Image size of job updated: 661516
	96  -  MemoryUsage of job (MB)
	97452  -  ResidentSetSize of job (KB)
...
040 (13047739.251.000) 11/20 09:43:09 Started transferring output files
...
040 (13047739.251.000) 11/20 09:43:09 Finished transferring output files
...
005 (13047739.251.000) 11/20 09:43:09 Job terminated.
	(1) Normal termination (return value 134)
		Usr 0 00:02:05, Sys 0 00:00:02  -  Run Remote Usage
		Usr 0 00:00:00, Sys 0 00:00:00  -  Run Local Usage
		Usr 0 00:02:05, Sys 0 00:00:02  -  Total Remote Usage
		Usr 0 00:00:00, Sys 0 00:00:00  -  Total Local Usage
	8480  -  Run Bytes Sent By Job
	11510364  -  Run Bytes Received By Job
	8480  -  Total Bytes Sent By Job
	11510364  -  Total Bytes Received By Job
	Partitionable Resources :    Usage  Request Allocated 
	   Cpus                 :        0        1         1 
	   Disk (KB)            :    11273    12500     16240 
	   GPUs                 :                           0 
	   Memory (MB)          :       96     3000      3000 
	   TimeExecute (s)      :      139                    
	   TimeSlotBusy (s)     :      140                    

	Job terminated of its own accord at 2025-11-20T08:43:09Z with exit-code 134.
...
