Starting job on \n
Running on: Linux b9p31p3929.cern.ch 5.14.0-570.44.1.el9_6.x86_64 #1 SMP PREEMPT_DYNAMIC Tue Sep 9 05:17:30 EDT 2025 x86_64 x86_64 x86_64 GNU/Linux\n
System software: Red Hat Enterprise Linux release 9.7 (Plow)\n
Setting up CROWN for RedHatEnterprise Version 9.7
subject   : /DC=ch/DC=cern/OU=Organic Units/OU=Users/CN=jiahua/CN=851532/CN=Jiahua Chen/CN=2045128514
issuer    : /DC=ch/DC=cern/OU=Organic Units/OU=Users/CN=jiahua/CN=851532/CN=Jiahua Chen
identity  : /DC=ch/DC=cern/OU=Organic Units/OU=Users/CN=jiahua/CN=851532/CN=Jiahua Chen
type      : RFC compliant proxy
strength  : 2048 bits
path      : /afs/cern.ch/user/j/jiahua/proxy/x509up_u139833
timeleft  : 199:31:19
key usage : Digital Signature, Key Encipherment
=== VO cms extension information ===
VO        : cms
subject   : /DC=ch/DC=cern/OU=Organic Units/OU=Users/CN=jiahua/CN=851532/CN=Jiahua Chen
issuer    : /DC=ch/DC=cern/OU=computers/CN=cms-auth.cern.ch
attribute : /cms/Role=NULL/Capability=NULL
timeleft  : 191:31:18
uri       : voms-cms-auth.cern.ch:15000
subject   : /DC=ch/DC=cern/OU=Organic Units/OU=Users/CN=jiahua/CN=851532/CN=Jiahua Chen/CN=2045128514
issuer    : /DC=ch/DC=cern/OU=Organic Units/OU=Users/CN=jiahua/CN=851532/CN=Jiahua Chen
identity  : /DC=ch/DC=cern/OU=Organic Units/OU=Users/CN=jiahua/CN=851532/CN=Jiahua Chen
type      : RFC compliant proxy
strength  : 2048 bits
path      : /afs/cern.ch/user/j/jiahua/proxy/x509up_u139833
timeleft  : 199:31:19
key usage : Digital Signature, Key Encipherment
=== VO cms extension information ===
VO        : cms
subject   : /DC=ch/DC=cern/OU=Organic Units/OU=Users/CN=jiahua/CN=851532/CN=Jiahua Chen
issuer    : /DC=ch/DC=cern/OU=computers/CN=cms-auth.cern.ch
attribute : /cms/Role=NULL/Capability=NULL
timeleft  : 191:31:18
uri       : voms-cms-auth.cern.ch:15000
/eos/user/j/jiahua/MC_2022EE_inc/MC_2022EE_vbf/ZZto4L_powheg_22EE_ext1-v2/107fd847-ee33-4dbb-bed9-5b4000e2ef39.root
[2025-11-20 03:17:25.013] [main] [info] Checking input files
[2025-11-20 03:17:31.638] [main] [info] NanoAOD input_file 1: root://cms-xrd-global.cern.ch//store/mc/Run3Summer22EENanoAODv12/ZZto4L_TuneCP5_13p6TeV_powheg-pythia8/NANOAODSIM/130X_mcRun3_2022_realistic_postEE_v6_ext1-v2/2530000/107fd847-ee33-4dbb-bed9-5b4000e2ef39.root - 169050 Events
[2025-11-20 03:17:31.638] [main] [info] input_file 1: root://cms-xrd-global.cern.ch//store/mc/Run3Summer22EENanoAODv12/ZZto4L_TuneCP5_13p6TeV_powheg-pythia8/NANOAODSIM/130X_mcRun3_2022_realistic_postEE_v6_ext1-v2/2530000/107fd847-ee33-4dbb-bed9-5b4000e2ef39.root - SumOfGenWeight: 235002.5077400003 
[2025-11-20 03:17:31.638] [main] [info] Output directory: /eos/user/j/jiahua/MC_2022EE_inc/MC_2022EE_vbf/ZZto4L_powheg_22EE_ext1-v2/107fd847-ee33-4dbb-bed9-5b4000e2ef39.root
[2025-11-20 03:17:31.640] [main] [info] Starting Setup of Dataframe with 169050 events
[2025-11-20 03:19:02.648] [main] [info] Finished Setup
[2025-11-20 03:19:02.648] [main] [info] Runtime for setup (real time: 91.01, CPU time: 85.95)
[2025-11-20 03:19:02.648] [main] [info] Starting Evaluation
[2025-11-20 03:19:30.859] [main] [info] 10000 / 169050 (5.92 %) Events processed ...
[2025-11-20 03:19:40.832] [main] [info] 20000 / 169050 (11.83 %) Events processed ...
[2025-11-20 03:19:51.917] [main] [info] 30000 / 169050 (17.75 %) Events processed ...
[2025-11-20 03:20:03.658] [main] [info] 40000 / 169050 (23.66 %) Events processed ...
[2025-11-20 03:20:14.440] [main] [info] 50000 / 169050 (29.58 %) Events processed ...
[2025-11-20 03:20:27.231] [main] [info] 60000 / 169050 (35.49 %) Events processed ...
[2025-11-20 03:20:39.097] [main] [info] 70000 / 169050 (41.41 %) Events processed ...
[2025-11-20 03:20:51.780] [main] [info] 80000 / 169050 (47.32 %) Events processed ...
[2025-11-20 03:21:04.132] [main] [info] 90000 / 169050 (53.24 %) Events processed ...
[2025-11-20 03:21:16.325] [main] [info] 100000 / 169050 (59.15 %) Events processed ...
[2025-11-20 03:21:27.882] [main] [info] 110000 / 169050 (65.07 %) Events processed ...
[2025-11-20 03:21:41.371] [main] [info] 120000 / 169050 (70.98 %) Events processed ...
[2025-11-20 03:21:51.447] [main] [info] 130000 / 169050 (76.90 %) Events processed ...
[2025-11-20 03:22:01.244] [main] [info] 140000 / 169050 (82.82 %) Events processed ...
[2025-11-20 03:22:13.292] [main] [info] 150000 / 169050 (88.73 %) Events processed ...
[2025-11-20 03:22:24.317] [main] [info] 160000 / 169050 (94.65 %) Events processed ...
[2025-11-20 03:22:34.586] [main] [info] vbfhmm:
GoodJetsCollection: pass=104396     all=169050     -- eff=61.75 % cumulative eff=61.75 %
Flag_goodVertices: pass=104396     all=104396     -- eff=100.00 % cumulative eff=61.75 %
Flag_globalSuperTightHalo2016Filter: pass=104394     all=104396     -- eff=100.00 % cumulative eff=61.75 %
Flag_EcalDeadCellTriggerPrimitiveFilter: pass=104392     all=104394     -- eff=100.00 % cumulative eff=61.75 %
Flag_BadPFMuonFilter: pass=104386     all=104392     -- eff=99.99 % cumulative eff=61.75 %
Flag_BadPFMuonDzFilter: pass=104385     all=104386     -- eff=100.00 % cumulative eff=61.75 %
Flag_eeBadScFilter: pass=104385     all=104385     -- eff=100.00 % cumulative eff=61.75 %
Flag_ecalBadCalibFilter: pass=104370     all=104385     -- eff=99.99 % cumulative eff=61.74 %
Flag_hfNoisyHitsFilter: pass=104366     all=104370     -- eff=100.00 % cumulative eff=61.74 %
Number of muons 2: pass=9100       all=104366     -- eff=8.72 % cumulative eff=5.38 %
Veto VH <= 0 electrons: pass=6705       all=9100       -- eff=73.68 % cumulative eff=3.97 %
DiMuon From Higgs: pass=5005       all=6705       -- eff=74.65 % cumulative eff=2.96 %
LeptonChargeSum: pass=4391       all=5005       -- eff=87.73 % cumulative eff=2.60 %
Hmass>=110: pass=286        all=4391       -- eff=6.51 % cumulative eff=0.17 %
[2025-11-20 03:22:34.729] [main] [info] Writing quantities map to /eos/user/j/jiahua/MC_2022EE_inc/MC_2022EE_vbf/ZZto4L_powheg_22EE_ext1-v2/107fd847-ee33-4dbb-bed9-5b4000e2ef39_vbfhmm.root
[2025-11-20 03:22:34.791] [main] [info] Finished Evaluation
[2025-11-20 03:22:34.791] [main] [info] Overall runtime (real time: 303.15, CPU time: 286.43)
