Starting job on \n
Running on: Linux b9p26p4110.cern.ch 5.14.0-570.55.1.el9_6.x86_64 #1 SMP PREEMPT_DYNAMIC Tue Oct 14 01:03:55 EDT 2025 x86_64 x86_64 x86_64 GNU/Linux\n
System software: Red Hat Enterprise Linux release 9.7 (Plow)\n
Setting up CROWN for RedHatEnterprise Version 9.7
subject   : /DC=ch/DC=cern/OU=Organic Units/OU=Users/CN=jiahua/CN=851532/CN=Jiahua Chen/CN=2045128514
issuer    : /DC=ch/DC=cern/OU=Organic Units/OU=Users/CN=jiahua/CN=851532/CN=Jiahua Chen
identity  : /DC=ch/DC=cern/OU=Organic Units/OU=Users/CN=jiahua/CN=851532/CN=Jiahua Chen
type      : RFC compliant proxy
strength  : 2048 bits
path      : /afs/cern.ch/user/j/jiahua/proxy/x509up_u139833
timeleft  : 168:31:20
key usage : Digital Signature, Key Encipherment
=== VO cms extension information ===
VO        : cms
subject   : /DC=ch/DC=cern/OU=Organic Units/OU=Users/CN=jiahua/CN=851532/CN=Jiahua Chen
issuer    : /DC=ch/DC=cern/OU=computers/CN=cms-auth.cern.ch
attribute : /cms/Role=NULL/Capability=NULL
timeleft  : 160:31:19
uri       : voms-cms-auth.cern.ch:15000
subject   : /DC=ch/DC=cern/OU=Organic Units/OU=Users/CN=jiahua/CN=851532/CN=Jiahua Chen/CN=2045128514
issuer    : /DC=ch/DC=cern/OU=Organic Units/OU=Users/CN=jiahua/CN=851532/CN=Jiahua Chen
identity  : /DC=ch/DC=cern/OU=Organic Units/OU=Users/CN=jiahua/CN=851532/CN=Jiahua Chen
type      : RFC compliant proxy
strength  : 2048 bits
path      : /afs/cern.ch/user/j/jiahua/proxy/x509up_u139833
timeleft  : 168:31:20
key usage : Digital Signature, Key Encipherment
=== VO cms extension information ===
VO        : cms
subject   : /DC=ch/DC=cern/OU=Organic Units/OU=Users/CN=jiahua/CN=851532/CN=Jiahua Chen
issuer    : /DC=ch/DC=cern/OU=computers/CN=cms-auth.cern.ch
attribute : /cms/Role=NULL/Capability=NULL
timeleft  : 160:31:19
uri       : voms-cms-auth.cern.ch:15000
/eos/user/j/jiahua/MC_2022EE_inc/MC_2022EE_vbf/ZZto2L2Nu_powheg_22EE_ext1-v2/8dc980b8-75c2-4735-abfb-0a98606c5cd8.root
[2025-11-21 10:17:24.333] [main] [info] Checking input files
[2025-11-21 10:17:33.955] [main] [info] NanoAOD input_file 1: root://cms-xrd-global.cern.ch//store/mc/Run3Summer22EENanoAODv12/ZZto2L2Nu_TuneCP5_13p6TeV_powheg-pythia8/NANOAODSIM/130X_mcRun3_2022_realistic_postEE_v6_ext1-v2/2540000/8dc980b8-75c2-4735-abfb-0a98606c5cd8.root - 172558 Events
[2025-11-21 10:17:33.955] [main] [info] input_file 1: root://cms-xrd-global.cern.ch//store/mc/Run3Summer22EENanoAODv12/ZZto2L2Nu_TuneCP5_13p6TeV_powheg-pythia8/NANOAODSIM/130X_mcRun3_2022_realistic_postEE_v6_ext1-v2/2540000/8dc980b8-75c2-4735-abfb-0a98606c5cd8.root - SumOfGenWeight: 177807.18608000007 
[2025-11-21 10:17:33.955] [main] [info] Output directory: /eos/user/j/jiahua/MC_2022EE_inc/MC_2022EE_vbf/ZZto2L2Nu_powheg_22EE_ext1-v2/8dc980b8-75c2-4735-abfb-0a98606c5cd8.root
[2025-11-21 10:17:33.959] [main] [info] Starting Setup of Dataframe with 172558 events
[2025-11-21 10:19:06.078] [main] [info] Finished Setup
[2025-11-21 10:19:06.078] [main] [info] Runtime for setup (real time: 92.12, CPU time: 85.55)
[2025-11-21 10:19:06.078] [main] [info] Starting Evaluation
[2025-11-21 10:19:38.128] [main] [info] 10000 / 172558 (5.80 %) Events processed ...
[2025-11-21 10:19:50.350] [main] [info] 20000 / 172558 (11.59 %) Events processed ...
[2025-11-21 10:20:02.717] [main] [info] 30000 / 172558 (17.39 %) Events processed ...
[2025-11-21 10:20:15.095] [main] [info] 40000 / 172558 (23.18 %) Events processed ...
[2025-11-21 10:20:29.827] [main] [info] 50000 / 172558 (28.98 %) Events processed ...
[2025-11-21 10:20:42.625] [main] [info] 60000 / 172558 (34.77 %) Events processed ...
[2025-11-21 10:20:55.002] [main] [info] 70000 / 172558 (40.57 %) Events processed ...
[2025-11-21 10:21:07.504] [main] [info] 80000 / 172558 (46.36 %) Events processed ...
[2025-11-21 10:21:22.074] [main] [info] 90000 / 172558 (52.16 %) Events processed ...
[2025-11-21 10:21:35.629] [main] [info] 100000 / 172558 (57.95 %) Events processed ...
[2025-11-21 10:21:48.521] [main] [info] 110000 / 172558 (63.75 %) Events processed ...
[2025-11-21 10:22:00.985] [main] [info] 120000 / 172558 (69.54 %) Events processed ...
[2025-11-21 10:22:16.201] [main] [info] 130000 / 172558 (75.34 %) Events processed ...
[2025-11-21 10:22:27.810] [main] [info] 140000 / 172558 (81.13 %) Events processed ...
[2025-11-21 10:22:40.853] [main] [info] 150000 / 172558 (86.93 %) Events processed ...
[2025-11-21 10:22:52.942] [main] [info] 160000 / 172558 (92.72 %) Events processed ...
[2025-11-21 10:23:07.297] [main] [info] 170000 / 172558 (98.52 %) Events processed ...
[2025-11-21 10:23:10.966] [main] [info] vbfhmm:
GoodJetsCollection: pass=111753     all=172558     -- eff=64.76 % cumulative eff=64.76 %
Flag_goodVertices: pass=111753     all=111753     -- eff=100.00 % cumulative eff=64.76 %
Flag_globalSuperTightHalo2016Filter: pass=111745     all=111753     -- eff=99.99 % cumulative eff=64.76 %
Flag_EcalDeadCellTriggerPrimitiveFilter: pass=111738     all=111745     -- eff=99.99 % cumulative eff=64.75 %
Flag_BadPFMuonFilter: pass=111734     all=111738     -- eff=100.00 % cumulative eff=64.75 %
Flag_BadPFMuonDzFilter: pass=111733     all=111734     -- eff=100.00 % cumulative eff=64.75 %
Flag_eeBadScFilter: pass=111733     all=111733     -- eff=100.00 % cumulative eff=64.75 %
Flag_ecalBadCalibFilter: pass=111707     all=111733     -- eff=99.98 % cumulative eff=64.74 %
Flag_hfNoisyHitsFilter: pass=111698     all=111707     -- eff=99.99 % cumulative eff=64.73 %
Number of muons 2: pass=7672       all=111698     -- eff=6.87 % cumulative eff=4.45 %
Veto VH <= 0 electrons: pass=7668       all=7672       -- eff=99.95 % cumulative eff=4.44 %
DiMuon From Higgs: pass=7126       all=7668       -- eff=92.93 % cumulative eff=4.13 %
LeptonChargeSum: pass=7124       all=7126       -- eff=99.97 % cumulative eff=4.13 %
Hmass>=110: pass=379        all=7124       -- eff=5.32 % cumulative eff=0.22 %
[2025-11-21 10:23:11.308] [main] [info] Writing quantities map to /eos/user/j/jiahua/MC_2022EE_inc/MC_2022EE_vbf/ZZto2L2Nu_powheg_22EE_ext1-v2/8dc980b8-75c2-4735-abfb-0a98606c5cd8_vbfhmm.root
[2025-11-21 10:23:11.886] [main] [info] Finished Evaluation
[2025-11-21 10:23:11.886] [main] [info] Overall runtime (real time: 337.93, CPU time: 312.83)
