000 (13087775.262.000) 11/21 10:07:53 Job submitted from host: <188.185.121.235:9618?addrs=188.185.121.235-9618+[2001-1458-d00-49--100-36e]-9618&alias=bigbird22.cern.ch&noUDP&sock=schedd_232129_c3ca>
...
040 (13087775.262.000) 11/21 10:22:05 Started transferring input files
	Transferring to host: <188.185.193.159:9618?addrs=188.185.193.159-9618+[2001-1458-303-20--100-9b]-9618&alias=b9p19p7480.cern.ch&noUDP&sock=slot1_23_5485_6db8_57694>
...
040 (13087775.262.000) 11/21 10:22:05 Finished transferring input files
...
001 (13087775.262.000) 11/21 10:22:06 Job executing on host: <188.185.193.159:9618?addrs=188.185.193.159-9618+[2001-1458-303-20--100-9b]-9618&alias=b9p19p7480.cern.ch&noUDP&sock=startd_4347_4247>
	SlotName: slot1_23@b9p19p7480.cern.ch
	CondorScratchDir = "/pool/condor/dir_2856413"
	Cpus = 1
	Disk = 16136
	GPUs = 0
	Memory = 3000
...
006 (13087775.262.000) 11/21 10:22:20 Image size of job updated: 93724
	92  -  MemoryUsage of job (MB)
	93724  -  ResidentSetSize of job (KB)
...
006 (13087775.262.000) 11/21 10:27:21 Image size of job updated: 694464
	679  -  MemoryUsage of job (MB)
	694464  -  ResidentSetSize of job (KB)
...
006 (13087775.262.000) 11/21 10:29:24 Image size of job updated: 694600
	679  -  MemoryUsage of job (MB)
	694464  -  ResidentSetSize of job (KB)
...
040 (13087775.262.000) 11/21 10:29:24 Started transferring output files
...
040 (13087775.262.000) 11/21 10:29:24 Finished transferring output files
...
005 (13087775.262.000) 11/21 10:29:25 Job terminated.
	(1) Normal termination (return value 0)
		Usr 0 00:06:46, Sys 0 00:00:05  -  Run Remote Usage
		Usr 0 00:00:00, Sys 0 00:00:00  -  Run Local Usage
		Usr 0 00:06:46, Sys 0 00:00:05  -  Total Remote Usage
		Usr 0 00:00:00, Sys 0 00:00:00  -  Total Local Usage
	10870  -  Run Bytes Sent By Job
	11510364  -  Run Bytes Received By Job
	10870  -  Total Bytes Sent By Job
	11510364  -  Total Bytes Received By Job
	Partitionable Resources :    Usage  Request Allocated 
	   Cpus                 :     0.84        1         1 
	   Disk (KB)            : 11276       12500     16136 
	   GPUs                 :                           0 
	   Memory (MB)          :   679        3000      3000 
	   TimeExecute (s)      :   438                       
	   TimeSlotBusy (s)     :   439                       

	Job terminated of its own accord at 2025-11-21T09:29:24Z with exit-code 0.
...
