Starting job on \n
Running on: Linux b9p22p1147.cern.ch 5.14.0-570.42.2.el9_6.x86_64 #1 SMP PREEMPT_DYNAMIC Mon Sep 8 12:15:13 EDT 2025 x86_64 x86_64 x86_64 GNU/Linux\n
System software: Red Hat Enterprise Linux release 9.7 (Plow)\n
Setting up CROWN for RedHatEnterprise Version 9.7
subject   : /DC=ch/DC=cern/OU=Organic Units/OU=Users/CN=jiahua/CN=851532/CN=Jiahua Chen/CN=2045128514
issuer    : /DC=ch/DC=cern/OU=Organic Units/OU=Users/CN=jiahua/CN=851532/CN=Jiahua Chen
identity  : /DC=ch/DC=cern/OU=Organic Units/OU=Users/CN=jiahua/CN=851532/CN=Jiahua Chen
type      : RFC compliant proxy
strength  : 2048 bits
path      : /afs/cern.ch/user/j/jiahua/proxy/x509up_u139833
timeleft  : 168:33:20
key usage : Digital Signature, Key Encipherment
=== VO cms extension information ===
VO        : cms
subject   : /DC=ch/DC=cern/OU=Organic Units/OU=Users/CN=jiahua/CN=851532/CN=Jiahua Chen
issuer    : /DC=ch/DC=cern/OU=computers/CN=cms-auth.cern.ch
attribute : /cms/Role=NULL/Capability=NULL
timeleft  : 160:33:19
uri       : voms-cms-auth.cern.ch:15000
subject   : /DC=ch/DC=cern/OU=Organic Units/OU=Users/CN=jiahua/CN=851532/CN=Jiahua Chen/CN=2045128514
issuer    : /DC=ch/DC=cern/OU=Organic Units/OU=Users/CN=jiahua/CN=851532/CN=Jiahua Chen
identity  : /DC=ch/DC=cern/OU=Organic Units/OU=Users/CN=jiahua/CN=851532/CN=Jiahua Chen
type      : RFC compliant proxy
strength  : 2048 bits
path      : /afs/cern.ch/user/j/jiahua/proxy/x509up_u139833
timeleft  : 168:33:20
key usage : Digital Signature, Key Encipherment
=== VO cms extension information ===
VO        : cms
subject   : /DC=ch/DC=cern/OU=Organic Units/OU=Users/CN=jiahua/CN=851532/CN=Jiahua Chen
issuer    : /DC=ch/DC=cern/OU=computers/CN=cms-auth.cern.ch
attribute : /cms/Role=NULL/Capability=NULL
timeleft  : 160:33:19
uri       : voms-cms-auth.cern.ch:15000
/eos/user/j/jiahua/MC_2022EE_inc/MC_2022EE_vbf/ZZto2L2Nu_powheg_22EE_ext1-v2/cf27ef72-7dd1-4f60-a986-8b906dbde762.root
[2025-11-21 10:15:23.558] [main] [info] Checking input files
[2025-11-21 10:15:31.380] [main] [info] NanoAOD input_file 1: root://cms-xrd-global.cern.ch//store/mc/Run3Summer22EENanoAODv12/ZZto2L2Nu_TuneCP5_13p6TeV_powheg-pythia8/NANOAODSIM/130X_mcRun3_2022_realistic_postEE_v6_ext1-v2/2540000/cf27ef72-7dd1-4f60-a986-8b906dbde762.root - 169670 Events
[2025-11-21 10:15:31.380] [main] [info] input_file 1: root://cms-xrd-global.cern.ch//store/mc/Run3Summer22EENanoAODv12/ZZto2L2Nu_TuneCP5_13p6TeV_powheg-pythia8/NANOAODSIM/130X_mcRun3_2022_realistic_postEE_v6_ext1-v2/2540000/cf27ef72-7dd1-4f60-a986-8b906dbde762.root - SumOfGenWeight: 174864.94576 
[2025-11-21 10:15:31.380] [main] [info] Output directory: /eos/user/j/jiahua/MC_2022EE_inc/MC_2022EE_vbf/ZZto2L2Nu_powheg_22EE_ext1-v2/cf27ef72-7dd1-4f60-a986-8b906dbde762.root
[2025-11-21 10:15:31.381] [main] [info] Starting Setup of Dataframe with 169670 events
[2025-11-21 10:16:46.419] [main] [info] Finished Setup
[2025-11-21 10:16:46.419] [main] [info] Runtime for setup (real time: 75.04, CPU time: 69.09)
[2025-11-21 10:16:46.419] [main] [info] Starting Evaluation
[2025-11-21 10:17:19.654] [main] [info] 10000 / 169670 (5.89 %) Events processed ...
[2025-11-21 10:17:28.624] [main] [info] 20000 / 169670 (11.79 %) Events processed ...
[2025-11-21 10:17:39.478] [main] [info] 30000 / 169670 (17.68 %) Events processed ...
[2025-11-21 10:17:49.928] [main] [info] 40000 / 169670 (23.58 %) Events processed ...
[2025-11-21 10:18:04.598] [main] [info] 50000 / 169670 (29.47 %) Events processed ...
[2025-11-21 10:18:15.160] [main] [info] 60000 / 169670 (35.36 %) Events processed ...
[2025-11-21 10:18:24.816] [main] [info] 70000 / 169670 (41.26 %) Events processed ...
[2025-11-21 10:18:35.048] [main] [info] 80000 / 169670 (47.15 %) Events processed ...
[2025-11-21 10:18:48.080] [main] [info] 90000 / 169670 (53.04 %) Events processed ...
[2025-11-21 10:18:58.644] [main] [info] 100000 / 169670 (58.94 %) Events processed ...
[2025-11-21 10:19:09.712] [main] [info] 110000 / 169670 (64.83 %) Events processed ...
[2025-11-21 10:19:19.845] [main] [info] 120000 / 169670 (70.73 %) Events processed ...
[2025-11-21 10:19:33.144] [main] [info] 130000 / 169670 (76.62 %) Events processed ...
[2025-11-21 10:19:44.110] [main] [info] 140000 / 169670 (82.51 %) Events processed ...
[2025-11-21 10:19:54.425] [main] [info] 150000 / 169670 (88.41 %) Events processed ...
[2025-11-21 10:20:04.045] [main] [info] 160000 / 169670 (94.30 %) Events processed ...
[2025-11-21 10:20:16.676] [main] [info] vbfhmm:
GoodJetsCollection: pass=109623     all=169670     -- eff=64.61 % cumulative eff=64.61 %
Flag_goodVertices: pass=109623     all=109623     -- eff=100.00 % cumulative eff=64.61 %
Flag_globalSuperTightHalo2016Filter: pass=109617     all=109623     -- eff=99.99 % cumulative eff=64.61 %
Flag_EcalDeadCellTriggerPrimitiveFilter: pass=109610     all=109617     -- eff=99.99 % cumulative eff=64.60 %
Flag_BadPFMuonFilter: pass=109606     all=109610     -- eff=100.00 % cumulative eff=64.60 %
Flag_BadPFMuonDzFilter: pass=109604     all=109606     -- eff=100.00 % cumulative eff=64.60 %
Flag_eeBadScFilter: pass=109604     all=109604     -- eff=100.00 % cumulative eff=64.60 %
Flag_ecalBadCalibFilter: pass=109569     all=109604     -- eff=99.97 % cumulative eff=64.58 %
Flag_hfNoisyHitsFilter: pass=109566     all=109569     -- eff=100.00 % cumulative eff=64.58 %
Number of muons 2: pass=7336       all=109566     -- eff=6.70 % cumulative eff=4.32 %
Veto VH <= 0 electrons: pass=7333       all=7336       -- eff=99.96 % cumulative eff=4.32 %
DiMuon From Higgs: pass=6800       all=7333       -- eff=92.73 % cumulative eff=4.01 %
LeptonChargeSum: pass=6800       all=6800       -- eff=100.00 % cumulative eff=4.01 %
Hmass>=110: pass=349        all=6800       -- eff=5.13 % cumulative eff=0.21 %
[2025-11-21 10:20:16.790] [main] [info] Writing quantities map to /eos/user/j/jiahua/MC_2022EE_inc/MC_2022EE_vbf/ZZto2L2Nu_powheg_22EE_ext1-v2/cf27ef72-7dd1-4f60-a986-8b906dbde762_vbfhmm.root
[2025-11-21 10:20:16.839] [main] [info] Finished Evaluation
[2025-11-21 10:20:16.839] [main] [info] Overall runtime (real time: 285.46, CPU time: 257.29)
