Starting job on \n
Running on: Linux b9p21p8125.cern.ch 5.14.0-570.44.1.el9_6.x86_64 #1 SMP PREEMPT_DYNAMIC Tue Sep 9 05:17:30 EDT 2025 x86_64 x86_64 x86_64 GNU/Linux\n
System software: Red Hat Enterprise Linux release 9.7 (Plow)\n
Setting up CROWN for RedHatEnterprise Version 9.7
subject   : /DC=ch/DC=cern/OU=Organic Units/OU=Users/CN=jiahua/CN=851532/CN=Jiahua Chen/CN=2045128514
issuer    : /DC=ch/DC=cern/OU=Organic Units/OU=Users/CN=jiahua/CN=851532/CN=Jiahua Chen
identity  : /DC=ch/DC=cern/OU=Organic Units/OU=Users/CN=jiahua/CN=851532/CN=Jiahua Chen
type      : RFC compliant proxy
strength  : 2048 bits
path      : /afs/cern.ch/user/j/jiahua/proxy/x509up_u139833
timeleft  : 168:26:58
key usage : Digital Signature, Key Encipherment
=== VO cms extension information ===
VO        : cms
subject   : /DC=ch/DC=cern/OU=Organic Units/OU=Users/CN=jiahua/CN=851532/CN=Jiahua Chen
issuer    : /DC=ch/DC=cern/OU=computers/CN=cms-auth.cern.ch
attribute : /cms/Role=NULL/Capability=NULL
timeleft  : 160:26:57
uri       : voms-cms-auth.cern.ch:15000
subject   : /DC=ch/DC=cern/OU=Organic Units/OU=Users/CN=jiahua/CN=851532/CN=Jiahua Chen/CN=2045128514
issuer    : /DC=ch/DC=cern/OU=Organic Units/OU=Users/CN=jiahua/CN=851532/CN=Jiahua Chen
identity  : /DC=ch/DC=cern/OU=Organic Units/OU=Users/CN=jiahua/CN=851532/CN=Jiahua Chen
type      : RFC compliant proxy
strength  : 2048 bits
path      : /afs/cern.ch/user/j/jiahua/proxy/x509up_u139833
timeleft  : 168:26:58
key usage : Digital Signature, Key Encipherment
=== VO cms extension information ===
VO        : cms
subject   : /DC=ch/DC=cern/OU=Organic Units/OU=Users/CN=jiahua/CN=851532/CN=Jiahua Chen
issuer    : /DC=ch/DC=cern/OU=computers/CN=cms-auth.cern.ch
attribute : /cms/Role=NULL/Capability=NULL
timeleft  : 160:26:57
uri       : voms-cms-auth.cern.ch:15000
/eos/user/j/jiahua/MC_2022EE_inc/MC_2022EE_vbf/ZZto4L_powheg_22EE_ext1-v2/d38f98e3-7146-4f81-95ad-f5e1735c5fed.root
[2025-11-21 10:21:45.810] [main] [info] Checking input files
[2025-11-21 10:21:51.895] [main] [info] NanoAOD input_file 1: root://cms-xrd-global.cern.ch//store/mc/Run3Summer22EENanoAODv12/ZZto4L_TuneCP5_13p6TeV_powheg-pythia8/NANOAODSIM/130X_mcRun3_2022_realistic_postEE_v6_ext1-v2/2540000/d38f98e3-7146-4f81-95ad-f5e1735c5fed.root - 169050 Events
[2025-11-21 10:21:51.895] [main] [info] input_file 1: root://cms-xrd-global.cern.ch//store/mc/Run3Summer22EENanoAODv12/ZZto4L_TuneCP5_13p6TeV_powheg-pythia8/NANOAODSIM/130X_mcRun3_2022_realistic_postEE_v6_ext1-v2/2540000/d38f98e3-7146-4f81-95ad-f5e1735c5fed.root - SumOfGenWeight: 235075.56930000053 
[2025-11-21 10:21:51.895] [main] [info] Output directory: /eos/user/j/jiahua/MC_2022EE_inc/MC_2022EE_vbf/ZZto4L_powheg_22EE_ext1-v2/d38f98e3-7146-4f81-95ad-f5e1735c5fed.root
[2025-11-21 10:21:51.896] [main] [info] Starting Setup of Dataframe with 169050 events
[2025-11-21 10:23:11.432] [main] [info] Finished Setup
[2025-11-21 10:23:11.433] [main] [info] Runtime for setup (real time: 79.54, CPU time: 74.91)
[2025-11-21 10:23:11.433] [main] [info] Starting Evaluation
[2025-11-21 10:23:40.437] [main] [info] 10000 / 169050 (5.92 %) Events processed ...
[2025-11-21 10:23:52.995] [main] [info] 20000 / 169050 (11.83 %) Events processed ...
[2025-11-21 10:24:03.620] [main] [info] 30000 / 169050 (17.75 %) Events processed ...
[2025-11-21 10:24:17.164] [main] [info] 40000 / 169050 (23.66 %) Events processed ...
[2025-11-21 10:24:28.054] [main] [info] 50000 / 169050 (29.58 %) Events processed ...
[2025-11-21 10:24:39.284] [main] [info] 60000 / 169050 (35.49 %) Events processed ...
[2025-11-21 10:24:50.272] [main] [info] 70000 / 169050 (41.41 %) Events processed ...
[2025-11-21 10:25:02.946] [main] [info] 80000 / 169050 (47.32 %) Events processed ...
[2025-11-21 10:25:14.506] [main] [info] 90000 / 169050 (53.24 %) Events processed ...
[2025-11-21 10:25:26.835] [main] [info] 100000 / 169050 (59.15 %) Events processed ...
[2025-11-21 10:25:38.794] [main] [info] 110000 / 169050 (65.07 %) Events processed ...
[2025-11-21 10:25:50.871] [main] [info] 120000 / 169050 (70.98 %) Events processed ...
[2025-11-21 10:26:02.604] [main] [info] 130000 / 169050 (76.90 %) Events processed ...
[2025-11-21 10:26:14.427] [main] [info] 140000 / 169050 (82.82 %) Events processed ...
[2025-11-21 10:26:26.361] [main] [info] 150000 / 169050 (88.73 %) Events processed ...
[2025-11-21 10:26:39.227] [main] [info] 160000 / 169050 (94.65 %) Events processed ...
[2025-11-21 10:26:49.962] [main] [info] vbfhmm:
GoodJetsCollection: pass=104744     all=169050     -- eff=61.96 % cumulative eff=61.96 %
Flag_goodVertices: pass=104744     all=104744     -- eff=100.00 % cumulative eff=61.96 %
Flag_globalSuperTightHalo2016Filter: pass=104738     all=104744     -- eff=99.99 % cumulative eff=61.96 %
Flag_EcalDeadCellTriggerPrimitiveFilter: pass=104735     all=104738     -- eff=100.00 % cumulative eff=61.96 %
Flag_BadPFMuonFilter: pass=104729     all=104735     -- eff=99.99 % cumulative eff=61.95 %
Flag_BadPFMuonDzFilter: pass=104728     all=104729     -- eff=100.00 % cumulative eff=61.95 %
Flag_eeBadScFilter: pass=104728     all=104728     -- eff=100.00 % cumulative eff=61.95 %
Flag_ecalBadCalibFilter: pass=104713     all=104728     -- eff=99.99 % cumulative eff=61.94 %
Flag_hfNoisyHitsFilter: pass=104709     all=104713     -- eff=100.00 % cumulative eff=61.94 %
Number of muons 2: pass=8910       all=104709     -- eff=8.51 % cumulative eff=5.27 %
Veto VH <= 0 electrons: pass=6618       all=8910       -- eff=74.28 % cumulative eff=3.91 %
DiMuon From Higgs: pass=4861       all=6618       -- eff=73.45 % cumulative eff=2.88 %
LeptonChargeSum: pass=4240       all=4861       -- eff=87.22 % cumulative eff=2.51 %
Hmass>=110: pass=318        all=4240       -- eff=7.50 % cumulative eff=0.19 %
[2025-11-21 10:26:50.352] [main] [info] Writing quantities map to /eos/user/j/jiahua/MC_2022EE_inc/MC_2022EE_vbf/ZZto4L_powheg_22EE_ext1-v2/d38f98e3-7146-4f81-95ad-f5e1735c5fed_vbfhmm.root
[2025-11-21 10:26:50.587] [main] [info] Finished Evaluation
[2025-11-21 10:26:50.587] [main] [info] Overall runtime (real time: 298.69, CPU time: 282.71)
