Starting job on \n
Running on: Linux b9g18p5436.cern.ch 5.14.0-570.42.2.el9_6.x86_64 #1 SMP PREEMPT_DYNAMIC Mon Sep 15 05:17:56 EDT 2025 x86_64 x86_64 x86_64 GNU/Linux\n
System software: AlmaLinux release 9.6 (Sage Margay)\n
Setting up CROWN for Alma Version 9.6
subject   : /DC=ch/DC=cern/OU=Organic Units/OU=Users/CN=jiahua/CN=851532/CN=Jiahua Chen/CN=2045128514
issuer    : /DC=ch/DC=cern/OU=Organic Units/OU=Users/CN=jiahua/CN=851532/CN=Jiahua Chen
identity  : /DC=ch/DC=cern/OU=Organic Units/OU=Users/CN=jiahua/CN=851532/CN=Jiahua Chen
type      : RFC compliant proxy
strength  : 2048 bits
path      : /afs/cern.ch/user/j/jiahua/proxy/x509up_u139833
timeleft  : 199:33:34
key usage : Digital Signature, Key Encipherment
=== VO cms extension information ===
VO        : cms
subject   : /DC=ch/DC=cern/OU=Organic Units/OU=Users/CN=jiahua/CN=851532/CN=Jiahua Chen
issuer    : /DC=ch/DC=cern/OU=computers/CN=cms-auth.cern.ch
attribute : /cms/Role=NULL/Capability=NULL
timeleft  : 191:33:33
uri       : voms-cms-auth.cern.ch:15000
subject   : /DC=ch/DC=cern/OU=Organic Units/OU=Users/CN=jiahua/CN=851532/CN=Jiahua Chen/CN=2045128514
issuer    : /DC=ch/DC=cern/OU=Organic Units/OU=Users/CN=jiahua/CN=851532/CN=Jiahua Chen
identity  : /DC=ch/DC=cern/OU=Organic Units/OU=Users/CN=jiahua/CN=851532/CN=Jiahua Chen
type      : RFC compliant proxy
strength  : 2048 bits
path      : /afs/cern.ch/user/j/jiahua/proxy/x509up_u139833
timeleft  : 199:33:34
key usage : Digital Signature, Key Encipherment
=== VO cms extension information ===
VO        : cms
subject   : /DC=ch/DC=cern/OU=Organic Units/OU=Users/CN=jiahua/CN=851532/CN=Jiahua Chen
issuer    : /DC=ch/DC=cern/OU=computers/CN=cms-auth.cern.ch
attribute : /cms/Role=NULL/Capability=NULL
timeleft  : 191:33:33
uri       : voms-cms-auth.cern.ch:15000
/eos/user/j/jiahua/MC_2022EE_inc/MC_2022EE_vbf/ZZto2L2Nu_powheg_22EE_ext1-v2/c9f23fbe-c1cc-4387-b46d-4bf3b4e0b5ce.root
[2025-11-20 03:15:09.949] [main] [info] Checking input files
[2025-11-20 03:15:16.625] [main] [info] NanoAOD input_file 1: root://cms-xrd-global.cern.ch//store/mc/Run3Summer22EENanoAODv12/ZZto2L2Nu_TuneCP5_13p6TeV_powheg-pythia8/NANOAODSIM/130X_mcRun3_2022_realistic_postEE_v6_ext1-v2/50000/c9f23fbe-c1cc-4387-b46d-4bf3b4e0b5ce.root - 127794 Events
[2025-11-20 03:15:16.626] [main] [info] input_file 1: root://cms-xrd-global.cern.ch//store/mc/Run3Summer22EENanoAODv12/ZZto2L2Nu_TuneCP5_13p6TeV_powheg-pythia8/NANOAODSIM/130X_mcRun3_2022_realistic_postEE_v6_ext1-v2/50000/c9f23fbe-c1cc-4387-b46d-4bf3b4e0b5ce.root - SumOfGenWeight: 131729.30589999995 
[2025-11-20 03:15:16.626] [main] [info] Output directory: /eos/user/j/jiahua/MC_2022EE_inc/MC_2022EE_vbf/ZZto2L2Nu_powheg_22EE_ext1-v2/c9f23fbe-c1cc-4387-b46d-4bf3b4e0b5ce.root
[2025-11-20 03:15:16.629] [main] [info] Starting Setup of Dataframe with 127794 events
[2025-11-20 03:17:06.672] [main] [info] Finished Setup
[2025-11-20 03:17:06.672] [main] [info] Runtime for setup (real time: 110.05, CPU time: 102.53)
[2025-11-20 03:17:06.673] [main] [info] Starting Evaluation
[2025-11-20 03:17:45.986] [main] [info] 10000 / 127794 (7.83 %) Events processed ...
[2025-11-20 03:17:59.331] [main] [info] 20000 / 127794 (15.65 %) Events processed ...
[2025-11-20 03:18:12.775] [main] [info] 30000 / 127794 (23.48 %) Events processed ...
[2025-11-20 03:18:23.929] [main] [info] 40000 / 127794 (31.30 %) Events processed ...
[2025-11-20 03:18:40.260] [main] [info] 50000 / 127794 (39.13 %) Events processed ...
[2025-11-20 03:18:55.863] [main] [info] 60000 / 127794 (46.95 %) Events processed ...
[2025-11-20 03:19:10.558] [main] [info] 70000 / 127794 (54.78 %) Events processed ...
[2025-11-20 03:19:23.899] [main] [info] 80000 / 127794 (62.60 %) Events processed ...
[2025-11-20 03:19:38.703] [main] [info] 90000 / 127794 (70.43 %) Events processed ...
[2025-11-20 03:19:51.980] [main] [info] 100000 / 127794 (78.25 %) Events processed ...
[2025-11-20 03:20:05.597] [main] [info] 110000 / 127794 (86.08 %) Events processed ...
[2025-11-20 03:20:17.528] [main] [info] 120000 / 127794 (93.90 %) Events processed ...
[2025-11-20 03:20:30.915] [main] [info] vbfhmm:
GoodJetsCollection: pass=82367      all=127794     -- eff=64.45 % cumulative eff=64.45 %
Flag_goodVertices: pass=82367      all=82367      -- eff=100.00 % cumulative eff=64.45 %
Flag_globalSuperTightHalo2016Filter: pass=82359      all=82367      -- eff=99.99 % cumulative eff=64.45 %
Flag_EcalDeadCellTriggerPrimitiveFilter: pass=82354      all=82359      -- eff=99.99 % cumulative eff=64.44 %
Flag_BadPFMuonFilter: pass=82352      all=82354      -- eff=100.00 % cumulative eff=64.44 %
Flag_BadPFMuonDzFilter: pass=82349      all=82352      -- eff=100.00 % cumulative eff=64.44 %
Flag_eeBadScFilter: pass=82349      all=82349      -- eff=100.00 % cumulative eff=64.44 %
Flag_ecalBadCalibFilter: pass=82329      all=82349      -- eff=99.98 % cumulative eff=64.42 %
Flag_hfNoisyHitsFilter: pass=82325      all=82329      -- eff=100.00 % cumulative eff=64.42 %
Number of muons 2: pass=5638       all=82325      -- eff=6.85 % cumulative eff=4.41 %
Veto VH <= 0 electrons: pass=5635       all=5638       -- eff=99.95 % cumulative eff=4.41 %
DiMuon From Higgs: pass=5215       all=5635       -- eff=92.55 % cumulative eff=4.08 %
LeptonChargeSum: pass=5214       all=5215       -- eff=99.98 % cumulative eff=4.08 %
Hmass>=110: pass=281        all=5214       -- eff=5.39 % cumulative eff=0.22 %
[2025-11-20 03:20:31.419] [main] [info] Writing quantities map to /eos/user/j/jiahua/MC_2022EE_inc/MC_2022EE_vbf/ZZto2L2Nu_powheg_22EE_ext1-v2/c9f23fbe-c1cc-4387-b46d-4bf3b4e0b5ce_vbfhmm.root
[2025-11-20 03:20:31.566] [main] [info] Finished Evaluation
[2025-11-20 03:20:31.566] [main] [info] Overall runtime (real time: 314.94, CPU time: 295.28)
