Starting job on \n
Running on: Linux b9p11p4236.cern.ch 5.14.0-570.55.1.el9_6.x86_64 #1 SMP PREEMPT_DYNAMIC Tue Oct 14 01:03:55 EDT 2025 x86_64 x86_64 x86_64 GNU/Linux\n
System software: Red Hat Enterprise Linux release 9.7 (Plow)\n
Setting up CROWN for RedHatEnterprise Version 9.7
subject   : /DC=ch/DC=cern/OU=Organic Units/OU=Users/CN=jiahua/CN=851532/CN=Jiahua Chen/CN=2045128514
issuer    : /DC=ch/DC=cern/OU=Organic Units/OU=Users/CN=jiahua/CN=851532/CN=Jiahua Chen
identity  : /DC=ch/DC=cern/OU=Organic Units/OU=Users/CN=jiahua/CN=851532/CN=Jiahua Chen
type      : RFC compliant proxy
strength  : 2048 bits
path      : /afs/cern.ch/user/j/jiahua/proxy/x509up_u139833
timeleft  : 199:34:28
key usage : Digital Signature, Key Encipherment
=== VO cms extension information ===
VO        : cms
subject   : /DC=ch/DC=cern/OU=Organic Units/OU=Users/CN=jiahua/CN=851532/CN=Jiahua Chen
issuer    : /DC=ch/DC=cern/OU=computers/CN=cms-auth.cern.ch
attribute : /cms/Role=NULL/Capability=NULL
timeleft  : 191:34:27
uri       : voms-cms-auth.cern.ch:15000
subject   : /DC=ch/DC=cern/OU=Organic Units/OU=Users/CN=jiahua/CN=851532/CN=Jiahua Chen/CN=2045128514
issuer    : /DC=ch/DC=cern/OU=Organic Units/OU=Users/CN=jiahua/CN=851532/CN=Jiahua Chen
identity  : /DC=ch/DC=cern/OU=Organic Units/OU=Users/CN=jiahua/CN=851532/CN=Jiahua Chen
type      : RFC compliant proxy
strength  : 2048 bits
path      : /afs/cern.ch/user/j/jiahua/proxy/x509up_u139833
timeleft  : 199:34:28
key usage : Digital Signature, Key Encipherment
=== VO cms extension information ===
VO        : cms
subject   : /DC=ch/DC=cern/OU=Organic Units/OU=Users/CN=jiahua/CN=851532/CN=Jiahua Chen
issuer    : /DC=ch/DC=cern/OU=computers/CN=cms-auth.cern.ch
attribute : /cms/Role=NULL/Capability=NULL
timeleft  : 191:34:27
uri       : voms-cms-auth.cern.ch:15000
/eos/user/j/jiahua/MC_2022EE_inc/MC_2022EE_vbf/ZZto2L2Nu_powheg_22EE_ext1-v2/d42e7615-0bac-4db6-9846-dda7e43b2e33.root
[2025-11-20 03:14:15.273] [main] [info] Checking input files
[2025-11-20 03:14:20.049] [main] [info] NanoAOD input_file 1: root://cms-xrd-global.cern.ch//store/mc/Run3Summer22EENanoAODv12/ZZto2L2Nu_TuneCP5_13p6TeV_powheg-pythia8/NANOAODSIM/130X_mcRun3_2022_realistic_postEE_v6_ext1-v2/40000/d42e7615-0bac-4db6-9846-dda7e43b2e33.root - 24548 Events
[2025-11-20 03:14:20.050] [main] [info] input_file 1: root://cms-xrd-global.cern.ch//store/mc/Run3Summer22EENanoAODv12/ZZto2L2Nu_TuneCP5_13p6TeV_powheg-pythia8/NANOAODSIM/130X_mcRun3_2022_realistic_postEE_v6_ext1-v2/40000/d42e7615-0bac-4db6-9846-dda7e43b2e33.root - SumOfGenWeight: 25290.043200000007 
[2025-11-20 03:14:20.050] [main] [info] Output directory: /eos/user/j/jiahua/MC_2022EE_inc/MC_2022EE_vbf/ZZto2L2Nu_powheg_22EE_ext1-v2/d42e7615-0bac-4db6-9846-dda7e43b2e33.root
[2025-11-20 03:14:20.050] [main] [info] Starting Setup of Dataframe with 24548 events
[2025-11-20 03:15:36.544] [main] [info] Finished Setup
[2025-11-20 03:15:36.544] [main] [info] Runtime for setup (real time: 76.49, CPU time: 71.68)
[2025-11-20 03:15:36.544] [main] [info] Starting Evaluation
[2025-11-20 03:17:15.346] [main] [info] 10000 / 24548 (40.74 %) Events processed ...
[2025-11-20 03:17:22.328] [main] [info] 20000 / 24548 (81.47 %) Events processed ...
[2025-11-20 03:17:26.944] [main] [info] vbfhmm:
GoodJetsCollection: pass=15979      all=24548      -- eff=65.09 % cumulative eff=65.09 %
Flag_goodVertices: pass=15979      all=15979      -- eff=100.00 % cumulative eff=65.09 %
Flag_globalSuperTightHalo2016Filter: pass=15978      all=15979      -- eff=99.99 % cumulative eff=65.09 %
Flag_EcalDeadCellTriggerPrimitiveFilter: pass=15977      all=15978      -- eff=99.99 % cumulative eff=65.08 %
Flag_BadPFMuonFilter: pass=15976      all=15977      -- eff=99.99 % cumulative eff=65.08 %
Flag_BadPFMuonDzFilter: pass=15976      all=15976      -- eff=100.00 % cumulative eff=65.08 %
Flag_eeBadScFilter: pass=15976      all=15976      -- eff=100.00 % cumulative eff=65.08 %
Flag_ecalBadCalibFilter: pass=15973      all=15976      -- eff=99.98 % cumulative eff=65.07 %
Flag_hfNoisyHitsFilter: pass=15972      all=15973      -- eff=99.99 % cumulative eff=65.06 %
Number of muons 2: pass=1056       all=15972      -- eff=6.61 % cumulative eff=4.30 %
Veto VH <= 0 electrons: pass=1055       all=1056       -- eff=99.91 % cumulative eff=4.30 %
DiMuon From Higgs: pass=974        all=1055       -- eff=92.32 % cumulative eff=3.97 %
LeptonChargeSum: pass=974        all=974        -- eff=100.00 % cumulative eff=3.97 %
Hmass>=110: pass=44         all=974        -- eff=4.52 % cumulative eff=0.18 %
[2025-11-20 03:17:27.498] [main] [info] Writing quantities map to /eos/user/j/jiahua/MC_2022EE_inc/MC_2022EE_vbf/ZZto2L2Nu_powheg_22EE_ext1-v2/d42e7615-0bac-4db6-9846-dda7e43b2e33_vbfhmm.root
[2025-11-20 03:17:28.907] [main] [info] Finished Evaluation
[2025-11-20 03:17:28.907] [main] [info] Overall runtime (real time: 188.86, CPU time: 102.79)
