000 (13047737.325.000) 11/20 09:15:41 Job submitted from host: <188.185.121.235:9618?addrs=188.185.121.235-9618+[2001-1458-d00-49--100-36e]-9618&alias=bigbird22.cern.ch&noUDP&sock=schedd_232129_c3ca>
...
040 (13047737.325.000) 11/20 09:36:00 Started transferring input files
	Transferring to host: <188.185.210.105:9618?addrs=188.185.210.105-9618+[2001-1458-303-1--100-65]-9618&alias=b9p21p1603.cern.ch&noUDP&sock=slot1_30_3811_f1b4_62508>
...
040 (13047737.325.000) 11/20 09:36:00 Finished transferring input files
...
001 (13047737.325.000) 11/20 09:36:01 Job executing on host: <188.185.210.105:9618?addrs=188.185.210.105-9618+[2001-1458-303-1--100-65]-9618&alias=b9p21p1603.cern.ch&noUDP&sock=startd_3095_7db5>
	SlotName: slot1_30@b9p21p1603.cern.ch
	CondorScratchDir = "/pool/condor/dir_4124131"
	Cpus = 1
	Disk = 16061
	GPUs = 0
	Memory = 3000
...
006 (13047737.325.000) 11/20 09:36:15 Image size of job updated: 103396
	101  -  MemoryUsage of job (MB)
	103396  -  ResidentSetSize of job (KB)
...
006 (13047737.325.000) 11/20 09:37:37 Image size of job updated: 686520
	101  -  MemoryUsage of job (MB)
	103396  -  ResidentSetSize of job (KB)
...
040 (13047737.325.000) 11/20 09:37:37 Started transferring output files
...
040 (13047737.325.000) 11/20 09:37:37 Finished transferring output files
...
005 (13047737.325.000) 11/20 09:37:37 Job terminated.
	(1) Normal termination (return value 134)
		Usr 0 00:01:18, Sys 0 00:00:02  -  Run Remote Usage
		Usr 0 00:00:00, Sys 0 00:00:00  -  Run Local Usage
		Usr 0 00:01:18, Sys 0 00:00:02  -  Total Remote Usage
		Usr 0 00:00:00, Sys 0 00:00:00  -  Total Local Usage
	8487  -  Run Bytes Sent By Job
	11510364  -  Run Bytes Received By Job
	8487  -  Total Bytes Sent By Job
	11510364  -  Total Bytes Received By Job
	Partitionable Resources :    Usage  Request Allocated 
	   Cpus                 :        0        1         1 
	   Disk (KB)            :    11273    12500     16061 
	   GPUs                 :                           0 
	   Memory (MB)          :      101     3000      3000 
	   TimeExecute (s)      :       96                    
	   TimeSlotBusy (s)     :       97                    

	Job terminated of its own accord at 2025-11-20T08:37:37Z with exit-code 134.
...
