000 (13047292.192.000) 11/20 02:51:11 Job submitted from host: <188.185.121.235:9618?addrs=188.185.121.235-9618+[2001-1458-d00-49--100-36e]-9618&alias=bigbird22.cern.ch&noUDP&sock=schedd_232129_c3ca>
...
040 (13047292.192.000) 11/20 03:18:47 Started transferring input files
	Transferring to host: <188.185.212.147:9618?addrs=188.185.212.147-9618+[2001-1458-303-19--100-f]-9618&alias=b9p26p9843.cern.ch&noUDP&sock=slot1_14_3107_e997_63674>
...
040 (13047292.192.000) 11/20 03:18:47 Finished transferring input files
...
001 (13047292.192.000) 11/20 03:18:48 Job executing on host: <188.185.212.147:9618?addrs=188.185.212.147-9618+[2001-1458-303-19--100-f]-9618&alias=b9p26p9843.cern.ch&noUDP&sock=startd_2670_f9f5>
	SlotName: slot1_14@b9p26p9843.cern.ch
	CondorScratchDir = "/pool/condor/dir_3239435"
	Cpus = 1
	Disk = 16124
	GPUs = 0
	Memory = 3000
...
006 (13047292.192.000) 11/20 03:19:01 Image size of job updated: 154024
	151  -  MemoryUsage of job (MB)
	154024  -  ResidentSetSize of job (KB)
...
006 (13047292.192.000) 11/20 03:24:01 Image size of job updated: 702844
	687  -  MemoryUsage of job (MB)
	702844  -  ResidentSetSize of job (KB)
...
006 (13047292.192.000) 11/20 03:24:04 Image size of job updated: 704296
	687  -  MemoryUsage of job (MB)
	702844  -  ResidentSetSize of job (KB)
...
040 (13047292.192.000) 11/20 03:24:04 Started transferring output files
...
040 (13047292.192.000) 11/20 03:24:04 Finished transferring output files
...
005 (13047292.192.000) 11/20 03:24:04 Job terminated.
	(1) Normal termination (return value 0)
		Usr 0 00:04:51, Sys 0 00:00:03  -  Run Remote Usage
		Usr 0 00:00:00, Sys 0 00:00:00  -  Run Local Usage
		Usr 0 00:04:51, Sys 0 00:00:03  -  Total Remote Usage
		Usr 0 00:00:00, Sys 0 00:00:00  -  Total Local Usage
	11664  -  Run Bytes Sent By Job
	11506596  -  Run Bytes Received By Job
	11664  -  Total Bytes Sent By Job
	11506596  -  Total Bytes Received By Job
	Partitionable Resources :    Usage  Request Allocated 
	   Cpus                 :        0        1         1 
	   Disk (KB)            :    11273    12500     16124 
	   GPUs                 :                           0 
	   Memory (MB)          :      687     3000      3000 
	   TimeExecute (s)      :      316                    
	   TimeSlotBusy (s)     :      317                    

	Job terminated of its own accord at 2025-11-20T02:24:04Z with exit-code 0.
...
