Starting job on \n
Running on: Linux b9p22p7714.cern.ch 5.14.0-570.44.1.el9_6.x86_64 #1 SMP PREEMPT_DYNAMIC Tue Sep 9 05:17:30 EDT 2025 x86_64 x86_64 x86_64 GNU/Linux\n
System software: Red Hat Enterprise Linux release 9.7 (Plow)\n
Setting up CROWN for RedHatEnterprise Version 9.7
subject   : /DC=ch/DC=cern/OU=Organic Units/OU=Users/CN=jiahua/CN=851532/CN=Jiahua Chen/CN=2045128514
issuer    : /DC=ch/DC=cern/OU=Organic Units/OU=Users/CN=jiahua/CN=851532/CN=Jiahua Chen
identity  : /DC=ch/DC=cern/OU=Organic Units/OU=Users/CN=jiahua/CN=851532/CN=Jiahua Chen
type      : RFC compliant proxy
strength  : 2048 bits
path      : /afs/cern.ch/user/j/jiahua/proxy/x509up_u139833
timeleft  : 168:26:58
key usage : Digital Signature, Key Encipherment
=== VO cms extension information ===
VO        : cms
subject   : /DC=ch/DC=cern/OU=Organic Units/OU=Users/CN=jiahua/CN=851532/CN=Jiahua Chen
issuer    : /DC=ch/DC=cern/OU=computers/CN=cms-auth.cern.ch
attribute : /cms/Role=NULL/Capability=NULL
timeleft  : 160:26:57
uri       : voms-cms-auth.cern.ch:15000
subject   : /DC=ch/DC=cern/OU=Organic Units/OU=Users/CN=jiahua/CN=851532/CN=Jiahua Chen/CN=2045128514
issuer    : /DC=ch/DC=cern/OU=Organic Units/OU=Users/CN=jiahua/CN=851532/CN=Jiahua Chen
identity  : /DC=ch/DC=cern/OU=Organic Units/OU=Users/CN=jiahua/CN=851532/CN=Jiahua Chen
type      : RFC compliant proxy
strength  : 2048 bits
path      : /afs/cern.ch/user/j/jiahua/proxy/x509up_u139833
timeleft  : 168:26:58
key usage : Digital Signature, Key Encipherment
=== VO cms extension information ===
VO        : cms
subject   : /DC=ch/DC=cern/OU=Organic Units/OU=Users/CN=jiahua/CN=851532/CN=Jiahua Chen
issuer    : /DC=ch/DC=cern/OU=computers/CN=cms-auth.cern.ch
attribute : /cms/Role=NULL/Capability=NULL
timeleft  : 160:26:57
uri       : voms-cms-auth.cern.ch:15000
/eos/user/j/jiahua/MC_2022EE_inc/MC_2022EE_vbf/ZZto4L_powheg_22EE_ext1-v2/fa34bbef-1c81-4890-8c1e-232b6adbdb6a.root
[2025-11-21 10:21:45.684] [main] [info] Checking input files
[2025-11-21 10:21:50.435] [main] [info] NanoAOD input_file 1: root://cms-xrd-global.cern.ch//store/mc/Run3Summer22EENanoAODv12/ZZto4L_TuneCP5_13p6TeV_powheg-pythia8/NANOAODSIM/130X_mcRun3_2022_realistic_postEE_v6_ext1-v2/2540000/fa34bbef-1c81-4890-8c1e-232b6adbdb6a.root - 176400 Events
[2025-11-21 10:21:50.435] [main] [info] input_file 1: root://cms-xrd-global.cern.ch//store/mc/Run3Summer22EENanoAODv12/ZZto4L_TuneCP5_13p6TeV_powheg-pythia8/NANOAODSIM/130X_mcRun3_2022_realistic_postEE_v6_ext1-v2/2540000/fa34bbef-1c81-4890-8c1e-232b6adbdb6a.root - SumOfGenWeight: 245158.0645800004 
[2025-11-21 10:21:50.435] [main] [info] Output directory: /eos/user/j/jiahua/MC_2022EE_inc/MC_2022EE_vbf/ZZto4L_powheg_22EE_ext1-v2/fa34bbef-1c81-4890-8c1e-232b6adbdb6a.root
[2025-11-21 10:21:50.436] [main] [info] Starting Setup of Dataframe with 176400 events
[2025-11-21 10:23:17.882] [main] [info] Finished Setup
[2025-11-21 10:23:17.882] [main] [info] Runtime for setup (real time: 87.45, CPU time: 83.02)
[2025-11-21 10:23:17.882] [main] [info] Starting Evaluation
[2025-11-21 10:23:50.468] [main] [info] 10000 / 176400 (5.67 %) Events processed ...
[2025-11-21 10:24:03.395] [main] [info] 20000 / 176400 (11.34 %) Events processed ...
[2025-11-21 10:24:16.547] [main] [info] 30000 / 176400 (17.01 %) Events processed ...
[2025-11-21 10:24:31.596] [main] [info] 40000 / 176400 (22.68 %) Events processed ...
[2025-11-21 10:24:44.672] [main] [info] 50000 / 176400 (28.34 %) Events processed ...
[2025-11-21 10:24:58.578] [main] [info] 60000 / 176400 (34.01 %) Events processed ...
[2025-11-21 10:25:11.831] [main] [info] 70000 / 176400 (39.68 %) Events processed ...
[2025-11-21 10:25:26.439] [main] [info] 80000 / 176400 (45.35 %) Events processed ...
[2025-11-21 10:25:39.393] [main] [info] 90000 / 176400 (51.02 %) Events processed ...
[2025-11-21 10:25:53.113] [main] [info] 100000 / 176400 (56.69 %) Events processed ...
[2025-11-21 10:26:06.928] [main] [info] 110000 / 176400 (62.36 %) Events processed ...
[2025-11-21 10:26:21.519] [main] [info] 120000 / 176400 (68.03 %) Events processed ...
[2025-11-21 10:26:35.028] [main] [info] 130000 / 176400 (73.70 %) Events processed ...
[2025-11-21 10:26:49.082] [main] [info] 140000 / 176400 (79.37 %) Events processed ...
[2025-11-21 10:27:02.270] [main] [info] 150000 / 176400 (85.03 %) Events processed ...
[2025-11-21 10:27:16.779] [main] [info] 160000 / 176400 (90.70 %) Events processed ...
[2025-11-21 10:27:29.711] [main] [info] 170000 / 176400 (96.37 %) Events processed ...
[2025-11-21 10:27:38.542] [main] [info] vbfhmm:
GoodJetsCollection: pass=109547     all=176400     -- eff=62.10 % cumulative eff=62.10 %
Flag_goodVertices: pass=109547     all=109547     -- eff=100.00 % cumulative eff=62.10 %
Flag_globalSuperTightHalo2016Filter: pass=109538     all=109547     -- eff=99.99 % cumulative eff=62.10 %
Flag_EcalDeadCellTriggerPrimitiveFilter: pass=109530     all=109538     -- eff=99.99 % cumulative eff=62.09 %
Flag_BadPFMuonFilter: pass=109525     all=109530     -- eff=100.00 % cumulative eff=62.09 %
Flag_BadPFMuonDzFilter: pass=109524     all=109525     -- eff=100.00 % cumulative eff=62.09 %
Flag_eeBadScFilter: pass=109524     all=109524     -- eff=100.00 % cumulative eff=62.09 %
Flag_ecalBadCalibFilter: pass=109515     all=109524     -- eff=99.99 % cumulative eff=62.08 %
Flag_hfNoisyHitsFilter: pass=109504     all=109515     -- eff=99.99 % cumulative eff=62.08 %
Number of muons 2: pass=9523       all=109504     -- eff=8.70 % cumulative eff=5.40 %
Veto VH <= 0 electrons: pass=7065       all=9523       -- eff=74.19 % cumulative eff=4.01 %
DiMuon From Higgs: pass=5274       all=7065       -- eff=74.65 % cumulative eff=2.99 %
LeptonChargeSum: pass=4576       all=5274       -- eff=86.77 % cumulative eff=2.59 %
Hmass>=110: pass=347        all=4576       -- eff=7.58 % cumulative eff=0.20 %
[2025-11-21 10:27:38.698] [main] [info] Writing quantities map to /eos/user/j/jiahua/MC_2022EE_inc/MC_2022EE_vbf/ZZto4L_powheg_22EE_ext1-v2/fa34bbef-1c81-4890-8c1e-232b6adbdb6a_vbfhmm.root
[2025-11-21 10:27:38.765] [main] [info] Finished Evaluation
[2025-11-21 10:27:38.766] [main] [info] Overall runtime (real time: 348.33, CPU time: 332.63)
