Starting job on \n
Running on: Linux b9p19p5754.cern.ch 5.14.0-570.44.1.el9_6.x86_64 #1 SMP PREEMPT_DYNAMIC Tue Sep 9 05:17:30 EDT 2025 x86_64 x86_64 x86_64 GNU/Linux\n
System software: Red Hat Enterprise Linux release 9.7 (Plow)\n
Setting up CROWN for RedHatEnterprise Version 9.7
subject   : /DC=ch/DC=cern/OU=Organic Units/OU=Users/CN=jiahua/CN=851532/CN=Jiahua Chen/CN=2045128514
issuer    : /DC=ch/DC=cern/OU=Organic Units/OU=Users/CN=jiahua/CN=851532/CN=Jiahua Chen
identity  : /DC=ch/DC=cern/OU=Organic Units/OU=Users/CN=jiahua/CN=851532/CN=Jiahua Chen
type      : RFC compliant proxy
strength  : 2048 bits
path      : /afs/cern.ch/user/j/jiahua/proxy/x509up_u139833
timeleft  : 199:32:31
key usage : Digital Signature, Key Encipherment
=== VO cms extension information ===
VO        : cms
subject   : /DC=ch/DC=cern/OU=Organic Units/OU=Users/CN=jiahua/CN=851532/CN=Jiahua Chen
issuer    : /DC=ch/DC=cern/OU=computers/CN=cms-auth.cern.ch
attribute : /cms/Role=NULL/Capability=NULL
timeleft  : 191:32:30
uri       : voms-cms-auth.cern.ch:15000
subject   : /DC=ch/DC=cern/OU=Organic Units/OU=Users/CN=jiahua/CN=851532/CN=Jiahua Chen/CN=2045128514
issuer    : /DC=ch/DC=cern/OU=Organic Units/OU=Users/CN=jiahua/CN=851532/CN=Jiahua Chen
identity  : /DC=ch/DC=cern/OU=Organic Units/OU=Users/CN=jiahua/CN=851532/CN=Jiahua Chen
type      : RFC compliant proxy
strength  : 2048 bits
path      : /afs/cern.ch/user/j/jiahua/proxy/x509up_u139833
timeleft  : 199:32:31
key usage : Digital Signature, Key Encipherment
=== VO cms extension information ===
VO        : cms
subject   : /DC=ch/DC=cern/OU=Organic Units/OU=Users/CN=jiahua/CN=851532/CN=Jiahua Chen
issuer    : /DC=ch/DC=cern/OU=computers/CN=cms-auth.cern.ch
attribute : /cms/Role=NULL/Capability=NULL
timeleft  : 191:32:30
uri       : voms-cms-auth.cern.ch:15000
/eos/user/j/jiahua/MC_2022EE_inc/MC_2022EE_vbf/ZZto4L_powheg_22EE_ext1-v2/f4af0ce0-569a-4c8f-ac0e-c4cf155b90d6.root
[2025-11-20 03:16:12.786] [main] [info] Checking input files
[2025-11-20 03:16:19.272] [main] [info] NanoAOD input_file 1: root://cms-xrd-global.cern.ch//store/mc/Run3Summer22EENanoAODv12/ZZto4L_TuneCP5_13p6TeV_powheg-pythia8/NANOAODSIM/130X_mcRun3_2022_realistic_postEE_v6_ext1-v2/40000/f4af0ce0-569a-4c8f-ac0e-c4cf155b90d6.root - 77175 Events
[2025-11-20 03:16:19.272] [main] [info] input_file 1: root://cms-xrd-global.cern.ch//store/mc/Run3Summer22EENanoAODv12/ZZto4L_TuneCP5_13p6TeV_powheg-pythia8/NANOAODSIM/130X_mcRun3_2022_realistic_postEE_v6_ext1-v2/40000/f4af0ce0-569a-4c8f-ac0e-c4cf155b90d6.root - SumOfGenWeight: 107359.74733000004 
[2025-11-20 03:16:19.272] [main] [info] Output directory: /eos/user/j/jiahua/MC_2022EE_inc/MC_2022EE_vbf/ZZto4L_powheg_22EE_ext1-v2/f4af0ce0-569a-4c8f-ac0e-c4cf155b90d6.root
[2025-11-20 03:16:19.273] [main] [info] Starting Setup of Dataframe with 77175 events
[2025-11-20 03:18:34.440] [main] [info] Finished Setup
[2025-11-20 03:18:34.440] [main] [info] Runtime for setup (real time: 135.17, CPU time: 129.97)
[2025-11-20 03:18:34.440] [main] [info] Starting Evaluation
[2025-11-20 03:19:17.042] [main] [info] 10000 / 77175 (12.96 %) Events processed ...
[2025-11-20 03:19:34.612] [main] [info] 20000 / 77175 (25.92 %) Events processed ...
[2025-11-20 03:19:52.479] [main] [info] 30000 / 77175 (38.87 %) Events processed ...
[2025-11-20 03:20:12.194] [main] [info] 40000 / 77175 (51.83 %) Events processed ...
[2025-11-20 03:20:28.281] [main] [info] 50000 / 77175 (64.79 %) Events processed ...
[2025-11-20 03:20:45.189] [main] [info] 60000 / 77175 (77.75 %) Events processed ...
[2025-11-20 03:21:00.864] [main] [info] 70000 / 77175 (90.70 %) Events processed ...
[2025-11-20 03:21:12.862] [main] [info] vbfhmm:
GoodJetsCollection: pass=47779      all=77175      -- eff=61.91 % cumulative eff=61.91 %
Flag_goodVertices: pass=47779      all=47779      -- eff=100.00 % cumulative eff=61.91 %
Flag_globalSuperTightHalo2016Filter: pass=47776      all=47779      -- eff=99.99 % cumulative eff=61.91 %
Flag_EcalDeadCellTriggerPrimitiveFilter: pass=47775      all=47776      -- eff=100.00 % cumulative eff=61.90 %
Flag_BadPFMuonFilter: pass=47771      all=47775      -- eff=99.99 % cumulative eff=61.90 %
Flag_BadPFMuonDzFilter: pass=47771      all=47771      -- eff=100.00 % cumulative eff=61.90 %
Flag_eeBadScFilter: pass=47771      all=47771      -- eff=100.00 % cumulative eff=61.90 %
Flag_ecalBadCalibFilter: pass=47763      all=47771      -- eff=99.98 % cumulative eff=61.89 %
Flag_hfNoisyHitsFilter: pass=47759      all=47763      -- eff=99.99 % cumulative eff=61.88 %
Number of muons 2: pass=4104       all=47759      -- eff=8.59 % cumulative eff=5.32 %
Veto VH <= 0 electrons: pass=2985       all=4104       -- eff=72.73 % cumulative eff=3.87 %
DiMuon From Higgs: pass=2219       all=2985       -- eff=74.34 % cumulative eff=2.88 %
LeptonChargeSum: pass=1934       all=2219       -- eff=87.16 % cumulative eff=2.51 %
Hmass>=110: pass=129        all=1934       -- eff=6.67 % cumulative eff=0.17 %
[2025-11-20 03:21:13.000] [main] [info] Writing quantities map to /eos/user/j/jiahua/MC_2022EE_inc/MC_2022EE_vbf/ZZto4L_powheg_22EE_ext1-v2/f4af0ce0-569a-4c8f-ac0e-c4cf155b90d6_vbfhmm.root
[2025-11-20 03:21:13.186] [main] [info] Finished Evaluation
[2025-11-20 03:21:13.186] [main] [info] Overall runtime (real time: 293.91, CPU time: 282.85)
