000 (13047737.302.000) 11/20 09:15:41 Job submitted from host: <188.185.121.235:9618?addrs=188.185.121.235-9618+[2001-1458-d00-49--100-36e]-9618&alias=bigbird22.cern.ch&noUDP&sock=schedd_232129_c3ca>
...
040 (13047737.302.000) 11/20 09:35:53 Started transferring input files
	Transferring to host: <188.185.207.142:9618?addrs=188.185.207.142-9618+[2001-1458-303-e--100-b]-9618&alias=b9p08p2129.cern.ch&noUDP&sock=slot1_30_10914_a675_52960>
...
040 (13047737.302.000) 11/20 09:35:53 Finished transferring input files
...
001 (13047737.302.000) 11/20 09:35:54 Job executing on host: <188.185.207.142:9618?addrs=188.185.207.142-9618+[2001-1458-303-e--100-b]-9618&alias=b9p08p2129.cern.ch&noUDP&sock=startd_10438_2da3>
	SlotName: slot1_30@b9p08p2129.cern.ch
	CondorScratchDir = "/pool/condor/dir_2667627"
	Cpus = 1
	Disk = 15931
	GPUs = 0
	Memory = 3000
...
006 (13047737.302.000) 11/20 09:36:07 Image size of job updated: 103156
	101  -  MemoryUsage of job (MB)
	103156  -  ResidentSetSize of job (KB)
...
006 (13047737.302.000) 11/20 09:37:32 Image size of job updated: 679660
	101  -  MemoryUsage of job (MB)
	103156  -  ResidentSetSize of job (KB)
...
040 (13047737.302.000) 11/20 09:37:32 Started transferring output files
...
040 (13047737.302.000) 11/20 09:37:32 Finished transferring output files
...
005 (13047737.302.000) 11/20 09:37:32 Job terminated.
	(1) Normal termination (return value 134)
		Usr 0 00:01:18, Sys 0 00:00:03  -  Run Remote Usage
		Usr 0 00:00:00, Sys 0 00:00:00  -  Run Local Usage
		Usr 0 00:01:18, Sys 0 00:00:03  -  Total Remote Usage
		Usr 0 00:00:00, Sys 0 00:00:00  -  Total Local Usage
	8488  -  Run Bytes Sent By Job
	11510364  -  Run Bytes Received By Job
	8488  -  Total Bytes Sent By Job
	11510364  -  Total Bytes Received By Job
	Partitionable Resources :    Usage  Request Allocated 
	   Cpus                 :        0        1         1 
	   Disk (KB)            :    11276    12500     15931 
	   GPUs                 :                           0 
	   Memory (MB)          :      101     3000      3000 
	   TimeExecute (s)      :       98                    
	   TimeSlotBusy (s)     :       99                    

	Job terminated of its own accord at 2025-11-20T08:37:32Z with exit-code 134.
...
