000 (13047739.375.000) 11/20 09:15:48 Job submitted from host: <188.185.121.235:9618?addrs=188.185.121.235-9618+[2001-1458-d00-49--100-36e]-9618&alias=bigbird22.cern.ch&noUDP&sock=schedd_232129_c3ca>
...
040 (13047739.375.000) 11/20 09:41:35 Started transferring input files
	Transferring to host: <188.185.193.14:9618?addrs=188.185.193.14-9618+[2001-1458-303-20--100-a]-9618&alias=b9p19p9524.cern.ch&noUDP&sock=slot1_11_5790_5425_54478>
...
040 (13047739.375.000) 11/20 09:41:35 Finished transferring input files
...
001 (13047739.375.000) 11/20 09:41:36 Job executing on host: <188.185.193.14:9618?addrs=188.185.193.14-9618+[2001-1458-303-20--100-a]-9618&alias=b9p19p9524.cern.ch&noUDP&sock=startd_4598_6c8d>
	SlotName: slot1_11@b9p19p9524.cern.ch
	CondorScratchDir = "/pool/condor/dir_3708101"
	Cpus = 1
	Disk = 16074
	GPUs = 0
	Memory = 3000
...
006 (13047739.375.000) 11/20 09:41:49 Image size of job updated: 125652
	123  -  MemoryUsage of job (MB)
	125652  -  ResidentSetSize of job (KB)
...
006 (13047739.375.000) 11/20 09:43:43 Image size of job updated: 676960
	124  -  MemoryUsage of job (MB)
	126448  -  ResidentSetSize of job (KB)
...
040 (13047739.375.000) 11/20 09:43:43 Started transferring output files
...
040 (13047739.375.000) 11/20 09:43:44 Finished transferring output files
...
005 (13047739.375.000) 11/20 09:43:44 Job terminated.
	(1) Normal termination (return value 134)
		Usr 0 00:01:54, Sys 0 00:00:02  -  Run Remote Usage
		Usr 0 00:00:00, Sys 0 00:00:00  -  Run Local Usage
		Usr 0 00:01:54, Sys 0 00:00:02  -  Total Remote Usage
		Usr 0 00:00:00, Sys 0 00:00:00  -  Total Local Usage
	8484  -  Run Bytes Sent By Job
	11510364  -  Run Bytes Received By Job
	8484  -  Total Bytes Sent By Job
	11510364  -  Total Bytes Received By Job
	Partitionable Resources :    Usage  Request Allocated 
	   Cpus                 :        0        1         1 
	   Disk (KB)            :    11273    12500     16074 
	   GPUs                 :                           0 
	   Memory (MB)          :      124     3000      3000 
	   TimeExecute (s)      :      127                    
	   TimeSlotBusy (s)     :      129                    

	Job terminated of its own accord at 2025-11-20T08:43:43Z with exit-code 134.
...
