000 (13047739.441.000) 11/20 09:15:48 Job submitted from host: <188.185.121.235:9618?addrs=188.185.121.235-9618+[2001-1458-d00-49--100-36e]-9618&alias=bigbird22.cern.ch&noUDP&sock=schedd_232129_c3ca>
...
040 (13047739.441.000) 11/20 09:41:57 Started transferring input files
	Transferring to host: <188.185.194.179:9618?addrs=188.185.194.179-9618+[2001-1458-303-21--100-af]-9618&alias=b9p20p5315.cern.ch&noUDP&sock=slot1_8_4702_bbf8_59089>
...
040 (13047739.441.000) 11/20 09:41:57 Finished transferring input files
...
001 (13047739.441.000) 11/20 09:41:58 Job executing on host: <188.185.194.179:9618?addrs=188.185.194.179-9618+[2001-1458-303-21--100-af]-9618&alias=b9p20p5315.cern.ch&noUDP&sock=startd_3657_f9ee>
	SlotName: slot1_8@b9p20p5315.cern.ch
	CondorScratchDir = "/pool/condor/dir_3125152"
	Cpus = 1
	Disk = 16092
	GPUs = 0
	Memory = 3000
...
006 (13047739.441.000) 11/20 09:42:11 Image size of job updated: 95788
	94  -  MemoryUsage of job (MB)
	95788  -  ResidentSetSize of job (KB)
...
006 (13047739.441.000) 11/20 09:45:18 Image size of job updated: 692752
	94  -  MemoryUsage of job (MB)
	95788  -  ResidentSetSize of job (KB)
...
040 (13047739.441.000) 11/20 09:45:18 Started transferring output files
...
040 (13047739.441.000) 11/20 09:45:18 Finished transferring output files
...
005 (13047739.441.000) 11/20 09:45:18 Job terminated.
	(1) Normal termination (return value 0)
		Usr 0 00:03:04, Sys 0 00:00:02  -  Run Remote Usage
		Usr 0 00:00:00, Sys 0 00:00:00  -  Run Local Usage
		Usr 0 00:03:04, Sys 0 00:00:02  -  Total Remote Usage
		Usr 0 00:00:00, Sys 0 00:00:00  -  Total Local Usage
	9842  -  Run Bytes Sent By Job
	11510364  -  Run Bytes Received By Job
	9842  -  Total Bytes Sent By Job
	11510364  -  Total Bytes Received By Job
	Partitionable Resources :    Usage  Request Allocated 
	   Cpus                 :        0        1         1 
	   Disk (KB)            :    11275    12500     16092 
	   GPUs                 :                           0 
	   Memory (MB)          :       94     3000      3000 
	   TimeExecute (s)      :      200                    
	   TimeSlotBusy (s)     :      201                    

	Job terminated of its own accord at 2025-11-20T08:45:18Z with exit-code 0.
...
