000 (13087774.209.000) 11/21 10:07:41 Job submitted from host: <188.185.121.235:9618?addrs=188.185.121.235-9618+[2001-1458-d00-49--100-36e]-9618&alias=bigbird22.cern.ch&noUDP&sock=schedd_232129_c3ca>
...
040 (13087774.209.000) 11/21 10:19:17 Started transferring input files
	Transferring to host: <188.185.214.232:9618?addrs=188.185.214.232-9618+[2001-1458-303-1d--100-64]-9618&alias=b9p30p5725.cern.ch&noUDP&sock=slot1_44_5606_af1d_63238>
...
040 (13087774.209.000) 11/21 10:19:17 Finished transferring input files
...
001 (13087774.209.000) 11/21 10:19:18 Job executing on host: <188.185.214.232:9618?addrs=188.185.214.232-9618+[2001-1458-303-1d--100-64]-9618&alias=b9p30p5725.cern.ch&noUDP&sock=startd_4621_333a>
	SlotName: slot1_44@b9p30p5725.cern.ch
	CondorScratchDir = "/pool/condor/dir_2340602"
	Cpus = 1
	Disk = 16074
	GPUs = 0
	Memory = 3000
...
006 (13087774.209.000) 11/21 10:19:33 Image size of job updated: 154880
	152  -  MemoryUsage of job (MB)
	154880  -  ResidentSetSize of job (KB)
...
006 (13087774.209.000) 11/21 10:24:33 Image size of job updated: 701772
	686  -  MemoryUsage of job (MB)
	701772  -  ResidentSetSize of job (KB)
...
006 (13087774.209.000) 11/21 10:25:40 Image size of job updated: 701852
	686  -  MemoryUsage of job (MB)
	701772  -  ResidentSetSize of job (KB)
...
040 (13087774.209.000) 11/21 10:25:43 Started transferring output files
...
040 (13087774.209.000) 11/21 10:25:43 Finished transferring output files
...
005 (13087774.209.000) 11/21 10:25:49 Job terminated.
	(1) Normal termination (return value 0)
		Usr 0 00:05:53, Sys 0 00:00:04  -  Run Remote Usage
		Usr 0 00:00:00, Sys 0 00:00:00  -  Run Local Usage
		Usr 0 00:05:53, Sys 0 00:00:04  -  Total Remote Usage
		Usr 0 00:00:00, Sys 0 00:00:00  -  Total Local Usage
	11399  -  Run Bytes Sent By Job
	11510364  -  Run Bytes Received By Job
	11399  -  Total Bytes Sent By Job
	11510364  -  Total Bytes Received By Job
	Partitionable Resources :    Usage  Request Allocated 
	   Cpus                 :     0.95        1         1 
	   Disk (KB)            : 11275       12500     16074 
	   GPUs                 :                           0 
	   Memory (MB)          :   686        3000      3000 
	   TimeExecute (s)      :   382                       
	   TimeSlotBusy (s)     :   386                       

	Job terminated of its own accord at 2025-11-21T09:25:40Z with exit-code 0.
...
