000 (13087774.293.000) 11/21 10:07:43 Job submitted from host: <188.185.121.235:9618?addrs=188.185.121.235-9618+[2001-1458-d00-49--100-36e]-9618&alias=bigbird22.cern.ch&noUDP&sock=schedd_232129_c3ca>
...
040 (13087774.293.000) 11/21 10:19:50 Started transferring input files
	Transferring to host: <188.185.213.146:9618?addrs=188.185.213.146-9618+[2001-1458-303-1b--100-e]-9618&alias=b9p28p9929.cern.ch&noUDP&sock=slot1_40_6160_06f4_63775>
...
040 (13087774.293.000) 11/21 10:19:50 Finished transferring input files
...
001 (13087774.293.000) 11/21 10:19:51 Job executing on host: <188.185.213.146:9618?addrs=188.185.213.146-9618+[2001-1458-303-1b--100-e]-9618&alias=b9p28p9929.cern.ch&noUDP&sock=startd_5491_f2a0>
	SlotName: slot1_40@b9p28p9929.cern.ch
	CondorScratchDir = "/pool/condor/dir_3310909"
	Cpus = 1
	Disk = 16036
	GPUs = 0
	Memory = 3000
...
006 (13087774.293.000) 11/21 10:20:05 Image size of job updated: 153608
	151  -  MemoryUsage of job (MB)
	153608  -  ResidentSetSize of job (KB)
...
006 (13087774.293.000) 11/21 10:22:41 Image size of job updated: 694128
	151  -  MemoryUsage of job (MB)
	153608  -  ResidentSetSize of job (KB)
...
040 (13087774.293.000) 11/21 10:22:41 Started transferring output files
...
040 (13087774.293.000) 11/21 10:22:41 Finished transferring output files
...
005 (13087774.293.000) 11/21 10:22:41 Job terminated.
	(1) Normal termination (return value 0)
		Usr 0 00:02:31, Sys 0 00:00:03  -  Run Remote Usage
		Usr 0 00:00:00, Sys 0 00:00:00  -  Run Local Usage
		Usr 0 00:02:31, Sys 0 00:00:03  -  Total Remote Usage
		Usr 0 00:00:00, Sys 0 00:00:00  -  Total Local Usage
	10017  -  Run Bytes Sent By Job
	11510364  -  Run Bytes Received By Job
	10017  -  Total Bytes Sent By Job
	11510364  -  Total Bytes Received By Job
	Partitionable Resources :    Usage  Request Allocated 
	   Cpus                 :        0        1         1 
	   Disk (KB)            :    11274    12500     16036 
	   GPUs                 :                           0 
	   Memory (MB)          :      151     3000      3000 
	   TimeExecute (s)      :      170                    
	   TimeSlotBusy (s)     :      171                    

	Job terminated of its own accord at 2025-11-21T09:22:41Z with exit-code 0.
...
