Starting job on \n
Running on: Linux b9p30p9649.cern.ch 5.14.0-570.44.1.el9_6.x86_64 #1 SMP PREEMPT_DYNAMIC Tue Sep 9 05:17:30 EDT 2025 x86_64 x86_64 x86_64 GNU/Linux\n
System software: Red Hat Enterprise Linux release 9.7 (Plow)\n
Setting up CROWN for RedHatEnterprise Version 9.7
subject   : /DC=ch/DC=cern/OU=Organic Units/OU=Users/CN=jiahua/CN=851532/CN=Jiahua Chen/CN=2045128514
issuer    : /DC=ch/DC=cern/OU=Organic Units/OU=Users/CN=jiahua/CN=851532/CN=Jiahua Chen
identity  : /DC=ch/DC=cern/OU=Organic Units/OU=Users/CN=jiahua/CN=851532/CN=Jiahua Chen
type      : RFC compliant proxy
strength  : 2048 bits
path      : /afs/cern.ch/user/j/jiahua/proxy/x509up_u139833
timeleft  : 168:31:36
key usage : Digital Signature, Key Encipherment
=== VO cms extension information ===
VO        : cms
subject   : /DC=ch/DC=cern/OU=Organic Units/OU=Users/CN=jiahua/CN=851532/CN=Jiahua Chen
issuer    : /DC=ch/DC=cern/OU=computers/CN=cms-auth.cern.ch
attribute : /cms/Role=NULL/Capability=NULL
timeleft  : 160:31:35
uri       : voms-cms-auth.cern.ch:15000
subject   : /DC=ch/DC=cern/OU=Organic Units/OU=Users/CN=jiahua/CN=851532/CN=Jiahua Chen/CN=2045128514
issuer    : /DC=ch/DC=cern/OU=Organic Units/OU=Users/CN=jiahua/CN=851532/CN=Jiahua Chen
identity  : /DC=ch/DC=cern/OU=Organic Units/OU=Users/CN=jiahua/CN=851532/CN=Jiahua Chen
type      : RFC compliant proxy
strength  : 2048 bits
path      : /afs/cern.ch/user/j/jiahua/proxy/x509up_u139833
timeleft  : 168:31:36
key usage : Digital Signature, Key Encipherment
=== VO cms extension information ===
VO        : cms
subject   : /DC=ch/DC=cern/OU=Organic Units/OU=Users/CN=jiahua/CN=851532/CN=Jiahua Chen
issuer    : /DC=ch/DC=cern/OU=computers/CN=cms-auth.cern.ch
attribute : /cms/Role=NULL/Capability=NULL
timeleft  : 160:31:35
uri       : voms-cms-auth.cern.ch:15000
/eos/user/j/jiahua/MC_2022EE_inc/MC_2022EE_vbf/ZZto2L2Nu_powheg_22EE_ext1-v2/8a273518-b26a-4b45-bd86-434846a80551.root
[2025-11-21 10:17:08.101] [main] [info] Checking input files
[2025-11-21 10:17:17.195] [main] [info] NanoAOD input_file 1: root://cms-xrd-global.cern.ch//store/mc/Run3Summer22EENanoAODv12/ZZto2L2Nu_TuneCP5_13p6TeV_powheg-pythia8/NANOAODSIM/130X_mcRun3_2022_realistic_postEE_v6_ext1-v2/30000/8a273518-b26a-4b45-bd86-434846a80551.root - 111188 Events
[2025-11-21 10:17:17.195] [main] [info] input_file 1: root://cms-xrd-global.cern.ch//store/mc/Run3Summer22EENanoAODv12/ZZto2L2Nu_TuneCP5_13p6TeV_powheg-pythia8/NANOAODSIM/130X_mcRun3_2022_realistic_postEE_v6_ext1-v2/30000/8a273518-b26a-4b45-bd86-434846a80551.root - SumOfGenWeight: 114594.47515999997 
[2025-11-21 10:17:17.195] [main] [info] Output directory: /eos/user/j/jiahua/MC_2022EE_inc/MC_2022EE_vbf/ZZto2L2Nu_powheg_22EE_ext1-v2/8a273518-b26a-4b45-bd86-434846a80551.root
[2025-11-21 10:17:17.196] [main] [info] Starting Setup of Dataframe with 111188 events
[2025-11-21 10:18:38.972] [main] [info] Finished Setup
[2025-11-21 10:18:38.973] [main] [info] Runtime for setup (real time: 81.78, CPU time: 76.08)
[2025-11-21 10:18:38.973] [main] [info] Starting Evaluation
[2025-11-21 10:19:11.314] [main] [info] 10000 / 111188 (8.99 %) Events processed ...
[2025-11-21 10:19:22.823] [main] [info] 20000 / 111188 (17.99 %) Events processed ...
[2025-11-21 10:19:34.589] [main] [info] 30000 / 111188 (26.98 %) Events processed ...
[2025-11-21 10:19:44.185] [main] [info] 40000 / 111188 (35.98 %) Events processed ...
[2025-11-21 10:19:56.867] [main] [info] 50000 / 111188 (44.97 %) Events processed ...
[2025-11-21 10:20:07.883] [main] [info] 60000 / 111188 (53.96 %) Events processed ...
[2025-11-21 10:20:19.387] [main] [info] 70000 / 111188 (62.96 %) Events processed ...
[2025-11-21 10:20:30.389] [main] [info] 80000 / 111188 (71.95 %) Events processed ...
[2025-11-21 10:20:42.128] [main] [info] 90000 / 111188 (80.94 %) Events processed ...
[2025-11-21 10:20:51.722] [main] [info] 100000 / 111188 (89.94 %) Events processed ...
[2025-11-21 10:21:01.478] [main] [info] 110000 / 111188 (98.93 %) Events processed ...
[2025-11-21 10:21:03.121] [main] [info] vbfhmm:
GoodJetsCollection: pass=71746      all=111188     -- eff=64.53 % cumulative eff=64.53 %
Flag_goodVertices: pass=71746      all=71746      -- eff=100.00 % cumulative eff=64.53 %
Flag_globalSuperTightHalo2016Filter: pass=71738      all=71746      -- eff=99.99 % cumulative eff=64.52 %
Flag_EcalDeadCellTriggerPrimitiveFilter: pass=71732      all=71738      -- eff=99.99 % cumulative eff=64.51 %
Flag_BadPFMuonFilter: pass=71727      all=71732      -- eff=99.99 % cumulative eff=64.51 %
Flag_BadPFMuonDzFilter: pass=71727      all=71727      -- eff=100.00 % cumulative eff=64.51 %
Flag_eeBadScFilter: pass=71727      all=71727      -- eff=100.00 % cumulative eff=64.51 %
Flag_ecalBadCalibFilter: pass=71708      all=71727      -- eff=99.97 % cumulative eff=64.49 %
Flag_hfNoisyHitsFilter: pass=71705      all=71708      -- eff=100.00 % cumulative eff=64.49 %
Number of muons 2: pass=4925       all=71705      -- eff=6.87 % cumulative eff=4.43 %
Veto VH <= 0 electrons: pass=4922       all=4925       -- eff=99.94 % cumulative eff=4.43 %
DiMuon From Higgs: pass=4569       all=4922       -- eff=92.83 % cumulative eff=4.11 %
LeptonChargeSum: pass=4569       all=4569       -- eff=100.00 % cumulative eff=4.11 %
Hmass>=110: pass=234        all=4569       -- eff=5.12 % cumulative eff=0.21 %
[2025-11-21 10:21:03.564] [main] [info] Writing quantities map to /eos/user/j/jiahua/MC_2022EE_inc/MC_2022EE_vbf/ZZto2L2Nu_powheg_22EE_ext1-v2/8a273518-b26a-4b45-bd86-434846a80551_vbfhmm.root
[2025-11-21 10:21:03.633] [main] [info] Finished Evaluation
[2025-11-21 10:21:03.633] [main] [info] Overall runtime (real time: 226.44, CPU time: 209.66)
