000 (13047738.098.000) 11/20 09:15:44 Job submitted from host: <188.185.121.235:9618?addrs=188.185.121.235-9618+[2001-1458-d00-49--100-36e]-9618&alias=bigbird22.cern.ch&noUDP&sock=schedd_232129_c3ca>
...
040 (13047738.098.000) 11/20 09:37:44 Started transferring input files
	Transferring to host: <188.185.192.155:9618?addrs=188.185.192.155-9618+[2001-1458-303-1f--100-97]-9618&alias=b9p13p1865.cern.ch&noUDP&sock=slot1_37_7423_ecc7_61345>
...
040 (13047738.098.000) 11/20 09:37:44 Finished transferring input files
...
001 (13047738.098.000) 11/20 09:37:45 Job executing on host: <188.185.192.155:9618?addrs=188.185.192.155-9618+[2001-1458-303-1f--100-97]-9618&alias=b9p13p1865.cern.ch&noUDP&sock=startd_6301_8a56>
	SlotName: slot1_37@b9p13p1865.cern.ch
	CondorScratchDir = "/pool/condor/dir_554991"
	Cpus = 1
	Disk = 16142
	GPUs = 0
	Memory = 3000
...
006 (13047738.098.000) 11/20 09:37:59 Image size of job updated: 95568
	94  -  MemoryUsage of job (MB)
	95568  -  ResidentSetSize of job (KB)
...
006 (13047738.098.000) 11/20 09:40:42 Image size of job updated: 681620
	94  -  MemoryUsage of job (MB)
	95568  -  ResidentSetSize of job (KB)
...
040 (13047738.098.000) 11/20 09:40:42 Started transferring output files
...
040 (13047738.098.000) 11/20 09:40:42 Finished transferring output files
...
005 (13047738.098.000) 11/20 09:40:42 Job terminated.
	(1) Normal termination (return value 134)
		Usr 0 00:02:30, Sys 0 00:00:03  -  Run Remote Usage
		Usr 0 00:00:00, Sys 0 00:00:00  -  Run Local Usage
		Usr 0 00:02:30, Sys 0 00:00:03  -  Total Remote Usage
		Usr 0 00:00:00, Sys 0 00:00:00  -  Total Local Usage
	8470  -  Run Bytes Sent By Job
	11510364  -  Run Bytes Received By Job
	8470  -  Total Bytes Sent By Job
	11510364  -  Total Bytes Received By Job
	Partitionable Resources :    Usage  Request Allocated 
	   Cpus                 :     0.99        1         1 
	   Disk (KB)            : 11273       12500     16142 
	   GPUs                 :                           0 
	   Memory (MB)          :    94        3000      3000 
	   TimeExecute (s)      :   177                       
	   TimeSlotBusy (s)     :   178                       

	Job terminated of its own accord at 2025-11-20T08:40:42Z with exit-code 134.
...
