Starting job on \n
Running on: Linux b9p22p2244.cern.ch 5.14.0-570.42.2.el9_6.x86_64 #1 SMP PREEMPT_DYNAMIC Mon Sep 8 12:15:13 EDT 2025 x86_64 x86_64 x86_64 GNU/Linux\n
System software: Red Hat Enterprise Linux release 9.7 (Plow)\n
Setting up CROWN for RedHatEnterprise Version 9.7
subject   : /DC=ch/DC=cern/OU=Organic Units/OU=Users/CN=jiahua/CN=851532/CN=Jiahua Chen/CN=2045128514
issuer    : /DC=ch/DC=cern/OU=Organic Units/OU=Users/CN=jiahua/CN=851532/CN=Jiahua Chen
identity  : /DC=ch/DC=cern/OU=Organic Units/OU=Users/CN=jiahua/CN=851532/CN=Jiahua Chen
type      : RFC compliant proxy
strength  : 2048 bits
path      : /afs/cern.ch/user/j/jiahua/proxy/x509up_u139833
timeleft  : 168:26:55
key usage : Digital Signature, Key Encipherment
=== VO cms extension information ===
VO        : cms
subject   : /DC=ch/DC=cern/OU=Organic Units/OU=Users/CN=jiahua/CN=851532/CN=Jiahua Chen
issuer    : /DC=ch/DC=cern/OU=computers/CN=cms-auth.cern.ch
attribute : /cms/Role=NULL/Capability=NULL
timeleft  : 160:26:54
uri       : voms-cms-auth.cern.ch:15000
subject   : /DC=ch/DC=cern/OU=Organic Units/OU=Users/CN=jiahua/CN=851532/CN=Jiahua Chen/CN=2045128514
issuer    : /DC=ch/DC=cern/OU=Organic Units/OU=Users/CN=jiahua/CN=851532/CN=Jiahua Chen
identity  : /DC=ch/DC=cern/OU=Organic Units/OU=Users/CN=jiahua/CN=851532/CN=Jiahua Chen
type      : RFC compliant proxy
strength  : 2048 bits
path      : /afs/cern.ch/user/j/jiahua/proxy/x509up_u139833
timeleft  : 168:26:55
key usage : Digital Signature, Key Encipherment
=== VO cms extension information ===
VO        : cms
subject   : /DC=ch/DC=cern/OU=Organic Units/OU=Users/CN=jiahua/CN=851532/CN=Jiahua Chen
issuer    : /DC=ch/DC=cern/OU=computers/CN=cms-auth.cern.ch
attribute : /cms/Role=NULL/Capability=NULL
timeleft  : 160:26:54
uri       : voms-cms-auth.cern.ch:15000
/eos/user/j/jiahua/MC_2022EE_inc/MC_2022EE_vbf/ZZto4L_powheg_22EE_ext1-v2/dafa2474-c6a8-4878-962d-02be336b70a8.root
[2025-11-21 10:21:48.120] [main] [info] Checking input files
[2025-11-21 10:21:52.398] [main] [info] NanoAOD input_file 1: root://cms-xrd-global.cern.ch//store/mc/Run3Summer22EENanoAODv12/ZZto4L_TuneCP5_13p6TeV_powheg-pythia8/NANOAODSIM/130X_mcRun3_2022_realistic_postEE_v6_ext1-v2/2530000/dafa2474-c6a8-4878-962d-02be336b70a8.root - 169050 Events
[2025-11-21 10:21:52.399] [main] [info] input_file 1: root://cms-xrd-global.cern.ch//store/mc/Run3Summer22EENanoAODv12/ZZto4L_TuneCP5_13p6TeV_powheg-pythia8/NANOAODSIM/130X_mcRun3_2022_realistic_postEE_v6_ext1-v2/2530000/dafa2474-c6a8-4878-962d-02be336b70a8.root - SumOfGenWeight: 235165.49122000023 
[2025-11-21 10:21:52.399] [main] [info] Output directory: /eos/user/j/jiahua/MC_2022EE_inc/MC_2022EE_vbf/ZZto4L_powheg_22EE_ext1-v2/dafa2474-c6a8-4878-962d-02be336b70a8.root
[2025-11-21 10:21:52.400] [main] [info] Starting Setup of Dataframe with 169050 events
[2025-11-21 10:23:05.089] [main] [info] Finished Setup
[2025-11-21 10:23:05.089] [main] [info] Runtime for setup (real time: 72.69, CPU time: 68.06)
[2025-11-21 10:23:05.089] [main] [info] Starting Evaluation
[2025-11-21 10:23:29.857] [main] [info] 10000 / 169050 (5.92 %) Events processed ...
[2025-11-21 10:23:39.014] [main] [info] 20000 / 169050 (11.83 %) Events processed ...
[2025-11-21 10:23:49.569] [main] [info] 30000 / 169050 (17.75 %) Events processed ...
[2025-11-21 10:24:01.037] [main] [info] 40000 / 169050 (23.66 %) Events processed ...
[2025-11-21 10:24:10.108] [main] [info] 50000 / 169050 (29.58 %) Events processed ...
[2025-11-21 10:24:19.600] [main] [info] 60000 / 169050 (35.49 %) Events processed ...
[2025-11-21 10:24:30.169] [main] [info] 70000 / 169050 (41.41 %) Events processed ...
[2025-11-21 10:24:42.725] [main] [info] 80000 / 169050 (47.32 %) Events processed ...
[2025-11-21 10:24:52.529] [main] [info] 90000 / 169050 (53.24 %) Events processed ...
[2025-11-21 10:25:01.677] [main] [info] 100000 / 169050 (59.15 %) Events processed ...
[2025-11-21 10:25:11.418] [main] [info] 110000 / 169050 (65.07 %) Events processed ...
[2025-11-21 10:25:22.908] [main] [info] 120000 / 169050 (70.98 %) Events processed ...
[2025-11-21 10:25:33.199] [main] [info] 130000 / 169050 (76.90 %) Events processed ...
[2025-11-21 10:25:42.710] [main] [info] 140000 / 169050 (82.82 %) Events processed ...
[2025-11-21 10:25:52.736] [main] [info] 150000 / 169050 (88.73 %) Events processed ...
[2025-11-21 10:26:04.179] [main] [info] 160000 / 169050 (94.65 %) Events processed ...
[2025-11-21 10:26:14.486] [main] [info] vbfhmm:
GoodJetsCollection: pass=104681     all=169050     -- eff=61.92 % cumulative eff=61.92 %
Flag_goodVertices: pass=104681     all=104681     -- eff=100.00 % cumulative eff=61.92 %
Flag_globalSuperTightHalo2016Filter: pass=104677     all=104681     -- eff=100.00 % cumulative eff=61.92 %
Flag_EcalDeadCellTriggerPrimitiveFilter: pass=104672     all=104677     -- eff=100.00 % cumulative eff=61.92 %
Flag_BadPFMuonFilter: pass=104666     all=104672     -- eff=99.99 % cumulative eff=61.91 %
Flag_BadPFMuonDzFilter: pass=104663     all=104666     -- eff=100.00 % cumulative eff=61.91 %
Flag_eeBadScFilter: pass=104663     all=104663     -- eff=100.00 % cumulative eff=61.91 %
Flag_ecalBadCalibFilter: pass=104643     all=104663     -- eff=99.98 % cumulative eff=61.90 %
Flag_hfNoisyHitsFilter: pass=104638     all=104643     -- eff=100.00 % cumulative eff=61.90 %
Number of muons 2: pass=9183       all=104638     -- eff=8.78 % cumulative eff=5.43 %
Veto VH <= 0 electrons: pass=6767       all=9183       -- eff=73.69 % cumulative eff=4.00 %
DiMuon From Higgs: pass=5022       all=6767       -- eff=74.21 % cumulative eff=2.97 %
LeptonChargeSum: pass=4393       all=5022       -- eff=87.48 % cumulative eff=2.60 %
Hmass>=110: pass=314        all=4393       -- eff=7.15 % cumulative eff=0.19 %
[2025-11-21 10:26:14.615] [main] [info] Writing quantities map to /eos/user/j/jiahua/MC_2022EE_inc/MC_2022EE_vbf/ZZto4L_powheg_22EE_ext1-v2/dafa2474-c6a8-4878-962d-02be336b70a8_vbfhmm.root
[2025-11-21 10:26:14.680] [main] [info] Finished Evaluation
[2025-11-21 10:26:14.680] [main] [info] Overall runtime (real time: 262.28, CPU time: 247.46)
