Starting job on \n
Running on: Linux b9p30p4499.cern.ch 5.14.0-570.44.1.el9_6.x86_64 #1 SMP PREEMPT_DYNAMIC Tue Sep 9 05:17:30 EDT 2025 x86_64 x86_64 x86_64 GNU/Linux\n
System software: Red Hat Enterprise Linux release 9.7 (Plow)\n
Setting up CROWN for RedHatEnterprise Version 9.7
subject   : /DC=ch/DC=cern/OU=Organic Units/OU=Users/CN=jiahua/CN=851532/CN=Jiahua Chen/CN=2045128514
issuer    : /DC=ch/DC=cern/OU=Organic Units/OU=Users/CN=jiahua/CN=851532/CN=Jiahua Chen
identity  : /DC=ch/DC=cern/OU=Organic Units/OU=Users/CN=jiahua/CN=851532/CN=Jiahua Chen
type      : RFC compliant proxy
strength  : 2048 bits
path      : /afs/cern.ch/user/j/jiahua/proxy/x509up_u139833
timeleft  : 168:31:46
key usage : Digital Signature, Key Encipherment
=== VO cms extension information ===
VO        : cms
subject   : /DC=ch/DC=cern/OU=Organic Units/OU=Users/CN=jiahua/CN=851532/CN=Jiahua Chen
issuer    : /DC=ch/DC=cern/OU=computers/CN=cms-auth.cern.ch
attribute : /cms/Role=NULL/Capability=NULL
timeleft  : 160:31:45
uri       : voms-cms-auth.cern.ch:15000
subject   : /DC=ch/DC=cern/OU=Organic Units/OU=Users/CN=jiahua/CN=851532/CN=Jiahua Chen/CN=2045128514
issuer    : /DC=ch/DC=cern/OU=Organic Units/OU=Users/CN=jiahua/CN=851532/CN=Jiahua Chen
identity  : /DC=ch/DC=cern/OU=Organic Units/OU=Users/CN=jiahua/CN=851532/CN=Jiahua Chen
type      : RFC compliant proxy
strength  : 2048 bits
path      : /afs/cern.ch/user/j/jiahua/proxy/x509up_u139833
timeleft  : 168:31:46
key usage : Digital Signature, Key Encipherment
=== VO cms extension information ===
VO        : cms
subject   : /DC=ch/DC=cern/OU=Organic Units/OU=Users/CN=jiahua/CN=851532/CN=Jiahua Chen
issuer    : /DC=ch/DC=cern/OU=computers/CN=cms-auth.cern.ch
attribute : /cms/Role=NULL/Capability=NULL
timeleft  : 160:31:45
uri       : voms-cms-auth.cern.ch:15000
/eos/user/j/jiahua/MC_2022EE_inc/MC_2022EE_vbf/ZZto2L2Nu_powheg_22EE_ext1-v2/62cd3e51-94da-4265-b262-4e24f522e6d3.root
[2025-11-21 10:16:58.001] [main] [info] Checking input files
[2025-11-21 10:17:02.951] [main] [info] NanoAOD input_file 1: root://cms-xrd-global.cern.ch//store/mc/Run3Summer22EENanoAODv12/ZZto2L2Nu_TuneCP5_13p6TeV_powheg-pythia8/NANOAODSIM/130X_mcRun3_2022_realistic_postEE_v6_ext1-v2/50000/62cd3e51-94da-4265-b262-4e24f522e6d3.root - 174724 Events
[2025-11-21 10:17:02.951] [main] [info] input_file 1: root://cms-xrd-global.cern.ch//store/mc/Run3Summer22EENanoAODv12/ZZto2L2Nu_TuneCP5_13p6TeV_powheg-pythia8/NANOAODSIM/130X_mcRun3_2022_realistic_postEE_v6_ext1-v2/50000/62cd3e51-94da-4265-b262-4e24f522e6d3.root - SumOfGenWeight: 180100.64588 
[2025-11-21 10:17:02.951] [main] [info] Output directory: /eos/user/j/jiahua/MC_2022EE_inc/MC_2022EE_vbf/ZZto2L2Nu_powheg_22EE_ext1-v2/62cd3e51-94da-4265-b262-4e24f522e6d3.root
[2025-11-21 10:17:02.952] [main] [info] Starting Setup of Dataframe with 174724 events
[2025-11-21 10:18:28.468] [main] [info] Finished Setup
[2025-11-21 10:18:28.468] [main] [info] Runtime for setup (real time: 85.52, CPU time: 78.74)
[2025-11-21 10:18:28.468] [main] [info] Starting Evaluation
[2025-11-21 10:18:58.874] [main] [info] 10000 / 174724 (5.72 %) Events processed ...
[2025-11-21 10:19:11.004] [main] [info] 20000 / 174724 (11.45 %) Events processed ...
[2025-11-21 10:19:23.042] [main] [info] 30000 / 174724 (17.17 %) Events processed ...
[2025-11-21 10:19:35.786] [main] [info] 40000 / 174724 (22.89 %) Events processed ...
[2025-11-21 10:19:49.417] [main] [info] 50000 / 174724 (28.62 %) Events processed ...
[2025-11-21 10:19:59.918] [main] [info] 60000 / 174724 (34.34 %) Events processed ...
[2025-11-21 10:20:11.359] [main] [info] 70000 / 174724 (40.06 %) Events processed ...
[2025-11-21 10:20:21.040] [main] [info] 80000 / 174724 (45.79 %) Events processed ...
[2025-11-21 10:20:34.764] [main] [info] 90000 / 174724 (51.51 %) Events processed ...
[2025-11-21 10:20:44.440] [main] [info] 100000 / 174724 (57.23 %) Events processed ...
[2025-11-21 10:20:55.780] [main] [info] 110000 / 174724 (62.96 %) Events processed ...
[2025-11-21 10:21:06.848] [main] [info] 120000 / 174724 (68.68 %) Events processed ...
[2025-11-21 10:21:21.048] [main] [info] 130000 / 174724 (74.40 %) Events processed ...
[2025-11-21 10:21:33.692] [main] [info] 140000 / 174724 (80.13 %) Events processed ...
[2025-11-21 10:21:44.567] [main] [info] 150000 / 174724 (85.85 %) Events processed ...
[2025-11-21 10:21:55.542] [main] [info] 160000 / 174724 (91.57 %) Events processed ...
[2025-11-21 10:22:08.147] [main] [info] 170000 / 174724 (97.30 %) Events processed ...
[2025-11-21 10:22:12.780] [main] [info] vbfhmm:
GoodJetsCollection: pass=112859     all=174724     -- eff=64.59 % cumulative eff=64.59 %
Flag_goodVertices: pass=112859     all=112859     -- eff=100.00 % cumulative eff=64.59 %
Flag_globalSuperTightHalo2016Filter: pass=112850     all=112859     -- eff=99.99 % cumulative eff=64.59 %
Flag_EcalDeadCellTriggerPrimitiveFilter: pass=112842     all=112850     -- eff=99.99 % cumulative eff=64.58 %
Flag_BadPFMuonFilter: pass=112837     all=112842     -- eff=100.00 % cumulative eff=64.58 %
Flag_BadPFMuonDzFilter: pass=112837     all=112837     -- eff=100.00 % cumulative eff=64.58 %
Flag_eeBadScFilter: pass=112837     all=112837     -- eff=100.00 % cumulative eff=64.58 %
Flag_ecalBadCalibFilter: pass=112802     all=112837     -- eff=99.97 % cumulative eff=64.56 %
Flag_hfNoisyHitsFilter: pass=112792     all=112802     -- eff=99.99 % cumulative eff=64.55 %
Number of muons 2: pass=7720       all=112792     -- eff=6.84 % cumulative eff=4.42 %
Veto VH <= 0 electrons: pass=7712       all=7720       -- eff=99.90 % cumulative eff=4.41 %
DiMuon From Higgs: pass=7191       all=7712       -- eff=93.24 % cumulative eff=4.12 %
LeptonChargeSum: pass=7190       all=7191       -- eff=99.99 % cumulative eff=4.12 %
Hmass>=110: pass=377        all=7190       -- eff=5.24 % cumulative eff=0.22 %
[2025-11-21 10:22:12.915] [main] [info] Writing quantities map to /eos/user/j/jiahua/MC_2022EE_inc/MC_2022EE_vbf/ZZto2L2Nu_powheg_22EE_ext1-v2/62cd3e51-94da-4265-b262-4e24f522e6d3_vbfhmm.root
[2025-11-21 10:22:12.972] [main] [info] Finished Evaluation
[2025-11-21 10:22:12.972] [main] [info] Overall runtime (real time: 310.02, CPU time: 287.59)
