000 (13087775.345.000) 11/21 10:07:54 Job submitted from host: <188.185.121.235:9618?addrs=188.185.121.235-9618+[2001-1458-d00-49--100-36e]-9618&alias=bigbird22.cern.ch&noUDP&sock=schedd_232129_c3ca>
...
040 (13087775.345.000) 11/21 10:22:33 Started transferring input files
	Transferring to host: <188.185.209.91:9618?addrs=188.185.209.91-9618+[2001-1458-303-11--100-58]-9618&alias=b9p11p9821.cern.ch&noUDP&sock=slot1_28_4033861_be9d_45508>
...
040 (13087775.345.000) 11/21 10:22:33 Finished transferring input files
...
001 (13087775.345.000) 11/21 10:22:34 Job executing on host: <188.185.209.91:9618?addrs=188.185.209.91-9618+[2001-1458-303-11--100-58]-9618&alias=b9p11p9821.cern.ch&noUDP&sock=startd_6048_00e0>
	SlotName: slot1_28@b9p11p9821.cern.ch
	CondorScratchDir = "/pool/condor/dir_3652491"
	Cpus = 1
	Disk = 15898
	GPUs = 0
	Memory = 3000
...
006 (13087775.345.000) 11/21 10:22:47 Image size of job updated: 96008
	94  -  MemoryUsage of job (MB)
	96008  -  ResidentSetSize of job (KB)
...
006 (13087775.345.000) 11/21 10:25:50 Image size of job updated: 701096
	94  -  MemoryUsage of job (MB)
	96008  -  ResidentSetSize of job (KB)
...
040 (13087775.345.000) 11/21 10:25:50 Started transferring output files
...
040 (13087775.345.000) 11/21 10:25:50 Finished transferring output files
...
005 (13087775.345.000) 11/21 10:25:50 Job terminated.
	(1) Normal termination (return value 0)
		Usr 0 00:02:57, Sys 0 00:00:03  -  Run Remote Usage
		Usr 0 00:00:00, Sys 0 00:00:00  -  Run Local Usage
		Usr 0 00:02:57, Sys 0 00:00:03  -  Total Remote Usage
		Usr 0 00:00:00, Sys 0 00:00:00  -  Total Local Usage
	10339  -  Run Bytes Sent By Job
	11510364  -  Run Bytes Received By Job
	10339  -  Total Bytes Sent By Job
	11510364  -  Total Bytes Received By Job
	Partitionable Resources :    Usage  Request Allocated 
	   Cpus                 :     0.92        1         1 
	   Disk (KB)            : 11278       12500     15898 
	   GPUs                 :                           0 
	   Memory (MB)          :    94        3000      3000 
	   TimeExecute (s)      :   196                       
	   TimeSlotBusy (s)     :   197                       

	Job terminated of its own accord at 2025-11-21T09:25:50Z with exit-code 0.
...
