Starting job on \n
Running on: Linux b9p30p6624.cern.ch 5.14.0-570.44.1.el9_6.x86_64 #1 SMP PREEMPT_DYNAMIC Tue Sep 9 05:17:30 EDT 2025 x86_64 x86_64 x86_64 GNU/Linux\n
System software: Red Hat Enterprise Linux release 9.7 (Plow)\n
Setting up CROWN for RedHatEnterprise Version 9.7
subject   : /DC=ch/DC=cern/OU=Organic Units/OU=Users/CN=jiahua/CN=851532/CN=Jiahua Chen/CN=2045128514
issuer    : /DC=ch/DC=cern/OU=Organic Units/OU=Users/CN=jiahua/CN=851532/CN=Jiahua Chen
identity  : /DC=ch/DC=cern/OU=Organic Units/OU=Users/CN=jiahua/CN=851532/CN=Jiahua Chen
type      : RFC compliant proxy
strength  : 2048 bits
path      : /afs/cern.ch/user/j/jiahua/proxy/x509up_u139833
timeleft  : 199:32:14
key usage : Digital Signature, Key Encipherment
=== VO cms extension information ===
VO        : cms
subject   : /DC=ch/DC=cern/OU=Organic Units/OU=Users/CN=jiahua/CN=851532/CN=Jiahua Chen
issuer    : /DC=ch/DC=cern/OU=computers/CN=cms-auth.cern.ch
attribute : /cms/Role=NULL/Capability=NULL
timeleft  : 191:32:13
uri       : voms-cms-auth.cern.ch:15000
subject   : /DC=ch/DC=cern/OU=Organic Units/OU=Users/CN=jiahua/CN=851532/CN=Jiahua Chen/CN=2045128514
issuer    : /DC=ch/DC=cern/OU=Organic Units/OU=Users/CN=jiahua/CN=851532/CN=Jiahua Chen
identity  : /DC=ch/DC=cern/OU=Organic Units/OU=Users/CN=jiahua/CN=851532/CN=Jiahua Chen
type      : RFC compliant proxy
strength  : 2048 bits
path      : /afs/cern.ch/user/j/jiahua/proxy/x509up_u139833
timeleft  : 199:32:14
key usage : Digital Signature, Key Encipherment
=== VO cms extension information ===
VO        : cms
subject   : /DC=ch/DC=cern/OU=Organic Units/OU=Users/CN=jiahua/CN=851532/CN=Jiahua Chen
issuer    : /DC=ch/DC=cern/OU=computers/CN=cms-auth.cern.ch
attribute : /cms/Role=NULL/Capability=NULL
timeleft  : 191:32:13
uri       : voms-cms-auth.cern.ch:15000
/eos/user/j/jiahua/MC_2022EE_inc/MC_2022EE_vbf/ZZto4L_powheg_22EE_ext1-v2/a9f76590-86b7-4899-890c-ab996df61c01.root
[2025-11-20 03:16:29.471] [main] [info] Checking input files
[2025-11-20 03:16:34.741] [main] [info] NanoAOD input_file 1: root://cms-xrd-global.cern.ch//store/mc/Run3Summer22EENanoAODv12/ZZto4L_TuneCP5_13p6TeV_powheg-pythia8/NANOAODSIM/130X_mcRun3_2022_realistic_postEE_v6_ext1-v2/2530000/a9f76590-86b7-4899-890c-ab996df61c01.root - 175665 Events
[2025-11-20 03:16:34.742] [main] [info] input_file 1: root://cms-xrd-global.cern.ch//store/mc/Run3Summer22EENanoAODv12/ZZto4L_TuneCP5_13p6TeV_powheg-pythia8/NANOAODSIM/130X_mcRun3_2022_realistic_postEE_v6_ext1-v2/2530000/a9f76590-86b7-4899-890c-ab996df61c01.root - SumOfGenWeight: 244150.65807000044 
[2025-11-20 03:16:34.742] [main] [info] Output directory: /eos/user/j/jiahua/MC_2022EE_inc/MC_2022EE_vbf/ZZto4L_powheg_22EE_ext1-v2/a9f76590-86b7-4899-890c-ab996df61c01.root
[2025-11-20 03:16:34.742] [main] [info] Starting Setup of Dataframe with 175665 events
[2025-11-20 03:17:52.669] [main] [info] Finished Setup
[2025-11-20 03:17:52.669] [main] [info] Runtime for setup (real time: 77.93, CPU time: 73.42)
[2025-11-20 03:17:52.669] [main] [info] Starting Evaluation
[2025-11-20 03:18:21.372] [main] [info] 10000 / 175665 (5.69 %) Events processed ...
[2025-11-20 03:18:31.891] [main] [info] 20000 / 175665 (11.39 %) Events processed ...
[2025-11-20 03:18:42.143] [main] [info] 30000 / 175665 (17.08 %) Events processed ...
[2025-11-20 03:18:54.035] [main] [info] 40000 / 175665 (22.77 %) Events processed ...
[2025-11-20 03:19:02.573] [main] [info] 50000 / 175665 (28.46 %) Events processed ...
[2025-11-20 03:19:13.114] [main] [info] 60000 / 175665 (34.16 %) Events processed ...
[2025-11-20 03:19:23.893] [main] [info] 70000 / 175665 (39.85 %) Events processed ...
[2025-11-20 03:19:35.011] [main] [info] 80000 / 175665 (45.54 %) Events processed ...
[2025-11-20 03:19:45.253] [main] [info] 90000 / 175665 (51.23 %) Events processed ...
[2025-11-20 03:19:55.374] [main] [info] 100000 / 175665 (56.93 %) Events processed ...
[2025-11-20 03:20:05.352] [main] [info] 110000 / 175665 (62.62 %) Events processed ...
[2025-11-20 03:20:17.858] [main] [info] 120000 / 175665 (68.31 %) Events processed ...
[2025-11-20 03:20:28.213] [main] [info] 130000 / 175665 (74.00 %) Events processed ...
[2025-11-20 03:20:39.906] [main] [info] 140000 / 175665 (79.70 %) Events processed ...
[2025-11-20 03:20:51.055] [main] [info] 150000 / 175665 (85.39 %) Events processed ...
[2025-11-20 03:21:02.337] [main] [info] 160000 / 175665 (91.08 %) Events processed ...
[2025-11-20 03:21:12.203] [main] [info] 170000 / 175665 (96.78 %) Events processed ...
[2025-11-20 03:21:18.275] [main] [info] vbfhmm:
GoodJetsCollection: pass=109230     all=175665     -- eff=62.18 % cumulative eff=62.18 %
Flag_goodVertices: pass=109230     all=109230     -- eff=100.00 % cumulative eff=62.18 %
Flag_globalSuperTightHalo2016Filter: pass=109220     all=109230     -- eff=99.99 % cumulative eff=62.18 %
Flag_EcalDeadCellTriggerPrimitiveFilter: pass=109215     all=109220     -- eff=100.00 % cumulative eff=62.17 %
Flag_BadPFMuonFilter: pass=109211     all=109215     -- eff=100.00 % cumulative eff=62.17 %
Flag_BadPFMuonDzFilter: pass=109210     all=109211     -- eff=100.00 % cumulative eff=62.17 %
Flag_eeBadScFilter: pass=109210     all=109210     -- eff=100.00 % cumulative eff=62.17 %
Flag_ecalBadCalibFilter: pass=109197     all=109210     -- eff=99.99 % cumulative eff=62.16 %
Flag_hfNoisyHitsFilter: pass=109192     all=109197     -- eff=100.00 % cumulative eff=62.16 %
Number of muons 2: pass=9567       all=109192     -- eff=8.76 % cumulative eff=5.45 %
Veto VH <= 0 electrons: pass=7013       all=9567       -- eff=73.30 % cumulative eff=3.99 %
DiMuon From Higgs: pass=5189       all=7013       -- eff=73.99 % cumulative eff=2.95 %
LeptonChargeSum: pass=4471       all=5189       -- eff=86.16 % cumulative eff=2.55 %
Hmass>=110: pass=341        all=4471       -- eff=7.63 % cumulative eff=0.19 %
[2025-11-20 03:21:18.400] [main] [info] Writing quantities map to /eos/user/j/jiahua/MC_2022EE_inc/MC_2022EE_vbf/ZZto4L_powheg_22EE_ext1-v2/a9f76590-86b7-4899-890c-ab996df61c01_vbfhmm.root
[2025-11-20 03:21:18.451] [main] [info] Finished Evaluation
[2025-11-20 03:21:18.451] [main] [info] Overall runtime (real time: 283.71, CPU time: 269.26)
