Starting job on \n
Running on: Linux b9g19p8425.cern.ch 5.14.0-570.42.2.el9_6.x86_64 #1 SMP PREEMPT_DYNAMIC Mon Sep 8 12:15:13 EDT 2025 x86_64 x86_64 x86_64 GNU/Linux\n
System software: Red Hat Enterprise Linux release 9.7 (Plow)\n
Setting up CROWN for RedHatEnterprise Version 9.7
subject   : /DC=ch/DC=cern/OU=Organic Units/OU=Users/CN=jiahua/CN=851532/CN=Jiahua Chen/CN=2045128514
issuer    : /DC=ch/DC=cern/OU=Organic Units/OU=Users/CN=jiahua/CN=851532/CN=Jiahua Chen
identity  : /DC=ch/DC=cern/OU=Organic Units/OU=Users/CN=jiahua/CN=851532/CN=Jiahua Chen
type      : RFC compliant proxy
strength  : 2048 bits
path      : /afs/cern.ch/user/j/jiahua/proxy/x509up_u139833
timeleft  : 168:28:33
key usage : Digital Signature, Key Encipherment
=== VO cms extension information ===
VO        : cms
subject   : /DC=ch/DC=cern/OU=Organic Units/OU=Users/CN=jiahua/CN=851532/CN=Jiahua Chen
issuer    : /DC=ch/DC=cern/OU=computers/CN=cms-auth.cern.ch
attribute : /cms/Role=NULL/Capability=NULL
timeleft  : 160:28:32
uri       : voms-cms-auth.cern.ch:15000
subject   : /DC=ch/DC=cern/OU=Organic Units/OU=Users/CN=jiahua/CN=851532/CN=Jiahua Chen/CN=2045128514
issuer    : /DC=ch/DC=cern/OU=Organic Units/OU=Users/CN=jiahua/CN=851532/CN=Jiahua Chen
identity  : /DC=ch/DC=cern/OU=Organic Units/OU=Users/CN=jiahua/CN=851532/CN=Jiahua Chen
type      : RFC compliant proxy
strength  : 2048 bits
path      : /afs/cern.ch/user/j/jiahua/proxy/x509up_u139833
timeleft  : 168:28:33
key usage : Digital Signature, Key Encipherment
=== VO cms extension information ===
VO        : cms
subject   : /DC=ch/DC=cern/OU=Organic Units/OU=Users/CN=jiahua/CN=851532/CN=Jiahua Chen
issuer    : /DC=ch/DC=cern/OU=computers/CN=cms-auth.cern.ch
attribute : /cms/Role=NULL/Capability=NULL
timeleft  : 160:28:32
uri       : voms-cms-auth.cern.ch:15000
/eos/user/j/jiahua/MC_2022EE_inc/MC_2022EE_vbf/ZZto2L2Q_powheg_22EE_ext1-v2/b3ddccbb-f796-442e-8716-900bba043a0a.root
[2025-11-21 10:20:10.152] [main] [info] Checking input files
[2025-11-21 10:20:16.478] [main] [info] NanoAOD input_file 1: root://cms-xrd-global.cern.ch//store/mc/Run3Summer22EENanoAODv12/ZZto2L2Q_TuneCP5_13p6TeV_powheg-pythia8/NANOAODSIM/130X_mcRun3_2022_realistic_postEE_v6_ext1-v2/2540000/b3ddccbb-f796-442e-8716-900bba043a0a.root - 12708 Events
[2025-11-21 10:20:16.478] [main] [info] input_file 1: root://cms-xrd-global.cern.ch//store/mc/Run3Summer22EENanoAODv12/ZZto2L2Q_TuneCP5_13p6TeV_powheg-pythia8/NANOAODSIM/130X_mcRun3_2022_realistic_postEE_v6_ext1-v2/2540000/b3ddccbb-f796-442e-8716-900bba043a0a.root - SumOfGenWeight: 86281.84500000003 
[2025-11-21 10:20:16.478] [main] [info] Output directory: /eos/user/j/jiahua/MC_2022EE_inc/MC_2022EE_vbf/ZZto2L2Q_powheg_22EE_ext1-v2/b3ddccbb-f796-442e-8716-900bba043a0a.root
[2025-11-21 10:20:16.479] [main] [info] Starting Setup of Dataframe with 12708 events
[2025-11-21 10:22:44.847] [main] [info] Finished Setup
[2025-11-21 10:22:44.847] [main] [info] Runtime for setup (real time: 148.37, CPU time: 143.96)
[2025-11-21 10:22:44.847] [main] [info] Starting Evaluation
[2025-11-21 10:23:37.450] [main] [info] 10000 / 12708 (78.69 %) Events processed ...
[2025-11-21 10:23:44.004] [main] [info] vbfhmm:
GoodJetsCollection: pass=9441       all=12708      -- eff=74.29 % cumulative eff=74.29 %
Flag_goodVertices: pass=9441       all=9441       -- eff=100.00 % cumulative eff=74.29 %
Flag_globalSuperTightHalo2016Filter: pass=9440       all=9441       -- eff=99.99 % cumulative eff=74.28 %
Flag_EcalDeadCellTriggerPrimitiveFilter: pass=9440       all=9440       -- eff=100.00 % cumulative eff=74.28 %
Flag_BadPFMuonFilter: pass=9440       all=9440       -- eff=100.00 % cumulative eff=74.28 %
Flag_BadPFMuonDzFilter: pass=9440       all=9440       -- eff=100.00 % cumulative eff=74.28 %
Flag_eeBadScFilter: pass=9440       all=9440       -- eff=100.00 % cumulative eff=74.28 %
Flag_ecalBadCalibFilter: pass=9439       all=9440       -- eff=99.99 % cumulative eff=74.28 %
Flag_hfNoisyHitsFilter: pass=9439       all=9439       -- eff=100.00 % cumulative eff=74.28 %
Number of muons 2: pass=699        all=9439       -- eff=7.41 % cumulative eff=5.50 %
Veto VH <= 0 electrons: pass=698        all=699        -- eff=99.86 % cumulative eff=5.49 %
DiMuon From Higgs: pass=644        all=698        -- eff=92.26 % cumulative eff=5.07 %
LeptonChargeSum: pass=644        all=644        -- eff=100.00 % cumulative eff=5.07 %
Hmass>=110: pass=33         all=644        -- eff=5.12 % cumulative eff=0.26 %
[2025-11-21 10:23:45.364] [main] [info] Writing quantities map to /eos/user/j/jiahua/MC_2022EE_inc/MC_2022EE_vbf/ZZto2L2Q_powheg_22EE_ext1-v2/b3ddccbb-f796-442e-8716-900bba043a0a_vbfhmm.root
[2025-11-21 10:23:45.571] [main] [info] Finished Evaluation
[2025-11-21 10:23:45.571] [main] [info] Overall runtime (real time: 209.09, CPU time: 197.57)
