Starting job on \n
Running on: Linux b9p29p0597.cern.ch 5.14.0-570.44.1.el9_6.x86_64 #1 SMP PREEMPT_DYNAMIC Tue Sep 9 05:17:30 EDT 2025 x86_64 x86_64 x86_64 GNU/Linux\n
System software: Red Hat Enterprise Linux release 9.7 (Plow)\n
Setting up CROWN for RedHatEnterprise Version 9.7
subject   : /DC=ch/DC=cern/OU=Organic Units/OU=Users/CN=jiahua/CN=851532/CN=Jiahua Chen/CN=2045128514
issuer    : /DC=ch/DC=cern/OU=Organic Units/OU=Users/CN=jiahua/CN=851532/CN=Jiahua Chen
identity  : /DC=ch/DC=cern/OU=Organic Units/OU=Users/CN=jiahua/CN=851532/CN=Jiahua Chen
type      : RFC compliant proxy
strength  : 2048 bits
path      : /afs/cern.ch/user/j/jiahua/proxy/x509up_u139833
timeleft  : 199:28:08
key usage : Digital Signature, Key Encipherment
=== VO cms extension information ===
VO        : cms
subject   : /DC=ch/DC=cern/OU=Organic Units/OU=Users/CN=jiahua/CN=851532/CN=Jiahua Chen
issuer    : /DC=ch/DC=cern/OU=computers/CN=cms-auth.cern.ch
attribute : /cms/Role=NULL/Capability=NULL
timeleft  : 191:28:07
uri       : voms-cms-auth.cern.ch:15000
subject   : /DC=ch/DC=cern/OU=Organic Units/OU=Users/CN=jiahua/CN=851532/CN=Jiahua Chen/CN=2045128514
issuer    : /DC=ch/DC=cern/OU=Organic Units/OU=Users/CN=jiahua/CN=851532/CN=Jiahua Chen
identity  : /DC=ch/DC=cern/OU=Organic Units/OU=Users/CN=jiahua/CN=851532/CN=Jiahua Chen
type      : RFC compliant proxy
strength  : 2048 bits
path      : /afs/cern.ch/user/j/jiahua/proxy/x509up_u139833
timeleft  : 199:28:08
key usage : Digital Signature, Key Encipherment
=== VO cms extension information ===
VO        : cms
subject   : /DC=ch/DC=cern/OU=Organic Units/OU=Users/CN=jiahua/CN=851532/CN=Jiahua Chen
issuer    : /DC=ch/DC=cern/OU=computers/CN=cms-auth.cern.ch
attribute : /cms/Role=NULL/Capability=NULL
timeleft  : 191:28:07
uri       : voms-cms-auth.cern.ch:15000
/eos/user/j/jiahua/MC_2022EE_inc/MC_2022EE_vbf/ZZto2L2Q_powheg_22EE_ext1-v2/f3f26eca-4366-47ed-b2da-bd8c72082c4e.root
[2025-11-20 03:20:35.714] [main] [info] Checking input files
[2025-11-20 03:20:39.277] [main] [info] NanoAOD input_file 1: root://cms-xrd-global.cern.ch//store/mc/Run3Summer22EENanoAODv12/ZZto2L2Q_TuneCP5_13p6TeV_powheg-pythia8/NANOAODSIM/130X_mcRun3_2022_realistic_postEE_v6_ext1-v2/30000/f3f26eca-4366-47ed-b2da-bd8c72082c4e.root - 40242 Events
[2025-11-20 03:20:39.277] [main] [info] input_file 1: root://cms-xrd-global.cern.ch//store/mc/Run3Summer22EENanoAODv12/ZZto2L2Q_TuneCP5_13p6TeV_powheg-pythia8/NANOAODSIM/130X_mcRun3_2022_realistic_postEE_v6_ext1-v2/30000/f3f26eca-4366-47ed-b2da-bd8c72082c4e.root - SumOfGenWeight: 273082.38099999976 
[2025-11-20 03:20:39.277] [main] [info] Output directory: /eos/user/j/jiahua/MC_2022EE_inc/MC_2022EE_vbf/ZZto2L2Q_powheg_22EE_ext1-v2/f3f26eca-4366-47ed-b2da-bd8c72082c4e.root
[2025-11-20 03:20:39.278] [main] [info] Starting Setup of Dataframe with 40242 events
[2025-11-20 03:21:56.659] [main] [info] Finished Setup
[2025-11-20 03:21:56.659] [main] [info] Runtime for setup (real time: 77.38, CPU time: 72.64)
[2025-11-20 03:21:56.659] [main] [info] Starting Evaluation
[2025-11-20 03:22:26.547] [main] [info] 10000 / 40242 (24.85 %) Events processed ...
[2025-11-20 03:22:42.253] [main] [info] 20000 / 40242 (49.70 %) Events processed ...
[2025-11-20 03:22:55.504] [main] [info] 30000 / 40242 (74.55 %) Events processed ...
[2025-11-20 03:23:08.946] [main] [info] 40000 / 40242 (99.40 %) Events processed ...
[2025-11-20 03:23:09.399] [main] [info] vbfhmm:
GoodJetsCollection: pass=30010      all=40242      -- eff=74.57 % cumulative eff=74.57 %
Flag_goodVertices: pass=30010      all=30010      -- eff=100.00 % cumulative eff=74.57 %
Flag_globalSuperTightHalo2016Filter: pass=30002      all=30010      -- eff=99.97 % cumulative eff=74.55 %
Flag_EcalDeadCellTriggerPrimitiveFilter: pass=30001      all=30002      -- eff=100.00 % cumulative eff=74.55 %
Flag_BadPFMuonFilter: pass=30000      all=30001      -- eff=100.00 % cumulative eff=74.55 %
Flag_BadPFMuonDzFilter: pass=30000      all=30000      -- eff=100.00 % cumulative eff=74.55 %
Flag_eeBadScFilter: pass=30000      all=30000      -- eff=100.00 % cumulative eff=74.55 %
Flag_ecalBadCalibFilter: pass=29998      all=30000      -- eff=99.99 % cumulative eff=74.54 %
Flag_hfNoisyHitsFilter: pass=29997      all=29998      -- eff=100.00 % cumulative eff=74.54 %
Number of muons 2: pass=2141       all=29997      -- eff=7.14 % cumulative eff=5.32 %
Veto VH <= 0 electrons: pass=2138       all=2141       -- eff=99.86 % cumulative eff=5.31 %
DiMuon From Higgs: pass=1953       all=2138       -- eff=91.35 % cumulative eff=4.85 %
LeptonChargeSum: pass=1950       all=1953       -- eff=99.85 % cumulative eff=4.85 %
Hmass>=110: pass=93         all=1950       -- eff=4.77 % cumulative eff=0.23 %
[2025-11-20 03:23:09.544] [main] [info] Writing quantities map to /eos/user/j/jiahua/MC_2022EE_inc/MC_2022EE_vbf/ZZto2L2Q_powheg_22EE_ext1-v2/f3f26eca-4366-47ed-b2da-bd8c72082c4e_vbfhmm.root
[2025-11-20 03:23:09.618] [main] [info] Finished Evaluation
[2025-11-20 03:23:09.618] [main] [info] Overall runtime (real time: 150.34, CPU time: 141.61)
