Starting job on \n
Running on: Linux b9g03p9785.cern.ch 5.14.0-570.44.1.el9_6.x86_64 #1 SMP PREEMPT_DYNAMIC Tue Sep 9 05:17:30 EDT 2025 x86_64 x86_64 x86_64 GNU/Linux\n
System software: Red Hat Enterprise Linux release 9.7 (Plow)\n
Setting up CROWN for RedHatEnterprise Version 9.7
subject   : /DC=ch/DC=cern/OU=Organic Units/OU=Users/CN=jiahua/CN=851532/CN=Jiahua Chen/CN=2045128514
issuer    : /DC=ch/DC=cern/OU=Organic Units/OU=Users/CN=jiahua/CN=851532/CN=Jiahua Chen
identity  : /DC=ch/DC=cern/OU=Organic Units/OU=Users/CN=jiahua/CN=851532/CN=Jiahua Chen
type      : RFC compliant proxy
strength  : 2048 bits
path      : /afs/cern.ch/user/j/jiahua/proxy/x509up_u139833
timeleft  : 168:32:39
key usage : Digital Signature, Key Encipherment
=== VO cms extension information ===
VO        : cms
subject   : /DC=ch/DC=cern/OU=Organic Units/OU=Users/CN=jiahua/CN=851532/CN=Jiahua Chen
issuer    : /DC=ch/DC=cern/OU=computers/CN=cms-auth.cern.ch
attribute : /cms/Role=NULL/Capability=NULL
timeleft  : 160:32:38
uri       : voms-cms-auth.cern.ch:15000
subject   : /DC=ch/DC=cern/OU=Organic Units/OU=Users/CN=jiahua/CN=851532/CN=Jiahua Chen/CN=2045128514
issuer    : /DC=ch/DC=cern/OU=Organic Units/OU=Users/CN=jiahua/CN=851532/CN=Jiahua Chen
identity  : /DC=ch/DC=cern/OU=Organic Units/OU=Users/CN=jiahua/CN=851532/CN=Jiahua Chen
type      : RFC compliant proxy
strength  : 2048 bits
path      : /afs/cern.ch/user/j/jiahua/proxy/x509up_u139833
timeleft  : 168:32:39
key usage : Digital Signature, Key Encipherment
=== VO cms extension information ===
VO        : cms
subject   : /DC=ch/DC=cern/OU=Organic Units/OU=Users/CN=jiahua/CN=851532/CN=Jiahua Chen
issuer    : /DC=ch/DC=cern/OU=computers/CN=cms-auth.cern.ch
attribute : /cms/Role=NULL/Capability=NULL
timeleft  : 160:32:38
uri       : voms-cms-auth.cern.ch:15000
/eos/user/j/jiahua/MC_2022EE_inc/MC_2022EE_vbf/ZZto2L2Nu_powheg_22EE_ext1-v2/780ac1f2-1c97-423a-98be-db0155ac6835.root
[2025-11-21 10:16:04.421] [main] [info] Checking input files
[2025-11-21 10:16:09.803] [main] [info] NanoAOD input_file 1: root://cms-xrd-global.cern.ch//store/mc/Run3Summer22EENanoAODv12/ZZto2L2Nu_TuneCP5_13p6TeV_powheg-pythia8/NANOAODSIM/130X_mcRun3_2022_realistic_postEE_v6_ext1-v2/2540000/780ac1f2-1c97-423a-98be-db0155ac6835.root - 170392 Events
[2025-11-21 10:16:09.803] [main] [info] input_file 1: root://cms-xrd-global.cern.ch//store/mc/Run3Summer22EENanoAODv12/ZZto2L2Nu_TuneCP5_13p6TeV_powheg-pythia8/NANOAODSIM/130X_mcRun3_2022_realistic_postEE_v6_ext1-v2/2540000/780ac1f2-1c97-423a-98be-db0155ac6835.root - SumOfGenWeight: 175635.63090000002 
[2025-11-21 10:16:09.803] [main] [info] Output directory: /eos/user/j/jiahua/MC_2022EE_inc/MC_2022EE_vbf/ZZto2L2Nu_powheg_22EE_ext1-v2/780ac1f2-1c97-423a-98be-db0155ac6835.root
[2025-11-21 10:16:09.803] [main] [info] Starting Setup of Dataframe with 170392 events
[2025-11-21 10:17:38.632] [main] [info] Finished Setup
[2025-11-21 10:17:38.632] [main] [info] Runtime for setup (real time: 88.83, CPU time: 84.26)
[2025-11-21 10:17:38.632] [main] [info] Starting Evaluation
[2025-11-21 10:18:09.853] [main] [info] 10000 / 170392 (5.87 %) Events processed ...
[2025-11-21 10:18:20.791] [main] [info] 20000 / 170392 (11.74 %) Events processed ...
[2025-11-21 10:18:32.322] [main] [info] 30000 / 170392 (17.61 %) Events processed ...
[2025-11-21 10:18:44.072] [main] [info] 40000 / 170392 (23.48 %) Events processed ...
[2025-11-21 10:18:58.073] [main] [info] 50000 / 170392 (29.34 %) Events processed ...
[2025-11-21 10:19:10.364] [main] [info] 60000 / 170392 (35.21 %) Events processed ...
[2025-11-21 10:19:22.463] [main] [info] 70000 / 170392 (41.08 %) Events processed ...
[2025-11-21 10:19:33.827] [main] [info] 80000 / 170392 (46.95 %) Events processed ...
[2025-11-21 10:19:49.840] [main] [info] 90000 / 170392 (52.82 %) Events processed ...
[2025-11-21 10:20:02.640] [main] [info] 100000 / 170392 (58.69 %) Events processed ...
[2025-11-21 10:20:14.676] [main] [info] 110000 / 170392 (64.56 %) Events processed ...
[2025-11-21 10:20:26.424] [main] [info] 120000 / 170392 (70.43 %) Events processed ...
[2025-11-21 10:20:40.066] [main] [info] 130000 / 170392 (76.29 %) Events processed ...
[2025-11-21 10:20:51.119] [main] [info] 140000 / 170392 (82.16 %) Events processed ...
[2025-11-21 10:21:02.164] [main] [info] 150000 / 170392 (88.03 %) Events processed ...
[2025-11-21 10:21:14.082] [main] [info] 160000 / 170392 (93.90 %) Events processed ...
[2025-11-21 10:21:26.507] [main] [info] 170000 / 170392 (99.77 %) Events processed ...
[2025-11-21 10:21:27.424] [main] [info] vbfhmm:
GoodJetsCollection: pass=110040     all=170392     -- eff=64.58 % cumulative eff=64.58 %
Flag_goodVertices: pass=110040     all=110040     -- eff=100.00 % cumulative eff=64.58 %
Flag_globalSuperTightHalo2016Filter: pass=110029     all=110040     -- eff=99.99 % cumulative eff=64.57 %
Flag_EcalDeadCellTriggerPrimitiveFilter: pass=110019     all=110029     -- eff=99.99 % cumulative eff=64.57 %
Flag_BadPFMuonFilter: pass=110011     all=110019     -- eff=99.99 % cumulative eff=64.56 %
Flag_BadPFMuonDzFilter: pass=110008     all=110011     -- eff=100.00 % cumulative eff=64.56 %
Flag_eeBadScFilter: pass=110008     all=110008     -- eff=100.00 % cumulative eff=64.56 %
Flag_ecalBadCalibFilter: pass=109984     all=110008     -- eff=99.98 % cumulative eff=64.55 %
Flag_hfNoisyHitsFilter: pass=109974     all=109984     -- eff=99.99 % cumulative eff=64.54 %
Number of muons 2: pass=7652       all=109974     -- eff=6.96 % cumulative eff=4.49 %
Veto VH <= 0 electrons: pass=7648       all=7652       -- eff=99.95 % cumulative eff=4.49 %
DiMuon From Higgs: pass=7158       all=7648       -- eff=93.59 % cumulative eff=4.20 %
LeptonChargeSum: pass=7158       all=7158       -- eff=100.00 % cumulative eff=4.20 %
Hmass>=110: pass=360        all=7158       -- eff=5.03 % cumulative eff=0.21 %
[2025-11-21 10:21:27.913] [main] [info] Writing quantities map to /eos/user/j/jiahua/MC_2022EE_inc/MC_2022EE_vbf/ZZto2L2Nu_powheg_22EE_ext1-v2/780ac1f2-1c97-423a-98be-db0155ac6835_vbfhmm.root
[2025-11-21 10:21:28.078] [main] [info] Finished Evaluation
[2025-11-21 10:21:28.078] [main] [info] Overall runtime (real time: 318.28, CPU time: 299.96)
