Starting job on \n
Running on: Linux b9p24p7251.cern.ch 5.14.0-570.44.1.el9_6.x86_64 #1 SMP PREEMPT_DYNAMIC Tue Sep 9 05:17:30 EDT 2025 x86_64 x86_64 x86_64 GNU/Linux\n
System software: Red Hat Enterprise Linux release 9.7 (Plow)\n
Setting up CROWN for RedHatEnterprise Version 9.7
subject   : /DC=ch/DC=cern/OU=Organic Units/OU=Users/CN=jiahua/CN=851532/CN=Jiahua Chen/CN=2045128514
issuer    : /DC=ch/DC=cern/OU=Organic Units/OU=Users/CN=jiahua/CN=851532/CN=Jiahua Chen
identity  : /DC=ch/DC=cern/OU=Organic Units/OU=Users/CN=jiahua/CN=851532/CN=Jiahua Chen
type      : RFC compliant proxy
strength  : 2048 bits
path      : /afs/cern.ch/user/j/jiahua/proxy/x509up_u139833
timeleft  : 168:28:52
key usage : Digital Signature, Key Encipherment
=== VO cms extension information ===
VO        : cms
subject   : /DC=ch/DC=cern/OU=Organic Units/OU=Users/CN=jiahua/CN=851532/CN=Jiahua Chen
issuer    : /DC=ch/DC=cern/OU=computers/CN=cms-auth.cern.ch
attribute : /cms/Role=NULL/Capability=NULL
timeleft  : 160:28:51
uri       : voms-cms-auth.cern.ch:15000
subject   : /DC=ch/DC=cern/OU=Organic Units/OU=Users/CN=jiahua/CN=851532/CN=Jiahua Chen/CN=2045128514
issuer    : /DC=ch/DC=cern/OU=Organic Units/OU=Users/CN=jiahua/CN=851532/CN=Jiahua Chen
identity  : /DC=ch/DC=cern/OU=Organic Units/OU=Users/CN=jiahua/CN=851532/CN=Jiahua Chen
type      : RFC compliant proxy
strength  : 2048 bits
path      : /afs/cern.ch/user/j/jiahua/proxy/x509up_u139833
timeleft  : 168:28:52
key usage : Digital Signature, Key Encipherment
=== VO cms extension information ===
VO        : cms
subject   : /DC=ch/DC=cern/OU=Organic Units/OU=Users/CN=jiahua/CN=851532/CN=Jiahua Chen
issuer    : /DC=ch/DC=cern/OU=computers/CN=cms-auth.cern.ch
attribute : /cms/Role=NULL/Capability=NULL
timeleft  : 160:28:51
uri       : voms-cms-auth.cern.ch:15000
/eos/user/j/jiahua/MC_2022EE_inc/MC_2022EE_vbf/ZZto2L2Q_powheg_22EE_ext1-v2/4511e8a7-7eb9-403d-a6c3-76c79a8af708.root
[2025-11-21 10:19:51.944] [main] [info] Checking input files
[2025-11-21 10:19:56.184] [main] [info] NanoAOD input_file 1: root://cms-xrd-global.cern.ch//store/mc/Run3Summer22EENanoAODv12/ZZto2L2Q_TuneCP5_13p6TeV_powheg-pythia8/NANOAODSIM/130X_mcRun3_2022_realistic_postEE_v6_ext1-v2/2520000/4511e8a7-7eb9-403d-a6c3-76c79a8af708.root - 67776 Events
[2025-11-21 10:19:56.184] [main] [info] input_file 1: root://cms-xrd-global.cern.ch//store/mc/Run3Summer22EENanoAODv12/ZZto2L2Q_TuneCP5_13p6TeV_powheg-pythia8/NANOAODSIM/130X_mcRun3_2022_realistic_postEE_v6_ext1-v2/2520000/4511e8a7-7eb9-403d-a6c3-76c79a8af708.root - SumOfGenWeight: 459855.5909999993 
[2025-11-21 10:19:56.184] [main] [info] Output directory: /eos/user/j/jiahua/MC_2022EE_inc/MC_2022EE_vbf/ZZto2L2Q_powheg_22EE_ext1-v2/4511e8a7-7eb9-403d-a6c3-76c79a8af708.root
[2025-11-21 10:19:56.186] [main] [info] Starting Setup of Dataframe with 67776 events
[2025-11-21 10:21:06.760] [main] [info] Finished Setup
[2025-11-21 10:21:06.760] [main] [info] Runtime for setup (real time: 70.58, CPU time: 66.89)
[2025-11-21 10:21:06.760] [main] [info] Starting Evaluation
[2025-11-21 10:21:34.065] [main] [info] 10000 / 67776 (14.75 %) Events processed ...
[2025-11-21 10:21:46.927] [main] [info] 20000 / 67776 (29.51 %) Events processed ...
[2025-11-21 10:22:01.051] [main] [info] 30000 / 67776 (44.26 %) Events processed ...
[2025-11-21 10:22:13.517] [main] [info] 40000 / 67776 (59.02 %) Events processed ...
[2025-11-21 10:22:24.523] [main] [info] 50000 / 67776 (73.77 %) Events processed ...
[2025-11-21 10:22:36.151] [main] [info] 60000 / 67776 (88.53 %) Events processed ...
[2025-11-21 10:22:45.695] [main] [info] vbfhmm:
GoodJetsCollection: pass=50595      all=67776      -- eff=74.65 % cumulative eff=74.65 %
Flag_goodVertices: pass=50595      all=50595      -- eff=100.00 % cumulative eff=74.65 %
Flag_globalSuperTightHalo2016Filter: pass=50593      all=50595      -- eff=100.00 % cumulative eff=74.65 %
Flag_EcalDeadCellTriggerPrimitiveFilter: pass=50590      all=50593      -- eff=99.99 % cumulative eff=74.64 %
Flag_BadPFMuonFilter: pass=50586      all=50590      -- eff=99.99 % cumulative eff=74.64 %
Flag_BadPFMuonDzFilter: pass=50585      all=50586      -- eff=100.00 % cumulative eff=74.64 %
Flag_eeBadScFilter: pass=50585      all=50585      -- eff=100.00 % cumulative eff=74.64 %
Flag_ecalBadCalibFilter: pass=50575      all=50585      -- eff=99.98 % cumulative eff=74.62 %
Flag_hfNoisyHitsFilter: pass=50573      all=50575      -- eff=100.00 % cumulative eff=74.62 %
Number of muons 2: pass=3599       all=50573      -- eff=7.12 % cumulative eff=5.31 %
Veto VH <= 0 electrons: pass=3597       all=3599       -- eff=99.94 % cumulative eff=5.31 %
DiMuon From Higgs: pass=3273       all=3597       -- eff=90.99 % cumulative eff=4.83 %
LeptonChargeSum: pass=3272       all=3273       -- eff=99.97 % cumulative eff=4.83 %
Hmass>=110: pass=174        all=3272       -- eff=5.32 % cumulative eff=0.26 %
[2025-11-21 10:22:45.809] [main] [info] Writing quantities map to /eos/user/j/jiahua/MC_2022EE_inc/MC_2022EE_vbf/ZZto2L2Q_powheg_22EE_ext1-v2/4511e8a7-7eb9-403d-a6c3-76c79a8af708_vbfhmm.root
[2025-11-21 10:22:45.885] [main] [info] Finished Evaluation
[2025-11-21 10:22:45.885] [main] [info] Overall runtime (real time: 169.70, CPU time: 161.92)
