000 (13047739.008.000) 11/20 09:15:47 Job submitted from host: <188.185.121.235:9618?addrs=188.185.121.235-9618+[2001-1458-d00-49--100-36e]-9618&alias=bigbird22.cern.ch&noUDP&sock=schedd_232129_c3ca>
...
040 (13047739.008.000) 11/20 09:39:28 Started transferring input files
	Transferring to host: <188.185.193.166:9618?addrs=188.185.193.166-9618+[2001-1458-303-20--100-a2]-9618&alias=b9p19p1307.cern.ch&noUDP&sock=slot1_37_7294_0862_58613>
...
040 (13047739.008.000) 11/20 09:39:28 Finished transferring input files
...
001 (13047739.008.000) 11/20 09:39:29 Job executing on host: <188.185.193.166:9618?addrs=188.185.193.166-9618+[2001-1458-303-20--100-a2]-9618&alias=b9p19p1307.cern.ch&noUDP&sock=startd_5974_3ede>
	SlotName: slot1_37@b9p19p1307.cern.ch
	CondorScratchDir = "/pool/condor/dir_2176705"
	Cpus = 1
	Disk = 16044
	GPUs = 0
	Memory = 3000
...
006 (13047739.008.000) 11/20 09:39:42 Image size of job updated: 97464
	96  -  MemoryUsage of job (MB)
	97464  -  ResidentSetSize of job (KB)
...
006 (13047739.008.000) 11/20 09:42:47 Image size of job updated: 676988
	96  -  MemoryUsage of job (MB)
	97464  -  ResidentSetSize of job (KB)
...
040 (13047739.008.000) 11/20 09:42:47 Started transferring output files
...
040 (13047739.008.000) 11/20 09:42:47 Finished transferring output files
...
005 (13047739.008.000) 11/20 09:42:47 Job terminated.
	(1) Normal termination (return value 134)
		Usr 0 00:02:52, Sys 0 00:00:05  -  Run Remote Usage
		Usr 0 00:00:00, Sys 0 00:00:00  -  Run Local Usage
		Usr 0 00:02:52, Sys 0 00:00:05  -  Total Remote Usage
		Usr 0 00:00:00, Sys 0 00:00:00  -  Total Local Usage
	8487  -  Run Bytes Sent By Job
	11510364  -  Run Bytes Received By Job
	8487  -  Total Bytes Sent By Job
	11510364  -  Total Bytes Received By Job
	Partitionable Resources :    Usage  Request Allocated 
	   Cpus                 :        0        1         1 
	   Disk (KB)            :    11273    12500     16044 
	   GPUs                 :                           0 
	   Memory (MB)          :       96     3000      3000 
	   TimeExecute (s)      :      198                    
	   TimeSlotBusy (s)     :      199                    

	Job terminated of its own accord at 2025-11-20T08:42:47Z with exit-code 134.
...
