Starting job on \n
Running on: Linux b9p11p1917.cern.ch 5.14.0-570.42.2.el9_6.x86_64 #1 SMP PREEMPT_DYNAMIC Mon Sep 8 12:15:13 EDT 2025 x86_64 x86_64 x86_64 GNU/Linux\n
System software: Red Hat Enterprise Linux release 9.7 (Plow)\n
Setting up CROWN for RedHatEnterprise Version 9.7
subject   : /DC=ch/DC=cern/OU=Organic Units/OU=Users/CN=jiahua/CN=851532/CN=Jiahua Chen/CN=2045128514
issuer    : /DC=ch/DC=cern/OU=Organic Units/OU=Users/CN=jiahua/CN=851532/CN=Jiahua Chen
identity  : /DC=ch/DC=cern/OU=Organic Units/OU=Users/CN=jiahua/CN=851532/CN=Jiahua Chen
type      : RFC compliant proxy
strength  : 2048 bits
path      : /afs/cern.ch/user/j/jiahua/proxy/x509up_u139833
timeleft  : 168:32:26
key usage : Digital Signature, Key Encipherment
=== VO cms extension information ===
VO        : cms
subject   : /DC=ch/DC=cern/OU=Organic Units/OU=Users/CN=jiahua/CN=851532/CN=Jiahua Chen
issuer    : /DC=ch/DC=cern/OU=computers/CN=cms-auth.cern.ch
attribute : /cms/Role=NULL/Capability=NULL
timeleft  : 160:32:25
uri       : voms-cms-auth.cern.ch:15000
subject   : /DC=ch/DC=cern/OU=Organic Units/OU=Users/CN=jiahua/CN=851532/CN=Jiahua Chen/CN=2045128514
issuer    : /DC=ch/DC=cern/OU=Organic Units/OU=Users/CN=jiahua/CN=851532/CN=Jiahua Chen
identity  : /DC=ch/DC=cern/OU=Organic Units/OU=Users/CN=jiahua/CN=851532/CN=Jiahua Chen
type      : RFC compliant proxy
strength  : 2048 bits
path      : /afs/cern.ch/user/j/jiahua/proxy/x509up_u139833
timeleft  : 168:32:26
key usage : Digital Signature, Key Encipherment
=== VO cms extension information ===
VO        : cms
subject   : /DC=ch/DC=cern/OU=Organic Units/OU=Users/CN=jiahua/CN=851532/CN=Jiahua Chen
issuer    : /DC=ch/DC=cern/OU=computers/CN=cms-auth.cern.ch
attribute : /cms/Role=NULL/Capability=NULL
timeleft  : 160:32:25
uri       : voms-cms-auth.cern.ch:15000
/eos/user/j/jiahua/MC_2022EE_inc/MC_2022EE_vbf/ZZto2L2Nu_powheg_22EE_ext1-v2/7fdc7e01-6390-48aa-b6da-93e4c3f3f0d3.root
[2025-11-21 10:16:17.935] [main] [info] Checking input files
[2025-11-21 10:16:24.387] [main] [info] NanoAOD input_file 1: root://cms-xrd-global.cern.ch//store/mc/Run3Summer22EENanoAODv12/ZZto2L2Nu_TuneCP5_13p6TeV_powheg-pythia8/NANOAODSIM/130X_mcRun3_2022_realistic_postEE_v6_ext1-v2/40000/7fdc7e01-6390-48aa-b6da-93e4c3f3f0d3.root - 3610 Events
[2025-11-21 10:16:24.387] [main] [info] input_file 1: root://cms-xrd-global.cern.ch//store/mc/Run3Summer22EENanoAODv12/ZZto2L2Nu_TuneCP5_13p6TeV_powheg-pythia8/NANOAODSIM/130X_mcRun3_2022_realistic_postEE_v6_ext1-v2/40000/7fdc7e01-6390-48aa-b6da-93e4c3f3f0d3.root - SumOfGenWeight: 3723.2563600000008 
[2025-11-21 10:16:24.387] [main] [info] Output directory: /eos/user/j/jiahua/MC_2022EE_inc/MC_2022EE_vbf/ZZto2L2Nu_powheg_22EE_ext1-v2/7fdc7e01-6390-48aa-b6da-93e4c3f3f0d3.root
[2025-11-21 10:16:24.388] [main] [info] Starting Setup of Dataframe with 3610 events
[2025-11-21 10:17:21.383] [main] [info] Finished Setup
[2025-11-21 10:17:21.383] [main] [info] Runtime for setup (real time: 57.00, CPU time: 52.28)
[2025-11-21 10:17:21.383] [main] [info] Starting Evaluation
[2025-11-21 10:17:36.674] [main] [info] vbfhmm:
GoodJetsCollection: pass=2357       all=3610       -- eff=65.29 % cumulative eff=65.29 %
Flag_goodVertices: pass=2357       all=2357       -- eff=100.00 % cumulative eff=65.29 %
Flag_globalSuperTightHalo2016Filter: pass=2357       all=2357       -- eff=100.00 % cumulative eff=65.29 %
Flag_EcalDeadCellTriggerPrimitiveFilter: pass=2357       all=2357       -- eff=100.00 % cumulative eff=65.29 %
Flag_BadPFMuonFilter: pass=2357       all=2357       -- eff=100.00 % cumulative eff=65.29 %
Flag_BadPFMuonDzFilter: pass=2357       all=2357       -- eff=100.00 % cumulative eff=65.29 %
Flag_eeBadScFilter: pass=2357       all=2357       -- eff=100.00 % cumulative eff=65.29 %
Flag_ecalBadCalibFilter: pass=2356       all=2357       -- eff=99.96 % cumulative eff=65.26 %
Flag_hfNoisyHitsFilter: pass=2356       all=2356       -- eff=100.00 % cumulative eff=65.26 %
Number of muons 2: pass=142        all=2356       -- eff=6.03 % cumulative eff=3.93 %
Veto VH <= 0 electrons: pass=142        all=142        -- eff=100.00 % cumulative eff=3.93 %
DiMuon From Higgs: pass=131        all=142        -- eff=92.25 % cumulative eff=3.63 %
LeptonChargeSum: pass=131        all=131        -- eff=100.00 % cumulative eff=3.63 %
Hmass>=110: pass=10         all=131        -- eff=7.63 % cumulative eff=0.28 %
[2025-11-21 10:17:36.764] [main] [info] Writing quantities map to /eos/user/j/jiahua/MC_2022EE_inc/MC_2022EE_vbf/ZZto2L2Nu_powheg_22EE_ext1-v2/7fdc7e01-6390-48aa-b6da-93e4c3f3f0d3_vbfhmm.root
[2025-11-21 10:17:36.847] [main] [info] Finished Evaluation
[2025-11-21 10:17:36.847] [main] [info] Overall runtime (real time: 72.46, CPU time: 66.13)
