000 (13047739.207.000) 11/20 09:15:47 Job submitted from host: <188.185.121.235:9618?addrs=188.185.121.235-9618+[2001-1458-d00-49--100-36e]-9618&alias=bigbird22.cern.ch&noUDP&sock=schedd_232129_c3ca>
...
040 (13047739.207.000) 11/20 09:40:34 Started transferring input files
	Transferring to host: <188.185.214.29:9618?addrs=188.185.214.29-9618+[2001-1458-303-1c--100-19]-9618&alias=b9p29p6384.cern.ch&noUDP&sock=slot1_56_5727_f082_63191>
...
040 (13047739.207.000) 11/20 09:40:34 Finished transferring input files
...
001 (13047739.207.000) 11/20 09:40:35 Job executing on host: <188.185.214.29:9618?addrs=188.185.214.29-9618+[2001-1458-303-1c--100-19]-9618&alias=b9p29p6384.cern.ch&noUDP&sock=startd_4765_f8de>
	SlotName: slot1_56@b9p29p6384.cern.ch
	CondorScratchDir = "/pool/condor/dir_516677"
	Cpus = 1
	Disk = 16035
	GPUs = 0
	Memory = 3000
...
006 (13047739.207.000) 11/20 09:40:49 Image size of job updated: 155904
	153  -  MemoryUsage of job (MB)
	155904  -  ResidentSetSize of job (KB)
...
006 (13047739.207.000) 11/20 09:42:13 Image size of job updated: 678548
	153  -  MemoryUsage of job (MB)
	155904  -  ResidentSetSize of job (KB)
...
040 (13047739.207.000) 11/20 09:42:13 Started transferring output files
...
040 (13047739.207.000) 11/20 09:42:13 Finished transferring output files
...
005 (13047739.207.000) 11/20 09:42:13 Job terminated.
	(1) Normal termination (return value 134)
		Usr 0 00:01:24, Sys 0 00:00:02  -  Run Remote Usage
		Usr 0 00:00:00, Sys 0 00:00:00  -  Run Local Usage
		Usr 0 00:01:24, Sys 0 00:00:02  -  Total Remote Usage
		Usr 0 00:00:00, Sys 0 00:00:00  -  Total Local Usage
	8479  -  Run Bytes Sent By Job
	11510364  -  Run Bytes Received By Job
	8479  -  Total Bytes Sent By Job
	11510364  -  Total Bytes Received By Job
	Partitionable Resources :    Usage  Request Allocated 
	   Cpus                 :                 1         1 
	   Disk (KB)            :    11265    12500     16035 
	   GPUs                 :                           0 
	   Memory (MB)          :      153     3000      3000 
	   TimeExecute (s)      :       98                    
	   TimeSlotBusy (s)     :       99                    

	Job terminated of its own accord at 2025-11-20T08:42:13Z with exit-code 134.
...
