Starting job on \n
Running on: Linux b9g03p3589.cern.ch 5.14.0-570.44.1.el9_6.x86_64 #1 SMP PREEMPT_DYNAMIC Tue Sep 9 05:17:30 EDT 2025 x86_64 x86_64 x86_64 GNU/Linux\n
System software: Red Hat Enterprise Linux release 9.7 (Plow)\n
Setting up CROWN for RedHatEnterprise Version 9.7
subject   : /DC=ch/DC=cern/OU=Organic Units/OU=Users/CN=jiahua/CN=851532/CN=Jiahua Chen/CN=2045128514
issuer    : /DC=ch/DC=cern/OU=Organic Units/OU=Users/CN=jiahua/CN=851532/CN=Jiahua Chen
identity  : /DC=ch/DC=cern/OU=Organic Units/OU=Users/CN=jiahua/CN=851532/CN=Jiahua Chen
type      : RFC compliant proxy
strength  : 2048 bits
path      : /afs/cern.ch/user/j/jiahua/proxy/x509up_u139833
timeleft  : 199:35:45
key usage : Digital Signature, Key Encipherment
=== VO cms extension information ===
VO        : cms
subject   : /DC=ch/DC=cern/OU=Organic Units/OU=Users/CN=jiahua/CN=851532/CN=Jiahua Chen
issuer    : /DC=ch/DC=cern/OU=computers/CN=cms-auth.cern.ch
attribute : /cms/Role=NULL/Capability=NULL
timeleft  : 191:35:44
uri       : voms-cms-auth.cern.ch:15000
subject   : /DC=ch/DC=cern/OU=Organic Units/OU=Users/CN=jiahua/CN=851532/CN=Jiahua Chen/CN=2045128514
issuer    : /DC=ch/DC=cern/OU=Organic Units/OU=Users/CN=jiahua/CN=851532/CN=Jiahua Chen
identity  : /DC=ch/DC=cern/OU=Organic Units/OU=Users/CN=jiahua/CN=851532/CN=Jiahua Chen
type      : RFC compliant proxy
strength  : 2048 bits
path      : /afs/cern.ch/user/j/jiahua/proxy/x509up_u139833
timeleft  : 199:35:45
key usage : Digital Signature, Key Encipherment
=== VO cms extension information ===
VO        : cms
subject   : /DC=ch/DC=cern/OU=Organic Units/OU=Users/CN=jiahua/CN=851532/CN=Jiahua Chen
issuer    : /DC=ch/DC=cern/OU=computers/CN=cms-auth.cern.ch
attribute : /cms/Role=NULL/Capability=NULL
timeleft  : 191:35:44
uri       : voms-cms-auth.cern.ch:15000
/eos/user/j/jiahua/MC_2022EE_inc/MC_2022EE_vbf/ZZto2L2Nu_powheg_22EE_ext1-v2/c3a382b9-acb2-4470-9629-4a83f3a218ca.root
[2025-11-20 03:12:58.981] [main] [info] Checking input files
[2025-11-20 03:13:03.438] [main] [info] NanoAOD input_file 1: root://cms-xrd-global.cern.ch//store/mc/Run3Summer22EENanoAODv12/ZZto2L2Nu_TuneCP5_13p6TeV_powheg-pythia8/NANOAODSIM/130X_mcRun3_2022_realistic_postEE_v6_ext1-v2/40000/c3a382b9-acb2-4470-9629-4a83f3a218ca.root - 77254 Events
[2025-11-20 03:13:03.438] [main] [info] input_file 1: root://cms-xrd-global.cern.ch//store/mc/Run3Summer22EENanoAODv12/ZZto2L2Nu_TuneCP5_13p6TeV_powheg-pythia8/NANOAODSIM/130X_mcRun3_2022_realistic_postEE_v6_ext1-v2/40000/c3a382b9-acb2-4470-9629-4a83f3a218ca.root - SumOfGenWeight: 79632.6433800001 
[2025-11-20 03:13:03.438] [main] [info] Output directory: /eos/user/j/jiahua/MC_2022EE_inc/MC_2022EE_vbf/ZZto2L2Nu_powheg_22EE_ext1-v2/c3a382b9-acb2-4470-9629-4a83f3a218ca.root
[2025-11-20 03:13:03.439] [main] [info] Starting Setup of Dataframe with 77254 events
[2025-11-20 03:14:35.577] [main] [info] Finished Setup
[2025-11-20 03:14:35.577] [main] [info] Runtime for setup (real time: 92.14, CPU time: 87.15)
[2025-11-20 03:14:35.577] [main] [info] Starting Evaluation
[2025-11-20 03:15:08.386] [main] [info] 10000 / 77254 (12.94 %) Events processed ...
[2025-11-20 03:15:19.914] [main] [info] 20000 / 77254 (25.89 %) Events processed ...
[2025-11-20 03:15:32.120] [main] [info] 30000 / 77254 (38.83 %) Events processed ...
[2025-11-20 03:15:43.544] [main] [info] 40000 / 77254 (51.78 %) Events processed ...
[2025-11-20 03:16:00.866] [main] [info] 50000 / 77254 (64.72 %) Events processed ...
[2025-11-20 03:16:12.500] [main] [info] 60000 / 77254 (77.67 %) Events processed ...
[2025-11-20 03:16:24.150] [main] [info] 70000 / 77254 (90.61 %) Events processed ...
[2025-11-20 03:16:32.443] [main] [info] vbfhmm:
GoodJetsCollection: pass=50031      all=77254      -- eff=64.76 % cumulative eff=64.76 %
Flag_goodVertices: pass=50031      all=50031      -- eff=100.00 % cumulative eff=64.76 %
Flag_globalSuperTightHalo2016Filter: pass=50025      all=50031      -- eff=99.99 % cumulative eff=64.75 %
Flag_EcalDeadCellTriggerPrimitiveFilter: pass=50022      all=50025      -- eff=99.99 % cumulative eff=64.75 %
Flag_BadPFMuonFilter: pass=50018      all=50022      -- eff=99.99 % cumulative eff=64.74 %
Flag_BadPFMuonDzFilter: pass=50016      all=50018      -- eff=100.00 % cumulative eff=64.74 %
Flag_eeBadScFilter: pass=50016      all=50016      -- eff=100.00 % cumulative eff=64.74 %
Flag_ecalBadCalibFilter: pass=49998      all=50016      -- eff=99.96 % cumulative eff=64.72 %
Flag_hfNoisyHitsFilter: pass=49997      all=49998      -- eff=100.00 % cumulative eff=64.72 %
Number of muons 2: pass=3428       all=49997      -- eff=6.86 % cumulative eff=4.44 %
Veto VH <= 0 electrons: pass=3427       all=3428       -- eff=99.97 % cumulative eff=4.44 %
DiMuon From Higgs: pass=3204       all=3427       -- eff=93.49 % cumulative eff=4.15 %
LeptonChargeSum: pass=3203       all=3204       -- eff=99.97 % cumulative eff=4.15 %
Hmass>=110: pass=187        all=3203       -- eff=5.84 % cumulative eff=0.24 %
[2025-11-20 03:16:32.704] [main] [info] Writing quantities map to /eos/user/j/jiahua/MC_2022EE_inc/MC_2022EE_vbf/ZZto2L2Nu_powheg_22EE_ext1-v2/c3a382b9-acb2-4470-9629-4a83f3a218ca_vbfhmm.root
[2025-11-20 03:16:32.809] [main] [info] Finished Evaluation
[2025-11-20 03:16:32.809] [main] [info] Overall runtime (real time: 209.37, CPU time: 196.46)
