000 (13087774.327.000) 11/21 10:07:43 Job submitted from host: <188.185.121.235:9618?addrs=188.185.121.235-9618+[2001-1458-d00-49--100-36e]-9618&alias=bigbird22.cern.ch&noUDP&sock=schedd_232129_c3ca>
...
040 (13087774.327.000) 11/21 10:20:01 Started transferring input files
	Transferring to host: <188.185.213.49:9618?addrs=188.185.213.49-9618+[2001-1458-303-1a--100-2d]-9618&alias=b9p27p3241.cern.ch&noUDP&sock=slot1_25_7167_8cbd_62279>
...
040 (13087774.327.000) 11/21 10:20:01 Finished transferring input files
...
001 (13087774.327.000) 11/21 10:20:02 Job executing on host: <188.185.213.49:9618?addrs=188.185.213.49-9618+[2001-1458-303-1a--100-2d]-9618&alias=b9p27p3241.cern.ch&noUDP&sock=startd_6406_8fc8>
	SlotName: slot1_25@b9p27p3241.cern.ch
	CondorScratchDir = "/pool/condor/dir_4168083"
	Cpus = 1
	Disk = 16067
	GPUs = 0
	Memory = 3000
...
006 (13087774.327.000) 11/21 10:20:16 Image size of job updated: 154068
	151  -  MemoryUsage of job (MB)
	154068  -  ResidentSetSize of job (KB)
...
006 (13087774.327.000) 11/21 10:23:12 Image size of job updated: 702376
	151  -  MemoryUsage of job (MB)
	154068  -  ResidentSetSize of job (KB)
...
040 (13087774.327.000) 11/21 10:23:12 Started transferring output files
...
040 (13087774.327.000) 11/21 10:23:12 Finished transferring output files
...
005 (13087774.327.000) 11/21 10:23:12 Job terminated.
	(1) Normal termination (return value 0)
		Usr 0 00:02:51, Sys 0 00:00:03  -  Run Remote Usage
		Usr 0 00:00:00, Sys 0 00:00:00  -  Run Local Usage
		Usr 0 00:02:51, Sys 0 00:00:03  -  Total Remote Usage
		Usr 0 00:00:00, Sys 0 00:00:00  -  Total Local Usage
	10347  -  Run Bytes Sent By Job
	11510364  -  Run Bytes Received By Job
	10347  -  Total Bytes Sent By Job
	11510364  -  Total Bytes Received By Job
	Partitionable Resources :    Usage  Request Allocated 
	   Cpus                 :     0.99        1         1 
	   Disk (KB)            : 11274       12500     16067 
	   GPUs                 :                           0 
	   Memory (MB)          :   151        3000      3000 
	   TimeExecute (s)      :   190                       
	   TimeSlotBusy (s)     :   191                       

	Job terminated of its own accord at 2025-11-21T09:23:12Z with exit-code 0.
...
