000 (13047737.460.000) 11/20 09:15:41 Job submitted from host: <188.185.121.235:9618?addrs=188.185.121.235-9618+[2001-1458-d00-49--100-36e]-9618&alias=bigbird22.cern.ch&noUDP&sock=schedd_232129_c3ca>
...
040 (13047737.460.000) 11/20 09:36:55 Started transferring input files
	Transferring to host: <188.185.212.160:9618?addrs=188.185.212.160-9618+[2001-1458-303-19--100-1c]-9618&alias=b9p26p3438.cern.ch&noUDP&sock=slot1_30_6735_2aab_61031>
...
040 (13047737.460.000) 11/20 09:36:55 Finished transferring input files
...
001 (13047737.460.000) 11/20 09:36:56 Job executing on host: <188.185.212.160:9618?addrs=188.185.212.160-9618+[2001-1458-303-19--100-1c]-9618&alias=b9p26p3438.cern.ch&noUDP&sock=startd_5745_2bae>
	SlotName: slot1_30@b9p26p3438.cern.ch
	CondorScratchDir = "/pool/condor/dir_562155"
	Cpus = 1
	Disk = 16127
	GPUs = 0
	Memory = 3000
...
006 (13047737.460.000) 11/20 09:37:10 Image size of job updated: 152176
	149  -  MemoryUsage of job (MB)
	152176  -  ResidentSetSize of job (KB)
...
006 (13047737.460.000) 11/20 09:38:35 Image size of job updated: 658840
	149  -  MemoryUsage of job (MB)
	152176  -  ResidentSetSize of job (KB)
...
040 (13047737.460.000) 11/20 09:38:35 Started transferring output files
...
040 (13047737.460.000) 11/20 09:38:35 Finished transferring output files
...
005 (13047737.460.000) 11/20 09:38:35 Job terminated.
	(1) Normal termination (return value 134)
		Usr 0 00:01:23, Sys 0 00:00:02  -  Run Remote Usage
		Usr 0 00:00:00, Sys 0 00:00:00  -  Run Local Usage
		Usr 0 00:01:23, Sys 0 00:00:02  -  Total Remote Usage
		Usr 0 00:00:00, Sys 0 00:00:00  -  Total Local Usage
	8481  -  Run Bytes Sent By Job
	11510364  -  Run Bytes Received By Job
	8481  -  Total Bytes Sent By Job
	11510364  -  Total Bytes Received By Job
	Partitionable Resources :    Usage  Request Allocated 
	   Cpus                 :        0        1         1 
	   Disk (KB)            :    11272    12500     16127 
	   GPUs                 :                           0 
	   Memory (MB)          :      149     3000      3000 
	   TimeExecute (s)      :       99                    
	   TimeSlotBusy (s)     :      100                    

	Job terminated of its own accord at 2025-11-20T08:38:35Z with exit-code 134.
...
