000 (13087773.315.000) 11/21 10:07:27 Job submitted from host: <188.185.121.235:9618?addrs=188.185.121.235-9618+[2001-1458-d00-49--100-36e]-9618&alias=bigbird22.cern.ch&noUDP&sock=schedd_232129_c3ca>
...
040 (13087773.315.000) 11/21 10:16:34 Started transferring input files
	Transferring to host: <188.185.195.157:9618?addrs=188.185.195.157-9618+[2001-1458-303-22--100-99]-9618&alias=b9p17p0988.cern.ch&noUDP&sock=slot1_8_3281_82de_57617>
...
040 (13087773.315.000) 11/21 10:16:34 Finished transferring input files
...
001 (13087773.315.000) 11/21 10:16:35 Job executing on host: <188.185.195.157:9618?addrs=188.185.195.157-9618+[2001-1458-303-22--100-99]-9618&alias=b9p17p0988.cern.ch&noUDP&sock=startd_2550_aa97>
	SlotName: slot1_8@b9p17p0988.cern.ch
	CondorScratchDir = "/pool/condor/dir_1497899"
	Cpus = 1
	Disk = 15993
	GPUs = 0
	Memory = 3000
...
006 (13087773.315.000) 11/21 10:16:48 Image size of job updated: 152800
	150  -  MemoryUsage of job (MB)
	152800  -  ResidentSetSize of job (KB)
...
006 (13087773.315.000) 11/21 10:18:59 Image size of job updated: 671036
	150  -  MemoryUsage of job (MB)
	152800  -  ResidentSetSize of job (KB)
...
040 (13087773.315.000) 11/21 10:18:59 Started transferring output files
...
040 (13087773.315.000) 11/21 10:18:59 Finished transferring output files
...
005 (13087773.315.000) 11/21 10:18:59 Job terminated.
	(1) Normal termination (return value 0)
		Usr 0 00:02:06, Sys 0 00:00:02  -  Run Remote Usage
		Usr 0 00:00:00, Sys 0 00:00:00  -  Run Local Usage
		Usr 0 00:02:06, Sys 0 00:00:02  -  Total Remote Usage
		Usr 0 00:00:00, Sys 0 00:00:00  -  Total Local Usage
	9930  -  Run Bytes Sent By Job
	11510364  -  Run Bytes Received By Job
	9930  -  Total Bytes Sent By Job
	11510364  -  Total Bytes Received By Job
	Partitionable Resources :    Usage  Request Allocated 
	   Cpus                 :        0        1         1 
	   Disk (KB)            :    11275    12500     15993 
	   GPUs                 :                           0 
	   Memory (MB)          :      150     3000      3000 
	   TimeExecute (s)      :      144                    
	   TimeSlotBusy (s)     :      145                    

	Job terminated of its own accord at 2025-11-21T09:18:59Z with exit-code 0.
...
