Starting job on \n
Running on: Linux b9p08p3056.cern.ch 5.14.0-570.42.2.el9_6.x86_64 #1 SMP PREEMPT_DYNAMIC Mon Sep 8 12:15:13 EDT 2025 x86_64 x86_64 x86_64 GNU/Linux\n
System software: Red Hat Enterprise Linux release 9.7 (Plow)\n
Setting up CROWN for RedHatEnterprise Version 9.7
subject   : /DC=ch/DC=cern/OU=Organic Units/OU=Users/CN=jiahua/CN=851532/CN=Jiahua Chen/CN=2045128514
issuer    : /DC=ch/DC=cern/OU=Organic Units/OU=Users/CN=jiahua/CN=851532/CN=Jiahua Chen
identity  : /DC=ch/DC=cern/OU=Organic Units/OU=Users/CN=jiahua/CN=851532/CN=Jiahua Chen
type      : RFC compliant proxy
strength  : 2048 bits
path      : /afs/cern.ch/user/j/jiahua/proxy/x509up_u139833
timeleft  : 199:34:36
key usage : Digital Signature, Key Encipherment
=== VO cms extension information ===
VO        : cms
subject   : /DC=ch/DC=cern/OU=Organic Units/OU=Users/CN=jiahua/CN=851532/CN=Jiahua Chen
issuer    : /DC=ch/DC=cern/OU=computers/CN=cms-auth.cern.ch
attribute : /cms/Role=NULL/Capability=NULL
timeleft  : 191:34:35
uri       : voms-cms-auth.cern.ch:15000
subject   : /DC=ch/DC=cern/OU=Organic Units/OU=Users/CN=jiahua/CN=851532/CN=Jiahua Chen/CN=2045128514
issuer    : /DC=ch/DC=cern/OU=Organic Units/OU=Users/CN=jiahua/CN=851532/CN=Jiahua Chen
identity  : /DC=ch/DC=cern/OU=Organic Units/OU=Users/CN=jiahua/CN=851532/CN=Jiahua Chen
type      : RFC compliant proxy
strength  : 2048 bits
path      : /afs/cern.ch/user/j/jiahua/proxy/x509up_u139833
timeleft  : 199:34:36
key usage : Digital Signature, Key Encipherment
=== VO cms extension information ===
VO        : cms
subject   : /DC=ch/DC=cern/OU=Organic Units/OU=Users/CN=jiahua/CN=851532/CN=Jiahua Chen
issuer    : /DC=ch/DC=cern/OU=computers/CN=cms-auth.cern.ch
attribute : /cms/Role=NULL/Capability=NULL
timeleft  : 191:34:35
uri       : voms-cms-auth.cern.ch:15000
/eos/user/j/jiahua/MC_2022EE_inc/MC_2022EE_vbf/ZZto2L2Nu_powheg_22EE_ext1-v2/1b9ab36c-a658-45f8-b283-e67ce5839f32.root
[2025-11-20 03:14:07.426] [main] [info] Checking input files
[2025-11-20 03:14:12.170] [main] [info] NanoAOD input_file 1: root://cms-xrd-global.cern.ch//store/mc/Run3Summer22EENanoAODv12/ZZto2L2Nu_TuneCP5_13p6TeV_powheg-pythia8/NANOAODSIM/130X_mcRun3_2022_realistic_postEE_v6_ext1-v2/40000/1b9ab36c-a658-45f8-b283-e67ce5839f32.root - 9386 Events
[2025-11-20 03:14:12.170] [main] [info] input_file 1: root://cms-xrd-global.cern.ch//store/mc/Run3Summer22EENanoAODv12/ZZto2L2Nu_TuneCP5_13p6TeV_powheg-pythia8/NANOAODSIM/130X_mcRun3_2022_realistic_postEE_v6_ext1-v2/40000/1b9ab36c-a658-45f8-b283-e67ce5839f32.root - SumOfGenWeight: 9669.722400000002 
[2025-11-20 03:14:12.170] [main] [info] Output directory: /eos/user/j/jiahua/MC_2022EE_inc/MC_2022EE_vbf/ZZto2L2Nu_powheg_22EE_ext1-v2/1b9ab36c-a658-45f8-b283-e67ce5839f32.root
[2025-11-20 03:14:12.171] [main] [info] Starting Setup of Dataframe with 9386 events
[2025-11-20 03:15:21.796] [main] [info] Finished Setup
[2025-11-20 03:15:21.796] [main] [info] Runtime for setup (real time: 69.63, CPU time: 64.88)
[2025-11-20 03:15:21.796] [main] [info] Starting Evaluation
[2025-11-20 03:15:51.920] [main] [info] vbfhmm:
GoodJetsCollection: pass=6067       all=9386       -- eff=64.64 % cumulative eff=64.64 %
Flag_goodVertices: pass=6067       all=6067       -- eff=100.00 % cumulative eff=64.64 %
Flag_globalSuperTightHalo2016Filter: pass=6067       all=6067       -- eff=100.00 % cumulative eff=64.64 %
Flag_EcalDeadCellTriggerPrimitiveFilter: pass=6067       all=6067       -- eff=100.00 % cumulative eff=64.64 %
Flag_BadPFMuonFilter: pass=6067       all=6067       -- eff=100.00 % cumulative eff=64.64 %
Flag_BadPFMuonDzFilter: pass=6067       all=6067       -- eff=100.00 % cumulative eff=64.64 %
Flag_eeBadScFilter: pass=6067       all=6067       -- eff=100.00 % cumulative eff=64.64 %
Flag_ecalBadCalibFilter: pass=6066       all=6067       -- eff=99.98 % cumulative eff=64.63 %
Flag_hfNoisyHitsFilter: pass=6064       all=6066       -- eff=99.97 % cumulative eff=64.61 %
Number of muons 2: pass=448        all=6064       -- eff=7.39 % cumulative eff=4.77 %
Veto VH <= 0 electrons: pass=448        all=448        -- eff=100.00 % cumulative eff=4.77 %
DiMuon From Higgs: pass=425        all=448        -- eff=94.87 % cumulative eff=4.53 %
LeptonChargeSum: pass=425        all=425        -- eff=100.00 % cumulative eff=4.53 %
Hmass>=110: pass=18         all=425        -- eff=4.24 % cumulative eff=0.19 %
[2025-11-20 03:15:52.054] [main] [info] Writing quantities map to /eos/user/j/jiahua/MC_2022EE_inc/MC_2022EE_vbf/ZZto2L2Nu_powheg_22EE_ext1-v2/1b9ab36c-a658-45f8-b283-e67ce5839f32_vbfhmm.root
[2025-11-20 03:15:52.128] [main] [info] Finished Evaluation
[2025-11-20 03:15:52.128] [main] [info] Overall runtime (real time: 99.96, CPU time: 87.96)
