Starting job on \n
Running on: Linux b9p10p2513.cern.ch 5.14.0-570.42.2.el9_6.x86_64 #1 SMP PREEMPT_DYNAMIC Mon Sep 8 12:15:13 EDT 2025 x86_64 x86_64 x86_64 GNU/Linux\n
System software: Red Hat Enterprise Linux release 9.7 (Plow)\n
Setting up CROWN for RedHatEnterprise Version 9.7
subject   : /DC=ch/DC=cern/OU=Organic Units/OU=Users/CN=jiahua/CN=851532/CN=Jiahua Chen/CN=2045128514
issuer    : /DC=ch/DC=cern/OU=Organic Units/OU=Users/CN=jiahua/CN=851532/CN=Jiahua Chen
identity  : /DC=ch/DC=cern/OU=Organic Units/OU=Users/CN=jiahua/CN=851532/CN=Jiahua Chen
type      : RFC compliant proxy
strength  : 2048 bits
path      : /afs/cern.ch/user/j/jiahua/proxy/x509up_u139833
timeleft  : 168:32:58
key usage : Digital Signature, Key Encipherment
=== VO cms extension information ===
VO        : cms
subject   : /DC=ch/DC=cern/OU=Organic Units/OU=Users/CN=jiahua/CN=851532/CN=Jiahua Chen
issuer    : /DC=ch/DC=cern/OU=computers/CN=cms-auth.cern.ch
attribute : /cms/Role=NULL/Capability=NULL
timeleft  : 160:32:57
uri       : voms-cms-auth.cern.ch:15000
subject   : /DC=ch/DC=cern/OU=Organic Units/OU=Users/CN=jiahua/CN=851532/CN=Jiahua Chen/CN=2045128514
issuer    : /DC=ch/DC=cern/OU=Organic Units/OU=Users/CN=jiahua/CN=851532/CN=Jiahua Chen
identity  : /DC=ch/DC=cern/OU=Organic Units/OU=Users/CN=jiahua/CN=851532/CN=Jiahua Chen
type      : RFC compliant proxy
strength  : 2048 bits
path      : /afs/cern.ch/user/j/jiahua/proxy/x509up_u139833
timeleft  : 168:32:58
key usage : Digital Signature, Key Encipherment
=== VO cms extension information ===
VO        : cms
subject   : /DC=ch/DC=cern/OU=Organic Units/OU=Users/CN=jiahua/CN=851532/CN=Jiahua Chen
issuer    : /DC=ch/DC=cern/OU=computers/CN=cms-auth.cern.ch
attribute : /cms/Role=NULL/Capability=NULL
timeleft  : 160:32:57
uri       : voms-cms-auth.cern.ch:15000
/eos/user/j/jiahua/MC_2022EE_inc/MC_2022EE_vbf/ZZto2L2Nu_powheg_22EE_ext1-v2/70652916-29d5-4f47-a0e3-b10ba5207abf.root
[2025-11-21 10:15:45.456] [main] [info] Checking input files
[2025-11-21 10:15:50.202] [main] [info] NanoAOD input_file 1: root://cms-xrd-global.cern.ch//store/mc/Run3Summer22EENanoAODv12/ZZto2L2Nu_TuneCP5_13p6TeV_powheg-pythia8/NANOAODSIM/130X_mcRun3_2022_realistic_postEE_v6_ext1-v2/2520000/70652916-29d5-4f47-a0e3-b10ba5207abf.root - 4332 Events
[2025-11-21 10:15:50.202] [main] [info] input_file 1: root://cms-xrd-global.cern.ch//store/mc/Run3Summer22EENanoAODv12/ZZto2L2Nu_TuneCP5_13p6TeV_powheg-pythia8/NANOAODSIM/130X_mcRun3_2022_realistic_postEE_v6_ext1-v2/2520000/70652916-29d5-4f47-a0e3-b10ba5207abf.root - SumOfGenWeight: 4467.081160000002 
[2025-11-21 10:15:50.202] [main] [info] Output directory: /eos/user/j/jiahua/MC_2022EE_inc/MC_2022EE_vbf/ZZto2L2Nu_powheg_22EE_ext1-v2/70652916-29d5-4f47-a0e3-b10ba5207abf.root
[2025-11-21 10:15:50.203] [main] [info] Starting Setup of Dataframe with 4332 events
[2025-11-21 10:16:59.382] [main] [info] Finished Setup
[2025-11-21 10:16:59.382] [main] [info] Runtime for setup (real time: 69.18, CPU time: 64.38)
[2025-11-21 10:16:59.382] [main] [info] Starting Evaluation
[2025-11-21 10:17:20.208] [main] [info] vbfhmm:
GoodJetsCollection: pass=2828       all=4332       -- eff=65.28 % cumulative eff=65.28 %
Flag_goodVertices: pass=2828       all=2828       -- eff=100.00 % cumulative eff=65.28 %
Flag_globalSuperTightHalo2016Filter: pass=2828       all=2828       -- eff=100.00 % cumulative eff=65.28 %
Flag_EcalDeadCellTriggerPrimitiveFilter: pass=2828       all=2828       -- eff=100.00 % cumulative eff=65.28 %
Flag_BadPFMuonFilter: pass=2828       all=2828       -- eff=100.00 % cumulative eff=65.28 %
Flag_BadPFMuonDzFilter: pass=2828       all=2828       -- eff=100.00 % cumulative eff=65.28 %
Flag_eeBadScFilter: pass=2828       all=2828       -- eff=100.00 % cumulative eff=65.28 %
Flag_ecalBadCalibFilter: pass=2827       all=2828       -- eff=99.96 % cumulative eff=65.26 %
Flag_hfNoisyHitsFilter: pass=2827       all=2827       -- eff=100.00 % cumulative eff=65.26 %
Number of muons 2: pass=202        all=2827       -- eff=7.15 % cumulative eff=4.66 %
Veto VH <= 0 electrons: pass=202        all=202        -- eff=100.00 % cumulative eff=4.66 %
DiMuon From Higgs: pass=192        all=202        -- eff=95.05 % cumulative eff=4.43 %
LeptonChargeSum: pass=192        all=192        -- eff=100.00 % cumulative eff=4.43 %
Hmass>=110: pass=7          all=192        -- eff=3.65 % cumulative eff=0.16 %
[2025-11-21 10:17:20.299] [main] [info] Writing quantities map to /eos/user/j/jiahua/MC_2022EE_inc/MC_2022EE_vbf/ZZto2L2Nu_powheg_22EE_ext1-v2/70652916-29d5-4f47-a0e3-b10ba5207abf_vbfhmm.root
[2025-11-21 10:17:20.356] [main] [info] Finished Evaluation
[2025-11-21 10:17:20.356] [main] [info] Overall runtime (real time: 90.15, CPU time: 83.29)
