000 (13087774.042.000) 11/21 10:07:39 Job submitted from host: <188.185.121.235:9618?addrs=188.185.121.235-9618+[2001-1458-d00-49--100-36e]-9618&alias=bigbird22.cern.ch&noUDP&sock=schedd_232129_c3ca>
...
040 (13087774.042.000) 11/21 10:18:19 Started transferring input files
	Transferring to host: <188.185.196.40:9618?addrs=188.185.196.40-9618+[2001-1458-303-23--100-24]-9618&alias=b9p16p2836.cern.ch&noUDP&sock=slot1_39_3212_e4fc_60786>
...
040 (13087774.042.000) 11/21 10:18:19 Finished transferring input files
...
001 (13087774.042.000) 11/21 10:18:20 Job executing on host: <188.185.196.40:9618?addrs=188.185.196.40-9618+[2001-1458-303-23--100-24]-9618&alias=b9p16p2836.cern.ch&noUDP&sock=startd_2533_017b>
	SlotName: slot1_39@b9p16p2836.cern.ch
	CondorScratchDir = "/pool/condor/dir_1258324"
	Cpus = 1
	Disk = 16184
	GPUs = 0
	Memory = 3000
...
006 (13087774.042.000) 11/21 10:18:34 Image size of job updated: 97448
	96  -  MemoryUsage of job (MB)
	97448  -  ResidentSetSize of job (KB)
...
006 (13087774.042.000) 11/21 10:23:13 Image size of job updated: 699280
	96  -  MemoryUsage of job (MB)
	97448  -  ResidentSetSize of job (KB)
...
040 (13087774.042.000) 11/21 10:23:13 Started transferring output files
...
040 (13087774.042.000) 11/21 10:23:13 Finished transferring output files
...
005 (13087774.042.000) 11/21 10:23:13 Job terminated.
	(1) Normal termination (return value 0)
		Usr 0 00:04:34, Sys 0 00:00:02  -  Run Remote Usage
		Usr 0 00:00:00, Sys 0 00:00:00  -  Run Local Usage
		Usr 0 00:04:34, Sys 0 00:00:02  -  Total Remote Usage
		Usr 0 00:00:00, Sys 0 00:00:00  -  Total Local Usage
	10522  -  Run Bytes Sent By Job
	11510364  -  Run Bytes Received By Job
	10522  -  Total Bytes Sent By Job
	11510364  -  Total Bytes Received By Job
	Partitionable Resources :    Usage  Request Allocated 
	   Cpus                 :     0.99        1         1 
	   Disk (KB)            : 11274       12500     16184 
	   GPUs                 :                           0 
	   Memory (MB)          :    96        3000      3000 
	   TimeExecute (s)      :   293                       
	   TimeSlotBusy (s)     :   294                       

	Job terminated of its own accord at 2025-11-21T09:23:13Z with exit-code 0.
...
