000 (13047739.112.000) 11/20 09:15:47 Job submitted from host: <188.185.121.235:9618?addrs=188.185.121.235-9618+[2001-1458-d00-49--100-36e]-9618&alias=bigbird22.cern.ch&noUDP&sock=schedd_232129_c3ca>
...
040 (13047739.112.000) 11/20 09:40:02 Started transferring input files
	Transferring to host: <188.185.214.92:9618?addrs=188.185.214.92-9618+[2001-1458-303-1c--100-58]-9618&alias=b9p29p3209.cern.ch&noUDP&sock=slot1_24_4722_d379_62140>
...
040 (13047739.112.000) 11/20 09:40:02 Finished transferring input files
...
001 (13047739.112.000) 11/20 09:40:03 Job executing on host: <188.185.214.92:9618?addrs=188.185.214.92-9618+[2001-1458-303-1c--100-58]-9618&alias=b9p29p3209.cern.ch&noUDP&sock=startd_3923_6e1f>
	SlotName: slot1_24@b9p29p3209.cern.ch
	CondorScratchDir = "/pool/condor/dir_2528704"
	Cpus = 1
	Disk = 16173
	GPUs = 0
	Memory = 3000
...
006 (13047739.112.000) 11/20 09:40:17 Image size of job updated: 154036
	151  -  MemoryUsage of job (MB)
	154036  -  ResidentSetSize of job (KB)
...
006 (13047739.112.000) 11/20 09:41:37 Image size of job updated: 661972
	151  -  MemoryUsage of job (MB)
	154036  -  ResidentSetSize of job (KB)
...
040 (13047739.112.000) 11/20 09:41:37 Started transferring output files
...
040 (13047739.112.000) 11/20 09:41:37 Finished transferring output files
...
005 (13047739.112.000) 11/20 09:41:37 Job terminated.
	(1) Normal termination (return value 134)
		Usr 0 00:01:19, Sys 0 00:00:02  -  Run Remote Usage
		Usr 0 00:00:00, Sys 0 00:00:00  -  Run Local Usage
		Usr 0 00:01:19, Sys 0 00:00:02  -  Total Remote Usage
		Usr 0 00:00:00, Sys 0 00:00:00  -  Total Local Usage
	8480  -  Run Bytes Sent By Job
	11510364  -  Run Bytes Received By Job
	8480  -  Total Bytes Sent By Job
	11510364  -  Total Bytes Received By Job
	Partitionable Resources :    Usage  Request Allocated 
	   Cpus                 :        0        1         1 
	   Disk (KB)            :    11273    12500     16173 
	   GPUs                 :                           0 
	   Memory (MB)          :      151     3000      3000 
	   TimeExecute (s)      :       94                    
	   TimeSlotBusy (s)     :       95                    

	Job terminated of its own accord at 2025-11-20T08:41:37Z with exit-code 134.
...
