Starting job on \n
Running on: Linux b9p05p7397.cern.ch 5.14.0-570.42.2.el9_6.x86_64 #1 SMP PREEMPT_DYNAMIC Mon Sep 8 12:15:13 EDT 2025 x86_64 x86_64 x86_64 GNU/Linux\n
System software: Red Hat Enterprise Linux release 9.7 (Plow)\n
Setting up CROWN for RedHatEnterprise Version 9.7
subject   : /DC=ch/DC=cern/OU=Organic Units/OU=Users/CN=jiahua/CN=851532/CN=Jiahua Chen/CN=2045128514
issuer    : /DC=ch/DC=cern/OU=Organic Units/OU=Users/CN=jiahua/CN=851532/CN=Jiahua Chen
identity  : /DC=ch/DC=cern/OU=Organic Units/OU=Users/CN=jiahua/CN=851532/CN=Jiahua Chen
type      : RFC compliant proxy
strength  : 2048 bits
path      : /afs/cern.ch/user/j/jiahua/proxy/x509up_u139833
timeleft  : 168:33:15
key usage : Digital Signature, Key Encipherment
=== VO cms extension information ===
VO        : cms
subject   : /DC=ch/DC=cern/OU=Organic Units/OU=Users/CN=jiahua/CN=851532/CN=Jiahua Chen
issuer    : /DC=ch/DC=cern/OU=computers/CN=cms-auth.cern.ch
attribute : /cms/Role=NULL/Capability=NULL
timeleft  : 160:33:14
uri       : voms-cms-auth.cern.ch:15000
subject   : /DC=ch/DC=cern/OU=Organic Units/OU=Users/CN=jiahua/CN=851532/CN=Jiahua Chen/CN=2045128514
issuer    : /DC=ch/DC=cern/OU=Organic Units/OU=Users/CN=jiahua/CN=851532/CN=Jiahua Chen
identity  : /DC=ch/DC=cern/OU=Organic Units/OU=Users/CN=jiahua/CN=851532/CN=Jiahua Chen
type      : RFC compliant proxy
strength  : 2048 bits
path      : /afs/cern.ch/user/j/jiahua/proxy/x509up_u139833
timeleft  : 168:33:15
key usage : Digital Signature, Key Encipherment
=== VO cms extension information ===
VO        : cms
subject   : /DC=ch/DC=cern/OU=Organic Units/OU=Users/CN=jiahua/CN=851532/CN=Jiahua Chen
issuer    : /DC=ch/DC=cern/OU=computers/CN=cms-auth.cern.ch
attribute : /cms/Role=NULL/Capability=NULL
timeleft  : 160:33:14
uri       : voms-cms-auth.cern.ch:15000
/eos/user/j/jiahua/MC_2022EE_inc/MC_2022EE_vbf/ZZto2L2Nu_powheg_22EE_ext1-v2/f35622b8-96c7-4e6e-a835-db7152cfc4dc.root
[2025-11-21 10:15:28.460] [main] [info] Checking input files
[2025-11-21 10:15:33.261] [main] [info] NanoAOD input_file 1: root://cms-xrd-global.cern.ch//store/mc/Run3Summer22EENanoAODv12/ZZto2L2Nu_TuneCP5_13p6TeV_powheg-pythia8/NANOAODSIM/130X_mcRun3_2022_realistic_postEE_v6_ext1-v2/2520000/f35622b8-96c7-4e6e-a835-db7152cfc4dc.root - 73644 Events
[2025-11-21 10:15:33.262] [main] [info] input_file 1: root://cms-xrd-global.cern.ch//store/mc/Run3Summer22EENanoAODv12/ZZto2L2Nu_TuneCP5_13p6TeV_powheg-pythia8/NANOAODSIM/130X_mcRun3_2022_realistic_postEE_v6_ext1-v2/2520000/f35622b8-96c7-4e6e-a835-db7152cfc4dc.root - SumOfGenWeight: 75921.78410000009 
[2025-11-21 10:15:33.262] [main] [info] Output directory: /eos/user/j/jiahua/MC_2022EE_inc/MC_2022EE_vbf/ZZto2L2Nu_powheg_22EE_ext1-v2/f35622b8-96c7-4e6e-a835-db7152cfc4dc.root
[2025-11-21 10:15:33.262] [main] [info] Starting Setup of Dataframe with 73644 events
[2025-11-21 10:16:49.478] [main] [info] Finished Setup
[2025-11-21 10:16:49.478] [main] [info] Runtime for setup (real time: 76.22, CPU time: 71.17)
[2025-11-21 10:16:49.478] [main] [info] Starting Evaluation
[2025-11-21 10:17:14.212] [main] [info] 10000 / 73644 (13.58 %) Events processed ...
[2025-11-21 10:17:23.115] [main] [info] 20000 / 73644 (27.16 %) Events processed ...
[2025-11-21 10:17:32.283] [main] [info] 30000 / 73644 (40.74 %) Events processed ...
[2025-11-21 10:17:42.075] [main] [info] 40000 / 73644 (54.32 %) Events processed ...
[2025-11-21 10:17:54.078] [main] [info] 50000 / 73644 (67.89 %) Events processed ...
[2025-11-21 10:18:03.484] [main] [info] 60000 / 73644 (81.47 %) Events processed ...
[2025-11-21 10:18:13.797] [main] [info] 70000 / 73644 (95.05 %) Events processed ...
[2025-11-21 10:18:17.855] [main] [info] vbfhmm:
GoodJetsCollection: pass=47534      all=73644      -- eff=64.55 % cumulative eff=64.55 %
Flag_goodVertices: pass=47534      all=47534      -- eff=100.00 % cumulative eff=64.55 %
Flag_globalSuperTightHalo2016Filter: pass=47530      all=47534      -- eff=99.99 % cumulative eff=64.54 %
Flag_EcalDeadCellTriggerPrimitiveFilter: pass=47523      all=47530      -- eff=99.99 % cumulative eff=64.53 %
Flag_BadPFMuonFilter: pass=47519      all=47523      -- eff=99.99 % cumulative eff=64.53 %
Flag_BadPFMuonDzFilter: pass=47518      all=47519      -- eff=100.00 % cumulative eff=64.52 %
Flag_eeBadScFilter: pass=47518      all=47518      -- eff=100.00 % cumulative eff=64.52 %
Flag_ecalBadCalibFilter: pass=47504      all=47518      -- eff=99.97 % cumulative eff=64.50 %
Flag_hfNoisyHitsFilter: pass=47501      all=47504      -- eff=99.99 % cumulative eff=64.50 %
Number of muons 2: pass=3261       all=47501      -- eff=6.87 % cumulative eff=4.43 %
Veto VH <= 0 electrons: pass=3260       all=3261       -- eff=99.97 % cumulative eff=4.43 %
DiMuon From Higgs: pass=3053       all=3260       -- eff=93.65 % cumulative eff=4.15 %
LeptonChargeSum: pass=3053       all=3053       -- eff=100.00 % cumulative eff=4.15 %
Hmass>=110: pass=142        all=3053       -- eff=4.65 % cumulative eff=0.19 %
[2025-11-21 10:18:18.539] [main] [info] Writing quantities map to /eos/user/j/jiahua/MC_2022EE_inc/MC_2022EE_vbf/ZZto2L2Nu_powheg_22EE_ext1-v2/f35622b8-96c7-4e6e-a835-db7152cfc4dc_vbfhmm.root
[2025-11-21 10:18:18.611] [main] [info] Finished Evaluation
[2025-11-21 10:18:18.611] [main] [info] Overall runtime (real time: 165.35, CPU time: 154.12)
