000 (13047291.198.000) 11/20 02:51:05 Job submitted from host: <188.185.121.235:9618?addrs=188.185.121.235-9618+[2001-1458-d00-49--100-36e]-9618&alias=bigbird22.cern.ch&noUDP&sock=schedd_232129_c3ca>
...
040 (13047291.198.000) 11/20 03:16:26 Started transferring input files
	Transferring to host: <128.142.192.169:9618?addrs=128.142.192.169-9618+[2001-1458-301-56--100-25]-9618&alias=b9g18p4493.cern.ch&noUDP&sock=slot1_33_4163_f5c2_64164>
...
040 (13047291.198.000) 11/20 03:16:26 Finished transferring input files
...
001 (13047291.198.000) 11/20 03:16:27 Job executing on host: <128.142.192.169:9618?addrs=128.142.192.169-9618+[2001-1458-301-56--100-25]-9618&alias=b9g18p4493.cern.ch&noUDP&sock=startd_3252_2e13>
	SlotName: slot1_33@b9g18p4493.cern.ch
	CondorScratchDir = "/pool/condor/dir_2790723"
	Cpus = 1
	Disk = 16138
	GPUs = 0
	Memory = 3000
...
006 (13047291.198.000) 11/20 03:16:40 Image size of job updated: 97320
	96  -  MemoryUsage of job (MB)
	97320  -  ResidentSetSize of job (KB)
...
006 (13047291.198.000) 11/20 03:21:40 Image size of job updated: 702888
	687  -  MemoryUsage of job (MB)
	702888  -  ResidentSetSize of job (KB)
...
006 (13047291.198.000) 11/20 03:22:36 Image size of job updated: 702928
	687  -  MemoryUsage of job (MB)
	702888  -  ResidentSetSize of job (KB)
...
040 (13047291.198.000) 11/20 03:22:36 Started transferring output files
...
040 (13047291.198.000) 11/20 03:22:36 Finished transferring output files
...
005 (13047291.198.000) 11/20 03:22:36 Job terminated.
	(1) Normal termination (return value 0)
		Usr 0 00:05:42, Sys 0 00:00:03  -  Run Remote Usage
		Usr 0 00:00:00, Sys 0 00:00:00  -  Run Local Usage
		Usr 0 00:05:42, Sys 0 00:00:03  -  Total Remote Usage
		Usr 0 00:00:00, Sys 0 00:00:00  -  Total Local Usage
	11200  -  Run Bytes Sent By Job
	11506596  -  Run Bytes Received By Job
	11200  -  Total Bytes Sent By Job
	11506596  -  Total Bytes Received By Job
	Partitionable Resources :    Usage  Request Allocated 
	   Cpus                 :     0.99        1         1 
	   Disk (KB)            : 11271       12500     16138 
	   GPUs                 :                           0 
	   Memory (MB)          :   687        3000      3000 
	   TimeExecute (s)      :   369                       
	   TimeSlotBusy (s)     :   370                       

	Job terminated of its own accord at 2025-11-20T02:22:36Z with exit-code 0.
...
