Starting job on \n
Running on: Linux b9p19p4434.cern.ch 5.14.0-570.44.1.el9_6.x86_64 #1 SMP PREEMPT_DYNAMIC Tue Sep 9 05:17:30 EDT 2025 x86_64 x86_64 x86_64 GNU/Linux\n
System software: Red Hat Enterprise Linux release 9.7 (Plow)\n
Setting up CROWN for RedHatEnterprise Version 9.7
subject   : /DC=ch/DC=cern/OU=Organic Units/OU=Users/CN=jiahua/CN=851532/CN=Jiahua Chen/CN=2045128514
issuer    : /DC=ch/DC=cern/OU=Organic Units/OU=Users/CN=jiahua/CN=851532/CN=Jiahua Chen
identity  : /DC=ch/DC=cern/OU=Organic Units/OU=Users/CN=jiahua/CN=851532/CN=Jiahua Chen
type      : RFC compliant proxy
strength  : 2048 bits
path      : /afs/cern.ch/user/j/jiahua/proxy/x509up_u139833
timeleft  : 199:32:42
key usage : Digital Signature, Key Encipherment
=== VO cms extension information ===
VO        : cms
subject   : /DC=ch/DC=cern/OU=Organic Units/OU=Users/CN=jiahua/CN=851532/CN=Jiahua Chen
issuer    : /DC=ch/DC=cern/OU=computers/CN=cms-auth.cern.ch
attribute : /cms/Role=NULL/Capability=NULL
timeleft  : 191:32:41
uri       : voms-cms-auth.cern.ch:15000
subject   : /DC=ch/DC=cern/OU=Organic Units/OU=Users/CN=jiahua/CN=851532/CN=Jiahua Chen/CN=2045128514
issuer    : /DC=ch/DC=cern/OU=Organic Units/OU=Users/CN=jiahua/CN=851532/CN=Jiahua Chen
identity  : /DC=ch/DC=cern/OU=Organic Units/OU=Users/CN=jiahua/CN=851532/CN=Jiahua Chen
type      : RFC compliant proxy
strength  : 2048 bits
path      : /afs/cern.ch/user/j/jiahua/proxy/x509up_u139833
timeleft  : 199:32:42
key usage : Digital Signature, Key Encipherment
=== VO cms extension information ===
VO        : cms
subject   : /DC=ch/DC=cern/OU=Organic Units/OU=Users/CN=jiahua/CN=851532/CN=Jiahua Chen
issuer    : /DC=ch/DC=cern/OU=computers/CN=cms-auth.cern.ch
attribute : /cms/Role=NULL/Capability=NULL
timeleft  : 191:32:41
uri       : voms-cms-auth.cern.ch:15000
/eos/user/j/jiahua/MC_2022EE_inc/MC_2022EE_vbf/ZZto4L_powheg_22EE_ext1-v2/8f6e27ac-e394-4481-956d-439864cf241d.root
[2025-11-20 03:16:02.094] [main] [info] Checking input files
[2025-11-20 03:16:09.266] [main] [info] NanoAOD input_file 1: root://cms-xrd-global.cern.ch//store/mc/Run3Summer22EENanoAODv12/ZZto4L_TuneCP5_13p6TeV_powheg-pythia8/NANOAODSIM/130X_mcRun3_2022_realistic_postEE_v6_ext1-v2/50000/8f6e27ac-e394-4481-956d-439864cf241d.root - 171255 Events
[2025-11-20 03:16:09.266] [main] [info] input_file 1: root://cms-xrd-global.cern.ch//store/mc/Run3Summer22EENanoAODv12/ZZto4L_TuneCP5_13p6TeV_powheg-pythia8/NANOAODSIM/130X_mcRun3_2022_realistic_postEE_v6_ext1-v2/50000/8f6e27ac-e394-4481-956d-439864cf241d.root - SumOfGenWeight: 238179.2805700003 
[2025-11-20 03:16:09.266] [main] [info] Output directory: /eos/user/j/jiahua/MC_2022EE_inc/MC_2022EE_vbf/ZZto4L_powheg_22EE_ext1-v2/8f6e27ac-e394-4481-956d-439864cf241d.root
[2025-11-20 03:16:09.267] [main] [info] Starting Setup of Dataframe with 171255 events
[2025-11-20 03:18:13.181] [main] [info] Finished Setup
[2025-11-20 03:18:13.181] [main] [info] Runtime for setup (real time: 123.92, CPU time: 119.58)
[2025-11-20 03:18:13.181] [main] [info] Starting Evaluation
[2025-11-20 03:18:51.130] [main] [info] 10000 / 171255 (5.84 %) Events processed ...
[2025-11-20 03:19:08.860] [main] [info] 20000 / 171255 (11.68 %) Events processed ...
[2025-11-20 03:19:26.230] [main] [info] 30000 / 171255 (17.52 %) Events processed ...
[2025-11-20 03:19:47.301] [main] [info] 40000 / 171255 (23.36 %) Events processed ...
[2025-11-20 03:20:05.481] [main] [info] 50000 / 171255 (29.20 %) Events processed ...
[2025-11-20 03:20:22.523] [main] [info] 60000 / 171255 (35.04 %) Events processed ...
[2025-11-20 03:20:39.646] [main] [info] 70000 / 171255 (40.87 %) Events processed ...
[2025-11-20 03:20:58.970] [main] [info] 80000 / 171255 (46.71 %) Events processed ...
[2025-11-20 03:21:16.625] [main] [info] 90000 / 171255 (52.55 %) Events processed ...
[2025-11-20 03:21:32.664] [main] [info] 100000 / 171255 (58.39 %) Events processed ...
[2025-11-20 03:21:44.314] [main] [info] 110000 / 171255 (64.23 %) Events processed ...
[2025-11-20 03:22:00.632] [main] [info] 120000 / 171255 (70.07 %) Events processed ...
[2025-11-20 03:22:17.431] [main] [info] 130000 / 171255 (75.91 %) Events processed ...
[2025-11-20 03:22:34.470] [main] [info] 140000 / 171255 (81.75 %) Events processed ...
[2025-11-20 03:22:51.803] [main] [info] 150000 / 171255 (87.59 %) Events processed ...
[2025-11-20 03:23:09.813] [main] [info] 160000 / 171255 (93.43 %) Events processed ...
[2025-11-20 03:23:27.017] [main] [info] 170000 / 171255 (99.27 %) Events processed ...
[2025-11-20 03:23:29.408] [main] [info] vbfhmm:
GoodJetsCollection: pass=105910     all=171255     -- eff=61.84 % cumulative eff=61.84 %
Flag_goodVertices: pass=105910     all=105910     -- eff=100.00 % cumulative eff=61.84 %
Flag_globalSuperTightHalo2016Filter: pass=105903     all=105910     -- eff=99.99 % cumulative eff=61.84 %
Flag_EcalDeadCellTriggerPrimitiveFilter: pass=105900     all=105903     -- eff=100.00 % cumulative eff=61.84 %
Flag_BadPFMuonFilter: pass=105898     all=105900     -- eff=100.00 % cumulative eff=61.84 %
Flag_BadPFMuonDzFilter: pass=105896     all=105898     -- eff=100.00 % cumulative eff=61.84 %
Flag_eeBadScFilter: pass=105896     all=105896     -- eff=100.00 % cumulative eff=61.84 %
Flag_ecalBadCalibFilter: pass=105885     all=105896     -- eff=99.99 % cumulative eff=61.83 %
Flag_hfNoisyHitsFilter: pass=105878     all=105885     -- eff=99.99 % cumulative eff=61.82 %
Number of muons 2: pass=9319       all=105878     -- eff=8.80 % cumulative eff=5.44 %
Veto VH <= 0 electrons: pass=6822       all=9319       -- eff=73.21 % cumulative eff=3.98 %
DiMuon From Higgs: pass=5083       all=6822       -- eff=74.51 % cumulative eff=2.97 %
LeptonChargeSum: pass=4497       all=5083       -- eff=88.47 % cumulative eff=2.63 %
Hmass>=110: pass=327        all=4497       -- eff=7.27 % cumulative eff=0.19 %
[2025-11-20 03:23:29.556] [main] [info] Writing quantities map to /eos/user/j/jiahua/MC_2022EE_inc/MC_2022EE_vbf/ZZto4L_powheg_22EE_ext1-v2/8f6e27ac-e394-4481-956d-439864cf241d_vbfhmm.root
[2025-11-20 03:23:29.626] [main] [info] Finished Evaluation
[2025-11-20 03:23:29.626] [main] [info] Overall runtime (real time: 440.36, CPU time: 422.05)
