000 (13047738.063.000) 11/20 09:15:43 Job submitted from host: <188.185.121.235:9618?addrs=188.185.121.235-9618+[2001-1458-d00-49--100-36e]-9618&alias=bigbird22.cern.ch&noUDP&sock=schedd_232129_c3ca>
...
040 (13047738.063.000) 11/20 09:37:32 Started transferring input files
	Transferring to host: <188.185.207.7:9618?addrs=188.185.207.7-9618+[2001-1458-303-d--100-4]-9618&alias=b9p07p4996.cern.ch&noUDP&sock=slot1_10_10538_b966_59965>
...
040 (13047738.063.000) 11/20 09:37:32 Finished transferring input files
...
001 (13047738.063.000) 11/20 09:37:33 Job executing on host: <188.185.207.7:9618?addrs=188.185.207.7-9618+[2001-1458-303-d--100-4]-9618&alias=b9p07p4996.cern.ch&noUDP&sock=startd_9180_4b7f>
	SlotName: slot1_10@b9p07p4996.cern.ch
	CondorScratchDir = "/pool/condor/dir_3340698"
	Cpus = 1
	Disk = 15899
	GPUs = 0
	Memory = 3000
...
006 (13047738.063.000) 11/20 09:37:46 Image size of job updated: 103708
	102  -  MemoryUsage of job (MB)
	103708  -  ResidentSetSize of job (KB)
...
006 (13047738.063.000) 11/20 09:38:57 Image size of job updated: 657096
	102  -  MemoryUsage of job (MB)
	103708  -  ResidentSetSize of job (KB)
...
040 (13047738.063.000) 11/20 09:38:57 Started transferring output files
...
040 (13047738.063.000) 11/20 09:38:57 Finished transferring output files
...
005 (13047738.063.000) 11/20 09:38:57 Job terminated.
	(1) Normal termination (return value 134)
		Usr 0 00:01:09, Sys 0 00:00:02  -  Run Remote Usage
		Usr 0 00:00:00, Sys 0 00:00:00  -  Run Local Usage
		Usr 0 00:01:09, Sys 0 00:00:02  -  Total Remote Usage
		Usr 0 00:00:00, Sys 0 00:00:00  -  Total Local Usage
	8466  -  Run Bytes Sent By Job
	11510364  -  Run Bytes Received By Job
	8466  -  Total Bytes Sent By Job
	11510364  -  Total Bytes Received By Job
	Partitionable Resources :    Usage  Request Allocated 
	   Cpus                 :        0        1         1 
	   Disk (KB)            :    11273    12500     15899 
	   GPUs                 :                           0 
	   Memory (MB)          :      102     3000      3000 
	   TimeExecute (s)      :       84                    
	   TimeSlotBusy (s)     :       85                    

	Job terminated of its own accord at 2025-11-20T08:38:57Z with exit-code 134.
...
