000 (13047290.413.000) 11/20 02:51:00 Job submitted from host: <188.185.121.235:9618?addrs=188.185.121.235-9618+[2001-1458-d00-49--100-36e]-9618&alias=bigbird22.cern.ch&noUDP&sock=schedd_232129_c3ca>
...
040 (13047290.413.000) 11/20 03:14:43 Started transferring input files
	Transferring to host: <188.185.211.49:9618?addrs=188.185.211.49-9618+[2001-1458-303-16--100-2d]-9618&alias=b9p23p6484.cern.ch&noUDP&sock=slot1_1_6088_4bf1_60185>
...
040 (13047290.413.000) 11/20 03:14:43 Finished transferring input files
...
001 (13047290.413.000) 11/20 03:14:44 Job executing on host: <188.185.211.49:9618?addrs=188.185.211.49-9618+[2001-1458-303-16--100-2d]-9618&alias=b9p23p6484.cern.ch&noUDP&sock=startd_5368_9479>
	SlotName: slot1_1@b9p23p6484.cern.ch
	CondorScratchDir = "/pool/condor/dir_353948"
	Cpus = 1
	Disk = 16092
	GPUs = 0
	Memory = 3000
...
006 (13047290.413.000) 11/20 03:14:57 Image size of job updated: 95708
	94  -  MemoryUsage of job (MB)
	95708  -  ResidentSetSize of job (KB)
...
006 (13047290.413.000) 11/20 03:19:04 Image size of job updated: 698408
	94  -  MemoryUsage of job (MB)
	95708  -  ResidentSetSize of job (KB)
...
040 (13047290.413.000) 11/20 03:19:04 Started transferring output files
...
040 (13047290.413.000) 11/20 03:19:04 Finished transferring output files
...
005 (13047290.413.000) 11/20 03:19:04 Job terminated.
	(1) Normal termination (return value 0)
		Usr 0 00:03:40, Sys 0 00:00:05  -  Run Remote Usage
		Usr 0 00:00:00, Sys 0 00:00:00  -  Run Local Usage
		Usr 0 00:03:40, Sys 0 00:00:05  -  Total Remote Usage
		Usr 0 00:00:00, Sys 0 00:00:00  -  Total Local Usage
	10795  -  Run Bytes Sent By Job
	11506596  -  Run Bytes Received By Job
	10795  -  Total Bytes Sent By Job
	11506596  -  Total Bytes Received By Job
	Partitionable Resources :    Usage  Request Allocated 
	   Cpus                 :        0        1         1 
	   Disk (KB)            :    11271    12500     16092 
	   GPUs                 :                           0 
	   Memory (MB)          :       94     3000      3000 
	   TimeExecute (s)      :      260                    
	   TimeSlotBusy (s)     :      263                    

	Job terminated of its own accord at 2025-11-20T02:19:04Z with exit-code 0.
...
