Starting job on \n
Running on: Linux b9p28p4011.cern.ch 5.14.0-570.44.1.el9_6.x86_64 #1 SMP PREEMPT_DYNAMIC Tue Sep 9 05:17:30 EDT 2025 x86_64 x86_64 x86_64 GNU/Linux\n
System software: Red Hat Enterprise Linux release 9.7 (Plow)\n
Setting up CROWN for RedHatEnterprise Version 9.7
subject   : /DC=ch/DC=cern/OU=Organic Units/OU=Users/CN=jiahua/CN=851532/CN=Jiahua Chen/CN=2045128514
issuer    : /DC=ch/DC=cern/OU=Organic Units/OU=Users/CN=jiahua/CN=851532/CN=Jiahua Chen
identity  : /DC=ch/DC=cern/OU=Organic Units/OU=Users/CN=jiahua/CN=851532/CN=Jiahua Chen
type      : RFC compliant proxy
strength  : 2048 bits
path      : /afs/cern.ch/user/j/jiahua/proxy/x509up_u139833
timeleft  : 168:31:15
key usage : Digital Signature, Key Encipherment
=== VO cms extension information ===
VO        : cms
subject   : /DC=ch/DC=cern/OU=Organic Units/OU=Users/CN=jiahua/CN=851532/CN=Jiahua Chen
issuer    : /DC=ch/DC=cern/OU=computers/CN=cms-auth.cern.ch
attribute : /cms/Role=NULL/Capability=NULL
timeleft  : 160:31:14
uri       : voms-cms-auth.cern.ch:15000
subject   : /DC=ch/DC=cern/OU=Organic Units/OU=Users/CN=jiahua/CN=851532/CN=Jiahua Chen/CN=2045128514
issuer    : /DC=ch/DC=cern/OU=Organic Units/OU=Users/CN=jiahua/CN=851532/CN=Jiahua Chen
identity  : /DC=ch/DC=cern/OU=Organic Units/OU=Users/CN=jiahua/CN=851532/CN=Jiahua Chen
type      : RFC compliant proxy
strength  : 2048 bits
path      : /afs/cern.ch/user/j/jiahua/proxy/x509up_u139833
timeleft  : 168:31:15
key usage : Digital Signature, Key Encipherment
=== VO cms extension information ===
VO        : cms
subject   : /DC=ch/DC=cern/OU=Organic Units/OU=Users/CN=jiahua/CN=851532/CN=Jiahua Chen
issuer    : /DC=ch/DC=cern/OU=computers/CN=cms-auth.cern.ch
attribute : /cms/Role=NULL/Capability=NULL
timeleft  : 160:31:14
uri       : voms-cms-auth.cern.ch:15000
/eos/user/j/jiahua/MC_2022EE_inc/MC_2022EE_vbf/ZZto2L2Nu_powheg_22EE_ext1-v2/58e3350a-a223-4ad9-8430-1d49df88196a.root
[2025-11-21 10:17:28.987] [main] [info] Checking input files
[2025-11-21 10:17:36.588] [main] [info] NanoAOD input_file 1: root://cms-xrd-global.cern.ch//store/mc/Run3Summer22EENanoAODv12/ZZto2L2Nu_TuneCP5_13p6TeV_powheg-pythia8/NANOAODSIM/130X_mcRun3_2022_realistic_postEE_v6_ext1-v2/40000/58e3350a-a223-4ad9-8430-1d49df88196a.root - 21660 Events
[2025-11-21 10:17:36.589] [main] [info] input_file 1: root://cms-xrd-global.cern.ch//store/mc/Run3Summer22EENanoAODv12/ZZto2L2Nu_TuneCP5_13p6TeV_powheg-pythia8/NANOAODSIM/130X_mcRun3_2022_realistic_postEE_v6_ext1-v2/40000/58e3350a-a223-4ad9-8430-1d49df88196a.root - SumOfGenWeight: 22337.471980000002 
[2025-11-21 10:17:36.589] [main] [info] Output directory: /eos/user/j/jiahua/MC_2022EE_inc/MC_2022EE_vbf/ZZto2L2Nu_powheg_22EE_ext1-v2/58e3350a-a223-4ad9-8430-1d49df88196a.root
[2025-11-21 10:17:36.591] [main] [info] Starting Setup of Dataframe with 21660 events
[2025-11-21 10:18:47.913] [main] [info] Finished Setup
[2025-11-21 10:18:47.913] [main] [info] Runtime for setup (real time: 71.32, CPU time: 65.42)
[2025-11-21 10:18:47.913] [main] [info] Starting Evaluation
[2025-11-21 10:19:14.810] [main] [info] 10000 / 21660 (46.17 %) Events processed ...
[2025-11-21 10:19:25.221] [main] [info] 20000 / 21660 (92.34 %) Events processed ...
[2025-11-21 10:19:27.435] [main] [info] vbfhmm:
GoodJetsCollection: pass=13932      all=21660      -- eff=64.32 % cumulative eff=64.32 %
Flag_goodVertices: pass=13932      all=13932      -- eff=100.00 % cumulative eff=64.32 %
Flag_globalSuperTightHalo2016Filter: pass=13932      all=13932      -- eff=100.00 % cumulative eff=64.32 %
Flag_EcalDeadCellTriggerPrimitiveFilter: pass=13931      all=13932      -- eff=99.99 % cumulative eff=64.32 %
Flag_BadPFMuonFilter: pass=13931      all=13931      -- eff=100.00 % cumulative eff=64.32 %
Flag_BadPFMuonDzFilter: pass=13931      all=13931      -- eff=100.00 % cumulative eff=64.32 %
Flag_eeBadScFilter: pass=13931      all=13931      -- eff=100.00 % cumulative eff=64.32 %
Flag_ecalBadCalibFilter: pass=13929      all=13931      -- eff=99.99 % cumulative eff=64.31 %
Flag_hfNoisyHitsFilter: pass=13929      all=13929      -- eff=100.00 % cumulative eff=64.31 %
Number of muons 2: pass=952        all=13929      -- eff=6.83 % cumulative eff=4.40 %
Veto VH <= 0 electrons: pass=952        all=952        -- eff=100.00 % cumulative eff=4.40 %
DiMuon From Higgs: pass=879        all=952        -- eff=92.33 % cumulative eff=4.06 %
LeptonChargeSum: pass=879        all=879        -- eff=100.00 % cumulative eff=4.06 %
Hmass>=110: pass=46         all=879        -- eff=5.23 % cumulative eff=0.21 %
[2025-11-21 10:19:27.598] [main] [info] Writing quantities map to /eos/user/j/jiahua/MC_2022EE_inc/MC_2022EE_vbf/ZZto2L2Nu_powheg_22EE_ext1-v2/58e3350a-a223-4ad9-8430-1d49df88196a_vbfhmm.root
[2025-11-21 10:19:27.655] [main] [info] Finished Evaluation
[2025-11-21 10:19:27.655] [main] [info] Overall runtime (real time: 111.07, CPU time: 100.03)
