000 (13047290.077.000) 11/20 02:50:59 Job submitted from host: <188.185.121.235:9618?addrs=188.185.121.235-9618+[2001-1458-d00-49--100-36e]-9618&alias=bigbird22.cern.ch&noUDP&sock=schedd_232129_c3ca>
...
040 (13047290.077.000) 11/20 03:12:40 Started transferring input files
	Transferring to host: <188.185.209.193:9618?addrs=188.185.209.193-9618+[2001-1458-303-12--100-3e]-9618&alias=b9p12p5505.cern.ch&noUDP&sock=slot1_38_7144_581c_54482>
...
040 (13047290.077.000) 11/20 03:12:40 Finished transferring input files
...
001 (13047290.077.000) 11/20 03:12:41 Job executing on host: <188.185.209.193:9618?addrs=188.185.209.193-9618+[2001-1458-303-12--100-3e]-9618&alias=b9p12p5505.cern.ch&noUDP&sock=startd_5987_2999>
	SlotName: slot1_38@b9p12p5505.cern.ch
	CondorScratchDir = "/pool/condor/dir_3134174"
	Cpus = 1
	Disk = 16241
	GPUs = 0
	Memory = 3000
...
006 (13047290.077.000) 11/20 03:12:55 Image size of job updated: 154176
	151  -  MemoryUsage of job (MB)
	154176  -  ResidentSetSize of job (KB)
...
006 (13047290.077.000) 11/20 03:17:40 Image size of job updated: 676136
	151  -  MemoryUsage of job (MB)
	154176  -  ResidentSetSize of job (KB)
...
040 (13047290.077.000) 11/20 03:17:40 Started transferring output files
...
040 (13047290.077.000) 11/20 03:17:40 Finished transferring output files
...
005 (13047290.077.000) 11/20 03:17:40 Job terminated.
	(1) Normal termination (return value 0)
		Usr 0 00:04:15, Sys 0 00:00:04  -  Run Remote Usage
		Usr 0 00:00:00, Sys 0 00:00:00  -  Run Local Usage
		Usr 0 00:04:15, Sys 0 00:00:04  -  Total Remote Usage
		Usr 0 00:00:00, Sys 0 00:00:00  -  Total Local Usage
	11406  -  Run Bytes Sent By Job
	11506596  -  Run Bytes Received By Job
	11406  -  Total Bytes Sent By Job
	11506596  -  Total Bytes Received By Job
	Partitionable Resources :    Usage  Request Allocated 
	   Cpus                 :        0        1         1 
	   Disk (KB)            :    11276    12500     16241 
	   GPUs                 :                           0 
	   Memory (MB)          :      151     3000      3000 
	   TimeExecute (s)      :      299                    
	   TimeSlotBusy (s)     :      300                    

	Job terminated of its own accord at 2025-11-20T02:17:40Z with exit-code 0.
...
