000 (13047739.093.000) 11/20 09:15:47 Job submitted from host: <188.185.121.235:9618?addrs=188.185.121.235-9618+[2001-1458-d00-49--100-36e]-9618&alias=bigbird22.cern.ch&noUDP&sock=schedd_232129_c3ca>
...
040 (13047739.093.000) 11/20 09:39:56 Started transferring input files
	Transferring to host: <188.185.213.67:9618?addrs=188.185.213.67-9618+[2001-1458-303-1a--100-3f]-9618&alias=b9p27p8127.cern.ch&noUDP&sock=slot1_7_7159_e9bc_65222>
...
040 (13047739.093.000) 11/20 09:39:56 Finished transferring input files
...
001 (13047739.093.000) 11/20 09:39:57 Job executing on host: <188.185.213.67:9618?addrs=188.185.213.67-9618+[2001-1458-303-1a--100-3f]-9618&alias=b9p27p8127.cern.ch&noUDP&sock=startd_6597_925e>
	SlotName: slot1_7@b9p27p8127.cern.ch
	CondorScratchDir = "/pool/condor/dir_3616918"
	Cpus = 1
	Disk = 16221
	GPUs = 0
	Memory = 3000
...
006 (13047739.093.000) 11/20 09:40:10 Image size of job updated: 155024
	152  -  MemoryUsage of job (MB)
	155024  -  ResidentSetSize of job (KB)
...
006 (13047739.093.000) 11/20 09:41:31 Image size of job updated: 662228
	152  -  MemoryUsage of job (MB)
	155024  -  ResidentSetSize of job (KB)
...
040 (13047739.093.000) 11/20 09:41:31 Started transferring output files
...
040 (13047739.093.000) 11/20 09:41:31 Finished transferring output files
...
005 (13047739.093.000) 11/20 09:41:31 Job terminated.
	(1) Normal termination (return value 134)
		Usr 0 00:01:19, Sys 0 00:00:02  -  Run Remote Usage
		Usr 0 00:00:00, Sys 0 00:00:00  -  Run Local Usage
		Usr 0 00:01:19, Sys 0 00:00:02  -  Total Remote Usage
		Usr 0 00:00:00, Sys 0 00:00:00  -  Total Local Usage
	8481  -  Run Bytes Sent By Job
	11510364  -  Run Bytes Received By Job
	8481  -  Total Bytes Sent By Job
	11510364  -  Total Bytes Received By Job
	Partitionable Resources :    Usage  Request Allocated 
	   Cpus                 :        0        1         1 
	   Disk (KB)            :    11273    12500     16221 
	   GPUs                 :                           0 
	   Memory (MB)          :      152     3000      3000 
	   TimeExecute (s)      :       94                    
	   TimeSlotBusy (s)     :       95                    

	Job terminated of its own accord at 2025-11-20T08:41:31Z with exit-code 134.
...
