Starting job on \n
Running on: Linux b9p22p8369.cern.ch 5.14.0-570.44.1.el9_6.x86_64 #1 SMP PREEMPT_DYNAMIC Tue Sep 9 05:17:30 EDT 2025 x86_64 x86_64 x86_64 GNU/Linux\n
System software: Red Hat Enterprise Linux release 9.7 (Plow)\n
Setting up CROWN for RedHatEnterprise Version 9.7
subject   : /DC=ch/DC=cern/OU=Organic Units/OU=Users/CN=jiahua/CN=851532/CN=Jiahua Chen/CN=2045128514
issuer    : /DC=ch/DC=cern/OU=Organic Units/OU=Users/CN=jiahua/CN=851532/CN=Jiahua Chen
identity  : /DC=ch/DC=cern/OU=Organic Units/OU=Users/CN=jiahua/CN=851532/CN=Jiahua Chen
type      : RFC compliant proxy
strength  : 2048 bits
path      : /afs/cern.ch/user/j/jiahua/proxy/x509up_u139833
timeleft  : 168:31:58
key usage : Digital Signature, Key Encipherment
=== VO cms extension information ===
VO        : cms
subject   : /DC=ch/DC=cern/OU=Organic Units/OU=Users/CN=jiahua/CN=851532/CN=Jiahua Chen
issuer    : /DC=ch/DC=cern/OU=computers/CN=cms-auth.cern.ch
attribute : /cms/Role=NULL/Capability=NULL
timeleft  : 160:31:57
uri       : voms-cms-auth.cern.ch:15000
subject   : /DC=ch/DC=cern/OU=Organic Units/OU=Users/CN=jiahua/CN=851532/CN=Jiahua Chen/CN=2045128514
issuer    : /DC=ch/DC=cern/OU=Organic Units/OU=Users/CN=jiahua/CN=851532/CN=Jiahua Chen
identity  : /DC=ch/DC=cern/OU=Organic Units/OU=Users/CN=jiahua/CN=851532/CN=Jiahua Chen
type      : RFC compliant proxy
strength  : 2048 bits
path      : /afs/cern.ch/user/j/jiahua/proxy/x509up_u139833
timeleft  : 168:31:58
key usage : Digital Signature, Key Encipherment
=== VO cms extension information ===
VO        : cms
subject   : /DC=ch/DC=cern/OU=Organic Units/OU=Users/CN=jiahua/CN=851532/CN=Jiahua Chen
issuer    : /DC=ch/DC=cern/OU=computers/CN=cms-auth.cern.ch
attribute : /cms/Role=NULL/Capability=NULL
timeleft  : 160:31:57
uri       : voms-cms-auth.cern.ch:15000
/eos/user/j/jiahua/MC_2022EE_inc/MC_2022EE_vbf/ZZto2L2Nu_powheg_22EE_ext1-v2/73dc3308-a1fa-4441-8ad7-4ba04ffce61e.root
[2025-11-21 10:16:45.265] [main] [info] Checking input files
[2025-11-21 10:16:54.241] [main] [info] NanoAOD input_file 1: root://cms-xrd-global.cern.ch//store/mc/Run3Summer22EENanoAODv12/ZZto2L2Nu_TuneCP5_13p6TeV_powheg-pythia8/NANOAODSIM/130X_mcRun3_2022_realistic_postEE_v6_ext1-v2/40000/73dc3308-a1fa-4441-8ad7-4ba04ffce61e.root - 43320 Events
[2025-11-21 10:16:54.241] [main] [info] input_file 1: root://cms-xrd-global.cern.ch//store/mc/Run3Summer22EENanoAODv12/ZZto2L2Nu_TuneCP5_13p6TeV_powheg-pythia8/NANOAODSIM/130X_mcRun3_2022_realistic_postEE_v6_ext1-v2/40000/73dc3308-a1fa-4441-8ad7-4ba04ffce61e.root - SumOfGenWeight: 44656.34834000005 
[2025-11-21 10:16:54.241] [main] [info] Output directory: /eos/user/j/jiahua/MC_2022EE_inc/MC_2022EE_vbf/ZZto2L2Nu_powheg_22EE_ext1-v2/73dc3308-a1fa-4441-8ad7-4ba04ffce61e.root
[2025-11-21 10:16:54.243] [main] [info] Starting Setup of Dataframe with 43320 events
[2025-11-21 10:18:04.268] [main] [info] Finished Setup
[2025-11-21 10:18:04.268] [main] [info] Runtime for setup (real time: 70.03, CPU time: 64.58)
[2025-11-21 10:18:04.268] [main] [info] Starting Evaluation
[2025-11-21 10:18:34.915] [main] [info] 10000 / 43320 (23.08 %) Events processed ...
[2025-11-21 10:18:45.949] [main] [info] 20000 / 43320 (46.17 %) Events processed ...
[2025-11-21 10:18:54.917] [main] [info] 30000 / 43320 (69.25 %) Events processed ...
[2025-11-21 10:19:03.951] [main] [info] 40000 / 43320 (92.34 %) Events processed ...
[2025-11-21 10:19:08.769] [main] [info] vbfhmm:
GoodJetsCollection: pass=28043      all=43320      -- eff=64.73 % cumulative eff=64.73 %
Flag_goodVertices: pass=28043      all=28043      -- eff=100.00 % cumulative eff=64.73 %
Flag_globalSuperTightHalo2016Filter: pass=28037      all=28043      -- eff=99.98 % cumulative eff=64.72 %
Flag_EcalDeadCellTriggerPrimitiveFilter: pass=28035      all=28037      -- eff=99.99 % cumulative eff=64.72 %
Flag_BadPFMuonFilter: pass=28033      all=28035      -- eff=99.99 % cumulative eff=64.71 %
Flag_BadPFMuonDzFilter: pass=28032      all=28033      -- eff=100.00 % cumulative eff=64.71 %
Flag_eeBadScFilter: pass=28032      all=28032      -- eff=100.00 % cumulative eff=64.71 %
Flag_ecalBadCalibFilter: pass=28024      all=28032      -- eff=99.97 % cumulative eff=64.69 %
Flag_hfNoisyHitsFilter: pass=28019      all=28024      -- eff=99.98 % cumulative eff=64.68 %
Number of muons 2: pass=1967       all=28019      -- eff=7.02 % cumulative eff=4.54 %
Veto VH <= 0 electrons: pass=1964       all=1967       -- eff=99.85 % cumulative eff=4.53 %
DiMuon From Higgs: pass=1844       all=1964       -- eff=93.89 % cumulative eff=4.26 %
LeptonChargeSum: pass=1844       all=1844       -- eff=100.00 % cumulative eff=4.26 %
Hmass>=110: pass=93         all=1844       -- eff=5.04 % cumulative eff=0.21 %
[2025-11-21 10:19:08.903] [main] [info] Writing quantities map to /eos/user/j/jiahua/MC_2022EE_inc/MC_2022EE_vbf/ZZto2L2Nu_powheg_22EE_ext1-v2/73dc3308-a1fa-4441-8ad7-4ba04ffce61e_vbfhmm.root
[2025-11-21 10:19:08.971] [main] [info] Finished Evaluation
[2025-11-21 10:19:08.971] [main] [info] Overall runtime (real time: 134.73, CPU time: 123.10)
