Starting job on \n
Running on: Linux b9p22p4024.cern.ch 5.14.0-570.44.1.el9_6.x86_64 #1 SMP PREEMPT_DYNAMIC Tue Sep 9 05:17:30 EDT 2025 x86_64 x86_64 x86_64 GNU/Linux\n
System software: Red Hat Enterprise Linux release 9.7 (Plow)\n
Setting up CROWN for RedHatEnterprise Version 9.7
subject   : /DC=ch/DC=cern/OU=Organic Units/OU=Users/CN=jiahua/CN=851532/CN=Jiahua Chen/CN=2045128514
issuer    : /DC=ch/DC=cern/OU=Organic Units/OU=Users/CN=jiahua/CN=851532/CN=Jiahua Chen
identity  : /DC=ch/DC=cern/OU=Organic Units/OU=Users/CN=jiahua/CN=851532/CN=Jiahua Chen
type      : RFC compliant proxy
strength  : 2048 bits
path      : /afs/cern.ch/user/j/jiahua/proxy/x509up_u139833
timeleft  : 199:35:06
key usage : Digital Signature, Key Encipherment
=== VO cms extension information ===
VO        : cms
subject   : /DC=ch/DC=cern/OU=Organic Units/OU=Users/CN=jiahua/CN=851532/CN=Jiahua Chen
issuer    : /DC=ch/DC=cern/OU=computers/CN=cms-auth.cern.ch
attribute : /cms/Role=NULL/Capability=NULL
timeleft  : 191:35:05
uri       : voms-cms-auth.cern.ch:15000
subject   : /DC=ch/DC=cern/OU=Organic Units/OU=Users/CN=jiahua/CN=851532/CN=Jiahua Chen/CN=2045128514
issuer    : /DC=ch/DC=cern/OU=Organic Units/OU=Users/CN=jiahua/CN=851532/CN=Jiahua Chen
identity  : /DC=ch/DC=cern/OU=Organic Units/OU=Users/CN=jiahua/CN=851532/CN=Jiahua Chen
type      : RFC compliant proxy
strength  : 2048 bits
path      : /afs/cern.ch/user/j/jiahua/proxy/x509up_u139833
timeleft  : 199:35:06
key usage : Digital Signature, Key Encipherment
=== VO cms extension information ===
VO        : cms
subject   : /DC=ch/DC=cern/OU=Organic Units/OU=Users/CN=jiahua/CN=851532/CN=Jiahua Chen
issuer    : /DC=ch/DC=cern/OU=computers/CN=cms-auth.cern.ch
attribute : /cms/Role=NULL/Capability=NULL
timeleft  : 191:35:05
uri       : voms-cms-auth.cern.ch:15000
/eos/user/j/jiahua/MC_2022EE_inc/MC_2022EE_vbf/ZZto2L2Nu_powheg_22EE_ext1-v2/a1ccff10-64dd-4ec2-9395-438a1d699853.root
[2025-11-20 03:13:37.629] [main] [info] Checking input files
[2025-11-20 03:13:41.852] [main] [info] NanoAOD input_file 1: root://cms-xrd-global.cern.ch//store/mc/Run3Summer22EENanoAODv12/ZZto2L2Nu_TuneCP5_13p6TeV_powheg-pythia8/NANOAODSIM/130X_mcRun3_2022_realistic_postEE_v6_ext1-v2/2520000/a1ccff10-64dd-4ec2-9395-438a1d699853.root - 14440 Events
[2025-11-20 03:13:41.852] [main] [info] input_file 1: root://cms-xrd-global.cern.ch//store/mc/Run3Summer22EENanoAODv12/ZZto2L2Nu_TuneCP5_13p6TeV_powheg-pythia8/NANOAODSIM/130X_mcRun3_2022_realistic_postEE_v6_ext1-v2/2520000/a1ccff10-64dd-4ec2-9395-438a1d699853.root - SumOfGenWeight: 14886.826900000004 
[2025-11-20 03:13:41.852] [main] [info] Output directory: /eos/user/j/jiahua/MC_2022EE_inc/MC_2022EE_vbf/ZZto2L2Nu_powheg_22EE_ext1-v2/a1ccff10-64dd-4ec2-9395-438a1d699853.root
[2025-11-20 03:13:41.852] [main] [info] Starting Setup of Dataframe with 14440 events
[2025-11-20 03:16:05.937] [main] [info] Finished Setup
[2025-11-20 03:16:05.937] [main] [info] Runtime for setup (real time: 144.09, CPU time: 74.50)
[2025-11-20 03:16:05.937] [main] [info] Starting Evaluation
[2025-11-20 03:16:31.588] [main] [info] 10000 / 14440 (69.25 %) Events processed ...
[2025-11-20 03:16:35.914] [main] [info] vbfhmm:
GoodJetsCollection: pass=9314       all=14440      -- eff=64.50 % cumulative eff=64.50 %
Flag_goodVertices: pass=9314       all=9314       -- eff=100.00 % cumulative eff=64.50 %
Flag_globalSuperTightHalo2016Filter: pass=9314       all=9314       -- eff=100.00 % cumulative eff=64.50 %
Flag_EcalDeadCellTriggerPrimitiveFilter: pass=9314       all=9314       -- eff=100.00 % cumulative eff=64.50 %
Flag_BadPFMuonFilter: pass=9314       all=9314       -- eff=100.00 % cumulative eff=64.50 %
Flag_BadPFMuonDzFilter: pass=9314       all=9314       -- eff=100.00 % cumulative eff=64.50 %
Flag_eeBadScFilter: pass=9314       all=9314       -- eff=100.00 % cumulative eff=64.50 %
Flag_ecalBadCalibFilter: pass=9311       all=9314       -- eff=99.97 % cumulative eff=64.48 %
Flag_hfNoisyHitsFilter: pass=9311       all=9311       -- eff=100.00 % cumulative eff=64.48 %
Number of muons 2: pass=667        all=9311       -- eff=7.16 % cumulative eff=4.62 %
Veto VH <= 0 electrons: pass=667        all=667        -- eff=100.00 % cumulative eff=4.62 %
DiMuon From Higgs: pass=623        all=667        -- eff=93.40 % cumulative eff=4.31 %
LeptonChargeSum: pass=623        all=623        -- eff=100.00 % cumulative eff=4.31 %
Hmass>=110: pass=50         all=623        -- eff=8.03 % cumulative eff=0.35 %
[2025-11-20 03:16:36.025] [main] [info] Writing quantities map to /eos/user/j/jiahua/MC_2022EE_inc/MC_2022EE_vbf/ZZto2L2Nu_powheg_22EE_ext1-v2/a1ccff10-64dd-4ec2-9395-438a1d699853_vbfhmm.root
[2025-11-20 03:16:36.088] [main] [info] Finished Evaluation
[2025-11-20 03:16:36.088] [main] [info] Overall runtime (real time: 174.24, CPU time: 101.53)
