000 (12769406.053.000) 11/08 09:45:20 Job submitted from host: <188.185.121.235:9618?addrs=188.185.121.235-9618+[2001-1458-d00-49--100-36e]-9618&alias=bigbird22.cern.ch&noUDP&sock=schedd_232129_c3ca>
...
040 (12769406.053.000) 11/08 09:48:52 Started transferring input files
	Transferring to host: <188.185.214.83:9618?addrs=188.185.214.83-9618+[2001-1458-303-1c--100-4f]-9618&alias=b9p29p0726.cern.ch&noUDP&sock=slot1_4_5585_e33c_59629>
...
040 (12769406.053.000) 11/08 09:48:53 Finished transferring input files
...
001 (12769406.053.000) 11/08 09:48:53 Job executing on host: <188.185.214.83:9618?addrs=188.185.214.83-9618+[2001-1458-303-1c--100-4f]-9618&alias=b9p29p0726.cern.ch&noUDP&sock=startd_4627_50cc>
	SlotName: slot1_4@b9p29p0726.cern.ch
	CondorScratchDir = "/pool/condor/dir_1067351"
	Cpus = 1
	Disk = 16017
	GPUs = 0
	Memory = 3000
...
006 (12769406.053.000) 11/08 09:49:07 Image size of job updated: 120444
	118  -  MemoryUsage of job (MB)
	120444  -  ResidentSetSize of job (KB)
...
006 (12769406.053.000) 11/08 09:52:21 Image size of job updated: 449660
	118  -  MemoryUsage of job (MB)
	120444  -  ResidentSetSize of job (KB)
...
040 (12769406.053.000) 11/08 09:52:21 Started transferring output files
...
040 (12769406.053.000) 11/08 09:52:22 Finished transferring output files
...
005 (12769406.053.000) 11/08 09:52:22 Job terminated.
	(1) Normal termination (return value 0)
		Usr 0 00:02:05, Sys 0 00:00:04  -  Run Remote Usage
		Usr 0 00:00:00, Sys 0 00:00:00  -  Run Local Usage
		Usr 0 00:02:05, Sys 0 00:00:04  -  Total Remote Usage
		Usr 0 00:00:00, Sys 0 00:00:00  -  Total Local Usage
	15271  -  Run Bytes Sent By Job
	11220236  -  Run Bytes Received By Job
	15271  -  Total Bytes Sent By Job
	11220236  -  Total Bytes Received By Job
	Partitionable Resources :    Usage  Request Allocated 
	   Cpus                 :        0        1         1 
	   Disk (KB)            :    10995    12500     16017 
	   GPUs                 :                           0 
	   Memory (MB)          :      118     3000      3000 
	   TimeExecute (s)      :      208                    
	   TimeSlotBusy (s)     :      211                    

	Job terminated of its own accord at 2025-11-08T08:52:21Z with exit-code 0.
...
