Starting job on \n
Running on: Linux b9p29p0143.cern.ch 5.14.0-570.44.1.el9_6.x86_64 #1 SMP PREEMPT_DYNAMIC Tue Sep 9 05:17:30 EDT 2025 x86_64 x86_64 x86_64 GNU/Linux\n
System software: Red Hat Enterprise Linux release 9.6 (Plow)\n
Setting up CROWN for RedHatEnterprise Version 9.6
subject   : /DC=ch/DC=cern/OU=Organic Units/OU=Users/CN=jiahua/CN=851532/CN=Jiahua Chen/CN=1735721823
issuer    : /DC=ch/DC=cern/OU=Organic Units/OU=Users/CN=jiahua/CN=851532/CN=Jiahua Chen
identity  : /DC=ch/DC=cern/OU=Organic Units/OU=Users/CN=jiahua/CN=851532/CN=Jiahua Chen
type      : RFC compliant proxy
strength  : 2048 bits
path      : /afs/cern.ch/user/j/jiahua/proxy/x509up_u139833
timeleft  : 197:49:34
key usage : Digital Signature, Key Encipherment
=== VO cms extension information ===
VO        : cms
subject   : /DC=ch/DC=cern/OU=Organic Units/OU=Users/CN=jiahua/CN=851532/CN=Jiahua Chen
issuer    : /DC=ch/DC=cern/OU=computers/CN=cms-auth.cern.ch
attribute : /cms/Role=NULL/Capability=NULL
timeleft  : 189:49:34
uri       : voms-cms-auth.cern.ch:15000
subject   : /DC=ch/DC=cern/OU=Organic Units/OU=Users/CN=jiahua/CN=851532/CN=Jiahua Chen/CN=1735721823
issuer    : /DC=ch/DC=cern/OU=Organic Units/OU=Users/CN=jiahua/CN=851532/CN=Jiahua Chen
identity  : /DC=ch/DC=cern/OU=Organic Units/OU=Users/CN=jiahua/CN=851532/CN=Jiahua Chen
type      : RFC compliant proxy
strength  : 2048 bits
path      : /afs/cern.ch/user/j/jiahua/proxy/x509up_u139833
timeleft  : 197:49:34
key usage : Digital Signature, Key Encipherment
=== VO cms extension information ===
VO        : cms
subject   : /DC=ch/DC=cern/OU=Organic Units/OU=Users/CN=jiahua/CN=851532/CN=Jiahua Chen
issuer    : /DC=ch/DC=cern/OU=computers/CN=cms-auth.cern.ch
attribute : /cms/Role=NULL/Capability=NULL
timeleft  : 189:49:34
uri       : voms-cms-auth.cern.ch:15000
/eos/user/j/jiahua/MC_2022_inc/DYto2L-2Jets_MLL-50_amcatnloFXFX_22_ext1-v1/bd6d8cc7-9e0c-41da-a60b-e347f785dfec.root
[2025-11-08 09:49:24.677] [main] [info] Checking input files
[2025-11-08 09:49:30.293] [main] [info] NanoAOD input_file 1: root://cms-xrd-global.cern.ch//store/mc/Run3Summer22NanoAODv12/DYto2L-2Jets_MLL-50_TuneCP5_13p6TeV_amcatnloFXFX-pythia8/NANOAODSIM/130X_mcRun3_2022_realistic_v5_ext1-v1/2560000/bd6d8cc7-9e0c-41da-a60b-e347f785dfec.root - 325014 Events
[2025-11-08 09:49:30.336] [main] [info] input_file 1: root://cms-xrd-global.cern.ch//store/mc/Run3Summer22NanoAODv12/DYto2L-2Jets_MLL-50_TuneCP5_13p6TeV_amcatnloFXFX-pythia8/NANOAODSIM/130X_mcRun3_2022_realistic_v5_ext1-v1/2560000/bd6d8cc7-9e0c-41da-a60b-e347f785dfec.root - SumOfGenWeight: 5805906601.6 
[2025-11-08 09:49:30.336] [main] [info] Output directory: /eos/user/j/jiahua/MC_2022_inc/DYto2L-2Jets_MLL-50_amcatnloFXFX_22_ext1-v1/bd6d8cc7-9e0c-41da-a60b-e347f785dfec.root
[2025-11-08 09:49:30.355] [main] [info] Starting Setup of Dataframe with 325014 events
[2025-11-08 09:50:01.755] [main] [info] Finished Setup
[2025-11-08 09:50:01.755] [main] [info] Runtime for setup (real time: 31.42, CPU time: 29.94)
[2025-11-08 09:50:01.755] [main] [info] Starting Evaluation
[2025-11-08 09:50:13.170] [main] [info] 10000 / 325014 (3.08 %) Events processed ...
[2025-11-08 09:50:14.682] [main] [info] 20000 / 325014 (6.15 %) Events processed ...
[2025-11-08 09:50:16.238] [main] [info] 30000 / 325014 (9.23 %) Events processed ...
[2025-11-08 09:50:17.775] [main] [info] 40000 / 325014 (12.31 %) Events processed ...
[2025-11-08 09:50:20.329] [main] [info] 50000 / 325014 (15.38 %) Events processed ...
[2025-11-08 09:50:21.876] [main] [info] 60000 / 325014 (18.46 %) Events processed ...
[2025-11-08 09:50:23.960] [main] [info] 70000 / 325014 (21.54 %) Events processed ...
[2025-11-08 09:50:25.303] [main] [info] 80000 / 325014 (24.61 %) Events processed ...
[2025-11-08 09:50:27.397] [main] [info] 90000 / 325014 (27.69 %) Events processed ...
[2025-11-08 09:50:28.769] [main] [info] 100000 / 325014 (30.77 %) Events processed ...
[2025-11-08 09:50:30.130] [main] [info] 110000 / 325014 (33.84 %) Events processed ...
[2025-11-08 09:50:31.398] [main] [info] 120000 / 325014 (36.92 %) Events processed ...
[2025-11-08 09:50:33.906] [main] [info] 130000 / 325014 (40.00 %) Events processed ...
[2025-11-08 09:50:35.877] [main] [info] 140000 / 325014 (43.08 %) Events processed ...
[2025-11-08 09:50:37.738] [main] [info] 150000 / 325014 (46.15 %) Events processed ...
[2025-11-08 09:50:39.013] [main] [info] 160000 / 325014 (49.23 %) Events processed ...
[2025-11-08 09:50:41.383] [main] [info] 170000 / 325014 (52.31 %) Events processed ...
[2025-11-08 09:50:42.730] [main] [info] 180000 / 325014 (55.38 %) Events processed ...
[2025-11-08 09:50:43.907] [main] [info] 190000 / 325014 (58.46 %) Events processed ...
[2025-11-08 09:50:45.227] [main] [info] 200000 / 325014 (61.54 %) Events processed ...
[2025-11-08 09:50:47.594] [main] [info] 210000 / 325014 (64.61 %) Events processed ...
[2025-11-08 09:50:49.189] [main] [info] 220000 / 325014 (67.69 %) Events processed ...
[2025-11-08 09:50:50.867] [main] [info] 230000 / 325014 (70.77 %) Events processed ...
[2025-11-08 09:50:52.267] [main] [info] 240000 / 325014 (73.84 %) Events processed ...
[2025-11-08 09:50:59.399] [main] [info] 250000 / 325014 (76.92 %) Events processed ...
[2025-11-08 09:51:00.853] [main] [info] 260000 / 325014 (80.00 %) Events processed ...
[2025-11-08 09:51:02.081] [main] [info] 270000 / 325014 (83.07 %) Events processed ...
[2025-11-08 09:51:03.545] [main] [info] 280000 / 325014 (86.15 %) Events processed ...
[2025-11-08 09:51:08.113] [main] [info] 290000 / 325014 (89.23 %) Events processed ...
[2025-11-08 09:51:09.949] [main] [info] 300000 / 325014 (92.30 %) Events processed ...
[2025-11-08 09:51:11.754] [main] [info] 310000 / 325014 (95.38 %) Events processed ...
[2025-11-08 09:51:13.614] [main] [info] 320000 / 325014 (98.46 %) Events processed ...
[2025-11-08 09:51:16.331] [main] [info] vbfhmm:
Flag_goodVertices: pass=325014     all=325014     -- eff=100.00 % cumulative eff=100.00 %
Flag_globalSuperTightHalo2016Filter: pass=324997     all=325014     -- eff=99.99 % cumulative eff=99.99 %
Flag_EcalDeadCellTriggerPrimitiveFilter: pass=324996     all=324997     -- eff=100.00 % cumulative eff=99.99 %
Flag_BadPFMuonFilter: pass=324984     all=324996     -- eff=100.00 % cumulative eff=99.99 %
Flag_BadPFMuonDzFilter: pass=324979     all=324984     -- eff=100.00 % cumulative eff=99.99 %
Flag_eeBadScFilter: pass=324979     all=324979     -- eff=100.00 % cumulative eff=99.99 %
Flag_ecalBadCalibFilter: pass=324950     all=324979     -- eff=99.99 % cumulative eff=99.98 %
Flag_hfNoisyHitsFilter: pass=324932     all=324950     -- eff=99.99 % cumulative eff=99.97 %
Number of muons 2: pass=40051      all=324932     -- eff=12.33 % cumulative eff=12.32 %
DiMuon From Higgs: pass=38391      all=40051      -- eff=95.86 % cumulative eff=11.81 %
LeptonChargeSum: pass=38388      all=38391      -- eff=99.99 % cumulative eff=11.81 %
[2025-11-08 09:51:17.593] [main] [info] Writing quantities map to /eos/user/j/jiahua/MC_2022_inc/DYto2L-2Jets_MLL-50_amcatnloFXFX_22_ext1-v1/bd6d8cc7-9e0c-41da-a60b-e347f785dfec_vbfhmm.root
[2025-11-08 09:51:17.881] [main] [info] Finished Evaluation
[2025-11-08 09:51:17.881] [main] [info] Overall runtime (real time: 107.54, CPU time: 87.89)
