000 (12769406.177.000) 11/08 09:45:20 Job submitted from host: <188.185.121.235:9618?addrs=188.185.121.235-9618+[2001-1458-d00-49--100-36e]-9618&alias=bigbird22.cern.ch&noUDP&sock=schedd_232129_c3ca>
...
040 (12769406.177.000) 11/08 09:49:38 Started transferring input files
	Transferring to host: <188.185.210.159:9618?addrs=188.185.210.159-9618+[2001-1458-303-15--100-1b]-9618&alias=b9p22p2432.cern.ch&noUDP&sock=slot1_3_6701_35ea_48682>
...
040 (12769406.177.000) 11/08 09:49:39 Finished transferring input files
...
001 (12769406.177.000) 11/08 09:49:40 Job executing on host: <188.185.210.159:9618?addrs=188.185.210.159-9618+[2001-1458-303-15--100-1b]-9618&alias=b9p22p2432.cern.ch&noUDP&sock=startd_5798_8633>
	SlotName: slot1_3@b9p22p2432.cern.ch
	CondorScratchDir = "/pool/condor/dir_2283081"
	Cpus = 1
	Disk = 16056
	GPUs = 0
	Memory = 3000
...
006 (12769406.177.000) 11/08 09:49:53 Image size of job updated: 97204
	95  -  MemoryUsage of job (MB)
	97204  -  ResidentSetSize of job (KB)
...
006 (12769406.177.000) 11/08 09:50:37 Image size of job updated: 407556
	95  -  MemoryUsage of job (MB)
	97204  -  ResidentSetSize of job (KB)
...
040 (12769406.177.000) 11/08 09:50:37 Started transferring output files
...
040 (12769406.177.000) 11/08 09:50:37 Finished transferring output files
...
005 (12769406.177.000) 11/08 09:50:37 Job terminated.
	(1) Normal termination (return value 0)
		Usr 0 00:00:37, Sys 0 00:00:02  -  Run Remote Usage
		Usr 0 00:00:00, Sys 0 00:00:00  -  Run Local Usage
		Usr 0 00:00:37, Sys 0 00:00:02  -  Total Remote Usage
		Usr 0 00:00:00, Sys 0 00:00:00  -  Total Local Usage
	9546  -  Run Bytes Sent By Job
	11220236  -  Run Bytes Received By Job
	9546  -  Total Bytes Sent By Job
	11220236  -  Total Bytes Received By Job
	Partitionable Resources :    Usage  Request Allocated 
	   Cpus                 :        0        1         1 
	   Disk (KB)            :    10990    12500     16056 
	   GPUs                 :                           0 
	   Memory (MB)          :       95     3000      3000 
	   TimeExecute (s)      :       57                    
	   TimeSlotBusy (s)     :       60                    

	Job terminated of its own accord at 2025-11-08T08:50:37Z with exit-code 0.
...
