Starting job on \n
Running on: Linux b9p22p1286.cern.ch 5.14.0-570.42.2.el9_6.x86_64 #1 SMP PREEMPT_DYNAMIC Mon Sep 8 12:15:13 EDT 2025 x86_64 x86_64 x86_64 GNU/Linux\n
System software: Red Hat Enterprise Linux release 9.6 (Plow)\n
Setting up CROWN for RedHatEnterprise Version 9.6
subject   : /DC=ch/DC=cern/OU=Organic Units/OU=Users/CN=jiahua/CN=851532/CN=Jiahua Chen/CN=1735721823
issuer    : /DC=ch/DC=cern/OU=Organic Units/OU=Users/CN=jiahua/CN=851532/CN=Jiahua Chen
identity  : /DC=ch/DC=cern/OU=Organic Units/OU=Users/CN=jiahua/CN=851532/CN=Jiahua Chen
type      : RFC compliant proxy
strength  : 2048 bits
path      : /afs/cern.ch/user/j/jiahua/proxy/x509up_u139833
timeleft  : 197:50:24
key usage : Digital Signature, Key Encipherment
=== VO cms extension information ===
VO        : cms
subject   : /DC=ch/DC=cern/OU=Organic Units/OU=Users/CN=jiahua/CN=851532/CN=Jiahua Chen
issuer    : /DC=ch/DC=cern/OU=computers/CN=cms-auth.cern.ch
attribute : /cms/Role=NULL/Capability=NULL
timeleft  : 189:50:24
uri       : voms-cms-auth.cern.ch:15000
subject   : /DC=ch/DC=cern/OU=Organic Units/OU=Users/CN=jiahua/CN=851532/CN=Jiahua Chen/CN=1735721823
issuer    : /DC=ch/DC=cern/OU=Organic Units/OU=Users/CN=jiahua/CN=851532/CN=Jiahua Chen
identity  : /DC=ch/DC=cern/OU=Organic Units/OU=Users/CN=jiahua/CN=851532/CN=Jiahua Chen
type      : RFC compliant proxy
strength  : 2048 bits
path      : /afs/cern.ch/user/j/jiahua/proxy/x509up_u139833
timeleft  : 197:50:24
key usage : Digital Signature, Key Encipherment
=== VO cms extension information ===
VO        : cms
subject   : /DC=ch/DC=cern/OU=Organic Units/OU=Users/CN=jiahua/CN=851532/CN=Jiahua Chen
issuer    : /DC=ch/DC=cern/OU=computers/CN=cms-auth.cern.ch
attribute : /cms/Role=NULL/Capability=NULL
timeleft  : 189:50:24
uri       : voms-cms-auth.cern.ch:15000
/eos/user/j/jiahua/MC_2022_inc/DYto2L-2Jets_MLL-50_amcatnloFXFX_22_ext1-v1/bb6c720b-02d8-4e1f-9e8b-c0f06390f725.root
[2025-11-08 09:48:34.406] [main] [info] Checking input files
[2025-11-08 09:48:39.029] [main] [info] NanoAOD input_file 1: root://cms-xrd-global.cern.ch//store/mc/Run3Summer22NanoAODv12/DYto2L-2Jets_MLL-50_TuneCP5_13p6TeV_amcatnloFXFX-pythia8/NANOAODSIM/130X_mcRun3_2022_realistic_v5_ext1-v1/2550000/bb6c720b-02d8-4e1f-9e8b-c0f06390f725.root - 460917 Events
[2025-11-08 09:48:39.065] [main] [info] input_file 1: root://cms-xrd-global.cern.ch//store/mc/Run3Summer22NanoAODv12/DYto2L-2Jets_MLL-50_TuneCP5_13p6TeV_amcatnloFXFX-pythia8/NANOAODSIM/130X_mcRun3_2022_realistic_v5_ext1-v1/2550000/bb6c720b-02d8-4e1f-9e8b-c0f06390f725.root - SumOfGenWeight: 8228988867.372 
[2025-11-08 09:48:39.065] [main] [info] Output directory: /eos/user/j/jiahua/MC_2022_inc/DYto2L-2Jets_MLL-50_amcatnloFXFX_22_ext1-v1/bb6c720b-02d8-4e1f-9e8b-c0f06390f725.root
[2025-11-08 09:48:39.065] [main] [info] Starting Setup of Dataframe with 460917 events
[2025-11-08 09:49:07.349] [main] [info] Finished Setup
[2025-11-08 09:49:07.349] [main] [info] Runtime for setup (real time: 28.28, CPU time: 27.46)
[2025-11-08 09:49:07.349] [main] [info] Starting Evaluation
[2025-11-08 09:49:16.615] [main] [info] 10000 / 460917 (2.17 %) Events processed ...
[2025-11-08 09:49:18.028] [main] [info] 20000 / 460917 (4.34 %) Events processed ...
[2025-11-08 09:49:19.495] [main] [info] 30000 / 460917 (6.51 %) Events processed ...
[2025-11-08 09:49:20.933] [main] [info] 40000 / 460917 (8.68 %) Events processed ...
[2025-11-08 09:49:23.359] [main] [info] 50000 / 460917 (10.85 %) Events processed ...
[2025-11-08 09:49:24.711] [main] [info] 60000 / 460917 (13.02 %) Events processed ...
[2025-11-08 09:49:26.274] [main] [info] 70000 / 460917 (15.19 %) Events processed ...
[2025-11-08 09:49:27.613] [main] [info] 80000 / 460917 (17.36 %) Events processed ...
[2025-11-08 09:49:30.125] [main] [info] 90000 / 460917 (19.53 %) Events processed ...
[2025-11-08 09:49:31.887] [main] [info] 100000 / 460917 (21.70 %) Events processed ...
[2025-11-08 09:49:33.734] [main] [info] 110000 / 460917 (23.87 %) Events processed ...
[2025-11-08 09:49:35.387] [main] [info] 120000 / 460917 (26.04 %) Events processed ...
[2025-11-08 09:49:38.327] [main] [info] 130000 / 460917 (28.20 %) Events processed ...
[2025-11-08 09:49:40.168] [main] [info] 140000 / 460917 (30.37 %) Events processed ...
[2025-11-08 09:49:41.388] [main] [info] 150000 / 460917 (32.54 %) Events processed ...
[2025-11-08 09:49:42.650] [main] [info] 160000 / 460917 (34.71 %) Events processed ...
[2025-11-08 09:49:45.115] [main] [info] 170000 / 460917 (36.88 %) Events processed ...
[2025-11-08 09:49:46.638] [main] [info] 180000 / 460917 (39.05 %) Events processed ...
[2025-11-08 09:49:48.043] [main] [info] 190000 / 460917 (41.22 %) Events processed ...
[2025-11-08 09:49:49.455] [main] [info] 200000 / 460917 (43.39 %) Events processed ...
[2025-11-08 09:49:51.576] [main] [info] 210000 / 460917 (45.56 %) Events processed ...
[2025-11-08 09:49:52.923] [main] [info] 220000 / 460917 (47.73 %) Events processed ...
[2025-11-08 09:49:54.311] [main] [info] 230000 / 460917 (49.90 %) Events processed ...
[2025-11-08 09:49:55.737] [main] [info] 240000 / 460917 (52.07 %) Events processed ...
[2025-11-08 09:50:46.279] [main] [info] 250000 / 460917 (54.24 %) Events processed ...
[2025-11-08 09:50:47.557] [main] [info] 260000 / 460917 (56.41 %) Events processed ...
[2025-11-08 09:50:48.923] [main] [info] 270000 / 460917 (58.58 %) Events processed ...
[2025-11-08 09:50:50.035] [main] [info] 280000 / 460917 (60.75 %) Events processed ...
[2025-11-08 09:50:52.376] [main] [info] 290000 / 460917 (62.92 %) Events processed ...
[2025-11-08 09:50:53.769] [main] [info] 300000 / 460917 (65.09 %) Events processed ...
[2025-11-08 09:50:55.129] [main] [info] 310000 / 460917 (67.26 %) Events processed ...
[2025-11-08 09:50:56.410] [main] [info] 320000 / 460917 (69.43 %) Events processed ...
[2025-11-08 09:50:58.742] [main] [info] 330000 / 460917 (71.60 %) Events processed ...
[2025-11-08 09:51:00.344] [main] [info] 340000 / 460917 (73.77 %) Events processed ...
[2025-11-08 09:51:01.642] [main] [info] 350000 / 460917 (75.94 %) Events processed ...
[2025-11-08 09:51:02.902] [main] [info] 360000 / 460917 (78.11 %) Events processed ...
[2025-11-08 09:51:05.088] [main] [info] 370000 / 460917 (80.27 %) Events processed ...
[2025-11-08 09:51:06.540] [main] [info] 380000 / 460917 (82.44 %) Events processed ...
[2025-11-08 09:51:07.896] [main] [info] 390000 / 460917 (84.61 %) Events processed ...
[2025-11-08 09:51:09.384] [main] [info] 400000 / 460917 (86.78 %) Events processed ...
[2025-11-08 09:51:11.552] [main] [info] 410000 / 460917 (88.95 %) Events processed ...
[2025-11-08 09:51:12.913] [main] [info] 420000 / 460917 (91.12 %) Events processed ...
[2025-11-08 09:51:14.280] [main] [info] 430000 / 460917 (93.29 %) Events processed ...
[2025-11-08 09:51:15.610] [main] [info] 440000 / 460917 (95.46 %) Events processed ...
[2025-11-08 09:51:17.491] [main] [info] 450000 / 460917 (97.63 %) Events processed ...
[2025-11-08 09:51:18.721] [main] [info] 460000 / 460917 (99.80 %) Events processed ...
[2025-11-08 09:51:19.126] [main] [info] vbfhmm:
Flag_goodVertices: pass=460917     all=460917     -- eff=100.00 % cumulative eff=100.00 %
Flag_globalSuperTightHalo2016Filter: pass=460899     all=460917     -- eff=100.00 % cumulative eff=100.00 %
Flag_EcalDeadCellTriggerPrimitiveFilter: pass=460891     all=460899     -- eff=100.00 % cumulative eff=99.99 %
Flag_BadPFMuonFilter: pass=460880     all=460891     -- eff=100.00 % cumulative eff=99.99 %
Flag_BadPFMuonDzFilter: pass=460879     all=460880     -- eff=100.00 % cumulative eff=99.99 %
Flag_eeBadScFilter: pass=460879     all=460879     -- eff=100.00 % cumulative eff=99.99 %
Flag_ecalBadCalibFilter: pass=460846     all=460879     -- eff=99.99 % cumulative eff=99.98 %
Flag_hfNoisyHitsFilter: pass=460810     all=460846     -- eff=99.99 % cumulative eff=99.98 %
Number of muons 2: pass=57550      all=460810     -- eff=12.49 % cumulative eff=12.49 %
DiMuon From Higgs: pass=55273      all=57550      -- eff=96.04 % cumulative eff=11.99 %
LeptonChargeSum: pass=55261      all=55273      -- eff=99.98 % cumulative eff=11.99 %
[2025-11-08 09:51:19.298] [main] [info] Writing quantities map to /eos/user/j/jiahua/MC_2022_inc/DYto2L-2Jets_MLL-50_amcatnloFXFX_22_ext1-v1/bb6c720b-02d8-4e1f-9e8b-c0f06390f725_vbfhmm.root
[2025-11-08 09:51:19.599] [main] [info] Finished Evaluation
[2025-11-08 09:51:19.599] [main] [info] Overall runtime (real time: 160.53, CPU time: 99.21)
