Starting job on \n
Running on: Linux b9p04p1288.cern.ch 5.14.0-570.44.1.el9_6.x86_64 #1 SMP PREEMPT_DYNAMIC Tue Sep 9 05:17:30 EDT 2025 x86_64 x86_64 x86_64 GNU/Linux\n
System software: Red Hat Enterprise Linux release 9.6 (Plow)\n
Setting up CROWN for RedHatEnterprise Version 9.6
subject   : /DC=ch/DC=cern/OU=Organic Units/OU=Users/CN=jiahua/CN=851532/CN=Jiahua Chen/CN=1735721823
issuer    : /DC=ch/DC=cern/OU=Organic Units/OU=Users/CN=jiahua/CN=851532/CN=Jiahua Chen
identity  : /DC=ch/DC=cern/OU=Organic Units/OU=Users/CN=jiahua/CN=851532/CN=Jiahua Chen
type      : RFC compliant proxy
strength  : 2048 bits
path      : /afs/cern.ch/user/j/jiahua/proxy/x509up_u139833
timeleft  : 197:49:55
key usage : Digital Signature, Key Encipherment
=== VO cms extension information ===
VO        : cms
subject   : /DC=ch/DC=cern/OU=Organic Units/OU=Users/CN=jiahua/CN=851532/CN=Jiahua Chen
issuer    : /DC=ch/DC=cern/OU=computers/CN=cms-auth.cern.ch
attribute : /cms/Role=NULL/Capability=NULL
timeleft  : 189:49:55
uri       : voms-cms-auth.cern.ch:15000
subject   : /DC=ch/DC=cern/OU=Organic Units/OU=Users/CN=jiahua/CN=851532/CN=Jiahua Chen/CN=1735721823
issuer    : /DC=ch/DC=cern/OU=Organic Units/OU=Users/CN=jiahua/CN=851532/CN=Jiahua Chen
identity  : /DC=ch/DC=cern/OU=Organic Units/OU=Users/CN=jiahua/CN=851532/CN=Jiahua Chen
type      : RFC compliant proxy
strength  : 2048 bits
path      : /afs/cern.ch/user/j/jiahua/proxy/x509up_u139833
timeleft  : 197:49:55
key usage : Digital Signature, Key Encipherment
=== VO cms extension information ===
VO        : cms
subject   : /DC=ch/DC=cern/OU=Organic Units/OU=Users/CN=jiahua/CN=851532/CN=Jiahua Chen
issuer    : /DC=ch/DC=cern/OU=computers/CN=cms-auth.cern.ch
attribute : /cms/Role=NULL/Capability=NULL
timeleft  : 189:49:55
uri       : voms-cms-auth.cern.ch:15000
/eos/user/j/jiahua/MC_2022_inc/DYto2L-2Jets_MLL-50_amcatnloFXFX_22_ext1-v1/3804c123-28ce-44a4-9a28-5e9098df3e64.root
[2025-11-08 09:49:03.953] [main] [info] Checking input files
[2025-11-08 09:49:10.524] [main] [info] NanoAOD input_file 1: root://cms-xrd-global.cern.ch//store/mc/Run3Summer22NanoAODv12/DYto2L-2Jets_MLL-50_TuneCP5_13p6TeV_amcatnloFXFX-pythia8/NANOAODSIM/130X_mcRun3_2022_realistic_v5_ext1-v1/70000/3804c123-28ce-44a4-9a28-5e9098df3e64.root - 549320 Events
[2025-11-08 09:49:10.537] [main] [info] input_file 1: root://cms-xrd-global.cern.ch//store/mc/Run3Summer22NanoAODv12/DYto2L-2Jets_MLL-50_TuneCP5_13p6TeV_amcatnloFXFX-pythia8/NANOAODSIM/130X_mcRun3_2022_realistic_v5_ext1-v1/70000/3804c123-28ce-44a4-9a28-5e9098df3e64.root - SumOfGenWeight: 9773526059.471998 
[2025-11-08 09:49:10.537] [main] [info] Output directory: /eos/user/j/jiahua/MC_2022_inc/DYto2L-2Jets_MLL-50_amcatnloFXFX_22_ext1-v1/3804c123-28ce-44a4-9a28-5e9098df3e64.root
[2025-11-08 09:49:10.539] [main] [info] Starting Setup of Dataframe with 549320 events
[2025-11-08 09:49:49.808] [main] [info] Finished Setup
[2025-11-08 09:49:49.808] [main] [info] Runtime for setup (real time: 39.27, CPU time: 37.65)
[2025-11-08 09:49:49.808] [main] [info] Starting Evaluation
[2025-11-08 09:50:02.653] [main] [info] 10000 / 549320 (1.82 %) Events processed ...
[2025-11-08 09:50:04.449] [main] [info] 20000 / 549320 (3.64 %) Events processed ...
[2025-11-08 09:50:06.009] [main] [info] 30000 / 549320 (5.46 %) Events processed ...
[2025-11-08 09:50:07.203] [main] [info] 40000 / 549320 (7.28 %) Events processed ...
[2025-11-08 09:50:09.603] [main] [info] 50000 / 549320 (9.10 %) Events processed ...
[2025-11-08 09:50:11.466] [main] [info] 60000 / 549320 (10.92 %) Events processed ...
[2025-11-08 09:50:13.377] [main] [info] 70000 / 549320 (12.74 %) Events processed ...
[2025-11-08 09:50:14.999] [main] [info] 80000 / 549320 (14.56 %) Events processed ...
[2025-11-08 09:50:17.259] [main] [info] 90000 / 549320 (16.38 %) Events processed ...
[2025-11-08 09:50:18.862] [main] [info] 100000 / 549320 (18.20 %) Events processed ...
[2025-11-08 09:50:20.062] [main] [info] 110000 / 549320 (20.02 %) Events processed ...
[2025-11-08 09:50:21.376] [main] [info] 120000 / 549320 (21.85 %) Events processed ...
[2025-11-08 09:50:23.761] [main] [info] 130000 / 549320 (23.67 %) Events processed ...
[2025-11-08 09:50:25.623] [main] [info] 140000 / 549320 (25.49 %) Events processed ...
[2025-11-08 09:50:27.302] [main] [info] 150000 / 549320 (27.31 %) Events processed ...
[2025-11-08 09:50:28.984] [main] [info] 160000 / 549320 (29.13 %) Events processed ...
[2025-11-08 09:50:31.323] [main] [info] 170000 / 549320 (30.95 %) Events processed ...
[2025-11-08 09:50:32.989] [main] [info] 180000 / 549320 (32.77 %) Events processed ...
[2025-11-08 09:50:34.513] [main] [info] 190000 / 549320 (34.59 %) Events processed ...
[2025-11-08 09:50:36.156] [main] [info] 200000 / 549320 (36.41 %) Events processed ...
[2025-11-08 09:50:38.565] [main] [info] 210000 / 549320 (38.23 %) Events processed ...
[2025-11-08 09:50:40.237] [main] [info] 220000 / 549320 (40.05 %) Events processed ...
[2025-11-08 09:50:41.788] [main] [info] 230000 / 549320 (41.87 %) Events processed ...
[2025-11-08 09:50:43.490] [main] [info] 240000 / 549320 (43.69 %) Events processed ...
[2025-11-08 09:50:45.892] [main] [info] 250000 / 549320 (45.51 %) Events processed ...
[2025-11-08 09:50:47.646] [main] [info] 260000 / 549320 (47.33 %) Events processed ...
[2025-11-08 09:50:49.533] [main] [info] 270000 / 549320 (49.15 %) Events processed ...
[2025-11-08 09:50:51.094] [main] [info] 280000 / 549320 (50.97 %) Events processed ...
[2025-11-08 09:50:59.257] [main] [info] 290000 / 549320 (52.79 %) Events processed ...
[2025-11-08 09:51:00.955] [main] [info] 300000 / 549320 (54.61 %) Events processed ...
[2025-11-08 09:51:02.462] [main] [info] 310000 / 549320 (56.43 %) Events processed ...
[2025-11-08 09:51:04.080] [main] [info] 320000 / 549320 (58.25 %) Events processed ...
[2025-11-08 09:51:08.603] [main] [info] 330000 / 549320 (60.07 %) Events processed ...
[2025-11-08 09:51:10.639] [main] [info] 340000 / 549320 (61.89 %) Events processed ...
[2025-11-08 09:51:11.906] [main] [info] 350000 / 549320 (63.72 %) Events processed ...
[2025-11-08 09:51:13.246] [main] [info] 360000 / 549320 (65.54 %) Events processed ...
[2025-11-08 09:51:17.995] [main] [info] 370000 / 549320 (67.36 %) Events processed ...
[2025-11-08 09:51:19.830] [main] [info] 380000 / 549320 (69.18 %) Events processed ...
[2025-11-08 09:51:21.523] [main] [info] 390000 / 549320 (71.00 %) Events processed ...
[2025-11-08 09:51:23.343] [main] [info] 400000 / 549320 (72.82 %) Events processed ...
[2025-11-08 09:51:27.593] [main] [info] 410000 / 549320 (74.64 %) Events processed ...
[2025-11-08 09:51:28.781] [main] [info] 420000 / 549320 (76.46 %) Events processed ...
[2025-11-08 09:51:29.973] [main] [info] 430000 / 549320 (78.28 %) Events processed ...
[2025-11-08 09:51:31.128] [main] [info] 440000 / 549320 (80.10 %) Events processed ...
[2025-11-08 09:51:35.591] [main] [info] 450000 / 549320 (81.92 %) Events processed ...
[2025-11-08 09:51:37.323] [main] [info] 460000 / 549320 (83.74 %) Events processed ...
[2025-11-08 09:51:39.192] [main] [info] 470000 / 549320 (85.56 %) Events processed ...
[2025-11-08 09:51:40.813] [main] [info] 480000 / 549320 (87.38 %) Events processed ...
[2025-11-08 09:51:45.239] [main] [info] 490000 / 549320 (89.20 %) Events processed ...
[2025-11-08 09:51:46.945] [main] [info] 500000 / 549320 (91.02 %) Events processed ...
[2025-11-08 09:51:48.981] [main] [info] 510000 / 549320 (92.84 %) Events processed ...
[2025-11-08 09:51:50.131] [main] [info] 520000 / 549320 (94.66 %) Events processed ...
[2025-11-08 09:51:54.339] [main] [info] 530000 / 549320 (96.48 %) Events processed ...
[2025-11-08 09:51:56.191] [main] [info] 540000 / 549320 (98.30 %) Events processed ...
[2025-11-08 09:51:58.292] [main] [info] vbfhmm:
Flag_goodVertices: pass=549320     all=549320     -- eff=100.00 % cumulative eff=100.00 %
Flag_globalSuperTightHalo2016Filter: pass=549301     all=549320     -- eff=100.00 % cumulative eff=100.00 %
Flag_EcalDeadCellTriggerPrimitiveFilter: pass=549295     all=549301     -- eff=100.00 % cumulative eff=100.00 %
Flag_BadPFMuonFilter: pass=549276     all=549295     -- eff=100.00 % cumulative eff=99.99 %
Flag_BadPFMuonDzFilter: pass=549273     all=549276     -- eff=100.00 % cumulative eff=99.99 %
Flag_eeBadScFilter: pass=549273     all=549273     -- eff=100.00 % cumulative eff=99.99 %
Flag_ecalBadCalibFilter: pass=549226     all=549273     -- eff=99.99 % cumulative eff=99.98 %
Flag_hfNoisyHitsFilter: pass=549187     all=549226     -- eff=99.99 % cumulative eff=99.98 %
Number of muons 2: pass=68758      all=549187     -- eff=12.52 % cumulative eff=12.52 %
DiMuon From Higgs: pass=65848      all=68758      -- eff=95.77 % cumulative eff=11.99 %
LeptonChargeSum: pass=65840      all=65848      -- eff=99.99 % cumulative eff=11.99 %
[2025-11-08 09:51:58.521] [main] [info] Writing quantities map to /eos/user/j/jiahua/MC_2022_inc/DYto2L-2Jets_MLL-50_amcatnloFXFX_22_ext1-v1/3804c123-28ce-44a4-9a28-5e9098df3e64_vbfhmm.root
[2025-11-08 09:51:59.289] [main] [info] Finished Evaluation
[2025-11-08 09:51:59.289] [main] [info] Overall runtime (real time: 168.75, CPU time: 135.85)
