Starting job on \n
Running on: Linux b9p25p9299.cern.ch 5.14.0-570.44.1.el9_6.x86_64 #1 SMP PREEMPT_DYNAMIC Tue Sep 9 05:17:30 EDT 2025 x86_64 x86_64 x86_64 GNU/Linux\n
System software: Red Hat Enterprise Linux release 9.6 (Plow)\n
Setting up CROWN for RedHatEnterprise Version 9.6
subject   : /DC=ch/DC=cern/OU=Organic Units/OU=Users/CN=jiahua/CN=851532/CN=Jiahua Chen/CN=1735721823
issuer    : /DC=ch/DC=cern/OU=Organic Units/OU=Users/CN=jiahua/CN=851532/CN=Jiahua Chen
identity  : /DC=ch/DC=cern/OU=Organic Units/OU=Users/CN=jiahua/CN=851532/CN=Jiahua Chen
type      : RFC compliant proxy
strength  : 2048 bits
path      : /afs/cern.ch/user/j/jiahua/proxy/x509up_u139833
timeleft  : 197:41:06
key usage : Digital Signature, Key Encipherment
=== VO cms extension information ===
VO        : cms
subject   : /DC=ch/DC=cern/OU=Organic Units/OU=Users/CN=jiahua/CN=851532/CN=Jiahua Chen
issuer    : /DC=ch/DC=cern/OU=computers/CN=cms-auth.cern.ch
attribute : /cms/Role=NULL/Capability=NULL
timeleft  : 189:41:06
uri       : voms-cms-auth.cern.ch:15000
subject   : /DC=ch/DC=cern/OU=Organic Units/OU=Users/CN=jiahua/CN=851532/CN=Jiahua Chen/CN=1735721823
issuer    : /DC=ch/DC=cern/OU=Organic Units/OU=Users/CN=jiahua/CN=851532/CN=Jiahua Chen
identity  : /DC=ch/DC=cern/OU=Organic Units/OU=Users/CN=jiahua/CN=851532/CN=Jiahua Chen
type      : RFC compliant proxy
strength  : 2048 bits
path      : /afs/cern.ch/user/j/jiahua/proxy/x509up_u139833
timeleft  : 197:41:06
key usage : Digital Signature, Key Encipherment
=== VO cms extension information ===
VO        : cms
subject   : /DC=ch/DC=cern/OU=Organic Units/OU=Users/CN=jiahua/CN=851532/CN=Jiahua Chen
issuer    : /DC=ch/DC=cern/OU=computers/CN=cms-auth.cern.ch
attribute : /cms/Role=NULL/Capability=NULL
timeleft  : 189:41:06
uri       : voms-cms-auth.cern.ch:15000
/eos/user/j/jiahua/MC_2022_inc/DYto2Mu-2Jets_MLL-105To160_amcatnloFXFX_22/186c5bcd-0c48-471b-84a6-de259902cfe6.root
[2025-11-08 09:57:52.855] [main] [info] Checking input files
[2025-11-08 09:58:01.458] [main] [info] NanoAOD input_file 1: root://cms-xrd-global.cern.ch//store/mc/Run3Summer22NanoAODv12/DYto2Mu-2Jets_MLL-105To160_TuneCP5_13p6TeV_amcatnloFXFX-pythia8/NANOAODSIM/130X_mcRun3_2022_realistic_v5-v2/2810000/186c5bcd-0c48-471b-84a6-de259902cfe6.root - 229948 Events
[2025-11-08 09:58:01.459] [main] [info] input_file 1: root://cms-xrd-global.cern.ch//store/mc/Run3Summer22NanoAODv12/DYto2Mu-2Jets_MLL-105To160_TuneCP5_13p6TeV_amcatnloFXFX-pythia8/NANOAODSIM/130X_mcRun3_2022_realistic_v5-v2/2810000/186c5bcd-0c48-471b-84a6-de259902cfe6.root - SumOfGenWeight: 31151675.954199992 
[2025-11-08 09:58:01.459] [main] [info] Output directory: /eos/user/j/jiahua/MC_2022_inc/DYto2Mu-2Jets_MLL-105To160_amcatnloFXFX_22/186c5bcd-0c48-471b-84a6-de259902cfe6.root
[2025-11-08 09:58:01.460] [main] [info] Starting Setup of Dataframe with 229948 events
[2025-11-08 09:58:31.146] [main] [info] Finished Setup
[2025-11-08 09:58:31.146] [main] [info] Runtime for setup (real time: 29.69, CPU time: 28.44)
[2025-11-08 09:58:31.146] [main] [info] Starting Evaluation
[2025-11-08 09:58:51.832] [main] [info] 10000 / 229948 (4.35 %) Events processed ...
[2025-11-08 09:58:55.655] [main] [info] 20000 / 229948 (8.70 %) Events processed ...
[2025-11-08 09:58:59.330] [main] [info] 30000 / 229948 (13.05 %) Events processed ...
[2025-11-08 09:59:10.969] [main] [info] 40000 / 229948 (17.40 %) Events processed ...
[2025-11-08 09:59:14.594] [main] [info] 50000 / 229948 (21.74 %) Events processed ...
[2025-11-08 09:59:18.268] [main] [info] 60000 / 229948 (26.09 %) Events processed ...
[2025-11-08 09:59:21.831] [main] [info] 70000 / 229948 (30.44 %) Events processed ...
[2025-11-08 09:59:36.554] [main] [info] 80000 / 229948 (34.79 %) Events processed ...
[2025-11-08 09:59:40.942] [main] [info] 90000 / 229948 (39.14 %) Events processed ...
[2025-11-08 09:59:46.039] [main] [info] 100000 / 229948 (43.49 %) Events processed ...
[2025-11-08 10:00:00.297] [main] [info] 110000 / 229948 (47.84 %) Events processed ...
[2025-11-08 10:00:04.642] [main] [info] 120000 / 229948 (52.19 %) Events processed ...
[2025-11-08 10:00:08.216] [main] [info] 130000 / 229948 (56.53 %) Events processed ...
[2025-11-08 10:00:12.027] [main] [info] 140000 / 229948 (60.88 %) Events processed ...
[2025-11-08 10:00:24.038] [main] [info] 150000 / 229948 (65.23 %) Events processed ...
[2025-11-08 10:00:28.020] [main] [info] 160000 / 229948 (69.58 %) Events processed ...
[2025-11-08 10:00:31.933] [main] [info] 170000 / 229948 (73.93 %) Events processed ...
[2025-11-08 10:00:44.869] [main] [info] 180000 / 229948 (78.28 %) Events processed ...
[2025-11-08 10:00:48.977] [main] [info] 190000 / 229948 (82.63 %) Events processed ...
[2025-11-08 10:00:53.039] [main] [info] 200000 / 229948 (86.98 %) Events processed ...
[2025-11-08 10:00:57.084] [main] [info] 210000 / 229948 (91.32 %) Events processed ...
[2025-11-08 10:01:05.085] [main] [info] 220000 / 229948 (95.67 %) Events processed ...
[2025-11-08 10:01:09.228] [main] [info] vbfhmm:
Flag_goodVertices: pass=229948     all=229948     -- eff=100.00 % cumulative eff=100.00 %
Flag_globalSuperTightHalo2016Filter: pass=229933     all=229948     -- eff=99.99 % cumulative eff=99.99 %
Flag_EcalDeadCellTriggerPrimitiveFilter: pass=229928     all=229933     -- eff=100.00 % cumulative eff=99.99 %
Flag_BadPFMuonFilter: pass=229910     all=229928     -- eff=99.99 % cumulative eff=99.98 %
Flag_BadPFMuonDzFilter: pass=229904     all=229910     -- eff=100.00 % cumulative eff=99.98 %
Flag_eeBadScFilter: pass=229904     all=229904     -- eff=100.00 % cumulative eff=99.98 %
Flag_ecalBadCalibFilter: pass=229902     all=229904     -- eff=100.00 % cumulative eff=99.98 %
Flag_hfNoisyHitsFilter: pass=229888     all=229902     -- eff=99.99 % cumulative eff=99.97 %
Number of muons 2: pass=96869      all=229888     -- eff=42.14 % cumulative eff=42.13 %
DiMuon From Higgs: pass=92576      all=96869      -- eff=95.57 % cumulative eff=40.26 %
LeptonChargeSum: pass=92559      all=92576      -- eff=99.98 % cumulative eff=40.25 %
[2025-11-08 10:01:09.336] [main] [info] Writing quantities map to /eos/user/j/jiahua/MC_2022_inc/DYto2Mu-2Jets_MLL-105To160_amcatnloFXFX_22/186c5bcd-0c48-471b-84a6-de259902cfe6_vbfhmm.root
[2025-11-08 10:01:09.696] [main] [info] Finished Evaluation
[2025-11-08 10:01:09.696] [main] [info] Overall runtime (real time: 188.24, CPU time: 125.81)
