000 (12769406.030.000) 11/08 09:45:20 Job submitted from host: <188.185.121.235:9618?addrs=188.185.121.235-9618+[2001-1458-d00-49--100-36e]-9618&alias=bigbird22.cern.ch&noUDP&sock=schedd_232129_c3ca>
...
040 (12769406.030.000) 11/08 09:48:39 Started transferring input files
	Transferring to host: <128.142.161.87:9618?addrs=128.142.161.87-9618+[2001-1458-301-b8--100-15]-9618&alias=b9g03p3647.cern.ch&noUDP&sock=slot1_20_8498_5c13_45766>
...
001 (12769406.030.000) 11/08 09:48:40 Job executing on host: <128.142.161.87:9618?addrs=128.142.161.87-9618+[2001-1458-301-b8--100-15]-9618&alias=b9g03p3647.cern.ch&noUDP&sock=startd_7452_07d8>
	SlotName: slot1_20@b9g03p3647.cern.ch
	CondorScratchDir = "/pool/condor/dir_1789668"
	Cpus = 1
	Disk = 15982
	GPUs = 0
	Memory = 3000
...
040 (12769406.030.000) 11/08 09:48:40 Finished transferring input files
...
006 (12769406.030.000) 11/08 09:48:54 Image size of job updated: 118344
	116  -  MemoryUsage of job (MB)
	118344  -  ResidentSetSize of job (KB)
...
006 (12769406.030.000) 11/08 09:52:15 Image size of job updated: 448572
	116  -  MemoryUsage of job (MB)
	118344  -  ResidentSetSize of job (KB)
...
040 (12769406.030.000) 11/08 09:52:15 Started transferring output files
...
040 (12769406.030.000) 11/08 09:52:15 Finished transferring output files
...
005 (12769406.030.000) 11/08 09:52:15 Job terminated.
	(1) Normal termination (return value 0)
		Usr 0 00:02:54, Sys 0 00:00:02  -  Run Remote Usage
		Usr 0 00:00:00, Sys 0 00:00:00  -  Run Local Usage
		Usr 0 00:02:54, Sys 0 00:00:02  -  Total Remote Usage
		Usr 0 00:00:00, Sys 0 00:00:00  -  Total Local Usage
	15278  -  Run Bytes Sent By Job
	11220236  -  Run Bytes Received By Job
	15278  -  Total Bytes Sent By Job
	11220236  -  Total Bytes Received By Job
	Partitionable Resources :    Usage  Request Allocated 
	   Cpus                 :        0        1         1 
	   Disk (KB)            :    10995    12500     15982 
	   GPUs                 :                           0 
	   Memory (MB)          :      116     3000      3000 
	   TimeExecute (s)      :      215                    
	   TimeSlotBusy (s)     :      218                    

	Job terminated of its own accord at 2025-11-08T08:52:15Z with exit-code 0.
...
