000 (12769406.208.000) 11/08 09:45:20 Job submitted from host: <188.185.121.235:9618?addrs=188.185.121.235-9618+[2001-1458-d00-49--100-36e]-9618&alias=bigbird22.cern.ch&noUDP&sock=schedd_232129_c3ca>
...
040 (12769406.208.000) 11/08 09:49:48 Started transferring input files
	Transferring to host: <188.185.207.189:9618?addrs=188.185.207.189-9618+[2001-1458-303-e--100-3a]-9618&alias=b9p08p2358.cern.ch&noUDP&sock=slot1_3_6706_bbca_44264>
...
040 (12769406.208.000) 11/08 09:49:48 Finished transferring input files
...
001 (12769406.208.000) 11/08 09:49:49 Job executing on host: <188.185.207.189:9618?addrs=188.185.207.189-9618+[2001-1458-303-e--100-3a]-9618&alias=b9p08p2358.cern.ch&noUDP&sock=startd_5626_8be9>
	SlotName: slot1_3@b9p08p2358.cern.ch
	CondorScratchDir = "/pool/condor/dir_176877"
	Cpus = 1
	Disk = 15915
	GPUs = 0
	Memory = 3000
...
006 (12769406.208.000) 11/08 09:50:03 Image size of job updated: 95560
	94  -  MemoryUsage of job (MB)
	95560  -  ResidentSetSize of job (KB)
...
040 (12769406.208.000) 11/08 09:50:32 Started transferring output files
...
040 (12769406.208.000) 11/08 09:50:32 Finished transferring output files
...
005 (12769406.208.000) 11/08 09:50:32 Job terminated.
	(1) Normal termination (return value 1)
		Usr 0 00:00:04, Sys 0 00:00:02  -  Run Remote Usage
		Usr 0 00:00:00, Sys 0 00:00:00  -  Run Local Usage
		Usr 0 00:00:04, Sys 0 00:00:02  -  Total Remote Usage
		Usr 0 00:00:00, Sys 0 00:00:00  -  Total Local Usage
	2367  -  Run Bytes Sent By Job
	11220236  -  Run Bytes Received By Job
	2367  -  Total Bytes Sent By Job
	11220236  -  Total Bytes Received By Job
	Partitionable Resources :    Usage  Request Allocated 
	   Cpus                 :        0        1         1 
	   Disk (KB)            :    10988    12500     15915 
	   GPUs                 :                           0 
	   Memory (MB)          :       94     3000      3000 
	   TimeExecute (s)      :       43                    
	   TimeSlotBusy (s)     :       45                    

	Job terminated of its own accord at 2025-11-08T08:50:32Z with exit-code 1.
...
