Starting job on \n
Running on: Linux b9p25p9036.cern.ch 5.14.0-570.44.1.el9_6.x86_64 #1 SMP PREEMPT_DYNAMIC Tue Sep 9 05:17:30 EDT 2025 x86_64 x86_64 x86_64 GNU/Linux\n
System software: Red Hat Enterprise Linux release 9.6 (Plow)\n
Setting up CROWN for RedHatEnterprise Version 9.6
subject   : /DC=ch/DC=cern/OU=Organic Units/OU=Users/CN=jiahua/CN=851532/CN=Jiahua Chen/CN=1735721823
issuer    : /DC=ch/DC=cern/OU=Organic Units/OU=Users/CN=jiahua/CN=851532/CN=Jiahua Chen
identity  : /DC=ch/DC=cern/OU=Organic Units/OU=Users/CN=jiahua/CN=851532/CN=Jiahua Chen
type      : RFC compliant proxy
strength  : 2048 bits
path      : /afs/cern.ch/user/j/jiahua/proxy/x509up_u139833
timeleft  : 197:49:52
key usage : Digital Signature, Key Encipherment
=== VO cms extension information ===
VO        : cms
subject   : /DC=ch/DC=cern/OU=Organic Units/OU=Users/CN=jiahua/CN=851532/CN=Jiahua Chen
issuer    : /DC=ch/DC=cern/OU=computers/CN=cms-auth.cern.ch
attribute : /cms/Role=NULL/Capability=NULL
timeleft  : 189:49:52
uri       : voms-cms-auth.cern.ch:15000
subject   : /DC=ch/DC=cern/OU=Organic Units/OU=Users/CN=jiahua/CN=851532/CN=Jiahua Chen/CN=1735721823
issuer    : /DC=ch/DC=cern/OU=Organic Units/OU=Users/CN=jiahua/CN=851532/CN=Jiahua Chen
identity  : /DC=ch/DC=cern/OU=Organic Units/OU=Users/CN=jiahua/CN=851532/CN=Jiahua Chen
type      : RFC compliant proxy
strength  : 2048 bits
path      : /afs/cern.ch/user/j/jiahua/proxy/x509up_u139833
timeleft  : 197:49:52
key usage : Digital Signature, Key Encipherment
=== VO cms extension information ===
VO        : cms
subject   : /DC=ch/DC=cern/OU=Organic Units/OU=Users/CN=jiahua/CN=851532/CN=Jiahua Chen
issuer    : /DC=ch/DC=cern/OU=computers/CN=cms-auth.cern.ch
attribute : /cms/Role=NULL/Capability=NULL
timeleft  : 189:49:52
uri       : voms-cms-auth.cern.ch:15000
/eos/user/j/jiahua/MC_2022_inc/DYto2L-2Jets_MLL-50_amcatnloFXFX_22_ext1-v1/a1b32b59-e3a2-4217-a5ba-3ecb1b257755.root
[2025-11-08 09:49:07.275] [main] [info] Checking input files
[2025-11-08 09:49:13.684] [main] [info] NanoAOD input_file 1: root://cms-xrd-global.cern.ch//store/mc/Run3Summer22NanoAODv12/DYto2L-2Jets_MLL-50_TuneCP5_13p6TeV_amcatnloFXFX-pythia8/NANOAODSIM/130X_mcRun3_2022_realistic_v5_ext1-v1/70000/a1b32b59-e3a2-4217-a5ba-3ecb1b257755.root - 884300 Events
[2025-11-08 09:49:13.703] [main] [info] input_file 1: root://cms-xrd-global.cern.ch//store/mc/Run3Summer22NanoAODv12/DYto2L-2Jets_MLL-50_TuneCP5_13p6TeV_amcatnloFXFX-pythia8/NANOAODSIM/130X_mcRun3_2022_realistic_v5_ext1-v1/70000/a1b32b59-e3a2-4217-a5ba-3ecb1b257755.root - SumOfGenWeight: 15822113129.815998 
[2025-11-08 09:49:13.703] [main] [info] Output directory: /eos/user/j/jiahua/MC_2022_inc/DYto2L-2Jets_MLL-50_amcatnloFXFX_22_ext1-v1/a1b32b59-e3a2-4217-a5ba-3ecb1b257755.root
[2025-11-08 09:49:13.707] [main] [info] Starting Setup of Dataframe with 884300 events
[2025-11-08 09:49:49.559] [main] [info] Finished Setup
[2025-11-08 09:49:49.559] [main] [info] Runtime for setup (real time: 35.86, CPU time: 34.03)
[2025-11-08 09:49:49.559] [main] [info] Starting Evaluation
[2025-11-08 09:50:05.190] [main] [info] 10000 / 884300 (1.13 %) Events processed ...
[2025-11-08 09:50:07.167] [main] [info] 20000 / 884300 (2.26 %) Events processed ...
[2025-11-08 09:50:08.982] [main] [info] 30000 / 884300 (3.39 %) Events processed ...
[2025-11-08 09:50:10.739] [main] [info] 40000 / 884300 (4.52 %) Events processed ...
[2025-11-08 09:50:15.184] [main] [info] 50000 / 884300 (5.65 %) Events processed ...
[2025-11-08 09:50:16.945] [main] [info] 60000 / 884300 (6.79 %) Events processed ...
[2025-11-08 09:50:18.592] [main] [info] 70000 / 884300 (7.92 %) Events processed ...
[2025-11-08 09:50:20.083] [main] [info] 80000 / 884300 (9.05 %) Events processed ...
[2025-11-08 09:50:24.622] [main] [info] 90000 / 884300 (10.18 %) Events processed ...
[2025-11-08 09:50:26.213] [main] [info] 100000 / 884300 (11.31 %) Events processed ...
[2025-11-08 09:50:28.125] [main] [info] 110000 / 884300 (12.44 %) Events processed ...
[2025-11-08 09:50:29.759] [main] [info] 120000 / 884300 (13.57 %) Events processed ...
[2025-11-08 09:50:34.206] [main] [info] 130000 / 884300 (14.70 %) Events processed ...
[2025-11-08 09:50:35.679] [main] [info] 140000 / 884300 (15.83 %) Events processed ...
[2025-11-08 09:50:36.994] [main] [info] 150000 / 884300 (16.96 %) Events processed ...
[2025-11-08 09:50:38.368] [main] [info] 160000 / 884300 (18.09 %) Events processed ...
[2025-11-08 09:50:42.673] [main] [info] 170000 / 884300 (19.22 %) Events processed ...
[2025-11-08 09:50:44.410] [main] [info] 180000 / 884300 (20.36 %) Events processed ...
[2025-11-08 09:50:45.916] [main] [info] 190000 / 884300 (21.49 %) Events processed ...
[2025-11-08 09:50:47.182] [main] [info] 200000 / 884300 (22.62 %) Events processed ...
[2025-11-08 09:50:51.996] [main] [info] 210000 / 884300 (23.75 %) Events processed ...
[2025-11-08 09:50:53.905] [main] [info] 220000 / 884300 (24.88 %) Events processed ...
[2025-11-08 09:50:55.705] [main] [info] 230000 / 884300 (26.01 %) Events processed ...
[2025-11-08 09:50:57.284] [main] [info] 240000 / 884300 (27.14 %) Events processed ...
[2025-11-08 09:51:01.631] [main] [info] 250000 / 884300 (28.27 %) Events processed ...
[2025-11-08 09:51:03.036] [main] [info] 260000 / 884300 (29.40 %) Events processed ...
[2025-11-08 09:51:04.363] [main] [info] 270000 / 884300 (30.53 %) Events processed ...
[2025-11-08 09:51:05.965] [main] [info] 280000 / 884300 (31.66 %) Events processed ...
[2025-11-08 09:51:10.109] [main] [info] 290000 / 884300 (32.79 %) Events processed ...
[2025-11-08 09:51:11.644] [main] [info] 300000 / 884300 (33.93 %) Events processed ...
[2025-11-08 09:51:13.664] [main] [info] 310000 / 884300 (35.06 %) Events processed ...
[2025-11-08 09:51:15.442] [main] [info] 320000 / 884300 (36.19 %) Events processed ...
[2025-11-08 09:51:20.070] [main] [info] 330000 / 884300 (37.32 %) Events processed ...
[2025-11-08 09:51:21.956] [main] [info] 340000 / 884300 (38.45 %) Events processed ...
[2025-11-08 09:51:23.577] [main] [info] 350000 / 884300 (39.58 %) Events processed ...
[2025-11-08 09:51:25.377] [main] [info] 360000 / 884300 (40.71 %) Events processed ...
[2025-11-08 09:51:30.018] [main] [info] 370000 / 884300 (41.84 %) Events processed ...
[2025-11-08 09:51:31.788] [main] [info] 380000 / 884300 (42.97 %) Events processed ...
[2025-11-08 09:51:33.479] [main] [info] 390000 / 884300 (44.10 %) Events processed ...
[2025-11-08 09:51:34.935] [main] [info] 400000 / 884300 (45.23 %) Events processed ...
[2025-11-08 09:51:39.731] [main] [info] 410000 / 884300 (46.36 %) Events processed ...
[2025-11-08 09:51:41.889] [main] [info] 420000 / 884300 (47.50 %) Events processed ...
[2025-11-08 09:51:43.871] [main] [info] 430000 / 884300 (48.63 %) Events processed ...
[2025-11-08 09:51:45.887] [main] [info] 440000 / 884300 (49.76 %) Events processed ...
[2025-11-08 09:51:50.715] [main] [info] 450000 / 884300 (50.89 %) Events processed ...
[2025-11-08 09:51:52.689] [main] [info] 460000 / 884300 (52.02 %) Events processed ...
[2025-11-08 09:51:54.636] [main] [info] 470000 / 884300 (53.15 %) Events processed ...
[2025-11-08 09:51:56.541] [main] [info] 480000 / 884300 (54.28 %) Events processed ...
[2025-11-08 09:52:00.870] [main] [info] 490000 / 884300 (55.41 %) Events processed ...
[2025-11-08 09:52:02.658] [main] [info] 500000 / 884300 (56.54 %) Events processed ...
[2025-11-08 09:52:04.510] [main] [info] 510000 / 884300 (57.67 %) Events processed ...
[2025-11-08 09:52:06.206] [main] [info] 520000 / 884300 (58.80 %) Events processed ...
[2025-11-08 09:52:10.712] [main] [info] 530000 / 884300 (59.93 %) Events processed ...
[2025-11-08 09:52:12.745] [main] [info] 540000 / 884300 (61.07 %) Events processed ...
[2025-11-08 09:52:14.754] [main] [info] 550000 / 884300 (62.20 %) Events processed ...
[2025-11-08 09:52:16.545] [main] [info] 560000 / 884300 (63.33 %) Events processed ...
[2025-11-08 09:52:21.194] [main] [info] 570000 / 884300 (64.46 %) Events processed ...
[2025-11-08 09:52:22.582] [main] [info] 580000 / 884300 (65.59 %) Events processed ...
[2025-11-08 09:52:24.081] [main] [info] 590000 / 884300 (66.72 %) Events processed ...
[2025-11-08 09:52:25.792] [main] [info] 600000 / 884300 (67.85 %) Events processed ...
[2025-11-08 09:52:30.438] [main] [info] 610000 / 884300 (68.98 %) Events processed ...
[2025-11-08 09:52:32.223] [main] [info] 620000 / 884300 (70.11 %) Events processed ...
[2025-11-08 09:52:33.776] [main] [info] 630000 / 884300 (71.24 %) Events processed ...
[2025-11-08 09:52:35.085] [main] [info] 640000 / 884300 (72.37 %) Events processed ...
[2025-11-08 09:52:39.363] [main] [info] 650000 / 884300 (73.50 %) Events processed ...
[2025-11-08 09:52:41.235] [main] [info] 660000 / 884300 (74.64 %) Events processed ...
[2025-11-08 09:52:42.680] [main] [info] 670000 / 884300 (75.77 %) Events processed ...
[2025-11-08 09:52:44.337] [main] [info] 680000 / 884300 (76.90 %) Events processed ...
[2025-11-08 09:52:48.424] [main] [info] 690000 / 884300 (78.03 %) Events processed ...
[2025-11-08 09:52:50.002] [main] [info] 700000 / 884300 (79.16 %) Events processed ...
[2025-11-08 09:52:51.710] [main] [info] 710000 / 884300 (80.29 %) Events processed ...
[2025-11-08 09:52:53.515] [main] [info] 720000 / 884300 (81.42 %) Events processed ...
[2025-11-08 09:52:58.155] [main] [info] 730000 / 884300 (82.55 %) Events processed ...
[2025-11-08 09:53:00.198] [main] [info] 740000 / 884300 (83.68 %) Events processed ...
[2025-11-08 09:53:02.231] [main] [info] 750000 / 884300 (84.81 %) Events processed ...
[2025-11-08 09:53:04.024] [main] [info] 760000 / 884300 (85.94 %) Events processed ...
[2025-11-08 09:53:08.420] [main] [info] 770000 / 884300 (87.07 %) Events processed ...
[2025-11-08 09:53:10.328] [main] [info] 780000 / 884300 (88.21 %) Events processed ...
[2025-11-08 09:53:12.208] [main] [info] 790000 / 884300 (89.34 %) Events processed ...
[2025-11-08 09:53:13.796] [main] [info] 800000 / 884300 (90.47 %) Events processed ...
[2025-11-08 09:53:18.195] [main] [info] 810000 / 884300 (91.60 %) Events processed ...
[2025-11-08 09:53:20.197] [main] [info] 820000 / 884300 (92.73 %) Events processed ...
[2025-11-08 09:53:22.102] [main] [info] 830000 / 884300 (93.86 %) Events processed ...
[2025-11-08 09:53:23.842] [main] [info] 840000 / 884300 (94.99 %) Events processed ...
[2025-11-08 09:53:28.162] [main] [info] 850000 / 884300 (96.12 %) Events processed ...
[2025-11-08 09:53:29.974] [main] [info] 860000 / 884300 (97.25 %) Events processed ...
[2025-11-08 09:53:31.992] [main] [info] 870000 / 884300 (98.38 %) Events processed ...
[2025-11-08 09:53:34.085] [main] [info] 880000 / 884300 (99.51 %) Events processed ...
[2025-11-08 09:53:35.144] [main] [info] vbfhmm:
Flag_goodVertices: pass=884300     all=884300     -- eff=100.00 % cumulative eff=100.00 %
Flag_globalSuperTightHalo2016Filter: pass=884250     all=884300     -- eff=99.99 % cumulative eff=99.99 %
Flag_EcalDeadCellTriggerPrimitiveFilter: pass=884238     all=884250     -- eff=100.00 % cumulative eff=99.99 %
Flag_BadPFMuonFilter: pass=884206     all=884238     -- eff=100.00 % cumulative eff=99.99 %
Flag_BadPFMuonDzFilter: pass=884196     all=884206     -- eff=100.00 % cumulative eff=99.99 %
Flag_eeBadScFilter: pass=884196     all=884196     -- eff=100.00 % cumulative eff=99.99 %
Flag_ecalBadCalibFilter: pass=884123     all=884196     -- eff=99.99 % cumulative eff=99.98 %
Flag_hfNoisyHitsFilter: pass=884067     all=884123     -- eff=99.99 % cumulative eff=99.97 %
Number of muons 2: pass=109403     all=884067     -- eff=12.37 % cumulative eff=12.37 %
DiMuon From Higgs: pass=104890     all=109403     -- eff=95.87 % cumulative eff=11.86 %
LeptonChargeSum: pass=104867     all=104890     -- eff=99.98 % cumulative eff=11.86 %
[2025-11-08 09:53:35.337] [main] [info] Writing quantities map to /eos/user/j/jiahua/MC_2022_inc/DYto2L-2Jets_MLL-50_amcatnloFXFX_22_ext1-v1/a1b32b59-e3a2-4217-a5ba-3ecb1b257755_vbfhmm.root
[2025-11-08 09:53:36.011] [main] [info] Finished Evaluation
[2025-11-08 09:53:36.020] [main] [info] Overall runtime (real time: 262.32, CPU time: 196.24)
