Starting job on \n
Running on: Linux b9g03p5951.cern.ch 5.14.0-570.44.1.el9_6.x86_64 #1 SMP PREEMPT_DYNAMIC Tue Sep 9 05:17:30 EDT 2025 x86_64 x86_64 x86_64 GNU/Linux\n
System software: Red Hat Enterprise Linux release 9.6 (Plow)\n
Setting up CROWN for RedHatEnterprise Version 9.6
subject   : /DC=ch/DC=cern/OU=Organic Units/OU=Users/CN=jiahua/CN=851532/CN=Jiahua Chen/CN=1735721823
issuer    : /DC=ch/DC=cern/OU=Organic Units/OU=Users/CN=jiahua/CN=851532/CN=Jiahua Chen
identity  : /DC=ch/DC=cern/OU=Organic Units/OU=Users/CN=jiahua/CN=851532/CN=Jiahua Chen
type      : RFC compliant proxy
strength  : 2048 bits
path      : /afs/cern.ch/user/j/jiahua/proxy/x509up_u139833
timeleft  : 197:41:00
key usage : Digital Signature, Key Encipherment
=== VO cms extension information ===
VO        : cms
subject   : /DC=ch/DC=cern/OU=Organic Units/OU=Users/CN=jiahua/CN=851532/CN=Jiahua Chen
issuer    : /DC=ch/DC=cern/OU=computers/CN=cms-auth.cern.ch
attribute : /cms/Role=NULL/Capability=NULL
timeleft  : 189:41:00
uri       : voms-cms-auth.cern.ch:15000
subject   : /DC=ch/DC=cern/OU=Organic Units/OU=Users/CN=jiahua/CN=851532/CN=Jiahua Chen/CN=1735721823
issuer    : /DC=ch/DC=cern/OU=Organic Units/OU=Users/CN=jiahua/CN=851532/CN=Jiahua Chen
identity  : /DC=ch/DC=cern/OU=Organic Units/OU=Users/CN=jiahua/CN=851532/CN=Jiahua Chen
type      : RFC compliant proxy
strength  : 2048 bits
path      : /afs/cern.ch/user/j/jiahua/proxy/x509up_u139833
timeleft  : 197:41:00
key usage : Digital Signature, Key Encipherment
=== VO cms extension information ===
VO        : cms
subject   : /DC=ch/DC=cern/OU=Organic Units/OU=Users/CN=jiahua/CN=851532/CN=Jiahua Chen
issuer    : /DC=ch/DC=cern/OU=computers/CN=cms-auth.cern.ch
attribute : /cms/Role=NULL/Capability=NULL
timeleft  : 189:41:00
uri       : voms-cms-auth.cern.ch:15000
/eos/user/j/jiahua/MC_2022_inc/DYto2Mu-2Jets_MLL-105To160_amcatnloFXFX_22/91024a0c-3164-4282-9464-c6d59346ef0f.root
[2025-11-08 09:57:58.898] [main] [info] Checking input files
[2025-11-08 09:58:14.665] [main] [info] NanoAOD input_file 1: root://cms-xrd-global.cern.ch//store/mc/Run3Summer22NanoAODv12/DYto2Mu-2Jets_MLL-105To160_TuneCP5_13p6TeV_amcatnloFXFX-pythia8/NANOAODSIM/130X_mcRun3_2022_realistic_v5-v2/2810000/91024a0c-3164-4282-9464-c6d59346ef0f.root - 10117 Events
[2025-11-08 09:58:14.665] [main] [info] input_file 1: root://cms-xrd-global.cern.ch//store/mc/Run3Summer22NanoAODv12/DYto2Mu-2Jets_MLL-105To160_TuneCP5_13p6TeV_amcatnloFXFX-pythia8/NANOAODSIM/130X_mcRun3_2022_realistic_v5-v2/2810000/91024a0c-3164-4282-9464-c6d59346ef0f.root - SumOfGenWeight: 1370978.92202 
[2025-11-08 09:58:14.665] [main] [info] Output directory: /eos/user/j/jiahua/MC_2022_inc/DYto2Mu-2Jets_MLL-105To160_amcatnloFXFX_22/91024a0c-3164-4282-9464-c6d59346ef0f.root
[2025-11-08 09:58:14.666] [main] [info] Starting Setup of Dataframe with 10117 events
[2025-11-08 09:59:23.669] [main] [info] Finished Setup
[2025-11-08 09:59:23.669] [main] [info] Runtime for setup (real time: 69.00, CPU time: 66.31)
[2025-11-08 09:59:23.669] [main] [info] Starting Evaluation
[2025-11-08 09:59:48.402] [main] [info] 10000 / 10117 (98.84 %) Events processed ...
[2025-11-08 09:59:48.720] [main] [info] vbfhmm:
Flag_goodVertices: pass=10117      all=10117      -- eff=100.00 % cumulative eff=100.00 %
Flag_globalSuperTightHalo2016Filter: pass=10117      all=10117      -- eff=100.00 % cumulative eff=100.00 %
Flag_EcalDeadCellTriggerPrimitiveFilter: pass=10117      all=10117      -- eff=100.00 % cumulative eff=100.00 %
Flag_BadPFMuonFilter: pass=10116      all=10117      -- eff=99.99 % cumulative eff=99.99 %
Flag_BadPFMuonDzFilter: pass=10116      all=10116      -- eff=100.00 % cumulative eff=99.99 %
Flag_eeBadScFilter: pass=10116      all=10116      -- eff=100.00 % cumulative eff=99.99 %
Flag_ecalBadCalibFilter: pass=10116      all=10116      -- eff=100.00 % cumulative eff=99.99 %
Flag_hfNoisyHitsFilter: pass=10115      all=10116      -- eff=99.99 % cumulative eff=99.98 %
Number of muons 2: pass=4248       all=10115      -- eff=42.00 % cumulative eff=41.99 %
DiMuon From Higgs: pass=4072       all=4248       -- eff=95.86 % cumulative eff=40.25 %
LeptonChargeSum: pass=4072       all=4072       -- eff=100.00 % cumulative eff=40.25 %
[2025-11-08 09:59:48.924] [main] [info] Writing quantities map to /eos/user/j/jiahua/MC_2022_inc/DYto2Mu-2Jets_MLL-105To160_amcatnloFXFX_22/91024a0c-3164-4282-9464-c6d59346ef0f_vbfhmm.root
[2025-11-08 09:59:49.003] [main] [info] Finished Evaluation
[2025-11-08 09:59:49.003] [main] [info] Overall runtime (real time: 94.34, CPU time: 88.68)
