000 (12769406.103.000) 11/08 09:45:20 Job submitted from host: <188.185.121.235:9618?addrs=188.185.121.235-9618+[2001-1458-d00-49--100-36e]-9618&alias=bigbird22.cern.ch&noUDP&sock=schedd_232129_c3ca>
...
040 (12769406.103.000) 11/08 09:49:12 Started transferring input files
	Transferring to host: <188.185.192.29:9618?addrs=188.185.192.29-9618+[2001-1458-303-1f--100-19]-9618&alias=b9p13p1663.cern.ch&noUDP&sock=slot1_39_6186_58b5_47018>
...
040 (12769406.103.000) 11/08 09:49:12 Finished transferring input files
...
001 (12769406.103.000) 11/08 09:49:13 Job executing on host: <188.185.192.29:9618?addrs=188.185.192.29-9618+[2001-1458-303-1f--100-19]-9618&alias=b9p13p1663.cern.ch&noUDP&sock=startd_5131_0487>
	SlotName: slot1_39@b9p13p1663.cern.ch
	CondorScratchDir = "/pool/condor/dir_3297923"
	Cpus = 1
	Disk = 16033
	GPUs = 0
	Memory = 3000
...
006 (12769406.103.000) 11/08 09:49:27 Image size of job updated: 95204
	93  -  MemoryUsage of job (MB)
	95204  -  ResidentSetSize of job (KB)
...
006 (12769406.103.000) 11/08 09:53:01 Image size of job updated: 443672
	93  -  MemoryUsage of job (MB)
	95204  -  ResidentSetSize of job (KB)
...
040 (12769406.103.000) 11/08 09:53:01 Started transferring output files
...
040 (12769406.103.000) 11/08 09:53:01 Finished transferring output files
...
005 (12769406.103.000) 11/08 09:53:02 Job terminated.
	(1) Normal termination (return value 0)
		Usr 0 00:03:15, Sys 0 00:00:03  -  Run Remote Usage
		Usr 0 00:00:00, Sys 0 00:00:00  -  Run Local Usage
		Usr 0 00:03:15, Sys 0 00:00:03  -  Total Remote Usage
		Usr 0 00:00:00, Sys 0 00:00:00  -  Total Local Usage
	13883  -  Run Bytes Sent By Job
	11220236  -  Run Bytes Received By Job
	13883  -  Total Bytes Sent By Job
	11220236  -  Total Bytes Received By Job
	Partitionable Resources :    Usage  Request Allocated 
	   Cpus                 :        0        1         1 
	   Disk (KB)            :    10994    12500     16033 
	   GPUs                 :                           0 
	   Memory (MB)          :       93     3000      3000 
	   TimeExecute (s)      :      228                    
	   TimeSlotBusy (s)     :      230                    

	Job terminated of its own accord at 2025-11-08T08:53:01Z with exit-code 0.
...
