000 (12769418.024.000) 11/08 09:45:29 Job submitted from host: <188.185.121.235:9618?addrs=188.185.121.235-9618+[2001-1458-d00-49--100-36e]-9618&alias=bigbird22.cern.ch&noUDP&sock=schedd_232129_c3ca>
...
040 (12769418.024.000) 11/08 09:57:43 Started transferring input files
	Transferring to host: <188.185.208.70:9618?addrs=188.185.208.70-9618+[2001-1458-303-f--100-43]-9618&alias=b9p09p1619.cern.ch&noUDP&sock=slot1_21_10721_aa0d_44980>
...
040 (12769418.024.000) 11/08 09:57:43 Finished transferring input files
...
001 (12769418.024.000) 11/08 09:57:44 Job executing on host: <188.185.208.70:9618?addrs=188.185.208.70-9618+[2001-1458-303-f--100-43]-9618&alias=b9p09p1619.cern.ch&noUDP&sock=startd_10214_886c>
	SlotName: slot1_21@b9p09p1619.cern.ch
	CondorScratchDir = "/pool/condor/dir_958419"
	Cpus = 1
	Disk = 15891
	GPUs = 0
	Memory = 3000
...
006 (12769418.024.000) 11/08 09:57:57 Image size of job updated: 97660
	96  -  MemoryUsage of job (MB)
	97660  -  ResidentSetSize of job (KB)
...
006 (12769418.024.000) 11/08 10:00:24 Image size of job updated: 439984
	96  -  MemoryUsage of job (MB)
	97660  -  ResidentSetSize of job (KB)
...
040 (12769418.024.000) 11/08 10:00:24 Started transferring output files
...
040 (12769418.024.000) 11/08 10:00:24 Finished transferring output files
...
005 (12769418.024.000) 11/08 10:00:24 Job terminated.
	(1) Normal termination (return value 0)
		Usr 0 00:01:30, Sys 0 00:00:02  -  Run Remote Usage
		Usr 0 00:00:00, Sys 0 00:00:00  -  Run Local Usage
		Usr 0 00:01:30, Sys 0 00:00:02  -  Total Remote Usage
		Usr 0 00:00:00, Sys 0 00:00:00  -  Total Local Usage
	11192  -  Run Bytes Sent By Job
	11220236  -  Run Bytes Received By Job
	11192  -  Total Bytes Sent By Job
	11220236  -  Total Bytes Received By Job
	Partitionable Resources :    Usage  Request Allocated 
	   Cpus                 :     0.71        1         1 
	   Disk (KB)            : 10994       12500     15891 
	   GPUs                 :                           0 
	   Memory (MB)          :    96        3000      3000 
	   TimeExecute (s)      :   160                       
	   TimeSlotBusy (s)     :   161                       

	Job terminated of its own accord at 2025-11-08T09:00:24Z with exit-code 0.
...
