Starting job on \n
Running on: Linux b9p24p0393.cern.ch 5.14.0-570.44.1.el9_6.x86_64 #1 SMP PREEMPT_DYNAMIC Tue Sep 9 05:17:30 EDT 2025 x86_64 x86_64 x86_64 GNU/Linux\n
System software: Red Hat Enterprise Linux release 9.6 (Plow)\n
Setting up CROWN for RedHatEnterprise Version 9.6
subject   : /DC=ch/DC=cern/OU=Organic Units/OU=Users/CN=jiahua/CN=851532/CN=Jiahua Chen/CN=1735721823
issuer    : /DC=ch/DC=cern/OU=Organic Units/OU=Users/CN=jiahua/CN=851532/CN=Jiahua Chen
identity  : /DC=ch/DC=cern/OU=Organic Units/OU=Users/CN=jiahua/CN=851532/CN=Jiahua Chen
type      : RFC compliant proxy
strength  : 2048 bits
path      : /afs/cern.ch/user/j/jiahua/proxy/x509up_u139833
timeleft  : 197:50:19
key usage : Digital Signature, Key Encipherment
=== VO cms extension information ===
VO        : cms
subject   : /DC=ch/DC=cern/OU=Organic Units/OU=Users/CN=jiahua/CN=851532/CN=Jiahua Chen
issuer    : /DC=ch/DC=cern/OU=computers/CN=cms-auth.cern.ch
attribute : /cms/Role=NULL/Capability=NULL
timeleft  : 189:50:19
uri       : voms-cms-auth.cern.ch:15000
subject   : /DC=ch/DC=cern/OU=Organic Units/OU=Users/CN=jiahua/CN=851532/CN=Jiahua Chen/CN=1735721823
issuer    : /DC=ch/DC=cern/OU=Organic Units/OU=Users/CN=jiahua/CN=851532/CN=Jiahua Chen
identity  : /DC=ch/DC=cern/OU=Organic Units/OU=Users/CN=jiahua/CN=851532/CN=Jiahua Chen
type      : RFC compliant proxy
strength  : 2048 bits
path      : /afs/cern.ch/user/j/jiahua/proxy/x509up_u139833
timeleft  : 197:50:19
key usage : Digital Signature, Key Encipherment
=== VO cms extension information ===
VO        : cms
subject   : /DC=ch/DC=cern/OU=Organic Units/OU=Users/CN=jiahua/CN=851532/CN=Jiahua Chen
issuer    : /DC=ch/DC=cern/OU=computers/CN=cms-auth.cern.ch
attribute : /cms/Role=NULL/Capability=NULL
timeleft  : 189:50:19
uri       : voms-cms-auth.cern.ch:15000
/eos/user/j/jiahua/MC_2022_inc/DYto2L-2Jets_MLL-50_amcatnloFXFX_22_ext1-v1/f36b48ac-2a25-4853-a95c-85c0362d5709.root
[2025-11-08 09:48:39.826] [main] [info] Checking input files
[2025-11-08 09:48:44.957] [main] [info] NanoAOD input_file 1: root://cms-xrd-global.cern.ch//store/mc/Run3Summer22NanoAODv12/DYto2L-2Jets_MLL-50_TuneCP5_13p6TeV_amcatnloFXFX-pythia8/NANOAODSIM/130X_mcRun3_2022_realistic_v5_ext1-v1/2550000/f36b48ac-2a25-4853-a95c-85c0362d5709.root - 141115 Events
[2025-11-08 09:48:44.972] [main] [info] input_file 1: root://cms-xrd-global.cern.ch//store/mc/Run3Summer22NanoAODv12/DYto2L-2Jets_MLL-50_TuneCP5_13p6TeV_amcatnloFXFX-pythia8/NANOAODSIM/130X_mcRun3_2022_realistic_v5_ext1-v1/2550000/f36b48ac-2a25-4853-a95c-85c0362d5709.root - SumOfGenWeight: 2510599344.988 
[2025-11-08 09:48:44.972] [main] [info] Output directory: /eos/user/j/jiahua/MC_2022_inc/DYto2L-2Jets_MLL-50_amcatnloFXFX_22_ext1-v1/f36b48ac-2a25-4853-a95c-85c0362d5709.root
[2025-11-08 09:48:44.974] [main] [info] Starting Setup of Dataframe with 141115 events
[2025-11-08 09:49:21.773] [main] [info] Finished Setup
[2025-11-08 09:49:21.773] [main] [info] Runtime for setup (real time: 36.80, CPU time: 29.66)
[2025-11-08 09:49:21.773] [main] [info] Starting Evaluation
[2025-11-08 09:49:31.710] [main] [info] 10000 / 141115 (7.09 %) Events processed ...
[2025-11-08 09:49:33.058] [main] [info] 20000 / 141115 (14.17 %) Events processed ...
[2025-11-08 09:49:34.425] [main] [info] 30000 / 141115 (21.26 %) Events processed ...
[2025-11-08 09:49:37.084] [main] [info] 40000 / 141115 (28.35 %) Events processed ...
[2025-11-08 09:49:38.432] [main] [info] 50000 / 141115 (35.43 %) Events processed ...
[2025-11-08 09:49:39.752] [main] [info] 60000 / 141115 (42.52 %) Events processed ...
[2025-11-08 09:49:41.301] [main] [info] 70000 / 141115 (49.60 %) Events processed ...
[2025-11-08 09:49:43.898] [main] [info] 80000 / 141115 (56.69 %) Events processed ...
[2025-11-08 09:49:45.316] [main] [info] 90000 / 141115 (63.78 %) Events processed ...
[2025-11-08 09:49:46.941] [main] [info] 100000 / 141115 (70.86 %) Events processed ...
[2025-11-08 09:49:48.743] [main] [info] 110000 / 141115 (77.95 %) Events processed ...
[2025-11-08 09:49:51.532] [main] [info] 120000 / 141115 (85.04 %) Events processed ...
[2025-11-08 09:49:53.350] [main] [info] 130000 / 141115 (92.12 %) Events processed ...
[2025-11-08 09:49:55.454] [main] [info] 140000 / 141115 (99.21 %) Events processed ...
[2025-11-08 09:49:55.809] [main] [info] vbfhmm:
Flag_goodVertices: pass=141115     all=141115     -- eff=100.00 % cumulative eff=100.00 %
Flag_globalSuperTightHalo2016Filter: pass=141110     all=141115     -- eff=100.00 % cumulative eff=100.00 %
Flag_EcalDeadCellTriggerPrimitiveFilter: pass=141110     all=141110     -- eff=100.00 % cumulative eff=100.00 %
Flag_BadPFMuonFilter: pass=141107     all=141110     -- eff=100.00 % cumulative eff=99.99 %
Flag_BadPFMuonDzFilter: pass=141103     all=141107     -- eff=100.00 % cumulative eff=99.99 %
Flag_eeBadScFilter: pass=141103     all=141103     -- eff=100.00 % cumulative eff=99.99 %
Flag_ecalBadCalibFilter: pass=141093     all=141103     -- eff=99.99 % cumulative eff=99.98 %
Flag_hfNoisyHitsFilter: pass=141081     all=141093     -- eff=99.99 % cumulative eff=99.98 %
Number of muons 2: pass=17395      all=141081     -- eff=12.33 % cumulative eff=12.33 %
DiMuon From Higgs: pass=16665      all=17395      -- eff=95.80 % cumulative eff=11.81 %
LeptonChargeSum: pass=16663      all=16665      -- eff=99.99 % cumulative eff=11.81 %
[2025-11-08 09:49:56.109] [main] [info] Writing quantities map to /eos/user/j/jiahua/MC_2022_inc/DYto2L-2Jets_MLL-50_amcatnloFXFX_22_ext1-v1/f36b48ac-2a25-4853-a95c-85c0362d5709_vbfhmm.root
[2025-11-08 09:49:56.398] [main] [info] Finished Evaluation
[2025-11-08 09:49:56.398] [main] [info] Overall runtime (real time: 71.43, CPU time: 57.91)
