000 (12769406.012.000) 11/08 09:45:20 Job submitted from host: <188.185.121.235:9618?addrs=188.185.121.235-9618+[2001-1458-d00-49--100-36e]-9618&alias=bigbird22.cern.ch&noUDP&sock=schedd_232129_c3ca>
...
040 (12769406.012.000) 11/08 09:48:27 Started transferring input files
	Transferring to host: <188.185.193.127:9618?addrs=188.185.193.127-9618+[2001-1458-303-20--100-7b]-9618&alias=b9p19p4258.cern.ch&noUDP&sock=slot1_19_9533_9c5d_47067>
...
040 (12769406.012.000) 11/08 09:48:28 Finished transferring input files
...
001 (12769406.012.000) 11/08 09:48:30 Job executing on host: <188.185.193.127:9618?addrs=188.185.193.127-9618+[2001-1458-303-20--100-7b]-9618&alias=b9p19p4258.cern.ch&noUDP&sock=startd_7846_4828>
	SlotName: slot1_19@b9p19p4258.cern.ch
	CondorScratchDir = "/pool/condor/dir_2795511"
	Cpus = 1
	Disk = 15883
	GPUs = 0
	Memory = 3000
...
006 (12769406.012.000) 11/08 09:48:43 Image size of job updated: 95200
	93  -  MemoryUsage of job (MB)
	95200  -  ResidentSetSize of job (KB)
...
006 (12769406.012.000) 11/08 09:51:07 Image size of job updated: 437268
	93  -  MemoryUsage of job (MB)
	95200  -  ResidentSetSize of job (KB)
...
040 (12769406.012.000) 11/08 09:51:07 Started transferring output files
...
040 (12769406.012.000) 11/08 09:51:08 Finished transferring output files
...
005 (12769406.012.000) 11/08 09:51:11 Job terminated.
	(1) Normal termination (return value 0)
		Usr 0 00:02:05, Sys 0 00:00:03  -  Run Remote Usage
		Usr 0 00:00:00, Sys 0 00:00:00  -  Run Local Usage
		Usr 0 00:02:05, Sys 0 00:00:03  -  Total Remote Usage
		Usr 0 00:00:00, Sys 0 00:00:00  -  Total Local Usage
	11367  -  Run Bytes Sent By Job
	11220236  -  Run Bytes Received By Job
	11367  -  Total Bytes Sent By Job
	11220236  -  Total Bytes Received By Job
	Partitionable Resources :    Usage  Request Allocated 
	   Cpus                 :                 1         1 
	   Disk (KB)            :    10983    12500     15883 
	   GPUs                 :                           0 
	   Memory (MB)          :       93     3000      3000 
	   TimeExecute (s)      :      158                    
	   TimeSlotBusy (s)     :      165                    

	Job terminated of its own accord at 2025-11-08T08:51:07Z with exit-code 0.
...
