Starting job on \n
Running on: Linux b9p24p0247.cern.ch 5.14.0-570.44.1.el9_6.x86_64 #1 SMP PREEMPT_DYNAMIC Tue Sep 9 05:17:30 EDT 2025 x86_64 x86_64 x86_64 GNU/Linux\n
System software: Red Hat Enterprise Linux release 9.6 (Plow)\n
Setting up CROWN for RedHatEnterprise Version 9.6
subject   : /DC=ch/DC=cern/OU=Organic Units/OU=Users/CN=jiahua/CN=851532/CN=Jiahua Chen/CN=1735721823
issuer    : /DC=ch/DC=cern/OU=Organic Units/OU=Users/CN=jiahua/CN=851532/CN=Jiahua Chen
identity  : /DC=ch/DC=cern/OU=Organic Units/OU=Users/CN=jiahua/CN=851532/CN=Jiahua Chen
type      : RFC compliant proxy
strength  : 2048 bits
path      : /afs/cern.ch/user/j/jiahua/proxy/x509up_u139833
timeleft  : 197:49:39
key usage : Digital Signature, Key Encipherment
=== VO cms extension information ===
VO        : cms
subject   : /DC=ch/DC=cern/OU=Organic Units/OU=Users/CN=jiahua/CN=851532/CN=Jiahua Chen
issuer    : /DC=ch/DC=cern/OU=computers/CN=cms-auth.cern.ch
attribute : /cms/Role=NULL/Capability=NULL
timeleft  : 189:49:39
uri       : voms-cms-auth.cern.ch:15000
subject   : /DC=ch/DC=cern/OU=Organic Units/OU=Users/CN=jiahua/CN=851532/CN=Jiahua Chen/CN=1735721823
issuer    : /DC=ch/DC=cern/OU=Organic Units/OU=Users/CN=jiahua/CN=851532/CN=Jiahua Chen
identity  : /DC=ch/DC=cern/OU=Organic Units/OU=Users/CN=jiahua/CN=851532/CN=Jiahua Chen
type      : RFC compliant proxy
strength  : 2048 bits
path      : /afs/cern.ch/user/j/jiahua/proxy/x509up_u139833
timeleft  : 197:49:39
key usage : Digital Signature, Key Encipherment
=== VO cms extension information ===
VO        : cms
subject   : /DC=ch/DC=cern/OU=Organic Units/OU=Users/CN=jiahua/CN=851532/CN=Jiahua Chen
issuer    : /DC=ch/DC=cern/OU=computers/CN=cms-auth.cern.ch
attribute : /cms/Role=NULL/Capability=NULL
timeleft  : 189:49:39
uri       : voms-cms-auth.cern.ch:15000
/eos/user/j/jiahua/MC_2022_inc/DYto2L-2Jets_MLL-50_amcatnloFXFX_22_ext1-v1/d58e7839-b3f0-4024-bb2f-3d381c55c92c.root
[2025-11-08 09:49:19.508] [main] [info] Checking input files
[2025-11-08 09:49:25.615] [main] [info] NanoAOD input_file 1: root://cms-xrd-global.cern.ch//store/mc/Run3Summer22NanoAODv12/DYto2L-2Jets_MLL-50_TuneCP5_13p6TeV_amcatnloFXFX-pythia8/NANOAODSIM/130X_mcRun3_2022_realistic_v5_ext1-v1/70000/d58e7839-b3f0-4024-bb2f-3d381c55c92c.root - 1023955 Events
[2025-11-08 09:49:25.661] [main] [info] input_file 1: root://cms-xrd-global.cern.ch//store/mc/Run3Summer22NanoAODv12/DYto2L-2Jets_MLL-50_TuneCP5_13p6TeV_amcatnloFXFX-pythia8/NANOAODSIM/130X_mcRun3_2022_realistic_v5_ext1-v1/70000/d58e7839-b3f0-4024-bb2f-3d381c55c92c.root - SumOfGenWeight: 18266030244.924 
[2025-11-08 09:49:25.661] [main] [info] Output directory: /eos/user/j/jiahua/MC_2022_inc/DYto2L-2Jets_MLL-50_amcatnloFXFX_22_ext1-v1/d58e7839-b3f0-4024-bb2f-3d381c55c92c.root
[2025-11-08 09:49:25.675] [main] [info] Starting Setup of Dataframe with 1023955 events
[2025-11-08 09:49:55.625] [main] [info] Finished Setup
[2025-11-08 09:49:55.625] [main] [info] Runtime for setup (real time: 29.96, CPU time: 28.39)
[2025-11-08 09:49:55.626] [main] [info] Starting Evaluation
[2025-11-08 09:50:32.294] [main] [info] 10000 / 1023955 (0.98 %) Events processed ...
[2025-11-08 09:50:33.652] [main] [info] 20000 / 1023955 (1.95 %) Events processed ...
[2025-11-08 09:50:34.991] [main] [info] 30000 / 1023955 (2.93 %) Events processed ...
[2025-11-08 09:50:37.180] [main] [info] 40000 / 1023955 (3.91 %) Events processed ...
[2025-11-08 09:50:38.717] [main] [info] 50000 / 1023955 (4.88 %) Events processed ...
[2025-11-08 09:50:40.118] [main] [info] 60000 / 1023955 (5.86 %) Events processed ...
[2025-11-08 09:50:41.663] [main] [info] 70000 / 1023955 (6.84 %) Events processed ...
[2025-11-08 09:50:44.009] [main] [info] 80000 / 1023955 (7.81 %) Events processed ...
[2025-11-08 09:50:45.346] [main] [info] 90000 / 1023955 (8.79 %) Events processed ...
[2025-11-08 09:50:46.553] [main] [info] 100000 / 1023955 (9.77 %) Events processed ...
[2025-11-08 09:50:47.942] [main] [info] 110000 / 1023955 (10.74 %) Events processed ...
[2025-11-08 09:50:50.155] [main] [info] 120000 / 1023955 (11.72 %) Events processed ...
[2025-11-08 09:50:51.638] [main] [info] 130000 / 1023955 (12.70 %) Events processed ...
[2025-11-08 09:50:52.978] [main] [info] 140000 / 1023955 (13.67 %) Events processed ...
[2025-11-08 09:50:54.267] [main] [info] 150000 / 1023955 (14.65 %) Events processed ...
[2025-11-08 09:50:56.494] [main] [info] 160000 / 1023955 (15.63 %) Events processed ...
[2025-11-08 09:50:57.829] [main] [info] 170000 / 1023955 (16.60 %) Events processed ...
[2025-11-08 09:50:59.167] [main] [info] 180000 / 1023955 (17.58 %) Events processed ...
[2025-11-08 09:51:00.552] [main] [info] 190000 / 1023955 (18.56 %) Events processed ...
[2025-11-08 09:51:02.768] [main] [info] 200000 / 1023955 (19.53 %) Events processed ...
[2025-11-08 09:51:04.215] [main] [info] 210000 / 1023955 (20.51 %) Events processed ...
[2025-11-08 09:51:05.574] [main] [info] 220000 / 1023955 (21.49 %) Events processed ...
[2025-11-08 09:51:07.041] [main] [info] 230000 / 1023955 (22.46 %) Events processed ...
[2025-11-08 09:51:09.246] [main] [info] 240000 / 1023955 (23.44 %) Events processed ...
[2025-11-08 09:51:10.554] [main] [info] 250000 / 1023955 (24.42 %) Events processed ...
[2025-11-08 09:51:11.859] [main] [info] 260000 / 1023955 (25.39 %) Events processed ...
[2025-11-08 09:51:13.286] [main] [info] 270000 / 1023955 (26.37 %) Events processed ...
[2025-11-08 09:51:15.638] [main] [info] 280000 / 1023955 (27.34 %) Events processed ...
[2025-11-08 09:51:16.963] [main] [info] 290000 / 1023955 (28.32 %) Events processed ...
[2025-11-08 09:51:18.310] [main] [info] 300000 / 1023955 (29.30 %) Events processed ...
[2025-11-08 09:51:19.717] [main] [info] 310000 / 1023955 (30.27 %) Events processed ...
[2025-11-08 09:51:21.908] [main] [info] 320000 / 1023955 (31.25 %) Events processed ...
[2025-11-08 09:51:23.183] [main] [info] 330000 / 1023955 (32.23 %) Events processed ...
[2025-11-08 09:51:24.791] [main] [info] 340000 / 1023955 (33.20 %) Events processed ...
[2025-11-08 09:51:26.153] [main] [info] 350000 / 1023955 (34.18 %) Events processed ...
[2025-11-08 09:51:28.373] [main] [info] 360000 / 1023955 (35.16 %) Events processed ...
[2025-11-08 09:51:29.738] [main] [info] 370000 / 1023955 (36.13 %) Events processed ...
[2025-11-08 09:51:31.024] [main] [info] 380000 / 1023955 (37.11 %) Events processed ...
[2025-11-08 09:51:32.298] [main] [info] 390000 / 1023955 (38.09 %) Events processed ...
[2025-11-08 09:51:34.446] [main] [info] 400000 / 1023955 (39.06 %) Events processed ...
[2025-11-08 09:51:36.023] [main] [info] 410000 / 1023955 (40.04 %) Events processed ...
[2025-11-08 09:51:37.245] [main] [info] 420000 / 1023955 (41.02 %) Events processed ...
[2025-11-08 09:51:38.645] [main] [info] 430000 / 1023955 (41.99 %) Events processed ...
[2025-11-08 09:51:40.798] [main] [info] 440000 / 1023955 (42.97 %) Events processed ...
[2025-11-08 09:51:42.392] [main] [info] 450000 / 1023955 (43.95 %) Events processed ...
[2025-11-08 09:51:43.836] [main] [info] 460000 / 1023955 (44.92 %) Events processed ...
[2025-11-08 09:51:45.122] [main] [info] 470000 / 1023955 (45.90 %) Events processed ...
[2025-11-08 09:51:47.523] [main] [info] 480000 / 1023955 (46.88 %) Events processed ...
[2025-11-08 09:51:48.877] [main] [info] 490000 / 1023955 (47.85 %) Events processed ...
[2025-11-08 09:51:50.388] [main] [info] 500000 / 1023955 (48.83 %) Events processed ...
[2025-11-08 09:51:51.981] [main] [info] 510000 / 1023955 (49.81 %) Events processed ...
[2025-11-08 09:51:54.408] [main] [info] 520000 / 1023955 (50.78 %) Events processed ...
[2025-11-08 09:51:55.748] [main] [info] 530000 / 1023955 (51.76 %) Events processed ...
[2025-11-08 09:51:57.446] [main] [info] 540000 / 1023955 (52.74 %) Events processed ...
[2025-11-08 09:51:58.898] [main] [info] 550000 / 1023955 (53.71 %) Events processed ...
[2025-11-08 09:52:01.416] [main] [info] 560000 / 1023955 (54.69 %) Events processed ...
[2025-11-08 09:52:02.625] [main] [info] 570000 / 1023955 (55.67 %) Events processed ...
[2025-11-08 09:52:04.158] [main] [info] 580000 / 1023955 (56.64 %) Events processed ...
[2025-11-08 09:52:05.461] [main] [info] 590000 / 1023955 (57.62 %) Events processed ...
[2025-11-08 09:52:07.575] [main] [info] 600000 / 1023955 (58.60 %) Events processed ...
[2025-11-08 09:52:09.083] [main] [info] 610000 / 1023955 (59.57 %) Events processed ...
[2025-11-08 09:52:10.327] [main] [info] 620000 / 1023955 (60.55 %) Events processed ...
[2025-11-08 09:52:11.695] [main] [info] 630000 / 1023955 (61.53 %) Events processed ...
[2025-11-08 09:52:14.044] [main] [info] 640000 / 1023955 (62.50 %) Events processed ...
[2025-11-08 09:52:15.449] [main] [info] 650000 / 1023955 (63.48 %) Events processed ...
[2025-11-08 09:52:16.762] [main] [info] 660000 / 1023955 (64.46 %) Events processed ...
[2025-11-08 09:52:18.132] [main] [info] 670000 / 1023955 (65.43 %) Events processed ...
[2025-11-08 09:52:20.680] [main] [info] 680000 / 1023955 (66.41 %) Events processed ...
[2025-11-08 09:52:22.218] [main] [info] 690000 / 1023955 (67.39 %) Events processed ...
[2025-11-08 09:52:23.646] [main] [info] 700000 / 1023955 (68.36 %) Events processed ...
[2025-11-08 09:52:25.176] [main] [info] 710000 / 1023955 (69.34 %) Events processed ...
[2025-11-08 09:52:27.506] [main] [info] 720000 / 1023955 (70.32 %) Events processed ...
[2025-11-08 09:52:28.910] [main] [info] 730000 / 1023955 (71.29 %) Events processed ...
[2025-11-08 09:52:30.090] [main] [info] 740000 / 1023955 (72.27 %) Events processed ...
[2025-11-08 09:52:31.882] [main] [info] 750000 / 1023955 (73.25 %) Events processed ...
[2025-11-08 09:52:34.256] [main] [info] 760000 / 1023955 (74.22 %) Events processed ...
[2025-11-08 09:52:35.991] [main] [info] 770000 / 1023955 (75.20 %) Events processed ...
[2025-11-08 09:52:37.804] [main] [info] 780000 / 1023955 (76.18 %) Events processed ...
[2025-11-08 09:52:39.491] [main] [info] 790000 / 1023955 (77.15 %) Events processed ...
[2025-11-08 09:52:41.973] [main] [info] 800000 / 1023955 (78.13 %) Events processed ...
[2025-11-08 09:52:43.594] [main] [info] 810000 / 1023955 (79.11 %) Events processed ...
[2025-11-08 09:52:44.933] [main] [info] 820000 / 1023955 (80.08 %) Events processed ...
[2025-11-08 09:52:46.578] [main] [info] 830000 / 1023955 (81.06 %) Events processed ...
[2025-11-08 09:52:48.990] [main] [info] 840000 / 1023955 (82.03 %) Events processed ...
[2025-11-08 09:52:50.910] [main] [info] 850000 / 1023955 (83.01 %) Events processed ...
[2025-11-08 09:52:52.543] [main] [info] 860000 / 1023955 (83.99 %) Events processed ...
[2025-11-08 09:52:54.326] [main] [info] 870000 / 1023955 (84.96 %) Events processed ...
[2025-11-08 09:52:56.971] [main] [info] 880000 / 1023955 (85.94 %) Events processed ...
[2025-11-08 09:52:58.797] [main] [info] 890000 / 1023955 (86.92 %) Events processed ...
[2025-11-08 09:53:00.459] [main] [info] 900000 / 1023955 (87.89 %) Events processed ...
[2025-11-08 09:53:02.047] [main] [info] 910000 / 1023955 (88.87 %) Events processed ...
[2025-11-08 09:53:04.431] [main] [info] 920000 / 1023955 (89.85 %) Events processed ...
[2025-11-08 09:53:06.080] [main] [info] 930000 / 1023955 (90.82 %) Events processed ...
[2025-11-08 09:53:07.461] [main] [info] 940000 / 1023955 (91.80 %) Events processed ...
[2025-11-08 09:53:09.023] [main] [info] 950000 / 1023955 (92.78 %) Events processed ...
[2025-11-08 09:53:11.400] [main] [info] 960000 / 1023955 (93.75 %) Events processed ...
[2025-11-08 09:53:12.718] [main] [info] 970000 / 1023955 (94.73 %) Events processed ...
[2025-11-08 09:53:14.137] [main] [info] 980000 / 1023955 (95.71 %) Events processed ...
[2025-11-08 09:53:15.427] [main] [info] 990000 / 1023955 (96.68 %) Events processed ...
[2025-11-08 09:53:17.541] [main] [info] 1000000 / 1023955 (97.66 %) Events processed ...
[2025-11-08 09:53:19.187] [main] [info] 1010000 / 1023955 (98.64 %) Events processed ...
[2025-11-08 09:53:20.921] [main] [info] 1020000 / 1023955 (99.61 %) Events processed ...
[2025-11-08 09:53:22.235] [main] [info] vbfhmm:
Flag_goodVertices: pass=1023955    all=1023955    -- eff=100.00 % cumulative eff=100.00 %
Flag_globalSuperTightHalo2016Filter: pass=1023909    all=1023955    -- eff=100.00 % cumulative eff=100.00 %
Flag_EcalDeadCellTriggerPrimitiveFilter: pass=1023897    all=1023909    -- eff=100.00 % cumulative eff=99.99 %
Flag_BadPFMuonFilter: pass=1023858    all=1023897    -- eff=100.00 % cumulative eff=99.99 %
Flag_BadPFMuonDzFilter: pass=1023847    all=1023858    -- eff=100.00 % cumulative eff=99.99 %
Flag_eeBadScFilter: pass=1023847    all=1023847    -- eff=100.00 % cumulative eff=99.99 %
Flag_ecalBadCalibFilter: pass=1023750    all=1023847    -- eff=99.99 % cumulative eff=99.98 %
Flag_hfNoisyHitsFilter: pass=1023665    all=1023750    -- eff=99.99 % cumulative eff=99.97 %
Number of muons 2: pass=126298     all=1023665    -- eff=12.34 % cumulative eff=12.33 %
DiMuon From Higgs: pass=121258     all=126298     -- eff=96.01 % cumulative eff=11.84 %
LeptonChargeSum: pass=121243     all=121258     -- eff=99.99 % cumulative eff=11.84 %
[2025-11-08 09:53:22.388] [main] [info] Writing quantities map to /eos/user/j/jiahua/MC_2022_inc/DYto2L-2Jets_MLL-50_amcatnloFXFX_22_ext1-v1/d58e7839-b3f0-4024-bb2f-3d381c55c92c_vbfhmm.root
[2025-11-08 09:53:22.989] [main] [info] Finished Evaluation
[2025-11-08 09:53:22.989] [main] [info] Overall runtime (real time: 237.33, CPU time: 183.76)
