Starting job on \n
Running on: Linux b9p20p5833.cern.ch 5.14.0-570.44.1.el9_6.x86_64 #1 SMP PREEMPT_DYNAMIC Tue Sep 9 05:17:30 EDT 2025 x86_64 x86_64 x86_64 GNU/Linux\n
System software: Red Hat Enterprise Linux release 9.6 (Plow)\n
Setting up CROWN for RedHatEnterprise Version 9.6
subject   : /DC=ch/DC=cern/OU=Organic Units/OU=Users/CN=jiahua/CN=851532/CN=Jiahua Chen/CN=1735721823
issuer    : /DC=ch/DC=cern/OU=Organic Units/OU=Users/CN=jiahua/CN=851532/CN=Jiahua Chen
identity  : /DC=ch/DC=cern/OU=Organic Units/OU=Users/CN=jiahua/CN=851532/CN=Jiahua Chen
type      : RFC compliant proxy
strength  : 2048 bits
path      : /afs/cern.ch/user/j/jiahua/proxy/x509up_u139833
timeleft  : 197:48:47
key usage : Digital Signature, Key Encipherment
=== VO cms extension information ===
VO        : cms
subject   : /DC=ch/DC=cern/OU=Organic Units/OU=Users/CN=jiahua/CN=851532/CN=Jiahua Chen
issuer    : /DC=ch/DC=cern/OU=computers/CN=cms-auth.cern.ch
attribute : /cms/Role=NULL/Capability=NULL
timeleft  : 189:48:47
uri       : voms-cms-auth.cern.ch:15000
subject   : /DC=ch/DC=cern/OU=Organic Units/OU=Users/CN=jiahua/CN=851532/CN=Jiahua Chen/CN=1735721823
issuer    : /DC=ch/DC=cern/OU=Organic Units/OU=Users/CN=jiahua/CN=851532/CN=Jiahua Chen
identity  : /DC=ch/DC=cern/OU=Organic Units/OU=Users/CN=jiahua/CN=851532/CN=Jiahua Chen
type      : RFC compliant proxy
strength  : 2048 bits
path      : /afs/cern.ch/user/j/jiahua/proxy/x509up_u139833
timeleft  : 197:48:47
key usage : Digital Signature, Key Encipherment
=== VO cms extension information ===
VO        : cms
subject   : /DC=ch/DC=cern/OU=Organic Units/OU=Users/CN=jiahua/CN=851532/CN=Jiahua Chen
issuer    : /DC=ch/DC=cern/OU=computers/CN=cms-auth.cern.ch
attribute : /cms/Role=NULL/Capability=NULL
timeleft  : 189:48:47
uri       : voms-cms-auth.cern.ch:15000
/eos/user/j/jiahua/MC_2022_inc/DYto2L-2Jets_MLL-50_amcatnloFXFX_22_ext1-v1/3c1104e9-71f8-4d70-b004-a8523611622e.root
[2025-11-08 09:50:11.625] [main] [info] Checking input files
[2025-11-08 09:50:17.971] [main] [info] NanoAOD input_file 1: root://cms-xrd-global.cern.ch//store/mc/Run3Summer22NanoAODv12/DYto2L-2Jets_MLL-50_TuneCP5_13p6TeV_amcatnloFXFX-pythia8/NANOAODSIM/130X_mcRun3_2022_realistic_v5_ext1-v1/70000/3c1104e9-71f8-4d70-b004-a8523611622e.root - 235929 Events
[2025-11-08 09:50:17.994] [main] [info] input_file 1: root://cms-xrd-global.cern.ch//store/mc/Run3Summer22NanoAODv12/DYto2L-2Jets_MLL-50_TuneCP5_13p6TeV_amcatnloFXFX-pythia8/NANOAODSIM/130X_mcRun3_2022_realistic_v5_ext1-v1/70000/3c1104e9-71f8-4d70-b004-a8523611622e.root - SumOfGenWeight: 4191741378.2999997 
[2025-11-08 09:50:17.994] [main] [info] Output directory: /eos/user/j/jiahua/MC_2022_inc/DYto2L-2Jets_MLL-50_amcatnloFXFX_22_ext1-v1/3c1104e9-71f8-4d70-b004-a8523611622e.root
[2025-11-08 09:50:17.995] [main] [info] Starting Setup of Dataframe with 235929 events
[2025-11-08 09:51:01.311] [main] [info] Finished Setup
[2025-11-08 09:51:01.311] [main] [info] Runtime for setup (real time: 43.32, CPU time: 39.35)
[2025-11-08 09:51:01.311] [main] [info] Starting Evaluation
[2025-11-08 09:51:17.357] [main] [info] 10000 / 235929 (4.24 %) Events processed ...
[2025-11-08 09:51:19.728] [main] [info] 20000 / 235929 (8.48 %) Events processed ...
[2025-11-08 09:51:21.609] [main] [info] 30000 / 235929 (12.72 %) Events processed ...
[2025-11-08 09:51:23.405] [main] [info] 40000 / 235929 (16.95 %) Events processed ...
[2025-11-08 09:51:28.451] [main] [info] 50000 / 235929 (21.19 %) Events processed ...
[2025-11-08 09:51:30.543] [main] [info] 60000 / 235929 (25.43 %) Events processed ...
[2025-11-08 09:51:32.776] [main] [info] 70000 / 235929 (29.67 %) Events processed ...
[2025-11-08 09:51:34.608] [main] [info] 80000 / 235929 (33.91 %) Events processed ...
[2025-11-08 09:51:48.904] [main] [info] 90000 / 235929 (38.15 %) Events processed ...
[2025-11-08 09:51:50.899] [main] [info] 100000 / 235929 (42.39 %) Events processed ...
[2025-11-08 09:51:52.744] [main] [info] 110000 / 235929 (46.62 %) Events processed ...
[2025-11-08 09:51:54.888] [main] [info] 120000 / 235929 (50.86 %) Events processed ...
[2025-11-08 09:52:03.224] [main] [info] 130000 / 235929 (55.10 %) Events processed ...
[2025-11-08 09:52:06.088] [main] [info] 140000 / 235929 (59.34 %) Events processed ...
[2025-11-08 09:52:07.851] [main] [info] 150000 / 235929 (63.58 %) Events processed ...
[2025-11-08 09:52:09.711] [main] [info] 160000 / 235929 (67.82 %) Events processed ...
[2025-11-08 09:52:15.556] [main] [info] 170000 / 235929 (72.06 %) Events processed ...
[2025-11-08 09:52:18.039] [main] [info] 180000 / 235929 (76.29 %) Events processed ...
[2025-11-08 09:52:20.501] [main] [info] 190000 / 235929 (80.53 %) Events processed ...
[2025-11-08 09:52:22.446] [main] [info] 200000 / 235929 (84.77 %) Events processed ...
[2025-11-08 09:52:28.167] [main] [info] 210000 / 235929 (89.01 %) Events processed ...
[2025-11-08 09:52:30.175] [main] [info] 220000 / 235929 (93.25 %) Events processed ...
[2025-11-08 09:52:32.075] [main] [info] 230000 / 235929 (97.49 %) Events processed ...
[2025-11-08 09:52:33.363] [main] [info] vbfhmm:
Flag_goodVertices: pass=235929     all=235929     -- eff=100.00 % cumulative eff=100.00 %
Flag_globalSuperTightHalo2016Filter: pass=235909     all=235929     -- eff=99.99 % cumulative eff=99.99 %
Flag_EcalDeadCellTriggerPrimitiveFilter: pass=235905     all=235909     -- eff=100.00 % cumulative eff=99.99 %
Flag_BadPFMuonFilter: pass=235899     all=235905     -- eff=100.00 % cumulative eff=99.99 %
Flag_BadPFMuonDzFilter: pass=235897     all=235899     -- eff=100.00 % cumulative eff=99.99 %
Flag_eeBadScFilter: pass=235897     all=235897     -- eff=100.00 % cumulative eff=99.99 %
Flag_ecalBadCalibFilter: pass=235880     all=235897     -- eff=99.99 % cumulative eff=99.98 %
Flag_hfNoisyHitsFilter: pass=235864     all=235880     -- eff=99.99 % cumulative eff=99.97 %
Number of muons 2: pass=29089      all=235864     -- eff=12.33 % cumulative eff=12.33 %
DiMuon From Higgs: pass=27900      all=29089      -- eff=95.91 % cumulative eff=11.83 %
LeptonChargeSum: pass=27895      all=27900      -- eff=99.98 % cumulative eff=11.82 %
[2025-11-08 09:52:33.498] [main] [info] Writing quantities map to /eos/user/j/jiahua/MC_2022_inc/DYto2L-2Jets_MLL-50_amcatnloFXFX_22_ext1-v1/3c1104e9-71f8-4d70-b004-a8523611622e_vbfhmm.root
[2025-11-08 09:52:33.709] [main] [info] Finished Evaluation
[2025-11-08 09:52:33.709] [main] [info] Overall runtime (real time: 135.72, CPU time: 101.49)
