Starting job on \n
Running on: Linux b9p24p2647.cern.ch 5.14.0-570.44.1.el9_6.x86_64 #1 SMP PREEMPT_DYNAMIC Tue Sep 9 05:17:30 EDT 2025 x86_64 x86_64 x86_64 GNU/Linux\n
System software: Red Hat Enterprise Linux release 9.6 (Plow)\n
Setting up CROWN for RedHatEnterprise Version 9.6
subject   : /DC=ch/DC=cern/OU=Organic Units/OU=Users/CN=jiahua/CN=851532/CN=Jiahua Chen/CN=1735721823
issuer    : /DC=ch/DC=cern/OU=Organic Units/OU=Users/CN=jiahua/CN=851532/CN=Jiahua Chen
identity  : /DC=ch/DC=cern/OU=Organic Units/OU=Users/CN=jiahua/CN=851532/CN=Jiahua Chen
type      : RFC compliant proxy
strength  : 2048 bits
path      : /afs/cern.ch/user/j/jiahua/proxy/x509up_u139833
timeleft  : 197:50:20
key usage : Digital Signature, Key Encipherment
=== VO cms extension information ===
VO        : cms
subject   : /DC=ch/DC=cern/OU=Organic Units/OU=Users/CN=jiahua/CN=851532/CN=Jiahua Chen
issuer    : /DC=ch/DC=cern/OU=computers/CN=cms-auth.cern.ch
attribute : /cms/Role=NULL/Capability=NULL
timeleft  : 189:50:20
uri       : voms-cms-auth.cern.ch:15000
subject   : /DC=ch/DC=cern/OU=Organic Units/OU=Users/CN=jiahua/CN=851532/CN=Jiahua Chen/CN=1735721823
issuer    : /DC=ch/DC=cern/OU=Organic Units/OU=Users/CN=jiahua/CN=851532/CN=Jiahua Chen
identity  : /DC=ch/DC=cern/OU=Organic Units/OU=Users/CN=jiahua/CN=851532/CN=Jiahua Chen
type      : RFC compliant proxy
strength  : 2048 bits
path      : /afs/cern.ch/user/j/jiahua/proxy/x509up_u139833
timeleft  : 197:50:20
key usage : Digital Signature, Key Encipherment
=== VO cms extension information ===
VO        : cms
subject   : /DC=ch/DC=cern/OU=Organic Units/OU=Users/CN=jiahua/CN=851532/CN=Jiahua Chen
issuer    : /DC=ch/DC=cern/OU=computers/CN=cms-auth.cern.ch
attribute : /cms/Role=NULL/Capability=NULL
timeleft  : 189:50:20
uri       : voms-cms-auth.cern.ch:15000
/eos/user/j/jiahua/MC_2022_inc/DYto2L-2Jets_MLL-50_amcatnloFXFX_22_ext1-v1/50563a27-33cf-4bec-8f9e-4e529f417238.root
[2025-11-08 09:48:39.002] [main] [info] Checking input files
[2025-11-08 09:48:44.501] [main] [info] NanoAOD input_file 1: root://cms-xrd-global.cern.ch//store/mc/Run3Summer22NanoAODv12/DYto2L-2Jets_MLL-50_TuneCP5_13p6TeV_amcatnloFXFX-pythia8/NANOAODSIM/130X_mcRun3_2022_realistic_v5_ext1-v1/2550000/50563a27-33cf-4bec-8f9e-4e529f417238.root - 142726 Events
[2025-11-08 09:48:44.514] [main] [info] input_file 1: root://cms-xrd-global.cern.ch//store/mc/Run3Summer22NanoAODv12/DYto2L-2Jets_MLL-50_TuneCP5_13p6TeV_amcatnloFXFX-pythia8/NANOAODSIM/130X_mcRun3_2022_realistic_v5_ext1-v1/2550000/50563a27-33cf-4bec-8f9e-4e529f417238.root - SumOfGenWeight: 2551599543.3599997 
[2025-11-08 09:48:44.514] [main] [info] Output directory: /eos/user/j/jiahua/MC_2022_inc/DYto2L-2Jets_MLL-50_amcatnloFXFX_22_ext1-v1/50563a27-33cf-4bec-8f9e-4e529f417238.root
[2025-11-08 09:48:44.516] [main] [info] Starting Setup of Dataframe with 142726 events
[2025-11-08 09:49:14.737] [main] [info] Finished Setup
[2025-11-08 09:49:14.737] [main] [info] Runtime for setup (real time: 30.22, CPU time: 29.11)
[2025-11-08 09:49:14.737] [main] [info] Starting Evaluation
[2025-11-08 09:49:26.691] [main] [info] 10000 / 142726 (7.01 %) Events processed ...
[2025-11-08 09:49:28.102] [main] [info] 20000 / 142726 (14.01 %) Events processed ...
[2025-11-08 09:49:29.432] [main] [info] 30000 / 142726 (21.02 %) Events processed ...
[2025-11-08 09:49:31.571] [main] [info] 40000 / 142726 (28.03 %) Events processed ...
[2025-11-08 09:49:32.900] [main] [info] 50000 / 142726 (35.03 %) Events processed ...
[2025-11-08 09:49:34.385] [main] [info] 60000 / 142726 (42.04 %) Events processed ...
[2025-11-08 09:49:36.026] [main] [info] 70000 / 142726 (49.05 %) Events processed ...
[2025-11-08 09:49:38.419] [main] [info] 80000 / 142726 (56.05 %) Events processed ...
[2025-11-08 09:49:39.930] [main] [info] 90000 / 142726 (63.06 %) Events processed ...
[2025-11-08 09:49:41.436] [main] [info] 100000 / 142726 (70.06 %) Events processed ...
[2025-11-08 09:49:43.059] [main] [info] 110000 / 142726 (77.07 %) Events processed ...
[2025-11-08 09:49:45.509] [main] [info] 120000 / 142726 (84.08 %) Events processed ...
[2025-11-08 09:49:47.121] [main] [info] 130000 / 142726 (91.08 %) Events processed ...
[2025-11-08 09:49:49.098] [main] [info] 140000 / 142726 (98.09 %) Events processed ...
[2025-11-08 09:49:49.703] [main] [info] vbfhmm:
Flag_goodVertices: pass=142726     all=142726     -- eff=100.00 % cumulative eff=100.00 %
Flag_globalSuperTightHalo2016Filter: pass=142721     all=142726     -- eff=100.00 % cumulative eff=100.00 %
Flag_EcalDeadCellTriggerPrimitiveFilter: pass=142720     all=142721     -- eff=100.00 % cumulative eff=100.00 %
Flag_BadPFMuonFilter: pass=142719     all=142720     -- eff=100.00 % cumulative eff=100.00 %
Flag_BadPFMuonDzFilter: pass=142719     all=142719     -- eff=100.00 % cumulative eff=100.00 %
Flag_eeBadScFilter: pass=142719     all=142719     -- eff=100.00 % cumulative eff=100.00 %
Flag_ecalBadCalibFilter: pass=142709     all=142719     -- eff=99.99 % cumulative eff=99.99 %
Flag_hfNoisyHitsFilter: pass=142699     all=142709     -- eff=99.99 % cumulative eff=99.98 %
Number of muons 2: pass=17645      all=142699     -- eff=12.37 % cumulative eff=12.36 %
DiMuon From Higgs: pass=16976      all=17645      -- eff=96.21 % cumulative eff=11.89 %
LeptonChargeSum: pass=16972      all=16976      -- eff=99.98 % cumulative eff=11.89 %
[2025-11-08 09:49:49.857] [main] [info] Writing quantities map to /eos/user/j/jiahua/MC_2022_inc/DYto2L-2Jets_MLL-50_amcatnloFXFX_22_ext1-v1/50563a27-33cf-4bec-8f9e-4e529f417238_vbfhmm.root
[2025-11-08 09:49:49.987] [main] [info] Finished Evaluation
[2025-11-08 09:49:49.987] [main] [info] Overall runtime (real time: 65.47, CPU time: 59.09)
