000 (12769404.052.000) 11/08 09:45:18 Job submitted from host: <188.185.121.235:9618?addrs=188.185.121.235-9618+[2001-1458-d00-49--100-36e]-9618&alias=bigbird22.cern.ch&noUDP&sock=schedd_232129_c3ca>
...
040 (12769404.052.000) 11/08 09:47:50 Started transferring input files
	Transferring to host: <128.142.132.160:9618?addrs=128.142.132.160-9618+[2001-1458-301-5a--100-94]-9618&alias=b9g12p5248.cern.ch&noUDP&sock=slot1_21_2828_54ec_47956>
...
040 (12769404.052.000) 11/08 09:47:50 Finished transferring input files
...
001 (12769404.052.000) 11/08 09:47:51 Job executing on host: <128.142.132.160:9618?addrs=128.142.132.160-9618+[2001-1458-301-5a--100-94]-9618&alias=b9g12p5248.cern.ch&noUDP&sock=startd_2440_372c>
	SlotName: slot1_21@b9g12p5248.cern.ch
	CondorScratchDir = "/pool/condor/dir_3693472"
	Cpus = 1
	Disk = 11873
	GPUs = 0
	Memory = 3000
...
006 (12769404.052.000) 11/08 09:48:05 Image size of job updated: 95404
	94  -  MemoryUsage of job (MB)
	95404  -  ResidentSetSize of job (KB)
...
006 (12769404.052.000) 11/08 09:49:46 Image size of job updated: 264756
	94  -  MemoryUsage of job (MB)
	95404  -  ResidentSetSize of job (KB)
...
040 (12769404.052.000) 11/08 09:49:46 Started transferring output files
...
040 (12769404.052.000) 11/08 09:49:46 Finished transferring output files
...
005 (12769404.052.000) 11/08 09:49:46 Job terminated.
	(1) Normal termination (return value 0)
		Usr 0 00:00:47, Sys 0 00:00:02  -  Run Remote Usage
		Usr 0 00:00:00, Sys 0 00:00:00  -  Run Local Usage
		Usr 0 00:00:47, Sys 0 00:00:02  -  Total Remote Usage
		Usr 0 00:00:00, Sys 0 00:00:00  -  Total Local Usage
	24397  -  Run Bytes Sent By Job
	10104412  -  Run Bytes Received By Job
	24397  -  Total Bytes Sent By Job
	10104412  -  Total Bytes Received By Job
	Partitionable Resources :    Usage  Request Allocated 
	   Cpus                 :     0.53        1         1 
	   Disk (KB)            :  9915       10000     11873 
	   GPUs                 :                           0 
	   Memory (MB)          :    94        3000      3000 
	   TimeExecute (s)      :   115                       
	   TimeSlotBusy (s)     :   117                       

	Job terminated of its own accord at 2025-11-08T08:49:46Z with exit-code 0.
...
