Starting job on \n
Running on: Linux b9g18p2076.cern.ch 5.14.0-570.42.2.el9_6.x86_64 #1 SMP PREEMPT_DYNAMIC Mon Sep 15 05:17:56 EDT 2025 x86_64 x86_64 x86_64 GNU/Linux\n
System software: AlmaLinux release 9.6 (Sage Margay)\n
Setting up CROWN for Alma Version 9.6
subject   : /DC=ch/DC=cern/OU=Organic Units/OU=Users/CN=jiahua/CN=851532/CN=Jiahua Chen/CN=1735721823
issuer    : /DC=ch/DC=cern/OU=Organic Units/OU=Users/CN=jiahua/CN=851532/CN=Jiahua Chen
identity  : /DC=ch/DC=cern/OU=Organic Units/OU=Users/CN=jiahua/CN=851532/CN=Jiahua Chen
type      : RFC compliant proxy
strength  : 2048 bits
path      : /afs/cern.ch/user/j/jiahua/proxy/x509up_u139833
timeleft  : 197:51:15
key usage : Digital Signature, Key Encipherment
=== VO cms extension information ===
VO        : cms
subject   : /DC=ch/DC=cern/OU=Organic Units/OU=Users/CN=jiahua/CN=851532/CN=Jiahua Chen
issuer    : /DC=ch/DC=cern/OU=computers/CN=cms-auth.cern.ch
attribute : /cms/Role=NULL/Capability=NULL
timeleft  : 189:51:15
uri       : voms-cms-auth.cern.ch:15000
subject   : /DC=ch/DC=cern/OU=Organic Units/OU=Users/CN=jiahua/CN=851532/CN=Jiahua Chen/CN=1735721823
issuer    : /DC=ch/DC=cern/OU=Organic Units/OU=Users/CN=jiahua/CN=851532/CN=Jiahua Chen
identity  : /DC=ch/DC=cern/OU=Organic Units/OU=Users/CN=jiahua/CN=851532/CN=Jiahua Chen
type      : RFC compliant proxy
strength  : 2048 bits
path      : /afs/cern.ch/user/j/jiahua/proxy/x509up_u139833
timeleft  : 197:51:15
key usage : Digital Signature, Key Encipherment
=== VO cms extension information ===
VO        : cms
subject   : /DC=ch/DC=cern/OU=Organic Units/OU=Users/CN=jiahua/CN=851532/CN=Jiahua Chen
issuer    : /DC=ch/DC=cern/OU=computers/CN=cms-auth.cern.ch
attribute : /cms/Role=NULL/Capability=NULL
timeleft  : 189:51:15
uri       : voms-cms-auth.cern.ch:15000
/eos/user/j/jiahua/MC_2022_inc/Muon_UL22C-16Dec2023-v1/f1bfe9dc-259c-4a11-b436-749e6a18ddea.root
[2025-11-08 09:47:43.992] [main] [info] Checking input files
[2025-11-08 09:47:49.063] [main] [info] NanoAOD input_file 1: root://cms-xrd-global.cern.ch//store/data/Run2022C/Muon/NANOAOD/16Dec2023-v1/2550000/f1bfe9dc-259c-4a11-b436-749e6a18ddea.root - 985861 Events
[2025-11-08 09:47:49.075] [main] [info] input_file 1: root://cms-xrd-global.cern.ch//store/data/Run2022C/Muon/NANOAOD/16Dec2023-v1/2550000/f1bfe9dc-259c-4a11-b436-749e6a18ddea.root - SumOfGenWeight: 1.8773796857032283e-308 
[2025-11-08 09:47:49.075] [main] [info] Output directory: /eos/user/j/jiahua/MC_2022_inc/Muon_UL22C-16Dec2023-v1/f1bfe9dc-259c-4a11-b436-749e6a18ddea.root
[2025-11-08 09:47:49.077] [main] [info] Starting Setup of Dataframe with 985861 events
[2025-11-08 09:47:54.569] [main] [info] Finished Setup
[2025-11-08 09:47:54.569] [main] [info] Runtime for setup (real time: 5.49, CPU time: 2.64)
[2025-11-08 09:47:54.569] [main] [info] Starting Evaluation
[2025-11-08 09:48:03.210] [main] [info] 10000 / 985861 (1.01 %) Events processed ...
[2025-11-08 09:48:03.373] [main] [info] 20000 / 985861 (2.03 %) Events processed ...
[2025-11-08 09:48:03.535] [main] [info] 30000 / 985861 (3.04 %) Events processed ...
[2025-11-08 09:48:03.707] [main] [info] 40000 / 985861 (4.06 %) Events processed ...
[2025-11-08 09:48:03.898] [main] [info] 50000 / 985861 (5.07 %) Events processed ...
[2025-11-08 09:48:04.157] [main] [info] 60000 / 985861 (6.09 %) Events processed ...
[2025-11-08 09:48:04.188] [main] [info] 70000 / 985861 (7.10 %) Events processed ...
[2025-11-08 09:48:05.225] [main] [info] 80000 / 985861 (8.11 %) Events processed ...
[2025-11-08 09:48:05.473] [main] [info] 90000 / 985861 (9.13 %) Events processed ...
[2025-11-08 09:48:05.677] [main] [info] 100000 / 985861 (10.14 %) Events processed ...
[2025-11-08 09:48:05.934] [main] [info] 110000 / 985861 (11.16 %) Events processed ...
[2025-11-08 09:48:06.103] [main] [info] 120000 / 985861 (12.17 %) Events processed ...
[2025-11-08 09:48:06.158] [main] [info] 130000 / 985861 (13.19 %) Events processed ...
[2025-11-08 09:48:06.162] [main] [info] 140000 / 985861 (14.20 %) Events processed ...
[2025-11-08 09:48:06.165] [main] [info] 150000 / 985861 (15.22 %) Events processed ...
[2025-11-08 09:48:06.992] [main] [info] 160000 / 985861 (16.23 %) Events processed ...
[2025-11-08 09:48:06.999] [main] [info] 170000 / 985861 (17.24 %) Events processed ...
[2025-11-08 09:48:07.006] [main] [info] 180000 / 985861 (18.26 %) Events processed ...
[2025-11-08 09:48:07.012] [main] [info] 190000 / 985861 (19.27 %) Events processed ...
[2025-11-08 09:48:07.018] [main] [info] 200000 / 985861 (20.29 %) Events processed ...
[2025-11-08 09:48:07.278] [main] [info] 210000 / 985861 (21.30 %) Events processed ...
[2025-11-08 09:48:07.474] [main] [info] 220000 / 985861 (22.32 %) Events processed ...
[2025-11-08 09:48:09.304] [main] [info] 230000 / 985861 (23.33 %) Events processed ...
[2025-11-08 09:48:09.530] [main] [info] 240000 / 985861 (24.34 %) Events processed ...
[2025-11-08 09:48:09.738] [main] [info] 250000 / 985861 (25.36 %) Events processed ...
[2025-11-08 09:48:10.081] [main] [info] 260000 / 985861 (26.37 %) Events processed ...
[2025-11-08 09:48:10.302] [main] [info] 270000 / 985861 (27.39 %) Events processed ...
[2025-11-08 09:48:10.488] [main] [info] 280000 / 985861 (28.40 %) Events processed ...
[2025-11-08 09:48:10.672] [main] [info] 290000 / 985861 (29.42 %) Events processed ...
[2025-11-08 09:48:10.874] [main] [info] 300000 / 985861 (30.43 %) Events processed ...
[2025-11-08 09:48:12.519] [main] [info] 310000 / 985861 (31.44 %) Events processed ...
[2025-11-08 09:48:12.795] [main] [info] 320000 / 985861 (32.46 %) Events processed ...
[2025-11-08 09:48:13.070] [main] [info] 330000 / 985861 (33.47 %) Events processed ...
[2025-11-08 09:48:13.343] [main] [info] 340000 / 985861 (34.49 %) Events processed ...
[2025-11-08 09:48:13.646] [main] [info] 350000 / 985861 (35.50 %) Events processed ...
[2025-11-08 09:48:13.929] [main] [info] 360000 / 985861 (36.52 %) Events processed ...
[2025-11-08 09:48:14.347] [main] [info] 370000 / 985861 (37.53 %) Events processed ...
[2025-11-08 09:48:15.754] [main] [info] 380000 / 985861 (38.54 %) Events processed ...
[2025-11-08 09:48:15.958] [main] [info] 390000 / 985861 (39.56 %) Events processed ...
[2025-11-08 09:48:16.153] [main] [info] 400000 / 985861 (40.57 %) Events processed ...
[2025-11-08 09:48:16.350] [main] [info] 410000 / 985861 (41.59 %) Events processed ...
[2025-11-08 09:48:16.463] [main] [info] 420000 / 985861 (42.60 %) Events processed ...
[2025-11-08 09:48:16.467] [main] [info] 430000 / 985861 (43.62 %) Events processed ...
[2025-11-08 09:48:16.470] [main] [info] 440000 / 985861 (44.63 %) Events processed ...
[2025-11-08 09:48:16.770] [main] [info] 450000 / 985861 (45.65 %) Events processed ...
[2025-11-08 09:48:16.991] [main] [info] 460000 / 985861 (46.66 %) Events processed ...
[2025-11-08 09:48:18.255] [main] [info] 470000 / 985861 (47.67 %) Events processed ...
[2025-11-08 09:48:18.527] [main] [info] 480000 / 985861 (48.69 %) Events processed ...
[2025-11-08 09:48:18.803] [main] [info] 490000 / 985861 (49.70 %) Events processed ...
[2025-11-08 09:48:19.022] [main] [info] 500000 / 985861 (50.72 %) Events processed ...
[2025-11-08 09:48:19.238] [main] [info] 510000 / 985861 (51.73 %) Events processed ...
[2025-11-08 09:48:19.521] [main] [info] 520000 / 985861 (52.75 %) Events processed ...
[2025-11-08 09:48:19.727] [main] [info] 530000 / 985861 (53.76 %) Events processed ...
[2025-11-08 09:48:20.755] [main] [info] 540000 / 985861 (54.77 %) Events processed ...
[2025-11-08 09:48:20.762] [main] [info] 550000 / 985861 (55.79 %) Events processed ...
[2025-11-08 09:48:20.981] [main] [info] 560000 / 985861 (56.80 %) Events processed ...
[2025-11-08 09:48:21.393] [main] [info] 570000 / 985861 (57.82 %) Events processed ...
[2025-11-08 09:48:21.672] [main] [info] 580000 / 985861 (58.83 %) Events processed ...
[2025-11-08 09:48:21.957] [main] [info] 590000 / 985861 (59.85 %) Events processed ...
[2025-11-08 09:48:22.245] [main] [info] 600000 / 985861 (60.86 %) Events processed ...
[2025-11-08 09:48:22.545] [main] [info] 610000 / 985861 (61.87 %) Events processed ...
[2025-11-08 09:48:24.299] [main] [info] 620000 / 985861 (62.89 %) Events processed ...
[2025-11-08 09:48:24.491] [main] [info] 630000 / 985861 (63.90 %) Events processed ...
[2025-11-08 09:48:24.681] [main] [info] 640000 / 985861 (64.92 %) Events processed ...
[2025-11-08 09:48:24.866] [main] [info] 650000 / 985861 (65.93 %) Events processed ...
[2025-11-08 09:48:25.058] [main] [info] 660000 / 985861 (66.95 %) Events processed ...
[2025-11-08 09:48:25.343] [main] [info] 670000 / 985861 (67.96 %) Events processed ...
[2025-11-08 09:48:25.624] [main] [info] 680000 / 985861 (68.98 %) Events processed ...
[2025-11-08 09:48:27.010] [main] [info] 690000 / 985861 (69.99 %) Events processed ...
[2025-11-08 09:48:27.292] [main] [info] 700000 / 985861 (71.00 %) Events processed ...
[2025-11-08 09:48:27.603] [main] [info] 710000 / 985861 (72.02 %) Events processed ...
[2025-11-08 09:48:27.845] [main] [info] 720000 / 985861 (73.03 %) Events processed ...
[2025-11-08 09:48:28.115] [main] [info] 730000 / 985861 (74.05 %) Events processed ...
[2025-11-08 09:48:28.389] [main] [info] 740000 / 985861 (75.06 %) Events processed ...
[2025-11-08 09:48:28.678] [main] [info] 750000 / 985861 (76.08 %) Events processed ...
[2025-11-08 09:48:28.974] [main] [info] 760000 / 985861 (77.09 %) Events processed ...
[2025-11-08 09:48:30.417] [main] [info] 770000 / 985861 (78.10 %) Events processed ...
[2025-11-08 09:48:30.869] [main] [info] 780000 / 985861 (79.12 %) Events processed ...
[2025-11-08 09:48:31.189] [main] [info] 790000 / 985861 (80.13 %) Events processed ...
[2025-11-08 09:48:31.516] [main] [info] 800000 / 985861 (81.15 %) Events processed ...
[2025-11-08 09:48:31.818] [main] [info] 810000 / 985861 (82.16 %) Events processed ...
[2025-11-08 09:48:32.133] [main] [info] 820000 / 985861 (83.18 %) Events processed ...
[2025-11-08 09:48:32.551] [main] [info] 830000 / 985861 (84.19 %) Events processed ...
[2025-11-08 09:48:34.446] [main] [info] 840000 / 985861 (85.20 %) Events processed ...
[2025-11-08 09:48:34.732] [main] [info] 850000 / 985861 (86.22 %) Events processed ...
[2025-11-08 09:48:35.013] [main] [info] 860000 / 985861 (87.23 %) Events processed ...
[2025-11-08 09:48:35.329] [main] [info] 870000 / 985861 (88.25 %) Events processed ...
[2025-11-08 09:48:35.608] [main] [info] 880000 / 985861 (89.26 %) Events processed ...
[2025-11-08 09:48:35.794] [main] [info] 890000 / 985861 (90.28 %) Events processed ...
[2025-11-08 09:48:36.007] [main] [info] 900000 / 985861 (91.29 %) Events processed ...
[2025-11-08 09:48:36.292] [main] [info] 910000 / 985861 (92.31 %) Events processed ...
[2025-11-08 09:48:37.899] [main] [info] 920000 / 985861 (93.32 %) Events processed ...
[2025-11-08 09:48:38.314] [main] [info] 930000 / 985861 (94.33 %) Events processed ...
[2025-11-08 09:48:38.600] [main] [info] 940000 / 985861 (95.35 %) Events processed ...
[2025-11-08 09:48:38.882] [main] [info] 950000 / 985861 (96.36 %) Events processed ...
[2025-11-08 09:48:39.163] [main] [info] 960000 / 985861 (97.38 %) Events processed ...
[2025-11-08 09:48:39.483] [main] [info] 970000 / 985861 (98.39 %) Events processed ...
[2025-11-08 09:48:39.888] [main] [info] 980000 / 985861 (99.41 %) Events processed ...
[2025-11-08 09:48:40.541] [main] [info] vbfhmm:
GoldenJSONFilter: pass=842394     all=985861     -- eff=85.45 % cumulative eff=85.45 %
Flag_goodVertices: pass=840777     all=842394     -- eff=99.81 % cumulative eff=85.28 %
Flag_globalSuperTightHalo2016Filter: pass=840555     all=840777     -- eff=99.97 % cumulative eff=85.26 %
Flag_EcalDeadCellTriggerPrimitiveFilter: pass=840520     all=840555     -- eff=100.00 % cumulative eff=85.26 %
Flag_BadPFMuonFilter: pass=840376     all=840520     -- eff=99.98 % cumulative eff=85.24 %
Flag_BadPFMuonDzFilter: pass=840321     all=840376     -- eff=99.99 % cumulative eff=85.24 %
Flag_eeBadScFilter: pass=840321     all=840321     -- eff=100.00 % cumulative eff=85.24 %
Flag_ecalBadCalibFilter: pass=840289     all=840321     -- eff=100.00 % cumulative eff=85.23 %
Flag_hfNoisyHitsFilter: pass=839113     all=840289     -- eff=99.86 % cumulative eff=85.11 %
Number of muons 2: pass=29400      all=839113     -- eff=3.50 % cumulative eff=2.98 %
DiMuon From Higgs: pass=26444      all=29400      -- eff=89.95 % cumulative eff=2.68 %
LeptonChargeSum: pass=26438      all=26444      -- eff=99.98 % cumulative eff=2.68 %
[2025-11-08 09:48:40.757] [main] [info] Writing quantities map to /eos/user/j/jiahua/MC_2022_inc/Muon_UL22C-16Dec2023-v1/f1bfe9dc-259c-4a11-b436-749e6a18ddea_vbfhmm.root
[2025-11-08 09:48:40.892] [main] [info] Finished Evaluation
[2025-11-08 09:48:40.892] [main] [info] Overall runtime (real time: 51.82, CPU time: 32.21)
