Starting job on \n
Running on: Linux b9p26p0366.cern.ch 5.14.0-570.44.1.el9_6.x86_64 #1 SMP PREEMPT_DYNAMIC Tue Sep 9 05:17:30 EDT 2025 x86_64 x86_64 x86_64 GNU/Linux\n
System software: Red Hat Enterprise Linux release 9.6 (Plow)\n
Setting up CROWN for RedHatEnterprise Version 9.6
subject   : /DC=ch/DC=cern/OU=Organic Units/OU=Users/CN=jiahua/CN=851532/CN=Jiahua Chen/CN=1735721823
issuer    : /DC=ch/DC=cern/OU=Organic Units/OU=Users/CN=jiahua/CN=851532/CN=Jiahua Chen
identity  : /DC=ch/DC=cern/OU=Organic Units/OU=Users/CN=jiahua/CN=851532/CN=Jiahua Chen
type      : RFC compliant proxy
strength  : 2048 bits
path      : /afs/cern.ch/user/j/jiahua/proxy/x509up_u139833
timeleft  : 197:51:07
key usage : Digital Signature, Key Encipherment
=== VO cms extension information ===
VO        : cms
subject   : /DC=ch/DC=cern/OU=Organic Units/OU=Users/CN=jiahua/CN=851532/CN=Jiahua Chen
issuer    : /DC=ch/DC=cern/OU=computers/CN=cms-auth.cern.ch
attribute : /cms/Role=NULL/Capability=NULL
timeleft  : 189:51:07
uri       : voms-cms-auth.cern.ch:15000
subject   : /DC=ch/DC=cern/OU=Organic Units/OU=Users/CN=jiahua/CN=851532/CN=Jiahua Chen/CN=1735721823
issuer    : /DC=ch/DC=cern/OU=Organic Units/OU=Users/CN=jiahua/CN=851532/CN=Jiahua Chen
identity  : /DC=ch/DC=cern/OU=Organic Units/OU=Users/CN=jiahua/CN=851532/CN=Jiahua Chen
type      : RFC compliant proxy
strength  : 2048 bits
path      : /afs/cern.ch/user/j/jiahua/proxy/x509up_u139833
timeleft  : 197:51:07
key usage : Digital Signature, Key Encipherment
=== VO cms extension information ===
VO        : cms
subject   : /DC=ch/DC=cern/OU=Organic Units/OU=Users/CN=jiahua/CN=851532/CN=Jiahua Chen
issuer    : /DC=ch/DC=cern/OU=computers/CN=cms-auth.cern.ch
attribute : /cms/Role=NULL/Capability=NULL
timeleft  : 189:51:07
uri       : voms-cms-auth.cern.ch:15000
/eos/user/j/jiahua/MC_2022_inc/Muon_UL22C-16Dec2023-v1/69e4a68a-d274-45de-80e3-471b975390d4.root
[2025-11-08 09:47:52.245] [main] [info] Checking input files
[2025-11-08 09:47:57.177] [main] [info] NanoAOD input_file 1: root://cms-xrd-global.cern.ch//store/data/Run2022C/Muon/NANOAOD/16Dec2023-v1/2550000/69e4a68a-d274-45de-80e3-471b975390d4.root - 1272594 Events
[2025-11-08 09:47:57.192] [main] [info] input_file 1: root://cms-xrd-global.cern.ch//store/data/Run2022C/Muon/NANOAOD/16Dec2023-v1/2550000/69e4a68a-d274-45de-80e3-471b975390d4.root - SumOfGenWeight: 9.03850159049447e-309 
[2025-11-08 09:47:57.192] [main] [info] Output directory: /eos/user/j/jiahua/MC_2022_inc/Muon_UL22C-16Dec2023-v1/69e4a68a-d274-45de-80e3-471b975390d4.root
[2025-11-08 09:47:57.195] [main] [info] Starting Setup of Dataframe with 1272594 events
[2025-11-08 09:48:02.333] [main] [info] Finished Setup
[2025-11-08 09:48:02.333] [main] [info] Runtime for setup (real time: 5.14, CPU time: 2.72)
[2025-11-08 09:48:02.333] [main] [info] Starting Evaluation
[2025-11-08 09:48:10.779] [main] [info] 10000 / 1272594 (0.79 %) Events processed ...
[2025-11-08 09:48:10.991] [main] [info] 20000 / 1272594 (1.57 %) Events processed ...
[2025-11-08 09:48:11.203] [main] [info] 30000 / 1272594 (2.36 %) Events processed ...
[2025-11-08 09:48:11.422] [main] [info] 40000 / 1272594 (3.14 %) Events processed ...
[2025-11-08 09:48:11.733] [main] [info] 50000 / 1272594 (3.93 %) Events processed ...
[2025-11-08 09:48:11.943] [main] [info] 60000 / 1272594 (4.71 %) Events processed ...
[2025-11-08 09:48:12.159] [main] [info] 70000 / 1272594 (5.50 %) Events processed ...
[2025-11-08 09:48:13.591] [main] [info] 80000 / 1272594 (6.29 %) Events processed ...
[2025-11-08 09:48:13.894] [main] [info] 90000 / 1272594 (7.07 %) Events processed ...
[2025-11-08 09:48:14.053] [main] [info] 100000 / 1272594 (7.86 %) Events processed ...
[2025-11-08 09:48:14.221] [main] [info] 110000 / 1272594 (8.64 %) Events processed ...
[2025-11-08 09:48:14.352] [main] [info] 120000 / 1272594 (9.43 %) Events processed ...
[2025-11-08 09:48:14.354] [main] [info] 130000 / 1272594 (10.22 %) Events processed ...
[2025-11-08 09:48:14.357] [main] [info] 140000 / 1272594 (11.00 %) Events processed ...
[2025-11-08 09:48:14.360] [main] [info] 150000 / 1272594 (11.79 %) Events processed ...
[2025-11-08 09:48:16.426] [main] [info] 160000 / 1272594 (12.57 %) Events processed ...
[2025-11-08 09:48:16.754] [main] [info] 170000 / 1272594 (13.36 %) Events processed ...
[2025-11-08 09:48:16.963] [main] [info] 180000 / 1272594 (14.14 %) Events processed ...
[2025-11-08 09:48:17.175] [main] [info] 190000 / 1272594 (14.93 %) Events processed ...
[2025-11-08 09:48:17.391] [main] [info] 200000 / 1272594 (15.72 %) Events processed ...
[2025-11-08 09:48:17.731] [main] [info] 210000 / 1272594 (16.50 %) Events processed ...
[2025-11-08 09:48:17.760] [main] [info] 220000 / 1272594 (17.29 %) Events processed ...
[2025-11-08 09:48:19.012] [main] [info] 230000 / 1272594 (18.07 %) Events processed ...
[2025-11-08 09:48:19.128] [main] [info] 240000 / 1272594 (18.86 %) Events processed ...
[2025-11-08 09:48:19.363] [main] [info] 250000 / 1272594 (19.64 %) Events processed ...
[2025-11-08 09:48:19.682] [main] [info] 260000 / 1272594 (20.43 %) Events processed ...
[2025-11-08 09:48:19.891] [main] [info] 270000 / 1272594 (21.22 %) Events processed ...
[2025-11-08 09:48:20.105] [main] [info] 280000 / 1272594 (22.00 %) Events processed ...
[2025-11-08 09:48:20.344] [main] [info] 290000 / 1272594 (22.79 %) Events processed ...
[2025-11-08 09:48:21.842] [main] [info] 300000 / 1272594 (23.57 %) Events processed ...
[2025-11-08 09:48:22.061] [main] [info] 310000 / 1272594 (24.36 %) Events processed ...
[2025-11-08 09:48:22.270] [main] [info] 320000 / 1272594 (25.15 %) Events processed ...
[2025-11-08 09:48:22.580] [main] [info] 330000 / 1272594 (25.93 %) Events processed ...
[2025-11-08 09:48:22.900] [main] [info] 340000 / 1272594 (26.72 %) Events processed ...
[2025-11-08 09:48:23.125] [main] [info] 350000 / 1272594 (27.50 %) Events processed ...
[2025-11-08 09:48:23.345] [main] [info] 360000 / 1272594 (28.29 %) Events processed ...
[2025-11-08 09:48:23.582] [main] [info] 370000 / 1272594 (29.07 %) Events processed ...
[2025-11-08 09:48:25.190] [main] [info] 380000 / 1272594 (29.86 %) Events processed ...
[2025-11-08 09:48:25.411] [main] [info] 390000 / 1272594 (30.65 %) Events processed ...
[2025-11-08 09:48:25.629] [main] [info] 400000 / 1272594 (31.43 %) Events processed ...
[2025-11-08 09:48:25.862] [main] [info] 410000 / 1272594 (32.22 %) Events processed ...
[2025-11-08 09:48:26.186] [main] [info] 420000 / 1272594 (33.00 %) Events processed ...
[2025-11-08 09:48:26.396] [main] [info] 430000 / 1272594 (33.79 %) Events processed ...
[2025-11-08 09:48:26.604] [main] [info] 440000 / 1272594 (34.58 %) Events processed ...
[2025-11-08 09:48:28.591] [main] [info] 450000 / 1272594 (35.36 %) Events processed ...
[2025-11-08 09:48:28.943] [main] [info] 460000 / 1272594 (36.15 %) Events processed ...
[2025-11-08 09:48:29.161] [main] [info] 470000 / 1272594 (36.93 %) Events processed ...
[2025-11-08 09:48:29.374] [main] [info] 480000 / 1272594 (37.72 %) Events processed ...
[2025-11-08 09:48:29.586] [main] [info] 490000 / 1272594 (38.50 %) Events processed ...
[2025-11-08 09:48:29.821] [main] [info] 500000 / 1272594 (39.29 %) Events processed ...
[2025-11-08 09:48:30.130] [main] [info] 510000 / 1272594 (40.08 %) Events processed ...
[2025-11-08 09:48:31.373] [main] [info] 520000 / 1272594 (40.86 %) Events processed ...
[2025-11-08 09:48:31.589] [main] [info] 530000 / 1272594 (41.65 %) Events processed ...
[2025-11-08 09:48:31.802] [main] [info] 540000 / 1272594 (42.43 %) Events processed ...
[2025-11-08 09:48:32.032] [main] [info] 550000 / 1272594 (43.22 %) Events processed ...
[2025-11-08 09:48:32.225] [main] [info] 560000 / 1272594 (44.00 %) Events processed ...
[2025-11-08 09:48:32.389] [main] [info] 570000 / 1272594 (44.79 %) Events processed ...
[2025-11-08 09:48:32.639] [main] [info] 580000 / 1272594 (45.58 %) Events processed ...
[2025-11-08 09:48:34.283] [main] [info] 590000 / 1272594 (46.36 %) Events processed ...
[2025-11-08 09:48:34.468] [main] [info] 600000 / 1272594 (47.15 %) Events processed ...
[2025-11-08 09:48:34.619] [main] [info] 610000 / 1272594 (47.93 %) Events processed ...
[2025-11-08 09:48:34.786] [main] [info] 620000 / 1272594 (48.72 %) Events processed ...
[2025-11-08 09:48:35.025] [main] [info] 630000 / 1272594 (49.51 %) Events processed ...
[2025-11-08 09:48:35.176] [main] [info] 640000 / 1272594 (50.29 %) Events processed ...
[2025-11-08 09:48:35.326] [main] [info] 650000 / 1272594 (51.08 %) Events processed ...
[2025-11-08 09:48:35.492] [main] [info] 660000 / 1272594 (51.86 %) Events processed ...
[2025-11-08 09:48:37.469] [main] [info] 670000 / 1272594 (52.65 %) Events processed ...
[2025-11-08 09:48:37.675] [main] [info] 680000 / 1272594 (53.43 %) Events processed ...
[2025-11-08 09:48:37.879] [main] [info] 690000 / 1272594 (54.22 %) Events processed ...
[2025-11-08 09:48:38.090] [main] [info] 700000 / 1272594 (55.01 %) Events processed ...
[2025-11-08 09:48:38.425] [main] [info] 710000 / 1272594 (55.79 %) Events processed ...
[2025-11-08 09:48:38.635] [main] [info] 720000 / 1272594 (56.58 %) Events processed ...
[2025-11-08 09:48:38.867] [main] [info] 730000 / 1272594 (57.36 %) Events processed ...
[2025-11-08 09:48:40.751] [main] [info] 740000 / 1272594 (58.15 %) Events processed ...
[2025-11-08 09:48:40.987] [main] [info] 750000 / 1272594 (58.93 %) Events processed ...
[2025-11-08 09:48:41.311] [main] [info] 760000 / 1272594 (59.72 %) Events processed ...
[2025-11-08 09:48:41.526] [main] [info] 770000 / 1272594 (60.51 %) Events processed ...
[2025-11-08 09:48:41.744] [main] [info] 780000 / 1272594 (61.29 %) Events processed ...
[2025-11-08 09:48:41.977] [main] [info] 790000 / 1272594 (62.08 %) Events processed ...
[2025-11-08 09:48:42.290] [main] [info] 800000 / 1272594 (62.86 %) Events processed ...
[2025-11-08 09:48:43.537] [main] [info] 810000 / 1272594 (63.65 %) Events processed ...
[2025-11-08 09:48:43.740] [main] [info] 820000 / 1272594 (64.44 %) Events processed ...
[2025-11-08 09:48:44.040] [main] [info] 830000 / 1272594 (65.22 %) Events processed ...
[2025-11-08 09:48:44.356] [main] [info] 840000 / 1272594 (66.01 %) Events processed ...
[2025-11-08 09:48:44.560] [main] [info] 850000 / 1272594 (66.79 %) Events processed ...
[2025-11-08 09:48:44.760] [main] [info] 860000 / 1272594 (67.58 %) Events processed ...
[2025-11-08 09:48:44.993] [main] [info] 870000 / 1272594 (68.36 %) Events processed ...
[2025-11-08 09:48:46.396] [main] [info] 880000 / 1272594 (69.15 %) Events processed ...
[2025-11-08 09:48:46.602] [main] [info] 890000 / 1272594 (69.94 %) Events processed ...
[2025-11-08 09:48:46.817] [main] [info] 900000 / 1272594 (70.72 %) Events processed ...
[2025-11-08 09:48:47.038] [main] [info] 910000 / 1272594 (71.51 %) Events processed ...
[2025-11-08 09:48:47.358] [main] [info] 920000 / 1272594 (72.29 %) Events processed ...
[2025-11-08 09:48:47.565] [main] [info] 930000 / 1272594 (73.08 %) Events processed ...
[2025-11-08 09:48:47.790] [main] [info] 940000 / 1272594 (73.86 %) Events processed ...
[2025-11-08 09:48:48.002] [main] [info] 950000 / 1272594 (74.65 %) Events processed ...
[2025-11-08 09:48:49.359] [main] [info] 960000 / 1272594 (75.44 %) Events processed ...
[2025-11-08 09:48:49.560] [main] [info] 970000 / 1272594 (76.22 %) Events processed ...
[2025-11-08 09:48:49.774] [main] [info] 980000 / 1272594 (77.01 %) Events processed ...
[2025-11-08 09:48:49.986] [main] [info] 990000 / 1272594 (77.79 %) Events processed ...
[2025-11-08 09:48:50.222] [main] [info] 1000000 / 1272594 (78.58 %) Events processed ...
[2025-11-08 09:48:50.486] [main] [info] 1010000 / 1272594 (79.37 %) Events processed ...
[2025-11-08 09:48:50.634] [main] [info] 1020000 / 1272594 (80.15 %) Events processed ...
[2025-11-08 09:48:52.115] [main] [info] 1030000 / 1272594 (80.94 %) Events processed ...
[2025-11-08 09:48:52.345] [main] [info] 1040000 / 1272594 (81.72 %) Events processed ...
[2025-11-08 09:48:52.662] [main] [info] 1050000 / 1272594 (82.51 %) Events processed ...
[2025-11-08 09:48:52.944] [main] [info] 1060000 / 1272594 (83.29 %) Events processed ...
[2025-11-08 09:48:53.153] [main] [info] 1070000 / 1272594 (84.08 %) Events processed ...
[2025-11-08 09:48:53.382] [main] [info] 1080000 / 1272594 (84.87 %) Events processed ...
[2025-11-08 09:48:53.674] [main] [info] 1090000 / 1272594 (85.65 %) Events processed ...
[2025-11-08 09:48:55.242] [main] [info] 1100000 / 1272594 (86.44 %) Events processed ...
[2025-11-08 09:48:55.447] [main] [info] 1110000 / 1272594 (87.22 %) Events processed ...
[2025-11-08 09:48:55.666] [main] [info] 1120000 / 1272594 (88.01 %) Events processed ...
[2025-11-08 09:48:55.967] [main] [info] 1130000 / 1272594 (88.80 %) Events processed ...
[2025-11-08 09:48:56.118] [main] [info] 1140000 / 1272594 (89.58 %) Events processed ...
[2025-11-08 09:48:56.265] [main] [info] 1150000 / 1272594 (90.37 %) Events processed ...
[2025-11-08 09:48:56.447] [main] [info] 1160000 / 1272594 (91.15 %) Events processed ...
[2025-11-08 09:48:58.114] [main] [info] 1170000 / 1272594 (91.94 %) Events processed ...
[2025-11-08 09:48:58.334] [main] [info] 1180000 / 1272594 (92.72 %) Events processed ...
[2025-11-08 09:48:58.531] [main] [info] 1190000 / 1272594 (93.51 %) Events processed ...
[2025-11-08 09:48:58.742] [main] [info] 1200000 / 1272594 (94.30 %) Events processed ...
[2025-11-08 09:48:59.055] [main] [info] 1210000 / 1272594 (95.08 %) Events processed ...
[2025-11-08 09:48:59.270] [main] [info] 1220000 / 1272594 (95.87 %) Events processed ...
[2025-11-08 09:48:59.474] [main] [info] 1230000 / 1272594 (96.65 %) Events processed ...
[2025-11-08 09:48:59.674] [main] [info] 1240000 / 1272594 (97.44 %) Events processed ...
[2025-11-08 09:49:01.010] [main] [info] 1250000 / 1272594 (98.22 %) Events processed ...
[2025-11-08 09:49:01.321] [main] [info] 1260000 / 1272594 (99.01 %) Events processed ...
[2025-11-08 09:49:01.520] [main] [info] 1270000 / 1272594 (99.80 %) Events processed ...
[2025-11-08 09:49:01.735] [main] [info] vbfhmm:
GoldenJSONFilter: pass=1195287    all=1272594    -- eff=93.93 % cumulative eff=93.93 %
Flag_goodVertices: pass=1193801    all=1195287    -- eff=99.88 % cumulative eff=93.81 %
Flag_globalSuperTightHalo2016Filter: pass=1193461    all=1193801    -- eff=99.97 % cumulative eff=93.78 %
Flag_EcalDeadCellTriggerPrimitiveFilter: pass=1193408    all=1193461    -- eff=100.00 % cumulative eff=93.78 %
Flag_BadPFMuonFilter: pass=1193128    all=1193408    -- eff=99.98 % cumulative eff=93.76 %
Flag_BadPFMuonDzFilter: pass=1193023    all=1193128    -- eff=99.99 % cumulative eff=93.75 %
Flag_eeBadScFilter: pass=1193023    all=1193023    -- eff=100.00 % cumulative eff=93.75 %
Flag_ecalBadCalibFilter: pass=1192983    all=1193023    -- eff=100.00 % cumulative eff=93.74 %
Flag_hfNoisyHitsFilter: pass=1191214    all=1192983    -- eff=99.85 % cumulative eff=93.61 %
Number of muons 2: pass=43687      all=1191214    -- eff=3.67 % cumulative eff=3.43 %
DiMuon From Higgs: pass=39319      all=43687      -- eff=90.00 % cumulative eff=3.09 %
LeptonChargeSum: pass=39310      all=39319      -- eff=99.98 % cumulative eff=3.09 %
[2025-11-08 09:49:02.058] [main] [info] Writing quantities map to /eos/user/j/jiahua/MC_2022_inc/Muon_UL22C-16Dec2023-v1/69e4a68a-d274-45de-80e3-471b975390d4_vbfhmm.root
[2025-11-08 09:49:02.442] [main] [info] Finished Evaluation
[2025-11-08 09:49:02.442] [main] [info] Overall runtime (real time: 65.25, CPU time: 37.60)
