000 (12769404.036.000) 11/08 09:45:18 Job submitted from host: <188.185.121.235:9618?addrs=188.185.121.235-9618+[2001-1458-d00-49--100-36e]-9618&alias=bigbird22.cern.ch&noUDP&sock=schedd_232129_c3ca>
...
040 (12769404.036.000) 11/08 09:47:46 Started transferring input files
	Transferring to host: <188.185.213.34:9618?addrs=188.185.213.34-9618+[2001-1458-303-1a--100-1e]-9618&alias=b9p27p1283.cern.ch&noUDP&sock=slot1_24_10053_ff72_52050>
...
040 (12769404.036.000) 11/08 09:47:46 Finished transferring input files
...
001 (12769404.036.000) 11/08 09:47:47 Job executing on host: <188.185.213.34:9618?addrs=188.185.213.34-9618+[2001-1458-303-1a--100-1e]-9618&alias=b9p27p1283.cern.ch&noUDP&sock=startd_9268_a7d5>
	SlotName: slot1_24@b9p27p1283.cern.ch
	CondorScratchDir = "/pool/condor/dir_1349099"
	Cpus = 1
	Disk = 12900
	GPUs = 0
	Memory = 3000
...
006 (12769404.036.000) 11/08 09:48:01 Image size of job updated: 118276
	116  -  MemoryUsage of job (MB)
	118276  -  ResidentSetSize of job (KB)
...
006 (12769404.036.000) 11/08 09:48:41 Image size of job updated: 253512
	116  -  MemoryUsage of job (MB)
	118276  -  ResidentSetSize of job (KB)
...
040 (12769404.036.000) 11/08 09:48:42 Started transferring output files
...
040 (12769404.036.000) 11/08 09:48:45 Finished transferring output files
...
005 (12769404.036.000) 11/08 09:48:49 Job terminated.
	(1) Normal termination (return value 0)
		Usr 0 00:00:29, Sys 0 00:00:02  -  Run Remote Usage
		Usr 0 00:00:00, Sys 0 00:00:00  -  Run Local Usage
		Usr 0 00:00:29, Sys 0 00:00:02  -  Total Remote Usage
		Usr 0 00:00:00, Sys 0 00:00:00  -  Total Local Usage
	18352  -  Run Bytes Sent By Job
	10104412  -  Run Bytes Received By Job
	18352  -  Total Bytes Sent By Job
	10104412  -  Total Bytes Received By Job
	Partitionable Resources :    Usage  Request Allocated 
	   Cpus                 :        0        1         1 
	   Disk (KB)            :     9909    10000     12900 
	   GPUs                 :                           0 
	   Memory (MB)          :      116     3000      3000 
	   TimeExecute (s)      :       54                    
	   TimeSlotBusy (s)     :       61                    

	Job terminated of its own accord at 2025-11-08T08:48:41Z with exit-code 0.
...
