Starting job on \n
Running on: Linux b9p24p9314.cern.ch 5.14.0-570.44.1.el9_6.x86_64 #1 SMP PREEMPT_DYNAMIC Tue Sep 9 05:17:30 EDT 2025 x86_64 x86_64 x86_64 GNU/Linux\n
System software: Red Hat Enterprise Linux release 9.6 (Plow)\n
Setting up CROWN for RedHatEnterprise Version 9.6
subject   : /DC=ch/DC=cern/OU=Organic Units/OU=Users/CN=jiahua/CN=851532/CN=Jiahua Chen/CN=1735721823
issuer    : /DC=ch/DC=cern/OU=Organic Units/OU=Users/CN=jiahua/CN=851532/CN=Jiahua Chen
identity  : /DC=ch/DC=cern/OU=Organic Units/OU=Users/CN=jiahua/CN=851532/CN=Jiahua Chen
type      : RFC compliant proxy
strength  : 2048 bits
path      : /afs/cern.ch/user/j/jiahua/proxy/x509up_u139833
timeleft  : 197:47:11
key usage : Digital Signature, Key Encipherment
=== VO cms extension information ===
VO        : cms
subject   : /DC=ch/DC=cern/OU=Organic Units/OU=Users/CN=jiahua/CN=851532/CN=Jiahua Chen
issuer    : /DC=ch/DC=cern/OU=computers/CN=cms-auth.cern.ch
attribute : /cms/Role=NULL/Capability=NULL
timeleft  : 189:47:11
uri       : voms-cms-auth.cern.ch:15000
subject   : /DC=ch/DC=cern/OU=Organic Units/OU=Users/CN=jiahua/CN=851532/CN=Jiahua Chen/CN=1735721823
issuer    : /DC=ch/DC=cern/OU=Organic Units/OU=Users/CN=jiahua/CN=851532/CN=Jiahua Chen
identity  : /DC=ch/DC=cern/OU=Organic Units/OU=Users/CN=jiahua/CN=851532/CN=Jiahua Chen
type      : RFC compliant proxy
strength  : 2048 bits
path      : /afs/cern.ch/user/j/jiahua/proxy/x509up_u139833
timeleft  : 197:47:11
key usage : Digital Signature, Key Encipherment
=== VO cms extension information ===
VO        : cms
subject   : /DC=ch/DC=cern/OU=Organic Units/OU=Users/CN=jiahua/CN=851532/CN=Jiahua Chen
issuer    : /DC=ch/DC=cern/OU=computers/CN=cms-auth.cern.ch
attribute : /cms/Role=NULL/Capability=NULL
timeleft  : 189:47:11
uri       : voms-cms-auth.cern.ch:15000
/eos/user/j/jiahua/MC_2022_inc/TTto2L2Nu_powheg_22_ext1-v2/c13bde19-9818-4cc8-83a9-54713711c7ac.root
[2025-11-08 09:51:48.446] [main] [info] Checking input files
[2025-11-08 09:51:55.731] [main] [info] NanoAOD input_file 1: root://cms-xrd-global.cern.ch//store/mc/Run3Summer22NanoAODv12/TTto2L2Nu_TuneCP5_13p6TeV_powheg-pythia8/NANOAODSIM/130X_mcRun3_2022_realistic_v5_ext1-v2/30000/c13bde19-9818-4cc8-83a9-54713711c7ac.root - 40128 Events
[2025-11-08 09:51:55.813] [main] [info] input_file 1: root://cms-xrd-global.cern.ch//store/mc/Run3Summer22NanoAODv12/TTto2L2Nu_TuneCP5_13p6TeV_powheg-pythia8/NANOAODSIM/130X_mcRun3_2022_realistic_v5_ext1-v2/30000/c13bde19-9818-4cc8-83a9-54713711c7ac.root - SumOfGenWeight: 3229232.8824 
[2025-11-08 09:51:55.813] [main] [info] Output directory: /eos/user/j/jiahua/MC_2022_inc/TTto2L2Nu_powheg_22_ext1-v2/c13bde19-9818-4cc8-83a9-54713711c7ac.root
[2025-11-08 09:51:55.829] [main] [info] Starting Setup of Dataframe with 40128 events
[2025-11-08 09:52:38.534] [main] [info] Finished Setup
[2025-11-08 09:52:38.534] [main] [info] Runtime for setup (real time: 42.72, CPU time: 40.51)
[2025-11-08 09:52:38.534] [main] [info] Starting Evaluation
[2025-11-08 09:53:19.688] [main] [info] 10000 / 40128 (24.92 %) Events processed ...
[2025-11-08 09:53:20.564] [main] [info] 20000 / 40128 (49.84 %) Events processed ...
[2025-11-08 09:53:39.438] [main] [info] 30000 / 40128 (74.76 %) Events processed ...
[2025-11-08 09:53:40.479] [main] [info] 40000 / 40128 (99.68 %) Events processed ...
[2025-11-08 09:53:40.775] [main] [info] vbfhmm:
Flag_goodVertices: pass=40128      all=40128      -- eff=100.00 % cumulative eff=100.00 %
Flag_globalSuperTightHalo2016Filter: pass=40125      all=40128      -- eff=99.99 % cumulative eff=99.99 %
Flag_EcalDeadCellTriggerPrimitiveFilter: pass=40113      all=40125      -- eff=99.97 % cumulative eff=99.96 %
Flag_BadPFMuonFilter: pass=40109      all=40113      -- eff=99.99 % cumulative eff=99.95 %
Flag_BadPFMuonDzFilter: pass=40109      all=40109      -- eff=100.00 % cumulative eff=99.95 %
Flag_eeBadScFilter: pass=40109      all=40109      -- eff=100.00 % cumulative eff=99.95 %
Flag_ecalBadCalibFilter: pass=40103      all=40109      -- eff=99.99 % cumulative eff=99.94 %
Flag_hfNoisyHitsFilter: pass=40101      all=40103      -- eff=100.00 % cumulative eff=99.93 %
Number of muons 2: pass=2733       all=40101      -- eff=6.82 % cumulative eff=6.81 %
DiMuon From Higgs: pass=1270       all=2733       -- eff=46.47 % cumulative eff=3.16 %
LeptonChargeSum: pass=1258       all=1270       -- eff=99.06 % cumulative eff=3.13 %
[2025-11-08 09:53:40.961] [main] [info] Writing quantities map to /eos/user/j/jiahua/MC_2022_inc/TTto2L2Nu_powheg_22_ext1-v2/c13bde19-9818-4cc8-83a9-54713711c7ac_vbfhmm.root
[2025-11-08 09:53:41.056] [main] [info] Finished Evaluation
[2025-11-08 09:53:41.056] [main] [info] Overall runtime (real time: 105.24, CPU time: 54.34)
