000 (12769409.087.000) 11/08 09:45:22 Job submitted from host: <188.185.121.235:9618?addrs=188.185.121.235-9618+[2001-1458-d00-49--100-36e]-9618&alias=bigbird22.cern.ch&noUDP&sock=schedd_232129_c3ca>
...
040 (12769409.087.000) 11/08 09:50:48 Started transferring input files
	Transferring to host: <188.185.213.210:9618?addrs=188.185.213.210-9618+[2001-1458-303-1b--100-4e]-9618&alias=b9p28p7617.cern.ch&noUDP&sock=slot1_28_6307_9a1a_51403>
...
040 (12769409.087.000) 11/08 09:50:48 Finished transferring input files
...
001 (12769409.087.000) 11/08 09:50:49 Job executing on host: <188.185.213.210:9618?addrs=188.185.213.210-9618+[2001-1458-303-1b--100-4e]-9618&alias=b9p28p7617.cern.ch&noUDP&sock=startd_5525_44d8>
	SlotName: slot1_28@b9p28p7617.cern.ch
	CondorScratchDir = "/pool/condor/dir_3495338"
	Cpus = 1
	Disk = 16055
	GPUs = 0
	Memory = 3000
...
006 (12769409.087.000) 11/08 09:51:03 Image size of job updated: 138232
	135  -  MemoryUsage of job (MB)
	138232  -  ResidentSetSize of job (KB)
...
006 (12769409.087.000) 11/08 09:52:46 Image size of job updated: 424180
	136  -  MemoryUsage of job (MB)
	138244  -  ResidentSetSize of job (KB)
...
040 (12769409.087.000) 11/08 09:52:46 Started transferring output files
...
040 (12769409.087.000) 11/08 09:52:46 Finished transferring output files
...
005 (12769409.087.000) 11/08 09:52:46 Job terminated.
	(1) Normal termination (return value 0)
		Usr 0 00:01:00, Sys 0 00:00:03  -  Run Remote Usage
		Usr 0 00:00:00, Sys 0 00:00:00  -  Run Local Usage
		Usr 0 00:01:00, Sys 0 00:00:03  -  Total Remote Usage
		Usr 0 00:00:00, Sys 0 00:00:00  -  Total Local Usage
	10319  -  Run Bytes Sent By Job
	11220236  -  Run Bytes Received By Job
	10319  -  Total Bytes Sent By Job
	11220236  -  Total Bytes Received By Job
	Partitionable Resources :    Usage  Request Allocated 
	   Cpus                 :        0        1         1 
	   Disk (KB)            :    10991    12500     16055 
	   GPUs                 :                           0 
	   Memory (MB)          :      136     3000      3000 
	   TimeExecute (s)      :      117                    
	   TimeSlotBusy (s)     :      119                    

	Job terminated of its own accord at 2025-11-08T08:52:46Z with exit-code 0.
...
