Starting job on \n
Running on: Linux b9p12p3280.cern.ch 5.14.0-570.42.2.el9_6.x86_64 #1 SMP PREEMPT_DYNAMIC Mon Sep 8 12:15:13 EDT 2025 x86_64 x86_64 x86_64 GNU/Linux\n
System software: Red Hat Enterprise Linux release 9.6 (Plow)\n
Setting up CROWN for RedHatEnterprise Version 9.6
subject   : /DC=ch/DC=cern/OU=Organic Units/OU=Users/CN=jiahua/CN=851532/CN=Jiahua Chen/CN=1735721823
issuer    : /DC=ch/DC=cern/OU=Organic Units/OU=Users/CN=jiahua/CN=851532/CN=Jiahua Chen
identity  : /DC=ch/DC=cern/OU=Organic Units/OU=Users/CN=jiahua/CN=851532/CN=Jiahua Chen
type      : RFC compliant proxy
strength  : 2048 bits
path      : /afs/cern.ch/user/j/jiahua/proxy/x509up_u139833
timeleft  : 197:47:18
key usage : Digital Signature, Key Encipherment
=== VO cms extension information ===
VO        : cms
subject   : /DC=ch/DC=cern/OU=Organic Units/OU=Users/CN=jiahua/CN=851532/CN=Jiahua Chen
issuer    : /DC=ch/DC=cern/OU=computers/CN=cms-auth.cern.ch
attribute : /cms/Role=NULL/Capability=NULL
timeleft  : 189:47:18
uri       : voms-cms-auth.cern.ch:15000
subject   : /DC=ch/DC=cern/OU=Organic Units/OU=Users/CN=jiahua/CN=851532/CN=Jiahua Chen/CN=1735721823
issuer    : /DC=ch/DC=cern/OU=Organic Units/OU=Users/CN=jiahua/CN=851532/CN=Jiahua Chen
identity  : /DC=ch/DC=cern/OU=Organic Units/OU=Users/CN=jiahua/CN=851532/CN=Jiahua Chen
type      : RFC compliant proxy
strength  : 2048 bits
path      : /afs/cern.ch/user/j/jiahua/proxy/x509up_u139833
timeleft  : 197:47:18
key usage : Digital Signature, Key Encipherment
=== VO cms extension information ===
VO        : cms
subject   : /DC=ch/DC=cern/OU=Organic Units/OU=Users/CN=jiahua/CN=851532/CN=Jiahua Chen
issuer    : /DC=ch/DC=cern/OU=computers/CN=cms-auth.cern.ch
attribute : /cms/Role=NULL/Capability=NULL
timeleft  : 189:47:18
uri       : voms-cms-auth.cern.ch:15000
/eos/user/j/jiahua/MC_2022_inc/TTto2L2Nu_powheg_22_ext1-v2/bb89ec73-3096-454e-b409-d5413c14d935.root
[2025-11-08 09:51:40.978] [main] [info] Checking input files
[2025-11-08 09:51:45.688] [main] [info] NanoAOD input_file 1: root://cms-xrd-global.cern.ch//store/mc/Run3Summer22NanoAODv12/TTto2L2Nu_TuneCP5_13p6TeV_powheg-pythia8/NANOAODSIM/130X_mcRun3_2022_realistic_v5_ext1-v2/2520000/bb89ec73-3096-454e-b409-d5413c14d935.root - 37312 Events
[2025-11-08 09:51:45.705] [main] [info] input_file 1: root://cms-xrd-global.cern.ch//store/mc/Run3Summer22NanoAODv12/TTto2L2Nu_TuneCP5_13p6TeV_powheg-pythia8/NANOAODSIM/130X_mcRun3_2022_realistic_v5_ext1-v2/2520000/bb89ec73-3096-454e-b409-d5413c14d935.root - SumOfGenWeight: 3001979.7546 
[2025-11-08 09:51:45.705] [main] [info] Output directory: /eos/user/j/jiahua/MC_2022_inc/TTto2L2Nu_powheg_22_ext1-v2/bb89ec73-3096-454e-b409-d5413c14d935.root
[2025-11-08 09:51:45.708] [main] [info] Starting Setup of Dataframe with 37312 events
[2025-11-08 09:52:19.077] [main] [info] Finished Setup
[2025-11-08 09:52:19.077] [main] [info] Runtime for setup (real time: 33.37, CPU time: 32.17)
[2025-11-08 09:52:19.077] [main] [info] Starting Evaluation
[2025-11-08 09:52:42.047] [main] [info] 10000 / 37312 (26.80 %) Events processed ...
[2025-11-08 09:52:42.999] [main] [info] 20000 / 37312 (53.60 %) Events processed ...
[2025-11-08 09:52:49.575] [main] [info] 30000 / 37312 (80.40 %) Events processed ...
[2025-11-08 09:52:50.353] [main] [info] vbfhmm:
Flag_goodVertices: pass=37312      all=37312      -- eff=100.00 % cumulative eff=100.00 %
Flag_globalSuperTightHalo2016Filter: pass=37310      all=37312      -- eff=99.99 % cumulative eff=99.99 %
Flag_EcalDeadCellTriggerPrimitiveFilter: pass=37302      all=37310      -- eff=99.98 % cumulative eff=99.97 %
Flag_BadPFMuonFilter: pass=37300      all=37302      -- eff=99.99 % cumulative eff=99.97 %
Flag_BadPFMuonDzFilter: pass=37299      all=37300      -- eff=100.00 % cumulative eff=99.97 %
Flag_eeBadScFilter: pass=37299      all=37299      -- eff=100.00 % cumulative eff=99.97 %
Flag_ecalBadCalibFilter: pass=37298      all=37299      -- eff=100.00 % cumulative eff=99.96 %
Flag_hfNoisyHitsFilter: pass=37296      all=37298      -- eff=99.99 % cumulative eff=99.96 %
Number of muons 2: pass=2531       all=37296      -- eff=6.79 % cumulative eff=6.78 %
DiMuon From Higgs: pass=1131       all=2531       -- eff=44.69 % cumulative eff=3.03 %
LeptonChargeSum: pass=1125       all=1131       -- eff=99.47 % cumulative eff=3.02 %
[2025-11-08 09:52:50.459] [main] [info] Writing quantities map to /eos/user/j/jiahua/MC_2022_inc/TTto2L2Nu_powheg_22_ext1-v2/bb89ec73-3096-454e-b409-d5413c14d935_vbfhmm.root
[2025-11-08 09:52:50.513] [main] [info] Finished Evaluation
[2025-11-08 09:52:50.513] [main] [info] Overall runtime (real time: 64.81, CPU time: 45.17)
