Starting job on \n
Running on: Linux b9g41p4342.cern.ch 5.14.0-570.44.1.el9_6.x86_64 #1 SMP PREEMPT_DYNAMIC Tue Sep 9 05:17:30 EDT 2025 x86_64 x86_64 x86_64 GNU/Linux\n
System software: Red Hat Enterprise Linux release 9.6 (Plow)\n
Setting up CROWN for RedHatEnterprise Version 9.6
subject   : /DC=ch/DC=cern/OU=Organic Units/OU=Users/CN=jiahua/CN=851532/CN=Jiahua Chen/CN=1735721823
issuer    : /DC=ch/DC=cern/OU=Organic Units/OU=Users/CN=jiahua/CN=851532/CN=Jiahua Chen
identity  : /DC=ch/DC=cern/OU=Organic Units/OU=Users/CN=jiahua/CN=851532/CN=Jiahua Chen
type      : RFC compliant proxy
strength  : 2048 bits
path      : /afs/cern.ch/user/j/jiahua/proxy/x509up_u139833
timeleft  : 197:48:25
key usage : Digital Signature, Key Encipherment
=== VO cms extension information ===
VO        : cms
subject   : /DC=ch/DC=cern/OU=Organic Units/OU=Users/CN=jiahua/CN=851532/CN=Jiahua Chen
issuer    : /DC=ch/DC=cern/OU=computers/CN=cms-auth.cern.ch
attribute : /cms/Role=NULL/Capability=NULL
timeleft  : 189:48:25
uri       : voms-cms-auth.cern.ch:15000
subject   : /DC=ch/DC=cern/OU=Organic Units/OU=Users/CN=jiahua/CN=851532/CN=Jiahua Chen/CN=1735721823
issuer    : /DC=ch/DC=cern/OU=Organic Units/OU=Users/CN=jiahua/CN=851532/CN=Jiahua Chen
identity  : /DC=ch/DC=cern/OU=Organic Units/OU=Users/CN=jiahua/CN=851532/CN=Jiahua Chen
type      : RFC compliant proxy
strength  : 2048 bits
path      : /afs/cern.ch/user/j/jiahua/proxy/x509up_u139833
timeleft  : 197:48:25
key usage : Digital Signature, Key Encipherment
=== VO cms extension information ===
VO        : cms
subject   : /DC=ch/DC=cern/OU=Organic Units/OU=Users/CN=jiahua/CN=851532/CN=Jiahua Chen
issuer    : /DC=ch/DC=cern/OU=computers/CN=cms-auth.cern.ch
attribute : /cms/Role=NULL/Capability=NULL
timeleft  : 189:48:25
uri       : voms-cms-auth.cern.ch:15000
/eos/user/j/jiahua/MC_2022_inc/TTto2L2Nu_powheg_22_ext1-v2/bda4ee8f-2dc2-4652-b42a-e1d828ac01ea.root
[2025-11-08 09:50:34.612] [main] [info] Checking input files
[2025-11-08 09:50:38.637] [main] [info] NanoAOD input_file 1: root://cms-xrd-global.cern.ch//store/mc/Run3Summer22NanoAODv12/TTto2L2Nu_TuneCP5_13p6TeV_powheg-pythia8/NANOAODSIM/130X_mcRun3_2022_realistic_v5_ext1-v2/30000/bda4ee8f-2dc2-4652-b42a-e1d828ac01ea.root - 704 Events
[2025-11-08 09:50:38.662] [main] [info] input_file 1: root://cms-xrd-global.cern.ch//store/mc/Run3Summer22NanoAODv12/TTto2L2Nu_TuneCP5_13p6TeV_powheg-pythia8/NANOAODSIM/130X_mcRun3_2022_realistic_v5_ext1-v2/30000/bda4ee8f-2dc2-4652-b42a-e1d828ac01ea.root - SumOfGenWeight: 56772.73000000001 
[2025-11-08 09:50:38.662] [main] [info] Output directory: /eos/user/j/jiahua/MC_2022_inc/TTto2L2Nu_powheg_22_ext1-v2/bda4ee8f-2dc2-4652-b42a-e1d828ac01ea.root
[2025-11-08 09:50:38.665] [main] [info] Starting Setup of Dataframe with 704 events
[2025-11-08 09:51:09.128] [main] [info] Finished Setup
[2025-11-08 09:51:09.128] [main] [info] Runtime for setup (real time: 30.47, CPU time: 28.01)
[2025-11-08 09:51:09.128] [main] [info] Starting Evaluation
[2025-11-08 09:51:18.455] [main] [info] vbfhmm:
Flag_goodVertices: pass=704        all=704        -- eff=100.00 % cumulative eff=100.00 %
Flag_globalSuperTightHalo2016Filter: pass=704        all=704        -- eff=100.00 % cumulative eff=100.00 %
Flag_EcalDeadCellTriggerPrimitiveFilter: pass=704        all=704        -- eff=100.00 % cumulative eff=100.00 %
Flag_BadPFMuonFilter: pass=704        all=704        -- eff=100.00 % cumulative eff=100.00 %
Flag_BadPFMuonDzFilter: pass=704        all=704        -- eff=100.00 % cumulative eff=100.00 %
Flag_eeBadScFilter: pass=704        all=704        -- eff=100.00 % cumulative eff=100.00 %
Flag_ecalBadCalibFilter: pass=704        all=704        -- eff=100.00 % cumulative eff=100.00 %
Flag_hfNoisyHitsFilter: pass=704        all=704        -- eff=100.00 % cumulative eff=100.00 %
Number of muons 2: pass=48         all=704        -- eff=6.82 % cumulative eff=6.82 %
DiMuon From Higgs: pass=23         all=48         -- eff=47.92 % cumulative eff=3.27 %
LeptonChargeSum: pass=23         all=23         -- eff=100.00 % cumulative eff=3.27 %
[2025-11-08 09:51:18.654] [main] [info] Writing quantities map to /eos/user/j/jiahua/MC_2022_inc/TTto2L2Nu_powheg_22_ext1-v2/bda4ee8f-2dc2-4652-b42a-e1d828ac01ea_vbfhmm.root
[2025-11-08 09:51:18.830] [main] [info] Finished Evaluation
[2025-11-08 09:51:18.830] [main] [info] Overall runtime (real time: 40.17, CPU time: 34.59)
