Starting job on \n
Running on: Linux b9g32p1648.cern.ch 5.14.0-570.42.2.el9_6.x86_64 #1 SMP PREEMPT_DYNAMIC Mon Sep 8 12:15:13 EDT 2025 x86_64 x86_64 x86_64 GNU/Linux\n
System software: Red Hat Enterprise Linux release 9.6 (Plow)\n
Setting up CROWN for RedHatEnterprise Version 9.6
subject   : /DC=ch/DC=cern/OU=Organic Units/OU=Users/CN=jiahua/CN=851532/CN=Jiahua Chen/CN=1735721823
issuer    : /DC=ch/DC=cern/OU=Organic Units/OU=Users/CN=jiahua/CN=851532/CN=Jiahua Chen
identity  : /DC=ch/DC=cern/OU=Organic Units/OU=Users/CN=jiahua/CN=851532/CN=Jiahua Chen
type      : RFC compliant proxy
strength  : 2048 bits
path      : /afs/cern.ch/user/j/jiahua/proxy/x509up_u139833
timeleft  : 197:48:05
key usage : Digital Signature, Key Encipherment
=== VO cms extension information ===
VO        : cms
subject   : /DC=ch/DC=cern/OU=Organic Units/OU=Users/CN=jiahua/CN=851532/CN=Jiahua Chen
issuer    : /DC=ch/DC=cern/OU=computers/CN=cms-auth.cern.ch
attribute : /cms/Role=NULL/Capability=NULL
timeleft  : 189:48:05
uri       : voms-cms-auth.cern.ch:15000
subject   : /DC=ch/DC=cern/OU=Organic Units/OU=Users/CN=jiahua/CN=851532/CN=Jiahua Chen/CN=1735721823
issuer    : /DC=ch/DC=cern/OU=Organic Units/OU=Users/CN=jiahua/CN=851532/CN=Jiahua Chen
identity  : /DC=ch/DC=cern/OU=Organic Units/OU=Users/CN=jiahua/CN=851532/CN=Jiahua Chen
type      : RFC compliant proxy
strength  : 2048 bits
path      : /afs/cern.ch/user/j/jiahua/proxy/x509up_u139833
timeleft  : 197:48:05
key usage : Digital Signature, Key Encipherment
=== VO cms extension information ===
VO        : cms
subject   : /DC=ch/DC=cern/OU=Organic Units/OU=Users/CN=jiahua/CN=851532/CN=Jiahua Chen
issuer    : /DC=ch/DC=cern/OU=computers/CN=cms-auth.cern.ch
attribute : /cms/Role=NULL/Capability=NULL
timeleft  : 189:48:05
uri       : voms-cms-auth.cern.ch:15000
/eos/user/j/jiahua/MC_2022_inc/TTto2L2Nu_powheg_22_ext1-v2/2a9e1c8a-0b9b-43ec-83d3-a05a4a90a169.root
[2025-11-08 09:50:53.296] [main] [info] Checking input files
[2025-11-08 09:50:57.318] [main] [info] NanoAOD input_file 1: root://cms-xrd-global.cern.ch//store/mc/Run3Summer22NanoAODv12/TTto2L2Nu_TuneCP5_13p6TeV_powheg-pythia8/NANOAODSIM/130X_mcRun3_2022_realistic_v5_ext1-v2/2540000/2a9e1c8a-0b9b-43ec-83d3-a05a4a90a169.root - 117568 Events
[2025-11-08 09:50:57.318] [main] [info] input_file 1: root://cms-xrd-global.cern.ch//store/mc/Run3Summer22NanoAODv12/TTto2L2Nu_TuneCP5_13p6TeV_powheg-pythia8/NANOAODSIM/130X_mcRun3_2022_realistic_v5_ext1-v2/2540000/2a9e1c8a-0b9b-43ec-83d3-a05a4a90a169.root - SumOfGenWeight: 9454443.830799993 
[2025-11-08 09:50:57.318] [main] [info] Output directory: /eos/user/j/jiahua/MC_2022_inc/TTto2L2Nu_powheg_22_ext1-v2/2a9e1c8a-0b9b-43ec-83d3-a05a4a90a169.root
[2025-11-08 09:50:57.319] [main] [info] Starting Setup of Dataframe with 117568 events
[2025-11-08 09:51:25.562] [main] [info] Finished Setup
[2025-11-08 09:51:25.562] [main] [info] Runtime for setup (real time: 28.24, CPU time: 27.81)
[2025-11-08 09:51:25.562] [main] [info] Starting Evaluation
[2025-11-08 09:51:36.811] [main] [info] 10000 / 117568 (8.51 %) Events processed ...
[2025-11-08 09:51:37.825] [main] [info] 20000 / 117568 (17.01 %) Events processed ...
[2025-11-08 09:51:40.290] [main] [info] 30000 / 117568 (25.52 %) Events processed ...
[2025-11-08 09:51:41.110] [main] [info] 40000 / 117568 (34.02 %) Events processed ...
[2025-11-08 09:51:45.401] [main] [info] 50000 / 117568 (42.53 %) Events processed ...
[2025-11-08 09:51:46.299] [main] [info] 60000 / 117568 (51.03 %) Events processed ...
[2025-11-08 09:51:53.669] [main] [info] 70000 / 117568 (59.54 %) Events processed ...
[2025-11-08 09:51:54.794] [main] [info] 80000 / 117568 (68.05 %) Events processed ...
[2025-11-08 09:51:59.195] [main] [info] 90000 / 117568 (76.55 %) Events processed ...
[2025-11-08 09:52:00.010] [main] [info] 100000 / 117568 (85.06 %) Events processed ...
[2025-11-08 09:52:00.996] [main] [info] 110000 / 117568 (93.56 %) Events processed ...
[2025-11-08 09:52:05.601] [main] [info] vbfhmm:
Flag_goodVertices: pass=117568     all=117568     -- eff=100.00 % cumulative eff=100.00 %
Flag_globalSuperTightHalo2016Filter: pass=117554     all=117568     -- eff=99.99 % cumulative eff=99.99 %
Flag_EcalDeadCellTriggerPrimitiveFilter: pass=117537     all=117554     -- eff=99.99 % cumulative eff=99.97 %
Flag_BadPFMuonFilter: pass=117530     all=117537     -- eff=99.99 % cumulative eff=99.97 %
Flag_BadPFMuonDzFilter: pass=117528     all=117530     -- eff=100.00 % cumulative eff=99.97 %
Flag_eeBadScFilter: pass=117528     all=117528     -- eff=100.00 % cumulative eff=99.97 %
Flag_ecalBadCalibFilter: pass=117507     all=117528     -- eff=99.98 % cumulative eff=99.95 %
Flag_hfNoisyHitsFilter: pass=117501     all=117507     -- eff=99.99 % cumulative eff=99.94 %
Number of muons 2: pass=7958       all=117501     -- eff=6.77 % cumulative eff=6.77 %
DiMuon From Higgs: pass=3658       all=7958       -- eff=45.97 % cumulative eff=3.11 %
LeptonChargeSum: pass=3628       all=3658       -- eff=99.18 % cumulative eff=3.09 %
[2025-11-08 09:52:05.792] [main] [info] Writing quantities map to /eos/user/j/jiahua/MC_2022_inc/TTto2L2Nu_powheg_22_ext1-v2/2a9e1c8a-0b9b-43ec-83d3-a05a4a90a169_vbfhmm.root
[2025-11-08 09:52:05.880] [main] [info] Finished Evaluation
[2025-11-08 09:52:05.880] [main] [info] Overall runtime (real time: 68.56, CPU time: 46.37)
