000 (12769409.296.000) 11/08 09:45:22 Job submitted from host: <188.185.121.235:9618?addrs=188.185.121.235-9618+[2001-1458-d00-49--100-36e]-9618&alias=bigbird22.cern.ch&noUDP&sock=schedd_232129_c3ca>
...
040 (12769409.296.000) 11/08 09:51:58 Started transferring input files
	Transferring to host: <188.185.212.85:9618?addrs=188.185.212.85-9618+[2001-1458-303-18--100-51]-9618&alias=b9p25p7345.cern.ch&noUDP&sock=slot1_24_6312_1ffa_48630>
...
040 (12769409.296.000) 11/08 09:51:58 Finished transferring input files
...
001 (12769409.296.000) 11/08 09:51:59 Job executing on host: <188.185.212.85:9618?addrs=188.185.212.85-9618+[2001-1458-303-18--100-51]-9618&alias=b9p25p7345.cern.ch&noUDP&sock=startd_5547_5bed>
	SlotName: slot1_24@b9p25p7345.cern.ch
	CondorScratchDir = "/pool/condor/dir_3368025"
	Cpus = 1
	Disk = 16087
	GPUs = 0
	Memory = 3000
...
006 (12769409.296.000) 11/08 09:52:13 Image size of job updated: 95464
	94  -  MemoryUsage of job (MB)
	95464  -  ResidentSetSize of job (KB)
...
006 (12769409.296.000) 11/08 09:53:42 Image size of job updated: 420992
	94  -  MemoryUsage of job (MB)
	95464  -  ResidentSetSize of job (KB)
...
040 (12769409.296.000) 11/08 09:53:42 Started transferring output files
...
040 (12769409.296.000) 11/08 09:53:42 Finished transferring output files
...
005 (12769409.296.000) 11/08 09:53:42 Job terminated.
	(1) Normal termination (return value 0)
		Usr 0 00:01:00, Sys 0 00:00:03  -  Run Remote Usage
		Usr 0 00:00:00, Sys 0 00:00:00  -  Run Local Usage
		Usr 0 00:01:00, Sys 0 00:00:03  -  Total Remote Usage
		Usr 0 00:00:00, Sys 0 00:00:00  -  Total Local Usage
	9634  -  Run Bytes Sent By Job
	11220236  -  Run Bytes Received By Job
	9634  -  Total Bytes Sent By Job
	11220236  -  Total Bytes Received By Job
	Partitionable Resources :    Usage  Request Allocated 
	   Cpus                 :        0        1         1 
	   Disk (KB)            :    10990    12500     16087 
	   GPUs                 :                           0 
	   Memory (MB)          :       94     3000      3000 
	   TimeExecute (s)      :      103                    
	   TimeSlotBusy (s)     :      104                    

	Job terminated of its own accord at 2025-11-08T08:53:42Z with exit-code 0.
...
