Starting job on \n
Running on: Linux b9p17p3007.cern.ch 5.14.0-570.44.1.el9_6.x86_64 #1 SMP PREEMPT_DYNAMIC Tue Sep 9 05:17:30 EDT 2025 x86_64 x86_64 x86_64 GNU/Linux\n
System software: Red Hat Enterprise Linux release 9.6 (Plow)\n
Setting up CROWN for RedHatEnterprise Version 9.6
subject   : /DC=ch/DC=cern/OU=Organic Units/OU=Users/CN=jiahua/CN=851532/CN=Jiahua Chen/CN=1735721823
issuer    : /DC=ch/DC=cern/OU=Organic Units/OU=Users/CN=jiahua/CN=851532/CN=Jiahua Chen
identity  : /DC=ch/DC=cern/OU=Organic Units/OU=Users/CN=jiahua/CN=851532/CN=Jiahua Chen
type      : RFC compliant proxy
strength  : 2048 bits
path      : /afs/cern.ch/user/j/jiahua/proxy/x509up_u139833
timeleft  : 197:46:47
key usage : Digital Signature, Key Encipherment
=== VO cms extension information ===
VO        : cms
subject   : /DC=ch/DC=cern/OU=Organic Units/OU=Users/CN=jiahua/CN=851532/CN=Jiahua Chen
issuer    : /DC=ch/DC=cern/OU=computers/CN=cms-auth.cern.ch
attribute : /cms/Role=NULL/Capability=NULL
timeleft  : 189:46:47
uri       : voms-cms-auth.cern.ch:15000
subject   : /DC=ch/DC=cern/OU=Organic Units/OU=Users/CN=jiahua/CN=851532/CN=Jiahua Chen/CN=1735721823
issuer    : /DC=ch/DC=cern/OU=Organic Units/OU=Users/CN=jiahua/CN=851532/CN=Jiahua Chen
identity  : /DC=ch/DC=cern/OU=Organic Units/OU=Users/CN=jiahua/CN=851532/CN=Jiahua Chen
type      : RFC compliant proxy
strength  : 2048 bits
path      : /afs/cern.ch/user/j/jiahua/proxy/x509up_u139833
timeleft  : 197:46:47
key usage : Digital Signature, Key Encipherment
=== VO cms extension information ===
VO        : cms
subject   : /DC=ch/DC=cern/OU=Organic Units/OU=Users/CN=jiahua/CN=851532/CN=Jiahua Chen
issuer    : /DC=ch/DC=cern/OU=computers/CN=cms-auth.cern.ch
attribute : /cms/Role=NULL/Capability=NULL
timeleft  : 189:46:47
uri       : voms-cms-auth.cern.ch:15000
/eos/user/j/jiahua/MC_2022_inc/TTto2L2Nu_powheg_22_ext1-v2/bcab79c3-608b-43b3-b80f-d593ae4acf8c.root
[2025-11-08 09:52:11.539] [main] [info] Checking input files
[2025-11-08 09:52:18.083] [main] [info] NanoAOD input_file 1: root://cms-xrd-global.cern.ch//store/mc/Run3Summer22NanoAODv12/TTto2L2Nu_TuneCP5_13p6TeV_powheg-pythia8/NANOAODSIM/130X_mcRun3_2022_realistic_v5_ext1-v2/2530000/bcab79c3-608b-43b3-b80f-d593ae4acf8c.root - 32384 Events
[2025-11-08 09:52:18.083] [main] [info] input_file 1: root://cms-xrd-global.cern.ch//store/mc/Run3Summer22NanoAODv12/TTto2L2Nu_TuneCP5_13p6TeV_powheg-pythia8/NANOAODSIM/130X_mcRun3_2022_realistic_v5_ext1-v2/2530000/bcab79c3-608b-43b3-b80f-d593ae4acf8c.root - SumOfGenWeight: 2606030.5148 
[2025-11-08 09:52:18.084] [main] [info] Output directory: /eos/user/j/jiahua/MC_2022_inc/TTto2L2Nu_powheg_22_ext1-v2/bcab79c3-608b-43b3-b80f-d593ae4acf8c.root
[2025-11-08 09:52:18.084] [main] [info] Starting Setup of Dataframe with 32384 events
[2025-11-08 09:52:55.734] [main] [info] Finished Setup
[2025-11-08 09:52:55.734] [main] [info] Runtime for setup (real time: 37.65, CPU time: 36.47)
[2025-11-08 09:52:55.734] [main] [info] Starting Evaluation
[2025-11-08 09:53:32.026] [main] [info] 10000 / 32384 (30.88 %) Events processed ...
[2025-11-08 09:53:33.471] [main] [info] 20000 / 32384 (61.76 %) Events processed ...
[2025-11-08 09:53:37.810] [main] [info] 30000 / 32384 (92.64 %) Events processed ...
[2025-11-08 09:53:38.203] [main] [info] vbfhmm:
Flag_goodVertices: pass=32384      all=32384      -- eff=100.00 % cumulative eff=100.00 %
Flag_globalSuperTightHalo2016Filter: pass=32379      all=32384      -- eff=99.98 % cumulative eff=99.98 %
Flag_EcalDeadCellTriggerPrimitiveFilter: pass=32371      all=32379      -- eff=99.98 % cumulative eff=99.96 %
Flag_BadPFMuonFilter: pass=32368      all=32371      -- eff=99.99 % cumulative eff=99.95 %
Flag_BadPFMuonDzFilter: pass=32368      all=32368      -- eff=100.00 % cumulative eff=99.95 %
Flag_eeBadScFilter: pass=32368      all=32368      -- eff=100.00 % cumulative eff=99.95 %
Flag_ecalBadCalibFilter: pass=32364      all=32368      -- eff=99.99 % cumulative eff=99.94 %
Flag_hfNoisyHitsFilter: pass=32363      all=32364      -- eff=100.00 % cumulative eff=99.94 %
Number of muons 2: pass=2242       all=32363      -- eff=6.93 % cumulative eff=6.92 %
DiMuon From Higgs: pass=1049       all=2242       -- eff=46.79 % cumulative eff=3.24 %
LeptonChargeSum: pass=1044       all=1049       -- eff=99.52 % cumulative eff=3.22 %
[2025-11-08 09:53:38.323] [main] [info] Writing quantities map to /eos/user/j/jiahua/MC_2022_inc/TTto2L2Nu_powheg_22_ext1-v2/bcab79c3-608b-43b3-b80f-d593ae4acf8c_vbfhmm.root
[2025-11-08 09:53:38.394] [main] [info] Finished Evaluation
[2025-11-08 09:53:38.394] [main] [info] Overall runtime (real time: 80.31, CPU time: 49.16)
