Starting job on \n
Running on: Linux b9p19p9524.cern.ch 5.14.0-570.44.1.el9_6.x86_64 #1 SMP PREEMPT_DYNAMIC Tue Sep 9 05:17:30 EDT 2025 x86_64 x86_64 x86_64 GNU/Linux\n
System software: Red Hat Enterprise Linux release 9.6 (Plow)\n
Setting up CROWN for RedHatEnterprise Version 9.6
subject   : /DC=ch/DC=cern/OU=Organic Units/OU=Users/CN=jiahua/CN=851532/CN=Jiahua Chen/CN=1735721823
issuer    : /DC=ch/DC=cern/OU=Organic Units/OU=Users/CN=jiahua/CN=851532/CN=Jiahua Chen
identity  : /DC=ch/DC=cern/OU=Organic Units/OU=Users/CN=jiahua/CN=851532/CN=Jiahua Chen
type      : RFC compliant proxy
strength  : 2048 bits
path      : /afs/cern.ch/user/j/jiahua/proxy/x509up_u139833
timeleft  : 197:47:23
key usage : Digital Signature, Key Encipherment
=== VO cms extension information ===
VO        : cms
subject   : /DC=ch/DC=cern/OU=Organic Units/OU=Users/CN=jiahua/CN=851532/CN=Jiahua Chen
issuer    : /DC=ch/DC=cern/OU=computers/CN=cms-auth.cern.ch
attribute : /cms/Role=NULL/Capability=NULL
timeleft  : 189:47:23
uri       : voms-cms-auth.cern.ch:15000
subject   : /DC=ch/DC=cern/OU=Organic Units/OU=Users/CN=jiahua/CN=851532/CN=Jiahua Chen/CN=1735721823
issuer    : /DC=ch/DC=cern/OU=Organic Units/OU=Users/CN=jiahua/CN=851532/CN=Jiahua Chen
identity  : /DC=ch/DC=cern/OU=Organic Units/OU=Users/CN=jiahua/CN=851532/CN=Jiahua Chen
type      : RFC compliant proxy
strength  : 2048 bits
path      : /afs/cern.ch/user/j/jiahua/proxy/x509up_u139833
timeleft  : 197:47:23
key usage : Digital Signature, Key Encipherment
=== VO cms extension information ===
VO        : cms
subject   : /DC=ch/DC=cern/OU=Organic Units/OU=Users/CN=jiahua/CN=851532/CN=Jiahua Chen
issuer    : /DC=ch/DC=cern/OU=computers/CN=cms-auth.cern.ch
attribute : /cms/Role=NULL/Capability=NULL
timeleft  : 189:47:23
uri       : voms-cms-auth.cern.ch:15000
/eos/user/j/jiahua/MC_2022_inc/TTto2L2Nu_powheg_22_ext1-v2/52c56cf6-757b-4740-87a6-247145f72ce8.root
[2025-11-08 09:51:44.922] [main] [info] Checking input files
[2025-11-08 09:52:13.960] [main] [info] NanoAOD input_file 1: root://cms-xrd-global.cern.ch//store/mc/Run3Summer22NanoAODv12/TTto2L2Nu_TuneCP5_13p6TeV_powheg-pythia8/NANOAODSIM/130X_mcRun3_2022_realistic_v5_ext1-v2/2540000/52c56cf6-757b-4740-87a6-247145f72ce8.root - 154880 Events
[2025-11-08 09:52:13.997] [main] [info] input_file 1: root://cms-xrd-global.cern.ch//store/mc/Run3Summer22NanoAODv12/TTto2L2Nu_TuneCP5_13p6TeV_powheg-pythia8/NANOAODSIM/130X_mcRun3_2022_realistic_v5_ext1-v2/2540000/52c56cf6-757b-4740-87a6-247145f72ce8.root - SumOfGenWeight: 12458045.663400006 
[2025-11-08 09:52:13.997] [main] [info] Output directory: /eos/user/j/jiahua/MC_2022_inc/TTto2L2Nu_powheg_22_ext1-v2/52c56cf6-757b-4740-87a6-247145f72ce8.root
[2025-11-08 09:52:14.908] [main] [info] Starting Setup of Dataframe with 154880 events
[2025-11-08 09:53:16.397] [main] [info] Finished Setup
[2025-11-08 09:53:16.397] [main] [info] Runtime for setup (real time: 62.40, CPU time: 54.51)
[2025-11-08 09:53:16.397] [main] [info] Starting Evaluation
[2025-11-08 09:54:33.382] [main] [info] 10000 / 154880 (6.46 %) Events processed ...
[2025-11-08 09:54:34.795] [main] [info] 20000 / 154880 (12.91 %) Events processed ...
[2025-11-08 09:54:40.410] [main] [info] 30000 / 154880 (19.37 %) Events processed ...
[2025-11-08 09:54:41.789] [main] [info] 40000 / 154880 (25.83 %) Events processed ...
[2025-11-08 09:54:45.977] [main] [info] 50000 / 154880 (32.28 %) Events processed ...
[2025-11-08 09:54:47.468] [main] [info] 60000 / 154880 (38.74 %) Events processed ...
[2025-11-08 09:54:51.288] [main] [info] 70000 / 154880 (45.20 %) Events processed ...
[2025-11-08 09:54:53.006] [main] [info] 80000 / 154880 (51.65 %) Events processed ...
[2025-11-08 09:54:54.419] [main] [info] 90000 / 154880 (58.11 %) Events processed ...
[2025-11-08 09:54:57.482] [main] [info] 100000 / 154880 (64.57 %) Events processed ...
[2025-11-08 09:54:59.014] [main] [info] 110000 / 154880 (71.02 %) Events processed ...
[2025-11-08 09:55:01.846] [main] [info] 120000 / 154880 (77.48 %) Events processed ...
[2025-11-08 09:55:03.523] [main] [info] 130000 / 154880 (83.94 %) Events processed ...
[2025-11-08 09:55:06.685] [main] [info] 140000 / 154880 (90.39 %) Events processed ...
[2025-11-08 09:55:08.085] [main] [info] 150000 / 154880 (96.85 %) Events processed ...
[2025-11-08 09:55:09.931] [main] [info] vbfhmm:
Flag_goodVertices: pass=154880     all=154880     -- eff=100.00 % cumulative eff=100.00 %
Flag_globalSuperTightHalo2016Filter: pass=154859     all=154880     -- eff=99.99 % cumulative eff=99.99 %
Flag_EcalDeadCellTriggerPrimitiveFilter: pass=154833     all=154859     -- eff=99.98 % cumulative eff=99.97 %
Flag_BadPFMuonFilter: pass=154821     all=154833     -- eff=99.99 % cumulative eff=99.96 %
Flag_BadPFMuonDzFilter: pass=154817     all=154821     -- eff=100.00 % cumulative eff=99.96 %
Flag_eeBadScFilter: pass=154817     all=154817     -- eff=100.00 % cumulative eff=99.96 %
Flag_ecalBadCalibFilter: pass=154792     all=154817     -- eff=99.98 % cumulative eff=99.94 %
Flag_hfNoisyHitsFilter: pass=154786     all=154792     -- eff=100.00 % cumulative eff=99.94 %
Number of muons 2: pass=10681      all=154786     -- eff=6.90 % cumulative eff=6.90 %
DiMuon From Higgs: pass=4955       all=10681      -- eff=46.39 % cumulative eff=3.20 %
LeptonChargeSum: pass=4920       all=4955       -- eff=99.29 % cumulative eff=3.18 %
[2025-11-08 09:55:12.411] [main] [info] Writing quantities map to /eos/user/j/jiahua/MC_2022_inc/TTto2L2Nu_powheg_22_ext1-v2/52c56cf6-757b-4740-87a6-247145f72ce8_vbfhmm.root
[2025-11-08 09:55:12.475] [main] [info] Finished Evaluation
[2025-11-08 09:55:12.475] [main] [info] Overall runtime (real time: 178.48, CPU time: 91.15)
