Starting job on \n
Running on: Linux b9p28p0370.cern.ch 5.14.0-570.44.1.el9_6.x86_64 #1 SMP PREEMPT_DYNAMIC Tue Sep 9 05:17:30 EDT 2025 x86_64 x86_64 x86_64 GNU/Linux\n
System software: Red Hat Enterprise Linux release 9.6 (Plow)\n
Setting up CROWN for RedHatEnterprise Version 9.6
subject   : /DC=ch/DC=cern/OU=Organic Units/OU=Users/CN=jiahua/CN=851532/CN=Jiahua Chen/CN=1735721823
issuer    : /DC=ch/DC=cern/OU=Organic Units/OU=Users/CN=jiahua/CN=851532/CN=Jiahua Chen
identity  : /DC=ch/DC=cern/OU=Organic Units/OU=Users/CN=jiahua/CN=851532/CN=Jiahua Chen
type      : RFC compliant proxy
strength  : 2048 bits
path      : /afs/cern.ch/user/j/jiahua/proxy/x509up_u139833
timeleft  : 197:47:28
key usage : Digital Signature, Key Encipherment
=== VO cms extension information ===
VO        : cms
subject   : /DC=ch/DC=cern/OU=Organic Units/OU=Users/CN=jiahua/CN=851532/CN=Jiahua Chen
issuer    : /DC=ch/DC=cern/OU=computers/CN=cms-auth.cern.ch
attribute : /cms/Role=NULL/Capability=NULL
timeleft  : 189:47:28
uri       : voms-cms-auth.cern.ch:15000
subject   : /DC=ch/DC=cern/OU=Organic Units/OU=Users/CN=jiahua/CN=851532/CN=Jiahua Chen/CN=1735721823
issuer    : /DC=ch/DC=cern/OU=Organic Units/OU=Users/CN=jiahua/CN=851532/CN=Jiahua Chen
identity  : /DC=ch/DC=cern/OU=Organic Units/OU=Users/CN=jiahua/CN=851532/CN=Jiahua Chen
type      : RFC compliant proxy
strength  : 2048 bits
path      : /afs/cern.ch/user/j/jiahua/proxy/x509up_u139833
timeleft  : 197:47:28
key usage : Digital Signature, Key Encipherment
=== VO cms extension information ===
VO        : cms
subject   : /DC=ch/DC=cern/OU=Organic Units/OU=Users/CN=jiahua/CN=851532/CN=Jiahua Chen
issuer    : /DC=ch/DC=cern/OU=computers/CN=cms-auth.cern.ch
attribute : /cms/Role=NULL/Capability=NULL
timeleft  : 189:47:28
uri       : voms-cms-auth.cern.ch:15000
/eos/user/j/jiahua/MC_2022_inc/TTto2L2Nu_powheg_22_ext1-v2/79ff7689-130f-4ee6-837d-9bea568b2702.root
[2025-11-08 09:51:30.877] [main] [info] Checking input files
[2025-11-08 09:51:36.526] [main] [info] NanoAOD input_file 1: root://cms-xrd-global.cern.ch//store/mc/Run3Summer22NanoAODv12/TTto2L2Nu_TuneCP5_13p6TeV_powheg-pythia8/NANOAODSIM/130X_mcRun3_2022_realistic_v5_ext1-v2/2540000/79ff7689-130f-4ee6-837d-9bea568b2702.root - 154176 Events
[2025-11-08 09:51:36.526] [main] [info] input_file 1: root://cms-xrd-global.cern.ch//store/mc/Run3Summer22NanoAODv12/TTto2L2Nu_TuneCP5_13p6TeV_powheg-pythia8/NANOAODSIM/130X_mcRun3_2022_realistic_v5_ext1-v2/2540000/79ff7689-130f-4ee6-837d-9bea568b2702.root - SumOfGenWeight: 12403219.427000007 
[2025-11-08 09:51:36.526] [main] [info] Output directory: /eos/user/j/jiahua/MC_2022_inc/TTto2L2Nu_powheg_22_ext1-v2/79ff7689-130f-4ee6-837d-9bea568b2702.root
[2025-11-08 09:51:36.552] [main] [info] Starting Setup of Dataframe with 154176 events
[2025-11-08 09:52:15.427] [main] [info] Finished Setup
[2025-11-08 09:52:15.427] [main] [info] Runtime for setup (real time: 38.90, CPU time: 37.54)
[2025-11-08 09:52:15.427] [main] [info] Starting Evaluation
[2025-11-08 09:52:30.890] [main] [info] 10000 / 154176 (6.49 %) Events processed ...
[2025-11-08 09:52:31.844] [main] [info] 20000 / 154176 (12.97 %) Events processed ...
[2025-11-08 09:52:41.061] [main] [info] 30000 / 154176 (19.46 %) Events processed ...
[2025-11-08 09:52:42.247] [main] [info] 40000 / 154176 (25.94 %) Events processed ...
[2025-11-08 09:52:49.605] [main] [info] 50000 / 154176 (32.43 %) Events processed ...
[2025-11-08 09:52:50.729] [main] [info] 60000 / 154176 (38.92 %) Events processed ...
[2025-11-08 09:53:03.156] [main] [info] 70000 / 154176 (45.40 %) Events processed ...
[2025-11-08 09:53:04.415] [main] [info] 80000 / 154176 (51.89 %) Events processed ...
[2025-11-08 09:53:14.035] [main] [info] 90000 / 154176 (58.37 %) Events processed ...
[2025-11-08 09:53:15.143] [main] [info] 100000 / 154176 (64.86 %) Events processed ...
[2025-11-08 09:53:23.796] [main] [info] 110000 / 154176 (71.35 %) Events processed ...
[2025-11-08 09:53:24.839] [main] [info] 120000 / 154176 (77.83 %) Events processed ...
[2025-11-08 09:53:33.403] [main] [info] 130000 / 154176 (84.32 %) Events processed ...
[2025-11-08 09:53:34.534] [main] [info] 140000 / 154176 (90.81 %) Events processed ...
[2025-11-08 09:53:38.689] [main] [info] 150000 / 154176 (97.29 %) Events processed ...
[2025-11-08 09:53:39.637] [main] [info] vbfhmm:
Flag_goodVertices: pass=154176     all=154176     -- eff=100.00 % cumulative eff=100.00 %
Flag_globalSuperTightHalo2016Filter: pass=154163     all=154176     -- eff=99.99 % cumulative eff=99.99 %
Flag_EcalDeadCellTriggerPrimitiveFilter: pass=154141     all=154163     -- eff=99.99 % cumulative eff=99.98 %
Flag_BadPFMuonFilter: pass=154133     all=154141     -- eff=99.99 % cumulative eff=99.97 %
Flag_BadPFMuonDzFilter: pass=154132     all=154133     -- eff=100.00 % cumulative eff=99.97 %
Flag_eeBadScFilter: pass=154132     all=154132     -- eff=100.00 % cumulative eff=99.97 %
Flag_ecalBadCalibFilter: pass=154117     all=154132     -- eff=99.99 % cumulative eff=99.96 %
Flag_hfNoisyHitsFilter: pass=154106     all=154117     -- eff=99.99 % cumulative eff=99.95 %
Number of muons 2: pass=10459      all=154106     -- eff=6.79 % cumulative eff=6.78 %
DiMuon From Higgs: pass=4800       all=10459      -- eff=45.89 % cumulative eff=3.11 %
LeptonChargeSum: pass=4761       all=4800       -- eff=99.19 % cumulative eff=3.09 %
[2025-11-08 09:53:39.776] [main] [info] Writing quantities map to /eos/user/j/jiahua/MC_2022_inc/TTto2L2Nu_powheg_22_ext1-v2/79ff7689-130f-4ee6-837d-9bea568b2702_vbfhmm.root
[2025-11-08 09:53:39.891] [main] [info] Finished Evaluation
[2025-11-08 09:53:39.891] [main] [info] Overall runtime (real time: 123.36, CPU time: 62.19)
