000 (12769409.316.000) 11/08 09:45:22 Job submitted from host: <188.185.121.235:9618?addrs=188.185.121.235-9618+[2001-1458-d00-49--100-36e]-9618&alias=bigbird22.cern.ch&noUDP&sock=schedd_232129_c3ca>
...
040 (12769409.316.000) 11/08 09:52:05 Started transferring input files
	Transferring to host: <188.185.211.202:9618?addrs=188.185.211.202-9618+[2001-1458-303-17--100-46]-9618&alias=b9p24p7937.cern.ch&noUDP&sock=slot1_19_9194_c12f_49261>
...
040 (12769409.316.000) 11/08 09:52:05 Finished transferring input files
...
001 (12769409.316.000) 11/08 09:52:06 Job executing on host: <188.185.211.202:9618?addrs=188.185.211.202-9618+[2001-1458-303-17--100-46]-9618&alias=b9p24p7937.cern.ch&noUDP&sock=startd_8521_4696>
	SlotName: slot1_19@b9p24p7937.cern.ch
	CondorScratchDir = "/pool/condor/dir_2353376"
	Cpus = 1
	Disk = 16163
	GPUs = 0
	Memory = 3000
...
006 (12769409.316.000) 11/08 09:52:20 Image size of job updated: 146440
	144  -  MemoryUsage of job (MB)
	146440  -  ResidentSetSize of job (KB)
...
006 (12769409.316.000) 11/08 09:53:18 Image size of job updated: 418896
	145  -  MemoryUsage of job (MB)
	147824  -  ResidentSetSize of job (KB)
...
040 (12769409.316.000) 11/08 09:53:18 Started transferring output files
...
040 (12769409.316.000) 11/08 09:53:18 Finished transferring output files
...
005 (12769409.316.000) 11/08 09:53:18 Job terminated.
	(1) Normal termination (return value 0)
		Usr 0 00:00:37, Sys 0 00:00:02  -  Run Remote Usage
		Usr 0 00:00:00, Sys 0 00:00:00  -  Run Local Usage
		Usr 0 00:00:37, Sys 0 00:00:02  -  Total Remote Usage
		Usr 0 00:00:00, Sys 0 00:00:00  -  Total Local Usage
	9627  -  Run Bytes Sent By Job
	11220236  -  Run Bytes Received By Job
	9627  -  Total Bytes Sent By Job
	11220236  -  Total Bytes Received By Job
	Partitionable Resources :    Usage  Request Allocated 
	   Cpus                 :        0        1         1 
	   Disk (KB)            :    10990    12500     16163 
	   GPUs                 :                           0 
	   Memory (MB)          :      145     3000      3000 
	   TimeExecute (s)      :       72                    
	   TimeSlotBusy (s)     :       73                    

	Job terminated of its own accord at 2025-11-08T08:53:18Z with exit-code 0.
...
