Starting job on \n
Running on: Linux b9p29p3548.cern.ch 5.14.0-570.44.1.el9_6.x86_64 #1 SMP PREEMPT_DYNAMIC Tue Sep 9 05:17:30 EDT 2025 x86_64 x86_64 x86_64 GNU/Linux\n
System software: Red Hat Enterprise Linux release 9.6 (Plow)\n
Setting up CROWN for RedHatEnterprise Version 9.6
subject   : /DC=ch/DC=cern/OU=Organic Units/OU=Users/CN=jiahua/CN=851532/CN=Jiahua Chen/CN=1735721823
issuer    : /DC=ch/DC=cern/OU=Organic Units/OU=Users/CN=jiahua/CN=851532/CN=Jiahua Chen
identity  : /DC=ch/DC=cern/OU=Organic Units/OU=Users/CN=jiahua/CN=851532/CN=Jiahua Chen
type      : RFC compliant proxy
strength  : 2048 bits
path      : /afs/cern.ch/user/j/jiahua/proxy/x509up_u139833
timeleft  : 197:47:15
key usage : Digital Signature, Key Encipherment
=== VO cms extension information ===
VO        : cms
subject   : /DC=ch/DC=cern/OU=Organic Units/OU=Users/CN=jiahua/CN=851532/CN=Jiahua Chen
issuer    : /DC=ch/DC=cern/OU=computers/CN=cms-auth.cern.ch
attribute : /cms/Role=NULL/Capability=NULL
timeleft  : 189:47:15
uri       : voms-cms-auth.cern.ch:15000
subject   : /DC=ch/DC=cern/OU=Organic Units/OU=Users/CN=jiahua/CN=851532/CN=Jiahua Chen/CN=1735721823
issuer    : /DC=ch/DC=cern/OU=Organic Units/OU=Users/CN=jiahua/CN=851532/CN=Jiahua Chen
identity  : /DC=ch/DC=cern/OU=Organic Units/OU=Users/CN=jiahua/CN=851532/CN=Jiahua Chen
type      : RFC compliant proxy
strength  : 2048 bits
path      : /afs/cern.ch/user/j/jiahua/proxy/x509up_u139833
timeleft  : 197:47:15
key usage : Digital Signature, Key Encipherment
=== VO cms extension information ===
VO        : cms
subject   : /DC=ch/DC=cern/OU=Organic Units/OU=Users/CN=jiahua/CN=851532/CN=Jiahua Chen
issuer    : /DC=ch/DC=cern/OU=computers/CN=cms-auth.cern.ch
attribute : /cms/Role=NULL/Capability=NULL
timeleft  : 189:47:15
uri       : voms-cms-auth.cern.ch:15000
/eos/user/j/jiahua/MC_2022_inc/TTto2L2Nu_powheg_22_ext1-v2/11b3b85f-7d5d-4358-ab01-7a0748858fbb.root
[2025-11-08 09:51:44.580] [main] [info] Checking input files
[2025-11-08 09:51:50.557] [main] [info] NanoAOD input_file 1: root://cms-xrd-global.cern.ch//store/mc/Run3Summer22NanoAODv12/TTto2L2Nu_TuneCP5_13p6TeV_powheg-pythia8/NANOAODSIM/130X_mcRun3_2022_realistic_v5_ext1-v2/2540000/11b3b85f-7d5d-4358-ab01-7a0748858fbb.root - 155584 Events
[2025-11-08 09:51:50.642] [main] [info] input_file 1: root://cms-xrd-global.cern.ch//store/mc/Run3Summer22NanoAODv12/TTto2L2Nu_TuneCP5_13p6TeV_powheg-pythia8/NANOAODSIM/130X_mcRun3_2022_realistic_v5_ext1-v2/2540000/11b3b85f-7d5d-4358-ab01-7a0748858fbb.root - SumOfGenWeight: 12508978.912600001 
[2025-11-08 09:51:50.642] [main] [info] Output directory: /eos/user/j/jiahua/MC_2022_inc/TTto2L2Nu_powheg_22_ext1-v2/11b3b85f-7d5d-4358-ab01-7a0748858fbb.root
[2025-11-08 09:51:50.669] [main] [info] Starting Setup of Dataframe with 155584 events
[2025-11-08 09:52:27.911] [main] [info] Finished Setup
[2025-11-08 09:52:27.911] [main] [info] Runtime for setup (real time: 37.27, CPU time: 34.76)
[2025-11-08 09:52:27.911] [main] [info] Starting Evaluation
[2025-11-08 09:52:55.011] [main] [info] 10000 / 155584 (6.43 %) Events processed ...
[2025-11-08 09:52:56.134] [main] [info] 20000 / 155584 (12.85 %) Events processed ...
[2025-11-08 09:53:15.915] [main] [info] 30000 / 155584 (19.28 %) Events processed ...
[2025-11-08 09:53:16.910] [main] [info] 40000 / 155584 (25.71 %) Events processed ...
[2025-11-08 09:53:30.997] [main] [info] 50000 / 155584 (32.14 %) Events processed ...
[2025-11-08 09:53:32.216] [main] [info] 60000 / 155584 (38.56 %) Events processed ...
[2025-11-08 09:53:45.841] [main] [info] 70000 / 155584 (44.99 %) Events processed ...
[2025-11-08 09:53:46.970] [main] [info] 80000 / 155584 (51.42 %) Events processed ...
[2025-11-08 09:53:59.743] [main] [info] 90000 / 155584 (57.85 %) Events processed ...
[2025-11-08 09:54:00.648] [main] [info] 100000 / 155584 (64.27 %) Events processed ...
[2025-11-08 09:54:01.607] [main] [info] 110000 / 155584 (70.70 %) Events processed ...
[2025-11-08 09:54:13.665] [main] [info] 120000 / 155584 (77.13 %) Events processed ...
[2025-11-08 09:54:14.610] [main] [info] 130000 / 155584 (83.56 %) Events processed ...
[2025-11-08 09:54:24.471] [main] [info] 140000 / 155584 (89.98 %) Events processed ...
[2025-11-08 09:54:25.576] [main] [info] 150000 / 155584 (96.41 %) Events processed ...
[2025-11-08 09:54:26.551] [main] [info] vbfhmm:
Flag_goodVertices: pass=155584     all=155584     -- eff=100.00 % cumulative eff=100.00 %
Flag_globalSuperTightHalo2016Filter: pass=155569     all=155584     -- eff=99.99 % cumulative eff=99.99 %
Flag_EcalDeadCellTriggerPrimitiveFilter: pass=155548     all=155569     -- eff=99.99 % cumulative eff=99.98 %
Flag_BadPFMuonFilter: pass=155535     all=155548     -- eff=99.99 % cumulative eff=99.97 %
Flag_BadPFMuonDzFilter: pass=155532     all=155535     -- eff=100.00 % cumulative eff=99.97 %
Flag_eeBadScFilter: pass=155532     all=155532     -- eff=100.00 % cumulative eff=99.97 %
Flag_ecalBadCalibFilter: pass=155513     all=155532     -- eff=99.99 % cumulative eff=99.95 %
Flag_hfNoisyHitsFilter: pass=155507     all=155513     -- eff=100.00 % cumulative eff=99.95 %
Number of muons 2: pass=10763      all=155507     -- eff=6.92 % cumulative eff=6.92 %
DiMuon From Higgs: pass=5024       all=10763      -- eff=46.68 % cumulative eff=3.23 %
LeptonChargeSum: pass=4981       all=5024       -- eff=99.14 % cumulative eff=3.20 %
[2025-11-08 09:54:26.767] [main] [info] Writing quantities map to /eos/user/j/jiahua/MC_2022_inc/TTto2L2Nu_powheg_22_ext1-v2/11b3b85f-7d5d-4358-ab01-7a0748858fbb_vbfhmm.root
[2025-11-08 09:54:26.905] [main] [info] Finished Evaluation
[2025-11-08 09:54:26.905] [main] [info] Overall runtime (real time: 156.26, CPU time: 58.41)
