000 (12769409.004.000) 11/08 09:45:22 Job submitted from host: <188.185.121.235:9618?addrs=188.185.121.235-9618+[2001-1458-d00-49--100-36e]-9618&alias=bigbird22.cern.ch&noUDP&sock=schedd_232129_c3ca>
...
040 (12769409.004.000) 11/08 09:50:21 Started transferring input files
	Transferring to host: <188.185.193.91:9618?addrs=188.185.193.91-9618+[2001-1458-303-20--100-57]-9618&alias=b9p19p1965.cern.ch&noUDP&sock=slot1_6_3784_eb93_41862>
...
040 (12769409.004.000) 11/08 09:50:21 Finished transferring input files
...
001 (12769409.004.000) 11/08 09:50:22 Job executing on host: <188.185.193.91:9618?addrs=188.185.193.91-9618+[2001-1458-303-20--100-57]-9618&alias=b9p19p1965.cern.ch&noUDP&sock=startd_2856_8e92>
	SlotName: slot1_6@b9p19p1965.cern.ch
	CondorScratchDir = "/pool/condor/dir_2223929"
	Cpus = 1
	Disk = 15908
	GPUs = 0
	Memory = 3000
...
006 (12769409.004.000) 11/08 09:50:36 Image size of job updated: 93408
	92  -  MemoryUsage of job (MB)
	93408  -  ResidentSetSize of job (KB)
...
006 (12769409.004.000) 11/08 09:52:39 Image size of job updated: 422256
	92  -  MemoryUsage of job (MB)
	93408  -  ResidentSetSize of job (KB)
...
040 (12769409.004.000) 11/08 09:52:39 Started transferring output files
...
040 (12769409.004.000) 11/08 09:52:39 Finished transferring output files
...
005 (12769409.004.000) 11/08 09:52:39 Job terminated.
	(1) Normal termination (return value 0)
		Usr 0 00:01:30, Sys 0 00:00:03  -  Run Remote Usage
		Usr 0 00:00:00, Sys 0 00:00:00  -  Run Local Usage
		Usr 0 00:01:30, Sys 0 00:00:03  -  Total Remote Usage
		Usr 0 00:00:00, Sys 0 00:00:00  -  Total Local Usage
	9887  -  Run Bytes Sent By Job
	11220236  -  Run Bytes Received By Job
	9887  -  Total Bytes Sent By Job
	11220236  -  Total Bytes Received By Job
	Partitionable Resources :    Usage  Request Allocated 
	   Cpus                 :     0.98        1         1 
	   Disk (KB)            : 10990       12500     15908 
	   GPUs                 :                           0 
	   Memory (MB)          :    92        3000      3000 
	   TimeExecute (s)      :   137                       
	   TimeSlotBusy (s)     :   139                       

	Job terminated of its own accord at 2025-11-08T08:52:39Z with exit-code 0.
...
