000 (12769409.151.000) 11/08 09:45:22 Job submitted from host: <188.185.121.235:9618?addrs=188.185.121.235-9618+[2001-1458-d00-49--100-36e]-9618&alias=bigbird22.cern.ch&noUDP&sock=schedd_232129_c3ca>
...
040 (12769409.151.000) 11/08 09:51:11 Started transferring input files
	Transferring to host: <188.185.214.140:9618?addrs=188.185.214.140-9618+[2001-1458-303-1d--100-8]-9618&alias=b9p30p5740.cern.ch&noUDP&sock=slot1_29_4163_f5c2_48898>
...
040 (12769409.151.000) 11/08 09:51:12 Finished transferring input files
...
001 (12769409.151.000) 11/08 09:51:13 Job executing on host: <188.185.214.140:9618?addrs=188.185.214.140-9618+[2001-1458-303-1d--100-8]-9618&alias=b9p30p5740.cern.ch&noUDP&sock=startd_3544_77bb>
	SlotName: slot1_29@b9p30p5740.cern.ch
	CondorScratchDir = "/pool/condor/dir_3024556"
	Cpus = 1
	Disk = 16169
	GPUs = 0
	Memory = 3000
...
006 (12769409.151.000) 11/08 09:51:27 Image size of job updated: 106936
	105  -  MemoryUsage of job (MB)
	106936  -  ResidentSetSize of job (KB)
...
006 (12769409.151.000) 11/08 09:52:21 Image size of job updated: 422992
	105  -  MemoryUsage of job (MB)
	106936  -  ResidentSetSize of job (KB)
...
040 (12769409.151.000) 11/08 09:52:21 Started transferring output files
...
040 (12769409.151.000) 11/08 09:52:21 Finished transferring output files
...
005 (12769409.151.000) 11/08 09:52:21 Job terminated.
	(1) Normal termination (return value 0)
		Usr 0 00:00:52, Sys 0 00:00:02  -  Run Remote Usage
		Usr 0 00:00:00, Sys 0 00:00:00  -  Run Local Usage
		Usr 0 00:00:52, Sys 0 00:00:02  -  Total Remote Usage
		Usr 0 00:00:00, Sys 0 00:00:00  -  Total Local Usage
	10052  -  Run Bytes Sent By Job
	11220236  -  Run Bytes Received By Job
	10052  -  Total Bytes Sent By Job
	11220236  -  Total Bytes Received By Job
	Partitionable Resources :    Usage  Request Allocated 
	   Cpus                 :        0        1         1 
	   Disk (KB)            :    10990    12500     16169 
	   GPUs                 :                           0 
	   Memory (MB)          :      105     3000      3000 
	   TimeExecute (s)      :       69                    
	   TimeSlotBusy (s)     :       70                    

	Job terminated of its own accord at 2025-11-08T08:52:21Z with exit-code 0.
...
