000 (12769409.310.000) 11/08 09:45:22 Job submitted from host: <188.185.121.235:9618?addrs=188.185.121.235-9618+[2001-1458-d00-49--100-36e]-9618&alias=bigbird22.cern.ch&noUDP&sock=schedd_232129_c3ca>
...
040 (12769409.310.000) 11/08 09:52:03 Started transferring input files
	Transferring to host: <188.185.196.135:9618?addrs=188.185.196.135-9618+[2001-1458-303-23--100-83]-9618&alias=b9p16p6625.cern.ch&noUDP&sock=slot1_19_5430_ad16_45433>
...
040 (12769409.310.000) 11/08 09:52:03 Finished transferring input files
...
001 (12769409.310.000) 11/08 09:52:04 Job executing on host: <188.185.196.135:9618?addrs=188.185.196.135-9618+[2001-1458-303-23--100-83]-9618&alias=b9p16p6625.cern.ch&noUDP&sock=startd_4289_79c9>
	SlotName: slot1_19@b9p16p6625.cern.ch
	CondorScratchDir = "/pool/condor/dir_2008202"
	Cpus = 1
	Disk = 15959
	GPUs = 0
	Memory = 3000
...
006 (12769409.310.000) 11/08 09:52:17 Image size of job updated: 97452
	96  -  MemoryUsage of job (MB)
	97452  -  ResidentSetSize of job (KB)
...
006 (12769409.310.000) 11/08 09:54:22 Image size of job updated: 426100
	96  -  MemoryUsage of job (MB)
	97452  -  ResidentSetSize of job (KB)
...
040 (12769409.310.000) 11/08 09:54:22 Started transferring output files
...
040 (12769409.310.000) 11/08 09:54:22 Finished transferring output files
...
005 (12769409.310.000) 11/08 09:54:22 Job terminated.
	(1) Normal termination (return value 0)
		Usr 0 00:01:07, Sys 0 00:00:02  -  Run Remote Usage
		Usr 0 00:00:00, Sys 0 00:00:00  -  Run Local Usage
		Usr 0 00:01:07, Sys 0 00:00:02  -  Total Remote Usage
		Usr 0 00:00:00, Sys 0 00:00:00  -  Total Local Usage
	10139  -  Run Bytes Sent By Job
	11220236  -  Run Bytes Received By Job
	10139  -  Total Bytes Sent By Job
	11220236  -  Total Bytes Received By Job
	Partitionable Resources :    Usage  Request Allocated 
	   Cpus                 :        0        1         1 
	   Disk (KB)            :    10990    12500     15959 
	   GPUs                 :                           0 
	   Memory (MB)          :       96     3000      3000 
	   TimeExecute (s)      :      138                    
	   TimeSlotBusy (s)     :      139                    

	Job terminated of its own accord at 2025-11-08T08:54:22Z with exit-code 0.
...
