Starting job on \n
Running on: Linux b9p23p6157.cern.ch 5.14.0-570.44.1.el9_6.x86_64 #1 SMP PREEMPT_DYNAMIC Tue Sep 9 05:17:30 EDT 2025 x86_64 x86_64 x86_64 GNU/Linux\n
System software: Red Hat Enterprise Linux release 9.6 (Plow)\n
Setting up CROWN for RedHatEnterprise Version 9.6
subject   : /DC=ch/DC=cern/OU=Organic Units/OU=Users/CN=jiahua/CN=851532/CN=Jiahua Chen/CN=1735721823
issuer    : /DC=ch/DC=cern/OU=Organic Units/OU=Users/CN=jiahua/CN=851532/CN=Jiahua Chen
identity  : /DC=ch/DC=cern/OU=Organic Units/OU=Users/CN=jiahua/CN=851532/CN=Jiahua Chen
type      : RFC compliant proxy
strength  : 2048 bits
path      : /afs/cern.ch/user/j/jiahua/proxy/x509up_u139833
timeleft  : 197:46:55
key usage : Digital Signature, Key Encipherment
=== VO cms extension information ===
VO        : cms
subject   : /DC=ch/DC=cern/OU=Organic Units/OU=Users/CN=jiahua/CN=851532/CN=Jiahua Chen
issuer    : /DC=ch/DC=cern/OU=computers/CN=cms-auth.cern.ch
attribute : /cms/Role=NULL/Capability=NULL
timeleft  : 189:46:55
uri       : voms-cms-auth.cern.ch:15000
subject   : /DC=ch/DC=cern/OU=Organic Units/OU=Users/CN=jiahua/CN=851532/CN=Jiahua Chen/CN=1735721823
issuer    : /DC=ch/DC=cern/OU=Organic Units/OU=Users/CN=jiahua/CN=851532/CN=Jiahua Chen
identity  : /DC=ch/DC=cern/OU=Organic Units/OU=Users/CN=jiahua/CN=851532/CN=Jiahua Chen
type      : RFC compliant proxy
strength  : 2048 bits
path      : /afs/cern.ch/user/j/jiahua/proxy/x509up_u139833
timeleft  : 197:46:55
key usage : Digital Signature, Key Encipherment
=== VO cms extension information ===
VO        : cms
subject   : /DC=ch/DC=cern/OU=Organic Units/OU=Users/CN=jiahua/CN=851532/CN=Jiahua Chen
issuer    : /DC=ch/DC=cern/OU=computers/CN=cms-auth.cern.ch
attribute : /cms/Role=NULL/Capability=NULL
timeleft  : 189:46:55
uri       : voms-cms-auth.cern.ch:15000
/eos/user/j/jiahua/MC_2022_inc/TTto2L2Nu_powheg_22_ext1-v2/dcc6e72d-d699-4a3b-887a-a48afbe089a1.root
[2025-11-08 09:52:03.473] [main] [info] Checking input files
[2025-11-08 09:52:08.971] [main] [info] NanoAOD input_file 1: root://cms-xrd-global.cern.ch//store/mc/Run3Summer22NanoAODv12/TTto2L2Nu_TuneCP5_13p6TeV_powheg-pythia8/NANOAODSIM/130X_mcRun3_2022_realistic_v5_ext1-v2/2530000/dcc6e72d-d699-4a3b-887a-a48afbe089a1.root - 64064 Events
[2025-11-08 09:52:08.971] [main] [info] input_file 1: root://cms-xrd-global.cern.ch//store/mc/Run3Summer22NanoAODv12/TTto2L2Nu_TuneCP5_13p6TeV_powheg-pythia8/NANOAODSIM/130X_mcRun3_2022_realistic_v5_ext1-v2/2530000/dcc6e72d-d699-4a3b-887a-a48afbe089a1.root - SumOfGenWeight: 5156585.962000004 
[2025-11-08 09:52:08.971] [main] [info] Output directory: /eos/user/j/jiahua/MC_2022_inc/TTto2L2Nu_powheg_22_ext1-v2/dcc6e72d-d699-4a3b-887a-a48afbe089a1.root
[2025-11-08 09:52:08.972] [main] [info] Starting Setup of Dataframe with 64064 events
[2025-11-08 09:52:41.841] [main] [info] Finished Setup
[2025-11-08 09:52:41.842] [main] [info] Runtime for setup (real time: 32.87, CPU time: 31.89)
[2025-11-08 09:52:41.842] [main] [info] Starting Evaluation
[2025-11-08 09:53:15.404] [main] [info] 10000 / 64064 (15.61 %) Events processed ...
[2025-11-08 09:53:16.686] [main] [info] 20000 / 64064 (31.22 %) Events processed ...
[2025-11-08 09:53:39.402] [main] [info] 30000 / 64064 (46.83 %) Events processed ...
[2025-11-08 09:53:40.286] [main] [info] 40000 / 64064 (62.44 %) Events processed ...
[2025-11-08 09:53:55.767] [main] [info] 50000 / 64064 (78.05 %) Events processed ...
[2025-11-08 09:53:56.640] [main] [info] 60000 / 64064 (93.66 %) Events processed ...
[2025-11-08 09:53:57.284] [main] [info] vbfhmm:
Flag_goodVertices: pass=64064      all=64064      -- eff=100.00 % cumulative eff=100.00 %
Flag_globalSuperTightHalo2016Filter: pass=64057      all=64064      -- eff=99.99 % cumulative eff=99.99 %
Flag_EcalDeadCellTriggerPrimitiveFilter: pass=64040      all=64057      -- eff=99.97 % cumulative eff=99.96 %
Flag_BadPFMuonFilter: pass=64039      all=64040      -- eff=100.00 % cumulative eff=99.96 %
Flag_BadPFMuonDzFilter: pass=64039      all=64039      -- eff=100.00 % cumulative eff=99.96 %
Flag_eeBadScFilter: pass=64039      all=64039      -- eff=100.00 % cumulative eff=99.96 %
Flag_ecalBadCalibFilter: pass=64030      all=64039      -- eff=99.99 % cumulative eff=99.95 %
Flag_hfNoisyHitsFilter: pass=64027      all=64030      -- eff=100.00 % cumulative eff=99.94 %
Number of muons 2: pass=4318       all=64027      -- eff=6.74 % cumulative eff=6.74 %
DiMuon From Higgs: pass=2012       all=4318       -- eff=46.60 % cumulative eff=3.14 %
LeptonChargeSum: pass=1996       all=2012       -- eff=99.20 % cumulative eff=3.12 %
[2025-11-08 09:53:57.479] [main] [info] Writing quantities map to /eos/user/j/jiahua/MC_2022_inc/TTto2L2Nu_powheg_22_ext1-v2/dcc6e72d-d699-4a3b-887a-a48afbe089a1_vbfhmm.root
[2025-11-08 09:53:57.550] [main] [info] Finished Evaluation
[2025-11-08 09:53:57.550] [main] [info] Overall runtime (real time: 108.58, CPU time: 47.21)
