Starting job on \n
Running on: Linux b9p22p6887.cern.ch 5.14.0-570.42.2.el9_6.x86_64 #1 SMP PREEMPT_DYNAMIC Mon Sep 8 12:15:13 EDT 2025 x86_64 x86_64 x86_64 GNU/Linux\n
System software: Red Hat Enterprise Linux release 9.6 (Plow)\n
Setting up CROWN for RedHatEnterprise Version 9.6
subject   : /DC=ch/DC=cern/OU=Organic Units/OU=Users/CN=jiahua/CN=851532/CN=Jiahua Chen/CN=1735721823
issuer    : /DC=ch/DC=cern/OU=Organic Units/OU=Users/CN=jiahua/CN=851532/CN=Jiahua Chen
identity  : /DC=ch/DC=cern/OU=Organic Units/OU=Users/CN=jiahua/CN=851532/CN=Jiahua Chen
type      : RFC compliant proxy
strength  : 2048 bits
path      : /afs/cern.ch/user/j/jiahua/proxy/x509up_u139833
timeleft  : 197:46:59
key usage : Digital Signature, Key Encipherment
=== VO cms extension information ===
VO        : cms
subject   : /DC=ch/DC=cern/OU=Organic Units/OU=Users/CN=jiahua/CN=851532/CN=Jiahua Chen
issuer    : /DC=ch/DC=cern/OU=computers/CN=cms-auth.cern.ch
attribute : /cms/Role=NULL/Capability=NULL
timeleft  : 189:46:59
uri       : voms-cms-auth.cern.ch:15000
subject   : /DC=ch/DC=cern/OU=Organic Units/OU=Users/CN=jiahua/CN=851532/CN=Jiahua Chen/CN=1735721823
issuer    : /DC=ch/DC=cern/OU=Organic Units/OU=Users/CN=jiahua/CN=851532/CN=Jiahua Chen
identity  : /DC=ch/DC=cern/OU=Organic Units/OU=Users/CN=jiahua/CN=851532/CN=Jiahua Chen
type      : RFC compliant proxy
strength  : 2048 bits
path      : /afs/cern.ch/user/j/jiahua/proxy/x509up_u139833
timeleft  : 197:46:59
key usage : Digital Signature, Key Encipherment
=== VO cms extension information ===
VO        : cms
subject   : /DC=ch/DC=cern/OU=Organic Units/OU=Users/CN=jiahua/CN=851532/CN=Jiahua Chen
issuer    : /DC=ch/DC=cern/OU=computers/CN=cms-auth.cern.ch
attribute : /cms/Role=NULL/Capability=NULL
timeleft  : 189:46:59
uri       : voms-cms-auth.cern.ch:15000
/eos/user/j/jiahua/MC_2022_inc/TTto2L2Nu_powheg_22_ext1-v2/c55f2caa-db7e-4ee0-887d-d5f0e13ebbb4.root
[2025-11-08 09:52:00.530] [main] [info] Checking input files
[2025-11-08 09:52:05.395] [main] [info] NanoAOD input_file 1: root://cms-xrd-global.cern.ch//store/mc/Run3Summer22NanoAODv12/TTto2L2Nu_TuneCP5_13p6TeV_powheg-pythia8/NANOAODSIM/130X_mcRun3_2022_realistic_v5_ext1-v2/2530000/c55f2caa-db7e-4ee0-887d-d5f0e13ebbb4.root - 4928 Events
[2025-11-08 09:52:05.411] [main] [info] input_file 1: root://cms-xrd-global.cern.ch//store/mc/Run3Summer22NanoAODv12/TTto2L2Nu_TuneCP5_13p6TeV_powheg-pythia8/NANOAODSIM/130X_mcRun3_2022_realistic_v5_ext1-v2/2530000/c55f2caa-db7e-4ee0-887d-d5f0e13ebbb4.root - SumOfGenWeight: 396273.65540000005 
[2025-11-08 09:52:05.411] [main] [info] Output directory: /eos/user/j/jiahua/MC_2022_inc/TTto2L2Nu_powheg_22_ext1-v2/c55f2caa-db7e-4ee0-887d-d5f0e13ebbb4.root
[2025-11-08 09:52:05.413] [main] [info] Starting Setup of Dataframe with 4928 events
[2025-11-08 09:52:37.783] [main] [info] Finished Setup
[2025-11-08 09:52:37.783] [main] [info] Runtime for setup (real time: 32.37, CPU time: 29.90)
[2025-11-08 09:52:37.783] [main] [info] Starting Evaluation
[2025-11-08 09:52:55.006] [main] [info] vbfhmm:
Flag_goodVertices: pass=4928       all=4928       -- eff=100.00 % cumulative eff=100.00 %
Flag_globalSuperTightHalo2016Filter: pass=4928       all=4928       -- eff=100.00 % cumulative eff=100.00 %
Flag_EcalDeadCellTriggerPrimitiveFilter: pass=4927       all=4928       -- eff=99.98 % cumulative eff=99.98 %
Flag_BadPFMuonFilter: pass=4927       all=4927       -- eff=100.00 % cumulative eff=99.98 %
Flag_BadPFMuonDzFilter: pass=4927       all=4927       -- eff=100.00 % cumulative eff=99.98 %
Flag_eeBadScFilter: pass=4927       all=4927       -- eff=100.00 % cumulative eff=99.98 %
Flag_ecalBadCalibFilter: pass=4927       all=4927       -- eff=100.00 % cumulative eff=99.98 %
Flag_hfNoisyHitsFilter: pass=4927       all=4927       -- eff=100.00 % cumulative eff=99.98 %
Number of muons 2: pass=342        all=4927       -- eff=6.94 % cumulative eff=6.94 %
DiMuon From Higgs: pass=157        all=342        -- eff=45.91 % cumulative eff=3.19 %
LeptonChargeSum: pass=157        all=157        -- eff=100.00 % cumulative eff=3.19 %
[2025-11-08 09:52:55.202] [main] [info] Writing quantities map to /eos/user/j/jiahua/MC_2022_inc/TTto2L2Nu_powheg_22_ext1-v2/c55f2caa-db7e-4ee0-887d-d5f0e13ebbb4_vbfhmm.root
[2025-11-08 09:52:55.293] [main] [info] Finished Evaluation
[2025-11-08 09:52:55.293] [main] [info] Overall runtime (real time: 49.88, CPU time: 37.15)
