Starting job on \n
Running on: Linux b9p21p5545.cern.ch 5.14.0-570.44.1.el9_6.x86_64 #1 SMP PREEMPT_DYNAMIC Tue Sep 9 05:17:30 EDT 2025 x86_64 x86_64 x86_64 GNU/Linux\n
System software: Red Hat Enterprise Linux release 9.6 (Plow)\n
Setting up CROWN for RedHatEnterprise Version 9.6
subject   : /DC=ch/DC=cern/OU=Organic Units/OU=Users/CN=jiahua/CN=851532/CN=Jiahua Chen/CN=1735721823
issuer    : /DC=ch/DC=cern/OU=Organic Units/OU=Users/CN=jiahua/CN=851532/CN=Jiahua Chen
identity  : /DC=ch/DC=cern/OU=Organic Units/OU=Users/CN=jiahua/CN=851532/CN=Jiahua Chen
type      : RFC compliant proxy
strength  : 2048 bits
path      : /afs/cern.ch/user/j/jiahua/proxy/x509up_u139833
timeleft  : 197:41:52
key usage : Digital Signature, Key Encipherment
=== VO cms extension information ===
VO        : cms
subject   : /DC=ch/DC=cern/OU=Organic Units/OU=Users/CN=jiahua/CN=851532/CN=Jiahua Chen
issuer    : /DC=ch/DC=cern/OU=computers/CN=cms-auth.cern.ch
attribute : /cms/Role=NULL/Capability=NULL
timeleft  : 189:41:52
uri       : voms-cms-auth.cern.ch:15000
subject   : /DC=ch/DC=cern/OU=Organic Units/OU=Users/CN=jiahua/CN=851532/CN=Jiahua Chen/CN=1735721823
issuer    : /DC=ch/DC=cern/OU=Organic Units/OU=Users/CN=jiahua/CN=851532/CN=Jiahua Chen
identity  : /DC=ch/DC=cern/OU=Organic Units/OU=Users/CN=jiahua/CN=851532/CN=Jiahua Chen
type      : RFC compliant proxy
strength  : 2048 bits
path      : /afs/cern.ch/user/j/jiahua/proxy/x509up_u139833
timeleft  : 197:41:52
key usage : Digital Signature, Key Encipherment
=== VO cms extension information ===
VO        : cms
subject   : /DC=ch/DC=cern/OU=Organic Units/OU=Users/CN=jiahua/CN=851532/CN=Jiahua Chen
issuer    : /DC=ch/DC=cern/OU=computers/CN=cms-auth.cern.ch
attribute : /cms/Role=NULL/Capability=NULL
timeleft  : 189:41:52
uri       : voms-cms-auth.cern.ch:15000
/eos/user/j/jiahua/MC_2022_inc/TWminusto2L2Nu_powheg_22_ext1-v2/016dcb88-7826-4409-a260-4548c0e7c2f5.root
[2025-11-08 09:57:06.637] [main] [info] Checking input files
[2025-11-08 09:57:11.135] [main] [info] NanoAOD input_file 1: root://cms-xrd-global.cern.ch//store/mc/Run3Summer22NanoAODv12/TWminusto2L2Nu_TuneCP5_13p6TeV_powheg-pythia8/NANOAODSIM/130X_mcRun3_2022_realistic_v5_ext1-v2/2530000/016dcb88-7826-4409-a260-4548c0e7c2f5.root - 11866 Events
[2025-11-08 09:57:11.135] [main] [info] input_file 1: root://cms-xrd-global.cern.ch//store/mc/Run3Summer22NanoAODv12/TWminusto2L2Nu_TuneCP5_13p6TeV_powheg-pythia8/NANOAODSIM/130X_mcRun3_2022_realistic_v5_ext1-v2/2530000/016dcb88-7826-4409-a260-4548c0e7c2f5.root - SumOfGenWeight: 45069.31912 
[2025-11-08 09:57:11.135] [main] [info] Output directory: /eos/user/j/jiahua/MC_2022_inc/TWminusto2L2Nu_powheg_22_ext1-v2/016dcb88-7826-4409-a260-4548c0e7c2f5.root
[2025-11-08 09:57:11.137] [main] [info] Starting Setup of Dataframe with 11866 events
[2025-11-08 09:57:49.066] [main] [info] Finished Setup
[2025-11-08 09:57:49.066] [main] [info] Runtime for setup (real time: 37.93, CPU time: 37.09)
[2025-11-08 09:57:49.067] [main] [info] Starting Evaluation
[2025-11-08 09:58:00.217] [main] [info] 10000 / 11866 (84.27 %) Events processed ...
[2025-11-08 09:58:00.884] [main] [info] vbfhmm:
Flag_goodVertices: pass=11866      all=11866      -- eff=100.00 % cumulative eff=100.00 %
Flag_globalSuperTightHalo2016Filter: pass=11866      all=11866      -- eff=100.00 % cumulative eff=100.00 %
Flag_EcalDeadCellTriggerPrimitiveFilter: pass=11863      all=11866      -- eff=99.97 % cumulative eff=99.97 %
Flag_BadPFMuonFilter: pass=11862      all=11863      -- eff=99.99 % cumulative eff=99.97 %
Flag_BadPFMuonDzFilter: pass=11862      all=11862      -- eff=100.00 % cumulative eff=99.97 %
Flag_eeBadScFilter: pass=11862      all=11862      -- eff=100.00 % cumulative eff=99.97 %
Flag_ecalBadCalibFilter: pass=11861      all=11862      -- eff=99.99 % cumulative eff=99.96 %
Flag_hfNoisyHitsFilter: pass=11861      all=11861      -- eff=100.00 % cumulative eff=99.96 %
Number of muons 2: pass=902        all=11861      -- eff=7.60 % cumulative eff=7.60 %
DiMuon From Higgs: pass=451        all=902        -- eff=50.00 % cumulative eff=3.80 %
LeptonChargeSum: pass=448        all=451        -- eff=99.33 % cumulative eff=3.78 %
[2025-11-08 09:58:01.224] [main] [info] Writing quantities map to /eos/user/j/jiahua/MC_2022_inc/TWminusto2L2Nu_powheg_22_ext1-v2/016dcb88-7826-4409-a260-4548c0e7c2f5_vbfhmm.root
[2025-11-08 09:58:01.671] [main] [info] Finished Evaluation
[2025-11-08 09:58:01.671] [main] [info] Overall runtime (real time: 50.54, CPU time: 47.78)
