Starting job on \n
Running on: Linux b9p19p5659.cern.ch 5.14.0-570.44.1.el9_6.x86_64 #1 SMP PREEMPT_DYNAMIC Tue Sep 9 05:17:30 EDT 2025 x86_64 x86_64 x86_64 GNU/Linux\n
System software: Red Hat Enterprise Linux release 9.6 (Plow)\n
Setting up CROWN for RedHatEnterprise Version 9.6
subject   : /DC=ch/DC=cern/OU=Organic Units/OU=Users/CN=jiahua/CN=851532/CN=Jiahua Chen/CN=1735721823
issuer    : /DC=ch/DC=cern/OU=Organic Units/OU=Users/CN=jiahua/CN=851532/CN=Jiahua Chen
identity  : /DC=ch/DC=cern/OU=Organic Units/OU=Users/CN=jiahua/CN=851532/CN=Jiahua Chen
type      : RFC compliant proxy
strength  : 2048 bits
path      : /afs/cern.ch/user/j/jiahua/proxy/x509up_u139833
timeleft  : 197:46:31
key usage : Digital Signature, Key Encipherment
=== VO cms extension information ===
VO        : cms
subject   : /DC=ch/DC=cern/OU=Organic Units/OU=Users/CN=jiahua/CN=851532/CN=Jiahua Chen
issuer    : /DC=ch/DC=cern/OU=computers/CN=cms-auth.cern.ch
attribute : /cms/Role=NULL/Capability=NULL
timeleft  : 189:46:31
uri       : voms-cms-auth.cern.ch:15000
subject   : /DC=ch/DC=cern/OU=Organic Units/OU=Users/CN=jiahua/CN=851532/CN=Jiahua Chen/CN=1735721823
issuer    : /DC=ch/DC=cern/OU=Organic Units/OU=Users/CN=jiahua/CN=851532/CN=Jiahua Chen
identity  : /DC=ch/DC=cern/OU=Organic Units/OU=Users/CN=jiahua/CN=851532/CN=Jiahua Chen
type      : RFC compliant proxy
strength  : 2048 bits
path      : /afs/cern.ch/user/j/jiahua/proxy/x509up_u139833
timeleft  : 197:46:31
key usage : Digital Signature, Key Encipherment
=== VO cms extension information ===
VO        : cms
subject   : /DC=ch/DC=cern/OU=Organic Units/OU=Users/CN=jiahua/CN=851532/CN=Jiahua Chen
issuer    : /DC=ch/DC=cern/OU=computers/CN=cms-auth.cern.ch
attribute : /cms/Role=NULL/Capability=NULL
timeleft  : 189:46:31
uri       : voms-cms-auth.cern.ch:15000
/eos/user/j/jiahua/MC_2022_inc/WWto2L2Nu_powheg_22_ext1-v2/85484ce1-4ccb-4d47-a23c-3e798ad37346.root
[2025-11-08 09:52:28.052] [main] [info] Checking input files
[2025-11-08 09:52:40.846] [main] [info] NanoAOD input_file 1: root://cms-xrd-global.cern.ch//store/mc/Run3Summer22NanoAODv12/WWto2L2Nu_TuneCP5_13p6TeV_powheg-pythia8/NANOAODSIM/130X_mcRun3_2022_realistic_v5_ext1-v2/2530000/85484ce1-4ccb-4d47-a23c-3e798ad37346.root - 61683 Events
[2025-11-08 09:52:40.846] [main] [info] input_file 1: root://cms-xrd-global.cern.ch//store/mc/Run3Summer22NanoAODv12/WWto2L2Nu_TuneCP5_13p6TeV_powheg-pythia8/NANOAODSIM/130X_mcRun3_2022_realistic_v5_ext1-v2/2530000/85484ce1-4ccb-4d47-a23c-3e798ad37346.root - SumOfGenWeight: 727193.5965000001 
[2025-11-08 09:52:40.846] [main] [info] Output directory: /eos/user/j/jiahua/MC_2022_inc/WWto2L2Nu_powheg_22_ext1-v2/85484ce1-4ccb-4d47-a23c-3e798ad37346.root
[2025-11-08 09:52:40.846] [main] [info] Starting Setup of Dataframe with 61683 events
[2025-11-08 09:53:39.912] [main] [info] Finished Setup
[2025-11-08 09:53:39.913] [main] [info] Runtime for setup (real time: 59.07, CPU time: 57.83)
[2025-11-08 09:53:39.913] [main] [info] Starting Evaluation
[2025-11-08 09:53:55.982] [main] [info] 10000 / 61683 (16.21 %) Events processed ...
[2025-11-08 09:53:57.004] [main] [info] 20000 / 61683 (32.42 %) Events processed ...
[2025-11-08 09:53:57.977] [main] [info] 30000 / 61683 (48.64 %) Events processed ...
[2025-11-08 09:53:59.582] [main] [info] 40000 / 61683 (64.85 %) Events processed ...
[2025-11-08 09:54:00.628] [main] [info] 50000 / 61683 (81.06 %) Events processed ...
[2025-11-08 09:54:01.609] [main] [info] 60000 / 61683 (97.27 %) Events processed ...
[2025-11-08 09:54:02.013] [main] [info] vbfhmm:
Flag_goodVertices: pass=61683      all=61683      -- eff=100.00 % cumulative eff=100.00 %
Flag_globalSuperTightHalo2016Filter: pass=61677      all=61683      -- eff=99.99 % cumulative eff=99.99 %
Flag_EcalDeadCellTriggerPrimitiveFilter: pass=61671      all=61677      -- eff=99.99 % cumulative eff=99.98 %
Flag_BadPFMuonFilter: pass=61669      all=61671      -- eff=100.00 % cumulative eff=99.98 %
Flag_BadPFMuonDzFilter: pass=61668      all=61669      -- eff=100.00 % cumulative eff=99.98 %
Flag_eeBadScFilter: pass=61668      all=61668      -- eff=100.00 % cumulative eff=99.98 %
Flag_ecalBadCalibFilter: pass=61659      all=61668      -- eff=99.99 % cumulative eff=99.96 %
Flag_hfNoisyHitsFilter: pass=61656      all=61659      -- eff=100.00 % cumulative eff=99.96 %
Number of muons 2: pass=3243       all=61656      -- eff=5.26 % cumulative eff=5.26 %
DiMuon From Higgs: pass=1514       all=3243       -- eff=46.69 % cumulative eff=2.45 %
LeptonChargeSum: pass=1511       all=1514       -- eff=99.80 % cumulative eff=2.45 %
[2025-11-08 09:54:02.159] [main] [info] Writing quantities map to /eos/user/j/jiahua/MC_2022_inc/WWto2L2Nu_powheg_22_ext1-v2/85484ce1-4ccb-4d47-a23c-3e798ad37346_vbfhmm.root
[2025-11-08 09:54:02.222] [main] [info] Finished Evaluation
[2025-11-08 09:54:02.222] [main] [info] Overall runtime (real time: 81.38, CPU time: 78.25)
