000 (12769410.000.000) 11/08 09:45:23 Job submitted from host: <188.185.121.235:9618?addrs=188.185.121.235-9618+[2001-1458-d00-49--100-36e]-9618&alias=bigbird22.cern.ch&noUDP&sock=schedd_232129_c3ca>
...
040 (12769410.000.000) 11/08 09:52:06 Started transferring input files
	Transferring to host: <188.185.194.72:9618?addrs=188.185.194.72-9618+[2001-1458-303-21--100-44]-9618&alias=b9p20p6493.cern.ch&noUDP&sock=slot1_30_4386_156b_46228>
...
040 (12769410.000.000) 11/08 09:52:06 Finished transferring input files
...
001 (12769410.000.000) 11/08 09:52:07 Job executing on host: <188.185.194.72:9618?addrs=188.185.194.72-9618+[2001-1458-303-21--100-44]-9618&alias=b9p20p6493.cern.ch&noUDP&sock=startd_3257_9c0c>
	SlotName: slot1_30@b9p20p6493.cern.ch
	CondorScratchDir = "/pool/condor/dir_3610532"
	Cpus = 1
	Disk = 16042
	GPUs = 0
	Memory = 3000
...
006 (12769410.000.000) 11/08 09:52:21 Image size of job updated: 98668
	97  -  MemoryUsage of job (MB)
	98668  -  ResidentSetSize of job (KB)
...
006 (12769410.000.000) 11/08 09:53:30 Image size of job updated: 425300
	97  -  MemoryUsage of job (MB)
	98668  -  ResidentSetSize of job (KB)
...
040 (12769410.000.000) 11/08 09:53:30 Started transferring output files
...
040 (12769410.000.000) 11/08 09:53:30 Finished transferring output files
...
005 (12769410.000.000) 11/08 09:53:30 Job terminated.
	(1) Normal termination (return value 0)
		Usr 0 00:01:06, Sys 0 00:00:01  -  Run Remote Usage
		Usr 0 00:00:00, Sys 0 00:00:00  -  Run Local Usage
		Usr 0 00:01:06, Sys 0 00:00:01  -  Total Remote Usage
		Usr 0 00:00:00, Sys 0 00:00:00  -  Total Local Usage
	10934  -  Run Bytes Sent By Job
	11220236  -  Run Bytes Received By Job
	10934  -  Total Bytes Sent By Job
	11220236  -  Total Bytes Received By Job
	Partitionable Resources :    Usage  Request Allocated 
	   Cpus                 :        0        1         1 
	   Disk (KB)            :    10991    12500     16042 
	   GPUs                 :                           0 
	   Memory (MB)          :       97     3000      3000 
	   TimeExecute (s)      :       83                    
	   TimeSlotBusy (s)     :       84                    

	Job terminated of its own accord at 2025-11-08T08:53:30Z with exit-code 0.
...
