Starting job on \n
Running on: Linux b9p22p0693.cern.ch 5.14.0-570.44.1.el9_6.x86_64 #1 SMP PREEMPT_DYNAMIC Tue Sep 9 05:17:30 EDT 2025 x86_64 x86_64 x86_64 GNU/Linux\n
System software: Red Hat Enterprise Linux release 9.7 (Plow)\n
Setting up CROWN for RedHatEnterprise Version 9.7
subject   : /DC=ch/DC=cern/OU=Organic Units/OU=Users/CN=jiahua/CN=851532/CN=Jiahua Chen/CN=2045128514
issuer    : /DC=ch/DC=cern/OU=Organic Units/OU=Users/CN=jiahua/CN=851532/CN=Jiahua Chen
identity  : /DC=ch/DC=cern/OU=Organic Units/OU=Users/CN=jiahua/CN=851532/CN=Jiahua Chen
type      : RFC compliant proxy
strength  : 2048 bits
path      : /afs/cern.ch/user/j/jiahua/proxy/x509up_u139833
timeleft  : 67:49:32
key usage : Digital Signature, Key Encipherment
=== VO cms extension information ===
VO        : cms
subject   : /DC=ch/DC=cern/OU=Organic Units/OU=Users/CN=jiahua/CN=851532/CN=Jiahua Chen
issuer    : /DC=ch/DC=cern/OU=computers/CN=cms-auth.cern.ch
attribute : /cms/Role=NULL/Capability=NULL
timeleft  : 59:49:31
uri       : voms-cms-auth.cern.ch:15000
subject   : /DC=ch/DC=cern/OU=Organic Units/OU=Users/CN=jiahua/CN=851532/CN=Jiahua Chen/CN=2045128514
issuer    : /DC=ch/DC=cern/OU=Organic Units/OU=Users/CN=jiahua/CN=851532/CN=Jiahua Chen
identity  : /DC=ch/DC=cern/OU=Organic Units/OU=Users/CN=jiahua/CN=851532/CN=Jiahua Chen
type      : RFC compliant proxy
strength  : 2048 bits
path      : /afs/cern.ch/user/j/jiahua/proxy/x509up_u139833
timeleft  : 67:49:32
key usage : Digital Signature, Key Encipherment
=== VO cms extension information ===
VO        : cms
subject   : /DC=ch/DC=cern/OU=Organic Units/OU=Users/CN=jiahua/CN=851532/CN=Jiahua Chen
issuer    : /DC=ch/DC=cern/OU=computers/CN=cms-auth.cern.ch
attribute : /cms/Role=NULL/Capability=NULL
timeleft  : 59:49:31
uri       : voms-cms-auth.cern.ch:15000
/eos/user/j/jiahua/MC_2022_inc/MC_2022_VBF/WWZ_4F_amcatnlo_22/bd039553-7ca4-4543-a224-4ca0b8bfc1ff.root
[2025-11-25 14:59:11.498] [main] [info] Checking input files
[2025-11-25 14:59:15.033] [main] [info] NanoAOD input_file 1: root://cms-xrd-global.cern.ch//store/mc/Run3Summer22NanoAODv12/WWZ_4F_TuneCP5_13p6TeV_amcatnlo-pythia8/NANOAODSIM/130X_mcRun3_2022_realistic_v5-v2/50000/bd039553-7ca4-4543-a224-4ca0b8bfc1ff.root - 13032 Events
[2025-11-25 14:59:15.033] [main] [info] input_file 1: root://cms-xrd-global.cern.ch//store/mc/Run3Summer22NanoAODv12/WWZ_4F_TuneCP5_13p6TeV_amcatnlo-pythia8/NANOAODSIM/130X_mcRun3_2022_realistic_v5-v2/50000/bd039553-7ca4-4543-a224-4ca0b8bfc1ff.root - SumOfGenWeight: 2393.0571580200003 
[2025-11-25 14:59:15.033] [main] [info] Output directory: /eos/user/j/jiahua/MC_2022_inc/MC_2022_VBF/WWZ_4F_amcatnlo_22/bd039553-7ca4-4543-a224-4ca0b8bfc1ff.root
[2025-11-25 14:59:15.033] [main] [info] Starting Setup of Dataframe with 13032 events
[2025-11-25 14:59:59.505] [main] [info] Finished Setup
[2025-11-25 14:59:59.505] [main] [info] Runtime for setup (real time: 44.47, CPU time: 39.80)
[2025-11-25 14:59:59.505] [main] [info] Starting Evaluation
[2025-11-25 15:00:31.640] [main] [info] 10000 / 13032 (76.73 %) Events processed ...
[2025-11-25 15:00:37.377] [main] [info] vbfhmm:
GoodJetsCollection: pass=12073      all=13032      -- eff=92.64 % cumulative eff=92.64 %
Flag_goodVertices: pass=12073      all=12073      -- eff=100.00 % cumulative eff=92.64 %
Flag_globalSuperTightHalo2016Filter: pass=12067      all=12073      -- eff=99.95 % cumulative eff=92.60 %
Flag_EcalDeadCellTriggerPrimitiveFilter: pass=12063      all=12067      -- eff=99.97 % cumulative eff=92.56 %
Flag_BadPFMuonFilter: pass=12063      all=12063      -- eff=100.00 % cumulative eff=92.56 %
Flag_BadPFMuonDzFilter: pass=12063      all=12063      -- eff=100.00 % cumulative eff=92.56 %
Flag_eeBadScFilter: pass=12063      all=12063      -- eff=100.00 % cumulative eff=92.56 %
Flag_ecalBadCalibFilter: pass=12059      all=12063      -- eff=99.97 % cumulative eff=92.53 %
Flag_hfNoisyHitsFilter: pass=12058      all=12059      -- eff=99.99 % cumulative eff=92.53 %
Number of muons 2: pass=320        all=12058      -- eff=2.65 % cumulative eff=2.46 %
Veto VH <= 0 electrons: pass=279        all=320        -- eff=87.19 % cumulative eff=2.14 %
DiMuon From Higgs: pass=203        all=279        -- eff=72.76 % cumulative eff=1.56 %
LeptonChargeSum: pass=179        all=203        -- eff=88.18 % cumulative eff=1.37 %
Hmass>=110: pass=24         all=179        -- eff=13.41 % cumulative eff=0.18 %
[2025-11-25 15:00:38.084] [main] [info] Writing quantities map to /eos/user/j/jiahua/MC_2022_inc/MC_2022_VBF/WWZ_4F_amcatnlo_22/bd039553-7ca4-4543-a224-4ca0b8bfc1ff_vbfhmm.root
[2025-11-25 15:00:38.199] [main] [info] Finished Evaluation
[2025-11-25 15:00:38.199] [main] [info] Overall runtime (real time: 83.17, CPU time: 74.04)
