Starting job on \n
Running on: Linux b9p11p5617.cern.ch 5.14.0-570.42.2.el9_6.x86_64 #1 SMP PREEMPT_DYNAMIC Mon Sep 8 12:15:13 EDT 2025 x86_64 x86_64 x86_64 GNU/Linux\n
System software: Red Hat Enterprise Linux release 9.7 (Plow)\n
Setting up CROWN for RedHatEnterprise Version 9.7
subject   : /DC=ch/DC=cern/OU=Organic Units/OU=Users/CN=jiahua/CN=851532/CN=Jiahua Chen/CN=2045128514
issuer    : /DC=ch/DC=cern/OU=Organic Units/OU=Users/CN=jiahua/CN=851532/CN=Jiahua Chen
identity  : /DC=ch/DC=cern/OU=Organic Units/OU=Users/CN=jiahua/CN=851532/CN=Jiahua Chen
type      : RFC compliant proxy
strength  : 2048 bits
path      : /afs/cern.ch/user/j/jiahua/proxy/x509up_u139833
timeleft  : 67:49:25
key usage : Digital Signature, Key Encipherment
=== VO cms extension information ===
VO        : cms
subject   : /DC=ch/DC=cern/OU=Organic Units/OU=Users/CN=jiahua/CN=851532/CN=Jiahua Chen
issuer    : /DC=ch/DC=cern/OU=computers/CN=cms-auth.cern.ch
attribute : /cms/Role=NULL/Capability=NULL
timeleft  : 59:49:24
uri       : voms-cms-auth.cern.ch:15000
subject   : /DC=ch/DC=cern/OU=Organic Units/OU=Users/CN=jiahua/CN=851532/CN=Jiahua Chen/CN=2045128514
issuer    : /DC=ch/DC=cern/OU=Organic Units/OU=Users/CN=jiahua/CN=851532/CN=Jiahua Chen
identity  : /DC=ch/DC=cern/OU=Organic Units/OU=Users/CN=jiahua/CN=851532/CN=Jiahua Chen
type      : RFC compliant proxy
strength  : 2048 bits
path      : /afs/cern.ch/user/j/jiahua/proxy/x509up_u139833
timeleft  : 67:49:25
key usage : Digital Signature, Key Encipherment
=== VO cms extension information ===
VO        : cms
subject   : /DC=ch/DC=cern/OU=Organic Units/OU=Users/CN=jiahua/CN=851532/CN=Jiahua Chen
issuer    : /DC=ch/DC=cern/OU=computers/CN=cms-auth.cern.ch
attribute : /cms/Role=NULL/Capability=NULL
timeleft  : 59:49:24
uri       : voms-cms-auth.cern.ch:15000
/eos/user/j/jiahua/MC_2022_inc/MC_2022_VBF/WWZ_4F_amcatnlo_22/e0678bb5-16b9-4d14-b5e2-ce942d76d782.root
[2025-11-25 14:59:19.060] [main] [info] Checking input files
[2025-11-25 14:59:22.009] [main] [info] NanoAOD input_file 1: root://cms-xrd-global.cern.ch//store/mc/Run3Summer22NanoAODv12/WWZ_4F_TuneCP5_13p6TeV_amcatnlo-pythia8/NANOAODSIM/130X_mcRun3_2022_realistic_v5-v2/30000/e0678bb5-16b9-4d14-b5e2-ce942d76d782.root - 13032 Events
[2025-11-25 14:59:22.009] [main] [info] input_file 1: root://cms-xrd-global.cern.ch//store/mc/Run3Summer22NanoAODv12/WWZ_4F_TuneCP5_13p6TeV_amcatnlo-pythia8/NANOAODSIM/130X_mcRun3_2022_realistic_v5-v2/30000/e0678bb5-16b9-4d14-b5e2-ce942d76d782.root - SumOfGenWeight: 2397.9434411400002 
[2025-11-25 14:59:22.009] [main] [info] Output directory: /eos/user/j/jiahua/MC_2022_inc/MC_2022_VBF/WWZ_4F_amcatnlo_22/e0678bb5-16b9-4d14-b5e2-ce942d76d782.root
[2025-11-25 14:59:22.010] [main] [info] Starting Setup of Dataframe with 13032 events
[2025-11-25 14:59:55.240] [main] [info] Finished Setup
[2025-11-25 14:59:55.240] [main] [info] Runtime for setup (real time: 33.23, CPU time: 29.21)
[2025-11-25 14:59:55.240] [main] [info] Starting Evaluation
[2025-11-25 15:00:14.982] [main] [info] 10000 / 13032 (76.73 %) Events processed ...
[2025-11-25 15:00:18.040] [main] [info] vbfhmm:
GoodJetsCollection: pass=12001      all=13032      -- eff=92.09 % cumulative eff=92.09 %
Flag_goodVertices: pass=12001      all=12001      -- eff=100.00 % cumulative eff=92.09 %
Flag_globalSuperTightHalo2016Filter: pass=11999      all=12001      -- eff=99.98 % cumulative eff=92.07 %
Flag_EcalDeadCellTriggerPrimitiveFilter: pass=11996      all=11999      -- eff=99.97 % cumulative eff=92.05 %
Flag_BadPFMuonFilter: pass=11996      all=11996      -- eff=100.00 % cumulative eff=92.05 %
Flag_BadPFMuonDzFilter: pass=11996      all=11996      -- eff=100.00 % cumulative eff=92.05 %
Flag_eeBadScFilter: pass=11996      all=11996      -- eff=100.00 % cumulative eff=92.05 %
Flag_ecalBadCalibFilter: pass=11993      all=11996      -- eff=99.97 % cumulative eff=92.03 %
Flag_hfNoisyHitsFilter: pass=11993      all=11993      -- eff=100.00 % cumulative eff=92.03 %
Number of muons 2: pass=317        all=11993      -- eff=2.64 % cumulative eff=2.43 %
Veto VH <= 0 electrons: pass=278        all=317        -- eff=87.70 % cumulative eff=2.13 %
DiMuon From Higgs: pass=209        all=278        -- eff=75.18 % cumulative eff=1.60 %
LeptonChargeSum: pass=176        all=209        -- eff=84.21 % cumulative eff=1.35 %
Hmass>=110: pass=21         all=176        -- eff=11.93 % cumulative eff=0.16 %
[2025-11-25 15:00:18.133] [main] [info] Writing quantities map to /eos/user/j/jiahua/MC_2022_inc/MC_2022_VBF/WWZ_4F_amcatnlo_22/e0678bb5-16b9-4d14-b5e2-ce942d76d782_vbfhmm.root
[2025-11-25 15:00:18.185] [main] [info] Finished Evaluation
[2025-11-25 15:00:18.185] [main] [info] Overall runtime (real time: 56.18, CPU time: 49.68)
