Starting job on \n
Running on: Linux b9g18p5594.cern.ch 5.14.0-570.42.2.el9_6.x86_64 #1 SMP PREEMPT_DYNAMIC Mon Sep 15 05:17:56 EDT 2025 x86_64 x86_64 x86_64 GNU/Linux\n
System software: AlmaLinux release 9.6 (Sage Margay)\n
Setting up CROWN for Alma Version 9.6
subject   : /DC=ch/DC=cern/OU=Organic Units/OU=Users/CN=jiahua/CN=851532/CN=Jiahua Chen/CN=1735721823
issuer    : /DC=ch/DC=cern/OU=Organic Units/OU=Users/CN=jiahua/CN=851532/CN=Jiahua Chen
identity  : /DC=ch/DC=cern/OU=Organic Units/OU=Users/CN=jiahua/CN=851532/CN=Jiahua Chen
type      : RFC compliant proxy
strength  : 2048 bits
path      : /afs/cern.ch/user/j/jiahua/proxy/x509up_u139833
timeleft  : 197:42:58
key usage : Digital Signature, Key Encipherment
=== VO cms extension information ===
VO        : cms
subject   : /DC=ch/DC=cern/OU=Organic Units/OU=Users/CN=jiahua/CN=851532/CN=Jiahua Chen
issuer    : /DC=ch/DC=cern/OU=computers/CN=cms-auth.cern.ch
attribute : /cms/Role=NULL/Capability=NULL
timeleft  : 189:42:58
uri       : voms-cms-auth.cern.ch:15000
subject   : /DC=ch/DC=cern/OU=Organic Units/OU=Users/CN=jiahua/CN=851532/CN=Jiahua Chen/CN=1735721823
issuer    : /DC=ch/DC=cern/OU=Organic Units/OU=Users/CN=jiahua/CN=851532/CN=Jiahua Chen
identity  : /DC=ch/DC=cern/OU=Organic Units/OU=Users/CN=jiahua/CN=851532/CN=Jiahua Chen
type      : RFC compliant proxy
strength  : 2048 bits
path      : /afs/cern.ch/user/j/jiahua/proxy/x509up_u139833
timeleft  : 197:42:58
key usage : Digital Signature, Key Encipherment
=== VO cms extension information ===
VO        : cms
subject   : /DC=ch/DC=cern/OU=Organic Units/OU=Users/CN=jiahua/CN=851532/CN=Jiahua Chen
issuer    : /DC=ch/DC=cern/OU=computers/CN=cms-auth.cern.ch
attribute : /cms/Role=NULL/Capability=NULL
timeleft  : 189:42:58
uri       : voms-cms-auth.cern.ch:15000
/eos/user/j/jiahua/MC_2022_inc/WZto2L2Q_powheg_22_ext1-v2/b9d23cb9-2016-4e3f-8740-1fe6b589f987.root
[2025-11-08 09:56:00.632] [main] [info] Checking input files
[2025-11-08 09:56:11.596] [main] [info] NanoAOD input_file 1: root://cms-xrd-global.cern.ch//store/mc/Run3Summer22NanoAODv12/WZto2L2Q_TuneCP5_13p6TeV_powheg-pythia8/NANOAODSIM/130X_mcRun3_2022_realistic_v5_ext1-v2/50000/b9d23cb9-2016-4e3f-8740-1fe6b589f987.root - 37577 Events
[2025-11-08 09:56:11.596] [main] [info] input_file 1: root://cms-xrd-global.cern.ch//store/mc/Run3Summer22NanoAODv12/WZto2L2Q_TuneCP5_13p6TeV_powheg-pythia8/NANOAODSIM/130X_mcRun3_2022_realistic_v5_ext1-v2/50000/b9d23cb9-2016-4e3f-8740-1fe6b589f987.root - SumOfGenWeight: 284306.0530799998 
[2025-11-08 09:56:11.596] [main] [info] Output directory: /eos/user/j/jiahua/MC_2022_inc/WZto2L2Q_powheg_22_ext1-v2/b9d23cb9-2016-4e3f-8740-1fe6b589f987.root
[2025-11-08 09:56:11.597] [main] [info] Starting Setup of Dataframe with 37577 events
[2025-11-08 09:56:57.031] [main] [info] Finished Setup
[2025-11-08 09:56:57.031] [main] [info] Runtime for setup (real time: 45.43, CPU time: 44.57)
[2025-11-08 09:56:57.031] [main] [info] Starting Evaluation
[2025-11-08 09:57:11.926] [main] [info] 10000 / 37577 (26.61 %) Events processed ...
[2025-11-08 09:57:14.182] [main] [info] 20000 / 37577 (53.22 %) Events processed ...
[2025-11-08 09:57:16.598] [main] [info] 30000 / 37577 (79.84 %) Events processed ...
[2025-11-08 09:57:19.403] [main] [info] vbfhmm:
Flag_goodVertices: pass=37577      all=37577      -- eff=100.00 % cumulative eff=100.00 %
Flag_globalSuperTightHalo2016Filter: pass=37571      all=37577      -- eff=99.98 % cumulative eff=99.98 %
Flag_EcalDeadCellTriggerPrimitiveFilter: pass=37568      all=37571      -- eff=99.99 % cumulative eff=99.98 %
Flag_BadPFMuonFilter: pass=37564      all=37568      -- eff=99.99 % cumulative eff=99.97 %
Flag_BadPFMuonDzFilter: pass=37563      all=37564      -- eff=100.00 % cumulative eff=99.96 %
Flag_eeBadScFilter: pass=37563      all=37563      -- eff=100.00 % cumulative eff=99.96 %
Flag_ecalBadCalibFilter: pass=37558      all=37563      -- eff=99.99 % cumulative eff=99.95 %
Flag_hfNoisyHitsFilter: pass=37555      all=37558      -- eff=99.99 % cumulative eff=99.94 %
Number of muons 2: pass=2612       all=37555      -- eff=6.96 % cumulative eff=6.95 %
DiMuon From Higgs: pass=2429       all=2612       -- eff=92.99 % cumulative eff=6.46 %
LeptonChargeSum: pass=2429       all=2429       -- eff=100.00 % cumulative eff=6.46 %
[2025-11-08 09:57:19.988] [main] [info] Writing quantities map to /eos/user/j/jiahua/MC_2022_inc/WZto2L2Q_powheg_22_ext1-v2/b9d23cb9-2016-4e3f-8740-1fe6b589f987_vbfhmm.root
[2025-11-08 09:57:20.188] [main] [info] Finished Evaluation
[2025-11-08 09:57:20.188] [main] [info] Overall runtime (real time: 68.59, CPU time: 62.65)
