Starting job on \n
Running on: Linux b9p27p4428.cern.ch 5.14.0-570.44.1.el9_6.x86_64 #1 SMP PREEMPT_DYNAMIC Tue Sep 9 05:17:30 EDT 2025 x86_64 x86_64 x86_64 GNU/Linux\n
System software: Red Hat Enterprise Linux release 9.6 (Plow)\n
Setting up CROWN for RedHatEnterprise Version 9.6
subject   : /DC=ch/DC=cern/OU=Organic Units/OU=Users/CN=jiahua/CN=851532/CN=Jiahua Chen/CN=1735721823
issuer    : /DC=ch/DC=cern/OU=Organic Units/OU=Users/CN=jiahua/CN=851532/CN=Jiahua Chen
identity  : /DC=ch/DC=cern/OU=Organic Units/OU=Users/CN=jiahua/CN=851532/CN=Jiahua Chen
type      : RFC compliant proxy
strength  : 2048 bits
path      : /afs/cern.ch/user/j/jiahua/proxy/x509up_u139833
timeleft  : 197:42:59
key usage : Digital Signature, Key Encipherment
=== VO cms extension information ===
VO        : cms
subject   : /DC=ch/DC=cern/OU=Organic Units/OU=Users/CN=jiahua/CN=851532/CN=Jiahua Chen
issuer    : /DC=ch/DC=cern/OU=computers/CN=cms-auth.cern.ch
attribute : /cms/Role=NULL/Capability=NULL
timeleft  : 189:42:59
uri       : voms-cms-auth.cern.ch:15000
subject   : /DC=ch/DC=cern/OU=Organic Units/OU=Users/CN=jiahua/CN=851532/CN=Jiahua Chen/CN=1735721823
issuer    : /DC=ch/DC=cern/OU=Organic Units/OU=Users/CN=jiahua/CN=851532/CN=Jiahua Chen
identity  : /DC=ch/DC=cern/OU=Organic Units/OU=Users/CN=jiahua/CN=851532/CN=Jiahua Chen
type      : RFC compliant proxy
strength  : 2048 bits
path      : /afs/cern.ch/user/j/jiahua/proxy/x509up_u139833
timeleft  : 197:42:59
key usage : Digital Signature, Key Encipherment
=== VO cms extension information ===
VO        : cms
subject   : /DC=ch/DC=cern/OU=Organic Units/OU=Users/CN=jiahua/CN=851532/CN=Jiahua Chen
issuer    : /DC=ch/DC=cern/OU=computers/CN=cms-auth.cern.ch
attribute : /cms/Role=NULL/Capability=NULL
timeleft  : 189:42:59
uri       : voms-cms-auth.cern.ch:15000
/eos/user/j/jiahua/MC_2022_inc/WZto2L2Q_powheg_22_ext1-v2/27b81806-dcb1-41c3-821f-60fd13053086.root
[2025-11-08 09:55:59.911] [main] [info] Checking input files
[2025-11-08 09:56:09.030] [main] [info] NanoAOD input_file 1: root://cms-xrd-global.cern.ch//store/mc/Run3Summer22NanoAODv12/WZto2L2Q_TuneCP5_13p6TeV_powheg-pythia8/NANOAODSIM/130X_mcRun3_2022_realistic_v5_ext1-v2/50000/27b81806-dcb1-41c3-821f-60fd13053086.root - 80826 Events
[2025-11-08 09:56:09.031] [main] [info] input_file 1: root://cms-xrd-global.cern.ch//store/mc/Run3Summer22NanoAODv12/WZto2L2Q_TuneCP5_13p6TeV_powheg-pythia8/NANOAODSIM/130X_mcRun3_2022_realistic_v5_ext1-v2/50000/27b81806-dcb1-41c3-821f-60fd13053086.root - SumOfGenWeight: 611704.6216800001 
[2025-11-08 09:56:09.031] [main] [info] Output directory: /eos/user/j/jiahua/MC_2022_inc/WZto2L2Q_powheg_22_ext1-v2/27b81806-dcb1-41c3-821f-60fd13053086.root
[2025-11-08 09:56:09.031] [main] [info] Starting Setup of Dataframe with 80826 events
[2025-11-08 09:56:46.273] [main] [info] Finished Setup
[2025-11-08 09:56:46.273] [main] [info] Runtime for setup (real time: 37.24, CPU time: 36.06)
[2025-11-08 09:56:46.273] [main] [info] Starting Evaluation
[2025-11-08 09:56:56.124] [main] [info] 10000 / 80826 (12.37 %) Events processed ...
[2025-11-08 09:56:57.570] [main] [info] 20000 / 80826 (24.74 %) Events processed ...
[2025-11-08 09:56:59.170] [main] [info] 30000 / 80826 (37.12 %) Events processed ...
[2025-11-08 09:57:01.696] [main] [info] 40000 / 80826 (49.49 %) Events processed ...
[2025-11-08 09:57:02.836] [main] [info] 50000 / 80826 (61.86 %) Events processed ...
[2025-11-08 09:57:04.009] [main] [info] 60000 / 80826 (74.23 %) Events processed ...
[2025-11-08 09:57:06.110] [main] [info] 70000 / 80826 (86.61 %) Events processed ...
[2025-11-08 09:57:07.707] [main] [info] 80000 / 80826 (98.98 %) Events processed ...
[2025-11-08 09:57:08.124] [main] [info] vbfhmm:
Flag_goodVertices: pass=80826      all=80826      -- eff=100.00 % cumulative eff=100.00 %
Flag_globalSuperTightHalo2016Filter: pass=80820      all=80826      -- eff=99.99 % cumulative eff=99.99 %
Flag_EcalDeadCellTriggerPrimitiveFilter: pass=80817      all=80820      -- eff=100.00 % cumulative eff=99.99 %
Flag_BadPFMuonFilter: pass=80812      all=80817      -- eff=99.99 % cumulative eff=99.98 %
Flag_BadPFMuonDzFilter: pass=80812      all=80812      -- eff=100.00 % cumulative eff=99.98 %
Flag_eeBadScFilter: pass=80812      all=80812      -- eff=100.00 % cumulative eff=99.98 %
Flag_ecalBadCalibFilter: pass=80801      all=80812      -- eff=99.99 % cumulative eff=99.97 %
Flag_hfNoisyHitsFilter: pass=80795      all=80801      -- eff=99.99 % cumulative eff=99.96 %
Number of muons 2: pass=5728       all=80795      -- eff=7.09 % cumulative eff=7.09 %
DiMuon From Higgs: pass=5298       all=5728       -- eff=92.49 % cumulative eff=6.55 %
LeptonChargeSum: pass=5297       all=5298       -- eff=99.98 % cumulative eff=6.55 %
[2025-11-08 09:57:08.252] [main] [info] Writing quantities map to /eos/user/j/jiahua/MC_2022_inc/WZto2L2Q_powheg_22_ext1-v2/27b81806-dcb1-41c3-821f-60fd13053086_vbfhmm.root
[2025-11-08 09:57:08.370] [main] [info] Finished Evaluation
[2025-11-08 09:57:08.370] [main] [info] Overall runtime (real time: 59.34, CPU time: 55.15)
