000 (13203984.014.000) 11/25 14:57:50 Job submitted from host: <188.185.121.235:9618?addrs=188.185.121.235-9618+[2001-1458-d00-49--100-36e]-9618&alias=bigbird22.cern.ch&noUDP&sock=schedd_232129_c3ca>
...
040 (13203984.014.000) 11/25 14:59:17 Started transferring input files
	Transferring to host: <188.185.212.207:9618?addrs=188.185.212.207-9618+[2001-1458-303-19--100-4b]-9618&alias=b9p26p3027.cern.ch&noUDP&sock=slot1_49_3099_4697_68945>
...
040 (13203984.014.000) 11/25 14:59:17 Finished transferring input files
...
001 (13203984.014.000) 11/25 14:59:18 Job executing on host: <188.185.212.207:9618?addrs=188.185.212.207-9618+[2001-1458-303-19--100-4b]-9618&alias=b9p26p3027.cern.ch&noUDP&sock=startd_2654_0071>
	SlotName: slot1_49@b9p26p3027.cern.ch
	CondorScratchDir = "/pool/condor/dir_969623"
	Cpus = 1
	Disk = 16077
	GPUs = 0
	Memory = 3000
...
006 (13203984.014.000) 11/25 14:59:31 Image size of job updated: 39212
	0  -  MemoryUsage of job (MB)
	0  -  ResidentSetSize of job (KB)
...
040 (13203984.014.000) 11/25 14:59:31 Started transferring output files
...
040 (13203984.014.000) 11/25 14:59:31 Finished transferring output files
...
005 (13203984.014.000) 11/25 14:59:31 Job terminated.
	(1) Normal termination (return value 1)
		Usr 0 00:00:01, Sys 0 00:00:01  -  Run Remote Usage
		Usr 0 00:00:00, Sys 0 00:00:00  -  Run Local Usage
		Usr 0 00:00:01, Sys 0 00:00:01  -  Total Remote Usage
		Usr 0 00:00:00, Sys 0 00:00:00  -  Total Local Usage
	2120  -  Run Bytes Sent By Job
	11456226  -  Run Bytes Received By Job
	2120  -  Total Bytes Sent By Job
	11456226  -  Total Bytes Received By Job
	Partitionable Resources :    Usage  Request Allocated 
	   Cpus                 :        0        1         1 
	   Disk (KB)            :    11215    12500     16077 
	   GPUs                 :                           0 
	   Memory (MB)          :        0     3000      3000 
	   TimeExecute (s)      :       13                    
	   TimeSlotBusy (s)     :       14                    

	Job terminated of its own accord at 2025-11-25T13:59:31Z with exit-code 1.
...
