000 (12769415.128.000) 11/08 09:45:28 Job submitted from host: <188.185.121.235:9618?addrs=188.185.121.235-9618+[2001-1458-d00-49--100-36e]-9618&alias=bigbird22.cern.ch&noUDP&sock=schedd_232129_c3ca>
...
040 (12769415.128.000) 11/08 09:56:45 Started transferring input files
	Transferring to host: <188.185.194.72:9618?addrs=188.185.194.72-9618+[2001-1458-303-21--100-44]-9618&alias=b9p20p6493.cern.ch&noUDP&sock=slot1_33_4386_156b_46235>
...
040 (12769415.128.000) 11/08 09:56:45 Finished transferring input files
...
001 (12769415.128.000) 11/08 09:56:46 Job executing on host: <188.185.194.72:9618?addrs=188.185.194.72-9618+[2001-1458-303-21--100-44]-9618&alias=b9p20p6493.cern.ch&noUDP&sock=startd_3257_9c0c>
	SlotName: slot1_33@b9p20p6493.cern.ch
	CondorScratchDir = "/pool/condor/dir_3615228"
	Cpus = 1
	Disk = 15951
	GPUs = 0
	Memory = 3000
...
006 (12769415.128.000) 11/08 09:56:59 Image size of job updated: 95584
	94  -  MemoryUsage of job (MB)
	95584  -  ResidentSetSize of job (KB)
...
006 (12769415.128.000) 11/08 09:58:06 Image size of job updated: 426648
	94  -  MemoryUsage of job (MB)
	95584  -  ResidentSetSize of job (KB)
...
040 (12769415.128.000) 11/08 09:58:06 Started transferring output files
...
040 (12769415.128.000) 11/08 09:58:06 Finished transferring output files
...
005 (12769415.128.000) 11/08 09:58:06 Job terminated.
	(1) Normal termination (return value 0)
		Usr 0 00:01:06, Sys 0 00:00:02  -  Run Remote Usage
		Usr 0 00:00:00, Sys 0 00:00:00  -  Run Local Usage
		Usr 0 00:01:06, Sys 0 00:00:02  -  Total Remote Usage
		Usr 0 00:00:00, Sys 0 00:00:00  -  Total Local Usage
	9967  -  Run Bytes Sent By Job
	11220236  -  Run Bytes Received By Job
	9967  -  Total Bytes Sent By Job
	11220236  -  Total Bytes Received By Job
	Partitionable Resources :    Usage  Request Allocated 
	   Cpus                 :        0        1         1 
	   Disk (KB)            :    10990    12500     15951 
	   GPUs                 :                           0 
	   Memory (MB)          :       94     3000      3000 
	   TimeExecute (s)      :       80                    
	   TimeSlotBusy (s)     :       81                    

	Job terminated of its own accord at 2025-11-08T08:58:06Z with exit-code 0.
...
