000 (12769415.105.000) 11/08 09:45:28 Job submitted from host: <188.185.121.235:9618?addrs=188.185.121.235-9618+[2001-1458-d00-49--100-36e]-9618&alias=bigbird22.cern.ch&noUDP&sock=schedd_232129_c3ca>
...
040 (12769415.105.000) 11/08 09:56:37 Started transferring input files
	Transferring to host: <188.185.193.34:9618?addrs=188.185.193.34-9618+[2001-1458-303-20--100-1e]-9618&alias=b9p19p5037.cern.ch&noUDP&sock=slot1_43_6893_7df1_45597>
...
040 (12769415.105.000) 11/08 09:56:37 Finished transferring input files
...
001 (12769415.105.000) 11/08 09:56:38 Job executing on host: <188.185.193.34:9618?addrs=188.185.193.34-9618+[2001-1458-303-20--100-1e]-9618&alias=b9p19p5037.cern.ch&noUDP&sock=startd_5881_748f>
	SlotName: slot1_43@b9p19p5037.cern.ch
	CondorScratchDir = "/pool/condor/dir_3114235"
	Cpus = 1
	Disk = 15996
	GPUs = 0
	Memory = 3000
...
006 (12769415.105.000) 11/08 09:56:51 Image size of job updated: 97444
	96  -  MemoryUsage of job (MB)
	97444  -  ResidentSetSize of job (KB)
...
006 (12769415.105.000) 11/08 09:58:29 Image size of job updated: 432964
	96  -  MemoryUsage of job (MB)
	97444  -  ResidentSetSize of job (KB)
...
040 (12769415.105.000) 11/08 09:58:29 Started transferring output files
...
040 (12769415.105.000) 11/08 09:58:29 Finished transferring output files
...
005 (12769415.105.000) 11/08 09:58:29 Job terminated.
	(1) Normal termination (return value 0)
		Usr 0 00:01:34, Sys 0 00:00:02  -  Run Remote Usage
		Usr 0 00:00:00, Sys 0 00:00:00  -  Run Local Usage
		Usr 0 00:01:34, Sys 0 00:00:02  -  Total Remote Usage
		Usr 0 00:00:00, Sys 0 00:00:00  -  Total Local Usage
	10494  -  Run Bytes Sent By Job
	11220236  -  Run Bytes Received By Job
	10494  -  Total Bytes Sent By Job
	11220236  -  Total Bytes Received By Job
	Partitionable Resources :    Usage  Request Allocated 
	   Cpus                 :        0        1         1 
	   Disk (KB)            :    10991    12500     15996 
	   GPUs                 :                           0 
	   Memory (MB)          :       96     3000      3000 
	   TimeExecute (s)      :      111                    
	   TimeSlotBusy (s)     :      112                    

	Job terminated of its own accord at 2025-11-08T08:58:29Z with exit-code 0.
...
