Starting job on \n
Running on: Linux b9p18p9631.cern.ch 5.14.0-570.44.1.el9_6.x86_64 #1 SMP PREEMPT_DYNAMIC Tue Sep 9 05:17:30 EDT 2025 x86_64 x86_64 x86_64 GNU/Linux\n
System software: Red Hat Enterprise Linux release 9.6 (Plow)\n
Setting up CROWN for RedHatEnterprise Version 9.6
subject   : /DC=ch/DC=cern/OU=Organic Units/OU=Users/CN=jiahua/CN=851532/CN=Jiahua Chen/CN=1735721823
issuer    : /DC=ch/DC=cern/OU=Organic Units/OU=Users/CN=jiahua/CN=851532/CN=Jiahua Chen
identity  : /DC=ch/DC=cern/OU=Organic Units/OU=Users/CN=jiahua/CN=851532/CN=Jiahua Chen
type      : RFC compliant proxy
strength  : 2048 bits
path      : /afs/cern.ch/user/j/jiahua/proxy/x509up_u139833
timeleft  : 197:45:24
key usage : Digital Signature, Key Encipherment
=== VO cms extension information ===
VO        : cms
subject   : /DC=ch/DC=cern/OU=Organic Units/OU=Users/CN=jiahua/CN=851532/CN=Jiahua Chen
issuer    : /DC=ch/DC=cern/OU=computers/CN=cms-auth.cern.ch
attribute : /cms/Role=NULL/Capability=NULL
timeleft  : 189:45:24
uri       : voms-cms-auth.cern.ch:15000
subject   : /DC=ch/DC=cern/OU=Organic Units/OU=Users/CN=jiahua/CN=851532/CN=Jiahua Chen/CN=1735721823
issuer    : /DC=ch/DC=cern/OU=Organic Units/OU=Users/CN=jiahua/CN=851532/CN=Jiahua Chen
identity  : /DC=ch/DC=cern/OU=Organic Units/OU=Users/CN=jiahua/CN=851532/CN=Jiahua Chen
type      : RFC compliant proxy
strength  : 2048 bits
path      : /afs/cern.ch/user/j/jiahua/proxy/x509up_u139833
timeleft  : 197:45:24
key usage : Digital Signature, Key Encipherment
=== VO cms extension information ===
VO        : cms
subject   : /DC=ch/DC=cern/OU=Organic Units/OU=Users/CN=jiahua/CN=851532/CN=Jiahua Chen
issuer    : /DC=ch/DC=cern/OU=computers/CN=cms-auth.cern.ch
attribute : /cms/Role=NULL/Capability=NULL
timeleft  : 189:45:24
uri       : voms-cms-auth.cern.ch:15000
/eos/user/j/jiahua/MC_2022_inc/ZZto2L2Nu_powheg_22_ext1-v2/2b0543f3-f99c-47b8-a52f-fdba6f78f6a0.root
[2025-11-08 09:53:34.200] [main] [info] Checking input files
[2025-11-08 09:53:43.634] [main] [info] NanoAOD input_file 1: root://cms-xrd-global.cern.ch//store/mc/Run3Summer22NanoAODv12/ZZto2L2Nu_TuneCP5_13p6TeV_powheg-pythia8/NANOAODSIM/130X_mcRun3_2022_realistic_v5_ext1-v2/2520000/2b0543f3-f99c-47b8-a52f-fdba6f78f6a0.root - 41296 Events
[2025-11-08 09:53:43.634] [main] [info] input_file 1: root://cms-xrd-global.cern.ch//store/mc/Run3Summer22NanoAODv12/ZZto2L2Nu_TuneCP5_13p6TeV_powheg-pythia8/NANOAODSIM/130X_mcRun3_2022_realistic_v5_ext1-v2/2520000/2b0543f3-f99c-47b8-a52f-fdba6f78f6a0.root - SumOfGenWeight: 42555.04328000002 
[2025-11-08 09:53:43.634] [main] [info] Output directory: /eos/user/j/jiahua/MC_2022_inc/ZZto2L2Nu_powheg_22_ext1-v2/2b0543f3-f99c-47b8-a52f-fdba6f78f6a0.root
[2025-11-08 09:53:43.635] [main] [info] Starting Setup of Dataframe with 41296 events
[2025-11-08 09:54:20.494] [main] [info] Finished Setup
[2025-11-08 09:54:20.494] [main] [info] Runtime for setup (real time: 36.86, CPU time: 34.70)
[2025-11-08 09:54:20.494] [main] [info] Starting Evaluation
[2025-11-08 09:54:30.616] [main] [info] 10000 / 41296 (24.22 %) Events processed ...
[2025-11-08 09:54:31.862] [main] [info] 20000 / 41296 (48.43 %) Events processed ...
[2025-11-08 09:54:33.072] [main] [info] 30000 / 41296 (72.65 %) Events processed ...
[2025-11-08 09:54:34.621] [main] [info] 40000 / 41296 (96.86 %) Events processed ...
[2025-11-08 09:54:35.022] [main] [info] vbfhmm:
Flag_goodVertices: pass=41296      all=41296      -- eff=100.00 % cumulative eff=100.00 %
Flag_globalSuperTightHalo2016Filter: pass=41294      all=41296      -- eff=100.00 % cumulative eff=100.00 %
Flag_EcalDeadCellTriggerPrimitiveFilter: pass=41293      all=41294      -- eff=100.00 % cumulative eff=99.99 %
Flag_BadPFMuonFilter: pass=41291      all=41293      -- eff=100.00 % cumulative eff=99.99 %
Flag_BadPFMuonDzFilter: pass=41291      all=41291      -- eff=100.00 % cumulative eff=99.99 %
Flag_eeBadScFilter: pass=41291      all=41291      -- eff=100.00 % cumulative eff=99.99 %
Flag_ecalBadCalibFilter: pass=41286      all=41291      -- eff=99.99 % cumulative eff=99.98 %
Flag_hfNoisyHitsFilter: pass=41285      all=41286      -- eff=100.00 % cumulative eff=99.97 %
Number of muons 2: pass=4321       all=41285      -- eff=10.47 % cumulative eff=10.46 %
DiMuon From Higgs: pass=4073       all=4321       -- eff=94.26 % cumulative eff=9.86 %
LeptonChargeSum: pass=4072       all=4073       -- eff=99.98 % cumulative eff=9.86 %
[2025-11-08 09:54:35.174] [main] [info] Writing quantities map to /eos/user/j/jiahua/MC_2022_inc/ZZto2L2Nu_powheg_22_ext1-v2/2b0543f3-f99c-47b8-a52f-fdba6f78f6a0_vbfhmm.root
[2025-11-08 09:54:35.249] [main] [info] Finished Evaluation
[2025-11-08 09:54:35.249] [main] [info] Overall runtime (real time: 51.61, CPU time: 47.50)
