Starting job on \n
Running on: Linux b9p17p3007.cern.ch 5.14.0-570.44.1.el9_6.x86_64 #1 SMP PREEMPT_DYNAMIC Tue Sep 9 05:17:30 EDT 2025 x86_64 x86_64 x86_64 GNU/Linux\n
System software: Red Hat Enterprise Linux release 9.6 (Plow)\n
Setting up CROWN for RedHatEnterprise Version 9.6
subject   : /DC=ch/DC=cern/OU=Organic Units/OU=Users/CN=jiahua/CN=851532/CN=Jiahua Chen/CN=1735721823
issuer    : /DC=ch/DC=cern/OU=Organic Units/OU=Users/CN=jiahua/CN=851532/CN=Jiahua Chen
identity  : /DC=ch/DC=cern/OU=Organic Units/OU=Users/CN=jiahua/CN=851532/CN=Jiahua Chen
type      : RFC compliant proxy
strength  : 2048 bits
path      : /afs/cern.ch/user/j/jiahua/proxy/x509up_u139833
timeleft  : 197:44:12
key usage : Digital Signature, Key Encipherment
=== VO cms extension information ===
VO        : cms
subject   : /DC=ch/DC=cern/OU=Organic Units/OU=Users/CN=jiahua/CN=851532/CN=Jiahua Chen
issuer    : /DC=ch/DC=cern/OU=computers/CN=cms-auth.cern.ch
attribute : /cms/Role=NULL/Capability=NULL
timeleft  : 189:44:12
uri       : voms-cms-auth.cern.ch:15000
subject   : /DC=ch/DC=cern/OU=Organic Units/OU=Users/CN=jiahua/CN=851532/CN=Jiahua Chen/CN=1735721823
issuer    : /DC=ch/DC=cern/OU=Organic Units/OU=Users/CN=jiahua/CN=851532/CN=Jiahua Chen
identity  : /DC=ch/DC=cern/OU=Organic Units/OU=Users/CN=jiahua/CN=851532/CN=Jiahua Chen
type      : RFC compliant proxy
strength  : 2048 bits
path      : /afs/cern.ch/user/j/jiahua/proxy/x509up_u139833
timeleft  : 197:44:12
key usage : Digital Signature, Key Encipherment
=== VO cms extension information ===
VO        : cms
subject   : /DC=ch/DC=cern/OU=Organic Units/OU=Users/CN=jiahua/CN=851532/CN=Jiahua Chen
issuer    : /DC=ch/DC=cern/OU=computers/CN=cms-auth.cern.ch
attribute : /cms/Role=NULL/Capability=NULL
timeleft  : 189:44:12
uri       : voms-cms-auth.cern.ch:15000
/eos/user/j/jiahua/MC_2022_inc/ZZto4L_powheg_22_ext1-v2/988ba94e-91fc-4a62-ab04-a4ac7892fc9c.root
[2025-11-08 09:54:46.123] [main] [info] Checking input files
[2025-11-08 09:54:55.509] [main] [info] NanoAOD input_file 1: root://cms-xrd-global.cern.ch//store/mc/Run3Summer22NanoAODv12/ZZto4L_TuneCP5_13p6TeV_powheg-pythia8/NANOAODSIM/130X_mcRun3_2022_realistic_v5_ext1-v2/2520000/988ba94e-91fc-4a62-ab04-a4ac7892fc9c.root - 5696 Events
[2025-11-08 09:54:55.509] [main] [info] input_file 1: root://cms-xrd-global.cern.ch//store/mc/Run3Summer22NanoAODv12/ZZto4L_TuneCP5_13p6TeV_powheg-pythia8/NANOAODSIM/130X_mcRun3_2022_realistic_v5_ext1-v2/2520000/988ba94e-91fc-4a62-ab04-a4ac7892fc9c.root - SumOfGenWeight: 7910.318900000001 
[2025-11-08 09:54:55.509] [main] [info] Output directory: /eos/user/j/jiahua/MC_2022_inc/ZZto4L_powheg_22_ext1-v2/988ba94e-91fc-4a62-ab04-a4ac7892fc9c.root
[2025-11-08 09:54:55.509] [main] [info] Starting Setup of Dataframe with 5696 events
[2025-11-08 09:55:34.966] [main] [info] Finished Setup
[2025-11-08 09:55:34.966] [main] [info] Runtime for setup (real time: 39.46, CPU time: 38.76)
[2025-11-08 09:55:34.966] [main] [info] Starting Evaluation
[2025-11-08 09:55:44.681] [main] [info] vbfhmm:
Flag_goodVertices: pass=5696       all=5696       -- eff=100.00 % cumulative eff=100.00 %
Flag_globalSuperTightHalo2016Filter: pass=5696       all=5696       -- eff=100.00 % cumulative eff=100.00 %
Flag_EcalDeadCellTriggerPrimitiveFilter: pass=5696       all=5696       -- eff=100.00 % cumulative eff=100.00 %
Flag_BadPFMuonFilter: pass=5695       all=5696       -- eff=99.98 % cumulative eff=99.98 %
Flag_BadPFMuonDzFilter: pass=5695       all=5695       -- eff=100.00 % cumulative eff=99.98 %
Flag_eeBadScFilter: pass=5695       all=5695       -- eff=100.00 % cumulative eff=99.98 %
Flag_ecalBadCalibFilter: pass=5695       all=5695       -- eff=100.00 % cumulative eff=99.98 %
Flag_hfNoisyHitsFilter: pass=5695       all=5695       -- eff=100.00 % cumulative eff=99.98 %
Number of muons 2: pass=604        all=5695       -- eff=10.61 % cumulative eff=10.60 %
DiMuon From Higgs: pass=460        all=604        -- eff=76.16 % cumulative eff=8.08 %
LeptonChargeSum: pass=426        all=460        -- eff=92.61 % cumulative eff=7.48 %
[2025-11-08 09:55:44.813] [main] [info] Writing quantities map to /eos/user/j/jiahua/MC_2022_inc/ZZto4L_powheg_22_ext1-v2/988ba94e-91fc-4a62-ab04-a4ac7892fc9c_vbfhmm.root
[2025-11-08 09:55:44.886] [main] [info] Finished Evaluation
[2025-11-08 09:55:44.886] [main] [info] Overall runtime (real time: 49.38, CPU time: 47.93)
