Starting job on \n
Running on: Linux b9p19p1307.cern.ch 5.14.0-570.44.1.el9_6.x86_64 #1 SMP PREEMPT_DYNAMIC Tue Sep 9 05:17:30 EDT 2025 x86_64 x86_64 x86_64 GNU/Linux\n
System software: Red Hat Enterprise Linux release 9.6 (Plow)\n
Setting up CROWN for RedHatEnterprise Version 9.6
subject   : /DC=ch/DC=cern/OU=Organic Units/OU=Users/CN=jiahua/CN=851532/CN=Jiahua Chen/CN=1735721823
issuer    : /DC=ch/DC=cern/OU=Organic Units/OU=Users/CN=jiahua/CN=851532/CN=Jiahua Chen
identity  : /DC=ch/DC=cern/OU=Organic Units/OU=Users/CN=jiahua/CN=851532/CN=Jiahua Chen
type      : RFC compliant proxy
strength  : 2048 bits
path      : /afs/cern.ch/user/j/jiahua/proxy/x509up_u139833
timeleft  : 197:44:27
key usage : Digital Signature, Key Encipherment
=== VO cms extension information ===
VO        : cms
subject   : /DC=ch/DC=cern/OU=Organic Units/OU=Users/CN=jiahua/CN=851532/CN=Jiahua Chen
issuer    : /DC=ch/DC=cern/OU=computers/CN=cms-auth.cern.ch
attribute : /cms/Role=NULL/Capability=NULL
timeleft  : 189:44:27
uri       : voms-cms-auth.cern.ch:15000
subject   : /DC=ch/DC=cern/OU=Organic Units/OU=Users/CN=jiahua/CN=851532/CN=Jiahua Chen/CN=1735721823
issuer    : /DC=ch/DC=cern/OU=Organic Units/OU=Users/CN=jiahua/CN=851532/CN=Jiahua Chen
identity  : /DC=ch/DC=cern/OU=Organic Units/OU=Users/CN=jiahua/CN=851532/CN=Jiahua Chen
type      : RFC compliant proxy
strength  : 2048 bits
path      : /afs/cern.ch/user/j/jiahua/proxy/x509up_u139833
timeleft  : 197:44:27
key usage : Digital Signature, Key Encipherment
=== VO cms extension information ===
VO        : cms
subject   : /DC=ch/DC=cern/OU=Organic Units/OU=Users/CN=jiahua/CN=851532/CN=Jiahua Chen
issuer    : /DC=ch/DC=cern/OU=computers/CN=cms-auth.cern.ch
attribute : /cms/Role=NULL/Capability=NULL
timeleft  : 189:44:27
uri       : voms-cms-auth.cern.ch:15000
/eos/user/j/jiahua/MC_2022_inc/ZZto4L_powheg_22_ext1-v2/bc2df857-0e5b-4333-8c56-9dd044a641be.root
[2025-11-08 09:54:32.042] [main] [info] Checking input files
[2025-11-08 09:54:43.770] [main] [info] NanoAOD input_file 1: root://cms-xrd-global.cern.ch//store/mc/Run3Summer22NanoAODv12/ZZto4L_TuneCP5_13p6TeV_powheg-pythia8/NANOAODSIM/130X_mcRun3_2022_realistic_v5_ext1-v2/2520000/bc2df857-0e5b-4333-8c56-9dd044a641be.root - 16376 Events
[2025-11-08 09:54:43.770] [main] [info] input_file 1: root://cms-xrd-global.cern.ch//store/mc/Run3Summer22NanoAODv12/ZZto4L_TuneCP5_13p6TeV_powheg-pythia8/NANOAODSIM/130X_mcRun3_2022_realistic_v5_ext1-v2/2520000/bc2df857-0e5b-4333-8c56-9dd044a641be.root - SumOfGenWeight: 22803.636899999998 
[2025-11-08 09:54:43.770] [main] [info] Output directory: /eos/user/j/jiahua/MC_2022_inc/ZZto4L_powheg_22_ext1-v2/bc2df857-0e5b-4333-8c56-9dd044a641be.root
[2025-11-08 09:54:43.771] [main] [info] Starting Setup of Dataframe with 16376 events
[2025-11-08 09:55:50.734] [main] [info] Finished Setup
[2025-11-08 09:55:50.734] [main] [info] Runtime for setup (real time: 66.96, CPU time: 65.19)
[2025-11-08 09:55:50.734] [main] [info] Starting Evaluation
[2025-11-08 09:56:07.957] [main] [info] 10000 / 16376 (61.06 %) Events processed ...
[2025-11-08 09:56:09.620] [main] [info] vbfhmm:
Flag_goodVertices: pass=16376      all=16376      -- eff=100.00 % cumulative eff=100.00 %
Flag_globalSuperTightHalo2016Filter: pass=16375      all=16376      -- eff=99.99 % cumulative eff=99.99 %
Flag_EcalDeadCellTriggerPrimitiveFilter: pass=16375      all=16375      -- eff=100.00 % cumulative eff=99.99 %
Flag_BadPFMuonFilter: pass=16374      all=16375      -- eff=99.99 % cumulative eff=99.99 %
Flag_BadPFMuonDzFilter: pass=16374      all=16374      -- eff=100.00 % cumulative eff=99.99 %
Flag_eeBadScFilter: pass=16374      all=16374      -- eff=100.00 % cumulative eff=99.99 %
Flag_ecalBadCalibFilter: pass=16374      all=16374      -- eff=100.00 % cumulative eff=99.99 %
Flag_hfNoisyHitsFilter: pass=16374      all=16374      -- eff=100.00 % cumulative eff=99.99 %
Number of muons 2: pass=1722       all=16374      -- eff=10.52 % cumulative eff=10.52 %
DiMuon From Higgs: pass=1314       all=1722       -- eff=76.31 % cumulative eff=8.02 %
LeptonChargeSum: pass=1215       all=1314       -- eff=92.47 % cumulative eff=7.42 %
[2025-11-08 09:56:09.779] [main] [info] Writing quantities map to /eos/user/j/jiahua/MC_2022_inc/ZZto4L_powheg_22_ext1-v2/bc2df857-0e5b-4333-8c56-9dd044a641be_vbfhmm.root
[2025-11-08 09:56:09.846] [main] [info] Finished Evaluation
[2025-11-08 09:56:09.846] [main] [info] Overall runtime (real time: 86.08, CPU time: 83.06)
