Starting job on \n
Running on: Linux b9p06p6135.cern.ch 5.14.0-570.42.2.el9_6.x86_64 #1 SMP PREEMPT_DYNAMIC Mon Sep 8 12:15:13 EDT 2025 x86_64 x86_64 x86_64 GNU/Linux\n
System software: Red Hat Enterprise Linux release 9.6 (Plow)\n
Setting up CROWN for RedHatEnterprise Version 9.6
subject   : /DC=ch/DC=cern/OU=Organic Units/OU=Users/CN=jiahua/CN=851532/CN=Jiahua Chen/CN=1735721823
issuer    : /DC=ch/DC=cern/OU=Organic Units/OU=Users/CN=jiahua/CN=851532/CN=Jiahua Chen
identity  : /DC=ch/DC=cern/OU=Organic Units/OU=Users/CN=jiahua/CN=851532/CN=Jiahua Chen
type      : RFC compliant proxy
strength  : 2048 bits
path      : /afs/cern.ch/user/j/jiahua/proxy/x509up_u139833
timeleft  : 197:42:22
key usage : Digital Signature, Key Encipherment
=== VO cms extension information ===
VO        : cms
subject   : /DC=ch/DC=cern/OU=Organic Units/OU=Users/CN=jiahua/CN=851532/CN=Jiahua Chen
issuer    : /DC=ch/DC=cern/OU=computers/CN=cms-auth.cern.ch
attribute : /cms/Role=NULL/Capability=NULL
timeleft  : 189:42:22
uri       : voms-cms-auth.cern.ch:15000
subject   : /DC=ch/DC=cern/OU=Organic Units/OU=Users/CN=jiahua/CN=851532/CN=Jiahua Chen/CN=1735721823
issuer    : /DC=ch/DC=cern/OU=Organic Units/OU=Users/CN=jiahua/CN=851532/CN=Jiahua Chen
identity  : /DC=ch/DC=cern/OU=Organic Units/OU=Users/CN=jiahua/CN=851532/CN=Jiahua Chen
type      : RFC compliant proxy
strength  : 2048 bits
path      : /afs/cern.ch/user/j/jiahua/proxy/x509up_u139833
timeleft  : 197:42:22
key usage : Digital Signature, Key Encipherment
=== VO cms extension information ===
VO        : cms
subject   : /DC=ch/DC=cern/OU=Organic Units/OU=Users/CN=jiahua/CN=851532/CN=Jiahua Chen
issuer    : /DC=ch/DC=cern/OU=computers/CN=cms-auth.cern.ch
attribute : /cms/Role=NULL/Capability=NULL
timeleft  : 189:42:22
uri       : voms-cms-auth.cern.ch:15000
/eos/user/j/jiahua/MC_2022_inc/ZZto2L2Q_powheg_22_ext1-v2/c4ba5aab-bee9-4a32-9740-71e6e8d44fd5.root
[2025-11-08 09:56:36.868] [main] [info] Checking input files
[2025-11-08 09:56:47.614] [main] [info] NanoAOD input_file 1: root://cms-xrd-global.cern.ch//store/mc/Run3Summer22NanoAODv12/ZZto2L2Q_TuneCP5_13p6TeV_powheg-pythia8/NANOAODSIM/130X_mcRun3_2022_realistic_v5_ext1-v2/2530000/c4ba5aab-bee9-4a32-9740-71e6e8d44fd5.root - 6354 Events
[2025-11-08 09:56:47.614] [main] [info] input_file 1: root://cms-xrd-global.cern.ch//store/mc/Run3Summer22NanoAODv12/ZZto2L2Q_TuneCP5_13p6TeV_powheg-pythia8/NANOAODSIM/130X_mcRun3_2022_realistic_v5_ext1-v2/2530000/c4ba5aab-bee9-4a32-9740-71e6e8d44fd5.root - SumOfGenWeight: 43202.40600000001 
[2025-11-08 09:56:47.614] [main] [info] Output directory: /eos/user/j/jiahua/MC_2022_inc/ZZto2L2Q_powheg_22_ext1-v2/c4ba5aab-bee9-4a32-9740-71e6e8d44fd5.root
[2025-11-08 09:56:47.617] [main] [info] Starting Setup of Dataframe with 6354 events
[2025-11-08 09:57:33.315] [main] [info] Finished Setup
[2025-11-08 09:57:33.315] [main] [info] Runtime for setup (real time: 45.70, CPU time: 44.54)
[2025-11-08 09:57:33.315] [main] [info] Starting Evaluation
[2025-11-08 09:57:46.514] [main] [info] vbfhmm:
Flag_goodVertices: pass=6354       all=6354       -- eff=100.00 % cumulative eff=100.00 %
Flag_globalSuperTightHalo2016Filter: pass=6353       all=6354       -- eff=99.98 % cumulative eff=99.98 %
Flag_EcalDeadCellTriggerPrimitiveFilter: pass=6353       all=6353       -- eff=100.00 % cumulative eff=99.98 %
Flag_BadPFMuonFilter: pass=6353       all=6353       -- eff=100.00 % cumulative eff=99.98 %
Flag_BadPFMuonDzFilter: pass=6353       all=6353       -- eff=100.00 % cumulative eff=99.98 %
Flag_eeBadScFilter: pass=6353       all=6353       -- eff=100.00 % cumulative eff=99.98 %
Flag_ecalBadCalibFilter: pass=6353       all=6353       -- eff=100.00 % cumulative eff=99.98 %
Flag_hfNoisyHitsFilter: pass=6353       all=6353       -- eff=100.00 % cumulative eff=99.98 %
Number of muons 2: pass=472        all=6353       -- eff=7.43 % cumulative eff=7.43 %
DiMuon From Higgs: pass=433        all=472        -- eff=91.74 % cumulative eff=6.81 %
LeptonChargeSum: pass=432        all=433        -- eff=99.77 % cumulative eff=6.80 %
[2025-11-08 09:57:46.740] [main] [info] Writing quantities map to /eos/user/j/jiahua/MC_2022_inc/ZZto2L2Q_powheg_22_ext1-v2/c4ba5aab-bee9-4a32-9740-71e6e8d44fd5_vbfhmm.root
[2025-11-08 09:57:46.808] [main] [info] Finished Evaluation
[2025-11-08 09:57:46.808] [main] [info] Overall runtime (real time: 59.19, CPU time: 56.75)
