000 (12769415.058.000) 11/08 09:45:28 Job submitted from host: <188.185.121.235:9618?addrs=188.185.121.235-9618+[2001-1458-d00-49--100-36e]-9618&alias=bigbird22.cern.ch&noUDP&sock=schedd_232129_c3ca>
...
040 (12769415.058.000) 11/08 09:56:21 Started transferring input files
	Transferring to host: <188.185.214.68:9618?addrs=188.185.214.68-9618+[2001-1458-303-1c--100-40]-9618&alias=b9p29p9608.cern.ch&noUDP&sock=slot1_25_10040_d691_58528>
...
040 (12769415.058.000) 11/08 09:56:21 Finished transferring input files
...
001 (12769415.058.000) 11/08 09:56:22 Job executing on host: <188.185.214.68:9618?addrs=188.185.214.68-9618+[2001-1458-303-1c--100-40]-9618&alias=b9p29p9608.cern.ch&noUDP&sock=startd_9082_1337>
	SlotName: slot1_25@b9p29p9608.cern.ch
	CondorScratchDir = "/pool/condor/dir_2374173"
	Cpus = 1
	Disk = 16092
	GPUs = 0
	Memory = 3000
...
006 (12769415.058.000) 11/08 09:56:35 Image size of job updated: 94564
	93  -  MemoryUsage of job (MB)
	94564  -  ResidentSetSize of job (KB)
...
006 (12769415.058.000) 11/08 09:57:38 Image size of job updated: 426976
	93  -  MemoryUsage of job (MB)
	94564  -  ResidentSetSize of job (KB)
...
040 (12769415.058.000) 11/08 09:57:38 Started transferring output files
...
040 (12769415.058.000) 11/08 09:57:38 Finished transferring output files
...
005 (12769415.058.000) 11/08 09:57:38 Job terminated.
	(1) Normal termination (return value 0)
		Usr 0 00:00:49, Sys 0 00:00:02  -  Run Remote Usage
		Usr 0 00:00:00, Sys 0 00:00:00  -  Run Local Usage
		Usr 0 00:00:49, Sys 0 00:00:02  -  Total Remote Usage
		Usr 0 00:00:00, Sys 0 00:00:00  -  Total Local Usage
	10222  -  Run Bytes Sent By Job
	11220236  -  Run Bytes Received By Job
	10222  -  Total Bytes Sent By Job
	11220236  -  Total Bytes Received By Job
	Partitionable Resources :    Usage  Request Allocated 
	   Cpus                 :     0.99        1         1 
	   Disk (KB)            : 10990       12500     16092 
	   GPUs                 :                           0 
	   Memory (MB)          :    93        3000      3000 
	   TimeExecute (s)      :    76                       
	   TimeSlotBusy (s)     :    77                       

	Job terminated of its own accord at 2025-11-08T08:57:38Z with exit-code 0.
...
