Starting job on \n
Running on: Linux b9p31p6172.cern.ch 5.14.0-570.44.1.el9_6.x86_64 #1 SMP PREEMPT_DYNAMIC Tue Sep 9 05:17:30 EDT 2025 x86_64 x86_64 x86_64 GNU/Linux\n
System software: Red Hat Enterprise Linux release 9.6 (Plow)\n
Setting up CROWN for RedHatEnterprise Version 9.6
subject   : /DC=ch/DC=cern/OU=Organic Units/OU=Users/CN=jiahua/CN=851532/CN=Jiahua Chen/CN=1735721823
issuer    : /DC=ch/DC=cern/OU=Organic Units/OU=Users/CN=jiahua/CN=851532/CN=Jiahua Chen
identity  : /DC=ch/DC=cern/OU=Organic Units/OU=Users/CN=jiahua/CN=851532/CN=Jiahua Chen
type      : RFC compliant proxy
strength  : 2048 bits
path      : /afs/cern.ch/user/j/jiahua/proxy/x509up_u139833
timeleft  : 197:44:52
key usage : Digital Signature, Key Encipherment
=== VO cms extension information ===
VO        : cms
subject   : /DC=ch/DC=cern/OU=Organic Units/OU=Users/CN=jiahua/CN=851532/CN=Jiahua Chen
issuer    : /DC=ch/DC=cern/OU=computers/CN=cms-auth.cern.ch
attribute : /cms/Role=NULL/Capability=NULL
timeleft  : 189:44:52
uri       : voms-cms-auth.cern.ch:15000
subject   : /DC=ch/DC=cern/OU=Organic Units/OU=Users/CN=jiahua/CN=851532/CN=Jiahua Chen/CN=1735721823
issuer    : /DC=ch/DC=cern/OU=Organic Units/OU=Users/CN=jiahua/CN=851532/CN=Jiahua Chen
identity  : /DC=ch/DC=cern/OU=Organic Units/OU=Users/CN=jiahua/CN=851532/CN=Jiahua Chen
type      : RFC compliant proxy
strength  : 2048 bits
path      : /afs/cern.ch/user/j/jiahua/proxy/x509up_u139833
timeleft  : 197:44:52
key usage : Digital Signature, Key Encipherment
=== VO cms extension information ===
VO        : cms
subject   : /DC=ch/DC=cern/OU=Organic Units/OU=Users/CN=jiahua/CN=851532/CN=Jiahua Chen
issuer    : /DC=ch/DC=cern/OU=computers/CN=cms-auth.cern.ch
attribute : /cms/Role=NULL/Capability=NULL
timeleft  : 189:44:52
uri       : voms-cms-auth.cern.ch:15000
/eos/user/j/jiahua/MC_2022_inc/ZZto2L2Nu_powheg_22_ext1-v2/8915456f-bac6-471a-9682-4ba97de14e3a.root
[2025-11-08 09:54:06.714] [main] [info] Checking input files
[2025-11-08 09:54:15.899] [main] [info] NanoAOD input_file 1: root://cms-xrd-global.cern.ch//store/mc/Run3Summer22NanoAODv12/ZZto2L2Nu_TuneCP5_13p6TeV_powheg-pythia8/NANOAODSIM/130X_mcRun3_2022_realistic_v5_ext1-v2/40000/8915456f-bac6-471a-9682-4ba97de14e3a.root - 2848 Events
[2025-11-08 09:54:15.901] [main] [info] input_file 1: root://cms-xrd-global.cern.ch//store/mc/Run3Summer22NanoAODv12/ZZto2L2Nu_TuneCP5_13p6TeV_powheg-pythia8/NANOAODSIM/130X_mcRun3_2022_realistic_v5_ext1-v2/40000/8915456f-bac6-471a-9682-4ba97de14e3a.root - SumOfGenWeight: 2933.9756000000007 
[2025-11-08 09:54:15.901] [main] [info] Output directory: /eos/user/j/jiahua/MC_2022_inc/ZZto2L2Nu_powheg_22_ext1-v2/8915456f-bac6-471a-9682-4ba97de14e3a.root
[2025-11-08 09:54:15.902] [main] [info] Starting Setup of Dataframe with 2848 events
[2025-11-08 09:55:01.450] [main] [info] Finished Setup
[2025-11-08 09:55:01.450] [main] [info] Runtime for setup (real time: 45.55, CPU time: 36.39)
[2025-11-08 09:55:01.450] [main] [info] Starting Evaluation
[2025-11-08 09:55:11.914] [main] [info] vbfhmm:
Flag_goodVertices: pass=2848       all=2848       -- eff=100.00 % cumulative eff=100.00 %
Flag_globalSuperTightHalo2016Filter: pass=2848       all=2848       -- eff=100.00 % cumulative eff=100.00 %
Flag_EcalDeadCellTriggerPrimitiveFilter: pass=2848       all=2848       -- eff=100.00 % cumulative eff=100.00 %
Flag_BadPFMuonFilter: pass=2848       all=2848       -- eff=100.00 % cumulative eff=100.00 %
Flag_BadPFMuonDzFilter: pass=2848       all=2848       -- eff=100.00 % cumulative eff=100.00 %
Flag_eeBadScFilter: pass=2848       all=2848       -- eff=100.00 % cumulative eff=100.00 %
Flag_ecalBadCalibFilter: pass=2847       all=2848       -- eff=99.96 % cumulative eff=99.96 %
Flag_hfNoisyHitsFilter: pass=2847       all=2847       -- eff=100.00 % cumulative eff=99.96 %
Number of muons 2: pass=285        all=2847       -- eff=10.01 % cumulative eff=10.01 %
DiMuon From Higgs: pass=267        all=285        -- eff=93.68 % cumulative eff=9.38 %
LeptonChargeSum: pass=267        all=267        -- eff=100.00 % cumulative eff=9.38 %
[2025-11-08 09:55:12.083] [main] [info] Writing quantities map to /eos/user/j/jiahua/MC_2022_inc/ZZto2L2Nu_powheg_22_ext1-v2/8915456f-bac6-471a-9682-4ba97de14e3a_vbfhmm.root
[2025-11-08 09:55:12.170] [main] [info] Finished Evaluation
[2025-11-08 09:55:12.170] [main] [info] Overall runtime (real time: 56.27, CPU time: 44.58)
