000 (12769415.024.000) 11/08 09:45:28 Job submitted from host: <188.185.121.235:9618?addrs=188.185.121.235-9618+[2001-1458-d00-49--100-36e]-9618&alias=bigbird22.cern.ch&noUDP&sock=schedd_232129_c3ca>
...
040 (12769415.024.000) 11/08 09:56:10 Started transferring input files
	Transferring to host: <188.185.194.83:9618?addrs=188.185.194.83-9618+[2001-1458-303-21--100-4f]-9618&alias=b9p20p4442.cern.ch&noUDP&sock=slot1_28_7168_411d_47051>
...
040 (12769415.024.000) 11/08 09:56:10 Finished transferring input files
...
001 (12769415.024.000) 11/08 09:56:11 Job executing on host: <188.185.194.83:9618?addrs=188.185.194.83-9618+[2001-1458-303-21--100-4f]-9618&alias=b9p20p4442.cern.ch&noUDP&sock=startd_6080_f3e8>
	SlotName: slot1_28@b9p20p4442.cern.ch
	CondorScratchDir = "/pool/condor/dir_2270058"
	Cpus = 1
	Disk = 16071
	GPUs = 0
	Memory = 3000
...
006 (12769415.024.000) 11/08 09:56:24 Image size of job updated: 94596
	93  -  MemoryUsage of job (MB)
	94596  -  ResidentSetSize of job (KB)
...
006 (12769415.024.000) 11/08 09:58:16 Image size of job updated: 440272
	93  -  MemoryUsage of job (MB)
	94596  -  ResidentSetSize of job (KB)
...
040 (12769415.024.000) 11/08 09:58:16 Started transferring output files
...
040 (12769415.024.000) 11/08 09:58:16 Finished transferring output files
...
005 (12769415.024.000) 11/08 09:58:16 Job terminated.
	(1) Normal termination (return value 0)
		Usr 0 00:01:46, Sys 0 00:00:02  -  Run Remote Usage
		Usr 0 00:00:00, Sys 0 00:00:00  -  Run Local Usage
		Usr 0 00:01:46, Sys 0 00:00:02  -  Total Remote Usage
		Usr 0 00:00:00, Sys 0 00:00:00  -  Total Local Usage
	11533  -  Run Bytes Sent By Job
	11220236  -  Run Bytes Received By Job
	11533  -  Total Bytes Sent By Job
	11220236  -  Total Bytes Received By Job
	Partitionable Resources :    Usage  Request Allocated 
	   Cpus                 :        0        1         1 
	   Disk (KB)            :    10992    12500     16071 
	   GPUs                 :                           0 
	   Memory (MB)          :       93     3000      3000 
	   TimeExecute (s)      :      125                    
	   TimeSlotBusy (s)     :      126                    

	Job terminated of its own accord at 2025-11-08T08:58:16Z with exit-code 0.
...
