000 (12769415.143.000) 11/08 09:45:28 Job submitted from host: <188.185.121.235:9618?addrs=188.185.121.235-9618+[2001-1458-d00-49--100-36e]-9618&alias=bigbird22.cern.ch&noUDP&sock=schedd_232129_c3ca>
...
040 (12769415.143.000) 11/08 09:56:50 Started transferring input files
	Transferring to host: <188.185.192.176:9618?addrs=188.185.192.176-9618+[2001-1458-303-1f--100-ac]-9618&alias=b9p13p0499.cern.ch&noUDP&sock=slot1_30_6313_d45a_50108>
...
040 (12769415.143.000) 11/08 09:56:50 Finished transferring input files
...
001 (12769415.143.000) 11/08 09:56:51 Job executing on host: <188.185.192.176:9618?addrs=188.185.192.176-9618+[2001-1458-303-1f--100-ac]-9618&alias=b9p13p0499.cern.ch&noUDP&sock=startd_4613_b678>
	SlotName: slot1_30@b9p13p0499.cern.ch
	CondorScratchDir = "/pool/condor/dir_1882104"
	Cpus = 1
	Disk = 15820
	GPUs = 0
	Memory = 3000
...
006 (12769415.143.000) 11/08 09:57:05 Image size of job updated: 93516
	92  -  MemoryUsage of job (MB)
	93516  -  ResidentSetSize of job (KB)
...
006 (12769415.143.000) 11/08 09:58:19 Image size of job updated: 398976
	92  -  MemoryUsage of job (MB)
	93516  -  ResidentSetSize of job (KB)
...
040 (12769415.143.000) 11/08 09:58:19 Started transferring output files
...
040 (12769415.143.000) 11/08 09:58:19 Finished transferring output files
...
005 (12769415.143.000) 11/08 09:58:19 Job terminated.
	(1) Normal termination (return value 0)
		Usr 0 00:01:12, Sys 0 00:00:02  -  Run Remote Usage
		Usr 0 00:00:00, Sys 0 00:00:00  -  Run Local Usage
		Usr 0 00:01:12, Sys 0 00:00:02  -  Total Remote Usage
		Usr 0 00:00:00, Sys 0 00:00:00  -  Total Local Usage
	9462  -  Run Bytes Sent By Job
	11220236  -  Run Bytes Received By Job
	9462  -  Total Bytes Sent By Job
	11220236  -  Total Bytes Received By Job
	Partitionable Resources :    Usage  Request Allocated 
	   Cpus                 :        0        1         1 
	   Disk (KB)            :    10990    12500     15820 
	   GPUs                 :                           0 
	   Memory (MB)          :       92     3000      3000 
	   TimeExecute (s)      :       88                    
	   TimeSlotBusy (s)     :       89                    

	Job terminated of its own accord at 2025-11-08T08:58:19Z with exit-code 0.
...
