000 (12769412.061.000) 11/08 09:45:25 Job submitted from host: <188.185.121.235:9618?addrs=188.185.121.235-9618+[2001-1458-d00-49--100-36e]-9618&alias=bigbird22.cern.ch&noUDP&sock=schedd_232129_c3ca>
...
040 (12769412.061.000) 11/08 09:53:01 Started transferring input files
	Transferring to host: <188.185.215.188:9618?addrs=188.185.215.188-9618+[2001-1458-303-26--100-38]-9618&alias=b9p18p2077.cern.ch&noUDP&sock=slot1_45_3116_40f8_50955>
...
040 (12769412.061.000) 11/08 09:53:01 Finished transferring input files
...
001 (12769412.061.000) 11/08 09:53:02 Job executing on host: <188.185.215.188:9618?addrs=188.185.215.188-9618+[2001-1458-303-26--100-38]-9618&alias=b9p18p2077.cern.ch&noUDP&sock=startd_2643_74e6>
	SlotName: slot1_45@b9p18p2077.cern.ch
	CondorScratchDir = "/pool/condor/dir_2461550"
	Cpus = 1
	Disk = 15524
	GPUs = 0
	Memory = 3000
...
006 (12769412.061.000) 11/08 09:53:16 Image size of job updated: 93568
	92  -  MemoryUsage of job (MB)
	93568  -  ResidentSetSize of job (KB)
...
006 (12769412.061.000) 11/08 09:55:06 Image size of job updated: 437800
	92  -  MemoryUsage of job (MB)
	93568  -  ResidentSetSize of job (KB)
...
040 (12769412.061.000) 11/08 09:55:06 Started transferring output files
...
040 (12769412.061.000) 11/08 09:55:06 Finished transferring output files
...
005 (12769412.061.000) 11/08 09:55:07 Job terminated.
	(1) Normal termination (return value 0)
		Usr 0 00:01:16, Sys 0 00:00:03  -  Run Remote Usage
		Usr 0 00:00:00, Sys 0 00:00:00  -  Run Local Usage
		Usr 0 00:01:16, Sys 0 00:00:03  -  Total Remote Usage
		Usr 0 00:00:00, Sys 0 00:00:00  -  Total Local Usage
	11017  -  Run Bytes Sent By Job
	11220236  -  Run Bytes Received By Job
	11017  -  Total Bytes Sent By Job
	11220236  -  Total Bytes Received By Job
	Partitionable Resources :    Usage  Request Allocated 
	   Cpus                 :        0        1         1 
	   Disk (KB)            :    10991    12500     15524 
	   GPUs                 :                           0 
	   Memory (MB)          :       92     3000      3000 
	   TimeExecute (s)      :      124                    
	   TimeSlotBusy (s)     :      126                    

	Job terminated of its own accord at 2025-11-08T08:55:06Z with exit-code 0.
...
