000 (12769412.253.000) 11/08 09:45:25 Job submitted from host: <188.185.121.235:9618?addrs=188.185.121.235-9618+[2001-1458-d00-49--100-36e]-9618&alias=bigbird22.cern.ch&noUDP&sock=schedd_232129_c3ca>
...
040 (12769412.253.000) 11/08 09:54:06 Started transferring input files
	Transferring to host: <188.185.206.229:9618?addrs=188.185.206.229-9618+[2001-1458-303-c--100-62]-9618&alias=b9p06p0127.cern.ch&noUDP&sock=slot1_24_7095_d1ba_48822>
...
040 (12769412.253.000) 11/08 09:54:06 Finished transferring input files
...
001 (12769412.253.000) 11/08 09:54:07 Job executing on host: <188.185.206.229:9618?addrs=188.185.206.229-9618+[2001-1458-303-c--100-62]-9618&alias=b9p06p0127.cern.ch&noUDP&sock=startd_6111_3757>
	SlotName: slot1_24@b9p06p0127.cern.ch
	CondorScratchDir = "/pool/condor/dir_1185361"
	Cpus = 1
	Disk = 15779
	GPUs = 0
	Memory = 3000
...
006 (12769412.253.000) 11/08 09:54:21 Image size of job updated: 95500
	94  -  MemoryUsage of job (MB)
	95500  -  ResidentSetSize of job (KB)
...
006 (12769412.253.000) 11/08 09:55:10 Image size of job updated: 420124
	94  -  MemoryUsage of job (MB)
	95500  -  ResidentSetSize of job (KB)
...
040 (12769412.253.000) 11/08 09:55:10 Started transferring output files
...
040 (12769412.253.000) 11/08 09:55:10 Finished transferring output files
...
005 (12769412.253.000) 11/08 09:55:10 Job terminated.
	(1) Normal termination (return value 0)
		Usr 0 00:00:46, Sys 0 00:00:02  -  Run Remote Usage
		Usr 0 00:00:00, Sys 0 00:00:00  -  Run Local Usage
		Usr 0 00:00:46, Sys 0 00:00:02  -  Total Remote Usage
		Usr 0 00:00:00, Sys 0 00:00:00  -  Total Local Usage
	9640  -  Run Bytes Sent By Job
	11220236  -  Run Bytes Received By Job
	9640  -  Total Bytes Sent By Job
	11220236  -  Total Bytes Received By Job
	Partitionable Resources :    Usage  Request Allocated 
	   Cpus                 :        0        1         1 
	   Disk (KB)            :    10990    12500     15779 
	   GPUs                 :                           0 
	   Memory (MB)          :       94     3000      3000 
	   TimeExecute (s)      :       63                    
	   TimeSlotBusy (s)     :       64                    

	Job terminated of its own accord at 2025-11-08T08:55:10Z with exit-code 0.
...
