Starting job on \n
Running on: Linux b9p20p3637.cern.ch 5.14.0-570.44.1.el9_6.x86_64 #1 SMP PREEMPT_DYNAMIC Tue Sep 9 05:17:30 EDT 2025 x86_64 x86_64 x86_64 GNU/Linux\n
System software: Red Hat Enterprise Linux release 9.6 (Plow)\n
Setting up CROWN for RedHatEnterprise Version 9.6
subject   : /DC=ch/DC=cern/OU=Organic Units/OU=Users/CN=jiahua/CN=851532/CN=Jiahua Chen/CN=1735721823
issuer    : /DC=ch/DC=cern/OU=Organic Units/OU=Users/CN=jiahua/CN=851532/CN=Jiahua Chen
identity  : /DC=ch/DC=cern/OU=Organic Units/OU=Users/CN=jiahua/CN=851532/CN=Jiahua Chen
type      : RFC compliant proxy
strength  : 2048 bits
path      : /afs/cern.ch/user/j/jiahua/proxy/x509up_u139833
timeleft  : 197:43:40
key usage : Digital Signature, Key Encipherment
=== VO cms extension information ===
VO        : cms
subject   : /DC=ch/DC=cern/OU=Organic Units/OU=Users/CN=jiahua/CN=851532/CN=Jiahua Chen
issuer    : /DC=ch/DC=cern/OU=computers/CN=cms-auth.cern.ch
attribute : /cms/Role=NULL/Capability=NULL
timeleft  : 189:43:40
uri       : voms-cms-auth.cern.ch:15000
subject   : /DC=ch/DC=cern/OU=Organic Units/OU=Users/CN=jiahua/CN=851532/CN=Jiahua Chen/CN=1735721823
issuer    : /DC=ch/DC=cern/OU=Organic Units/OU=Users/CN=jiahua/CN=851532/CN=Jiahua Chen
identity  : /DC=ch/DC=cern/OU=Organic Units/OU=Users/CN=jiahua/CN=851532/CN=Jiahua Chen
type      : RFC compliant proxy
strength  : 2048 bits
path      : /afs/cern.ch/user/j/jiahua/proxy/x509up_u139833
timeleft  : 197:43:40
key usage : Digital Signature, Key Encipherment
=== VO cms extension information ===
VO        : cms
subject   : /DC=ch/DC=cern/OU=Organic Units/OU=Users/CN=jiahua/CN=851532/CN=Jiahua Chen
issuer    : /DC=ch/DC=cern/OU=computers/CN=cms-auth.cern.ch
attribute : /cms/Role=NULL/Capability=NULL
timeleft  : 189:43:40
uri       : voms-cms-auth.cern.ch:15000
/eos/user/j/jiahua/MC_2022_inc/ZZto4L_powheg_22_ext1-v2/1f535f82-f91d-4b27-8ffc-c8ca83765230.root
[2025-11-08 09:55:18.672] [main] [info] Checking input files
[2025-11-08 09:55:30.356] [main] [info] NanoAOD input_file 1: root://cms-xrd-global.cern.ch//store/mc/Run3Summer22NanoAODv12/ZZto4L_TuneCP5_13p6TeV_powheg-pythia8/NANOAODSIM/130X_mcRun3_2022_realistic_v5_ext1-v2/2530000/1f535f82-f91d-4b27-8ffc-c8ca83765230.root - 11392 Events
[2025-11-08 09:55:30.356] [main] [info] input_file 1: root://cms-xrd-global.cern.ch//store/mc/Run3Summer22NanoAODv12/ZZto4L_TuneCP5_13p6TeV_powheg-pythia8/NANOAODSIM/130X_mcRun3_2022_realistic_v5_ext1-v2/2530000/1f535f82-f91d-4b27-8ffc-c8ca83765230.root - SumOfGenWeight: 15809.397560000001 
[2025-11-08 09:55:30.356] [main] [info] Output directory: /eos/user/j/jiahua/MC_2022_inc/ZZto4L_powheg_22_ext1-v2/1f535f82-f91d-4b27-8ffc-c8ca83765230.root
[2025-11-08 09:55:30.357] [main] [info] Starting Setup of Dataframe with 11392 events
[2025-11-08 09:56:17.709] [main] [info] Finished Setup
[2025-11-08 09:56:17.709] [main] [info] Runtime for setup (real time: 47.35, CPU time: 46.49)
[2025-11-08 09:56:17.709] [main] [info] Starting Evaluation
[2025-11-08 09:56:29.878] [main] [info] 10000 / 11392 (87.78 %) Events processed ...
[2025-11-08 09:56:30.308] [main] [info] vbfhmm:
Flag_goodVertices: pass=11392      all=11392      -- eff=100.00 % cumulative eff=100.00 %
Flag_globalSuperTightHalo2016Filter: pass=11392      all=11392      -- eff=100.00 % cumulative eff=100.00 %
Flag_EcalDeadCellTriggerPrimitiveFilter: pass=11391      all=11392      -- eff=99.99 % cumulative eff=99.99 %
Flag_BadPFMuonFilter: pass=11391      all=11391      -- eff=100.00 % cumulative eff=99.99 %
Flag_BadPFMuonDzFilter: pass=11391      all=11391      -- eff=100.00 % cumulative eff=99.99 %
Flag_eeBadScFilter: pass=11391      all=11391      -- eff=100.00 % cumulative eff=99.99 %
Flag_ecalBadCalibFilter: pass=11390      all=11391      -- eff=99.99 % cumulative eff=99.98 %
Flag_hfNoisyHitsFilter: pass=11390      all=11390      -- eff=100.00 % cumulative eff=99.98 %
Number of muons 2: pass=1137       all=11390      -- eff=9.98 % cumulative eff=9.98 %
DiMuon From Higgs: pass=830        all=1137       -- eff=73.00 % cumulative eff=7.29 %
LeptonChargeSum: pass=756        all=830        -- eff=91.08 % cumulative eff=6.64 %
[2025-11-08 09:56:30.449] [main] [info] Writing quantities map to /eos/user/j/jiahua/MC_2022_inc/ZZto4L_powheg_22_ext1-v2/1f535f82-f91d-4b27-8ffc-c8ca83765230_vbfhmm.root
[2025-11-08 09:56:30.511] [main] [info] Finished Evaluation
[2025-11-08 09:56:30.511] [main] [info] Overall runtime (real time: 60.16, CPU time: 58.07)
