000 (12769415.090.000) 11/08 09:45:28 Job submitted from host: <188.185.121.235:9618?addrs=188.185.121.235-9618+[2001-1458-d00-49--100-36e]-9618&alias=bigbird22.cern.ch&noUDP&sock=schedd_232129_c3ca>
...
040 (12769415.090.000) 11/08 09:56:32 Started transferring input files
	Transferring to host: <188.185.215.136:9618?addrs=188.185.215.136-9618+[2001-1458-303-26--100-4]-9618&alias=b9p18p5481.cern.ch&noUDP&sock=slot1_16_10749_648e_45527>
...
040 (12769415.090.000) 11/08 09:56:32 Finished transferring input files
...
001 (12769415.090.000) 11/08 09:56:33 Job executing on host: <188.185.215.136:9618?addrs=188.185.215.136-9618+[2001-1458-303-26--100-4]-9618&alias=b9p18p5481.cern.ch&noUDP&sock=startd_9491_9d73>
	SlotName: slot1_16@b9p18p5481.cern.ch
	CondorScratchDir = "/pool/condor/dir_1895420"
	Cpus = 1
	Disk = 16132
	GPUs = 0
	Memory = 3000
...
006 (12769415.090.000) 11/08 09:56:47 Image size of job updated: 95716
	94  -  MemoryUsage of job (MB)
	95716  -  ResidentSetSize of job (KB)
...
006 (12769415.090.000) 11/08 09:57:38 Image size of job updated: 413496
	94  -  MemoryUsage of job (MB)
	95716  -  ResidentSetSize of job (KB)
...
040 (12769415.090.000) 11/08 09:57:38 Started transferring output files
...
040 (12769415.090.000) 11/08 09:57:38 Finished transferring output files
...
005 (12769415.090.000) 11/08 09:57:38 Job terminated.
	(1) Normal termination (return value 0)
		Usr 0 00:00:52, Sys 0 00:00:01  -  Run Remote Usage
		Usr 0 00:00:00, Sys 0 00:00:00  -  Run Local Usage
		Usr 0 00:00:52, Sys 0 00:00:01  -  Total Remote Usage
		Usr 0 00:00:00, Sys 0 00:00:00  -  Total Local Usage
	9462  -  Run Bytes Sent By Job
	11220236  -  Run Bytes Received By Job
	9462  -  Total Bytes Sent By Job
	11220236  -  Total Bytes Received By Job
	Partitionable Resources :    Usage  Request Allocated 
	   Cpus                 :        0        1         1 
	   Disk (KB)            :    10990    12500     16132 
	   GPUs                 :                           0 
	   Memory (MB)          :       94     3000      3000 
	   TimeExecute (s)      :       65                    
	   TimeSlotBusy (s)     :       66                    

	Job terminated of its own accord at 2025-11-08T08:57:38Z with exit-code 0.
...
