Starting job on \n
Running on: Linux b9p02p4569.cern.ch 5.14.0-570.42.2.el9_6.x86_64 #1 SMP PREEMPT_DYNAMIC Mon Sep 8 12:15:13 EDT 2025 x86_64 x86_64 x86_64 GNU/Linux\n
System software: Red Hat Enterprise Linux release 9.6 (Plow)\n
Setting up CROWN for RedHatEnterprise Version 9.6
subject   : /DC=ch/DC=cern/OU=Organic Units/OU=Users/CN=jiahua/CN=851532/CN=Jiahua Chen/CN=1735721823
issuer    : /DC=ch/DC=cern/OU=Organic Units/OU=Users/CN=jiahua/CN=851532/CN=Jiahua Chen
identity  : /DC=ch/DC=cern/OU=Organic Units/OU=Users/CN=jiahua/CN=851532/CN=Jiahua Chen
type      : RFC compliant proxy
strength  : 2048 bits
path      : /afs/cern.ch/user/j/jiahua/proxy/x509up_u139833
timeleft  : 197:45:28
key usage : Digital Signature, Key Encipherment
=== VO cms extension information ===
VO        : cms
subject   : /DC=ch/DC=cern/OU=Organic Units/OU=Users/CN=jiahua/CN=851532/CN=Jiahua Chen
issuer    : /DC=ch/DC=cern/OU=computers/CN=cms-auth.cern.ch
attribute : /cms/Role=NULL/Capability=NULL
timeleft  : 189:45:28
uri       : voms-cms-auth.cern.ch:15000
subject   : /DC=ch/DC=cern/OU=Organic Units/OU=Users/CN=jiahua/CN=851532/CN=Jiahua Chen/CN=1735721823
issuer    : /DC=ch/DC=cern/OU=Organic Units/OU=Users/CN=jiahua/CN=851532/CN=Jiahua Chen
identity  : /DC=ch/DC=cern/OU=Organic Units/OU=Users/CN=jiahua/CN=851532/CN=Jiahua Chen
type      : RFC compliant proxy
strength  : 2048 bits
path      : /afs/cern.ch/user/j/jiahua/proxy/x509up_u139833
timeleft  : 197:45:28
key usage : Digital Signature, Key Encipherment
=== VO cms extension information ===
VO        : cms
subject   : /DC=ch/DC=cern/OU=Organic Units/OU=Users/CN=jiahua/CN=851532/CN=Jiahua Chen
issuer    : /DC=ch/DC=cern/OU=computers/CN=cms-auth.cern.ch
attribute : /cms/Role=NULL/Capability=NULL
timeleft  : 189:45:28
uri       : voms-cms-auth.cern.ch:15000
/eos/user/j/jiahua/MC_2022_inc/ZZto2L2Nu_powheg_22_ext1-v2/8e110a56-fc48-4be7-8730-c5a45e5c7150.root
[2025-11-08 09:53:30.678] [main] [info] Checking input files
[2025-11-08 09:53:40.037] [main] [info] NanoAOD input_file 1: root://cms-xrd-global.cern.ch//store/mc/Run3Summer22NanoAODv12/ZZto2L2Nu_TuneCP5_13p6TeV_powheg-pythia8/NANOAODSIM/130X_mcRun3_2022_realistic_v5_ext1-v2/2520000/8e110a56-fc48-4be7-8730-c5a45e5c7150.root - 10680 Events
[2025-11-08 09:53:40.050] [main] [info] input_file 1: root://cms-xrd-global.cern.ch//store/mc/Run3Summer22NanoAODv12/ZZto2L2Nu_TuneCP5_13p6TeV_powheg-pythia8/NANOAODSIM/130X_mcRun3_2022_realistic_v5_ext1-v2/2520000/8e110a56-fc48-4be7-8730-c5a45e5c7150.root - SumOfGenWeight: 11002.408500000001 
[2025-11-08 09:53:40.050] [main] [info] Output directory: /eos/user/j/jiahua/MC_2022_inc/ZZto2L2Nu_powheg_22_ext1-v2/8e110a56-fc48-4be7-8730-c5a45e5c7150.root
[2025-11-08 09:53:40.054] [main] [info] Starting Setup of Dataframe with 10680 events
[2025-11-08 09:54:17.994] [main] [info] Finished Setup
[2025-11-08 09:54:17.994] [main] [info] Runtime for setup (real time: 37.94, CPU time: 28.67)
[2025-11-08 09:54:17.994] [main] [info] Starting Evaluation
[2025-11-08 09:54:31.088] [main] [info] 10000 / 10680 (93.63 %) Events processed ...
[2025-11-08 09:54:31.384] [main] [info] vbfhmm:
Flag_goodVertices: pass=10680      all=10680      -- eff=100.00 % cumulative eff=100.00 %
Flag_globalSuperTightHalo2016Filter: pass=10680      all=10680      -- eff=100.00 % cumulative eff=100.00 %
Flag_EcalDeadCellTriggerPrimitiveFilter: pass=10680      all=10680      -- eff=100.00 % cumulative eff=100.00 %
Flag_BadPFMuonFilter: pass=10680      all=10680      -- eff=100.00 % cumulative eff=100.00 %
Flag_BadPFMuonDzFilter: pass=10680      all=10680      -- eff=100.00 % cumulative eff=100.00 %
Flag_eeBadScFilter: pass=10680      all=10680      -- eff=100.00 % cumulative eff=100.00 %
Flag_ecalBadCalibFilter: pass=10678      all=10680      -- eff=99.98 % cumulative eff=99.98 %
Flag_hfNoisyHitsFilter: pass=10678      all=10678      -- eff=100.00 % cumulative eff=99.98 %
Number of muons 2: pass=1077       all=10678      -- eff=10.09 % cumulative eff=10.08 %
DiMuon From Higgs: pass=1008       all=1077       -- eff=93.59 % cumulative eff=9.44 %
LeptonChargeSum: pass=1007       all=1008       -- eff=99.90 % cumulative eff=9.43 %
[2025-11-08 09:54:31.616] [main] [info] Writing quantities map to /eos/user/j/jiahua/MC_2022_inc/ZZto2L2Nu_powheg_22_ext1-v2/8e110a56-fc48-4be7-8730-c5a45e5c7150_vbfhmm.root
[2025-11-08 09:54:31.672] [main] [info] Finished Evaluation
[2025-11-08 09:54:31.672] [main] [info] Overall runtime (real time: 51.62, CPU time: 39.40)
