Starting job on \n
Running on: Linux b9p31p8915.cern.ch 5.14.0-570.44.1.el9_6.x86_64 #1 SMP PREEMPT_DYNAMIC Tue Sep 9 05:17:30 EDT 2025 x86_64 x86_64 x86_64 GNU/Linux\n
System software: Red Hat Enterprise Linux release 9.6 (Plow)\n
Setting up CROWN for RedHatEnterprise Version 9.6
subject   : /DC=ch/DC=cern/OU=Organic Units/OU=Users/CN=jiahua/CN=851532/CN=Jiahua Chen/CN=1735721823
issuer    : /DC=ch/DC=cern/OU=Organic Units/OU=Users/CN=jiahua/CN=851532/CN=Jiahua Chen
identity  : /DC=ch/DC=cern/OU=Organic Units/OU=Users/CN=jiahua/CN=851532/CN=Jiahua Chen
type      : RFC compliant proxy
strength  : 2048 bits
path      : /afs/cern.ch/user/j/jiahua/proxy/x509up_u139833
timeleft  : 197:43:33
key usage : Digital Signature, Key Encipherment
=== VO cms extension information ===
VO        : cms
subject   : /DC=ch/DC=cern/OU=Organic Units/OU=Users/CN=jiahua/CN=851532/CN=Jiahua Chen
issuer    : /DC=ch/DC=cern/OU=computers/CN=cms-auth.cern.ch
attribute : /cms/Role=NULL/Capability=NULL
timeleft  : 189:43:33
uri       : voms-cms-auth.cern.ch:15000
subject   : /DC=ch/DC=cern/OU=Organic Units/OU=Users/CN=jiahua/CN=851532/CN=Jiahua Chen/CN=1735721823
issuer    : /DC=ch/DC=cern/OU=Organic Units/OU=Users/CN=jiahua/CN=851532/CN=Jiahua Chen
identity  : /DC=ch/DC=cern/OU=Organic Units/OU=Users/CN=jiahua/CN=851532/CN=Jiahua Chen
type      : RFC compliant proxy
strength  : 2048 bits
path      : /afs/cern.ch/user/j/jiahua/proxy/x509up_u139833
timeleft  : 197:43:33
key usage : Digital Signature, Key Encipherment
=== VO cms extension information ===
VO        : cms
subject   : /DC=ch/DC=cern/OU=Organic Units/OU=Users/CN=jiahua/CN=851532/CN=Jiahua Chen
issuer    : /DC=ch/DC=cern/OU=computers/CN=cms-auth.cern.ch
attribute : /cms/Role=NULL/Capability=NULL
timeleft  : 189:43:33
uri       : voms-cms-auth.cern.ch:15000
/eos/user/j/jiahua/MC_2022_inc/ZZto4L_powheg_22_ext1-v2/fc32301e-e4aa-44f0-9680-bc8fe678d1ec.root
[2025-11-08 09:55:25.626] [main] [info] Checking input files
[2025-11-08 09:55:35.264] [main] [info] NanoAOD input_file 1: root://cms-xrd-global.cern.ch//store/mc/Run3Summer22NanoAODv12/ZZto4L_TuneCP5_13p6TeV_powheg-pythia8/NANOAODSIM/130X_mcRun3_2022_realistic_v5_ext1-v2/30000/fc32301e-e4aa-44f0-9680-bc8fe678d1ec.root - 49840 Events
[2025-11-08 09:55:35.264] [main] [info] input_file 1: root://cms-xrd-global.cern.ch//store/mc/Run3Summer22NanoAODv12/ZZto4L_TuneCP5_13p6TeV_powheg-pythia8/NANOAODSIM/130X_mcRun3_2022_realistic_v5_ext1-v2/30000/fc32301e-e4aa-44f0-9680-bc8fe678d1ec.root - SumOfGenWeight: 69352.28080000001 
[2025-11-08 09:55:35.264] [main] [info] Output directory: /eos/user/j/jiahua/MC_2022_inc/ZZto4L_powheg_22_ext1-v2/fc32301e-e4aa-44f0-9680-bc8fe678d1ec.root
[2025-11-08 09:55:35.265] [main] [info] Starting Setup of Dataframe with 49840 events
[2025-11-08 09:56:09.894] [main] [info] Finished Setup
[2025-11-08 09:56:09.895] [main] [info] Runtime for setup (real time: 34.63, CPU time: 33.51)
[2025-11-08 09:56:09.895] [main] [info] Starting Evaluation
[2025-11-08 09:56:19.787] [main] [info] 10000 / 49840 (20.06 %) Events processed ...
[2025-11-08 09:56:20.848] [main] [info] 20000 / 49840 (40.13 %) Events processed ...
[2025-11-08 09:56:22.063] [main] [info] 30000 / 49840 (60.19 %) Events processed ...
[2025-11-08 09:56:23.588] [main] [info] 40000 / 49840 (80.26 %) Events processed ...
[2025-11-08 09:56:24.779] [main] [info] vbfhmm:
Flag_goodVertices: pass=49840      all=49840      -- eff=100.00 % cumulative eff=100.00 %
Flag_globalSuperTightHalo2016Filter: pass=49838      all=49840      -- eff=100.00 % cumulative eff=100.00 %
Flag_EcalDeadCellTriggerPrimitiveFilter: pass=49838      all=49838      -- eff=100.00 % cumulative eff=100.00 %
Flag_BadPFMuonFilter: pass=49838      all=49838      -- eff=100.00 % cumulative eff=100.00 %
Flag_BadPFMuonDzFilter: pass=49838      all=49838      -- eff=100.00 % cumulative eff=100.00 %
Flag_eeBadScFilter: pass=49838      all=49838      -- eff=100.00 % cumulative eff=100.00 %
Flag_ecalBadCalibFilter: pass=49833      all=49838      -- eff=99.99 % cumulative eff=99.99 %
Flag_hfNoisyHitsFilter: pass=49831      all=49833      -- eff=100.00 % cumulative eff=99.98 %
Number of muons 2: pass=5002       all=49831      -- eff=10.04 % cumulative eff=10.04 %
DiMuon From Higgs: pass=3821       all=5002       -- eff=76.39 % cumulative eff=7.67 %
LeptonChargeSum: pass=3466       all=3821       -- eff=90.71 % cumulative eff=6.95 %
[2025-11-08 09:56:24.960] [main] [info] Writing quantities map to /eos/user/j/jiahua/MC_2022_inc/ZZto4L_powheg_22_ext1-v2/fc32301e-e4aa-44f0-9680-bc8fe678d1ec_vbfhmm.root
[2025-11-08 09:56:25.115] [main] [info] Finished Evaluation
[2025-11-08 09:56:25.115] [main] [info] Overall runtime (real time: 49.85, CPU time: 46.70)
