Starting job on \n
Running on: Linux b9p19p6780.cern.ch 5.14.0-570.44.1.el9_6.x86_64 #1 SMP PREEMPT_DYNAMIC Tue Sep 9 05:17:30 EDT 2025 x86_64 x86_64 x86_64 GNU/Linux\n
System software: Red Hat Enterprise Linux release 9.6 (Plow)\n
Setting up CROWN for RedHatEnterprise Version 9.6
subject   : /DC=ch/DC=cern/OU=Organic Units/OU=Users/CN=jiahua/CN=851532/CN=Jiahua Chen/CN=1735721823
issuer    : /DC=ch/DC=cern/OU=Organic Units/OU=Users/CN=jiahua/CN=851532/CN=Jiahua Chen
identity  : /DC=ch/DC=cern/OU=Organic Units/OU=Users/CN=jiahua/CN=851532/CN=Jiahua Chen
type      : RFC compliant proxy
strength  : 2048 bits
path      : /afs/cern.ch/user/j/jiahua/proxy/x509up_u139833
timeleft  : 197:45:16
key usage : Digital Signature, Key Encipherment
=== VO cms extension information ===
VO        : cms
subject   : /DC=ch/DC=cern/OU=Organic Units/OU=Users/CN=jiahua/CN=851532/CN=Jiahua Chen
issuer    : /DC=ch/DC=cern/OU=computers/CN=cms-auth.cern.ch
attribute : /cms/Role=NULL/Capability=NULL
timeleft  : 189:45:16
uri       : voms-cms-auth.cern.ch:15000
subject   : /DC=ch/DC=cern/OU=Organic Units/OU=Users/CN=jiahua/CN=851532/CN=Jiahua Chen/CN=1735721823
issuer    : /DC=ch/DC=cern/OU=Organic Units/OU=Users/CN=jiahua/CN=851532/CN=Jiahua Chen
identity  : /DC=ch/DC=cern/OU=Organic Units/OU=Users/CN=jiahua/CN=851532/CN=Jiahua Chen
type      : RFC compliant proxy
strength  : 2048 bits
path      : /afs/cern.ch/user/j/jiahua/proxy/x509up_u139833
timeleft  : 197:45:16
key usage : Digital Signature, Key Encipherment
=== VO cms extension information ===
VO        : cms
subject   : /DC=ch/DC=cern/OU=Organic Units/OU=Users/CN=jiahua/CN=851532/CN=Jiahua Chen
issuer    : /DC=ch/DC=cern/OU=computers/CN=cms-auth.cern.ch
attribute : /cms/Role=NULL/Capability=NULL
timeleft  : 189:45:16
uri       : voms-cms-auth.cern.ch:15000
/eos/user/j/jiahua/MC_2022_inc/ZZto2L2Nu_powheg_22_ext1-v2/da4497e1-5f70-4410-8b7e-bee8862cce33.root
[2025-11-08 09:53:43.031] [main] [info] Checking input files
[2025-11-08 09:53:53.700] [main] [info] NanoAOD input_file 1: root://cms-xrd-global.cern.ch//store/mc/Run3Summer22NanoAODv12/ZZto2L2Nu_TuneCP5_13p6TeV_powheg-pythia8/NANOAODSIM/130X_mcRun3_2022_realistic_v5_ext1-v2/50000/da4497e1-5f70-4410-8b7e-bee8862cce33.root - 67640 Events
[2025-11-08 09:53:53.700] [main] [info] input_file 1: root://cms-xrd-global.cern.ch//store/mc/Run3Summer22NanoAODv12/ZZto2L2Nu_TuneCP5_13p6TeV_powheg-pythia8/NANOAODSIM/130X_mcRun3_2022_realistic_v5_ext1-v2/50000/da4497e1-5f70-4410-8b7e-bee8862cce33.root - SumOfGenWeight: 69750.1044400001 
[2025-11-08 09:53:53.700] [main] [info] Output directory: /eos/user/j/jiahua/MC_2022_inc/ZZto2L2Nu_powheg_22_ext1-v2/da4497e1-5f70-4410-8b7e-bee8862cce33.root
[2025-11-08 09:53:53.701] [main] [info] Starting Setup of Dataframe with 67640 events
[2025-11-08 09:55:11.497] [main] [info] Finished Setup
[2025-11-08 09:55:11.497] [main] [info] Runtime for setup (real time: 77.80, CPU time: 68.34)
[2025-11-08 09:55:11.497] [main] [info] Starting Evaluation
[2025-11-08 09:55:31.054] [main] [info] 10000 / 67640 (14.78 %) Events processed ...
[2025-11-08 09:55:33.538] [main] [info] 20000 / 67640 (29.57 %) Events processed ...
[2025-11-08 09:55:36.371] [main] [info] 30000 / 67640 (44.35 %) Events processed ...
[2025-11-08 09:55:41.916] [main] [info] 40000 / 67640 (59.14 %) Events processed ...
[2025-11-08 09:55:43.627] [main] [info] 50000 / 67640 (73.92 %) Events processed ...
[2025-11-08 09:55:45.197] [main] [info] 60000 / 67640 (88.70 %) Events processed ...
[2025-11-08 09:55:46.750] [main] [info] vbfhmm:
Flag_goodVertices: pass=67640      all=67640      -- eff=100.00 % cumulative eff=100.00 %
Flag_globalSuperTightHalo2016Filter: pass=67635      all=67640      -- eff=99.99 % cumulative eff=99.99 %
Flag_EcalDeadCellTriggerPrimitiveFilter: pass=67632      all=67635      -- eff=100.00 % cumulative eff=99.99 %
Flag_BadPFMuonFilter: pass=67628      all=67632      -- eff=99.99 % cumulative eff=99.98 %
Flag_BadPFMuonDzFilter: pass=67628      all=67628      -- eff=100.00 % cumulative eff=99.98 %
Flag_eeBadScFilter: pass=67628      all=67628      -- eff=100.00 % cumulative eff=99.98 %
Flag_ecalBadCalibFilter: pass=67620      all=67628      -- eff=99.99 % cumulative eff=99.97 %
Flag_hfNoisyHitsFilter: pass=67619      all=67620      -- eff=100.00 % cumulative eff=99.97 %
Number of muons 2: pass=7105       all=67619      -- eff=10.51 % cumulative eff=10.50 %
DiMuon From Higgs: pass=6653       all=7105       -- eff=93.64 % cumulative eff=9.84 %
LeptonChargeSum: pass=6650       all=6653       -- eff=99.95 % cumulative eff=9.83 %
[2025-11-08 09:55:46.950] [main] [info] Writing quantities map to /eos/user/j/jiahua/MC_2022_inc/ZZto2L2Nu_powheg_22_ext1-v2/da4497e1-5f70-4410-8b7e-bee8862cce33_vbfhmm.root
[2025-11-08 09:55:47.044] [main] [info] Finished Evaluation
[2025-11-08 09:55:47.044] [main] [info] Overall runtime (real time: 113.34, CPU time: 96.76)
