Starting job on \n
Running on: Linux b9p29p5411.cern.ch 5.14.0-570.44.1.el9_6.x86_64 #1 SMP PREEMPT_DYNAMIC Tue Sep 9 05:17:30 EDT 2025 x86_64 x86_64 x86_64 GNU/Linux\n
System software: Red Hat Enterprise Linux release 9.6 (Plow)\n
Setting up CROWN for RedHatEnterprise Version 9.6
subject   : /DC=ch/DC=cern/OU=Organic Units/OU=Users/CN=jiahua/CN=851532/CN=Jiahua Chen/CN=1735721823
issuer    : /DC=ch/DC=cern/OU=Organic Units/OU=Users/CN=jiahua/CN=851532/CN=Jiahua Chen
identity  : /DC=ch/DC=cern/OU=Organic Units/OU=Users/CN=jiahua/CN=851532/CN=Jiahua Chen
type      : RFC compliant proxy
strength  : 2048 bits
path      : /afs/cern.ch/user/j/jiahua/proxy/x509up_u139833
timeleft  : 197:42:43
key usage : Digital Signature, Key Encipherment
=== VO cms extension information ===
VO        : cms
subject   : /DC=ch/DC=cern/OU=Organic Units/OU=Users/CN=jiahua/CN=851532/CN=Jiahua Chen
issuer    : /DC=ch/DC=cern/OU=computers/CN=cms-auth.cern.ch
attribute : /cms/Role=NULL/Capability=NULL
timeleft  : 189:42:43
uri       : voms-cms-auth.cern.ch:15000
subject   : /DC=ch/DC=cern/OU=Organic Units/OU=Users/CN=jiahua/CN=851532/CN=Jiahua Chen/CN=1735721823
issuer    : /DC=ch/DC=cern/OU=Organic Units/OU=Users/CN=jiahua/CN=851532/CN=Jiahua Chen
identity  : /DC=ch/DC=cern/OU=Organic Units/OU=Users/CN=jiahua/CN=851532/CN=Jiahua Chen
type      : RFC compliant proxy
strength  : 2048 bits
path      : /afs/cern.ch/user/j/jiahua/proxy/x509up_u139833
timeleft  : 197:42:43
key usage : Digital Signature, Key Encipherment
=== VO cms extension information ===
VO        : cms
subject   : /DC=ch/DC=cern/OU=Organic Units/OU=Users/CN=jiahua/CN=851532/CN=Jiahua Chen
issuer    : /DC=ch/DC=cern/OU=computers/CN=cms-auth.cern.ch
attribute : /cms/Role=NULL/Capability=NULL
timeleft  : 189:42:43
uri       : voms-cms-auth.cern.ch:15000
/eos/user/j/jiahua/MC_2022_inc/ZZto2L2Q_powheg_22_ext1-v2/dc550db8-7ab6-4d9c-9837-c725845e224f.root
[2025-11-08 09:56:15.892] [main] [info] Checking input files
[2025-11-08 09:56:24.607] [main] [info] NanoAOD input_file 1: root://cms-xrd-global.cern.ch//store/mc/Run3Summer22NanoAODv12/ZZto2L2Q_TuneCP5_13p6TeV_powheg-pythia8/NANOAODSIM/130X_mcRun3_2022_realistic_v5_ext1-v2/2530000/dc550db8-7ab6-4d9c-9837-c725845e224f.root - 136964 Events
[2025-11-08 09:56:24.607] [main] [info] input_file 1: root://cms-xrd-global.cern.ch//store/mc/Run3Summer22NanoAODv12/ZZto2L2Q_TuneCP5_13p6TeV_powheg-pythia8/NANOAODSIM/130X_mcRun3_2022_realistic_v5_ext1-v2/2530000/dc550db8-7ab6-4d9c-9837-c725845e224f.root - SumOfGenWeight: 929821.8020000011 
[2025-11-08 09:56:24.607] [main] [info] Output directory: /eos/user/j/jiahua/MC_2022_inc/ZZto2L2Q_powheg_22_ext1-v2/dc550db8-7ab6-4d9c-9837-c725845e224f.root
[2025-11-08 09:56:24.608] [main] [info] Starting Setup of Dataframe with 136964 events
[2025-11-08 09:57:03.551] [main] [info] Finished Setup
[2025-11-08 09:57:03.551] [main] [info] Runtime for setup (real time: 38.94, CPU time: 38.13)
[2025-11-08 09:57:03.551] [main] [info] Starting Evaluation
[2025-11-08 09:57:13.202] [main] [info] 10000 / 136964 (7.30 %) Events processed ...
[2025-11-08 09:57:14.431] [main] [info] 20000 / 136964 (14.60 %) Events processed ...
[2025-11-08 09:57:15.626] [main] [info] 30000 / 136964 (21.90 %) Events processed ...
[2025-11-08 09:57:17.918] [main] [info] 40000 / 136964 (29.20 %) Events processed ...
[2025-11-08 09:57:19.902] [main] [info] 50000 / 136964 (36.51 %) Events processed ...
[2025-11-08 09:57:21.682] [main] [info] 60000 / 136964 (43.81 %) Events processed ...
[2025-11-08 09:57:23.599] [main] [info] 70000 / 136964 (51.11 %) Events processed ...
[2025-11-08 09:57:24.693] [main] [info] 80000 / 136964 (58.41 %) Events processed ...
[2025-11-08 09:57:25.818] [main] [info] 90000 / 136964 (65.71 %) Events processed ...
[2025-11-08 09:57:28.124] [main] [info] 100000 / 136964 (73.01 %) Events processed ...
[2025-11-08 09:57:29.601] [main] [info] 110000 / 136964 (80.31 %) Events processed ...
[2025-11-08 09:57:31.036] [main] [info] 120000 / 136964 (87.61 %) Events processed ...
[2025-11-08 09:57:33.088] [main] [info] 130000 / 136964 (94.92 %) Events processed ...
[2025-11-08 09:57:34.316] [main] [info] vbfhmm:
Flag_goodVertices: pass=136964     all=136964     -- eff=100.00 % cumulative eff=100.00 %
Flag_globalSuperTightHalo2016Filter: pass=136948     all=136964     -- eff=99.99 % cumulative eff=99.99 %
Flag_EcalDeadCellTriggerPrimitiveFilter: pass=136940     all=136948     -- eff=99.99 % cumulative eff=99.98 %
Flag_BadPFMuonFilter: pass=136938     all=136940     -- eff=100.00 % cumulative eff=99.98 %
Flag_BadPFMuonDzFilter: pass=136936     all=136938     -- eff=100.00 % cumulative eff=99.98 %
Flag_eeBadScFilter: pass=136936     all=136936     -- eff=100.00 % cumulative eff=99.98 %
Flag_ecalBadCalibFilter: pass=136919     all=136936     -- eff=99.99 % cumulative eff=99.97 %
Flag_hfNoisyHitsFilter: pass=136914     all=136919     -- eff=100.00 % cumulative eff=99.96 %
Number of muons 2: pass=9452       all=136914     -- eff=6.90 % cumulative eff=6.90 %
DiMuon From Higgs: pass=8423       all=9452       -- eff=89.11 % cumulative eff=6.15 %
LeptonChargeSum: pass=8416       all=8423       -- eff=99.92 % cumulative eff=6.14 %
[2025-11-08 09:57:34.516] [main] [info] Writing quantities map to /eos/user/j/jiahua/MC_2022_inc/ZZto2L2Q_powheg_22_ext1-v2/dc550db8-7ab6-4d9c-9837-c725845e224f_vbfhmm.root
[2025-11-08 09:57:34.641] [main] [info] Finished Evaluation
[2025-11-08 09:57:34.641] [main] [info] Overall runtime (real time: 70.03, CPU time: 64.69)
