000 (12769412.079.000) 11/08 09:45:25 Job submitted from host: <188.185.121.235:9618?addrs=188.185.121.235-9618+[2001-1458-d00-49--100-36e]-9618&alias=bigbird22.cern.ch&noUDP&sock=schedd_232129_c3ca>
...
040 (12769412.079.000) 11/08 09:53:07 Started transferring input files
	Transferring to host: <188.185.210.154:9618?addrs=188.185.210.154-9618+[2001-1458-303-15--100-16]-9618&alias=b9p22p0702.cern.ch&noUDP&sock=slot1_30_9847_da2a_65831>
...
040 (12769412.079.000) 11/08 09:53:07 Finished transferring input files
...
001 (12769412.079.000) 11/08 09:53:08 Job executing on host: <188.185.210.154:9618?addrs=188.185.210.154-9618+[2001-1458-303-15--100-16]-9618&alias=b9p22p0702.cern.ch&noUDP&sock=startd_8876_c6b5>
	SlotName: slot1_30@b9p22p0702.cern.ch
	CondorScratchDir = "/pool/condor/dir_2397497"
	Cpus = 1
	Disk = 15919
	GPUs = 0
	Memory = 3000
...
006 (12769412.079.000) 11/08 09:53:22 Image size of job updated: 97896
	96  -  MemoryUsage of job (MB)
	97896  -  ResidentSetSize of job (KB)
...
006 (12769412.079.000) 11/08 09:54:18 Image size of job updated: 417968
	96  -  MemoryUsage of job (MB)
	97896  -  ResidentSetSize of job (KB)
...
040 (12769412.079.000) 11/08 09:54:18 Started transferring output files
...
040 (12769412.079.000) 11/08 09:54:18 Finished transferring output files
...
005 (12769412.079.000) 11/08 09:54:18 Job terminated.
	(1) Normal termination (return value 0)
		Usr 0 00:00:40, Sys 0 00:00:02  -  Run Remote Usage
		Usr 0 00:00:00, Sys 0 00:00:00  -  Run Local Usage
		Usr 0 00:00:40, Sys 0 00:00:02  -  Total Remote Usage
		Usr 0 00:00:00, Sys 0 00:00:00  -  Total Local Usage
	9632  -  Run Bytes Sent By Job
	11220236  -  Run Bytes Received By Job
	9632  -  Total Bytes Sent By Job
	11220236  -  Total Bytes Received By Job
	Partitionable Resources :    Usage  Request Allocated 
	   Cpus                 :        0        1         1 
	   Disk (KB)            :    10990    12500     15919 
	   GPUs                 :                           0 
	   Memory (MB)          :       96     3000      3000 
	   TimeExecute (s)      :       70                    
	   TimeSlotBusy (s)     :       71                    

	Job terminated of its own accord at 2025-11-08T08:54:18Z with exit-code 0.
...
