000 (12769412.118.000) 11/08 09:45:25 Job submitted from host: <188.185.121.235:9618?addrs=188.185.121.235-9618+[2001-1458-d00-49--100-36e]-9618&alias=bigbird22.cern.ch&noUDP&sock=schedd_232129_c3ca>
...
040 (12769412.118.000) 11/08 09:53:21 Started transferring input files
	Transferring to host: <188.185.204.197:9618?addrs=188.185.204.197-9618+[2001-1458-303-8--100-b9]-9618&alias=b9p02p4569.cern.ch&noUDP&sock=slot1_14_5709_41c1_47852>
...
040 (12769412.118.000) 11/08 09:53:21 Finished transferring input files
...
001 (12769412.118.000) 11/08 09:53:22 Job executing on host: <188.185.204.197:9618?addrs=188.185.204.197-9618+[2001-1458-303-8--100-b9]-9618&alias=b9p02p4569.cern.ch&noUDP&sock=startd_4778_e399>
	SlotName: slot1_14@b9p02p4569.cern.ch
	CondorScratchDir = "/pool/condor/dir_831619"
	Cpus = 1
	Disk = 15938
	GPUs = 0
	Memory = 3000
...
006 (12769412.118.000) 11/08 09:53:35 Image size of job updated: 95516
	94  -  MemoryUsage of job (MB)
	95516  -  ResidentSetSize of job (KB)
...
006 (12769412.118.000) 11/08 09:54:32 Image size of job updated: 410260
	94  -  MemoryUsage of job (MB)
	95516  -  ResidentSetSize of job (KB)
...
040 (12769412.118.000) 11/08 09:54:32 Started transferring output files
...
040 (12769412.118.000) 11/08 09:54:32 Finished transferring output files
...
005 (12769412.118.000) 11/08 09:54:32 Job terminated.
	(1) Normal termination (return value 0)
		Usr 0 00:00:43, Sys 0 00:00:02  -  Run Remote Usage
		Usr 0 00:00:00, Sys 0 00:00:00  -  Run Local Usage
		Usr 0 00:00:43, Sys 0 00:00:02  -  Total Remote Usage
		Usr 0 00:00:00, Sys 0 00:00:00  -  Total Local Usage
	9556  -  Run Bytes Sent By Job
	11220236  -  Run Bytes Received By Job
	9556  -  Total Bytes Sent By Job
	11220236  -  Total Bytes Received By Job
	Partitionable Resources :    Usage  Request Allocated 
	   Cpus                 :        0        1         1 
	   Disk (KB)            :    10990    12500     15938 
	   GPUs                 :                           0 
	   Memory (MB)          :       94     3000      3000 
	   TimeExecute (s)      :       70                    
	   TimeSlotBusy (s)     :       72                    

	Job terminated of its own accord at 2025-11-08T08:54:32Z with exit-code 0.
...
