Starting job on \n
Running on: Linux b9p21p5630.cern.ch 5.14.0-570.44.1.el9_6.x86_64 #1 SMP PREEMPT_DYNAMIC Tue Sep 9 05:17:30 EDT 2025 x86_64 x86_64 x86_64 GNU/Linux\n
System software: Red Hat Enterprise Linux release 9.6 (Plow)\n
Setting up CROWN for RedHatEnterprise Version 9.6
subject   : /DC=ch/DC=cern/OU=Organic Units/OU=Users/CN=jiahua/CN=851532/CN=Jiahua Chen/CN=1735721823
issuer    : /DC=ch/DC=cern/OU=Organic Units/OU=Users/CN=jiahua/CN=851532/CN=Jiahua Chen
identity  : /DC=ch/DC=cern/OU=Organic Units/OU=Users/CN=jiahua/CN=851532/CN=Jiahua Chen
type      : RFC compliant proxy
strength  : 2048 bits
path      : /afs/cern.ch/user/j/jiahua/proxy/x509up_u139833
timeleft  : 197:45:44
key usage : Digital Signature, Key Encipherment
=== VO cms extension information ===
VO        : cms
subject   : /DC=ch/DC=cern/OU=Organic Units/OU=Users/CN=jiahua/CN=851532/CN=Jiahua Chen
issuer    : /DC=ch/DC=cern/OU=computers/CN=cms-auth.cern.ch
attribute : /cms/Role=NULL/Capability=NULL
timeleft  : 189:45:44
uri       : voms-cms-auth.cern.ch:15000
subject   : /DC=ch/DC=cern/OU=Organic Units/OU=Users/CN=jiahua/CN=851532/CN=Jiahua Chen/CN=1735721823
issuer    : /DC=ch/DC=cern/OU=Organic Units/OU=Users/CN=jiahua/CN=851532/CN=Jiahua Chen
identity  : /DC=ch/DC=cern/OU=Organic Units/OU=Users/CN=jiahua/CN=851532/CN=Jiahua Chen
type      : RFC compliant proxy
strength  : 2048 bits
path      : /afs/cern.ch/user/j/jiahua/proxy/x509up_u139833
timeleft  : 197:45:44
key usage : Digital Signature, Key Encipherment
=== VO cms extension information ===
VO        : cms
subject   : /DC=ch/DC=cern/OU=Organic Units/OU=Users/CN=jiahua/CN=851532/CN=Jiahua Chen
issuer    : /DC=ch/DC=cern/OU=computers/CN=cms-auth.cern.ch
attribute : /cms/Role=NULL/Capability=NULL
timeleft  : 189:45:44
uri       : voms-cms-auth.cern.ch:15000
/eos/user/j/jiahua/MC_2022_inc/ZZto2L2Nu_powheg_22_ext1-v2/62e9a722-d939-40a0-ac3e-04855ba006f1.root
[2025-11-08 09:53:14.245] [main] [info] Checking input files
[2025-11-08 09:53:22.786] [main] [info] NanoAOD input_file 1: root://cms-xrd-global.cern.ch//store/mc/Run3Summer22NanoAODv12/ZZto2L2Nu_TuneCP5_13p6TeV_powheg-pythia8/NANOAODSIM/130X_mcRun3_2022_realistic_v5_ext1-v2/30000/62e9a722-d939-40a0-ac3e-04855ba006f1.root - 152368 Events
[2025-11-08 09:53:22.786] [main] [info] input_file 1: root://cms-xrd-global.cern.ch//store/mc/Run3Summer22NanoAODv12/ZZto2L2Nu_TuneCP5_13p6TeV_powheg-pythia8/NANOAODSIM/130X_mcRun3_2022_realistic_v5_ext1-v2/30000/62e9a722-d939-40a0-ac3e-04855ba006f1.root - SumOfGenWeight: 157089.59921999997 
[2025-11-08 09:53:22.786] [main] [info] Output directory: /eos/user/j/jiahua/MC_2022_inc/ZZto2L2Nu_powheg_22_ext1-v2/62e9a722-d939-40a0-ac3e-04855ba006f1.root
[2025-11-08 09:53:22.786] [main] [info] Starting Setup of Dataframe with 152368 events
[2025-11-08 09:54:01.447] [main] [info] Finished Setup
[2025-11-08 09:54:01.447] [main] [info] Runtime for setup (real time: 38.66, CPU time: 29.25)
[2025-11-08 09:54:01.447] [main] [info] Starting Evaluation
[2025-11-08 09:54:12.404] [main] [info] 10000 / 152368 (6.56 %) Events processed ...
[2025-11-08 09:54:13.452] [main] [info] 20000 / 152368 (13.13 %) Events processed ...
[2025-11-08 09:54:14.621] [main] [info] 30000 / 152368 (19.69 %) Events processed ...
[2025-11-08 09:54:18.707] [main] [info] 40000 / 152368 (26.25 %) Events processed ...
[2025-11-08 09:54:19.880] [main] [info] 50000 / 152368 (32.82 %) Events processed ...
[2025-11-08 09:54:21.036] [main] [info] 60000 / 152368 (39.38 %) Events processed ...
[2025-11-08 09:54:25.078] [main] [info] 70000 / 152368 (45.94 %) Events processed ...
[2025-11-08 09:54:26.529] [main] [info] 80000 / 152368 (52.50 %) Events processed ...
[2025-11-08 09:54:27.659] [main] [info] 90000 / 152368 (59.07 %) Events processed ...
[2025-11-08 09:54:28.700] [main] [info] 100000 / 152368 (65.63 %) Events processed ...
[2025-11-08 09:54:32.795] [main] [info] 110000 / 152368 (72.19 %) Events processed ...
[2025-11-08 09:54:33.913] [main] [info] 120000 / 152368 (78.76 %) Events processed ...
[2025-11-08 09:54:35.031] [main] [info] 130000 / 152368 (85.32 %) Events processed ...
[2025-11-08 09:54:38.481] [main] [info] 140000 / 152368 (91.88 %) Events processed ...
[2025-11-08 09:54:39.625] [main] [info] 150000 / 152368 (98.45 %) Events processed ...
[2025-11-08 09:54:40.186] [main] [info] vbfhmm:
Flag_goodVertices: pass=152368     all=152368     -- eff=100.00 % cumulative eff=100.00 %
Flag_globalSuperTightHalo2016Filter: pass=152360     all=152368     -- eff=99.99 % cumulative eff=99.99 %
Flag_EcalDeadCellTriggerPrimitiveFilter: pass=152355     all=152360     -- eff=100.00 % cumulative eff=99.99 %
Flag_BadPFMuonFilter: pass=152348     all=152355     -- eff=100.00 % cumulative eff=99.99 %
Flag_BadPFMuonDzFilter: pass=152341     all=152348     -- eff=100.00 % cumulative eff=99.98 %
Flag_eeBadScFilter: pass=152341     all=152341     -- eff=100.00 % cumulative eff=99.98 %
Flag_ecalBadCalibFilter: pass=152322     all=152341     -- eff=99.99 % cumulative eff=99.97 %
Flag_hfNoisyHitsFilter: pass=152317     all=152322     -- eff=100.00 % cumulative eff=99.97 %
Number of muons 2: pass=16082      all=152317     -- eff=10.56 % cumulative eff=10.55 %
DiMuon From Higgs: pass=15120      all=16082      -- eff=94.02 % cumulative eff=9.92 %
LeptonChargeSum: pass=15117      all=15120      -- eff=99.98 % cumulative eff=9.92 %
[2025-11-08 09:54:40.398] [main] [info] Writing quantities map to /eos/user/j/jiahua/MC_2022_inc/ZZto2L2Nu_powheg_22_ext1-v2/62e9a722-d939-40a0-ac3e-04855ba006f1_vbfhmm.root
[2025-11-08 09:54:40.512] [main] [info] Finished Evaluation
[2025-11-08 09:54:40.512] [main] [info] Overall runtime (real time: 77.73, CPU time: 53.57)
