000 (12769415.042.000) 11/08 09:45:28 Job submitted from host: <188.185.121.235:9618?addrs=188.185.121.235-9618+[2001-1458-d00-49--100-36e]-9618&alias=bigbird22.cern.ch&noUDP&sock=schedd_232129_c3ca>
...
040 (12769415.042.000) 11/08 09:56:16 Started transferring input files
	Transferring to host: <188.185.214.99:9618?addrs=188.185.214.99-9618+[2001-1458-303-1c--100-5f]-9618&alias=b9p29p6860.cern.ch&noUDP&sock=slot1_17_9808_5f88_49789>
...
040 (12769415.042.000) 11/08 09:56:16 Finished transferring input files
...
001 (12769415.042.000) 11/08 09:56:17 Job executing on host: <188.185.214.99:9618?addrs=188.185.214.99-9618+[2001-1458-303-1c--100-5f]-9618&alias=b9p29p6860.cern.ch&noUDP&sock=startd_8893_6fd1>
	SlotName: slot1_17@b9p29p6860.cern.ch
	CondorScratchDir = "/pool/condor/dir_3966378"
	Cpus = 1
	Disk = 16153
	GPUs = 0
	Memory = 3000
...
006 (12769415.042.000) 11/08 09:56:31 Image size of job updated: 94508
	93  -  MemoryUsage of job (MB)
	94508  -  ResidentSetSize of job (KB)
...
006 (12769415.042.000) 11/08 09:57:43 Image size of job updated: 437132
	93  -  MemoryUsage of job (MB)
	94508  -  ResidentSetSize of job (KB)
...
040 (12769415.042.000) 11/08 09:57:44 Started transferring output files
...
040 (12769415.042.000) 11/08 09:57:44 Finished transferring output files
...
005 (12769415.042.000) 11/08 09:57:44 Job terminated.
	(1) Normal termination (return value 0)
		Usr 0 00:01:07, Sys 0 00:00:03  -  Run Remote Usage
		Usr 0 00:00:00, Sys 0 00:00:00  -  Run Local Usage
		Usr 0 00:01:07, Sys 0 00:00:03  -  Total Remote Usage
		Usr 0 00:00:00, Sys 0 00:00:00  -  Total Local Usage
	10837  -  Run Bytes Sent By Job
	11220236  -  Run Bytes Received By Job
	10837  -  Total Bytes Sent By Job
	11220236  -  Total Bytes Received By Job
	Partitionable Resources :    Usage  Request Allocated 
	   Cpus                 :        0        1         1 
	   Disk (KB)            :    10991    12500     16153 
	   GPUs                 :                           0 
	   Memory (MB)          :       93     3000      3000 
	   TimeExecute (s)      :       86                    
	   TimeSlotBusy (s)     :       88                    

	Job terminated of its own accord at 2025-11-08T08:57:43Z with exit-code 0.
...
