000 (12769535.005.000) 11/08 14:50:41 Job submitted from host: <188.185.121.235:9618?addrs=188.185.121.235-9618+[2001-1458-d00-49--100-36e]-9618&alias=bigbird22.cern.ch&noUDP&sock=schedd_232129_c3ca>
...
040 (12769535.005.000) 11/08 14:52:14 Started transferring input files
	Transferring to host: <188.185.214.163:9618?addrs=188.185.214.163-9618+[2001-1458-303-1d--100-1f]-9618&alias=b9p30p5158.cern.ch&noUDP&sock=slot1_29_9502_c4bb_49821>
...
040 (12769535.005.000) 11/08 14:52:14 Finished transferring input files
...
001 (12769535.005.000) 11/08 14:52:15 Job executing on host: <188.185.214.163:9618?addrs=188.185.214.163-9618+[2001-1458-303-1d--100-1f]-9618&alias=b9p30p5158.cern.ch&noUDP&sock=startd_8589_eb06>
	SlotName: slot1_29@b9p30p5158.cern.ch
	CondorScratchDir = "/pool/condor/dir_3209580"
	Cpus = 1
	Disk = 15955
	GPUs = 0
	Memory = 3000
...
006 (12769535.005.000) 11/08 14:52:28 Image size of job updated: 95520
	94  -  MemoryUsage of job (MB)
	95520  -  ResidentSetSize of job (KB)
...
006 (12769535.005.000) 11/08 14:53:24 Image size of job updated: 424476
	94  -  MemoryUsage of job (MB)
	95520  -  ResidentSetSize of job (KB)
...
040 (12769535.005.000) 11/08 14:53:24 Started transferring output files
...
040 (12769535.005.000) 11/08 14:53:24 Finished transferring output files
...
005 (12769535.005.000) 11/08 14:53:24 Job terminated.
	(1) Normal termination (return value 0)
		Usr 0 00:00:50, Sys 0 00:00:02  -  Run Remote Usage
		Usr 0 00:00:00, Sys 0 00:00:00  -  Run Local Usage
		Usr 0 00:00:50, Sys 0 00:00:02  -  Total Remote Usage
		Usr 0 00:00:00, Sys 0 00:00:00  -  Total Local Usage
	9804  -  Run Bytes Sent By Job
	11220236  -  Run Bytes Received By Job
	9804  -  Total Bytes Sent By Job
	11220236  -  Total Bytes Received By Job
	Partitionable Resources :    Usage  Request Allocated 
	   Cpus                 :        0        1         1 
	   Disk (KB)            :    10990    12500     15955 
	   GPUs                 :                           0 
	   Memory (MB)          :       94     3000      3000 
	   TimeExecute (s)      :       69                    
	   TimeSlotBusy (s)     :       71                    

	Job terminated of its own accord at 2025-11-08T13:53:24Z with exit-code 0.
...
