000 (12769415.017.000) 11/08 09:45:28 Job submitted from host: <188.185.121.235:9618?addrs=188.185.121.235-9618+[2001-1458-d00-49--100-36e]-9618&alias=bigbird22.cern.ch&noUDP&sock=schedd_232129_c3ca>
...
040 (12769415.017.000) 11/08 09:56:07 Started transferring input files
	Transferring to host: <128.142.161.93:9618?addrs=128.142.161.93-9618+[2001-1458-301-b8--100-1b]-9618&alias=b9g03p6806.cern.ch&noUDP&sock=slot1_34_3483763_f07b_56952>
...
040 (12769415.017.000) 11/08 09:56:07 Finished transferring input files
...
001 (12769415.017.000) 11/08 09:56:08 Job executing on host: <128.142.161.93:9618?addrs=128.142.161.93-9618+[2001-1458-301-b8--100-1b]-9618&alias=b9g03p6806.cern.ch&noUDP&sock=startd_6034_668d>
	SlotName: slot1_34@b9g03p6806.cern.ch
	CondorScratchDir = "/pool/condor/dir_2303713"
	Cpus = 1
	Disk = 15790
	GPUs = 0
	Memory = 3000
...
006 (12769415.017.000) 11/08 09:56:21 Image size of job updated: 94680
	93  -  MemoryUsage of job (MB)
	94680  -  ResidentSetSize of job (KB)
...
006 (12769415.017.000) 11/08 09:57:37 Image size of job updated: 427004
	93  -  MemoryUsage of job (MB)
	94680  -  ResidentSetSize of job (KB)
...
040 (12769415.017.000) 11/08 09:57:37 Started transferring output files
...
040 (12769415.017.000) 11/08 09:57:37 Finished transferring output files
...
005 (12769415.017.000) 11/08 09:57:37 Job terminated.
	(1) Normal termination (return value 0)
		Usr 0 00:01:12, Sys 0 00:00:02  -  Run Remote Usage
		Usr 0 00:00:00, Sys 0 00:00:00  -  Run Local Usage
		Usr 0 00:01:12, Sys 0 00:00:02  -  Total Remote Usage
		Usr 0 00:00:00, Sys 0 00:00:00  -  Total Local Usage
	10580  -  Run Bytes Sent By Job
	11220236  -  Run Bytes Received By Job
	10580  -  Total Bytes Sent By Job
	11220236  -  Total Bytes Received By Job
	Partitionable Resources :    Usage  Request Allocated 
	   Cpus                 :        0        1         1 
	   Disk (KB)            :    10990    12500     15790 
	   GPUs                 :                           0 
	   Memory (MB)          :       93     3000      3000 
	   TimeExecute (s)      :       89                    
	   TimeSlotBusy (s)     :       90                    

	Job terminated of its own accord at 2025-11-08T08:57:37Z with exit-code 0.
...
