Starting job on \n
Running on: Linux b9p29p0520.cern.ch 5.14.0-570.44.1.el9_6.x86_64 #1 SMP PREEMPT_DYNAMIC Tue Sep 9 05:17:30 EDT 2025 x86_64 x86_64 x86_64 GNU/Linux\n
System software: Red Hat Enterprise Linux release 9.6 (Plow)\n
Setting up CROWN for RedHatEnterprise Version 9.6
subject   : /DC=ch/DC=cern/OU=Organic Units/OU=Users/CN=jiahua/CN=851532/CN=Jiahua Chen/CN=1735721823
issuer    : /DC=ch/DC=cern/OU=Organic Units/OU=Users/CN=jiahua/CN=851532/CN=Jiahua Chen
identity  : /DC=ch/DC=cern/OU=Organic Units/OU=Users/CN=jiahua/CN=851532/CN=Jiahua Chen
type      : RFC compliant proxy
strength  : 2048 bits
path      : /afs/cern.ch/user/j/jiahua/proxy/x509up_u139833
timeleft  : 197:45:47
key usage : Digital Signature, Key Encipherment
=== VO cms extension information ===
VO        : cms
subject   : /DC=ch/DC=cern/OU=Organic Units/OU=Users/CN=jiahua/CN=851532/CN=Jiahua Chen
issuer    : /DC=ch/DC=cern/OU=computers/CN=cms-auth.cern.ch
attribute : /cms/Role=NULL/Capability=NULL
timeleft  : 189:45:47
uri       : voms-cms-auth.cern.ch:15000
subject   : /DC=ch/DC=cern/OU=Organic Units/OU=Users/CN=jiahua/CN=851532/CN=Jiahua Chen/CN=1735721823
issuer    : /DC=ch/DC=cern/OU=Organic Units/OU=Users/CN=jiahua/CN=851532/CN=Jiahua Chen
identity  : /DC=ch/DC=cern/OU=Organic Units/OU=Users/CN=jiahua/CN=851532/CN=Jiahua Chen
type      : RFC compliant proxy
strength  : 2048 bits
path      : /afs/cern.ch/user/j/jiahua/proxy/x509up_u139833
timeleft  : 197:45:47
key usage : Digital Signature, Key Encipherment
=== VO cms extension information ===
VO        : cms
subject   : /DC=ch/DC=cern/OU=Organic Units/OU=Users/CN=jiahua/CN=851532/CN=Jiahua Chen
issuer    : /DC=ch/DC=cern/OU=computers/CN=cms-auth.cern.ch
attribute : /cms/Role=NULL/Capability=NULL
timeleft  : 189:45:47
uri       : voms-cms-auth.cern.ch:15000
/eos/user/j/jiahua/MC_2022_inc/ZZto2L2Nu_powheg_22_ext1-v2/fab0c57c-e373-470a-a194-1b497fa9ee1e.root
[2025-11-08 09:53:11.303] [main] [info] Checking input files
[2025-11-08 09:53:19.689] [main] [info] NanoAOD input_file 1: root://cms-xrd-global.cern.ch//store/mc/Run3Summer22NanoAODv12/ZZto2L2Nu_TuneCP5_13p6TeV_powheg-pythia8/NANOAODSIM/130X_mcRun3_2022_realistic_v5_ext1-v2/2540000/fab0c57c-e373-470a-a194-1b497fa9ee1e.root - 4272 Events
[2025-11-08 09:53:19.689] [main] [info] input_file 1: root://cms-xrd-global.cern.ch//store/mc/Run3Summer22NanoAODv12/ZZto2L2Nu_TuneCP5_13p6TeV_powheg-pythia8/NANOAODSIM/130X_mcRun3_2022_realistic_v5_ext1-v2/2540000/fab0c57c-e373-470a-a194-1b497fa9ee1e.root - SumOfGenWeight: 4407.161940000002 
[2025-11-08 09:53:19.689] [main] [info] Output directory: /eos/user/j/jiahua/MC_2022_inc/ZZto2L2Nu_powheg_22_ext1-v2/fab0c57c-e373-470a-a194-1b497fa9ee1e.root
[2025-11-08 09:53:19.690] [main] [info] Starting Setup of Dataframe with 4272 events
[2025-11-08 09:53:58.294] [main] [info] Finished Setup
[2025-11-08 09:53:58.294] [main] [info] Runtime for setup (real time: 38.60, CPU time: 29.61)
[2025-11-08 09:53:58.294] [main] [info] Starting Evaluation
[2025-11-08 09:54:07.816] [main] [info] vbfhmm:
Flag_goodVertices: pass=4272       all=4272       -- eff=100.00 % cumulative eff=100.00 %
Flag_globalSuperTightHalo2016Filter: pass=4272       all=4272       -- eff=100.00 % cumulative eff=100.00 %
Flag_EcalDeadCellTriggerPrimitiveFilter: pass=4272       all=4272       -- eff=100.00 % cumulative eff=100.00 %
Flag_BadPFMuonFilter: pass=4272       all=4272       -- eff=100.00 % cumulative eff=100.00 %
Flag_BadPFMuonDzFilter: pass=4272       all=4272       -- eff=100.00 % cumulative eff=100.00 %
Flag_eeBadScFilter: pass=4272       all=4272       -- eff=100.00 % cumulative eff=100.00 %
Flag_ecalBadCalibFilter: pass=4272       all=4272       -- eff=100.00 % cumulative eff=100.00 %
Flag_hfNoisyHitsFilter: pass=4272       all=4272       -- eff=100.00 % cumulative eff=100.00 %
Number of muons 2: pass=448        all=4272       -- eff=10.49 % cumulative eff=10.49 %
DiMuon From Higgs: pass=426        all=448        -- eff=95.09 % cumulative eff=9.97 %
LeptonChargeSum: pass=426        all=426        -- eff=100.00 % cumulative eff=9.97 %
[2025-11-08 09:54:07.911] [main] [info] Writing quantities map to /eos/user/j/jiahua/MC_2022_inc/ZZto2L2Nu_powheg_22_ext1-v2/fab0c57c-e373-470a-a194-1b497fa9ee1e_vbfhmm.root
[2025-11-08 09:54:07.967] [main] [info] Finished Evaluation
[2025-11-08 09:54:07.967] [main] [info] Overall runtime (real time: 48.28, CPU time: 36.83)
