Starting job on \n
Running on: Linux b9p22p0522.cern.ch 5.14.0-570.44.1.el9_6.x86_64 #1 SMP PREEMPT_DYNAMIC Tue Sep 9 05:17:30 EDT 2025 x86_64 x86_64 x86_64 GNU/Linux\n
System software: Red Hat Enterprise Linux release 9.7 (Plow)\n
Setting up CROWN for RedHatEnterprise Version 9.7
subject   : /DC=ch/DC=cern/OU=Organic Units/OU=Users/CN=jiahua/CN=851532/CN=Jiahua Chen/CN=2045128514
issuer    : /DC=ch/DC=cern/OU=Organic Units/OU=Users/CN=jiahua/CN=851532/CN=Jiahua Chen
identity  : /DC=ch/DC=cern/OU=Organic Units/OU=Users/CN=jiahua/CN=851532/CN=Jiahua Chen
type      : RFC compliant proxy
strength  : 2048 bits
path      : /afs/cern.ch/user/j/jiahua/proxy/x509up_u139833
timeleft  : 67:48:51
key usage : Digital Signature, Key Encipherment
=== VO cms extension information ===
VO        : cms
subject   : /DC=ch/DC=cern/OU=Organic Units/OU=Users/CN=jiahua/CN=851532/CN=Jiahua Chen
issuer    : /DC=ch/DC=cern/OU=computers/CN=cms-auth.cern.ch
attribute : /cms/Role=NULL/Capability=NULL
timeleft  : 59:48:50
uri       : voms-cms-auth.cern.ch:15000
subject   : /DC=ch/DC=cern/OU=Organic Units/OU=Users/CN=jiahua/CN=851532/CN=Jiahua Chen/CN=2045128514
issuer    : /DC=ch/DC=cern/OU=Organic Units/OU=Users/CN=jiahua/CN=851532/CN=Jiahua Chen
identity  : /DC=ch/DC=cern/OU=Organic Units/OU=Users/CN=jiahua/CN=851532/CN=Jiahua Chen
type      : RFC compliant proxy
strength  : 2048 bits
path      : /afs/cern.ch/user/j/jiahua/proxy/x509up_u139833
timeleft  : 67:48:51
key usage : Digital Signature, Key Encipherment
=== VO cms extension information ===
VO        : cms
subject   : /DC=ch/DC=cern/OU=Organic Units/OU=Users/CN=jiahua/CN=851532/CN=Jiahua Chen
issuer    : /DC=ch/DC=cern/OU=computers/CN=cms-auth.cern.ch
attribute : /cms/Role=NULL/Capability=NULL
timeleft  : 59:48:50
uri       : voms-cms-auth.cern.ch:15000
/eos/user/j/jiahua/MC_2022_inc/MC_2022_VBF/ZZZ_amcatnlo_22/3efcc08f-045f-4cdb-b729-3f48cd1e1b86.root
[2025-11-25 14:59:53.203] [main] [info] Checking input files
[2025-11-25 15:00:06.172] [main] [info] NanoAOD input_file 1: root://cms-xrd-global.cern.ch//store/mc/Run3Summer22NanoAODv12/ZZZ_TuneCP5_13p6TeV_amcatnlo-pythia8/NANOAODSIM/130X_mcRun3_2022_realistic_v5-v2/50000/3efcc08f-045f-4cdb-b729-3f48cd1e1b86.root - 227964 Events
[2025-11-25 15:00:06.172] [main] [info] input_file 1: root://cms-xrd-global.cern.ch//store/mc/Run3Summer22NanoAODv12/ZZZ_TuneCP5_13p6TeV_amcatnlo-pythia8/NANOAODSIM/130X_mcRun3_2022_realistic_v5-v2/50000/3efcc08f-045f-4cdb-b729-3f48cd1e1b86.root - SumOfGenWeight: 3633.6117443860007 
[2025-11-25 15:00:06.172] [main] [info] Output directory: /eos/user/j/jiahua/MC_2022_inc/MC_2022_VBF/ZZZ_amcatnlo_22/3efcc08f-045f-4cdb-b729-3f48cd1e1b86.root
[2025-11-25 15:00:06.173] [main] [info] Starting Setup of Dataframe with 227964 events
[2025-11-25 15:01:16.495] [main] [info] Finished Setup
[2025-11-25 15:01:16.496] [main] [info] Runtime for setup (real time: 70.32, CPU time: 61.98)
[2025-11-25 15:01:16.496] [main] [info] Starting Evaluation
[2025-11-25 15:02:03.585] [main] [info] 10000 / 227964 (4.39 %) Events processed ...
[2025-11-25 15:02:29.916] [main] [info] 20000 / 227964 (8.77 %) Events processed ...
[2025-11-25 15:02:58.456] [main] [info] 30000 / 227964 (13.16 %) Events processed ...
[2025-11-25 15:03:27.471] [main] [info] 40000 / 227964 (17.55 %) Events processed ...
[2025-11-25 15:03:59.892] [main] [info] 50000 / 227964 (21.93 %) Events processed ...
[2025-11-25 15:04:29.387] [main] [info] 60000 / 227964 (26.32 %) Events processed ...
[2025-11-25 15:04:57.338] [main] [info] 70000 / 227964 (30.71 %) Events processed ...
[2025-11-25 15:05:27.121] [main] [info] 80000 / 227964 (35.09 %) Events processed ...
[2025-11-25 15:05:56.935] [main] [info] 90000 / 227964 (39.48 %) Events processed ...
[2025-11-25 15:06:24.407] [main] [info] 100000 / 227964 (43.87 %) Events processed ...
[2025-11-25 15:06:54.253] [main] [info] 110000 / 227964 (48.25 %) Events processed ...
[2025-11-25 15:07:25.556] [main] [info] 120000 / 227964 (52.64 %) Events processed ...
[2025-11-25 15:07:51.991] [main] [info] 130000 / 227964 (57.03 %) Events processed ...
[2025-11-25 15:08:20.385] [main] [info] 140000 / 227964 (61.41 %) Events processed ...
[2025-11-25 15:08:49.244] [main] [info] 150000 / 227964 (65.80 %) Events processed ...
[2025-11-25 15:09:16.130] [main] [info] 160000 / 227964 (70.19 %) Events processed ...
[2025-11-25 15:09:41.451] [main] [info] 170000 / 227964 (74.57 %) Events processed ...
[2025-11-25 15:10:08.697] [main] [info] 180000 / 227964 (78.96 %) Events processed ...
[2025-11-25 15:10:33.938] [main] [info] 190000 / 227964 (83.35 %) Events processed ...
[2025-11-25 15:11:02.769] [main] [info] 200000 / 227964 (87.73 %) Events processed ...
[2025-11-25 15:11:33.470] [main] [info] 210000 / 227964 (92.12 %) Events processed ...
[2025-11-25 15:12:01.528] [main] [info] 220000 / 227964 (96.51 %) Events processed ...
[2025-11-25 15:12:24.262] [main] [info] vbfhmm:
GoodJetsCollection: pass=210125     all=227964     -- eff=92.17 % cumulative eff=92.17 %
Flag_goodVertices: pass=210125     all=210125     -- eff=100.00 % cumulative eff=92.17 %
Flag_globalSuperTightHalo2016Filter: pass=210063     all=210125     -- eff=99.97 % cumulative eff=92.15 %
Flag_EcalDeadCellTriggerPrimitiveFilter: pass=210036     all=210063     -- eff=99.99 % cumulative eff=92.14 %
Flag_BadPFMuonFilter: pass=210024     all=210036     -- eff=99.99 % cumulative eff=92.13 %
Flag_BadPFMuonDzFilter: pass=210020     all=210024     -- eff=100.00 % cumulative eff=92.13 %
Flag_eeBadScFilter: pass=210020     all=210020     -- eff=100.00 % cumulative eff=92.13 %
Flag_ecalBadCalibFilter: pass=209999     all=210020     -- eff=99.99 % cumulative eff=92.12 %
Flag_hfNoisyHitsFilter: pass=209990     all=209999     -- eff=100.00 % cumulative eff=92.12 %
Number of muons 2: pass=10921      all=209990     -- eff=5.20 % cumulative eff=4.79 %
Veto VH <= 0 electrons: pass=10114      all=10921      -- eff=92.61 % cumulative eff=4.44 %
DiMuon From Higgs: pass=9856       all=10114      -- eff=97.45 % cumulative eff=4.32 %
LeptonChargeSum: pass=9534       all=9856       -- eff=96.73 % cumulative eff=4.18 %
Hmass>=110: pass=62         all=9534       -- eff=0.65 % cumulative eff=0.03 %
[2025-11-25 15:12:24.680] [main] [info] Writing quantities map to /eos/user/j/jiahua/MC_2022_inc/MC_2022_VBF/ZZZ_amcatnlo_22/3efcc08f-045f-4cdb-b729-3f48cd1e1b86_vbfhmm.root
[2025-11-25 15:12:24.958] [main] [info] Finished Evaluation
[2025-11-25 15:12:24.958] [main] [info] Overall runtime (real time: 738.79, CPU time: 671.16)
