000 (12769442.126.000) 11/08 10:40:44 Job submitted from host: <188.185.121.235:9618?addrs=188.185.121.235-9618+[2001-1458-d00-49--100-36e]-9618&alias=bigbird22.cern.ch&noUDP&sock=schedd_232129_c3ca>
...
040 (12769442.126.000) 11/08 10:45:22 Started transferring input files
	Transferring to host: <188.185.212.178:9618?addrs=188.185.212.178-9618+[2001-1458-303-19--100-2e]-9618&alias=b9p26p1424.cern.ch&noUDP&sock=slot1_36_7434_ace7_48831>
...
040 (12769442.126.000) 11/08 10:45:22 Finished transferring input files
...
001 (12769442.126.000) 11/08 10:45:23 Job executing on host: <188.185.212.178:9618?addrs=188.185.212.178-9618+[2001-1458-303-19--100-2e]-9618&alias=b9p26p1424.cern.ch&noUDP&sock=startd_6910_4383>
	SlotName: slot1_36@b9p26p1424.cern.ch
	CondorScratchDir = "/pool/condor/dir_2820355"
	Cpus = 1
	Disk = 15978
	GPUs = 0
	Memory = 3000
...
006 (12769442.126.000) 11/08 10:45:37 Image size of job updated: 122864
	120  -  MemoryUsage of job (MB)
	122864  -  ResidentSetSize of job (KB)
...
006 (12769442.126.000) 11/08 10:50:38 Image size of job updated: 462496
	452  -  MemoryUsage of job (MB)
	462496  -  ResidentSetSize of job (KB)
...
006 (12769442.126.000) 11/08 10:54:40 Image size of job updated: 544300
	452  -  MemoryUsage of job (MB)
	462496  -  ResidentSetSize of job (KB)
...
040 (12769442.126.000) 11/08 10:54:40 Started transferring output files
...
040 (12769442.126.000) 11/08 10:54:40 Finished transferring output files
...
005 (12769442.126.000) 11/08 10:54:40 Job terminated.
	(1) Normal termination (return value 0)
		Usr 0 00:03:30, Sys 0 00:00:07  -  Run Remote Usage
		Usr 0 00:00:00, Sys 0 00:00:00  -  Run Local Usage
		Usr 0 00:03:30, Sys 0 00:00:07  -  Total Remote Usage
		Usr 0 00:00:00, Sys 0 00:00:00  -  Total Local Usage
	17242  -  Run Bytes Sent By Job
	11220236  -  Run Bytes Received By Job
	17242  -  Total Bytes Sent By Job
	11220236  -  Total Bytes Received By Job
	Partitionable Resources :    Usage  Request Allocated 
	   Cpus                 :     0.41        1         1 
	   Disk (KB)            : 10998       12500     15978 
	   GPUs                 :                           0 
	   Memory (MB)          :   452        3000      3000 
	   TimeExecute (s)      :   557                       
	   TimeSlotBusy (s)     :   559                       

	Job terminated of its own accord at 2025-11-08T09:54:40Z with exit-code 0.
...
