Starting job on \n
Running on: Linux b9g03p7607.cern.ch 5.14.0-570.44.1.el9_6.x86_64 #1 SMP PREEMPT_DYNAMIC Tue Sep 9 05:17:30 EDT 2025 x86_64 x86_64 x86_64 GNU/Linux\n
System software: Red Hat Enterprise Linux release 9.6 (Plow)\n
Setting up CROWN for RedHatEnterprise Version 9.6
subject   : /DC=ch/DC=cern/OU=Organic Units/OU=Users/CN=jiahua/CN=851532/CN=Jiahua Chen/CN=1735721823
issuer    : /DC=ch/DC=cern/OU=Organic Units/OU=Users/CN=jiahua/CN=851532/CN=Jiahua Chen
identity  : /DC=ch/DC=cern/OU=Organic Units/OU=Users/CN=jiahua/CN=851532/CN=Jiahua Chen
type      : RFC compliant proxy
strength  : 2048 bits
path      : /afs/cern.ch/user/j/jiahua/proxy/x509up_u139833
timeleft  : 196:54:10
key usage : Digital Signature, Key Encipherment
=== VO cms extension information ===
VO        : cms
subject   : /DC=ch/DC=cern/OU=Organic Units/OU=Users/CN=jiahua/CN=851532/CN=Jiahua Chen
issuer    : /DC=ch/DC=cern/OU=computers/CN=cms-auth.cern.ch
attribute : /cms/Role=NULL/Capability=NULL
timeleft  : 188:54:10
uri       : voms-cms-auth.cern.ch:15000
subject   : /DC=ch/DC=cern/OU=Organic Units/OU=Users/CN=jiahua/CN=851532/CN=Jiahua Chen/CN=1735721823
issuer    : /DC=ch/DC=cern/OU=Organic Units/OU=Users/CN=jiahua/CN=851532/CN=Jiahua Chen
identity  : /DC=ch/DC=cern/OU=Organic Units/OU=Users/CN=jiahua/CN=851532/CN=Jiahua Chen
type      : RFC compliant proxy
strength  : 2048 bits
path      : /afs/cern.ch/user/j/jiahua/proxy/x509up_u139833
timeleft  : 196:54:10
key usage : Digital Signature, Key Encipherment
=== VO cms extension information ===
VO        : cms
subject   : /DC=ch/DC=cern/OU=Organic Units/OU=Users/CN=jiahua/CN=851532/CN=Jiahua Chen
issuer    : /DC=ch/DC=cern/OU=computers/CN=cms-auth.cern.ch
attribute : /cms/Role=NULL/Capability=NULL
timeleft  : 188:54:10
uri       : voms-cms-auth.cern.ch:15000
/eos/user/j/jiahua/MC_2023_inc/DYto2L-2Jets_MLL-50_amcatnloFXFX_23/114f4fe4-9961-40b0-89e4-3a14e382dbe7.root
[2025-11-08 10:44:49.272] [main] [info] Checking input files
[2025-11-08 10:44:57.665] [main] [info] NanoAOD input_file 1: root://cms-xrd-global.cern.ch//store/mc/Run3Summer23NanoAODv12/DYto2L-2Jets_MLL-50_TuneCP5_13p6TeV_amcatnloFXFX-pythia8/NANOAODSIM/130X_mcRun3_2023_realistic_v14-v1/2550000/114f4fe4-9961-40b0-89e4-3a14e382dbe7.root - 1043357 Events
[2025-11-08 10:44:57.679] [main] [info] input_file 1: root://cms-xrd-global.cern.ch//store/mc/Run3Summer23NanoAODv12/DYto2L-2Jets_MLL-50_TuneCP5_13p6TeV_amcatnloFXFX-pythia8/NANOAODSIM/130X_mcRun3_2023_realistic_v14-v1/2550000/114f4fe4-9961-40b0-89e4-3a14e382dbe7.root - SumOfGenWeight: 18581070306.092 
[2025-11-08 10:44:57.679] [main] [info] Output directory: /eos/user/j/jiahua/MC_2023_inc/DYto2L-2Jets_MLL-50_amcatnloFXFX_23/114f4fe4-9961-40b0-89e4-3a14e382dbe7.root
[2025-11-08 10:44:57.684] [main] [info] Starting Setup of Dataframe with 1043357 events
[2025-11-08 10:46:17.345] [main] [info] Finished Setup
[2025-11-08 10:46:17.345] [main] [info] Runtime for setup (real time: 79.67, CPU time: 75.12)
[2025-11-08 10:46:17.345] [main] [info] Starting Evaluation
[2025-11-08 10:46:40.253] [main] [info] 10000 / 1043357 (0.96 %) Events processed ...
[2025-11-08 10:46:43.021] [main] [info] 20000 / 1043357 (1.92 %) Events processed ...
[2025-11-08 10:46:45.587] [main] [info] 30000 / 1043357 (2.88 %) Events processed ...
[2025-11-08 10:46:59.905] [main] [info] 40000 / 1043357 (3.83 %) Events processed ...
[2025-11-08 10:47:01.978] [main] [info] 50000 / 1043357 (4.79 %) Events processed ...
[2025-11-08 10:47:04.066] [main] [info] 60000 / 1043357 (5.75 %) Events processed ...
[2025-11-08 10:47:06.699] [main] [info] 70000 / 1043357 (6.71 %) Events processed ...
[2025-11-08 10:47:16.918] [main] [info] 80000 / 1043357 (7.67 %) Events processed ...
[2025-11-08 10:47:19.361] [main] [info] 90000 / 1043357 (8.63 %) Events processed ...
[2025-11-08 10:47:22.005] [main] [info] 100000 / 1043357 (9.58 %) Events processed ...
[2025-11-08 10:47:24.812] [main] [info] 110000 / 1043357 (10.54 %) Events processed ...
[2025-11-08 10:47:36.514] [main] [info] 120000 / 1043357 (11.50 %) Events processed ...
[2025-11-08 10:47:38.967] [main] [info] 130000 / 1043357 (12.46 %) Events processed ...
[2025-11-08 10:47:41.925] [main] [info] 140000 / 1043357 (13.42 %) Events processed ...
[2025-11-08 10:47:44.492] [main] [info] 150000 / 1043357 (14.38 %) Events processed ...
[2025-11-08 10:47:57.643] [main] [info] 160000 / 1043357 (15.34 %) Events processed ...
[2025-11-08 10:47:59.834] [main] [info] 170000 / 1043357 (16.29 %) Events processed ...
[2025-11-08 10:48:02.455] [main] [info] 180000 / 1043357 (17.25 %) Events processed ...
[2025-11-08 10:48:04.810] [main] [info] 190000 / 1043357 (18.21 %) Events processed ...
[2025-11-08 10:48:24.525] [main] [info] 200000 / 1043357 (19.17 %) Events processed ...
[2025-11-08 10:48:27.441] [main] [info] 210000 / 1043357 (20.13 %) Events processed ...
[2025-11-08 10:48:29.923] [main] [info] 220000 / 1043357 (21.09 %) Events processed ...
[2025-11-08 10:48:32.440] [main] [info] 230000 / 1043357 (22.04 %) Events processed ...
[2025-11-08 10:48:48.348] [main] [info] 240000 / 1043357 (23.00 %) Events processed ...
[2025-11-08 10:48:50.542] [main] [info] 250000 / 1043357 (23.96 %) Events processed ...
[2025-11-08 10:48:53.040] [main] [info] 260000 / 1043357 (24.92 %) Events processed ...
[2025-11-08 10:48:55.679] [main] [info] 270000 / 1043357 (25.88 %) Events processed ...
[2025-11-08 10:49:16.851] [main] [info] 280000 / 1043357 (26.84 %) Events processed ...
[2025-11-08 10:49:19.093] [main] [info] 290000 / 1043357 (27.79 %) Events processed ...
[2025-11-08 10:49:21.119] [main] [info] 300000 / 1043357 (28.75 %) Events processed ...
[2025-11-08 10:49:23.640] [main] [info] 310000 / 1043357 (29.71 %) Events processed ...
[2025-11-08 10:49:45.267] [main] [info] 320000 / 1043357 (30.67 %) Events processed ...
[2025-11-08 10:49:47.274] [main] [info] 330000 / 1043357 (31.63 %) Events processed ...
[2025-11-08 10:49:49.763] [main] [info] 340000 / 1043357 (32.59 %) Events processed ...
[2025-11-08 10:49:52.392] [main] [info] 350000 / 1043357 (33.55 %) Events processed ...
[2025-11-08 10:50:15.718] [main] [info] 360000 / 1043357 (34.50 %) Events processed ...
[2025-11-08 10:50:18.358] [main] [info] 370000 / 1043357 (35.46 %) Events processed ...
[2025-11-08 10:50:21.163] [main] [info] 380000 / 1043357 (36.42 %) Events processed ...
[2025-11-08 10:50:23.582] [main] [info] 390000 / 1043357 (37.38 %) Events processed ...
[2025-11-08 10:50:46.474] [main] [info] 400000 / 1043357 (38.34 %) Events processed ...
[2025-11-08 10:50:49.653] [main] [info] 410000 / 1043357 (39.30 %) Events processed ...
[2025-11-08 10:50:52.515] [main] [info] 420000 / 1043357 (40.25 %) Events processed ...
[2025-11-08 10:50:54.655] [main] [info] 430000 / 1043357 (41.21 %) Events processed ...
[2025-11-08 10:51:16.120] [main] [info] 440000 / 1043357 (42.17 %) Events processed ...
[2025-11-08 10:51:18.770] [main] [info] 450000 / 1043357 (43.13 %) Events processed ...
[2025-11-08 10:51:21.375] [main] [info] 460000 / 1043357 (44.09 %) Events processed ...
[2025-11-08 10:51:24.057] [main] [info] 470000 / 1043357 (45.05 %) Events processed ...
[2025-11-08 10:51:48.549] [main] [info] 480000 / 1043357 (46.01 %) Events processed ...
[2025-11-08 10:51:51.516] [main] [info] 490000 / 1043357 (46.96 %) Events processed ...
[2025-11-08 10:51:54.320] [main] [info] 500000 / 1043357 (47.92 %) Events processed ...
[2025-11-08 10:51:56.895] [main] [info] 510000 / 1043357 (48.88 %) Events processed ...
[2025-11-08 10:52:15.453] [main] [info] 520000 / 1043357 (49.84 %) Events processed ...
[2025-11-08 10:52:18.081] [main] [info] 530000 / 1043357 (50.80 %) Events processed ...
[2025-11-08 10:52:21.013] [main] [info] 540000 / 1043357 (51.76 %) Events processed ...
[2025-11-08 10:52:23.734] [main] [info] 550000 / 1043357 (52.71 %) Events processed ...
[2025-11-08 10:52:41.766] [main] [info] 560000 / 1043357 (53.67 %) Events processed ...
[2025-11-08 10:52:44.126] [main] [info] 570000 / 1043357 (54.63 %) Events processed ...
[2025-11-08 10:52:46.861] [main] [info] 580000 / 1043357 (55.59 %) Events processed ...
[2025-11-08 10:52:49.540] [main] [info] 590000 / 1043357 (56.55 %) Events processed ...
[2025-11-08 10:53:03.927] [main] [info] 600000 / 1043357 (57.51 %) Events processed ...
[2025-11-08 10:53:06.904] [main] [info] 610000 / 1043357 (58.47 %) Events processed ...
[2025-11-08 10:53:09.514] [main] [info] 620000 / 1043357 (59.42 %) Events processed ...
[2025-11-08 10:53:12.208] [main] [info] 630000 / 1043357 (60.38 %) Events processed ...
[2025-11-08 10:53:24.594] [main] [info] 640000 / 1043357 (61.34 %) Events processed ...
[2025-11-08 10:53:27.556] [main] [info] 650000 / 1043357 (62.30 %) Events processed ...
[2025-11-08 10:53:30.252] [main] [info] 660000 / 1043357 (63.26 %) Events processed ...
[2025-11-08 10:53:32.996] [main] [info] 670000 / 1043357 (64.22 %) Events processed ...
[2025-11-08 10:53:42.975] [main] [info] 680000 / 1043357 (65.17 %) Events processed ...
[2025-11-08 10:53:45.729] [main] [info] 690000 / 1043357 (66.13 %) Events processed ...
[2025-11-08 10:53:48.281] [main] [info] 700000 / 1043357 (67.09 %) Events processed ...
[2025-11-08 10:53:50.919] [main] [info] 710000 / 1043357 (68.05 %) Events processed ...
[2025-11-08 10:53:57.481] [main] [info] 720000 / 1043357 (69.01 %) Events processed ...
[2025-11-08 10:54:00.001] [main] [info] 730000 / 1043357 (69.97 %) Events processed ...
[2025-11-08 10:54:02.530] [main] [info] 740000 / 1043357 (70.92 %) Events processed ...
[2025-11-08 10:54:05.279] [main] [info] 750000 / 1043357 (71.88 %) Events processed ...
[2025-11-08 10:54:11.284] [main] [info] 760000 / 1043357 (72.84 %) Events processed ...
[2025-11-08 10:54:13.652] [main] [info] 770000 / 1043357 (73.80 %) Events processed ...
[2025-11-08 10:54:16.543] [main] [info] 780000 / 1043357 (74.76 %) Events processed ...
[2025-11-08 10:54:19.119] [main] [info] 790000 / 1043357 (75.72 %) Events processed ...
[2025-11-08 10:54:24.488] [main] [info] 800000 / 1043357 (76.68 %) Events processed ...
[2025-11-08 10:54:27.177] [main] [info] 810000 / 1043357 (77.63 %) Events processed ...
[2025-11-08 10:54:30.039] [main] [info] 820000 / 1043357 (78.59 %) Events processed ...
[2025-11-08 10:54:32.854] [main] [info] 830000 / 1043357 (79.55 %) Events processed ...
[2025-11-08 10:54:38.068] [main] [info] 840000 / 1043357 (80.51 %) Events processed ...
[2025-11-08 10:54:40.291] [main] [info] 850000 / 1043357 (81.47 %) Events processed ...
[2025-11-08 10:54:42.629] [main] [info] 860000 / 1043357 (82.43 %) Events processed ...
[2025-11-08 10:54:45.210] [main] [info] 870000 / 1043357 (83.38 %) Events processed ...
[2025-11-08 10:54:50.360] [main] [info] 880000 / 1043357 (84.34 %) Events processed ...
[2025-11-08 10:54:53.033] [main] [info] 890000 / 1043357 (85.30 %) Events processed ...
[2025-11-08 10:54:55.630] [main] [info] 900000 / 1043357 (86.26 %) Events processed ...
[2025-11-08 10:54:58.283] [main] [info] 910000 / 1043357 (87.22 %) Events processed ...
[2025-11-08 10:55:03.431] [main] [info] 920000 / 1043357 (88.18 %) Events processed ...
[2025-11-08 10:55:06.095] [main] [info] 930000 / 1043357 (89.14 %) Events processed ...
[2025-11-08 10:55:08.558] [main] [info] 940000 / 1043357 (90.09 %) Events processed ...
[2025-11-08 10:55:11.283] [main] [info] 950000 / 1043357 (91.05 %) Events processed ...
[2025-11-08 10:55:16.404] [main] [info] 960000 / 1043357 (92.01 %) Events processed ...
[2025-11-08 10:55:18.935] [main] [info] 970000 / 1043357 (92.97 %) Events processed ...
[2025-11-08 10:55:21.440] [main] [info] 980000 / 1043357 (93.93 %) Events processed ...
[2025-11-08 10:55:23.929] [main] [info] 990000 / 1043357 (94.89 %) Events processed ...
[2025-11-08 10:55:29.479] [main] [info] 1000000 / 1043357 (95.84 %) Events processed ...
[2025-11-08 10:55:31.984] [main] [info] 1010000 / 1043357 (96.80 %) Events processed ...
[2025-11-08 10:55:34.503] [main] [info] 1020000 / 1043357 (97.76 %) Events processed ...
[2025-11-08 10:55:37.128] [main] [info] 1030000 / 1043357 (98.72 %) Events processed ...
[2025-11-08 10:55:41.994] [main] [info] 1040000 / 1043357 (99.68 %) Events processed ...
[2025-11-08 10:55:44.240] [main] [info] vbfhmm:
Flag_goodVertices: pass=1043357    all=1043357    -- eff=100.00 % cumulative eff=100.00 %
Flag_globalSuperTightHalo2016Filter: pass=1043279    all=1043357    -- eff=99.99 % cumulative eff=99.99 %
Flag_EcalDeadCellTriggerPrimitiveFilter: pass=1043275    all=1043279    -- eff=100.00 % cumulative eff=99.99 %
Flag_BadPFMuonFilter: pass=1043200    all=1043275    -- eff=99.99 % cumulative eff=99.98 %
Flag_BadPFMuonDzFilter: pass=1043182    all=1043200    -- eff=100.00 % cumulative eff=99.98 %
Flag_eeBadScFilter: pass=1043182    all=1043182    -- eff=100.00 % cumulative eff=99.98 %
Flag_ecalBadCalibFilter: pass=1043077    all=1043182    -- eff=99.99 % cumulative eff=99.97 %
Flag_hfNoisyHitsFilter: pass=1043016    all=1043077    -- eff=99.99 % cumulative eff=99.97 %
Number of muons 2: pass=128695     all=1043016    -- eff=12.34 % cumulative eff=12.33 %
DiMuon From Higgs: pass=123503     all=128695     -- eff=95.97 % cumulative eff=11.84 %
LeptonChargeSum: pass=123472     all=123503     -- eff=99.97 % cumulative eff=11.83 %
[2025-11-08 10:55:44.725] [main] [info] Writing quantities map to /eos/user/j/jiahua/MC_2023_inc/DYto2L-2Jets_MLL-50_amcatnloFXFX_23/114f4fe4-9961-40b0-89e4-3a14e382dbe7_vbfhmm.root
[2025-11-08 10:55:45.648] [main] [info] Finished Evaluation
[2025-11-08 10:55:45.649] [main] [info] Overall runtime (real time: 647.97, CPU time: 357.05)
