Starting job on \n
Running on: Linux b9p17p7861.cern.ch 5.14.0-570.44.1.el9_6.x86_64 #1 SMP PREEMPT_DYNAMIC Tue Sep 9 05:17:30 EDT 2025 x86_64 x86_64 x86_64 GNU/Linux\n
System software: Red Hat Enterprise Linux release 9.6 (Plow)\n
Setting up CROWN for RedHatEnterprise Version 9.6
subject   : /DC=ch/DC=cern/OU=Organic Units/OU=Users/CN=jiahua/CN=851532/CN=Jiahua Chen/CN=1735721823
issuer    : /DC=ch/DC=cern/OU=Organic Units/OU=Users/CN=jiahua/CN=851532/CN=Jiahua Chen
identity  : /DC=ch/DC=cern/OU=Organic Units/OU=Users/CN=jiahua/CN=851532/CN=Jiahua Chen
type      : RFC compliant proxy
strength  : 2048 bits
path      : /afs/cern.ch/user/j/jiahua/proxy/x509up_u139833
timeleft  : 196:53:09
key usage : Digital Signature, Key Encipherment
=== VO cms extension information ===
VO        : cms
subject   : /DC=ch/DC=cern/OU=Organic Units/OU=Users/CN=jiahua/CN=851532/CN=Jiahua Chen
issuer    : /DC=ch/DC=cern/OU=computers/CN=cms-auth.cern.ch
attribute : /cms/Role=NULL/Capability=NULL
timeleft  : 188:53:09
uri       : voms-cms-auth.cern.ch:15000
subject   : /DC=ch/DC=cern/OU=Organic Units/OU=Users/CN=jiahua/CN=851532/CN=Jiahua Chen/CN=1735721823
issuer    : /DC=ch/DC=cern/OU=Organic Units/OU=Users/CN=jiahua/CN=851532/CN=Jiahua Chen
identity  : /DC=ch/DC=cern/OU=Organic Units/OU=Users/CN=jiahua/CN=851532/CN=Jiahua Chen
type      : RFC compliant proxy
strength  : 2048 bits
path      : /afs/cern.ch/user/j/jiahua/proxy/x509up_u139833
timeleft  : 196:53:09
key usage : Digital Signature, Key Encipherment
=== VO cms extension information ===
VO        : cms
subject   : /DC=ch/DC=cern/OU=Organic Units/OU=Users/CN=jiahua/CN=851532/CN=Jiahua Chen
issuer    : /DC=ch/DC=cern/OU=computers/CN=cms-auth.cern.ch
attribute : /cms/Role=NULL/Capability=NULL
timeleft  : 188:53:09
uri       : voms-cms-auth.cern.ch:15000
/eos/user/j/jiahua/MC_2023_inc/DYto2L-2Jets_MLL-50_amcatnloFXFX_23/44d456c6-f8ae-48c1-95ec-b82b639fa1cd.root
[2025-11-08 10:45:50.564] [main] [info] Checking input files
[2025-11-08 10:45:58.057] [main] [info] NanoAOD input_file 1: root://cms-xrd-global.cern.ch//store/mc/Run3Summer23NanoAODv12/DYto2L-2Jets_MLL-50_TuneCP5_13p6TeV_amcatnloFXFX-pythia8/NANOAODSIM/130X_mcRun3_2023_realistic_v14-v1/2550000/44d456c6-f8ae-48c1-95ec-b82b639fa1cd.root - 24028 Events
[2025-11-08 10:45:58.081] [main] [info] input_file 1: root://cms-xrd-global.cern.ch//store/mc/Run3Summer23NanoAODv12/DYto2L-2Jets_MLL-50_TuneCP5_13p6TeV_amcatnloFXFX-pythia8/NANOAODSIM/130X_mcRun3_2023_realistic_v14-v1/2550000/44d456c6-f8ae-48c1-95ec-b82b639fa1cd.root - SumOfGenWeight: 426498471.112 
[2025-11-08 10:45:58.081] [main] [info] Output directory: /eos/user/j/jiahua/MC_2023_inc/DYto2L-2Jets_MLL-50_amcatnloFXFX_23/44d456c6-f8ae-48c1-95ec-b82b639fa1cd.root
[2025-11-08 10:45:58.091] [main] [info] Starting Setup of Dataframe with 24028 events
[2025-11-08 10:47:03.855] [main] [info] Finished Setup
[2025-11-08 10:47:03.855] [main] [info] Runtime for setup (real time: 65.77, CPU time: 61.76)
[2025-11-08 10:47:03.855] [main] [info] Starting Evaluation
[2025-11-08 10:47:34.863] [main] [info] 10000 / 24028 (41.62 %) Events processed ...
[2025-11-08 10:47:37.381] [main] [info] 20000 / 24028 (83.24 %) Events processed ...
[2025-11-08 10:47:38.666] [main] [info] vbfhmm:
Flag_goodVertices: pass=24028      all=24028      -- eff=100.00 % cumulative eff=100.00 %
Flag_globalSuperTightHalo2016Filter: pass=24025      all=24028      -- eff=99.99 % cumulative eff=99.99 %
Flag_EcalDeadCellTriggerPrimitiveFilter: pass=24025      all=24025      -- eff=100.00 % cumulative eff=99.99 %
Flag_BadPFMuonFilter: pass=24024      all=24025      -- eff=100.00 % cumulative eff=99.98 %
Flag_BadPFMuonDzFilter: pass=24023      all=24024      -- eff=100.00 % cumulative eff=99.98 %
Flag_eeBadScFilter: pass=24023      all=24023      -- eff=100.00 % cumulative eff=99.98 %
Flag_ecalBadCalibFilter: pass=24022      all=24023      -- eff=100.00 % cumulative eff=99.98 %
Flag_hfNoisyHitsFilter: pass=24021      all=24022      -- eff=100.00 % cumulative eff=99.97 %
Number of muons 2: pass=2954       all=24021      -- eff=12.30 % cumulative eff=12.29 %
DiMuon From Higgs: pass=2834       all=2954       -- eff=95.94 % cumulative eff=11.79 %
LeptonChargeSum: pass=2832       all=2834       -- eff=99.93 % cumulative eff=11.79 %
[2025-11-08 10:47:39.226] [main] [info] Writing quantities map to /eos/user/j/jiahua/MC_2023_inc/DYto2L-2Jets_MLL-50_amcatnloFXFX_23/44d456c6-f8ae-48c1-95ec-b82b639fa1cd_vbfhmm.root
[2025-11-08 10:47:39.389] [main] [info] Finished Evaluation
[2025-11-08 10:47:39.389] [main] [info] Overall runtime (real time: 101.31, CPU time: 88.42)
