000 (12769454.085.000) 11/08 10:41:05 Job submitted from host: <188.185.121.235:9618?addrs=188.185.121.235-9618+[2001-1458-d00-49--100-36e]-9618&alias=bigbird22.cern.ch&noUDP&sock=schedd_232129_c3ca>
...
040 (12769454.085.000) 11/08 10:51:41 Started transferring input files
	Transferring to host: <188.185.215.139:9618?addrs=188.185.215.139-9618+[2001-1458-303-26--100-7]-9618&alias=b9p18p4907.cern.ch&noUDP&sock=slot1_31_3326_37c0_44148>
...
040 (12769454.085.000) 11/08 10:51:41 Finished transferring input files
...
001 (12769454.085.000) 11/08 10:51:42 Job executing on host: <188.185.215.139:9618?addrs=188.185.215.139-9618+[2001-1458-303-26--100-7]-9618&alias=b9p18p4907.cern.ch&noUDP&sock=startd_3189_f79c>
	SlotName: slot1_31@b9p18p4907.cern.ch
	CondorScratchDir = "/pool/condor/dir_1402435"
	Cpus = 1
	Disk = 15796
	GPUs = 0
	Memory = 3000
...
006 (12769454.085.000) 11/08 10:51:56 Image size of job updated: 46928
	46  -  MemoryUsage of job (MB)
	46928  -  ResidentSetSize of job (KB)
...
006 (12769454.085.000) 11/08 10:53:52 Image size of job updated: 428508
	46  -  MemoryUsage of job (MB)
	46984  -  ResidentSetSize of job (KB)
...
040 (12769454.085.000) 11/08 10:53:52 Started transferring output files
...
040 (12769454.085.000) 11/08 10:53:52 Finished transferring output files
...
005 (12769454.085.000) 11/08 10:53:52 Job terminated.
	(1) Normal termination (return value 0)
		Usr 0 00:01:48, Sys 0 00:00:02  -  Run Remote Usage
		Usr 0 00:00:00, Sys 0 00:00:00  -  Run Local Usage
		Usr 0 00:01:48, Sys 0 00:00:02  -  Total Remote Usage
		Usr 0 00:00:00, Sys 0 00:00:00  -  Total Local Usage
	9558  -  Run Bytes Sent By Job
	11220236  -  Run Bytes Received By Job
	9558  -  Total Bytes Sent By Job
	11220236  -  Total Bytes Received By Job
	Partitionable Resources :    Usage  Request Allocated 
	   Cpus                 :     0.07        1         1 
	   Disk (KB)            : 10990       12500     15796 
	   GPUs                 :                           0 
	   Memory (MB)          :    46        3000      3000 
	   TimeExecute (s)      :   130                       
	   TimeSlotBusy (s)     :   132                       

	Job terminated of its own accord at 2025-11-08T09:53:52Z with exit-code 0.
...
