Starting job on \n
Running on: Linux b9p28p9038.cern.ch 5.14.0-570.46.1.el9_6.x86_64 #1 SMP PREEMPT_DYNAMIC Tue Sep 16 03:28:23 EDT 2025 x86_64 x86_64 x86_64 GNU/Linux\n
System software: Red Hat Enterprise Linux release 9.6 (Plow)\n
Setting up CROWN for RedHatEnterprise Version 9.6
subject   : /DC=ch/DC=cern/OU=Organic Units/OU=Users/CN=jiahua/CN=851532/CN=Jiahua Chen/CN=1735721823
issuer    : /DC=ch/DC=cern/OU=Organic Units/OU=Users/CN=jiahua/CN=851532/CN=Jiahua Chen
identity  : /DC=ch/DC=cern/OU=Organic Units/OU=Users/CN=jiahua/CN=851532/CN=Jiahua Chen
type      : RFC compliant proxy
strength  : 2048 bits
path      : /afs/cern.ch/user/j/jiahua/proxy/x509up_u139833
timeleft  : 196:47:26
key usage : Digital Signature, Key Encipherment
=== VO cms extension information ===
VO        : cms
subject   : /DC=ch/DC=cern/OU=Organic Units/OU=Users/CN=jiahua/CN=851532/CN=Jiahua Chen
issuer    : /DC=ch/DC=cern/OU=computers/CN=cms-auth.cern.ch
attribute : /cms/Role=NULL/Capability=NULL
timeleft  : 188:47:26
uri       : voms-cms-auth.cern.ch:15000
subject   : /DC=ch/DC=cern/OU=Organic Units/OU=Users/CN=jiahua/CN=851532/CN=Jiahua Chen/CN=1735721823
issuer    : /DC=ch/DC=cern/OU=Organic Units/OU=Users/CN=jiahua/CN=851532/CN=Jiahua Chen
identity  : /DC=ch/DC=cern/OU=Organic Units/OU=Users/CN=jiahua/CN=851532/CN=Jiahua Chen
type      : RFC compliant proxy
strength  : 2048 bits
path      : /afs/cern.ch/user/j/jiahua/proxy/x509up_u139833
timeleft  : 196:47:26
key usage : Digital Signature, Key Encipherment
=== VO cms extension information ===
VO        : cms
subject   : /DC=ch/DC=cern/OU=Organic Units/OU=Users/CN=jiahua/CN=851532/CN=Jiahua Chen
issuer    : /DC=ch/DC=cern/OU=computers/CN=cms-auth.cern.ch
attribute : /cms/Role=NULL/Capability=NULL
timeleft  : 188:47:26
uri       : voms-cms-auth.cern.ch:15000
/eos/user/j/jiahua/MC_2023_inc/DYto2Mu-2Jets_MLL-105To160_amcatnloFXFX_23/0d5bc976-0dbd-43ca-85b3-f480c4f642ca.root
[2025-11-08 10:51:32.930] [main] [info] Checking input files
[2025-11-08 10:51:37.228] [main] [info] NanoAOD input_file 1: root://cms-xrd-global.cern.ch//store/mc/Run3Summer23NanoAODv12/DYto2Mu-2Jets_MLL-105To160_TuneCP5_13p6TeV_amcatnloFXFX-pythia8/NANOAODSIM/130X_mcRun3_2023_realistic_v15-v2/2820000/0d5bc976-0dbd-43ca-85b3-f480c4f642ca.root - 152033 Events
[2025-11-08 10:51:37.228] [main] [info] input_file 1: root://cms-xrd-global.cern.ch//store/mc/Run3Summer23NanoAODv12/DYto2Mu-2Jets_MLL-105To160_TuneCP5_13p6TeV_amcatnloFXFX-pythia8/NANOAODSIM/130X_mcRun3_2023_realistic_v15-v2/2820000/0d5bc976-0dbd-43ca-85b3-f480c4f642ca.root - SumOfGenWeight: 20560445.218700003 
[2025-11-08 10:51:37.228] [main] [info] Output directory: /eos/user/j/jiahua/MC_2023_inc/DYto2Mu-2Jets_MLL-105To160_amcatnloFXFX_23/0d5bc976-0dbd-43ca-85b3-f480c4f642ca.root
[2025-11-08 10:51:37.229] [main] [info] Starting Setup of Dataframe with 152033 events
[2025-11-08 10:52:17.261] [main] [info] Finished Setup
[2025-11-08 10:52:17.261] [main] [info] Runtime for setup (real time: 40.03, CPU time: 39.05)
[2025-11-08 10:52:17.261] [main] [info] Starting Evaluation
[2025-11-08 10:52:28.396] [main] [info] 10000 / 152033 (6.58 %) Events processed ...
[2025-11-08 10:52:32.579] [main] [info] 20000 / 152033 (13.16 %) Events processed ...
[2025-11-08 10:52:36.502] [main] [info] 30000 / 152033 (19.73 %) Events processed ...
[2025-11-08 10:52:41.325] [main] [info] 40000 / 152033 (26.31 %) Events processed ...
[2025-11-08 10:52:45.186] [main] [info] 50000 / 152033 (32.89 %) Events processed ...
[2025-11-08 10:52:49.061] [main] [info] 60000 / 152033 (39.47 %) Events processed ...
[2025-11-08 10:52:52.867] [main] [info] 70000 / 152033 (46.04 %) Events processed ...
[2025-11-08 10:52:58.008] [main] [info] 80000 / 152033 (52.62 %) Events processed ...
[2025-11-08 10:53:01.708] [main] [info] 90000 / 152033 (59.20 %) Events processed ...
[2025-11-08 10:53:05.781] [main] [info] 100000 / 152033 (65.78 %) Events processed ...
[2025-11-08 10:53:10.610] [main] [info] 110000 / 152033 (72.35 %) Events processed ...
[2025-11-08 10:53:14.559] [main] [info] 120000 / 152033 (78.93 %) Events processed ...
[2025-11-08 10:53:18.879] [main] [info] 130000 / 152033 (85.51 %) Events processed ...
[2025-11-08 10:53:22.756] [main] [info] 140000 / 152033 (92.09 %) Events processed ...
[2025-11-08 10:53:27.040] [main] [info] 150000 / 152033 (98.66 %) Events processed ...
[2025-11-08 10:53:28.004] [main] [info] vbfhmm:
Flag_goodVertices: pass=152033     all=152033     -- eff=100.00 % cumulative eff=100.00 %
Flag_globalSuperTightHalo2016Filter: pass=152013     all=152033     -- eff=99.99 % cumulative eff=99.99 %
Flag_EcalDeadCellTriggerPrimitiveFilter: pass=152011     all=152013     -- eff=100.00 % cumulative eff=99.99 %
Flag_BadPFMuonFilter: pass=151999     all=152011     -- eff=99.99 % cumulative eff=99.98 %
Flag_BadPFMuonDzFilter: pass=151994     all=151999     -- eff=100.00 % cumulative eff=99.97 %
Flag_eeBadScFilter: pass=151994     all=151994     -- eff=100.00 % cumulative eff=99.97 %
Flag_ecalBadCalibFilter: pass=151994     all=151994     -- eff=100.00 % cumulative eff=99.97 %
Flag_hfNoisyHitsFilter: pass=151980     all=151994     -- eff=99.99 % cumulative eff=99.97 %
Number of muons 2: pass=63843      all=151980     -- eff=42.01 % cumulative eff=41.99 %
DiMuon From Higgs: pass=61006      all=63843      -- eff=95.56 % cumulative eff=40.13 %
LeptonChargeSum: pass=60991      all=61006      -- eff=99.98 % cumulative eff=40.12 %
[2025-11-08 10:53:28.167] [main] [info] Writing quantities map to /eos/user/j/jiahua/MC_2023_inc/DYto2Mu-2Jets_MLL-105To160_amcatnloFXFX_23/0d5bc976-0dbd-43ca-85b3-f480c4f642ca_vbfhmm.root
[2025-11-08 10:53:28.801] [main] [info] Finished Evaluation
[2025-11-08 10:53:28.801] [main] [info] Overall runtime (real time: 111.57, CPU time: 105.18)
