Starting job on \n
Running on: Linux b9p27p4705.cern.ch 5.14.0-570.44.1.el9_6.x86_64 #1 SMP PREEMPT_DYNAMIC Tue Sep 9 05:17:30 EDT 2025 x86_64 x86_64 x86_64 GNU/Linux\n
System software: Red Hat Enterprise Linux release 9.6 (Plow)\n
Setting up CROWN for RedHatEnterprise Version 9.6
subject   : /DC=ch/DC=cern/OU=Organic Units/OU=Users/CN=jiahua/CN=851532/CN=Jiahua Chen/CN=1735721823
issuer    : /DC=ch/DC=cern/OU=Organic Units/OU=Users/CN=jiahua/CN=851532/CN=Jiahua Chen
identity  : /DC=ch/DC=cern/OU=Organic Units/OU=Users/CN=jiahua/CN=851532/CN=Jiahua Chen
type      : RFC compliant proxy
strength  : 2048 bits
path      : /afs/cern.ch/user/j/jiahua/proxy/x509up_u139833
timeleft  : 196:53:43
key usage : Digital Signature, Key Encipherment
=== VO cms extension information ===
VO        : cms
subject   : /DC=ch/DC=cern/OU=Organic Units/OU=Users/CN=jiahua/CN=851532/CN=Jiahua Chen
issuer    : /DC=ch/DC=cern/OU=computers/CN=cms-auth.cern.ch
attribute : /cms/Role=NULL/Capability=NULL
timeleft  : 188:53:43
uri       : voms-cms-auth.cern.ch:15000
subject   : /DC=ch/DC=cern/OU=Organic Units/OU=Users/CN=jiahua/CN=851532/CN=Jiahua Chen/CN=1735721823
issuer    : /DC=ch/DC=cern/OU=Organic Units/OU=Users/CN=jiahua/CN=851532/CN=Jiahua Chen
identity  : /DC=ch/DC=cern/OU=Organic Units/OU=Users/CN=jiahua/CN=851532/CN=Jiahua Chen
type      : RFC compliant proxy
strength  : 2048 bits
path      : /afs/cern.ch/user/j/jiahua/proxy/x509up_u139833
timeleft  : 196:53:42
key usage : Digital Signature, Key Encipherment
=== VO cms extension information ===
VO        : cms
subject   : /DC=ch/DC=cern/OU=Organic Units/OU=Users/CN=jiahua/CN=851532/CN=Jiahua Chen
issuer    : /DC=ch/DC=cern/OU=computers/CN=cms-auth.cern.ch
attribute : /cms/Role=NULL/Capability=NULL
timeleft  : 188:53:42
uri       : voms-cms-auth.cern.ch:15000
/eos/user/j/jiahua/MC_2023_inc/DYto2L-2Jets_MLL-50_amcatnloFXFX_23/2c5a29ce-4349-4271-8e4a-8641fc6ce518.root
[2025-11-08 10:45:16.403] [main] [info] Checking input files
[2025-11-08 10:45:22.200] [main] [info] NanoAOD input_file 1: root://cms-xrd-global.cern.ch//store/mc/Run3Summer23NanoAODv12/DYto2L-2Jets_MLL-50_TuneCP5_13p6TeV_amcatnloFXFX-pythia8/NANOAODSIM/130X_mcRun3_2023_realistic_v14-v1/2550000/2c5a29ce-4349-4271-8e4a-8641fc6ce518.root - 815769 Events
[2025-11-08 10:45:22.221] [main] [info] input_file 1: root://cms-xrd-global.cern.ch//store/mc/Run3Summer23NanoAODv12/DYto2L-2Jets_MLL-50_TuneCP5_13p6TeV_amcatnloFXFX-pythia8/NANOAODSIM/130X_mcRun3_2023_realistic_v14-v1/2550000/2c5a29ce-4349-4271-8e4a-8641fc6ce518.root - SumOfGenWeight: 14543662136.948 
[2025-11-08 10:45:22.221] [main] [info] Output directory: /eos/user/j/jiahua/MC_2023_inc/DYto2L-2Jets_MLL-50_amcatnloFXFX_23/2c5a29ce-4349-4271-8e4a-8641fc6ce518.root
[2025-11-08 10:45:22.223] [main] [info] Starting Setup of Dataframe with 815769 events
[2025-11-08 10:46:10.997] [main] [info] Finished Setup
[2025-11-08 10:46:10.997] [main] [info] Runtime for setup (real time: 48.78, CPU time: 44.35)
[2025-11-08 10:46:10.997] [main] [info] Starting Evaluation
[2025-11-08 10:46:24.841] [main] [info] 10000 / 815769 (1.23 %) Events processed ...
[2025-11-08 10:46:26.579] [main] [info] 20000 / 815769 (2.45 %) Events processed ...
[2025-11-08 10:46:28.318] [main] [info] 30000 / 815769 (3.68 %) Events processed ...
[2025-11-08 10:46:30.029] [main] [info] 40000 / 815769 (4.90 %) Events processed ...
[2025-11-08 10:46:34.870] [main] [info] 50000 / 815769 (6.13 %) Events processed ...
[2025-11-08 10:46:36.638] [main] [info] 60000 / 815769 (7.36 %) Events processed ...
[2025-11-08 10:46:38.184] [main] [info] 70000 / 815769 (8.58 %) Events processed ...
[2025-11-08 10:46:40.037] [main] [info] 80000 / 815769 (9.81 %) Events processed ...
[2025-11-08 10:46:46.205] [main] [info] 90000 / 815769 (11.03 %) Events processed ...
[2025-11-08 10:46:47.912] [main] [info] 100000 / 815769 (12.26 %) Events processed ...
[2025-11-08 10:46:49.305] [main] [info] 110000 / 815769 (13.48 %) Events processed ...
[2025-11-08 10:46:50.953] [main] [info] 120000 / 815769 (14.71 %) Events processed ...
[2025-11-08 10:46:59.279] [main] [info] 130000 / 815769 (15.94 %) Events processed ...
[2025-11-08 10:47:00.857] [main] [info] 140000 / 815769 (17.16 %) Events processed ...
[2025-11-08 10:47:02.126] [main] [info] 150000 / 815769 (18.39 %) Events processed ...
[2025-11-08 10:47:03.724] [main] [info] 160000 / 815769 (19.61 %) Events processed ...
[2025-11-08 10:47:12.483] [main] [info] 170000 / 815769 (20.84 %) Events processed ...
[2025-11-08 10:47:13.918] [main] [info] 180000 / 815769 (22.07 %) Events processed ...
[2025-11-08 10:47:15.397] [main] [info] 190000 / 815769 (23.29 %) Events processed ...
[2025-11-08 10:47:16.987] [main] [info] 200000 / 815769 (24.52 %) Events processed ...
[2025-11-08 10:47:24.631] [main] [info] 210000 / 815769 (25.74 %) Events processed ...
[2025-11-08 10:47:26.071] [main] [info] 220000 / 815769 (26.97 %) Events processed ...
[2025-11-08 10:47:27.252] [main] [info] 230000 / 815769 (28.19 %) Events processed ...
[2025-11-08 10:47:28.578] [main] [info] 240000 / 815769 (29.42 %) Events processed ...
[2025-11-08 10:47:39.879] [main] [info] 250000 / 815769 (30.65 %) Events processed ...
[2025-11-08 10:47:41.127] [main] [info] 260000 / 815769 (31.87 %) Events processed ...
[2025-11-08 10:47:42.938] [main] [info] 270000 / 815769 (33.10 %) Events processed ...
[2025-11-08 10:47:44.939] [main] [info] 280000 / 815769 (34.32 %) Events processed ...
[2025-11-08 10:47:58.590] [main] [info] 290000 / 815769 (35.55 %) Events processed ...
[2025-11-08 10:48:00.040] [main] [info] 300000 / 815769 (36.78 %) Events processed ...
[2025-11-08 10:48:01.655] [main] [info] 310000 / 815769 (38.00 %) Events processed ...
[2025-11-08 10:48:03.537] [main] [info] 320000 / 815769 (39.23 %) Events processed ...
[2025-11-08 10:48:27.501] [main] [info] 330000 / 815769 (40.45 %) Events processed ...
[2025-11-08 10:48:29.236] [main] [info] 340000 / 815769 (41.68 %) Events processed ...
[2025-11-08 10:48:30.639] [main] [info] 350000 / 815769 (42.90 %) Events processed ...
[2025-11-08 10:48:32.178] [main] [info] 360000 / 815769 (44.13 %) Events processed ...
[2025-11-08 10:48:51.588] [main] [info] 370000 / 815769 (45.36 %) Events processed ...
[2025-11-08 10:48:53.030] [main] [info] 380000 / 815769 (46.58 %) Events processed ...
[2025-11-08 10:48:54.678] [main] [info] 390000 / 815769 (47.81 %) Events processed ...
[2025-11-08 10:48:56.320] [main] [info] 400000 / 815769 (49.03 %) Events processed ...
[2025-11-08 10:49:16.043] [main] [info] 410000 / 815769 (50.26 %) Events processed ...
[2025-11-08 10:49:17.494] [main] [info] 420000 / 815769 (51.49 %) Events processed ...
[2025-11-08 10:49:19.055] [main] [info] 430000 / 815769 (52.71 %) Events processed ...
[2025-11-08 10:49:20.534] [main] [info] 440000 / 815769 (53.94 %) Events processed ...
[2025-11-08 10:49:48.328] [main] [info] 450000 / 815769 (55.16 %) Events processed ...
[2025-11-08 10:49:50.112] [main] [info] 460000 / 815769 (56.39 %) Events processed ...
[2025-11-08 10:49:52.045] [main] [info] 470000 / 815769 (57.61 %) Events processed ...
[2025-11-08 10:49:54.098] [main] [info] 480000 / 815769 (58.84 %) Events processed ...
[2025-11-08 10:50:19.590] [main] [info] 490000 / 815769 (60.07 %) Events processed ...
[2025-11-08 10:50:21.250] [main] [info] 500000 / 815769 (61.29 %) Events processed ...
[2025-11-08 10:50:23.110] [main] [info] 510000 / 815769 (62.52 %) Events processed ...
[2025-11-08 10:50:24.568] [main] [info] 520000 / 815769 (63.74 %) Events processed ...
[2025-11-08 10:50:44.434] [main] [info] 530000 / 815769 (64.97 %) Events processed ...
[2025-11-08 10:50:46.230] [main] [info] 540000 / 815769 (66.20 %) Events processed ...
[2025-11-08 10:50:47.755] [main] [info] 550000 / 815769 (67.42 %) Events processed ...
[2025-11-08 10:50:49.283] [main] [info] 560000 / 815769 (68.65 %) Events processed ...
[2025-11-08 10:51:10.690] [main] [info] 570000 / 815769 (69.87 %) Events processed ...
[2025-11-08 10:51:12.476] [main] [info] 580000 / 815769 (71.10 %) Events processed ...
[2025-11-08 10:51:14.057] [main] [info] 590000 / 815769 (72.32 %) Events processed ...
[2025-11-08 10:51:15.796] [main] [info] 600000 / 815769 (73.55 %) Events processed ...
[2025-11-08 10:51:38.214] [main] [info] 610000 / 815769 (74.78 %) Events processed ...
[2025-11-08 10:51:40.015] [main] [info] 620000 / 815769 (76.00 %) Events processed ...
[2025-11-08 10:51:41.616] [main] [info] 630000 / 815769 (77.23 %) Events processed ...
[2025-11-08 10:51:43.449] [main] [info] 640000 / 815769 (78.45 %) Events processed ...
[2025-11-08 10:52:01.888] [main] [info] 650000 / 815769 (79.68 %) Events processed ...
[2025-11-08 10:52:03.681] [main] [info] 660000 / 815769 (80.91 %) Events processed ...
[2025-11-08 10:52:05.229] [main] [info] 670000 / 815769 (82.13 %) Events processed ...
[2025-11-08 10:52:06.842] [main] [info] 680000 / 815769 (83.36 %) Events processed ...
[2025-11-08 10:52:25.285] [main] [info] 690000 / 815769 (84.58 %) Events processed ...
[2025-11-08 10:52:26.996] [main] [info] 700000 / 815769 (85.81 %) Events processed ...
[2025-11-08 10:52:28.548] [main] [info] 710000 / 815769 (87.03 %) Events processed ...
[2025-11-08 10:52:30.021] [main] [info] 720000 / 815769 (88.26 %) Events processed ...
[2025-11-08 10:52:44.142] [main] [info] 730000 / 815769 (89.49 %) Events processed ...
[2025-11-08 10:52:45.993] [main] [info] 740000 / 815769 (90.71 %) Events processed ...
[2025-11-08 10:52:47.301] [main] [info] 750000 / 815769 (91.94 %) Events processed ...
[2025-11-08 10:52:49.032] [main] [info] 760000 / 815769 (93.16 %) Events processed ...
[2025-11-08 10:53:02.170] [main] [info] 770000 / 815769 (94.39 %) Events processed ...
[2025-11-08 10:53:03.952] [main] [info] 780000 / 815769 (95.62 %) Events processed ...
[2025-11-08 10:53:05.270] [main] [info] 790000 / 815769 (96.84 %) Events processed ...
[2025-11-08 10:53:07.010] [main] [info] 800000 / 815769 (98.07 %) Events processed ...
[2025-11-08 10:53:12.475] [main] [info] 810000 / 815769 (99.29 %) Events processed ...
[2025-11-08 10:53:13.555] [main] [info] vbfhmm:
Flag_goodVertices: pass=815768     all=815769     -- eff=100.00 % cumulative eff=100.00 %
Flag_globalSuperTightHalo2016Filter: pass=815717     all=815768     -- eff=99.99 % cumulative eff=99.99 %
Flag_EcalDeadCellTriggerPrimitiveFilter: pass=815709     all=815717     -- eff=100.00 % cumulative eff=99.99 %
Flag_BadPFMuonFilter: pass=815650     all=815709     -- eff=99.99 % cumulative eff=99.99 %
Flag_BadPFMuonDzFilter: pass=815637     all=815650     -- eff=100.00 % cumulative eff=99.98 %
Flag_eeBadScFilter: pass=815637     all=815637     -- eff=100.00 % cumulative eff=99.98 %
Flag_ecalBadCalibFilter: pass=815540     all=815637     -- eff=99.99 % cumulative eff=99.97 %
Flag_hfNoisyHitsFilter: pass=815501     all=815540     -- eff=100.00 % cumulative eff=99.97 %
Number of muons 2: pass=100877     all=815501     -- eff=12.37 % cumulative eff=12.37 %
DiMuon From Higgs: pass=96851      all=100877     -- eff=96.01 % cumulative eff=11.87 %
LeptonChargeSum: pass=96830      all=96851      -- eff=99.98 % cumulative eff=11.87 %
[2025-11-08 10:53:13.744] [main] [info] Writing quantities map to /eos/user/j/jiahua/MC_2023_inc/DYto2L-2Jets_MLL-50_amcatnloFXFX_23/2c5a29ce-4349-4271-8e4a-8641fc6ce518_vbfhmm.root
[2025-11-08 10:53:14.295] [main] [info] Finished Evaluation
[2025-11-08 10:53:14.295] [main] [info] Overall runtime (real time: 472.07, CPU time: 184.56)
