Starting job on \n
Running on: Linux b9g34p5265.cern.ch 5.14.0-570.42.2.el9_6.x86_64 #1 SMP PREEMPT_DYNAMIC Mon Sep 8 12:15:13 EDT 2025 x86_64 x86_64 x86_64 GNU/Linux\n
System software: Red Hat Enterprise Linux release 9.6 (Plow)\n
Setting up CROWN for RedHatEnterprise Version 9.6
subject   : /DC=ch/DC=cern/OU=Organic Units/OU=Users/CN=jiahua/CN=851532/CN=Jiahua Chen/CN=1735721823
issuer    : /DC=ch/DC=cern/OU=Organic Units/OU=Users/CN=jiahua/CN=851532/CN=Jiahua Chen
identity  : /DC=ch/DC=cern/OU=Organic Units/OU=Users/CN=jiahua/CN=851532/CN=Jiahua Chen
type      : RFC compliant proxy
strength  : 2048 bits
path      : /afs/cern.ch/user/j/jiahua/proxy/x509up_u139833
timeleft  : 196:46:53
key usage : Digital Signature, Key Encipherment
=== VO cms extension information ===
VO        : cms
subject   : /DC=ch/DC=cern/OU=Organic Units/OU=Users/CN=jiahua/CN=851532/CN=Jiahua Chen
issuer    : /DC=ch/DC=cern/OU=computers/CN=cms-auth.cern.ch
attribute : /cms/Role=NULL/Capability=NULL
timeleft  : 188:46:53
uri       : voms-cms-auth.cern.ch:15000
subject   : /DC=ch/DC=cern/OU=Organic Units/OU=Users/CN=jiahua/CN=851532/CN=Jiahua Chen/CN=1735721823
issuer    : /DC=ch/DC=cern/OU=Organic Units/OU=Users/CN=jiahua/CN=851532/CN=Jiahua Chen
identity  : /DC=ch/DC=cern/OU=Organic Units/OU=Users/CN=jiahua/CN=851532/CN=Jiahua Chen
type      : RFC compliant proxy
strength  : 2048 bits
path      : /afs/cern.ch/user/j/jiahua/proxy/x509up_u139833
timeleft  : 196:46:53
key usage : Digital Signature, Key Encipherment
=== VO cms extension information ===
VO        : cms
subject   : /DC=ch/DC=cern/OU=Organic Units/OU=Users/CN=jiahua/CN=851532/CN=Jiahua Chen
issuer    : /DC=ch/DC=cern/OU=computers/CN=cms-auth.cern.ch
attribute : /cms/Role=NULL/Capability=NULL
timeleft  : 188:46:53
uri       : voms-cms-auth.cern.ch:15000
/eos/user/j/jiahua/MC_2023_inc/DYto2Mu-2Jets_MLL-105To160_amcatnloFXFX_23/1c7cce39-e40a-4b78-97b2-5a32f37b3b19.root
[2025-11-08 10:52:05.517] [main] [info] Checking input files
[2025-11-08 10:52:13.132] [main] [info] NanoAOD input_file 1: root://cms-xrd-global.cern.ch//store/mc/Run3Summer23NanoAODv12/DYto2Mu-2Jets_MLL-105To160_TuneCP5_13p6TeV_amcatnloFXFX-pythia8/NANOAODSIM/130X_mcRun3_2023_realistic_v15-v2/70000/1c7cce39-e40a-4b78-97b2-5a32f37b3b19.root - 8087 Events
[2025-11-08 10:52:13.132] [main] [info] input_file 1: root://cms-xrd-global.cern.ch//store/mc/Run3Summer23NanoAODv12/DYto2Mu-2Jets_MLL-105To160_TuneCP5_13p6TeV_amcatnloFXFX-pythia8/NANOAODSIM/130X_mcRun3_2023_realistic_v15-v2/70000/1c7cce39-e40a-4b78-97b2-5a32f37b3b19.root - SumOfGenWeight: 1076395.41582 
[2025-11-08 10:52:13.132] [main] [info] Output directory: /eos/user/j/jiahua/MC_2023_inc/DYto2Mu-2Jets_MLL-105To160_amcatnloFXFX_23/1c7cce39-e40a-4b78-97b2-5a32f37b3b19.root
[2025-11-08 10:52:13.133] [main] [info] Starting Setup of Dataframe with 8087 events
[2025-11-08 10:53:56.826] [main] [info] Finished Setup
[2025-11-08 10:53:56.826] [main] [info] Runtime for setup (real time: 103.69, CPU time: 101.10)
[2025-11-08 10:53:56.826] [main] [info] Starting Evaluation
[2025-11-08 10:54:21.113] [main] [info] vbfhmm:
Flag_goodVertices: pass=8087       all=8087       -- eff=100.00 % cumulative eff=100.00 %
Flag_globalSuperTightHalo2016Filter: pass=8086       all=8087       -- eff=99.99 % cumulative eff=99.99 %
Flag_EcalDeadCellTriggerPrimitiveFilter: pass=8086       all=8086       -- eff=100.00 % cumulative eff=99.99 %
Flag_BadPFMuonFilter: pass=8083       all=8086       -- eff=99.96 % cumulative eff=99.95 %
Flag_BadPFMuonDzFilter: pass=8083       all=8083       -- eff=100.00 % cumulative eff=99.95 %
Flag_eeBadScFilter: pass=8083       all=8083       -- eff=100.00 % cumulative eff=99.95 %
Flag_ecalBadCalibFilter: pass=8083       all=8083       -- eff=100.00 % cumulative eff=99.95 %
Flag_hfNoisyHitsFilter: pass=8082       all=8083       -- eff=99.99 % cumulative eff=99.94 %
Number of muons 2: pass=3421       all=8082       -- eff=42.33 % cumulative eff=42.30 %
DiMuon From Higgs: pass=3267       all=3421       -- eff=95.50 % cumulative eff=40.40 %
LeptonChargeSum: pass=3265       all=3267       -- eff=99.94 % cumulative eff=40.37 %
[2025-11-08 10:54:21.596] [main] [info] Writing quantities map to /eos/user/j/jiahua/MC_2023_inc/DYto2Mu-2Jets_MLL-105To160_amcatnloFXFX_23/1c7cce39-e40a-4b78-97b2-5a32f37b3b19_vbfhmm.root
[2025-11-08 10:54:22.087] [main] [info] Finished Evaluation
[2025-11-08 10:54:22.087] [main] [info] Overall runtime (real time: 128.95, CPU time: 124.00)
