000 (12769454.136.000) 11/08 10:41:06 Job submitted from host: <188.185.121.235:9618?addrs=188.185.121.235-9618+[2001-1458-d00-49--100-36e]-9618&alias=bigbird22.cern.ch&noUDP&sock=schedd_232129_c3ca>
...
040 (12769454.136.000) 11/08 10:51:57 Started transferring input files
	Transferring to host: <188.185.215.172:9618?addrs=188.185.215.172-9618+[2001-1458-303-26--100-28]-9618&alias=b9p18p7744.cern.ch&noUDP&sock=slot1_32_7297_2582_50414>
...
040 (12769454.136.000) 11/08 10:51:57 Finished transferring input files
...
001 (12769454.136.000) 11/08 10:51:58 Job executing on host: <188.185.215.172:9618?addrs=188.185.215.172-9618+[2001-1458-303-26--100-28]-9618&alias=b9p18p7744.cern.ch&noUDP&sock=startd_6761_0fe7>
	SlotName: slot1_32@b9p18p7744.cern.ch
	CondorScratchDir = "/pool/condor/dir_3940115"
	Cpus = 1
	Disk = 15732
	GPUs = 0
	Memory = 3000
...
006 (12769454.136.000) 11/08 10:52:12 Image size of job updated: 151592
	149  -  MemoryUsage of job (MB)
	151592  -  ResidentSetSize of job (KB)
...
006 (12769454.136.000) 11/08 10:53:15 Image size of job updated: 435880
	149  -  MemoryUsage of job (MB)
	151952  -  ResidentSetSize of job (KB)
...
040 (12769454.136.000) 11/08 10:53:15 Started transferring output files
...
040 (12769454.136.000) 11/08 10:53:16 Finished transferring output files
...
005 (12769454.136.000) 11/08 10:53:16 Job terminated.
	(1) Normal termination (return value 0)
		Usr 0 00:01:04, Sys 0 00:00:03  -  Run Remote Usage
		Usr 0 00:00:00, Sys 0 00:00:00  -  Run Local Usage
		Usr 0 00:01:04, Sys 0 00:00:03  -  Total Remote Usage
		Usr 0 00:00:00, Sys 0 00:00:00  -  Total Local Usage
	9540  -  Run Bytes Sent By Job
	11220236  -  Run Bytes Received By Job
	9540  -  Total Bytes Sent By Job
	11220236  -  Total Bytes Received By Job
	Partitionable Resources :    Usage  Request Allocated 
	   Cpus                 :        0        1         1 
	   Disk (KB)            :    10990    12500     15732 
	   GPUs                 :                           0 
	   Memory (MB)          :      149     3000      3000 
	   TimeExecute (s)      :       77                    
	   TimeSlotBusy (s)     :       79                    

	Job terminated of its own accord at 2025-11-08T09:53:15Z with exit-code 0.
...
