000 (12769454.037.000) 11/08 10:41:05 Job submitted from host: <188.185.121.235:9618?addrs=188.185.121.235-9618+[2001-1458-d00-49--100-36e]-9618&alias=bigbird22.cern.ch&noUDP&sock=schedd_232129_c3ca>
...
040 (12769454.037.000) 11/08 10:51:24 Started transferring input files
	Transferring to host: <188.185.213.212:9618?addrs=188.185.213.212-9618+[2001-1458-303-1b--100-50]-9618&alias=b9p28p2314.cern.ch&noUDP&sock=slot1_25_3151_ea19_59474>
...
040 (12769454.037.000) 11/08 10:51:24 Finished transferring input files
...
001 (12769454.037.000) 11/08 10:51:25 Job executing on host: <188.185.213.212:9618?addrs=188.185.213.212-9618+[2001-1458-303-1b--100-50]-9618&alias=b9p28p2314.cern.ch&noUDP&sock=startd_2685_43e0>
	SlotName: slot1_25@b9p28p2314.cern.ch
	CondorScratchDir = "/pool/condor/dir_3200073"
	Cpus = 1
	Disk = 15905
	GPUs = 0
	Memory = 3000
...
006 (12769454.037.000) 11/08 10:51:39 Image size of job updated: 110280
	108  -  MemoryUsage of job (MB)
	110280  -  ResidentSetSize of job (KB)
...
006 (12769454.037.000) 11/08 10:54:05 Image size of job updated: 457884
	108  -  MemoryUsage of job (MB)
	110280  -  ResidentSetSize of job (KB)
...
040 (12769454.037.000) 11/08 10:54:05 Started transferring output files
...
040 (12769454.037.000) 11/08 10:54:05 Finished transferring output files
...
005 (12769454.037.000) 11/08 10:54:05 Job terminated.
	(1) Normal termination (return value 0)
		Usr 0 00:02:18, Sys 0 00:00:04  -  Run Remote Usage
		Usr 0 00:00:00, Sys 0 00:00:00  -  Run Local Usage
		Usr 0 00:02:18, Sys 0 00:00:04  -  Total Remote Usage
		Usr 0 00:00:00, Sys 0 00:00:00  -  Total Local Usage
	10671  -  Run Bytes Sent By Job
	11220236  -  Run Bytes Received By Job
	10671  -  Total Bytes Sent By Job
	11220236  -  Total Bytes Received By Job
	Partitionable Resources :    Usage  Request Allocated 
	   Cpus                 :     0.93        1         1 
	   Disk (KB)            : 10991       12500     15905 
	   GPUs                 :                           0 
	   Memory (MB)          :   108        3000      3000 
	   TimeExecute (s)      :   160                       
	   TimeSlotBusy (s)     :   161                       

	Job terminated of its own accord at 2025-11-08T09:54:05Z with exit-code 0.
...
