Starting job on \n
Running on: Linux b9p22p0419.cern.ch 5.14.0-570.44.1.el9_6.x86_64 #1 SMP PREEMPT_DYNAMIC Tue Sep 9 05:17:30 EDT 2025 x86_64 x86_64 x86_64 GNU/Linux\n
System software: Red Hat Enterprise Linux release 9.6 (Plow)\n
Setting up CROWN for RedHatEnterprise Version 9.6
subject   : /DC=ch/DC=cern/OU=Organic Units/OU=Users/CN=jiahua/CN=851532/CN=Jiahua Chen/CN=1735721823
issuer    : /DC=ch/DC=cern/OU=Organic Units/OU=Users/CN=jiahua/CN=851532/CN=Jiahua Chen
identity  : /DC=ch/DC=cern/OU=Organic Units/OU=Users/CN=jiahua/CN=851532/CN=Jiahua Chen
type      : RFC compliant proxy
strength  : 2048 bits
path      : /afs/cern.ch/user/j/jiahua/proxy/x509up_u139833
timeleft  : 196:53:20
key usage : Digital Signature, Key Encipherment
=== VO cms extension information ===
VO        : cms
subject   : /DC=ch/DC=cern/OU=Organic Units/OU=Users/CN=jiahua/CN=851532/CN=Jiahua Chen
issuer    : /DC=ch/DC=cern/OU=computers/CN=cms-auth.cern.ch
attribute : /cms/Role=NULL/Capability=NULL
timeleft  : 188:53:20
uri       : voms-cms-auth.cern.ch:15000
subject   : /DC=ch/DC=cern/OU=Organic Units/OU=Users/CN=jiahua/CN=851532/CN=Jiahua Chen/CN=1735721823
issuer    : /DC=ch/DC=cern/OU=Organic Units/OU=Users/CN=jiahua/CN=851532/CN=Jiahua Chen
identity  : /DC=ch/DC=cern/OU=Organic Units/OU=Users/CN=jiahua/CN=851532/CN=Jiahua Chen
type      : RFC compliant proxy
strength  : 2048 bits
path      : /afs/cern.ch/user/j/jiahua/proxy/x509up_u139833
timeleft  : 196:53:20
key usage : Digital Signature, Key Encipherment
=== VO cms extension information ===
VO        : cms
subject   : /DC=ch/DC=cern/OU=Organic Units/OU=Users/CN=jiahua/CN=851532/CN=Jiahua Chen
issuer    : /DC=ch/DC=cern/OU=computers/CN=cms-auth.cern.ch
attribute : /cms/Role=NULL/Capability=NULL
timeleft  : 188:53:20
uri       : voms-cms-auth.cern.ch:15000
/eos/user/j/jiahua/MC_2023_inc/DYto2L-2Jets_MLL-50_amcatnloFXFX_23/65515c4b-7fe5-4c00-af3f-61171bfde50e.root
[2025-11-08 10:45:38.699] [main] [info] Checking input files
[2025-11-08 10:45:43.287] [main] [info] NanoAOD input_file 1: root://cms-xrd-global.cern.ch//store/mc/Run3Summer23NanoAODv12/DYto2L-2Jets_MLL-50_TuneCP5_13p6TeV_amcatnloFXFX-pythia8/NANOAODSIM/130X_mcRun3_2023_realistic_v14-v1/2550000/65515c4b-7fe5-4c00-af3f-61171bfde50e.root - 861439 Events
[2025-11-08 10:45:43.315] [main] [info] input_file 1: root://cms-xrd-global.cern.ch//store/mc/Run3Summer23NanoAODv12/DYto2L-2Jets_MLL-50_TuneCP5_13p6TeV_amcatnloFXFX-pythia8/NANOAODSIM/130X_mcRun3_2023_realistic_v14-v1/2550000/65515c4b-7fe5-4c00-af3f-61171bfde50e.root - SumOfGenWeight: 15360291822.875998 
[2025-11-08 10:45:43.315] [main] [info] Output directory: /eos/user/j/jiahua/MC_2023_inc/DYto2L-2Jets_MLL-50_amcatnloFXFX_23/65515c4b-7fe5-4c00-af3f-61171bfde50e.root
[2025-11-08 10:45:43.323] [main] [info] Starting Setup of Dataframe with 861439 events
[2025-11-08 10:46:27.359] [main] [info] Finished Setup
[2025-11-08 10:46:27.359] [main] [info] Runtime for setup (real time: 44.04, CPU time: 39.62)
[2025-11-08 10:46:27.359] [main] [info] Starting Evaluation
[2025-11-08 10:46:42.386] [main] [info] 10000 / 861439 (1.16 %) Events processed ...
[2025-11-08 10:46:43.633] [main] [info] 20000 / 861439 (2.32 %) Events processed ...
[2025-11-08 10:46:44.908] [main] [info] 30000 / 861439 (3.48 %) Events processed ...
[2025-11-08 10:46:52.381] [main] [info] 40000 / 861439 (4.64 %) Events processed ...
[2025-11-08 10:46:54.094] [main] [info] 50000 / 861439 (5.80 %) Events processed ...
[2025-11-08 10:46:55.547] [main] [info] 60000 / 861439 (6.97 %) Events processed ...
[2025-11-08 10:46:57.038] [main] [info] 70000 / 861439 (8.13 %) Events processed ...
[2025-11-08 10:47:04.571] [main] [info] 80000 / 861439 (9.29 %) Events processed ...
[2025-11-08 10:47:05.911] [main] [info] 90000 / 861439 (10.45 %) Events processed ...
[2025-11-08 10:47:07.248] [main] [info] 100000 / 861439 (11.61 %) Events processed ...
[2025-11-08 10:47:08.592] [main] [info] 110000 / 861439 (12.77 %) Events processed ...
[2025-11-08 10:47:16.905] [main] [info] 120000 / 861439 (13.93 %) Events processed ...
[2025-11-08 10:47:18.212] [main] [info] 130000 / 861439 (15.09 %) Events processed ...
[2025-11-08 10:47:19.747] [main] [info] 140000 / 861439 (16.25 %) Events processed ...
[2025-11-08 10:47:21.203] [main] [info] 150000 / 861439 (17.41 %) Events processed ...
[2025-11-08 10:47:31.439] [main] [info] 160000 / 861439 (18.57 %) Events processed ...
[2025-11-08 10:47:32.829] [main] [info] 170000 / 861439 (19.73 %) Events processed ...
[2025-11-08 10:47:34.190] [main] [info] 180000 / 861439 (20.90 %) Events processed ...
[2025-11-08 10:47:35.383] [main] [info] 190000 / 861439 (22.06 %) Events processed ...
[2025-11-08 10:47:46.166] [main] [info] 200000 / 861439 (23.22 %) Events processed ...
[2025-11-08 10:47:47.685] [main] [info] 210000 / 861439 (24.38 %) Events processed ...
[2025-11-08 10:47:49.256] [main] [info] 220000 / 861439 (25.54 %) Events processed ...
[2025-11-08 10:47:50.655] [main] [info] 230000 / 861439 (26.70 %) Events processed ...
[2025-11-08 10:48:05.298] [main] [info] 240000 / 861439 (27.86 %) Events processed ...
[2025-11-08 10:48:06.737] [main] [info] 250000 / 861439 (29.02 %) Events processed ...
[2025-11-08 10:48:08.168] [main] [info] 260000 / 861439 (30.18 %) Events processed ...
[2025-11-08 10:48:09.833] [main] [info] 270000 / 861439 (31.34 %) Events processed ...
[2025-11-08 10:48:25.065] [main] [info] 280000 / 861439 (32.50 %) Events processed ...
[2025-11-08 10:48:26.437] [main] [info] 290000 / 861439 (33.66 %) Events processed ...
[2025-11-08 10:48:27.735] [main] [info] 300000 / 861439 (34.83 %) Events processed ...
[2025-11-08 10:48:29.118] [main] [info] 310000 / 861439 (35.99 %) Events processed ...
[2025-11-08 10:48:45.744] [main] [info] 320000 / 861439 (37.15 %) Events processed ...
[2025-11-08 10:48:47.218] [main] [info] 330000 / 861439 (38.31 %) Events processed ...
[2025-11-08 10:48:48.871] [main] [info] 340000 / 861439 (39.47 %) Events processed ...
[2025-11-08 10:48:50.219] [main] [info] 350000 / 861439 (40.63 %) Events processed ...
[2025-11-08 10:49:04.816] [main] [info] 360000 / 861439 (41.79 %) Events processed ...
[2025-11-08 10:49:06.055] [main] [info] 370000 / 861439 (42.95 %) Events processed ...
[2025-11-08 10:49:07.505] [main] [info] 380000 / 861439 (44.11 %) Events processed ...
[2025-11-08 10:49:08.810] [main] [info] 390000 / 861439 (45.27 %) Events processed ...
[2025-11-08 10:49:27.795] [main] [info] 400000 / 861439 (46.43 %) Events processed ...
[2025-11-08 10:49:29.402] [main] [info] 410000 / 861439 (47.59 %) Events processed ...
[2025-11-08 10:49:30.769] [main] [info] 420000 / 861439 (48.76 %) Events processed ...
[2025-11-08 10:49:32.067] [main] [info] 430000 / 861439 (49.92 %) Events processed ...
[2025-11-08 10:49:55.350] [main] [info] 440000 / 861439 (51.08 %) Events processed ...
[2025-11-08 10:49:56.742] [main] [info] 450000 / 861439 (52.24 %) Events processed ...
[2025-11-08 10:49:58.518] [main] [info] 460000 / 861439 (53.40 %) Events processed ...
[2025-11-08 10:49:59.767] [main] [info] 470000 / 861439 (54.56 %) Events processed ...
[2025-11-08 10:50:21.767] [main] [info] 480000 / 861439 (55.72 %) Events processed ...
[2025-11-08 10:50:23.142] [main] [info] 490000 / 861439 (56.88 %) Events processed ...
[2025-11-08 10:50:24.451] [main] [info] 500000 / 861439 (58.04 %) Events processed ...
[2025-11-08 10:50:25.878] [main] [info] 510000 / 861439 (59.20 %) Events processed ...
[2025-11-08 10:50:45.243] [main] [info] 520000 / 861439 (60.36 %) Events processed ...
[2025-11-08 10:50:47.013] [main] [info] 530000 / 861439 (61.52 %) Events processed ...
[2025-11-08 10:50:48.756] [main] [info] 540000 / 861439 (62.69 %) Events processed ...
[2025-11-08 10:50:50.679] [main] [info] 550000 / 861439 (63.85 %) Events processed ...
[2025-11-08 10:51:09.640] [main] [info] 560000 / 861439 (65.01 %) Events processed ...
[2025-11-08 10:51:10.964] [main] [info] 570000 / 861439 (66.17 %) Events processed ...
[2025-11-08 10:51:12.286] [main] [info] 580000 / 861439 (67.33 %) Events processed ...
[2025-11-08 10:51:13.456] [main] [info] 590000 / 861439 (68.49 %) Events processed ...
[2025-11-08 10:51:33.184] [main] [info] 600000 / 861439 (69.65 %) Events processed ...
[2025-11-08 10:51:34.735] [main] [info] 610000 / 861439 (70.81 %) Events processed ...
[2025-11-08 10:51:36.264] [main] [info] 620000 / 861439 (71.97 %) Events processed ...
[2025-11-08 10:51:53.754] [main] [info] 630000 / 861439 (73.13 %) Events processed ...
[2025-11-08 10:51:55.221] [main] [info] 640000 / 861439 (74.29 %) Events processed ...
[2025-11-08 10:51:56.606] [main] [info] 650000 / 861439 (75.46 %) Events processed ...
[2025-11-08 10:51:57.998] [main] [info] 660000 / 861439 (76.62 %) Events processed ...
[2025-11-08 10:52:16.607] [main] [info] 670000 / 861439 (77.78 %) Events processed ...
[2025-11-08 10:52:18.209] [main] [info] 680000 / 861439 (78.94 %) Events processed ...
[2025-11-08 10:52:19.526] [main] [info] 690000 / 861439 (80.10 %) Events processed ...
[2025-11-08 10:52:20.838] [main] [info] 700000 / 861439 (81.26 %) Events processed ...
[2025-11-08 10:52:38.434] [main] [info] 710000 / 861439 (82.42 %) Events processed ...
[2025-11-08 10:52:39.780] [main] [info] 720000 / 861439 (83.58 %) Events processed ...
[2025-11-08 10:52:41.038] [main] [info] 730000 / 861439 (84.74 %) Events processed ...
[2025-11-08 10:52:42.348] [main] [info] 740000 / 861439 (85.90 %) Events processed ...
[2025-11-08 10:52:56.750] [main] [info] 750000 / 861439 (87.06 %) Events processed ...
[2025-11-08 10:52:58.031] [main] [info] 760000 / 861439 (88.22 %) Events processed ...
[2025-11-08 10:52:59.291] [main] [info] 770000 / 861439 (89.39 %) Events processed ...
[2025-11-08 10:53:00.709] [main] [info] 780000 / 861439 (90.55 %) Events processed ...
[2025-11-08 10:53:11.825] [main] [info] 790000 / 861439 (91.71 %) Events processed ...
[2025-11-08 10:53:13.536] [main] [info] 800000 / 861439 (92.87 %) Events processed ...
[2025-11-08 10:53:15.234] [main] [info] 810000 / 861439 (94.03 %) Events processed ...
[2025-11-08 10:53:16.540] [main] [info] 820000 / 861439 (95.19 %) Events processed ...
[2025-11-08 10:53:24.837] [main] [info] 830000 / 861439 (96.35 %) Events processed ...
[2025-11-08 10:53:26.151] [main] [info] 840000 / 861439 (97.51 %) Events processed ...
[2025-11-08 10:53:27.374] [main] [info] 850000 / 861439 (98.67 %) Events processed ...
[2025-11-08 10:53:28.763] [main] [info] 860000 / 861439 (99.83 %) Events processed ...
[2025-11-08 10:53:29.328] [main] [info] vbfhmm:
Flag_goodVertices: pass=861437     all=861439     -- eff=100.00 % cumulative eff=100.00 %
Flag_globalSuperTightHalo2016Filter: pass=861360     all=861437     -- eff=99.99 % cumulative eff=99.99 %
Flag_EcalDeadCellTriggerPrimitiveFilter: pass=861353     all=861360     -- eff=100.00 % cumulative eff=99.99 %
Flag_BadPFMuonFilter: pass=861299     all=861353     -- eff=99.99 % cumulative eff=99.98 %
Flag_BadPFMuonDzFilter: pass=861283     all=861299     -- eff=100.00 % cumulative eff=99.98 %
Flag_eeBadScFilter: pass=861283     all=861283     -- eff=100.00 % cumulative eff=99.98 %
Flag_ecalBadCalibFilter: pass=861206     all=861283     -- eff=99.99 % cumulative eff=99.97 %
Flag_hfNoisyHitsFilter: pass=861162     all=861206     -- eff=99.99 % cumulative eff=99.97 %
Number of muons 2: pass=106111     all=861162     -- eff=12.32 % cumulative eff=12.32 %
DiMuon From Higgs: pass=101890     all=106111     -- eff=96.02 % cumulative eff=11.83 %
LeptonChargeSum: pass=101865     all=101890     -- eff=99.98 % cumulative eff=11.82 %
[2025-11-08 10:53:29.725] [main] [info] Writing quantities map to /eos/user/j/jiahua/MC_2023_inc/DYto2L-2Jets_MLL-50_amcatnloFXFX_23/65515c4b-7fe5-4c00-af3f-61171bfde50e_vbfhmm.root
[2025-11-08 10:53:30.257] [main] [info] Finished Evaluation
[2025-11-08 10:53:30.257] [main] [info] Overall runtime (real time: 466.94, CPU time: 169.15)
