000 (12769454.108.000) 11/08 10:41:06 Job submitted from host: <188.185.121.235:9618?addrs=188.185.121.235-9618+[2001-1458-d00-49--100-36e]-9618&alias=bigbird22.cern.ch&noUDP&sock=schedd_232129_c3ca>
...
040 (12769454.108.000) 11/08 10:51:48 Started transferring input files
	Transferring to host: <128.142.192.152:9618?addrs=128.142.192.152-9618+[2001-1458-301-56--100-14]-9618&alias=b9g18p1920.cern.ch&noUDP&sock=slot1_2_3624_2f8c_60736>
...
040 (12769454.108.000) 11/08 10:51:48 Finished transferring input files
...
001 (12769454.108.000) 11/08 10:51:49 Job executing on host: <128.142.192.152:9618?addrs=128.142.192.152-9618+[2001-1458-301-56--100-14]-9618&alias=b9g18p1920.cern.ch&noUDP&sock=startd_2981_4be9>
	SlotName: slot1_2@b9g18p1920.cern.ch
	CondorScratchDir = "/pool/condor/dir_3671848"
	Cpus = 1
	Disk = 16032
	GPUs = 0
	Memory = 3000
...
006 (12769454.108.000) 11/08 10:52:02 Image size of job updated: 168840
	165  -  MemoryUsage of job (MB)
	168840  -  ResidentSetSize of job (KB)
...
006 (12769454.108.000) 11/08 10:53:20 Image size of job updated: 449024
	165  -  MemoryUsage of job (MB)
	168860  -  ResidentSetSize of job (KB)
...
040 (12769454.108.000) 11/08 10:53:20 Started transferring output files
...
040 (12769454.108.000) 11/08 10:53:21 Finished transferring output files
...
005 (12769454.108.000) 11/08 10:53:23 Job terminated.
	(1) Normal termination (return value 0)
		Usr 0 00:01:18, Sys 0 00:00:02  -  Run Remote Usage
		Usr 0 00:00:00, Sys 0 00:00:00  -  Run Local Usage
		Usr 0 00:01:18, Sys 0 00:00:02  -  Total Remote Usage
		Usr 0 00:00:00, Sys 0 00:00:00  -  Total Local Usage
	9696  -  Run Bytes Sent By Job
	11220236  -  Run Bytes Received By Job
	9696  -  Total Bytes Sent By Job
	11220236  -  Total Bytes Received By Job
	Partitionable Resources :    Usage  Request Allocated 
	   Cpus                 :        0        1         1 
	   Disk (KB)            :    10990    12500     16032 
	   GPUs                 :                           0 
	   Memory (MB)          :      165     3000      3000 
	   TimeExecute (s)      :       91                    
	   TimeSlotBusy (s)     :       93                    

	Job terminated of its own accord at 2025-11-08T09:53:20Z with exit-code 0.
...
