000 (12769454.063.000) 11/08 10:41:05 Job submitted from host: <188.185.121.235:9618?addrs=188.185.121.235-9618+[2001-1458-d00-49--100-36e]-9618&alias=bigbird22.cern.ch&noUDP&sock=schedd_232129_c3ca>
...
040 (12769454.063.000) 11/08 10:51:33 Started transferring input files
	Transferring to host: <188.185.212.218:9618?addrs=188.185.212.218-9618+[2001-1458-303-19--100-56]-9618&alias=b9p26p1804.cern.ch&noUDP&sock=slot1_13_4230_2ae5_48631>
...
040 (12769454.063.000) 11/08 10:51:33 Finished transferring input files
...
001 (12769454.063.000) 11/08 10:51:34 Job executing on host: <188.185.212.218:9618?addrs=188.185.212.218-9618+[2001-1458-303-19--100-56]-9618&alias=b9p26p1804.cern.ch&noUDP&sock=startd_3520_0175>
	SlotName: slot1_13@b9p26p1804.cern.ch
	CondorScratchDir = "/pool/condor/dir_981579"
	Cpus = 1
	Disk = 16014
	GPUs = 0
	Memory = 3000
...
006 (12769454.063.000) 11/08 10:51:48 Image size of job updated: 111312
	109  -  MemoryUsage of job (MB)
	111312  -  ResidentSetSize of job (KB)
...
006 (12769454.063.000) 11/08 10:52:46 Image size of job updated: 435512
	109  -  MemoryUsage of job (MB)
	111312  -  ResidentSetSize of job (KB)
...
040 (12769454.063.000) 11/08 10:52:46 Started transferring output files
...
040 (12769454.063.000) 11/08 10:52:46 Finished transferring output files
...
005 (12769454.063.000) 11/08 10:52:46 Job terminated.
	(1) Normal termination (return value 0)
		Usr 0 00:00:58, Sys 0 00:00:03  -  Run Remote Usage
		Usr 0 00:00:00, Sys 0 00:00:00  -  Run Local Usage
		Usr 0 00:00:58, Sys 0 00:00:03  -  Total Remote Usage
		Usr 0 00:00:00, Sys 0 00:00:00  -  Total Local Usage
	9540  -  Run Bytes Sent By Job
	11220236  -  Run Bytes Received By Job
	9540  -  Total Bytes Sent By Job
	11220236  -  Total Bytes Received By Job
	Partitionable Resources :    Usage  Request Allocated 
	   Cpus                 :        0        1         1 
	   Disk (KB)            :    10990    12500     16014 
	   GPUs                 :                           0 
	   Memory (MB)          :      109     3000      3000 
	   TimeExecute (s)      :       72                    
	   TimeSlotBusy (s)     :       74                    

	Job terminated of its own accord at 2025-11-08T09:52:46Z with exit-code 0.
...
