Starting job on \n
Running on: Linux b9p11p5689.cern.ch 5.14.0-570.42.2.el9_6.x86_64 #1 SMP PREEMPT_DYNAMIC Mon Sep 8 12:15:13 EDT 2025 x86_64 x86_64 x86_64 GNU/Linux\n
System software: Red Hat Enterprise Linux release 9.6 (Plow)\n
Setting up CROWN for RedHatEnterprise Version 9.6
subject   : /DC=ch/DC=cern/OU=Organic Units/OU=Users/CN=jiahua/CN=851532/CN=Jiahua Chen/CN=1735721823
issuer    : /DC=ch/DC=cern/OU=Organic Units/OU=Users/CN=jiahua/CN=851532/CN=Jiahua Chen
identity  : /DC=ch/DC=cern/OU=Organic Units/OU=Users/CN=jiahua/CN=851532/CN=Jiahua Chen
type      : RFC compliant proxy
strength  : 2048 bits
path      : /afs/cern.ch/user/j/jiahua/proxy/x509up_u139833
timeleft  : 196:53:36
key usage : Digital Signature, Key Encipherment
=== VO cms extension information ===
VO        : cms
subject   : /DC=ch/DC=cern/OU=Organic Units/OU=Users/CN=jiahua/CN=851532/CN=Jiahua Chen
issuer    : /DC=ch/DC=cern/OU=computers/CN=cms-auth.cern.ch
attribute : /cms/Role=NULL/Capability=NULL
timeleft  : 188:53:36
uri       : voms-cms-auth.cern.ch:15000
subject   : /DC=ch/DC=cern/OU=Organic Units/OU=Users/CN=jiahua/CN=851532/CN=Jiahua Chen/CN=1735721823
issuer    : /DC=ch/DC=cern/OU=Organic Units/OU=Users/CN=jiahua/CN=851532/CN=Jiahua Chen
identity  : /DC=ch/DC=cern/OU=Organic Units/OU=Users/CN=jiahua/CN=851532/CN=Jiahua Chen
type      : RFC compliant proxy
strength  : 2048 bits
path      : /afs/cern.ch/user/j/jiahua/proxy/x509up_u139833
timeleft  : 196:53:36
key usage : Digital Signature, Key Encipherment
=== VO cms extension information ===
VO        : cms
subject   : /DC=ch/DC=cern/OU=Organic Units/OU=Users/CN=jiahua/CN=851532/CN=Jiahua Chen
issuer    : /DC=ch/DC=cern/OU=computers/CN=cms-auth.cern.ch
attribute : /cms/Role=NULL/Capability=NULL
timeleft  : 188:53:36
uri       : voms-cms-auth.cern.ch:15000
/eos/user/j/jiahua/MC_2023_inc/DYto2L-2Jets_MLL-50_amcatnloFXFX_23/cfac2563-5a10-4d98-b448-e908ca44475a.root
[2025-11-08 10:45:23.336] [main] [info] Checking input files
[2025-11-08 10:45:29.021] [main] [info] NanoAOD input_file 1: root://cms-xrd-global.cern.ch//store/mc/Run3Summer23NanoAODv12/DYto2L-2Jets_MLL-50_TuneCP5_13p6TeV_amcatnloFXFX-pythia8/NANOAODSIM/130X_mcRun3_2023_realistic_v14-v1/2550000/cfac2563-5a10-4d98-b448-e908ca44475a.root - 992022 Events
[2025-11-08 10:45:29.034] [main] [info] input_file 1: root://cms-xrd-global.cern.ch//store/mc/Run3Summer23NanoAODv12/DYto2L-2Jets_MLL-50_TuneCP5_13p6TeV_amcatnloFXFX-pythia8/NANOAODSIM/130X_mcRun3_2023_realistic_v14-v1/2550000/cfac2563-5a10-4d98-b448-e908ca44475a.root - SumOfGenWeight: 17680645962.615997 
[2025-11-08 10:45:29.034] [main] [info] Output directory: /eos/user/j/jiahua/MC_2023_inc/DYto2L-2Jets_MLL-50_amcatnloFXFX_23/cfac2563-5a10-4d98-b448-e908ca44475a.root
[2025-11-08 10:45:29.037] [main] [info] Starting Setup of Dataframe with 992022 events
[2025-11-08 10:46:12.764] [main] [info] Finished Setup
[2025-11-08 10:46:12.764] [main] [info] Runtime for setup (real time: 43.73, CPU time: 39.22)
[2025-11-08 10:46:12.764] [main] [info] Starting Evaluation
[2025-11-08 10:46:28.046] [main] [info] 10000 / 992022 (1.01 %) Events processed ...
[2025-11-08 10:46:29.672] [main] [info] 20000 / 992022 (2.02 %) Events processed ...
[2025-11-08 10:46:31.048] [main] [info] 30000 / 992022 (3.02 %) Events processed ...
[2025-11-08 10:46:32.720] [main] [info] 40000 / 992022 (4.03 %) Events processed ...
[2025-11-08 10:46:43.786] [main] [info] 50000 / 992022 (5.04 %) Events processed ...
[2025-11-08 10:46:45.270] [main] [info] 60000 / 992022 (6.05 %) Events processed ...
[2025-11-08 10:46:47.118] [main] [info] 70000 / 992022 (7.06 %) Events processed ...
[2025-11-08 10:46:48.581] [main] [info] 80000 / 992022 (8.06 %) Events processed ...
[2025-11-08 10:46:59.384] [main] [info] 90000 / 992022 (9.07 %) Events processed ...
[2025-11-08 10:47:01.039] [main] [info] 100000 / 992022 (10.08 %) Events processed ...
[2025-11-08 10:47:02.584] [main] [info] 110000 / 992022 (11.09 %) Events processed ...
[2025-11-08 10:47:04.063] [main] [info] 120000 / 992022 (12.10 %) Events processed ...
[2025-11-08 10:47:15.999] [main] [info] 130000 / 992022 (13.10 %) Events processed ...
[2025-11-08 10:47:17.322] [main] [info] 140000 / 992022 (14.11 %) Events processed ...
[2025-11-08 10:47:18.437] [main] [info] 150000 / 992022 (15.12 %) Events processed ...
[2025-11-08 10:47:19.609] [main] [info] 160000 / 992022 (16.13 %) Events processed ...
[2025-11-08 10:47:27.439] [main] [info] 170000 / 992022 (17.14 %) Events processed ...
[2025-11-08 10:47:28.558] [main] [info] 180000 / 992022 (18.14 %) Events processed ...
[2025-11-08 10:47:29.706] [main] [info] 190000 / 992022 (19.15 %) Events processed ...
[2025-11-08 10:47:31.345] [main] [info] 200000 / 992022 (20.16 %) Events processed ...
[2025-11-08 10:47:44.184] [main] [info] 210000 / 992022 (21.17 %) Events processed ...
[2025-11-08 10:47:45.838] [main] [info] 220000 / 992022 (22.18 %) Events processed ...
[2025-11-08 10:47:47.583] [main] [info] 230000 / 992022 (23.18 %) Events processed ...
[2025-11-08 10:47:49.126] [main] [info] 240000 / 992022 (24.19 %) Events processed ...
[2025-11-08 10:48:04.495] [main] [info] 250000 / 992022 (25.20 %) Events processed ...
[2025-11-08 10:48:05.687] [main] [info] 260000 / 992022 (26.21 %) Events processed ...
[2025-11-08 10:48:06.725] [main] [info] 270000 / 992022 (27.22 %) Events processed ...
[2025-11-08 10:48:08.473] [main] [info] 280000 / 992022 (28.23 %) Events processed ...
[2025-11-08 10:48:23.164] [main] [info] 290000 / 992022 (29.23 %) Events processed ...
[2025-11-08 10:48:24.762] [main] [info] 300000 / 992022 (30.24 %) Events processed ...
[2025-11-08 10:48:26.189] [main] [info] 310000 / 992022 (31.25 %) Events processed ...
[2025-11-08 10:48:27.289] [main] [info] 320000 / 992022 (32.26 %) Events processed ...
[2025-11-08 10:48:44.235] [main] [info] 330000 / 992022 (33.27 %) Events processed ...
[2025-11-08 10:48:45.829] [main] [info] 340000 / 992022 (34.27 %) Events processed ...
[2025-11-08 10:48:47.265] [main] [info] 350000 / 992022 (35.28 %) Events processed ...
[2025-11-08 10:48:48.326] [main] [info] 360000 / 992022 (36.29 %) Events processed ...
[2025-11-08 10:49:05.098] [main] [info] 370000 / 992022 (37.30 %) Events processed ...
[2025-11-08 10:49:06.290] [main] [info] 380000 / 992022 (38.31 %) Events processed ...
[2025-11-08 10:49:07.746] [main] [info] 390000 / 992022 (39.31 %) Events processed ...
[2025-11-08 10:49:09.078] [main] [info] 400000 / 992022 (40.32 %) Events processed ...
[2025-11-08 10:49:31.669] [main] [info] 410000 / 992022 (41.33 %) Events processed ...
[2025-11-08 10:49:32.901] [main] [info] 420000 / 992022 (42.34 %) Events processed ...
[2025-11-08 10:49:34.079] [main] [info] 430000 / 992022 (43.35 %) Events processed ...
[2025-11-08 10:49:35.416] [main] [info] 440000 / 992022 (44.35 %) Events processed ...
[2025-11-08 10:49:57.686] [main] [info] 450000 / 992022 (45.36 %) Events processed ...
[2025-11-08 10:49:59.241] [main] [info] 460000 / 992022 (46.37 %) Events processed ...
[2025-11-08 10:50:00.716] [main] [info] 470000 / 992022 (47.38 %) Events processed ...
[2025-11-08 10:50:02.306] [main] [info] 480000 / 992022 (48.39 %) Events processed ...
[2025-11-08 10:50:21.589] [main] [info] 490000 / 992022 (49.39 %) Events processed ...
[2025-11-08 10:50:23.339] [main] [info] 500000 / 992022 (50.40 %) Events processed ...
[2025-11-08 10:50:24.726] [main] [info] 510000 / 992022 (51.41 %) Events processed ...
[2025-11-08 10:50:25.993] [main] [info] 520000 / 992022 (52.42 %) Events processed ...
[2025-11-08 10:50:45.947] [main] [info] 530000 / 992022 (53.43 %) Events processed ...
[2025-11-08 10:50:47.166] [main] [info] 540000 / 992022 (54.43 %) Events processed ...
[2025-11-08 10:50:48.839] [main] [info] 550000 / 992022 (55.44 %) Events processed ...
[2025-11-08 10:50:50.187] [main] [info] 560000 / 992022 (56.45 %) Events processed ...
[2025-11-08 10:51:13.718] [main] [info] 570000 / 992022 (57.46 %) Events processed ...
[2025-11-08 10:51:15.229] [main] [info] 580000 / 992022 (58.47 %) Events processed ...
[2025-11-08 10:51:16.450] [main] [info] 590000 / 992022 (59.47 %) Events processed ...
[2025-11-08 10:51:17.806] [main] [info] 600000 / 992022 (60.48 %) Events processed ...
[2025-11-08 10:51:37.791] [main] [info] 610000 / 992022 (61.49 %) Events processed ...
[2025-11-08 10:51:39.324] [main] [info] 620000 / 992022 (62.50 %) Events processed ...
[2025-11-08 10:51:40.457] [main] [info] 630000 / 992022 (63.51 %) Events processed ...
[2025-11-08 10:51:41.796] [main] [info] 640000 / 992022 (64.51 %) Events processed ...
[2025-11-08 10:51:59.795] [main] [info] 650000 / 992022 (65.52 %) Events processed ...
[2025-11-08 10:52:01.136] [main] [info] 660000 / 992022 (66.53 %) Events processed ...
[2025-11-08 10:52:02.689] [main] [info] 670000 / 992022 (67.54 %) Events processed ...
[2025-11-08 10:52:04.529] [main] [info] 680000 / 992022 (68.55 %) Events processed ...
[2025-11-08 10:52:22.007] [main] [info] 690000 / 992022 (69.55 %) Events processed ...
[2025-11-08 10:52:23.589] [main] [info] 700000 / 992022 (70.56 %) Events processed ...
[2025-11-08 10:52:25.155] [main] [info] 710000 / 992022 (71.57 %) Events processed ...
[2025-11-08 10:52:26.268] [main] [info] 720000 / 992022 (72.58 %) Events processed ...
[2025-11-08 10:52:43.983] [main] [info] 730000 / 992022 (73.59 %) Events processed ...
[2025-11-08 10:52:45.631] [main] [info] 740000 / 992022 (74.60 %) Events processed ...
[2025-11-08 10:52:47.566] [main] [info] 750000 / 992022 (75.60 %) Events processed ...
[2025-11-08 10:52:48.803] [main] [info] 760000 / 992022 (76.61 %) Events processed ...
[2025-11-08 10:53:01.295] [main] [info] 770000 / 992022 (77.62 %) Events processed ...
[2025-11-08 10:53:02.600] [main] [info] 780000 / 992022 (78.63 %) Events processed ...
[2025-11-08 10:53:04.551] [main] [info] 790000 / 992022 (79.64 %) Events processed ...
[2025-11-08 10:53:06.054] [main] [info] 800000 / 992022 (80.64 %) Events processed ...
[2025-11-08 10:53:17.102] [main] [info] 810000 / 992022 (81.65 %) Events processed ...
[2025-11-08 10:53:19.012] [main] [info] 820000 / 992022 (82.66 %) Events processed ...
[2025-11-08 10:53:20.389] [main] [info] 830000 / 992022 (83.67 %) Events processed ...
[2025-11-08 10:53:21.469] [main] [info] 840000 / 992022 (84.68 %) Events processed ...
[2025-11-08 10:53:31.660] [main] [info] 850000 / 992022 (85.68 %) Events processed ...
[2025-11-08 10:53:32.832] [main] [info] 860000 / 992022 (86.69 %) Events processed ...
[2025-11-08 10:53:33.976] [main] [info] 870000 / 992022 (87.70 %) Events processed ...
[2025-11-08 10:53:34.987] [main] [info] 880000 / 992022 (88.71 %) Events processed ...
[2025-11-08 10:53:43.130] [main] [info] 890000 / 992022 (89.72 %) Events processed ...
[2025-11-08 10:53:44.355] [main] [info] 900000 / 992022 (90.72 %) Events processed ...
[2025-11-08 10:53:45.489] [main] [info] 910000 / 992022 (91.73 %) Events processed ...
[2025-11-08 10:53:46.604] [main] [info] 920000 / 992022 (92.74 %) Events processed ...
[2025-11-08 10:53:53.529] [main] [info] 930000 / 992022 (93.75 %) Events processed ...
[2025-11-08 10:53:55.216] [main] [info] 940000 / 992022 (94.76 %) Events processed ...
[2025-11-08 10:53:56.927] [main] [info] 950000 / 992022 (95.76 %) Events processed ...
[2025-11-08 10:53:58.212] [main] [info] 960000 / 992022 (96.77 %) Events processed ...
[2025-11-08 10:54:03.648] [main] [info] 970000 / 992022 (97.78 %) Events processed ...
[2025-11-08 10:54:05.463] [main] [info] 980000 / 992022 (98.79 %) Events processed ...
[2025-11-08 10:54:06.886] [main] [info] 990000 / 992022 (99.80 %) Events processed ...
[2025-11-08 10:54:07.934] [main] [info] vbfhmm:
Flag_goodVertices: pass=992022     all=992022     -- eff=100.00 % cumulative eff=100.00 %
Flag_globalSuperTightHalo2016Filter: pass=991953     all=992022     -- eff=99.99 % cumulative eff=99.99 %
Flag_EcalDeadCellTriggerPrimitiveFilter: pass=991945     all=991953     -- eff=100.00 % cumulative eff=99.99 %
Flag_BadPFMuonFilter: pass=991877     all=991945     -- eff=99.99 % cumulative eff=99.99 %
Flag_BadPFMuonDzFilter: pass=991852     all=991877     -- eff=100.00 % cumulative eff=99.98 %
Flag_eeBadScFilter: pass=991852     all=991852     -- eff=100.00 % cumulative eff=99.98 %
Flag_ecalBadCalibFilter: pass=991746     all=991852     -- eff=99.99 % cumulative eff=99.97 %
Flag_hfNoisyHitsFilter: pass=991702     all=991746     -- eff=100.00 % cumulative eff=99.97 %
Number of muons 2: pass=121712     all=991702     -- eff=12.27 % cumulative eff=12.27 %
DiMuon From Higgs: pass=116900     all=121712     -- eff=96.05 % cumulative eff=11.78 %
LeptonChargeSum: pass=116878     all=116900     -- eff=99.98 % cumulative eff=11.78 %
[2025-11-08 10:54:08.178] [main] [info] Writing quantities map to /eos/user/j/jiahua/MC_2023_inc/DYto2L-2Jets_MLL-50_amcatnloFXFX_23/cfac2563-5a10-4d98-b448-e908ca44475a_vbfhmm.root
[2025-11-08 10:54:08.655] [main] [info] Finished Evaluation
[2025-11-08 10:54:08.655] [main] [info] Overall runtime (real time: 519.62, CPU time: 192.33)
