Starting job on \n
Running on: Linux b9p29p6666.cern.ch 5.14.0-570.44.1.el9_6.x86_64 #1 SMP PREEMPT_DYNAMIC Tue Sep 9 05:17:30 EDT 2025 x86_64 x86_64 x86_64 GNU/Linux\n
System software: Red Hat Enterprise Linux release 9.6 (Plow)\n
Setting up CROWN for RedHatEnterprise Version 9.6
subject   : /DC=ch/DC=cern/OU=Organic Units/OU=Users/CN=jiahua/CN=851532/CN=Jiahua Chen/CN=1735721823
issuer    : /DC=ch/DC=cern/OU=Organic Units/OU=Users/CN=jiahua/CN=851532/CN=Jiahua Chen
identity  : /DC=ch/DC=cern/OU=Organic Units/OU=Users/CN=jiahua/CN=851532/CN=Jiahua Chen
type      : RFC compliant proxy
strength  : 2048 bits
path      : /afs/cern.ch/user/j/jiahua/proxy/x509up_u139833
timeleft  : 196:47:26
key usage : Digital Signature, Key Encipherment
=== VO cms extension information ===
VO        : cms
subject   : /DC=ch/DC=cern/OU=Organic Units/OU=Users/CN=jiahua/CN=851532/CN=Jiahua Chen
issuer    : /DC=ch/DC=cern/OU=computers/CN=cms-auth.cern.ch
attribute : /cms/Role=NULL/Capability=NULL
timeleft  : 188:47:26
uri       : voms-cms-auth.cern.ch:15000
subject   : /DC=ch/DC=cern/OU=Organic Units/OU=Users/CN=jiahua/CN=851532/CN=Jiahua Chen/CN=1735721823
issuer    : /DC=ch/DC=cern/OU=Organic Units/OU=Users/CN=jiahua/CN=851532/CN=Jiahua Chen
identity  : /DC=ch/DC=cern/OU=Organic Units/OU=Users/CN=jiahua/CN=851532/CN=Jiahua Chen
type      : RFC compliant proxy
strength  : 2048 bits
path      : /afs/cern.ch/user/j/jiahua/proxy/x509up_u139833
timeleft  : 196:47:26
key usage : Digital Signature, Key Encipherment
=== VO cms extension information ===
VO        : cms
subject   : /DC=ch/DC=cern/OU=Organic Units/OU=Users/CN=jiahua/CN=851532/CN=Jiahua Chen
issuer    : /DC=ch/DC=cern/OU=computers/CN=cms-auth.cern.ch
attribute : /cms/Role=NULL/Capability=NULL
timeleft  : 188:47:26
uri       : voms-cms-auth.cern.ch:15000
/eos/user/j/jiahua/MC_2023_inc/DYto2Mu-2Jets_MLL-105To160_amcatnloFXFX_23/1c6ef81f-f469-4d86-8d90-b3d781ddc423.root
[2025-11-08 10:51:32.941] [main] [info] Checking input files
[2025-11-08 10:51:37.365] [main] [info] NanoAOD input_file 1: root://cms-xrd-global.cern.ch//store/mc/Run3Summer23NanoAODv12/DYto2Mu-2Jets_MLL-105To160_TuneCP5_13p6TeV_amcatnloFXFX-pythia8/NANOAODSIM/130X_mcRun3_2023_realistic_v15-v2/2820000/1c6ef81f-f469-4d86-8d90-b3d781ddc423.root - 332202 Events
[2025-11-08 10:51:37.365] [main] [info] input_file 1: root://cms-xrd-global.cern.ch//store/mc/Run3Summer23NanoAODv12/DYto2Mu-2Jets_MLL-105To160_TuneCP5_13p6TeV_amcatnloFXFX-pythia8/NANOAODSIM/130X_mcRun3_2023_realistic_v15-v2/2820000/1c6ef81f-f469-4d86-8d90-b3d781ddc423.root - SumOfGenWeight: 44822046.086519994 
[2025-11-08 10:51:37.365] [main] [info] Output directory: /eos/user/j/jiahua/MC_2023_inc/DYto2Mu-2Jets_MLL-105To160_amcatnloFXFX_23/1c6ef81f-f469-4d86-8d90-b3d781ddc423.root
[2025-11-08 10:51:37.366] [main] [info] Starting Setup of Dataframe with 332202 events
[2025-11-08 10:52:16.383] [main] [info] Finished Setup
[2025-11-08 10:52:16.383] [main] [info] Runtime for setup (real time: 39.02, CPU time: 37.93)
[2025-11-08 10:52:16.383] [main] [info] Starting Evaluation
[2025-11-08 10:52:28.593] [main] [info] 10000 / 332202 (3.01 %) Events processed ...
[2025-11-08 10:52:32.730] [main] [info] 20000 / 332202 (6.02 %) Events processed ...
[2025-11-08 10:52:38.004] [main] [info] 30000 / 332202 (9.03 %) Events processed ...
[2025-11-08 10:52:43.097] [main] [info] 40000 / 332202 (12.04 %) Events processed ...
[2025-11-08 10:52:47.089] [main] [info] 50000 / 332202 (15.05 %) Events processed ...
[2025-11-08 10:52:51.000] [main] [info] 60000 / 332202 (18.06 %) Events processed ...
[2025-11-08 10:52:54.996] [main] [info] 70000 / 332202 (21.07 %) Events processed ...
[2025-11-08 10:52:59.751] [main] [info] 80000 / 332202 (24.08 %) Events processed ...
[2025-11-08 10:53:03.964] [main] [info] 90000 / 332202 (27.09 %) Events processed ...
[2025-11-08 10:53:07.911] [main] [info] 100000 / 332202 (30.10 %) Events processed ...
[2025-11-08 10:53:12.588] [main] [info] 110000 / 332202 (33.11 %) Events processed ...
[2025-11-08 10:53:16.783] [main] [info] 120000 / 332202 (36.12 %) Events processed ...
[2025-11-08 10:53:20.883] [main] [info] 130000 / 332202 (39.13 %) Events processed ...
[2025-11-08 10:53:24.693] [main] [info] 140000 / 332202 (42.14 %) Events processed ...
[2025-11-08 10:53:30.536] [main] [info] 150000 / 332202 (45.15 %) Events processed ...
[2025-11-08 10:53:34.593] [main] [info] 160000 / 332202 (48.16 %) Events processed ...
[2025-11-08 10:53:38.315] [main] [info] 170000 / 332202 (51.17 %) Events processed ...
[2025-11-08 10:53:43.905] [main] [info] 180000 / 332202 (54.18 %) Events processed ...
[2025-11-08 10:53:48.536] [main] [info] 190000 / 332202 (57.19 %) Events processed ...
[2025-11-08 10:53:52.973] [main] [info] 200000 / 332202 (60.20 %) Events processed ...
[2025-11-08 10:53:57.328] [main] [info] 210000 / 332202 (63.21 %) Events processed ...
[2025-11-08 10:54:02.505] [main] [info] 220000 / 332202 (66.22 %) Events processed ...
[2025-11-08 10:54:06.524] [main] [info] 230000 / 332202 (69.23 %) Events processed ...
[2025-11-08 10:54:10.496] [main] [info] 240000 / 332202 (72.25 %) Events processed ...
[2025-11-08 10:54:15.816] [main] [info] 250000 / 332202 (75.26 %) Events processed ...
[2025-11-08 10:54:19.873] [main] [info] 260000 / 332202 (78.27 %) Events processed ...
[2025-11-08 10:54:23.866] [main] [info] 270000 / 332202 (81.28 %) Events processed ...
[2025-11-08 10:54:28.043] [main] [info] 280000 / 332202 (84.29 %) Events processed ...
[2025-11-08 10:54:32.874] [main] [info] 290000 / 332202 (87.30 %) Events processed ...
[2025-11-08 10:54:36.906] [main] [info] 300000 / 332202 (90.31 %) Events processed ...
[2025-11-08 10:54:40.898] [main] [info] 310000 / 332202 (93.32 %) Events processed ...
[2025-11-08 10:54:45.383] [main] [info] 320000 / 332202 (96.33 %) Events processed ...
[2025-11-08 10:54:49.492] [main] [info] 330000 / 332202 (99.34 %) Events processed ...
[2025-11-08 10:54:51.439] [main] [info] vbfhmm:
Flag_goodVertices: pass=332202     all=332202     -- eff=100.00 % cumulative eff=100.00 %
Flag_globalSuperTightHalo2016Filter: pass=332179     all=332202     -- eff=99.99 % cumulative eff=99.99 %
Flag_EcalDeadCellTriggerPrimitiveFilter: pass=332177     all=332179     -- eff=100.00 % cumulative eff=99.99 %
Flag_BadPFMuonFilter: pass=332130     all=332177     -- eff=99.99 % cumulative eff=99.98 %
Flag_BadPFMuonDzFilter: pass=332108     all=332130     -- eff=99.99 % cumulative eff=99.97 %
Flag_eeBadScFilter: pass=332108     all=332108     -- eff=100.00 % cumulative eff=99.97 %
Flag_ecalBadCalibFilter: pass=332105     all=332108     -- eff=100.00 % cumulative eff=99.97 %
Flag_hfNoisyHitsFilter: pass=332069     all=332105     -- eff=99.99 % cumulative eff=99.96 %
Number of muons 2: pass=138984     all=332069     -- eff=41.85 % cumulative eff=41.84 %
DiMuon From Higgs: pass=132673     all=138984     -- eff=95.46 % cumulative eff=39.94 %
LeptonChargeSum: pass=132632     all=132673     -- eff=99.97 % cumulative eff=39.93 %
[2025-11-08 10:54:51.575] [main] [info] Writing quantities map to /eos/user/j/jiahua/MC_2023_inc/DYto2Mu-2Jets_MLL-105To160_amcatnloFXFX_23/1c6ef81f-f469-4d86-8d90-b3d781ddc423_vbfhmm.root
[2025-11-08 10:54:52.275] [main] [info] Finished Evaluation
[2025-11-08 10:54:52.275] [main] [info] Overall runtime (real time: 194.91, CPU time: 182.70)
