000 (12769442.023.000) 11/08 10:40:44 Job submitted from host: <188.185.121.235:9618?addrs=188.185.121.235-9618+[2001-1458-d00-49--100-36e]-9618&alias=bigbird22.cern.ch&noUDP&sock=schedd_232129_c3ca>
...
040 (12769442.023.000) 11/08 10:44:39 Started transferring input files
	Transferring to host: <188.185.207.14:9618?addrs=188.185.207.14-9618+[2001-1458-303-d--100-b]-9618&alias=b9p07p6280.cern.ch&noUDP&sock=slot1_9_8078_6e82_43313>
...
040 (12769442.023.000) 11/08 10:44:39 Finished transferring input files
...
001 (12769442.023.000) 11/08 10:44:41 Job executing on host: <188.185.207.14:9618?addrs=188.185.207.14-9618+[2001-1458-303-d--100-b]-9618&alias=b9p07p6280.cern.ch&noUDP&sock=startd_7225_53d8>
	SlotName: slot1_9@b9p07p6280.cern.ch
	CondorScratchDir = "/pool/condor/dir_3775766"
	Cpus = 1
	Disk = 16008
	GPUs = 0
	Memory = 3000
...
006 (12769442.023.000) 11/08 10:44:55 Image size of job updated: 108952
	107  -  MemoryUsage of job (MB)
	108952  -  ResidentSetSize of job (KB)
...
006 (12769442.023.000) 11/08 10:49:56 Image size of job updated: 466440
	456  -  MemoryUsage of job (MB)
	466440  -  ResidentSetSize of job (KB)
...
006 (12769442.023.000) 11/08 10:54:12 Image size of job updated: 546820
	456  -  MemoryUsage of job (MB)
	466440  -  ResidentSetSize of job (KB)
...
040 (12769442.023.000) 11/08 10:54:12 Started transferring output files
...
040 (12769442.023.000) 11/08 10:54:12 Finished transferring output files
...
005 (12769442.023.000) 11/08 10:54:12 Job terminated.
	(1) Normal termination (return value 0)
		Usr 0 00:03:29, Sys 0 00:00:07  -  Run Remote Usage
		Usr 0 00:00:00, Sys 0 00:00:00  -  Run Local Usage
		Usr 0 00:03:29, Sys 0 00:00:07  -  Total Remote Usage
		Usr 0 00:00:00, Sys 0 00:00:00  -  Total Local Usage
	18024  -  Run Bytes Sent By Job
	11220236  -  Run Bytes Received By Job
	18024  -  Total Bytes Sent By Job
	11220236  -  Total Bytes Received By Job
	Partitionable Resources :    Usage  Request Allocated 
	   Cpus                 :     0.01        1         1 
	   Disk (KB)            : 11000       12500     16008 
	   GPUs                 :                           0 
	   Memory (MB)          :   456        3000      3000 
	   TimeExecute (s)      :   572                       
	   TimeSlotBusy (s)     :   574                       

	Job terminated of its own accord at 2025-11-08T09:54:12Z with exit-code 0.
...
