000 (12769454.018.000) 11/08 10:41:05 Job submitted from host: <188.185.121.235:9618?addrs=188.185.121.235-9618+[2001-1458-d00-49--100-36e]-9618&alias=bigbird22.cern.ch&noUDP&sock=schedd_232129_c3ca>
...
040 (12769454.018.000) 11/08 10:51:18 Started transferring input files
	Transferring to host: <188.185.209.198:9618?addrs=188.185.209.198-9618+[2001-1458-303-12--100-43]-9618&alias=b9p12p4148.cern.ch&noUDP&sock=slot1_12_6768_6b0c_44086>
...
040 (12769454.018.000) 11/08 10:51:18 Finished transferring input files
...
001 (12769454.018.000) 11/08 10:51:19 Job executing on host: <188.185.209.198:9618?addrs=188.185.209.198-9618+[2001-1458-303-12--100-43]-9618&alias=b9p12p4148.cern.ch&noUDP&sock=startd_5779_7de6>
	SlotName: slot1_12@b9p12p4148.cern.ch
	CondorScratchDir = "/pool/condor/dir_3891065"
	Cpus = 1
	Disk = 16004
	GPUs = 0
	Memory = 3000
...
006 (12769454.018.000) 11/08 10:51:32 Image size of job updated: 119220
	117  -  MemoryUsage of job (MB)
	119220  -  ResidentSetSize of job (KB)
...
006 (12769454.018.000) 11/08 10:55:06 Image size of job updated: 568336
	117  -  MemoryUsage of job (MB)
	119220  -  ResidentSetSize of job (KB)
...
040 (12769454.018.000) 11/08 10:55:06 Started transferring output files
...
040 (12769454.018.000) 11/08 10:55:06 Finished transferring output files
...
005 (12769454.018.000) 11/08 10:55:06 Job terminated.
	(1) Normal termination (return value 0)
		Usr 0 00:03:20, Sys 0 00:00:04  -  Run Remote Usage
		Usr 0 00:00:00, Sys 0 00:00:00  -  Run Local Usage
		Usr 0 00:03:20, Sys 0 00:00:04  -  Total Remote Usage
		Usr 0 00:00:00, Sys 0 00:00:00  -  Total Local Usage
	12324  -  Run Bytes Sent By Job
	11220236  -  Run Bytes Received By Job
	12324  -  Total Bytes Sent By Job
	11220236  -  Total Bytes Received By Job
	Partitionable Resources :    Usage  Request Allocated 
	   Cpus                 :        0        1         1 
	   Disk (KB)            :    10994    12500     16004 
	   GPUs                 :                           0 
	   Memory (MB)          :      117     3000      3000 
	   TimeExecute (s)      :      227                    
	   TimeSlotBusy (s)     :      229                    

	Job terminated of its own accord at 2025-11-08T09:55:06Z with exit-code 0.
...
