Starting job on \n
Running on: Linux b9g18p7862.cern.ch 5.14.0-570.42.2.el9_6.x86_64 #1 SMP PREEMPT_DYNAMIC Mon Sep 15 05:17:56 EDT 2025 x86_64 x86_64 x86_64 GNU/Linux\n
System software: AlmaLinux release 9.6 (Sage Margay)\n
Setting up CROWN for Alma Version 9.6
subject   : /DC=ch/DC=cern/OU=Organic Units/OU=Users/CN=jiahua/CN=851532/CN=Jiahua Chen/CN=1735721823
issuer    : /DC=ch/DC=cern/OU=Organic Units/OU=Users/CN=jiahua/CN=851532/CN=Jiahua Chen
identity  : /DC=ch/DC=cern/OU=Organic Units/OU=Users/CN=jiahua/CN=851532/CN=Jiahua Chen
type      : RFC compliant proxy
strength  : 2048 bits
path      : /afs/cern.ch/user/j/jiahua/proxy/x509up_u139833
timeleft  : 196:45:10
key usage : Digital Signature, Key Encipherment
=== VO cms extension information ===
VO        : cms
subject   : /DC=ch/DC=cern/OU=Organic Units/OU=Users/CN=jiahua/CN=851532/CN=Jiahua Chen
issuer    : /DC=ch/DC=cern/OU=computers/CN=cms-auth.cern.ch
attribute : /cms/Role=NULL/Capability=NULL
timeleft  : 188:45:10
uri       : voms-cms-auth.cern.ch:15000
subject   : /DC=ch/DC=cern/OU=Organic Units/OU=Users/CN=jiahua/CN=851532/CN=Jiahua Chen/CN=1735721823
issuer    : /DC=ch/DC=cern/OU=Organic Units/OU=Users/CN=jiahua/CN=851532/CN=Jiahua Chen
identity  : /DC=ch/DC=cern/OU=Organic Units/OU=Users/CN=jiahua/CN=851532/CN=Jiahua Chen
type      : RFC compliant proxy
strength  : 2048 bits
path      : /afs/cern.ch/user/j/jiahua/proxy/x509up_u139833
timeleft  : 196:45:10
key usage : Digital Signature, Key Encipherment
=== VO cms extension information ===
VO        : cms
subject   : /DC=ch/DC=cern/OU=Organic Units/OU=Users/CN=jiahua/CN=851532/CN=Jiahua Chen
issuer    : /DC=ch/DC=cern/OU=computers/CN=cms-auth.cern.ch
attribute : /cms/Role=NULL/Capability=NULL
timeleft  : 188:45:10
uri       : voms-cms-auth.cern.ch:15000
/eos/user/j/jiahua/MC_2023_inc/Muon1_UL23C-24Jan2024_v4-v2/ed3588c4-510f-4ba0-9aee-7618d791c028.root
[2025-11-08 10:53:48.349] [main] [info] Checking input files
[2025-11-08 10:53:54.916] [main] [info] NanoAOD input_file 1: root://cms-xrd-global.cern.ch//store/data/Run2023C/Muon1/NANOAOD/24Jan2024_v4-v2/2830000/ed3588c4-510f-4ba0-9aee-7618d791c028.root - 2055001 Events
[2025-11-08 10:53:54.936] [main] [info] input_file 1: root://cms-xrd-global.cern.ch//store/data/Run2023C/Muon1/NANOAOD/24Jan2024_v4-v2/2830000/ed3588c4-510f-4ba0-9aee-7618d791c028.root - SumOfGenWeight: 1.0429725335751646e-308 
[2025-11-08 10:53:54.936] [main] [info] Output directory: /eos/user/j/jiahua/MC_2023_inc/Muon1_UL23C-24Jan2024_v4-v2/ed3588c4-510f-4ba0-9aee-7618d791c028.root
[2025-11-08 10:53:54.937] [main] [info] Starting Setup of Dataframe with 2055001 events
[2025-11-08 10:53:56.302] [main] [info] Finished Setup
[2025-11-08 10:53:56.302] [main] [info] Runtime for setup (real time: 1.37, CPU time: 1.18)
[2025-11-08 10:53:56.302] [main] [info] Starting Evaluation
[2025-11-08 10:54:07.617] [main] [info] 10000 / 2055001 (0.49 %) Events processed ...
[2025-11-08 10:54:07.922] [main] [info] 20000 / 2055001 (0.97 %) Events processed ...
[2025-11-08 10:54:08.224] [main] [info] 30000 / 2055001 (1.46 %) Events processed ...
[2025-11-08 10:54:08.650] [main] [info] 40000 / 2055001 (1.95 %) Events processed ...
[2025-11-08 10:54:08.958] [main] [info] 50000 / 2055001 (2.43 %) Events processed ...
[2025-11-08 10:54:09.263] [main] [info] 60000 / 2055001 (2.92 %) Events processed ...
[2025-11-08 10:54:10.057] [main] [info] 70000 / 2055001 (3.41 %) Events processed ...
[2025-11-08 10:54:10.324] [main] [info] 80000 / 2055001 (3.89 %) Events processed ...
[2025-11-08 10:54:10.523] [main] [info] 90000 / 2055001 (4.38 %) Events processed ...
[2025-11-08 10:54:10.942] [main] [info] 100000 / 2055001 (4.87 %) Events processed ...
[2025-11-08 10:54:11.240] [main] [info] 110000 / 2055001 (5.35 %) Events processed ...
[2025-11-08 10:54:11.528] [main] [info] 120000 / 2055001 (5.84 %) Events processed ...
[2025-11-08 10:54:11.990] [main] [info] 130000 / 2055001 (6.33 %) Events processed ...
[2025-11-08 10:54:12.726] [main] [info] 140000 / 2055001 (6.81 %) Events processed ...
[2025-11-08 10:54:13.039] [main] [info] 150000 / 2055001 (7.30 %) Events processed ...
[2025-11-08 10:54:13.346] [main] [info] 160000 / 2055001 (7.79 %) Events processed ...
[2025-11-08 10:54:13.786] [main] [info] 170000 / 2055001 (8.27 %) Events processed ...
[2025-11-08 10:54:14.074] [main] [info] 180000 / 2055001 (8.76 %) Events processed ...
[2025-11-08 10:54:14.309] [main] [info] 190000 / 2055001 (9.25 %) Events processed ...
[2025-11-08 10:54:14.630] [main] [info] 200000 / 2055001 (9.73 %) Events processed ...
[2025-11-08 10:54:15.425] [main] [info] 210000 / 2055001 (10.22 %) Events processed ...
[2025-11-08 10:54:15.742] [main] [info] 220000 / 2055001 (10.71 %) Events processed ...
[2025-11-08 10:54:16.212] [main] [info] 230000 / 2055001 (11.19 %) Events processed ...
[2025-11-08 10:54:16.506] [main] [info] 240000 / 2055001 (11.68 %) Events processed ...
[2025-11-08 10:54:16.805] [main] [info] 250000 / 2055001 (12.17 %) Events processed ...
[2025-11-08 10:54:17.270] [main] [info] 260000 / 2055001 (12.65 %) Events processed ...
[2025-11-08 10:54:17.646] [main] [info] 270000 / 2055001 (13.14 %) Events processed ...
[2025-11-08 10:54:18.383] [main] [info] 280000 / 2055001 (13.63 %) Events processed ...
[2025-11-08 10:54:18.679] [main] [info] 290000 / 2055001 (14.11 %) Events processed ...
[2025-11-08 10:54:19.024] [main] [info] 300000 / 2055001 (14.60 %) Events processed ...
[2025-11-08 10:54:19.296] [main] [info] 310000 / 2055001 (15.09 %) Events processed ...
[2025-11-08 10:54:19.627] [main] [info] 320000 / 2055001 (15.57 %) Events processed ...
[2025-11-08 10:54:20.072] [main] [info] 330000 / 2055001 (16.06 %) Events processed ...
[2025-11-08 10:54:20.370] [main] [info] 340000 / 2055001 (16.55 %) Events processed ...
[2025-11-08 10:54:21.146] [main] [info] 350000 / 2055001 (17.03 %) Events processed ...
[2025-11-08 10:54:21.619] [main] [info] 360000 / 2055001 (17.52 %) Events processed ...
[2025-11-08 10:54:21.919] [main] [info] 370000 / 2055001 (18.00 %) Events processed ...
[2025-11-08 10:54:22.226] [main] [info] 380000 / 2055001 (18.49 %) Events processed ...
[2025-11-08 10:54:22.682] [main] [info] 390000 / 2055001 (18.98 %) Events processed ...
[2025-11-08 10:54:23.004] [main] [info] 400000 / 2055001 (19.46 %) Events processed ...
[2025-11-08 10:54:23.278] [main] [info] 410000 / 2055001 (19.95 %) Events processed ...
[2025-11-08 10:54:24.261] [main] [info] 420000 / 2055001 (20.44 %) Events processed ...
[2025-11-08 10:54:24.563] [main] [info] 430000 / 2055001 (20.92 %) Events processed ...
[2025-11-08 10:54:24.853] [main] [info] 440000 / 2055001 (21.41 %) Events processed ...
[2025-11-08 10:54:25.195] [main] [info] 450000 / 2055001 (21.90 %) Events processed ...
[2025-11-08 10:54:25.585] [main] [info] 460000 / 2055001 (22.38 %) Events processed ...
[2025-11-08 10:54:25.779] [main] [info] 470000 / 2055001 (22.87 %) Events processed ...
[2025-11-08 10:54:26.001] [main] [info] 480000 / 2055001 (23.36 %) Events processed ...
[2025-11-08 10:54:27.186] [main] [info] 490000 / 2055001 (23.84 %) Events processed ...
[2025-11-08 10:54:27.456] [main] [info] 500000 / 2055001 (24.33 %) Events processed ...
[2025-11-08 10:54:27.698] [main] [info] 510000 / 2055001 (24.82 %) Events processed ...
[2025-11-08 10:54:27.996] [main] [info] 520000 / 2055001 (25.30 %) Events processed ...
[2025-11-08 10:54:28.220] [main] [info] 530000 / 2055001 (25.79 %) Events processed ...
[2025-11-08 10:54:28.559] [main] [info] 540000 / 2055001 (26.28 %) Events processed ...
[2025-11-08 10:54:29.737] [main] [info] 550000 / 2055001 (26.76 %) Events processed ...
[2025-11-08 10:54:30.043] [main] [info] 560000 / 2055001 (27.25 %) Events processed ...
[2025-11-08 10:54:30.304] [main] [info] 570000 / 2055001 (27.74 %) Events processed ...
[2025-11-08 10:54:30.639] [main] [info] 580000 / 2055001 (28.22 %) Events processed ...
[2025-11-08 10:54:31.070] [main] [info] 590000 / 2055001 (28.71 %) Events processed ...
[2025-11-08 10:54:31.350] [main] [info] 600000 / 2055001 (29.20 %) Events processed ...
[2025-11-08 10:54:31.671] [main] [info] 610000 / 2055001 (29.68 %) Events processed ...
[2025-11-08 10:54:32.779] [main] [info] 620000 / 2055001 (30.17 %) Events processed ...
[2025-11-08 10:54:33.068] [main] [info] 630000 / 2055001 (30.66 %) Events processed ...
[2025-11-08 10:54:33.278] [main] [info] 640000 / 2055001 (31.14 %) Events processed ...
[2025-11-08 10:54:33.650] [main] [info] 650000 / 2055001 (31.63 %) Events processed ...
[2025-11-08 10:54:33.846] [main] [info] 660000 / 2055001 (32.12 %) Events processed ...
[2025-11-08 10:54:34.070] [main] [info] 670000 / 2055001 (32.60 %) Events processed ...
[2025-11-08 10:54:34.533] [main] [info] 680000 / 2055001 (33.09 %) Events processed ...
[2025-11-08 10:54:35.789] [main] [info] 690000 / 2055001 (33.58 %) Events processed ...
[2025-11-08 10:54:36.088] [main] [info] 700000 / 2055001 (34.06 %) Events processed ...
[2025-11-08 10:54:36.341] [main] [info] 710000 / 2055001 (34.55 %) Events processed ...
[2025-11-08 10:54:36.677] [main] [info] 720000 / 2055001 (35.04 %) Events processed ...
[2025-11-08 10:54:36.993] [main] [info] 730000 / 2055001 (35.52 %) Events processed ...
[2025-11-08 10:54:37.326] [main] [info] 740000 / 2055001 (36.01 %) Events processed ...
[2025-11-08 10:54:37.775] [main] [info] 750000 / 2055001 (36.50 %) Events processed ...
[2025-11-08 10:54:39.256] [main] [info] 760000 / 2055001 (36.98 %) Events processed ...
[2025-11-08 10:54:39.500] [main] [info] 770000 / 2055001 (37.47 %) Events processed ...
[2025-11-08 10:54:39.914] [main] [info] 780000 / 2055001 (37.96 %) Events processed ...
[2025-11-08 10:54:40.207] [main] [info] 790000 / 2055001 (38.44 %) Events processed ...
[2025-11-08 10:54:40.415] [main] [info] 800000 / 2055001 (38.93 %) Events processed ...
[2025-11-08 10:54:40.752] [main] [info] 810000 / 2055001 (39.42 %) Events processed ...
[2025-11-08 10:54:41.098] [main] [info] 820000 / 2055001 (39.90 %) Events processed ...
[2025-11-08 10:54:42.514] [main] [info] 830000 / 2055001 (40.39 %) Events processed ...
[2025-11-08 10:54:42.940] [main] [info] 840000 / 2055001 (40.88 %) Events processed ...
[2025-11-08 10:54:43.207] [main] [info] 850000 / 2055001 (41.36 %) Events processed ...
[2025-11-08 10:54:43.473] [main] [info] 860000 / 2055001 (41.85 %) Events processed ...
[2025-11-08 10:54:43.802] [main] [info] 870000 / 2055001 (42.34 %) Events processed ...
[2025-11-08 10:54:44.244] [main] [info] 880000 / 2055001 (42.82 %) Events processed ...
[2025-11-08 10:54:44.547] [main] [info] 890000 / 2055001 (43.31 %) Events processed ...
[2025-11-08 10:54:45.859] [main] [info] 900000 / 2055001 (43.80 %) Events processed ...
[2025-11-08 10:54:46.307] [main] [info] 910000 / 2055001 (44.28 %) Events processed ...
[2025-11-08 10:54:46.631] [main] [info] 920000 / 2055001 (44.77 %) Events processed ...
[2025-11-08 10:54:46.867] [main] [info] 930000 / 2055001 (45.26 %) Events processed ...
[2025-11-08 10:54:47.176] [main] [info] 940000 / 2055001 (45.74 %) Events processed ...
[2025-11-08 10:54:47.407] [main] [info] 950000 / 2055001 (46.23 %) Events processed ...
[2025-11-08 10:54:47.732] [main] [info] 960000 / 2055001 (46.72 %) Events processed ...
[2025-11-08 10:54:49.132] [main] [info] 970000 / 2055001 (47.20 %) Events processed ...
[2025-11-08 10:54:49.452] [main] [info] 980000 / 2055001 (47.69 %) Events processed ...
[2025-11-08 10:54:49.746] [main] [info] 990000 / 2055001 (48.18 %) Events processed ...
[2025-11-08 10:54:50.079] [main] [info] 1000000 / 2055001 (48.66 %) Events processed ...
[2025-11-08 10:54:50.527] [main] [info] 1010000 / 2055001 (49.15 %) Events processed ...
[2025-11-08 10:54:50.837] [main] [info] 1020000 / 2055001 (49.64 %) Events processed ...
[2025-11-08 10:54:51.180] [main] [info] 1030000 / 2055001 (50.12 %) Events processed ...
[2025-11-08 10:54:52.520] [main] [info] 1040000 / 2055001 (50.61 %) Events processed ...
[2025-11-08 10:54:52.742] [main] [info] 1050000 / 2055001 (51.09 %) Events processed ...
[2025-11-08 10:54:53.042] [main] [info] 1060000 / 2055001 (51.58 %) Events processed ...
[2025-11-08 10:54:53.526] [main] [info] 1070000 / 2055001 (52.07 %) Events processed ...
[2025-11-08 10:54:53.845] [main] [info] 1080000 / 2055001 (52.55 %) Events processed ...
[2025-11-08 10:54:54.169] [main] [info] 1090000 / 2055001 (53.04 %) Events processed ...
[2025-11-08 10:54:55.781] [main] [info] 1100000 / 2055001 (53.53 %) Events processed ...
[2025-11-08 10:54:56.084] [main] [info] 1110000 / 2055001 (54.01 %) Events processed ...
[2025-11-08 10:54:56.374] [main] [info] 1120000 / 2055001 (54.50 %) Events processed ...
[2025-11-08 10:54:56.714] [main] [info] 1130000 / 2055001 (54.99 %) Events processed ...
[2025-11-08 10:54:57.139] [main] [info] 1140000 / 2055001 (55.47 %) Events processed ...
[2025-11-08 10:54:57.438] [main] [info] 1150000 / 2055001 (55.96 %) Events processed ...
[2025-11-08 10:54:57.765] [main] [info] 1160000 / 2055001 (56.45 %) Events processed ...
[2025-11-08 10:54:59.040] [main] [info] 1170000 / 2055001 (56.93 %) Events processed ...
[2025-11-08 10:54:59.325] [main] [info] 1180000 / 2055001 (57.42 %) Events processed ...
[2025-11-08 10:54:59.616] [main] [info] 1190000 / 2055001 (57.91 %) Events processed ...
[2025-11-08 10:55:00.081] [main] [info] 1200000 / 2055001 (58.39 %) Events processed ...
[2025-11-08 10:55:00.396] [main] [info] 1210000 / 2055001 (58.88 %) Events processed ...
[2025-11-08 10:55:00.710] [main] [info] 1220000 / 2055001 (59.37 %) Events processed ...
[2025-11-08 10:55:01.116] [main] [info] 1230000 / 2055001 (59.85 %) Events processed ...
[2025-11-08 10:55:02.199] [main] [info] 1240000 / 2055001 (60.34 %) Events processed ...
[2025-11-08 10:55:02.501] [main] [info] 1250000 / 2055001 (60.83 %) Events processed ...
[2025-11-08 10:55:02.968] [main] [info] 1260000 / 2055001 (61.31 %) Events processed ...
[2025-11-08 10:55:03.271] [main] [info] 1270000 / 2055001 (61.80 %) Events processed ...
[2025-11-08 10:55:03.560] [main] [info] 1280000 / 2055001 (62.29 %) Events processed ...
[2025-11-08 10:55:03.877] [main] [info] 1290000 / 2055001 (62.77 %) Events processed ...
[2025-11-08 10:55:04.303] [main] [info] 1300000 / 2055001 (63.26 %) Events processed ...
[2025-11-08 10:55:05.543] [main] [info] 1310000 / 2055001 (63.75 %) Events processed ...
[2025-11-08 10:55:05.781] [main] [info] 1320000 / 2055001 (64.23 %) Events processed ...
[2025-11-08 10:55:06.169] [main] [info] 1330000 / 2055001 (64.72 %) Events processed ...
[2025-11-08 10:55:06.449] [main] [info] 1340000 / 2055001 (65.21 %) Events processed ...
[2025-11-08 10:55:06.763] [main] [info] 1350000 / 2055001 (65.69 %) Events processed ...
[2025-11-08 10:55:07.325] [main] [info] 1360000 / 2055001 (66.18 %) Events processed ...
[2025-11-08 10:55:07.637] [main] [info] 1370000 / 2055001 (66.67 %) Events processed ...
[2025-11-08 10:55:09.065] [main] [info] 1380000 / 2055001 (67.15 %) Events processed ...
[2025-11-08 10:55:09.470] [main] [info] 1390000 / 2055001 (67.64 %) Events processed ...
[2025-11-08 10:55:09.693] [main] [info] 1400000 / 2055001 (68.13 %) Events processed ...
[2025-11-08 10:55:09.971] [main] [info] 1410000 / 2055001 (68.61 %) Events processed ...
[2025-11-08 10:55:10.306] [main] [info] 1420000 / 2055001 (69.10 %) Events processed ...
[2025-11-08 10:55:10.774] [main] [info] 1430000 / 2055001 (69.59 %) Events processed ...
[2025-11-08 10:55:11.077] [main] [info] 1440000 / 2055001 (70.07 %) Events processed ...
[2025-11-08 10:55:17.413] [main] [info] 1450000 / 2055001 (70.56 %) Events processed ...
[2025-11-08 10:55:17.905] [main] [info] 1460000 / 2055001 (71.05 %) Events processed ...
[2025-11-08 10:55:18.176] [main] [info] 1470000 / 2055001 (71.53 %) Events processed ...
[2025-11-08 10:55:18.501] [main] [info] 1480000 / 2055001 (72.02 %) Events processed ...
[2025-11-08 10:55:18.950] [main] [info] 1490000 / 2055001 (72.51 %) Events processed ...
[2025-11-08 10:55:19.237] [main] [info] 1500000 / 2055001 (72.99 %) Events processed ...
[2025-11-08 10:55:19.543] [main] [info] 1510000 / 2055001 (73.48 %) Events processed ...
[2025-11-08 10:55:30.428] [main] [info] 1520000 / 2055001 (73.97 %) Events processed ...
[2025-11-08 10:55:30.732] [main] [info] 1530000 / 2055001 (74.45 %) Events processed ...
[2025-11-08 10:55:31.027] [main] [info] 1540000 / 2055001 (74.94 %) Events processed ...
[2025-11-08 10:55:31.455] [main] [info] 1550000 / 2055001 (75.43 %) Events processed ...
[2025-11-08 10:55:31.734] [main] [info] 1560000 / 2055001 (75.91 %) Events processed ...
[2025-11-08 10:55:32.019] [main] [info] 1570000 / 2055001 (76.40 %) Events processed ...
[2025-11-08 10:55:32.334] [main] [info] 1580000 / 2055001 (76.89 %) Events processed ...
[2025-11-08 10:55:38.467] [main] [info] 1590000 / 2055001 (77.37 %) Events processed ...
[2025-11-08 10:55:38.886] [main] [info] 1600000 / 2055001 (77.86 %) Events processed ...
[2025-11-08 10:55:39.196] [main] [info] 1610000 / 2055001 (78.35 %) Events processed ...
[2025-11-08 10:55:39.658] [main] [info] 1620000 / 2055001 (78.83 %) Events processed ...
[2025-11-08 10:55:39.953] [main] [info] 1630000 / 2055001 (79.32 %) Events processed ...
[2025-11-08 10:55:40.248] [main] [info] 1640000 / 2055001 (79.81 %) Events processed ...
[2025-11-08 10:55:50.076] [main] [info] 1650000 / 2055001 (80.29 %) Events processed ...
[2025-11-08 10:55:50.283] [main] [info] 1660000 / 2055001 (80.78 %) Events processed ...
[2025-11-08 10:55:50.507] [main] [info] 1670000 / 2055001 (81.27 %) Events processed ...
[2025-11-08 10:55:50.877] [main] [info] 1680000 / 2055001 (81.75 %) Events processed ...
[2025-11-08 10:55:51.140] [main] [info] 1690000 / 2055001 (82.24 %) Events processed ...
[2025-11-08 10:55:51.347] [main] [info] 1700000 / 2055001 (82.73 %) Events processed ...
[2025-11-08 10:55:51.579] [main] [info] 1710000 / 2055001 (83.21 %) Events processed ...
[2025-11-08 10:55:56.178] [main] [info] 1720000 / 2055001 (83.70 %) Events processed ...
[2025-11-08 10:55:56.467] [main] [info] 1730000 / 2055001 (84.18 %) Events processed ...
[2025-11-08 10:55:56.730] [main] [info] 1740000 / 2055001 (84.67 %) Events processed ...
[2025-11-08 10:55:57.121] [main] [info] 1750000 / 2055001 (85.16 %) Events processed ...
[2025-11-08 10:55:57.359] [main] [info] 1760000 / 2055001 (85.64 %) Events processed ...
[2025-11-08 10:55:57.568] [main] [info] 1770000 / 2055001 (86.13 %) Events processed ...
[2025-11-08 10:55:57.885] [main] [info] 1780000 / 2055001 (86.62 %) Events processed ...
[2025-11-08 10:55:59.893] [main] [info] 1790000 / 2055001 (87.10 %) Events processed ...
[2025-11-08 10:56:00.176] [main] [info] 1800000 / 2055001 (87.59 %) Events processed ...
[2025-11-08 10:56:00.646] [main] [info] 1810000 / 2055001 (88.08 %) Events processed ...
[2025-11-08 10:56:00.959] [main] [info] 1820000 / 2055001 (88.56 %) Events processed ...
[2025-11-08 10:56:01.272] [main] [info] 1830000 / 2055001 (89.05 %) Events processed ...
[2025-11-08 10:56:01.615] [main] [info] 1840000 / 2055001 (89.54 %) Events processed ...
[2025-11-08 10:56:02.088] [main] [info] 1850000 / 2055001 (90.02 %) Events processed ...
[2025-11-08 10:56:06.869] [main] [info] 1860000 / 2055001 (90.51 %) Events processed ...
[2025-11-08 10:56:07.194] [main] [info] 1870000 / 2055001 (91.00 %) Events processed ...
[2025-11-08 10:56:07.515] [main] [info] 1880000 / 2055001 (91.48 %) Events processed ...
[2025-11-08 10:56:07.766] [main] [info] 1890000 / 2055001 (91.97 %) Events processed ...
[2025-11-08 10:56:08.001] [main] [info] 1900000 / 2055001 (92.46 %) Events processed ...
[2025-11-08 10:56:08.424] [main] [info] 1910000 / 2055001 (92.94 %) Events processed ...
[2025-11-08 10:56:08.662] [main] [info] 1920000 / 2055001 (93.43 %) Events processed ...
[2025-11-08 10:56:20.090] [main] [info] 1930000 / 2055001 (93.92 %) Events processed ...
[2025-11-08 10:56:20.418] [main] [info] 1940000 / 2055001 (94.40 %) Events processed ...
[2025-11-08 10:56:20.652] [main] [info] 1950000 / 2055001 (94.89 %) Events processed ...
[2025-11-08 10:56:20.925] [main] [info] 1960000 / 2055001 (95.38 %) Events processed ...
[2025-11-08 10:56:21.355] [main] [info] 1970000 / 2055001 (95.86 %) Events processed ...
[2025-11-08 10:56:21.642] [main] [info] 1980000 / 2055001 (96.35 %) Events processed ...
[2025-11-08 10:56:21.869] [main] [info] 1990000 / 2055001 (96.84 %) Events processed ...
[2025-11-08 10:56:28.454] [main] [info] 2000000 / 2055001 (97.32 %) Events processed ...
[2025-11-08 10:56:28.461] [main] [info] 2010000 / 2055001 (97.81 %) Events processed ...
[2025-11-08 10:56:28.468] [main] [info] 2020000 / 2055001 (98.30 %) Events processed ...
[2025-11-08 10:56:28.474] [main] [info] 2030000 / 2055001 (98.78 %) Events processed ...
[2025-11-08 10:56:28.481] [main] [info] 2040000 / 2055001 (99.27 %) Events processed ...
[2025-11-08 10:56:28.488] [main] [info] 2050000 / 2055001 (99.76 %) Events processed ...
[2025-11-08 10:56:28.797] [main] [info] vbfhmm:
GoldenJSONFilter: pass=1995150    all=2055001    -- eff=97.09 % cumulative eff=97.09 %
Flag_goodVertices: pass=1991084    all=1995150    -- eff=99.80 % cumulative eff=96.89 %
Flag_globalSuperTightHalo2016Filter: pass=1990523    all=1991084    -- eff=99.97 % cumulative eff=96.86 %
Flag_EcalDeadCellTriggerPrimitiveFilter: pass=1990446    all=1990523    -- eff=100.00 % cumulative eff=96.86 %
Flag_BadPFMuonFilter: pass=1989371    all=1990446    -- eff=99.95 % cumulative eff=96.81 %
Flag_BadPFMuonDzFilter: pass=1988956    all=1989371    -- eff=99.98 % cumulative eff=96.79 %
Flag_eeBadScFilter: pass=1988956    all=1988956    -- eff=100.00 % cumulative eff=96.79 %
Flag_ecalBadCalibFilter: pass=1988818    all=1988956    -- eff=99.99 % cumulative eff=96.78 %
Flag_hfNoisyHitsFilter: pass=1985277    all=1988818    -- eff=99.82 % cumulative eff=96.61 %
Number of muons 2: pass=67531      all=1985277    -- eff=3.40 % cumulative eff=3.29 %
DiMuon From Higgs: pass=60576      all=67531      -- eff=89.70 % cumulative eff=2.95 %
LeptonChargeSum: pass=60554      all=60576      -- eff=99.96 % cumulative eff=2.95 %
[2025-11-08 10:56:29.063] [main] [info] Writing quantities map to /eos/user/j/jiahua/MC_2023_inc/Muon1_UL23C-24Jan2024_v4-v2/ed3588c4-510f-4ba0-9aee-7618d791c028_vbfhmm.root
[2025-11-08 10:56:29.370] [main] [info] Finished Evaluation
[2025-11-08 10:56:29.370] [main] [info] Overall runtime (real time: 154.43, CPU time: 76.73)
