000 (12769460.031.000) 11/08 10:41:09 Job submitted from host: <188.185.121.235:9618?addrs=188.185.121.235-9618+[2001-1458-d00-49--100-36e]-9618&alias=bigbird22.cern.ch&noUDP&sock=schedd_232129_c3ca>
...
040 (12769460.031.000) 11/08 10:52:48 Started transferring input files
	Transferring to host: <188.185.195.50:9618?addrs=188.185.195.50-9618+[2001-1458-303-22--100-2e]-9618&alias=b9p17p5911.cern.ch&noUDP&sock=slot1_7_6089_0051_45770>
...
040 (12769460.031.000) 11/08 10:52:48 Finished transferring input files
...
001 (12769460.031.000) 11/08 10:52:49 Job executing on host: <188.185.195.50:9618?addrs=188.185.195.50-9618+[2001-1458-303-22--100-2e]-9618&alias=b9p17p5911.cern.ch&noUDP&sock=startd_4679_fbb9>
	SlotName: slot1_7@b9p17p5911.cern.ch
	CondorScratchDir = "/pool/condor/dir_3380035"
	Cpus = 1
	Disk = 12952
	GPUs = 0
	Memory = 3000
...
006 (12769460.031.000) 11/08 10:53:02 Image size of job updated: 95344
	94  -  MemoryUsage of job (MB)
	95344  -  ResidentSetSize of job (KB)
...
006 (12769460.031.000) 11/08 10:54:04 Image size of job updated: 258360
	94  -  MemoryUsage of job (MB)
	95344  -  ResidentSetSize of job (KB)
...
040 (12769460.031.000) 11/08 10:54:04 Started transferring output files
...
040 (12769460.031.000) 11/08 10:54:04 Finished transferring output files
...
005 (12769460.031.000) 11/08 10:54:04 Job terminated.
	(1) Normal termination (return value 0)
		Usr 0 00:00:52, Sys 0 00:00:02  -  Run Remote Usage
		Usr 0 00:00:00, Sys 0 00:00:00  -  Run Local Usage
		Usr 0 00:00:52, Sys 0 00:00:02  -  Total Remote Usage
		Usr 0 00:00:00, Sys 0 00:00:00  -  Total Local Usage
	19957  -  Run Bytes Sent By Job
	10104412  -  Run Bytes Received By Job
	19957  -  Total Bytes Sent By Job
	10104412  -  Total Bytes Received By Job
	Partitionable Resources :    Usage  Request Allocated 
	   Cpus                 :        0        1         1 
	   Disk (KB)            :     9910    10000     12952 
	   GPUs                 :                           0 
	   Memory (MB)          :       94     3000      3000 
	   TimeExecute (s)      :       75                    
	   TimeSlotBusy (s)     :       76                    

	Job terminated of its own accord at 2025-11-08T09:54:04Z with exit-code 0.
...
