000 (12769457.007.000) 11/08 10:41:08 Job submitted from host: <188.185.121.235:9618?addrs=188.185.121.235-9618+[2001-1458-d00-49--100-36e]-9618&alias=bigbird22.cern.ch&noUDP&sock=schedd_232129_c3ca>
...
040 (12769457.007.000) 11/08 10:52:17 Started transferring input files
	Transferring to host: <188.185.212.227:9618?addrs=188.185.212.227-9618+[2001-1458-303-19--100-5f]-9618&alias=b9p26p8743.cern.ch&noUDP&sock=slot1_28_5335_bd72_9423>
...
040 (12769457.007.000) 11/08 10:52:17 Finished transferring input files
...
001 (12769457.007.000) 11/08 10:52:18 Job executing on host: <188.185.212.227:9618?addrs=188.185.212.227-9618+[2001-1458-303-19--100-5f]-9618&alias=b9p26p8743.cern.ch&noUDP&sock=startd_4305_734d>
	SlotName: slot1_28@b9p26p8743.cern.ch
	CondorScratchDir = "/pool/condor/dir_2659803"
	Cpus = 1
	Disk = 12888
	GPUs = 0
	Memory = 3000
...
006 (12769457.007.000) 11/08 10:52:31 Image size of job updated: 95744
	94  -  MemoryUsage of job (MB)
	95744  -  ResidentSetSize of job (KB)
...
006 (12769457.007.000) 11/08 10:54:03 Image size of job updated: 273108
	94  -  MemoryUsage of job (MB)
	95744  -  ResidentSetSize of job (KB)
...
040 (12769457.007.000) 11/08 10:54:03 Started transferring output files
...
040 (12769457.007.000) 11/08 10:54:03 Finished transferring output files
...
005 (12769457.007.000) 11/08 10:54:03 Job terminated.
	(1) Normal termination (return value 0)
		Usr 0 00:00:55, Sys 0 00:00:03  -  Run Remote Usage
		Usr 0 00:00:00, Sys 0 00:00:00  -  Run Local Usage
		Usr 0 00:00:55, Sys 0 00:00:03  -  Total Remote Usage
		Usr 0 00:00:00, Sys 0 00:00:00  -  Total Local Usage
	28239  -  Run Bytes Sent By Job
	10104412  -  Run Bytes Received By Job
	28239  -  Total Bytes Sent By Job
	10104412  -  Total Bytes Received By Job
	Partitionable Resources :    Usage  Request Allocated 
	   Cpus                 :        0        1         1 
	   Disk (KB)            :     9918    10000     12888 
	   GPUs                 :                           0 
	   Memory (MB)          :       94     3000      3000 
	   TimeExecute (s)      :      105                    
	   TimeSlotBusy (s)     :      106                    

	Job terminated of its own accord at 2025-11-08T09:54:03Z with exit-code 0.
...
