Starting job on \n
Running on: Linux b9p27p4324.cern.ch 5.14.0-570.44.1.el9_6.x86_64 #1 SMP PREEMPT_DYNAMIC Tue Sep 9 05:17:30 EDT 2025 x86_64 x86_64 x86_64 GNU/Linux\n
System software: Red Hat Enterprise Linux release 9.6 (Plow)\n
Setting up CROWN for RedHatEnterprise Version 9.6
subject   : /DC=ch/DC=cern/OU=Organic Units/OU=Users/CN=jiahua/CN=851532/CN=Jiahua Chen/CN=1735721823
issuer    : /DC=ch/DC=cern/OU=Organic Units/OU=Users/CN=jiahua/CN=851532/CN=Jiahua Chen
identity  : /DC=ch/DC=cern/OU=Organic Units/OU=Users/CN=jiahua/CN=851532/CN=Jiahua Chen
type      : RFC compliant proxy
strength  : 2048 bits
path      : /afs/cern.ch/user/j/jiahua/proxy/x509up_u139833
timeleft  : 196:46:02
key usage : Digital Signature, Key Encipherment
=== VO cms extension information ===
VO        : cms
subject   : /DC=ch/DC=cern/OU=Organic Units/OU=Users/CN=jiahua/CN=851532/CN=Jiahua Chen
issuer    : /DC=ch/DC=cern/OU=computers/CN=cms-auth.cern.ch
attribute : /cms/Role=NULL/Capability=NULL
timeleft  : 188:46:02
uri       : voms-cms-auth.cern.ch:15000
subject   : /DC=ch/DC=cern/OU=Organic Units/OU=Users/CN=jiahua/CN=851532/CN=Jiahua Chen/CN=1735721823
issuer    : /DC=ch/DC=cern/OU=Organic Units/OU=Users/CN=jiahua/CN=851532/CN=Jiahua Chen
identity  : /DC=ch/DC=cern/OU=Organic Units/OU=Users/CN=jiahua/CN=851532/CN=Jiahua Chen
type      : RFC compliant proxy
strength  : 2048 bits
path      : /afs/cern.ch/user/j/jiahua/proxy/x509up_u139833
timeleft  : 196:46:02
key usage : Digital Signature, Key Encipherment
=== VO cms extension information ===
VO        : cms
subject   : /DC=ch/DC=cern/OU=Organic Units/OU=Users/CN=jiahua/CN=851532/CN=Jiahua Chen
issuer    : /DC=ch/DC=cern/OU=computers/CN=cms-auth.cern.ch
attribute : /cms/Role=NULL/Capability=NULL
timeleft  : 188:46:02
uri       : voms-cms-auth.cern.ch:15000
/eos/user/j/jiahua/MC_2023_inc/Muon0_UL23C-24Jan2024_v4-v1/2b5b614d-0905-4e1a-bc52-0ce3b7e932a0.root
[2025-11-08 10:52:56.980] [main] [info] Checking input files
[2025-11-08 10:53:01.853] [main] [info] NanoAOD input_file 1: root://cms-xrd-global.cern.ch//store/data/Run2023C/Muon0/NANOAOD/24Jan2024_v4-v1/2820000/2b5b614d-0905-4e1a-bc52-0ce3b7e932a0.root - 2148228 Events
[2025-11-08 10:53:01.882] [main] [info] input_file 1: root://cms-xrd-global.cern.ch//store/data/Run2023C/Muon0/NANOAOD/24Jan2024_v4-v1/2820000/2b5b614d-0905-4e1a-bc52-0ce3b7e932a0.root - SumOfGenWeight: 7.64845684069145e-309 
[2025-11-08 10:53:01.882] [main] [info] Output directory: /eos/user/j/jiahua/MC_2023_inc/Muon0_UL23C-24Jan2024_v4-v1/2b5b614d-0905-4e1a-bc52-0ce3b7e932a0.root
[2025-11-08 10:53:01.886] [main] [info] Starting Setup of Dataframe with 2148228 events
[2025-11-08 10:53:03.080] [main] [info] Finished Setup
[2025-11-08 10:53:03.080] [main] [info] Runtime for setup (real time: 1.20, CPU time: 0.83)
[2025-11-08 10:53:03.080] [main] [info] Starting Evaluation
[2025-11-08 10:53:11.310] [main] [info] 10000 / 2148228 (0.47 %) Events processed ...
[2025-11-08 10:53:11.520] [main] [info] 20000 / 2148228 (0.93 %) Events processed ...
[2025-11-08 10:53:11.742] [main] [info] 30000 / 2148228 (1.40 %) Events processed ...
[2025-11-08 10:53:12.069] [main] [info] 40000 / 2148228 (1.86 %) Events processed ...
[2025-11-08 10:53:12.285] [main] [info] 50000 / 2148228 (2.33 %) Events processed ...
[2025-11-08 10:53:12.497] [main] [info] 60000 / 2148228 (2.79 %) Events processed ...
[2025-11-08 10:53:12.729] [main] [info] 70000 / 2148228 (3.26 %) Events processed ...
[2025-11-08 10:53:13.544] [main] [info] 80000 / 2148228 (3.72 %) Events processed ...
[2025-11-08 10:53:13.759] [main] [info] 90000 / 2148228 (4.19 %) Events processed ...
[2025-11-08 10:53:13.978] [main] [info] 100000 / 2148228 (4.65 %) Events processed ...
[2025-11-08 10:53:14.204] [main] [info] 110000 / 2148228 (5.12 %) Events processed ...
[2025-11-08 10:53:14.533] [main] [info] 120000 / 2148228 (5.59 %) Events processed ...
[2025-11-08 10:53:14.745] [main] [info] 130000 / 2148228 (6.05 %) Events processed ...
[2025-11-08 10:53:14.953] [main] [info] 140000 / 2148228 (6.52 %) Events processed ...
[2025-11-08 10:53:15.818] [main] [info] 150000 / 2148228 (6.98 %) Events processed ...
[2025-11-08 10:53:16.030] [main] [info] 160000 / 2148228 (7.45 %) Events processed ...
[2025-11-08 10:53:16.246] [main] [info] 170000 / 2148228 (7.91 %) Events processed ...
[2025-11-08 10:53:16.472] [main] [info] 180000 / 2148228 (8.38 %) Events processed ...
[2025-11-08 10:53:16.772] [main] [info] 190000 / 2148228 (8.84 %) Events processed ...
[2025-11-08 10:53:16.962] [main] [info] 200000 / 2148228 (9.31 %) Events processed ...
[2025-11-08 10:53:17.149] [main] [info] 210000 / 2148228 (9.78 %) Events processed ...
[2025-11-08 10:53:17.358] [main] [info] 220000 / 2148228 (10.24 %) Events processed ...
[2025-11-08 10:53:18.580] [main] [info] 230000 / 2148228 (10.71 %) Events processed ...
[2025-11-08 10:53:18.794] [main] [info] 240000 / 2148228 (11.17 %) Events processed ...
[2025-11-08 10:53:19.000] [main] [info] 250000 / 2148228 (11.64 %) Events processed ...
[2025-11-08 10:53:19.315] [main] [info] 260000 / 2148228 (12.10 %) Events processed ...
[2025-11-08 10:53:19.538] [main] [info] 270000 / 2148228 (12.57 %) Events processed ...
[2025-11-08 10:53:19.707] [main] [info] 280000 / 2148228 (13.03 %) Events processed ...
[2025-11-08 10:53:19.949] [main] [info] 290000 / 2148228 (13.50 %) Events processed ...
[2025-11-08 10:53:20.758] [main] [info] 300000 / 2148228 (13.96 %) Events processed ...
[2025-11-08 10:53:20.958] [main] [info] 310000 / 2148228 (14.43 %) Events processed ...
[2025-11-08 10:53:21.152] [main] [info] 320000 / 2148228 (14.90 %) Events processed ...
[2025-11-08 10:53:21.354] [main] [info] 330000 / 2148228 (15.36 %) Events processed ...
[2025-11-08 10:53:21.633] [main] [info] 340000 / 2148228 (15.83 %) Events processed ...
[2025-11-08 10:53:21.833] [main] [info] 350000 / 2148228 (16.29 %) Events processed ...
[2025-11-08 10:53:22.020] [main] [info] 360000 / 2148228 (16.76 %) Events processed ...
[2025-11-08 10:53:22.681] [main] [info] 370000 / 2148228 (17.22 %) Events processed ...
[2025-11-08 10:53:22.822] [main] [info] 380000 / 2148228 (17.69 %) Events processed ...
[2025-11-08 10:53:22.970] [main] [info] 390000 / 2148228 (18.15 %) Events processed ...
[2025-11-08 10:53:23.144] [main] [info] 400000 / 2148228 (18.62 %) Events processed ...
[2025-11-08 10:53:23.453] [main] [info] 410000 / 2148228 (19.09 %) Events processed ...
[2025-11-08 10:53:23.661] [main] [info] 420000 / 2148228 (19.55 %) Events processed ...
[2025-11-08 10:53:23.870] [main] [info] 430000 / 2148228 (20.02 %) Events processed ...
[2025-11-08 10:53:24.094] [main] [info] 440000 / 2148228 (20.48 %) Events processed ...
[2025-11-08 10:53:24.882] [main] [info] 450000 / 2148228 (20.95 %) Events processed ...
[2025-11-08 10:53:25.090] [main] [info] 460000 / 2148228 (21.41 %) Events processed ...
[2025-11-08 10:53:25.309] [main] [info] 470000 / 2148228 (21.88 %) Events processed ...
[2025-11-08 10:53:25.629] [main] [info] 480000 / 2148228 (22.34 %) Events processed ...
[2025-11-08 10:53:25.831] [main] [info] 490000 / 2148228 (22.81 %) Events processed ...
[2025-11-08 10:53:26.126] [main] [info] 500000 / 2148228 (23.27 %) Events processed ...
[2025-11-08 10:53:26.354] [main] [info] 510000 / 2148228 (23.74 %) Events processed ...
[2025-11-08 10:53:27.715] [main] [info] 520000 / 2148228 (24.21 %) Events processed ...
[2025-11-08 10:53:27.927] [main] [info] 530000 / 2148228 (24.67 %) Events processed ...
[2025-11-08 10:53:28.135] [main] [info] 540000 / 2148228 (25.14 %) Events processed ...
[2025-11-08 10:53:28.329] [main] [info] 550000 / 2148228 (25.60 %) Events processed ...
[2025-11-08 10:53:28.549] [main] [info] 560000 / 2148228 (26.07 %) Events processed ...
[2025-11-08 10:53:28.693] [main] [info] 570000 / 2148228 (26.53 %) Events processed ...
[2025-11-08 10:53:28.843] [main] [info] 580000 / 2148228 (27.00 %) Events processed ...
[2025-11-08 10:53:29.927] [main] [info] 590000 / 2148228 (27.46 %) Events processed ...
[2025-11-08 10:53:30.092] [main] [info] 600000 / 2148228 (27.93 %) Events processed ...
[2025-11-08 10:53:30.234] [main] [info] 610000 / 2148228 (28.40 %) Events processed ...
[2025-11-08 10:53:30.393] [main] [info] 620000 / 2148228 (28.86 %) Events processed ...
[2025-11-08 10:53:30.610] [main] [info] 630000 / 2148228 (29.33 %) Events processed ...
[2025-11-08 10:53:30.763] [main] [info] 640000 / 2148228 (29.79 %) Events processed ...
[2025-11-08 10:53:30.912] [main] [info] 650000 / 2148228 (30.26 %) Events processed ...
[2025-11-08 10:53:31.861] [main] [info] 660000 / 2148228 (30.72 %) Events processed ...
[2025-11-08 10:53:32.175] [main] [info] 670000 / 2148228 (31.19 %) Events processed ...
[2025-11-08 10:53:32.393] [main] [info] 680000 / 2148228 (31.65 %) Events processed ...
[2025-11-08 10:53:32.607] [main] [info] 690000 / 2148228 (32.12 %) Events processed ...
[2025-11-08 10:53:32.851] [main] [info] 700000 / 2148228 (32.58 %) Events processed ...
[2025-11-08 10:53:32.995] [main] [info] 710000 / 2148228 (33.05 %) Events processed ...
[2025-11-08 10:53:33.156] [main] [info] 720000 / 2148228 (33.52 %) Events processed ...
[2025-11-08 10:53:33.907] [main] [info] 730000 / 2148228 (33.98 %) Events processed ...
[2025-11-08 10:53:34.217] [main] [info] 740000 / 2148228 (34.45 %) Events processed ...
[2025-11-08 10:53:34.424] [main] [info] 750000 / 2148228 (34.91 %) Events processed ...
[2025-11-08 10:53:34.639] [main] [info] 760000 / 2148228 (35.38 %) Events processed ...
[2025-11-08 10:53:34.867] [main] [info] 770000 / 2148228 (35.84 %) Events processed ...
[2025-11-08 10:53:35.250] [main] [info] 780000 / 2148228 (36.31 %) Events processed ...
[2025-11-08 10:53:35.455] [main] [info] 790000 / 2148228 (36.77 %) Events processed ...
[2025-11-08 10:53:36.387] [main] [info] 800000 / 2148228 (37.24 %) Events processed ...
[2025-11-08 10:53:36.706] [main] [info] 810000 / 2148228 (37.71 %) Events processed ...
[2025-11-08 10:53:36.916] [main] [info] 820000 / 2148228 (38.17 %) Events processed ...
[2025-11-08 10:53:37.125] [main] [info] 830000 / 2148228 (38.64 %) Events processed ...
[2025-11-08 10:53:37.356] [main] [info] 840000 / 2148228 (39.10 %) Events processed ...
[2025-11-08 10:53:37.665] [main] [info] 850000 / 2148228 (39.57 %) Events processed ...
[2025-11-08 10:53:37.871] [main] [info] 860000 / 2148228 (40.03 %) Events processed ...
[2025-11-08 10:53:38.645] [main] [info] 870000 / 2148228 (40.50 %) Events processed ...
[2025-11-08 10:53:38.869] [main] [info] 880000 / 2148228 (40.96 %) Events processed ...
[2025-11-08 10:53:39.167] [main] [info] 890000 / 2148228 (41.43 %) Events processed ...
[2025-11-08 10:53:39.363] [main] [info] 900000 / 2148228 (41.89 %) Events processed ...
[2025-11-08 10:53:39.587] [main] [info] 910000 / 2148228 (42.36 %) Events processed ...
[2025-11-08 10:53:39.933] [main] [info] 920000 / 2148228 (42.83 %) Events processed ...
[2025-11-08 10:53:40.142] [main] [info] 930000 / 2148228 (43.29 %) Events processed ...
[2025-11-08 10:53:40.816] [main] [info] 940000 / 2148228 (43.76 %) Events processed ...
[2025-11-08 10:53:41.040] [main] [info] 950000 / 2148228 (44.22 %) Events processed ...
[2025-11-08 10:53:41.331] [main] [info] 960000 / 2148228 (44.69 %) Events processed ...
[2025-11-08 10:53:41.530] [main] [info] 970000 / 2148228 (45.15 %) Events processed ...
[2025-11-08 10:53:41.728] [main] [info] 980000 / 2148228 (45.62 %) Events processed ...
[2025-11-08 10:53:41.936] [main] [info] 990000 / 2148228 (46.08 %) Events processed ...
[2025-11-08 10:53:42.238] [main] [info] 1000000 / 2148228 (46.55 %) Events processed ...
[2025-11-08 10:53:42.856] [main] [info] 1010000 / 2148228 (47.02 %) Events processed ...
[2025-11-08 10:53:43.053] [main] [info] 1020000 / 2148228 (47.48 %) Events processed ...
[2025-11-08 10:53:43.361] [main] [info] 1030000 / 2148228 (47.95 %) Events processed ...
[2025-11-08 10:53:43.635] [main] [info] 1040000 / 2148228 (48.41 %) Events processed ...
[2025-11-08 10:53:43.853] [main] [info] 1050000 / 2148228 (48.88 %) Events processed ...
[2025-11-08 10:53:44.080] [main] [info] 1060000 / 2148228 (49.34 %) Events processed ...
[2025-11-08 10:53:44.298] [main] [info] 1070000 / 2148228 (49.81 %) Events processed ...
[2025-11-08 10:53:45.211] [main] [info] 1080000 / 2148228 (50.27 %) Events processed ...
[2025-11-08 10:53:45.426] [main] [info] 1090000 / 2148228 (50.74 %) Events processed ...
[2025-11-08 10:53:45.666] [main] [info] 1100000 / 2148228 (51.20 %) Events processed ...
[2025-11-08 10:53:45.946] [main] [info] 1110000 / 2148228 (51.67 %) Events processed ...
[2025-11-08 10:53:46.134] [main] [info] 1120000 / 2148228 (52.14 %) Events processed ...
[2025-11-08 10:53:46.320] [main] [info] 1130000 / 2148228 (52.60 %) Events processed ...
[2025-11-08 10:53:46.615] [main] [info] 1140000 / 2148228 (53.07 %) Events processed ...
[2025-11-08 10:53:47.213] [main] [info] 1150000 / 2148228 (53.53 %) Events processed ...
[2025-11-08 10:53:47.400] [main] [info] 1160000 / 2148228 (54.00 %) Events processed ...
[2025-11-08 10:53:47.596] [main] [info] 1170000 / 2148228 (54.46 %) Events processed ...
[2025-11-08 10:53:47.828] [main] [info] 1180000 / 2148228 (54.93 %) Events processed ...
[2025-11-08 10:53:48.002] [main] [info] 1190000 / 2148228 (55.39 %) Events processed ...
[2025-11-08 10:53:48.213] [main] [info] 1200000 / 2148228 (55.86 %) Events processed ...
[2025-11-08 10:53:48.442] [main] [info] 1210000 / 2148228 (56.33 %) Events processed ...
[2025-11-08 10:53:49.165] [main] [info] 1220000 / 2148228 (56.79 %) Events processed ...
[2025-11-08 10:53:49.355] [main] [info] 1230000 / 2148228 (57.26 %) Events processed ...
[2025-11-08 10:53:49.553] [main] [info] 1240000 / 2148228 (57.72 %) Events processed ...
[2025-11-08 10:53:49.881] [main] [info] 1250000 / 2148228 (58.19 %) Events processed ...
[2025-11-08 10:53:50.090] [main] [info] 1260000 / 2148228 (58.65 %) Events processed ...
[2025-11-08 10:53:50.299] [main] [info] 1270000 / 2148228 (59.12 %) Events processed ...
[2025-11-08 10:53:50.518] [main] [info] 1280000 / 2148228 (59.58 %) Events processed ...
[2025-11-08 10:53:51.310] [main] [info] 1290000 / 2148228 (60.05 %) Events processed ...
[2025-11-08 10:53:51.521] [main] [info] 1300000 / 2148228 (60.51 %) Events processed ...
[2025-11-08 10:53:51.790] [main] [info] 1310000 / 2148228 (60.98 %) Events processed ...
[2025-11-08 10:53:52.010] [main] [info] 1320000 / 2148228 (61.45 %) Events processed ...
[2025-11-08 10:53:52.311] [main] [info] 1330000 / 2148228 (61.91 %) Events processed ...
[2025-11-08 10:53:52.506] [main] [info] 1340000 / 2148228 (62.38 %) Events processed ...
[2025-11-08 10:53:52.711] [main] [info] 1350000 / 2148228 (62.84 %) Events processed ...
[2025-11-08 10:53:53.519] [main] [info] 1360000 / 2148228 (63.31 %) Events processed ...
[2025-11-08 10:53:53.727] [main] [info] 1370000 / 2148228 (63.77 %) Events processed ...
[2025-11-08 10:53:53.948] [main] [info] 1380000 / 2148228 (64.24 %) Events processed ...
[2025-11-08 10:53:54.175] [main] [info] 1390000 / 2148228 (64.70 %) Events processed ...
[2025-11-08 10:53:54.459] [main] [info] 1400000 / 2148228 (65.17 %) Events processed ...
[2025-11-08 10:53:54.655] [main] [info] 1410000 / 2148228 (65.64 %) Events processed ...
[2025-11-08 10:53:54.854] [main] [info] 1420000 / 2148228 (66.10 %) Events processed ...
[2025-11-08 10:53:55.085] [main] [info] 1430000 / 2148228 (66.57 %) Events processed ...
[2025-11-08 10:53:55.836] [main] [info] 1440000 / 2148228 (67.03 %) Events processed ...
[2025-11-08 10:53:56.040] [main] [info] 1450000 / 2148228 (67.50 %) Events processed ...
[2025-11-08 10:53:56.250] [main] [info] 1460000 / 2148228 (67.96 %) Events processed ...
[2025-11-08 10:53:56.574] [main] [info] 1470000 / 2148228 (68.43 %) Events processed ...
[2025-11-08 10:53:56.777] [main] [info] 1480000 / 2148228 (68.89 %) Events processed ...
[2025-11-08 10:53:56.976] [main] [info] 1490000 / 2148228 (69.36 %) Events processed ...
[2025-11-08 10:53:57.050] [main] [info] 1500000 / 2148228 (69.82 %) Events processed ...
[2025-11-08 10:53:57.805] [main] [info] 1510000 / 2148228 (70.29 %) Events processed ...
[2025-11-08 10:53:58.032] [main] [info] 1520000 / 2148228 (70.76 %) Events processed ...
[2025-11-08 10:53:58.247] [main] [info] 1530000 / 2148228 (71.22 %) Events processed ...
[2025-11-08 10:53:58.478] [main] [info] 1540000 / 2148228 (71.69 %) Events processed ...
[2025-11-08 10:53:58.799] [main] [info] 1550000 / 2148228 (72.15 %) Events processed ...
[2025-11-08 10:53:59.004] [main] [info] 1560000 / 2148228 (72.62 %) Events processed ...
[2025-11-08 10:53:59.216] [main] [info] 1570000 / 2148228 (73.08 %) Events processed ...
[2025-11-08 10:53:59.999] [main] [info] 1580000 / 2148228 (73.55 %) Events processed ...
[2025-11-08 10:54:00.201] [main] [info] 1590000 / 2148228 (74.01 %) Events processed ...
[2025-11-08 10:54:00.468] [main] [info] 1600000 / 2148228 (74.48 %) Events processed ...
[2025-11-08 10:54:00.694] [main] [info] 1610000 / 2148228 (74.95 %) Events processed ...
[2025-11-08 10:54:00.995] [main] [info] 1620000 / 2148228 (75.41 %) Events processed ...
[2025-11-08 10:54:01.177] [main] [info] 1630000 / 2148228 (75.88 %) Events processed ...
[2025-11-08 10:54:01.319] [main] [info] 1640000 / 2148228 (76.34 %) Events processed ...
[2025-11-08 10:54:02.300] [main] [info] 1650000 / 2148228 (76.81 %) Events processed ...
[2025-11-08 10:54:02.582] [main] [info] 1660000 / 2148228 (77.27 %) Events processed ...
[2025-11-08 10:54:02.727] [main] [info] 1670000 / 2148228 (77.74 %) Events processed ...
[2025-11-08 10:54:02.884] [main] [info] 1680000 / 2148228 (78.20 %) Events processed ...
[2025-11-08 10:54:03.117] [main] [info] 1690000 / 2148228 (78.67 %) Events processed ...
[2025-11-08 10:54:03.265] [main] [info] 1700000 / 2148228 (79.13 %) Events processed ...
[2025-11-08 10:54:03.411] [main] [info] 1710000 / 2148228 (79.60 %) Events processed ...
[2025-11-08 10:54:04.147] [main] [info] 1720000 / 2148228 (80.07 %) Events processed ...
[2025-11-08 10:54:04.431] [main] [info] 1730000 / 2148228 (80.53 %) Events processed ...
[2025-11-08 10:54:04.625] [main] [info] 1740000 / 2148228 (81.00 %) Events processed ...
[2025-11-08 10:54:04.816] [main] [info] 1750000 / 2148228 (81.46 %) Events processed ...
[2025-11-08 10:54:05.027] [main] [info] 1760000 / 2148228 (81.93 %) Events processed ...
[2025-11-08 10:54:05.331] [main] [info] 1770000 / 2148228 (82.39 %) Events processed ...
[2025-11-08 10:54:05.538] [main] [info] 1780000 / 2148228 (82.86 %) Events processed ...
[2025-11-08 10:54:06.396] [main] [info] 1790000 / 2148228 (83.32 %) Events processed ...
[2025-11-08 10:54:06.699] [main] [info] 1800000 / 2148228 (83.79 %) Events processed ...
[2025-11-08 10:54:06.842] [main] [info] 1810000 / 2148228 (84.26 %) Events processed ...
[2025-11-08 10:54:06.988] [main] [info] 1820000 / 2148228 (84.72 %) Events processed ...
[2025-11-08 10:54:07.176] [main] [info] 1830000 / 2148228 (85.19 %) Events processed ...
[2025-11-08 10:54:07.473] [main] [info] 1840000 / 2148228 (85.65 %) Events processed ...
[2025-11-08 10:54:07.661] [main] [info] 1850000 / 2148228 (86.12 %) Events processed ...
[2025-11-08 10:54:08.513] [main] [info] 1860000 / 2148228 (86.58 %) Events processed ...
[2025-11-08 10:54:08.699] [main] [info] 1870000 / 2148228 (87.05 %) Events processed ...
[2025-11-08 10:54:08.920] [main] [info] 1880000 / 2148228 (87.51 %) Events processed ...
[2025-11-08 10:54:09.072] [main] [info] 1890000 / 2148228 (87.98 %) Events processed ...
[2025-11-08 10:54:09.218] [main] [info] 1900000 / 2148228 (88.44 %) Events processed ...
[2025-11-08 10:54:09.233] [main] [info] 1910000 / 2148228 (88.91 %) Events processed ...
[2025-11-08 10:54:09.238] [main] [info] 1920000 / 2148228 (89.38 %) Events processed ...
[2025-11-08 10:54:09.855] [main] [info] 1930000 / 2148228 (89.84 %) Events processed ...
[2025-11-08 10:54:10.051] [main] [info] 1940000 / 2148228 (90.31 %) Events processed ...
[2025-11-08 10:54:10.348] [main] [info] 1950000 / 2148228 (90.77 %) Events processed ...
[2025-11-08 10:54:10.495] [main] [info] 1960000 / 2148228 (91.24 %) Events processed ...
[2025-11-08 10:54:10.655] [main] [info] 1970000 / 2148228 (91.70 %) Events processed ...
[2025-11-08 10:54:10.864] [main] [info] 1980000 / 2148228 (92.17 %) Events processed ...
[2025-11-08 10:54:11.101] [main] [info] 1990000 / 2148228 (92.63 %) Events processed ...
[2025-11-08 10:54:11.623] [main] [info] 2000000 / 2148228 (93.10 %) Events processed ...
[2025-11-08 10:54:11.786] [main] [info] 2010000 / 2148228 (93.57 %) Events processed ...
[2025-11-08 10:54:12.023] [main] [info] 2020000 / 2148228 (94.03 %) Events processed ...
[2025-11-08 10:54:12.176] [main] [info] 2030000 / 2148228 (94.50 %) Events processed ...
[2025-11-08 10:54:12.325] [main] [info] 2040000 / 2148228 (94.96 %) Events processed ...
[2025-11-08 10:54:12.486] [main] [info] 2050000 / 2148228 (95.43 %) Events processed ...
[2025-11-08 10:54:12.723] [main] [info] 2060000 / 2148228 (95.89 %) Events processed ...
[2025-11-08 10:54:13.310] [main] [info] 2070000 / 2148228 (96.36 %) Events processed ...
[2025-11-08 10:54:13.518] [main] [info] 2080000 / 2148228 (96.82 %) Events processed ...
[2025-11-08 10:54:13.747] [main] [info] 2090000 / 2148228 (97.29 %) Events processed ...
[2025-11-08 10:54:14.055] [main] [info] 2100000 / 2148228 (97.75 %) Events processed ...
[2025-11-08 10:54:14.261] [main] [info] 2110000 / 2148228 (98.22 %) Events processed ...
[2025-11-08 10:54:14.471] [main] [info] 2120000 / 2148228 (98.69 %) Events processed ...
[2025-11-08 10:54:14.801] [main] [info] 2130000 / 2148228 (99.15 %) Events processed ...
[2025-11-08 10:54:15.242] [main] [info] 2140000 / 2148228 (99.62 %) Events processed ...
[2025-11-08 10:54:15.547] [main] [info] vbfhmm:
GoldenJSONFilter: pass=2096989    all=2148228    -- eff=97.61 % cumulative eff=97.61 %
Flag_goodVertices: pass=2093275    all=2096989    -- eff=99.82 % cumulative eff=97.44 %
Flag_globalSuperTightHalo2016Filter: pass=2092694    all=2093275    -- eff=99.97 % cumulative eff=97.41 %
Flag_EcalDeadCellTriggerPrimitiveFilter: pass=2092608    all=2092694    -- eff=100.00 % cumulative eff=97.41 %
Flag_BadPFMuonFilter: pass=2091400    all=2092608    -- eff=99.94 % cumulative eff=97.35 %
Flag_BadPFMuonDzFilter: pass=2090990    all=2091400    -- eff=99.98 % cumulative eff=97.34 %
Flag_eeBadScFilter: pass=2090990    all=2090990    -- eff=100.00 % cumulative eff=97.34 %
Flag_ecalBadCalibFilter: pass=2090846    all=2090990    -- eff=99.99 % cumulative eff=97.33 %
Flag_hfNoisyHitsFilter: pass=2087145    all=2090846    -- eff=99.82 % cumulative eff=97.16 %
Number of muons 2: pass=71310      all=2087145    -- eff=3.42 % cumulative eff=3.32 %
DiMuon From Higgs: pass=64007      all=71310      -- eff=89.76 % cumulative eff=2.98 %
LeptonChargeSum: pass=63984      all=64007      -- eff=99.96 % cumulative eff=2.98 %
[2025-11-08 10:54:15.657] [main] [info] Writing quantities map to /eos/user/j/jiahua/MC_2023_inc/Muon0_UL23C-24Jan2024_v4-v1/2b5b614d-0905-4e1a-bc52-0ce3b7e932a0_vbfhmm.root
[2025-11-08 10:54:15.809] [main] [info] Finished Evaluation
[2025-11-08 10:54:15.810] [main] [info] Overall runtime (real time: 73.93, CPU time: 54.83)
