000 (12769457.010.000) 11/08 10:41:08 Job submitted from host: <188.185.121.235:9618?addrs=188.185.121.235-9618+[2001-1458-d00-49--100-36e]-9618&alias=bigbird22.cern.ch&noUDP&sock=schedd_232129_c3ca>
...
040 (12769457.010.000) 11/08 10:52:18 Started transferring input files
	Transferring to host: <188.185.212.229:9618?addrs=188.185.212.229-9618+[2001-1458-303-19--100-61]-9618&alias=b9p26p7296.cern.ch&noUDP&sock=slot1_32_7225_6a7f_49692>
...
040 (12769457.010.000) 11/08 10:52:18 Finished transferring input files
...
001 (12769457.010.000) 11/08 10:52:19 Job executing on host: <188.185.212.229:9618?addrs=188.185.212.229-9618+[2001-1458-303-19--100-61]-9618&alias=b9p26p7296.cern.ch&noUDP&sock=startd_6352_85aa>
	SlotName: slot1_32@b9p26p7296.cern.ch
	CondorScratchDir = "/pool/condor/dir_4155991"
	Cpus = 1
	Disk = 12833
	GPUs = 0
	Memory = 3000
...
006 (12769457.010.000) 11/08 10:52:32 Image size of job updated: 120756
	118  -  MemoryUsage of job (MB)
	120756  -  ResidentSetSize of job (KB)
...
006 (12769457.010.000) 11/08 10:54:09 Image size of job updated: 272196
	118  -  MemoryUsage of job (MB)
	120756  -  ResidentSetSize of job (KB)
...
040 (12769457.010.000) 11/08 10:54:09 Started transferring output files
...
040 (12769457.010.000) 11/08 10:54:09 Finished transferring output files
...
005 (12769457.010.000) 11/08 10:54:09 Job terminated.
	(1) Normal termination (return value 0)
		Usr 0 00:00:57, Sys 0 00:00:03  -  Run Remote Usage
		Usr 0 00:00:00, Sys 0 00:00:00  -  Run Local Usage
		Usr 0 00:00:57, Sys 0 00:00:03  -  Total Remote Usage
		Usr 0 00:00:00, Sys 0 00:00:00  -  Total Local Usage
	27795  -  Run Bytes Sent By Job
	10104412  -  Run Bytes Received By Job
	27795  -  Total Bytes Sent By Job
	10104412  -  Total Bytes Received By Job
	Partitionable Resources :    Usage  Request Allocated 
	   Cpus                 :        0        1         1 
	   Disk (KB)            :     9918    10000     12833 
	   GPUs                 :                           0 
	   Memory (MB)          :      118     3000      3000 
	   TimeExecute (s)      :      110                    
	   TimeSlotBusy (s)     :      111                    

	Job terminated of its own accord at 2025-11-08T09:54:09Z with exit-code 0.
...
