Starting job on \n
Running on: Linux b9p26p4110.cern.ch 5.14.0-570.55.1.el9_6.x86_64 #1 SMP PREEMPT_DYNAMIC Tue Oct 14 01:03:55 EDT 2025 x86_64 x86_64 x86_64 GNU/Linux\n
System software: Red Hat Enterprise Linux release 9.6 (Plow)\n
Setting up CROWN for RedHatEnterprise Version 9.6
subject   : /DC=ch/DC=cern/OU=Organic Units/OU=Users/CN=jiahua/CN=851532/CN=Jiahua Chen/CN=1735721823
issuer    : /DC=ch/DC=cern/OU=Organic Units/OU=Users/CN=jiahua/CN=851532/CN=Jiahua Chen
identity  : /DC=ch/DC=cern/OU=Organic Units/OU=Users/CN=jiahua/CN=851532/CN=Jiahua Chen
type      : RFC compliant proxy
strength  : 2048 bits
path      : /afs/cern.ch/user/j/jiahua/proxy/x509up_u139833
timeleft  : 196:45:48
key usage : Digital Signature, Key Encipherment
=== VO cms extension information ===
VO        : cms
subject   : /DC=ch/DC=cern/OU=Organic Units/OU=Users/CN=jiahua/CN=851532/CN=Jiahua Chen
issuer    : /DC=ch/DC=cern/OU=computers/CN=cms-auth.cern.ch
attribute : /cms/Role=NULL/Capability=NULL
timeleft  : 188:45:48
uri       : voms-cms-auth.cern.ch:15000
subject   : /DC=ch/DC=cern/OU=Organic Units/OU=Users/CN=jiahua/CN=851532/CN=Jiahua Chen/CN=1735721823
issuer    : /DC=ch/DC=cern/OU=Organic Units/OU=Users/CN=jiahua/CN=851532/CN=Jiahua Chen
identity  : /DC=ch/DC=cern/OU=Organic Units/OU=Users/CN=jiahua/CN=851532/CN=Jiahua Chen
type      : RFC compliant proxy
strength  : 2048 bits
path      : /afs/cern.ch/user/j/jiahua/proxy/x509up_u139833
timeleft  : 196:45:48
key usage : Digital Signature, Key Encipherment
=== VO cms extension information ===
VO        : cms
subject   : /DC=ch/DC=cern/OU=Organic Units/OU=Users/CN=jiahua/CN=851532/CN=Jiahua Chen
issuer    : /DC=ch/DC=cern/OU=computers/CN=cms-auth.cern.ch
attribute : /cms/Role=NULL/Capability=NULL
timeleft  : 188:45:48
uri       : voms-cms-auth.cern.ch:15000
/eos/user/j/jiahua/MC_2023_inc/Muon0_UL23C-24Jan2024_v4-v1/79210993-4d1a-40aa-8d91-d10f94bed905.root
[2025-11-08 10:53:11.237] [main] [info] Checking input files
[2025-11-08 10:53:16.071] [main] [info] NanoAOD input_file 1: root://cms-xrd-global.cern.ch//store/data/Run2023C/Muon0/NANOAOD/24Jan2024_v4-v1/2820000/79210993-4d1a-40aa-8d91-d10f94bed905.root - 980156 Events
[2025-11-08 10:53:16.086] [main] [info] input_file 1: root://cms-xrd-global.cern.ch//store/data/Run2023C/Muon0/NANOAOD/24Jan2024_v4-v1/2820000/79210993-4d1a-40aa-8d91-d10f94bed905.root - SumOfGenWeight: 1.112476228621551e-308 
[2025-11-08 10:53:16.086] [main] [info] Output directory: /eos/user/j/jiahua/MC_2023_inc/Muon0_UL23C-24Jan2024_v4-v1/79210993-4d1a-40aa-8d91-d10f94bed905.root
[2025-11-08 10:53:16.087] [main] [info] Starting Setup of Dataframe with 980156 events
[2025-11-08 10:53:17.227] [main] [info] Finished Setup
[2025-11-08 10:53:17.227] [main] [info] Runtime for setup (real time: 1.14, CPU time: 0.78)
[2025-11-08 10:53:17.227] [main] [info] Starting Evaluation
[2025-11-08 10:53:24.004] [main] [info] 10000 / 980156 (1.02 %) Events processed ...
[2025-11-08 10:53:24.155] [main] [info] 20000 / 980156 (2.04 %) Events processed ...
[2025-11-08 10:53:24.317] [main] [info] 30000 / 980156 (3.06 %) Events processed ...
[2025-11-08 10:53:24.562] [main] [info] 40000 / 980156 (4.08 %) Events processed ...
[2025-11-08 10:53:24.751] [main] [info] 50000 / 980156 (5.10 %) Events processed ...
[2025-11-08 10:53:24.953] [main] [info] 60000 / 980156 (6.12 %) Events processed ...
[2025-11-08 10:53:25.826] [main] [info] 70000 / 980156 (7.14 %) Events processed ...
[2025-11-08 10:53:25.976] [main] [info] 80000 / 980156 (8.16 %) Events processed ...
[2025-11-08 10:53:26.128] [main] [info] 90000 / 980156 (9.18 %) Events processed ...
[2025-11-08 10:53:26.380] [main] [info] 100000 / 980156 (10.20 %) Events processed ...
[2025-11-08 10:53:26.529] [main] [info] 110000 / 980156 (11.22 %) Events processed ...
[2025-11-08 10:53:26.678] [main] [info] 120000 / 980156 (12.24 %) Events processed ...
[2025-11-08 10:53:26.906] [main] [info] 130000 / 980156 (13.26 %) Events processed ...
[2025-11-08 10:53:27.672] [main] [info] 140000 / 980156 (14.28 %) Events processed ...
[2025-11-08 10:53:27.875] [main] [info] 150000 / 980156 (15.30 %) Events processed ...
[2025-11-08 10:53:28.188] [main] [info] 160000 / 980156 (16.32 %) Events processed ...
[2025-11-08 10:53:28.358] [main] [info] 170000 / 980156 (17.34 %) Events processed ...
[2025-11-08 10:53:28.504] [main] [info] 180000 / 980156 (18.36 %) Events processed ...
[2025-11-08 10:53:28.734] [main] [info] 190000 / 980156 (19.38 %) Events processed ...
[2025-11-08 10:53:28.877] [main] [info] 200000 / 980156 (20.40 %) Events processed ...
[2025-11-08 10:53:29.667] [main] [info] 210000 / 980156 (21.43 %) Events processed ...
[2025-11-08 10:53:29.992] [main] [info] 220000 / 980156 (22.45 %) Events processed ...
[2025-11-08 10:53:30.195] [main] [info] 230000 / 980156 (23.47 %) Events processed ...
[2025-11-08 10:53:30.393] [main] [info] 240000 / 980156 (24.49 %) Events processed ...
[2025-11-08 10:53:30.694] [main] [info] 250000 / 980156 (25.51 %) Events processed ...
[2025-11-08 10:53:30.845] [main] [info] 260000 / 980156 (26.53 %) Events processed ...
[2025-11-08 10:53:31.056] [main] [info] 270000 / 980156 (27.55 %) Events processed ...
[2025-11-08 10:53:32.101] [main] [info] 280000 / 980156 (28.57 %) Events processed ...
[2025-11-08 10:53:32.397] [main] [info] 290000 / 980156 (29.59 %) Events processed ...
[2025-11-08 10:53:32.580] [main] [info] 300000 / 980156 (30.61 %) Events processed ...
[2025-11-08 10:53:32.753] [main] [info] 310000 / 980156 (31.63 %) Events processed ...
[2025-11-08 10:53:32.993] [main] [info] 320000 / 980156 (32.65 %) Events processed ...
[2025-11-08 10:53:33.165] [main] [info] 330000 / 980156 (33.67 %) Events processed ...
[2025-11-08 10:53:33.360] [main] [info] 340000 / 980156 (34.69 %) Events processed ...
[2025-11-08 10:53:34.392] [main] [info] 350000 / 980156 (35.71 %) Events processed ...
[2025-11-08 10:53:34.598] [main] [info] 360000 / 980156 (36.73 %) Events processed ...
[2025-11-08 10:53:34.824] [main] [info] 370000 / 980156 (37.75 %) Events processed ...
[2025-11-08 10:53:35.154] [main] [info] 380000 / 980156 (38.77 %) Events processed ...
[2025-11-08 10:53:35.380] [main] [info] 390000 / 980156 (39.79 %) Events processed ...
[2025-11-08 10:53:35.552] [main] [info] 400000 / 980156 (40.81 %) Events processed ...
[2025-11-08 10:53:36.862] [main] [info] 410000 / 980156 (41.83 %) Events processed ...
[2025-11-08 10:53:37.028] [main] [info] 420000 / 980156 (42.85 %) Events processed ...
[2025-11-08 10:53:37.227] [main] [info] 430000 / 980156 (43.87 %) Events processed ...
[2025-11-08 10:53:37.510] [main] [info] 440000 / 980156 (44.89 %) Events processed ...
[2025-11-08 10:53:37.686] [main] [info] 450000 / 980156 (45.91 %) Events processed ...
[2025-11-08 10:53:37.833] [main] [info] 460000 / 980156 (46.93 %) Events processed ...
[2025-11-08 10:53:38.060] [main] [info] 470000 / 980156 (47.95 %) Events processed ...
[2025-11-08 10:53:38.210] [main] [info] 480000 / 980156 (48.97 %) Events processed ...
[2025-11-08 10:53:39.170] [main] [info] 490000 / 980156 (49.99 %) Events processed ...
[2025-11-08 10:53:39.510] [main] [info] 500000 / 980156 (51.01 %) Events processed ...
[2025-11-08 10:53:39.723] [main] [info] 510000 / 980156 (52.03 %) Events processed ...
[2025-11-08 10:53:40.041] [main] [info] 520000 / 980156 (53.05 %) Events processed ...
[2025-11-08 10:53:40.351] [main] [info] 530000 / 980156 (54.07 %) Events processed ...
[2025-11-08 10:53:40.496] [main] [info] 540000 / 980156 (55.09 %) Events processed ...
[2025-11-08 10:53:40.642] [main] [info] 550000 / 980156 (56.11 %) Events processed ...
[2025-11-08 10:53:41.570] [main] [info] 560000 / 980156 (57.13 %) Events processed ...
[2025-11-08 10:53:41.863] [main] [info] 570000 / 980156 (58.15 %) Events processed ...
[2025-11-08 10:53:42.008] [main] [info] 580000 / 980156 (59.17 %) Events processed ...
[2025-11-08 10:53:42.166] [main] [info] 590000 / 980156 (60.19 %) Events processed ...
[2025-11-08 10:53:42.453] [main] [info] 600000 / 980156 (61.21 %) Events processed ...
[2025-11-08 10:53:42.641] [main] [info] 610000 / 980156 (62.23 %) Events processed ...
[2025-11-08 10:53:42.825] [main] [info] 620000 / 980156 (63.26 %) Events processed ...
[2025-11-08 10:53:43.993] [main] [info] 630000 / 980156 (64.28 %) Events processed ...
[2025-11-08 10:53:44.210] [main] [info] 640000 / 980156 (65.30 %) Events processed ...
[2025-11-08 10:53:44.419] [main] [info] 650000 / 980156 (66.32 %) Events processed ...
[2025-11-08 10:53:44.736] [main] [info] 660000 / 980156 (67.34 %) Events processed ...
[2025-11-08 10:53:44.895] [main] [info] 670000 / 980156 (68.36 %) Events processed ...
[2025-11-08 10:53:45.037] [main] [info] 680000 / 980156 (69.38 %) Events processed ...
[2025-11-08 10:53:46.100] [main] [info] 690000 / 980156 (70.40 %) Events processed ...
[2025-11-08 10:53:46.245] [main] [info] 700000 / 980156 (71.42 %) Events processed ...
[2025-11-08 10:53:46.394] [main] [info] 710000 / 980156 (72.44 %) Events processed ...
[2025-11-08 10:53:46.637] [main] [info] 720000 / 980156 (73.46 %) Events processed ...
[2025-11-08 10:53:46.790] [main] [info] 730000 / 980156 (74.48 %) Events processed ...
[2025-11-08 10:53:46.952] [main] [info] 740000 / 980156 (75.50 %) Events processed ...
[2025-11-08 10:53:47.192] [main] [info] 750000 / 980156 (76.52 %) Events processed ...
[2025-11-08 10:53:48.279] [main] [info] 760000 / 980156 (77.54 %) Events processed ...
[2025-11-08 10:53:48.566] [main] [info] 770000 / 980156 (78.56 %) Events processed ...
[2025-11-08 10:53:48.893] [main] [info] 780000 / 980156 (79.58 %) Events processed ...
[2025-11-08 10:53:49.098] [main] [info] 790000 / 980156 (80.60 %) Events processed ...
[2025-11-08 10:53:49.275] [main] [info] 800000 / 980156 (81.62 %) Events processed ...
[2025-11-08 10:53:49.513] [main] [info] 810000 / 980156 (82.64 %) Events processed ...
[2025-11-08 10:53:49.665] [main] [info] 820000 / 980156 (83.66 %) Events processed ...
[2025-11-08 10:53:50.690] [main] [info] 830000 / 980156 (84.68 %) Events processed ...
[2025-11-08 10:53:50.854] [main] [info] 840000 / 980156 (85.70 %) Events processed ...
[2025-11-08 10:53:51.166] [main] [info] 850000 / 980156 (86.72 %) Events processed ...
[2025-11-08 10:53:51.374] [main] [info] 860000 / 980156 (87.74 %) Events processed ...
[2025-11-08 10:53:51.611] [main] [info] 870000 / 980156 (88.76 %) Events processed ...
[2025-11-08 10:53:51.862] [main] [info] 880000 / 980156 (89.78 %) Events processed ...
[2025-11-08 10:53:52.042] [main] [info] 890000 / 980156 (90.80 %) Events processed ...
[2025-11-08 10:53:53.211] [main] [info] 900000 / 980156 (91.82 %) Events processed ...
[2025-11-08 10:53:53.495] [main] [info] 910000 / 980156 (92.84 %) Events processed ...
[2025-11-08 10:53:53.653] [main] [info] 920000 / 980156 (93.86 %) Events processed ...
[2025-11-08 10:53:53.805] [main] [info] 930000 / 980156 (94.88 %) Events processed ...
[2025-11-08 10:53:54.047] [main] [info] 940000 / 980156 (95.90 %) Events processed ...
[2025-11-08 10:53:54.187] [main] [info] 950000 / 980156 (96.92 %) Events processed ...
[2025-11-08 10:53:54.353] [main] [info] 960000 / 980156 (97.94 %) Events processed ...
[2025-11-08 10:53:54.932] [main] [info] 970000 / 980156 (98.96 %) Events processed ...
[2025-11-08 10:53:55.053] [main] [info] 980000 / 980156 (99.98 %) Events processed ...
[2025-11-08 10:53:55.377] [main] [info] vbfhmm:
GoldenJSONFilter: pass=972048     all=980156     -- eff=99.17 % cumulative eff=99.17 %
Flag_goodVertices: pass=970388     all=972048     -- eff=99.83 % cumulative eff=99.00 %
Flag_globalSuperTightHalo2016Filter: pass=970120     all=970388     -- eff=99.97 % cumulative eff=98.98 %
Flag_EcalDeadCellTriggerPrimitiveFilter: pass=970091     all=970120     -- eff=100.00 % cumulative eff=98.97 %
Flag_BadPFMuonFilter: pass=969546     all=970091     -- eff=99.94 % cumulative eff=98.92 %
Flag_BadPFMuonDzFilter: pass=969346     all=969546     -- eff=99.98 % cumulative eff=98.90 %
Flag_eeBadScFilter: pass=969346     all=969346     -- eff=100.00 % cumulative eff=98.90 %
Flag_ecalBadCalibFilter: pass=969280     all=969346     -- eff=99.99 % cumulative eff=98.89 %
Flag_hfNoisyHitsFilter: pass=967555     all=969280     -- eff=99.82 % cumulative eff=98.71 %
Number of muons 2: pass=33647      all=967555     -- eff=3.48 % cumulative eff=3.43 %
DiMuon From Higgs: pass=30196      all=33647      -- eff=89.74 % cumulative eff=3.08 %
LeptonChargeSum: pass=30183      all=30196      -- eff=99.96 % cumulative eff=3.08 %
[2025-11-08 10:53:55.634] [main] [info] Writing quantities map to /eos/user/j/jiahua/MC_2023_inc/Muon0_UL23C-24Jan2024_v4-v1/79210993-4d1a-40aa-8d91-d10f94bed905_vbfhmm.root
[2025-11-08 10:53:55.984] [main] [info] Finished Evaluation
[2025-11-08 10:53:55.984] [main] [info] Overall runtime (real time: 39.90, CPU time: 26.51)
