Starting job on \n
Running on: Linux b9p28p3831.cern.ch 5.14.0-570.44.1.el9_6.x86_64 #1 SMP PREEMPT_DYNAMIC Tue Sep 9 05:17:30 EDT 2025 x86_64 x86_64 x86_64 GNU/Linux\n
System software: Red Hat Enterprise Linux release 9.6 (Plow)\n
Setting up CROWN for RedHatEnterprise Version 9.6
subject   : /DC=ch/DC=cern/OU=Organic Units/OU=Users/CN=jiahua/CN=851532/CN=Jiahua Chen/CN=1735721823
issuer    : /DC=ch/DC=cern/OU=Organic Units/OU=Users/CN=jiahua/CN=851532/CN=Jiahua Chen
identity  : /DC=ch/DC=cern/OU=Organic Units/OU=Users/CN=jiahua/CN=851532/CN=Jiahua Chen
type      : RFC compliant proxy
strength  : 2048 bits
path      : /afs/cern.ch/user/j/jiahua/proxy/x509up_u139833
timeleft  : 196:46:40
key usage : Digital Signature, Key Encipherment
=== VO cms extension information ===
VO        : cms
subject   : /DC=ch/DC=cern/OU=Organic Units/OU=Users/CN=jiahua/CN=851532/CN=Jiahua Chen
issuer    : /DC=ch/DC=cern/OU=computers/CN=cms-auth.cern.ch
attribute : /cms/Role=NULL/Capability=NULL
timeleft  : 188:46:40
uri       : voms-cms-auth.cern.ch:15000
subject   : /DC=ch/DC=cern/OU=Organic Units/OU=Users/CN=jiahua/CN=851532/CN=Jiahua Chen/CN=1735721823
issuer    : /DC=ch/DC=cern/OU=Organic Units/OU=Users/CN=jiahua/CN=851532/CN=Jiahua Chen
identity  : /DC=ch/DC=cern/OU=Organic Units/OU=Users/CN=jiahua/CN=851532/CN=Jiahua Chen
type      : RFC compliant proxy
strength  : 2048 bits
path      : /afs/cern.ch/user/j/jiahua/proxy/x509up_u139833
timeleft  : 196:46:40
key usage : Digital Signature, Key Encipherment
=== VO cms extension information ===
VO        : cms
subject   : /DC=ch/DC=cern/OU=Organic Units/OU=Users/CN=jiahua/CN=851532/CN=Jiahua Chen
issuer    : /DC=ch/DC=cern/OU=computers/CN=cms-auth.cern.ch
attribute : /cms/Role=NULL/Capability=NULL
timeleft  : 188:46:40
uri       : voms-cms-auth.cern.ch:15000
/eos/user/j/jiahua/MC_2023_inc/Muon1_UL23B-22Sep2023-v1/22cd7a94-99bb-4d53-b9d6-c926640d89ba.root
[2025-11-08 10:52:18.687] [main] [info] Checking input files
[2025-11-08 10:52:23.857] [main] [info] NanoAOD input_file 1: root://cms-xrd-global.cern.ch//store/data/Run2023B/Muon1/NANOAOD/22Sep2023-v1/50000/22cd7a94-99bb-4d53-b9d6-c926640d89ba.root - 932476 Events
[2025-11-08 10:52:23.873] [main] [info] input_file 1: root://cms-xrd-global.cern.ch//store/data/Run2023B/Muon1/NANOAOD/22Sep2023-v1/50000/22cd7a94-99bb-4d53-b9d6-c926640d89ba.root - SumOfGenWeight: 8.343065941734904e-309 
[2025-11-08 10:52:23.873] [main] [info] Output directory: /eos/user/j/jiahua/MC_2023_inc/Muon1_UL23B-22Sep2023-v1/22cd7a94-99bb-4d53-b9d6-c926640d89ba.root
[2025-11-08 10:52:23.876] [main] [info] Starting Setup of Dataframe with 932476 events
[2025-11-08 10:52:28.096] [main] [info] Finished Setup
[2025-11-08 10:52:28.096] [main] [info] Runtime for setup (real time: 4.22, CPU time: 2.94)
[2025-11-08 10:52:28.096] [main] [info] Starting Evaluation
[2025-11-08 10:52:36.266] [main] [info] 10000 / 932476 (1.07 %) Events processed ...
[2025-11-08 10:52:36.271] [main] [info] 20000 / 932476 (2.14 %) Events processed ...
[2025-11-08 10:52:36.276] [main] [info] 30000 / 932476 (3.22 %) Events processed ...
[2025-11-08 10:52:36.282] [main] [info] 40000 / 932476 (4.29 %) Events processed ...
[2025-11-08 10:52:36.287] [main] [info] 50000 / 932476 (5.36 %) Events processed ...
[2025-11-08 10:52:36.292] [main] [info] 60000 / 932476 (6.43 %) Events processed ...
[2025-11-08 10:52:36.297] [main] [info] 70000 / 932476 (7.51 %) Events processed ...
[2025-11-08 10:52:36.303] [main] [info] 80000 / 932476 (8.58 %) Events processed ...
[2025-11-08 10:52:36.308] [main] [info] 90000 / 932476 (9.65 %) Events processed ...
[2025-11-08 10:52:36.314] [main] [info] 100000 / 932476 (10.72 %) Events processed ...
[2025-11-08 10:52:36.319] [main] [info] 110000 / 932476 (11.80 %) Events processed ...
[2025-11-08 10:52:36.324] [main] [info] 120000 / 932476 (12.87 %) Events processed ...
[2025-11-08 10:52:37.189] [main] [info] 130000 / 932476 (13.94 %) Events processed ...
[2025-11-08 10:52:37.194] [main] [info] 140000 / 932476 (15.01 %) Events processed ...
[2025-11-08 10:52:37.200] [main] [info] 150000 / 932476 (16.09 %) Events processed ...
[2025-11-08 10:52:37.205] [main] [info] 160000 / 932476 (17.16 %) Events processed ...
[2025-11-08 10:52:37.458] [main] [info] 170000 / 932476 (18.23 %) Events processed ...
[2025-11-08 10:52:37.663] [main] [info] 180000 / 932476 (19.30 %) Events processed ...
[2025-11-08 10:52:37.867] [main] [info] 190000 / 932476 (20.38 %) Events processed ...
[2025-11-08 10:52:38.102] [main] [info] 200000 / 932476 (21.45 %) Events processed ...
[2025-11-08 10:52:38.245] [main] [info] 210000 / 932476 (22.52 %) Events processed ...
[2025-11-08 10:52:38.484] [main] [info] 220000 / 932476 (23.59 %) Events processed ...
[2025-11-08 10:52:39.511] [main] [info] 230000 / 932476 (24.67 %) Events processed ...
[2025-11-08 10:52:39.681] [main] [info] 240000 / 932476 (25.74 %) Events processed ...
[2025-11-08 10:52:39.852] [main] [info] 250000 / 932476 (26.81 %) Events processed ...
[2025-11-08 10:52:40.024] [main] [info] 260000 / 932476 (27.88 %) Events processed ...
[2025-11-08 10:52:40.120] [main] [info] 270000 / 932476 (28.96 %) Events processed ...
[2025-11-08 10:52:40.282] [main] [info] 280000 / 932476 (30.03 %) Events processed ...
[2025-11-08 10:52:40.437] [main] [info] 290000 / 932476 (31.10 %) Events processed ...
[2025-11-08 10:52:40.663] [main] [info] 300000 / 932476 (32.17 %) Events processed ...
[2025-11-08 10:52:40.898] [main] [info] 310000 / 932476 (33.24 %) Events processed ...
[2025-11-08 10:52:41.034] [main] [info] 320000 / 932476 (34.32 %) Events processed ...
[2025-11-08 10:52:42.284] [main] [info] 330000 / 932476 (35.39 %) Events processed ...
[2025-11-08 10:52:42.467] [main] [info] 340000 / 932476 (36.46 %) Events processed ...
[2025-11-08 10:52:42.699] [main] [info] 350000 / 932476 (37.53 %) Events processed ...
[2025-11-08 10:52:42.940] [main] [info] 360000 / 932476 (38.61 %) Events processed ...
[2025-11-08 10:52:43.082] [main] [info] 370000 / 932476 (39.68 %) Events processed ...
[2025-11-08 10:52:43.313] [main] [info] 380000 / 932476 (40.75 %) Events processed ...
[2025-11-08 10:52:43.515] [main] [info] 390000 / 932476 (41.82 %) Events processed ...
[2025-11-08 10:52:43.714] [main] [info] 400000 / 932476 (42.90 %) Events processed ...
[2025-11-08 10:52:43.977] [main] [info] 410000 / 932476 (43.97 %) Events processed ...
[2025-11-08 10:52:44.116] [main] [info] 420000 / 932476 (45.04 %) Events processed ...
[2025-11-08 10:52:45.304] [main] [info] 430000 / 932476 (46.11 %) Events processed ...
[2025-11-08 10:52:45.509] [main] [info] 440000 / 932476 (47.19 %) Events processed ...
[2025-11-08 10:52:45.741] [main] [info] 450000 / 932476 (48.26 %) Events processed ...
[2025-11-08 10:52:45.977] [main] [info] 460000 / 932476 (49.33 %) Events processed ...
[2025-11-08 10:52:46.082] [main] [info] 470000 / 932476 (50.40 %) Events processed ...
[2025-11-08 10:52:46.257] [main] [info] 480000 / 932476 (51.48 %) Events processed ...
[2025-11-08 10:52:46.515] [main] [info] 490000 / 932476 (52.55 %) Events processed ...
[2025-11-08 10:52:46.660] [main] [info] 500000 / 932476 (53.62 %) Events processed ...
[2025-11-08 10:52:46.828] [main] [info] 510000 / 932476 (54.69 %) Events processed ...
[2025-11-08 10:52:47.825] [main] [info] 520000 / 932476 (55.77 %) Events processed ...
[2025-11-08 10:52:47.951] [main] [info] 530000 / 932476 (56.84 %) Events processed ...
[2025-11-08 10:52:48.157] [main] [info] 540000 / 932476 (57.91 %) Events processed ...
[2025-11-08 10:52:48.179] [main] [info] 550000 / 932476 (58.98 %) Events processed ...
[2025-11-08 10:52:48.184] [main] [info] 560000 / 932476 (60.06 %) Events processed ...
[2025-11-08 10:52:48.189] [main] [info] 570000 / 932476 (61.13 %) Events processed ...
[2025-11-08 10:52:48.194] [main] [info] 580000 / 932476 (62.20 %) Events processed ...
[2025-11-08 10:52:48.199] [main] [info] 590000 / 932476 (63.27 %) Events processed ...
[2025-11-08 10:52:48.204] [main] [info] 600000 / 932476 (64.34 %) Events processed ...
[2025-11-08 10:52:48.945] [main] [info] 610000 / 932476 (65.42 %) Events processed ...
[2025-11-08 10:52:48.950] [main] [info] 620000 / 932476 (66.49 %) Events processed ...
[2025-11-08 10:52:48.955] [main] [info] 630000 / 932476 (67.56 %) Events processed ...
[2025-11-08 10:52:48.960] [main] [info] 640000 / 932476 (68.63 %) Events processed ...
[2025-11-08 10:52:48.965] [main] [info] 650000 / 932476 (69.71 %) Events processed ...
[2025-11-08 10:52:48.970] [main] [info] 660000 / 932476 (70.78 %) Events processed ...
[2025-11-08 10:52:48.975] [main] [info] 670000 / 932476 (71.85 %) Events processed ...
[2025-11-08 10:52:48.980] [main] [info] 680000 / 932476 (72.92 %) Events processed ...
[2025-11-08 10:52:48.986] [main] [info] 690000 / 932476 (74.00 %) Events processed ...
[2025-11-08 10:52:48.991] [main] [info] 700000 / 932476 (75.07 %) Events processed ...
[2025-11-08 10:52:49.881] [main] [info] 710000 / 932476 (76.14 %) Events processed ...
[2025-11-08 10:52:49.887] [main] [info] 720000 / 932476 (77.21 %) Events processed ...
[2025-11-08 10:52:49.892] [main] [info] 730000 / 932476 (78.29 %) Events processed ...
[2025-11-08 10:52:49.897] [main] [info] 740000 / 932476 (79.36 %) Events processed ...
[2025-11-08 10:52:49.902] [main] [info] 750000 / 932476 (80.43 %) Events processed ...
[2025-11-08 10:52:49.907] [main] [info] 760000 / 932476 (81.50 %) Events processed ...
[2025-11-08 10:52:49.914] [main] [info] 770000 / 932476 (82.58 %) Events processed ...
[2025-11-08 10:52:50.150] [main] [info] 780000 / 932476 (83.65 %) Events processed ...
[2025-11-08 10:52:50.261] [main] [info] 790000 / 932476 (84.72 %) Events processed ...
[2025-11-08 10:52:50.450] [main] [info] 800000 / 932476 (85.79 %) Events processed ...
[2025-11-08 10:52:51.248] [main] [info] 810000 / 932476 (86.87 %) Events processed ...
[2025-11-08 10:52:51.425] [main] [info] 820000 / 932476 (87.94 %) Events processed ...
[2025-11-08 10:52:51.749] [main] [info] 830000 / 932476 (89.01 %) Events processed ...
[2025-11-08 10:52:51.917] [main] [info] 840000 / 932476 (90.08 %) Events processed ...
[2025-11-08 10:52:52.178] [main] [info] 850000 / 932476 (91.16 %) Events processed ...
[2025-11-08 10:52:52.401] [main] [info] 860000 / 932476 (92.23 %) Events processed ...
[2025-11-08 10:52:52.637] [main] [info] 870000 / 932476 (93.30 %) Events processed ...
[2025-11-08 10:52:52.895] [main] [info] 880000 / 932476 (94.37 %) Events processed ...
[2025-11-08 10:52:53.051] [main] [info] 890000 / 932476 (95.44 %) Events processed ...
[2025-11-08 10:52:53.768] [main] [info] 900000 / 932476 (96.52 %) Events processed ...
[2025-11-08 10:52:53.994] [main] [info] 910000 / 932476 (97.59 %) Events processed ...
[2025-11-08 10:52:54.255] [main] [info] 920000 / 932476 (98.66 %) Events processed ...
[2025-11-08 10:52:54.477] [main] [info] 930000 / 932476 (99.73 %) Events processed ...
[2025-11-08 10:52:54.670] [main] [info] vbfhmm:
GoldenJSONFilter: pass=534370     all=932476     -- eff=57.31 % cumulative eff=57.31 %
Flag_goodVertices: pass=529933     all=534370     -- eff=99.17 % cumulative eff=56.83 %
Flag_globalSuperTightHalo2016Filter: pass=529842     all=529933     -- eff=99.98 % cumulative eff=56.82 %
Flag_EcalDeadCellTriggerPrimitiveFilter: pass=529832     all=529842     -- eff=100.00 % cumulative eff=56.82 %
Flag_BadPFMuonFilter: pass=529628     all=529832     -- eff=99.96 % cumulative eff=56.80 %
Flag_BadPFMuonDzFilter: pass=529570     all=529628     -- eff=99.99 % cumulative eff=56.79 %
Flag_eeBadScFilter: pass=529570     all=529570     -- eff=100.00 % cumulative eff=56.79 %
Flag_ecalBadCalibFilter: pass=529536     all=529570     -- eff=99.99 % cumulative eff=56.79 %
Flag_hfNoisyHitsFilter: pass=528862     all=529536     -- eff=99.87 % cumulative eff=56.72 %
Number of muons 2: pass=12044      all=528862     -- eff=2.28 % cumulative eff=1.29 %
DiMuon From Higgs: pass=10775      all=12044      -- eff=89.46 % cumulative eff=1.16 %
LeptonChargeSum: pass=10771      all=10775      -- eff=99.96 % cumulative eff=1.16 %
[2025-11-08 10:52:54.891] [main] [info] Writing quantities map to /eos/user/j/jiahua/MC_2023_inc/Muon1_UL23B-22Sep2023-v1/22cd7a94-99bb-4d53-b9d6-c926640d89ba_vbfhmm.root
[2025-11-08 10:52:55.167] [main] [info] Finished Evaluation
[2025-11-08 10:52:55.167] [main] [info] Overall runtime (real time: 31.29, CPU time: 20.59)
