Starting job on \n
Running on: Linux b9p30p9269.cern.ch 5.14.0-570.44.1.el9_6.x86_64 #1 SMP PREEMPT_DYNAMIC Tue Sep 9 05:17:30 EDT 2025 x86_64 x86_64 x86_64 GNU/Linux\n
System software: Red Hat Enterprise Linux release 9.6 (Plow)\n
Setting up CROWN for RedHatEnterprise Version 9.6
subject   : /DC=ch/DC=cern/OU=Organic Units/OU=Users/CN=jiahua/CN=851532/CN=Jiahua Chen/CN=1735721823
issuer    : /DC=ch/DC=cern/OU=Organic Units/OU=Users/CN=jiahua/CN=851532/CN=Jiahua Chen
identity  : /DC=ch/DC=cern/OU=Organic Units/OU=Users/CN=jiahua/CN=851532/CN=Jiahua Chen
type      : RFC compliant proxy
strength  : 2048 bits
path      : /afs/cern.ch/user/j/jiahua/proxy/x509up_u139833
timeleft  : 196:46:41
key usage : Digital Signature, Key Encipherment
=== VO cms extension information ===
VO        : cms
subject   : /DC=ch/DC=cern/OU=Organic Units/OU=Users/CN=jiahua/CN=851532/CN=Jiahua Chen
issuer    : /DC=ch/DC=cern/OU=computers/CN=cms-auth.cern.ch
attribute : /cms/Role=NULL/Capability=NULL
timeleft  : 188:46:41
uri       : voms-cms-auth.cern.ch:15000
subject   : /DC=ch/DC=cern/OU=Organic Units/OU=Users/CN=jiahua/CN=851532/CN=Jiahua Chen/CN=1735721823
issuer    : /DC=ch/DC=cern/OU=Organic Units/OU=Users/CN=jiahua/CN=851532/CN=Jiahua Chen
identity  : /DC=ch/DC=cern/OU=Organic Units/OU=Users/CN=jiahua/CN=851532/CN=Jiahua Chen
type      : RFC compliant proxy
strength  : 2048 bits
path      : /afs/cern.ch/user/j/jiahua/proxy/x509up_u139833
timeleft  : 196:46:41
key usage : Digital Signature, Key Encipherment
=== VO cms extension information ===
VO        : cms
subject   : /DC=ch/DC=cern/OU=Organic Units/OU=Users/CN=jiahua/CN=851532/CN=Jiahua Chen
issuer    : /DC=ch/DC=cern/OU=computers/CN=cms-auth.cern.ch
attribute : /cms/Role=NULL/Capability=NULL
timeleft  : 188:46:41
uri       : voms-cms-auth.cern.ch:15000
/eos/user/j/jiahua/MC_2023_inc/Muon1_UL23B-22Sep2023-v1/73f823c6-8666-436a-9429-cf58992e1315.root
[2025-11-08 10:52:17.825] [main] [info] Checking input files
[2025-11-08 10:52:22.479] [main] [info] NanoAOD input_file 1: root://cms-xrd-global.cern.ch//store/data/Run2023B/Muon1/NANOAOD/22Sep2023-v1/50000/73f823c6-8666-436a-9429-cf58992e1315.root - 949164 Events
[2025-11-08 10:52:22.492] [main] [info] input_file 1: root://cms-xrd-global.cern.ch//store/data/Run2023B/Muon1/NANOAOD/22Sep2023-v1/50000/73f823c6-8666-436a-9429-cf58992e1315.root - SumOfGenWeight: 3.47644501601853e-309 
[2025-11-08 10:52:22.492] [main] [info] Output directory: /eos/user/j/jiahua/MC_2023_inc/Muon1_UL23B-22Sep2023-v1/73f823c6-8666-436a-9429-cf58992e1315.root
[2025-11-08 10:52:22.493] [main] [info] Starting Setup of Dataframe with 949164 events
[2025-11-08 10:52:23.382] [main] [info] Finished Setup
[2025-11-08 10:52:23.382] [main] [info] Runtime for setup (real time: 0.89, CPU time: 0.72)
[2025-11-08 10:52:23.382] [main] [info] Starting Evaluation
[2025-11-08 10:52:30.527] [main] [info] 10000 / 949164 (1.05 %) Events processed ...
[2025-11-08 10:52:30.679] [main] [info] 20000 / 949164 (2.11 %) Events processed ...
[2025-11-08 10:52:30.841] [main] [info] 30000 / 949164 (3.16 %) Events processed ...
[2025-11-08 10:52:30.999] [main] [info] 40000 / 949164 (4.21 %) Events processed ...
[2025-11-08 10:52:31.165] [main] [info] 50000 / 949164 (5.27 %) Events processed ...
[2025-11-08 10:52:31.328] [main] [info] 60000 / 949164 (6.32 %) Events processed ...
[2025-11-08 10:52:31.485] [main] [info] 70000 / 949164 (7.37 %) Events processed ...
[2025-11-08 10:52:32.116] [main] [info] 80000 / 949164 (8.43 %) Events processed ...
[2025-11-08 10:52:32.279] [main] [info] 90000 / 949164 (9.48 %) Events processed ...
[2025-11-08 10:52:32.456] [main] [info] 100000 / 949164 (10.54 %) Events processed ...
[2025-11-08 10:52:32.634] [main] [info] 110000 / 949164 (11.59 %) Events processed ...
[2025-11-08 10:52:32.794] [main] [info] 120000 / 949164 (12.64 %) Events processed ...
[2025-11-08 10:52:33.047] [main] [info] 130000 / 949164 (13.70 %) Events processed ...
[2025-11-08 10:52:33.265] [main] [info] 140000 / 949164 (14.75 %) Events processed ...
[2025-11-08 10:52:33.953] [main] [info] 150000 / 949164 (15.80 %) Events processed ...
[2025-11-08 10:52:34.111] [main] [info] 160000 / 949164 (16.86 %) Events processed ...
[2025-11-08 10:52:34.272] [main] [info] 170000 / 949164 (17.91 %) Events processed ...
[2025-11-08 10:52:34.433] [main] [info] 180000 / 949164 (18.96 %) Events processed ...
[2025-11-08 10:52:34.593] [main] [info] 190000 / 949164 (20.02 %) Events processed ...
[2025-11-08 10:52:34.751] [main] [info] 200000 / 949164 (21.07 %) Events processed ...
[2025-11-08 10:52:34.908] [main] [info] 210000 / 949164 (22.12 %) Events processed ...
[2025-11-08 10:52:35.074] [main] [info] 220000 / 949164 (23.18 %) Events processed ...
[2025-11-08 10:52:35.822] [main] [info] 230000 / 949164 (24.23 %) Events processed ...
[2025-11-08 10:52:35.995] [main] [info] 240000 / 949164 (25.29 %) Events processed ...
[2025-11-08 10:52:36.148] [main] [info] 250000 / 949164 (26.34 %) Events processed ...
[2025-11-08 10:52:36.312] [main] [info] 260000 / 949164 (27.39 %) Events processed ...
[2025-11-08 10:52:36.549] [main] [info] 270000 / 949164 (28.45 %) Events processed ...
[2025-11-08 10:52:36.713] [main] [info] 280000 / 949164 (29.50 %) Events processed ...
[2025-11-08 10:52:36.874] [main] [info] 290000 / 949164 (30.55 %) Events processed ...
[2025-11-08 10:52:37.576] [main] [info] 300000 / 949164 (31.61 %) Events processed ...
[2025-11-08 10:52:37.730] [main] [info] 310000 / 949164 (32.66 %) Events processed ...
[2025-11-08 10:52:37.889] [main] [info] 320000 / 949164 (33.71 %) Events processed ...
[2025-11-08 10:52:38.048] [main] [info] 330000 / 949164 (34.77 %) Events processed ...
[2025-11-08 10:52:38.210] [main] [info] 340000 / 949164 (35.82 %) Events processed ...
[2025-11-08 10:52:38.400] [main] [info] 350000 / 949164 (36.87 %) Events processed ...
[2025-11-08 10:52:38.587] [main] [info] 360000 / 949164 (37.93 %) Events processed ...
[2025-11-08 10:52:38.765] [main] [info] 370000 / 949164 (38.98 %) Events processed ...
[2025-11-08 10:52:39.500] [main] [info] 380000 / 949164 (40.04 %) Events processed ...
[2025-11-08 10:52:39.819] [main] [info] 390000 / 949164 (41.09 %) Events processed ...
[2025-11-08 10:52:40.040] [main] [info] 400000 / 949164 (42.14 %) Events processed ...
[2025-11-08 10:52:40.262] [main] [info] 410000 / 949164 (43.20 %) Events processed ...
[2025-11-08 10:52:40.474] [main] [info] 420000 / 949164 (44.25 %) Events processed ...
[2025-11-08 10:52:40.770] [main] [info] 430000 / 949164 (45.30 %) Events processed ...
[2025-11-08 10:52:40.987] [main] [info] 440000 / 949164 (46.36 %) Events processed ...
[2025-11-08 10:52:41.666] [main] [info] 450000 / 949164 (47.41 %) Events processed ...
[2025-11-08 10:52:41.859] [main] [info] 460000 / 949164 (48.46 %) Events processed ...
[2025-11-08 10:52:42.047] [main] [info] 470000 / 949164 (49.52 %) Events processed ...
[2025-11-08 10:52:42.247] [main] [info] 480000 / 949164 (50.57 %) Events processed ...
[2025-11-08 10:52:42.438] [main] [info] 490000 / 949164 (51.62 %) Events processed ...
[2025-11-08 10:52:42.627] [main] [info] 500000 / 949164 (52.68 %) Events processed ...
[2025-11-08 10:52:42.804] [main] [info] 510000 / 949164 (53.73 %) Events processed ...
[2025-11-08 10:52:43.640] [main] [info] 520000 / 949164 (54.79 %) Events processed ...
[2025-11-08 10:52:43.864] [main] [info] 530000 / 949164 (55.84 %) Events processed ...
[2025-11-08 10:52:44.080] [main] [info] 540000 / 949164 (56.89 %) Events processed ...
[2025-11-08 10:52:44.259] [main] [info] 550000 / 949164 (57.95 %) Events processed ...
[2025-11-08 10:52:44.436] [main] [info] 560000 / 949164 (59.00 %) Events processed ...
[2025-11-08 10:52:44.612] [main] [info] 570000 / 949164 (60.05 %) Events processed ...
[2025-11-08 10:52:44.800] [main] [info] 580000 / 949164 (61.11 %) Events processed ...
[2025-11-08 10:52:44.977] [main] [info] 590000 / 949164 (62.16 %) Events processed ...
[2025-11-08 10:52:45.781] [main] [info] 600000 / 949164 (63.21 %) Events processed ...
[2025-11-08 10:52:45.969] [main] [info] 610000 / 949164 (64.27 %) Events processed ...
[2025-11-08 10:52:46.164] [main] [info] 620000 / 949164 (65.32 %) Events processed ...
[2025-11-08 10:52:46.350] [main] [info] 630000 / 949164 (66.37 %) Events processed ...
[2025-11-08 10:52:46.528] [main] [info] 640000 / 949164 (67.43 %) Events processed ...
[2025-11-08 10:52:46.793] [main] [info] 650000 / 949164 (68.48 %) Events processed ...
[2025-11-08 10:52:46.965] [main] [info] 660000 / 949164 (69.53 %) Events processed ...
[2025-11-08 10:52:47.645] [main] [info] 670000 / 949164 (70.59 %) Events processed ...
[2025-11-08 10:52:47.818] [main] [info] 680000 / 949164 (71.64 %) Events processed ...
[2025-11-08 10:52:47.989] [main] [info] 690000 / 949164 (72.70 %) Events processed ...
[2025-11-08 10:52:48.163] [main] [info] 700000 / 949164 (73.75 %) Events processed ...
[2025-11-08 10:52:48.341] [main] [info] 710000 / 949164 (74.80 %) Events processed ...
[2025-11-08 10:52:48.590] [main] [info] 720000 / 949164 (75.86 %) Events processed ...
[2025-11-08 10:52:48.775] [main] [info] 730000 / 949164 (76.91 %) Events processed ...
[2025-11-08 10:52:48.977] [main] [info] 740000 / 949164 (77.96 %) Events processed ...
[2025-11-08 10:52:49.693] [main] [info] 750000 / 949164 (79.02 %) Events processed ...
[2025-11-08 10:52:49.878] [main] [info] 760000 / 949164 (80.07 %) Events processed ...
[2025-11-08 10:52:50.057] [main] [info] 770000 / 949164 (81.12 %) Events processed ...
[2025-11-08 10:52:50.326] [main] [info] 780000 / 949164 (82.18 %) Events processed ...
[2025-11-08 10:52:50.502] [main] [info] 790000 / 949164 (83.23 %) Events processed ...
[2025-11-08 10:52:50.675] [main] [info] 800000 / 949164 (84.28 %) Events processed ...
[2025-11-08 10:52:50.845] [main] [info] 810000 / 949164 (85.34 %) Events processed ...
[2025-11-08 10:52:51.596] [main] [info] 820000 / 949164 (86.39 %) Events processed ...
[2025-11-08 10:52:51.773] [main] [info] 830000 / 949164 (87.45 %) Events processed ...
[2025-11-08 10:52:51.972] [main] [info] 840000 / 949164 (88.50 %) Events processed ...
[2025-11-08 10:52:52.150] [main] [info] 850000 / 949164 (89.55 %) Events processed ...
[2025-11-08 10:52:52.336] [main] [info] 860000 / 949164 (90.61 %) Events processed ...
[2025-11-08 10:52:52.531] [main] [info] 870000 / 949164 (91.66 %) Events processed ...
[2025-11-08 10:52:52.721] [main] [info] 880000 / 949164 (92.71 %) Events processed ...
[2025-11-08 10:52:52.897] [main] [info] 890000 / 949164 (93.77 %) Events processed ...
[2025-11-08 10:52:53.581] [main] [info] 900000 / 949164 (94.82 %) Events processed ...
[2025-11-08 10:52:53.842] [main] [info] 910000 / 949164 (95.87 %) Events processed ...
[2025-11-08 10:52:54.028] [main] [info] 920000 / 949164 (96.93 %) Events processed ...
[2025-11-08 10:52:54.204] [main] [info] 930000 / 949164 (97.98 %) Events processed ...
[2025-11-08 10:52:54.389] [main] [info] 940000 / 949164 (99.03 %) Events processed ...
[2025-11-08 10:52:54.829] [main] [info] vbfhmm:
GoldenJSONFilter: pass=949164     all=949164     -- eff=100.00 % cumulative eff=100.00 %
Flag_goodVertices: pass=943403     all=949164     -- eff=99.39 % cumulative eff=99.39 %
Flag_globalSuperTightHalo2016Filter: pass=943180     all=943403     -- eff=99.98 % cumulative eff=99.37 %
Flag_EcalDeadCellTriggerPrimitiveFilter: pass=943142     all=943180     -- eff=100.00 % cumulative eff=99.37 %
Flag_BadPFMuonFilter: pass=942632     all=943142     -- eff=99.95 % cumulative eff=99.31 %
Flag_BadPFMuonDzFilter: pass=942457     all=942632     -- eff=99.98 % cumulative eff=99.29 %
Flag_eeBadScFilter: pass=942457     all=942457     -- eff=100.00 % cumulative eff=99.29 %
Flag_ecalBadCalibFilter: pass=942400     all=942457     -- eff=99.99 % cumulative eff=99.29 %
Flag_hfNoisyHitsFilter: pass=940999     all=942400     -- eff=99.85 % cumulative eff=99.14 %
Number of muons 2: pass=25033      all=940999     -- eff=2.66 % cumulative eff=2.64 %
DiMuon From Higgs: pass=22473      all=25033      -- eff=89.77 % cumulative eff=2.37 %
LeptonChargeSum: pass=22461      all=22473      -- eff=99.95 % cumulative eff=2.37 %
[2025-11-08 10:52:55.022] [main] [info] Writing quantities map to /eos/user/j/jiahua/MC_2023_inc/Muon1_UL23B-22Sep2023-v1/73f823c6-8666-436a-9429-cf58992e1315_vbfhmm.root
[2025-11-08 10:52:55.132] [main] [info] Finished Evaluation
[2025-11-08 10:52:55.132] [main] [info] Overall runtime (real time: 32.64, CPU time: 24.49)
