000 (12769455.018.000) 11/08 10:41:06 Job submitted from host: <188.185.121.235:9618?addrs=188.185.121.235-9618+[2001-1458-d00-49--100-36e]-9618&alias=bigbird22.cern.ch&noUDP&sock=schedd_232129_c3ca>
...
040 (12769455.018.000) 11/08 10:52:03 Started transferring input files
	Transferring to host: <188.185.213.83:9618?addrs=188.185.213.83-9618+[2001-1458-303-1a--100-4f]-9618&alias=b9p27p4214.cern.ch&noUDP&sock=slot1_27_5619_d7fe_50164>
...
040 (12769455.018.000) 11/08 10:52:03 Finished transferring input files
...
001 (12769455.018.000) 11/08 10:52:04 Job executing on host: <188.185.213.83:9618?addrs=188.185.213.83-9618+[2001-1458-303-1a--100-4f]-9618&alias=b9p27p4214.cern.ch&noUDP&sock=startd_4725_8914>
	SlotName: slot1_27@b9p27p4214.cern.ch
	CondorScratchDir = "/pool/condor/dir_77349"
	Cpus = 1
	Disk = 12972
	GPUs = 0
	Memory = 3000
...
006 (12769455.018.000) 11/08 10:52:18 Image size of job updated: 185192
	181  -  MemoryUsage of job (MB)
	185192  -  ResidentSetSize of job (KB)
...
006 (12769455.018.000) 11/08 10:53:07 Image size of job updated: 238216
	181  -  MemoryUsage of job (MB)
	185260  -  ResidentSetSize of job (KB)
...
040 (12769455.018.000) 11/08 10:53:07 Started transferring output files
...
040 (12769455.018.000) 11/08 10:53:07 Finished transferring output files
...
005 (12769455.018.000) 11/08 10:53:07 Job terminated.
	(1) Normal termination (return value 0)
		Usr 0 00:00:11, Sys 0 00:00:02  -  Run Remote Usage
		Usr 0 00:00:00, Sys 0 00:00:00  -  Run Local Usage
		Usr 0 00:00:11, Sys 0 00:00:02  -  Total Remote Usage
		Usr 0 00:00:00, Sys 0 00:00:00  -  Total Local Usage
	11290  -  Run Bytes Sent By Job
	10104412  -  Run Bytes Received By Job
	11290  -  Total Bytes Sent By Job
	10104412  -  Total Bytes Received By Job
	Partitionable Resources :    Usage  Request Allocated 
	   Cpus                 :        0        1         1 
	   Disk (KB)            :     9902    10000     12972 
	   GPUs                 :                           0 
	   Memory (MB)          :      181     3000      3000 
	   TimeExecute (s)      :       63                    
	   TimeSlotBusy (s)     :       64                    

	Job terminated of its own accord at 2025-11-08T09:53:07Z with exit-code 0.
...
