000 (12769461.001.000) 11/08 10:41:09 Job submitted from host: <188.185.121.235:9618?addrs=188.185.121.235-9618+[2001-1458-d00-49--100-36e]-9618&alias=bigbird22.cern.ch&noUDP&sock=schedd_232129_c3ca>
...
040 (12769461.001.000) 11/08 10:53:06 Started transferring input files
	Transferring to host: <188.185.212.222:9618?addrs=188.185.212.222-9618+[2001-1458-303-19--100-5a]-9618&alias=b9p26p2977.cern.ch&noUDP&sock=slot1_4_4862_77ff_50056>
...
040 (12769461.001.000) 11/08 10:53:06 Finished transferring input files
...
001 (12769461.001.000) 11/08 10:53:07 Job executing on host: <188.185.212.222:9618?addrs=188.185.212.222-9618+[2001-1458-303-19--100-5a]-9618&alias=b9p26p2977.cern.ch&noUDP&sock=startd_3936_58db>
	SlotName: slot1_4@b9p26p2977.cern.ch
	CondorScratchDir = "/pool/condor/dir_1374767"
	Cpus = 1
	Disk = 12554
	GPUs = 0
	Memory = 3000
...
006 (12769461.001.000) 11/08 10:53:20 Image size of job updated: 117704
	115  -  MemoryUsage of job (MB)
	117704  -  ResidentSetSize of job (KB)
...
006 (12769461.001.000) 11/08 10:54:36 Image size of job updated: 256760
	115  -  MemoryUsage of job (MB)
	117704  -  ResidentSetSize of job (KB)
...
040 (12769461.001.000) 11/08 10:54:36 Started transferring output files
...
040 (12769461.001.000) 11/08 10:54:36 Finished transferring output files
...
005 (12769461.001.000) 11/08 10:54:36 Job terminated.
	(1) Normal termination (return value 0)
		Usr 0 00:00:33, Sys 0 00:00:02  -  Run Remote Usage
		Usr 0 00:00:00, Sys 0 00:00:00  -  Run Local Usage
		Usr 0 00:00:33, Sys 0 00:00:02  -  Total Remote Usage
		Usr 0 00:00:00, Sys 0 00:00:00  -  Total Local Usage
	17391  -  Run Bytes Sent By Job
	10104412  -  Run Bytes Received By Job
	17391  -  Total Bytes Sent By Job
	10104412  -  Total Bytes Received By Job
	Partitionable Resources :    Usage  Request Allocated 
	   Cpus                 :        0        1         1 
	   Disk (KB)            :     9908    10000     12554 
	   GPUs                 :                           0 
	   Memory (MB)          :      115     3000      3000 
	   TimeExecute (s)      :       89                    
	   TimeSlotBusy (s)     :       90                    

	Job terminated of its own accord at 2025-11-08T09:54:36Z with exit-code 0.
...
