000 (12769464.039.000) 11/08 10:41:11 Job submitted from host: <188.185.121.235:9618?addrs=188.185.121.235-9618+[2001-1458-d00-49--100-36e]-9618&alias=bigbird22.cern.ch&noUDP&sock=schedd_232129_c3ca>
...
040 (12769464.039.000) 11/08 10:53:42 Started transferring input files
	Transferring to host: <188.185.209.229:9618?addrs=188.185.209.229-9618+[2001-1458-303-12--100-62]-9618&alias=b9p12p8471.cern.ch&noUDP&sock=slot1_16_10714_bb6d_41823>
...
040 (12769464.039.000) 11/08 10:53:42 Finished transferring input files
...
001 (12769464.039.000) 11/08 10:53:43 Job executing on host: <188.185.209.229:9618?addrs=188.185.209.229-9618+[2001-1458-303-12--100-62]-9618&alias=b9p12p8471.cern.ch&noUDP&sock=startd_9495_5bd4>
	SlotName: slot1_16@b9p12p8471.cern.ch
	CondorScratchDir = "/pool/condor/dir_2728346"
	Cpus = 1
	Disk = 12952
	GPUs = 0
	Memory = 3000
...
006 (12769464.039.000) 11/08 10:53:57 Image size of job updated: 145152
	142  -  MemoryUsage of job (MB)
	145152  -  ResidentSetSize of job (KB)
...
006 (12769464.039.000) 11/08 10:56:34 Image size of job updated: 268664
	142  -  MemoryUsage of job (MB)
	145152  -  ResidentSetSize of job (KB)
...
040 (12769464.039.000) 11/08 10:56:34 Started transferring output files
...
040 (12769464.039.000) 11/08 10:56:34 Finished transferring output files
...
005 (12769464.039.000) 11/08 10:56:34 Job terminated.
	(1) Normal termination (return value 0)
		Usr 0 00:00:55, Sys 0 00:00:03  -  Run Remote Usage
		Usr 0 00:00:00, Sys 0 00:00:00  -  Run Local Usage
		Usr 0 00:00:55, Sys 0 00:00:03  -  Total Remote Usage
		Usr 0 00:00:00, Sys 0 00:00:00  -  Total Local Usage
	24507  -  Run Bytes Sent By Job
	10104412  -  Run Bytes Received By Job
	24507  -  Total Bytes Sent By Job
	10104412  -  Total Bytes Received By Job
	Partitionable Resources :    Usage  Request Allocated 
	   Cpus                 :        0        1         1 
	   Disk (KB)            :     9916    10000     12952 
	   GPUs                 :                           0 
	   Memory (MB)          :      142     3000      3000 
	   TimeExecute (s)      :      171                    
	   TimeSlotBusy (s)     :      172                    

	Job terminated of its own accord at 2025-11-08T09:56:34Z with exit-code 0.
...
