Starting job on \n
Running on: Linux b9p27p9649.cern.ch 5.14.0-570.44.1.el9_6.x86_64 #1 SMP PREEMPT_DYNAMIC Tue Sep 9 05:17:30 EDT 2025 x86_64 x86_64 x86_64 GNU/Linux\n
System software: Red Hat Enterprise Linux release 9.6 (Plow)\n
Setting up CROWN for RedHatEnterprise Version 9.6
subject   : /DC=ch/DC=cern/OU=Organic Units/OU=Users/CN=jiahua/CN=851532/CN=Jiahua Chen/CN=1735721823
issuer    : /DC=ch/DC=cern/OU=Organic Units/OU=Users/CN=jiahua/CN=851532/CN=Jiahua Chen
identity  : /DC=ch/DC=cern/OU=Organic Units/OU=Users/CN=jiahua/CN=851532/CN=Jiahua Chen
type      : RFC compliant proxy
strength  : 2048 bits
path      : /afs/cern.ch/user/j/jiahua/proxy/x509up_u139833
timeleft  : 196:47:50
key usage : Digital Signature, Key Encipherment
=== VO cms extension information ===
VO        : cms
subject   : /DC=ch/DC=cern/OU=Organic Units/OU=Users/CN=jiahua/CN=851532/CN=Jiahua Chen
issuer    : /DC=ch/DC=cern/OU=computers/CN=cms-auth.cern.ch
attribute : /cms/Role=NULL/Capability=NULL
timeleft  : 188:47:50
uri       : voms-cms-auth.cern.ch:15000
subject   : /DC=ch/DC=cern/OU=Organic Units/OU=Users/CN=jiahua/CN=851532/CN=Jiahua Chen/CN=1735721823
issuer    : /DC=ch/DC=cern/OU=Organic Units/OU=Users/CN=jiahua/CN=851532/CN=Jiahua Chen
identity  : /DC=ch/DC=cern/OU=Organic Units/OU=Users/CN=jiahua/CN=851532/CN=Jiahua Chen
type      : RFC compliant proxy
strength  : 2048 bits
path      : /afs/cern.ch/user/j/jiahua/proxy/x509up_u139833
timeleft  : 196:47:50
key usage : Digital Signature, Key Encipherment
=== VO cms extension information ===
VO        : cms
subject   : /DC=ch/DC=cern/OU=Organic Units/OU=Users/CN=jiahua/CN=851532/CN=Jiahua Chen
issuer    : /DC=ch/DC=cern/OU=computers/CN=cms-auth.cern.ch
attribute : /cms/Role=NULL/Capability=NULL
timeleft  : 188:47:50
uri       : voms-cms-auth.cern.ch:15000
/eos/user/j/jiahua/MC_2023_inc/TbarWplusto2L2Nu_powheg_23/60eb6c95-46ea-43c4-9780-a24ee9736797.root
[2025-11-08 10:51:09.012] [main] [info] Checking input files
[2025-11-08 10:51:12.997] [main] [info] NanoAOD input_file 1: root://cms-xrd-global.cern.ch//store/mc/Run3Summer23NanoAODv12/TbarWplusto2L2Nu_TuneCP5_13p6TeV_powheg-pythia8/NANOAODSIM/130X_mcRun3_2023_realistic_v15-v4/50000/60eb6c95-46ea-43c4-9780-a24ee9736797.root - 3000 Events
[2025-11-08 10:51:12.997] [main] [info] input_file 1: root://cms-xrd-global.cern.ch//store/mc/Run3Summer23NanoAODv12/TbarWplusto2L2Nu_TuneCP5_13p6TeV_powheg-pythia8/NANOAODSIM/130X_mcRun3_2023_realistic_v15-v4/50000/60eb6c95-46ea-43c4-9780-a24ee9736797.root - SumOfGenWeight: 11417.85 
[2025-11-08 10:51:12.997] [main] [info] Output directory: /eos/user/j/jiahua/MC_2023_inc/TbarWplusto2L2Nu_powheg_23/60eb6c95-46ea-43c4-9780-a24ee9736797.root
[2025-11-08 10:51:12.999] [main] [info] Starting Setup of Dataframe with 3000 events
[2025-11-08 10:51:59.909] [main] [info] Finished Setup
[2025-11-08 10:51:59.909] [main] [info] Runtime for setup (real time: 46.91, CPU time: 46.04)
[2025-11-08 10:51:59.909] [main] [info] Starting Evaluation
[2025-11-08 10:52:07.700] [main] [info] vbfhmm:
Flag_goodVertices: pass=3000       all=3000       -- eff=100.00 % cumulative eff=100.00 %
Flag_globalSuperTightHalo2016Filter: pass=2999       all=3000       -- eff=99.97 % cumulative eff=99.97 %
Flag_EcalDeadCellTriggerPrimitiveFilter: pass=2999       all=2999       -- eff=100.00 % cumulative eff=99.97 %
Flag_BadPFMuonFilter: pass=2999       all=2999       -- eff=100.00 % cumulative eff=99.97 %
Flag_BadPFMuonDzFilter: pass=2999       all=2999       -- eff=100.00 % cumulative eff=99.97 %
Flag_eeBadScFilter: pass=2999       all=2999       -- eff=100.00 % cumulative eff=99.97 %
Flag_ecalBadCalibFilter: pass=2998       all=2999       -- eff=99.97 % cumulative eff=99.93 %
Flag_hfNoisyHitsFilter: pass=2998       all=2998       -- eff=100.00 % cumulative eff=99.93 %
Number of muons 2: pass=236        all=2998       -- eff=7.87 % cumulative eff=7.87 %
DiMuon From Higgs: pass=102        all=236        -- eff=43.22 % cumulative eff=3.40 %
LeptonChargeSum: pass=100        all=102        -- eff=98.04 % cumulative eff=3.33 %
[2025-11-08 10:52:07.879] [main] [info] Writing quantities map to /eos/user/j/jiahua/MC_2023_inc/TbarWplusto2L2Nu_powheg_23/60eb6c95-46ea-43c4-9780-a24ee9736797_vbfhmm.root
[2025-11-08 10:52:07.955] [main] [info] Finished Evaluation
[2025-11-08 10:52:07.955] [main] [info] Overall runtime (real time: 54.96, CPU time: 53.39)
