000 (12769445.187.000) 11/08 10:41:00 Job submitted from host: <188.185.121.235:9618?addrs=188.185.121.235-9618+[2001-1458-d00-49--100-36e]-9618&alias=bigbird22.cern.ch&noUDP&sock=schedd_232129_c3ca>
...
040 (12769445.187.000) 11/08 10:46:58 Started transferring input files
	Transferring to host: <188.185.213.90:9618?addrs=188.185.213.90-9618+[2001-1458-303-1a--100-56]-9618&alias=b9p27p8202.cern.ch&noUDP&sock=slot1_14_5158_070b_49030>
...
040 (12769445.187.000) 11/08 10:46:58 Finished transferring input files
...
001 (12769445.187.000) 11/08 10:46:59 Job executing on host: <188.185.213.90:9618?addrs=188.185.213.90-9618+[2001-1458-303-1a--100-56]-9618&alias=b9p27p8202.cern.ch&noUDP&sock=startd_4187_8320>
	SlotName: slot1_14@b9p27p8202.cern.ch
	CondorScratchDir = "/pool/condor/dir_3092485"
	Cpus = 1
	Disk = 15974
	GPUs = 0
	Memory = 3000
...
006 (12769445.187.000) 11/08 10:47:12 Image size of job updated: 105792
	104  -  MemoryUsage of job (MB)
	105792  -  ResidentSetSize of job (KB)
...
006 (12769445.187.000) 11/08 10:48:20 Image size of job updated: 431912
	104  -  MemoryUsage of job (MB)
	105792  -  ResidentSetSize of job (KB)
...
040 (12769445.187.000) 11/08 10:48:20 Started transferring output files
...
040 (12769445.187.000) 11/08 10:48:20 Finished transferring output files
...
005 (12769445.187.000) 11/08 10:48:20 Job terminated.
	(1) Normal termination (return value 0)
		Usr 0 00:01:06, Sys 0 00:00:03  -  Run Remote Usage
		Usr 0 00:00:00, Sys 0 00:00:00  -  Run Local Usage
		Usr 0 00:01:06, Sys 0 00:00:03  -  Total Remote Usage
		Usr 0 00:00:00, Sys 0 00:00:00  -  Total Local Usage
	9767  -  Run Bytes Sent By Job
	11220236  -  Run Bytes Received By Job
	9767  -  Total Bytes Sent By Job
	11220236  -  Total Bytes Received By Job
	Partitionable Resources :    Usage  Request Allocated 
	   Cpus                 :        0        1         1 
	   Disk (KB)            :    10990    12500     15974 
	   GPUs                 :                           0 
	   Memory (MB)          :      104     3000      3000 
	   TimeExecute (s)      :       81                    
	   TimeSlotBusy (s)     :       82                    

	Job terminated of its own accord at 2025-11-08T09:48:20Z with exit-code 0.
...
