Starting job on \n
Running on: Linux b9p20p1995.cern.ch 5.14.0-570.44.1.el9_6.x86_64 #1 SMP PREEMPT_DYNAMIC Tue Sep 9 05:17:30 EDT 2025 x86_64 x86_64 x86_64 GNU/Linux\n
System software: Red Hat Enterprise Linux release 9.6 (Plow)\n
Setting up CROWN for RedHatEnterprise Version 9.6
subject   : /DC=ch/DC=cern/OU=Organic Units/OU=Users/CN=jiahua/CN=851532/CN=Jiahua Chen/CN=1735721823
issuer    : /DC=ch/DC=cern/OU=Organic Units/OU=Users/CN=jiahua/CN=851532/CN=Jiahua Chen
identity  : /DC=ch/DC=cern/OU=Organic Units/OU=Users/CN=jiahua/CN=851532/CN=Jiahua Chen
type      : RFC compliant proxy
strength  : 2048 bits
path      : /afs/cern.ch/user/j/jiahua/proxy/x509up_u139833
timeleft  : 196:52:34
key usage : Digital Signature, Key Encipherment
=== VO cms extension information ===
VO        : cms
subject   : /DC=ch/DC=cern/OU=Organic Units/OU=Users/CN=jiahua/CN=851532/CN=Jiahua Chen
issuer    : /DC=ch/DC=cern/OU=computers/CN=cms-auth.cern.ch
attribute : /cms/Role=NULL/Capability=NULL
timeleft  : 188:52:34
uri       : voms-cms-auth.cern.ch:15000
subject   : /DC=ch/DC=cern/OU=Organic Units/OU=Users/CN=jiahua/CN=851532/CN=Jiahua Chen/CN=1735721823
issuer    : /DC=ch/DC=cern/OU=Organic Units/OU=Users/CN=jiahua/CN=851532/CN=Jiahua Chen
identity  : /DC=ch/DC=cern/OU=Organic Units/OU=Users/CN=jiahua/CN=851532/CN=Jiahua Chen
type      : RFC compliant proxy
strength  : 2048 bits
path      : /afs/cern.ch/user/j/jiahua/proxy/x509up_u139833
timeleft  : 196:52:34
key usage : Digital Signature, Key Encipherment
=== VO cms extension information ===
VO        : cms
subject   : /DC=ch/DC=cern/OU=Organic Units/OU=Users/CN=jiahua/CN=851532/CN=Jiahua Chen
issuer    : /DC=ch/DC=cern/OU=computers/CN=cms-auth.cern.ch
attribute : /cms/Role=NULL/Capability=NULL
timeleft  : 188:52:34
uri       : voms-cms-auth.cern.ch:15000
/eos/user/j/jiahua/MC_2023_inc/TTto2L2Nu_powheg_23/ae9fc5c5-be94-4412-bec4-f698ec83e0f9.root
[2025-11-08 10:46:24.761] [main] [info] Checking input files
[2025-11-08 10:46:31.334] [main] [info] NanoAOD input_file 1: root://cms-xrd-global.cern.ch//store/mc/Run3Summer23NanoAODv12/TTto2L2Nu_TuneCP5_13p6TeV_powheg-pythia8/NANOAODSIM/130X_mcRun3_2023_realistic_v14-v2/70000/ae9fc5c5-be94-4412-bec4-f698ec83e0f9.root - 297000 Events
[2025-11-08 10:46:31.353] [main] [info] input_file 1: root://cms-xrd-global.cern.ch//store/mc/Run3Summer23NanoAODv12/TTto2L2Nu_TuneCP5_13p6TeV_powheg-pythia8/NANOAODSIM/130X_mcRun3_2023_realistic_v14-v2/70000/ae9fc5c5-be94-4412-bec4-f698ec83e0f9.root - SumOfGenWeight: 23891262.446400005 
[2025-11-08 10:46:31.353] [main] [info] Output directory: /eos/user/j/jiahua/MC_2023_inc/TTto2L2Nu_powheg_23/ae9fc5c5-be94-4412-bec4-f698ec83e0f9.root
[2025-11-08 10:46:31.361] [main] [info] Starting Setup of Dataframe with 297000 events
[2025-11-08 10:47:52.132] [main] [info] Finished Setup
[2025-11-08 10:47:52.132] [main] [info] Runtime for setup (real time: 80.78, CPU time: 76.43)
[2025-11-08 10:47:52.132] [main] [info] Starting Evaluation
[2025-11-08 10:48:23.039] [main] [info] 10000 / 297000 (3.37 %) Events processed ...
[2025-11-08 10:48:24.754] [main] [info] 20000 / 297000 (6.73 %) Events processed ...
[2025-11-08 10:48:44.631] [main] [info] 30000 / 297000 (10.10 %) Events processed ...
[2025-11-08 10:48:46.238] [main] [info] 40000 / 297000 (13.47 %) Events processed ...
[2025-11-08 10:49:05.731] [main] [info] 50000 / 297000 (16.84 %) Events processed ...
[2025-11-08 10:49:07.403] [main] [info] 60000 / 297000 (20.20 %) Events processed ...
[2025-11-08 10:49:27.885] [main] [info] 70000 / 297000 (23.57 %) Events processed ...
[2025-11-08 10:49:29.539] [main] [info] 80000 / 297000 (26.94 %) Events processed ...
[2025-11-08 10:49:55.626] [main] [info] 90000 / 297000 (30.30 %) Events processed ...
[2025-11-08 10:49:57.320] [main] [info] 100000 / 297000 (33.67 %) Events processed ...
[2025-11-08 10:49:58.846] [main] [info] 110000 / 297000 (37.04 %) Events processed ...
[2025-11-08 10:50:25.125] [main] [info] 120000 / 297000 (40.40 %) Events processed ...
[2025-11-08 10:50:26.856] [main] [info] 130000 / 297000 (43.77 %) Events processed ...
[2025-11-08 10:50:50.678] [main] [info] 140000 / 297000 (47.14 %) Events processed ...
[2025-11-08 10:50:52.273] [main] [info] 150000 / 297000 (50.51 %) Events processed ...
[2025-11-08 10:51:16.771] [main] [info] 160000 / 297000 (53.87 %) Events processed ...
[2025-11-08 10:51:18.338] [main] [info] 170000 / 297000 (57.24 %) Events processed ...
[2025-11-08 10:51:45.578] [main] [info] 180000 / 297000 (60.61 %) Events processed ...
[2025-11-08 10:51:47.176] [main] [info] 190000 / 297000 (63.97 %) Events processed ...
[2025-11-08 10:52:10.027] [main] [info] 200000 / 297000 (67.34 %) Events processed ...
[2025-11-08 10:52:11.421] [main] [info] 210000 / 297000 (70.71 %) Events processed ...
[2025-11-08 10:52:12.984] [main] [info] 220000 / 297000 (74.07 %) Events processed ...
[2025-11-08 10:52:33.502] [main] [info] 230000 / 297000 (77.44 %) Events processed ...
[2025-11-08 10:52:35.685] [main] [info] 240000 / 297000 (80.81 %) Events processed ...
[2025-11-08 10:52:53.426] [main] [info] 250000 / 297000 (84.18 %) Events processed ...
[2025-11-08 10:52:55.945] [main] [info] 260000 / 297000 (87.54 %) Events processed ...
[2025-11-08 10:53:11.301] [main] [info] 270000 / 297000 (90.91 %) Events processed ...
[2025-11-08 10:53:12.927] [main] [info] 280000 / 297000 (94.28 %) Events processed ...
[2025-11-08 10:53:20.737] [main] [info] 290000 / 297000 (97.64 %) Events processed ...
[2025-11-08 10:53:21.996] [main] [info] vbfhmm:
Flag_goodVertices: pass=297000     all=297000     -- eff=100.00 % cumulative eff=100.00 %
Flag_globalSuperTightHalo2016Filter: pass=296947     all=297000     -- eff=99.98 % cumulative eff=99.98 %
Flag_EcalDeadCellTriggerPrimitiveFilter: pass=296926     all=296947     -- eff=99.99 % cumulative eff=99.98 %
Flag_BadPFMuonFilter: pass=296898     all=296926     -- eff=99.99 % cumulative eff=99.97 %
Flag_BadPFMuonDzFilter: pass=296884     all=296898     -- eff=100.00 % cumulative eff=99.96 %
Flag_eeBadScFilter: pass=296884     all=296884     -- eff=100.00 % cumulative eff=99.96 %
Flag_ecalBadCalibFilter: pass=296833     all=296884     -- eff=99.98 % cumulative eff=99.94 %
Flag_hfNoisyHitsFilter: pass=296828     all=296833     -- eff=100.00 % cumulative eff=99.94 %
Number of muons 2: pass=20598      all=296828     -- eff=6.94 % cumulative eff=6.94 %
DiMuon From Higgs: pass=9450       all=20598      -- eff=45.88 % cumulative eff=3.18 %
LeptonChargeSum: pass=9362       all=9450       -- eff=99.07 % cumulative eff=3.15 %
[2025-11-08 10:53:22.119] [main] [info] Writing quantities map to /eos/user/j/jiahua/MC_2023_inc/TTto2L2Nu_powheg_23/ae9fc5c5-be94-4412-bec4-f698ec83e0f9_vbfhmm.root
[2025-11-08 10:53:22.253] [main] [info] Finished Evaluation
[2025-11-08 10:53:22.253] [main] [info] Overall runtime (real time: 410.90, CPU time: 143.23)
