Starting job on \n
Running on: Linux b9p17p5851.cern.ch 5.14.0-570.44.1.el9_6.x86_64 #1 SMP PREEMPT_DYNAMIC Tue Sep 9 05:17:30 EDT 2025 x86_64 x86_64 x86_64 GNU/Linux\n
System software: Red Hat Enterprise Linux release 9.6 (Plow)\n
Setting up CROWN for RedHatEnterprise Version 9.6
subject   : /DC=ch/DC=cern/OU=Organic Units/OU=Users/CN=jiahua/CN=851532/CN=Jiahua Chen/CN=1735721823
issuer    : /DC=ch/DC=cern/OU=Organic Units/OU=Users/CN=jiahua/CN=851532/CN=Jiahua Chen
identity  : /DC=ch/DC=cern/OU=Organic Units/OU=Users/CN=jiahua/CN=851532/CN=Jiahua Chen
type      : RFC compliant proxy
strength  : 2048 bits
path      : /afs/cern.ch/user/j/jiahua/proxy/x509up_u139833
timeleft  : 196:52:01
key usage : Digital Signature, Key Encipherment
=== VO cms extension information ===
VO        : cms
subject   : /DC=ch/DC=cern/OU=Organic Units/OU=Users/CN=jiahua/CN=851532/CN=Jiahua Chen
issuer    : /DC=ch/DC=cern/OU=computers/CN=cms-auth.cern.ch
attribute : /cms/Role=NULL/Capability=NULL
timeleft  : 188:52:01
uri       : voms-cms-auth.cern.ch:15000
subject   : /DC=ch/DC=cern/OU=Organic Units/OU=Users/CN=jiahua/CN=851532/CN=Jiahua Chen/CN=1735721823
issuer    : /DC=ch/DC=cern/OU=Organic Units/OU=Users/CN=jiahua/CN=851532/CN=Jiahua Chen
identity  : /DC=ch/DC=cern/OU=Organic Units/OU=Users/CN=jiahua/CN=851532/CN=Jiahua Chen
type      : RFC compliant proxy
strength  : 2048 bits
path      : /afs/cern.ch/user/j/jiahua/proxy/x509up_u139833
timeleft  : 196:52:01
key usage : Digital Signature, Key Encipherment
=== VO cms extension information ===
VO        : cms
subject   : /DC=ch/DC=cern/OU=Organic Units/OU=Users/CN=jiahua/CN=851532/CN=Jiahua Chen
issuer    : /DC=ch/DC=cern/OU=computers/CN=cms-auth.cern.ch
attribute : /cms/Role=NULL/Capability=NULL
timeleft  : 188:52:01
uri       : voms-cms-auth.cern.ch:15000
/eos/user/j/jiahua/MC_2023_inc/TTto2L2Nu_powheg_23/b4394179-ab11-45a9-84c1-6e3da256ce2a.root
[2025-11-08 10:46:57.827] [main] [info] Checking input files
[2025-11-08 10:47:05.979] [main] [info] NanoAOD input_file 1: root://cms-xrd-global.cern.ch//store/mc/Run3Summer23NanoAODv12/TTto2L2Nu_TuneCP5_13p6TeV_powheg-pythia8/NANOAODSIM/130X_mcRun3_2023_realistic_v14-v2/70000/b4394179-ab11-45a9-84c1-6e3da256ce2a.root - 75000 Events
[2025-11-08 10:47:06.016] [main] [info] input_file 1: root://cms-xrd-global.cern.ch//store/mc/Run3Summer23NanoAODv12/TTto2L2Nu_TuneCP5_13p6TeV_powheg-pythia8/NANOAODSIM/130X_mcRun3_2023_realistic_v14-v2/70000/b4394179-ab11-45a9-84c1-6e3da256ce2a.root - SumOfGenWeight: 6039158.601800002 
[2025-11-08 10:47:06.016] [main] [info] Output directory: /eos/user/j/jiahua/MC_2023_inc/TTto2L2Nu_powheg_23/b4394179-ab11-45a9-84c1-6e3da256ce2a.root
[2025-11-08 10:47:06.030] [main] [info] Starting Setup of Dataframe with 75000 events
[2025-11-08 10:48:53.303] [main] [info] Finished Setup
[2025-11-08 10:48:53.303] [main] [info] Runtime for setup (real time: 107.29, CPU time: 96.41)
[2025-11-08 10:48:53.303] [main] [info] Starting Evaluation
[2025-11-08 10:49:33.650] [main] [info] 10000 / 75000 (13.33 %) Events processed ...
[2025-11-08 10:49:35.510] [main] [info] 20000 / 75000 (26.67 %) Events processed ...
[2025-11-08 10:49:58.777] [main] [info] 30000 / 75000 (40.00 %) Events processed ...
[2025-11-08 10:50:00.317] [main] [info] 40000 / 75000 (53.33 %) Events processed ...
[2025-11-08 10:50:27.513] [main] [info] 50000 / 75000 (66.67 %) Events processed ...
[2025-11-08 10:50:29.461] [main] [info] 60000 / 75000 (80.00 %) Events processed ...
[2025-11-08 10:50:41.201] [main] [info] 70000 / 75000 (93.33 %) Events processed ...
[2025-11-08 10:50:42.895] [main] [info] vbfhmm:
Flag_goodVertices: pass=75000      all=75000      -- eff=100.00 % cumulative eff=100.00 %
Flag_globalSuperTightHalo2016Filter: pass=74990      all=75000      -- eff=99.99 % cumulative eff=99.99 %
Flag_EcalDeadCellTriggerPrimitiveFilter: pass=74986      all=74990      -- eff=99.99 % cumulative eff=99.98 %
Flag_BadPFMuonFilter: pass=74980      all=74986      -- eff=99.99 % cumulative eff=99.97 %
Flag_BadPFMuonDzFilter: pass=74978      all=74980      -- eff=100.00 % cumulative eff=99.97 %
Flag_eeBadScFilter: pass=74978      all=74978      -- eff=100.00 % cumulative eff=99.97 %
Flag_ecalBadCalibFilter: pass=74965      all=74978      -- eff=99.98 % cumulative eff=99.95 %
Flag_hfNoisyHitsFilter: pass=74965      all=74965      -- eff=100.00 % cumulative eff=99.95 %
Number of muons 2: pass=5133       all=74965      -- eff=6.85 % cumulative eff=6.84 %
DiMuon From Higgs: pass=2338       all=5133       -- eff=45.55 % cumulative eff=3.12 %
LeptonChargeSum: pass=2320       all=2338       -- eff=99.23 % cumulative eff=3.09 %
[2025-11-08 10:50:43.811] [main] [info] Writing quantities map to /eos/user/j/jiahua/MC_2023_inc/TTto2L2Nu_powheg_23/b4394179-ab11-45a9-84c1-6e3da256ce2a_vbfhmm.root
[2025-11-08 10:50:44.326] [main] [info] Finished Evaluation
[2025-11-08 10:50:44.327] [main] [info] Overall runtime (real time: 218.31, CPU time: 125.05)
