000 (12769445.083.000) 11/08 10:41:00 Job submitted from host: <188.185.121.235:9618?addrs=188.185.121.235-9618+[2001-1458-d00-49--100-36e]-9618&alias=bigbird22.cern.ch&noUDP&sock=schedd_232129_c3ca>
...
040 (12769445.083.000) 11/08 10:46:23 Started transferring input files
	Transferring to host: <188.185.208.100:9618?addrs=188.185.208.100-9618+[2001-1458-303-f--100-61]-9618&alias=b9p09p6193.cern.ch&noUDP&sock=slot1_24_3792_8e93_43900>
...
040 (12769445.083.000) 11/08 10:46:23 Finished transferring input files
...
001 (12769445.083.000) 11/08 10:46:24 Job executing on host: <188.185.208.100:9618?addrs=188.185.208.100-9618+[2001-1458-303-f--100-61]-9618&alias=b9p09p6193.cern.ch&noUDP&sock=startd_3355_d454>
	SlotName: slot1_24@b9p09p6193.cern.ch
	CondorScratchDir = "/pool/condor/dir_2486805"
	Cpus = 1
	Disk = 15922
	GPUs = 0
	Memory = 3000
...
006 (12769445.083.000) 11/08 10:46:38 Image size of job updated: 114240
	112  -  MemoryUsage of job (MB)
	114240  -  ResidentSetSize of job (KB)
...
006 (12769445.083.000) 11/08 10:51:39 Image size of job updated: 444916
	435  -  MemoryUsage of job (MB)
	444916  -  ResidentSetSize of job (KB)
...
006 (12769445.083.000) 11/08 10:52:17 Image size of job updated: 451028
	435  -  MemoryUsage of job (MB)
	444916  -  ResidentSetSize of job (KB)
...
040 (12769445.083.000) 11/08 10:52:17 Started transferring output files
...
040 (12769445.083.000) 11/08 10:52:17 Finished transferring output files
...
005 (12769445.083.000) 11/08 10:52:17 Job terminated.
	(1) Normal termination (return value 0)
		Usr 0 00:01:23, Sys 0 00:00:03  -  Run Remote Usage
		Usr 0 00:00:00, Sys 0 00:00:00  -  Run Local Usage
		Usr 0 00:01:23, Sys 0 00:00:03  -  Total Remote Usage
		Usr 0 00:00:00, Sys 0 00:00:00  -  Total Local Usage
	11762  -  Run Bytes Sent By Job
	11220236  -  Run Bytes Received By Job
	11762  -  Total Bytes Sent By Job
	11220236  -  Total Bytes Received By Job
	Partitionable Resources :    Usage  Request Allocated 
	   Cpus                 :     0.47        1         1 
	   Disk (KB)            : 10994       12500     15922 
	   GPUs                 :                           0 
	   Memory (MB)          :   435        3000      3000 
	   TimeExecute (s)      :   353                       
	   TimeSlotBusy (s)     :   354                       

	Job terminated of its own accord at 2025-11-08T09:52:17Z with exit-code 0.
...
