Starting job on \n
Running on: Linux b9p31p9045.cern.ch 5.14.0-570.44.1.el9_6.x86_64 #1 SMP PREEMPT_DYNAMIC Tue Sep 9 05:17:30 EDT 2025 x86_64 x86_64 x86_64 GNU/Linux\n
System software: Red Hat Enterprise Linux release 9.6 (Plow)\n
Setting up CROWN for RedHatEnterprise Version 9.6
subject   : /DC=ch/DC=cern/OU=Organic Units/OU=Users/CN=jiahua/CN=851532/CN=Jiahua Chen/CN=1735721823
issuer    : /DC=ch/DC=cern/OU=Organic Units/OU=Users/CN=jiahua/CN=851532/CN=Jiahua Chen
identity  : /DC=ch/DC=cern/OU=Organic Units/OU=Users/CN=jiahua/CN=851532/CN=Jiahua Chen
type      : RFC compliant proxy
strength  : 2048 bits
path      : /afs/cern.ch/user/j/jiahua/proxy/x509up_u139833
timeleft  : 196:52:22
key usage : Digital Signature, Key Encipherment
=== VO cms extension information ===
VO        : cms
subject   : /DC=ch/DC=cern/OU=Organic Units/OU=Users/CN=jiahua/CN=851532/CN=Jiahua Chen
issuer    : /DC=ch/DC=cern/OU=computers/CN=cms-auth.cern.ch
attribute : /cms/Role=NULL/Capability=NULL
timeleft  : 188:52:22
uri       : voms-cms-auth.cern.ch:15000
subject   : /DC=ch/DC=cern/OU=Organic Units/OU=Users/CN=jiahua/CN=851532/CN=Jiahua Chen/CN=1735721823
issuer    : /DC=ch/DC=cern/OU=Organic Units/OU=Users/CN=jiahua/CN=851532/CN=Jiahua Chen
identity  : /DC=ch/DC=cern/OU=Organic Units/OU=Users/CN=jiahua/CN=851532/CN=Jiahua Chen
type      : RFC compliant proxy
strength  : 2048 bits
path      : /afs/cern.ch/user/j/jiahua/proxy/x509up_u139833
timeleft  : 196:52:21
key usage : Digital Signature, Key Encipherment
=== VO cms extension information ===
VO        : cms
subject   : /DC=ch/DC=cern/OU=Organic Units/OU=Users/CN=jiahua/CN=851532/CN=Jiahua Chen
issuer    : /DC=ch/DC=cern/OU=computers/CN=cms-auth.cern.ch
attribute : /cms/Role=NULL/Capability=NULL
timeleft  : 188:52:21
uri       : voms-cms-auth.cern.ch:15000
/eos/user/j/jiahua/MC_2023_inc/TTto2L2Nu_powheg_23/4b641a7d-fb2f-4287-8c8f-011b17d08e8b.root
[2025-11-08 10:46:37.255] [main] [info] Checking input files
[2025-11-08 10:46:42.285] [main] [info] NanoAOD input_file 1: root://cms-xrd-global.cern.ch//store/mc/Run3Summer23NanoAODv12/TTto2L2Nu_TuneCP5_13p6TeV_powheg-pythia8/NANOAODSIM/130X_mcRun3_2023_realistic_v14-v2/70000/4b641a7d-fb2f-4287-8c8f-011b17d08e8b.root - 9000 Events
[2025-11-08 10:46:42.302] [main] [info] input_file 1: root://cms-xrd-global.cern.ch//store/mc/Run3Summer23NanoAODv12/TTto2L2Nu_TuneCP5_13p6TeV_powheg-pythia8/NANOAODSIM/130X_mcRun3_2023_realistic_v14-v2/70000/4b641a7d-fb2f-4287-8c8f-011b17d08e8b.root - SumOfGenWeight: 723284.5802 
[2025-11-08 10:46:42.302] [main] [info] Output directory: /eos/user/j/jiahua/MC_2023_inc/TTto2L2Nu_powheg_23/4b641a7d-fb2f-4287-8c8f-011b17d08e8b.root
[2025-11-08 10:46:42.303] [main] [info] Starting Setup of Dataframe with 9000 events
[2025-11-08 10:47:33.751] [main] [info] Finished Setup
[2025-11-08 10:47:33.751] [main] [info] Runtime for setup (real time: 51.45, CPU time: 47.75)
[2025-11-08 10:47:33.751] [main] [info] Starting Evaluation
[2025-11-08 10:47:49.964] [main] [info] vbfhmm:
Flag_goodVertices: pass=9000       all=9000       -- eff=100.00 % cumulative eff=100.00 %
Flag_globalSuperTightHalo2016Filter: pass=8997       all=9000       -- eff=99.97 % cumulative eff=99.97 %
Flag_EcalDeadCellTriggerPrimitiveFilter: pass=8996       all=8997       -- eff=99.99 % cumulative eff=99.96 %
Flag_BadPFMuonFilter: pass=8994       all=8996       -- eff=99.98 % cumulative eff=99.93 %
Flag_BadPFMuonDzFilter: pass=8993       all=8994       -- eff=99.99 % cumulative eff=99.92 %
Flag_eeBadScFilter: pass=8993       all=8993       -- eff=100.00 % cumulative eff=99.92 %
Flag_ecalBadCalibFilter: pass=8993       all=8993       -- eff=100.00 % cumulative eff=99.92 %
Flag_hfNoisyHitsFilter: pass=8993       all=8993       -- eff=100.00 % cumulative eff=99.92 %
Number of muons 2: pass=621        all=8993       -- eff=6.91 % cumulative eff=6.90 %
DiMuon From Higgs: pass=278        all=621        -- eff=44.77 % cumulative eff=3.09 %
LeptonChargeSum: pass=276        all=278        -- eff=99.28 % cumulative eff=3.07 %
[2025-11-08 10:47:50.130] [main] [info] Writing quantities map to /eos/user/j/jiahua/MC_2023_inc/TTto2L2Nu_powheg_23/4b641a7d-fb2f-4287-8c8f-011b17d08e8b_vbfhmm.root
[2025-11-08 10:47:50.196] [main] [info] Finished Evaluation
[2025-11-08 10:47:50.197] [main] [info] Overall runtime (real time: 67.89, CPU time: 58.05)
