Starting job on \n
Running on: Linux b9p25p2945.cern.ch 5.14.0-570.44.1.el9_6.x86_64 #1 SMP PREEMPT_DYNAMIC Tue Sep 9 05:17:30 EDT 2025 x86_64 x86_64 x86_64 GNU/Linux\n
System software: Red Hat Enterprise Linux release 9.6 (Plow)\n
Setting up CROWN for RedHatEnterprise Version 9.6
subject   : /DC=ch/DC=cern/OU=Organic Units/OU=Users/CN=jiahua/CN=851532/CN=Jiahua Chen/CN=1735721823
issuer    : /DC=ch/DC=cern/OU=Organic Units/OU=Users/CN=jiahua/CN=851532/CN=Jiahua Chen
identity  : /DC=ch/DC=cern/OU=Organic Units/OU=Users/CN=jiahua/CN=851532/CN=Jiahua Chen
type      : RFC compliant proxy
strength  : 2048 bits
path      : /afs/cern.ch/user/j/jiahua/proxy/x509up_u139833
timeleft  : 196:52:38
key usage : Digital Signature, Key Encipherment
=== VO cms extension information ===
VO        : cms
subject   : /DC=ch/DC=cern/OU=Organic Units/OU=Users/CN=jiahua/CN=851532/CN=Jiahua Chen
issuer    : /DC=ch/DC=cern/OU=computers/CN=cms-auth.cern.ch
attribute : /cms/Role=NULL/Capability=NULL
timeleft  : 188:52:38
uri       : voms-cms-auth.cern.ch:15000
subject   : /DC=ch/DC=cern/OU=Organic Units/OU=Users/CN=jiahua/CN=851532/CN=Jiahua Chen/CN=1735721823
issuer    : /DC=ch/DC=cern/OU=Organic Units/OU=Users/CN=jiahua/CN=851532/CN=Jiahua Chen
identity  : /DC=ch/DC=cern/OU=Organic Units/OU=Users/CN=jiahua/CN=851532/CN=Jiahua Chen
type      : RFC compliant proxy
strength  : 2048 bits
path      : /afs/cern.ch/user/j/jiahua/proxy/x509up_u139833
timeleft  : 196:52:38
key usage : Digital Signature, Key Encipherment
=== VO cms extension information ===
VO        : cms
subject   : /DC=ch/DC=cern/OU=Organic Units/OU=Users/CN=jiahua/CN=851532/CN=Jiahua Chen
issuer    : /DC=ch/DC=cern/OU=computers/CN=cms-auth.cern.ch
attribute : /cms/Role=NULL/Capability=NULL
timeleft  : 188:52:38
uri       : voms-cms-auth.cern.ch:15000
/eos/user/j/jiahua/MC_2023_inc/TTto2L2Nu_powheg_23/56ac5985-8976-4778-b17f-940bf3e25096.root
[2025-11-08 10:46:21.466] [main] [info] Checking input files
[2025-11-08 10:46:26.371] [main] [info] NanoAOD input_file 1: root://cms-xrd-global.cern.ch//store/mc/Run3Summer23NanoAODv12/TTto2L2Nu_TuneCP5_13p6TeV_powheg-pythia8/NANOAODSIM/130X_mcRun3_2023_realistic_v14-v2/70000/56ac5985-8976-4778-b17f-940bf3e25096.root - 240000 Events
[2025-11-08 10:46:26.396] [main] [info] input_file 1: root://cms-xrd-global.cern.ch//store/mc/Run3Summer23NanoAODv12/TTto2L2Nu_TuneCP5_13p6TeV_powheg-pythia8/NANOAODSIM/130X_mcRun3_2023_realistic_v14-v2/70000/56ac5985-8976-4778-b17f-940bf3e25096.root - SumOfGenWeight: 19297537.550399996 
[2025-11-08 10:46:26.396] [main] [info] Output directory: /eos/user/j/jiahua/MC_2023_inc/TTto2L2Nu_powheg_23/56ac5985-8976-4778-b17f-940bf3e25096.root
[2025-11-08 10:46:26.400] [main] [info] Starting Setup of Dataframe with 240000 events
[2025-11-08 10:47:16.149] [main] [info] Finished Setup
[2025-11-08 10:47:16.150] [main] [info] Runtime for setup (real time: 49.75, CPU time: 45.14)
[2025-11-08 10:47:16.150] [main] [info] Starting Evaluation
[2025-11-08 10:47:40.289] [main] [info] 10000 / 240000 (4.17 %) Events processed ...
[2025-11-08 10:47:41.590] [main] [info] 20000 / 240000 (8.33 %) Events processed ...
[2025-11-08 10:48:00.550] [main] [info] 30000 / 240000 (12.50 %) Events processed ...
[2025-11-08 10:48:01.651] [main] [info] 40000 / 240000 (16.67 %) Events processed ...
[2025-11-08 10:48:18.025] [main] [info] 50000 / 240000 (20.83 %) Events processed ...
[2025-11-08 10:48:19.204] [main] [info] 60000 / 240000 (25.00 %) Events processed ...
[2025-11-08 10:48:39.437] [main] [info] 70000 / 240000 (29.17 %) Events processed ...
[2025-11-08 10:48:40.386] [main] [info] 80000 / 240000 (33.33 %) Events processed ...
[2025-11-08 10:48:58.731] [main] [info] 90000 / 240000 (37.50 %) Events processed ...
[2025-11-08 10:48:59.884] [main] [info] 100000 / 240000 (41.67 %) Events processed ...
[2025-11-08 10:49:00.950] [main] [info] 110000 / 240000 (45.83 %) Events processed ...
[2025-11-08 10:49:23.473] [main] [info] 120000 / 240000 (50.00 %) Events processed ...
[2025-11-08 10:49:24.546] [main] [info] 130000 / 240000 (54.17 %) Events processed ...
[2025-11-08 10:49:51.067] [main] [info] 140000 / 240000 (58.33 %) Events processed ...
[2025-11-08 10:49:52.160] [main] [info] 150000 / 240000 (62.50 %) Events processed ...
[2025-11-08 10:50:16.787] [main] [info] 160000 / 240000 (66.67 %) Events processed ...
[2025-11-08 10:50:17.848] [main] [info] 170000 / 240000 (70.83 %) Events processed ...
[2025-11-08 10:50:43.203] [main] [info] 180000 / 240000 (75.00 %) Events processed ...
[2025-11-08 10:50:44.484] [main] [info] 190000 / 240000 (79.17 %) Events processed ...
[2025-11-08 10:50:45.513] [main] [info] 200000 / 240000 (83.33 %) Events processed ...
[2025-11-08 10:51:09.138] [main] [info] 210000 / 240000 (87.50 %) Events processed ...
[2025-11-08 10:51:10.329] [main] [info] 220000 / 240000 (91.67 %) Events processed ...
[2025-11-08 10:51:27.808] [main] [info] 230000 / 240000 (95.83 %) Events processed ...
[2025-11-08 10:51:28.863] [main] [info] 240000 / 240000 (100.00 %) Events processed ...
[2025-11-08 10:51:29.989] [main] [info] vbfhmm:
Flag_goodVertices: pass=240000     all=240000     -- eff=100.00 % cumulative eff=100.00 %
Flag_globalSuperTightHalo2016Filter: pass=239956     all=240000     -- eff=99.98 % cumulative eff=99.98 %
Flag_EcalDeadCellTriggerPrimitiveFilter: pass=239932     all=239956     -- eff=99.99 % cumulative eff=99.97 %
Flag_BadPFMuonFilter: pass=239898     all=239932     -- eff=99.99 % cumulative eff=99.96 %
Flag_BadPFMuonDzFilter: pass=239888     all=239898     -- eff=100.00 % cumulative eff=99.95 %
Flag_eeBadScFilter: pass=239888     all=239888     -- eff=100.00 % cumulative eff=99.95 %
Flag_ecalBadCalibFilter: pass=239838     all=239888     -- eff=99.98 % cumulative eff=99.93 %
Flag_hfNoisyHitsFilter: pass=239830     all=239838     -- eff=100.00 % cumulative eff=99.93 %
Number of muons 2: pass=16387      all=239830     -- eff=6.83 % cumulative eff=6.83 %
DiMuon From Higgs: pass=7550       all=16387      -- eff=46.07 % cumulative eff=3.15 %
LeptonChargeSum: pass=7484       all=7550       -- eff=99.13 % cumulative eff=3.12 %
[2025-11-08 10:51:30.577] [main] [info] Writing quantities map to /eos/user/j/jiahua/MC_2023_inc/TTto2L2Nu_powheg_23/56ac5985-8976-4778-b17f-940bf3e25096_vbfhmm.root
[2025-11-08 10:51:31.197] [main] [info] Finished Evaluation
[2025-11-08 10:51:31.198] [main] [info] Overall runtime (real time: 304.80, CPU time: 81.54)
