000 (12769445.160.000) 11/08 10:41:00 Job submitted from host: <188.185.121.235:9618?addrs=188.185.121.235-9618+[2001-1458-d00-49--100-36e]-9618&alias=bigbird22.cern.ch&noUDP&sock=schedd_232129_c3ca>
...
040 (12769445.160.000) 11/08 10:46:50 Started transferring input files
	Transferring to host: <188.185.194.54:9618?addrs=188.185.194.54-9618+[2001-1458-303-21--100-32]-9618&alias=b9p20p1757.cern.ch&noUDP&sock=slot1_21_6828_b18f_47188>
...
040 (12769445.160.000) 11/08 10:46:50 Finished transferring input files
...
001 (12769445.160.000) 11/08 10:46:51 Job executing on host: <188.185.194.54:9618?addrs=188.185.194.54-9618+[2001-1458-303-21--100-32]-9618&alias=b9p20p1757.cern.ch&noUDP&sock=startd_5648_a2fe>
	SlotName: slot1_21@b9p20p1757.cern.ch
	CondorScratchDir = "/pool/condor/dir_505611"
	Cpus = 1
	Disk = 16162
	GPUs = 0
	Memory = 3000
...
006 (12769445.160.000) 11/08 10:47:05 Image size of job updated: 95408
	94  -  MemoryUsage of job (MB)
	95408  -  ResidentSetSize of job (KB)
...
006 (12769445.160.000) 11/08 10:52:06 Image size of job updated: 446504
	437  -  MemoryUsage of job (MB)
	446504  -  ResidentSetSize of job (KB)
...
006 (12769445.160.000) 11/08 10:54:43 Image size of job updated: 457732
	437  -  MemoryUsage of job (MB)
	446504  -  ResidentSetSize of job (KB)
...
040 (12769445.160.000) 11/08 10:54:43 Started transferring output files
...
040 (12769445.160.000) 11/08 10:54:43 Finished transferring output files
...
005 (12769445.160.000) 11/08 10:54:43 Job terminated.
	(1) Normal termination (return value 0)
		Usr 0 00:02:40, Sys 0 00:00:04  -  Run Remote Usage
		Usr 0 00:00:00, Sys 0 00:00:00  -  Run Local Usage
		Usr 0 00:02:40, Sys 0 00:00:04  -  Total Remote Usage
		Usr 0 00:00:00, Sys 0 00:00:00  -  Total Local Usage
	13417  -  Run Bytes Sent By Job
	11220236  -  Run Bytes Received By Job
	13417  -  Total Bytes Sent By Job
	11220236  -  Total Bytes Received By Job
	Partitionable Resources :    Usage  Request Allocated 
	   Cpus                 :     0.20        1         1 
	   Disk (KB)            : 10994       12500     16162 
	   GPUs                 :                           0 
	   Memory (MB)          :   437        3000      3000 
	   TimeExecute (s)      :   472                       
	   TimeSlotBusy (s)     :   474                       

	Job terminated of its own accord at 2025-11-08T09:54:43Z with exit-code 0.
...
