Starting job on \n
Running on: Linux b9p17p4674.cern.ch 5.14.0-570.44.1.el9_6.x86_64 #1 SMP PREEMPT_DYNAMIC Tue Sep 9 05:17:30 EDT 2025 x86_64 x86_64 x86_64 GNU/Linux\n
System software: Red Hat Enterprise Linux release 9.6 (Plow)\n
Setting up CROWN for RedHatEnterprise Version 9.6
subject   : /DC=ch/DC=cern/OU=Organic Units/OU=Users/CN=jiahua/CN=851532/CN=Jiahua Chen/CN=1735721823
issuer    : /DC=ch/DC=cern/OU=Organic Units/OU=Users/CN=jiahua/CN=851532/CN=Jiahua Chen
identity  : /DC=ch/DC=cern/OU=Organic Units/OU=Users/CN=jiahua/CN=851532/CN=Jiahua Chen
type      : RFC compliant proxy
strength  : 2048 bits
path      : /afs/cern.ch/user/j/jiahua/proxy/x509up_u139833
timeleft  : 196:52:14
key usage : Digital Signature, Key Encipherment
=== VO cms extension information ===
VO        : cms
subject   : /DC=ch/DC=cern/OU=Organic Units/OU=Users/CN=jiahua/CN=851532/CN=Jiahua Chen
issuer    : /DC=ch/DC=cern/OU=computers/CN=cms-auth.cern.ch
attribute : /cms/Role=NULL/Capability=NULL
timeleft  : 188:52:14
uri       : voms-cms-auth.cern.ch:15000
subject   : /DC=ch/DC=cern/OU=Organic Units/OU=Users/CN=jiahua/CN=851532/CN=Jiahua Chen/CN=1735721823
issuer    : /DC=ch/DC=cern/OU=Organic Units/OU=Users/CN=jiahua/CN=851532/CN=Jiahua Chen
identity  : /DC=ch/DC=cern/OU=Organic Units/OU=Users/CN=jiahua/CN=851532/CN=Jiahua Chen
type      : RFC compliant proxy
strength  : 2048 bits
path      : /afs/cern.ch/user/j/jiahua/proxy/x509up_u139833
timeleft  : 196:52:14
key usage : Digital Signature, Key Encipherment
=== VO cms extension information ===
VO        : cms
subject   : /DC=ch/DC=cern/OU=Organic Units/OU=Users/CN=jiahua/CN=851532/CN=Jiahua Chen
issuer    : /DC=ch/DC=cern/OU=computers/CN=cms-auth.cern.ch
attribute : /cms/Role=NULL/Capability=NULL
timeleft  : 188:52:14
uri       : voms-cms-auth.cern.ch:15000
/eos/user/j/jiahua/MC_2023_inc/TTto2L2Nu_powheg_23/4d33ad3e-7d37-4319-ae5e-05a3fc12cdd0.root
[2025-11-08 10:46:44.545] [main] [info] Checking input files
[2025-11-08 10:46:49.326] [main] [info] NanoAOD input_file 1: root://cms-xrd-global.cern.ch//store/mc/Run3Summer23NanoAODv12/TTto2L2Nu_TuneCP5_13p6TeV_powheg-pythia8/NANOAODSIM/130X_mcRun3_2023_realistic_v14-v2/70000/4d33ad3e-7d37-4319-ae5e-05a3fc12cdd0.root - 66000 Events
[2025-11-08 10:46:49.327] [main] [info] input_file 1: root://cms-xrd-global.cern.ch//store/mc/Run3Summer23NanoAODv12/TTto2L2Nu_TuneCP5_13p6TeV_powheg-pythia8/NANOAODSIM/130X_mcRun3_2023_realistic_v14-v2/70000/4d33ad3e-7d37-4319-ae5e-05a3fc12cdd0.root - SumOfGenWeight: 5311332.203199999 
[2025-11-08 10:46:49.327] [main] [info] Output directory: /eos/user/j/jiahua/MC_2023_inc/TTto2L2Nu_powheg_23/4d33ad3e-7d37-4319-ae5e-05a3fc12cdd0.root
[2025-11-08 10:46:49.332] [main] [info] Starting Setup of Dataframe with 66000 events
[2025-11-08 10:47:47.753] [main] [info] Finished Setup
[2025-11-08 10:47:47.753] [main] [info] Runtime for setup (real time: 58.43, CPU time: 55.17)
[2025-11-08 10:47:47.753] [main] [info] Starting Evaluation
[2025-11-08 10:48:13.814] [main] [info] 10000 / 66000 (15.15 %) Events processed ...
[2025-11-08 10:48:15.233] [main] [info] 20000 / 66000 (30.30 %) Events processed ...
[2025-11-08 10:48:34.869] [main] [info] 30000 / 66000 (45.45 %) Events processed ...
[2025-11-08 10:48:36.368] [main] [info] 40000 / 66000 (60.61 %) Events processed ...
[2025-11-08 10:48:57.236] [main] [info] 50000 / 66000 (75.76 %) Events processed ...
[2025-11-08 10:48:58.399] [main] [info] 60000 / 66000 (90.91 %) Events processed ...
[2025-11-08 10:48:59.494] [main] [info] vbfhmm:
Flag_goodVertices: pass=66000      all=66000      -- eff=100.00 % cumulative eff=100.00 %
Flag_globalSuperTightHalo2016Filter: pass=65989      all=66000      -- eff=99.98 % cumulative eff=99.98 %
Flag_EcalDeadCellTriggerPrimitiveFilter: pass=65988      all=65989      -- eff=100.00 % cumulative eff=99.98 %
Flag_BadPFMuonFilter: pass=65981      all=65988      -- eff=99.99 % cumulative eff=99.97 %
Flag_BadPFMuonDzFilter: pass=65980      all=65981      -- eff=100.00 % cumulative eff=99.97 %
Flag_eeBadScFilter: pass=65980      all=65980      -- eff=100.00 % cumulative eff=99.97 %
Flag_ecalBadCalibFilter: pass=65975      all=65980      -- eff=99.99 % cumulative eff=99.96 %
Flag_hfNoisyHitsFilter: pass=65975      all=65975      -- eff=100.00 % cumulative eff=99.96 %
Number of muons 2: pass=4449       all=65975      -- eff=6.74 % cumulative eff=6.74 %
DiMuon From Higgs: pass=2042       all=4449       -- eff=45.90 % cumulative eff=3.09 %
LeptonChargeSum: pass=2017       all=2042       -- eff=98.78 % cumulative eff=3.06 %
[2025-11-08 10:48:59.947] [main] [info] Writing quantities map to /eos/user/j/jiahua/MC_2023_inc/TTto2L2Nu_powheg_23/4d33ad3e-7d37-4319-ae5e-05a3fc12cdd0_vbfhmm.root
[2025-11-08 10:49:00.461] [main] [info] Finished Evaluation
[2025-11-08 10:49:00.462] [main] [info] Overall runtime (real time: 131.13, CPU time: 74.38)
