000 (12769445.079.000) 11/08 10:41:00 Job submitted from host: <188.185.121.235:9618?addrs=188.185.121.235-9618+[2001-1458-d00-49--100-36e]-9618&alias=bigbird22.cern.ch&noUDP&sock=schedd_232129_c3ca>
...
040 (12769445.079.000) 11/08 10:46:24 Started transferring input files
	Transferring to host: <188.185.192.150:9618?addrs=188.185.192.150-9618+[2001-1458-303-1f--100-92]-9618&alias=b9p13p1188.cern.ch&noUDP&sock=slot1_14_6890_60d1_47981>
...
040 (12769445.079.000) 11/08 10:46:24 Finished transferring input files
...
001 (12769445.079.000) 11/08 10:46:25 Job executing on host: <188.185.192.150:9618?addrs=188.185.192.150-9618+[2001-1458-303-1f--100-92]-9618&alias=b9p13p1188.cern.ch&noUDP&sock=startd_5904_3b3d>
	SlotName: slot1_14@b9p13p1188.cern.ch
	CondorScratchDir = "/pool/condor/dir_2540671"
	Cpus = 1
	Disk = 15747
	GPUs = 0
	Memory = 3000
...
006 (12769445.079.000) 11/08 10:46:38 Image size of job updated: 14120
	2  -  MemoryUsage of job (MB)
	1072  -  ResidentSetSize of job (KB)
...
006 (12769445.079.000) 11/08 10:51:38 Image size of job updated: 438912
	429  -  MemoryUsage of job (MB)
	438912  -  ResidentSetSize of job (KB)
...
006 (12769445.079.000) 11/08 10:54:14 Image size of job updated: 451332
	429  -  MemoryUsage of job (MB)
	438912  -  ResidentSetSize of job (KB)
...
040 (12769445.079.000) 11/08 10:54:14 Started transferring output files
...
040 (12769445.079.000) 11/08 10:54:14 Finished transferring output files
...
005 (12769445.079.000) 11/08 10:54:21 Job terminated.
	(1) Normal termination (return value 0)
		Usr 0 00:02:36, Sys 0 00:00:04  -  Run Remote Usage
		Usr 0 00:00:00, Sys 0 00:00:00  -  Run Local Usage
		Usr 0 00:02:36, Sys 0 00:00:04  -  Total Remote Usage
		Usr 0 00:00:00, Sys 0 00:00:00  -  Total Local Usage
	12285  -  Run Bytes Sent By Job
	11220236  -  Run Bytes Received By Job
	12285  -  Total Bytes Sent By Job
	11220236  -  Total Bytes Received By Job
	Partitionable Resources :    Usage  Request Allocated 
	   Cpus                 :     0.01        1         1 
	   Disk (KB)            : 10993       12500     15747 
	   GPUs                 :                           0 
	   Memory (MB)          :   429        3000      3000 
	   TimeExecute (s)      :   469                       
	   TimeSlotBusy (s)     :   472                       

	Job terminated of its own accord at 2025-11-08T09:54:14Z with exit-code 0.
...
