Starting job on \n
Running on: Linux b9p25p6315.cern.ch 5.14.0-570.44.1.el9_6.x86_64 #1 SMP PREEMPT_DYNAMIC Tue Sep 9 05:17:30 EDT 2025 x86_64 x86_64 x86_64 GNU/Linux\n
System software: Red Hat Enterprise Linux release 9.6 (Plow)\n
Setting up CROWN for RedHatEnterprise Version 9.6
subject   : /DC=ch/DC=cern/OU=Organic Units/OU=Users/CN=jiahua/CN=851532/CN=Jiahua Chen/CN=1735721823
issuer    : /DC=ch/DC=cern/OU=Organic Units/OU=Users/CN=jiahua/CN=851532/CN=Jiahua Chen
identity  : /DC=ch/DC=cern/OU=Organic Units/OU=Users/CN=jiahua/CN=851532/CN=Jiahua Chen
type      : RFC compliant proxy
strength  : 2048 bits
path      : /afs/cern.ch/user/j/jiahua/proxy/x509up_u139833
timeleft  : 196:53:00
key usage : Digital Signature, Key Encipherment
=== VO cms extension information ===
VO        : cms
subject   : /DC=ch/DC=cern/OU=Organic Units/OU=Users/CN=jiahua/CN=851532/CN=Jiahua Chen
issuer    : /DC=ch/DC=cern/OU=computers/CN=cms-auth.cern.ch
attribute : /cms/Role=NULL/Capability=NULL
timeleft  : 188:53:00
uri       : voms-cms-auth.cern.ch:15000
subject   : /DC=ch/DC=cern/OU=Organic Units/OU=Users/CN=jiahua/CN=851532/CN=Jiahua Chen/CN=1735721823
issuer    : /DC=ch/DC=cern/OU=Organic Units/OU=Users/CN=jiahua/CN=851532/CN=Jiahua Chen
identity  : /DC=ch/DC=cern/OU=Organic Units/OU=Users/CN=jiahua/CN=851532/CN=Jiahua Chen
type      : RFC compliant proxy
strength  : 2048 bits
path      : /afs/cern.ch/user/j/jiahua/proxy/x509up_u139833
timeleft  : 196:53:00
key usage : Digital Signature, Key Encipherment
=== VO cms extension information ===
VO        : cms
subject   : /DC=ch/DC=cern/OU=Organic Units/OU=Users/CN=jiahua/CN=851532/CN=Jiahua Chen
issuer    : /DC=ch/DC=cern/OU=computers/CN=cms-auth.cern.ch
attribute : /cms/Role=NULL/Capability=NULL
timeleft  : 188:53:00
uri       : voms-cms-auth.cern.ch:15000
/eos/user/j/jiahua/MC_2023_inc/VBFHto2Mu_M-125_powheg_23/7e9f0df9-ff6e-494b-b13a-d771550cb92d.root
[2025-11-08 10:45:59.016] [main] [info] Checking input files
[2025-11-08 10:46:03.884] [main] [info] NanoAOD input_file 1: root://cms-xrd-global.cern.ch//store/mc/Run3Summer23NanoAODv12/VBFHto2Mu_M-125_TuneCP5_13p6TeV_powheg-pythia8/NANOAODSIM/130X_mcRun3_2023_realistic_v15-v2/2820000/7e9f0df9-ff6e-494b-b13a-d771550cb92d.root - 3000 Events
[2025-11-08 10:46:03.926] [main] [info] input_file 1: root://cms-xrd-global.cern.ch//store/mc/Run3Summer23NanoAODv12/VBFHto2Mu_M-125_TuneCP5_13p6TeV_powheg-pythia8/NANOAODSIM/130X_mcRun3_2023_realistic_v15-v2/2820000/7e9f0df9-ff6e-494b-b13a-d771550cb92d.root - SumOfGenWeight: 12527.674440000003 
[2025-11-08 10:46:03.927] [main] [info] Output directory: /eos/user/j/jiahua/MC_2023_inc/VBFHto2Mu_M-125_powheg_23/7e9f0df9-ff6e-494b-b13a-d771550cb92d.root
[2025-11-08 10:46:03.935] [main] [info] Starting Setup of Dataframe with 3000 events
[2025-11-08 10:47:01.710] [main] [info] Finished Setup
[2025-11-08 10:47:01.710] [main] [info] Runtime for setup (real time: 57.78, CPU time: 56.38)
[2025-11-08 10:47:01.710] [main] [info] Starting Evaluation
[2025-11-08 10:47:15.137] [main] [info] vbfhmm:
Flag_goodVertices: pass=3000       all=3000       -- eff=100.00 % cumulative eff=100.00 %
Flag_globalSuperTightHalo2016Filter: pass=2999       all=3000       -- eff=99.97 % cumulative eff=99.97 %
Flag_EcalDeadCellTriggerPrimitiveFilter: pass=2999       all=2999       -- eff=100.00 % cumulative eff=99.97 %
Flag_BadPFMuonFilter: pass=2999       all=2999       -- eff=100.00 % cumulative eff=99.97 %
Flag_BadPFMuonDzFilter: pass=2998       all=2999       -- eff=99.97 % cumulative eff=99.93 %
Flag_eeBadScFilter: pass=2998       all=2998       -- eff=100.00 % cumulative eff=99.93 %
Flag_ecalBadCalibFilter: pass=2997       all=2998       -- eff=99.97 % cumulative eff=99.90 %
Flag_hfNoisyHitsFilter: pass=2997       all=2997       -- eff=100.00 % cumulative eff=99.90 %
Number of muons 2: pass=1918       all=2997       -- eff=64.00 % cumulative eff=63.93 %
DiMuon From Higgs: pass=1917       all=1918       -- eff=99.95 % cumulative eff=63.90 %
LeptonChargeSum: pass=1917       all=1917       -- eff=100.00 % cumulative eff=63.90 %
[2025-11-08 10:47:15.354] [main] [info] Writing quantities map to /eos/user/j/jiahua/MC_2023_inc/VBFHto2Mu_M-125_powheg_23/7e9f0df9-ff6e-494b-b13a-d771550cb92d_vbfhmm.root
[2025-11-08 10:47:15.605] [main] [info] Finished Evaluation
[2025-11-08 10:47:15.605] [main] [info] Overall runtime (real time: 71.68, CPU time: 68.65)
