000 (12769446.081.000) 11/08 10:41:00 Job submitted from host: <188.185.121.235:9618?addrs=188.185.121.235-9618+[2001-1458-d00-49--100-36e]-9618&alias=bigbird22.cern.ch&noUDP&sock=schedd_232129_c3ca>
...
040 (12769446.081.000) 11/08 10:47:29 Started transferring input files
	Transferring to host: <188.185.193.61:9618?addrs=188.185.193.61-9618+[2001-1458-303-20--100-39]-9618&alias=b9p19p5021.cern.ch&noUDP&sock=slot1_36_184211_105c_18672>
...
040 (12769446.081.000) 11/08 10:47:29 Finished transferring input files
...
001 (12769446.081.000) 11/08 10:47:30 Job executing on host: <188.185.193.61:9618?addrs=188.185.193.61-9618+[2001-1458-303-20--100-39]-9618&alias=b9p19p5021.cern.ch&noUDP&sock=startd_173500_25b9>
	SlotName: slot1_36@b9p19p5021.cern.ch
	CondorScratchDir = "/pool/condor/dir_1933128"
	Cpus = 1
	Disk = 16143
	GPUs = 0
	Memory = 3000
...
006 (12769446.081.000) 11/08 10:47:44 Image size of job updated: 95080
	93  -  MemoryUsage of job (MB)
	95080  -  ResidentSetSize of job (KB)
...
006 (12769446.081.000) 11/08 10:49:07 Image size of job updated: 418948
	93  -  MemoryUsage of job (MB)
	95080  -  ResidentSetSize of job (KB)
...
040 (12769446.081.000) 11/08 10:49:07 Started transferring output files
...
040 (12769446.081.000) 11/08 10:49:07 Finished transferring output files
...
005 (12769446.081.000) 11/08 10:49:07 Job terminated.
	(1) Normal termination (return value 0)
		Usr 0 00:01:14, Sys 0 00:00:02  -  Run Remote Usage
		Usr 0 00:00:00, Sys 0 00:00:00  -  Run Local Usage
		Usr 0 00:01:14, Sys 0 00:00:02  -  Total Remote Usage
		Usr 0 00:00:00, Sys 0 00:00:00  -  Total Local Usage
	9427  -  Run Bytes Sent By Job
	11220236  -  Run Bytes Received By Job
	9427  -  Total Bytes Sent By Job
	11220236  -  Total Bytes Received By Job
	Partitionable Resources :    Usage  Request Allocated 
	   Cpus                 :        0        1         1 
	   Disk (KB)            :    10989    12500     16143 
	   GPUs                 :                           0 
	   Memory (MB)          :       93     3000      3000 
	   TimeExecute (s)      :       97                    
	   TimeSlotBusy (s)     :       98                    

	Job terminated of its own accord at 2025-11-08T09:49:07Z with exit-code 0.
...
