Starting job on \n
Running on: Linux b9p16p3793.cern.ch 5.14.0-570.44.1.el9_6.x86_64 #1 SMP PREEMPT_DYNAMIC Tue Sep 9 05:17:30 EDT 2025 x86_64 x86_64 x86_64 GNU/Linux\n
System software: Red Hat Enterprise Linux release 9.6 (Plow)\n
Setting up CROWN for RedHatEnterprise Version 9.6
subject   : /DC=ch/DC=cern/OU=Organic Units/OU=Users/CN=jiahua/CN=851532/CN=Jiahua Chen/CN=1735721823
issuer    : /DC=ch/DC=cern/OU=Organic Units/OU=Users/CN=jiahua/CN=851532/CN=Jiahua Chen
identity  : /DC=ch/DC=cern/OU=Organic Units/OU=Users/CN=jiahua/CN=851532/CN=Jiahua Chen
type      : RFC compliant proxy
strength  : 2048 bits
path      : /afs/cern.ch/user/j/jiahua/proxy/x509up_u139833
timeleft  : 196:51:28
key usage : Digital Signature, Key Encipherment
=== VO cms extension information ===
VO        : cms
subject   : /DC=ch/DC=cern/OU=Organic Units/OU=Users/CN=jiahua/CN=851532/CN=Jiahua Chen
issuer    : /DC=ch/DC=cern/OU=computers/CN=cms-auth.cern.ch
attribute : /cms/Role=NULL/Capability=NULL
timeleft  : 188:51:28
uri       : voms-cms-auth.cern.ch:15000
subject   : /DC=ch/DC=cern/OU=Organic Units/OU=Users/CN=jiahua/CN=851532/CN=Jiahua Chen/CN=1735721823
issuer    : /DC=ch/DC=cern/OU=Organic Units/OU=Users/CN=jiahua/CN=851532/CN=Jiahua Chen
identity  : /DC=ch/DC=cern/OU=Organic Units/OU=Users/CN=jiahua/CN=851532/CN=Jiahua Chen
type      : RFC compliant proxy
strength  : 2048 bits
path      : /afs/cern.ch/user/j/jiahua/proxy/x509up_u139833
timeleft  : 196:51:28
key usage : Digital Signature, Key Encipherment
=== VO cms extension information ===
VO        : cms
subject   : /DC=ch/DC=cern/OU=Organic Units/OU=Users/CN=jiahua/CN=851532/CN=Jiahua Chen
issuer    : /DC=ch/DC=cern/OU=computers/CN=cms-auth.cern.ch
attribute : /cms/Role=NULL/Capability=NULL
timeleft  : 188:51:28
uri       : voms-cms-auth.cern.ch:15000
/eos/user/j/jiahua/MC_2023_inc/WWto2L2Nu_powheg_23/be49a125-c7e5-46a4-9a94-36dba9f03328.root
[2025-11-08 10:47:30.487] [main] [info] Checking input files
[2025-11-08 10:47:46.097] [main] [info] NanoAOD input_file 1: root://cms-xrd-global.cern.ch//store/mc/Run3Summer23NanoAODv12/WWto2L2Nu_TuneCP5_13p6TeV_powheg-pythia8/NANOAODSIM/130X_mcRun3_2023_realistic_v14-v4/2810000/be49a125-c7e5-46a4-9a94-36dba9f03328.root - 69000 Events
[2025-11-08 10:47:46.117] [main] [info] input_file 1: root://cms-xrd-global.cern.ch//store/mc/Run3Summer23NanoAODv12/WWto2L2Nu_TuneCP5_13p6TeV_powheg-pythia8/NANOAODSIM/130X_mcRun3_2023_realistic_v14-v4/2810000/be49a125-c7e5-46a4-9a94-36dba9f03328.root - SumOfGenWeight: 813519.1680000001 
[2025-11-08 10:47:46.117] [main] [info] Output directory: /eos/user/j/jiahua/MC_2023_inc/WWto2L2Nu_powheg_23/be49a125-c7e5-46a4-9a94-36dba9f03328.root
[2025-11-08 10:47:46.121] [main] [info] Starting Setup of Dataframe with 69000 events
[2025-11-08 10:48:53.988] [main] [info] Finished Setup
[2025-11-08 10:48:53.988] [main] [info] Runtime for setup (real time: 67.87, CPU time: 64.11)
[2025-11-08 10:48:53.988] [main] [info] Starting Evaluation
[2025-11-08 10:49:31.768] [main] [info] 10000 / 69000 (14.49 %) Events processed ...
[2025-11-08 10:49:32.498] [main] [info] 20000 / 69000 (28.99 %) Events processed ...
[2025-11-08 10:49:33.206] [main] [info] 30000 / 69000 (43.48 %) Events processed ...
[2025-11-08 10:49:47.405] [main] [info] 40000 / 69000 (57.97 %) Events processed ...
[2025-11-08 10:49:48.413] [main] [info] 50000 / 69000 (72.46 %) Events processed ...
[2025-11-08 10:49:49.450] [main] [info] 60000 / 69000 (86.96 %) Events processed ...
[2025-11-08 10:49:59.646] [main] [info] vbfhmm:
Flag_goodVertices: pass=69000      all=69000      -- eff=100.00 % cumulative eff=100.00 %
Flag_globalSuperTightHalo2016Filter: pass=68995      all=69000      -- eff=99.99 % cumulative eff=99.99 %
Flag_EcalDeadCellTriggerPrimitiveFilter: pass=68993      all=68995      -- eff=100.00 % cumulative eff=99.99 %
Flag_BadPFMuonFilter: pass=68987      all=68993      -- eff=99.99 % cumulative eff=99.98 %
Flag_BadPFMuonDzFilter: pass=68986      all=68987      -- eff=100.00 % cumulative eff=99.98 %
Flag_eeBadScFilter: pass=68986      all=68986      -- eff=100.00 % cumulative eff=99.98 %
Flag_ecalBadCalibFilter: pass=68975      all=68986      -- eff=99.98 % cumulative eff=99.96 %
Flag_hfNoisyHitsFilter: pass=68972      all=68975      -- eff=100.00 % cumulative eff=99.96 %
Number of muons 2: pass=3498       all=68972      -- eff=5.07 % cumulative eff=5.07 %
DiMuon From Higgs: pass=1653       all=3498       -- eff=47.26 % cumulative eff=2.40 %
LeptonChargeSum: pass=1653       all=1653       -- eff=100.00 % cumulative eff=2.40 %
[2025-11-08 10:49:59.903] [main] [info] Writing quantities map to /eos/user/j/jiahua/MC_2023_inc/WWto2L2Nu_powheg_23/be49a125-c7e5-46a4-9a94-36dba9f03328_vbfhmm.root
[2025-11-08 10:50:00.617] [main] [info] Finished Evaluation
[2025-11-08 10:50:00.617] [main] [info] Overall runtime (real time: 134.50, CPU time: 82.72)
