Starting job on \n
Running on: Linux b9p20p3359.cern.ch 5.14.0-570.44.1.el9_6.x86_64 #1 SMP PREEMPT_DYNAMIC Tue Sep 9 05:17:30 EDT 2025 x86_64 x86_64 x86_64 GNU/Linux\n
System software: Red Hat Enterprise Linux release 9.6 (Plow)\n
Setting up CROWN for RedHatEnterprise Version 9.6
subject   : /DC=ch/DC=cern/OU=Organic Units/OU=Users/CN=jiahua/CN=851532/CN=Jiahua Chen/CN=1735721823
issuer    : /DC=ch/DC=cern/OU=Organic Units/OU=Users/CN=jiahua/CN=851532/CN=Jiahua Chen
identity  : /DC=ch/DC=cern/OU=Organic Units/OU=Users/CN=jiahua/CN=851532/CN=Jiahua Chen
type      : RFC compliant proxy
strength  : 2048 bits
path      : /afs/cern.ch/user/j/jiahua/proxy/x509up_u139833
timeleft  : 196:51:28
key usage : Digital Signature, Key Encipherment
=== VO cms extension information ===
VO        : cms
subject   : /DC=ch/DC=cern/OU=Organic Units/OU=Users/CN=jiahua/CN=851532/CN=Jiahua Chen
issuer    : /DC=ch/DC=cern/OU=computers/CN=cms-auth.cern.ch
attribute : /cms/Role=NULL/Capability=NULL
timeleft  : 188:51:28
uri       : voms-cms-auth.cern.ch:15000
subject   : /DC=ch/DC=cern/OU=Organic Units/OU=Users/CN=jiahua/CN=851532/CN=Jiahua Chen/CN=1735721823
issuer    : /DC=ch/DC=cern/OU=Organic Units/OU=Users/CN=jiahua/CN=851532/CN=Jiahua Chen
identity  : /DC=ch/DC=cern/OU=Organic Units/OU=Users/CN=jiahua/CN=851532/CN=Jiahua Chen
type      : RFC compliant proxy
strength  : 2048 bits
path      : /afs/cern.ch/user/j/jiahua/proxy/x509up_u139833
timeleft  : 196:51:28
key usage : Digital Signature, Key Encipherment
=== VO cms extension information ===
VO        : cms
subject   : /DC=ch/DC=cern/OU=Organic Units/OU=Users/CN=jiahua/CN=851532/CN=Jiahua Chen
issuer    : /DC=ch/DC=cern/OU=computers/CN=cms-auth.cern.ch
attribute : /cms/Role=NULL/Capability=NULL
timeleft  : 188:51:28
uri       : voms-cms-auth.cern.ch:15000
/eos/user/j/jiahua/MC_2023_inc/WWto2L2Nu_powheg_23/ff4ae2af-40aa-4232-ad85-eb5a06d85ee5.root
[2025-11-08 10:47:30.994] [main] [info] Checking input files
[2025-11-08 10:47:47.607] [main] [info] NanoAOD input_file 1: root://cms-xrd-global.cern.ch//store/mc/Run3Summer23NanoAODv12/WWto2L2Nu_TuneCP5_13p6TeV_powheg-pythia8/NANOAODSIM/130X_mcRun3_2023_realistic_v14-v4/2810000/ff4ae2af-40aa-4232-ad85-eb5a06d85ee5.root - 252000 Events
[2025-11-08 10:47:47.634] [main] [info] input_file 1: root://cms-xrd-global.cern.ch//store/mc/Run3Summer23NanoAODv12/WWto2L2Nu_TuneCP5_13p6TeV_powheg-pythia8/NANOAODSIM/130X_mcRun3_2023_realistic_v14-v4/2810000/ff4ae2af-40aa-4232-ad85-eb5a06d85ee5.root - SumOfGenWeight: 2970750.5099999984 
[2025-11-08 10:47:47.634] [main] [info] Output directory: /eos/user/j/jiahua/MC_2023_inc/WWto2L2Nu_powheg_23/ff4ae2af-40aa-4232-ad85-eb5a06d85ee5.root
[2025-11-08 10:47:47.639] [main] [info] Starting Setup of Dataframe with 252000 events
[2025-11-08 10:49:22.193] [main] [info] Finished Setup
[2025-11-08 10:49:22.193] [main] [info] Runtime for setup (real time: 94.56, CPU time: 89.78)
[2025-11-08 10:49:22.194] [main] [info] Starting Evaluation
[2025-11-08 10:49:42.008] [main] [info] 10000 / 252000 (3.97 %) Events processed ...
[2025-11-08 10:49:42.966] [main] [info] 20000 / 252000 (7.94 %) Events processed ...
[2025-11-08 10:49:44.147] [main] [info] 30000 / 252000 (11.90 %) Events processed ...
[2025-11-08 10:49:47.650] [main] [info] 40000 / 252000 (15.87 %) Events processed ...
[2025-11-08 10:49:48.702] [main] [info] 50000 / 252000 (19.84 %) Events processed ...
[2025-11-08 10:49:49.685] [main] [info] 60000 / 252000 (23.81 %) Events processed ...
[2025-11-08 10:49:53.238] [main] [info] 70000 / 252000 (27.78 %) Events processed ...
[2025-11-08 10:49:54.403] [main] [info] 80000 / 252000 (31.75 %) Events processed ...
[2025-11-08 10:49:55.531] [main] [info] 90000 / 252000 (35.71 %) Events processed ...
[2025-11-08 10:49:59.089] [main] [info] 100000 / 252000 (39.68 %) Events processed ...
[2025-11-08 10:50:00.114] [main] [info] 110000 / 252000 (43.65 %) Events processed ...
[2025-11-08 10:50:01.192] [main] [info] 120000 / 252000 (47.62 %) Events processed ...
[2025-11-08 10:50:04.817] [main] [info] 130000 / 252000 (51.59 %) Events processed ...
[2025-11-08 10:50:05.993] [main] [info] 140000 / 252000 (55.56 %) Events processed ...
[2025-11-08 10:50:06.969] [main] [info] 150000 / 252000 (59.52 %) Events processed ...
[2025-11-08 10:50:11.035] [main] [info] 160000 / 252000 (63.49 %) Events processed ...
[2025-11-08 10:50:12.253] [main] [info] 170000 / 252000 (67.46 %) Events processed ...
[2025-11-08 10:50:13.290] [main] [info] 180000 / 252000 (71.43 %) Events processed ...
[2025-11-08 10:50:16.837] [main] [info] 190000 / 252000 (75.40 %) Events processed ...
[2025-11-08 10:50:17.945] [main] [info] 200000 / 252000 (79.37 %) Events processed ...
[2025-11-08 10:50:19.091] [main] [info] 210000 / 252000 (83.33 %) Events processed ...
[2025-11-08 10:50:22.711] [main] [info] 220000 / 252000 (87.30 %) Events processed ...
[2025-11-08 10:50:23.852] [main] [info] 230000 / 252000 (91.27 %) Events processed ...
[2025-11-08 10:50:24.860] [main] [info] 240000 / 252000 (95.24 %) Events processed ...
[2025-11-08 10:50:27.249] [main] [info] 250000 / 252000 (99.21 %) Events processed ...
[2025-11-08 10:50:28.046] [main] [info] vbfhmm:
Flag_goodVertices: pass=252000     all=252000     -- eff=100.00 % cumulative eff=100.00 %
Flag_globalSuperTightHalo2016Filter: pass=251966     all=252000     -- eff=99.99 % cumulative eff=99.99 %
Flag_EcalDeadCellTriggerPrimitiveFilter: pass=251956     all=251966     -- eff=100.00 % cumulative eff=99.98 %
Flag_BadPFMuonFilter: pass=251939     all=251956     -- eff=99.99 % cumulative eff=99.98 %
Flag_BadPFMuonDzFilter: pass=251932     all=251939     -- eff=100.00 % cumulative eff=99.97 %
Flag_eeBadScFilter: pass=251932     all=251932     -- eff=100.00 % cumulative eff=99.97 %
Flag_ecalBadCalibFilter: pass=251880     all=251932     -- eff=99.98 % cumulative eff=99.95 %
Flag_hfNoisyHitsFilter: pass=251872     all=251880     -- eff=100.00 % cumulative eff=99.95 %
Number of muons 2: pass=13098      all=251872     -- eff=5.20 % cumulative eff=5.20 %
DiMuon From Higgs: pass=6268       all=13098      -- eff=47.85 % cumulative eff=2.49 %
LeptonChargeSum: pass=6267       all=6268       -- eff=99.98 % cumulative eff=2.49 %
[2025-11-08 10:50:28.783] [main] [info] Writing quantities map to /eos/user/j/jiahua/MC_2023_inc/WWto2L2Nu_powheg_23/ff4ae2af-40aa-4232-ad85-eb5a06d85ee5_vbfhmm.root
[2025-11-08 10:50:28.972] [main] [info] Finished Evaluation
[2025-11-08 10:50:28.972] [main] [info] Overall runtime (real time: 161.34, CPU time: 131.44)
