000 (12769446.040.000) 11/08 10:41:00 Job submitted from host: <188.185.121.235:9618?addrs=188.185.121.235-9618+[2001-1458-d00-49--100-36e]-9618&alias=bigbird22.cern.ch&noUDP&sock=schedd_232129_c3ca>
...
040 (12769446.040.000) 11/08 10:47:16 Started transferring input files
	Transferring to host: <128.142.192.191:9618?addrs=128.142.192.191-9618+[2001-1458-301-56--100-3b]-9618&alias=b9g18p8202.cern.ch&noUDP&sock=slot1_36_3201_24db_49876>
...
040 (12769446.040.000) 11/08 10:47:16 Finished transferring input files
...
001 (12769446.040.000) 11/08 10:47:17 Job executing on host: <128.142.192.191:9618?addrs=128.142.192.191-9618+[2001-1458-301-56--100-3b]-9618&alias=b9g18p8202.cern.ch&noUDP&sock=startd_2653_50d8>
	SlotName: slot1_36@b9g18p8202.cern.ch
	CondorScratchDir = "/pool/condor/dir_3499596"
	Cpus = 1
	Disk = 16018
	GPUs = 0
	Memory = 3000
...
006 (12769446.040.000) 11/08 10:47:30 Image size of job updated: 97088
	95  -  MemoryUsage of job (MB)
	97088  -  ResidentSetSize of job (KB)
...
006 (12769446.040.000) 11/08 10:49:32 Image size of job updated: 439824
	95  -  MemoryUsage of job (MB)
	97088  -  ResidentSetSize of job (KB)
...
040 (12769446.040.000) 11/08 10:49:32 Started transferring output files
...
040 (12769446.040.000) 11/08 10:49:32 Finished transferring output files
...
005 (12769446.040.000) 11/08 10:49:32 Job terminated.
	(1) Normal termination (return value 0)
		Usr 0 00:01:37, Sys 0 00:00:02  -  Run Remote Usage
		Usr 0 00:00:00, Sys 0 00:00:00  -  Run Local Usage
		Usr 0 00:01:37, Sys 0 00:00:02  -  Total Remote Usage
		Usr 0 00:00:00, Sys 0 00:00:00  -  Total Local Usage
	10873  -  Run Bytes Sent By Job
	11220236  -  Run Bytes Received By Job
	10873  -  Total Bytes Sent By Job
	11220236  -  Total Bytes Received By Job
	Partitionable Resources :    Usage  Request Allocated 
	   Cpus                 :        0        1         1 
	   Disk (KB)            :    10991    12500     16018 
	   GPUs                 :                           0 
	   Memory (MB)          :       95     3000      3000 
	   TimeExecute (s)      :      135                    
	   TimeSlotBusy (s)     :      136                    

	Job terminated of its own accord at 2025-11-08T09:49:32Z with exit-code 0.
...
