Starting job on \n
Running on: Linux b9p20p0149.cern.ch 5.14.0-570.44.1.el9_6.x86_64 #1 SMP PREEMPT_DYNAMIC Tue Sep 9 05:17:30 EDT 2025 x86_64 x86_64 x86_64 GNU/Linux\n
System software: Red Hat Enterprise Linux release 9.6 (Plow)\n
Setting up CROWN for RedHatEnterprise Version 9.6
subject   : /DC=ch/DC=cern/OU=Organic Units/OU=Users/CN=jiahua/CN=851532/CN=Jiahua Chen/CN=1735721823
issuer    : /DC=ch/DC=cern/OU=Organic Units/OU=Users/CN=jiahua/CN=851532/CN=Jiahua Chen
identity  : /DC=ch/DC=cern/OU=Organic Units/OU=Users/CN=jiahua/CN=851532/CN=Jiahua Chen
type      : RFC compliant proxy
strength  : 2048 bits
path      : /afs/cern.ch/user/j/jiahua/proxy/x509up_u139833
timeleft  : 196:51:25
key usage : Digital Signature, Key Encipherment
=== VO cms extension information ===
VO        : cms
subject   : /DC=ch/DC=cern/OU=Organic Units/OU=Users/CN=jiahua/CN=851532/CN=Jiahua Chen
issuer    : /DC=ch/DC=cern/OU=computers/CN=cms-auth.cern.ch
attribute : /cms/Role=NULL/Capability=NULL
timeleft  : 188:51:25
uri       : voms-cms-auth.cern.ch:15000
subject   : /DC=ch/DC=cern/OU=Organic Units/OU=Users/CN=jiahua/CN=851532/CN=Jiahua Chen/CN=1735721823
issuer    : /DC=ch/DC=cern/OU=Organic Units/OU=Users/CN=jiahua/CN=851532/CN=Jiahua Chen
identity  : /DC=ch/DC=cern/OU=Organic Units/OU=Users/CN=jiahua/CN=851532/CN=Jiahua Chen
type      : RFC compliant proxy
strength  : 2048 bits
path      : /afs/cern.ch/user/j/jiahua/proxy/x509up_u139833
timeleft  : 196:51:25
key usage : Digital Signature, Key Encipherment
=== VO cms extension information ===
VO        : cms
subject   : /DC=ch/DC=cern/OU=Organic Units/OU=Users/CN=jiahua/CN=851532/CN=Jiahua Chen
issuer    : /DC=ch/DC=cern/OU=computers/CN=cms-auth.cern.ch
attribute : /cms/Role=NULL/Capability=NULL
timeleft  : 188:51:25
uri       : voms-cms-auth.cern.ch:15000
/eos/user/j/jiahua/MC_2023_inc/WWto2L2Nu_powheg_23/b9c4a862-4366-4527-98cf-d63fcfbea7a3.root
[2025-11-08 10:47:33.505] [main] [info] Checking input files
[2025-11-08 10:47:49.402] [main] [info] NanoAOD input_file 1: root://cms-xrd-global.cern.ch//store/mc/Run3Summer23NanoAODv12/WWto2L2Nu_TuneCP5_13p6TeV_powheg-pythia8/NANOAODSIM/130X_mcRun3_2023_realistic_v14-v4/40000/b9c4a862-4366-4527-98cf-d63fcfbea7a3.root - 381000 Events
[2025-11-08 10:47:49.402] [main] [info] input_file 1: root://cms-xrd-global.cern.ch//store/mc/Run3Summer23NanoAODv12/WWto2L2Nu_TuneCP5_13p6TeV_powheg-pythia8/NANOAODSIM/130X_mcRun3_2023_realistic_v14-v4/40000/b9c4a862-4366-4527-98cf-d63fcfbea7a3.root - SumOfGenWeight: 4491523.847999997 
[2025-11-08 10:47:49.402] [main] [info] Output directory: /eos/user/j/jiahua/MC_2023_inc/WWto2L2Nu_powheg_23/b9c4a862-4366-4527-98cf-d63fcfbea7a3.root
[2025-11-08 10:47:49.403] [main] [info] Starting Setup of Dataframe with 381000 events
[2025-11-08 10:48:52.793] [main] [info] Finished Setup
[2025-11-08 10:48:52.794] [main] [info] Runtime for setup (real time: 63.39, CPU time: 60.37)
[2025-11-08 10:48:52.794] [main] [info] Starting Evaluation
[2025-11-08 10:49:09.606] [main] [info] 10000 / 381000 (2.62 %) Events processed ...
[2025-11-08 10:49:10.554] [main] [info] 20000 / 381000 (5.25 %) Events processed ...
[2025-11-08 10:49:11.464] [main] [info] 30000 / 381000 (7.87 %) Events processed ...
[2025-11-08 10:49:15.143] [main] [info] 40000 / 381000 (10.50 %) Events processed ...
[2025-11-08 10:49:16.184] [main] [info] 50000 / 381000 (13.12 %) Events processed ...
[2025-11-08 10:49:17.189] [main] [info] 60000 / 381000 (15.75 %) Events processed ...
[2025-11-08 10:49:20.815] [main] [info] 70000 / 381000 (18.37 %) Events processed ...
[2025-11-08 10:49:21.888] [main] [info] 80000 / 381000 (21.00 %) Events processed ...
[2025-11-08 10:49:22.933] [main] [info] 90000 / 381000 (23.62 %) Events processed ...
[2025-11-08 10:49:26.527] [main] [info] 100000 / 381000 (26.25 %) Events processed ...
[2025-11-08 10:49:27.549] [main] [info] 110000 / 381000 (28.87 %) Events processed ...
[2025-11-08 10:49:28.550] [main] [info] 120000 / 381000 (31.50 %) Events processed ...
[2025-11-08 10:49:31.863] [main] [info] 130000 / 381000 (34.12 %) Events processed ...
[2025-11-08 10:49:32.700] [main] [info] 140000 / 381000 (36.75 %) Events processed ...
[2025-11-08 10:49:33.788] [main] [info] 150000 / 381000 (39.37 %) Events processed ...
[2025-11-08 10:49:37.437] [main] [info] 160000 / 381000 (41.99 %) Events processed ...
[2025-11-08 10:49:38.426] [main] [info] 170000 / 381000 (44.62 %) Events processed ...
[2025-11-08 10:49:39.160] [main] [info] 180000 / 381000 (47.24 %) Events processed ...
[2025-11-08 10:49:42.376] [main] [info] 190000 / 381000 (49.87 %) Events processed ...
[2025-11-08 10:49:43.335] [main] [info] 200000 / 381000 (52.49 %) Events processed ...
[2025-11-08 10:49:44.340] [main] [info] 210000 / 381000 (55.12 %) Events processed ...
[2025-11-08 10:49:47.659] [main] [info] 220000 / 381000 (57.74 %) Events processed ...
[2025-11-08 10:49:48.375] [main] [info] 230000 / 381000 (60.37 %) Events processed ...
[2025-11-08 10:49:49.042] [main] [info] 240000 / 381000 (62.99 %) Events processed ...
[2025-11-08 10:49:51.978] [main] [info] 250000 / 381000 (65.62 %) Events processed ...
[2025-11-08 10:49:53.033] [main] [info] 260000 / 381000 (68.24 %) Events processed ...
[2025-11-08 10:49:53.951] [main] [info] 270000 / 381000 (70.87 %) Events processed ...
[2025-11-08 10:49:54.970] [main] [info] 280000 / 381000 (73.49 %) Events processed ...
[2025-11-08 10:49:58.334] [main] [info] 290000 / 381000 (76.12 %) Events processed ...
[2025-11-08 10:49:59.054] [main] [info] 300000 / 381000 (78.74 %) Events processed ...
[2025-11-08 10:49:59.940] [main] [info] 310000 / 381000 (81.36 %) Events processed ...
[2025-11-08 10:50:03.023] [main] [info] 320000 / 381000 (83.99 %) Events processed ...
[2025-11-08 10:50:04.287] [main] [info] 330000 / 381000 (86.61 %) Events processed ...
[2025-11-08 10:50:05.330] [main] [info] 340000 / 381000 (89.24 %) Events processed ...
[2025-11-08 10:50:08.730] [main] [info] 350000 / 381000 (91.86 %) Events processed ...
[2025-11-08 10:50:09.423] [main] [info] 360000 / 381000 (94.49 %) Events processed ...
[2025-11-08 10:50:10.084] [main] [info] 370000 / 381000 (97.11 %) Events processed ...
[2025-11-08 10:50:12.165] [main] [info] 380000 / 381000 (99.74 %) Events processed ...
[2025-11-08 10:50:12.480] [main] [info] vbfhmm:
Flag_goodVertices: pass=380999     all=381000     -- eff=100.00 % cumulative eff=100.00 %
Flag_globalSuperTightHalo2016Filter: pass=380970     all=380999     -- eff=99.99 % cumulative eff=99.99 %
Flag_EcalDeadCellTriggerPrimitiveFilter: pass=380955     all=380970     -- eff=100.00 % cumulative eff=99.99 %
Flag_BadPFMuonFilter: pass=380921     all=380955     -- eff=99.99 % cumulative eff=99.98 %
Flag_BadPFMuonDzFilter: pass=380914     all=380921     -- eff=100.00 % cumulative eff=99.98 %
Flag_eeBadScFilter: pass=380914     all=380914     -- eff=100.00 % cumulative eff=99.98 %
Flag_ecalBadCalibFilter: pass=380822     all=380914     -- eff=99.98 % cumulative eff=99.95 %
Flag_hfNoisyHitsFilter: pass=380805     all=380822     -- eff=100.00 % cumulative eff=99.95 %
Number of muons 2: pass=19795      all=380805     -- eff=5.20 % cumulative eff=5.20 %
DiMuon From Higgs: pass=9380       all=19795      -- eff=47.39 % cumulative eff=2.46 %
LeptonChargeSum: pass=9379       all=9380       -- eff=99.99 % cumulative eff=2.46 %
[2025-11-08 10:50:12.593] [main] [info] Writing quantities map to /eos/user/j/jiahua/MC_2023_inc/WWto2L2Nu_powheg_23/b9c4a862-4366-4527-98cf-d63fcfbea7a3_vbfhmm.root
[2025-11-08 10:50:12.745] [main] [info] Finished Evaluation
[2025-11-08 10:50:12.745] [main] [info] Overall runtime (real time: 143.34, CPU time: 108.63)
