Starting job on \n
Running on: Linux b9p05p9890.cern.ch 5.14.0-570.42.2.el9_6.x86_64 #1 SMP PREEMPT_DYNAMIC Mon Sep 8 12:15:13 EDT 2025 x86_64 x86_64 x86_64 GNU/Linux\n
System software: Red Hat Enterprise Linux release 9.6 (Plow)\n
Setting up CROWN for RedHatEnterprise Version 9.6
subject   : /DC=ch/DC=cern/OU=Organic Units/OU=Users/CN=jiahua/CN=851532/CN=Jiahua Chen/CN=1735721823
issuer    : /DC=ch/DC=cern/OU=Organic Units/OU=Users/CN=jiahua/CN=851532/CN=Jiahua Chen
identity  : /DC=ch/DC=cern/OU=Organic Units/OU=Users/CN=jiahua/CN=851532/CN=Jiahua Chen
type      : RFC compliant proxy
strength  : 2048 bits
path      : /afs/cern.ch/user/j/jiahua/proxy/x509up_u139833
timeleft  : 196:48:56
key usage : Digital Signature, Key Encipherment
=== VO cms extension information ===
VO        : cms
subject   : /DC=ch/DC=cern/OU=Organic Units/OU=Users/CN=jiahua/CN=851532/CN=Jiahua Chen
issuer    : /DC=ch/DC=cern/OU=computers/CN=cms-auth.cern.ch
attribute : /cms/Role=NULL/Capability=NULL
timeleft  : 188:48:56
uri       : voms-cms-auth.cern.ch:15000
subject   : /DC=ch/DC=cern/OU=Organic Units/OU=Users/CN=jiahua/CN=851532/CN=Jiahua Chen/CN=1735721823
issuer    : /DC=ch/DC=cern/OU=Organic Units/OU=Users/CN=jiahua/CN=851532/CN=Jiahua Chen
identity  : /DC=ch/DC=cern/OU=Organic Units/OU=Users/CN=jiahua/CN=851532/CN=Jiahua Chen
type      : RFC compliant proxy
strength  : 2048 bits
path      : /afs/cern.ch/user/j/jiahua/proxy/x509up_u139833
timeleft  : 196:48:56
key usage : Digital Signature, Key Encipherment
=== VO cms extension information ===
VO        : cms
subject   : /DC=ch/DC=cern/OU=Organic Units/OU=Users/CN=jiahua/CN=851532/CN=Jiahua Chen
issuer    : /DC=ch/DC=cern/OU=computers/CN=cms-auth.cern.ch
attribute : /cms/Role=NULL/Capability=NULL
timeleft  : 188:48:56
uri       : voms-cms-auth.cern.ch:15000
/eos/user/j/jiahua/MC_2023_inc/WZto2L2Q_powheg_23/eebf213f-e6a0-4b26-aaee-2a1243a22937.root
[2025-11-08 10:50:03.008] [main] [info] Checking input files
[2025-11-08 10:50:08.956] [main] [info] NanoAOD input_file 1: root://cms-xrd-global.cern.ch//store/mc/Run3Summer23NanoAODv12/WZto2L2Q_TuneCP5_13p6TeV_powheg-pythia8/NANOAODSIM/130X_mcRun3_2023_realistic_v14-v3/2810000/eebf213f-e6a0-4b26-aaee-2a1243a22937.root - 93000 Events
[2025-11-08 10:50:08.987] [main] [info] input_file 1: root://cms-xrd-global.cern.ch//store/mc/Run3Summer23NanoAODv12/WZto2L2Q_TuneCP5_13p6TeV_powheg-pythia8/NANOAODSIM/130X_mcRun3_2023_realistic_v14-v3/2810000/eebf213f-e6a0-4b26-aaee-2a1243a22937.root - SumOfGenWeight: 703723.2035200001 
[2025-11-08 10:50:08.987] [main] [info] Output directory: /eos/user/j/jiahua/MC_2023_inc/WZto2L2Q_powheg_23/eebf213f-e6a0-4b26-aaee-2a1243a22937.root
[2025-11-08 10:50:08.994] [main] [info] Starting Setup of Dataframe with 93000 events
[2025-11-08 10:50:55.689] [main] [info] Finished Setup
[2025-11-08 10:50:55.689] [main] [info] Runtime for setup (real time: 46.70, CPU time: 45.15)
[2025-11-08 10:50:55.689] [main] [info] Starting Evaluation
[2025-11-08 10:51:05.763] [main] [info] 10000 / 93000 (10.75 %) Events processed ...
[2025-11-08 10:51:07.184] [main] [info] 20000 / 93000 (21.51 %) Events processed ...
[2025-11-08 10:51:08.513] [main] [info] 30000 / 93000 (32.26 %) Events processed ...
[2025-11-08 10:51:09.865] [main] [info] 40000 / 93000 (43.01 %) Events processed ...
[2025-11-08 10:51:10.837] [main] [info] 50000 / 93000 (53.76 %) Events processed ...
[2025-11-08 10:51:11.803] [main] [info] 60000 / 93000 (64.52 %) Events processed ...
[2025-11-08 10:51:13.373] [main] [info] 70000 / 93000 (75.27 %) Events processed ...
[2025-11-08 10:51:14.265] [main] [info] 80000 / 93000 (86.02 %) Events processed ...
[2025-11-08 10:51:15.301] [main] [info] 90000 / 93000 (96.77 %) Events processed ...
[2025-11-08 10:51:16.074] [main] [info] vbfhmm:
Flag_goodVertices: pass=93000      all=93000      -- eff=100.00 % cumulative eff=100.00 %
Flag_globalSuperTightHalo2016Filter: pass=92984      all=93000      -- eff=99.98 % cumulative eff=99.98 %
Flag_EcalDeadCellTriggerPrimitiveFilter: pass=92979      all=92984      -- eff=99.99 % cumulative eff=99.98 %
Flag_BadPFMuonFilter: pass=92975      all=92979      -- eff=100.00 % cumulative eff=99.97 %
Flag_BadPFMuonDzFilter: pass=92972      all=92975      -- eff=100.00 % cumulative eff=99.97 %
Flag_eeBadScFilter: pass=92972      all=92972      -- eff=100.00 % cumulative eff=99.97 %
Flag_ecalBadCalibFilter: pass=92958      all=92972      -- eff=99.98 % cumulative eff=99.95 %
Flag_hfNoisyHitsFilter: pass=92954      all=92958      -- eff=100.00 % cumulative eff=99.95 %
Number of muons 2: pass=6499       all=92954      -- eff=6.99 % cumulative eff=6.99 %
DiMuon From Higgs: pass=6015       all=6499       -- eff=92.55 % cumulative eff=6.47 %
LeptonChargeSum: pass=6013       all=6015       -- eff=99.97 % cumulative eff=6.47 %
[2025-11-08 10:51:17.698] [main] [info] Writing quantities map to /eos/user/j/jiahua/MC_2023_inc/WZto2L2Q_powheg_23/eebf213f-e6a0-4b26-aaee-2a1243a22937_vbfhmm.root
[2025-11-08 10:51:17.856] [main] [info] Finished Evaluation
[2025-11-08 10:51:17.856] [main] [info] Overall runtime (real time: 68.87, CPU time: 62.86)
