Starting job on \n
Running on: Linux b9g03p7944.cern.ch 5.14.0-570.44.1.el9_6.x86_64 #1 SMP PREEMPT_DYNAMIC Tue Sep 9 05:17:30 EDT 2025 x86_64 x86_64 x86_64 GNU/Linux\n
System software: Red Hat Enterprise Linux release 9.6 (Plow)\n
Setting up CROWN for RedHatEnterprise Version 9.6
subject   : /DC=ch/DC=cern/OU=Organic Units/OU=Users/CN=jiahua/CN=851532/CN=Jiahua Chen/CN=1735721823
issuer    : /DC=ch/DC=cern/OU=Organic Units/OU=Users/CN=jiahua/CN=851532/CN=Jiahua Chen
identity  : /DC=ch/DC=cern/OU=Organic Units/OU=Users/CN=jiahua/CN=851532/CN=Jiahua Chen
type      : RFC compliant proxy
strength  : 2048 bits
path      : /afs/cern.ch/user/j/jiahua/proxy/x509up_u139833
timeleft  : 196:51:09
key usage : Digital Signature, Key Encipherment
=== VO cms extension information ===
VO        : cms
subject   : /DC=ch/DC=cern/OU=Organic Units/OU=Users/CN=jiahua/CN=851532/CN=Jiahua Chen
issuer    : /DC=ch/DC=cern/OU=computers/CN=cms-auth.cern.ch
attribute : /cms/Role=NULL/Capability=NULL
timeleft  : 188:51:09
uri       : voms-cms-auth.cern.ch:15000
subject   : /DC=ch/DC=cern/OU=Organic Units/OU=Users/CN=jiahua/CN=851532/CN=Jiahua Chen/CN=1735721823
issuer    : /DC=ch/DC=cern/OU=Organic Units/OU=Users/CN=jiahua/CN=851532/CN=Jiahua Chen
identity  : /DC=ch/DC=cern/OU=Organic Units/OU=Users/CN=jiahua/CN=851532/CN=Jiahua Chen
type      : RFC compliant proxy
strength  : 2048 bits
path      : /afs/cern.ch/user/j/jiahua/proxy/x509up_u139833
timeleft  : 196:51:09
key usage : Digital Signature, Key Encipherment
=== VO cms extension information ===
VO        : cms
subject   : /DC=ch/DC=cern/OU=Organic Units/OU=Users/CN=jiahua/CN=851532/CN=Jiahua Chen
issuer    : /DC=ch/DC=cern/OU=computers/CN=cms-auth.cern.ch
attribute : /cms/Role=NULL/Capability=NULL
timeleft  : 188:51:09
uri       : voms-cms-auth.cern.ch:15000
/eos/user/j/jiahua/MC_2023_inc/WZto3LNu_powheg_23_ext1-v2/453caecf-8157-4e85-90f7-216b81955249.root
[2025-11-08 10:47:49.754] [main] [info] Checking input files
[2025-11-08 10:47:56.783] [main] [info] NanoAOD input_file 1: root://cms-xrd-global.cern.ch//store/mc/Run3Summer23NanoAODv12/WZto3LNu_TuneCP5_13p6TeV_powheg-pythia8/NANOAODSIM/130X_mcRun3_2023_realistic_v15_ext1-v2/2530000/453caecf-8157-4e85-90f7-216b81955249.root - 568000 Events
[2025-11-08 10:47:56.783] [main] [info] input_file 1: root://cms-xrd-global.cern.ch//store/mc/Run3Summer23NanoAODv12/WZto3LNu_TuneCP5_13p6TeV_powheg-pythia8/NANOAODSIM/130X_mcRun3_2023_realistic_v15_ext1-v2/2530000/453caecf-8157-4e85-90f7-216b81955249.root - SumOfGenWeight: 2797147.365639998 
[2025-11-08 10:47:56.783] [main] [info] Output directory: /eos/user/j/jiahua/MC_2023_inc/WZto3LNu_powheg_23_ext1-v2/453caecf-8157-4e85-90f7-216b81955249.root
[2025-11-08 10:47:56.784] [main] [info] Starting Setup of Dataframe with 568000 events
[2025-11-08 10:49:13.844] [main] [info] Finished Setup
[2025-11-08 10:49:13.844] [main] [info] Runtime for setup (real time: 77.06, CPU time: 73.88)
[2025-11-08 10:49:13.846] [main] [info] Starting Evaluation
[2025-11-08 10:49:56.072] [main] [info] 10000 / 568000 (1.76 %) Events processed ...
[2025-11-08 10:49:57.625] [main] [info] 20000 / 568000 (3.52 %) Events processed ...
[2025-11-08 10:49:59.074] [main] [info] 30000 / 568000 (5.28 %) Events processed ...
[2025-11-08 10:50:24.845] [main] [info] 40000 / 568000 (7.04 %) Events processed ...
[2025-11-08 10:50:26.082] [main] [info] 50000 / 568000 (8.80 %) Events processed ...
[2025-11-08 10:50:27.047] [main] [info] 60000 / 568000 (10.56 %) Events processed ...
[2025-11-08 10:50:50.822] [main] [info] 70000 / 568000 (12.32 %) Events processed ...
[2025-11-08 10:50:52.289] [main] [info] 80000 / 568000 (14.08 %) Events processed ...
[2025-11-08 10:50:53.608] [main] [info] 90000 / 568000 (15.85 %) Events processed ...
[2025-11-08 10:51:18.448] [main] [info] 100000 / 568000 (17.61 %) Events processed ...
[2025-11-08 10:51:19.841] [main] [info] 110000 / 568000 (19.37 %) Events processed ...
[2025-11-08 10:51:21.124] [main] [info] 120000 / 568000 (21.13 %) Events processed ...
[2025-11-08 10:51:41.808] [main] [info] 130000 / 568000 (22.89 %) Events processed ...
[2025-11-08 10:51:43.194] [main] [info] 140000 / 568000 (24.65 %) Events processed ...
[2025-11-08 10:51:44.422] [main] [info] 150000 / 568000 (26.41 %) Events processed ...
[2025-11-08 10:52:04.794] [main] [info] 160000 / 568000 (28.17 %) Events processed ...
[2025-11-08 10:52:05.687] [main] [info] 170000 / 568000 (29.93 %) Events processed ...
[2025-11-08 10:52:06.770] [main] [info] 180000 / 568000 (31.69 %) Events processed ...
[2025-11-08 10:52:25.116] [main] [info] 190000 / 568000 (33.45 %) Events processed ...
[2025-11-08 10:52:26.842] [main] [info] 200000 / 568000 (35.21 %) Events processed ...
[2025-11-08 10:52:28.153] [main] [info] 210000 / 568000 (36.97 %) Events processed ...
[2025-11-08 10:52:45.861] [main] [info] 220000 / 568000 (38.73 %) Events processed ...
[2025-11-08 10:52:46.889] [main] [info] 230000 / 568000 (40.49 %) Events processed ...
[2025-11-08 10:52:47.893] [main] [info] 240000 / 568000 (42.25 %) Events processed ...
[2025-11-08 10:52:49.172] [main] [info] 250000 / 568000 (44.01 %) Events processed ...
[2025-11-08 10:53:02.314] [main] [info] 260000 / 568000 (45.77 %) Events processed ...
[2025-11-08 10:53:03.718] [main] [info] 270000 / 568000 (47.54 %) Events processed ...
[2025-11-08 10:53:05.228] [main] [info] 280000 / 568000 (49.30 %) Events processed ...
[2025-11-08 10:53:15.960] [main] [info] 290000 / 568000 (51.06 %) Events processed ...
[2025-11-08 10:53:17.288] [main] [info] 300000 / 568000 (52.82 %) Events processed ...
[2025-11-08 10:53:18.610] [main] [info] 310000 / 568000 (54.58 %) Events processed ...
[2025-11-08 10:53:27.685] [main] [info] 320000 / 568000 (56.34 %) Events processed ...
[2025-11-08 10:53:29.179] [main] [info] 330000 / 568000 (58.10 %) Events processed ...
[2025-11-08 10:53:30.592] [main] [info] 340000 / 568000 (59.86 %) Events processed ...
[2025-11-08 10:53:37.942] [main] [info] 350000 / 568000 (61.62 %) Events processed ...
[2025-11-08 10:53:39.404] [main] [info] 360000 / 568000 (63.38 %) Events processed ...
[2025-11-08 10:53:40.767] [main] [info] 370000 / 568000 (65.14 %) Events processed ...
[2025-11-08 10:53:46.688] [main] [info] 380000 / 568000 (66.90 %) Events processed ...
[2025-11-08 10:53:48.341] [main] [info] 390000 / 568000 (68.66 %) Events processed ...
[2025-11-08 10:53:49.445] [main] [info] 400000 / 568000 (70.42 %) Events processed ...
[2025-11-08 10:53:55.258] [main] [info] 410000 / 568000 (72.18 %) Events processed ...
[2025-11-08 10:53:56.215] [main] [info] 420000 / 568000 (73.94 %) Events processed ...
[2025-11-08 10:53:57.203] [main] [info] 430000 / 568000 (75.70 %) Events processed ...
[2025-11-08 10:54:03.138] [main] [info] 440000 / 568000 (77.46 %) Events processed ...
[2025-11-08 10:54:04.438] [main] [info] 450000 / 568000 (79.23 %) Events processed ...
[2025-11-08 10:54:05.779] [main] [info] 460000 / 568000 (80.99 %) Events processed ...
[2025-11-08 10:54:06.899] [main] [info] 470000 / 568000 (82.75 %) Events processed ...
[2025-11-08 10:54:12.805] [main] [info] 480000 / 568000 (84.51 %) Events processed ...
[2025-11-08 10:54:14.204] [main] [info] 490000 / 568000 (86.27 %) Events processed ...
[2025-11-08 10:54:15.197] [main] [info] 500000 / 568000 (88.03 %) Events processed ...
[2025-11-08 10:54:19.476] [main] [info] 510000 / 568000 (89.79 %) Events processed ...
[2025-11-08 10:54:20.478] [main] [info] 520000 / 568000 (91.55 %) Events processed ...
[2025-11-08 10:54:21.511] [main] [info] 530000 / 568000 (93.31 %) Events processed ...
[2025-11-08 10:54:26.710] [main] [info] 540000 / 568000 (95.07 %) Events processed ...
[2025-11-08 10:54:27.772] [main] [info] 550000 / 568000 (96.83 %) Events processed ...
[2025-11-08 10:54:28.744] [main] [info] 560000 / 568000 (98.59 %) Events processed ...
[2025-11-08 10:54:31.682] [main] [info] vbfhmm:
Flag_goodVertices: pass=568000     all=568000     -- eff=100.00 % cumulative eff=100.00 %
Flag_globalSuperTightHalo2016Filter: pass=567949     all=568000     -- eff=99.99 % cumulative eff=99.99 %
Flag_EcalDeadCellTriggerPrimitiveFilter: pass=567929     all=567949     -- eff=100.00 % cumulative eff=99.99 %
Flag_BadPFMuonFilter: pass=567881     all=567929     -- eff=99.99 % cumulative eff=99.98 %
Flag_BadPFMuonDzFilter: pass=567868     all=567881     -- eff=100.00 % cumulative eff=99.98 %
Flag_eeBadScFilter: pass=567868     all=567868     -- eff=100.00 % cumulative eff=99.98 %
Flag_ecalBadCalibFilter: pass=567790     all=567868     -- eff=99.99 % cumulative eff=99.96 %
Flag_hfNoisyHitsFilter: pass=567773     all=567790     -- eff=100.00 % cumulative eff=99.96 %
Number of muons 2: pass=38732      all=567773     -- eff=6.82 % cumulative eff=6.82 %
DiMuon From Higgs: pass=30088      all=38732      -- eff=77.68 % cumulative eff=5.30 %
LeptonChargeSum: pass=23550      all=30088      -- eff=78.27 % cumulative eff=4.15 %
[2025-11-08 10:54:31.864] [main] [info] Writing quantities map to /eos/user/j/jiahua/MC_2023_inc/WZto3LNu_powheg_23_ext1-v2/453caecf-8157-4e85-90f7-216b81955249_vbfhmm.root
[2025-11-08 10:54:32.061] [main] [info] Finished Evaluation
[2025-11-08 10:54:32.061] [main] [info] Overall runtime (real time: 395.28, CPU time: 158.89)
