Starting job on \n
Running on: Linux b9p11p6140.cern.ch 5.14.0-570.42.2.el9_6.x86_64 #1 SMP PREEMPT_DYNAMIC Mon Sep 8 12:15:13 EDT 2025 x86_64 x86_64 x86_64 GNU/Linux\n
System software: Red Hat Enterprise Linux release 9.6 (Plow)\n
Setting up CROWN for RedHatEnterprise Version 9.6
subject   : /DC=ch/DC=cern/OU=Organic Units/OU=Users/CN=jiahua/CN=851532/CN=Jiahua Chen/CN=1735721823
issuer    : /DC=ch/DC=cern/OU=Organic Units/OU=Users/CN=jiahua/CN=851532/CN=Jiahua Chen
identity  : /DC=ch/DC=cern/OU=Organic Units/OU=Users/CN=jiahua/CN=851532/CN=Jiahua Chen
type      : RFC compliant proxy
strength  : 2048 bits
path      : /afs/cern.ch/user/j/jiahua/proxy/x509up_u139833
timeleft  : 196:51:15
key usage : Digital Signature, Key Encipherment
=== VO cms extension information ===
VO        : cms
subject   : /DC=ch/DC=cern/OU=Organic Units/OU=Users/CN=jiahua/CN=851532/CN=Jiahua Chen
issuer    : /DC=ch/DC=cern/OU=computers/CN=cms-auth.cern.ch
attribute : /cms/Role=NULL/Capability=NULL
timeleft  : 188:51:15
uri       : voms-cms-auth.cern.ch:15000
subject   : /DC=ch/DC=cern/OU=Organic Units/OU=Users/CN=jiahua/CN=851532/CN=Jiahua Chen/CN=1735721823
issuer    : /DC=ch/DC=cern/OU=Organic Units/OU=Users/CN=jiahua/CN=851532/CN=Jiahua Chen
identity  : /DC=ch/DC=cern/OU=Organic Units/OU=Users/CN=jiahua/CN=851532/CN=Jiahua Chen
type      : RFC compliant proxy
strength  : 2048 bits
path      : /afs/cern.ch/user/j/jiahua/proxy/x509up_u139833
timeleft  : 196:51:15
key usage : Digital Signature, Key Encipherment
=== VO cms extension information ===
VO        : cms
subject   : /DC=ch/DC=cern/OU=Organic Units/OU=Users/CN=jiahua/CN=851532/CN=Jiahua Chen
issuer    : /DC=ch/DC=cern/OU=computers/CN=cms-auth.cern.ch
attribute : /cms/Role=NULL/Capability=NULL
timeleft  : 188:51:15
uri       : voms-cms-auth.cern.ch:15000
/eos/user/j/jiahua/MC_2023_inc/WZto3LNu_powheg_23_ext1-v2/18992b69-6a55-46af-8b57-6c8272c023bb.root
[2025-11-08 10:47:44.313] [main] [info] Checking input files
[2025-11-08 10:48:01.448] [main] [info] NanoAOD input_file 1: root://cms-xrd-global.cern.ch//store/mc/Run3Summer23NanoAODv12/WZto3LNu_TuneCP5_13p6TeV_powheg-pythia8/NANOAODSIM/130X_mcRun3_2023_realistic_v15_ext1-v2/2530000/18992b69-6a55-46af-8b57-6c8272c023bb.root - 12000 Events
[2025-11-08 10:48:01.463] [main] [info] input_file 1: root://cms-xrd-global.cern.ch//store/mc/Run3Summer23NanoAODv12/WZto3LNu_TuneCP5_13p6TeV_powheg-pythia8/NANOAODSIM/130X_mcRun3_2023_realistic_v15_ext1-v2/2530000/18992b69-6a55-46af-8b57-6c8272c023bb.root - SumOfGenWeight: 59057.3466 
[2025-11-08 10:48:01.463] [main] [info] Output directory: /eos/user/j/jiahua/MC_2023_inc/WZto3LNu_powheg_23_ext1-v2/18992b69-6a55-46af-8b57-6c8272c023bb.root
[2025-11-08 10:48:01.468] [main] [info] Starting Setup of Dataframe with 12000 events
[2025-11-08 10:48:54.861] [main] [info] Finished Setup
[2025-11-08 10:48:54.861] [main] [info] Runtime for setup (real time: 53.40, CPU time: 50.83)
[2025-11-08 10:48:54.861] [main] [info] Starting Evaluation
[2025-11-08 10:49:13.432] [main] [info] 10000 / 12000 (83.33 %) Events processed ...
[2025-11-08 10:49:13.799] [main] [info] vbfhmm:
Flag_goodVertices: pass=12000      all=12000      -- eff=100.00 % cumulative eff=100.00 %
Flag_globalSuperTightHalo2016Filter: pass=12000      all=12000      -- eff=100.00 % cumulative eff=100.00 %
Flag_EcalDeadCellTriggerPrimitiveFilter: pass=12000      all=12000      -- eff=100.00 % cumulative eff=100.00 %
Flag_BadPFMuonFilter: pass=12000      all=12000      -- eff=100.00 % cumulative eff=100.00 %
Flag_BadPFMuonDzFilter: pass=12000      all=12000      -- eff=100.00 % cumulative eff=100.00 %
Flag_eeBadScFilter: pass=12000      all=12000      -- eff=100.00 % cumulative eff=100.00 %
Flag_ecalBadCalibFilter: pass=11997      all=12000      -- eff=99.97 % cumulative eff=99.97 %
Flag_hfNoisyHitsFilter: pass=11997      all=11997      -- eff=100.00 % cumulative eff=99.97 %
Number of muons 2: pass=848        all=11997      -- eff=7.07 % cumulative eff=7.07 %
DiMuon From Higgs: pass=654        all=848        -- eff=77.12 % cumulative eff=5.45 %
LeptonChargeSum: pass=499        all=654        -- eff=76.30 % cumulative eff=4.16 %
[2025-11-08 10:49:13.926] [main] [info] Writing quantities map to /eos/user/j/jiahua/MC_2023_inc/WZto3LNu_powheg_23_ext1-v2/18992b69-6a55-46af-8b57-6c8272c023bb_vbfhmm.root
[2025-11-08 10:49:14.054] [main] [info] Finished Evaluation
[2025-11-08 10:49:14.054] [main] [info] Overall runtime (real time: 72.59, CPU time: 60.78)
