000 (12769450.050.000) 11/08 10:41:03 Job submitted from host: <188.185.121.235:9618?addrs=188.185.121.235-9618+[2001-1458-d00-49--100-36e]-9618&alias=bigbird22.cern.ch&noUDP&sock=schedd_232129_c3ca>
...
040 (12769450.050.000) 11/08 10:49:53 Started transferring input files
	Transferring to host: <188.185.214.27:9618?addrs=188.185.214.27-9618+[2001-1458-303-1c--100-17]-9618&alias=b9p29p9073.cern.ch&noUDP&sock=slot1_36_6441_045f_49708>
...
040 (12769450.050.000) 11/08 10:49:53 Finished transferring input files
...
001 (12769450.050.000) 11/08 10:49:54 Job executing on host: <188.185.214.27:9618?addrs=188.185.214.27-9618+[2001-1458-303-1c--100-17]-9618&alias=b9p29p9073.cern.ch&noUDP&sock=startd_5522_360f>
	SlotName: slot1_36@b9p29p9073.cern.ch
	CondorScratchDir = "/pool/condor/dir_2464576"
	Cpus = 1
	Disk = 16097
	GPUs = 0
	Memory = 3000
...
006 (12769450.050.000) 11/08 10:50:08 Image size of job updated: 95772
	94  -  MemoryUsage of job (MB)
	95772  -  ResidentSetSize of job (KB)
...
006 (12769450.050.000) 11/08 10:51:26 Image size of job updated: 434520
	94  -  MemoryUsage of job (MB)
	95772  -  ResidentSetSize of job (KB)
...
040 (12769450.050.000) 11/08 10:51:26 Started transferring output files
...
040 (12769450.050.000) 11/08 10:51:26 Finished transferring output files
...
005 (12769450.050.000) 11/08 10:51:26 Job terminated.
	(1) Normal termination (return value 0)
		Usr 0 00:01:15, Sys 0 00:00:03  -  Run Remote Usage
		Usr 0 00:00:00, Sys 0 00:00:00  -  Run Local Usage
		Usr 0 00:01:15, Sys 0 00:00:03  -  Total Remote Usage
		Usr 0 00:00:00, Sys 0 00:00:00  -  Total Local Usage
	10019  -  Run Bytes Sent By Job
	11220236  -  Run Bytes Received By Job
	10019  -  Total Bytes Sent By Job
	11220236  -  Total Bytes Received By Job
	Partitionable Resources :    Usage  Request Allocated 
	   Cpus                 :        0        1         1 
	   Disk (KB)            :    10990    12500     16097 
	   GPUs                 :                           0 
	   Memory (MB)          :       94     3000      3000 
	   TimeExecute (s)      :       92                    
	   TimeSlotBusy (s)     :       94                    

	Job terminated of its own accord at 2025-11-08T09:51:26Z with exit-code 0.
...
