Starting job on \n
Running on: Linux b9p24p7079.cern.ch 5.14.0-570.44.1.el9_6.x86_64 #1 SMP PREEMPT_DYNAMIC Tue Sep 9 05:17:30 EDT 2025 x86_64 x86_64 x86_64 GNU/Linux\n
System software: Red Hat Enterprise Linux release 9.6 (Plow)\n
Setting up CROWN for RedHatEnterprise Version 9.6
subject   : /DC=ch/DC=cern/OU=Organic Units/OU=Users/CN=jiahua/CN=851532/CN=Jiahua Chen/CN=1735721823
issuer    : /DC=ch/DC=cern/OU=Organic Units/OU=Users/CN=jiahua/CN=851532/CN=Jiahua Chen
identity  : /DC=ch/DC=cern/OU=Organic Units/OU=Users/CN=jiahua/CN=851532/CN=Jiahua Chen
type      : RFC compliant proxy
strength  : 2048 bits
path      : /afs/cern.ch/user/j/jiahua/proxy/x509up_u139833
timeleft  : 196:49:03
key usage : Digital Signature, Key Encipherment
=== VO cms extension information ===
VO        : cms
subject   : /DC=ch/DC=cern/OU=Organic Units/OU=Users/CN=jiahua/CN=851532/CN=Jiahua Chen
issuer    : /DC=ch/DC=cern/OU=computers/CN=cms-auth.cern.ch
attribute : /cms/Role=NULL/Capability=NULL
timeleft  : 188:49:03
uri       : voms-cms-auth.cern.ch:15000
subject   : /DC=ch/DC=cern/OU=Organic Units/OU=Users/CN=jiahua/CN=851532/CN=Jiahua Chen/CN=1735721823
issuer    : /DC=ch/DC=cern/OU=Organic Units/OU=Users/CN=jiahua/CN=851532/CN=Jiahua Chen
identity  : /DC=ch/DC=cern/OU=Organic Units/OU=Users/CN=jiahua/CN=851532/CN=Jiahua Chen
type      : RFC compliant proxy
strength  : 2048 bits
path      : /afs/cern.ch/user/j/jiahua/proxy/x509up_u139833
timeleft  : 196:49:03
key usage : Digital Signature, Key Encipherment
=== VO cms extension information ===
VO        : cms
subject   : /DC=ch/DC=cern/OU=Organic Units/OU=Users/CN=jiahua/CN=851532/CN=Jiahua Chen
issuer    : /DC=ch/DC=cern/OU=computers/CN=cms-auth.cern.ch
attribute : /cms/Role=NULL/Capability=NULL
timeleft  : 188:49:03
uri       : voms-cms-auth.cern.ch:15000
/eos/user/j/jiahua/MC_2023_inc/WZto2L2Q_powheg_23/bcdaa77c-4f4a-4c15-a54c-1faa28b82d12.root
[2025-11-08 10:49:55.686] [main] [info] Checking input files
[2025-11-08 10:50:01.895] [main] [info] NanoAOD input_file 1: root://cms-xrd-global.cern.ch//store/mc/Run3Summer23NanoAODv12/WZto2L2Q_TuneCP5_13p6TeV_powheg-pythia8/NANOAODSIM/130X_mcRun3_2023_realistic_v14-v3/2810000/bcdaa77c-4f4a-4c15-a54c-1faa28b82d12.root - 270000 Events
[2025-11-08 10:50:01.919] [main] [info] input_file 1: root://cms-xrd-global.cern.ch//store/mc/Run3Summer23NanoAODv12/WZto2L2Q_TuneCP5_13p6TeV_powheg-pythia8/NANOAODSIM/130X_mcRun3_2023_realistic_v14-v3/2810000/bcdaa77c-4f4a-4c15-a54c-1faa28b82d12.root - SumOfGenWeight: 2043076.1630400014 
[2025-11-08 10:50:01.920] [main] [info] Output directory: /eos/user/j/jiahua/MC_2023_inc/WZto2L2Q_powheg_23/bcdaa77c-4f4a-4c15-a54c-1faa28b82d12.root
[2025-11-08 10:50:01.921] [main] [info] Starting Setup of Dataframe with 270000 events
[2025-11-08 10:50:58.151] [main] [info] Finished Setup
[2025-11-08 10:50:58.151] [main] [info] Runtime for setup (real time: 56.23, CPU time: 54.59)
[2025-11-08 10:50:58.151] [main] [info] Starting Evaluation
[2025-11-08 10:51:09.390] [main] [info] 10000 / 270000 (3.70 %) Events processed ...
[2025-11-08 10:51:10.428] [main] [info] 20000 / 270000 (7.41 %) Events processed ...
[2025-11-08 10:51:11.518] [main] [info] 30000 / 270000 (11.11 %) Events processed ...
[2025-11-08 10:51:13.267] [main] [info] 40000 / 270000 (14.81 %) Events processed ...
[2025-11-08 10:51:14.393] [main] [info] 50000 / 270000 (18.52 %) Events processed ...
[2025-11-08 10:51:15.646] [main] [info] 60000 / 270000 (22.22 %) Events processed ...
[2025-11-08 10:51:17.193] [main] [info] 70000 / 270000 (25.93 %) Events processed ...
[2025-11-08 10:51:18.528] [main] [info] 80000 / 270000 (29.63 %) Events processed ...
[2025-11-08 10:51:19.658] [main] [info] 90000 / 270000 (33.33 %) Events processed ...
[2025-11-08 10:51:21.356] [main] [info] 100000 / 270000 (37.04 %) Events processed ...
[2025-11-08 10:51:22.846] [main] [info] 110000 / 270000 (40.74 %) Events processed ...
[2025-11-08 10:51:24.392] [main] [info] 120000 / 270000 (44.44 %) Events processed ...
[2025-11-08 10:51:26.421] [main] [info] 130000 / 270000 (48.15 %) Events processed ...
[2025-11-08 10:51:28.085] [main] [info] 140000 / 270000 (51.85 %) Events processed ...
[2025-11-08 10:51:29.354] [main] [info] 150000 / 270000 (55.56 %) Events processed ...
[2025-11-08 10:51:31.196] [main] [info] 160000 / 270000 (59.26 %) Events processed ...
[2025-11-08 10:51:32.833] [main] [info] 170000 / 270000 (62.96 %) Events processed ...
[2025-11-08 10:51:34.303] [main] [info] 180000 / 270000 (66.67 %) Events processed ...
[2025-11-08 10:51:36.204] [main] [info] 190000 / 270000 (70.37 %) Events processed ...
[2025-11-08 10:51:37.795] [main] [info] 200000 / 270000 (74.07 %) Events processed ...
[2025-11-08 10:51:39.313] [main] [info] 210000 / 270000 (77.78 %) Events processed ...
[2025-11-08 10:51:41.341] [main] [info] 220000 / 270000 (81.48 %) Events processed ...
[2025-11-08 10:51:42.994] [main] [info] 230000 / 270000 (85.19 %) Events processed ...
[2025-11-08 10:51:44.679] [main] [info] 240000 / 270000 (88.89 %) Events processed ...
[2025-11-08 10:51:46.650] [main] [info] 250000 / 270000 (92.59 %) Events processed ...
[2025-11-08 10:51:48.129] [main] [info] 260000 / 270000 (96.30 %) Events processed ...
[2025-11-08 10:51:49.542] [main] [info] 270000 / 270000 (100.00 %) Events processed ...
[2025-11-08 10:51:49.801] [main] [info] vbfhmm:
Flag_goodVertices: pass=270000     all=270000     -- eff=100.00 % cumulative eff=100.00 %
Flag_globalSuperTightHalo2016Filter: pass=269949     all=270000     -- eff=99.98 % cumulative eff=99.98 %
Flag_EcalDeadCellTriggerPrimitiveFilter: pass=269937     all=269949     -- eff=100.00 % cumulative eff=99.98 %
Flag_BadPFMuonFilter: pass=269913     all=269937     -- eff=99.99 % cumulative eff=99.97 %
Flag_BadPFMuonDzFilter: pass=269904     all=269913     -- eff=100.00 % cumulative eff=99.96 %
Flag_eeBadScFilter: pass=269904     all=269904     -- eff=100.00 % cumulative eff=99.96 %
Flag_ecalBadCalibFilter: pass=269861     all=269904     -- eff=99.98 % cumulative eff=99.95 %
Flag_hfNoisyHitsFilter: pass=269848     all=269861     -- eff=100.00 % cumulative eff=99.94 %
Number of muons 2: pass=19046      all=269848     -- eff=7.06 % cumulative eff=7.05 %
DiMuon From Higgs: pass=17613      all=19046      -- eff=92.48 % cumulative eff=6.52 %
LeptonChargeSum: pass=17606      all=17613      -- eff=99.96 % cumulative eff=6.52 %
[2025-11-08 10:51:49.979] [main] [info] Writing quantities map to /eos/user/j/jiahua/MC_2023_inc/WZto2L2Q_powheg_23/bcdaa77c-4f4a-4c15-a54c-1faa28b82d12_vbfhmm.root
[2025-11-08 10:51:50.468] [main] [info] Finished Evaluation
[2025-11-08 10:51:50.468] [main] [info] Overall runtime (real time: 108.55, CPU time: 101.79)
