000 (12769447.002.000) 11/08 10:41:01 Job submitted from host: <188.185.121.235:9618?addrs=188.185.121.235-9618+[2001-1458-d00-49--100-36e]-9618&alias=bigbird22.cern.ch&noUDP&sock=schedd_232129_c3ca>
...
040 (12769447.002.000) 11/08 10:47:30 Started transferring input files
	Transferring to host: <188.185.194.76:9618?addrs=188.185.194.76-9618+[2001-1458-303-21--100-48]-9618&alias=b9p20p1995.cern.ch&noUDP&sock=slot1_24_7680_0131_44884>
...
040 (12769447.002.000) 11/08 10:47:30 Finished transferring input files
...
001 (12769447.002.000) 11/08 10:47:31 Job executing on host: <188.185.194.76:9618?addrs=188.185.194.76-9618+[2001-1458-303-21--100-48]-9618&alias=b9p20p1995.cern.ch&noUDP&sock=startd_6464_5846>
	SlotName: slot1_24@b9p20p1995.cern.ch
	CondorScratchDir = "/pool/condor/dir_3356539"
	Cpus = 1
	Disk = 15969
	GPUs = 0
	Memory = 3000
...
006 (12769447.002.000) 11/08 10:47:45 Image size of job updated: 113208
	111  -  MemoryUsage of job (MB)
	113208  -  ResidentSetSize of job (KB)
...
006 (12769447.002.000) 11/08 10:52:46 Image size of job updated: 452128
	442  -  MemoryUsage of job (MB)
	452128  -  ResidentSetSize of job (KB)
...
006 (12769447.002.000) 11/08 10:53:20 Image size of job updated: 452224
	442  -  MemoryUsage of job (MB)
	452128  -  ResidentSetSize of job (KB)
...
040 (12769447.002.000) 11/08 10:53:21 Started transferring output files
...
040 (12769447.002.000) 11/08 10:53:21 Finished transferring output files
...
005 (12769447.002.000) 11/08 10:53:24 Job terminated.
	(1) Normal termination (return value 0)
		Usr 0 00:02:16, Sys 0 00:00:03  -  Run Remote Usage
		Usr 0 00:00:00, Sys 0 00:00:00  -  Run Local Usage
		Usr 0 00:02:16, Sys 0 00:00:03  -  Total Remote Usage
		Usr 0 00:00:00, Sys 0 00:00:00  -  Total Local Usage
	12410  -  Run Bytes Sent By Job
	11220236  -  Run Bytes Received By Job
	12410  -  Total Bytes Sent By Job
	11220236  -  Total Bytes Received By Job
	Partitionable Resources :    Usage  Request Allocated 
	   Cpus                 :        0        1         1 
	   Disk (KB)            :    10992    12500     15969 
	   GPUs                 :                           0 
	   Memory (MB)          :      442     3000      3000 
	   TimeExecute (s)      :      349                    
	   TimeSlotBusy (s)     :      352                    

	Job terminated of its own accord at 2025-11-08T09:53:20Z with exit-code 0.
...
