000 (12769447.061.000) 11/08 10:41:01 Job submitted from host: <188.185.121.235:9618?addrs=188.185.121.235-9618+[2001-1458-d00-49--100-36e]-9618&alias=bigbird22.cern.ch&noUDP&sock=schedd_232129_c3ca>
...
040 (12769447.061.000) 11/08 10:47:50 Started transferring input files
	Transferring to host: <188.185.212.85:9618?addrs=188.185.212.85-9618+[2001-1458-303-18--100-51]-9618&alias=b9p25p7345.cern.ch&noUDP&sock=slot1_17_6312_1ffa_48677>
...
040 (12769447.061.000) 11/08 10:47:50 Finished transferring input files
...
001 (12769447.061.000) 11/08 10:47:51 Job executing on host: <188.185.212.85:9618?addrs=188.185.212.85-9618+[2001-1458-303-18--100-51]-9618&alias=b9p25p7345.cern.ch&noUDP&sock=startd_5547_5bed>
	SlotName: slot1_17@b9p25p7345.cern.ch
	CondorScratchDir = "/pool/condor/dir_3436411"
	Cpus = 1
	Disk = 15964
	GPUs = 0
	Memory = 3000
...
006 (12769447.061.000) 11/08 10:48:04 Image size of job updated: 97492
	96  -  MemoryUsage of job (MB)
	97492  -  ResidentSetSize of job (KB)
...
006 (12769447.061.000) 11/08 10:50:39 Image size of job updated: 432624
	96  -  MemoryUsage of job (MB)
	97492  -  ResidentSetSize of job (KB)
...
040 (12769447.061.000) 11/08 10:50:39 Started transferring output files
...
040 (12769447.061.000) 11/08 10:50:39 Finished transferring output files
...
005 (12769447.061.000) 11/08 10:50:39 Job terminated.
	(1) Normal termination (return value 0)
		Usr 0 00:01:12, Sys 0 00:00:03  -  Run Remote Usage
		Usr 0 00:00:00, Sys 0 00:00:00  -  Run Local Usage
		Usr 0 00:01:12, Sys 0 00:00:03  -  Total Remote Usage
		Usr 0 00:00:00, Sys 0 00:00:00  -  Total Local Usage
	10325  -  Run Bytes Sent By Job
	11220236  -  Run Bytes Received By Job
	10325  -  Total Bytes Sent By Job
	11220236  -  Total Bytes Received By Job
	Partitionable Resources :    Usage  Request Allocated 
	   Cpus                 :        0        1         1 
	   Disk (KB)            :    10991    12500     15964 
	   GPUs                 :                           0 
	   Memory (MB)          :       96     3000      3000 
	   TimeExecute (s)      :      168                    
	   TimeSlotBusy (s)     :      169                    

	Job terminated of its own accord at 2025-11-08T09:50:39Z with exit-code 0.
...
