000 (12769450.063.000) 11/08 10:41:03 Job submitted from host: <188.185.121.235:9618?addrs=188.185.121.235-9618+[2001-1458-d00-49--100-36e]-9618&alias=bigbird22.cern.ch&noUDP&sock=schedd_232129_c3ca>
...
040 (12769450.063.000) 11/08 10:49:57 Started transferring input files
	Transferring to host: <188.185.212.104:9618?addrs=188.185.212.104-9618+[2001-1458-303-18--100-64]-9618&alias=b9p25p9360.cern.ch&noUDP&sock=slot1_19_3212_e4fc_51003>
...
040 (12769450.063.000) 11/08 10:49:57 Finished transferring input files
...
001 (12769450.063.000) 11/08 10:49:58 Job executing on host: <188.185.212.104:9618?addrs=188.185.212.104-9618+[2001-1458-303-18--100-64]-9618&alias=b9p25p9360.cern.ch&noUDP&sock=startd_2827_aa53>
	SlotName: slot1_19@b9p25p9360.cern.ch
	CondorScratchDir = "/pool/condor/dir_2374000"
	Cpus = 1
	Disk = 16053
	GPUs = 0
	Memory = 3000
...
006 (12769450.063.000) 11/08 10:50:12 Image size of job updated: 107904
	106  -  MemoryUsage of job (MB)
	107904  -  ResidentSetSize of job (KB)
...
006 (12769450.063.000) 11/08 10:51:13 Image size of job updated: 434300
	106  -  MemoryUsage of job (MB)
	107904  -  ResidentSetSize of job (KB)
...
040 (12769450.063.000) 11/08 10:51:13 Started transferring output files
...
040 (12769450.063.000) 11/08 10:51:13 Finished transferring output files
...
005 (12769450.063.000) 11/08 10:51:14 Job terminated.
	(1) Normal termination (return value 0)
		Usr 0 00:01:01, Sys 0 00:00:02  -  Run Remote Usage
		Usr 0 00:00:00, Sys 0 00:00:00  -  Run Local Usage
		Usr 0 00:01:01, Sys 0 00:00:02  -  Total Remote Usage
		Usr 0 00:00:00, Sys 0 00:00:00  -  Total Local Usage
	9591  -  Run Bytes Sent By Job
	11220236  -  Run Bytes Received By Job
	9591  -  Total Bytes Sent By Job
	11220236  -  Total Bytes Received By Job
	Partitionable Resources :    Usage  Request Allocated 
	   Cpus                 :        0        1         1 
	   Disk (KB)            :    10990    12500     16053 
	   GPUs                 :                           0 
	   Memory (MB)          :      106     3000      3000 
	   TimeExecute (s)      :       75                    
	   TimeSlotBusy (s)     :       77                    

	Job terminated of its own accord at 2025-11-08T09:51:13Z with exit-code 0.
...
