Starting job on \n
Running on: Linux b9p16p3793.cern.ch 5.14.0-570.44.1.el9_6.x86_64 #1 SMP PREEMPT_DYNAMIC Tue Sep 9 05:17:30 EDT 2025 x86_64 x86_64 x86_64 GNU/Linux\n
System software: Red Hat Enterprise Linux release 9.6 (Plow)\n
Setting up CROWN for RedHatEnterprise Version 9.6
subject   : /DC=ch/DC=cern/OU=Organic Units/OU=Users/CN=jiahua/CN=851532/CN=Jiahua Chen/CN=1735721823
issuer    : /DC=ch/DC=cern/OU=Organic Units/OU=Users/CN=jiahua/CN=851532/CN=Jiahua Chen
identity  : /DC=ch/DC=cern/OU=Organic Units/OU=Users/CN=jiahua/CN=851532/CN=Jiahua Chen
type      : RFC compliant proxy
strength  : 2048 bits
path      : /afs/cern.ch/user/j/jiahua/proxy/x509up_u139833
timeleft  : 196:50:08
key usage : Digital Signature, Key Encipherment
=== VO cms extension information ===
VO        : cms
subject   : /DC=ch/DC=cern/OU=Organic Units/OU=Users/CN=jiahua/CN=851532/CN=Jiahua Chen
issuer    : /DC=ch/DC=cern/OU=computers/CN=cms-auth.cern.ch
attribute : /cms/Role=NULL/Capability=NULL
timeleft  : 188:50:08
uri       : voms-cms-auth.cern.ch:15000
subject   : /DC=ch/DC=cern/OU=Organic Units/OU=Users/CN=jiahua/CN=851532/CN=Jiahua Chen/CN=1735721823
issuer    : /DC=ch/DC=cern/OU=Organic Units/OU=Users/CN=jiahua/CN=851532/CN=Jiahua Chen
identity  : /DC=ch/DC=cern/OU=Organic Units/OU=Users/CN=jiahua/CN=851532/CN=Jiahua Chen
type      : RFC compliant proxy
strength  : 2048 bits
path      : /afs/cern.ch/user/j/jiahua/proxy/x509up_u139833
timeleft  : 196:50:07
key usage : Digital Signature, Key Encipherment
=== VO cms extension information ===
VO        : cms
subject   : /DC=ch/DC=cern/OU=Organic Units/OU=Users/CN=jiahua/CN=851532/CN=Jiahua Chen
issuer    : /DC=ch/DC=cern/OU=computers/CN=cms-auth.cern.ch
attribute : /cms/Role=NULL/Capability=NULL
timeleft  : 188:50:07
uri       : voms-cms-auth.cern.ch:15000
/eos/user/j/jiahua/MC_2023_inc/ZZto4L_powheg_23/1b0353dc-fede-496f-aa35-d6a2839ea0ec.root
[2025-11-08 10:48:51.125] [main] [info] Checking input files
[2025-11-08 10:48:56.446] [main] [info] NanoAOD input_file 1: root://cms-xrd-global.cern.ch//store/mc/Run3Summer23NanoAODv12/ZZto4L_TuneCP5_13p6TeV_powheg-pythia8/NANOAODSIM/130X_mcRun3_2023_realistic_v14-v3/30000/1b0353dc-fede-496f-aa35-d6a2839ea0ec.root - 258000 Events
[2025-11-08 10:48:56.446] [main] [info] input_file 1: root://cms-xrd-global.cern.ch//store/mc/Run3Summer23NanoAODv12/ZZto4L_TuneCP5_13p6TeV_powheg-pythia8/NANOAODSIM/130X_mcRun3_2023_realistic_v14-v3/30000/1b0353dc-fede-496f-aa35-d6a2839ea0ec.root - SumOfGenWeight: 358816.56139999983 
[2025-11-08 10:48:56.446] [main] [info] Output directory: /eos/user/j/jiahua/MC_2023_inc/ZZto4L_powheg_23/1b0353dc-fede-496f-aa35-d6a2839ea0ec.root
[2025-11-08 10:48:56.447] [main] [info] Starting Setup of Dataframe with 258000 events
[2025-11-08 10:50:01.588] [main] [info] Finished Setup
[2025-11-08 10:50:01.588] [main] [info] Runtime for setup (real time: 65.14, CPU time: 64.29)
[2025-11-08 10:50:01.588] [main] [info] Starting Evaluation
[2025-11-08 10:50:13.738] [main] [info] 10000 / 258000 (3.88 %) Events processed ...
[2025-11-08 10:50:15.772] [main] [info] 20000 / 258000 (7.75 %) Events processed ...
[2025-11-08 10:50:17.734] [main] [info] 30000 / 258000 (11.63 %) Events processed ...
[2025-11-08 10:50:23.140] [main] [info] 40000 / 258000 (15.50 %) Events processed ...
[2025-11-08 10:50:25.236] [main] [info] 50000 / 258000 (19.38 %) Events processed ...
[2025-11-08 10:50:27.275] [main] [info] 60000 / 258000 (23.26 %) Events processed ...
[2025-11-08 10:50:32.162] [main] [info] 70000 / 258000 (27.13 %) Events processed ...
[2025-11-08 10:50:33.870] [main] [info] 80000 / 258000 (31.01 %) Events processed ...
[2025-11-08 10:50:35.588] [main] [info] 90000 / 258000 (34.88 %) Events processed ...
[2025-11-08 10:50:39.378] [main] [info] 100000 / 258000 (38.76 %) Events processed ...
[2025-11-08 10:50:41.357] [main] [info] 110000 / 258000 (42.64 %) Events processed ...
[2025-11-08 10:50:43.725] [main] [info] 120000 / 258000 (46.51 %) Events processed ...
[2025-11-08 10:50:49.700] [main] [info] 130000 / 258000 (50.39 %) Events processed ...
[2025-11-08 10:50:51.679] [main] [info] 140000 / 258000 (54.26 %) Events processed ...
[2025-11-08 10:50:53.656] [main] [info] 150000 / 258000 (58.14 %) Events processed ...
[2025-11-08 10:50:55.472] [main] [info] 160000 / 258000 (62.02 %) Events processed ...
[2025-11-08 10:51:02.054] [main] [info] 170000 / 258000 (65.89 %) Events processed ...
[2025-11-08 10:51:04.348] [main] [info] 180000 / 258000 (69.77 %) Events processed ...
[2025-11-08 10:51:06.157] [main] [info] 190000 / 258000 (73.64 %) Events processed ...
[2025-11-08 10:51:11.367] [main] [info] 200000 / 258000 (77.52 %) Events processed ...
[2025-11-08 10:51:12.798] [main] [info] 210000 / 258000 (81.40 %) Events processed ...
[2025-11-08 10:51:14.179] [main] [info] 220000 / 258000 (85.27 %) Events processed ...
[2025-11-08 10:51:18.469] [main] [info] 230000 / 258000 (89.15 %) Events processed ...
[2025-11-08 10:51:20.711] [main] [info] 240000 / 258000 (93.02 %) Events processed ...
[2025-11-08 10:51:22.673] [main] [info] 250000 / 258000 (96.90 %) Events processed ...
[2025-11-08 10:51:24.600] [main] [info] vbfhmm:
Flag_goodVertices: pass=258000     all=258000     -- eff=100.00 % cumulative eff=100.00 %
Flag_globalSuperTightHalo2016Filter: pass=257997     all=258000     -- eff=100.00 % cumulative eff=100.00 %
Flag_EcalDeadCellTriggerPrimitiveFilter: pass=257994     all=257997     -- eff=100.00 % cumulative eff=100.00 %
Flag_BadPFMuonFilter: pass=257980     all=257994     -- eff=99.99 % cumulative eff=99.99 %
Flag_BadPFMuonDzFilter: pass=257973     all=257980     -- eff=100.00 % cumulative eff=99.99 %
Flag_eeBadScFilter: pass=257973     all=257973     -- eff=100.00 % cumulative eff=99.99 %
Flag_ecalBadCalibFilter: pass=257948     all=257973     -- eff=99.99 % cumulative eff=99.98 %
Flag_hfNoisyHitsFilter: pass=257937     all=257948     -- eff=100.00 % cumulative eff=99.98 %
Number of muons 2: pass=25965      all=257937     -- eff=10.07 % cumulative eff=10.06 %
DiMuon From Higgs: pass=19504      all=25965      -- eff=75.12 % cumulative eff=7.56 %
LeptonChargeSum: pass=17760      all=19504      -- eff=91.06 % cumulative eff=6.88 %
[2025-11-08 10:51:24.841] [main] [info] Writing quantities map to /eos/user/j/jiahua/MC_2023_inc/ZZto4L_powheg_23/1b0353dc-fede-496f-aa35-d6a2839ea0ec_vbfhmm.root
[2025-11-08 10:51:25.213] [main] [info] Finished Evaluation
[2025-11-08 10:51:25.213] [main] [info] Overall runtime (real time: 148.77, CPU time: 122.26)
