Starting job on \n
Running on: Linux b9p08p8146.cern.ch 5.14.0-570.42.2.el9_6.x86_64 #1 SMP PREEMPT_DYNAMIC Mon Sep 8 12:15:13 EDT 2025 x86_64 x86_64 x86_64 GNU/Linux\n
System software: Red Hat Enterprise Linux release 9.6 (Plow)\n
Setting up CROWN for RedHatEnterprise Version 9.6
subject   : /DC=ch/DC=cern/OU=Organic Units/OU=Users/CN=jiahua/CN=851532/CN=Jiahua Chen/CN=1735721823
issuer    : /DC=ch/DC=cern/OU=Organic Units/OU=Users/CN=jiahua/CN=851532/CN=Jiahua Chen
identity  : /DC=ch/DC=cern/OU=Organic Units/OU=Users/CN=jiahua/CN=851532/CN=Jiahua Chen
type      : RFC compliant proxy
strength  : 2048 bits
path      : /afs/cern.ch/user/j/jiahua/proxy/x509up_u139833
timeleft  : 196:50:45
key usage : Digital Signature, Key Encipherment
=== VO cms extension information ===
VO        : cms
subject   : /DC=ch/DC=cern/OU=Organic Units/OU=Users/CN=jiahua/CN=851532/CN=Jiahua Chen
issuer    : /DC=ch/DC=cern/OU=computers/CN=cms-auth.cern.ch
attribute : /cms/Role=NULL/Capability=NULL
timeleft  : 188:50:45
uri       : voms-cms-auth.cern.ch:15000
subject   : /DC=ch/DC=cern/OU=Organic Units/OU=Users/CN=jiahua/CN=851532/CN=Jiahua Chen/CN=1735721823
issuer    : /DC=ch/DC=cern/OU=Organic Units/OU=Users/CN=jiahua/CN=851532/CN=Jiahua Chen
identity  : /DC=ch/DC=cern/OU=Organic Units/OU=Users/CN=jiahua/CN=851532/CN=Jiahua Chen
type      : RFC compliant proxy
strength  : 2048 bits
path      : /afs/cern.ch/user/j/jiahua/proxy/x509up_u139833
timeleft  : 196:50:45
key usage : Digital Signature, Key Encipherment
=== VO cms extension information ===
VO        : cms
subject   : /DC=ch/DC=cern/OU=Organic Units/OU=Users/CN=jiahua/CN=851532/CN=Jiahua Chen
issuer    : /DC=ch/DC=cern/OU=computers/CN=cms-auth.cern.ch
attribute : /cms/Role=NULL/Capability=NULL
timeleft  : 188:50:45
uri       : voms-cms-auth.cern.ch:15000
/eos/user/j/jiahua/MC_2023_inc/ZZto2L2Nu_powheg_23/b6066be1-e8a4-4b66-a751-bf4891b257a1.root
[2025-11-08 10:48:14.634] [main] [info] Checking input files
[2025-11-08 10:48:28.569] [main] [info] NanoAOD input_file 1: root://cms-xrd-global.cern.ch//store/mc/Run3Summer23NanoAODv12/ZZto2L2Nu_TuneCP5_13p6TeV_powheg-pythia8/NANOAODSIM/130X_mcRun3_2023_realistic_v14-v3/40000/b6066be1-e8a4-4b66-a751-bf4891b257a1.root - 249000 Events
[2025-11-08 10:48:28.589] [main] [info] input_file 1: root://cms-xrd-global.cern.ch//store/mc/Run3Summer23NanoAODv12/ZZto2L2Nu_TuneCP5_13p6TeV_powheg-pythia8/NANOAODSIM/130X_mcRun3_2023_realistic_v14-v3/40000/b6066be1-e8a4-4b66-a751-bf4891b257a1.root - SumOfGenWeight: 256681.54140000013 
[2025-11-08 10:48:28.589] [main] [info] Output directory: /eos/user/j/jiahua/MC_2023_inc/ZZto2L2Nu_powheg_23/b6066be1-e8a4-4b66-a751-bf4891b257a1.root
[2025-11-08 10:48:28.594] [main] [info] Starting Setup of Dataframe with 249000 events
[2025-11-08 10:49:13.855] [main] [info] Finished Setup
[2025-11-08 10:49:13.855] [main] [info] Runtime for setup (real time: 45.27, CPU time: 41.53)
[2025-11-08 10:49:13.855] [main] [info] Starting Evaluation
[2025-11-08 10:49:29.010] [main] [info] 10000 / 249000 (4.02 %) Events processed ...
[2025-11-08 10:49:30.509] [main] [info] 20000 / 249000 (8.03 %) Events processed ...
[2025-11-08 10:49:31.983] [main] [info] 30000 / 249000 (12.05 %) Events processed ...
[2025-11-08 10:49:39.896] [main] [info] 40000 / 249000 (16.06 %) Events processed ...
[2025-11-08 10:49:41.096] [main] [info] 50000 / 249000 (20.08 %) Events processed ...
[2025-11-08 10:49:42.139] [main] [info] 60000 / 249000 (24.10 %) Events processed ...
[2025-11-08 10:49:43.275] [main] [info] 70000 / 249000 (28.11 %) Events processed ...
[2025-11-08 10:49:53.102] [main] [info] 80000 / 249000 (32.13 %) Events processed ...
[2025-11-08 10:49:54.913] [main] [info] 90000 / 249000 (36.14 %) Events processed ...
[2025-11-08 10:49:56.444] [main] [info] 100000 / 249000 (40.16 %) Events processed ...
[2025-11-08 10:50:06.727] [main] [info] 110000 / 249000 (44.18 %) Events processed ...
[2025-11-08 10:50:08.300] [main] [info] 120000 / 249000 (48.19 %) Events processed ...
[2025-11-08 10:50:09.952] [main] [info] 130000 / 249000 (52.21 %) Events processed ...
[2025-11-08 10:50:21.393] [main] [info] 140000 / 249000 (56.22 %) Events processed ...
[2025-11-08 10:50:23.003] [main] [info] 150000 / 249000 (60.24 %) Events processed ...
[2025-11-08 10:50:24.102] [main] [info] 160000 / 249000 (64.26 %) Events processed ...
[2025-11-08 10:50:25.309] [main] [info] 170000 / 249000 (68.27 %) Events processed ...
[2025-11-08 10:50:38.783] [main] [info] 180000 / 249000 (72.29 %) Events processed ...
[2025-11-08 10:50:40.405] [main] [info] 190000 / 249000 (76.31 %) Events processed ...
[2025-11-08 10:50:41.987] [main] [info] 200000 / 249000 (80.32 %) Events processed ...
[2025-11-08 10:50:54.990] [main] [info] 210000 / 249000 (84.34 %) Events processed ...
[2025-11-08 10:50:55.969] [main] [info] 220000 / 249000 (88.35 %) Events processed ...
[2025-11-08 10:50:57.051] [main] [info] 230000 / 249000 (92.37 %) Events processed ...
[2025-11-08 10:51:02.290] [main] [info] 240000 / 249000 (96.39 %) Events processed ...
[2025-11-08 10:51:03.964] [main] [info] vbfhmm:
Flag_goodVertices: pass=249000     all=249000     -- eff=100.00 % cumulative eff=100.00 %
Flag_globalSuperTightHalo2016Filter: pass=248970     all=249000     -- eff=99.99 % cumulative eff=99.99 %
Flag_EcalDeadCellTriggerPrimitiveFilter: pass=248967     all=248970     -- eff=100.00 % cumulative eff=99.99 %
Flag_BadPFMuonFilter: pass=248951     all=248967     -- eff=99.99 % cumulative eff=99.98 %
Flag_BadPFMuonDzFilter: pass=248945     all=248951     -- eff=100.00 % cumulative eff=99.98 %
Flag_eeBadScFilter: pass=248945     all=248945     -- eff=100.00 % cumulative eff=99.98 %
Flag_ecalBadCalibFilter: pass=248907     all=248945     -- eff=99.98 % cumulative eff=99.96 %
Flag_hfNoisyHitsFilter: pass=248903     all=248907     -- eff=100.00 % cumulative eff=99.96 %
Number of muons 2: pass=26336      all=248903     -- eff=10.58 % cumulative eff=10.58 %
DiMuon From Higgs: pass=24695      all=26336      -- eff=93.77 % cumulative eff=9.92 %
LeptonChargeSum: pass=24689      all=24695      -- eff=99.98 % cumulative eff=9.92 %
[2025-11-08 10:51:04.195] [main] [info] Writing quantities map to /eos/user/j/jiahua/MC_2023_inc/ZZto2L2Nu_powheg_23/b6066be1-e8a4-4b66-a751-bf4891b257a1_vbfhmm.root
[2025-11-08 10:51:04.561] [main] [info] Finished Evaluation
[2025-11-08 10:51:04.561] [main] [info] Overall runtime (real time: 155.97, CPU time: 85.33)
