000 (12769449.154.000) 11/08 10:41:03 Job submitted from host: <188.185.121.235:9618?addrs=188.185.121.235-9618+[2001-1458-d00-49--100-36e]-9618&alias=bigbird22.cern.ch&noUDP&sock=schedd_232129_c3ca>
...
040 (12769449.154.000) 11/08 10:49:31 Started transferring input files
	Transferring to host: <128.142.161.81:9618?addrs=128.142.161.81-9618+[2001-1458-301-b8--100-f]-9618&alias=b9g03p1530.cern.ch&noUDP&sock=slot1_15_3690533_1c13_62377>
...
040 (12769449.154.000) 11/08 10:49:31 Finished transferring input files
...
001 (12769449.154.000) 11/08 10:49:32 Job executing on host: <128.142.161.81:9618?addrs=128.142.161.81-9618+[2001-1458-301-b8--100-f]-9618&alias=b9g03p1530.cern.ch&noUDP&sock=startd_3237_e427>
	SlotName: slot1_15@b9g03p1530.cern.ch
	CondorScratchDir = "/pool/condor/dir_1990527"
	Cpus = 1
	Disk = 16249
	GPUs = 0
	Memory = 3000
...
006 (12769449.154.000) 11/08 10:49:46 Image size of job updated: 103160
	101  -  MemoryUsage of job (MB)
	103160  -  ResidentSetSize of job (KB)
...
006 (12769449.154.000) 11/08 10:51:11 Image size of job updated: 406936
	101  -  MemoryUsage of job (MB)
	103160  -  ResidentSetSize of job (KB)
...
040 (12769449.154.000) 11/08 10:51:12 Started transferring output files
...
040 (12769449.154.000) 11/08 10:51:12 Finished transferring output files
...
005 (12769449.154.000) 11/08 10:51:12 Job terminated.
	(1) Normal termination (return value 0)
		Usr 0 00:01:27, Sys 0 00:00:02  -  Run Remote Usage
		Usr 0 00:00:00, Sys 0 00:00:00  -  Run Local Usage
		Usr 0 00:01:27, Sys 0 00:00:02  -  Total Remote Usage
		Usr 0 00:00:00, Sys 0 00:00:00  -  Total Local Usage
	9418  -  Run Bytes Sent By Job
	11220236  -  Run Bytes Received By Job
	9418  -  Total Bytes Sent By Job
	11220236  -  Total Bytes Received By Job
	Partitionable Resources :    Usage  Request Allocated 
	   Cpus                 :        0        1         1 
	   Disk (KB)            :    10989    12500     16249 
	   GPUs                 :                           0 
	   Memory (MB)          :      101     3000      3000 
	   TimeExecute (s)      :       99                    
	   TimeSlotBusy (s)     :      101                    

	Job terminated of its own accord at 2025-11-08T09:51:11Z with exit-code 0.
...
