000 (12769448.092.000) 11/08 10:41:02 Job submitted from host: <188.185.121.235:9618?addrs=188.185.121.235-9618+[2001-1458-d00-49--100-36e]-9618&alias=bigbird22.cern.ch&noUDP&sock=schedd_232129_c3ca>
...
040 (12769448.092.000) 11/08 10:48:28 Started transferring input files
	Transferring to host: <188.185.192.70:9618?addrs=188.185.192.70-9618+[2001-1458-303-1f--100-42]-9618&alias=b9p13p3947.cern.ch&noUDP&sock=slot1_5_7898_9afa_49665>
...
040 (12769448.092.000) 11/08 10:48:28 Finished transferring input files
...
001 (12769448.092.000) 11/08 10:48:29 Job executing on host: <188.185.192.70:9618?addrs=188.185.192.70-9618+[2001-1458-303-1f--100-42]-9618&alias=b9p13p3947.cern.ch&noUDP&sock=startd_6740_a869>
	SlotName: slot1_5@b9p13p3947.cern.ch
	CondorScratchDir = "/pool/condor/dir_2815971"
	Cpus = 1
	Disk = 15947
	GPUs = 0
	Memory = 3000
...
006 (12769448.092.000) 11/08 10:48:42 Image size of job updated: 97076
	95  -  MemoryUsage of job (MB)
	97076  -  ResidentSetSize of job (KB)
...
006 (12769448.092.000) 11/08 10:53:16 Image size of job updated: 453172
	95  -  MemoryUsage of job (MB)
	97076  -  ResidentSetSize of job (KB)
...
040 (12769448.092.000) 11/08 10:53:16 Started transferring output files
...
040 (12769448.092.000) 11/08 10:53:16 Finished transferring output files
...
005 (12769448.092.000) 11/08 10:53:17 Job terminated.
	(1) Normal termination (return value 0)
		Usr 0 00:02:40, Sys 0 00:00:04  -  Run Remote Usage
		Usr 0 00:00:00, Sys 0 00:00:00  -  Run Local Usage
		Usr 0 00:02:40, Sys 0 00:00:04  -  Total Remote Usage
		Usr 0 00:00:00, Sys 0 00:00:00  -  Total Local Usage
	11858  -  Run Bytes Sent By Job
	11220236  -  Run Bytes Received By Job
	11858  -  Total Bytes Sent By Job
	11220236  -  Total Bytes Received By Job
	Partitionable Resources :    Usage  Request Allocated 
	   Cpus                 :        0        1         1 
	   Disk (KB)            :    10992    12500     15947 
	   GPUs                 :                           0 
	   Memory (MB)          :       95     3000      3000 
	   TimeExecute (s)      :      287                    
	   TimeSlotBusy (s)     :      288                    

	Job terminated of its own accord at 2025-11-08T09:53:16Z with exit-code 0.
...
