Starting job on \n
Running on: Linux b9p31p5914.cern.ch 5.14.0-570.44.1.el9_6.x86_64 #1 SMP PREEMPT_DYNAMIC Tue Sep 9 05:17:30 EDT 2025 x86_64 x86_64 x86_64 GNU/Linux\n
System software: Red Hat Enterprise Linux release 9.6 (Plow)\n
Setting up CROWN for RedHatEnterprise Version 9.6
subject   : /DC=ch/DC=cern/OU=Organic Units/OU=Users/CN=jiahua/CN=851532/CN=Jiahua Chen/CN=1735721823
issuer    : /DC=ch/DC=cern/OU=Organic Units/OU=Users/CN=jiahua/CN=851532/CN=Jiahua Chen
identity  : /DC=ch/DC=cern/OU=Organic Units/OU=Users/CN=jiahua/CN=851532/CN=Jiahua Chen
type      : RFC compliant proxy
strength  : 2048 bits
path      : /afs/cern.ch/user/j/jiahua/proxy/x509up_u139833
timeleft  : 196:49:51
key usage : Digital Signature, Key Encipherment
=== VO cms extension information ===
VO        : cms
subject   : /DC=ch/DC=cern/OU=Organic Units/OU=Users/CN=jiahua/CN=851532/CN=Jiahua Chen
issuer    : /DC=ch/DC=cern/OU=computers/CN=cms-auth.cern.ch
attribute : /cms/Role=NULL/Capability=NULL
timeleft  : 188:49:51
uri       : voms-cms-auth.cern.ch:15000
subject   : /DC=ch/DC=cern/OU=Organic Units/OU=Users/CN=jiahua/CN=851532/CN=Jiahua Chen/CN=1735721823
issuer    : /DC=ch/DC=cern/OU=Organic Units/OU=Users/CN=jiahua/CN=851532/CN=Jiahua Chen
identity  : /DC=ch/DC=cern/OU=Organic Units/OU=Users/CN=jiahua/CN=851532/CN=Jiahua Chen
type      : RFC compliant proxy
strength  : 2048 bits
path      : /afs/cern.ch/user/j/jiahua/proxy/x509up_u139833
timeleft  : 196:49:51
key usage : Digital Signature, Key Encipherment
=== VO cms extension information ===
VO        : cms
subject   : /DC=ch/DC=cern/OU=Organic Units/OU=Users/CN=jiahua/CN=851532/CN=Jiahua Chen
issuer    : /DC=ch/DC=cern/OU=computers/CN=cms-auth.cern.ch
attribute : /cms/Role=NULL/Capability=NULL
timeleft  : 188:49:51
uri       : voms-cms-auth.cern.ch:15000
/eos/user/j/jiahua/MC_2023_inc/ZZto4L_powheg_23/3a24d097-8f72-4497-9306-d3eda8dee7ea.root
[2025-11-08 10:49:07.711] [main] [info] Checking input files
[2025-11-08 10:49:13.256] [main] [info] NanoAOD input_file 1: root://cms-xrd-global.cern.ch//store/mc/Run3Summer23NanoAODv12/ZZto4L_TuneCP5_13p6TeV_powheg-pythia8/NANOAODSIM/130X_mcRun3_2023_realistic_v14-v3/2810000/3a24d097-8f72-4497-9306-d3eda8dee7ea.root - 372000 Events
[2025-11-08 10:49:13.271] [main] [info] input_file 1: root://cms-xrd-global.cern.ch//store/mc/Run3Summer23NanoAODv12/ZZto4L_TuneCP5_13p6TeV_powheg-pythia8/NANOAODSIM/130X_mcRun3_2023_realistic_v14-v3/2810000/3a24d097-8f72-4497-9306-d3eda8dee7ea.root - SumOfGenWeight: 517194.3530599999 
[2025-11-08 10:49:13.271] [main] [info] Output directory: /eos/user/j/jiahua/MC_2023_inc/ZZto4L_powheg_23/3a24d097-8f72-4497-9306-d3eda8dee7ea.root
[2025-11-08 10:49:13.273] [main] [info] Starting Setup of Dataframe with 372000 events
[2025-11-08 10:50:10.273] [main] [info] Finished Setup
[2025-11-08 10:50:10.274] [main] [info] Runtime for setup (real time: 57.00, CPU time: 51.86)
[2025-11-08 10:50:10.274] [main] [info] Starting Evaluation
[2025-11-08 10:50:21.436] [main] [info] 10000 / 372000 (2.69 %) Events processed ...
[2025-11-08 10:50:22.557] [main] [info] 20000 / 372000 (5.38 %) Events processed ...
[2025-11-08 10:50:23.724] [main] [info] 30000 / 372000 (8.06 %) Events processed ...
[2025-11-08 10:50:29.923] [main] [info] 40000 / 372000 (10.75 %) Events processed ...
[2025-11-08 10:50:31.571] [main] [info] 50000 / 372000 (13.44 %) Events processed ...
[2025-11-08 10:50:33.121] [main] [info] 60000 / 372000 (16.13 %) Events processed ...
[2025-11-08 10:50:43.549] [main] [info] 70000 / 372000 (18.82 %) Events processed ...
[2025-11-08 10:50:45.013] [main] [info] 80000 / 372000 (21.51 %) Events processed ...
[2025-11-08 10:50:46.359] [main] [info] 90000 / 372000 (24.19 %) Events processed ...
[2025-11-08 10:50:53.903] [main] [info] 100000 / 372000 (26.88 %) Events processed ...
[2025-11-08 10:50:55.598] [main] [info] 110000 / 372000 (29.57 %) Events processed ...
[2025-11-08 10:50:57.499] [main] [info] 120000 / 372000 (32.26 %) Events processed ...
[2025-11-08 10:51:02.416] [main] [info] 130000 / 372000 (34.95 %) Events processed ...
[2025-11-08 10:51:03.876] [main] [info] 140000 / 372000 (37.63 %) Events processed ...
[2025-11-08 10:51:05.187] [main] [info] 150000 / 372000 (40.32 %) Events processed ...
[2025-11-08 10:51:11.561] [main] [info] 160000 / 372000 (43.01 %) Events processed ...
[2025-11-08 10:51:12.947] [main] [info] 170000 / 372000 (45.70 %) Events processed ...
[2025-11-08 10:51:14.508] [main] [info] 180000 / 372000 (48.39 %) Events processed ...
[2025-11-08 10:51:17.093] [main] [info] 190000 / 372000 (51.08 %) Events processed ...
[2025-11-08 10:51:18.365] [main] [info] 200000 / 372000 (53.76 %) Events processed ...
[2025-11-08 10:51:19.638] [main] [info] 210000 / 372000 (56.45 %) Events processed ...
[2025-11-08 10:51:26.691] [main] [info] 220000 / 372000 (59.14 %) Events processed ...
[2025-11-08 10:51:28.026] [main] [info] 230000 / 372000 (61.83 %) Events processed ...
[2025-11-08 10:51:29.518] [main] [info] 240000 / 372000 (64.52 %) Events processed ...
[2025-11-08 10:51:30.780] [main] [info] 250000 / 372000 (67.20 %) Events processed ...
[2025-11-08 10:51:36.037] [main] [info] 260000 / 372000 (69.89 %) Events processed ...
[2025-11-08 10:51:37.386] [main] [info] 270000 / 372000 (72.58 %) Events processed ...
[2025-11-08 10:51:38.447] [main] [info] 280000 / 372000 (75.27 %) Events processed ...
[2025-11-08 10:51:43.960] [main] [info] 290000 / 372000 (77.96 %) Events processed ...
[2025-11-08 10:51:45.274] [main] [info] 300000 / 372000 (80.65 %) Events processed ...
[2025-11-08 10:51:46.563] [main] [info] 310000 / 372000 (83.33 %) Events processed ...
[2025-11-08 10:51:49.826] [main] [info] 320000 / 372000 (86.02 %) Events processed ...
[2025-11-08 10:51:51.261] [main] [info] 330000 / 372000 (88.71 %) Events processed ...
[2025-11-08 10:51:52.568] [main] [info] 340000 / 372000 (91.40 %) Events processed ...
[2025-11-08 10:51:58.551] [main] [info] 350000 / 372000 (94.09 %) Events processed ...
[2025-11-08 10:51:59.976] [main] [info] 360000 / 372000 (96.77 %) Events processed ...
[2025-11-08 10:52:01.261] [main] [info] 370000 / 372000 (99.46 %) Events processed ...
[2025-11-08 10:52:01.835] [main] [info] vbfhmm:
Flag_goodVertices: pass=372000     all=372000     -- eff=100.00 % cumulative eff=100.00 %
Flag_globalSuperTightHalo2016Filter: pass=371970     all=372000     -- eff=99.99 % cumulative eff=99.99 %
Flag_EcalDeadCellTriggerPrimitiveFilter: pass=371961     all=371970     -- eff=100.00 % cumulative eff=99.99 %
Flag_BadPFMuonFilter: pass=371931     all=371961     -- eff=99.99 % cumulative eff=99.98 %
Flag_BadPFMuonDzFilter: pass=371923     all=371931     -- eff=100.00 % cumulative eff=99.98 %
Flag_eeBadScFilter: pass=371923     all=371923     -- eff=100.00 % cumulative eff=99.98 %
Flag_ecalBadCalibFilter: pass=371900     all=371923     -- eff=99.99 % cumulative eff=99.97 %
Flag_hfNoisyHitsFilter: pass=371893     all=371900     -- eff=100.00 % cumulative eff=99.97 %
Number of muons 2: pass=37295      all=371893     -- eff=10.03 % cumulative eff=10.03 %
DiMuon From Higgs: pass=28365      all=37295      -- eff=76.06 % cumulative eff=7.62 %
LeptonChargeSum: pass=25800      all=28365      -- eff=90.96 % cumulative eff=6.94 %
[2025-11-08 10:52:01.957] [main] [info] Writing quantities map to /eos/user/j/jiahua/MC_2023_inc/ZZto4L_powheg_23/3a24d097-8f72-4497-9306-d3eda8dee7ea_vbfhmm.root
[2025-11-08 10:52:02.263] [main] [info] Finished Evaluation
[2025-11-08 10:52:02.263] [main] [info] Overall runtime (real time: 168.99, CPU time: 112.07)
