000 (12769449.067.000) 11/08 10:41:02 Job submitted from host: <188.185.121.235:9618?addrs=188.185.121.235-9618+[2001-1458-d00-49--100-36e]-9618&alias=bigbird22.cern.ch&noUDP&sock=schedd_232129_c3ca>
...
040 (12769449.067.000) 11/08 10:49:03 Started transferring input files
	Transferring to host: <188.185.196.126:9618?addrs=188.185.196.126-9618+[2001-1458-303-23--100-7a]-9618&alias=b9p16p1240.cern.ch&noUDP&sock=slot1_23_6965_38f4_46060>
...
040 (12769449.067.000) 11/08 10:49:03 Finished transferring input files
...
001 (12769449.067.000) 11/08 10:49:04 Job executing on host: <188.185.196.126:9618?addrs=188.185.196.126-9618+[2001-1458-303-23--100-7a]-9618&alias=b9p16p1240.cern.ch&noUDP&sock=startd_6276_6478>
	SlotName: slot1_23@b9p16p1240.cern.ch
	CondorScratchDir = "/pool/condor/dir_2277304"
	Cpus = 1
	Disk = 15850
	GPUs = 0
	Memory = 3000
...
006 (12769449.067.000) 11/08 10:49:17 Image size of job updated: 109896
	108  -  MemoryUsage of job (MB)
	109896  -  ResidentSetSize of job (KB)
...
006 (12769449.067.000) 11/08 10:51:43 Image size of job updated: 448824
	108  -  MemoryUsage of job (MB)
	109896  -  ResidentSetSize of job (KB)
...
040 (12769449.067.000) 11/08 10:51:43 Started transferring output files
...
040 (12769449.067.000) 11/08 10:51:43 Finished transferring output files
...
005 (12769449.067.000) 11/08 10:51:43 Job terminated.
	(1) Normal termination (return value 0)
		Usr 0 00:02:05, Sys 0 00:00:03  -  Run Remote Usage
		Usr 0 00:00:00, Sys 0 00:00:00  -  Run Local Usage
		Usr 0 00:02:05, Sys 0 00:00:03  -  Total Remote Usage
		Usr 0 00:00:00, Sys 0 00:00:00  -  Total Local Usage
	11501  -  Run Bytes Sent By Job
	11220236  -  Run Bytes Received By Job
	11501  -  Total Bytes Sent By Job
	11220236  -  Total Bytes Received By Job
	Partitionable Resources :    Usage  Request Allocated 
	   Cpus                 :        0        1         1 
	   Disk (KB)            :    10992    12500     15850 
	   GPUs                 :                           0 
	   Memory (MB)          :      108     3000      3000 
	   TimeExecute (s)      :      159                    
	   TimeSlotBusy (s)     :      160                    

	Job terminated of its own accord at 2025-11-08T09:51:43Z with exit-code 0.
...
