Starting job on \n
Running on: Linux b9p25p0803.cern.ch 5.14.0-570.44.1.el9_6.x86_64 #1 SMP PREEMPT_DYNAMIC Tue Sep 9 05:17:30 EDT 2025 x86_64 x86_64 x86_64 GNU/Linux\n
System software: Red Hat Enterprise Linux release 9.6 (Plow)\n
Setting up CROWN for RedHatEnterprise Version 9.6
subject   : /DC=ch/DC=cern/OU=Organic Units/OU=Users/CN=jiahua/CN=851532/CN=Jiahua Chen/CN=1735721823
issuer    : /DC=ch/DC=cern/OU=Organic Units/OU=Users/CN=jiahua/CN=851532/CN=Jiahua Chen
identity  : /DC=ch/DC=cern/OU=Organic Units/OU=Users/CN=jiahua/CN=851532/CN=Jiahua Chen
type      : RFC compliant proxy
strength  : 2048 bits
path      : /afs/cern.ch/user/j/jiahua/proxy/x509up_u139833
timeleft  : 196:49:36
key usage : Digital Signature, Key Encipherment
=== VO cms extension information ===
VO        : cms
subject   : /DC=ch/DC=cern/OU=Organic Units/OU=Users/CN=jiahua/CN=851532/CN=Jiahua Chen
issuer    : /DC=ch/DC=cern/OU=computers/CN=cms-auth.cern.ch
attribute : /cms/Role=NULL/Capability=NULL
timeleft  : 188:49:36
uri       : voms-cms-auth.cern.ch:15000
subject   : /DC=ch/DC=cern/OU=Organic Units/OU=Users/CN=jiahua/CN=851532/CN=Jiahua Chen/CN=1735721823
issuer    : /DC=ch/DC=cern/OU=Organic Units/OU=Users/CN=jiahua/CN=851532/CN=Jiahua Chen
identity  : /DC=ch/DC=cern/OU=Organic Units/OU=Users/CN=jiahua/CN=851532/CN=Jiahua Chen
type      : RFC compliant proxy
strength  : 2048 bits
path      : /afs/cern.ch/user/j/jiahua/proxy/x509up_u139833
timeleft  : 196:49:36
key usage : Digital Signature, Key Encipherment
=== VO cms extension information ===
VO        : cms
subject   : /DC=ch/DC=cern/OU=Organic Units/OU=Users/CN=jiahua/CN=851532/CN=Jiahua Chen
issuer    : /DC=ch/DC=cern/OU=computers/CN=cms-auth.cern.ch
attribute : /cms/Role=NULL/Capability=NULL
timeleft  : 188:49:36
uri       : voms-cms-auth.cern.ch:15000
/eos/user/j/jiahua/MC_2023_inc/ZZto4L_powheg_23/4e5ddd86-b844-40b2-acef-79b4195cf20c.root
[2025-11-08 10:49:23.059] [main] [info] Checking input files
[2025-11-08 10:49:28.439] [main] [info] NanoAOD input_file 1: root://cms-xrd-global.cern.ch//store/mc/Run3Summer23NanoAODv12/ZZto4L_TuneCP5_13p6TeV_powheg-pythia8/NANOAODSIM/130X_mcRun3_2023_realistic_v14-v3/2810000/4e5ddd86-b844-40b2-acef-79b4195cf20c.root - 255000 Events
[2025-11-08 10:49:28.454] [main] [info] input_file 1: root://cms-xrd-global.cern.ch//store/mc/Run3Summer23NanoAODv12/ZZto4L_TuneCP5_13p6TeV_powheg-pythia8/NANOAODSIM/130X_mcRun3_2023_realistic_v14-v3/2810000/4e5ddd86-b844-40b2-acef-79b4195cf20c.root - SumOfGenWeight: 354393.5269600001 
[2025-11-08 10:49:28.454] [main] [info] Output directory: /eos/user/j/jiahua/MC_2023_inc/ZZto4L_powheg_23/4e5ddd86-b844-40b2-acef-79b4195cf20c.root
[2025-11-08 10:49:28.455] [main] [info] Starting Setup of Dataframe with 255000 events
[2025-11-08 10:50:13.729] [main] [info] Finished Setup
[2025-11-08 10:50:13.730] [main] [info] Runtime for setup (real time: 45.28, CPU time: 43.94)
[2025-11-08 10:50:13.730] [main] [info] Starting Evaluation
[2025-11-08 10:50:23.416] [main] [info] 10000 / 255000 (3.92 %) Events processed ...
[2025-11-08 10:50:24.506] [main] [info] 20000 / 255000 (7.84 %) Events processed ...
[2025-11-08 10:50:25.778] [main] [info] 30000 / 255000 (11.76 %) Events processed ...
[2025-11-08 10:50:27.708] [main] [info] 40000 / 255000 (15.69 %) Events processed ...
[2025-11-08 10:50:28.749] [main] [info] 50000 / 255000 (19.61 %) Events processed ...
[2025-11-08 10:50:30.173] [main] [info] 60000 / 255000 (23.53 %) Events processed ...
[2025-11-08 10:50:32.658] [main] [info] 70000 / 255000 (27.45 %) Events processed ...
[2025-11-08 10:50:33.928] [main] [info] 80000 / 255000 (31.37 %) Events processed ...
[2025-11-08 10:50:35.306] [main] [info] 90000 / 255000 (35.29 %) Events processed ...
[2025-11-08 10:50:37.485] [main] [info] 100000 / 255000 (39.22 %) Events processed ...
[2025-11-08 10:50:38.740] [main] [info] 110000 / 255000 (43.14 %) Events processed ...
[2025-11-08 10:50:40.013] [main] [info] 120000 / 255000 (47.06 %) Events processed ...
[2025-11-08 10:50:41.924] [main] [info] 130000 / 255000 (50.98 %) Events processed ...
[2025-11-08 10:50:42.950] [main] [info] 140000 / 255000 (54.90 %) Events processed ...
[2025-11-08 10:50:43.981] [main] [info] 150000 / 255000 (58.82 %) Events processed ...
[2025-11-08 10:50:45.715] [main] [info] 160000 / 255000 (62.75 %) Events processed ...
[2025-11-08 10:50:46.985] [main] [info] 170000 / 255000 (66.67 %) Events processed ...
[2025-11-08 10:50:47.968] [main] [info] 180000 / 255000 (70.59 %) Events processed ...
[2025-11-08 10:50:49.383] [main] [info] 190000 / 255000 (74.51 %) Events processed ...
[2025-11-08 10:50:51.201] [main] [info] 200000 / 255000 (78.43 %) Events processed ...
[2025-11-08 10:50:52.245] [main] [info] 210000 / 255000 (82.35 %) Events processed ...
[2025-11-08 10:50:53.371] [main] [info] 220000 / 255000 (86.27 %) Events processed ...
[2025-11-08 10:50:55.633] [main] [info] 230000 / 255000 (90.20 %) Events processed ...
[2025-11-08 10:50:56.808] [main] [info] 240000 / 255000 (94.12 %) Events processed ...
[2025-11-08 10:50:57.836] [main] [info] 250000 / 255000 (98.04 %) Events processed ...
[2025-11-08 10:50:58.758] [main] [info] vbfhmm:
Flag_goodVertices: pass=255000     all=255000     -- eff=100.00 % cumulative eff=100.00 %
Flag_globalSuperTightHalo2016Filter: pass=254986     all=255000     -- eff=99.99 % cumulative eff=99.99 %
Flag_EcalDeadCellTriggerPrimitiveFilter: pass=254982     all=254986     -- eff=100.00 % cumulative eff=99.99 %
Flag_BadPFMuonFilter: pass=254963     all=254982     -- eff=99.99 % cumulative eff=99.99 %
Flag_BadPFMuonDzFilter: pass=254959     all=254963     -- eff=100.00 % cumulative eff=99.98 %
Flag_eeBadScFilter: pass=254959     all=254959     -- eff=100.00 % cumulative eff=99.98 %
Flag_ecalBadCalibFilter: pass=254930     all=254959     -- eff=99.99 % cumulative eff=99.97 %
Flag_hfNoisyHitsFilter: pass=254922     all=254930     -- eff=100.00 % cumulative eff=99.97 %
Number of muons 2: pass=25922      all=254922     -- eff=10.17 % cumulative eff=10.17 %
DiMuon From Higgs: pass=19660      all=25922      -- eff=75.84 % cumulative eff=7.71 %
LeptonChargeSum: pass=17896      all=19660      -- eff=91.03 % cumulative eff=7.02 %
[2025-11-08 10:50:58.935] [main] [info] Writing quantities map to /eos/user/j/jiahua/MC_2023_inc/ZZto4L_powheg_23/4e5ddd86-b844-40b2-acef-79b4195cf20c_vbfhmm.root
[2025-11-08 10:50:59.116] [main] [info] Finished Evaluation
[2025-11-08 10:50:59.116] [main] [info] Overall runtime (real time: 90.66, CPU time: 80.65)
