Starting job on \n
Running on: Linux b9p21p0360.cern.ch 5.14.0-570.44.1.el9_6.x86_64 #1 SMP PREEMPT_DYNAMIC Tue Sep 9 05:17:30 EDT 2025 x86_64 x86_64 x86_64 GNU/Linux\n
System software: Red Hat Enterprise Linux release 9.6 (Plow)\n
Setting up CROWN for RedHatEnterprise Version 9.6
subject   : /DC=ch/DC=cern/OU=Organic Units/OU=Users/CN=jiahua/CN=851532/CN=Jiahua Chen/CN=1735721823
issuer    : /DC=ch/DC=cern/OU=Organic Units/OU=Users/CN=jiahua/CN=851532/CN=Jiahua Chen
identity  : /DC=ch/DC=cern/OU=Organic Units/OU=Users/CN=jiahua/CN=851532/CN=Jiahua Chen
type      : RFC compliant proxy
strength  : 2048 bits
path      : /afs/cern.ch/user/j/jiahua/proxy/x509up_u139833
timeleft  : 196:49:55
key usage : Digital Signature, Key Encipherment
=== VO cms extension information ===
VO        : cms
subject   : /DC=ch/DC=cern/OU=Organic Units/OU=Users/CN=jiahua/CN=851532/CN=Jiahua Chen
issuer    : /DC=ch/DC=cern/OU=computers/CN=cms-auth.cern.ch
attribute : /cms/Role=NULL/Capability=NULL
timeleft  : 188:49:55
uri       : voms-cms-auth.cern.ch:15000
subject   : /DC=ch/DC=cern/OU=Organic Units/OU=Users/CN=jiahua/CN=851532/CN=Jiahua Chen/CN=1735721823
issuer    : /DC=ch/DC=cern/OU=Organic Units/OU=Users/CN=jiahua/CN=851532/CN=Jiahua Chen
identity  : /DC=ch/DC=cern/OU=Organic Units/OU=Users/CN=jiahua/CN=851532/CN=Jiahua Chen
type      : RFC compliant proxy
strength  : 2048 bits
path      : /afs/cern.ch/user/j/jiahua/proxy/x509up_u139833
timeleft  : 196:49:55
key usage : Digital Signature, Key Encipherment
=== VO cms extension information ===
VO        : cms
subject   : /DC=ch/DC=cern/OU=Organic Units/OU=Users/CN=jiahua/CN=851532/CN=Jiahua Chen
issuer    : /DC=ch/DC=cern/OU=computers/CN=cms-auth.cern.ch
attribute : /cms/Role=NULL/Capability=NULL
timeleft  : 188:49:55
uri       : voms-cms-auth.cern.ch:15000
/eos/user/j/jiahua/MC_2023_inc/ZZto4L_powheg_23/68551026-c272-4a5a-98ab-cbeedb555b11.root
[2025-11-08 10:49:03.863] [main] [info] Checking input files
[2025-11-08 10:49:08.652] [main] [info] NanoAOD input_file 1: root://cms-xrd-global.cern.ch//store/mc/Run3Summer23NanoAODv12/ZZto4L_TuneCP5_13p6TeV_powheg-pythia8/NANOAODSIM/130X_mcRun3_2023_realistic_v14-v3/30000/68551026-c272-4a5a-98ab-cbeedb555b11.root - 378000 Events
[2025-11-08 10:49:08.676] [main] [info] input_file 1: root://cms-xrd-global.cern.ch//store/mc/Run3Summer23NanoAODv12/ZZto4L_TuneCP5_13p6TeV_powheg-pythia8/NANOAODSIM/130X_mcRun3_2023_realistic_v14-v3/30000/68551026-c272-4a5a-98ab-cbeedb555b11.root - SumOfGenWeight: 525745.3656400001 
[2025-11-08 10:49:08.676] [main] [info] Output directory: /eos/user/j/jiahua/MC_2023_inc/ZZto4L_powheg_23/68551026-c272-4a5a-98ab-cbeedb555b11.root
[2025-11-08 10:49:08.679] [main] [info] Starting Setup of Dataframe with 378000 events
[2025-11-08 10:49:56.388] [main] [info] Finished Setup
[2025-11-08 10:49:56.388] [main] [info] Runtime for setup (real time: 47.71, CPU time: 45.13)
[2025-11-08 10:49:56.388] [main] [info] Starting Evaluation
[2025-11-08 10:50:07.431] [main] [info] 10000 / 378000 (2.65 %) Events processed ...
[2025-11-08 10:50:08.658] [main] [info] 20000 / 378000 (5.29 %) Events processed ...
[2025-11-08 10:50:10.195] [main] [info] 30000 / 378000 (7.94 %) Events processed ...
[2025-11-08 10:50:12.126] [main] [info] 40000 / 378000 (10.58 %) Events processed ...
[2025-11-08 10:50:13.356] [main] [info] 50000 / 378000 (13.23 %) Events processed ...
[2025-11-08 10:50:14.948] [main] [info] 60000 / 378000 (15.87 %) Events processed ...
[2025-11-08 10:50:16.804] [main] [info] 70000 / 378000 (18.52 %) Events processed ...
[2025-11-08 10:50:18.010] [main] [info] 80000 / 378000 (21.16 %) Events processed ...
[2025-11-08 10:50:19.042] [main] [info] 90000 / 378000 (23.81 %) Events processed ...
[2025-11-08 10:50:21.306] [main] [info] 100000 / 378000 (26.46 %) Events processed ...
[2025-11-08 10:50:22.605] [main] [info] 110000 / 378000 (29.10 %) Events processed ...
[2025-11-08 10:50:24.262] [main] [info] 120000 / 378000 (31.75 %) Events processed ...
[2025-11-08 10:50:26.166] [main] [info] 130000 / 378000 (34.39 %) Events processed ...
[2025-11-08 10:50:27.527] [main] [info] 140000 / 378000 (37.04 %) Events processed ...
[2025-11-08 10:50:29.010] [main] [info] 150000 / 378000 (39.68 %) Events processed ...
[2025-11-08 10:50:31.411] [main] [info] 160000 / 378000 (42.33 %) Events processed ...
[2025-11-08 10:50:32.652] [main] [info] 170000 / 378000 (44.97 %) Events processed ...
[2025-11-08 10:50:34.005] [main] [info] 180000 / 378000 (47.62 %) Events processed ...
[2025-11-08 10:50:35.136] [main] [info] 190000 / 378000 (50.26 %) Events processed ...
[2025-11-08 10:50:37.726] [main] [info] 200000 / 378000 (52.91 %) Events processed ...
[2025-11-08 10:50:38.737] [main] [info] 210000 / 378000 (55.56 %) Events processed ...
[2025-11-08 10:50:39.847] [main] [info] 220000 / 378000 (58.20 %) Events processed ...
[2025-11-08 10:50:42.256] [main] [info] 230000 / 378000 (60.85 %) Events processed ...
[2025-11-08 10:50:43.408] [main] [info] 240000 / 378000 (63.49 %) Events processed ...
[2025-11-08 10:50:44.485] [main] [info] 250000 / 378000 (66.14 %) Events processed ...
[2025-11-08 10:50:46.546] [main] [info] 260000 / 378000 (68.78 %) Events processed ...
[2025-11-08 10:50:47.872] [main] [info] 270000 / 378000 (71.43 %) Events processed ...
[2025-11-08 10:50:49.165] [main] [info] 280000 / 378000 (74.07 %) Events processed ...
[2025-11-08 10:50:51.024] [main] [info] 290000 / 378000 (76.72 %) Events processed ...
[2025-11-08 10:50:52.431] [main] [info] 300000 / 378000 (79.37 %) Events processed ...
[2025-11-08 10:50:53.524] [main] [info] 310000 / 378000 (82.01 %) Events processed ...
[2025-11-08 10:50:55.592] [main] [info] 320000 / 378000 (84.66 %) Events processed ...
[2025-11-08 10:50:56.704] [main] [info] 330000 / 378000 (87.30 %) Events processed ...
[2025-11-08 10:50:57.746] [main] [info] 340000 / 378000 (89.95 %) Events processed ...
[2025-11-08 10:50:59.943] [main] [info] 350000 / 378000 (92.59 %) Events processed ...
[2025-11-08 10:51:01.297] [main] [info] 360000 / 378000 (95.24 %) Events processed ...
[2025-11-08 10:51:02.759] [main] [info] 370000 / 378000 (97.88 %) Events processed ...
[2025-11-08 10:51:04.255] [main] [info] vbfhmm:
Flag_goodVertices: pass=378000     all=378000     -- eff=100.00 % cumulative eff=100.00 %
Flag_globalSuperTightHalo2016Filter: pass=377977     all=378000     -- eff=99.99 % cumulative eff=99.99 %
Flag_EcalDeadCellTriggerPrimitiveFilter: pass=377967     all=377977     -- eff=100.00 % cumulative eff=99.99 %
Flag_BadPFMuonFilter: pass=377934     all=377967     -- eff=99.99 % cumulative eff=99.98 %
Flag_BadPFMuonDzFilter: pass=377923     all=377934     -- eff=100.00 % cumulative eff=99.98 %
Flag_eeBadScFilter: pass=377923     all=377923     -- eff=100.00 % cumulative eff=99.98 %
Flag_ecalBadCalibFilter: pass=377887     all=377923     -- eff=99.99 % cumulative eff=99.97 %
Flag_hfNoisyHitsFilter: pass=377876     all=377887     -- eff=100.00 % cumulative eff=99.97 %
Number of muons 2: pass=38310      all=377876     -- eff=10.14 % cumulative eff=10.13 %
DiMuon From Higgs: pass=29035      all=38310      -- eff=75.79 % cumulative eff=7.68 %
LeptonChargeSum: pass=26383      all=29035      -- eff=90.87 % cumulative eff=6.98 %
[2025-11-08 10:51:04.427] [main] [info] Writing quantities map to /eos/user/j/jiahua/MC_2023_inc/ZZto4L_powheg_23/68551026-c272-4a5a-98ab-cbeedb555b11_vbfhmm.root
[2025-11-08 10:51:04.733] [main] [info] Finished Evaluation
[2025-11-08 10:51:04.733] [main] [info] Overall runtime (real time: 116.06, CPU time: 102.90)
