000 (12769451.042.000) 11/08 10:41:04 Job submitted from host: <188.185.121.235:9618?addrs=188.185.121.235-9618+[2001-1458-d00-49--100-36e]-9618&alias=bigbird22.cern.ch&noUDP&sock=schedd_232129_c3ca>
...
040 (12769451.042.000) 11/08 10:50:13 Started transferring input files
	Transferring to host: <188.185.214.234:9618?addrs=188.185.214.234-9618+[2001-1458-303-1d--100-66]-9618&alias=b9p30p9988.cern.ch&noUDP&sock=slot1_7_5777_2b44_50887>
...
040 (12769451.042.000) 11/08 10:50:13 Finished transferring input files
...
001 (12769451.042.000) 11/08 10:50:14 Job executing on host: <188.185.214.234:9618?addrs=188.185.214.234-9618+[2001-1458-303-1d--100-66]-9618&alias=b9p30p9988.cern.ch&noUDP&sock=startd_4967_86ff>
	SlotName: slot1_7@b9p30p9988.cern.ch
	CondorScratchDir = "/pool/condor/dir_4096516"
	Cpus = 1
	Disk = 16051
	GPUs = 0
	Memory = 3000
...
006 (12769451.042.000) 11/08 10:50:28 Image size of job updated: 98640
	97  -  MemoryUsage of job (MB)
	98640  -  ResidentSetSize of job (KB)
...
006 (12769451.042.000) 11/08 10:52:06 Image size of job updated: 449496
	97  -  MemoryUsage of job (MB)
	98640  -  ResidentSetSize of job (KB)
...
040 (12769451.042.000) 11/08 10:52:06 Started transferring output files
...
040 (12769451.042.000) 11/08 10:52:06 Finished transferring output files
...
005 (12769451.042.000) 11/08 10:52:06 Job terminated.
	(1) Normal termination (return value 0)
		Usr 0 00:01:34, Sys 0 00:00:03  -  Run Remote Usage
		Usr 0 00:00:00, Sys 0 00:00:00  -  Run Local Usage
		Usr 0 00:01:34, Sys 0 00:00:03  -  Total Remote Usage
		Usr 0 00:00:00, Sys 0 00:00:00  -  Total Local Usage
	11767  -  Run Bytes Sent By Job
	11220236  -  Run Bytes Received By Job
	11767  -  Total Bytes Sent By Job
	11220236  -  Total Bytes Received By Job
	Partitionable Resources :    Usage  Request Allocated 
	   Cpus                 :        0        1         1 
	   Disk (KB)            :    10992    12500     16051 
	   GPUs                 :                           0 
	   Memory (MB)          :       97     3000      3000 
	   TimeExecute (s)      :      112                    
	   TimeSlotBusy (s)     :      113                    

	Job terminated of its own accord at 2025-11-08T09:52:06Z with exit-code 0.
...
