Starting job on \n
Running on: Linux b9p19p9867.cern.ch 5.14.0-570.44.1.el9_6.x86_64 #1 SMP PREEMPT_DYNAMIC Tue Sep 9 05:17:30 EDT 2025 x86_64 x86_64 x86_64 GNU/Linux\n
System software: Red Hat Enterprise Linux release 9.6 (Plow)\n
Setting up CROWN for RedHatEnterprise Version 9.6
subject   : /DC=ch/DC=cern/OU=Organic Units/OU=Users/CN=jiahua/CN=851532/CN=Jiahua Chen/CN=1735721823
issuer    : /DC=ch/DC=cern/OU=Organic Units/OU=Users/CN=jiahua/CN=851532/CN=Jiahua Chen
identity  : /DC=ch/DC=cern/OU=Organic Units/OU=Users/CN=jiahua/CN=851532/CN=Jiahua Chen
type      : RFC compliant proxy
strength  : 2048 bits
path      : /afs/cern.ch/user/j/jiahua/proxy/x509up_u139833
timeleft  : 196:49:27
key usage : Digital Signature, Key Encipherment
=== VO cms extension information ===
VO        : cms
subject   : /DC=ch/DC=cern/OU=Organic Units/OU=Users/CN=jiahua/CN=851532/CN=Jiahua Chen
issuer    : /DC=ch/DC=cern/OU=computers/CN=cms-auth.cern.ch
attribute : /cms/Role=NULL/Capability=NULL
timeleft  : 188:49:27
uri       : voms-cms-auth.cern.ch:15000
subject   : /DC=ch/DC=cern/OU=Organic Units/OU=Users/CN=jiahua/CN=851532/CN=Jiahua Chen/CN=1735721823
issuer    : /DC=ch/DC=cern/OU=Organic Units/OU=Users/CN=jiahua/CN=851532/CN=Jiahua Chen
identity  : /DC=ch/DC=cern/OU=Organic Units/OU=Users/CN=jiahua/CN=851532/CN=Jiahua Chen
type      : RFC compliant proxy
strength  : 2048 bits
path      : /afs/cern.ch/user/j/jiahua/proxy/x509up_u139833
timeleft  : 196:49:27
key usage : Digital Signature, Key Encipherment
=== VO cms extension information ===
VO        : cms
subject   : /DC=ch/DC=cern/OU=Organic Units/OU=Users/CN=jiahua/CN=851532/CN=Jiahua Chen
issuer    : /DC=ch/DC=cern/OU=computers/CN=cms-auth.cern.ch
attribute : /cms/Role=NULL/Capability=NULL
timeleft  : 188:49:27
uri       : voms-cms-auth.cern.ch:15000
/eos/user/j/jiahua/MC_2023_inc/ZZto4L_powheg_23/fd4d6a39-4b54-42d0-bed1-87716c5bfcc7.root
[2025-11-08 10:49:31.458] [main] [info] Checking input files
[2025-11-08 10:49:37.757] [main] [info] NanoAOD input_file 1: root://cms-xrd-global.cern.ch//store/mc/Run3Summer23NanoAODv12/ZZto4L_TuneCP5_13p6TeV_powheg-pythia8/NANOAODSIM/130X_mcRun3_2023_realistic_v14-v3/2810000/fd4d6a39-4b54-42d0-bed1-87716c5bfcc7.root - 78000 Events
[2025-11-08 10:49:37.757] [main] [info] input_file 1: root://cms-xrd-global.cern.ch//store/mc/Run3Summer23NanoAODv12/ZZto4L_TuneCP5_13p6TeV_powheg-pythia8/NANOAODSIM/130X_mcRun3_2023_realistic_v14-v3/2810000/fd4d6a39-4b54-42d0-bed1-87716c5bfcc7.root - SumOfGenWeight: 108428.97515999999 
[2025-11-08 10:49:37.757] [main] [info] Output directory: /eos/user/j/jiahua/MC_2023_inc/ZZto4L_powheg_23/fd4d6a39-4b54-42d0-bed1-87716c5bfcc7.root
[2025-11-08 10:49:37.758] [main] [info] Starting Setup of Dataframe with 78000 events
[2025-11-08 10:51:08.213] [main] [info] Finished Setup
[2025-11-08 10:51:08.214] [main] [info] Runtime for setup (real time: 90.46, CPU time: 88.58)
[2025-11-08 10:51:08.214] [main] [info] Starting Evaluation
[2025-11-08 10:51:24.015] [main] [info] 10000 / 78000 (12.82 %) Events processed ...
[2025-11-08 10:51:25.681] [main] [info] 20000 / 78000 (25.64 %) Events processed ...
[2025-11-08 10:51:27.498] [main] [info] 30000 / 78000 (38.46 %) Events processed ...
[2025-11-08 10:51:29.459] [main] [info] 40000 / 78000 (51.28 %) Events processed ...
[2025-11-08 10:51:31.628] [main] [info] 50000 / 78000 (64.10 %) Events processed ...
[2025-11-08 10:51:33.357] [main] [info] 60000 / 78000 (76.92 %) Events processed ...
[2025-11-08 10:51:36.404] [main] [info] 70000 / 78000 (89.74 %) Events processed ...
[2025-11-08 10:51:38.441] [main] [info] vbfhmm:
Flag_goodVertices: pass=78000      all=78000      -- eff=100.00 % cumulative eff=100.00 %
Flag_globalSuperTightHalo2016Filter: pass=77994      all=78000      -- eff=99.99 % cumulative eff=99.99 %
Flag_EcalDeadCellTriggerPrimitiveFilter: pass=77994      all=77994      -- eff=100.00 % cumulative eff=99.99 %
Flag_BadPFMuonFilter: pass=77988      all=77994      -- eff=99.99 % cumulative eff=99.98 %
Flag_BadPFMuonDzFilter: pass=77984      all=77988      -- eff=99.99 % cumulative eff=99.98 %
Flag_eeBadScFilter: pass=77984      all=77984      -- eff=100.00 % cumulative eff=99.98 %
Flag_ecalBadCalibFilter: pass=77975      all=77984      -- eff=99.99 % cumulative eff=99.97 %
Flag_hfNoisyHitsFilter: pass=77973      all=77975      -- eff=100.00 % cumulative eff=99.97 %
Number of muons 2: pass=7929       all=77973      -- eff=10.17 % cumulative eff=10.17 %
DiMuon From Higgs: pass=6011       all=7929       -- eff=75.81 % cumulative eff=7.71 %
LeptonChargeSum: pass=5454       all=6011       -- eff=90.73 % cumulative eff=6.99 %
[2025-11-08 10:51:38.757] [main] [info] Writing quantities map to /eos/user/j/jiahua/MC_2023_inc/ZZto4L_powheg_23/fd4d6a39-4b54-42d0-bed1-87716c5bfcc7_vbfhmm.root
[2025-11-08 10:51:38.862] [main] [info] Finished Evaluation
[2025-11-08 10:51:38.862] [main] [info] Overall runtime (real time: 121.10, CPU time: 117.45)
