000 (12769451.091.000) 11/08 10:41:04 Job submitted from host: <188.185.121.235:9618?addrs=188.185.121.235-9618+[2001-1458-d00-49--100-36e]-9618&alias=bigbird22.cern.ch&noUDP&sock=schedd_232129_c3ca>
...
040 (12769451.091.000) 11/08 10:50:30 Started transferring input files
	Transferring to host: <188.185.211.171:9618?addrs=188.185.211.171-9618+[2001-1458-303-17--100-27]-9618&alias=b9p24p0247.cern.ch&noUDP&sock=slot1_4_9769_e4e6_49536>
...
040 (12769451.091.000) 11/08 10:50:30 Finished transferring input files
...
001 (12769451.091.000) 11/08 10:50:31 Job executing on host: <188.185.211.171:9618?addrs=188.185.211.171-9618+[2001-1458-303-17--100-27]-9618&alias=b9p24p0247.cern.ch&noUDP&sock=startd_8968_e16b>
	SlotName: slot1_4@b9p24p0247.cern.ch
	CondorScratchDir = "/pool/condor/dir_2365391"
	Cpus = 1
	Disk = 15946
	GPUs = 0
	Memory = 3000
...
006 (12769451.091.000) 11/08 10:50:44 Image size of job updated: 97608
	96  -  MemoryUsage of job (MB)
	97608  -  ResidentSetSize of job (KB)
...
006 (12769451.091.000) 11/08 10:52:22 Image size of job updated: 451132
	96  -  MemoryUsage of job (MB)
	97608  -  ResidentSetSize of job (KB)
...
040 (12769451.091.000) 11/08 10:52:22 Started transferring output files
...
040 (12769451.091.000) 11/08 10:52:22 Finished transferring output files
...
005 (12769451.091.000) 11/08 10:52:22 Job terminated.
	(1) Normal termination (return value 0)
		Usr 0 00:01:33, Sys 0 00:00:03  -  Run Remote Usage
		Usr 0 00:00:00, Sys 0 00:00:00  -  Run Local Usage
		Usr 0 00:01:33, Sys 0 00:00:03  -  Total Remote Usage
		Usr 0 00:00:00, Sys 0 00:00:00  -  Total Local Usage
	11592  -  Run Bytes Sent By Job
	11220236  -  Run Bytes Received By Job
	11592  -  Total Bytes Sent By Job
	11220236  -  Total Bytes Received By Job
	Partitionable Resources :    Usage  Request Allocated 
	   Cpus                 :        0        1         1 
	   Disk (KB)            :    10992    12500     15946 
	   GPUs                 :                           0 
	   Memory (MB)          :       96     3000      3000 
	   TimeExecute (s)      :      111                    
	   TimeSlotBusy (s)     :      112                    

	Job terminated of its own accord at 2025-11-08T09:52:22Z with exit-code 0.
...
