Starting job on \n
Running on: Linux b9p28p7375.cern.ch 5.14.0-570.44.1.el9_6.x86_64 #1 SMP PREEMPT_DYNAMIC Tue Sep 9 05:17:30 EDT 2025 x86_64 x86_64 x86_64 GNU/Linux\n
System software: Red Hat Enterprise Linux release 9.6 (Plow)\n
Setting up CROWN for RedHatEnterprise Version 9.6
subject   : /DC=ch/DC=cern/OU=Organic Units/OU=Users/CN=jiahua/CN=851532/CN=Jiahua Chen/CN=1735721823
issuer    : /DC=ch/DC=cern/OU=Organic Units/OU=Users/CN=jiahua/CN=851532/CN=Jiahua Chen
identity  : /DC=ch/DC=cern/OU=Organic Units/OU=Users/CN=jiahua/CN=851532/CN=Jiahua Chen
type      : RFC compliant proxy
strength  : 2048 bits
path      : /afs/cern.ch/user/j/jiahua/proxy/x509up_u139833
timeleft  : 196:48:33
key usage : Digital Signature, Key Encipherment
=== VO cms extension information ===
VO        : cms
subject   : /DC=ch/DC=cern/OU=Organic Units/OU=Users/CN=jiahua/CN=851532/CN=Jiahua Chen
issuer    : /DC=ch/DC=cern/OU=computers/CN=cms-auth.cern.ch
attribute : /cms/Role=NULL/Capability=NULL
timeleft  : 188:48:33
uri       : voms-cms-auth.cern.ch:15000
subject   : /DC=ch/DC=cern/OU=Organic Units/OU=Users/CN=jiahua/CN=851532/CN=Jiahua Chen/CN=1735721823
issuer    : /DC=ch/DC=cern/OU=Organic Units/OU=Users/CN=jiahua/CN=851532/CN=Jiahua Chen
identity  : /DC=ch/DC=cern/OU=Organic Units/OU=Users/CN=jiahua/CN=851532/CN=Jiahua Chen
type      : RFC compliant proxy
strength  : 2048 bits
path      : /afs/cern.ch/user/j/jiahua/proxy/x509up_u139833
timeleft  : 196:48:33
key usage : Digital Signature, Key Encipherment
=== VO cms extension information ===
VO        : cms
subject   : /DC=ch/DC=cern/OU=Organic Units/OU=Users/CN=jiahua/CN=851532/CN=Jiahua Chen
issuer    : /DC=ch/DC=cern/OU=computers/CN=cms-auth.cern.ch
attribute : /cms/Role=NULL/Capability=NULL
timeleft  : 188:48:33
uri       : voms-cms-auth.cern.ch:15000
/eos/user/j/jiahua/MC_2023_inc/ZZto2L2Q_powheg_23/f3891065-f120-41f1-b0b4-eba98cdf3fe4.root
[2025-11-08 10:50:25.849] [main] [info] Checking input files
[2025-11-08 10:50:31.845] [main] [info] NanoAOD input_file 1: root://cms-xrd-global.cern.ch//store/mc/Run3Summer23NanoAODv12/ZZto2L2Q_TuneCP5_13p6TeV_powheg-pythia8/NANOAODSIM/130X_mcRun3_2023_realistic_v14-v3/2820000/f3891065-f120-41f1-b0b4-eba98cdf3fe4.root - 384000 Events
[2025-11-08 10:50:31.862] [main] [info] input_file 1: root://cms-xrd-global.cern.ch//store/mc/Run3Summer23NanoAODv12/ZZto2L2Q_TuneCP5_13p6TeV_powheg-pythia8/NANOAODSIM/130X_mcRun3_2023_realistic_v14-v3/2820000/f3891065-f120-41f1-b0b4-eba98cdf3fe4.root - SumOfGenWeight: 2606927.7260000035 
[2025-11-08 10:50:31.862] [main] [info] Output directory: /eos/user/j/jiahua/MC_2023_inc/ZZto2L2Q_powheg_23/f3891065-f120-41f1-b0b4-eba98cdf3fe4.root
[2025-11-08 10:50:31.863] [main] [info] Starting Setup of Dataframe with 384000 events
[2025-11-08 10:51:18.570] [main] [info] Finished Setup
[2025-11-08 10:51:18.570] [main] [info] Runtime for setup (real time: 46.71, CPU time: 44.36)
[2025-11-08 10:51:18.570] [main] [info] Starting Evaluation
[2025-11-08 10:51:29.552] [main] [info] 10000 / 384000 (2.60 %) Events processed ...
[2025-11-08 10:51:30.616] [main] [info] 20000 / 384000 (5.21 %) Events processed ...
[2025-11-08 10:51:31.934] [main] [info] 30000 / 384000 (7.81 %) Events processed ...
[2025-11-08 10:51:33.194] [main] [info] 40000 / 384000 (10.42 %) Events processed ...
[2025-11-08 10:51:34.276] [main] [info] 50000 / 384000 (13.02 %) Events processed ...
[2025-11-08 10:51:35.381] [main] [info] 60000 / 384000 (15.62 %) Events processed ...
[2025-11-08 10:51:36.629] [main] [info] 70000 / 384000 (18.23 %) Events processed ...
[2025-11-08 10:51:37.973] [main] [info] 80000 / 384000 (20.83 %) Events processed ...
[2025-11-08 10:51:38.958] [main] [info] 90000 / 384000 (23.44 %) Events processed ...
[2025-11-08 10:51:40.396] [main] [info] 100000 / 384000 (26.04 %) Events processed ...
[2025-11-08 10:51:41.394] [main] [info] 110000 / 384000 (28.65 %) Events processed ...
[2025-11-08 10:51:42.553] [main] [info] 120000 / 384000 (31.25 %) Events processed ...
[2025-11-08 10:51:43.781] [main] [info] 130000 / 384000 (33.85 %) Events processed ...
[2025-11-08 10:51:45.312] [main] [info] 140000 / 384000 (36.46 %) Events processed ...
[2025-11-08 10:51:46.816] [main] [info] 150000 / 384000 (39.06 %) Events processed ...
[2025-11-08 10:51:48.274] [main] [info] 160000 / 384000 (41.67 %) Events processed ...
[2025-11-08 10:51:49.489] [main] [info] 170000 / 384000 (44.27 %) Events processed ...
[2025-11-08 10:51:50.578] [main] [info] 180000 / 384000 (46.88 %) Events processed ...
[2025-11-08 10:51:51.702] [main] [info] 190000 / 384000 (49.48 %) Events processed ...
[2025-11-08 10:51:52.987] [main] [info] 200000 / 384000 (52.08 %) Events processed ...
[2025-11-08 10:51:54.076] [main] [info] 210000 / 384000 (54.69 %) Events processed ...
[2025-11-08 10:51:55.192] [main] [info] 220000 / 384000 (57.29 %) Events processed ...
[2025-11-08 10:51:56.822] [main] [info] 230000 / 384000 (59.90 %) Events processed ...
[2025-11-08 10:51:57.910] [main] [info] 240000 / 384000 (62.50 %) Events processed ...
[2025-11-08 10:51:58.911] [main] [info] 250000 / 384000 (65.10 %) Events processed ...
[2025-11-08 10:52:00.282] [main] [info] 260000 / 384000 (67.71 %) Events processed ...
[2025-11-08 10:52:01.455] [main] [info] 270000 / 384000 (70.31 %) Events processed ...
[2025-11-08 10:52:02.579] [main] [info] 280000 / 384000 (72.92 %) Events processed ...
[2025-11-08 10:52:03.925] [main] [info] 290000 / 384000 (75.52 %) Events processed ...
[2025-11-08 10:52:05.006] [main] [info] 300000 / 384000 (78.12 %) Events processed ...
[2025-11-08 10:52:06.118] [main] [info] 310000 / 384000 (80.73 %) Events processed ...
[2025-11-08 10:52:07.464] [main] [info] 320000 / 384000 (83.33 %) Events processed ...
[2025-11-08 10:52:08.699] [main] [info] 330000 / 384000 (85.94 %) Events processed ...
[2025-11-08 10:52:10.050] [main] [info] 340000 / 384000 (88.54 %) Events processed ...
[2025-11-08 10:52:11.632] [main] [info] 350000 / 384000 (91.15 %) Events processed ...
[2025-11-08 10:52:12.820] [main] [info] 360000 / 384000 (93.75 %) Events processed ...
[2025-11-08 10:52:14.159] [main] [info] 370000 / 384000 (96.35 %) Events processed ...
[2025-11-08 10:52:15.189] [main] [info] 380000 / 384000 (98.96 %) Events processed ...
[2025-11-08 10:52:16.401] [main] [info] vbfhmm:
Flag_goodVertices: pass=384000     all=384000     -- eff=100.00 % cumulative eff=100.00 %
Flag_globalSuperTightHalo2016Filter: pass=383955     all=384000     -- eff=99.99 % cumulative eff=99.99 %
Flag_EcalDeadCellTriggerPrimitiveFilter: pass=383948     all=383955     -- eff=100.00 % cumulative eff=99.99 %
Flag_BadPFMuonFilter: pass=383918     all=383948     -- eff=99.99 % cumulative eff=99.98 %
Flag_BadPFMuonDzFilter: pass=383907     all=383918     -- eff=100.00 % cumulative eff=99.98 %
Flag_eeBadScFilter: pass=383907     all=383907     -- eff=100.00 % cumulative eff=99.98 %
Flag_ecalBadCalibFilter: pass=383877     all=383907     -- eff=99.99 % cumulative eff=99.97 %
Flag_hfNoisyHitsFilter: pass=383867     all=383877     -- eff=100.00 % cumulative eff=99.97 %
Number of muons 2: pass=26103      all=383867     -- eff=6.80 % cumulative eff=6.80 %
DiMuon From Higgs: pass=23289      all=26103      -- eff=89.22 % cumulative eff=6.06 %
LeptonChargeSum: pass=23251      all=23289      -- eff=99.84 % cumulative eff=6.05 %
[2025-11-08 10:52:16.608] [main] [info] Writing quantities map to /eos/user/j/jiahua/MC_2023_inc/ZZto2L2Q_powheg_23/f3891065-f120-41f1-b0b4-eba98cdf3fe4_vbfhmm.root
[2025-11-08 10:52:16.808] [main] [info] Finished Evaluation
[2025-11-08 10:52:16.808] [main] [info] Overall runtime (real time: 104.95, CPU time: 97.06)
