000 (12769448.062.000) 11/08 10:41:02 Job submitted from host: <188.185.121.235:9618?addrs=188.185.121.235-9618+[2001-1458-d00-49--100-36e]-9618&alias=bigbird22.cern.ch&noUDP&sock=schedd_232129_c3ca>
...
040 (12769448.062.000) 11/08 10:48:19 Started transferring input files
	Transferring to host: <128.142.192.139:9618?addrs=128.142.192.139-9618+[2001-1458-301-56--100-7]-9618&alias=b9g18p5436.cern.ch&noUDP&sock=slot1_8_5373_83b4_48762>
...
040 (12769448.062.000) 11/08 10:48:19 Finished transferring input files
...
001 (12769448.062.000) 11/08 10:48:20 Job executing on host: <128.142.192.139:9618?addrs=128.142.192.139-9618+[2001-1458-301-56--100-7]-9618&alias=b9g18p5436.cern.ch&noUDP&sock=startd_4356_6ea2>
	SlotName: slot1_8@b9g18p5436.cern.ch
	CondorScratchDir = "/pool/condor/dir_3131967"
	Cpus = 1
	Disk = 15767
	GPUs = 0
	Memory = 3000
...
006 (12769448.062.000) 11/08 10:48:34 Image size of job updated: 99036
	97  -  MemoryUsage of job (MB)
	99036  -  ResidentSetSize of job (KB)
...
006 (12769448.062.000) 11/08 10:52:12 Image size of job updated: 452140
	97  -  MemoryUsage of job (MB)
	99036  -  ResidentSetSize of job (KB)
...
040 (12769448.062.000) 11/08 10:52:12 Started transferring output files
...
040 (12769448.062.000) 11/08 10:52:12 Finished transferring output files
...
005 (12769448.062.000) 11/08 10:52:12 Job terminated.
	(1) Normal termination (return value 0)
		Usr 0 00:02:21, Sys 0 00:00:04  -  Run Remote Usage
		Usr 0 00:00:00, Sys 0 00:00:00  -  Run Local Usage
		Usr 0 00:02:21, Sys 0 00:00:04  -  Total Remote Usage
		Usr 0 00:00:00, Sys 0 00:00:00  -  Total Local Usage
	10795  -  Run Bytes Sent By Job
	11220236  -  Run Bytes Received By Job
	10795  -  Total Bytes Sent By Job
	11220236  -  Total Bytes Received By Job
	Partitionable Resources :    Usage  Request Allocated 
	   Cpus                 :        0        1         1 
	   Disk (KB)            :    10991    12500     15767 
	   GPUs                 :                           0 
	   Memory (MB)          :       97     3000      3000 
	   TimeExecute (s)      :      232                    
	   TimeSlotBusy (s)     :      234                    

	Job terminated of its own accord at 2025-11-08T09:52:12Z with exit-code 0.
...
