000 (12769449.116.000) 11/08 10:41:03 Job submitted from host: <188.185.121.235:9618?addrs=188.185.121.235-9618+[2001-1458-d00-49--100-36e]-9618&alias=bigbird22.cern.ch&noUDP&sock=schedd_232129_c3ca>
...
040 (12769449.116.000) 11/08 10:49:19 Started transferring input files
	Transferring to host: <188.185.194.187:9618?addrs=188.185.194.187-9618+[2001-1458-303-21--100-b7]-9618&alias=b9p20p9130.cern.ch&noUDP&sock=slot1_12_8249_eaa9_45528>
...
040 (12769449.116.000) 11/08 10:49:19 Finished transferring input files
...
001 (12769449.116.000) 11/08 10:49:20 Job executing on host: <188.185.194.187:9618?addrs=188.185.194.187-9618+[2001-1458-303-21--100-b7]-9618&alias=b9p20p9130.cern.ch&noUDP&sock=startd_7285_7b87>
	SlotName: slot1_12@b9p20p9130.cern.ch
	CondorScratchDir = "/pool/condor/dir_2828031"
	Cpus = 1
	Disk = 15912
	GPUs = 0
	Memory = 3000
...
006 (12769449.116.000) 11/08 10:49:33 Image size of job updated: 93416
	92  -  MemoryUsage of job (MB)
	93416  -  ResidentSetSize of job (KB)
...
006 (12769449.116.000) 11/08 10:52:17 Image size of job updated: 446032
	92  -  MemoryUsage of job (MB)
	93416  -  ResidentSetSize of job (KB)
...
040 (12769449.116.000) 11/08 10:52:17 Started transferring output files
...
040 (12769449.116.000) 11/08 10:52:17 Finished transferring output files
...
005 (12769449.116.000) 11/08 10:52:17 Job terminated.
	(1) Normal termination (return value 0)
		Usr 0 00:02:34, Sys 0 00:00:03  -  Run Remote Usage
		Usr 0 00:00:00, Sys 0 00:00:00  -  Run Local Usage
		Usr 0 00:02:34, Sys 0 00:00:03  -  Total Remote Usage
		Usr 0 00:00:00, Sys 0 00:00:00  -  Total Local Usage
	11494  -  Run Bytes Sent By Job
	11220236  -  Run Bytes Received By Job
	11494  -  Total Bytes Sent By Job
	11220236  -  Total Bytes Received By Job
	Partitionable Resources :    Usage  Request Allocated 
	   Cpus                 :        0        1         1 
	   Disk (KB)            :    10991    12500     15912 
	   GPUs                 :                           0 
	   Memory (MB)          :       92     3000      3000 
	   TimeExecute (s)      :      177                    
	   TimeSlotBusy (s)     :      178                    

	Job terminated of its own accord at 2025-11-08T09:52:17Z with exit-code 0.
...
