000 (12769449.157.000) 11/08 10:41:03 Job submitted from host: <188.185.121.235:9618?addrs=188.185.121.235-9618+[2001-1458-d00-49--100-36e]-9618&alias=bigbird22.cern.ch&noUDP&sock=schedd_232129_c3ca>
...
040 (12769449.157.000) 11/08 10:49:32 Started transferring input files
	Transferring to host: <188.185.195.135:9618?addrs=188.185.195.135-9618+[2001-1458-303-22--100-83]-9618&alias=b9p17p6149.cern.ch&noUDP&sock=slot1_40_8020_90bf_41461>
...
040 (12769449.157.000) 11/08 10:49:32 Finished transferring input files
...
001 (12769449.157.000) 11/08 10:49:33 Job executing on host: <188.185.195.135:9618?addrs=188.185.195.135-9618+[2001-1458-303-22--100-83]-9618&alias=b9p17p6149.cern.ch&noUDP&sock=startd_6968_0c01>
	SlotName: slot1_40@b9p17p6149.cern.ch
	CondorScratchDir = "/pool/condor/dir_717203"
	Cpus = 1
	Disk = 15949
	GPUs = 0
	Memory = 3000
...
006 (12769449.157.000) 11/08 10:49:47 Image size of job updated: 98272
	96  -  MemoryUsage of job (MB)
	98272  -  ResidentSetSize of job (KB)
...
006 (12769449.157.000) 11/08 10:52:12 Image size of job updated: 445988
	96  -  MemoryUsage of job (MB)
	98272  -  ResidentSetSize of job (KB)
...
040 (12769449.157.000) 11/08 10:52:12 Started transferring output files
...
040 (12769449.157.000) 11/08 10:52:12 Finished transferring output files
...
005 (12769449.157.000) 11/08 10:52:12 Job terminated.
	(1) Normal termination (return value 0)
		Usr 0 00:02:17, Sys 0 00:00:03  -  Run Remote Usage
		Usr 0 00:00:00, Sys 0 00:00:00  -  Run Local Usage
		Usr 0 00:02:17, Sys 0 00:00:03  -  Total Remote Usage
		Usr 0 00:00:00, Sys 0 00:00:00  -  Total Local Usage
	10893  -  Run Bytes Sent By Job
	11220236  -  Run Bytes Received By Job
	10893  -  Total Bytes Sent By Job
	11220236  -  Total Bytes Received By Job
	Partitionable Resources :    Usage  Request Allocated 
	   Cpus                 :        0        1         1 
	   Disk (KB)            :    10991    12500     15949 
	   GPUs                 :                           0 
	   Memory (MB)          :       96     3000      3000 
	   TimeExecute (s)      :      159                    
	   TimeSlotBusy (s)     :      160                    

	Job terminated of its own accord at 2025-11-08T09:52:12Z with exit-code 0.
...
