000 (12769448.088.000) 11/08 10:41:02 Job submitted from host: <188.185.121.235:9618?addrs=188.185.121.235-9618+[2001-1458-d00-49--100-36e]-9618&alias=bigbird22.cern.ch&noUDP&sock=schedd_232129_c3ca>
...
040 (12769448.088.000) 11/08 10:48:27 Started transferring input files
	Transferring to host: <188.185.194.54:9618?addrs=188.185.194.54-9618+[2001-1458-303-21--100-32]-9618&alias=b9p20p1757.cern.ch&noUDP&sock=slot1_22_6828_b18f_47189>
...
040 (12769448.088.000) 11/08 10:48:27 Finished transferring input files
...
001 (12769448.088.000) 11/08 10:48:28 Job executing on host: <188.185.194.54:9618?addrs=188.185.194.54-9618+[2001-1458-303-21--100-32]-9618&alias=b9p20p1757.cern.ch&noUDP&sock=startd_5648_a2fe>
	SlotName: slot1_22@b9p20p1757.cern.ch
	CondorScratchDir = "/pool/condor/dir_508632"
	Cpus = 1
	Disk = 16167
	GPUs = 0
	Memory = 3000
...
006 (12769448.088.000) 11/08 10:48:41 Image size of job updated: 97084
	95  -  MemoryUsage of job (MB)
	97084  -  ResidentSetSize of job (KB)
...
006 (12769448.088.000) 11/08 10:53:37 Image size of job updated: 457668
	95  -  MemoryUsage of job (MB)
	97084  -  ResidentSetSize of job (KB)
...
040 (12769448.088.000) 11/08 10:53:37 Started transferring output files
...
040 (12769448.088.000) 11/08 10:53:37 Finished transferring output files
...
005 (12769448.088.000) 11/08 10:53:37 Job terminated.
	(1) Normal termination (return value 0)
		Usr 0 00:03:04, Sys 0 00:00:02  -  Run Remote Usage
		Usr 0 00:00:00, Sys 0 00:00:00  -  Run Local Usage
		Usr 0 00:03:04, Sys 0 00:00:02  -  Total Remote Usage
		Usr 0 00:00:00, Sys 0 00:00:00  -  Total Local Usage
	13682  -  Run Bytes Sent By Job
	11220236  -  Run Bytes Received By Job
	13682  -  Total Bytes Sent By Job
	11220236  -  Total Bytes Received By Job
	Partitionable Resources :    Usage  Request Allocated 
	   Cpus                 :        0        1         1 
	   Disk (KB)            :    10994    12500     16167 
	   GPUs                 :                           0 
	   Memory (MB)          :       95     3000      3000 
	   TimeExecute (s)      :      309                    
	   TimeSlotBusy (s)     :      310                    

	Job terminated of its own accord at 2025-11-08T09:53:37Z with exit-code 0.
...
