Starting job on \n
Running on: Linux b9p18p7744.cern.ch 5.14.0-570.44.1.el9_6.x86_64 #1 SMP PREEMPT_DYNAMIC Tue Sep 9 05:17:30 EDT 2025 x86_64 x86_64 x86_64 GNU/Linux\n
System software: Red Hat Enterprise Linux release 9.6 (Plow)\n
Setting up CROWN for RedHatEnterprise Version 9.6
subject   : /DC=ch/DC=cern/OU=Organic Units/OU=Users/CN=jiahua/CN=851532/CN=Jiahua Chen/CN=1735721823
issuer    : /DC=ch/DC=cern/OU=Organic Units/OU=Users/CN=jiahua/CN=851532/CN=Jiahua Chen
identity  : /DC=ch/DC=cern/OU=Organic Units/OU=Users/CN=jiahua/CN=851532/CN=Jiahua Chen
type      : RFC compliant proxy
strength  : 2048 bits
path      : /afs/cern.ch/user/j/jiahua/proxy/x509up_u139833
timeleft  : 196:49:47
key usage : Digital Signature, Key Encipherment
=== VO cms extension information ===
VO        : cms
subject   : /DC=ch/DC=cern/OU=Organic Units/OU=Users/CN=jiahua/CN=851532/CN=Jiahua Chen
issuer    : /DC=ch/DC=cern/OU=computers/CN=cms-auth.cern.ch
attribute : /cms/Role=NULL/Capability=NULL
timeleft  : 188:49:47
uri       : voms-cms-auth.cern.ch:15000
subject   : /DC=ch/DC=cern/OU=Organic Units/OU=Users/CN=jiahua/CN=851532/CN=Jiahua Chen/CN=1735721823
issuer    : /DC=ch/DC=cern/OU=Organic Units/OU=Users/CN=jiahua/CN=851532/CN=Jiahua Chen
identity  : /DC=ch/DC=cern/OU=Organic Units/OU=Users/CN=jiahua/CN=851532/CN=Jiahua Chen
type      : RFC compliant proxy
strength  : 2048 bits
path      : /afs/cern.ch/user/j/jiahua/proxy/x509up_u139833
timeleft  : 196:49:47
key usage : Digital Signature, Key Encipherment
=== VO cms extension information ===
VO        : cms
subject   : /DC=ch/DC=cern/OU=Organic Units/OU=Users/CN=jiahua/CN=851532/CN=Jiahua Chen
issuer    : /DC=ch/DC=cern/OU=computers/CN=cms-auth.cern.ch
attribute : /cms/Role=NULL/Capability=NULL
timeleft  : 188:49:47
uri       : voms-cms-auth.cern.ch:15000
/eos/user/j/jiahua/MC_2023_inc/ZZto4L_powheg_23/ac557ea3-58b8-4427-ab67-0a9f00df268a.root
[2025-11-08 10:49:12.241] [main] [info] Checking input files
[2025-11-08 10:49:17.056] [main] [info] NanoAOD input_file 1: root://cms-xrd-global.cern.ch//store/mc/Run3Summer23NanoAODv12/ZZto4L_TuneCP5_13p6TeV_powheg-pythia8/NANOAODSIM/130X_mcRun3_2023_realistic_v14-v3/2820000/ac557ea3-58b8-4427-ab67-0a9f00df268a.root - 252000 Events
[2025-11-08 10:49:17.088] [main] [info] input_file 1: root://cms-xrd-global.cern.ch//store/mc/Run3Summer23NanoAODv12/ZZto4L_TuneCP5_13p6TeV_powheg-pythia8/NANOAODSIM/130X_mcRun3_2023_realistic_v14-v3/2820000/ac557ea3-58b8-4427-ab67-0a9f00df268a.root - SumOfGenWeight: 350448.20271999994 
[2025-11-08 10:49:17.088] [main] [info] Output directory: /eos/user/j/jiahua/MC_2023_inc/ZZto4L_powheg_23/ac557ea3-58b8-4427-ab67-0a9f00df268a.root
[2025-11-08 10:49:17.093] [main] [info] Starting Setup of Dataframe with 252000 events
[2025-11-08 10:50:16.802] [main] [info] Finished Setup
[2025-11-08 10:50:16.802] [main] [info] Runtime for setup (real time: 59.71, CPU time: 56.83)
[2025-11-08 10:50:16.802] [main] [info] Starting Evaluation
[2025-11-08 10:50:28.783] [main] [info] 10000 / 252000 (3.97 %) Events processed ...
[2025-11-08 10:50:30.202] [main] [info] 20000 / 252000 (7.94 %) Events processed ...
[2025-11-08 10:50:31.568] [main] [info] 30000 / 252000 (11.90 %) Events processed ...
[2025-11-08 10:50:33.394] [main] [info] 40000 / 252000 (15.87 %) Events processed ...
[2025-11-08 10:50:34.821] [main] [info] 50000 / 252000 (19.84 %) Events processed ...
[2025-11-08 10:50:36.276] [main] [info] 60000 / 252000 (23.81 %) Events processed ...
[2025-11-08 10:50:37.994] [main] [info] 70000 / 252000 (27.78 %) Events processed ...
[2025-11-08 10:50:39.359] [main] [info] 80000 / 252000 (31.75 %) Events processed ...
[2025-11-08 10:50:40.893] [main] [info] 90000 / 252000 (35.71 %) Events processed ...
[2025-11-08 10:50:42.684] [main] [info] 100000 / 252000 (39.68 %) Events processed ...
[2025-11-08 10:50:44.162] [main] [info] 110000 / 252000 (43.65 %) Events processed ...
[2025-11-08 10:50:45.800] [main] [info] 120000 / 252000 (47.62 %) Events processed ...
[2025-11-08 10:50:49.826] [main] [info] 130000 / 252000 (51.59 %) Events processed ...
[2025-11-08 10:50:51.108] [main] [info] 140000 / 252000 (55.56 %) Events processed ...
[2025-11-08 10:50:52.875] [main] [info] 150000 / 252000 (59.52 %) Events processed ...
[2025-11-08 10:50:54.204] [main] [info] 160000 / 252000 (63.49 %) Events processed ...
[2025-11-08 10:50:55.743] [main] [info] 170000 / 252000 (67.46 %) Events processed ...
[2025-11-08 10:50:57.172] [main] [info] 180000 / 252000 (71.43 %) Events processed ...
[2025-11-08 10:50:58.608] [main] [info] 190000 / 252000 (75.40 %) Events processed ...
[2025-11-08 10:51:02.023] [main] [info] 200000 / 252000 (79.37 %) Events processed ...
[2025-11-08 10:51:03.456] [main] [info] 210000 / 252000 (83.33 %) Events processed ...
[2025-11-08 10:51:04.958] [main] [info] 220000 / 252000 (87.30 %) Events processed ...
[2025-11-08 10:51:07.852] [main] [info] 230000 / 252000 (91.27 %) Events processed ...
[2025-11-08 10:51:09.430] [main] [info] 240000 / 252000 (95.24 %) Events processed ...
[2025-11-08 10:51:10.867] [main] [info] 250000 / 252000 (99.21 %) Events processed ...
[2025-11-08 10:51:11.423] [main] [info] vbfhmm:
Flag_goodVertices: pass=252000     all=252000     -- eff=100.00 % cumulative eff=100.00 %
Flag_globalSuperTightHalo2016Filter: pass=251989     all=252000     -- eff=100.00 % cumulative eff=100.00 %
Flag_EcalDeadCellTriggerPrimitiveFilter: pass=251983     all=251989     -- eff=100.00 % cumulative eff=99.99 %
Flag_BadPFMuonFilter: pass=251973     all=251983     -- eff=100.00 % cumulative eff=99.99 %
Flag_BadPFMuonDzFilter: pass=251961     all=251973     -- eff=100.00 % cumulative eff=99.98 %
Flag_eeBadScFilter: pass=251961     all=251961     -- eff=100.00 % cumulative eff=99.98 %
Flag_ecalBadCalibFilter: pass=251925     all=251961     -- eff=99.99 % cumulative eff=99.97 %
Flag_hfNoisyHitsFilter: pass=251917     all=251925     -- eff=100.00 % cumulative eff=99.97 %
Number of muons 2: pass=25443      all=251917     -- eff=10.10 % cumulative eff=10.10 %
DiMuon From Higgs: pass=19220      all=25443      -- eff=75.54 % cumulative eff=7.63 %
LeptonChargeSum: pass=17477      all=19220      -- eff=90.93 % cumulative eff=6.94 %
[2025-11-08 10:51:11.660] [main] [info] Writing quantities map to /eos/user/j/jiahua/MC_2023_inc/ZZto4L_powheg_23/ac557ea3-58b8-4427-ab67-0a9f00df268a_vbfhmm.root
[2025-11-08 10:51:11.878] [main] [info] Finished Evaluation
[2025-11-08 10:51:11.878] [main] [info] Overall runtime (real time: 114.79, CPU time: 102.08)
