Starting job on \n
Running on: Linux b9p18p7005.cern.ch 5.14.0-570.44.1.el9_6.x86_64 #1 SMP PREEMPT_DYNAMIC Tue Sep 9 05:17:30 EDT 2025 x86_64 x86_64 x86_64 GNU/Linux\n
System software: Red Hat Enterprise Linux release 9.6 (Plow)\n
Setting up CROWN for RedHatEnterprise Version 9.6
subject   : /DC=ch/DC=cern/OU=Organic Units/OU=Users/CN=jiahua/CN=851532/CN=Jiahua Chen/CN=1735721823
issuer    : /DC=ch/DC=cern/OU=Organic Units/OU=Users/CN=jiahua/CN=851532/CN=Jiahua Chen
identity  : /DC=ch/DC=cern/OU=Organic Units/OU=Users/CN=jiahua/CN=851532/CN=Jiahua Chen
type      : RFC compliant proxy
strength  : 2048 bits
path      : /afs/cern.ch/user/j/jiahua/proxy/x509up_u139833
timeleft  : 196:50:28
key usage : Digital Signature, Key Encipherment
=== VO cms extension information ===
VO        : cms
subject   : /DC=ch/DC=cern/OU=Organic Units/OU=Users/CN=jiahua/CN=851532/CN=Jiahua Chen
issuer    : /DC=ch/DC=cern/OU=computers/CN=cms-auth.cern.ch
attribute : /cms/Role=NULL/Capability=NULL
timeleft  : 188:50:28
uri       : voms-cms-auth.cern.ch:15000
subject   : /DC=ch/DC=cern/OU=Organic Units/OU=Users/CN=jiahua/CN=851532/CN=Jiahua Chen/CN=1735721823
issuer    : /DC=ch/DC=cern/OU=Organic Units/OU=Users/CN=jiahua/CN=851532/CN=Jiahua Chen
identity  : /DC=ch/DC=cern/OU=Organic Units/OU=Users/CN=jiahua/CN=851532/CN=Jiahua Chen
type      : RFC compliant proxy
strength  : 2048 bits
path      : /afs/cern.ch/user/j/jiahua/proxy/x509up_u139833
timeleft  : 196:50:28
key usage : Digital Signature, Key Encipherment
=== VO cms extension information ===
VO        : cms
subject   : /DC=ch/DC=cern/OU=Organic Units/OU=Users/CN=jiahua/CN=851532/CN=Jiahua Chen
issuer    : /DC=ch/DC=cern/OU=computers/CN=cms-auth.cern.ch
attribute : /cms/Role=NULL/Capability=NULL
timeleft  : 188:50:28
uri       : voms-cms-auth.cern.ch:15000
/eos/user/j/jiahua/MC_2023_inc/ZZto2L2Nu_powheg_23/54e0fafc-793b-40a7-b7da-3e753f559b4c.root
[2025-11-08 10:48:30.509] [main] [info] Checking input files
[2025-11-08 10:48:45.513] [main] [info] NanoAOD input_file 1: root://cms-xrd-global.cern.ch//store/mc/Run3Summer23NanoAODv12/ZZto2L2Nu_TuneCP5_13p6TeV_powheg-pythia8/NANOAODSIM/130X_mcRun3_2023_realistic_v14-v3/30000/54e0fafc-793b-40a7-b7da-3e753f559b4c.root - 492000 Events
[2025-11-08 10:48:45.513] [main] [info] input_file 1: root://cms-xrd-global.cern.ch//store/mc/Run3Summer23NanoAODv12/ZZto2L2Nu_TuneCP5_13p6TeV_powheg-pythia8/NANOAODSIM/130X_mcRun3_2023_realistic_v14-v3/30000/54e0fafc-793b-40a7-b7da-3e753f559b4c.root - SumOfGenWeight: 507133.55010000005 
[2025-11-08 10:48:45.513] [main] [info] Output directory: /eos/user/j/jiahua/MC_2023_inc/ZZto2L2Nu_powheg_23/54e0fafc-793b-40a7-b7da-3e753f559b4c.root
[2025-11-08 10:48:45.515] [main] [info] Starting Setup of Dataframe with 492000 events
[2025-11-08 10:49:46.987] [main] [info] Finished Setup
[2025-11-08 10:49:46.987] [main] [info] Runtime for setup (real time: 61.47, CPU time: 58.23)
[2025-11-08 10:49:46.987] [main] [info] Starting Evaluation
[2025-11-08 10:50:16.625] [main] [info] 10000 / 492000 (2.03 %) Events processed ...
[2025-11-08 10:50:19.162] [main] [info] 20000 / 492000 (4.07 %) Events processed ...
[2025-11-08 10:50:21.501] [main] [info] 30000 / 492000 (6.10 %) Events processed ...
[2025-11-08 10:50:36.677] [main] [info] 40000 / 492000 (8.13 %) Events processed ...
[2025-11-08 10:50:38.665] [main] [info] 50000 / 492000 (10.16 %) Events processed ...
[2025-11-08 10:50:40.381] [main] [info] 60000 / 492000 (12.20 %) Events processed ...
[2025-11-08 10:50:42.459] [main] [info] 70000 / 492000 (14.23 %) Events processed ...
[2025-11-08 10:50:55.936] [main] [info] 80000 / 492000 (16.26 %) Events processed ...
[2025-11-08 10:50:58.135] [main] [info] 90000 / 492000 (18.29 %) Events processed ...
[2025-11-08 10:50:59.544] [main] [info] 100000 / 492000 (20.33 %) Events processed ...
[2025-11-08 10:51:15.290] [main] [info] 110000 / 492000 (22.36 %) Events processed ...
[2025-11-08 10:51:17.658] [main] [info] 120000 / 492000 (24.39 %) Events processed ...
[2025-11-08 10:51:19.367] [main] [info] 130000 / 492000 (26.42 %) Events processed ...
[2025-11-08 10:51:37.726] [main] [info] 140000 / 492000 (28.46 %) Events processed ...
[2025-11-08 10:51:39.202] [main] [info] 150000 / 492000 (30.49 %) Events processed ...
[2025-11-08 10:51:40.619] [main] [info] 160000 / 492000 (32.52 %) Events processed ...
[2025-11-08 10:51:42.932] [main] [info] 170000 / 492000 (34.55 %) Events processed ...
[2025-11-08 10:51:56.559] [main] [info] 180000 / 492000 (36.59 %) Events processed ...
[2025-11-08 10:51:58.090] [main] [info] 190000 / 492000 (38.62 %) Events processed ...
[2025-11-08 10:51:59.985] [main] [info] 200000 / 492000 (40.65 %) Events processed ...
[2025-11-08 10:52:18.400] [main] [info] 210000 / 492000 (42.68 %) Events processed ...
[2025-11-08 10:52:20.130] [main] [info] 220000 / 492000 (44.72 %) Events processed ...
[2025-11-08 10:52:21.743] [main] [info] 230000 / 492000 (46.75 %) Events processed ...
[2025-11-08 10:52:23.186] [main] [info] 240000 / 492000 (48.78 %) Events processed ...
[2025-11-08 10:52:38.965] [main] [info] 250000 / 492000 (50.81 %) Events processed ...
[2025-11-08 10:52:40.867] [main] [info] 260000 / 492000 (52.85 %) Events processed ...
[2025-11-08 10:52:43.010] [main] [info] 270000 / 492000 (54.88 %) Events processed ...
[2025-11-08 10:52:59.470] [main] [info] 280000 / 492000 (56.91 %) Events processed ...
[2025-11-08 10:53:01.138] [main] [info] 290000 / 492000 (58.94 %) Events processed ...
[2025-11-08 10:53:02.612] [main] [info] 300000 / 492000 (60.98 %) Events processed ...
[2025-11-08 10:53:22.444] [main] [info] 310000 / 492000 (63.01 %) Events processed ...
[2025-11-08 10:53:24.644] [main] [info] 320000 / 492000 (65.04 %) Events processed ...
[2025-11-08 10:53:27.124] [main] [info] 330000 / 492000 (67.07 %) Events processed ...
[2025-11-08 10:53:29.302] [main] [info] 340000 / 492000 (69.11 %) Events processed ...
[2025-11-08 10:53:45.423] [main] [info] 350000 / 492000 (71.14 %) Events processed ...
[2025-11-08 10:53:47.321] [main] [info] 360000 / 492000 (73.17 %) Events processed ...
[2025-11-08 10:53:48.871] [main] [info] 370000 / 492000 (75.20 %) Events processed ...
[2025-11-08 10:54:06.194] [main] [info] 380000 / 492000 (77.24 %) Events processed ...
[2025-11-08 10:54:07.571] [main] [info] 390000 / 492000 (79.27 %) Events processed ...
[2025-11-08 10:54:09.035] [main] [info] 400000 / 492000 (81.30 %) Events processed ...
[2025-11-08 10:54:26.768] [main] [info] 410000 / 492000 (83.33 %) Events processed ...
[2025-11-08 10:54:28.286] [main] [info] 420000 / 492000 (85.37 %) Events processed ...
[2025-11-08 10:54:29.877] [main] [info] 430000 / 492000 (87.40 %) Events processed ...
[2025-11-08 10:54:31.270] [main] [info] 440000 / 492000 (89.43 %) Events processed ...
[2025-11-08 10:54:42.672] [main] [info] 450000 / 492000 (91.46 %) Events processed ...
[2025-11-08 10:54:44.162] [main] [info] 460000 / 492000 (93.50 %) Events processed ...
[2025-11-08 10:54:45.714] [main] [info] 470000 / 492000 (95.53 %) Events processed ...
[2025-11-08 10:54:51.630] [main] [info] 480000 / 492000 (97.56 %) Events processed ...
[2025-11-08 10:54:53.356] [main] [info] 490000 / 492000 (99.59 %) Events processed ...
[2025-11-08 10:54:53.844] [main] [info] vbfhmm:
Flag_goodVertices: pass=492000     all=492000     -- eff=100.00 % cumulative eff=100.00 %
Flag_globalSuperTightHalo2016Filter: pass=491945     all=492000     -- eff=99.99 % cumulative eff=99.99 %
Flag_EcalDeadCellTriggerPrimitiveFilter: pass=491937     all=491945     -- eff=100.00 % cumulative eff=99.99 %
Flag_BadPFMuonFilter: pass=491898     all=491937     -- eff=99.99 % cumulative eff=99.98 %
Flag_BadPFMuonDzFilter: pass=491884     all=491898     -- eff=100.00 % cumulative eff=99.98 %
Flag_eeBadScFilter: pass=491884     all=491884     -- eff=100.00 % cumulative eff=99.98 %
Flag_ecalBadCalibFilter: pass=491795     all=491884     -- eff=99.98 % cumulative eff=99.96 %
Flag_hfNoisyHitsFilter: pass=491773     all=491795     -- eff=100.00 % cumulative eff=99.95 %
Number of muons 2: pass=51747      all=491773     -- eff=10.52 % cumulative eff=10.52 %
DiMuon From Higgs: pass=48537      all=51747      -- eff=93.80 % cumulative eff=9.87 %
LeptonChargeSum: pass=48528      all=48537      -- eff=99.98 % cumulative eff=9.86 %
[2025-11-08 10:54:54.012] [main] [info] Writing quantities map to /eos/user/j/jiahua/MC_2023_inc/ZZto2L2Nu_powheg_23/54e0fafc-793b-40a7-b7da-3e753f559b4c_vbfhmm.root
[2025-11-08 10:54:54.309] [main] [info] Finished Evaluation
[2025-11-08 10:54:54.309] [main] [info] Overall runtime (real time: 368.80, CPU time: 163.63)
