000 (12769448.102.000) 11/08 10:41:02 Job submitted from host: <188.185.121.235:9618?addrs=188.185.121.235-9618+[2001-1458-d00-49--100-36e]-9618&alias=bigbird22.cern.ch&noUDP&sock=schedd_232129_c3ca>
...
040 (12769448.102.000) 11/08 10:48:33 Started transferring input files
	Transferring to host: <128.142.132.133:9618?addrs=128.142.132.133-9618+[2001-1458-301-5a--100-79]-9618&alias=b9g12p1637.cern.ch&noUDP&sock=slot1_6_2843_e68d_46065>
...
040 (12769448.102.000) 11/08 10:48:33 Finished transferring input files
...
001 (12769448.102.000) 11/08 10:48:34 Job executing on host: <128.142.132.133:9618?addrs=128.142.132.133-9618+[2001-1458-301-5a--100-79]-9618&alias=b9g12p1637.cern.ch&noUDP&sock=startd_2433_6a02>
	SlotName: slot1_6@b9g12p1637.cern.ch
	CondorScratchDir = "/pool/condor/dir_2772044"
	Cpus = 1
	Disk = 14799
	GPUs = 0
	Memory = 3000
...
006 (12769448.102.000) 11/08 10:48:48 Image size of job updated: 97076
	95  -  MemoryUsage of job (MB)
	97076  -  ResidentSetSize of job (KB)
...
006 (12769448.102.000) 11/08 10:51:12 Image size of job updated: 433452
	95  -  MemoryUsage of job (MB)
	97076  -  ResidentSetSize of job (KB)
...
040 (12769448.102.000) 11/08 10:51:12 Started transferring output files
...
040 (12769448.102.000) 11/08 10:51:12 Finished transferring output files
...
005 (12769448.102.000) 11/08 10:51:12 Job terminated.
	(1) Normal termination (return value 0)
		Usr 0 00:02:08, Sys 0 00:00:02  -  Run Remote Usage
		Usr 0 00:00:00, Sys 0 00:00:00  -  Run Local Usage
		Usr 0 00:02:08, Sys 0 00:00:02  -  Total Remote Usage
		Usr 0 00:00:00, Sys 0 00:00:00  -  Total Local Usage
	9689  -  Run Bytes Sent By Job
	11220236  -  Run Bytes Received By Job
	9689  -  Total Bytes Sent By Job
	11220236  -  Total Bytes Received By Job
	Partitionable Resources :    Usage  Request Allocated 
	   Cpus                 :        0        1         1 
	   Disk (KB)            :    10990    12500     14799 
	   GPUs                 :                           0 
	   Memory (MB)          :       95     3000      3000 
	   TimeExecute (s)      :      158                    
	   TimeSlotBusy (s)     :      160                    

	Job terminated of its own accord at 2025-11-08T09:51:12Z with exit-code 0.
...
