Starting job on \n
Running on: Linux b9p19p9662.cern.ch 5.14.0-570.44.1.el9_6.x86_64 #1 SMP PREEMPT_DYNAMIC Tue Sep 9 05:17:30 EDT 2025 x86_64 x86_64 x86_64 GNU/Linux\n
System software: Red Hat Enterprise Linux release 9.6 (Plow)\n
Setting up CROWN for RedHatEnterprise Version 9.6
subject   : /DC=ch/DC=cern/OU=Organic Units/OU=Users/CN=jiahua/CN=851532/CN=Jiahua Chen/CN=1735721823
issuer    : /DC=ch/DC=cern/OU=Organic Units/OU=Users/CN=jiahua/CN=851532/CN=Jiahua Chen
identity  : /DC=ch/DC=cern/OU=Organic Units/OU=Users/CN=jiahua/CN=851532/CN=Jiahua Chen
type      : RFC compliant proxy
strength  : 2048 bits
path      : /afs/cern.ch/user/j/jiahua/proxy/x509up_u139833
timeleft  : 196:50:13
key usage : Digital Signature, Key Encipherment
=== VO cms extension information ===
VO        : cms
subject   : /DC=ch/DC=cern/OU=Organic Units/OU=Users/CN=jiahua/CN=851532/CN=Jiahua Chen
issuer    : /DC=ch/DC=cern/OU=computers/CN=cms-auth.cern.ch
attribute : /cms/Role=NULL/Capability=NULL
timeleft  : 188:50:13
uri       : voms-cms-auth.cern.ch:15000
subject   : /DC=ch/DC=cern/OU=Organic Units/OU=Users/CN=jiahua/CN=851532/CN=Jiahua Chen/CN=1735721823
issuer    : /DC=ch/DC=cern/OU=Organic Units/OU=Users/CN=jiahua/CN=851532/CN=Jiahua Chen
identity  : /DC=ch/DC=cern/OU=Organic Units/OU=Users/CN=jiahua/CN=851532/CN=Jiahua Chen
type      : RFC compliant proxy
strength  : 2048 bits
path      : /afs/cern.ch/user/j/jiahua/proxy/x509up_u139833
timeleft  : 196:50:13
key usage : Digital Signature, Key Encipherment
=== VO cms extension information ===
VO        : cms
subject   : /DC=ch/DC=cern/OU=Organic Units/OU=Users/CN=jiahua/CN=851532/CN=Jiahua Chen
issuer    : /DC=ch/DC=cern/OU=computers/CN=cms-auth.cern.ch
attribute : /cms/Role=NULL/Capability=NULL
timeleft  : 188:50:13
uri       : voms-cms-auth.cern.ch:15000
/eos/user/j/jiahua/MC_2023_inc/ZZto2L2Nu_powheg_23/863558a6-6f9c-4a63-ae0b-868e068d5907.root
[2025-11-08 10:48:45.985] [main] [info] Checking input files
[2025-11-08 10:49:00.097] [main] [info] NanoAOD input_file 1: root://cms-xrd-global.cern.ch//store/mc/Run3Summer23NanoAODv12/ZZto2L2Nu_TuneCP5_13p6TeV_powheg-pythia8/NANOAODSIM/130X_mcRun3_2023_realistic_v14-v3/30000/863558a6-6f9c-4a63-ae0b-868e068d5907.root - 273000 Events
[2025-11-08 10:49:00.097] [main] [info] input_file 1: root://cms-xrd-global.cern.ch//store/mc/Run3Summer23NanoAODv12/ZZto2L2Nu_TuneCP5_13p6TeV_powheg-pythia8/NANOAODSIM/130X_mcRun3_2023_realistic_v14-v3/30000/863558a6-6f9c-4a63-ae0b-868e068d5907.root - SumOfGenWeight: 281359.9953200001 
[2025-11-08 10:49:00.097] [main] [info] Output directory: /eos/user/j/jiahua/MC_2023_inc/ZZto2L2Nu_powheg_23/863558a6-6f9c-4a63-ae0b-868e068d5907.root
[2025-11-08 10:49:00.098] [main] [info] Starting Setup of Dataframe with 273000 events
[2025-11-08 10:50:37.434] [main] [info] Finished Setup
[2025-11-08 10:50:37.434] [main] [info] Runtime for setup (real time: 97.34, CPU time: 93.90)
[2025-11-08 10:50:37.434] [main] [info] Starting Evaluation
[2025-11-08 10:50:59.558] [main] [info] 10000 / 273000 (3.66 %) Events processed ...
[2025-11-08 10:51:01.681] [main] [info] 20000 / 273000 (7.33 %) Events processed ...
[2025-11-08 10:51:03.764] [main] [info] 30000 / 273000 (10.99 %) Events processed ...
[2025-11-08 10:51:10.415] [main] [info] 40000 / 273000 (14.65 %) Events processed ...
[2025-11-08 10:51:12.998] [main] [info] 50000 / 273000 (18.32 %) Events processed ...
[2025-11-08 10:51:15.048] [main] [info] 60000 / 273000 (21.98 %) Events processed ...
[2025-11-08 10:51:16.879] [main] [info] 70000 / 273000 (25.64 %) Events processed ...
[2025-11-08 10:51:25.135] [main] [info] 80000 / 273000 (29.30 %) Events processed ...
[2025-11-08 10:51:26.960] [main] [info] 90000 / 273000 (32.97 %) Events processed ...
[2025-11-08 10:51:28.668] [main] [info] 100000 / 273000 (36.63 %) Events processed ...
[2025-11-08 10:51:38.458] [main] [info] 110000 / 273000 (40.29 %) Events processed ...
[2025-11-08 10:51:40.685] [main] [info] 120000 / 273000 (43.96 %) Events processed ...
[2025-11-08 10:51:42.721] [main] [info] 130000 / 273000 (47.62 %) Events processed ...
[2025-11-08 10:51:56.812] [main] [info] 140000 / 273000 (51.28 %) Events processed ...
[2025-11-08 10:51:58.893] [main] [info] 150000 / 273000 (54.95 %) Events processed ...
[2025-11-08 10:52:00.767] [main] [info] 160000 / 273000 (58.61 %) Events processed ...
[2025-11-08 10:52:03.069] [main] [info] 170000 / 273000 (62.27 %) Events processed ...
[2025-11-08 10:52:25.291] [main] [info] 180000 / 273000 (65.93 %) Events processed ...
[2025-11-08 10:52:27.475] [main] [info] 190000 / 273000 (69.60 %) Events processed ...
[2025-11-08 10:52:29.600] [main] [info] 200000 / 273000 (73.26 %) Events processed ...
[2025-11-08 10:52:50.763] [main] [info] 210000 / 273000 (76.92 %) Events processed ...
[2025-11-08 10:52:53.108] [main] [info] 220000 / 273000 (80.59 %) Events processed ...
[2025-11-08 10:52:55.196] [main] [info] 230000 / 273000 (84.25 %) Events processed ...
[2025-11-08 10:53:26.362] [main] [info] 240000 / 273000 (87.91 %) Events processed ...
[2025-11-08 10:53:28.378] [main] [info] 250000 / 273000 (91.58 %) Events processed ...
[2025-11-08 10:53:30.192] [main] [info] 260000 / 273000 (95.24 %) Events processed ...
[2025-11-08 10:53:32.301] [main] [info] 270000 / 273000 (98.90 %) Events processed ...
[2025-11-08 10:53:35.459] [main] [info] vbfhmm:
Flag_goodVertices: pass=273000     all=273000     -- eff=100.00 % cumulative eff=100.00 %
Flag_globalSuperTightHalo2016Filter: pass=272979     all=273000     -- eff=99.99 % cumulative eff=99.99 %
Flag_EcalDeadCellTriggerPrimitiveFilter: pass=272971     all=272979     -- eff=100.00 % cumulative eff=99.99 %
Flag_BadPFMuonFilter: pass=272949     all=272971     -- eff=99.99 % cumulative eff=99.98 %
Flag_BadPFMuonDzFilter: pass=272948     all=272949     -- eff=100.00 % cumulative eff=99.98 %
Flag_eeBadScFilter: pass=272948     all=272948     -- eff=100.00 % cumulative eff=99.98 %
Flag_ecalBadCalibFilter: pass=272901     all=272948     -- eff=99.98 % cumulative eff=99.96 %
Flag_hfNoisyHitsFilter: pass=272896     all=272901     -- eff=100.00 % cumulative eff=99.96 %
Number of muons 2: pass=28873      all=272896     -- eff=10.58 % cumulative eff=10.58 %
DiMuon From Higgs: pass=27112      all=28873      -- eff=93.90 % cumulative eff=9.93 %
LeptonChargeSum: pass=27103      all=27112      -- eff=99.97 % cumulative eff=9.93 %
[2025-11-08 10:53:35.776] [main] [info] Writing quantities map to /eos/user/j/jiahua/MC_2023_inc/ZZto2L2Nu_powheg_23/863558a6-6f9c-4a63-ae0b-868e068d5907_vbfhmm.root
[2025-11-08 10:53:36.003] [main] [info] Finished Evaluation
[2025-11-08 10:53:36.003] [main] [info] Overall runtime (real time: 275.91, CPU time: 166.66)
