Starting job on \n
Running on: Linux b9p31p7525.cern.ch 5.14.0-570.44.1.el9_6.x86_64 #1 SMP PREEMPT_DYNAMIC Tue Sep 9 05:17:30 EDT 2025 x86_64 x86_64 x86_64 GNU/Linux\n
System software: Red Hat Enterprise Linux release 9.6 (Plow)\n
Setting up CROWN for RedHatEnterprise Version 9.6
subject   : /DC=ch/DC=cern/OU=Organic Units/OU=Users/CN=jiahua/CN=851532/CN=Jiahua Chen/CN=1735721823
issuer    : /DC=ch/DC=cern/OU=Organic Units/OU=Users/CN=jiahua/CN=851532/CN=Jiahua Chen
identity  : /DC=ch/DC=cern/OU=Organic Units/OU=Users/CN=jiahua/CN=851532/CN=Jiahua Chen
type      : RFC compliant proxy
strength  : 2048 bits
path      : /afs/cern.ch/user/j/jiahua/proxy/x509up_u139833
timeleft  : 196:48:15
key usage : Digital Signature, Key Encipherment
=== VO cms extension information ===
VO        : cms
subject   : /DC=ch/DC=cern/OU=Organic Units/OU=Users/CN=jiahua/CN=851532/CN=Jiahua Chen
issuer    : /DC=ch/DC=cern/OU=computers/CN=cms-auth.cern.ch
attribute : /cms/Role=NULL/Capability=NULL
timeleft  : 188:48:15
uri       : voms-cms-auth.cern.ch:15000
subject   : /DC=ch/DC=cern/OU=Organic Units/OU=Users/CN=jiahua/CN=851532/CN=Jiahua Chen/CN=1735721823
issuer    : /DC=ch/DC=cern/OU=Organic Units/OU=Users/CN=jiahua/CN=851532/CN=Jiahua Chen
identity  : /DC=ch/DC=cern/OU=Organic Units/OU=Users/CN=jiahua/CN=851532/CN=Jiahua Chen
type      : RFC compliant proxy
strength  : 2048 bits
path      : /afs/cern.ch/user/j/jiahua/proxy/x509up_u139833
timeleft  : 196:48:15
key usage : Digital Signature, Key Encipherment
=== VO cms extension information ===
VO        : cms
subject   : /DC=ch/DC=cern/OU=Organic Units/OU=Users/CN=jiahua/CN=851532/CN=Jiahua Chen
issuer    : /DC=ch/DC=cern/OU=computers/CN=cms-auth.cern.ch
attribute : /cms/Role=NULL/Capability=NULL
timeleft  : 188:48:15
uri       : voms-cms-auth.cern.ch:15000
/eos/user/j/jiahua/MC_2023_inc/ZZto2L2Q_powheg_23/5e70e835-c613-44b5-84db-760fd0deba4c.root
[2025-11-08 10:50:44.392] [main] [info] Checking input files
[2025-11-08 10:50:50.342] [main] [info] NanoAOD input_file 1: root://cms-xrd-global.cern.ch//store/mc/Run3Summer23NanoAODv12/ZZto2L2Q_TuneCP5_13p6TeV_powheg-pythia8/NANOAODSIM/130X_mcRun3_2023_realistic_v14-v3/2820000/5e70e835-c613-44b5-84db-760fd0deba4c.root - 300000 Events
[2025-11-08 10:50:50.371] [main] [info] input_file 1: root://cms-xrd-global.cern.ch//store/mc/Run3Summer23NanoAODv12/ZZto2L2Q_TuneCP5_13p6TeV_powheg-pythia8/NANOAODSIM/130X_mcRun3_2023_realistic_v14-v3/2820000/5e70e835-c613-44b5-84db-760fd0deba4c.root - SumOfGenWeight: 2036729.7470000016 
[2025-11-08 10:50:50.371] [main] [info] Output directory: /eos/user/j/jiahua/MC_2023_inc/ZZto2L2Q_powheg_23/5e70e835-c613-44b5-84db-760fd0deba4c.root
[2025-11-08 10:50:50.378] [main] [info] Starting Setup of Dataframe with 300000 events
[2025-11-08 10:51:41.111] [main] [info] Finished Setup
[2025-11-08 10:51:41.111] [main] [info] Runtime for setup (real time: 50.74, CPU time: 49.15)
[2025-11-08 10:51:41.111] [main] [info] Starting Evaluation
[2025-11-08 10:51:52.598] [main] [info] 10000 / 300000 (3.33 %) Events processed ...
[2025-11-08 10:51:54.053] [main] [info] 20000 / 300000 (6.67 %) Events processed ...
[2025-11-08 10:51:55.464] [main] [info] 30000 / 300000 (10.00 %) Events processed ...
[2025-11-08 10:51:56.968] [main] [info] 40000 / 300000 (13.33 %) Events processed ...
[2025-11-08 10:51:58.297] [main] [info] 50000 / 300000 (16.67 %) Events processed ...
[2025-11-08 10:51:59.834] [main] [info] 60000 / 300000 (20.00 %) Events processed ...
[2025-11-08 10:52:01.422] [main] [info] 70000 / 300000 (23.33 %) Events processed ...
[2025-11-08 10:52:02.891] [main] [info] 80000 / 300000 (26.67 %) Events processed ...
[2025-11-08 10:52:04.319] [main] [info] 90000 / 300000 (30.00 %) Events processed ...
[2025-11-08 10:52:05.782] [main] [info] 100000 / 300000 (33.33 %) Events processed ...
[2025-11-08 10:52:07.082] [main] [info] 110000 / 300000 (36.67 %) Events processed ...
[2025-11-08 10:52:08.337] [main] [info] 120000 / 300000 (40.00 %) Events processed ...
[2025-11-08 10:52:09.978] [main] [info] 130000 / 300000 (43.33 %) Events processed ...
[2025-11-08 10:52:11.853] [main] [info] 140000 / 300000 (46.67 %) Events processed ...
[2025-11-08 10:52:13.316] [main] [info] 150000 / 300000 (50.00 %) Events processed ...
[2025-11-08 10:52:14.827] [main] [info] 160000 / 300000 (53.33 %) Events processed ...
[2025-11-08 10:52:16.127] [main] [info] 170000 / 300000 (56.67 %) Events processed ...
[2025-11-08 10:52:17.295] [main] [info] 180000 / 300000 (60.00 %) Events processed ...
[2025-11-08 10:52:18.524] [main] [info] 190000 / 300000 (63.33 %) Events processed ...
[2025-11-08 10:52:20.092] [main] [info] 200000 / 300000 (66.67 %) Events processed ...
[2025-11-08 10:52:21.216] [main] [info] 210000 / 300000 (70.00 %) Events processed ...
[2025-11-08 10:52:22.249] [main] [info] 220000 / 300000 (73.33 %) Events processed ...
[2025-11-08 10:52:23.618] [main] [info] 230000 / 300000 (76.67 %) Events processed ...
[2025-11-08 10:52:24.827] [main] [info] 240000 / 300000 (80.00 %) Events processed ...
[2025-11-08 10:52:25.768] [main] [info] 250000 / 300000 (83.33 %) Events processed ...
[2025-11-08 10:52:27.065] [main] [info] 260000 / 300000 (86.67 %) Events processed ...
[2025-11-08 10:52:28.706] [main] [info] 270000 / 300000 (90.00 %) Events processed ...
[2025-11-08 10:52:29.896] [main] [info] 280000 / 300000 (93.33 %) Events processed ...
[2025-11-08 10:52:31.353] [main] [info] 290000 / 300000 (96.67 %) Events processed ...
[2025-11-08 10:52:32.579] [main] [info] 300000 / 300000 (100.00 %) Events processed ...
[2025-11-08 10:52:32.991] [main] [info] vbfhmm:
Flag_goodVertices: pass=300000     all=300000     -- eff=100.00 % cumulative eff=100.00 %
Flag_globalSuperTightHalo2016Filter: pass=299979     all=300000     -- eff=99.99 % cumulative eff=99.99 %
Flag_EcalDeadCellTriggerPrimitiveFilter: pass=299978     all=299979     -- eff=100.00 % cumulative eff=99.99 %
Flag_BadPFMuonFilter: pass=299957     all=299978     -- eff=99.99 % cumulative eff=99.99 %
Flag_BadPFMuonDzFilter: pass=299948     all=299957     -- eff=100.00 % cumulative eff=99.98 %
Flag_eeBadScFilter: pass=299948     all=299948     -- eff=100.00 % cumulative eff=99.98 %
Flag_ecalBadCalibFilter: pass=299910     all=299948     -- eff=99.99 % cumulative eff=99.97 %
Flag_hfNoisyHitsFilter: pass=299898     all=299910     -- eff=100.00 % cumulative eff=99.97 %
Number of muons 2: pass=20474      all=299898     -- eff=6.83 % cumulative eff=6.82 %
DiMuon From Higgs: pass=18242      all=20474      -- eff=89.10 % cumulative eff=6.08 %
LeptonChargeSum: pass=18221      all=18242      -- eff=99.88 % cumulative eff=6.07 %
[2025-11-08 10:52:33.286] [main] [info] Writing quantities map to /eos/user/j/jiahua/MC_2023_inc/ZZto2L2Q_powheg_23/5e70e835-c613-44b5-84db-760fd0deba4c_vbfhmm.root
[2025-11-08 10:52:33.547] [main] [info] Finished Evaluation
[2025-11-08 10:52:33.547] [main] [info] Overall runtime (real time: 103.18, CPU time: 96.42)
