000 (13204021.034.000) 11/25 17:02:06 Job submitted from host: <188.185.121.235:9618?addrs=188.185.121.235-9618+[2001-1458-d00-49--100-36e]-9618&alias=bigbird22.cern.ch&noUDP&sock=schedd_232129_c3ca>
...
040 (13204021.034.000) 11/25 17:06:35 Started transferring input files
	Transferring to host: <188.185.212.106:9618?addrs=188.185.212.106-9618+[2001-1458-303-18--100-66]-9618&alias=b9p25p9983.cern.ch&noUDP&sock=slot1_18_5444_8a56_69035>
...
040 (13204021.034.000) 11/25 17:06:35 Finished transferring input files
...
001 (13204021.034.000) 11/25 17:06:36 Job executing on host: <188.185.212.106:9618?addrs=188.185.212.106-9618+[2001-1458-303-18--100-66]-9618&alias=b9p25p9983.cern.ch&noUDP&sock=startd_4479_ccc8>
	SlotName: slot1_18@b9p25p9983.cern.ch
	CondorScratchDir = "/pool/condor/dir_3310093"
	Cpus = 1
	Disk = 16052
	GPUs = 0
	Memory = 3000
...
006 (13204021.034.000) 11/25 17:06:50 Image size of job updated: 28024
	12  -  MemoryUsage of job (MB)
	12180  -  ResidentSetSize of job (KB)
...
006 (13204021.034.000) 11/25 17:11:12 Image size of job updated: 683068
	12  -  MemoryUsage of job (MB)
	12180  -  ResidentSetSize of job (KB)
...
040 (13204021.034.000) 11/25 17:11:12 Started transferring output files
...
040 (13204021.034.000) 11/25 17:11:12 Finished transferring output files
...
005 (13204021.034.000) 11/25 17:11:12 Job terminated.
	(1) Normal termination (return value 0)
		Usr 0 00:03:47, Sys 0 00:00:04  -  Run Remote Usage
		Usr 0 00:00:00, Sys 0 00:00:00  -  Run Local Usage
		Usr 0 00:03:47, Sys 0 00:00:04  -  Total Remote Usage
		Usr 0 00:00:00, Sys 0 00:00:00  -  Total Local Usage
	10003  -  Run Bytes Sent By Job
	11456226  -  Run Bytes Received By Job
	10003  -  Total Bytes Sent By Job
	11456226  -  Total Bytes Received By Job
	Partitionable Resources :    Usage  Request Allocated 
	   Cpus                 :        0        1         1 
	   Disk (KB)            :    11221    12500     16052 
	   GPUs                 :                           0 
	   Memory (MB)          :       12     3000      3000 
	   TimeExecute (s)      :      276                    
	   TimeSlotBusy (s)     :      278                    

	Job terminated of its own accord at 2025-11-25T16:11:12Z with exit-code 0.
...
