000 (13204021.000.000) 11/25 17:02:06 Job submitted from host: <188.185.121.235:9618?addrs=188.185.121.235-9618+[2001-1458-d00-49--100-36e]-9618&alias=bigbird22.cern.ch&noUDP&sock=schedd_232129_c3ca>
...
040 (13204021.000.000) 11/25 17:06:24 Started transferring input files
	Transferring to host: <188.185.213.66:9618?addrs=188.185.213.66-9618+[2001-1458-303-1a--100-3e]-9618&alias=b9p27p9904.cern.ch&noUDP&sock=slot1_25_4715_e4d9_69077>
...
040 (13204021.000.000) 11/25 17:06:24 Finished transferring input files
...
001 (13204021.000.000) 11/25 17:06:25 Job executing on host: <188.185.213.66:9618?addrs=188.185.213.66-9618+[2001-1458-303-1a--100-3e]-9618&alias=b9p27p9904.cern.ch&noUDP&sock=startd_4205_dbd5>
	SlotName: slot1_25@b9p27p9904.cern.ch
	CondorScratchDir = "/pool/condor/dir_4057655"
	Cpus = 1
	Disk = 16149
	GPUs = 0
	Memory = 3000
...
006 (13204021.000.000) 11/25 17:06:34 Image size of job updated: 284
	0  -  MemoryUsage of job (MB)
	0  -  ResidentSetSize of job (KB)
...
040 (13204021.000.000) 11/25 17:06:34 Started transferring output files
...
040 (13204021.000.000) 11/25 17:06:34 Finished transferring output files
...
005 (13204021.000.000) 11/25 17:06:35 Job terminated.
	(1) Normal termination (return value 1)
		Usr 0 00:00:01, Sys 0 00:00:01  -  Run Remote Usage
		Usr 0 00:00:00, Sys 0 00:00:00  -  Run Local Usage
		Usr 0 00:00:01, Sys 0 00:00:01  -  Total Remote Usage
		Usr 0 00:00:00, Sys 0 00:00:00  -  Total Local Usage
	2133  -  Run Bytes Sent By Job
	11456226  -  Run Bytes Received By Job
	2133  -  Total Bytes Sent By Job
	11456226  -  Total Bytes Received By Job
	Partitionable Resources :    Usage  Request Allocated 
	   Cpus                 :        0        1         1 
	   Disk (KB)            :    11216    12500     16149 
	   GPUs                 :                           0 
	   Memory (MB)          :        0     3000      3000 
	   TimeExecute (s)      :        9                    
	   TimeSlotBusy (s)     :       11                    

	Job terminated of its own accord at 2025-11-25T16:06:34Z with exit-code 1.
...
