000 (13047764.015.000) 11/20 09:17:08 Job submitted from host: <188.185.121.235:9618?addrs=188.185.121.235-9618+[2001-1458-d00-49--100-36e]-9618&alias=bigbird22.cern.ch&noUDP&sock=schedd_232129_c3ca>
...
040 (13047764.015.000) 11/20 10:51:31 Started transferring input files
	Transferring to host: <188.185.194.126:9618?addrs=188.185.194.126-9618+[2001-1458-303-21--100-7a]-9618&alias=b9p20p8030.cern.ch&noUDP&sock=slot1_30_8851_1481_55190>
...
040 (13047764.015.000) 11/20 10:51:31 Finished transferring input files
...
001 (13047764.015.000) 11/20 10:51:32 Job executing on host: <188.185.194.126:9618?addrs=188.185.194.126-9618+[2001-1458-303-21--100-7a]-9618&alias=b9p20p8030.cern.ch&noUDP&sock=startd_7709_4faf>
	SlotName: slot1_30@b9p20p8030.cern.ch
	CondorScratchDir = "/pool/condor/dir_2802795"
	Cpus = 1
	Disk = 16188
	GPUs = 0
	Memory = 3000
...
006 (13047764.015.000) 11/20 10:51:46 Image size of job updated: 150932
	148  -  MemoryUsage of job (MB)
	150932  -  ResidentSetSize of job (KB)
...
006 (13047764.015.000) 11/20 10:56:47 Image size of job updated: 750240
	733  -  MemoryUsage of job (MB)
	750240  -  ResidentSetSize of job (KB)
...
006 (13047764.015.000) 11/20 11:01:48 Image size of job updated: 778696
	761  -  MemoryUsage of job (MB)
	778696  -  ResidentSetSize of job (KB)
...
006 (13047764.015.000) 11/20 11:03:51 Image size of job updated: 823352
	761  -  MemoryUsage of job (MB)
	778696  -  ResidentSetSize of job (KB)
...
040 (13047764.015.000) 11/20 11:03:51 Started transferring output files
...
040 (13047764.015.000) 11/20 11:03:51 Finished transferring output files
...
005 (13047764.015.000) 11/20 11:03:51 Job terminated.
	(1) Normal termination (return value 0)
		Usr 0 00:11:34, Sys 0 00:00:07  -  Run Remote Usage
		Usr 0 00:00:00, Sys 0 00:00:00  -  Run Local Usage
		Usr 0 00:11:34, Sys 0 00:00:07  -  Total Remote Usage
		Usr 0 00:00:00, Sys 0 00:00:00  -  Total Local Usage
	12130  -  Run Bytes Sent By Job
	11622950  -  Run Bytes Received By Job
	12130  -  Total Bytes Sent By Job
	11622950  -  Total Bytes Received By Job
	Partitionable Resources :    Usage  Request Allocated 
	   Cpus                 :     0.99        1         1 
	   Disk (KB)            : 11386       12500     16188 
	   GPUs                 :                           0 
	   Memory (MB)          :   761        3000      3000 
	   TimeExecute (s)      :   739                       
	   TimeSlotBusy (s)     :   740                       

	Job terminated of its own accord at 2025-11-20T10:03:51Z with exit-code 0.
...
