000 (13047317.001.000) 11/20 02:52:37 Job submitted from host: <188.185.121.235:9618?addrs=188.185.121.235-9618+[2001-1458-d00-49--100-36e]-9618&alias=bigbird22.cern.ch&noUDP&sock=schedd_232129_c3ca>
...
040 (13047317.001.000) 11/20 03:31:45 Started transferring input files
	Transferring to host: <128.142.137.145:9618?addrs=128.142.137.145-9618+[2001-1458-301-5e--100-85]-9618&alias=b9g19p7857.cern.ch&noUDP&sock=slot1_6_2861_954d_59406>
...
040 (13047317.001.000) 11/20 03:31:45 Finished transferring input files
...
001 (13047317.001.000) 11/20 03:31:46 Job executing on host: <128.142.137.145:9618?addrs=128.142.137.145-9618+[2001-1458-301-5e--100-85]-9618&alias=b9g19p7857.cern.ch&noUDP&sock=startd_2477_982d>
	SlotName: slot1_6@b9g19p7857.cern.ch
	CondorScratchDir = "/pool/condor/dir_3772635"
	Cpus = 1
	Disk = 15009
	GPUs = 0
	Memory = 3000
...
006 (13047317.001.000) 11/20 03:31:59 Image size of job updated: 95900
	94  -  MemoryUsage of job (MB)
	95900  -  ResidentSetSize of job (KB)
...
006 (13047317.001.000) 11/20 03:36:59 Image size of job updated: 745840
	729  -  MemoryUsage of job (MB)
	745840  -  ResidentSetSize of job (KB)
...
006 (13047317.001.000) 11/20 03:37:44 Image size of job updated: 747924
	729  -  MemoryUsage of job (MB)
	745840  -  ResidentSetSize of job (KB)
...
040 (13047317.001.000) 11/20 03:37:44 Started transferring output files
...
040 (13047317.001.000) 11/20 03:37:44 Finished transferring output files
...
005 (13047317.001.000) 11/20 03:37:44 Job terminated.
	(1) Normal termination (return value 0)
		Usr 0 00:05:31, Sys 0 00:00:04  -  Run Remote Usage
		Usr 0 00:00:00, Sys 0 00:00:00  -  Run Local Usage
		Usr 0 00:05:31, Sys 0 00:00:04  -  Total Remote Usage
		Usr 0 00:00:00, Sys 0 00:00:00  -  Total Local Usage
	10472  -  Run Bytes Sent By Job
	11618982  -  Run Bytes Received By Job
	10472  -  Total Bytes Sent By Job
	11618982  -  Total Bytes Received By Job
	Partitionable Resources :    Usage  Request Allocated 
	   Cpus                 :     0.55        1         1 
	   Disk (KB)            : 11381       12500     15009 
	   GPUs                 :                           0 
	   Memory (MB)          :   729        3000      3000 
	   TimeExecute (s)      :   358                       
	   TimeSlotBusy (s)     :   359                       

	Job terminated of its own accord at 2025-11-20T02:37:44Z with exit-code 0.
...
