Starting job on \n
Running on: Linux b9p22p1386.cern.ch 5.14.0-570.44.1.el9_6.x86_64 #1 SMP PREEMPT_DYNAMIC Tue Sep 9 05:17:30 EDT 2025 x86_64 x86_64 x86_64 GNU/Linux\n
System software: Red Hat Enterprise Linux release 9.7 (Plow)\n
Setting up CROWN for RedHatEnterprise Version 9.7
subject   : /DC=ch/DC=cern/OU=Organic Units/OU=Users/CN=jiahua/CN=851532/CN=Jiahua Chen/CN=2045128514
issuer    : /DC=ch/DC=cern/OU=Organic Units/OU=Users/CN=jiahua/CN=851532/CN=Jiahua Chen
identity  : /DC=ch/DC=cern/OU=Organic Units/OU=Users/CN=jiahua/CN=851532/CN=Jiahua Chen
type      : RFC compliant proxy
strength  : 2048 bits
path      : /afs/cern.ch/user/j/jiahua/proxy/x509up_u139833
timeleft  : 191:50:38
key usage : Digital Signature, Key Encipherment
=== VO cms extension information ===
VO        : cms
subject   : /DC=ch/DC=cern/OU=Organic Units/OU=Users/CN=jiahua/CN=851532/CN=Jiahua Chen
issuer    : /DC=ch/DC=cern/OU=computers/CN=cms-auth.cern.ch
attribute : /cms/Role=NULL/Capability=NULL
timeleft  : 183:50:37
uri       : voms-cms-auth.cern.ch:15000
subject   : /DC=ch/DC=cern/OU=Organic Units/OU=Users/CN=jiahua/CN=851532/CN=Jiahua Chen/CN=2045128514
issuer    : /DC=ch/DC=cern/OU=Organic Units/OU=Users/CN=jiahua/CN=851532/CN=Jiahua Chen
identity  : /DC=ch/DC=cern/OU=Organic Units/OU=Users/CN=jiahua/CN=851532/CN=Jiahua Chen
type      : RFC compliant proxy
strength  : 2048 bits
path      : /afs/cern.ch/user/j/jiahua/proxy/x509up_u139833
timeleft  : 191:50:38
key usage : Digital Signature, Key Encipherment
=== VO cms extension information ===
VO        : cms
subject   : /DC=ch/DC=cern/OU=Organic Units/OU=Users/CN=jiahua/CN=851532/CN=Jiahua Chen
issuer    : /DC=ch/DC=cern/OU=computers/CN=cms-auth.cern.ch
attribute : /cms/Role=NULL/Capability=NULL
timeleft  : 183:50:37
uri       : voms-cms-auth.cern.ch:15000
/eos/user/j/jiahua/MC_2023BPix_inc/MC_2023BPix_vbf/DYto2Mu-2Jets_MLL-105To160_amcatnloFXFX_23BPix/960bb16e-aaeb-41fc-95e6-58a203e3ae6e.root
[2025-11-20 10:58:06.258] [main] [info] Checking input files
[2025-11-20 10:58:10.855] [main] [info] NanoAOD input_file 1: root://cms-xrd-global.cern.ch//store/mc/Run3Summer23BPixNanoAODv12/DYto2Mu-2Jets_MLL-105To160_TuneCP5_13p6TeV_amcatnloFXFX-pythia8/NANOAODSIM/130X_mcRun3_2023_realistic_postBPix_v6-v2/2820000/960bb16e-aaeb-41fc-95e6-58a203e3ae6e.root - 6037 Events
[2025-11-20 10:58:10.855] [main] [info] input_file 1: root://cms-xrd-global.cern.ch//store/mc/Run3Summer23BPixNanoAODv12/DYto2Mu-2Jets_MLL-105To160_TuneCP5_13p6TeV_amcatnloFXFX-pythia8/NANOAODSIM/130X_mcRun3_2023_realistic_postBPix_v6-v2/2820000/960bb16e-aaeb-41fc-95e6-58a203e3ae6e.root - SumOfGenWeight: 814449.21894 
[2025-11-20 10:58:10.855] [main] [info] Output directory: /eos/user/j/jiahua/MC_2023BPix_inc/MC_2023BPix_vbf/DYto2Mu-2Jets_MLL-105To160_amcatnloFXFX_23BPix/960bb16e-aaeb-41fc-95e6-58a203e3ae6e.root
[2025-11-20 10:58:10.864] [main] [info] Starting Setup of Dataframe with 6037 events
[2025-11-20 10:59:12.409] [main] [info] Finished Setup
[2025-11-20 10:59:12.409] [main] [info] Runtime for setup (real time: 61.55, CPU time: 56.80)
[2025-11-20 10:59:12.409] [main] [info] Starting Evaluation
[2025-11-20 10:59:41.225] [main] [info] vbfhmm:
GoodJetsCollection: pass=3203       all=6037       -- eff=53.06 % cumulative eff=53.06 %
Flag_goodVertices: pass=3203       all=3203       -- eff=100.00 % cumulative eff=53.06 %
Flag_globalSuperTightHalo2016Filter: pass=3203       all=3203       -- eff=100.00 % cumulative eff=53.06 %
Flag_EcalDeadCellTriggerPrimitiveFilter: pass=3203       all=3203       -- eff=100.00 % cumulative eff=53.06 %
Flag_BadPFMuonFilter: pass=3202       all=3203       -- eff=99.97 % cumulative eff=53.04 %
Flag_BadPFMuonDzFilter: pass=3202       all=3202       -- eff=100.00 % cumulative eff=53.04 %
Flag_eeBadScFilter: pass=3202       all=3202       -- eff=100.00 % cumulative eff=53.04 %
Flag_ecalBadCalibFilter: pass=3202       all=3202       -- eff=100.00 % cumulative eff=53.04 %
Flag_hfNoisyHitsFilter: pass=3202       all=3202       -- eff=100.00 % cumulative eff=53.04 %
Number of muons 2: pass=1233       all=3202       -- eff=38.51 % cumulative eff=20.42 %
Veto VH <= 0 electrons: pass=1231       all=1233       -- eff=99.84 % cumulative eff=20.39 %
DiMuon From Higgs: pass=1164       all=1231       -- eff=94.56 % cumulative eff=19.28 %
LeptonChargeSum: pass=1163       all=1164       -- eff=99.91 % cumulative eff=19.26 %
Hmass>=110: pass=1132       all=1163       -- eff=97.33 % cumulative eff=18.75 %
[2025-11-20 10:59:41.591] [main] [info] Writing quantities map to /eos/user/j/jiahua/MC_2023BPix_inc/MC_2023BPix_vbf/DYto2Mu-2Jets_MLL-105To160_amcatnloFXFX_23BPix/960bb16e-aaeb-41fc-95e6-58a203e3ae6e_vbfhmm.root
[2025-11-20 10:59:41.640] [main] [info] Finished Evaluation
[2025-11-20 10:59:41.640] [main] [info] Overall runtime (real time: 90.78, CPU time: 83.14)
