000 (13047764.073.000) 11/20 09:17:08 Job submitted from host: <188.185.121.235:9618?addrs=188.185.121.235-9618+[2001-1458-d00-49--100-36e]-9618&alias=bigbird22.cern.ch&noUDP&sock=schedd_232129_c3ca>
...
040 (13047764.073.000) 11/20 11:09:04 Started transferring input files
	Transferring to host: <188.185.213.142:9618?addrs=188.185.213.142-9618+[2001-1458-303-1b--100-a]-9618&alias=b9p28p1864.cern.ch&noUDP&sock=slot1_13_4663_4157_76641>
...
040 (13047764.073.000) 11/20 11:09:04 Finished transferring input files
...
001 (13047764.073.000) 11/20 11:09:06 Job executing on host: <188.185.213.142:9618?addrs=188.185.213.142-9618+[2001-1458-303-1b--100-a]-9618&alias=b9p28p1864.cern.ch&noUDP&sock=startd_3914_41c5>
	SlotName: slot1_13@b9p28p1864.cern.ch
	CondorScratchDir = "/pool/condor/dir_3523374"
	Cpus = 1
	Disk = 15923
	GPUs = 0
	Memory = 3000
...
006 (13047764.073.000) 11/20 11:09:19 Image size of job updated: 95544
	94  -  MemoryUsage of job (MB)
	95544  -  ResidentSetSize of job (KB)
...
006 (13047764.073.000) 11/20 11:10:44 Image size of job updated: 709388
	94  -  MemoryUsage of job (MB)
	95548  -  ResidentSetSize of job (KB)
...
040 (13047764.073.000) 11/20 11:10:44 Started transferring output files
...
040 (13047764.073.000) 11/20 11:10:44 Finished transferring output files
...
005 (13047764.073.000) 11/20 11:10:44 Job terminated.
	(1) Normal termination (return value 0)
		Usr 0 00:01:13, Sys 0 00:00:03  -  Run Remote Usage
		Usr 0 00:00:00, Sys 0 00:00:00  -  Run Local Usage
		Usr 0 00:01:13, Sys 0 00:00:03  -  Total Remote Usage
		Usr 0 00:00:00, Sys 0 00:00:00  -  Total Local Usage
	9873  -  Run Bytes Sent By Job
	11622950  -  Run Bytes Received By Job
	9873  -  Total Bytes Sent By Job
	11622950  -  Total Bytes Received By Job
	Partitionable Resources :    Usage  Request Allocated 
	   Cpus                 :        0        1         1 
	   Disk (KB)            :    11384    12500     15923 
	   GPUs                 :                           0 
	   Memory (MB)          :       94     3000      3000 
	   TimeExecute (s)      :       99                    
	   TimeSlotBusy (s)     :      101                    

	Job terminated of its own accord at 2025-11-20T10:10:44Z with exit-code 0.
...
