000 (13047317.044.000) 11/20 02:52:37 Job submitted from host: <188.185.121.235:9618?addrs=188.185.121.235-9618+[2001-1458-d00-49--100-36e]-9618&alias=bigbird22.cern.ch&noUDP&sock=schedd_232129_c3ca>
...
040 (13047317.044.000) 11/20 03:32:01 Started transferring input files
	Transferring to host: <128.142.192.174:9618?addrs=128.142.192.174-9618+[2001-1458-301-56--100-2a]-9618&alias=b9g18p7459.cern.ch&noUDP&sock=slot1_33_4234_fc65_60023>
...
040 (13047317.044.000) 11/20 03:32:01 Finished transferring input files
...
001 (13047317.044.000) 11/20 03:32:02 Job executing on host: <128.142.192.174:9618?addrs=128.142.192.174-9618+[2001-1458-301-56--100-2a]-9618&alias=b9g18p7459.cern.ch&noUDP&sock=startd_3303_2968>
	SlotName: slot1_33@b9g18p7459.cern.ch
	CondorScratchDir = "/pool/condor/dir_4022247"
	Cpus = 1
	Disk = 16019
	GPUs = 0
	Memory = 3000
...
006 (13047317.044.000) 11/20 03:32:15 Image size of job updated: 95300
	94  -  MemoryUsage of job (MB)
	95300  -  ResidentSetSize of job (KB)
...
006 (13047317.044.000) 11/20 03:37:15 Image size of job updated: 747272
	730  -  MemoryUsage of job (MB)
	747272  -  ResidentSetSize of job (KB)
...
006 (13047317.044.000) 11/20 03:37:59 Image size of job updated: 748416
	730  -  MemoryUsage of job (MB)
	747272  -  ResidentSetSize of job (KB)
...
040 (13047317.044.000) 11/20 03:37:59 Started transferring output files
...
040 (13047317.044.000) 11/20 03:37:59 Finished transferring output files
...
005 (13047317.044.000) 11/20 03:37:59 Job terminated.
	(1) Normal termination (return value 0)
		Usr 0 00:05:35, Sys 0 00:00:03  -  Run Remote Usage
		Usr 0 00:00:00, Sys 0 00:00:00  -  Run Local Usage
		Usr 0 00:05:35, Sys 0 00:00:03  -  Total Remote Usage
		Usr 0 00:00:00, Sys 0 00:00:00  -  Total Local Usage
	10533  -  Run Bytes Sent By Job
	11618982  -  Run Bytes Received By Job
	10533  -  Total Bytes Sent By Job
	11618982  -  Total Bytes Received By Job
	Partitionable Resources :    Usage  Request Allocated 
	   Cpus                 :     0.99        1         1 
	   Disk (KB)            : 11381       12500     16019 
	   GPUs                 :                           0 
	   Memory (MB)          :   730        3000      3000 
	   TimeExecute (s)      :   357                       
	   TimeSlotBusy (s)     :   358                       

	Job terminated of its own accord at 2025-11-20T02:37:59Z with exit-code 0.
...
