Starting job on \n
Running on: Linux b9g24p7173.cern.ch 5.14.0-570.42.2.el9_6.x86_64 #1 SMP PREEMPT_DYNAMIC Mon Sep 8 12:15:13 EDT 2025 x86_64 x86_64 x86_64 GNU/Linux\n
System software: Red Hat Enterprise Linux release 9.7 (Plow)\n
Setting up CROWN for RedHatEnterprise Version 9.7
subject   : /DC=ch/DC=cern/OU=Organic Units/OU=Users/CN=jiahua/CN=851532/CN=Jiahua Chen/CN=2045128514
issuer    : /DC=ch/DC=cern/OU=Organic Units/OU=Users/CN=jiahua/CN=851532/CN=Jiahua Chen
identity  : /DC=ch/DC=cern/OU=Organic Units/OU=Users/CN=jiahua/CN=851532/CN=Jiahua Chen
type      : RFC compliant proxy
strength  : 2048 bits
path      : /afs/cern.ch/user/j/jiahua/proxy/x509up_u139833
timeleft  : 199:16:29
key usage : Digital Signature, Key Encipherment
=== VO cms extension information ===
VO        : cms
subject   : /DC=ch/DC=cern/OU=Organic Units/OU=Users/CN=jiahua/CN=851532/CN=Jiahua Chen
issuer    : /DC=ch/DC=cern/OU=computers/CN=cms-auth.cern.ch
attribute : /cms/Role=NULL/Capability=NULL
timeleft  : 191:16:28
uri       : voms-cms-auth.cern.ch:15000
subject   : /DC=ch/DC=cern/OU=Organic Units/OU=Users/CN=jiahua/CN=851532/CN=Jiahua Chen/CN=2045128514
issuer    : /DC=ch/DC=cern/OU=Organic Units/OU=Users/CN=jiahua/CN=851532/CN=Jiahua Chen
identity  : /DC=ch/DC=cern/OU=Organic Units/OU=Users/CN=jiahua/CN=851532/CN=Jiahua Chen
type      : RFC compliant proxy
strength  : 2048 bits
path      : /afs/cern.ch/user/j/jiahua/proxy/x509up_u139833
timeleft  : 199:16:29
key usage : Digital Signature, Key Encipherment
=== VO cms extension information ===
VO        : cms
subject   : /DC=ch/DC=cern/OU=Organic Units/OU=Users/CN=jiahua/CN=851532/CN=Jiahua Chen
issuer    : /DC=ch/DC=cern/OU=computers/CN=cms-auth.cern.ch
attribute : /cms/Role=NULL/Capability=NULL
timeleft  : 191:16:28
uri       : voms-cms-auth.cern.ch:15000
/eos/user/j/jiahua/MC_2023BPix_inc/MC_2023BPix_vbf/DYto2Mu-2Jets_MLL-105To160_amcatnloFXFX_23BPix/1352f793-a2c1-4b9d-936e-f3f5ec48d811.root
[2025-11-20 03:32:14.351] [main] [info] Checking input files
[2025-11-20 03:32:18.298] [main] [info] NanoAOD input_file 1: root://cms-xrd-global.cern.ch//store/mc/Run3Summer23BPixNanoAODv12/DYto2Mu-2Jets_MLL-105To160_TuneCP5_13p6TeV_amcatnloFXFX-pythia8/NANOAODSIM/130X_mcRun3_2023_realistic_postBPix_v6-v2/2820000/1352f793-a2c1-4b9d-936e-f3f5ec48d811.root - 255899 Events
[2025-11-20 03:32:18.298] [main] [info] input_file 1: root://cms-xrd-global.cern.ch//store/mc/Run3Summer23BPixNanoAODv12/DYto2Mu-2Jets_MLL-105To160_TuneCP5_13p6TeV_amcatnloFXFX-pythia8/NANOAODSIM/130X_mcRun3_2023_realistic_postBPix_v6-v2/2820000/1352f793-a2c1-4b9d-936e-f3f5ec48d811.root - SumOfGenWeight: 34645351.5655 
[2025-11-20 03:32:18.298] [main] [info] Output directory: /eos/user/j/jiahua/MC_2023BPix_inc/MC_2023BPix_vbf/DYto2Mu-2Jets_MLL-105To160_amcatnloFXFX_23BPix/1352f793-a2c1-4b9d-936e-f3f5ec48d811.root
[2025-11-20 03:32:18.298] [main] [info] Starting Setup of Dataframe with 255899 events
[2025-11-20 03:33:06.702] [main] [info] Finished Setup
[2025-11-20 03:33:06.702] [main] [info] Runtime for setup (real time: 48.40, CPU time: 44.66)
[2025-11-20 03:33:06.702] [main] [info] Starting Evaluation
[2025-11-20 03:33:42.541] [main] [info] 10000 / 255899 (3.91 %) Events processed ...
[2025-11-20 03:33:57.776] [main] [info] 20000 / 255899 (7.82 %) Events processed ...
[2025-11-20 03:34:15.604] [main] [info] 30000 / 255899 (11.72 %) Events processed ...
[2025-11-20 03:34:35.461] [main] [info] 40000 / 255899 (15.63 %) Events processed ...
[2025-11-20 03:34:53.789] [main] [info] 50000 / 255899 (19.54 %) Events processed ...
[2025-11-20 03:35:12.464] [main] [info] 60000 / 255899 (23.45 %) Events processed ...
[2025-11-20 03:35:29.542] [main] [info] 70000 / 255899 (27.35 %) Events processed ...
[2025-11-20 03:35:49.335] [main] [info] 80000 / 255899 (31.26 %) Events processed ...
[2025-11-20 03:36:05.163] [main] [info] 90000 / 255899 (35.17 %) Events processed ...
[2025-11-20 03:36:20.762] [main] [info] 100000 / 255899 (39.08 %) Events processed ...
[2025-11-20 03:36:40.962] [main] [info] 110000 / 255899 (42.99 %) Events processed ...
[2025-11-20 03:36:56.709] [main] [info] 120000 / 255899 (46.89 %) Events processed ...
[2025-11-20 03:37:17.496] [main] [info] 130000 / 255899 (50.80 %) Events processed ...
[2025-11-20 03:37:38.596] [main] [info] 140000 / 255899 (54.71 %) Events processed ...
[2025-11-20 03:37:59.792] [main] [info] 150000 / 255899 (58.62 %) Events processed ...
[2025-11-20 03:38:18.085] [main] [info] 160000 / 255899 (62.52 %) Events processed ...
[2025-11-20 03:38:37.829] [main] [info] 170000 / 255899 (66.43 %) Events processed ...
[2025-11-20 03:38:57.323] [main] [info] 180000 / 255899 (70.34 %) Events processed ...
[2025-11-20 03:39:12.901] [main] [info] 190000 / 255899 (74.25 %) Events processed ...
[2025-11-20 03:39:30.512] [main] [info] 200000 / 255899 (78.16 %) Events processed ...
[2025-11-20 03:39:45.670] [main] [info] 210000 / 255899 (82.06 %) Events processed ...
[2025-11-20 03:40:07.041] [main] [info] 220000 / 255899 (85.97 %) Events processed ...
[2025-11-20 03:40:27.136] [main] [info] 230000 / 255899 (89.88 %) Events processed ...
[2025-11-20 03:40:45.870] [main] [info] 240000 / 255899 (93.79 %) Events processed ...
[2025-11-20 03:41:07.232] [main] [info] 250000 / 255899 (97.69 %) Events processed ...
[2025-11-20 03:41:20.237] [main] [info] vbfhmm:
GoodJetsCollection: pass=136482     all=255899     -- eff=53.33 % cumulative eff=53.33 %
Flag_goodVertices: pass=136482     all=136482     -- eff=100.00 % cumulative eff=53.33 %
Flag_globalSuperTightHalo2016Filter: pass=136465     all=136482     -- eff=99.99 % cumulative eff=53.33 %
Flag_EcalDeadCellTriggerPrimitiveFilter: pass=136465     all=136465     -- eff=100.00 % cumulative eff=53.33 %
Flag_BadPFMuonFilter: pass=136426     all=136465     -- eff=99.97 % cumulative eff=53.31 %
Flag_BadPFMuonDzFilter: pass=136415     all=136426     -- eff=99.99 % cumulative eff=53.31 %
Flag_eeBadScFilter: pass=136415     all=136415     -- eff=100.00 % cumulative eff=53.31 %
Flag_ecalBadCalibFilter: pass=136413     all=136415     -- eff=100.00 % cumulative eff=53.31 %
Flag_hfNoisyHitsFilter: pass=136398     all=136413     -- eff=99.99 % cumulative eff=53.30 %
Number of muons 2: pass=52620      all=136398     -- eff=38.58 % cumulative eff=20.56 %
Veto VH <= 0 electrons: pass=52580      all=52620      -- eff=99.92 % cumulative eff=20.55 %
DiMuon From Higgs: pass=49940      all=52580      -- eff=94.98 % cumulative eff=19.52 %
LeptonChargeSum: pass=49927      all=49940      -- eff=99.97 % cumulative eff=19.51 %
Hmass>=110: pass=48437      all=49927      -- eff=97.02 % cumulative eff=18.93 %
[2025-11-20 03:41:20.647] [main] [info] Writing quantities map to /eos/user/j/jiahua/MC_2023BPix_inc/MC_2023BPix_vbf/DYto2Mu-2Jets_MLL-105To160_amcatnloFXFX_23BPix/1352f793-a2c1-4b9d-936e-f3f5ec48d811_vbfhmm.root
[2025-11-20 03:41:21.176] [main] [info] Finished Evaluation
[2025-11-20 03:41:21.176] [main] [info] Overall runtime (real time: 542.88, CPU time: 517.12)
