000 (13047317.079.000) 11/20 02:52:37 Job submitted from host: <188.185.121.235:9618?addrs=188.185.121.235-9618+[2001-1458-d00-49--100-36e]-9618&alias=bigbird22.cern.ch&noUDP&sock=schedd_232129_c3ca>
...
040 (13047317.079.000) 11/20 03:32:13 Started transferring input files
	Transferring to host: <188.185.211.165:9618?addrs=188.185.211.165-9618+[2001-1458-303-17--100-21]-9618&alias=b9p24p8045.cern.ch&noUDP&sock=slot1_38_4671_e457_64602>
...
040 (13047317.079.000) 11/20 03:32:13 Finished transferring input files
...
001 (13047317.079.000) 11/20 03:32:14 Job executing on host: <188.185.211.165:9618?addrs=188.185.211.165-9618+[2001-1458-303-17--100-21]-9618&alias=b9p24p8045.cern.ch&noUDP&sock=startd_3900_a772>
	SlotName: slot1_38@b9p24p8045.cern.ch
	CondorScratchDir = "/pool/condor/dir_3427588"
	Cpus = 1
	Disk = 16040
	GPUs = 0
	Memory = 3000
...
006 (13047317.079.000) 11/20 03:32:27 Image size of job updated: 95616
	94  -  MemoryUsage of job (MB)
	95616  -  ResidentSetSize of job (KB)
...
006 (13047317.079.000) 11/20 03:35:19 Image size of job updated: 727336
	94  -  MemoryUsage of job (MB)
	95616  -  ResidentSetSize of job (KB)
...
040 (13047317.079.000) 11/20 03:35:19 Started transferring output files
...
040 (13047317.079.000) 11/20 03:35:19 Finished transferring output files
...
005 (13047317.079.000) 11/20 03:35:19 Job terminated.
	(1) Normal termination (return value 0)
		Usr 0 00:02:37, Sys 0 00:00:05  -  Run Remote Usage
		Usr 0 00:00:00, Sys 0 00:00:00  -  Run Local Usage
		Usr 0 00:02:37, Sys 0 00:00:05  -  Total Remote Usage
		Usr 0 00:00:00, Sys 0 00:00:00  -  Total Local Usage
	10127  -  Run Bytes Sent By Job
	11618982  -  Run Bytes Received By Job
	10127  -  Total Bytes Sent By Job
	11618982  -  Total Bytes Received By Job
	Partitionable Resources :    Usage  Request Allocated 
	   Cpus                 :        0        1         1 
	   Disk (KB)            :    11381    12500     16040 
	   GPUs                 :                           0 
	   Memory (MB)          :       94     3000      3000 
	   TimeExecute (s)      :      185                    
	   TimeSlotBusy (s)     :      186                    

	Job terminated of its own accord at 2025-11-20T02:35:19Z with exit-code 0.
...
