000 (13047765.000.000) 11/20 09:17:09 Job submitted from host: <188.185.121.235:9618?addrs=188.185.121.235-9618+[2001-1458-d00-49--100-36e]-9618&alias=bigbird22.cern.ch&noUDP&sock=schedd_232129_c3ca>
...
040 (13047765.000.000) 11/20 11:09:07 Started transferring input files
	Transferring to host: <188.185.214.102:9618?addrs=188.185.214.102-9618+[2001-1458-303-1c--100-62]-9618&alias=b9p29p3838.cern.ch&noUDP&sock=slot1_8_6523_cb22_74515>
...
040 (13047765.000.000) 11/20 11:09:07 Finished transferring input files
...
001 (13047765.000.000) 11/20 11:09:09 Job executing on host: <188.185.214.102:9618?addrs=188.185.214.102-9618+[2001-1458-303-1c--100-62]-9618&alias=b9p29p3838.cern.ch&noUDP&sock=startd_5762_d4ca>
	SlotName: slot1_8@b9p29p3838.cern.ch
	CondorScratchDir = "/pool/condor/dir_1306073"
	Cpus = 1
	Disk = 16006
	GPUs = 0
	Memory = 3000
...
006 (13047765.000.000) 11/20 11:09:22 Image size of job updated: 103376
	101  -  MemoryUsage of job (MB)
	103376  -  ResidentSetSize of job (KB)
...
006 (13047765.000.000) 11/20 11:10:34 Image size of job updated: 730704
	101  -  MemoryUsage of job (MB)
	103376  -  ResidentSetSize of job (KB)
...
040 (13047765.000.000) 11/20 11:10:54 Started transferring output files
...
040 (13047765.000.000) 11/20 11:10:54 Finished transferring output files
...
005 (13047765.000.000) 11/20 11:10:54 Job terminated.
	(1) Normal termination (return value 0)
		Usr 0 00:01:05, Sys 0 00:00:03  -  Run Remote Usage
		Usr 0 00:00:00, Sys 0 00:00:00  -  Run Local Usage
		Usr 0 00:01:05, Sys 0 00:00:03  -  Total Remote Usage
		Usr 0 00:00:00, Sys 0 00:00:00  -  Total Local Usage
	9822  -  Run Bytes Sent By Job
	11622950  -  Run Bytes Received By Job
	9822  -  Total Bytes Sent By Job
	11622950  -  Total Bytes Received By Job
	Partitionable Resources :    Usage  Request Allocated 
	   Cpus                 :        0        1         1 
	   Disk (KB)            :    11383    12500     16006 
	   GPUs                 :                           0 
	   Memory (MB)          :      101     3000      3000 
	   TimeExecute (s)      :      106                    
	   TimeSlotBusy (s)     :      108                    

	Job terminated of its own accord at 2025-11-20T10:10:34Z with exit-code 0.
...
