000 (13047306.007.000) 11/20 02:52:23 Job submitted from host: <188.185.121.235:9618?addrs=188.185.121.235-9618+[2001-1458-d00-49--100-36e]-9618&alias=bigbird22.cern.ch&noUDP&sock=schedd_232129_c3ca>
...
040 (13047306.007.000) 11/20 03:27:40 Started transferring input files
	Transferring to host: <188.185.215.81:9618?addrs=188.185.215.81-9618+[2001-1458-303-1e--100-4d]-9618&alias=b9p31p2056.cern.ch&noUDP&sock=slot1_15_6906_a6d2_63778>
...
040 (13047306.007.000) 11/20 03:27:40 Finished transferring input files
...
001 (13047306.007.000) 11/20 03:27:41 Job executing on host: <188.185.215.81:9618?addrs=188.185.215.81-9618+[2001-1458-303-1e--100-4d]-9618&alias=b9p31p2056.cern.ch&noUDP&sock=startd_5972_dfad>
	SlotName: slot1_15@b9p31p2056.cern.ch
	CondorScratchDir = "/pool/condor/dir_4097410"
	Cpus = 1
	Disk = 16120
	GPUs = 0
	Memory = 3000
...
006 (13047306.007.000) 11/20 03:27:54 Image size of job updated: 165816
	162  -  MemoryUsage of job (MB)
	165816  -  ResidentSetSize of job (KB)
...
006 (13047306.007.000) 11/20 03:29:03 Image size of job updated: 727052
	162  -  MemoryUsage of job (MB)
	165816  -  ResidentSetSize of job (KB)
...
040 (13047306.007.000) 11/20 03:29:03 Started transferring output files
...
040 (13047306.007.000) 11/20 03:29:03 Finished transferring output files
...
005 (13047306.007.000) 11/20 03:29:03 Job terminated.
	(1) Normal termination (return value 0)
		Usr 0 00:01:07, Sys 0 00:00:03  -  Run Remote Usage
		Usr 0 00:00:00, Sys 0 00:00:00  -  Run Local Usage
		Usr 0 00:01:07, Sys 0 00:00:03  -  Total Remote Usage
		Usr 0 00:00:00, Sys 0 00:00:00  -  Total Local Usage
	9809  -  Run Bytes Sent By Job
	11618982  -  Run Bytes Received By Job
	9809  -  Total Bytes Sent By Job
	11618982  -  Total Bytes Received By Job
	Partitionable Resources :    Usage  Request Allocated 
	   Cpus                 :        0        1         1 
	   Disk (KB)            :    11381    12500     16120 
	   GPUs                 :                           0 
	   Memory (MB)          :      162     3000      3000 
	   TimeExecute (s)      :       82                    
	   TimeSlotBusy (s)     :       83                    

	Job terminated of its own accord at 2025-11-20T02:29:03Z with exit-code 0.
...
