000 (13047753.008.000) 11/20 09:17:01 Job submitted from host: <188.185.121.235:9618?addrs=188.185.121.235-9618+[2001-1458-d00-49--100-36e]-9618&alias=bigbird22.cern.ch&noUDP&sock=schedd_232129_c3ca>
...
040 (13047753.008.000) 11/20 09:53:12 Started transferring input files
	Transferring to host: <188.185.196.60:9618?addrs=188.185.196.60-9618+[2001-1458-303-23--100-38]-9618&alias=b9p16p4437.cern.ch&noUDP&sock=slot1_14_5430_ad16_58173>
...
040 (13047753.008.000) 11/20 09:53:12 Finished transferring input files
...
001 (13047753.008.000) 11/20 09:53:13 Job executing on host: <188.185.196.60:9618?addrs=188.185.196.60-9618+[2001-1458-303-23--100-38]-9618&alias=b9p16p4437.cern.ch&noUDP&sock=startd_4283_5c38>
	SlotName: slot1_14@b9p16p4437.cern.ch
	CondorScratchDir = "/pool/condor/dir_3364416"
	Cpus = 1
	Disk = 15827
	GPUs = 0
	Memory = 3000
...
006 (13047753.008.000) 11/20 09:53:26 Image size of job updated: 93840
	92  -  MemoryUsage of job (MB)
	93840  -  ResidentSetSize of job (KB)
...
006 (13047753.008.000) 11/20 09:55:44 Image size of job updated: 711000
	92  -  MemoryUsage of job (MB)
	93840  -  ResidentSetSize of job (KB)
...
040 (13047753.008.000) 11/20 09:55:47 Started transferring output files
...
040 (13047753.008.000) 11/20 09:55:47 Finished transferring output files
...
005 (13047753.008.000) 11/20 09:55:47 Job terminated.
	(1) Normal termination (return value 0)
		Usr 0 00:02:07, Sys 0 00:00:02  -  Run Remote Usage
		Usr 0 00:00:00, Sys 0 00:00:00  -  Run Local Usage
		Usr 0 00:02:07, Sys 0 00:00:02  -  Total Remote Usage
		Usr 0 00:00:00, Sys 0 00:00:00  -  Total Local Usage
	9811  -  Run Bytes Sent By Job
	11622950  -  Run Bytes Received By Job
	9811  -  Total Bytes Sent By Job
	11622950  -  Total Bytes Received By Job
	Partitionable Resources :    Usage  Request Allocated 
	   Cpus                 :     0.33        1         1 
	   Disk (KB)            : 11385       12500     15827 
	   GPUs                 :                           0 
	   Memory (MB)          :    92        3000      3000 
	   TimeExecute (s)      :   151                       
	   TimeSlotBusy (s)     :   155                       

	Job terminated of its own accord at 2025-11-20T08:55:44Z with exit-code 0.
...
