000 (13204043.010.000) 11/25 17:25:26 Job submitted from host: <188.185.121.235:9618?addrs=188.185.121.235-9618+[2001-1458-d00-49--100-36e]-9618&alias=bigbird22.cern.ch&noUDP&sock=schedd_232129_c3ca>
...
040 (13204043.010.000) 11/25 17:27:34 Started transferring input files
	Transferring to host: <188.185.215.105:9618?addrs=188.185.215.105-9618+[2001-1458-303-1e--100-65]-9618&alias=b9p31p5976.cern.ch&noUDP&sock=slot1_9_4960_84c3_68107>
...
040 (13204043.010.000) 11/25 17:27:34 Finished transferring input files
...
001 (13204043.010.000) 11/25 17:27:35 Job executing on host: <188.185.215.105:9618?addrs=188.185.215.105-9618+[2001-1458-303-1e--100-65]-9618&alias=b9p31p5976.cern.ch&noUDP&sock=startd_4025_64c8>
	SlotName: slot1_9@b9p31p5976.cern.ch
	CondorScratchDir = "/pool/condor/dir_1646803"
	Cpus = 1
	Disk = 15979
	GPUs = 0
	Memory = 3000
...
006 (13204043.010.000) 11/25 17:27:45 Image size of job updated: 10384
	0  -  MemoryUsage of job (MB)
	0  -  ResidentSetSize of job (KB)
...
040 (13204043.010.000) 11/25 17:27:45 Started transferring output files
...
040 (13204043.010.000) 11/25 17:27:45 Finished transferring output files
...
005 (13204043.010.000) 11/25 17:27:45 Job terminated.
	(1) Normal termination (return value 1)
		Usr 0 00:00:01, Sys 0 00:00:01  -  Run Remote Usage
		Usr 0 00:00:00, Sys 0 00:00:00  -  Run Local Usage
		Usr 0 00:00:01, Sys 0 00:00:01  -  Total Remote Usage
		Usr 0 00:00:00, Sys 0 00:00:00  -  Total Local Usage
	2133  -  Run Bytes Sent By Job
	11622950  -  Run Bytes Received By Job
	2133  -  Total Bytes Sent By Job
	11622950  -  Total Bytes Received By Job
	Partitionable Resources :    Usage  Request Allocated 
	   Cpus                 :     0.06        1         1 
	   Disk (KB)            : 11379       12500     15979 
	   GPUs                 :                           0 
	   Memory (MB)          :     0        3000      3000 
	   TimeExecute (s)      :    10                       
	   TimeSlotBusy (s)     :    12                       

	Job terminated of its own accord at 2025-11-25T16:27:45Z with exit-code 1.
...
