000 (13204044.001.000) 11/25 17:25:32 Job submitted from host: <188.185.121.235:9618?addrs=188.185.121.235-9618+[2001-1458-d00-49--100-36e]-9618&alias=bigbird22.cern.ch&noUDP&sock=schedd_232129_c3ca>
...
040 (13204044.001.000) 11/25 17:27:41 Started transferring input files
	Transferring to host: <188.185.213.73:9618?addrs=188.185.213.73-9618+[2001-1458-303-1a--100-45]-9618&alias=b9p27p6281.cern.ch&noUDP&sock=slot1_15_7862_3d79_66043>
...
040 (13204044.001.000) 11/25 17:27:41 Finished transferring input files
...
001 (13204044.001.000) 11/25 17:27:42 Job executing on host: <188.185.213.73:9618?addrs=188.185.213.73-9618+[2001-1458-303-1a--100-45]-9618&alias=b9p27p6281.cern.ch&noUDP&sock=startd_7122_ad97>
	SlotName: slot1_15@b9p27p6281.cern.ch
	CondorScratchDir = "/pool/condor/dir_3740232"
	Cpus = 1
	Disk = 16038
	GPUs = 0
	Memory = 3000
...
006 (13204044.001.000) 11/25 17:27:51 Image size of job updated: 52
	0  -  MemoryUsage of job (MB)
	0  -  ResidentSetSize of job (KB)
...
040 (13204044.001.000) 11/25 17:27:52 Started transferring output files
...
040 (13204044.001.000) 11/25 17:27:52 Finished transferring output files
...
005 (13204044.001.000) 11/25 17:27:52 Job terminated.
	(1) Normal termination (return value 1)
		Usr 0 00:00:01, Sys 0 00:00:01  -  Run Remote Usage
		Usr 0 00:00:00, Sys 0 00:00:00  -  Run Local Usage
		Usr 0 00:00:01, Sys 0 00:00:01  -  Total Remote Usage
		Usr 0 00:00:00, Sys 0 00:00:00  -  Total Local Usage
	2133  -  Run Bytes Sent By Job
	11622950  -  Run Bytes Received By Job
	2133  -  Total Bytes Sent By Job
	11622950  -  Total Bytes Received By Job
	Partitionable Resources :    Usage  Request Allocated 
	   Cpus                 :        0        1         1 
	   Disk (KB)            :    11379    12500     16038 
	   GPUs                 :                           0 
	   Memory (MB)          :        0     3000      3000 
	   TimeExecute (s)      :        9                    
	   TimeSlotBusy (s)     :       11                    

	Job terminated of its own accord at 2025-11-25T16:27:51Z with exit-code 1.
...
