Starting job on \n
Running on: Linux b9g02p1339.cern.ch 5.14.0-570.42.2.el9_6.x86_64 #1 SMP PREEMPT_DYNAMIC Mon Sep 15 05:17:56 EDT 2025 x86_64 x86_64 x86_64 GNU/Linux\n
System software: AlmaLinux release 9.6 (Sage Margay)\n
Setting up CROWN for Alma Version 9.6
subject   : /DC=ch/DC=cern/OU=Organic Units/OU=Users/CN=jiahua/CN=851532/CN=Jiahua Chen/CN=2045128514
issuer    : /DC=ch/DC=cern/OU=Organic Units/OU=Users/CN=jiahua/CN=851532/CN=Jiahua Chen
identity  : /DC=ch/DC=cern/OU=Organic Units/OU=Users/CN=jiahua/CN=851532/CN=Jiahua Chen
type      : RFC compliant proxy
strength  : 2048 bits
path      : /afs/cern.ch/user/j/jiahua/proxy/x509up_u139833
timeleft  : 191:57:09
key usage : Digital Signature, Key Encipherment
=== VO cms extension information ===
VO        : cms
subject   : /DC=ch/DC=cern/OU=Organic Units/OU=Users/CN=jiahua/CN=851532/CN=Jiahua Chen
issuer    : /DC=ch/DC=cern/OU=computers/CN=cms-auth.cern.ch
attribute : /cms/Role=NULL/Capability=NULL
timeleft  : 183:57:08
uri       : voms-cms-auth.cern.ch:15000
subject   : /DC=ch/DC=cern/OU=Organic Units/OU=Users/CN=jiahua/CN=851532/CN=Jiahua Chen/CN=2045128514
issuer    : /DC=ch/DC=cern/OU=Organic Units/OU=Users/CN=jiahua/CN=851532/CN=Jiahua Chen
identity  : /DC=ch/DC=cern/OU=Organic Units/OU=Users/CN=jiahua/CN=851532/CN=Jiahua Chen
type      : RFC compliant proxy
strength  : 2048 bits
path      : /afs/cern.ch/user/j/jiahua/proxy/x509up_u139833
timeleft  : 191:57:09
key usage : Digital Signature, Key Encipherment
=== VO cms extension information ===
VO        : cms
subject   : /DC=ch/DC=cern/OU=Organic Units/OU=Users/CN=jiahua/CN=851532/CN=Jiahua Chen
issuer    : /DC=ch/DC=cern/OU=computers/CN=cms-auth.cern.ch
attribute : /cms/Role=NULL/Capability=NULL
timeleft  : 183:57:08
uri       : voms-cms-auth.cern.ch:15000
/eos/user/j/jiahua/MC_2023BPix_inc/MC_2023BPix_vbf/TbarWplusto2L2Nu_powheg_23BPix/b6f9069a-f2aa-40c3-a01f-edf9a9da5883.root
[2025-11-20 10:51:34.706] [main] [info] Checking input files
[2025-11-20 10:51:39.583] [main] [info] NanoAOD input_file 1: root://cms-xrd-global.cern.ch//store/mc/Run3Summer23BPixNanoAODv12/TbarWplusto2L2Nu_TuneCP5_13p6TeV_powheg-pythia8/NANOAODSIM/130X_mcRun3_2023_realistic_postBPix_v6-v2/2830000/b6f9069a-f2aa-40c3-a01f-edf9a9da5883.root - 4000 Events
[2025-11-20 10:51:39.583] [main] [info] input_file 1: root://cms-xrd-global.cern.ch//store/mc/Run3Summer23BPixNanoAODv12/TbarWplusto2L2Nu_TuneCP5_13p6TeV_powheg-pythia8/NANOAODSIM/130X_mcRun3_2023_realistic_postBPix_v6-v2/2830000/b6f9069a-f2aa-40c3-a01f-edf9a9da5883.root - SumOfGenWeight: 15223.800000000001 
[2025-11-20 10:51:39.583] [main] [info] Output directory: /eos/user/j/jiahua/MC_2023BPix_inc/MC_2023BPix_vbf/TbarWplusto2L2Nu_powheg_23BPix/b6f9069a-f2aa-40c3-a01f-edf9a9da5883.root
[2025-11-20 10:51:39.584] [main] [info] Starting Setup of Dataframe with 4000 events
[2025-11-20 10:52:42.120] [main] [info] Finished Setup
[2025-11-20 10:52:42.121] [main] [info] Runtime for setup (real time: 62.54, CPU time: 59.22)
[2025-11-20 10:52:42.121] [main] [info] Starting Evaluation
[2025-11-20 10:53:07.756] [main] [info] vbfhmm:
GoodJetsCollection: pass=3752       all=4000       -- eff=93.80 % cumulative eff=93.80 %
Flag_goodVertices: pass=3752       all=3752       -- eff=100.00 % cumulative eff=93.80 %
Flag_globalSuperTightHalo2016Filter: pass=3751       all=3752       -- eff=99.97 % cumulative eff=93.78 %
Flag_EcalDeadCellTriggerPrimitiveFilter: pass=3750       all=3751       -- eff=99.97 % cumulative eff=93.75 %
Flag_BadPFMuonFilter: pass=3750       all=3750       -- eff=100.00 % cumulative eff=93.75 %
Flag_BadPFMuonDzFilter: pass=3750       all=3750       -- eff=100.00 % cumulative eff=93.75 %
Flag_eeBadScFilter: pass=3750       all=3750       -- eff=100.00 % cumulative eff=93.75 %
Flag_ecalBadCalibFilter: pass=3749       all=3750       -- eff=99.97 % cumulative eff=93.72 %
Flag_hfNoisyHitsFilter: pass=3749       all=3749       -- eff=100.00 % cumulative eff=93.72 %
Number of muons 2: pass=272        all=3749       -- eff=7.26 % cumulative eff=6.80 %
Veto VH <= 0 electrons: pass=270        all=272        -- eff=99.26 % cumulative eff=6.75 %
DiMuon From Higgs: pass=117        all=270        -- eff=43.33 % cumulative eff=2.92 %
LeptonChargeSum: pass=117        all=117        -- eff=100.00 % cumulative eff=2.92 %
Hmass>=110: pass=66         all=117        -- eff=56.41 % cumulative eff=1.65 %
[2025-11-20 10:53:07.936] [main] [info] Writing quantities map to /eos/user/j/jiahua/MC_2023BPix_inc/MC_2023BPix_vbf/TbarWplusto2L2Nu_powheg_23BPix/b6f9069a-f2aa-40c3-a01f-edf9a9da5883_vbfhmm.root
[2025-11-20 10:53:07.998] [main] [info] Finished Evaluation
[2025-11-20 10:53:07.998] [main] [info] Overall runtime (real time: 88.42, CPU time: 83.19)
