000 (13047308.055.000) 11/20 02:52:25 Job submitted from host: <188.185.121.235:9618?addrs=188.185.121.235-9618+[2001-1458-d00-49--100-36e]-9618&alias=bigbird22.cern.ch&noUDP&sock=schedd_232129_c3ca>
...
040 (13047308.055.000) 11/20 03:28:13 Started transferring input files
	Transferring to host: <188.185.210.71:9618?addrs=188.185.210.71-9618+[2001-1458-303-1--100-43]-9618&alias=b9p21p1295.cern.ch&noUDP&sock=slot1_13_4534_5cf1_61869>
...
040 (13047308.055.000) 11/20 03:28:13 Finished transferring input files
...
001 (13047308.055.000) 11/20 03:28:14 Job executing on host: <188.185.210.71:9618?addrs=188.185.210.71-9618+[2001-1458-303-1--100-43]-9618&alias=b9p21p1295.cern.ch&noUDP&sock=startd_3860_37a8>
	SlotName: slot1_13@b9p21p1295.cern.ch
	CondorScratchDir = "/pool/condor/dir_971514"
	Cpus = 1
	Disk = 16148
	GPUs = 0
	Memory = 3000
...
006 (13047308.055.000) 11/20 03:28:27 Image size of job updated: 98948
	97  -  MemoryUsage of job (MB)
	98948  -  ResidentSetSize of job (KB)
...
006 (13047308.055.000) 11/20 03:31:44 Image size of job updated: 723048
	97  -  MemoryUsage of job (MB)
	98976  -  ResidentSetSize of job (KB)
...
040 (13047308.055.000) 11/20 03:31:44 Started transferring output files
...
040 (13047308.055.000) 11/20 03:31:44 Finished transferring output files
...
005 (13047308.055.000) 11/20 03:31:44 Job terminated.
	(1) Normal termination (return value 0)
		Usr 0 00:03:07, Sys 0 00:00:04  -  Run Remote Usage
		Usr 0 00:00:00, Sys 0 00:00:00  -  Run Local Usage
		Usr 0 00:03:07, Sys 0 00:00:04  -  Total Remote Usage
		Usr 0 00:00:00, Sys 0 00:00:00  -  Total Local Usage
	10083  -  Run Bytes Sent By Job
	11618982  -  Run Bytes Received By Job
	10083  -  Total Bytes Sent By Job
	11618982  -  Total Bytes Received By Job
	Partitionable Resources :    Usage  Request Allocated 
	   Cpus                 :        0        1         1 
	   Disk (KB)            :    11380    12500     16148 
	   GPUs                 :                           0 
	   Memory (MB)          :       97     3000      3000 
	   TimeExecute (s)      :      210                    
	   TimeSlotBusy (s)     :      211                    

	Job terminated of its own accord at 2025-11-20T02:31:44Z with exit-code 0.
...
