Starting job on \n
Running on: Linux b9p23p5254.cern.ch 5.14.0-570.55.1.el9_6.x86_64 #1 SMP PREEMPT_DYNAMIC Tue Oct 14 01:03:55 EDT 2025 x86_64 x86_64 x86_64 GNU/Linux\n
System software: Red Hat Enterprise Linux release 9.7 (Plow)\n
Setting up CROWN for RedHatEnterprise Version 9.7
subject   : /DC=ch/DC=cern/OU=Organic Units/OU=Users/CN=jiahua/CN=851532/CN=Jiahua Chen/CN=2045128514
issuer    : /DC=ch/DC=cern/OU=Organic Units/OU=Users/CN=jiahua/CN=851532/CN=Jiahua Chen
identity  : /DC=ch/DC=cern/OU=Organic Units/OU=Users/CN=jiahua/CN=851532/CN=Jiahua Chen
type      : RFC compliant proxy
strength  : 2048 bits
path      : /afs/cern.ch/user/j/jiahua/proxy/x509up_u139833
timeleft  : 192:55:05
key usage : Digital Signature, Key Encipherment
=== VO cms extension information ===
VO        : cms
subject   : /DC=ch/DC=cern/OU=Organic Units/OU=Users/CN=jiahua/CN=851532/CN=Jiahua Chen
issuer    : /DC=ch/DC=cern/OU=computers/CN=cms-auth.cern.ch
attribute : /cms/Role=NULL/Capability=NULL
timeleft  : 184:55:04
uri       : voms-cms-auth.cern.ch:15000
subject   : /DC=ch/DC=cern/OU=Organic Units/OU=Users/CN=jiahua/CN=851532/CN=Jiahua Chen/CN=2045128514
issuer    : /DC=ch/DC=cern/OU=Organic Units/OU=Users/CN=jiahua/CN=851532/CN=Jiahua Chen
identity  : /DC=ch/DC=cern/OU=Organic Units/OU=Users/CN=jiahua/CN=851532/CN=Jiahua Chen
type      : RFC compliant proxy
strength  : 2048 bits
path      : /afs/cern.ch/user/j/jiahua/proxy/x509up_u139833
timeleft  : 192:55:05
key usage : Digital Signature, Key Encipherment
=== VO cms extension information ===
VO        : cms
subject   : /DC=ch/DC=cern/OU=Organic Units/OU=Users/CN=jiahua/CN=851532/CN=Jiahua Chen
issuer    : /DC=ch/DC=cern/OU=computers/CN=cms-auth.cern.ch
attribute : /cms/Role=NULL/Capability=NULL
timeleft  : 184:55:04
uri       : voms-cms-auth.cern.ch:15000
/eos/user/j/jiahua/MC_2023BPix_inc/MC_2023BPix_vbf/TTto2L2Nu_powheg_23BPix/d42b399b-f23c-4990-b9a3-1a843958b67a.root
[2025-11-20 09:53:38.672] [main] [info] Checking input files
[2025-11-20 09:53:42.988] [main] [info] NanoAOD input_file 1: root://cms-xrd-global.cern.ch//store/mc/Run3Summer23BPixNanoAODv12/TTto2L2Nu_TuneCP5_13p6TeV_powheg-pythia8/NANOAODSIM/130X_mcRun3_2023_realistic_postBPix_v2-v3/70000/d42b399b-f23c-4990-b9a3-1a843958b67a.root - 3000 Events
[2025-11-20 09:53:42.988] [main] [info] input_file 1: root://cms-xrd-global.cern.ch//store/mc/Run3Summer23BPixNanoAODv12/TTto2L2Nu_TuneCP5_13p6TeV_powheg-pythia8/NANOAODSIM/130X_mcRun3_2023_realistic_postBPix_v2-v3/70000/d42b399b-f23c-4990-b9a3-1a843958b67a.root - SumOfGenWeight: 240554.16740000003 
[2025-11-20 09:53:42.988] [main] [info] Output directory: /eos/user/j/jiahua/MC_2023BPix_inc/MC_2023BPix_vbf/TTto2L2Nu_powheg_23BPix/d42b399b-f23c-4990-b9a3-1a843958b67a.root
[2025-11-20 09:53:42.994] [main] [info] Starting Setup of Dataframe with 3000 events
[2025-11-20 09:54:37.452] [main] [info] Finished Setup
[2025-11-20 09:54:37.452] [main] [info] Runtime for setup (real time: 54.46, CPU time: 50.10)
[2025-11-20 09:54:37.452] [main] [info] Starting Evaluation
[2025-11-20 09:54:57.586] [main] [info] vbfhmm:
GoodJetsCollection: pass=2830       all=3000       -- eff=94.33 % cumulative eff=94.33 %
Flag_goodVertices: pass=2830       all=2830       -- eff=100.00 % cumulative eff=94.33 %
Flag_globalSuperTightHalo2016Filter: pass=2830       all=2830       -- eff=100.00 % cumulative eff=94.33 %
Flag_EcalDeadCellTriggerPrimitiveFilter: pass=2829       all=2830       -- eff=99.96 % cumulative eff=94.30 %
Flag_BadPFMuonFilter: pass=2828       all=2829       -- eff=99.96 % cumulative eff=94.27 %
Flag_BadPFMuonDzFilter: pass=2828       all=2828       -- eff=100.00 % cumulative eff=94.27 %
Flag_eeBadScFilter: pass=2828       all=2828       -- eff=100.00 % cumulative eff=94.27 %
Flag_ecalBadCalibFilter: pass=2828       all=2828       -- eff=100.00 % cumulative eff=94.27 %
Flag_hfNoisyHitsFilter: pass=2828       all=2828       -- eff=100.00 % cumulative eff=94.27 %
Number of muons 2: pass=185        all=2828       -- eff=6.54 % cumulative eff=6.17 %
Veto VH <= 0 electrons: pass=183        all=185        -- eff=98.92 % cumulative eff=6.10 %
DiMuon From Higgs: pass=80         all=183        -- eff=43.72 % cumulative eff=2.67 %
LeptonChargeSum: pass=80         all=80         -- eff=100.00 % cumulative eff=2.67 %
Hmass>=110: pass=44         all=80         -- eff=55.00 % cumulative eff=1.47 %
[2025-11-20 09:54:57.730] [main] [info] Writing quantities map to /eos/user/j/jiahua/MC_2023BPix_inc/MC_2023BPix_vbf/TTto2L2Nu_powheg_23BPix/d42b399b-f23c-4990-b9a3-1a843958b67a_vbfhmm.root
[2025-11-20 09:54:57.800] [main] [info] Finished Evaluation
[2025-11-20 09:54:57.801] [main] [info] Overall runtime (real time: 74.81, CPU time: 68.86)
