000 (13047308.045.000) 11/20 02:52:25 Job submitted from host: <188.185.121.235:9618?addrs=188.185.121.235-9618+[2001-1458-d00-49--100-36e]-9618&alias=bigbird22.cern.ch&noUDP&sock=schedd_232129_c3ca>
...
040 (13047308.045.000) 11/20 03:28:10 Started transferring input files
	Transferring to host: <188.185.208.70:9618?addrs=188.185.208.70-9618+[2001-1458-303-f--100-43]-9618&alias=b9p09p1619.cern.ch&noUDP&sock=slot1_18_10721_aa0d_55597>
...
040 (13047308.045.000) 11/20 03:28:10 Finished transferring input files
...
001 (13047308.045.000) 11/20 03:28:11 Job executing on host: <188.185.208.70:9618?addrs=188.185.208.70-9618+[2001-1458-303-f--100-43]-9618&alias=b9p09p1619.cern.ch&noUDP&sock=startd_10214_886c>
	SlotName: slot1_18@b9p09p1619.cern.ch
	CondorScratchDir = "/pool/condor/dir_1766392"
	Cpus = 1
	Disk = 15887
	GPUs = 0
	Memory = 3000
...
006 (13047308.045.000) 11/20 03:28:25 Image size of job updated: 156192
	153  -  MemoryUsage of job (MB)
	156192  -  ResidentSetSize of job (KB)
...
006 (13047308.045.000) 11/20 03:33:26 Image size of job updated: 729760
	713  -  MemoryUsage of job (MB)
	729760  -  ResidentSetSize of job (KB)
...
006 (13047308.045.000) 11/20 03:37:03 Image size of job updated: 730736
	713  -  MemoryUsage of job (MB)
	729760  -  ResidentSetSize of job (KB)
...
040 (13047308.045.000) 11/20 03:37:03 Started transferring output files
...
040 (13047308.045.000) 11/20 03:37:03 Finished transferring output files
...
005 (13047308.045.000) 11/20 03:37:03 Job terminated.
	(1) Normal termination (return value 0)
		Usr 0 00:08:13, Sys 0 00:00:03  -  Run Remote Usage
		Usr 0 00:00:00, Sys 0 00:00:00  -  Run Local Usage
		Usr 0 00:08:13, Sys 0 00:00:03  -  Total Remote Usage
		Usr 0 00:00:00, Sys 0 00:00:00  -  Total Local Usage
	11829  -  Run Bytes Sent By Job
	11618982  -  Run Bytes Received By Job
	11829  -  Total Bytes Sent By Job
	11618982  -  Total Bytes Received By Job
	Partitionable Resources :    Usage  Request Allocated 
	   Cpus                 :     0.99        1         1 
	   Disk (KB)            : 11384       12500     15887 
	   GPUs                 :                           0 
	   Memory (MB)          :   713        3000      3000 
	   TimeExecute (s)      :   532                       
	   TimeSlotBusy (s)     :   533                       

	Job terminated of its own accord at 2025-11-20T02:37:03Z with exit-code 0.
...
