Starting job on \n
Running on: Linux b9p22p6756.cern.ch 5.14.0-570.44.1.el9_6.x86_64 #1 SMP PREEMPT_DYNAMIC Tue Sep 9 05:17:30 EDT 2025 x86_64 x86_64 x86_64 GNU/Linux\n
System software: Red Hat Enterprise Linux release 9.7 (Plow)\n
Setting up CROWN for RedHatEnterprise Version 9.7
subject   : /DC=ch/DC=cern/OU=Organic Units/OU=Users/CN=jiahua/CN=851532/CN=Jiahua Chen/CN=2045128514
issuer    : /DC=ch/DC=cern/OU=Organic Units/OU=Users/CN=jiahua/CN=851532/CN=Jiahua Chen
identity  : /DC=ch/DC=cern/OU=Organic Units/OU=Users/CN=jiahua/CN=851532/CN=Jiahua Chen
type      : RFC compliant proxy
strength  : 2048 bits
path      : /afs/cern.ch/user/j/jiahua/proxy/x509up_u139833
timeleft  : 192:54:57
key usage : Digital Signature, Key Encipherment
=== VO cms extension information ===
VO        : cms
subject   : /DC=ch/DC=cern/OU=Organic Units/OU=Users/CN=jiahua/CN=851532/CN=Jiahua Chen
issuer    : /DC=ch/DC=cern/OU=computers/CN=cms-auth.cern.ch
attribute : /cms/Role=NULL/Capability=NULL
timeleft  : 184:54:56
uri       : voms-cms-auth.cern.ch:15000
subject   : /DC=ch/DC=cern/OU=Organic Units/OU=Users/CN=jiahua/CN=851532/CN=Jiahua Chen/CN=2045128514
issuer    : /DC=ch/DC=cern/OU=Organic Units/OU=Users/CN=jiahua/CN=851532/CN=Jiahua Chen
identity  : /DC=ch/DC=cern/OU=Organic Units/OU=Users/CN=jiahua/CN=851532/CN=Jiahua Chen
type      : RFC compliant proxy
strength  : 2048 bits
path      : /afs/cern.ch/user/j/jiahua/proxy/x509up_u139833
timeleft  : 192:54:57
key usage : Digital Signature, Key Encipherment
=== VO cms extension information ===
VO        : cms
subject   : /DC=ch/DC=cern/OU=Organic Units/OU=Users/CN=jiahua/CN=851532/CN=Jiahua Chen
issuer    : /DC=ch/DC=cern/OU=computers/CN=cms-auth.cern.ch
attribute : /cms/Role=NULL/Capability=NULL
timeleft  : 184:54:56
uri       : voms-cms-auth.cern.ch:15000
/eos/user/j/jiahua/MC_2023BPix_inc/MC_2023BPix_vbf/TTto2L2Nu_powheg_23BPix/759283b8-504b-4f80-b583-6dcedc9e99d1.root
[2025-11-20 09:53:46.786] [main] [info] Checking input files
[2025-11-20 09:53:51.812] [main] [info] NanoAOD input_file 1: root://cms-xrd-global.cern.ch//store/mc/Run3Summer23BPixNanoAODv12/TTto2L2Nu_TuneCP5_13p6TeV_powheg-pythia8/NANOAODSIM/130X_mcRun3_2023_realistic_postBPix_v2-v3/2560000/759283b8-504b-4f80-b583-6dcedc9e99d1.root - 240000 Events
[2025-11-20 09:53:51.812] [main] [info] input_file 1: root://cms-xrd-global.cern.ch//store/mc/Run3Summer23BPixNanoAODv12/TTto2L2Nu_TuneCP5_13p6TeV_powheg-pythia8/NANOAODSIM/130X_mcRun3_2023_realistic_postBPix_v2-v3/2560000/759283b8-504b-4f80-b583-6dcedc9e99d1.root - SumOfGenWeight: 19301268.329800002 
[2025-11-20 09:53:51.812] [main] [info] Output directory: /eos/user/j/jiahua/MC_2023BPix_inc/MC_2023BPix_vbf/TTto2L2Nu_powheg_23BPix/759283b8-504b-4f80-b583-6dcedc9e99d1.root
[2025-11-20 09:53:51.814] [main] [info] Starting Setup of Dataframe with 240000 events
[2025-11-20 09:54:46.406] [main] [info] Finished Setup
[2025-11-20 09:54:46.407] [main] [info] Runtime for setup (real time: 54.59, CPU time: 50.21)
[2025-11-20 09:54:46.407] [main] [info] Starting Evaluation
[2025-11-20 09:55:30.376] [main] [info] 10000 / 240000 (4.17 %) Events processed ...
[2025-11-20 09:55:56.394] [main] [info] 20000 / 240000 (8.33 %) Events processed ...
[2025-11-20 09:56:29.437] [main] [info] 30000 / 240000 (12.50 %) Events processed ...
[2025-11-20 09:56:58.009] [main] [info] 40000 / 240000 (16.67 %) Events processed ...
[2025-11-20 09:57:23.031] [main] [info] 50000 / 240000 (20.83 %) Events processed ...
[2025-11-20 09:57:51.113] [main] [info] 60000 / 240000 (25.00 %) Events processed ...
[2025-11-20 09:58:18.919] [main] [info] 70000 / 240000 (29.17 %) Events processed ...
[2025-11-20 09:58:48.099] [main] [info] 80000 / 240000 (33.33 %) Events processed ...
[2025-11-20 09:59:16.737] [main] [info] 90000 / 240000 (37.50 %) Events processed ...
[2025-11-20 09:59:44.142] [main] [info] 100000 / 240000 (41.67 %) Events processed ...
[2025-11-20 10:00:11.845] [main] [info] 110000 / 240000 (45.83 %) Events processed ...
[2025-11-20 10:00:38.909] [main] [info] 120000 / 240000 (50.00 %) Events processed ...
[2025-11-20 10:01:06.746] [main] [info] 130000 / 240000 (54.17 %) Events processed ...
[2025-11-20 10:01:32.583] [main] [info] 140000 / 240000 (58.33 %) Events processed ...
[2025-11-20 10:02:01.609] [main] [info] 150000 / 240000 (62.50 %) Events processed ...
[2025-11-20 10:02:29.350] [main] [info] 160000 / 240000 (66.67 %) Events processed ...
[2025-11-20 10:02:58.674] [main] [info] 170000 / 240000 (70.83 %) Events processed ...
[2025-11-20 10:03:30.217] [main] [info] 180000 / 240000 (75.00 %) Events processed ...
[2025-11-20 10:03:59.453] [main] [info] 190000 / 240000 (79.17 %) Events processed ...
[2025-11-20 10:04:26.118] [main] [info] 200000 / 240000 (83.33 %) Events processed ...
[2025-11-20 10:04:52.288] [main] [info] 210000 / 240000 (87.50 %) Events processed ...
[2025-11-20 10:05:18.920] [main] [info] 220000 / 240000 (91.67 %) Events processed ...
[2025-11-20 10:05:42.752] [main] [info] 230000 / 240000 (95.83 %) Events processed ...
[2025-11-20 10:06:10.025] [main] [info] 240000 / 240000 (100.00 %) Events processed ...
[2025-11-20 10:06:10.577] [main] [info] vbfhmm:
GoodJetsCollection: pass=225131     all=240000     -- eff=93.80 % cumulative eff=93.80 %
Flag_goodVertices: pass=225131     all=225131     -- eff=100.00 % cumulative eff=93.80 %
Flag_globalSuperTightHalo2016Filter: pass=225098     all=225131     -- eff=99.99 % cumulative eff=93.79 %
Flag_EcalDeadCellTriggerPrimitiveFilter: pass=225086     all=225098     -- eff=99.99 % cumulative eff=93.79 %
Flag_BadPFMuonFilter: pass=225059     all=225086     -- eff=99.99 % cumulative eff=93.77 %
Flag_BadPFMuonDzFilter: pass=225044     all=225059     -- eff=99.99 % cumulative eff=93.77 %
Flag_eeBadScFilter: pass=225044     all=225044     -- eff=100.00 % cumulative eff=93.77 %
Flag_ecalBadCalibFilter: pass=225013     all=225044     -- eff=99.99 % cumulative eff=93.76 %
Flag_hfNoisyHitsFilter: pass=225005     all=225013     -- eff=100.00 % cumulative eff=93.75 %
Number of muons 2: pass=15264      all=225005     -- eff=6.78 % cumulative eff=6.36 %
Veto VH <= 0 electrons: pass=15031      all=15264      -- eff=98.47 % cumulative eff=6.26 %
DiMuon From Higgs: pass=6963       all=15031      -- eff=46.32 % cumulative eff=2.90 %
LeptonChargeSum: pass=6906       all=6963       -- eff=99.18 % cumulative eff=2.88 %
Hmass>=110: pass=3650       all=6906       -- eff=52.85 % cumulative eff=1.52 %
[2025-11-20 10:06:10.748] [main] [info] Writing quantities map to /eos/user/j/jiahua/MC_2023BPix_inc/MC_2023BPix_vbf/TTto2L2Nu_powheg_23BPix/759283b8-504b-4f80-b583-6dcedc9e99d1_vbfhmm.root
[2025-11-20 10:06:10.871] [main] [info] Finished Evaluation
[2025-11-20 10:06:10.871] [main] [info] Overall runtime (real time: 739.06, CPU time: 709.87)
