000 (13047308.074.000) 11/20 02:52:25 Job submitted from host: <188.185.121.235:9618?addrs=188.185.121.235-9618+[2001-1458-d00-49--100-36e]-9618&alias=bigbird22.cern.ch&noUDP&sock=schedd_232129_c3ca>
...
040 (13047308.074.000) 11/20 03:28:20 Started transferring input files
	Transferring to host: <128.142.33.205:9618?addrs=128.142.33.205-9618+[2001-1458-301-39--100-a]-9618&alias=b9g24p6994.cern.ch&noUDP&sock=slot1_38_4872_83bf_65940>
...
040 (13047308.074.000) 11/20 03:28:20 Finished transferring input files
...
001 (13047308.074.000) 11/20 03:28:21 Job executing on host: <128.142.33.205:9618?addrs=128.142.33.205-9618+[2001-1458-301-39--100-a]-9618&alias=b9g24p6994.cern.ch&noUDP&sock=startd_4093_0939>
	SlotName: slot1_38@b9g24p6994.cern.ch
	CondorScratchDir = "/pool/condor/dir_2823421"
	Cpus = 1
	Disk = 16167
	GPUs = 0
	Memory = 3000
...
006 (13047308.074.000) 11/20 03:28:34 Image size of job updated: 113172
	111  -  MemoryUsage of job (MB)
	113172  -  ResidentSetSize of job (KB)
...
006 (13047308.074.000) 11/20 03:33:34 Image size of job updated: 731536
	715  -  MemoryUsage of job (MB)
	731536  -  ResidentSetSize of job (KB)
...
006 (13047308.074.000) 11/20 03:38:35 Image size of job updated: 732252
	716  -  MemoryUsage of job (MB)
	732252  -  ResidentSetSize of job (KB)
...
006 (13047308.074.000) 11/20 03:43:35 Image size of job updated: 734436
	718  -  MemoryUsage of job (MB)
	734436  -  ResidentSetSize of job (KB)
...
006 (13047308.074.000) 11/20 03:44:46 Image size of job updated: 734656
	718  -  MemoryUsage of job (MB)
	734436  -  ResidentSetSize of job (KB)
...
040 (13047308.074.000) 11/20 03:44:46 Started transferring output files
...
040 (13047308.074.000) 11/20 03:44:46 Finished transferring output files
...
005 (13047308.074.000) 11/20 03:44:46 Job terminated.
	(1) Normal termination (return value 0)
		Usr 0 00:15:34, Sys 0 00:00:10  -  Run Remote Usage
		Usr 0 00:00:00, Sys 0 00:00:00  -  Run Local Usage
		Usr 0 00:15:34, Sys 0 00:00:10  -  Total Remote Usage
		Usr 0 00:00:00, Sys 0 00:00:00  -  Total Local Usage
	12182  -  Run Bytes Sent By Job
	11618982  -  Run Bytes Received By Job
	12182  -  Total Bytes Sent By Job
	11618982  -  Total Bytes Received By Job
	Partitionable Resources :    Usage  Request Allocated 
	   Cpus                 :     0.99        1         1 
	   Disk (KB)            : 11382       12500     16167 
	   GPUs                 :                           0 
	   Memory (MB)          :   718        3000      3000 
	   TimeExecute (s)      :   985                       
	   TimeSlotBusy (s)     :   986                       

	Job terminated of its own accord at 2025-11-20T02:44:46Z with exit-code 0.
...
