000 (13047755.018.000) 11/20 09:17:02 Job submitted from host: <188.185.121.235:9618?addrs=188.185.121.235-9618+[2001-1458-d00-49--100-36e]-9618&alias=bigbird22.cern.ch&noUDP&sock=schedd_232129_c3ca>
...
040 (13047755.018.000) 11/20 09:53:31 Started transferring input files
	Transferring to host: <128.142.51.214:9618?addrs=128.142.51.214-9618+[2001-1458-301-3--100-13]-9618&alias=b9g02p5039.cern.ch&noUDP&sock=slot1_31_387284_5cfe_59175>
...
040 (13047755.018.000) 11/20 09:53:31 Finished transferring input files
...
001 (13047755.018.000) 11/20 09:53:32 Job executing on host: <128.142.51.214:9618?addrs=128.142.51.214-9618+[2001-1458-301-3--100-13]-9618&alias=b9g02p5039.cern.ch&noUDP&sock=startd_3995_d0f1>
	SlotName: slot1_31@b9g02p5039.cern.ch
	CondorScratchDir = "/pool/condor/dir_1271305"
	Cpus = 1
	Disk = 16208
	GPUs = 0
	Memory = 3000
...
006 (13047755.018.000) 11/20 09:53:46 Image size of job updated: 135736
	133  -  MemoryUsage of job (MB)
	135736  -  ResidentSetSize of job (KB)
...
006 (13047755.018.000) 11/20 09:58:47 Image size of job updated: 723144
	707  -  MemoryUsage of job (MB)
	723144  -  ResidentSetSize of job (KB)
...
006 (13047755.018.000) 11/20 10:03:18 Image size of job updated: 725464
	707  -  MemoryUsage of job (MB)
	723144  -  ResidentSetSize of job (KB)
...
040 (13047755.018.000) 11/20 10:03:21 Started transferring output files
...
040 (13047755.018.000) 11/20 10:03:23 Finished transferring output files
...
005 (13047755.018.000) 11/20 10:03:35 Job terminated.
	(1) Normal termination (return value 0)
		Usr 0 00:09:14, Sys 0 00:00:05  -  Run Remote Usage
		Usr 0 00:00:00, Sys 0 00:00:00  -  Run Local Usage
		Usr 0 00:09:14, Sys 0 00:00:05  -  Total Remote Usage
		Usr 0 00:00:00, Sys 0 00:00:00  -  Total Local Usage
	10860  -  Run Bytes Sent By Job
	11622950  -  Run Bytes Received By Job
	10860  -  Total Bytes Sent By Job
	11622950  -  Total Bytes Received By Job
	Partitionable Resources :    Usage  Request Allocated 
	   Cpus                 :                 1         1 
	   Disk (KB)            :    11377    12500     16208 
	   GPUs                 :                           0 
	   Memory (MB)          :      707     3000      3000 
	   TimeExecute (s)      :      586                    
	   TimeSlotBusy (s)     :      593                    

	Job terminated of its own accord at 2025-11-20T09:03:18Z with exit-code 0.
...
