Starting job on \n
Running on: Linux b9p17p5877.cern.ch 5.14.0-570.46.1.el9_6.x86_64 #1 SMP PREEMPT_DYNAMIC Tue Sep 16 03:28:23 EDT 2025 x86_64 x86_64 x86_64 GNU/Linux\n
System software: Red Hat Enterprise Linux release 9.7 (Plow)\n
Setting up CROWN for RedHatEnterprise Version 9.7
subject   : /DC=ch/DC=cern/OU=Organic Units/OU=Users/CN=jiahua/CN=851532/CN=Jiahua Chen/CN=2045128514
issuer    : /DC=ch/DC=cern/OU=Organic Units/OU=Users/CN=jiahua/CN=851532/CN=Jiahua Chen
identity  : /DC=ch/DC=cern/OU=Organic Units/OU=Users/CN=jiahua/CN=851532/CN=Jiahua Chen
type      : RFC compliant proxy
strength  : 2048 bits
path      : /afs/cern.ch/user/j/jiahua/proxy/x509up_u139833
timeleft  : 199:20:07
key usage : Digital Signature, Key Encipherment
=== VO cms extension information ===
VO        : cms
subject   : /DC=ch/DC=cern/OU=Organic Units/OU=Users/CN=jiahua/CN=851532/CN=Jiahua Chen
issuer    : /DC=ch/DC=cern/OU=computers/CN=cms-auth.cern.ch
attribute : /cms/Role=NULL/Capability=NULL
timeleft  : 191:20:06
uri       : voms-cms-auth.cern.ch:15000
subject   : /DC=ch/DC=cern/OU=Organic Units/OU=Users/CN=jiahua/CN=851532/CN=Jiahua Chen/CN=2045128514
issuer    : /DC=ch/DC=cern/OU=Organic Units/OU=Users/CN=jiahua/CN=851532/CN=Jiahua Chen
identity  : /DC=ch/DC=cern/OU=Organic Units/OU=Users/CN=jiahua/CN=851532/CN=Jiahua Chen
type      : RFC compliant proxy
strength  : 2048 bits
path      : /afs/cern.ch/user/j/jiahua/proxy/x509up_u139833
timeleft  : 199:20:07
key usage : Digital Signature, Key Encipherment
=== VO cms extension information ===
VO        : cms
subject   : /DC=ch/DC=cern/OU=Organic Units/OU=Users/CN=jiahua/CN=851532/CN=Jiahua Chen
issuer    : /DC=ch/DC=cern/OU=computers/CN=cms-auth.cern.ch
attribute : /cms/Role=NULL/Capability=NULL
timeleft  : 191:20:06
uri       : voms-cms-auth.cern.ch:15000
/eos/user/j/jiahua/MC_2023BPix_inc/MC_2023BPix_vbf/TTto2L2Nu_powheg_23BPix/1fc49961-22ba-4b79-86d7-e85128f21146.root
[2025-11-20 03:28:37.009] [main] [info] Checking input files
[2025-11-20 03:28:43.407] [main] [info] NanoAOD input_file 1: root://cms-xrd-global.cern.ch//store/mc/Run3Summer23BPixNanoAODv12/TTto2L2Nu_TuneCP5_13p6TeV_powheg-pythia8/NANOAODSIM/130X_mcRun3_2023_realistic_postBPix_v2-v3/2550000/1fc49961-22ba-4b79-86d7-e85128f21146.root - 27000 Events
[2025-11-20 03:28:43.407] [main] [info] input_file 1: root://cms-xrd-global.cern.ch//store/mc/Run3Summer23BPixNanoAODv12/TTto2L2Nu_TuneCP5_13p6TeV_powheg-pythia8/NANOAODSIM/130X_mcRun3_2023_realistic_postBPix_v2-v3/2550000/1fc49961-22ba-4b79-86d7-e85128f21146.root - SumOfGenWeight: 2172286.8576 
[2025-11-20 03:28:43.407] [main] [info] Output directory: /eos/user/j/jiahua/MC_2023BPix_inc/MC_2023BPix_vbf/TTto2L2Nu_powheg_23BPix/1fc49961-22ba-4b79-86d7-e85128f21146.root
[2025-11-20 03:28:43.408] [main] [info] Starting Setup of Dataframe with 27000 events
[2025-11-20 03:30:11.018] [main] [info] Finished Setup
[2025-11-20 03:30:11.018] [main] [info] Runtime for setup (real time: 87.61, CPU time: 80.63)
[2025-11-20 03:30:11.018] [main] [info] Starting Evaluation
[2025-11-20 03:31:18.776] [main] [info] 10000 / 27000 (37.04 %) Events processed ...
[2025-11-20 03:31:59.335] [main] [info] 20000 / 27000 (74.07 %) Events processed ...
[2025-11-20 03:32:28.018] [main] [info] vbfhmm:
GoodJetsCollection: pass=25333      all=27000      -- eff=93.83 % cumulative eff=93.83 %
Flag_goodVertices: pass=25333      all=25333      -- eff=100.00 % cumulative eff=93.83 %
Flag_globalSuperTightHalo2016Filter: pass=25328      all=25333      -- eff=99.98 % cumulative eff=93.81 %
Flag_EcalDeadCellTriggerPrimitiveFilter: pass=25328      all=25328      -- eff=100.00 % cumulative eff=93.81 %
Flag_BadPFMuonFilter: pass=25328      all=25328      -- eff=100.00 % cumulative eff=93.81 %
Flag_BadPFMuonDzFilter: pass=25326      all=25328      -- eff=99.99 % cumulative eff=93.80 %
Flag_eeBadScFilter: pass=25326      all=25326      -- eff=100.00 % cumulative eff=93.80 %
Flag_ecalBadCalibFilter: pass=25322      all=25326      -- eff=99.98 % cumulative eff=93.79 %
Flag_hfNoisyHitsFilter: pass=25321      all=25322      -- eff=100.00 % cumulative eff=93.78 %
Number of muons 2: pass=1732       all=25321      -- eff=6.84 % cumulative eff=6.41 %
Veto VH <= 0 electrons: pass=1707       all=1732       -- eff=98.56 % cumulative eff=6.32 %
DiMuon From Higgs: pass=795        all=1707       -- eff=46.57 % cumulative eff=2.94 %
LeptonChargeSum: pass=788        all=795        -- eff=99.12 % cumulative eff=2.92 %
Hmass>=110: pass=418        all=788        -- eff=53.05 % cumulative eff=1.55 %
[2025-11-20 03:32:28.221] [main] [info] Writing quantities map to /eos/user/j/jiahua/MC_2023BPix_inc/MC_2023BPix_vbf/TTto2L2Nu_powheg_23BPix/1fc49961-22ba-4b79-86d7-e85128f21146_vbfhmm.root
[2025-11-20 03:32:28.342] [main] [info] Finished Evaluation
[2025-11-20 03:32:28.342] [main] [info] Overall runtime (real time: 224.94, CPU time: 213.16)
