000 (13047308.049.000) 11/20 02:52:25 Job submitted from host: <188.185.121.235:9618?addrs=188.185.121.235-9618+[2001-1458-d00-49--100-36e]-9618&alias=bigbird22.cern.ch&noUDP&sock=schedd_232129_c3ca>
...
040 (13047308.049.000) 11/20 03:28:11 Started transferring input files
	Transferring to host: <188.185.211.10:9618?addrs=188.185.211.10-9618+[2001-1458-303-16--100-6]-9618&alias=b9p23p6127.cern.ch&noUDP&sock=slot1_39_9115_178c_64861>
...
040 (13047308.049.000) 11/20 03:28:11 Finished transferring input files
...
001 (13047308.049.000) 11/20 03:28:12 Job executing on host: <188.185.211.10:9618?addrs=188.185.211.10-9618+[2001-1458-303-16--100-6]-9618&alias=b9p23p6127.cern.ch&noUDP&sock=startd_8269_6cb8>
	SlotName: slot1_39@b9p23p6127.cern.ch
	CondorScratchDir = "/pool/condor/dir_1748688"
	Cpus = 1
	Disk = 16069
	GPUs = 0
	Memory = 3000
...
006 (13047308.049.000) 11/20 03:28:25 Image size of job updated: 134072
	131  -  MemoryUsage of job (MB)
	134072  -  ResidentSetSize of job (KB)
...
006 (13047308.049.000) 11/20 03:33:25 Image size of job updated: 731124
	714  -  MemoryUsage of job (MB)
	731124  -  ResidentSetSize of job (KB)
...
006 (13047308.049.000) 11/20 03:38:26 Image size of job updated: 732120
	715  -  MemoryUsage of job (MB)
	732120  -  ResidentSetSize of job (KB)
...
006 (13047308.049.000) 11/20 03:40:59 Image size of job updated: 733720
	715  -  MemoryUsage of job (MB)
	732120  -  ResidentSetSize of job (KB)
...
040 (13047308.049.000) 11/20 03:40:59 Started transferring output files
...
040 (13047308.049.000) 11/20 03:40:59 Finished transferring output files
...
005 (13047308.049.000) 11/20 03:40:59 Job terminated.
	(1) Normal termination (return value 0)
		Usr 0 00:12:05, Sys 0 00:00:07  -  Run Remote Usage
		Usr 0 00:00:00, Sys 0 00:00:00  -  Run Local Usage
		Usr 0 00:12:05, Sys 0 00:00:07  -  Total Remote Usage
		Usr 0 00:00:00, Sys 0 00:00:00  -  Total Local Usage
	11834  -  Run Bytes Sent By Job
	11618982  -  Run Bytes Received By Job
	11834  -  Total Bytes Sent By Job
	11618982  -  Total Bytes Received By Job
	Partitionable Resources :    Usage  Request Allocated 
	   Cpus                 :     0.98        1         1 
	   Disk (KB)            : 11382       12500     16069 
	   GPUs                 :                           0 
	   Memory (MB)          :   715        3000      3000 
	   TimeExecute (s)      :   767                       
	   TimeSlotBusy (s)     :   768                       

	Job terminated of its own accord at 2025-11-20T02:40:59Z with exit-code 0.
...
