Starting job on \n
Running on: Linux b9g19p6148.cern.ch 5.14.0-570.42.2.el9_6.x86_64 #1 SMP PREEMPT_DYNAMIC Mon Sep 8 12:15:13 EDT 2025 x86_64 x86_64 x86_64 GNU/Linux\n
System software: Red Hat Enterprise Linux release 9.7 (Plow)\n
Setting up CROWN for RedHatEnterprise Version 9.7
subject   : /DC=ch/DC=cern/OU=Organic Units/OU=Users/CN=jiahua/CN=851532/CN=Jiahua Chen/CN=2045128514
issuer    : /DC=ch/DC=cern/OU=Organic Units/OU=Users/CN=jiahua/CN=851532/CN=Jiahua Chen
identity  : /DC=ch/DC=cern/OU=Organic Units/OU=Users/CN=jiahua/CN=851532/CN=Jiahua Chen
type      : RFC compliant proxy
strength  : 2048 bits
path      : /afs/cern.ch/user/j/jiahua/proxy/x509up_u139833
timeleft  : 192:54:24
key usage : Digital Signature, Key Encipherment
=== VO cms extension information ===
VO        : cms
subject   : /DC=ch/DC=cern/OU=Organic Units/OU=Users/CN=jiahua/CN=851532/CN=Jiahua Chen
issuer    : /DC=ch/DC=cern/OU=computers/CN=cms-auth.cern.ch
attribute : /cms/Role=NULL/Capability=NULL
timeleft  : 184:54:23
uri       : voms-cms-auth.cern.ch:15000
subject   : /DC=ch/DC=cern/OU=Organic Units/OU=Users/CN=jiahua/CN=851532/CN=Jiahua Chen/CN=2045128514
issuer    : /DC=ch/DC=cern/OU=Organic Units/OU=Users/CN=jiahua/CN=851532/CN=Jiahua Chen
identity  : /DC=ch/DC=cern/OU=Organic Units/OU=Users/CN=jiahua/CN=851532/CN=Jiahua Chen
type      : RFC compliant proxy
strength  : 2048 bits
path      : /afs/cern.ch/user/j/jiahua/proxy/x509up_u139833
timeleft  : 192:54:24
key usage : Digital Signature, Key Encipherment
=== VO cms extension information ===
VO        : cms
subject   : /DC=ch/DC=cern/OU=Organic Units/OU=Users/CN=jiahua/CN=851532/CN=Jiahua Chen
issuer    : /DC=ch/DC=cern/OU=computers/CN=cms-auth.cern.ch
attribute : /cms/Role=NULL/Capability=NULL
timeleft  : 184:54:23
uri       : voms-cms-auth.cern.ch:15000
/eos/user/j/jiahua/MC_2023BPix_inc/MC_2023BPix_vbf/TTto2L2Nu_powheg_23BPix/0d8423b0-2777-4510-b557-fbd16c55b62d.root
[2025-11-20 09:54:19.858] [main] [info] Checking input files
[2025-11-20 09:54:24.834] [main] [info] NanoAOD input_file 1: root://cms-xrd-global.cern.ch//store/mc/Run3Summer23BPixNanoAODv12/TTto2L2Nu_TuneCP5_13p6TeV_powheg-pythia8/NANOAODSIM/130X_mcRun3_2023_realistic_postBPix_v2-v3/70000/0d8423b0-2777-4510-b557-fbd16c55b62d.root - 15000 Events
[2025-11-20 09:54:24.834] [main] [info] input_file 1: root://cms-xrd-global.cern.ch//store/mc/Run3Summer23BPixNanoAODv12/TTto2L2Nu_TuneCP5_13p6TeV_powheg-pythia8/NANOAODSIM/130X_mcRun3_2023_realistic_postBPix_v2-v3/70000/0d8423b0-2777-4510-b557-fbd16c55b62d.root - SumOfGenWeight: 1205366.1618000001 
[2025-11-20 09:54:24.834] [main] [info] Output directory: /eos/user/j/jiahua/MC_2023BPix_inc/MC_2023BPix_vbf/TTto2L2Nu_powheg_23BPix/0d8423b0-2777-4510-b557-fbd16c55b62d.root
[2025-11-20 09:54:24.836] [main] [info] Starting Setup of Dataframe with 15000 events
[2025-11-20 09:56:00.825] [main] [info] Finished Setup
[2025-11-20 09:56:00.825] [main] [info] Runtime for setup (real time: 95.99, CPU time: 91.20)
[2025-11-20 09:56:00.825] [main] [info] Starting Evaluation
[2025-11-20 09:57:07.852] [main] [info] 10000 / 15000 (66.67 %) Events processed ...
[2025-11-20 09:57:30.368] [main] [info] vbfhmm:
GoodJetsCollection: pass=14004      all=15000      -- eff=93.36 % cumulative eff=93.36 %
Flag_goodVertices: pass=14004      all=14004      -- eff=100.00 % cumulative eff=93.36 %
Flag_globalSuperTightHalo2016Filter: pass=14001      all=14004      -- eff=99.98 % cumulative eff=93.34 %
Flag_EcalDeadCellTriggerPrimitiveFilter: pass=14000      all=14001      -- eff=99.99 % cumulative eff=93.33 %
Flag_BadPFMuonFilter: pass=13999      all=14000      -- eff=99.99 % cumulative eff=93.33 %
Flag_BadPFMuonDzFilter: pass=13998      all=13999      -- eff=99.99 % cumulative eff=93.32 %
Flag_eeBadScFilter: pass=13998      all=13998      -- eff=100.00 % cumulative eff=93.32 %
Flag_ecalBadCalibFilter: pass=13994      all=13998      -- eff=99.97 % cumulative eff=93.29 %
Flag_hfNoisyHitsFilter: pass=13993      all=13994      -- eff=99.99 % cumulative eff=93.29 %
Number of muons 2: pass=989        all=13993      -- eff=7.07 % cumulative eff=6.59 %
Veto VH <= 0 electrons: pass=976        all=989        -- eff=98.69 % cumulative eff=6.51 %
DiMuon From Higgs: pass=455        all=976        -- eff=46.62 % cumulative eff=3.03 %
LeptonChargeSum: pass=452        all=455        -- eff=99.34 % cumulative eff=3.01 %
Hmass>=110: pass=236        all=452        -- eff=52.21 % cumulative eff=1.57 %
[2025-11-20 09:57:30.588] [main] [info] Writing quantities map to /eos/user/j/jiahua/MC_2023BPix_inc/MC_2023BPix_vbf/TTto2L2Nu_powheg_23BPix/0d8423b0-2777-4510-b557-fbd16c55b62d_vbfhmm.root
[2025-11-20 09:57:30.770] [main] [info] Finished Evaluation
[2025-11-20 09:57:30.770] [main] [info] Overall runtime (real time: 185.94, CPU time: 178.06)
