Starting job on \n
Running on: Linux b9p20p1066.cern.ch 5.14.0-570.44.1.el9_6.x86_64 #1 SMP PREEMPT_DYNAMIC Tue Sep 9 05:17:30 EDT 2025 x86_64 x86_64 x86_64 GNU/Linux\n
System software: Red Hat Enterprise Linux release 9.7 (Plow)\n
Setting up CROWN for RedHatEnterprise Version 9.7
subject   : /DC=ch/DC=cern/OU=Organic Units/OU=Users/CN=jiahua/CN=851532/CN=Jiahua Chen/CN=2045128514
issuer    : /DC=ch/DC=cern/OU=Organic Units/OU=Users/CN=jiahua/CN=851532/CN=Jiahua Chen
identity  : /DC=ch/DC=cern/OU=Organic Units/OU=Users/CN=jiahua/CN=851532/CN=Jiahua Chen
type      : RFC compliant proxy
strength  : 2048 bits
path      : /afs/cern.ch/user/j/jiahua/proxy/x509up_u139833
timeleft  : 192:54:35
key usage : Digital Signature, Key Encipherment
=== VO cms extension information ===
VO        : cms
subject   : /DC=ch/DC=cern/OU=Organic Units/OU=Users/CN=jiahua/CN=851532/CN=Jiahua Chen
issuer    : /DC=ch/DC=cern/OU=computers/CN=cms-auth.cern.ch
attribute : /cms/Role=NULL/Capability=NULL
timeleft  : 184:54:34
uri       : voms-cms-auth.cern.ch:15000
subject   : /DC=ch/DC=cern/OU=Organic Units/OU=Users/CN=jiahua/CN=851532/CN=Jiahua Chen/CN=2045128514
issuer    : /DC=ch/DC=cern/OU=Organic Units/OU=Users/CN=jiahua/CN=851532/CN=Jiahua Chen
identity  : /DC=ch/DC=cern/OU=Organic Units/OU=Users/CN=jiahua/CN=851532/CN=Jiahua Chen
type      : RFC compliant proxy
strength  : 2048 bits
path      : /afs/cern.ch/user/j/jiahua/proxy/x509up_u139833
timeleft  : 192:54:35
key usage : Digital Signature, Key Encipherment
=== VO cms extension information ===
VO        : cms
subject   : /DC=ch/DC=cern/OU=Organic Units/OU=Users/CN=jiahua/CN=851532/CN=Jiahua Chen
issuer    : /DC=ch/DC=cern/OU=computers/CN=cms-auth.cern.ch
attribute : /cms/Role=NULL/Capability=NULL
timeleft  : 184:54:34
uri       : voms-cms-auth.cern.ch:15000
/eos/user/j/jiahua/MC_2023BPix_inc/MC_2023BPix_vbf/TTto2L2Nu_powheg_23BPix/25f8c662-fc8f-4af1-8ddb-69bac51b0375.root
[2025-11-20 09:54:09.040] [main] [info] Checking input files
[2025-11-20 09:54:13.285] [main] [info] NanoAOD input_file 1: root://cms-xrd-global.cern.ch//store/mc/Run3Summer23BPixNanoAODv12/TTto2L2Nu_TuneCP5_13p6TeV_powheg-pythia8/NANOAODSIM/130X_mcRun3_2023_realistic_postBPix_v2-v3/2550000/25f8c662-fc8f-4af1-8ddb-69bac51b0375.root - 12000 Events
[2025-11-20 09:54:13.285] [main] [info] input_file 1: root://cms-xrd-global.cern.ch//store/mc/Run3Summer23BPixNanoAODv12/TTto2L2Nu_TuneCP5_13p6TeV_powheg-pythia8/NANOAODSIM/130X_mcRun3_2023_realistic_postBPix_v2-v3/2550000/25f8c662-fc8f-4af1-8ddb-69bac51b0375.root - SumOfGenWeight: 963676.5398000001 
[2025-11-20 09:54:13.285] [main] [info] Output directory: /eos/user/j/jiahua/MC_2023BPix_inc/MC_2023BPix_vbf/TTto2L2Nu_powheg_23BPix/25f8c662-fc8f-4af1-8ddb-69bac51b0375.root
[2025-11-20 09:54:13.285] [main] [info] Starting Setup of Dataframe with 12000 events
[2025-11-20 09:56:07.516] [main] [info] Finished Setup
[2025-11-20 09:56:07.516] [main] [info] Runtime for setup (real time: 114.23, CPU time: 110.07)
[2025-11-20 09:56:07.516] [main] [info] Starting Evaluation
[2025-11-20 09:57:22.143] [main] [info] 10000 / 12000 (83.33 %) Events processed ...
[2025-11-20 09:57:31.643] [main] [info] vbfhmm:
GoodJetsCollection: pass=11194      all=12000      -- eff=93.28 % cumulative eff=93.28 %
Flag_goodVertices: pass=11194      all=11194      -- eff=100.00 % cumulative eff=93.28 %
Flag_globalSuperTightHalo2016Filter: pass=11192      all=11194      -- eff=99.98 % cumulative eff=93.27 %
Flag_EcalDeadCellTriggerPrimitiveFilter: pass=11191      all=11192      -- eff=99.99 % cumulative eff=93.26 %
Flag_BadPFMuonFilter: pass=11189      all=11191      -- eff=99.98 % cumulative eff=93.24 %
Flag_BadPFMuonDzFilter: pass=11189      all=11189      -- eff=100.00 % cumulative eff=93.24 %
Flag_eeBadScFilter: pass=11189      all=11189      -- eff=100.00 % cumulative eff=93.24 %
Flag_ecalBadCalibFilter: pass=11187      all=11189      -- eff=99.98 % cumulative eff=93.22 %
Flag_hfNoisyHitsFilter: pass=11186      all=11187      -- eff=99.99 % cumulative eff=93.22 %
Number of muons 2: pass=746        all=11186      -- eff=6.67 % cumulative eff=6.22 %
Veto VH <= 0 electrons: pass=738        all=746        -- eff=98.93 % cumulative eff=6.15 %
DiMuon From Higgs: pass=336        all=738        -- eff=45.53 % cumulative eff=2.80 %
LeptonChargeSum: pass=333        all=336        -- eff=99.11 % cumulative eff=2.78 %
Hmass>=110: pass=171        all=333        -- eff=51.35 % cumulative eff=1.42 %
[2025-11-20 09:57:31.766] [main] [info] Writing quantities map to /eos/user/j/jiahua/MC_2023BPix_inc/MC_2023BPix_vbf/TTto2L2Nu_powheg_23BPix/25f8c662-fc8f-4af1-8ddb-69bac51b0375_vbfhmm.root
[2025-11-20 09:57:31.819] [main] [info] Finished Evaluation
[2025-11-20 09:57:31.819] [main] [info] Overall runtime (real time: 198.53, CPU time: 192.40)
