000 (13047308.031.000) 11/20 02:52:25 Job submitted from host: <188.185.121.235:9618?addrs=188.185.121.235-9618+[2001-1458-d00-49--100-36e]-9618&alias=bigbird22.cern.ch&noUDP&sock=schedd_232129_c3ca>
...
040 (13047308.031.000) 11/20 03:28:05 Started transferring input files
	Transferring to host: <128.142.137.145:9618?addrs=128.142.137.145-9618+[2001-1458-301-5e--100-85]-9618&alias=b9g19p7857.cern.ch&noUDP&sock=slot1_32_2861_954d_59403>
...
040 (13047308.031.000) 11/20 03:28:05 Finished transferring input files
...
001 (13047308.031.000) 11/20 03:28:06 Job executing on host: <128.142.137.145:9618?addrs=128.142.137.145-9618+[2001-1458-301-5e--100-85]-9618&alias=b9g19p7857.cern.ch&noUDP&sock=startd_2477_982d>
	SlotName: slot1_32@b9g19p7857.cern.ch
	CondorScratchDir = "/pool/condor/dir_3753672"
	Cpus = 1
	Disk = 15028
	GPUs = 0
	Memory = 3000
...
006 (13047308.031.000) 11/20 03:28:19 Image size of job updated: 97616
	96  -  MemoryUsage of job (MB)
	97616  -  ResidentSetSize of job (KB)
...
006 (13047308.031.000) 11/20 03:33:19 Image size of job updated: 729468
	713  -  MemoryUsage of job (MB)
	729468  -  ResidentSetSize of job (KB)
...
006 (13047308.031.000) 11/20 03:38:20 Image size of job updated: 730276
	714  -  MemoryUsage of job (MB)
	730276  -  ResidentSetSize of job (KB)
...
006 (13047308.031.000) 11/20 03:43:20 Image size of job updated: 731008
	714  -  MemoryUsage of job (MB)
	731008  -  ResidentSetSize of job (KB)
...
006 (13047308.031.000) 11/20 03:47:53 Image size of job updated: 733708
	714  -  MemoryUsage of job (MB)
	731008  -  ResidentSetSize of job (KB)
...
040 (13047308.031.000) 11/20 03:47:53 Started transferring output files
...
040 (13047308.031.000) 11/20 03:47:53 Finished transferring output files
...
005 (13047308.031.000) 11/20 03:47:53 Job terminated.
	(1) Normal termination (return value 0)
		Usr 0 00:19:09, Sys 0 00:00:05  -  Run Remote Usage
		Usr 0 00:00:00, Sys 0 00:00:00  -  Run Local Usage
		Usr 0 00:19:09, Sys 0 00:00:05  -  Total Remote Usage
		Usr 0 00:00:00, Sys 0 00:00:00  -  Total Local Usage
	11840  -  Run Bytes Sent By Job
	11618982  -  Run Bytes Received By Job
	11840  -  Total Bytes Sent By Job
	11618982  -  Total Bytes Received By Job
	Partitionable Resources :    Usage  Request Allocated 
	   Cpus                 :     0.99        1         1 
	   Disk (KB)            : 11382       12500     15028 
	   GPUs                 :                           0 
	   Memory (MB)          :   714        3000      3000 
	   TimeExecute (s)      :  1187                       
	   TimeSlotBusy (s)     :  1188                       

	Job terminated of its own accord at 2025-11-20T02:47:53Z with exit-code 0.
...
