Starting job on \n
Running on: Linux b9p27p3655.cern.ch 5.14.0-570.44.1.el9_6.x86_64 #1 SMP PREEMPT_DYNAMIC Tue Sep 9 05:17:30 EDT 2025 x86_64 x86_64 x86_64 GNU/Linux\n
System software: Red Hat Enterprise Linux release 9.7 (Plow)\n
Setting up CROWN for RedHatEnterprise Version 9.7
subject   : /DC=ch/DC=cern/OU=Organic Units/OU=Users/CN=jiahua/CN=851532/CN=Jiahua Chen/CN=2045128514
issuer    : /DC=ch/DC=cern/OU=Organic Units/OU=Users/CN=jiahua/CN=851532/CN=Jiahua Chen
identity  : /DC=ch/DC=cern/OU=Organic Units/OU=Users/CN=jiahua/CN=851532/CN=Jiahua Chen
type      : RFC compliant proxy
strength  : 2048 bits
path      : /afs/cern.ch/user/j/jiahua/proxy/x509up_u139833
timeleft  : 199:20:09
key usage : Digital Signature, Key Encipherment
=== VO cms extension information ===
VO        : cms
subject   : /DC=ch/DC=cern/OU=Organic Units/OU=Users/CN=jiahua/CN=851532/CN=Jiahua Chen
issuer    : /DC=ch/DC=cern/OU=computers/CN=cms-auth.cern.ch
attribute : /cms/Role=NULL/Capability=NULL
timeleft  : 191:20:08
uri       : voms-cms-auth.cern.ch:15000
subject   : /DC=ch/DC=cern/OU=Organic Units/OU=Users/CN=jiahua/CN=851532/CN=Jiahua Chen/CN=2045128514
issuer    : /DC=ch/DC=cern/OU=Organic Units/OU=Users/CN=jiahua/CN=851532/CN=Jiahua Chen
identity  : /DC=ch/DC=cern/OU=Organic Units/OU=Users/CN=jiahua/CN=851532/CN=Jiahua Chen
type      : RFC compliant proxy
strength  : 2048 bits
path      : /afs/cern.ch/user/j/jiahua/proxy/x509up_u139833
timeleft  : 199:20:09
key usage : Digital Signature, Key Encipherment
=== VO cms extension information ===
VO        : cms
subject   : /DC=ch/DC=cern/OU=Organic Units/OU=Users/CN=jiahua/CN=851532/CN=Jiahua Chen
issuer    : /DC=ch/DC=cern/OU=computers/CN=cms-auth.cern.ch
attribute : /cms/Role=NULL/Capability=NULL
timeleft  : 191:20:08
uri       : voms-cms-auth.cern.ch:15000
/eos/user/j/jiahua/MC_2023BPix_inc/MC_2023BPix_vbf/TTto2L2Nu_powheg_23BPix/fc4bcabd-a5e0-4eda-8b96-0cac4f3c797c.root
[2025-11-20 03:28:34.683] [main] [info] Checking input files
[2025-11-20 03:28:39.300] [main] [info] NanoAOD input_file 1: root://cms-xrd-global.cern.ch//store/mc/Run3Summer23BPixNanoAODv12/TTto2L2Nu_TuneCP5_13p6TeV_powheg-pythia8/NANOAODSIM/130X_mcRun3_2023_realistic_postBPix_v2-v3/2550000/fc4bcabd-a5e0-4eda-8b96-0cac4f3c797c.root - 42000 Events
[2025-11-20 03:28:39.301] [main] [info] input_file 1: root://cms-xrd-global.cern.ch//store/mc/Run3Summer23BPixNanoAODv12/TTto2L2Nu_TuneCP5_13p6TeV_powheg-pythia8/NANOAODSIM/130X_mcRun3_2023_realistic_postBPix_v2-v3/2550000/fc4bcabd-a5e0-4eda-8b96-0cac4f3c797c.root - SumOfGenWeight: 3377490.8116000006 
[2025-11-20 03:28:39.301] [main] [info] Output directory: /eos/user/j/jiahua/MC_2023BPix_inc/MC_2023BPix_vbf/TTto2L2Nu_powheg_23BPix/fc4bcabd-a5e0-4eda-8b96-0cac4f3c797c.root
[2025-11-20 03:28:39.301] [main] [info] Starting Setup of Dataframe with 42000 events
[2025-11-20 03:29:37.795] [main] [info] Finished Setup
[2025-11-20 03:29:37.795] [main] [info] Runtime for setup (real time: 58.49, CPU time: 53.79)
[2025-11-20 03:29:37.795] [main] [info] Starting Evaluation
[2025-11-20 03:30:29.048] [main] [info] 10000 / 42000 (23.81 %) Events processed ...
[2025-11-20 03:30:58.625] [main] [info] 20000 / 42000 (47.62 %) Events processed ...
[2025-11-20 03:31:34.091] [main] [info] 30000 / 42000 (71.43 %) Events processed ...
[2025-11-20 03:32:09.644] [main] [info] 40000 / 42000 (95.24 %) Events processed ...
[2025-11-20 03:32:17.994] [main] [info] vbfhmm:
GoodJetsCollection: pass=39362      all=42000      -- eff=93.72 % cumulative eff=93.72 %
Flag_goodVertices: pass=39362      all=39362      -- eff=100.00 % cumulative eff=93.72 %
Flag_globalSuperTightHalo2016Filter: pass=39360      all=39362      -- eff=99.99 % cumulative eff=93.71 %
Flag_EcalDeadCellTriggerPrimitiveFilter: pass=39357      all=39360      -- eff=99.99 % cumulative eff=93.71 %
Flag_BadPFMuonFilter: pass=39351      all=39357      -- eff=99.98 % cumulative eff=93.69 %
Flag_BadPFMuonDzFilter: pass=39349      all=39351      -- eff=99.99 % cumulative eff=93.69 %
Flag_eeBadScFilter: pass=39349      all=39349      -- eff=100.00 % cumulative eff=93.69 %
Flag_ecalBadCalibFilter: pass=39341      all=39349      -- eff=99.98 % cumulative eff=93.67 %
Flag_hfNoisyHitsFilter: pass=39341      all=39341      -- eff=100.00 % cumulative eff=93.67 %
Number of muons 2: pass=2652       all=39341      -- eff=6.74 % cumulative eff=6.31 %
Veto VH <= 0 electrons: pass=2614       all=2652       -- eff=98.57 % cumulative eff=6.22 %
DiMuon From Higgs: pass=1217       all=2614       -- eff=46.56 % cumulative eff=2.90 %
LeptonChargeSum: pass=1207       all=1217       -- eff=99.18 % cumulative eff=2.87 %
Hmass>=110: pass=675        all=1207       -- eff=55.92 % cumulative eff=1.61 %
[2025-11-20 03:32:18.155] [main] [info] Writing quantities map to /eos/user/j/jiahua/MC_2023BPix_inc/MC_2023BPix_vbf/TTto2L2Nu_powheg_23BPix/fc4bcabd-a5e0-4eda-8b96-0cac4f3c797c_vbfhmm.root
[2025-11-20 03:32:18.201] [main] [info] Finished Evaluation
[2025-11-20 03:32:18.201] [main] [info] Overall runtime (real time: 218.90, CPU time: 208.82)
