Starting job on \n
Running on: Linux b9p30p1671.cern.ch 5.14.0-570.44.1.el9_6.x86_64 #1 SMP PREEMPT_DYNAMIC Tue Sep 9 05:17:30 EDT 2025 x86_64 x86_64 x86_64 GNU/Linux\n
System software: Red Hat Enterprise Linux release 9.6 (Plow)\n
Setting up CROWN for RedHatEnterprise Version 9.6
subject   : /DC=ch/DC=cern/OU=Organic Units/OU=Users/CN=jiahua/CN=851532/CN=Jiahua Chen/CN=2045128514
issuer    : /DC=ch/DC=cern/OU=Organic Units/OU=Users/CN=jiahua/CN=851532/CN=Jiahua Chen
identity  : /DC=ch/DC=cern/OU=Organic Units/OU=Users/CN=jiahua/CN=851532/CN=Jiahua Chen
type      : RFC compliant proxy
strength  : 2048 bits
path      : /afs/cern.ch/user/j/jiahua/proxy/x509up_u139833
timeleft  : 199:20:38
key usage : Digital Signature, Key Encipherment
=== VO cms extension information ===
VO        : cms
subject   : /DC=ch/DC=cern/OU=Organic Units/OU=Users/CN=jiahua/CN=851532/CN=Jiahua Chen
issuer    : /DC=ch/DC=cern/OU=computers/CN=cms-auth.cern.ch
attribute : /cms/Role=NULL/Capability=NULL
timeleft  : 191:20:37
uri       : voms-cms-auth.cern.ch:15000
subject   : /DC=ch/DC=cern/OU=Organic Units/OU=Users/CN=jiahua/CN=851532/CN=Jiahua Chen/CN=2045128514
issuer    : /DC=ch/DC=cern/OU=Organic Units/OU=Users/CN=jiahua/CN=851532/CN=Jiahua Chen
identity  : /DC=ch/DC=cern/OU=Organic Units/OU=Users/CN=jiahua/CN=851532/CN=Jiahua Chen
type      : RFC compliant proxy
strength  : 2048 bits
path      : /afs/cern.ch/user/j/jiahua/proxy/x509up_u139833
timeleft  : 199:20:38
key usage : Digital Signature, Key Encipherment
=== VO cms extension information ===
VO        : cms
subject   : /DC=ch/DC=cern/OU=Organic Units/OU=Users/CN=jiahua/CN=851532/CN=Jiahua Chen
issuer    : /DC=ch/DC=cern/OU=computers/CN=cms-auth.cern.ch
attribute : /cms/Role=NULL/Capability=NULL
timeleft  : 191:20:37
uri       : voms-cms-auth.cern.ch:15000
/eos/user/j/jiahua/MC_2023BPix_inc/MC_2023BPix_vbf/TTto2L2Nu_powheg_23BPix/b94a745d-1312-4985-b7b3-82a00a2cf07b.root
[2025-11-20 03:28:05.899] [main] [info] Checking input files
[2025-11-20 03:28:10.343] [main] [info] NanoAOD input_file 1: root://cms-xrd-global.cern.ch//store/mc/Run3Summer23BPixNanoAODv12/TTto2L2Nu_TuneCP5_13p6TeV_powheg-pythia8/NANOAODSIM/130X_mcRun3_2023_realistic_postBPix_v2-v3/2560000/b94a745d-1312-4985-b7b3-82a00a2cf07b.root - 177000 Events
[2025-11-20 03:28:10.344] [main] [info] input_file 1: root://cms-xrd-global.cern.ch//store/mc/Run3Summer23BPixNanoAODv12/TTto2L2Nu_TuneCP5_13p6TeV_powheg-pythia8/NANOAODSIM/130X_mcRun3_2023_realistic_postBPix_v2-v3/2560000/b94a745d-1312-4985-b7b3-82a00a2cf07b.root - SumOfGenWeight: 14244926.788200004 
[2025-11-20 03:28:10.344] [main] [info] Output directory: /eos/user/j/jiahua/MC_2023BPix_inc/MC_2023BPix_vbf/TTto2L2Nu_powheg_23BPix/b94a745d-1312-4985-b7b3-82a00a2cf07b.root
[2025-11-20 03:28:10.344] [main] [info] Starting Setup of Dataframe with 177000 events
[2025-11-20 03:29:05.166] [main] [info] Finished Setup
[2025-11-20 03:29:05.167] [main] [info] Runtime for setup (real time: 54.82, CPU time: 49.45)
[2025-11-20 03:29:05.167] [main] [info] Starting Evaluation
[2025-11-20 03:29:46.455] [main] [info] 10000 / 177000 (5.65 %) Events processed ...
[2025-11-20 03:30:15.936] [main] [info] 20000 / 177000 (11.30 %) Events processed ...
[2025-11-20 03:30:42.660] [main] [info] 30000 / 177000 (16.95 %) Events processed ...
[2025-11-20 03:31:07.508] [main] [info] 40000 / 177000 (22.60 %) Events processed ...
[2025-11-20 03:31:34.605] [main] [info] 50000 / 177000 (28.25 %) Events processed ...
[2025-11-20 03:32:06.369] [main] [info] 60000 / 177000 (33.90 %) Events processed ...
[2025-11-20 03:32:32.528] [main] [info] 70000 / 177000 (39.55 %) Events processed ...
[2025-11-20 03:32:58.548] [main] [info] 80000 / 177000 (45.20 %) Events processed ...
[2025-11-20 03:33:26.160] [main] [info] 90000 / 177000 (50.85 %) Events processed ...
[2025-11-20 03:33:54.875] [main] [info] 100000 / 177000 (56.50 %) Events processed ...
[2025-11-20 03:34:22.882] [main] [info] 110000 / 177000 (62.15 %) Events processed ...
[2025-11-20 03:34:51.513] [main] [info] 120000 / 177000 (67.80 %) Events processed ...
[2025-11-20 03:35:18.807] [main] [info] 130000 / 177000 (73.45 %) Events processed ...
[2025-11-20 03:35:45.327] [main] [info] 140000 / 177000 (79.10 %) Events processed ...
[2025-11-20 03:36:13.321] [main] [info] 150000 / 177000 (84.75 %) Events processed ...
[2025-11-20 03:36:40.697] [main] [info] 160000 / 177000 (90.40 %) Events processed ...
[2025-11-20 03:37:06.512] [main] [info] 170000 / 177000 (96.05 %) Events processed ...
[2025-11-20 03:37:26.086] [main] [info] vbfhmm:
GoodJetsCollection: pass=165831     all=177000     -- eff=93.69 % cumulative eff=93.69 %
Flag_goodVertices: pass=165831     all=165831     -- eff=100.00 % cumulative eff=93.69 %
Flag_globalSuperTightHalo2016Filter: pass=165796     all=165831     -- eff=99.98 % cumulative eff=93.67 %
Flag_EcalDeadCellTriggerPrimitiveFilter: pass=165788     all=165796     -- eff=100.00 % cumulative eff=93.67 %
Flag_BadPFMuonFilter: pass=165771     all=165788     -- eff=99.99 % cumulative eff=93.66 %
Flag_BadPFMuonDzFilter: pass=165761     all=165771     -- eff=99.99 % cumulative eff=93.65 %
Flag_eeBadScFilter: pass=165761     all=165761     -- eff=100.00 % cumulative eff=93.65 %
Flag_ecalBadCalibFilter: pass=165732     all=165761     -- eff=99.98 % cumulative eff=93.63 %
Flag_hfNoisyHitsFilter: pass=165727     all=165732     -- eff=100.00 % cumulative eff=93.63 %
Number of muons 2: pass=11086      all=165727     -- eff=6.69 % cumulative eff=6.26 %
Veto VH <= 0 electrons: pass=10906      all=11086      -- eff=98.38 % cumulative eff=6.16 %
DiMuon From Higgs: pass=5041       all=10906      -- eff=46.22 % cumulative eff=2.85 %
LeptonChargeSum: pass=4988       all=5041       -- eff=98.95 % cumulative eff=2.82 %
Hmass>=110: pass=2637       all=4988       -- eff=52.87 % cumulative eff=1.49 %
[2025-11-20 03:37:26.254] [main] [info] Writing quantities map to /eos/user/j/jiahua/MC_2023BPix_inc/MC_2023BPix_vbf/TTto2L2Nu_powheg_23BPix/b94a745d-1312-4985-b7b3-82a00a2cf07b_vbfhmm.root
[2025-11-20 03:37:26.301] [main] [info] Finished Evaluation
[2025-11-20 03:37:26.301] [main] [info] Overall runtime (real time: 555.96, CPU time: 533.97)
