000 (13047308.094.000) 11/20 02:52:25 Job submitted from host: <188.185.121.235:9618?addrs=188.185.121.235-9618+[2001-1458-d00-49--100-36e]-9618&alias=bigbird22.cern.ch&noUDP&sock=schedd_232129_c3ca>
...
040 (13047308.094.000) 11/20 03:28:26 Started transferring input files
	Transferring to host: <188.185.195.123:9618?addrs=188.185.195.123-9618+[2001-1458-303-22--100-77]-9618&alias=b9p17p5699.cern.ch&noUDP&sock=slot1_36_5886_f828_45812>
...
040 (13047308.094.000) 11/20 03:28:26 Finished transferring input files
...
001 (13047308.094.000) 11/20 03:28:27 Job executing on host: <188.185.195.123:9618?addrs=188.185.195.123-9618+[2001-1458-303-22--100-77]-9618&alias=b9p17p5699.cern.ch&noUDP&sock=startd_4805_68a7>
	SlotName: slot1_36@b9p17p5699.cern.ch
	CondorScratchDir = "/pool/condor/dir_3355206"
	Cpus = 1
	Disk = 16143
	GPUs = 0
	Memory = 3000
...
006 (13047308.094.000) 11/20 03:28:40 Image size of job updated: 93632
	92  -  MemoryUsage of job (MB)
	93632  -  ResidentSetSize of job (KB)
...
006 (13047308.094.000) 11/20 03:33:40 Image size of job updated: 717880
	702  -  MemoryUsage of job (MB)
	717880  -  ResidentSetSize of job (KB)
...
006 (13047308.094.000) 11/20 03:38:41 Image size of job updated: 718876
	703  -  MemoryUsage of job (MB)
	718876  -  ResidentSetSize of job (KB)
...
006 (13047308.094.000) 11/20 03:39:38 Image size of job updated: 720832
	703  -  MemoryUsage of job (MB)
	718876  -  ResidentSetSize of job (KB)
...
040 (13047308.094.000) 11/20 03:39:38 Started transferring output files
...
040 (13047308.094.000) 11/20 03:39:38 Finished transferring output files
...
005 (13047308.094.000) 11/20 03:39:38 Job terminated.
	(1) Normal termination (return value 0)
		Usr 0 00:10:34, Sys 0 00:00:05  -  Run Remote Usage
		Usr 0 00:00:00, Sys 0 00:00:00  -  Run Local Usage
		Usr 0 00:10:34, Sys 0 00:00:05  -  Total Remote Usage
		Usr 0 00:00:00, Sys 0 00:00:00  -  Total Local Usage
	10706  -  Run Bytes Sent By Job
	11618982  -  Run Bytes Received By Job
	10706  -  Total Bytes Sent By Job
	11618982  -  Total Bytes Received By Job
	Partitionable Resources :    Usage  Request Allocated 
	   Cpus                 :     0.88        1         1 
	   Disk (KB)            : 11381       12500     16143 
	   GPUs                 :                           0 
	   Memory (MB)          :   703        3000      3000 
	   TimeExecute (s)      :   671                       
	   TimeSlotBusy (s)     :   672                       

	Job terminated of its own accord at 2025-11-20T02:39:38Z with exit-code 0.
...
