Starting job on \n
Running on: Linux b9p19p9894.cern.ch 5.14.0-570.44.1.el9_6.x86_64 #1 SMP PREEMPT_DYNAMIC Tue Sep 9 05:17:30 EDT 2025 x86_64 x86_64 x86_64 GNU/Linux\n
System software: Red Hat Enterprise Linux release 9.6 (Plow)\n
Setting up CROWN for RedHatEnterprise Version 9.6
subject   : /DC=ch/DC=cern/OU=Organic Units/OU=Users/CN=jiahua/CN=851532/CN=Jiahua Chen/CN=2045128514
issuer    : /DC=ch/DC=cern/OU=Organic Units/OU=Users/CN=jiahua/CN=851532/CN=Jiahua Chen
identity  : /DC=ch/DC=cern/OU=Organic Units/OU=Users/CN=jiahua/CN=851532/CN=Jiahua Chen
type      : RFC compliant proxy
strength  : 2048 bits
path      : /afs/cern.ch/user/j/jiahua/proxy/x509up_u139833
timeleft  : 199:20:10
key usage : Digital Signature, Key Encipherment
=== VO cms extension information ===
VO        : cms
subject   : /DC=ch/DC=cern/OU=Organic Units/OU=Users/CN=jiahua/CN=851532/CN=Jiahua Chen
issuer    : /DC=ch/DC=cern/OU=computers/CN=cms-auth.cern.ch
attribute : /cms/Role=NULL/Capability=NULL
timeleft  : 191:20:09
uri       : voms-cms-auth.cern.ch:15000
subject   : /DC=ch/DC=cern/OU=Organic Units/OU=Users/CN=jiahua/CN=851532/CN=Jiahua Chen/CN=2045128514
issuer    : /DC=ch/DC=cern/OU=Organic Units/OU=Users/CN=jiahua/CN=851532/CN=Jiahua Chen
identity  : /DC=ch/DC=cern/OU=Organic Units/OU=Users/CN=jiahua/CN=851532/CN=Jiahua Chen
type      : RFC compliant proxy
strength  : 2048 bits
path      : /afs/cern.ch/user/j/jiahua/proxy/x509up_u139833
timeleft  : 199:20:10
key usage : Digital Signature, Key Encipherment
=== VO cms extension information ===
VO        : cms
subject   : /DC=ch/DC=cern/OU=Organic Units/OU=Users/CN=jiahua/CN=851532/CN=Jiahua Chen
issuer    : /DC=ch/DC=cern/OU=computers/CN=cms-auth.cern.ch
attribute : /cms/Role=NULL/Capability=NULL
timeleft  : 191:20:09
uri       : voms-cms-auth.cern.ch:15000
/eos/user/j/jiahua/MC_2023BPix_inc/MC_2023BPix_vbf/TTto2L2Nu_powheg_23BPix/007bf7ca-5eb4-4e2a-a7c8-7245dc0317b0.root
[2025-11-20 03:28:34.490] [main] [info] Checking input files
[2025-11-20 03:28:42.743] [main] [info] NanoAOD input_file 1: root://cms-xrd-global.cern.ch//store/mc/Run3Summer23BPixNanoAODv12/TTto2L2Nu_TuneCP5_13p6TeV_powheg-pythia8/NANOAODSIM/130X_mcRun3_2023_realistic_postBPix_v2-v3/70000/007bf7ca-5eb4-4e2a-a7c8-7245dc0317b0.root - 15000 Events
[2025-11-20 03:28:42.743] [main] [info] input_file 1: root://cms-xrd-global.cern.ch//store/mc/Run3Summer23BPixNanoAODv12/TTto2L2Nu_TuneCP5_13p6TeV_powheg-pythia8/NANOAODSIM/130X_mcRun3_2023_realistic_postBPix_v2-v3/70000/007bf7ca-5eb4-4e2a-a7c8-7245dc0317b0.root - SumOfGenWeight: 1206826.0320000001 
[2025-11-20 03:28:42.743] [main] [info] Output directory: /eos/user/j/jiahua/MC_2023BPix_inc/MC_2023BPix_vbf/TTto2L2Nu_powheg_23BPix/007bf7ca-5eb4-4e2a-a7c8-7245dc0317b0.root
[2025-11-20 03:28:42.747] [main] [info] Starting Setup of Dataframe with 15000 events
[2025-11-20 03:30:36.263] [main] [info] Finished Setup
[2025-11-20 03:30:36.263] [main] [info] Runtime for setup (real time: 113.52, CPU time: 105.51)
[2025-11-20 03:30:36.263] [main] [info] Starting Evaluation
[2025-11-20 03:31:58.267] [main] [info] 10000 / 15000 (66.67 %) Events processed ...
[2025-11-20 03:32:24.817] [main] [info] vbfhmm:
GoodJetsCollection: pass=14075      all=15000      -- eff=93.83 % cumulative eff=93.83 %
Flag_goodVertices: pass=14075      all=14075      -- eff=100.00 % cumulative eff=93.83 %
Flag_globalSuperTightHalo2016Filter: pass=14072      all=14075      -- eff=99.98 % cumulative eff=93.81 %
Flag_EcalDeadCellTriggerPrimitiveFilter: pass=14072      all=14072      -- eff=100.00 % cumulative eff=93.81 %
Flag_BadPFMuonFilter: pass=14068      all=14072      -- eff=99.97 % cumulative eff=93.79 %
Flag_BadPFMuonDzFilter: pass=14068      all=14068      -- eff=100.00 % cumulative eff=93.79 %
Flag_eeBadScFilter: pass=14068      all=14068      -- eff=100.00 % cumulative eff=93.79 %
Flag_ecalBadCalibFilter: pass=14065      all=14068      -- eff=99.98 % cumulative eff=93.77 %
Flag_hfNoisyHitsFilter: pass=14065      all=14065      -- eff=100.00 % cumulative eff=93.77 %
Number of muons 2: pass=951        all=14065      -- eff=6.76 % cumulative eff=6.34 %
Veto VH <= 0 electrons: pass=938        all=951        -- eff=98.63 % cumulative eff=6.25 %
DiMuon From Higgs: pass=426        all=938        -- eff=45.42 % cumulative eff=2.84 %
LeptonChargeSum: pass=421        all=426        -- eff=98.83 % cumulative eff=2.81 %
Hmass>=110: pass=225        all=421        -- eff=53.44 % cumulative eff=1.50 %
[2025-11-20 03:32:24.978] [main] [info] Writing quantities map to /eos/user/j/jiahua/MC_2023BPix_inc/MC_2023BPix_vbf/TTto2L2Nu_powheg_23BPix/007bf7ca-5eb4-4e2a-a7c8-7245dc0317b0_vbfhmm.root
[2025-11-20 03:32:25.042] [main] [info] Finished Evaluation
[2025-11-20 03:32:25.042] [main] [info] Overall runtime (real time: 222.30, CPU time: 209.06)
