Starting job on \n
Running on: Linux b9p20p3851.cern.ch 5.14.0-570.44.1.el9_6.x86_64 #1 SMP PREEMPT_DYNAMIC Tue Sep 9 05:17:30 EDT 2025 x86_64 x86_64 x86_64 GNU/Linux\n
System software: Red Hat Enterprise Linux release 9.7 (Plow)\n
Setting up CROWN for RedHatEnterprise Version 9.7
subject   : /DC=ch/DC=cern/OU=Organic Units/OU=Users/CN=jiahua/CN=851532/CN=Jiahua Chen/CN=2045128514
issuer    : /DC=ch/DC=cern/OU=Organic Units/OU=Users/CN=jiahua/CN=851532/CN=Jiahua Chen
identity  : /DC=ch/DC=cern/OU=Organic Units/OU=Users/CN=jiahua/CN=851532/CN=Jiahua Chen
type      : RFC compliant proxy
strength  : 2048 bits
path      : /afs/cern.ch/user/j/jiahua/proxy/x509up_u139833
timeleft  : 199:19:16
key usage : Digital Signature, Key Encipherment
=== VO cms extension information ===
VO        : cms
subject   : /DC=ch/DC=cern/OU=Organic Units/OU=Users/CN=jiahua/CN=851532/CN=Jiahua Chen
issuer    : /DC=ch/DC=cern/OU=computers/CN=cms-auth.cern.ch
attribute : /cms/Role=NULL/Capability=NULL
timeleft  : 191:19:15
uri       : voms-cms-auth.cern.ch:15000
subject   : /DC=ch/DC=cern/OU=Organic Units/OU=Users/CN=jiahua/CN=851532/CN=Jiahua Chen/CN=2045128514
issuer    : /DC=ch/DC=cern/OU=Organic Units/OU=Users/CN=jiahua/CN=851532/CN=Jiahua Chen
identity  : /DC=ch/DC=cern/OU=Organic Units/OU=Users/CN=jiahua/CN=851532/CN=Jiahua Chen
type      : RFC compliant proxy
strength  : 2048 bits
path      : /afs/cern.ch/user/j/jiahua/proxy/x509up_u139833
timeleft  : 199:19:16
key usage : Digital Signature, Key Encipherment
=== VO cms extension information ===
VO        : cms
subject   : /DC=ch/DC=cern/OU=Organic Units/OU=Users/CN=jiahua/CN=851532/CN=Jiahua Chen
issuer    : /DC=ch/DC=cern/OU=computers/CN=cms-auth.cern.ch
attribute : /cms/Role=NULL/Capability=NULL
timeleft  : 191:19:15
uri       : voms-cms-auth.cern.ch:15000
/eos/user/j/jiahua/MC_2023BPix_inc/MC_2023BPix_vbf/TTto2L2Nu_powheg_23BPix/7c20a281-4312-4db1-9f01-0dc46bc95e61.root
[2025-11-20 03:29:46.685] [main] [info] Checking input files
[2025-11-20 03:32:05.128] [main] [info] NanoAOD input_file 1: root://cms-xrd-global.cern.ch//store/mc/Run3Summer23BPixNanoAODv12/TTto2L2Nu_TuneCP5_13p6TeV_powheg-pythia8/NANOAODSIM/130X_mcRun3_2023_realistic_postBPix_v2-v3/70000/7c20a281-4312-4db1-9f01-0dc46bc95e61.root - 48000 Events
[2025-11-20 03:32:05.128] [main] [info] input_file 1: root://cms-xrd-global.cern.ch//store/mc/Run3Summer23BPixNanoAODv12/TTto2L2Nu_TuneCP5_13p6TeV_powheg-pythia8/NANOAODSIM/130X_mcRun3_2023_realistic_postBPix_v2-v3/70000/7c20a281-4312-4db1-9f01-0dc46bc95e61.root - SumOfGenWeight: 3859896.8088000007 
[2025-11-20 03:32:05.128] [main] [info] Output directory: /eos/user/j/jiahua/MC_2023BPix_inc/MC_2023BPix_vbf/TTto2L2Nu_powheg_23BPix/7c20a281-4312-4db1-9f01-0dc46bc95e61.root
[2025-11-20 03:32:05.130] [main] [info] Starting Setup of Dataframe with 48000 events
[2025-11-20 03:34:01.728] [main] [info] Finished Setup
[2025-11-20 03:34:01.728] [main] [info] Runtime for setup (real time: 116.60, CPU time: 108.63)
[2025-11-20 03:34:01.728] [main] [info] Starting Evaluation
[2025-11-20 03:35:18.971] [main] [info] 10000 / 48000 (20.83 %) Events processed ...
[2025-11-20 03:35:56.622] [main] [info] 20000 / 48000 (41.67 %) Events processed ...
[2025-11-20 03:36:41.821] [main] [info] 30000 / 48000 (62.50 %) Events processed ...
[2025-11-20 03:37:30.253] [main] [info] 40000 / 48000 (83.33 %) Events processed ...
[2025-11-20 03:38:01.095] [main] [info] vbfhmm:
GoodJetsCollection: pass=44974      all=48000      -- eff=93.70 % cumulative eff=93.70 %
Flag_goodVertices: pass=44974      all=44974      -- eff=100.00 % cumulative eff=93.70 %
Flag_globalSuperTightHalo2016Filter: pass=44966      all=44974      -- eff=99.98 % cumulative eff=93.68 %
Flag_EcalDeadCellTriggerPrimitiveFilter: pass=44961      all=44966      -- eff=99.99 % cumulative eff=93.67 %
Flag_BadPFMuonFilter: pass=44956      all=44961      -- eff=99.99 % cumulative eff=93.66 %
Flag_BadPFMuonDzFilter: pass=44955      all=44956      -- eff=100.00 % cumulative eff=93.66 %
Flag_eeBadScFilter: pass=44955      all=44955      -- eff=100.00 % cumulative eff=93.66 %
Flag_ecalBadCalibFilter: pass=44952      all=44955      -- eff=99.99 % cumulative eff=93.65 %
Flag_hfNoisyHitsFilter: pass=44951      all=44952      -- eff=100.00 % cumulative eff=93.65 %
Number of muons 2: pass=3017       all=44951      -- eff=6.71 % cumulative eff=6.29 %
Veto VH <= 0 electrons: pass=2965       all=3017       -- eff=98.28 % cumulative eff=6.18 %
DiMuon From Higgs: pass=1356       all=2965       -- eff=45.73 % cumulative eff=2.83 %
LeptonChargeSum: pass=1347       all=1356       -- eff=99.34 % cumulative eff=2.81 %
Hmass>=110: pass=737        all=1347       -- eff=54.71 % cumulative eff=1.54 %
[2025-11-20 03:38:01.339] [main] [info] Writing quantities map to /eos/user/j/jiahua/MC_2023BPix_inc/MC_2023BPix_vbf/TTto2L2Nu_powheg_23BPix/7c20a281-4312-4db1-9f01-0dc46bc95e61_vbfhmm.root
[2025-11-20 03:38:01.409] [main] [info] Finished Evaluation
[2025-11-20 03:38:01.409] [main] [info] Overall runtime (real time: 356.28, CPU time: 341.16)
