Starting job on \n
Running on: Linux b9g18p0307.cern.ch 5.14.0-570.44.1.el9_6.x86_64 #1 SMP PREEMPT_DYNAMIC Wed Sep 17 10:32:11 EDT 2025 x86_64 x86_64 x86_64 GNU/Linux\n
System software: AlmaLinux release 9.6 (Sage Margay)\n
Setting up CROWN for Alma Version 9.6
subject   : /DC=ch/DC=cern/OU=Organic Units/OU=Users/CN=jiahua/CN=851532/CN=Jiahua Chen/CN=2045128514
issuer    : /DC=ch/DC=cern/OU=Organic Units/OU=Users/CN=jiahua/CN=851532/CN=Jiahua Chen
identity  : /DC=ch/DC=cern/OU=Organic Units/OU=Users/CN=jiahua/CN=851532/CN=Jiahua Chen
type      : RFC compliant proxy
strength  : 2048 bits
path      : /afs/cern.ch/user/j/jiahua/proxy/x509up_u139833
timeleft  : 192:48:34
key usage : Digital Signature, Key Encipherment
=== VO cms extension information ===
VO        : cms
subject   : /DC=ch/DC=cern/OU=Organic Units/OU=Users/CN=jiahua/CN=851532/CN=Jiahua Chen
issuer    : /DC=ch/DC=cern/OU=computers/CN=cms-auth.cern.ch
attribute : /cms/Role=NULL/Capability=NULL
timeleft  : 184:48:33
uri       : voms-cms-auth.cern.ch:15000
subject   : /DC=ch/DC=cern/OU=Organic Units/OU=Users/CN=jiahua/CN=851532/CN=Jiahua Chen/CN=2045128514
issuer    : /DC=ch/DC=cern/OU=Organic Units/OU=Users/CN=jiahua/CN=851532/CN=Jiahua Chen
identity  : /DC=ch/DC=cern/OU=Organic Units/OU=Users/CN=jiahua/CN=851532/CN=Jiahua Chen
type      : RFC compliant proxy
strength  : 2048 bits
path      : /afs/cern.ch/user/j/jiahua/proxy/x509up_u139833
timeleft  : 192:48:34
key usage : Digital Signature, Key Encipherment
=== VO cms extension information ===
VO        : cms
subject   : /DC=ch/DC=cern/OU=Organic Units/OU=Users/CN=jiahua/CN=851532/CN=Jiahua Chen
issuer    : /DC=ch/DC=cern/OU=computers/CN=cms-auth.cern.ch
attribute : /cms/Role=NULL/Capability=NULL
timeleft  : 184:48:33
uri       : voms-cms-auth.cern.ch:15000
/eos/user/j/jiahua/MC_2023BPix_inc/MC_2023BPix_vbf/TWminusto2L2Nu_powheg_23BPix/f98ca333-d149-4208-8e4f-c7a112bd56e1.root
[2025-11-20 10:00:09.616] [main] [info] Checking input files
[2025-11-20 10:00:14.606] [main] [info] NanoAOD input_file 1: root://cms-xrd-global.cern.ch//store/mc/Run3Summer23BPixNanoAODv12/TWminusto2L2Nu_TuneCP5_13p6TeV_powheg-pythia8/NANOAODSIM/130X_mcRun3_2023_realistic_postBPix_v2-v3/2560000/f98ca333-d149-4208-8e4f-c7a112bd56e1.root - 168000 Events
[2025-11-20 10:00:14.606] [main] [info] input_file 1: root://cms-xrd-global.cern.ch//store/mc/Run3Summer23BPixNanoAODv12/TWminusto2L2Nu_TuneCP5_13p6TeV_powheg-pythia8/NANOAODSIM/130X_mcRun3_2023_realistic_postBPix_v2-v3/2560000/f98ca333-d149-4208-8e4f-c7a112bd56e1.root - SumOfGenWeight: 638188.2446799998 
[2025-11-20 10:00:14.606] [main] [info] Output directory: /eos/user/j/jiahua/MC_2023BPix_inc/MC_2023BPix_vbf/TWminusto2L2Nu_powheg_23BPix/f98ca333-d149-4208-8e4f-c7a112bd56e1.root
[2025-11-20 10:00:14.607] [main] [info] Starting Setup of Dataframe with 168000 events
[2025-11-20 10:01:47.116] [main] [info] Finished Setup
[2025-11-20 10:01:47.116] [main] [info] Runtime for setup (real time: 92.51, CPU time: 87.78)
[2025-11-20 10:01:47.116] [main] [info] Starting Evaluation
[2025-11-20 10:02:45.129] [main] [info] 10000 / 168000 (5.95 %) Events processed ...
[2025-11-20 10:03:23.278] [main] [info] 20000 / 168000 (11.90 %) Events processed ...
[2025-11-20 10:04:00.434] [main] [info] 30000 / 168000 (17.86 %) Events processed ...
[2025-11-20 10:04:42.436] [main] [info] 40000 / 168000 (23.81 %) Events processed ...
[2025-11-20 10:05:22.141] [main] [info] 50000 / 168000 (29.76 %) Events processed ...
[2025-11-20 10:06:01.342] [main] [info] 60000 / 168000 (35.71 %) Events processed ...
[2025-11-20 10:06:41.106] [main] [info] 70000 / 168000 (41.67 %) Events processed ...
[2025-11-20 10:07:20.251] [main] [info] 80000 / 168000 (47.62 %) Events processed ...
[2025-11-20 10:07:58.005] [main] [info] 90000 / 168000 (53.57 %) Events processed ...
[2025-11-20 10:08:38.598] [main] [info] 100000 / 168000 (59.52 %) Events processed ...
[2025-11-20 10:09:17.352] [main] [info] 110000 / 168000 (65.48 %) Events processed ...
[2025-11-20 10:09:51.685] [main] [info] 120000 / 168000 (71.43 %) Events processed ...
[2025-11-20 10:10:28.752] [main] [info] 130000 / 168000 (77.38 %) Events processed ...
[2025-11-20 10:11:05.799] [main] [info] 140000 / 168000 (83.33 %) Events processed ...
[2025-11-20 10:11:43.290] [main] [info] 150000 / 168000 (89.29 %) Events processed ...
[2025-11-20 10:12:21.383] [main] [info] 160000 / 168000 (95.24 %) Events processed ...
[2025-11-20 10:12:51.129] [main] [info] vbfhmm:
GoodJetsCollection: pass=156083     all=168000     -- eff=92.91 % cumulative eff=92.91 %
Flag_goodVertices: pass=156083     all=156083     -- eff=100.00 % cumulative eff=92.91 %
Flag_globalSuperTightHalo2016Filter: pass=156056     all=156083     -- eff=99.98 % cumulative eff=92.89 %
Flag_EcalDeadCellTriggerPrimitiveFilter: pass=156039     all=156056     -- eff=99.99 % cumulative eff=92.88 %
Flag_BadPFMuonFilter: pass=156028     all=156039     -- eff=99.99 % cumulative eff=92.87 %
Flag_BadPFMuonDzFilter: pass=156021     all=156028     -- eff=100.00 % cumulative eff=92.87 %
Flag_eeBadScFilter: pass=156021     all=156021     -- eff=100.00 % cumulative eff=92.87 %
Flag_ecalBadCalibFilter: pass=155996     all=156021     -- eff=99.98 % cumulative eff=92.85 %
Flag_hfNoisyHitsFilter: pass=155992     all=155996     -- eff=100.00 % cumulative eff=92.85 %
Number of muons 2: pass=10741      all=155992     -- eff=6.89 % cumulative eff=6.39 %
Veto VH <= 0 electrons: pass=10626      all=10741      -- eff=98.93 % cumulative eff=6.32 %
DiMuon From Higgs: pass=4926       all=10626      -- eff=46.36 % cumulative eff=2.93 %
LeptonChargeSum: pass=4909       all=4926       -- eff=99.65 % cumulative eff=2.92 %
Hmass>=110: pass=2709       all=4909       -- eff=55.18 % cumulative eff=1.61 %
[2025-11-20 10:12:51.555] [main] [info] Writing quantities map to /eos/user/j/jiahua/MC_2023BPix_inc/MC_2023BPix_vbf/TWminusto2L2Nu_powheg_23BPix/f98ca333-d149-4208-8e4f-c7a112bd56e1_vbfhmm.root
[2025-11-20 10:12:51.774] [main] [info] Finished Evaluation
[2025-11-20 10:12:51.774] [main] [info] Overall runtime (real time: 757.17, CPU time: 735.48)
