Starting job on \n
Running on: Linux b9p21p7125.cern.ch 5.14.0-570.44.1.el9_6.x86_64 #1 SMP PREEMPT_DYNAMIC Tue Sep 9 05:17:30 EDT 2025 x86_64 x86_64 x86_64 GNU/Linux\n
System software: Red Hat Enterprise Linux release 9.7 (Plow)\n
Setting up CROWN for RedHatEnterprise Version 9.7
subject   : /DC=ch/DC=cern/OU=Organic Units/OU=Users/CN=jiahua/CN=851532/CN=Jiahua Chen/CN=2045128514
issuer    : /DC=ch/DC=cern/OU=Organic Units/OU=Users/CN=jiahua/CN=851532/CN=Jiahua Chen
identity  : /DC=ch/DC=cern/OU=Organic Units/OU=Users/CN=jiahua/CN=851532/CN=Jiahua Chen
type      : RFC compliant proxy
strength  : 2048 bits
path      : /afs/cern.ch/user/j/jiahua/proxy/x509up_u139833
timeleft  : 192:12:43
key usage : Digital Signature, Key Encipherment
=== VO cms extension information ===
VO        : cms
subject   : /DC=ch/DC=cern/OU=Organic Units/OU=Users/CN=jiahua/CN=851532/CN=Jiahua Chen
issuer    : /DC=ch/DC=cern/OU=computers/CN=cms-auth.cern.ch
attribute : /cms/Role=NULL/Capability=NULL
timeleft  : 184:12:42
uri       : voms-cms-auth.cern.ch:15000
subject   : /DC=ch/DC=cern/OU=Organic Units/OU=Users/CN=jiahua/CN=851532/CN=Jiahua Chen/CN=2045128514
issuer    : /DC=ch/DC=cern/OU=Organic Units/OU=Users/CN=jiahua/CN=851532/CN=Jiahua Chen
identity  : /DC=ch/DC=cern/OU=Organic Units/OU=Users/CN=jiahua/CN=851532/CN=Jiahua Chen
type      : RFC compliant proxy
strength  : 2048 bits
path      : /afs/cern.ch/user/j/jiahua/proxy/x509up_u139833
timeleft  : 192:12:43
key usage : Digital Signature, Key Encipherment
=== VO cms extension information ===
VO        : cms
subject   : /DC=ch/DC=cern/OU=Organic Units/OU=Users/CN=jiahua/CN=851532/CN=Jiahua Chen
issuer    : /DC=ch/DC=cern/OU=computers/CN=cms-auth.cern.ch
attribute : /cms/Role=NULL/Capability=NULL
timeleft  : 184:12:42
uri       : voms-cms-auth.cern.ch:15000
/eos/user/j/jiahua/MC_2023BPix_inc/MC_2023BPix_vbf/TWminusto2L2Nu_powheg_23BPix/ecf5c62d-e604-44e3-81c8-b8529343a4bc.root
[2025-11-20 10:36:00.993] [main] [info] Checking input files
[2025-11-20 10:36:06.052] [main] [info] NanoAOD input_file 1: root://cms-xrd-global.cern.ch//store/mc/Run3Summer23BPixNanoAODv12/TWminusto2L2Nu_TuneCP5_13p6TeV_powheg-pythia8/NANOAODSIM/130X_mcRun3_2023_realistic_postBPix_v2-v3/2560000/ecf5c62d-e604-44e3-81c8-b8529343a4bc.root - 81000 Events
[2025-11-20 10:36:06.053] [main] [info] input_file 1: root://cms-xrd-global.cern.ch//store/mc/Run3Summer23BPixNanoAODv12/TWminusto2L2Nu_TuneCP5_13p6TeV_powheg-pythia8/NANOAODSIM/130X_mcRun3_2023_realistic_postBPix_v2-v3/2560000/ecf5c62d-e604-44e3-81c8-b8529343a4bc.root - SumOfGenWeight: 307705.2299999999 
[2025-11-20 10:36:06.053] [main] [info] Output directory: /eos/user/j/jiahua/MC_2023BPix_inc/MC_2023BPix_vbf/TWminusto2L2Nu_powheg_23BPix/ecf5c62d-e604-44e3-81c8-b8529343a4bc.root
[2025-11-20 10:36:06.055] [main] [info] Starting Setup of Dataframe with 81000 events
[2025-11-20 10:37:06.771] [main] [info] Finished Setup
[2025-11-20 10:37:06.771] [main] [info] Runtime for setup (real time: 60.72, CPU time: 55.94)
[2025-11-20 10:37:06.771] [main] [info] Starting Evaluation
[2025-11-20 10:37:50.097] [main] [info] 10000 / 81000 (12.35 %) Events processed ...
[2025-11-20 10:38:14.016] [main] [info] 20000 / 81000 (24.69 %) Events processed ...
[2025-11-20 10:38:38.683] [main] [info] 30000 / 81000 (37.04 %) Events processed ...
[2025-11-20 10:39:07.058] [main] [info] 40000 / 81000 (49.38 %) Events processed ...
[2025-11-20 10:39:31.930] [main] [info] 50000 / 81000 (61.73 %) Events processed ...
[2025-11-20 10:39:57.556] [main] [info] 60000 / 81000 (74.07 %) Events processed ...
[2025-11-20 10:40:22.139] [main] [info] 70000 / 81000 (86.42 %) Events processed ...
[2025-11-20 10:40:47.162] [main] [info] 80000 / 81000 (98.77 %) Events processed ...
[2025-11-20 10:40:50.029] [main] [info] vbfhmm:
GoodJetsCollection: pass=75269      all=81000      -- eff=92.92 % cumulative eff=92.92 %
Flag_goodVertices: pass=75269      all=75269      -- eff=100.00 % cumulative eff=92.92 %
Flag_globalSuperTightHalo2016Filter: pass=75257      all=75269      -- eff=99.98 % cumulative eff=92.91 %
Flag_EcalDeadCellTriggerPrimitiveFilter: pass=75243      all=75257      -- eff=99.98 % cumulative eff=92.89 %
Flag_BadPFMuonFilter: pass=75234      all=75243      -- eff=99.99 % cumulative eff=92.88 %
Flag_BadPFMuonDzFilter: pass=75233      all=75234      -- eff=100.00 % cumulative eff=92.88 %
Flag_eeBadScFilter: pass=75233      all=75233      -- eff=100.00 % cumulative eff=92.88 %
Flag_ecalBadCalibFilter: pass=75227      all=75233      -- eff=99.99 % cumulative eff=92.87 %
Flag_hfNoisyHitsFilter: pass=75226      all=75227      -- eff=100.00 % cumulative eff=92.87 %
Number of muons 2: pass=5185       all=75226      -- eff=6.89 % cumulative eff=6.40 %
Veto VH <= 0 electrons: pass=5130       all=5185       -- eff=98.94 % cumulative eff=6.33 %
DiMuon From Higgs: pass=2346       all=5130       -- eff=45.73 % cumulative eff=2.90 %
LeptonChargeSum: pass=2334       all=2346       -- eff=99.49 % cumulative eff=2.88 %
Hmass>=110: pass=1278       all=2334       -- eff=54.76 % cumulative eff=1.58 %
[2025-11-20 10:40:50.540] [main] [info] Writing quantities map to /eos/user/j/jiahua/MC_2023BPix_inc/MC_2023BPix_vbf/TWminusto2L2Nu_powheg_23BPix/ecf5c62d-e604-44e3-81c8-b8529343a4bc_vbfhmm.root
[2025-11-20 10:40:50.611] [main] [info] Finished Evaluation
[2025-11-20 10:40:50.612] [main] [info] Overall runtime (real time: 284.56, CPU time: 271.99)
