000 (13047754.025.000) 11/20 09:17:01 Job submitted from host: <188.185.121.235:9618?addrs=188.185.121.235-9618+[2001-1458-d00-49--100-36e]-9618&alias=bigbird22.cern.ch&noUDP&sock=schedd_232129_c3ca>
...
040 (13047754.025.000) 11/20 09:53:25 Started transferring input files
	Transferring to host: <188.185.208.220:9618?addrs=188.185.208.220-9618+[2001-1458-303-10--100-59]-9618&alias=b9p10p6632.cern.ch&noUDP&sock=slot1_21_4528_22b1_56972>
...
040 (13047754.025.000) 11/20 09:53:25 Finished transferring input files
...
001 (13047754.025.000) 11/20 09:53:26 Job executing on host: <188.185.208.220:9618?addrs=188.185.208.220-9618+[2001-1458-303-10--100-59]-9618&alias=b9p10p6632.cern.ch&noUDP&sock=startd_3724_eec7>
	SlotName: slot1_21@b9p10p6632.cern.ch
	CondorScratchDir = "/pool/condor/dir_4047737"
	Cpus = 1
	Disk = 15911
	GPUs = 0
	Memory = 3000
...
006 (13047754.025.000) 11/20 09:53:40 Image size of job updated: 152932
	150  -  MemoryUsage of job (MB)
	152932  -  ResidentSetSize of job (KB)
...
006 (13047754.025.000) 11/20 09:58:41 Image size of job updated: 822180
	803  -  MemoryUsage of job (MB)
	822180  -  ResidentSetSize of job (KB)
...
006 (13047754.025.000) 11/20 10:00:06 Image size of job updated: 822188
	803  -  MemoryUsage of job (MB)
	822180  -  ResidentSetSize of job (KB)
...
040 (13047754.025.000) 11/20 10:00:06 Started transferring output files
...
040 (13047754.025.000) 11/20 10:00:06 Finished transferring output files
...
005 (13047754.025.000) 11/20 10:00:06 Job terminated.
	(1) Normal termination (return value 0)
		Usr 0 00:06:05, Sys 0 00:00:05  -  Run Remote Usage
		Usr 0 00:00:00, Sys 0 00:00:00  -  Run Local Usage
		Usr 0 00:06:05, Sys 0 00:00:05  -  Total Remote Usage
		Usr 0 00:00:00, Sys 0 00:00:00  -  Total Local Usage
	10828  -  Run Bytes Sent By Job
	11622950  -  Run Bytes Received By Job
	10828  -  Total Bytes Sent By Job
	11622950  -  Total Bytes Received By Job
	Partitionable Resources :    Usage  Request Allocated 
	   Cpus                 :     0.98        1         1 
	   Disk (KB)            : 11388       12500     15911 
	   GPUs                 :                           0 
	   Memory (MB)          :   803        3000      3000 
	   TimeExecute (s)      :   400                       
	   TimeSlotBusy (s)     :   401                       

	Job terminated of its own accord at 2025-11-20T09:00:06Z with exit-code 0.
...
