000 (13047754.020.000) 11/20 09:17:01 Job submitted from host: <188.185.121.235:9618?addrs=188.185.121.235-9618+[2001-1458-d00-49--100-36e]-9618&alias=bigbird22.cern.ch&noUDP&sock=schedd_232129_c3ca>
...
040 (13047754.020.000) 11/20 09:53:23 Started transferring input files
	Transferring to host: <188.185.192.161:9618?addrs=188.185.192.161-9618+[2001-1458-303-1f--100-9d]-9618&alias=b9p13p1398.cern.ch&noUDP&sock=slot1_35_7366_c365_60036>
...
040 (13047754.020.000) 11/20 09:53:23 Finished transferring input files
...
001 (13047754.020.000) 11/20 09:53:24 Job executing on host: <188.185.192.161:9618?addrs=188.185.192.161-9618+[2001-1458-303-1f--100-9d]-9618&alias=b9p13p1398.cern.ch&noUDP&sock=startd_5901_2c74>
	SlotName: slot1_35@b9p13p1398.cern.ch
	CondorScratchDir = "/pool/condor/dir_1150333"
	Cpus = 1
	Disk = 16218
	GPUs = 0
	Memory = 3000
...
006 (13047754.020.000) 11/20 09:53:38 Image size of job updated: 98644
	97  -  MemoryUsage of job (MB)
	98644  -  ResidentSetSize of job (KB)
...
006 (13047754.020.000) 11/20 09:55:28 Image size of job updated: 711340
	97  -  MemoryUsage of job (MB)
	98644  -  ResidentSetSize of job (KB)
...
040 (13047754.020.000) 11/20 09:55:28 Started transferring output files
...
040 (13047754.020.000) 11/20 09:55:28 Finished transferring output files
...
005 (13047754.020.000) 11/20 09:55:34 Job terminated.
	(1) Normal termination (return value 0)
		Usr 0 00:01:48, Sys 0 00:00:02  -  Run Remote Usage
		Usr 0 00:00:00, Sys 0 00:00:00  -  Run Local Usage
		Usr 0 00:01:48, Sys 0 00:00:02  -  Total Remote Usage
		Usr 0 00:00:00, Sys 0 00:00:00  -  Total Local Usage
	9792  -  Run Bytes Sent By Job
	11622950  -  Run Bytes Received By Job
	9792  -  Total Bytes Sent By Job
	11622950  -  Total Bytes Received By Job
	Partitionable Resources :    Usage  Request Allocated 
	   Cpus                 :        0        1         1 
	   Disk (KB)            :    11384    12500     16218 
	   GPUs                 :                           0 
	   Memory (MB)          :       97     3000      3000 
	   TimeExecute (s)      :      124                    
	   TimeSlotBusy (s)     :      125                    

	Job terminated of its own accord at 2025-11-20T08:55:28Z with exit-code 0.
...
