Starting job on \n
Running on: Linux b9p09p8149.cern.ch 5.14.0-570.42.2.el9_6.x86_64 #1 SMP PREEMPT_DYNAMIC Mon Sep 8 12:15:13 EDT 2025 x86_64 x86_64 x86_64 GNU/Linux\n
System software: Red Hat Enterprise Linux release 9.7 (Plow)\n
Setting up CROWN for RedHatEnterprise Version 9.7
subject   : /DC=ch/DC=cern/OU=Organic Units/OU=Users/CN=jiahua/CN=851532/CN=Jiahua Chen/CN=2045128514
issuer    : /DC=ch/DC=cern/OU=Organic Units/OU=Users/CN=jiahua/CN=851532/CN=Jiahua Chen
identity  : /DC=ch/DC=cern/OU=Organic Units/OU=Users/CN=jiahua/CN=851532/CN=Jiahua Chen
type      : RFC compliant proxy
strength  : 2048 bits
path      : /afs/cern.ch/user/j/jiahua/proxy/x509up_u139833
timeleft  : 199:20:45
key usage : Digital Signature, Key Encipherment
=== VO cms extension information ===
VO        : cms
subject   : /DC=ch/DC=cern/OU=Organic Units/OU=Users/CN=jiahua/CN=851532/CN=Jiahua Chen
issuer    : /DC=ch/DC=cern/OU=computers/CN=cms-auth.cern.ch
attribute : /cms/Role=NULL/Capability=NULL
timeleft  : 191:20:44
uri       : voms-cms-auth.cern.ch:15000
subject   : /DC=ch/DC=cern/OU=Organic Units/OU=Users/CN=jiahua/CN=851532/CN=Jiahua Chen/CN=2045128514
issuer    : /DC=ch/DC=cern/OU=Organic Units/OU=Users/CN=jiahua/CN=851532/CN=Jiahua Chen
identity  : /DC=ch/DC=cern/OU=Organic Units/OU=Users/CN=jiahua/CN=851532/CN=Jiahua Chen
type      : RFC compliant proxy
strength  : 2048 bits
path      : /afs/cern.ch/user/j/jiahua/proxy/x509up_u139833
timeleft  : 199:20:45
key usage : Digital Signature, Key Encipherment
=== VO cms extension information ===
VO        : cms
subject   : /DC=ch/DC=cern/OU=Organic Units/OU=Users/CN=jiahua/CN=851532/CN=Jiahua Chen
issuer    : /DC=ch/DC=cern/OU=computers/CN=cms-auth.cern.ch
attribute : /cms/Role=NULL/Capability=NULL
timeleft  : 191:20:44
uri       : voms-cms-auth.cern.ch:15000
/eos/user/j/jiahua/MC_2023BPix_inc/MC_2023BPix_vbf/VBFHto2Mu_M-125_powheg_23BPix/351a4bae-695d-4ec6-88b8-76a2eb3b326c.root
[2025-11-20 03:27:58.217] [main] [info] Checking input files
[2025-11-20 03:28:01.585] [main] [info] NanoAOD input_file 1: root://cms-xrd-global.cern.ch//store/mc/Run3Summer23BPixNanoAODv12/VBFHto2Mu_M-125_TuneCP5_13p6TeV_powheg-pythia8/NANOAODSIM/130X_mcRun3_2023_realistic_postBPix_v6-v2/2820000/351a4bae-695d-4ec6-88b8-76a2eb3b326c.root - 6000 Events
[2025-11-20 03:28:01.585] [main] [info] input_file 1: root://cms-xrd-global.cern.ch//store/mc/Run3Summer23BPixNanoAODv12/VBFHto2Mu_M-125_TuneCP5_13p6TeV_powheg-pythia8/NANOAODSIM/130X_mcRun3_2023_realistic_postBPix_v6-v2/2820000/351a4bae-695d-4ec6-88b8-76a2eb3b326c.root - SumOfGenWeight: 25088.822960000005 
[2025-11-20 03:28:01.585] [main] [info] Output directory: /eos/user/j/jiahua/MC_2023BPix_inc/MC_2023BPix_vbf/VBFHto2Mu_M-125_powheg_23BPix/351a4bae-695d-4ec6-88b8-76a2eb3b326c.root
[2025-11-20 03:28:01.586] [main] [info] Starting Setup of Dataframe with 6000 events
[2025-11-20 03:28:42.007] [main] [info] Finished Setup
[2025-11-20 03:28:42.007] [main] [info] Runtime for setup (real time: 40.42, CPU time: 36.67)
[2025-11-20 03:28:42.007] [main] [info] Starting Evaluation
[2025-11-20 03:29:03.669] [main] [info] vbfhmm:
GoodJetsCollection: pass=5437       all=6000       -- eff=90.62 % cumulative eff=90.62 %
Flag_goodVertices: pass=5437       all=5437       -- eff=100.00 % cumulative eff=90.62 %
Flag_globalSuperTightHalo2016Filter: pass=5436       all=5437       -- eff=99.98 % cumulative eff=90.60 %
Flag_EcalDeadCellTriggerPrimitiveFilter: pass=5436       all=5436       -- eff=100.00 % cumulative eff=90.60 %
Flag_BadPFMuonFilter: pass=5436       all=5436       -- eff=100.00 % cumulative eff=90.60 %
Flag_BadPFMuonDzFilter: pass=5435       all=5436       -- eff=99.98 % cumulative eff=90.58 %
Flag_eeBadScFilter: pass=5435       all=5435       -- eff=100.00 % cumulative eff=90.58 %
Flag_ecalBadCalibFilter: pass=5435       all=5435       -- eff=100.00 % cumulative eff=90.58 %
Flag_hfNoisyHitsFilter: pass=5435       all=5435       -- eff=100.00 % cumulative eff=90.58 %
Number of muons 2: pass=3456       all=5435       -- eff=63.59 % cumulative eff=57.60 %
Veto VH <= 0 electrons: pass=3454       all=3456       -- eff=99.94 % cumulative eff=57.57 %
DiMuon From Higgs: pass=3447       all=3454       -- eff=99.80 % cumulative eff=57.45 %
LeptonChargeSum: pass=3447       all=3447       -- eff=100.00 % cumulative eff=57.45 %
Hmass>=110: pass=3408       all=3447       -- eff=98.87 % cumulative eff=56.80 %
[2025-11-20 03:29:03.833] [main] [info] Writing quantities map to /eos/user/j/jiahua/MC_2023BPix_inc/MC_2023BPix_vbf/VBFHto2Mu_M-125_powheg_23BPix/351a4bae-695d-4ec6-88b8-76a2eb3b326c_vbfhmm.root
[2025-11-20 03:29:04.007] [main] [info] Finished Evaluation
[2025-11-20 03:29:04.007] [main] [info] Overall runtime (real time: 62.42, CPU time: 56.65)
