000 (13047309.057.000) 11/20 02:52:27 Job submitted from host: <188.185.121.235:9618?addrs=188.185.121.235-9618+[2001-1458-d00-49--100-36e]-9618&alias=bigbird22.cern.ch&noUDP&sock=schedd_232129_c3ca>
...
040 (13047309.057.000) 11/20 03:29:05 Started transferring input files
	Transferring to host: <188.185.211.28:9618?addrs=188.185.211.28-9618+[2001-1458-303-16--100-18]-9618&alias=b9p23p1756.cern.ch&noUDP&sock=slot1_1_3962_565a_64703>
...
040 (13047309.057.000) 11/20 03:29:05 Finished transferring input files
...
001 (13047309.057.000) 11/20 03:29:06 Job executing on host: <188.185.211.28:9618?addrs=188.185.211.28-9618+[2001-1458-303-16--100-18]-9618&alias=b9p23p1756.cern.ch&noUDP&sock=startd_3380_fa32>
	SlotName: slot1_1@b9p23p1756.cern.ch
	CondorScratchDir = "/pool/condor/dir_815733"
	Cpus = 1
	Disk = 16183
	GPUs = 0
	Memory = 3000
...
006 (13047309.057.000) 11/20 03:29:19 Image size of job updated: 149916
	147  -  MemoryUsage of job (MB)
	149916  -  ResidentSetSize of job (KB)
...
006 (13047309.057.000) 11/20 03:30:40 Image size of job updated: 712424
	147  -  MemoryUsage of job (MB)
	149916  -  ResidentSetSize of job (KB)
...
040 (13047309.057.000) 11/20 03:30:40 Started transferring output files
...
040 (13047309.057.000) 11/20 03:30:40 Finished transferring output files
...
005 (13047309.057.000) 11/20 03:30:40 Job terminated.
	(1) Normal termination (return value 0)
		Usr 0 00:01:15, Sys 0 00:00:02  -  Run Remote Usage
		Usr 0 00:00:00, Sys 0 00:00:00  -  Run Local Usage
		Usr 0 00:01:15, Sys 0 00:00:02  -  Total Remote Usage
		Usr 0 00:00:00, Sys 0 00:00:00  -  Total Local Usage
	9756  -  Run Bytes Sent By Job
	11618982  -  Run Bytes Received By Job
	9756  -  Total Bytes Sent By Job
	11618982  -  Total Bytes Received By Job
	Partitionable Resources :    Usage  Request Allocated 
	   Cpus                 :     0.08        1         1 
	   Disk (KB)            : 11380       12500     16183 
	   GPUs                 :                           0 
	   Memory (MB)          :   147        3000      3000 
	   TimeExecute (s)      :    94                       
	   TimeSlotBusy (s)     :    95                       

	Job terminated of its own accord at 2025-11-20T02:30:40Z with exit-code 0.
...
