000 (13047756.062.000) 11/20 09:17:03 Job submitted from host: <188.185.121.235:9618?addrs=188.185.121.235-9618+[2001-1458-d00-49--100-36e]-9618&alias=bigbird22.cern.ch&noUDP&sock=schedd_232129_c3ca>
...
040 (13047756.062.000) 11/20 09:54:48 Started transferring input files
	Transferring to host: <188.185.214.158:9618?addrs=188.185.214.158-9618+[2001-1458-303-1d--100-1a]-9618&alias=b9p30p2789.cern.ch&noUDP&sock=slot1_27_4370_cf6b_63111>
...
040 (13047756.062.000) 11/20 09:54:48 Finished transferring input files
...
001 (13047756.062.000) 11/20 09:54:49 Job executing on host: <188.185.214.158:9618?addrs=188.185.214.158-9618+[2001-1458-303-1d--100-1a]-9618&alias=b9p30p2789.cern.ch&noUDP&sock=startd_3727_fd8f>
	SlotName: slot1_27@b9p30p2789.cern.ch
	CondorScratchDir = "/pool/condor/dir_420048"
	Cpus = 1
	Disk = 16078
	GPUs = 0
	Memory = 3000
...
006 (13047756.062.000) 11/20 09:55:02 Image size of job updated: 108556
	107  -  MemoryUsage of job (MB)
	108556  -  ResidentSetSize of job (KB)
...
006 (13047756.062.000) 11/20 10:00:02 Image size of job updated: 720148
	704  -  MemoryUsage of job (MB)
	720148  -  ResidentSetSize of job (KB)
...
006 (13047756.062.000) 11/20 10:04:22 Image size of job updated: 720876
	704  -  MemoryUsage of job (MB)
	720148  -  ResidentSetSize of job (KB)
...
040 (13047756.062.000) 11/20 10:04:26 Started transferring output files
...
040 (13047756.062.000) 11/20 10:04:29 Finished transferring output files
...
005 (13047756.062.000) 11/20 10:04:41 Job terminated.
	(1) Normal termination (return value 0)
		Usr 0 00:08:47, Sys 0 00:00:07  -  Run Remote Usage
		Usr 0 00:00:00, Sys 0 00:00:00  -  Run Local Usage
		Usr 0 00:08:47, Sys 0 00:00:07  -  Total Remote Usage
		Usr 0 00:00:00, Sys 0 00:00:00  -  Total Local Usage
	11921  -  Run Bytes Sent By Job
	11622950  -  Run Bytes Received By Job
	11921  -  Total Bytes Sent By Job
	11622950  -  Total Bytes Received By Job
	Partitionable Resources :    Usage  Request Allocated 
	   Cpus                 :     0.98        1         1 
	   Disk (KB)            : 11387       12500     16078 
	   GPUs                 :                           0 
	   Memory (MB)          :   704        3000      3000 
	   TimeExecute (s)      :   573                       
	   TimeSlotBusy (s)     :   585                       

	Job terminated of its own accord at 2025-11-20T09:04:22Z with exit-code 0.
...
