Starting job on \n
Running on: Linux b9p30p2177.cern.ch 5.14.0-570.44.1.el9_6.x86_64 #1 SMP PREEMPT_DYNAMIC Tue Sep 9 05:17:30 EDT 2025 x86_64 x86_64 x86_64 GNU/Linux\n
System software: Red Hat Enterprise Linux release 9.7 (Plow)\n
Setting up CROWN for RedHatEnterprise Version 9.7
subject   : /DC=ch/DC=cern/OU=Organic Units/OU=Users/CN=jiahua/CN=851532/CN=Jiahua Chen/CN=2045128514
issuer    : /DC=ch/DC=cern/OU=Organic Units/OU=Users/CN=jiahua/CN=851532/CN=Jiahua Chen
identity  : /DC=ch/DC=cern/OU=Organic Units/OU=Users/CN=jiahua/CN=851532/CN=Jiahua Chen
type      : RFC compliant proxy
strength  : 2048 bits
path      : /afs/cern.ch/user/j/jiahua/proxy/x509up_u139833
timeleft  : 192:53:48
key usage : Digital Signature, Key Encipherment
=== VO cms extension information ===
VO        : cms
subject   : /DC=ch/DC=cern/OU=Organic Units/OU=Users/CN=jiahua/CN=851532/CN=Jiahua Chen
issuer    : /DC=ch/DC=cern/OU=computers/CN=cms-auth.cern.ch
attribute : /cms/Role=NULL/Capability=NULL
timeleft  : 184:53:47
uri       : voms-cms-auth.cern.ch:15000
subject   : /DC=ch/DC=cern/OU=Organic Units/OU=Users/CN=jiahua/CN=851532/CN=Jiahua Chen/CN=2045128514
issuer    : /DC=ch/DC=cern/OU=Organic Units/OU=Users/CN=jiahua/CN=851532/CN=Jiahua Chen
identity  : /DC=ch/DC=cern/OU=Organic Units/OU=Users/CN=jiahua/CN=851532/CN=Jiahua Chen
type      : RFC compliant proxy
strength  : 2048 bits
path      : /afs/cern.ch/user/j/jiahua/proxy/x509up_u139833
timeleft  : 192:53:48
key usage : Digital Signature, Key Encipherment
=== VO cms extension information ===
VO        : cms
subject   : /DC=ch/DC=cern/OU=Organic Units/OU=Users/CN=jiahua/CN=851532/CN=Jiahua Chen
issuer    : /DC=ch/DC=cern/OU=computers/CN=cms-auth.cern.ch
attribute : /cms/Role=NULL/Capability=NULL
timeleft  : 184:53:47
uri       : voms-cms-auth.cern.ch:15000
/eos/user/j/jiahua/MC_2023BPix_inc/MC_2023BPix_vbf/WWto2L2Nu_powheg_23BPix/ddd6b2a5-3ccf-42b3-85fd-e74f6f8b5ab3.root
[2025-11-20 09:54:55.157] [main] [info] Checking input files
[2025-11-20 09:54:59.408] [main] [info] NanoAOD input_file 1: root://cms-xrd-global.cern.ch//store/mc/Run3Summer23BPixNanoAODv12/WWto2L2Nu_TuneCP5_13p6TeV_powheg-pythia8/NANOAODSIM/130X_mcRun3_2023_realistic_postBPix_v2-v3/2560000/ddd6b2a5-3ccf-42b3-85fd-e74f6f8b5ab3.root - 9000 Events
[2025-11-20 09:54:59.408] [main] [info] input_file 1: root://cms-xrd-global.cern.ch//store/mc/Run3Summer23BPixNanoAODv12/WWto2L2Nu_TuneCP5_13p6TeV_powheg-pythia8/NANOAODSIM/130X_mcRun3_2023_realistic_postBPix_v2-v3/2560000/ddd6b2a5-3ccf-42b3-85fd-e74f6f8b5ab3.root - SumOfGenWeight: 106123.5 
[2025-11-20 09:54:59.408] [main] [info] Output directory: /eos/user/j/jiahua/MC_2023BPix_inc/MC_2023BPix_vbf/WWto2L2Nu_powheg_23BPix/ddd6b2a5-3ccf-42b3-85fd-e74f6f8b5ab3.root
[2025-11-20 09:54:59.410] [main] [info] Starting Setup of Dataframe with 9000 events
[2025-11-20 09:55:54.418] [main] [info] Finished Setup
[2025-11-20 09:55:54.418] [main] [info] Runtime for setup (real time: 55.01, CPU time: 51.35)
[2025-11-20 09:55:54.418] [main] [info] Starting Evaluation
[2025-11-20 09:56:26.637] [main] [info] vbfhmm:
GoodJetsCollection: pass=7185       all=9000       -- eff=79.83 % cumulative eff=79.83 %
Flag_goodVertices: pass=7185       all=7185       -- eff=100.00 % cumulative eff=79.83 %
Flag_globalSuperTightHalo2016Filter: pass=7185       all=7185       -- eff=100.00 % cumulative eff=79.83 %
Flag_EcalDeadCellTriggerPrimitiveFilter: pass=7184       all=7185       -- eff=99.99 % cumulative eff=79.82 %
Flag_BadPFMuonFilter: pass=7184       all=7184       -- eff=100.00 % cumulative eff=79.82 %
Flag_BadPFMuonDzFilter: pass=7184       all=7184       -- eff=100.00 % cumulative eff=79.82 %
Flag_eeBadScFilter: pass=7184       all=7184       -- eff=100.00 % cumulative eff=79.82 %
Flag_ecalBadCalibFilter: pass=7184       all=7184       -- eff=100.00 % cumulative eff=79.82 %
Flag_hfNoisyHitsFilter: pass=7184       all=7184       -- eff=100.00 % cumulative eff=79.82 %
Number of muons 2: pass=211        all=7184       -- eff=2.94 % cumulative eff=2.34 %
Veto VH <= 0 electrons: pass=211        all=211        -- eff=100.00 % cumulative eff=2.34 %
DiMuon From Higgs: pass=99         all=211        -- eff=46.92 % cumulative eff=1.10 %
LeptonChargeSum: pass=99         all=99         -- eff=100.00 % cumulative eff=1.10 %
Hmass>=110: pass=53         all=99         -- eff=53.54 % cumulative eff=0.59 %
[2025-11-20 09:56:26.805] [main] [info] Writing quantities map to /eos/user/j/jiahua/MC_2023BPix_inc/MC_2023BPix_vbf/WWto2L2Nu_powheg_23BPix/ddd6b2a5-3ccf-42b3-85fd-e74f6f8b5ab3_vbfhmm.root
[2025-11-20 09:56:26.885] [main] [info] Finished Evaluation
[2025-11-20 09:56:26.885] [main] [info] Overall runtime (real time: 87.48, CPU time: 81.97)
