Starting job on \n
Running on: Linux b9p24p5937.cern.ch 5.14.0-570.44.1.el9_6.x86_64 #1 SMP PREEMPT_DYNAMIC Tue Sep 9 05:17:30 EDT 2025 x86_64 x86_64 x86_64 GNU/Linux\n
System software: Red Hat Enterprise Linux release 9.7 (Plow)\n
Setting up CROWN for RedHatEnterprise Version 9.7
subject   : /DC=ch/DC=cern/OU=Organic Units/OU=Users/CN=jiahua/CN=851532/CN=Jiahua Chen/CN=2045128514
issuer    : /DC=ch/DC=cern/OU=Organic Units/OU=Users/CN=jiahua/CN=851532/CN=Jiahua Chen
identity  : /DC=ch/DC=cern/OU=Organic Units/OU=Users/CN=jiahua/CN=851532/CN=Jiahua Chen
type      : RFC compliant proxy
strength  : 2048 bits
path      : /afs/cern.ch/user/j/jiahua/proxy/x509up_u139833
timeleft  : 199:19:21
key usage : Digital Signature, Key Encipherment
=== VO cms extension information ===
VO        : cms
subject   : /DC=ch/DC=cern/OU=Organic Units/OU=Users/CN=jiahua/CN=851532/CN=Jiahua Chen
issuer    : /DC=ch/DC=cern/OU=computers/CN=cms-auth.cern.ch
attribute : /cms/Role=NULL/Capability=NULL
timeleft  : 191:19:20
uri       : voms-cms-auth.cern.ch:15000
subject   : /DC=ch/DC=cern/OU=Organic Units/OU=Users/CN=jiahua/CN=851532/CN=Jiahua Chen/CN=2045128514
issuer    : /DC=ch/DC=cern/OU=Organic Units/OU=Users/CN=jiahua/CN=851532/CN=Jiahua Chen
identity  : /DC=ch/DC=cern/OU=Organic Units/OU=Users/CN=jiahua/CN=851532/CN=Jiahua Chen
type      : RFC compliant proxy
strength  : 2048 bits
path      : /afs/cern.ch/user/j/jiahua/proxy/x509up_u139833
timeleft  : 199:19:21
key usage : Digital Signature, Key Encipherment
=== VO cms extension information ===
VO        : cms
subject   : /DC=ch/DC=cern/OU=Organic Units/OU=Users/CN=jiahua/CN=851532/CN=Jiahua Chen
issuer    : /DC=ch/DC=cern/OU=computers/CN=cms-auth.cern.ch
attribute : /cms/Role=NULL/Capability=NULL
timeleft  : 191:19:20
uri       : voms-cms-auth.cern.ch:15000
/eos/user/j/jiahua/MC_2023BPix_inc/MC_2023BPix_vbf/WWto2L2Nu_powheg_23BPix/6f0e7e46-2841-4fbb-b596-61a58d0e81f2.root
[2025-11-20 03:29:22.680] [main] [info] Checking input files
[2025-11-20 03:29:27.240] [main] [info] NanoAOD input_file 1: root://cms-xrd-global.cern.ch//store/mc/Run3Summer23BPixNanoAODv12/WWto2L2Nu_TuneCP5_13p6TeV_powheg-pythia8/NANOAODSIM/130X_mcRun3_2023_realistic_postBPix_v2-v3/2810000/6f0e7e46-2841-4fbb-b596-61a58d0e81f2.root - 36000 Events
[2025-11-20 03:29:27.240] [main] [info] input_file 1: root://cms-xrd-global.cern.ch//store/mc/Run3Summer23BPixNanoAODv12/WWto2L2Nu_TuneCP5_13p6TeV_powheg-pythia8/NANOAODSIM/130X_mcRun3_2023_realistic_postBPix_v2-v3/2810000/6f0e7e46-2841-4fbb-b596-61a58d0e81f2.root - SumOfGenWeight: 424352.502 
[2025-11-20 03:29:27.240] [main] [info] Output directory: /eos/user/j/jiahua/MC_2023BPix_inc/MC_2023BPix_vbf/WWto2L2Nu_powheg_23BPix/6f0e7e46-2841-4fbb-b596-61a58d0e81f2.root
[2025-11-20 03:29:27.241] [main] [info] Starting Setup of Dataframe with 36000 events
[2025-11-20 03:30:23.498] [main] [info] Finished Setup
[2025-11-20 03:30:23.499] [main] [info] Runtime for setup (real time: 56.26, CPU time: 52.34)
[2025-11-20 03:30:23.499] [main] [info] Starting Evaluation
[2025-11-20 03:30:57.701] [main] [info] 10000 / 36000 (27.78 %) Events processed ...
[2025-11-20 03:31:14.438] [main] [info] 20000 / 36000 (55.56 %) Events processed ...
[2025-11-20 03:31:29.877] [main] [info] 30000 / 36000 (83.33 %) Events processed ...
[2025-11-20 03:31:40.872] [main] [info] vbfhmm:
GoodJetsCollection: pass=28937      all=36000      -- eff=80.38 % cumulative eff=80.38 %
Flag_goodVertices: pass=28937      all=28937      -- eff=100.00 % cumulative eff=80.38 %
Flag_globalSuperTightHalo2016Filter: pass=28932      all=28937      -- eff=99.98 % cumulative eff=80.37 %
Flag_EcalDeadCellTriggerPrimitiveFilter: pass=28930      all=28932      -- eff=99.99 % cumulative eff=80.36 %
Flag_BadPFMuonFilter: pass=28926      all=28930      -- eff=99.99 % cumulative eff=80.35 %
Flag_BadPFMuonDzFilter: pass=28924      all=28926      -- eff=99.99 % cumulative eff=80.34 %
Flag_eeBadScFilter: pass=28924      all=28924      -- eff=100.00 % cumulative eff=80.34 %
Flag_ecalBadCalibFilter: pass=28921      all=28924      -- eff=99.99 % cumulative eff=80.34 %
Flag_hfNoisyHitsFilter: pass=28921      all=28921      -- eff=100.00 % cumulative eff=80.34 %
Number of muons 2: pass=918        all=28921      -- eff=3.17 % cumulative eff=2.55 %
Veto VH <= 0 electrons: pass=918        all=918        -- eff=100.00 % cumulative eff=2.55 %
DiMuon From Higgs: pass=424        all=918        -- eff=46.19 % cumulative eff=1.18 %
LeptonChargeSum: pass=424        all=424        -- eff=100.00 % cumulative eff=1.18 %
Hmass>=110: pass=251        all=424        -- eff=59.20 % cumulative eff=0.70 %
[2025-11-20 03:31:40.973] [main] [info] Writing quantities map to /eos/user/j/jiahua/MC_2023BPix_inc/MC_2023BPix_vbf/WWto2L2Nu_powheg_23BPix/6f0e7e46-2841-4fbb-b596-61a58d0e81f2_vbfhmm.root
[2025-11-20 03:31:41.034] [main] [info] Finished Evaluation
[2025-11-20 03:31:41.034] [main] [info] Overall runtime (real time: 133.79, CPU time: 127.31)
