Starting job on \n
Running on: Linux b9p28p9898.cern.ch 5.14.0-570.55.1.el9_6.x86_64 #1 SMP PREEMPT_DYNAMIC Tue Oct 14 01:03:55 EDT 2025 x86_64 x86_64 x86_64 GNU/Linux\n
System software: Red Hat Enterprise Linux release 9.7 (Plow)\n
Setting up CROWN for RedHatEnterprise Version 9.7
subject   : /DC=ch/DC=cern/OU=Organic Units/OU=Users/CN=jiahua/CN=851532/CN=Jiahua Chen/CN=2045128514
issuer    : /DC=ch/DC=cern/OU=Organic Units/OU=Users/CN=jiahua/CN=851532/CN=Jiahua Chen
identity  : /DC=ch/DC=cern/OU=Organic Units/OU=Users/CN=jiahua/CN=851532/CN=Jiahua Chen
type      : RFC compliant proxy
strength  : 2048 bits
path      : /afs/cern.ch/user/j/jiahua/proxy/x509up_u139833
timeleft  : 199:19:25
key usage : Digital Signature, Key Encipherment
=== VO cms extension information ===
VO        : cms
subject   : /DC=ch/DC=cern/OU=Organic Units/OU=Users/CN=jiahua/CN=851532/CN=Jiahua Chen
issuer    : /DC=ch/DC=cern/OU=computers/CN=cms-auth.cern.ch
attribute : /cms/Role=NULL/Capability=NULL
timeleft  : 191:19:24
uri       : voms-cms-auth.cern.ch:15000
subject   : /DC=ch/DC=cern/OU=Organic Units/OU=Users/CN=jiahua/CN=851532/CN=Jiahua Chen/CN=2045128514
issuer    : /DC=ch/DC=cern/OU=Organic Units/OU=Users/CN=jiahua/CN=851532/CN=Jiahua Chen
identity  : /DC=ch/DC=cern/OU=Organic Units/OU=Users/CN=jiahua/CN=851532/CN=Jiahua Chen
type      : RFC compliant proxy
strength  : 2048 bits
path      : /afs/cern.ch/user/j/jiahua/proxy/x509up_u139833
timeleft  : 199:19:25
key usage : Digital Signature, Key Encipherment
=== VO cms extension information ===
VO        : cms
subject   : /DC=ch/DC=cern/OU=Organic Units/OU=Users/CN=jiahua/CN=851532/CN=Jiahua Chen
issuer    : /DC=ch/DC=cern/OU=computers/CN=cms-auth.cern.ch
attribute : /cms/Role=NULL/Capability=NULL
timeleft  : 191:19:24
uri       : voms-cms-auth.cern.ch:15000
/eos/user/j/jiahua/MC_2023BPix_inc/MC_2023BPix_vbf/WWto2L2Nu_powheg_23BPix/57a2adc2-240a-4e7c-a32a-35b90e3f5cbb.root
[2025-11-20 03:29:18.224] [main] [info] Checking input files
[2025-11-20 03:29:22.841] [main] [info] NanoAOD input_file 1: root://cms-xrd-global.cern.ch//store/mc/Run3Summer23BPixNanoAODv12/WWto2L2Nu_TuneCP5_13p6TeV_powheg-pythia8/NANOAODSIM/130X_mcRun3_2023_realistic_postBPix_v2-v3/2810000/57a2adc2-240a-4e7c-a32a-35b90e3f5cbb.root - 3000 Events
[2025-11-20 03:29:22.841] [main] [info] input_file 1: root://cms-xrd-global.cern.ch//store/mc/Run3Summer23BPixNanoAODv12/WWto2L2Nu_TuneCP5_13p6TeV_powheg-pythia8/NANOAODSIM/130X_mcRun3_2023_realistic_postBPix_v2-v3/2810000/57a2adc2-240a-4e7c-a32a-35b90e3f5cbb.root - SumOfGenWeight: 35374.5 
[2025-11-20 03:29:22.841] [main] [info] Output directory: /eos/user/j/jiahua/MC_2023BPix_inc/MC_2023BPix_vbf/WWto2L2Nu_powheg_23BPix/57a2adc2-240a-4e7c-a32a-35b90e3f5cbb.root
[2025-11-20 03:29:22.842] [main] [info] Starting Setup of Dataframe with 3000 events
[2025-11-20 03:30:24.684] [main] [info] Finished Setup
[2025-11-20 03:30:24.685] [main] [info] Runtime for setup (real time: 61.84, CPU time: 55.29)
[2025-11-20 03:30:24.685] [main] [info] Starting Evaluation
[2025-11-20 03:30:47.928] [main] [info] vbfhmm:
GoodJetsCollection: pass=2408       all=3000       -- eff=80.27 % cumulative eff=80.27 %
Flag_goodVertices: pass=2408       all=2408       -- eff=100.00 % cumulative eff=80.27 %
Flag_globalSuperTightHalo2016Filter: pass=2408       all=2408       -- eff=100.00 % cumulative eff=80.27 %
Flag_EcalDeadCellTriggerPrimitiveFilter: pass=2408       all=2408       -- eff=100.00 % cumulative eff=80.27 %
Flag_BadPFMuonFilter: pass=2408       all=2408       -- eff=100.00 % cumulative eff=80.27 %
Flag_BadPFMuonDzFilter: pass=2408       all=2408       -- eff=100.00 % cumulative eff=80.27 %
Flag_eeBadScFilter: pass=2408       all=2408       -- eff=100.00 % cumulative eff=80.27 %
Flag_ecalBadCalibFilter: pass=2407       all=2408       -- eff=99.96 % cumulative eff=80.23 %
Flag_hfNoisyHitsFilter: pass=2407       all=2407       -- eff=100.00 % cumulative eff=80.23 %
Number of muons 2: pass=74         all=2407       -- eff=3.07 % cumulative eff=2.47 %
Veto VH <= 0 electrons: pass=74         all=74         -- eff=100.00 % cumulative eff=2.47 %
DiMuon From Higgs: pass=27         all=74         -- eff=36.49 % cumulative eff=0.90 %
LeptonChargeSum: pass=27         all=27         -- eff=100.00 % cumulative eff=0.90 %
Hmass>=110: pass=13         all=27         -- eff=48.15 % cumulative eff=0.43 %
[2025-11-20 03:30:48.063] [main] [info] Writing quantities map to /eos/user/j/jiahua/MC_2023BPix_inc/MC_2023BPix_vbf/WWto2L2Nu_powheg_23BPix/57a2adc2-240a-4e7c-a32a-35b90e3f5cbb_vbfhmm.root
[2025-11-20 03:30:48.126] [main] [info] Finished Evaluation
[2025-11-20 03:30:48.126] [main] [info] Overall runtime (real time: 85.28, CPU time: 76.25)
