Starting job on \n
Running on: Linux b9p16p4437.cern.ch 5.14.0-570.44.1.el9_6.x86_64 #1 SMP PREEMPT_DYNAMIC Tue Sep 9 05:17:30 EDT 2025 x86_64 x86_64 x86_64 GNU/Linux\n
System software: Red Hat Enterprise Linux release 9.7 (Plow)\n
Setting up CROWN for RedHatEnterprise Version 9.7
subject   : /DC=ch/DC=cern/OU=Organic Units/OU=Users/CN=jiahua/CN=851532/CN=Jiahua Chen/CN=2045128514
issuer    : /DC=ch/DC=cern/OU=Organic Units/OU=Users/CN=jiahua/CN=851532/CN=Jiahua Chen
identity  : /DC=ch/DC=cern/OU=Organic Units/OU=Users/CN=jiahua/CN=851532/CN=Jiahua Chen
type      : RFC compliant proxy
strength  : 2048 bits
path      : /afs/cern.ch/user/j/jiahua/proxy/x509up_u139833
timeleft  : 192:54:15
key usage : Digital Signature, Key Encipherment
=== VO cms extension information ===
VO        : cms
subject   : /DC=ch/DC=cern/OU=Organic Units/OU=Users/CN=jiahua/CN=851532/CN=Jiahua Chen
issuer    : /DC=ch/DC=cern/OU=computers/CN=cms-auth.cern.ch
attribute : /cms/Role=NULL/Capability=NULL
timeleft  : 184:54:14
uri       : voms-cms-auth.cern.ch:15000
subject   : /DC=ch/DC=cern/OU=Organic Units/OU=Users/CN=jiahua/CN=851532/CN=Jiahua Chen/CN=2045128514
issuer    : /DC=ch/DC=cern/OU=Organic Units/OU=Users/CN=jiahua/CN=851532/CN=Jiahua Chen
identity  : /DC=ch/DC=cern/OU=Organic Units/OU=Users/CN=jiahua/CN=851532/CN=Jiahua Chen
type      : RFC compliant proxy
strength  : 2048 bits
path      : /afs/cern.ch/user/j/jiahua/proxy/x509up_u139833
timeleft  : 192:54:15
key usage : Digital Signature, Key Encipherment
=== VO cms extension information ===
VO        : cms
subject   : /DC=ch/DC=cern/OU=Organic Units/OU=Users/CN=jiahua/CN=851532/CN=Jiahua Chen
issuer    : /DC=ch/DC=cern/OU=computers/CN=cms-auth.cern.ch
attribute : /cms/Role=NULL/Capability=NULL
timeleft  : 184:54:14
uri       : voms-cms-auth.cern.ch:15000
/eos/user/j/jiahua/MC_2023BPix_inc/MC_2023BPix_vbf/WWto2L2Nu_powheg_23BPix/454eb2cf-3df8-4b6b-8b9f-be3457adbc5b.root
[2025-11-20 09:54:29.028] [main] [info] Checking input files
[2025-11-20 09:54:35.066] [main] [info] NanoAOD input_file 1: root://cms-xrd-global.cern.ch//store/mc/Run3Summer23BPixNanoAODv12/WWto2L2Nu_TuneCP5_13p6TeV_powheg-pythia8/NANOAODSIM/130X_mcRun3_2023_realistic_postBPix_v2-v3/2560000/454eb2cf-3df8-4b6b-8b9f-be3457adbc5b.root - 252000 Events
[2025-11-20 09:54:35.066] [main] [info] input_file 1: root://cms-xrd-global.cern.ch//store/mc/Run3Summer23BPixNanoAODv12/WWto2L2Nu_TuneCP5_13p6TeV_powheg-pythia8/NANOAODSIM/130X_mcRun3_2023_realistic_postBPix_v2-v3/2560000/454eb2cf-3df8-4b6b-8b9f-be3457adbc5b.root - SumOfGenWeight: 2971033.505999999 
[2025-11-20 09:54:35.066] [main] [info] Output directory: /eos/user/j/jiahua/MC_2023BPix_inc/MC_2023BPix_vbf/WWto2L2Nu_powheg_23BPix/454eb2cf-3df8-4b6b-8b9f-be3457adbc5b.root
[2025-11-20 09:54:35.067] [main] [info] Starting Setup of Dataframe with 252000 events
[2025-11-20 09:56:01.633] [main] [info] Finished Setup
[2025-11-20 09:56:01.633] [main] [info] Runtime for setup (real time: 86.57, CPU time: 82.79)
[2025-11-20 09:56:01.633] [main] [info] Starting Evaluation
[2025-11-20 09:56:46.610] [main] [info] 10000 / 252000 (3.97 %) Events processed ...
[2025-11-20 09:57:12.689] [main] [info] 20000 / 252000 (7.94 %) Events processed ...
[2025-11-20 09:57:37.791] [main] [info] 30000 / 252000 (11.90 %) Events processed ...
[2025-11-20 09:58:02.852] [main] [info] 40000 / 252000 (15.87 %) Events processed ...
[2025-11-20 09:58:29.061] [main] [info] 50000 / 252000 (19.84 %) Events processed ...
[2025-11-20 09:58:56.472] [main] [info] 60000 / 252000 (23.81 %) Events processed ...
[2025-11-20 09:59:18.029] [main] [info] 70000 / 252000 (27.78 %) Events processed ...
[2025-11-20 09:59:44.871] [main] [info] 80000 / 252000 (31.75 %) Events processed ...
[2025-11-20 10:00:04.494] [main] [info] 90000 / 252000 (35.71 %) Events processed ...
[2025-11-20 10:00:30.403] [main] [info] 100000 / 252000 (39.68 %) Events processed ...
[2025-11-20 10:00:56.723] [main] [info] 110000 / 252000 (43.65 %) Events processed ...
[2025-11-20 10:01:18.249] [main] [info] 120000 / 252000 (47.62 %) Events processed ...
[2025-11-20 10:01:37.326] [main] [info] 130000 / 252000 (51.59 %) Events processed ...
[2025-11-20 10:02:03.261] [main] [info] 140000 / 252000 (55.56 %) Events processed ...
[2025-11-20 10:02:27.204] [main] [info] 150000 / 252000 (59.52 %) Events processed ...
[2025-11-20 10:02:47.283] [main] [info] 160000 / 252000 (63.49 %) Events processed ...
[2025-11-20 10:03:12.416] [main] [info] 170000 / 252000 (67.46 %) Events processed ...
[2025-11-20 10:03:35.503] [main] [info] 180000 / 252000 (71.43 %) Events processed ...
[2025-11-20 10:04:01.000] [main] [info] 190000 / 252000 (75.40 %) Events processed ...
[2025-11-20 10:04:26.996] [main] [info] 200000 / 252000 (79.37 %) Events processed ...
[2025-11-20 10:04:51.134] [main] [info] 210000 / 252000 (83.33 %) Events processed ...
[2025-11-20 10:05:14.668] [main] [info] 220000 / 252000 (87.30 %) Events processed ...
[2025-11-20 10:05:33.336] [main] [info] 230000 / 252000 (91.27 %) Events processed ...
[2025-11-20 10:05:54.772] [main] [info] 240000 / 252000 (95.24 %) Events processed ...
[2025-11-20 10:06:13.465] [main] [info] 250000 / 252000 (99.21 %) Events processed ...
[2025-11-20 10:06:17.802] [main] [info] vbfhmm:
GoodJetsCollection: pass=201847     all=252000     -- eff=80.10 % cumulative eff=80.10 %
Flag_goodVertices: pass=201847     all=201847     -- eff=100.00 % cumulative eff=80.10 %
Flag_globalSuperTightHalo2016Filter: pass=201824     all=201847     -- eff=99.99 % cumulative eff=80.09 %
Flag_EcalDeadCellTriggerPrimitiveFilter: pass=201812     all=201824     -- eff=99.99 % cumulative eff=80.08 %
Flag_BadPFMuonFilter: pass=201789     all=201812     -- eff=99.99 % cumulative eff=80.07 %
Flag_BadPFMuonDzFilter: pass=201782     all=201789     -- eff=100.00 % cumulative eff=80.07 %
Flag_eeBadScFilter: pass=201782     all=201782     -- eff=100.00 % cumulative eff=80.07 %
Flag_ecalBadCalibFilter: pass=201732     all=201782     -- eff=99.98 % cumulative eff=80.05 %
Flag_hfNoisyHitsFilter: pass=201723     all=201732     -- eff=100.00 % cumulative eff=80.05 %
Number of muons 2: pass=6199       all=201723     -- eff=3.07 % cumulative eff=2.46 %
Veto VH <= 0 electrons: pass=6190       all=6199       -- eff=99.85 % cumulative eff=2.46 %
DiMuon From Higgs: pass=2851       all=6190       -- eff=46.06 % cumulative eff=1.13 %
LeptonChargeSum: pass=2851       all=2851       -- eff=100.00 % cumulative eff=1.13 %
Hmass>=110: pass=1453       all=2851       -- eff=50.96 % cumulative eff=0.58 %
[2025-11-20 10:06:18.174] [main] [info] Writing quantities map to /eos/user/j/jiahua/MC_2023BPix_inc/MC_2023BPix_vbf/WWto2L2Nu_powheg_23BPix/454eb2cf-3df8-4b6b-8b9f-be3457adbc5b_vbfhmm.root
[2025-11-20 10:06:18.301] [main] [info] Finished Evaluation
[2025-11-20 10:06:18.301] [main] [info] Overall runtime (real time: 703.24, CPU time: 684.55)
