000 (13047309.015.000) 11/20 02:52:27 Job submitted from host: <188.185.121.235:9618?addrs=188.185.121.235-9618+[2001-1458-d00-49--100-36e]-9618&alias=bigbird22.cern.ch&noUDP&sock=schedd_232129_c3ca>
...
040 (13047309.015.000) 11/20 03:28:50 Started transferring input files
	Transferring to host: <128.142.51.211:9618?addrs=128.142.51.211-9618+[2001-1458-301-3--100-10]-9618&alias=b9g02p0513.cern.ch&noUDP&sock=slot1_31_8401_03af_61601>
...
040 (13047309.015.000) 11/20 03:28:50 Finished transferring input files
...
001 (13047309.015.000) 11/20 03:28:51 Job executing on host: <128.142.51.211:9618?addrs=128.142.51.211-9618+[2001-1458-301-3--100-10]-9618&alias=b9g02p0513.cern.ch&noUDP&sock=startd_6882_0edc>
	SlotName: slot1_31@b9g02p0513.cern.ch
	CondorScratchDir = "/pool/condor/dir_404398"
	Cpus = 1
	Disk = 16163
	GPUs = 0
	Memory = 3000
...
006 (13047309.015.000) 11/20 03:29:05 Image size of job updated: 93292
	92  -  MemoryUsage of job (MB)
	93292  -  ResidentSetSize of job (KB)
...
006 (13047309.015.000) 11/20 03:31:48 Image size of job updated: 706052
	92  -  MemoryUsage of job (MB)
	93292  -  ResidentSetSize of job (KB)
...
040 (13047309.015.000) 11/20 03:31:48 Started transferring output files
...
040 (13047309.015.000) 11/20 03:31:48 Finished transferring output files
...
005 (13047309.015.000) 11/20 03:31:48 Job terminated.
	(1) Normal termination (return value 0)
		Usr 0 00:02:19, Sys 0 00:00:03  -  Run Remote Usage
		Usr 0 00:00:00, Sys 0 00:00:00  -  Run Local Usage
		Usr 0 00:02:19, Sys 0 00:00:03  -  Total Remote Usage
		Usr 0 00:00:00, Sys 0 00:00:00  -  Total Local Usage
	9725  -  Run Bytes Sent By Job
	11618982  -  Run Bytes Received By Job
	9725  -  Total Bytes Sent By Job
	11618982  -  Total Bytes Received By Job
	Partitionable Resources :    Usage  Request Allocated 
	   Cpus                 :     0.07        1         1 
	   Disk (KB)            : 11380       12500     16163 
	   GPUs                 :                           0 
	   Memory (MB)          :    92        3000      3000 
	   TimeExecute (s)      :   177                       
	   TimeSlotBusy (s)     :   178                       

	Job terminated of its own accord at 2025-11-20T02:31:48Z with exit-code 0.
...
