Starting job on \n
Running on: Linux b9p25p5550.cern.ch 5.14.0-570.44.1.el9_6.x86_64 #1 SMP PREEMPT_DYNAMIC Tue Sep 9 05:17:30 EDT 2025 x86_64 x86_64 x86_64 GNU/Linux\n
System software: Red Hat Enterprise Linux release 9.7 (Plow)\n
Setting up CROWN for RedHatEnterprise Version 9.7
subject   : /DC=ch/DC=cern/OU=Organic Units/OU=Users/CN=jiahua/CN=851532/CN=Jiahua Chen/CN=2045128514
issuer    : /DC=ch/DC=cern/OU=Organic Units/OU=Users/CN=jiahua/CN=851532/CN=Jiahua Chen
identity  : /DC=ch/DC=cern/OU=Organic Units/OU=Users/CN=jiahua/CN=851532/CN=Jiahua Chen
type      : RFC compliant proxy
strength  : 2048 bits
path      : /afs/cern.ch/user/j/jiahua/proxy/x509up_u139833
timeleft  : 65:21:11
key usage : Digital Signature, Key Encipherment
=== VO cms extension information ===
VO        : cms
subject   : /DC=ch/DC=cern/OU=Organic Units/OU=Users/CN=jiahua/CN=851532/CN=Jiahua Chen
issuer    : /DC=ch/DC=cern/OU=computers/CN=cms-auth.cern.ch
attribute : /cms/Role=NULL/Capability=NULL
timeleft  : 57:21:10
uri       : voms-cms-auth.cern.ch:15000
subject   : /DC=ch/DC=cern/OU=Organic Units/OU=Users/CN=jiahua/CN=851532/CN=Jiahua Chen/CN=2045128514
issuer    : /DC=ch/DC=cern/OU=Organic Units/OU=Users/CN=jiahua/CN=851532/CN=Jiahua Chen
identity  : /DC=ch/DC=cern/OU=Organic Units/OU=Users/CN=jiahua/CN=851532/CN=Jiahua Chen
type      : RFC compliant proxy
strength  : 2048 bits
path      : /afs/cern.ch/user/j/jiahua/proxy/x509up_u139833
timeleft  : 65:21:11
key usage : Digital Signature, Key Encipherment
=== VO cms extension information ===
VO        : cms
subject   : /DC=ch/DC=cern/OU=Organic Units/OU=Users/CN=jiahua/CN=851532/CN=Jiahua Chen
issuer    : /DC=ch/DC=cern/OU=computers/CN=cms-auth.cern.ch
attribute : /cms/Role=NULL/Capability=NULL
timeleft  : 57:21:10
uri       : voms-cms-auth.cern.ch:15000
/eos/user/j/jiahua/MC_2023BPix_inc/MC_2023BPix_vbf/WWZ_4F_amcatnlo_23BPix/a10d3f4b-3406-41bd-871f-2ba3d11000b5.root
[2025-11-25 17:27:33.202] [main] [info] Checking input files
[2025-11-25 17:27:39.118] [main] [info] NanoAOD input_file 1: root://cms-xrd-global.cern.ch//store/mc/Run3Summer23BPixNanoAODv12/WWZ_4F_TuneCP5_13p6TeV_amcatnlo-pythia8/NANOAODSIM/130X_mcRun3_2023_realistic_postBPix_v2-v3/70000/a10d3f4b-3406-41bd-871f-2ba3d11000b5.root - 225000 Events
[2025-11-25 17:27:39.118] [main] [info] input_file 1: root://cms-xrd-global.cern.ch//store/mc/Run3Summer23BPixNanoAODv12/WWZ_4F_TuneCP5_13p6TeV_amcatnlo-pythia8/NANOAODSIM/130X_mcRun3_2023_realistic_postBPix_v2-v3/70000/a10d3f4b-3406-41bd-871f-2ba3d11000b5.root - SumOfGenWeight: 41636.832846040015 
[2025-11-25 17:27:39.118] [main] [info] Output directory: /eos/user/j/jiahua/MC_2023BPix_inc/MC_2023BPix_vbf/WWZ_4F_amcatnlo_23BPix/a10d3f4b-3406-41bd-871f-2ba3d11000b5.root
[2025-11-25 17:27:39.121] [main] [info] Starting Setup of Dataframe with 225000 events
[2025-11-25 17:28:36.915] [main] [info] Finished Setup
[2025-11-25 17:28:36.915] [main] [info] Runtime for setup (real time: 57.80, CPU time: 55.12)
[2025-11-25 17:28:36.915] [main] [info] Starting Evaluation
[2025-11-25 17:29:36.138] [main] [info] 10000 / 225000 (4.44 %) Events processed ...
[2025-11-25 17:30:07.656] [main] [info] 20000 / 225000 (8.89 %) Events processed ...
[2025-11-25 17:30:58.626] [main] [info] 30000 / 225000 (13.33 %) Events processed ...
[2025-11-25 17:31:29.103] [main] [info] 40000 / 225000 (17.78 %) Events processed ...
[2025-11-25 17:32:00.463] [main] [info] 50000 / 225000 (22.22 %) Events processed ...
[2025-11-25 17:32:45.039] [main] [info] 60000 / 225000 (26.67 %) Events processed ...
[2025-11-25 17:33:20.204] [main] [info] 70000 / 225000 (31.11 %) Events processed ...
[2025-11-25 17:33:53.537] [main] [info] 80000 / 225000 (35.56 %) Events processed ...
[2025-11-25 17:34:40.303] [main] [info] 90000 / 225000 (40.00 %) Events processed ...
[2025-11-25 17:35:14.167] [main] [info] 100000 / 225000 (44.44 %) Events processed ...
[2025-11-25 17:35:59.238] [main] [info] 110000 / 225000 (48.89 %) Events processed ...
[2025-11-25 17:36:33.122] [main] [info] 120000 / 225000 (53.33 %) Events processed ...
[2025-11-25 17:37:08.457] [main] [info] 130000 / 225000 (57.78 %) Events processed ...
[2025-11-25 17:37:55.319] [main] [info] 140000 / 225000 (62.22 %) Events processed ...
[2025-11-25 17:38:29.279] [main] [info] 150000 / 225000 (66.67 %) Events processed ...
[2025-11-25 17:39:03.556] [main] [info] 160000 / 225000 (71.11 %) Events processed ...
[2025-11-25 17:39:52.684] [main] [info] 170000 / 225000 (75.56 %) Events processed ...
[2025-11-25 17:40:23.199] [main] [info] 180000 / 225000 (80.00 %) Events processed ...
[2025-11-25 17:41:15.220] [main] [info] 190000 / 225000 (84.44 %) Events processed ...
[2025-11-25 17:41:47.683] [main] [info] 200000 / 225000 (88.89 %) Events processed ...
[2025-11-25 17:42:23.930] [main] [info] 210000 / 225000 (93.33 %) Events processed ...
[2025-11-25 17:43:01.862] [main] [info] 220000 / 225000 (97.78 %) Events processed ...
[2025-11-25 17:43:19.783] [main] [info] vbfhmm:
GoodJetsCollection: pass=208097     all=225000     -- eff=92.49 % cumulative eff=92.49 %
Flag_goodVertices: pass=208097     all=208097     -- eff=100.00 % cumulative eff=92.49 %
Flag_globalSuperTightHalo2016Filter: pass=207976     all=208097     -- eff=99.94 % cumulative eff=92.43 %
Flag_EcalDeadCellTriggerPrimitiveFilter: pass=207941     all=207976     -- eff=99.98 % cumulative eff=92.42 %
Flag_BadPFMuonFilter: pass=207921     all=207941     -- eff=99.99 % cumulative eff=92.41 %
Flag_BadPFMuonDzFilter: pass=207916     all=207921     -- eff=100.00 % cumulative eff=92.41 %
Flag_eeBadScFilter: pass=207916     all=207916     -- eff=100.00 % cumulative eff=92.41 %
Flag_ecalBadCalibFilter: pass=207854     all=207916     -- eff=99.97 % cumulative eff=92.38 %
Flag_hfNoisyHitsFilter: pass=207846     all=207854     -- eff=100.00 % cumulative eff=92.38 %
Number of muons 2: pass=5698       all=207846     -- eff=2.74 % cumulative eff=2.53 %
Veto VH <= 0 electrons: pass=5039       all=5698       -- eff=88.43 % cumulative eff=2.24 %
DiMuon From Higgs: pass=3812       all=5039       -- eff=75.65 % cumulative eff=1.69 %
LeptonChargeSum: pass=3261       all=3812       -- eff=85.55 % cumulative eff=1.45 %
Hmass>=110: pass=394        all=3261       -- eff=12.08 % cumulative eff=0.18 %
[2025-11-25 17:43:20.093] [main] [info] Writing quantities map to /eos/user/j/jiahua/MC_2023BPix_inc/MC_2023BPix_vbf/WWZ_4F_amcatnlo_23BPix/a10d3f4b-3406-41bd-871f-2ba3d11000b5_vbfhmm.root
[2025-11-25 17:43:20.211] [main] [info] Finished Evaluation
[2025-11-25 17:43:20.211] [main] [info] Overall runtime (real time: 941.09, CPU time: 800.69)
