000 (13047313.031.000) 11/20 02:52:31 Job submitted from host: <188.185.121.235:9618?addrs=188.185.121.235-9618+[2001-1458-d00-49--100-36e]-9618&alias=bigbird22.cern.ch&noUDP&sock=schedd_232129_c3ca>
...
040 (13047313.031.000) 11/20 03:30:47 Started transferring input files
	Transferring to host: <188.185.213.83:9618?addrs=188.185.213.83-9618+[2001-1458-303-1a--100-4f]-9618&alias=b9p27p4214.cern.ch&noUDP&sock=slot1_1_5619_d7fe_63530>
...
040 (13047313.031.000) 11/20 03:30:47 Finished transferring input files
...
001 (13047313.031.000) 11/20 03:30:48 Job executing on host: <188.185.213.83:9618?addrs=188.185.213.83-9618+[2001-1458-303-1a--100-4f]-9618&alias=b9p27p4214.cern.ch&noUDP&sock=startd_4725_8914>
	SlotName: slot1_1@b9p27p4214.cern.ch
	CondorScratchDir = "/pool/condor/dir_3878938"
	Cpus = 1
	Disk = 16114
	GPUs = 0
	Memory = 3000
...
006 (13047313.031.000) 11/20 03:31:01 Image size of job updated: 95472
	94  -  MemoryUsage of job (MB)
	95472  -  ResidentSetSize of job (KB)
...
006 (13047313.031.000) 11/20 03:32:29 Image size of job updated: 712616
	94  -  MemoryUsage of job (MB)
	95472  -  ResidentSetSize of job (KB)
...
040 (13047313.031.000) 11/20 03:32:30 Started transferring output files
...
040 (13047313.031.000) 11/20 03:32:30 Finished transferring output files
...
005 (13047313.031.000) 11/20 03:32:31 Job terminated.
	(1) Normal termination (return value 0)
		Usr 0 00:01:23, Sys 0 00:00:03  -  Run Remote Usage
		Usr 0 00:00:00, Sys 0 00:00:00  -  Run Local Usage
		Usr 0 00:01:23, Sys 0 00:00:03  -  Total Remote Usage
		Usr 0 00:00:00, Sys 0 00:00:00  -  Total Local Usage
	9751  -  Run Bytes Sent By Job
	11618982  -  Run Bytes Received By Job
	9751  -  Total Bytes Sent By Job
	11618982  -  Total Bytes Received By Job
	Partitionable Resources :    Usage  Request Allocated 
	   Cpus                 :        0        1         1 
	   Disk (KB)            :    11380    12500     16114 
	   GPUs                 :                           0 
	   Memory (MB)          :       94     3000      3000 
	   TimeExecute (s)      :      101                    
	   TimeSlotBusy (s)     :      103                    

	Job terminated of its own accord at 2025-11-20T02:32:29Z with exit-code 0.
...
