Starting job on \n
Running on: Linux b9p21p8125.cern.ch 5.14.0-570.44.1.el9_6.x86_64 #1 SMP PREEMPT_DYNAMIC Tue Sep 9 05:17:30 EDT 2025 x86_64 x86_64 x86_64 GNU/Linux\n
System software: Red Hat Enterprise Linux release 9.7 (Plow)\n
Setting up CROWN for RedHatEnterprise Version 9.7
subject   : /DC=ch/DC=cern/OU=Organic Units/OU=Users/CN=jiahua/CN=851532/CN=Jiahua Chen/CN=2045128514
issuer    : /DC=ch/DC=cern/OU=Organic Units/OU=Users/CN=jiahua/CN=851532/CN=Jiahua Chen
identity  : /DC=ch/DC=cern/OU=Organic Units/OU=Users/CN=jiahua/CN=851532/CN=Jiahua Chen
type      : RFC compliant proxy
strength  : 2048 bits
path      : /afs/cern.ch/user/j/jiahua/proxy/x509up_u139833
timeleft  : 192:51:46
key usage : Digital Signature, Key Encipherment
=== VO cms extension information ===
VO        : cms
subject   : /DC=ch/DC=cern/OU=Organic Units/OU=Users/CN=jiahua/CN=851532/CN=Jiahua Chen
issuer    : /DC=ch/DC=cern/OU=computers/CN=cms-auth.cern.ch
attribute : /cms/Role=NULL/Capability=NULL
timeleft  : 184:51:45
uri       : voms-cms-auth.cern.ch:15000
subject   : /DC=ch/DC=cern/OU=Organic Units/OU=Users/CN=jiahua/CN=851532/CN=Jiahua Chen/CN=2045128514
issuer    : /DC=ch/DC=cern/OU=Organic Units/OU=Users/CN=jiahua/CN=851532/CN=Jiahua Chen
identity  : /DC=ch/DC=cern/OU=Organic Units/OU=Users/CN=jiahua/CN=851532/CN=Jiahua Chen
type      : RFC compliant proxy
strength  : 2048 bits
path      : /afs/cern.ch/user/j/jiahua/proxy/x509up_u139833
timeleft  : 192:51:46
key usage : Digital Signature, Key Encipherment
=== VO cms extension information ===
VO        : cms
subject   : /DC=ch/DC=cern/OU=Organic Units/OU=Users/CN=jiahua/CN=851532/CN=Jiahua Chen
issuer    : /DC=ch/DC=cern/OU=computers/CN=cms-auth.cern.ch
attribute : /cms/Role=NULL/Capability=NULL
timeleft  : 184:51:45
uri       : voms-cms-auth.cern.ch:15000
/eos/user/j/jiahua/MC_2023BPix_inc/MC_2023BPix_vbf/WZto2L2Q_powheg_23BPix/1555dc29-2125-4497-a061-5b9cf28dc5bf.root
[2025-11-20 09:56:57.617] [main] [info] Checking input files
[2025-11-20 09:57:11.594] [main] [info] NanoAOD input_file 1: root://cms-xrd-global.cern.ch//store/mc/Run3Summer23BPixNanoAODv12/WZto2L2Q_TuneCP5_13p6TeV_powheg-pythia8/NANOAODSIM/130X_mcRun3_2023_realistic_postBPix_v2-v2/2560000/1555dc29-2125-4497-a061-5b9cf28dc5bf.root - 225000 Events
[2025-11-20 09:57:11.594] [main] [info] input_file 1: root://cms-xrd-global.cern.ch//store/mc/Run3Summer23BPixNanoAODv12/WZto2L2Q_TuneCP5_13p6TeV_powheg-pythia8/NANOAODSIM/130X_mcRun3_2023_realistic_postBPix_v2-v2/2560000/1555dc29-2125-4497-a061-5b9cf28dc5bf.root - SumOfGenWeight: 1702730.142080001 
[2025-11-20 09:57:11.594] [main] [info] Output directory: /eos/user/j/jiahua/MC_2023BPix_inc/MC_2023BPix_vbf/WZto2L2Q_powheg_23BPix/1555dc29-2125-4497-a061-5b9cf28dc5bf.root
[2025-11-20 09:57:11.595] [main] [info] Starting Setup of Dataframe with 225000 events
[2025-11-20 09:58:09.989] [main] [info] Finished Setup
[2025-11-20 09:58:09.989] [main] [info] Runtime for setup (real time: 58.39, CPU time: 54.04)
[2025-11-20 09:58:09.989] [main] [info] Starting Evaluation
[2025-11-20 09:58:46.333] [main] [info] 10000 / 225000 (4.44 %) Events processed ...
[2025-11-20 09:59:05.529] [main] [info] 20000 / 225000 (8.89 %) Events processed ...
[2025-11-20 09:59:25.186] [main] [info] 30000 / 225000 (13.33 %) Events processed ...
[2025-11-20 09:59:47.526] [main] [info] 40000 / 225000 (17.78 %) Events processed ...
[2025-11-20 10:00:08.433] [main] [info] 50000 / 225000 (22.22 %) Events processed ...
[2025-11-20 10:00:28.191] [main] [info] 60000 / 225000 (26.67 %) Events processed ...
[2025-11-20 10:00:47.765] [main] [info] 70000 / 225000 (31.11 %) Events processed ...
[2025-11-20 10:01:08.844] [main] [info] 80000 / 225000 (35.56 %) Events processed ...
[2025-11-20 10:01:29.754] [main] [info] 90000 / 225000 (40.00 %) Events processed ...
[2025-11-20 10:01:53.069] [main] [info] 100000 / 225000 (44.44 %) Events processed ...
[2025-11-20 10:02:12.984] [main] [info] 110000 / 225000 (48.89 %) Events processed ...
[2025-11-20 10:02:33.396] [main] [info] 120000 / 225000 (53.33 %) Events processed ...
[2025-11-20 10:02:52.837] [main] [info] 130000 / 225000 (57.78 %) Events processed ...
[2025-11-20 10:03:14.304] [main] [info] 140000 / 225000 (62.22 %) Events processed ...
[2025-11-20 10:03:38.486] [main] [info] 150000 / 225000 (66.67 %) Events processed ...
[2025-11-20 10:03:58.170] [main] [info] 160000 / 225000 (71.11 %) Events processed ...
[2025-11-20 10:04:19.482] [main] [info] 170000 / 225000 (75.56 %) Events processed ...
[2025-11-20 10:04:40.039] [main] [info] 180000 / 225000 (80.00 %) Events processed ...
[2025-11-20 10:05:00.870] [main] [info] 190000 / 225000 (84.44 %) Events processed ...
[2025-11-20 10:05:21.858] [main] [info] 200000 / 225000 (88.89 %) Events processed ...
[2025-11-20 10:05:39.235] [main] [info] 210000 / 225000 (93.33 %) Events processed ...
[2025-11-20 10:06:00.247] [main] [info] 220000 / 225000 (97.78 %) Events processed ...
[2025-11-20 10:06:09.246] [main] [info] vbfhmm:
GoodJetsCollection: pass=190615     all=225000     -- eff=84.72 % cumulative eff=84.72 %
Flag_goodVertices: pass=190615     all=190615     -- eff=100.00 % cumulative eff=84.72 %
Flag_globalSuperTightHalo2016Filter: pass=190572     all=190615     -- eff=99.98 % cumulative eff=84.70 %
Flag_EcalDeadCellTriggerPrimitiveFilter: pass=190568     all=190572     -- eff=100.00 % cumulative eff=84.70 %
Flag_BadPFMuonFilter: pass=190551     all=190568     -- eff=99.99 % cumulative eff=84.69 %
Flag_BadPFMuonDzFilter: pass=190541     all=190551     -- eff=99.99 % cumulative eff=84.68 %
Flag_eeBadScFilter: pass=190541     all=190541     -- eff=100.00 % cumulative eff=84.68 %
Flag_ecalBadCalibFilter: pass=190513     all=190541     -- eff=99.99 % cumulative eff=84.67 %
Flag_hfNoisyHitsFilter: pass=190509     all=190513     -- eff=100.00 % cumulative eff=84.67 %
Number of muons 2: pass=14220      all=190509     -- eff=7.46 % cumulative eff=6.32 %
Veto VH <= 0 electrons: pass=14211      all=14220      -- eff=99.94 % cumulative eff=6.32 %
DiMuon From Higgs: pass=13084      all=14211      -- eff=92.07 % cumulative eff=5.82 %
LeptonChargeSum: pass=13079      all=13084      -- eff=99.96 % cumulative eff=5.81 %
Hmass>=110: pass=702        all=13079      -- eff=5.37 % cumulative eff=0.31 %
[2025-11-20 10:06:09.408] [main] [info] Writing quantities map to /eos/user/j/jiahua/MC_2023BPix_inc/MC_2023BPix_vbf/WZto2L2Q_powheg_23BPix/1555dc29-2125-4497-a061-5b9cf28dc5bf_vbfhmm.root
[2025-11-20 10:06:09.494] [main] [info] Finished Evaluation
[2025-11-20 10:06:09.494] [main] [info] Overall runtime (real time: 537.90, CPU time: 517.69)
