000 (13047313.022.000) 11/20 02:52:31 Job submitted from host: <188.185.121.235:9618?addrs=188.185.121.235-9618+[2001-1458-d00-49--100-36e]-9618&alias=bigbird22.cern.ch&noUDP&sock=schedd_232129_c3ca>
...
040 (13047313.022.000) 11/20 03:30:44 Started transferring input files
	Transferring to host: <188.185.205.195:9618?addrs=188.185.205.195-9618+[2001-1458-303-a--100-40]-9618&alias=b9p04p2227.cern.ch&noUDP&sock=slot1_38_4066_9d5e_56101>
...
040 (13047313.022.000) 11/20 03:30:44 Finished transferring input files
...
001 (13047313.022.000) 11/20 03:30:45 Job executing on host: <188.185.205.195:9618?addrs=188.185.205.195-9618+[2001-1458-303-a--100-40]-9618&alias=b9p04p2227.cern.ch&noUDP&sock=startd_3620_98ed>
	SlotName: slot1_38@b9p04p2227.cern.ch
	CondorScratchDir = "/pool/condor/dir_3330963"
	Cpus = 1
	Disk = 15897
	GPUs = 0
	Memory = 3000
...
006 (13047313.022.000) 11/20 03:30:58 Image size of job updated: 99960
	98  -  MemoryUsage of job (MB)
	99960  -  ResidentSetSize of job (KB)
...
006 (13047313.022.000) 11/20 03:32:45 Image size of job updated: 723648
	98  -  MemoryUsage of job (MB)
	99960  -  ResidentSetSize of job (KB)
...
040 (13047313.022.000) 11/20 03:32:46 Started transferring output files
...
040 (13047313.022.000) 11/20 03:32:47 Finished transferring output files
...
005 (13047313.022.000) 11/20 03:32:48 Job terminated.
	(1) Normal termination (return value 0)
		Usr 0 00:01:43, Sys 0 00:00:03  -  Run Remote Usage
		Usr 0 00:00:00, Sys 0 00:00:00  -  Run Local Usage
		Usr 0 00:01:43, Sys 0 00:00:03  -  Total Remote Usage
		Usr 0 00:00:00, Sys 0 00:00:00  -  Total Local Usage
	9831  -  Run Bytes Sent By Job
	11618982  -  Run Bytes Received By Job
	9831  -  Total Bytes Sent By Job
	11618982  -  Total Bytes Received By Job
	Partitionable Resources :    Usage  Request Allocated 
	   Cpus                 :        0        1         1 
	   Disk (KB)            :    11383    12500     15897 
	   GPUs                 :                           0 
	   Memory (MB)          :       98     3000      3000 
	   TimeExecute (s)      :      120                    
	   TimeSlotBusy (s)     :      123                    

	Job terminated of its own accord at 2025-11-20T02:32:45Z with exit-code 0.
...
