Starting job on \n
Running on: Linux b9p18p4907.cern.ch 5.14.0-570.46.1.el9_6.x86_64 #1 SMP PREEMPT_DYNAMIC Tue Sep 16 03:28:23 EDT 2025 x86_64 x86_64 x86_64 GNU/Linux\n
System software: Red Hat Enterprise Linux release 9.7 (Plow)\n
Setting up CROWN for RedHatEnterprise Version 9.7
subject   : /DC=ch/DC=cern/OU=Organic Units/OU=Users/CN=jiahua/CN=851532/CN=Jiahua Chen/CN=2045128514
issuer    : /DC=ch/DC=cern/OU=Organic Units/OU=Users/CN=jiahua/CN=851532/CN=Jiahua Chen
identity  : /DC=ch/DC=cern/OU=Organic Units/OU=Users/CN=jiahua/CN=851532/CN=Jiahua Chen
type      : RFC compliant proxy
strength  : 2048 bits
path      : /afs/cern.ch/user/j/jiahua/proxy/x509up_u139833
timeleft  : 192:53:11
key usage : Digital Signature, Key Encipherment
=== VO cms extension information ===
VO        : cms
subject   : /DC=ch/DC=cern/OU=Organic Units/OU=Users/CN=jiahua/CN=851532/CN=Jiahua Chen
issuer    : /DC=ch/DC=cern/OU=computers/CN=cms-auth.cern.ch
attribute : /cms/Role=NULL/Capability=NULL
timeleft  : 184:53:10
uri       : voms-cms-auth.cern.ch:15000
subject   : /DC=ch/DC=cern/OU=Organic Units/OU=Users/CN=jiahua/CN=851532/CN=Jiahua Chen/CN=2045128514
issuer    : /DC=ch/DC=cern/OU=Organic Units/OU=Users/CN=jiahua/CN=851532/CN=Jiahua Chen
identity  : /DC=ch/DC=cern/OU=Organic Units/OU=Users/CN=jiahua/CN=851532/CN=Jiahua Chen
type      : RFC compliant proxy
strength  : 2048 bits
path      : /afs/cern.ch/user/j/jiahua/proxy/x509up_u139833
timeleft  : 192:53:11
key usage : Digital Signature, Key Encipherment
=== VO cms extension information ===
VO        : cms
subject   : /DC=ch/DC=cern/OU=Organic Units/OU=Users/CN=jiahua/CN=851532/CN=Jiahua Chen
issuer    : /DC=ch/DC=cern/OU=computers/CN=cms-auth.cern.ch
attribute : /cms/Role=NULL/Capability=NULL
timeleft  : 184:53:10
uri       : voms-cms-auth.cern.ch:15000
/eos/user/j/jiahua/MC_2023BPix_inc/MC_2023BPix_vbf/WZto3LNu_powheg_23BPix_ext1-v2/82741202-480a-4ab4-bc9d-b8204cf55fbe.root
[2025-11-20 09:55:32.961] [main] [info] Checking input files
[2025-11-20 09:55:41.244] [main] [info] NanoAOD input_file 1: root://cms-xrd-global.cern.ch//store/mc/Run3Summer23BPixNanoAODv12/WZto3LNu_TuneCP5_13p6TeV_powheg-pythia8/NANOAODSIM/130X_mcRun3_2023_realistic_postBPix_v6_ext1-v2/100000/82741202-480a-4ab4-bc9d-b8204cf55fbe.root - 448000 Events
[2025-11-20 09:55:41.244] [main] [info] input_file 1: root://cms-xrd-global.cern.ch//store/mc/Run3Summer23BPixNanoAODv12/WZto3LNu_TuneCP5_13p6TeV_powheg-pythia8/NANOAODSIM/130X_mcRun3_2023_realistic_postBPix_v6_ext1-v2/100000/82741202-480a-4ab4-bc9d-b8204cf55fbe.root - SumOfGenWeight: 2206050.91896 
[2025-11-20 09:55:41.244] [main] [info] Output directory: /eos/user/j/jiahua/MC_2023BPix_inc/MC_2023BPix_vbf/WZto3LNu_powheg_23BPix_ext1-v2/82741202-480a-4ab4-bc9d-b8204cf55fbe.root
[2025-11-20 09:55:41.245] [main] [info] Starting Setup of Dataframe with 448000 events
[2025-11-20 09:57:23.408] [main] [info] Finished Setup
[2025-11-20 09:57:23.408] [main] [info] Runtime for setup (real time: 102.16, CPU time: 96.58)
[2025-11-20 09:57:23.408] [main] [info] Starting Evaluation
[2025-11-20 09:58:17.545] [main] [info] 10000 / 448000 (2.23 %) Events processed ...
[2025-11-20 09:58:45.405] [main] [info] 20000 / 448000 (4.46 %) Events processed ...
[2025-11-20 09:59:12.845] [main] [info] 30000 / 448000 (6.70 %) Events processed ...
[2025-11-20 09:59:42.495] [main] [info] 40000 / 448000 (8.93 %) Events processed ...
[2025-11-20 10:00:08.361] [main] [info] 50000 / 448000 (11.16 %) Events processed ...
[2025-11-20 10:00:34.956] [main] [info] 60000 / 448000 (13.39 %) Events processed ...
[2025-11-20 10:00:59.794] [main] [info] 70000 / 448000 (15.62 %) Events processed ...
[2025-11-20 10:01:28.087] [main] [info] 80000 / 448000 (17.86 %) Events processed ...
[2025-11-20 10:01:53.672] [main] [info] 90000 / 448000 (20.09 %) Events processed ...
[2025-11-20 10:02:19.906] [main] [info] 100000 / 448000 (22.32 %) Events processed ...
[2025-11-20 10:02:49.375] [main] [info] 110000 / 448000 (24.55 %) Events processed ...
[2025-11-20 10:03:15.755] [main] [info] 120000 / 448000 (26.79 %) Events processed ...
[2025-11-20 10:03:40.581] [main] [info] 130000 / 448000 (29.02 %) Events processed ...
[2025-11-20 10:04:05.697] [main] [info] 140000 / 448000 (31.25 %) Events processed ...
[2025-11-20 10:04:33.747] [main] [info] 150000 / 448000 (33.48 %) Events processed ...
[2025-11-20 10:04:59.462] [main] [info] 160000 / 448000 (35.71 %) Events processed ...
[2025-11-20 10:05:23.938] [main] [info] 170000 / 448000 (37.95 %) Events processed ...
[2025-11-20 10:05:50.377] [main] [info] 180000 / 448000 (40.18 %) Events processed ...
[2025-11-20 10:06:18.424] [main] [info] 190000 / 448000 (42.41 %) Events processed ...
[2025-11-20 10:06:43.905] [main] [info] 200000 / 448000 (44.64 %) Events processed ...
[2025-11-20 10:07:10.278] [main] [info] 210000 / 448000 (46.88 %) Events processed ...
[2025-11-20 10:07:39.945] [main] [info] 220000 / 448000 (49.11 %) Events processed ...
[2025-11-20 10:08:07.142] [main] [info] 230000 / 448000 (51.34 %) Events processed ...
[2025-11-20 10:08:35.464] [main] [info] 240000 / 448000 (53.57 %) Events processed ...
[2025-11-20 10:09:00.603] [main] [info] 250000 / 448000 (55.80 %) Events processed ...
[2025-11-20 10:09:31.804] [main] [info] 260000 / 448000 (58.04 %) Events processed ...
[2025-11-20 10:09:59.234] [main] [info] 270000 / 448000 (60.27 %) Events processed ...
[2025-11-20 10:10:26.927] [main] [info] 280000 / 448000 (62.50 %) Events processed ...
[2025-11-20 10:10:55.616] [main] [info] 290000 / 448000 (64.73 %) Events processed ...
[2025-11-20 10:11:21.915] [main] [info] 300000 / 448000 (66.96 %) Events processed ...
[2025-11-20 10:11:47.491] [main] [info] 310000 / 448000 (69.20 %) Events processed ...
[2025-11-20 10:12:13.145] [main] [info] 320000 / 448000 (71.43 %) Events processed ...
[2025-11-20 10:12:43.275] [main] [info] 330000 / 448000 (73.66 %) Events processed ...
[2025-11-20 10:13:09.598] [main] [info] 340000 / 448000 (75.89 %) Events processed ...
[2025-11-20 10:13:36.072] [main] [info] 350000 / 448000 (78.12 %) Events processed ...
[2025-11-20 10:14:02.235] [main] [info] 360000 / 448000 (80.36 %) Events processed ...
[2025-11-20 10:14:31.773] [main] [info] 370000 / 448000 (82.59 %) Events processed ...
[2025-11-20 10:14:59.547] [main] [info] 380000 / 448000 (84.82 %) Events processed ...
[2025-11-20 10:15:27.055] [main] [info] 390000 / 448000 (87.05 %) Events processed ...
[2025-11-20 10:15:53.988] [main] [info] 400000 / 448000 (89.29 %) Events processed ...
[2025-11-20 10:16:20.226] [main] [info] 410000 / 448000 (91.52 %) Events processed ...
[2025-11-20 10:16:46.168] [main] [info] 420000 / 448000 (93.75 %) Events processed ...
[2025-11-20 10:17:13.806] [main] [info] 430000 / 448000 (95.98 %) Events processed ...
[2025-11-20 10:17:41.406] [main] [info] 440000 / 448000 (98.21 %) Events processed ...
[2025-11-20 10:18:01.752] [main] [info] vbfhmm:
GoodJetsCollection: pass=315353     all=448000     -- eff=70.39 % cumulative eff=70.39 %
Flag_goodVertices: pass=315353     all=315353     -- eff=100.00 % cumulative eff=70.39 %
Flag_globalSuperTightHalo2016Filter: pass=315308     all=315353     -- eff=99.99 % cumulative eff=70.38 %
Flag_EcalDeadCellTriggerPrimitiveFilter: pass=315299     all=315308     -- eff=100.00 % cumulative eff=70.38 %
Flag_BadPFMuonFilter: pass=315265     all=315299     -- eff=99.99 % cumulative eff=70.37 %
Flag_BadPFMuonDzFilter: pass=315250     all=315265     -- eff=100.00 % cumulative eff=70.37 %
Flag_eeBadScFilter: pass=315250     all=315250     -- eff=100.00 % cumulative eff=70.37 %
Flag_ecalBadCalibFilter: pass=315195     all=315250     -- eff=99.98 % cumulative eff=70.36 %
Flag_hfNoisyHitsFilter: pass=315187     all=315195     -- eff=100.00 % cumulative eff=70.35 %
Number of muons 2: pass=21459      all=315187     -- eff=6.81 % cumulative eff=4.79 %
Veto VH <= 0 electrons: pass=16865      all=21459      -- eff=78.59 % cumulative eff=3.76 %
DiMuon From Higgs: pass=12720      all=16865      -- eff=75.42 % cumulative eff=2.84 %
LeptonChargeSum: pass=9700       all=12720      -- eff=76.26 % cumulative eff=2.17 %
Hmass>=110: pass=869        all=9700       -- eff=8.96 % cumulative eff=0.19 %
[2025-11-20 10:18:02.361] [main] [info] Writing quantities map to /eos/user/j/jiahua/MC_2023BPix_inc/MC_2023BPix_vbf/WZto3LNu_powheg_23BPix_ext1-v2/82741202-480a-4ab4-bc9d-b8204cf55fbe_vbfhmm.root
[2025-11-20 10:18:02.442] [main] [info] Finished Evaluation
[2025-11-20 10:18:02.442] [main] [info] Overall runtime (real time: 1341.20, CPU time: 1279.70)
