Starting job on \n
Running on: Linux b9p20p4289.cern.ch 5.14.0-570.44.1.el9_6.x86_64 #1 SMP PREEMPT_DYNAMIC Tue Sep 9 05:17:30 EDT 2025 x86_64 x86_64 x86_64 GNU/Linux\n
System software: Red Hat Enterprise Linux release 9.7 (Plow)\n
Setting up CROWN for RedHatEnterprise Version 9.7
subject   : /DC=ch/DC=cern/OU=Organic Units/OU=Users/CN=jiahua/CN=851532/CN=Jiahua Chen/CN=2045128514
issuer    : /DC=ch/DC=cern/OU=Organic Units/OU=Users/CN=jiahua/CN=851532/CN=Jiahua Chen
identity  : /DC=ch/DC=cern/OU=Organic Units/OU=Users/CN=jiahua/CN=851532/CN=Jiahua Chen
type      : RFC compliant proxy
strength  : 2048 bits
path      : /afs/cern.ch/user/j/jiahua/proxy/x509up_u139833
timeleft  : 199:19:02
key usage : Digital Signature, Key Encipherment
=== VO cms extension information ===
VO        : cms
subject   : /DC=ch/DC=cern/OU=Organic Units/OU=Users/CN=jiahua/CN=851532/CN=Jiahua Chen
issuer    : /DC=ch/DC=cern/OU=computers/CN=cms-auth.cern.ch
attribute : /cms/Role=NULL/Capability=NULL
timeleft  : 191:19:01
uri       : voms-cms-auth.cern.ch:15000
subject   : /DC=ch/DC=cern/OU=Organic Units/OU=Users/CN=jiahua/CN=851532/CN=Jiahua Chen/CN=2045128514
issuer    : /DC=ch/DC=cern/OU=Organic Units/OU=Users/CN=jiahua/CN=851532/CN=Jiahua Chen
identity  : /DC=ch/DC=cern/OU=Organic Units/OU=Users/CN=jiahua/CN=851532/CN=Jiahua Chen
type      : RFC compliant proxy
strength  : 2048 bits
path      : /afs/cern.ch/user/j/jiahua/proxy/x509up_u139833
timeleft  : 199:19:02
key usage : Digital Signature, Key Encipherment
=== VO cms extension information ===
VO        : cms
subject   : /DC=ch/DC=cern/OU=Organic Units/OU=Users/CN=jiahua/CN=851532/CN=Jiahua Chen
issuer    : /DC=ch/DC=cern/OU=computers/CN=cms-auth.cern.ch
attribute : /cms/Role=NULL/Capability=NULL
timeleft  : 191:19:01
uri       : voms-cms-auth.cern.ch:15000
/eos/user/j/jiahua/MC_2023BPix_inc/MC_2023BPix_vbf/WZto3LNu_powheg_23BPix_ext1-v2/ee657c11-4d51-44b9-b868-d0af426dd0f6.root
[2025-11-20 03:29:42.001] [main] [info] Checking input files
[2025-11-20 03:29:50.331] [main] [info] NanoAOD input_file 1: root://cms-xrd-global.cern.ch//store/mc/Run3Summer23BPixNanoAODv12/WZto3LNu_TuneCP5_13p6TeV_powheg-pythia8/NANOAODSIM/130X_mcRun3_2023_realistic_postBPix_v6_ext1-v2/100000/ee657c11-4d51-44b9-b868-d0af426dd0f6.root - 436000 Events
[2025-11-20 03:29:50.331] [main] [info] input_file 1: root://cms-xrd-global.cern.ch//store/mc/Run3Summer23BPixNanoAODv12/WZto3LNu_TuneCP5_13p6TeV_powheg-pythia8/NANOAODSIM/130X_mcRun3_2023_realistic_postBPix_v6_ext1-v2/100000/ee657c11-4d51-44b9-b868-d0af426dd0f6.root - SumOfGenWeight: 2146579.1348400014 
[2025-11-20 03:29:50.331] [main] [info] Output directory: /eos/user/j/jiahua/MC_2023BPix_inc/MC_2023BPix_vbf/WZto3LNu_powheg_23BPix_ext1-v2/ee657c11-4d51-44b9-b868-d0af426dd0f6.root
[2025-11-20 03:29:50.338] [main] [info] Starting Setup of Dataframe with 436000 events
[2025-11-20 03:31:24.035] [main] [info] Finished Setup
[2025-11-20 03:31:24.035] [main] [info] Runtime for setup (real time: 93.70, CPU time: 88.74)
[2025-11-20 03:31:24.035] [main] [info] Starting Evaluation
[2025-11-20 03:32:19.100] [main] [info] 10000 / 436000 (2.29 %) Events processed ...
[2025-11-20 03:32:43.286] [main] [info] 20000 / 436000 (4.59 %) Events processed ...
[2025-11-20 03:33:07.781] [main] [info] 30000 / 436000 (6.88 %) Events processed ...
[2025-11-20 03:33:38.492] [main] [info] 40000 / 436000 (9.17 %) Events processed ...
[2025-11-20 03:34:03.993] [main] [info] 50000 / 436000 (11.47 %) Events processed ...
[2025-11-20 03:34:31.355] [main] [info] 60000 / 436000 (13.76 %) Events processed ...
[2025-11-20 03:34:54.895] [main] [info] 70000 / 436000 (16.06 %) Events processed ...
[2025-11-20 03:35:22.954] [main] [info] 80000 / 436000 (18.35 %) Events processed ...
[2025-11-20 03:35:47.568] [main] [info] 90000 / 436000 (20.64 %) Events processed ...
[2025-11-20 03:36:12.944] [main] [info] 100000 / 436000 (22.94 %) Events processed ...
[2025-11-20 03:36:43.068] [main] [info] 110000 / 436000 (25.23 %) Events processed ...
[2025-11-20 03:37:09.848] [main] [info] 120000 / 436000 (27.52 %) Events processed ...
[2025-11-20 03:37:35.752] [main] [info] 130000 / 436000 (29.82 %) Events processed ...
[2025-11-20 03:38:01.542] [main] [info] 140000 / 436000 (32.11 %) Events processed ...
[2025-11-20 03:38:31.414] [main] [info] 150000 / 436000 (34.40 %) Events processed ...
[2025-11-20 03:38:58.062] [main] [info] 160000 / 436000 (36.70 %) Events processed ...
[2025-11-20 03:39:26.783] [main] [info] 170000 / 436000 (38.99 %) Events processed ...
[2025-11-20 03:39:53.955] [main] [info] 180000 / 436000 (41.28 %) Events processed ...
[2025-11-20 03:40:24.459] [main] [info] 190000 / 436000 (43.58 %) Events processed ...
[2025-11-20 03:40:51.394] [main] [info] 200000 / 436000 (45.87 %) Events processed ...
[2025-11-20 03:41:18.214] [main] [info] 210000 / 436000 (48.17 %) Events processed ...
[2025-11-20 03:41:47.928] [main] [info] 220000 / 436000 (50.46 %) Events processed ...
[2025-11-20 03:42:15.234] [main] [info] 230000 / 436000 (52.75 %) Events processed ...
[2025-11-20 03:42:40.196] [main] [info] 240000 / 436000 (55.05 %) Events processed ...
[2025-11-20 03:43:05.259] [main] [info] 250000 / 436000 (57.34 %) Events processed ...
[2025-11-20 03:43:34.156] [main] [info] 260000 / 436000 (59.63 %) Events processed ...
[2025-11-20 03:44:00.510] [main] [info] 270000 / 436000 (61.93 %) Events processed ...
[2025-11-20 03:44:25.389] [main] [info] 280000 / 436000 (64.22 %) Events processed ...
[2025-11-20 03:44:51.110] [main] [info] 290000 / 436000 (66.51 %) Events processed ...
[2025-11-20 03:45:22.340] [main] [info] 300000 / 436000 (68.81 %) Events processed ...
[2025-11-20 03:45:50.326] [main] [info] 310000 / 436000 (71.10 %) Events processed ...
[2025-11-20 03:46:17.397] [main] [info] 320000 / 436000 (73.39 %) Events processed ...
[2025-11-20 03:46:45.342] [main] [info] 330000 / 436000 (75.69 %) Events processed ...
[2025-11-20 03:47:11.844] [main] [info] 340000 / 436000 (77.98 %) Events processed ...
[2025-11-20 03:47:37.701] [main] [info] 350000 / 436000 (80.28 %) Events processed ...
[2025-11-20 03:48:04.505] [main] [info] 360000 / 436000 (82.57 %) Events processed ...
[2025-11-20 03:48:35.588] [main] [info] 370000 / 436000 (84.86 %) Events processed ...
[2025-11-20 03:49:02.267] [main] [info] 380000 / 436000 (87.16 %) Events processed ...
[2025-11-20 03:49:31.013] [main] [info] 390000 / 436000 (89.45 %) Events processed ...
[2025-11-20 03:49:59.161] [main] [info] 400000 / 436000 (91.74 %) Events processed ...
[2025-11-20 03:50:31.106] [main] [info] 410000 / 436000 (94.04 %) Events processed ...
[2025-11-20 03:50:58.586] [main] [info] 420000 / 436000 (96.33 %) Events processed ...
[2025-11-20 03:51:27.485] [main] [info] 430000 / 436000 (98.62 %) Events processed ...
[2025-11-20 03:51:44.620] [main] [info] vbfhmm:
GoodJetsCollection: pass=306073     all=436000     -- eff=70.20 % cumulative eff=70.20 %
Flag_goodVertices: pass=306073     all=306073     -- eff=100.00 % cumulative eff=70.20 %
Flag_globalSuperTightHalo2016Filter: pass=306043     all=306073     -- eff=99.99 % cumulative eff=70.19 %
Flag_EcalDeadCellTriggerPrimitiveFilter: pass=306030     all=306043     -- eff=100.00 % cumulative eff=70.19 %
Flag_BadPFMuonFilter: pass=305994     all=306030     -- eff=99.99 % cumulative eff=70.18 %
Flag_BadPFMuonDzFilter: pass=305987     all=305994     -- eff=100.00 % cumulative eff=70.18 %
Flag_eeBadScFilter: pass=305987     all=305987     -- eff=100.00 % cumulative eff=70.18 %
Flag_ecalBadCalibFilter: pass=305929     all=305987     -- eff=99.98 % cumulative eff=70.17 %
Flag_hfNoisyHitsFilter: pass=305923     all=305929     -- eff=100.00 % cumulative eff=70.17 %
Number of muons 2: pass=21033      all=305923     -- eff=6.88 % cumulative eff=4.82 %
Veto VH <= 0 electrons: pass=16471      all=21033      -- eff=78.31 % cumulative eff=3.78 %
DiMuon From Higgs: pass=12352      all=16471      -- eff=74.99 % cumulative eff=2.83 %
LeptonChargeSum: pass=9467       all=12352      -- eff=76.64 % cumulative eff=2.17 %
Hmass>=110: pass=852        all=9467       -- eff=9.00 % cumulative eff=0.20 %
[2025-11-20 03:51:45.426] [main] [info] Writing quantities map to /eos/user/j/jiahua/MC_2023BPix_inc/MC_2023BPix_vbf/WZto3LNu_powheg_23BPix_ext1-v2/ee657c11-4d51-44b9-b868-d0af426dd0f6_vbfhmm.root
[2025-11-20 03:51:45.523] [main] [info] Finished Evaluation
[2025-11-20 03:51:45.523] [main] [info] Overall runtime (real time: 1315.19, CPU time: 1255.43)
