Starting job on \n
Running on: Linux b9p20p0409.cern.ch 5.14.0-570.44.1.el9_6.x86_64 #1 SMP PREEMPT_DYNAMIC Tue Sep 9 05:17:30 EDT 2025 x86_64 x86_64 x86_64 GNU/Linux\n
System software: Red Hat Enterprise Linux release 9.7 (Plow)\n
Setting up CROWN for RedHatEnterprise Version 9.7
subject   : /DC=ch/DC=cern/OU=Organic Units/OU=Users/CN=jiahua/CN=851532/CN=Jiahua Chen/CN=2045128514
issuer    : /DC=ch/DC=cern/OU=Organic Units/OU=Users/CN=jiahua/CN=851532/CN=Jiahua Chen
identity  : /DC=ch/DC=cern/OU=Organic Units/OU=Users/CN=jiahua/CN=851532/CN=Jiahua Chen
type      : RFC compliant proxy
strength  : 2048 bits
path      : /afs/cern.ch/user/j/jiahua/proxy/x509up_u139833
timeleft  : 192:53:03
key usage : Digital Signature, Key Encipherment
=== VO cms extension information ===
VO        : cms
subject   : /DC=ch/DC=cern/OU=Organic Units/OU=Users/CN=jiahua/CN=851532/CN=Jiahua Chen
issuer    : /DC=ch/DC=cern/OU=computers/CN=cms-auth.cern.ch
attribute : /cms/Role=NULL/Capability=NULL
timeleft  : 184:53:02
uri       : voms-cms-auth.cern.ch:15000
subject   : /DC=ch/DC=cern/OU=Organic Units/OU=Users/CN=jiahua/CN=851532/CN=Jiahua Chen/CN=2045128514
issuer    : /DC=ch/DC=cern/OU=Organic Units/OU=Users/CN=jiahua/CN=851532/CN=Jiahua Chen
identity  : /DC=ch/DC=cern/OU=Organic Units/OU=Users/CN=jiahua/CN=851532/CN=Jiahua Chen
type      : RFC compliant proxy
strength  : 2048 bits
path      : /afs/cern.ch/user/j/jiahua/proxy/x509up_u139833
timeleft  : 192:53:03
key usage : Digital Signature, Key Encipherment
=== VO cms extension information ===
VO        : cms
subject   : /DC=ch/DC=cern/OU=Organic Units/OU=Users/CN=jiahua/CN=851532/CN=Jiahua Chen
issuer    : /DC=ch/DC=cern/OU=computers/CN=cms-auth.cern.ch
attribute : /cms/Role=NULL/Capability=NULL
timeleft  : 184:53:02
uri       : voms-cms-auth.cern.ch:15000
/eos/user/j/jiahua/MC_2023BPix_inc/MC_2023BPix_vbf/WZto3LNu_powheg_23BPix_ext1-v2/e77566a3-6424-4cae-8145-74568e9edfee.root
[2025-11-20 09:55:41.033] [main] [info] Checking input files
[2025-11-20 09:55:48.854] [main] [info] NanoAOD input_file 1: root://cms-xrd-global.cern.ch//store/mc/Run3Summer23BPixNanoAODv12/WZto3LNu_TuneCP5_13p6TeV_powheg-pythia8/NANOAODSIM/130X_mcRun3_2023_realistic_postBPix_v6_ext1-v2/100000/e77566a3-6424-4cae-8145-74568e9edfee.root - 8000 Events
[2025-11-20 09:55:48.854] [main] [info] input_file 1: root://cms-xrd-global.cern.ch//store/mc/Run3Summer23BPixNanoAODv12/WZto3LNu_TuneCP5_13p6TeV_powheg-pythia8/NANOAODSIM/130X_mcRun3_2023_realistic_postBPix_v6_ext1-v2/100000/e77566a3-6424-4cae-8145-74568e9edfee.root - SumOfGenWeight: 39401.16708 
[2025-11-20 09:55:48.854] [main] [info] Output directory: /eos/user/j/jiahua/MC_2023BPix_inc/MC_2023BPix_vbf/WZto3LNu_powheg_23BPix_ext1-v2/e77566a3-6424-4cae-8145-74568e9edfee.root
[2025-11-20 09:55:48.855] [main] [info] Starting Setup of Dataframe with 8000 events
[2025-11-20 09:57:19.813] [main] [info] Finished Setup
[2025-11-20 09:57:19.813] [main] [info] Runtime for setup (real time: 90.96, CPU time: 87.61)
[2025-11-20 09:57:19.813] [main] [info] Starting Evaluation
[2025-11-20 09:58:01.710] [main] [info] vbfhmm:
GoodJetsCollection: pass=5614       all=8000       -- eff=70.17 % cumulative eff=70.18 %
Flag_goodVertices: pass=5614       all=5614       -- eff=100.00 % cumulative eff=70.18 %
Flag_globalSuperTightHalo2016Filter: pass=5613       all=5614       -- eff=99.98 % cumulative eff=70.16 %
Flag_EcalDeadCellTriggerPrimitiveFilter: pass=5613       all=5613       -- eff=100.00 % cumulative eff=70.16 %
Flag_BadPFMuonFilter: pass=5613       all=5613       -- eff=100.00 % cumulative eff=70.16 %
Flag_BadPFMuonDzFilter: pass=5613       all=5613       -- eff=100.00 % cumulative eff=70.16 %
Flag_eeBadScFilter: pass=5613       all=5613       -- eff=100.00 % cumulative eff=70.16 %
Flag_ecalBadCalibFilter: pass=5612       all=5613       -- eff=99.98 % cumulative eff=70.15 %
Flag_hfNoisyHitsFilter: pass=5612       all=5612       -- eff=100.00 % cumulative eff=70.15 %
Number of muons 2: pass=374        all=5612       -- eff=6.66 % cumulative eff=4.68 %
Veto VH <= 0 electrons: pass=300        all=374        -- eff=80.21 % cumulative eff=3.75 %
DiMuon From Higgs: pass=224        all=300        -- eff=74.67 % cumulative eff=2.80 %
LeptonChargeSum: pass=177        all=224        -- eff=79.02 % cumulative eff=2.21 %
Hmass>=110: pass=7          all=177        -- eff=3.95 % cumulative eff=0.09 %
[2025-11-20 09:58:01.833] [main] [info] Writing quantities map to /eos/user/j/jiahua/MC_2023BPix_inc/MC_2023BPix_vbf/WZto3LNu_powheg_23BPix_ext1-v2/e77566a3-6424-4cae-8145-74568e9edfee_vbfhmm.root
[2025-11-20 09:58:01.873] [main] [info] Finished Evaluation
[2025-11-20 09:58:01.873] [main] [info] Overall runtime (real time: 133.02, CPU time: 128.03)
