Starting job on \n
Running on: Linux b9p31p2361.cern.ch 5.14.0-570.44.1.el9_6.x86_64 #1 SMP PREEMPT_DYNAMIC Tue Sep 9 05:17:30 EDT 2025 x86_64 x86_64 x86_64 GNU/Linux\n
System software: Red Hat Enterprise Linux release 9.7 (Plow)\n
Setting up CROWN for RedHatEnterprise Version 9.7
subject   : /DC=ch/DC=cern/OU=Organic Units/OU=Users/CN=jiahua/CN=851532/CN=Jiahua Chen/CN=2045128514
issuer    : /DC=ch/DC=cern/OU=Organic Units/OU=Users/CN=jiahua/CN=851532/CN=Jiahua Chen
identity  : /DC=ch/DC=cern/OU=Organic Units/OU=Users/CN=jiahua/CN=851532/CN=Jiahua Chen
type      : RFC compliant proxy
strength  : 2048 bits
path      : /afs/cern.ch/user/j/jiahua/proxy/x509up_u139833
timeleft  : 199:18:58
key usage : Digital Signature, Key Encipherment
=== VO cms extension information ===
VO        : cms
subject   : /DC=ch/DC=cern/OU=Organic Units/OU=Users/CN=jiahua/CN=851532/CN=Jiahua Chen
issuer    : /DC=ch/DC=cern/OU=computers/CN=cms-auth.cern.ch
attribute : /cms/Role=NULL/Capability=NULL
timeleft  : 191:18:57
uri       : voms-cms-auth.cern.ch:15000
subject   : /DC=ch/DC=cern/OU=Organic Units/OU=Users/CN=jiahua/CN=851532/CN=Jiahua Chen/CN=2045128514
issuer    : /DC=ch/DC=cern/OU=Organic Units/OU=Users/CN=jiahua/CN=851532/CN=Jiahua Chen
identity  : /DC=ch/DC=cern/OU=Organic Units/OU=Users/CN=jiahua/CN=851532/CN=Jiahua Chen
type      : RFC compliant proxy
strength  : 2048 bits
path      : /afs/cern.ch/user/j/jiahua/proxy/x509up_u139833
timeleft  : 199:18:58
key usage : Digital Signature, Key Encipherment
=== VO cms extension information ===
VO        : cms
subject   : /DC=ch/DC=cern/OU=Organic Units/OU=Users/CN=jiahua/CN=851532/CN=Jiahua Chen
issuer    : /DC=ch/DC=cern/OU=computers/CN=cms-auth.cern.ch
attribute : /cms/Role=NULL/Capability=NULL
timeleft  : 191:18:57
uri       : voms-cms-auth.cern.ch:15000
/eos/user/j/jiahua/MC_2023BPix_inc/MC_2023BPix_vbf/ZZto2L2Nu_powheg_23BPix/e2be396f-db44-437e-9ceb-41928eb07416.root
[2025-11-20 03:29:45.870] [main] [info] Checking input files
[2025-11-20 03:29:49.586] [main] [info] NanoAOD input_file 1: root://cms-xrd-global.cern.ch//store/mc/Run3Summer23BPixNanoAODv12/ZZto2L2Nu_TuneCP5_13p6TeV_powheg-pythia8/NANOAODSIM/130X_mcRun3_2023_realistic_postBPix_v2-v3/2820000/e2be396f-db44-437e-9ceb-41928eb07416.root - 111000 Events
[2025-11-20 03:29:49.586] [main] [info] input_file 1: root://cms-xrd-global.cern.ch//store/mc/Run3Summer23BPixNanoAODv12/ZZto2L2Nu_TuneCP5_13p6TeV_powheg-pythia8/NANOAODSIM/130X_mcRun3_2023_realistic_postBPix_v2-v3/2820000/e2be396f-db44-437e-9ceb-41928eb07416.root - SumOfGenWeight: 114396.12188000006 
[2025-11-20 03:29:49.586] [main] [info] Output directory: /eos/user/j/jiahua/MC_2023BPix_inc/MC_2023BPix_vbf/ZZto2L2Nu_powheg_23BPix/e2be396f-db44-437e-9ceb-41928eb07416.root
[2025-11-20 03:29:49.587] [main] [info] Starting Setup of Dataframe with 111000 events
[2025-11-20 03:30:49.609] [main] [info] Finished Setup
[2025-11-20 03:30:49.609] [main] [info] Runtime for setup (real time: 60.02, CPU time: 55.18)
[2025-11-20 03:30:49.609] [main] [info] Starting Evaluation
[2025-11-20 03:31:21.612] [main] [info] 10000 / 111000 (9.01 %) Events processed ...
[2025-11-20 03:31:37.191] [main] [info] 20000 / 111000 (18.02 %) Events processed ...
[2025-11-20 03:31:52.408] [main] [info] 30000 / 111000 (27.03 %) Events processed ...
[2025-11-20 03:32:10.310] [main] [info] 40000 / 111000 (36.04 %) Events processed ...
[2025-11-20 03:32:26.344] [main] [info] 50000 / 111000 (45.05 %) Events processed ...
[2025-11-20 03:32:43.928] [main] [info] 60000 / 111000 (54.05 %) Events processed ...
[2025-11-20 03:33:01.614] [main] [info] 70000 / 111000 (63.06 %) Events processed ...
[2025-11-20 03:33:22.729] [main] [info] 80000 / 111000 (72.07 %) Events processed ...
[2025-11-20 03:33:39.052] [main] [info] 90000 / 111000 (81.08 %) Events processed ...
[2025-11-20 03:33:56.234] [main] [info] 100000 / 111000 (90.09 %) Events processed ...
[2025-11-20 03:34:13.428] [main] [info] 110000 / 111000 (99.10 %) Events processed ...
[2025-11-20 03:34:15.503] [main] [info] vbfhmm:
GoodJetsCollection: pass=74851      all=111000     -- eff=67.43 % cumulative eff=67.43 %
Flag_goodVertices: pass=74851      all=74851      -- eff=100.00 % cumulative eff=67.43 %
Flag_globalSuperTightHalo2016Filter: pass=74842      all=74851      -- eff=99.99 % cumulative eff=67.43 %
Flag_EcalDeadCellTriggerPrimitiveFilter: pass=74838      all=74842      -- eff=99.99 % cumulative eff=67.42 %
Flag_BadPFMuonFilter: pass=74832      all=74838      -- eff=99.99 % cumulative eff=67.42 %
Flag_BadPFMuonDzFilter: pass=74830      all=74832      -- eff=100.00 % cumulative eff=67.41 %
Flag_eeBadScFilter: pass=74830      all=74830      -- eff=100.00 % cumulative eff=67.41 %
Flag_ecalBadCalibFilter: pass=74802      all=74830      -- eff=99.96 % cumulative eff=67.39 %
Flag_hfNoisyHitsFilter: pass=74800      all=74802      -- eff=100.00 % cumulative eff=67.39 %
Number of muons 2: pass=5088       all=74800      -- eff=6.80 % cumulative eff=4.58 %
Veto VH <= 0 electrons: pass=5085       all=5088       -- eff=99.94 % cumulative eff=4.58 %
DiMuon From Higgs: pass=4681       all=5085       -- eff=92.06 % cumulative eff=4.22 %
LeptonChargeSum: pass=4681       all=4681       -- eff=100.00 % cumulative eff=4.22 %
Hmass>=110: pass=231        all=4681       -- eff=4.93 % cumulative eff=0.21 %
[2025-11-20 03:34:15.605] [main] [info] Writing quantities map to /eos/user/j/jiahua/MC_2023BPix_inc/MC_2023BPix_vbf/ZZto2L2Nu_powheg_23BPix/e2be396f-db44-437e-9ceb-41928eb07416_vbfhmm.root
[2025-11-20 03:34:15.672] [main] [info] Finished Evaluation
[2025-11-20 03:34:15.672] [main] [info] Overall runtime (real time: 266.09, CPU time: 250.23)
