000 (13047311.030.000) 11/20 02:52:29 Job submitted from host: <188.185.121.235:9618?addrs=188.185.121.235-9618+[2001-1458-d00-49--100-36e]-9618&alias=bigbird22.cern.ch&noUDP&sock=schedd_232129_c3ca>
...
040 (13047311.030.000) 11/20 03:29:45 Started transferring input files
	Transferring to host: <128.142.161.94:9618?addrs=128.142.161.94-9618+[2001-1458-301-b8--100-1c]-9618&alias=b9g03p9851.cern.ch&noUDP&sock=slot1_46_4159_2442_60385>
...
040 (13047311.030.000) 11/20 03:29:45 Finished transferring input files
...
001 (13047311.030.000) 11/20 03:29:46 Job executing on host: <128.142.161.94:9618?addrs=128.142.161.94-9618+[2001-1458-301-b8--100-1c]-9618&alias=b9g03p9851.cern.ch&noUDP&sock=startd_3049_f059>
	SlotName: slot1_46@b9g03p9851.cern.ch
	CondorScratchDir = "/pool/condor/dir_736615"
	Cpus = 1
	Disk = 16289
	GPUs = 0
	Memory = 3000
...
006 (13047311.030.000) 11/20 03:29:59 Image size of job updated: 156048
	153  -  MemoryUsage of job (MB)
	156048  -  ResidentSetSize of job (KB)
...
006 (13047311.030.000) 11/20 03:34:59 Image size of job updated: 728996
	712  -  MemoryUsage of job (MB)
	728996  -  ResidentSetSize of job (KB)
...
006 (13047311.030.000) 11/20 03:40:00 Image size of job updated: 729128
	713  -  MemoryUsage of job (MB)
	729128  -  ResidentSetSize of job (KB)
...
006 (13047311.030.000) 11/20 03:41:19 Image size of job updated: 729156
	713  -  MemoryUsage of job (MB)
	729128  -  ResidentSetSize of job (KB)
...
040 (13047311.030.000) 11/20 03:41:19 Started transferring output files
...
040 (13047311.030.000) 11/20 03:41:19 Finished transferring output files
...
005 (13047311.030.000) 11/20 03:41:19 Job terminated.
	(1) Normal termination (return value 0)
		Usr 0 00:10:57, Sys 0 00:00:04  -  Run Remote Usage
		Usr 0 00:00:00, Sys 0 00:00:00  -  Run Local Usage
		Usr 0 00:10:57, Sys 0 00:00:04  -  Total Remote Usage
		Usr 0 00:00:00, Sys 0 00:00:00  -  Total Local Usage
	11920  -  Run Bytes Sent By Job
	11618982  -  Run Bytes Received By Job
	11920  -  Total Bytes Sent By Job
	11618982  -  Total Bytes Received By Job
	Partitionable Resources :    Usage  Request Allocated 
	   Cpus                 :     0.99        1         1 
	   Disk (KB)            : 11382       12500     16289 
	   GPUs                 :                           0 
	   Memory (MB)          :   713        3000      3000 
	   TimeExecute (s)      :   693                       
	   TimeSlotBusy (s)     :   694                       

	Job terminated of its own accord at 2025-11-20T02:41:19Z with exit-code 0.
...
