000 (13047758.074.000) 11/20 09:17:04 Job submitted from host: <188.185.121.235:9618?addrs=188.185.121.235-9618+[2001-1458-d00-49--100-36e]-9618&alias=bigbird22.cern.ch&noUDP&sock=schedd_232129_c3ca>
...
040 (13047758.074.000) 11/20 09:56:02 Started transferring input files
	Transferring to host: <188.185.194.27:9618?addrs=188.185.194.27-9618+[2001-1458-303-21--100-17]-9618&alias=b9p20p2508.cern.ch&noUDP&sock=slot1_42_9619_34a0_57231>
...
040 (13047758.074.000) 11/20 09:56:02 Finished transferring input files
...
001 (13047758.074.000) 11/20 09:56:03 Job executing on host: <188.185.194.27:9618?addrs=188.185.194.27-9618+[2001-1458-303-21--100-17]-9618&alias=b9p20p2508.cern.ch&noUDP&sock=startd_8128_b5dd>
	SlotName: slot1_42@b9p20p2508.cern.ch
	CondorScratchDir = "/pool/condor/dir_2164998"
	Cpus = 1
	Disk = 16066
	GPUs = 0
	Memory = 3000
...
006 (13047758.074.000) 11/20 09:56:16 Image size of job updated: 95772
	94  -  MemoryUsage of job (MB)
	95772  -  ResidentSetSize of job (KB)
...
006 (13047758.074.000) 11/20 10:01:16 Image size of job updated: 723488
	707  -  MemoryUsage of job (MB)
	723488  -  ResidentSetSize of job (KB)
...
006 (13047758.074.000) 11/20 10:06:17 Image size of job updated: 723704
	707  -  MemoryUsage of job (MB)
	723704  -  ResidentSetSize of job (KB)
...
006 (13047758.074.000) 11/20 10:09:28 Image size of job updated: 723812
	707  -  MemoryUsage of job (MB)
	723704  -  ResidentSetSize of job (KB)
...
040 (13047758.074.000) 11/20 10:09:28 Started transferring output files
...
040 (13047758.074.000) 11/20 10:09:28 Finished transferring output files
...
005 (13047758.074.000) 11/20 10:09:29 Job terminated.
	(1) Normal termination (return value 0)
		Usr 0 00:12:43, Sys 0 00:00:07  -  Run Remote Usage
		Usr 0 00:00:00, Sys 0 00:00:00  -  Run Local Usage
		Usr 0 00:12:43, Sys 0 00:00:07  -  Total Remote Usage
		Usr 0 00:00:00, Sys 0 00:00:00  -  Total Local Usage
	12091  -  Run Bytes Sent By Job
	11622950  -  Run Bytes Received By Job
	12091  -  Total Bytes Sent By Job
	11622950  -  Total Bytes Received By Job
	Partitionable Resources :    Usage  Request Allocated 
	   Cpus                 :     0.99        1         1 
	   Disk (KB)            : 11387       12500     16066 
	   GPUs                 :                           0 
	   Memory (MB)          :   707        3000      3000 
	   TimeExecute (s)      :   805                       
	   TimeSlotBusy (s)     :   806                       

	Job terminated of its own accord at 2025-11-20T09:09:28Z with exit-code 0.
...
