Starting job on \n
Running on: Linux b9g12p0721.cern.ch 5.14.0-570.42.2.el9_6.x86_64 #1 SMP PREEMPT_DYNAMIC Mon Sep 8 12:15:13 EDT 2025 x86_64 x86_64 x86_64 GNU/Linux\n
System software: Red Hat Enterprise Linux release 9.7 (Plow)\n
Setting up CROWN for RedHatEnterprise Version 9.7
subject   : /DC=ch/DC=cern/OU=Organic Units/OU=Users/CN=jiahua/CN=851532/CN=Jiahua Chen/CN=2045128514
issuer    : /DC=ch/DC=cern/OU=Organic Units/OU=Users/CN=jiahua/CN=851532/CN=Jiahua Chen
identity  : /DC=ch/DC=cern/OU=Organic Units/OU=Users/CN=jiahua/CN=851532/CN=Jiahua Chen
type      : RFC compliant proxy
strength  : 2048 bits
path      : /afs/cern.ch/user/j/jiahua/proxy/x509up_u139833
timeleft  : 199:18:30
key usage : Digital Signature, Key Encipherment
=== VO cms extension information ===
VO        : cms
subject   : /DC=ch/DC=cern/OU=Organic Units/OU=Users/CN=jiahua/CN=851532/CN=Jiahua Chen
issuer    : /DC=ch/DC=cern/OU=computers/CN=cms-auth.cern.ch
attribute : /cms/Role=NULL/Capability=NULL
timeleft  : 191:18:29
uri       : voms-cms-auth.cern.ch:15000
subject   : /DC=ch/DC=cern/OU=Organic Units/OU=Users/CN=jiahua/CN=851532/CN=Jiahua Chen/CN=2045128514
issuer    : /DC=ch/DC=cern/OU=Organic Units/OU=Users/CN=jiahua/CN=851532/CN=Jiahua Chen
identity  : /DC=ch/DC=cern/OU=Organic Units/OU=Users/CN=jiahua/CN=851532/CN=Jiahua Chen
type      : RFC compliant proxy
strength  : 2048 bits
path      : /afs/cern.ch/user/j/jiahua/proxy/x509up_u139833
timeleft  : 199:18:30
key usage : Digital Signature, Key Encipherment
=== VO cms extension information ===
VO        : cms
subject   : /DC=ch/DC=cern/OU=Organic Units/OU=Users/CN=jiahua/CN=851532/CN=Jiahua Chen
issuer    : /DC=ch/DC=cern/OU=computers/CN=cms-auth.cern.ch
attribute : /cms/Role=NULL/Capability=NULL
timeleft  : 191:18:29
uri       : voms-cms-auth.cern.ch:15000
/eos/user/j/jiahua/MC_2023BPix_inc/MC_2023BPix_vbf/ZZto2L2Nu_powheg_23BPix/cdf3ad6a-c1e8-4fee-87fd-ff61cb211bbe.root
[2025-11-20 03:30:13.445] [main] [info] Checking input files
[2025-11-20 03:30:16.260] [main] [info] NanoAOD input_file 1: root://cms-xrd-global.cern.ch//store/mc/Run3Summer23BPixNanoAODv12/ZZto2L2Nu_TuneCP5_13p6TeV_powheg-pythia8/NANOAODSIM/130X_mcRun3_2023_realistic_postBPix_v2-v3/40000/cdf3ad6a-c1e8-4fee-87fd-ff61cb211bbe.root - 3000 Events
[2025-11-20 03:30:16.260] [main] [info] input_file 1: root://cms-xrd-global.cern.ch//store/mc/Run3Summer23BPixNanoAODv12/ZZto2L2Nu_TuneCP5_13p6TeV_powheg-pythia8/NANOAODSIM/130X_mcRun3_2023_realistic_postBPix_v2-v3/40000/cdf3ad6a-c1e8-4fee-87fd-ff61cb211bbe.root - SumOfGenWeight: 3091.0052800000008 
[2025-11-20 03:30:16.260] [main] [info] Output directory: /eos/user/j/jiahua/MC_2023BPix_inc/MC_2023BPix_vbf/ZZto2L2Nu_powheg_23BPix/cdf3ad6a-c1e8-4fee-87fd-ff61cb211bbe.root
[2025-11-20 03:30:16.263] [main] [info] Starting Setup of Dataframe with 3000 events
[2025-11-20 03:31:50.786] [main] [info] Finished Setup
[2025-11-20 03:31:50.786] [main] [info] Runtime for setup (real time: 94.53, CPU time: 88.08)
[2025-11-20 03:31:50.786] [main] [info] Starting Evaluation
[2025-11-20 03:32:26.853] [main] [info] vbfhmm:
GoodJetsCollection: pass=1952       all=3000       -- eff=65.07 % cumulative eff=65.07 %
Flag_goodVertices: pass=1952       all=1952       -- eff=100.00 % cumulative eff=65.07 %
Flag_globalSuperTightHalo2016Filter: pass=1952       all=1952       -- eff=100.00 % cumulative eff=65.07 %
Flag_EcalDeadCellTriggerPrimitiveFilter: pass=1952       all=1952       -- eff=100.00 % cumulative eff=65.07 %
Flag_BadPFMuonFilter: pass=1952       all=1952       -- eff=100.00 % cumulative eff=65.07 %
Flag_BadPFMuonDzFilter: pass=1952       all=1952       -- eff=100.00 % cumulative eff=65.07 %
Flag_eeBadScFilter: pass=1952       all=1952       -- eff=100.00 % cumulative eff=65.07 %
Flag_ecalBadCalibFilter: pass=1950       all=1952       -- eff=99.90 % cumulative eff=65.00 %
Flag_hfNoisyHitsFilter: pass=1950       all=1950       -- eff=100.00 % cumulative eff=65.00 %
Number of muons 2: pass=148        all=1950       -- eff=7.59 % cumulative eff=4.93 %
Veto VH <= 0 electrons: pass=148        all=148        -- eff=100.00 % cumulative eff=4.93 %
DiMuon From Higgs: pass=128        all=148        -- eff=86.49 % cumulative eff=4.27 %
LeptonChargeSum: pass=128        all=128        -- eff=100.00 % cumulative eff=4.27 %
Hmass>=110: pass=7          all=128        -- eff=5.47 % cumulative eff=0.23 %
[2025-11-20 03:32:26.996] [main] [info] Writing quantities map to /eos/user/j/jiahua/MC_2023BPix_inc/MC_2023BPix_vbf/ZZto2L2Nu_powheg_23BPix/cdf3ad6a-c1e8-4fee-87fd-ff61cb211bbe_vbfhmm.root
[2025-11-20 03:32:27.055] [main] [info] Finished Evaluation
[2025-11-20 03:32:27.055] [main] [info] Overall runtime (real time: 130.79, CPU time: 122.11)
