Starting job on \n
Running on: Linux b9g19p6761.cern.ch 5.14.0-570.42.2.el9_6.x86_64 #1 SMP PREEMPT_DYNAMIC Mon Sep 8 12:15:13 EDT 2025 x86_64 x86_64 x86_64 GNU/Linux\n
System software: Red Hat Enterprise Linux release 9.7 (Plow)\n
Setting up CROWN for RedHatEnterprise Version 9.7
subject   : /DC=ch/DC=cern/OU=Organic Units/OU=Users/CN=jiahua/CN=851532/CN=Jiahua Chen/CN=2045128514
issuer    : /DC=ch/DC=cern/OU=Organic Units/OU=Users/CN=jiahua/CN=851532/CN=Jiahua Chen
identity  : /DC=ch/DC=cern/OU=Organic Units/OU=Users/CN=jiahua/CN=851532/CN=Jiahua Chen
type      : RFC compliant proxy
strength  : 2048 bits
path      : /afs/cern.ch/user/j/jiahua/proxy/x509up_u139833
timeleft  : 199:18:32
key usage : Digital Signature, Key Encipherment
=== VO cms extension information ===
VO        : cms
subject   : /DC=ch/DC=cern/OU=Organic Units/OU=Users/CN=jiahua/CN=851532/CN=Jiahua Chen
issuer    : /DC=ch/DC=cern/OU=computers/CN=cms-auth.cern.ch
attribute : /cms/Role=NULL/Capability=NULL
timeleft  : 191:18:31
uri       : voms-cms-auth.cern.ch:15000
subject   : /DC=ch/DC=cern/OU=Organic Units/OU=Users/CN=jiahua/CN=851532/CN=Jiahua Chen/CN=2045128514
issuer    : /DC=ch/DC=cern/OU=Organic Units/OU=Users/CN=jiahua/CN=851532/CN=Jiahua Chen
identity  : /DC=ch/DC=cern/OU=Organic Units/OU=Users/CN=jiahua/CN=851532/CN=Jiahua Chen
type      : RFC compliant proxy
strength  : 2048 bits
path      : /afs/cern.ch/user/j/jiahua/proxy/x509up_u139833
timeleft  : 199:18:32
key usage : Digital Signature, Key Encipherment
=== VO cms extension information ===
VO        : cms
subject   : /DC=ch/DC=cern/OU=Organic Units/OU=Users/CN=jiahua/CN=851532/CN=Jiahua Chen
issuer    : /DC=ch/DC=cern/OU=computers/CN=cms-auth.cern.ch
attribute : /cms/Role=NULL/Capability=NULL
timeleft  : 191:18:31
uri       : voms-cms-auth.cern.ch:15000
/eos/user/j/jiahua/MC_2023BPix_inc/MC_2023BPix_vbf/ZZto2L2Nu_powheg_23BPix/1335bfcd-e4e1-4a82-9458-50cf57b18053.root
[2025-11-20 03:30:12.197] [main] [info] Checking input files
[2025-11-20 03:30:14.986] [main] [info] NanoAOD input_file 1: root://cms-xrd-global.cern.ch//store/mc/Run3Summer23BPixNanoAODv12/ZZto2L2Nu_TuneCP5_13p6TeV_powheg-pythia8/NANOAODSIM/130X_mcRun3_2023_realistic_postBPix_v2-v3/40000/1335bfcd-e4e1-4a82-9458-50cf57b18053.root - 66000 Events
[2025-11-20 03:30:14.986] [main] [info] input_file 1: root://cms-xrd-global.cern.ch//store/mc/Run3Summer23BPixNanoAODv12/ZZto2L2Nu_TuneCP5_13p6TeV_powheg-pythia8/NANOAODSIM/130X_mcRun3_2023_realistic_postBPix_v2-v3/40000/1335bfcd-e4e1-4a82-9458-50cf57b18053.root - SumOfGenWeight: 68016.57942000002 
[2025-11-20 03:30:14.986] [main] [info] Output directory: /eos/user/j/jiahua/MC_2023BPix_inc/MC_2023BPix_vbf/ZZto2L2Nu_powheg_23BPix/1335bfcd-e4e1-4a82-9458-50cf57b18053.root
[2025-11-20 03:30:14.987] [main] [info] Starting Setup of Dataframe with 66000 events
[2025-11-20 03:31:42.072] [main] [info] Finished Setup
[2025-11-20 03:31:42.072] [main] [info] Runtime for setup (real time: 87.09, CPU time: 80.28)
[2025-11-20 03:31:42.072] [main] [info] Starting Evaluation
[2025-11-20 03:32:23.797] [main] [info] 10000 / 66000 (15.15 %) Events processed ...
[2025-11-20 03:32:41.745] [main] [info] 20000 / 66000 (30.30 %) Events processed ...
[2025-11-20 03:33:01.483] [main] [info] 30000 / 66000 (45.45 %) Events processed ...
[2025-11-20 03:33:23.279] [main] [info] 40000 / 66000 (60.61 %) Events processed ...
[2025-11-20 03:33:46.506] [main] [info] 50000 / 66000 (75.76 %) Events processed ...
[2025-11-20 03:34:04.681] [main] [info] 60000 / 66000 (90.91 %) Events processed ...
[2025-11-20 03:34:17.198] [main] [info] vbfhmm:
GoodJetsCollection: pass=44464      all=66000      -- eff=67.37 % cumulative eff=67.37 %
Flag_goodVertices: pass=44464      all=44464      -- eff=100.00 % cumulative eff=67.37 %
Flag_globalSuperTightHalo2016Filter: pass=44455      all=44464      -- eff=99.98 % cumulative eff=67.36 %
Flag_EcalDeadCellTriggerPrimitiveFilter: pass=44453      all=44455      -- eff=100.00 % cumulative eff=67.35 %
Flag_BadPFMuonFilter: pass=44448      all=44453      -- eff=99.99 % cumulative eff=67.35 %
Flag_BadPFMuonDzFilter: pass=44446      all=44448      -- eff=100.00 % cumulative eff=67.34 %
Flag_eeBadScFilter: pass=44446      all=44446      -- eff=100.00 % cumulative eff=67.34 %
Flag_ecalBadCalibFilter: pass=44438      all=44446      -- eff=99.98 % cumulative eff=67.33 %
Flag_hfNoisyHitsFilter: pass=44437      all=44438      -- eff=100.00 % cumulative eff=67.33 %
Number of muons 2: pass=2963       all=44437      -- eff=6.67 % cumulative eff=4.49 %
Veto VH <= 0 electrons: pass=2962       all=2963       -- eff=99.97 % cumulative eff=4.49 %
DiMuon From Higgs: pass=2762       all=2962       -- eff=93.25 % cumulative eff=4.18 %
LeptonChargeSum: pass=2761       all=2762       -- eff=99.96 % cumulative eff=4.18 %
Hmass>=110: pass=150        all=2761       -- eff=5.43 % cumulative eff=0.23 %
[2025-11-20 03:34:17.486] [main] [info] Writing quantities map to /eos/user/j/jiahua/MC_2023BPix_inc/MC_2023BPix_vbf/ZZto2L2Nu_powheg_23BPix/1335bfcd-e4e1-4a82-9458-50cf57b18053_vbfhmm.root
[2025-11-20 03:34:17.558] [main] [info] Finished Evaluation
[2025-11-20 03:34:17.558] [main] [info] Overall runtime (real time: 242.57, CPU time: 230.64)
