Starting job on \n
Running on: Linux b9p20p0434.cern.ch 5.14.0-570.44.1.el9_6.x86_64 #1 SMP PREEMPT_DYNAMIC Tue Sep 9 05:17:30 EDT 2025 x86_64 x86_64 x86_64 GNU/Linux\n
System software: Red Hat Enterprise Linux release 9.6 (Plow)\n
Setting up CROWN for RedHatEnterprise Version 9.6
subject   : /DC=ch/DC=cern/OU=Organic Units/OU=Users/CN=jiahua/CN=851532/CN=Jiahua Chen/CN=2045128514
issuer    : /DC=ch/DC=cern/OU=Organic Units/OU=Users/CN=jiahua/CN=851532/CN=Jiahua Chen
identity  : /DC=ch/DC=cern/OU=Organic Units/OU=Users/CN=jiahua/CN=851532/CN=Jiahua Chen
type      : RFC compliant proxy
strength  : 2048 bits
path      : /afs/cern.ch/user/j/jiahua/proxy/x509up_u139833
timeleft  : 199:17:31
key usage : Digital Signature, Key Encipherment
=== VO cms extension information ===
VO        : cms
subject   : /DC=ch/DC=cern/OU=Organic Units/OU=Users/CN=jiahua/CN=851532/CN=Jiahua Chen
issuer    : /DC=ch/DC=cern/OU=computers/CN=cms-auth.cern.ch
attribute : /cms/Role=NULL/Capability=NULL
timeleft  : 191:17:30
uri       : voms-cms-auth.cern.ch:15000
subject   : /DC=ch/DC=cern/OU=Organic Units/OU=Users/CN=jiahua/CN=851532/CN=Jiahua Chen/CN=2045128514
issuer    : /DC=ch/DC=cern/OU=Organic Units/OU=Users/CN=jiahua/CN=851532/CN=Jiahua Chen
identity  : /DC=ch/DC=cern/OU=Organic Units/OU=Users/CN=jiahua/CN=851532/CN=Jiahua Chen
type      : RFC compliant proxy
strength  : 2048 bits
path      : /afs/cern.ch/user/j/jiahua/proxy/x509up_u139833
timeleft  : 199:17:31
key usage : Digital Signature, Key Encipherment
=== VO cms extension information ===
VO        : cms
subject   : /DC=ch/DC=cern/OU=Organic Units/OU=Users/CN=jiahua/CN=851532/CN=Jiahua Chen
issuer    : /DC=ch/DC=cern/OU=computers/CN=cms-auth.cern.ch
attribute : /cms/Role=NULL/Capability=NULL
timeleft  : 191:17:30
uri       : voms-cms-auth.cern.ch:15000
/eos/user/j/jiahua/MC_2023BPix_inc/MC_2023BPix_vbf/ZZto2L2Q_powheg_23BPix/ceb43f40-edc4-4dde-8a5b-ded46eb60d92.root
[2025-11-20 03:31:12.952] [main] [info] Checking input files
[2025-11-20 03:31:19.706] [main] [info] NanoAOD input_file 1: root://cms-xrd-global.cern.ch//store/mc/Run3Summer23BPixNanoAODv12/ZZto2L2Q_TuneCP5_13p6TeV_powheg-pythia8/NANOAODSIM/130X_mcRun3_2023_realistic_postBPix_v2-v3/40000/ceb43f40-edc4-4dde-8a5b-ded46eb60d92.root - 354000 Events
[2025-11-20 03:31:19.707] [main] [info] input_file 1: root://cms-xrd-global.cern.ch//store/mc/Run3Summer23BPixNanoAODv12/ZZto2L2Q_TuneCP5_13p6TeV_powheg-pythia8/NANOAODSIM/130X_mcRun3_2023_realistic_postBPix_v2-v3/40000/ceb43f40-edc4-4dde-8a5b-ded46eb60d92.root - SumOfGenWeight: 2403294.374000003 
[2025-11-20 03:31:19.707] [main] [info] Output directory: /eos/user/j/jiahua/MC_2023BPix_inc/MC_2023BPix_vbf/ZZto2L2Q_powheg_23BPix/ceb43f40-edc4-4dde-8a5b-ded46eb60d92.root
[2025-11-20 03:31:19.718] [main] [info] Starting Setup of Dataframe with 354000 events
[2025-11-20 03:32:56.650] [main] [info] Finished Setup
[2025-11-20 03:32:56.650] [main] [info] Runtime for setup (real time: 96.94, CPU time: 92.69)
[2025-11-20 03:32:56.650] [main] [info] Starting Evaluation
[2025-11-20 03:33:53.550] [main] [info] 10000 / 354000 (2.82 %) Events processed ...
[2025-11-20 03:34:22.130] [main] [info] 20000 / 354000 (5.65 %) Events processed ...
[2025-11-20 03:34:47.636] [main] [info] 30000 / 354000 (8.47 %) Events processed ...
[2025-11-20 03:35:10.030] [main] [info] 40000 / 354000 (11.30 %) Events processed ...
[2025-11-20 03:35:29.405] [main] [info] 50000 / 354000 (14.12 %) Events processed ...
[2025-11-20 03:35:48.144] [main] [info] 60000 / 354000 (16.95 %) Events processed ...
[2025-11-20 03:36:07.439] [main] [info] 70000 / 354000 (19.77 %) Events processed ...
[2025-11-20 03:36:35.881] [main] [info] 80000 / 354000 (22.60 %) Events processed ...
[2025-11-20 03:37:05.058] [main] [info] 90000 / 354000 (25.42 %) Events processed ...
[2025-11-20 03:37:25.051] [main] [info] 100000 / 354000 (28.25 %) Events processed ...
[2025-11-20 03:37:52.297] [main] [info] 110000 / 354000 (31.07 %) Events processed ...
[2025-11-20 03:38:31.891] [main] [info] 120000 / 354000 (33.90 %) Events processed ...
[2025-11-20 03:38:55.842] [main] [info] 130000 / 354000 (36.72 %) Events processed ...
[2025-11-20 03:39:22.487] [main] [info] 140000 / 354000 (39.55 %) Events processed ...
[2025-11-20 03:39:47.346] [main] [info] 150000 / 354000 (42.37 %) Events processed ...
[2025-11-20 03:40:12.642] [main] [info] 160000 / 354000 (45.20 %) Events processed ...
[2025-11-20 03:40:38.705] [main] [info] 170000 / 354000 (48.02 %) Events processed ...
[2025-11-20 03:41:03.772] [main] [info] 180000 / 354000 (50.85 %) Events processed ...
[2025-11-20 03:41:30.151] [main] [info] 190000 / 354000 (53.67 %) Events processed ...
[2025-11-20 03:41:55.087] [main] [info] 200000 / 354000 (56.50 %) Events processed ...
[2025-11-20 03:42:22.016] [main] [info] 210000 / 354000 (59.32 %) Events processed ...
[2025-11-20 03:42:50.265] [main] [info] 220000 / 354000 (62.15 %) Events processed ...
[2025-11-20 03:43:15.563] [main] [info] 230000 / 354000 (64.97 %) Events processed ...
[2025-11-20 03:43:37.401] [main] [info] 240000 / 354000 (67.80 %) Events processed ...
[2025-11-20 03:44:00.229] [main] [info] 250000 / 354000 (70.62 %) Events processed ...
[2025-11-20 03:44:24.223] [main] [info] 260000 / 354000 (73.45 %) Events processed ...
[2025-11-20 03:44:48.086] [main] [info] 270000 / 354000 (76.27 %) Events processed ...
[2025-11-20 03:45:11.102] [main] [info] 280000 / 354000 (79.10 %) Events processed ...
[2025-11-20 03:45:35.846] [main] [info] 290000 / 354000 (81.92 %) Events processed ...
[2025-11-20 03:46:00.162] [main] [info] 300000 / 354000 (84.75 %) Events processed ...
[2025-11-20 03:46:21.453] [main] [info] 310000 / 354000 (87.57 %) Events processed ...
[2025-11-20 03:46:42.831] [main] [info] 320000 / 354000 (90.40 %) Events processed ...
[2025-11-20 03:47:03.821] [main] [info] 330000 / 354000 (93.22 %) Events processed ...
[2025-11-20 03:47:31.400] [main] [info] 340000 / 354000 (96.05 %) Events processed ...
[2025-11-20 03:47:54.756] [main] [info] 350000 / 354000 (98.87 %) Events processed ...
[2025-11-20 03:48:04.986] [main] [info] vbfhmm:
GoodJetsCollection: pass=272669     all=354000     -- eff=77.03 % cumulative eff=77.03 %
Flag_goodVertices: pass=272669     all=272669     -- eff=100.00 % cumulative eff=77.03 %
Flag_globalSuperTightHalo2016Filter: pass=272644     all=272669     -- eff=99.99 % cumulative eff=77.02 %
Flag_EcalDeadCellTriggerPrimitiveFilter: pass=272641     all=272644     -- eff=100.00 % cumulative eff=77.02 %
Flag_BadPFMuonFilter: pass=272623     all=272641     -- eff=99.99 % cumulative eff=77.01 %
Flag_BadPFMuonDzFilter: pass=272618     all=272623     -- eff=100.00 % cumulative eff=77.01 %
Flag_eeBadScFilter: pass=272618     all=272618     -- eff=100.00 % cumulative eff=77.01 %
Flag_ecalBadCalibFilter: pass=272583     all=272618     -- eff=99.99 % cumulative eff=77.00 %
Flag_hfNoisyHitsFilter: pass=272575     all=272583     -- eff=100.00 % cumulative eff=77.00 %
Number of muons 2: pass=19593      all=272575     -- eff=7.19 % cumulative eff=5.53 %
Veto VH <= 0 electrons: pass=19569      all=19593      -- eff=99.88 % cumulative eff=5.53 %
DiMuon From Higgs: pass=17876      all=19569      -- eff=91.35 % cumulative eff=5.05 %
LeptonChargeSum: pass=17859      all=17876      -- eff=99.90 % cumulative eff=5.04 %
Hmass>=110: pass=974        all=17859      -- eff=5.45 % cumulative eff=0.28 %
[2025-11-20 03:48:05.170] [main] [info] Writing quantities map to /eos/user/j/jiahua/MC_2023BPix_inc/MC_2023BPix_vbf/ZZto2L2Q_powheg_23BPix/ceb43f40-edc4-4dde-8a5b-ded46eb60d92_vbfhmm.root
[2025-11-20 03:48:05.252] [main] [info] Finished Evaluation
[2025-11-20 03:48:05.252] [main] [info] Overall runtime (real time: 1005.54, CPU time: 972.07)
