000 (13047312.059.000) 11/20 02:52:31 Job submitted from host: <188.185.121.235:9618?addrs=188.185.121.235-9618+[2001-1458-d00-49--100-36e]-9618&alias=bigbird22.cern.ch&noUDP&sock=schedd_232129_c3ca>
...
040 (13047312.059.000) 11/20 03:30:30 Started transferring input files
	Transferring to host: <188.185.210.92:9618?addrs=188.185.210.92-9618+[2001-1458-303-1--100-58]-9618&alias=b9p21p4629.cern.ch&noUDP&sock=slot1_34_8986_3326_63048>
...
040 (13047312.059.000) 11/20 03:30:30 Finished transferring input files
...
001 (13047312.059.000) 11/20 03:30:31 Job executing on host: <188.185.210.92:9618?addrs=188.185.210.92-9618+[2001-1458-303-1--100-58]-9618&alias=b9p21p4629.cern.ch&noUDP&sock=startd_7635_8dad>
	SlotName: slot1_34@b9p21p4629.cern.ch
	CondorScratchDir = "/pool/condor/dir_3106860"
	Cpus = 1
	Disk = 16040
	GPUs = 0
	Memory = 3000
...
006 (13047312.059.000) 11/20 03:30:45 Image size of job updated: 103164
	101  -  MemoryUsage of job (MB)
	103164  -  ResidentSetSize of job (KB)
...
006 (13047312.059.000) 11/20 03:35:46 Image size of job updated: 734684
	718  -  MemoryUsage of job (MB)
	734684  -  ResidentSetSize of job (KB)
...
006 (13047312.059.000) 11/20 03:39:04 Image size of job updated: 734868
	718  -  MemoryUsage of job (MB)
	734684  -  ResidentSetSize of job (KB)
...
040 (13047312.059.000) 11/20 03:39:05 Started transferring output files
...
040 (13047312.059.000) 11/20 03:39:05 Finished transferring output files
...
005 (13047312.059.000) 11/20 03:39:05 Job terminated.
	(1) Normal termination (return value 0)
		Usr 0 00:07:48, Sys 0 00:00:06  -  Run Remote Usage
		Usr 0 00:00:00, Sys 0 00:00:00  -  Run Local Usage
		Usr 0 00:07:48, Sys 0 00:00:06  -  Total Remote Usage
		Usr 0 00:00:00, Sys 0 00:00:00  -  Total Local Usage
	11379  -  Run Bytes Sent By Job
	11618982  -  Run Bytes Received By Job
	11379  -  Total Bytes Sent By Job
	11618982  -  Total Bytes Received By Job
	Partitionable Resources :    Usage  Request Allocated 
	   Cpus                 :     0.98        1         1 
	   Disk (KB)            : 11381       12500     16040 
	   GPUs                 :                           0 
	   Memory (MB)          :   718        3000      3000 
	   TimeExecute (s)      :   513                       
	   TimeSlotBusy (s)     :   515                       

	Job terminated of its own accord at 2025-11-20T02:39:04Z with exit-code 0.
...
