000 (13047758.008.000) 11/20 09:17:04 Job submitted from host: <188.185.121.235:9618?addrs=188.185.121.235-9618+[2001-1458-d00-49--100-36e]-9618&alias=bigbird22.cern.ch&noUDP&sock=schedd_232129_c3ca>
...
040 (13047758.008.000) 11/20 09:55:36 Started transferring input files
	Transferring to host: <128.142.137.207:9618?addrs=128.142.137.207-9618+[2001-1458-301-5e--100-c3]-9618&alias=b9g19p6897.cern.ch&noUDP&sock=slot1_39_2882_612e_60864>
...
040 (13047758.008.000) 11/20 09:55:36 Finished transferring input files
...
001 (13047758.008.000) 11/20 09:55:37 Job executing on host: <128.142.137.207:9618?addrs=128.142.137.207-9618+[2001-1458-301-5e--100-c3]-9618&alias=b9g19p6897.cern.ch&noUDP&sock=startd_2476_e895>
	SlotName: slot1_39@b9g19p6897.cern.ch
	CondorScratchDir = "/pool/condor/dir_3934872"
	Cpus = 1
	Disk = 15045
	GPUs = 0
	Memory = 3000
...
006 (13047758.008.000) 11/20 09:55:51 Image size of job updated: 154816
	152  -  MemoryUsage of job (MB)
	154816  -  ResidentSetSize of job (KB)
...
006 (13047758.008.000) 11/20 10:00:52 Image size of job updated: 722228
	706  -  MemoryUsage of job (MB)
	722228  -  ResidentSetSize of job (KB)
...
006 (13047758.008.000) 11/20 10:01:37 Image size of job updated: 722256
	706  -  MemoryUsage of job (MB)
	722228  -  ResidentSetSize of job (KB)
...
040 (13047758.008.000) 11/20 10:01:37 Started transferring output files
...
040 (13047758.008.000) 11/20 10:01:37 Finished transferring output files
...
005 (13047758.008.000) 11/20 10:01:37 Job terminated.
	(1) Normal termination (return value 0)
		Usr 0 00:05:34, Sys 0 00:00:04  -  Run Remote Usage
		Usr 0 00:00:00, Sys 0 00:00:00  -  Run Local Usage
		Usr 0 00:05:34, Sys 0 00:00:04  -  Total Remote Usage
		Usr 0 00:00:00, Sys 0 00:00:00  -  Total Local Usage
	10432  -  Run Bytes Sent By Job
	11622950  -  Run Bytes Received By Job
	10432  -  Total Bytes Sent By Job
	11622950  -  Total Bytes Received By Job
	Partitionable Resources :    Usage  Request Allocated 
	   Cpus                 :     0.99        1         1 
	   Disk (KB)            : 11385       12500     15045 
	   GPUs                 :                           0 
	   Memory (MB)          :   706        3000      3000 
	   TimeExecute (s)      :   360                       
	   TimeSlotBusy (s)     :   361                       

	Job terminated of its own accord at 2025-11-20T09:01:37Z with exit-code 0.
...
