Starting job on \n
Running on: Linux b9p31p5850.cern.ch 5.14.0-570.44.1.el9_6.x86_64 #1 SMP PREEMPT_DYNAMIC Tue Sep 9 05:17:30 EDT 2025 x86_64 x86_64 x86_64 GNU/Linux\n
System software: Red Hat Enterprise Linux release 9.7 (Plow)\n
Setting up CROWN for RedHatEnterprise Version 9.7
subject   : /DC=ch/DC=cern/OU=Organic Units/OU=Users/CN=jiahua/CN=851532/CN=Jiahua Chen/CN=2045128514
issuer    : /DC=ch/DC=cern/OU=Organic Units/OU=Users/CN=jiahua/CN=851532/CN=Jiahua Chen
identity  : /DC=ch/DC=cern/OU=Organic Units/OU=Users/CN=jiahua/CN=851532/CN=Jiahua Chen
type      : RFC compliant proxy
strength  : 2048 bits
path      : /afs/cern.ch/user/j/jiahua/proxy/x509up_u139833
timeleft  : 192:52:19
key usage : Digital Signature, Key Encipherment
=== VO cms extension information ===
VO        : cms
subject   : /DC=ch/DC=cern/OU=Organic Units/OU=Users/CN=jiahua/CN=851532/CN=Jiahua Chen
issuer    : /DC=ch/DC=cern/OU=computers/CN=cms-auth.cern.ch
attribute : /cms/Role=NULL/Capability=NULL
timeleft  : 184:52:18
uri       : voms-cms-auth.cern.ch:15000
subject   : /DC=ch/DC=cern/OU=Organic Units/OU=Users/CN=jiahua/CN=851532/CN=Jiahua Chen/CN=2045128514
issuer    : /DC=ch/DC=cern/OU=Organic Units/OU=Users/CN=jiahua/CN=851532/CN=Jiahua Chen
identity  : /DC=ch/DC=cern/OU=Organic Units/OU=Users/CN=jiahua/CN=851532/CN=Jiahua Chen
type      : RFC compliant proxy
strength  : 2048 bits
path      : /afs/cern.ch/user/j/jiahua/proxy/x509up_u139833
timeleft  : 192:52:19
key usage : Digital Signature, Key Encipherment
=== VO cms extension information ===
VO        : cms
subject   : /DC=ch/DC=cern/OU=Organic Units/OU=Users/CN=jiahua/CN=851532/CN=Jiahua Chen
issuer    : /DC=ch/DC=cern/OU=computers/CN=cms-auth.cern.ch
attribute : /cms/Role=NULL/Capability=NULL
timeleft  : 184:52:18
uri       : voms-cms-auth.cern.ch:15000
/eos/user/j/jiahua/MC_2023BPix_inc/MC_2023BPix_vbf/ZZto4L_powheg_23BPix/9cd961a6-880b-4e26-a5be-8de1936a4836.root
[2025-11-20 09:56:25.014] [main] [info] Checking input files
[2025-11-20 09:56:29.521] [main] [info] NanoAOD input_file 1: root://cms-xrd-global.cern.ch//store/mc/Run3Summer23BPixNanoAODv12/ZZto4L_TuneCP5_13p6TeV_powheg-pythia8/NANOAODSIM/130X_mcRun3_2023_realistic_postBPix_v2-v3/2810000/9cd961a6-880b-4e26-a5be-8de1936a4836.root - 252000 Events
[2025-11-20 09:56:29.521] [main] [info] input_file 1: root://cms-xrd-global.cern.ch//store/mc/Run3Summer23BPixNanoAODv12/ZZto4L_TuneCP5_13p6TeV_powheg-pythia8/NANOAODSIM/130X_mcRun3_2023_realistic_postBPix_v2-v3/2810000/9cd961a6-880b-4e26-a5be-8de1936a4836.root - SumOfGenWeight: 350436.96248 
[2025-11-20 09:56:29.521] [main] [info] Output directory: /eos/user/j/jiahua/MC_2023BPix_inc/MC_2023BPix_vbf/ZZto4L_powheg_23BPix/9cd961a6-880b-4e26-a5be-8de1936a4836.root
[2025-11-20 09:56:29.522] [main] [info] Starting Setup of Dataframe with 252000 events
[2025-11-20 09:57:22.816] [main] [info] Finished Setup
[2025-11-20 09:57:22.816] [main] [info] Runtime for setup (real time: 53.30, CPU time: 49.46)
[2025-11-20 09:57:22.816] [main] [info] Starting Evaluation
[2025-11-20 09:57:55.060] [main] [info] 10000 / 252000 (3.97 %) Events processed ...
[2025-11-20 09:58:10.905] [main] [info] 20000 / 252000 (7.94 %) Events processed ...
[2025-11-20 09:58:25.196] [main] [info] 30000 / 252000 (11.90 %) Events processed ...
[2025-11-20 09:58:41.614] [main] [info] 40000 / 252000 (15.87 %) Events processed ...
[2025-11-20 09:58:55.629] [main] [info] 50000 / 252000 (19.84 %) Events processed ...
[2025-11-20 09:59:10.602] [main] [info] 60000 / 252000 (23.81 %) Events processed ...
[2025-11-20 09:59:25.651] [main] [info] 70000 / 252000 (27.78 %) Events processed ...
[2025-11-20 09:59:44.266] [main] [info] 80000 / 252000 (31.75 %) Events processed ...
[2025-11-20 10:00:00.260] [main] [info] 90000 / 252000 (35.71 %) Events processed ...
[2025-11-20 10:00:15.484] [main] [info] 100000 / 252000 (39.68 %) Events processed ...
[2025-11-20 10:00:30.367] [main] [info] 110000 / 252000 (43.65 %) Events processed ...
[2025-11-20 10:00:49.242] [main] [info] 120000 / 252000 (47.62 %) Events processed ...
[2025-11-20 10:01:06.202] [main] [info] 130000 / 252000 (51.59 %) Events processed ...
[2025-11-20 10:01:20.906] [main] [info] 140000 / 252000 (55.56 %) Events processed ...
[2025-11-20 10:01:39.423] [main] [info] 150000 / 252000 (59.52 %) Events processed ...
[2025-11-20 10:01:55.717] [main] [info] 160000 / 252000 (63.49 %) Events processed ...
[2025-11-20 10:02:09.840] [main] [info] 170000 / 252000 (67.46 %) Events processed ...
[2025-11-20 10:02:25.445] [main] [info] 180000 / 252000 (71.43 %) Events processed ...
[2025-11-20 10:02:42.229] [main] [info] 190000 / 252000 (75.40 %) Events processed ...
[2025-11-20 10:02:57.888] [main] [info] 200000 / 252000 (79.37 %) Events processed ...
[2025-11-20 10:03:14.323] [main] [info] 210000 / 252000 (83.33 %) Events processed ...
[2025-11-20 10:03:30.109] [main] [info] 220000 / 252000 (87.30 %) Events processed ...
[2025-11-20 10:03:46.988] [main] [info] 230000 / 252000 (91.27 %) Events processed ...
[2025-11-20 10:04:06.613] [main] [info] 240000 / 252000 (95.24 %) Events processed ...
[2025-11-20 10:04:25.304] [main] [info] 250000 / 252000 (99.21 %) Events processed ...
[2025-11-20 10:04:29.318] [main] [info] vbfhmm:
GoodJetsCollection: pass=163724     all=252000     -- eff=64.97 % cumulative eff=64.97 %
Flag_goodVertices: pass=163724     all=163724     -- eff=100.00 % cumulative eff=64.97 %
Flag_globalSuperTightHalo2016Filter: pass=163711     all=163724     -- eff=99.99 % cumulative eff=64.96 %
Flag_EcalDeadCellTriggerPrimitiveFilter: pass=163708     all=163711     -- eff=100.00 % cumulative eff=64.96 %
Flag_BadPFMuonFilter: pass=163686     all=163708     -- eff=99.99 % cumulative eff=64.95 %
Flag_BadPFMuonDzFilter: pass=163685     all=163686     -- eff=100.00 % cumulative eff=64.95 %
Flag_eeBadScFilter: pass=163685     all=163685     -- eff=100.00 % cumulative eff=64.95 %
Flag_ecalBadCalibFilter: pass=163665     all=163685     -- eff=99.99 % cumulative eff=64.95 %
Flag_hfNoisyHitsFilter: pass=163659     all=163665     -- eff=100.00 % cumulative eff=64.94 %
Number of muons 2: pass=14166      all=163659     -- eff=8.66 % cumulative eff=5.62 %
Veto VH <= 0 electrons: pass=10631      all=14166      -- eff=75.05 % cumulative eff=4.22 %
DiMuon From Higgs: pass=7854       all=10631      -- eff=73.88 % cumulative eff=3.12 %
LeptonChargeSum: pass=6816       all=7854       -- eff=86.78 % cumulative eff=2.70 %
Hmass>=110: pass=498        all=6816       -- eff=7.31 % cumulative eff=0.20 %
[2025-11-20 10:04:29.556] [main] [info] Writing quantities map to /eos/user/j/jiahua/MC_2023BPix_inc/MC_2023BPix_vbf/ZZto4L_powheg_23BPix/9cd961a6-880b-4e26-a5be-8de1936a4836_vbfhmm.root
[2025-11-20 10:04:29.674] [main] [info] Finished Evaluation
[2025-11-20 10:04:29.674] [main] [info] Overall runtime (real time: 480.15, CPU time: 461.62)
