Starting job on \n
Running on: Linux b9p17p8817.cern.ch 5.14.0-570.46.1.el9_6.x86_64 #1 SMP PREEMPT_DYNAMIC Tue Sep 16 03:28:23 EDT 2025 x86_64 x86_64 x86_64 GNU/Linux\n
System software: Red Hat Enterprise Linux release 9.7 (Plow)\n
Setting up CROWN for RedHatEnterprise Version 9.7
subject   : /DC=ch/DC=cern/OU=Organic Units/OU=Users/CN=jiahua/CN=851532/CN=Jiahua Chen/CN=2045128514
issuer    : /DC=ch/DC=cern/OU=Organic Units/OU=Users/CN=jiahua/CN=851532/CN=Jiahua Chen
identity  : /DC=ch/DC=cern/OU=Organic Units/OU=Users/CN=jiahua/CN=851532/CN=Jiahua Chen
type      : RFC compliant proxy
strength  : 2048 bits
path      : /afs/cern.ch/user/j/jiahua/proxy/x509up_u139833
timeleft  : 199:17:32
key usage : Digital Signature, Key Encipherment
=== VO cms extension information ===
VO        : cms
subject   : /DC=ch/DC=cern/OU=Organic Units/OU=Users/CN=jiahua/CN=851532/CN=Jiahua Chen
issuer    : /DC=ch/DC=cern/OU=computers/CN=cms-auth.cern.ch
attribute : /cms/Role=NULL/Capability=NULL
timeleft  : 191:17:31
uri       : voms-cms-auth.cern.ch:15000
subject   : /DC=ch/DC=cern/OU=Organic Units/OU=Users/CN=jiahua/CN=851532/CN=Jiahua Chen/CN=2045128514
issuer    : /DC=ch/DC=cern/OU=Organic Units/OU=Users/CN=jiahua/CN=851532/CN=Jiahua Chen
identity  : /DC=ch/DC=cern/OU=Organic Units/OU=Users/CN=jiahua/CN=851532/CN=Jiahua Chen
type      : RFC compliant proxy
strength  : 2048 bits
path      : /afs/cern.ch/user/j/jiahua/proxy/x509up_u139833
timeleft  : 199:17:32
key usage : Digital Signature, Key Encipherment
=== VO cms extension information ===
VO        : cms
subject   : /DC=ch/DC=cern/OU=Organic Units/OU=Users/CN=jiahua/CN=851532/CN=Jiahua Chen
issuer    : /DC=ch/DC=cern/OU=computers/CN=cms-auth.cern.ch
attribute : /cms/Role=NULL/Capability=NULL
timeleft  : 191:17:31
uri       : voms-cms-auth.cern.ch:15000
/eos/user/j/jiahua/MC_2023BPix_inc/MC_2023BPix_vbf/ZZto2L2Q_powheg_23BPix/e04f30b3-d192-49c7-9c9b-9bf22d1bc5f1.root
[2025-11-20 03:31:12.493] [main] [info] Checking input files
[2025-11-20 03:31:20.571] [main] [info] NanoAOD input_file 1: root://cms-xrd-global.cern.ch//store/mc/Run3Summer23BPixNanoAODv12/ZZto2L2Q_TuneCP5_13p6TeV_powheg-pythia8/NANOAODSIM/130X_mcRun3_2023_realistic_postBPix_v2-v3/40000/e04f30b3-d192-49c7-9c9b-9bf22d1bc5f1.root - 372000 Events
[2025-11-20 03:31:20.571] [main] [info] input_file 1: root://cms-xrd-global.cern.ch//store/mc/Run3Summer23BPixNanoAODv12/ZZto2L2Q_TuneCP5_13p6TeV_powheg-pythia8/NANOAODSIM/130X_mcRun3_2023_realistic_postBPix_v2-v3/40000/e04f30b3-d192-49c7-9c9b-9bf22d1bc5f1.root - SumOfGenWeight: 2525728.5170000005 
[2025-11-20 03:31:20.571] [main] [info] Output directory: /eos/user/j/jiahua/MC_2023BPix_inc/MC_2023BPix_vbf/ZZto2L2Q_powheg_23BPix/e04f30b3-d192-49c7-9c9b-9bf22d1bc5f1.root
[2025-11-20 03:31:20.586] [main] [info] Starting Setup of Dataframe with 372000 events
[2025-11-20 03:32:41.539] [main] [info] Finished Setup
[2025-11-20 03:32:41.539] [main] [info] Runtime for setup (real time: 80.97, CPU time: 76.52)
[2025-11-20 03:32:41.539] [main] [info] Starting Evaluation
[2025-11-20 03:33:32.394] [main] [info] 10000 / 372000 (2.69 %) Events processed ...
[2025-11-20 03:33:56.629] [main] [info] 20000 / 372000 (5.38 %) Events processed ...
[2025-11-20 03:34:18.877] [main] [info] 30000 / 372000 (8.06 %) Events processed ...
[2025-11-20 03:34:45.531] [main] [info] 40000 / 372000 (10.75 %) Events processed ...
[2025-11-20 03:35:09.578] [main] [info] 50000 / 372000 (13.44 %) Events processed ...
[2025-11-20 03:35:35.842] [main] [info] 60000 / 372000 (16.13 %) Events processed ...
[2025-11-20 03:35:59.663] [main] [info] 70000 / 372000 (18.82 %) Events processed ...
[2025-11-20 03:36:26.370] [main] [info] 80000 / 372000 (21.51 %) Events processed ...
[2025-11-20 03:36:57.091] [main] [info] 90000 / 372000 (24.19 %) Events processed ...
[2025-11-20 03:37:24.601] [main] [info] 100000 / 372000 (26.88 %) Events processed ...
[2025-11-20 03:37:52.241] [main] [info] 110000 / 372000 (29.57 %) Events processed ...
[2025-11-20 03:38:27.211] [main] [info] 120000 / 372000 (32.26 %) Events processed ...
[2025-11-20 03:38:57.731] [main] [info] 130000 / 372000 (34.95 %) Events processed ...
[2025-11-20 03:39:25.871] [main] [info] 140000 / 372000 (37.63 %) Events processed ...
[2025-11-20 03:39:55.642] [main] [info] 150000 / 372000 (40.32 %) Events processed ...
[2025-11-20 03:40:24.605] [main] [info] 160000 / 372000 (43.01 %) Events processed ...
[2025-11-20 03:40:51.788] [main] [info] 170000 / 372000 (45.70 %) Events processed ...
[2025-11-20 03:41:17.581] [main] [info] 180000 / 372000 (48.39 %) Events processed ...
[2025-11-20 03:41:51.153] [main] [info] 190000 / 372000 (51.08 %) Events processed ...
[2025-11-20 03:42:16.038] [main] [info] 200000 / 372000 (53.76 %) Events processed ...
[2025-11-20 03:42:43.381] [main] [info] 210000 / 372000 (56.45 %) Events processed ...
[2025-11-20 03:43:09.285] [main] [info] 220000 / 372000 (59.14 %) Events processed ...
[2025-11-20 03:43:40.563] [main] [info] 230000 / 372000 (61.83 %) Events processed ...
[2025-11-20 03:44:10.943] [main] [info] 240000 / 372000 (64.52 %) Events processed ...
[2025-11-20 03:44:34.906] [main] [info] 250000 / 372000 (67.20 %) Events processed ...
[2025-11-20 03:45:02.263] [main] [info] 260000 / 372000 (69.89 %) Events processed ...
[2025-11-20 03:45:31.914] [main] [info] 270000 / 372000 (72.58 %) Events processed ...
[2025-11-20 03:45:57.976] [main] [info] 280000 / 372000 (75.27 %) Events processed ...
[2025-11-20 03:46:19.564] [main] [info] 290000 / 372000 (77.96 %) Events processed ...
[2025-11-20 03:46:46.528] [main] [info] 300000 / 372000 (80.65 %) Events processed ...
[2025-11-20 03:47:08.844] [main] [info] 310000 / 372000 (83.33 %) Events processed ...
[2025-11-20 03:47:32.243] [main] [info] 320000 / 372000 (86.02 %) Events processed ...
[2025-11-20 03:47:56.276] [main] [info] 330000 / 372000 (88.71 %) Events processed ...
[2025-11-20 03:48:27.273] [main] [info] 340000 / 372000 (91.40 %) Events processed ...
[2025-11-20 03:48:51.380] [main] [info] 350000 / 372000 (94.09 %) Events processed ...
[2025-11-20 03:49:17.127] [main] [info] 360000 / 372000 (96.77 %) Events processed ...
[2025-11-20 03:49:45.304] [main] [info] 370000 / 372000 (99.46 %) Events processed ...
[2025-11-20 03:49:50.486] [main] [info] vbfhmm:
GoodJetsCollection: pass=286018     all=372000     -- eff=76.89 % cumulative eff=76.89 %
Flag_goodVertices: pass=286018     all=286018     -- eff=100.00 % cumulative eff=76.89 %
Flag_globalSuperTightHalo2016Filter: pass=285971     all=286018     -- eff=99.98 % cumulative eff=76.87 %
Flag_EcalDeadCellTriggerPrimitiveFilter: pass=285963     all=285971     -- eff=100.00 % cumulative eff=76.87 %
Flag_BadPFMuonFilter: pass=285940     all=285963     -- eff=99.99 % cumulative eff=76.87 %
Flag_BadPFMuonDzFilter: pass=285936     all=285940     -- eff=100.00 % cumulative eff=76.86 %
Flag_eeBadScFilter: pass=285936     all=285936     -- eff=100.00 % cumulative eff=76.86 %
Flag_ecalBadCalibFilter: pass=285903     all=285936     -- eff=99.99 % cumulative eff=76.86 %
Flag_hfNoisyHitsFilter: pass=285897     all=285903     -- eff=100.00 % cumulative eff=76.85 %
Number of muons 2: pass=20405      all=285897     -- eff=7.14 % cumulative eff=5.49 %
Veto VH <= 0 electrons: pass=20380      all=20405      -- eff=99.88 % cumulative eff=5.48 %
DiMuon From Higgs: pass=18459      all=20380      -- eff=90.57 % cumulative eff=4.96 %
LeptonChargeSum: pass=18447      all=18459      -- eff=99.93 % cumulative eff=4.96 %
Hmass>=110: pass=931        all=18447      -- eff=5.05 % cumulative eff=0.25 %
[2025-11-20 03:49:51.088] [main] [info] Writing quantities map to /eos/user/j/jiahua/MC_2023BPix_inc/MC_2023BPix_vbf/ZZto2L2Q_powheg_23BPix/e04f30b3-d192-49c7-9c9b-9bf22d1bc5f1_vbfhmm.root
[2025-11-20 03:49:51.206] [main] [info] Finished Evaluation
[2025-11-20 03:49:51.206] [main] [info] Overall runtime (real time: 1110.63, CPU time: 1073.92)
