Starting job on \n
Running on: Linux b9p19p2782.cern.ch 5.14.0-570.44.1.el9_6.x86_64 #1 SMP PREEMPT_DYNAMIC Tue Sep 9 05:17:30 EDT 2025 x86_64 x86_64 x86_64 GNU/Linux\n
System software: Red Hat Enterprise Linux release 9.7 (Plow)\n
Setting up CROWN for RedHatEnterprise Version 9.7
subject   : /DC=ch/DC=cern/OU=Organic Units/OU=Users/CN=jiahua/CN=851532/CN=Jiahua Chen/CN=2045128514
issuer    : /DC=ch/DC=cern/OU=Organic Units/OU=Users/CN=jiahua/CN=851532/CN=Jiahua Chen
identity  : /DC=ch/DC=cern/OU=Organic Units/OU=Users/CN=jiahua/CN=851532/CN=Jiahua Chen
type      : RFC compliant proxy
strength  : 2048 bits
path      : /afs/cern.ch/user/j/jiahua/proxy/x509up_u139833
timeleft  : 199:18:40
key usage : Digital Signature, Key Encipherment
=== VO cms extension information ===
VO        : cms
subject   : /DC=ch/DC=cern/OU=Organic Units/OU=Users/CN=jiahua/CN=851532/CN=Jiahua Chen
issuer    : /DC=ch/DC=cern/OU=computers/CN=cms-auth.cern.ch
attribute : /cms/Role=NULL/Capability=NULL
timeleft  : 191:18:39
uri       : voms-cms-auth.cern.ch:15000
subject   : /DC=ch/DC=cern/OU=Organic Units/OU=Users/CN=jiahua/CN=851532/CN=Jiahua Chen/CN=2045128514
issuer    : /DC=ch/DC=cern/OU=Organic Units/OU=Users/CN=jiahua/CN=851532/CN=Jiahua Chen
identity  : /DC=ch/DC=cern/OU=Organic Units/OU=Users/CN=jiahua/CN=851532/CN=Jiahua Chen
type      : RFC compliant proxy
strength  : 2048 bits
path      : /afs/cern.ch/user/j/jiahua/proxy/x509up_u139833
timeleft  : 199:18:40
key usage : Digital Signature, Key Encipherment
=== VO cms extension information ===
VO        : cms
subject   : /DC=ch/DC=cern/OU=Organic Units/OU=Users/CN=jiahua/CN=851532/CN=Jiahua Chen
issuer    : /DC=ch/DC=cern/OU=computers/CN=cms-auth.cern.ch
attribute : /cms/Role=NULL/Capability=NULL
timeleft  : 191:18:39
uri       : voms-cms-auth.cern.ch:15000
/eos/user/j/jiahua/MC_2023BPix_inc/MC_2023BPix_vbf/ZZto2L2Nu_powheg_23BPix/4c3769c8-a1b6-46d9-a73e-3b11263817b8.root
[2025-11-20 03:30:04.250] [main] [info] Checking input files
[2025-11-20 03:30:13.283] [main] [info] NanoAOD input_file 1: root://cms-xrd-global.cern.ch//store/mc/Run3Summer23BPixNanoAODv12/ZZto2L2Nu_TuneCP5_13p6TeV_powheg-pythia8/NANOAODSIM/130X_mcRun3_2023_realistic_postBPix_v2-v3/2820000/4c3769c8-a1b6-46d9-a73e-3b11263817b8.root - 249000 Events
[2025-11-20 03:30:13.283] [main] [info] input_file 1: root://cms-xrd-global.cern.ch//store/mc/Run3Summer23BPixNanoAODv12/ZZto2L2Nu_TuneCP5_13p6TeV_powheg-pythia8/NANOAODSIM/130X_mcRun3_2023_realistic_postBPix_v2-v3/2820000/4c3769c8-a1b6-46d9-a73e-3b11263817b8.root - SumOfGenWeight: 256681.5414 
[2025-11-20 03:30:13.283] [main] [info] Output directory: /eos/user/j/jiahua/MC_2023BPix_inc/MC_2023BPix_vbf/ZZto2L2Nu_powheg_23BPix/4c3769c8-a1b6-46d9-a73e-3b11263817b8.root
[2025-11-20 03:30:13.294] [main] [info] Starting Setup of Dataframe with 249000 events
[2025-11-20 03:31:56.717] [main] [info] Finished Setup
[2025-11-20 03:31:56.717] [main] [info] Runtime for setup (real time: 103.43, CPU time: 95.80)
[2025-11-20 03:31:56.717] [main] [info] Starting Evaluation
[2025-11-20 03:32:45.110] [main] [info] 10000 / 249000 (4.02 %) Events processed ...
[2025-11-20 03:33:08.393] [main] [info] 20000 / 249000 (8.03 %) Events processed ...
[2025-11-20 03:33:29.552] [main] [info] 30000 / 249000 (12.05 %) Events processed ...
[2025-11-20 03:33:52.624] [main] [info] 40000 / 249000 (16.06 %) Events processed ...
[2025-11-20 03:34:11.321] [main] [info] 50000 / 249000 (20.08 %) Events processed ...
[2025-11-20 03:34:28.812] [main] [info] 60000 / 249000 (24.10 %) Events processed ...
[2025-11-20 03:34:50.229] [main] [info] 70000 / 249000 (28.11 %) Events processed ...
[2025-11-20 03:35:09.695] [main] [info] 80000 / 249000 (32.13 %) Events processed ...
[2025-11-20 03:35:31.680] [main] [info] 90000 / 249000 (36.14 %) Events processed ...
[2025-11-20 03:35:53.876] [main] [info] 100000 / 249000 (40.16 %) Events processed ...
[2025-11-20 03:36:13.576] [main] [info] 110000 / 249000 (44.18 %) Events processed ...
[2025-11-20 03:36:32.656] [main] [info] 120000 / 249000 (48.19 %) Events processed ...
[2025-11-20 03:36:49.896] [main] [info] 130000 / 249000 (52.21 %) Events processed ...
[2025-11-20 03:37:07.553] [main] [info] 140000 / 249000 (56.22 %) Events processed ...
[2025-11-20 03:37:25.043] [main] [info] 150000 / 249000 (60.24 %) Events processed ...
[2025-11-20 03:37:44.855] [main] [info] 160000 / 249000 (64.26 %) Events processed ...
[2025-11-20 03:38:02.715] [main] [info] 170000 / 249000 (68.27 %) Events processed ...
[2025-11-20 03:38:20.023] [main] [info] 180000 / 249000 (72.29 %) Events processed ...
[2025-11-20 03:38:43.741] [main] [info] 190000 / 249000 (76.31 %) Events processed ...
[2025-11-20 03:39:12.354] [main] [info] 200000 / 249000 (80.32 %) Events processed ...
[2025-11-20 03:39:34.773] [main] [info] 210000 / 249000 (84.34 %) Events processed ...
[2025-11-20 03:39:56.926] [main] [info] 220000 / 249000 (88.35 %) Events processed ...
[2025-11-20 03:40:19.006] [main] [info] 230000 / 249000 (92.37 %) Events processed ...
[2025-11-20 03:40:40.727] [main] [info] 240000 / 249000 (96.39 %) Events processed ...
[2025-11-20 03:40:57.847] [main] [info] vbfhmm:
GoodJetsCollection: pass=167313     all=249000     -- eff=67.19 % cumulative eff=67.19 %
Flag_goodVertices: pass=167313     all=167313     -- eff=100.00 % cumulative eff=67.19 %
Flag_globalSuperTightHalo2016Filter: pass=167283     all=167313     -- eff=99.98 % cumulative eff=67.18 %
Flag_EcalDeadCellTriggerPrimitiveFilter: pass=167275     all=167283     -- eff=100.00 % cumulative eff=67.18 %
Flag_BadPFMuonFilter: pass=167257     all=167275     -- eff=99.99 % cumulative eff=67.17 %
Flag_BadPFMuonDzFilter: pass=167251     all=167257     -- eff=100.00 % cumulative eff=67.17 %
Flag_eeBadScFilter: pass=167251     all=167251     -- eff=100.00 % cumulative eff=67.17 %
Flag_ecalBadCalibFilter: pass=167206     all=167251     -- eff=99.97 % cumulative eff=67.15 %
Flag_hfNoisyHitsFilter: pass=167199     all=167206     -- eff=100.00 % cumulative eff=67.15 %
Number of muons 2: pass=11369      all=167199     -- eff=6.80 % cumulative eff=4.57 %
Veto VH <= 0 electrons: pass=11360      all=11369      -- eff=99.92 % cumulative eff=4.56 %
DiMuon From Higgs: pass=10572      all=11360      -- eff=93.06 % cumulative eff=4.25 %
LeptonChargeSum: pass=10571      all=10572      -- eff=99.99 % cumulative eff=4.25 %
Hmass>=110: pass=534        all=10571      -- eff=5.05 % cumulative eff=0.21 %
[2025-11-20 03:40:58.026] [main] [info] Writing quantities map to /eos/user/j/jiahua/MC_2023BPix_inc/MC_2023BPix_vbf/ZZto2L2Nu_powheg_23BPix/4c3769c8-a1b6-46d9-a73e-3b11263817b8_vbfhmm.root
[2025-11-20 03:40:58.106] [main] [info] Finished Evaluation
[2025-11-20 03:40:58.106] [main] [info] Overall runtime (real time: 644.82, CPU time: 618.57)
