000 (13047314.051.000) 11/20 02:52:33 Job submitted from host: <188.185.121.235:9618?addrs=188.185.121.235-9618+[2001-1458-d00-49--100-36e]-9618&alias=bigbird22.cern.ch&noUDP&sock=schedd_232129_c3ca>
...
040 (13047314.051.000) 11/20 03:31:12 Started transferring input files
	Transferring to host: <188.185.213.153:9618?addrs=188.185.213.153-9618+[2001-1458-303-1b--100-15]-9618&alias=b9p28p8772.cern.ch&noUDP&sock=slot1_23_5437_9bb6_74734>
...
040 (13047314.051.000) 11/20 03:31:12 Finished transferring input files
...
001 (13047314.051.000) 11/20 03:31:13 Job executing on host: <188.185.213.153:9618?addrs=188.185.213.153-9618+[2001-1458-303-1b--100-15]-9618&alias=b9p28p8772.cern.ch&noUDP&sock=startd_4413_8787>
	SlotName: slot1_23@b9p28p8772.cern.ch
	CondorScratchDir = "/pool/condor/dir_2913385"
	Cpus = 1
	Disk = 16042
	GPUs = 0
	Memory = 3000
...
006 (13047314.051.000) 11/20 03:31:26 Image size of job updated: 153424
	150  -  MemoryUsage of job (MB)
	153424  -  ResidentSetSize of job (KB)
...
006 (13047314.051.000) 11/20 03:36:26 Image size of job updated: 727416
	711  -  MemoryUsage of job (MB)
	727416  -  ResidentSetSize of job (KB)
...
006 (13047314.051.000) 11/20 03:40:27 Image size of job updated: 727548
	711  -  MemoryUsage of job (MB)
	727416  -  ResidentSetSize of job (KB)
...
040 (13047314.051.000) 11/20 03:40:27 Started transferring output files
...
040 (13047314.051.000) 11/20 03:40:27 Finished transferring output files
...
005 (13047314.051.000) 11/20 03:40:29 Job terminated.
	(1) Normal termination (return value 0)
		Usr 0 00:08:33, Sys 0 00:00:10  -  Run Remote Usage
		Usr 0 00:00:00, Sys 0 00:00:00  -  Run Local Usage
		Usr 0 00:08:33, Sys 0 00:00:10  -  Total Remote Usage
		Usr 0 00:00:00, Sys 0 00:00:00  -  Total Local Usage
	11565  -  Run Bytes Sent By Job
	11618982  -  Run Bytes Received By Job
	11565  -  Total Bytes Sent By Job
	11618982  -  Total Bytes Received By Job
	Partitionable Resources :    Usage  Request Allocated 
	   Cpus                 :     0.84        1         1 
	   Disk (KB)            : 11381       12500     16042 
	   GPUs                 :                           0 
	   Memory (MB)          :   711        3000      3000 
	   TimeExecute (s)      :   554                       
	   TimeSlotBusy (s)     :   556                       

	Job terminated of its own accord at 2025-11-20T02:40:27Z with exit-code 0.
...
