Starting job on \n
Running on: Linux b9p10p9536.cern.ch 5.14.0-570.42.2.el9_6.x86_64 #1 SMP PREEMPT_DYNAMIC Mon Sep 8 12:15:13 EDT 2025 x86_64 x86_64 x86_64 GNU/Linux\n
System software: Red Hat Enterprise Linux release 9.7 (Plow)\n
Setting up CROWN for RedHatEnterprise Version 9.7
subject   : /DC=ch/DC=cern/OU=Organic Units/OU=Users/CN=jiahua/CN=851532/CN=Jiahua Chen/CN=2045128514
issuer    : /DC=ch/DC=cern/OU=Organic Units/OU=Users/CN=jiahua/CN=851532/CN=Jiahua Chen
identity  : /DC=ch/DC=cern/OU=Organic Units/OU=Users/CN=jiahua/CN=851532/CN=Jiahua Chen
type      : RFC compliant proxy
strength  : 2048 bits
path      : /afs/cern.ch/user/j/jiahua/proxy/x509up_u139833
timeleft  : 199:17:58
key usage : Digital Signature, Key Encipherment
=== VO cms extension information ===
VO        : cms
subject   : /DC=ch/DC=cern/OU=Organic Units/OU=Users/CN=jiahua/CN=851532/CN=Jiahua Chen
issuer    : /DC=ch/DC=cern/OU=computers/CN=cms-auth.cern.ch
attribute : /cms/Role=NULL/Capability=NULL
timeleft  : 191:17:57
uri       : voms-cms-auth.cern.ch:15000
subject   : /DC=ch/DC=cern/OU=Organic Units/OU=Users/CN=jiahua/CN=851532/CN=Jiahua Chen/CN=2045128514
issuer    : /DC=ch/DC=cern/OU=Organic Units/OU=Users/CN=jiahua/CN=851532/CN=Jiahua Chen
identity  : /DC=ch/DC=cern/OU=Organic Units/OU=Users/CN=jiahua/CN=851532/CN=Jiahua Chen
type      : RFC compliant proxy
strength  : 2048 bits
path      : /afs/cern.ch/user/j/jiahua/proxy/x509up_u139833
timeleft  : 199:17:58
key usage : Digital Signature, Key Encipherment
=== VO cms extension information ===
VO        : cms
subject   : /DC=ch/DC=cern/OU=Organic Units/OU=Users/CN=jiahua/CN=851532/CN=Jiahua Chen
issuer    : /DC=ch/DC=cern/OU=computers/CN=cms-auth.cern.ch
attribute : /cms/Role=NULL/Capability=NULL
timeleft  : 191:17:57
uri       : voms-cms-auth.cern.ch:15000
/eos/user/j/jiahua/MC_2023BPix_inc/MC_2023BPix_vbf/ZZto4L_powheg_23BPix/1a4b529e-aa7d-4e57-9591-1504207fb185.root
[2025-11-20 03:30:45.569] [main] [info] Checking input files
[2025-11-20 03:30:50.132] [main] [info] NanoAOD input_file 1: root://cms-xrd-global.cern.ch//store/mc/Run3Summer23BPixNanoAODv12/ZZto4L_TuneCP5_13p6TeV_powheg-pythia8/NANOAODSIM/130X_mcRun3_2023_realistic_postBPix_v2-v3/40000/1a4b529e-aa7d-4e57-9591-1504207fb185.root - 264000 Events
[2025-11-20 03:30:50.132] [main] [info] input_file 1: root://cms-xrd-global.cern.ch//store/mc/Run3Summer23BPixNanoAODv12/ZZto4L_TuneCP5_13p6TeV_powheg-pythia8/NANOAODSIM/130X_mcRun3_2023_realistic_postBPix_v2-v3/40000/1a4b529e-aa7d-4e57-9591-1504207fb185.root - SumOfGenWeight: 367109.04846 
[2025-11-20 03:30:50.132] [main] [info] Output directory: /eos/user/j/jiahua/MC_2023BPix_inc/MC_2023BPix_vbf/ZZto4L_powheg_23BPix/1a4b529e-aa7d-4e57-9591-1504207fb185.root
[2025-11-20 03:30:50.133] [main] [info] Starting Setup of Dataframe with 264000 events
[2025-11-20 03:31:33.847] [main] [info] Finished Setup
[2025-11-20 03:31:33.847] [main] [info] Runtime for setup (real time: 43.72, CPU time: 39.81)
[2025-11-20 03:31:33.847] [main] [info] Starting Evaluation
[2025-11-20 03:31:57.657] [main] [info] 10000 / 264000 (3.79 %) Events processed ...
[2025-11-20 03:32:08.649] [main] [info] 20000 / 264000 (7.58 %) Events processed ...
[2025-11-20 03:32:19.876] [main] [info] 30000 / 264000 (11.36 %) Events processed ...
[2025-11-20 03:32:31.778] [main] [info] 40000 / 264000 (15.15 %) Events processed ...
[2025-11-20 03:32:42.576] [main] [info] 50000 / 264000 (18.94 %) Events processed ...
[2025-11-20 03:32:53.317] [main] [info] 60000 / 264000 (22.73 %) Events processed ...
[2025-11-20 03:33:03.782] [main] [info] 70000 / 264000 (26.52 %) Events processed ...
[2025-11-20 03:33:15.637] [main] [info] 80000 / 264000 (30.30 %) Events processed ...
[2025-11-20 03:33:25.585] [main] [info] 90000 / 264000 (34.09 %) Events processed ...
[2025-11-20 03:33:35.448] [main] [info] 100000 / 264000 (37.88 %) Events processed ...
[2025-11-20 03:33:45.711] [main] [info] 110000 / 264000 (41.67 %) Events processed ...
[2025-11-20 03:33:57.862] [main] [info] 120000 / 264000 (45.45 %) Events processed ...
[2025-11-20 03:34:07.905] [main] [info] 130000 / 264000 (49.24 %) Events processed ...
[2025-11-20 03:34:18.162] [main] [info] 140000 / 264000 (53.03 %) Events processed ...
[2025-11-20 03:34:28.348] [main] [info] 150000 / 264000 (56.82 %) Events processed ...
[2025-11-20 03:34:40.260] [main] [info] 160000 / 264000 (60.61 %) Events processed ...
[2025-11-20 03:34:51.154] [main] [info] 170000 / 264000 (64.39 %) Events processed ...
[2025-11-20 03:35:02.916] [main] [info] 180000 / 264000 (68.18 %) Events processed ...
[2025-11-20 03:35:15.774] [main] [info] 190000 / 264000 (71.97 %) Events processed ...
[2025-11-20 03:35:26.441] [main] [info] 200000 / 264000 (75.76 %) Events processed ...
[2025-11-20 03:35:37.718] [main] [info] 210000 / 264000 (79.55 %) Events processed ...
[2025-11-20 03:35:48.472] [main] [info] 220000 / 264000 (83.33 %) Events processed ...
[2025-11-20 03:36:00.832] [main] [info] 230000 / 264000 (87.12 %) Events processed ...
[2025-11-20 03:36:12.008] [main] [info] 240000 / 264000 (90.91 %) Events processed ...
[2025-11-20 03:36:23.065] [main] [info] 250000 / 264000 (94.70 %) Events processed ...
[2025-11-20 03:36:34.958] [main] [info] 260000 / 264000 (98.48 %) Events processed ...
[2025-11-20 03:36:40.317] [main] [info] vbfhmm:
GoodJetsCollection: pass=171036     all=264000     -- eff=64.79 % cumulative eff=64.79 %
Flag_goodVertices: pass=171036     all=171036     -- eff=100.00 % cumulative eff=64.79 %
Flag_globalSuperTightHalo2016Filter: pass=171020     all=171036     -- eff=99.99 % cumulative eff=64.78 %
Flag_EcalDeadCellTriggerPrimitiveFilter: pass=171016     all=171020     -- eff=100.00 % cumulative eff=64.78 %
Flag_BadPFMuonFilter: pass=171004     all=171016     -- eff=99.99 % cumulative eff=64.77 %
Flag_BadPFMuonDzFilter: pass=170996     all=171004     -- eff=100.00 % cumulative eff=64.77 %
Flag_eeBadScFilter: pass=170996     all=170996     -- eff=100.00 % cumulative eff=64.77 %
Flag_ecalBadCalibFilter: pass=170974     all=170996     -- eff=99.99 % cumulative eff=64.76 %
Flag_hfNoisyHitsFilter: pass=170960     all=170974     -- eff=99.99 % cumulative eff=64.76 %
Number of muons 2: pass=14836      all=170960     -- eff=8.68 % cumulative eff=5.62 %
Veto VH <= 0 electrons: pass=11111      all=14836      -- eff=74.89 % cumulative eff=4.21 %
DiMuon From Higgs: pass=8181       all=11111      -- eff=73.63 % cumulative eff=3.10 %
LeptonChargeSum: pass=7136       all=8181       -- eff=87.23 % cumulative eff=2.70 %
Hmass>=110: pass=506        all=7136       -- eff=7.09 % cumulative eff=0.19 %
[2025-11-20 03:36:40.426] [main] [info] Writing quantities map to /eos/user/j/jiahua/MC_2023BPix_inc/MC_2023BPix_vbf/ZZto4L_powheg_23BPix/1a4b529e-aa7d-4e57-9591-1504207fb185_vbfhmm.root
[2025-11-20 03:36:40.489] [main] [info] Finished Evaluation
[2025-11-20 03:36:40.489] [main] [info] Overall runtime (real time: 350.36, CPU time: 334.79)
