Starting job on \n
Running on: Linux b9p26p0147.cern.ch 5.14.0-570.44.1.el9_6.x86_64 #1 SMP PREEMPT_DYNAMIC Tue Sep 9 05:17:30 EDT 2025 x86_64 x86_64 x86_64 GNU/Linux\n
System software: Red Hat Enterprise Linux release 9.7 (Plow)\n
Setting up CROWN for RedHatEnterprise Version 9.7
subject   : /DC=ch/DC=cern/OU=Organic Units/OU=Users/CN=jiahua/CN=851532/CN=Jiahua Chen/CN=2045128514
issuer    : /DC=ch/DC=cern/OU=Organic Units/OU=Users/CN=jiahua/CN=851532/CN=Jiahua Chen
identity  : /DC=ch/DC=cern/OU=Organic Units/OU=Users/CN=jiahua/CN=851532/CN=Jiahua Chen
type      : RFC compliant proxy
strength  : 2048 bits
path      : /afs/cern.ch/user/j/jiahua/proxy/x509up_u139833
timeleft  : 192:51:29
key usage : Digital Signature, Key Encipherment
=== VO cms extension information ===
VO        : cms
subject   : /DC=ch/DC=cern/OU=Organic Units/OU=Users/CN=jiahua/CN=851532/CN=Jiahua Chen
issuer    : /DC=ch/DC=cern/OU=computers/CN=cms-auth.cern.ch
attribute : /cms/Role=NULL/Capability=NULL
timeleft  : 184:51:28
uri       : voms-cms-auth.cern.ch:15000
subject   : /DC=ch/DC=cern/OU=Organic Units/OU=Users/CN=jiahua/CN=851532/CN=Jiahua Chen/CN=2045128514
issuer    : /DC=ch/DC=cern/OU=Organic Units/OU=Users/CN=jiahua/CN=851532/CN=Jiahua Chen
identity  : /DC=ch/DC=cern/OU=Organic Units/OU=Users/CN=jiahua/CN=851532/CN=Jiahua Chen
type      : RFC compliant proxy
strength  : 2048 bits
path      : /afs/cern.ch/user/j/jiahua/proxy/x509up_u139833
timeleft  : 192:51:29
key usage : Digital Signature, Key Encipherment
=== VO cms extension information ===
VO        : cms
subject   : /DC=ch/DC=cern/OU=Organic Units/OU=Users/CN=jiahua/CN=851532/CN=Jiahua Chen
issuer    : /DC=ch/DC=cern/OU=computers/CN=cms-auth.cern.ch
attribute : /cms/Role=NULL/Capability=NULL
timeleft  : 184:51:28
uri       : voms-cms-auth.cern.ch:15000
/eos/user/j/jiahua/MC_2023BPix_inc/MC_2023BPix_vbf/ZZto2L2Q_powheg_23BPix/cba2d2f0-065d-49f8-b060-7ff807ffb5eb.root
[2025-11-20 09:57:14.723] [main] [info] Checking input files
[2025-11-20 09:57:31.520] [main] [info] NanoAOD input_file 1: root://cms-xrd-global.cern.ch//store/mc/Run3Summer23BPixNanoAODv12/ZZto2L2Q_TuneCP5_13p6TeV_powheg-pythia8/NANOAODSIM/130X_mcRun3_2023_realistic_postBPix_v2-v3/40000/cba2d2f0-065d-49f8-b060-7ff807ffb5eb.root - 489000 Events
[2025-11-20 09:57:31.520] [main] [info] input_file 1: root://cms-xrd-global.cern.ch//store/mc/Run3Summer23BPixNanoAODv12/ZZto2L2Q_TuneCP5_13p6TeV_powheg-pythia8/NANOAODSIM/130X_mcRun3_2023_realistic_postBPix_v2-v3/40000/cba2d2f0-065d-49f8-b060-7ff807ffb5eb.root - SumOfGenWeight: 3319603.4690000038 
[2025-11-20 09:57:31.520] [main] [info] Output directory: /eos/user/j/jiahua/MC_2023BPix_inc/MC_2023BPix_vbf/ZZto2L2Q_powheg_23BPix/cba2d2f0-065d-49f8-b060-7ff807ffb5eb.root
[2025-11-20 09:57:31.521] [main] [info] Starting Setup of Dataframe with 489000 events
[2025-11-20 09:58:21.674] [main] [info] Finished Setup
[2025-11-20 09:58:21.674] [main] [info] Runtime for setup (real time: 50.15, CPU time: 46.21)
[2025-11-20 09:58:21.674] [main] [info] Starting Evaluation
[2025-11-20 09:58:50.680] [main] [info] 10000 / 489000 (2.04 %) Events processed ...
[2025-11-20 09:59:07.008] [main] [info] 20000 / 489000 (4.09 %) Events processed ...
[2025-11-20 09:59:22.280] [main] [info] 30000 / 489000 (6.13 %) Events processed ...
[2025-11-20 09:59:40.469] [main] [info] 40000 / 489000 (8.18 %) Events processed ...
[2025-11-20 09:59:56.721] [main] [info] 50000 / 489000 (10.22 %) Events processed ...
[2025-11-20 10:00:13.047] [main] [info] 60000 / 489000 (12.27 %) Events processed ...
[2025-11-20 10:00:29.172] [main] [info] 70000 / 489000 (14.31 %) Events processed ...
[2025-11-20 10:00:47.714] [main] [info] 80000 / 489000 (16.36 %) Events processed ...
[2025-11-20 10:01:03.324] [main] [info] 90000 / 489000 (18.40 %) Events processed ...
[2025-11-20 10:01:18.437] [main] [info] 100000 / 489000 (20.45 %) Events processed ...
[2025-11-20 10:01:34.911] [main] [info] 110000 / 489000 (22.49 %) Events processed ...
[2025-11-20 10:01:52.042] [main] [info] 120000 / 489000 (24.54 %) Events processed ...
[2025-11-20 10:02:06.585] [main] [info] 130000 / 489000 (26.58 %) Events processed ...
[2025-11-20 10:02:22.159] [main] [info] 140000 / 489000 (28.63 %) Events processed ...
[2025-11-20 10:02:39.442] [main] [info] 150000 / 489000 (30.67 %) Events processed ...
[2025-11-20 10:02:56.513] [main] [info] 160000 / 489000 (32.72 %) Events processed ...
[2025-11-20 10:03:11.355] [main] [info] 170000 / 489000 (34.76 %) Events processed ...
[2025-11-20 10:03:26.459] [main] [info] 180000 / 489000 (36.81 %) Events processed ...
[2025-11-20 10:03:44.150] [main] [info] 190000 / 489000 (38.85 %) Events processed ...
[2025-11-20 10:04:00.426] [main] [info] 200000 / 489000 (40.90 %) Events processed ...
[2025-11-20 10:04:14.550] [main] [info] 210000 / 489000 (42.94 %) Events processed ...
[2025-11-20 10:04:29.878] [main] [info] 220000 / 489000 (44.99 %) Events processed ...
[2025-11-20 10:04:47.170] [main] [info] 230000 / 489000 (47.03 %) Events processed ...
[2025-11-20 10:05:02.465] [main] [info] 240000 / 489000 (49.08 %) Events processed ...
[2025-11-20 10:05:18.376] [main] [info] 250000 / 489000 (51.12 %) Events processed ...
[2025-11-20 10:05:33.577] [main] [info] 260000 / 489000 (53.17 %) Events processed ...
[2025-11-20 10:05:50.513] [main] [info] 270000 / 489000 (55.21 %) Events processed ...
[2025-11-20 10:06:05.907] [main] [info] 280000 / 489000 (57.26 %) Events processed ...
[2025-11-20 10:06:21.631] [main] [info] 290000 / 489000 (59.30 %) Events processed ...
[2025-11-20 10:06:40.791] [main] [info] 300000 / 489000 (61.35 %) Events processed ...
[2025-11-20 10:06:56.019] [main] [info] 310000 / 489000 (63.39 %) Events processed ...
[2025-11-20 10:07:10.548] [main] [info] 320000 / 489000 (65.44 %) Events processed ...
[2025-11-20 10:07:25.602] [main] [info] 330000 / 489000 (67.48 %) Events processed ...
[2025-11-20 10:07:43.109] [main] [info] 340000 / 489000 (69.53 %) Events processed ...
[2025-11-20 10:07:59.286] [main] [info] 350000 / 489000 (71.57 %) Events processed ...
[2025-11-20 10:08:15.514] [main] [info] 360000 / 489000 (73.62 %) Events processed ...
[2025-11-20 10:08:31.102] [main] [info] 370000 / 489000 (75.66 %) Events processed ...
[2025-11-20 10:08:48.126] [main] [info] 380000 / 489000 (77.71 %) Events processed ...
[2025-11-20 10:09:02.909] [main] [info] 390000 / 489000 (79.75 %) Events processed ...
[2025-11-20 10:09:17.758] [main] [info] 400000 / 489000 (81.80 %) Events processed ...
[2025-11-20 10:09:32.240] [main] [info] 410000 / 489000 (83.84 %) Events processed ...
[2025-11-20 10:09:51.491] [main] [info] 420000 / 489000 (85.89 %) Events processed ...
[2025-11-20 10:10:07.553] [main] [info] 430000 / 489000 (87.93 %) Events processed ...
[2025-11-20 10:10:23.004] [main] [info] 440000 / 489000 (89.98 %) Events processed ...
[2025-11-20 10:10:41.911] [main] [info] 450000 / 489000 (92.02 %) Events processed ...
[2025-11-20 10:10:56.762] [main] [info] 460000 / 489000 (94.07 %) Events processed ...
[2025-11-20 10:11:12.047] [main] [info] 470000 / 489000 (96.11 %) Events processed ...
[2025-11-20 10:11:27.849] [main] [info] 480000 / 489000 (98.16 %) Events processed ...
[2025-11-20 10:11:43.663] [main] [info] vbfhmm:
GoodJetsCollection: pass=376103     all=489000     -- eff=76.91 % cumulative eff=76.91 %
Flag_goodVertices: pass=376103     all=376103     -- eff=100.00 % cumulative eff=76.91 %
Flag_globalSuperTightHalo2016Filter: pass=376051     all=376103     -- eff=99.99 % cumulative eff=76.90 %
Flag_EcalDeadCellTriggerPrimitiveFilter: pass=376045     all=376051     -- eff=100.00 % cumulative eff=76.90 %
Flag_BadPFMuonFilter: pass=376016     all=376045     -- eff=99.99 % cumulative eff=76.89 %
Flag_BadPFMuonDzFilter: pass=376012     all=376016     -- eff=100.00 % cumulative eff=76.89 %
Flag_eeBadScFilter: pass=376012     all=376012     -- eff=100.00 % cumulative eff=76.89 %
Flag_ecalBadCalibFilter: pass=375949     all=376012     -- eff=99.98 % cumulative eff=76.88 %
Flag_hfNoisyHitsFilter: pass=375939     all=375949     -- eff=100.00 % cumulative eff=76.88 %
Number of muons 2: pass=26670      all=375939     -- eff=7.09 % cumulative eff=5.45 %
Veto VH <= 0 electrons: pass=26639      all=26670      -- eff=99.88 % cumulative eff=5.45 %
DiMuon From Higgs: pass=24267      all=26639      -- eff=91.10 % cumulative eff=4.96 %
LeptonChargeSum: pass=24245      all=24267      -- eff=99.91 % cumulative eff=4.96 %
Hmass>=110: pass=1202       all=24245      -- eff=4.96 % cumulative eff=0.25 %
[2025-11-20 10:11:43.881] [main] [info] Writing quantities map to /eos/user/j/jiahua/MC_2023BPix_inc/MC_2023BPix_vbf/ZZto2L2Q_powheg_23BPix/cba2d2f0-065d-49f8-b060-7ff807ffb5eb_vbfhmm.root
[2025-11-20 10:11:43.933] [main] [info] Finished Evaluation
[2025-11-20 10:11:43.933] [main] [info] Overall runtime (real time: 852.41, CPU time: 815.87)
