Starting job on \n
Running on: Linux b9p17p8157.cern.ch 5.14.0-570.44.1.el9_6.x86_64 #1 SMP PREEMPT_DYNAMIC Tue Sep 9 05:17:30 EDT 2025 x86_64 x86_64 x86_64 GNU/Linux\n
System software: Red Hat Enterprise Linux release 9.7 (Plow)\n
Setting up CROWN for RedHatEnterprise Version 9.7
subject   : /DC=ch/DC=cern/OU=Organic Units/OU=Users/CN=jiahua/CN=851532/CN=Jiahua Chen/CN=2045128514
issuer    : /DC=ch/DC=cern/OU=Organic Units/OU=Users/CN=jiahua/CN=851532/CN=Jiahua Chen
identity  : /DC=ch/DC=cern/OU=Organic Units/OU=Users/CN=jiahua/CN=851532/CN=Jiahua Chen
type      : RFC compliant proxy
strength  : 2048 bits
path      : /afs/cern.ch/user/j/jiahua/proxy/x509up_u139833
timeleft  : 192:52:12
key usage : Digital Signature, Key Encipherment
=== VO cms extension information ===
VO        : cms
subject   : /DC=ch/DC=cern/OU=Organic Units/OU=Users/CN=jiahua/CN=851532/CN=Jiahua Chen
issuer    : /DC=ch/DC=cern/OU=computers/CN=cms-auth.cern.ch
attribute : /cms/Role=NULL/Capability=NULL
timeleft  : 184:52:11
uri       : voms-cms-auth.cern.ch:15000
subject   : /DC=ch/DC=cern/OU=Organic Units/OU=Users/CN=jiahua/CN=851532/CN=Jiahua Chen/CN=2045128514
issuer    : /DC=ch/DC=cern/OU=Organic Units/OU=Users/CN=jiahua/CN=851532/CN=Jiahua Chen
identity  : /DC=ch/DC=cern/OU=Organic Units/OU=Users/CN=jiahua/CN=851532/CN=Jiahua Chen
type      : RFC compliant proxy
strength  : 2048 bits
path      : /afs/cern.ch/user/j/jiahua/proxy/x509up_u139833
timeleft  : 192:52:12
key usage : Digital Signature, Key Encipherment
=== VO cms extension information ===
VO        : cms
subject   : /DC=ch/DC=cern/OU=Organic Units/OU=Users/CN=jiahua/CN=851532/CN=Jiahua Chen
issuer    : /DC=ch/DC=cern/OU=computers/CN=cms-auth.cern.ch
attribute : /cms/Role=NULL/Capability=NULL
timeleft  : 184:52:11
uri       : voms-cms-auth.cern.ch:15000
/eos/user/j/jiahua/MC_2023BPix_inc/MC_2023BPix_vbf/ZZto4L_powheg_23BPix/5ae565e0-db1d-4e00-8f0b-310db6b55e4b.root
[2025-11-20 09:56:31.641] [main] [info] Checking input files
[2025-11-20 09:56:41.059] [main] [info] NanoAOD input_file 1: root://cms-xrd-global.cern.ch//store/mc/Run3Summer23BPixNanoAODv12/ZZto4L_TuneCP5_13p6TeV_powheg-pythia8/NANOAODSIM/130X_mcRun3_2023_realistic_postBPix_v2-v3/2810000/5ae565e0-db1d-4e00-8f0b-310db6b55e4b.root - 15000 Events
[2025-11-20 09:56:41.059] [main] [info] input_file 1: root://cms-xrd-global.cern.ch//store/mc/Run3Summer23BPixNanoAODv12/ZZto4L_TuneCP5_13p6TeV_powheg-pythia8/NANOAODSIM/130X_mcRun3_2023_realistic_postBPix_v2-v3/2810000/5ae565e0-db1d-4e00-8f0b-310db6b55e4b.root - SumOfGenWeight: 20816.92448 
[2025-11-20 09:56:41.059] [main] [info] Output directory: /eos/user/j/jiahua/MC_2023BPix_inc/MC_2023BPix_vbf/ZZto4L_powheg_23BPix/5ae565e0-db1d-4e00-8f0b-310db6b55e4b.root
[2025-11-20 09:56:41.062] [main] [info] Starting Setup of Dataframe with 15000 events
[2025-11-20 09:58:32.331] [main] [info] Finished Setup
[2025-11-20 09:58:32.331] [main] [info] Runtime for setup (real time: 111.27, CPU time: 107.21)
[2025-11-20 09:58:32.331] [main] [info] Starting Evaluation
[2025-11-20 09:59:25.799] [main] [info] 10000 / 15000 (66.67 %) Events processed ...
[2025-11-20 09:59:40.739] [main] [info] vbfhmm:
GoodJetsCollection: pass=9656       all=15000      -- eff=64.37 % cumulative eff=64.37 %
Flag_goodVertices: pass=9656       all=9656       -- eff=100.00 % cumulative eff=64.37 %
Flag_globalSuperTightHalo2016Filter: pass=9655       all=9656       -- eff=99.99 % cumulative eff=64.37 %
Flag_EcalDeadCellTriggerPrimitiveFilter: pass=9655       all=9655       -- eff=100.00 % cumulative eff=64.37 %
Flag_BadPFMuonFilter: pass=9654       all=9655       -- eff=99.99 % cumulative eff=64.36 %
Flag_BadPFMuonDzFilter: pass=9654       all=9654       -- eff=100.00 % cumulative eff=64.36 %
Flag_eeBadScFilter: pass=9654       all=9654       -- eff=100.00 % cumulative eff=64.36 %
Flag_ecalBadCalibFilter: pass=9652       all=9654       -- eff=99.98 % cumulative eff=64.35 %
Flag_hfNoisyHitsFilter: pass=9649       all=9652       -- eff=99.97 % cumulative eff=64.33 %
Number of muons 2: pass=793        all=9649       -- eff=8.22 % cumulative eff=5.29 %
Veto VH <= 0 electrons: pass=565        all=793        -- eff=71.25 % cumulative eff=3.77 %
DiMuon From Higgs: pass=415        all=565        -- eff=73.45 % cumulative eff=2.77 %
LeptonChargeSum: pass=367        all=415        -- eff=88.43 % cumulative eff=2.45 %
Hmass>=110: pass=30         all=367        -- eff=8.17 % cumulative eff=0.20 %
[2025-11-20 09:59:41.643] [main] [info] Writing quantities map to /eos/user/j/jiahua/MC_2023BPix_inc/MC_2023BPix_vbf/ZZto4L_powheg_23BPix/5ae565e0-db1d-4e00-8f0b-310db6b55e4b_vbfhmm.root
[2025-11-20 09:59:41.711] [main] [info] Finished Evaluation
[2025-11-20 09:59:41.711] [main] [info] Overall runtime (real time: 180.65, CPU time: 173.75)
