Starting job on \n
Running on: Linux b9p16p2468.cern.ch 5.14.0-570.46.1.el9_6.x86_64 #1 SMP PREEMPT_DYNAMIC Tue Sep 16 03:28:23 EDT 2025 x86_64 x86_64 x86_64 GNU/Linux\n
System software: Red Hat Enterprise Linux release 9.7 (Plow)\n
Setting up CROWN for RedHatEnterprise Version 9.7
subject   : /DC=ch/DC=cern/OU=Organic Units/OU=Users/CN=jiahua/CN=851532/CN=Jiahua Chen/CN=2045128514
issuer    : /DC=ch/DC=cern/OU=Organic Units/OU=Users/CN=jiahua/CN=851532/CN=Jiahua Chen
identity  : /DC=ch/DC=cern/OU=Organic Units/OU=Users/CN=jiahua/CN=851532/CN=Jiahua Chen
type      : RFC compliant proxy
strength  : 2048 bits
path      : /afs/cern.ch/user/j/jiahua/proxy/x509up_u139833
timeleft  : 192:52:45
key usage : Digital Signature, Key Encipherment
=== VO cms extension information ===
VO        : cms
subject   : /DC=ch/DC=cern/OU=Organic Units/OU=Users/CN=jiahua/CN=851532/CN=Jiahua Chen
issuer    : /DC=ch/DC=cern/OU=computers/CN=cms-auth.cern.ch
attribute : /cms/Role=NULL/Capability=NULL
timeleft  : 184:52:44
uri       : voms-cms-auth.cern.ch:15000
subject   : /DC=ch/DC=cern/OU=Organic Units/OU=Users/CN=jiahua/CN=851532/CN=Jiahua Chen/CN=2045128514
issuer    : /DC=ch/DC=cern/OU=Organic Units/OU=Users/CN=jiahua/CN=851532/CN=Jiahua Chen
identity  : /DC=ch/DC=cern/OU=Organic Units/OU=Users/CN=jiahua/CN=851532/CN=Jiahua Chen
type      : RFC compliant proxy
strength  : 2048 bits
path      : /afs/cern.ch/user/j/jiahua/proxy/x509up_u139833
timeleft  : 192:52:45
key usage : Digital Signature, Key Encipherment
=== VO cms extension information ===
VO        : cms
subject   : /DC=ch/DC=cern/OU=Organic Units/OU=Users/CN=jiahua/CN=851532/CN=Jiahua Chen
issuer    : /DC=ch/DC=cern/OU=computers/CN=cms-auth.cern.ch
attribute : /cms/Role=NULL/Capability=NULL
timeleft  : 184:52:44
uri       : voms-cms-auth.cern.ch:15000
/eos/user/j/jiahua/MC_2023BPix_inc/MC_2023BPix_vbf/ZZto2L2Nu_powheg_23BPix/a984b63f-8ab5-47fd-911e-3d5cb1a77eb5.root
[2025-11-20 09:55:58.754] [main] [info] Checking input files
[2025-11-20 09:56:01.036] [main] [info] NanoAOD input_file 1: root://cms-xrd-global.cern.ch//store/mc/Run3Summer23BPixNanoAODv12/ZZto2L2Nu_TuneCP5_13p6TeV_powheg-pythia8/NANOAODSIM/130X_mcRun3_2023_realistic_postBPix_v2-v3/2820000/a984b63f-8ab5-47fd-911e-3d5cb1a77eb5.root - 105000 Events
[2025-11-20 09:56:01.036] [main] [info] input_file 1: root://cms-xrd-global.cern.ch//store/mc/Run3Summer23BPixNanoAODv12/ZZto2L2Nu_TuneCP5_13p6TeV_powheg-pythia8/NANOAODSIM/130X_mcRun3_2023_realistic_postBPix_v2-v3/2820000/a984b63f-8ab5-47fd-911e-3d5cb1a77eb5.root - SumOfGenWeight: 108234.77312000003 
[2025-11-20 09:56:01.036] [main] [info] Output directory: /eos/user/j/jiahua/MC_2023BPix_inc/MC_2023BPix_vbf/ZZto2L2Nu_powheg_23BPix/a984b63f-8ab5-47fd-911e-3d5cb1a77eb5.root
[2025-11-20 09:56:01.037] [main] [info] Starting Setup of Dataframe with 105000 events
[2025-11-20 09:57:51.611] [main] [info] Finished Setup
[2025-11-20 09:57:51.611] [main] [info] Runtime for setup (real time: 110.57, CPU time: 103.67)
[2025-11-20 09:57:51.611] [main] [info] Starting Evaluation
[2025-11-20 09:58:43.608] [main] [info] 10000 / 105000 (9.52 %) Events processed ...
[2025-11-20 09:59:04.485] [main] [info] 20000 / 105000 (19.05 %) Events processed ...
[2025-11-20 09:59:27.884] [main] [info] 30000 / 105000 (28.57 %) Events processed ...
[2025-11-20 09:59:46.870] [main] [info] 40000 / 105000 (38.10 %) Events processed ...
[2025-11-20 10:00:17.420] [main] [info] 50000 / 105000 (47.62 %) Events processed ...
[2025-11-20 10:00:44.410] [main] [info] 60000 / 105000 (57.14 %) Events processed ...
[2025-11-20 10:01:10.938] [main] [info] 70000 / 105000 (66.67 %) Events processed ...
[2025-11-20 10:01:36.872] [main] [info] 80000 / 105000 (76.19 %) Events processed ...
[2025-11-20 10:02:01.795] [main] [info] 90000 / 105000 (85.71 %) Events processed ...
[2025-11-20 10:02:28.015] [main] [info] 100000 / 105000 (95.24 %) Events processed ...
[2025-11-20 10:02:41.104] [main] [info] vbfhmm:
GoodJetsCollection: pass=70628      all=105000     -- eff=67.26 % cumulative eff=67.26 %
Flag_goodVertices: pass=70628      all=70628      -- eff=100.00 % cumulative eff=67.26 %
Flag_globalSuperTightHalo2016Filter: pass=70619      all=70628      -- eff=99.99 % cumulative eff=67.26 %
Flag_EcalDeadCellTriggerPrimitiveFilter: pass=70614      all=70619      -- eff=99.99 % cumulative eff=67.25 %
Flag_BadPFMuonFilter: pass=70611      all=70614      -- eff=100.00 % cumulative eff=67.25 %
Flag_BadPFMuonDzFilter: pass=70611      all=70611      -- eff=100.00 % cumulative eff=67.25 %
Flag_eeBadScFilter: pass=70611      all=70611      -- eff=100.00 % cumulative eff=67.25 %
Flag_ecalBadCalibFilter: pass=70602      all=70611      -- eff=99.99 % cumulative eff=67.24 %
Flag_hfNoisyHitsFilter: pass=70599      all=70602      -- eff=100.00 % cumulative eff=67.24 %
Number of muons 2: pass=4858       all=70599      -- eff=6.88 % cumulative eff=4.63 %
Veto VH <= 0 electrons: pass=4852       all=4858       -- eff=99.88 % cumulative eff=4.62 %
DiMuon From Higgs: pass=4496       all=4852       -- eff=92.66 % cumulative eff=4.28 %
LeptonChargeSum: pass=4494       all=4496       -- eff=99.96 % cumulative eff=4.28 %
Hmass>=110: pass=245        all=4494       -- eff=5.45 % cumulative eff=0.23 %
[2025-11-20 10:02:41.246] [main] [info] Writing quantities map to /eos/user/j/jiahua/MC_2023BPix_inc/MC_2023BPix_vbf/ZZto2L2Nu_powheg_23BPix/a984b63f-8ab5-47fd-911e-3d5cb1a77eb5_vbfhmm.root
[2025-11-20 10:02:41.303] [main] [info] Finished Evaluation
[2025-11-20 10:02:41.303] [main] [info] Overall runtime (real time: 400.27, CPU time: 385.84)
