Starting job on \n
Running on: Linux b9g02p0513.cern.ch 5.14.0-570.44.1.el9_6.x86_64 #1 SMP PREEMPT_DYNAMIC Wed Sep 17 10:32:11 EDT 2025 x86_64 x86_64 x86_64 GNU/Linux\n
System software: AlmaLinux release 9.6 (Sage Margay)\n
Setting up CROWN for Alma Version 9.6
subject   : /DC=ch/DC=cern/OU=Organic Units/OU=Users/CN=jiahua/CN=851532/CN=Jiahua Chen/CN=2045128514
issuer    : /DC=ch/DC=cern/OU=Organic Units/OU=Users/CN=jiahua/CN=851532/CN=Jiahua Chen
identity  : /DC=ch/DC=cern/OU=Organic Units/OU=Users/CN=jiahua/CN=851532/CN=Jiahua Chen
type      : RFC compliant proxy
strength  : 2048 bits
path      : /afs/cern.ch/user/j/jiahua/proxy/x509up_u139833
timeleft  : 199:17:18
key usage : Digital Signature, Key Encipherment
=== VO cms extension information ===
VO        : cms
subject   : /DC=ch/DC=cern/OU=Organic Units/OU=Users/CN=jiahua/CN=851532/CN=Jiahua Chen
issuer    : /DC=ch/DC=cern/OU=computers/CN=cms-auth.cern.ch
attribute : /cms/Role=NULL/Capability=NULL
timeleft  : 191:17:17
uri       : voms-cms-auth.cern.ch:15000
subject   : /DC=ch/DC=cern/OU=Organic Units/OU=Users/CN=jiahua/CN=851532/CN=Jiahua Chen/CN=2045128514
issuer    : /DC=ch/DC=cern/OU=Organic Units/OU=Users/CN=jiahua/CN=851532/CN=Jiahua Chen
identity  : /DC=ch/DC=cern/OU=Organic Units/OU=Users/CN=jiahua/CN=851532/CN=Jiahua Chen
type      : RFC compliant proxy
strength  : 2048 bits
path      : /afs/cern.ch/user/j/jiahua/proxy/x509up_u139833
timeleft  : 199:17:18
key usage : Digital Signature, Key Encipherment
=== VO cms extension information ===
VO        : cms
subject   : /DC=ch/DC=cern/OU=Organic Units/OU=Users/CN=jiahua/CN=851532/CN=Jiahua Chen
issuer    : /DC=ch/DC=cern/OU=computers/CN=cms-auth.cern.ch
attribute : /cms/Role=NULL/Capability=NULL
timeleft  : 191:17:17
uri       : voms-cms-auth.cern.ch:15000
/eos/user/j/jiahua/MC_2023BPix_inc/MC_2023BPix_vbf/ZZto2L2Q_powheg_23BPix/a90d142b-139f-4a7a-b4a6-9b762ad9f1ca.root
[2025-11-20 03:31:25.886] [main] [info] Checking input files
[2025-11-20 03:31:32.636] [main] [info] NanoAOD input_file 1: root://cms-xrd-global.cern.ch//store/mc/Run3Summer23BPixNanoAODv12/ZZto2L2Q_TuneCP5_13p6TeV_powheg-pythia8/NANOAODSIM/130X_mcRun3_2023_realistic_postBPix_v2-v3/40000/a90d142b-139f-4a7a-b4a6-9b762ad9f1ca.root - 3000 Events
[2025-11-20 03:31:32.637] [main] [info] input_file 1: root://cms-xrd-global.cern.ch//store/mc/Run3Summer23BPixNanoAODv12/ZZto2L2Q_TuneCP5_13p6TeV_powheg-pythia8/NANOAODSIM/130X_mcRun3_2023_realistic_postBPix_v2-v3/40000/a90d142b-139f-4a7a-b4a6-9b762ad9f1ca.root - SumOfGenWeight: 20357.870000000003 
[2025-11-20 03:31:32.638] [main] [info] Output directory: /eos/user/j/jiahua/MC_2023BPix_inc/MC_2023BPix_vbf/ZZto2L2Q_powheg_23BPix/a90d142b-139f-4a7a-b4a6-9b762ad9f1ca.root
[2025-11-20 03:31:32.638] [main] [info] Starting Setup of Dataframe with 3000 events
[2025-11-20 03:33:27.346] [main] [info] Finished Setup
[2025-11-20 03:33:27.346] [main] [info] Runtime for setup (real time: 114.71, CPU time: 101.80)
[2025-11-20 03:33:27.346] [main] [info] Starting Evaluation
[2025-11-20 03:34:08.810] [main] [info] vbfhmm:
GoodJetsCollection: pass=2293       all=3000       -- eff=76.43 % cumulative eff=76.43 %
Flag_goodVertices: pass=2293       all=2293       -- eff=100.00 % cumulative eff=76.43 %
Flag_globalSuperTightHalo2016Filter: pass=2293       all=2293       -- eff=100.00 % cumulative eff=76.43 %
Flag_EcalDeadCellTriggerPrimitiveFilter: pass=2293       all=2293       -- eff=100.00 % cumulative eff=76.43 %
Flag_BadPFMuonFilter: pass=2291       all=2293       -- eff=99.91 % cumulative eff=76.37 %
Flag_BadPFMuonDzFilter: pass=2290       all=2291       -- eff=99.96 % cumulative eff=76.33 %
Flag_eeBadScFilter: pass=2290       all=2290       -- eff=100.00 % cumulative eff=76.33 %
Flag_ecalBadCalibFilter: pass=2290       all=2290       -- eff=100.00 % cumulative eff=76.33 %
Flag_hfNoisyHitsFilter: pass=2290       all=2290       -- eff=100.00 % cumulative eff=76.33 %
Number of muons 2: pass=161        all=2290       -- eff=7.03 % cumulative eff=5.37 %
Veto VH <= 0 electrons: pass=161        all=161        -- eff=100.00 % cumulative eff=5.37 %
DiMuon From Higgs: pass=147        all=161        -- eff=91.30 % cumulative eff=4.90 %
LeptonChargeSum: pass=146        all=147        -- eff=99.32 % cumulative eff=4.87 %
Hmass>=110: pass=11         all=146        -- eff=7.53 % cumulative eff=0.37 %
[2025-11-20 03:34:08.953] [main] [info] Writing quantities map to /eos/user/j/jiahua/MC_2023BPix_inc/MC_2023BPix_vbf/ZZto2L2Q_powheg_23BPix/a90d142b-139f-4a7a-b4a6-9b762ad9f1ca_vbfhmm.root
[2025-11-20 03:34:09.019] [main] [info] Finished Evaluation
[2025-11-20 03:34:09.019] [main] [info] Overall runtime (real time: 156.38, CPU time: 139.19)
