000 (13047312.079.000) 11/20 02:52:31 Job submitted from host: <188.185.121.235:9618?addrs=188.185.121.235-9618+[2001-1458-d00-49--100-36e]-9618&alias=bigbird22.cern.ch&noUDP&sock=schedd_232129_c3ca>
...
040 (13047312.079.000) 11/20 03:30:36 Started transferring input files
	Transferring to host: <188.185.208.212:9618?addrs=188.185.208.212-9618+[2001-1458-303-10--100-51]-9618&alias=b9p10p9536.cern.ch&noUDP&sock=slot1_26_4024_059d_56232>
...
040 (13047312.079.000) 11/20 03:30:36 Finished transferring input files
...
001 (13047312.079.000) 11/20 03:30:37 Job executing on host: <188.185.208.212:9618?addrs=188.185.208.212-9618+[2001-1458-303-10--100-51]-9618&alias=b9p10p9536.cern.ch&noUDP&sock=startd_3582_8854>
	SlotName: slot1_26@b9p10p9536.cern.ch
	CondorScratchDir = "/pool/condor/dir_3645418"
	Cpus = 1
	Disk = 15985
	GPUs = 0
	Memory = 3000
...
006 (13047312.079.000) 11/20 03:30:51 Image size of job updated: 155436
	152  -  MemoryUsage of job (MB)
	155436  -  ResidentSetSize of job (KB)
...
006 (13047312.079.000) 11/20 03:35:52 Image size of job updated: 728292
	712  -  MemoryUsage of job (MB)
	728292  -  ResidentSetSize of job (KB)
...
006 (13047312.079.000) 11/20 03:36:41 Image size of job updated: 728320
	712  -  MemoryUsage of job (MB)
	728292  -  ResidentSetSize of job (KB)
...
040 (13047312.079.000) 11/20 03:36:41 Started transferring output files
...
040 (13047312.079.000) 11/20 03:36:41 Finished transferring output files
...
005 (13047312.079.000) 11/20 03:36:41 Job terminated.
	(1) Normal termination (return value 0)
		Usr 0 00:05:37, Sys 0 00:00:02  -  Run Remote Usage
		Usr 0 00:00:00, Sys 0 00:00:00  -  Run Local Usage
		Usr 0 00:05:37, Sys 0 00:00:02  -  Total Remote Usage
		Usr 0 00:00:00, Sys 0 00:00:00  -  Total Local Usage
	11983  -  Run Bytes Sent By Job
	11618982  -  Run Bytes Received By Job
	11983  -  Total Bytes Sent By Job
	11618982  -  Total Bytes Received By Job
	Partitionable Resources :    Usage  Request Allocated 
	   Cpus                 :     0.99        1         1 
	   Disk (KB)            : 11382       12500     15985 
	   GPUs                 :                           0 
	   Memory (MB)          :   712        3000      3000 
	   TimeExecute (s)      :   364                       
	   TimeSlotBusy (s)     :   365                       

	Job terminated of its own accord at 2025-11-20T02:36:41Z with exit-code 0.
...
