Starting job on \n
Running on: Linux b9p16p1796.cern.ch 5.14.0-570.46.1.el9_6.x86_64 #1 SMP PREEMPT_DYNAMIC Tue Sep 16 03:28:23 EDT 2025 x86_64 x86_64 x86_64 GNU/Linux\n
System software: Red Hat Enterprise Linux release 9.7 (Plow)\n
Setting up CROWN for RedHatEnterprise Version 9.7
subject   : /DC=ch/DC=cern/OU=Organic Units/OU=Users/CN=jiahua/CN=851532/CN=Jiahua Chen/CN=2045128514
issuer    : /DC=ch/DC=cern/OU=Organic Units/OU=Users/CN=jiahua/CN=851532/CN=Jiahua Chen
identity  : /DC=ch/DC=cern/OU=Organic Units/OU=Users/CN=jiahua/CN=851532/CN=Jiahua Chen
type      : RFC compliant proxy
strength  : 2048 bits
path      : /afs/cern.ch/user/j/jiahua/proxy/x509up_u139833
timeleft  : 199:18:36
key usage : Digital Signature, Key Encipherment
=== VO cms extension information ===
VO        : cms
subject   : /DC=ch/DC=cern/OU=Organic Units/OU=Users/CN=jiahua/CN=851532/CN=Jiahua Chen
issuer    : /DC=ch/DC=cern/OU=computers/CN=cms-auth.cern.ch
attribute : /cms/Role=NULL/Capability=NULL
timeleft  : 191:18:35
uri       : voms-cms-auth.cern.ch:15000
subject   : /DC=ch/DC=cern/OU=Organic Units/OU=Users/CN=jiahua/CN=851532/CN=Jiahua Chen/CN=2045128514
issuer    : /DC=ch/DC=cern/OU=Organic Units/OU=Users/CN=jiahua/CN=851532/CN=Jiahua Chen
identity  : /DC=ch/DC=cern/OU=Organic Units/OU=Users/CN=jiahua/CN=851532/CN=Jiahua Chen
type      : RFC compliant proxy
strength  : 2048 bits
path      : /afs/cern.ch/user/j/jiahua/proxy/x509up_u139833
timeleft  : 199:18:36
key usage : Digital Signature, Key Encipherment
=== VO cms extension information ===
VO        : cms
subject   : /DC=ch/DC=cern/OU=Organic Units/OU=Users/CN=jiahua/CN=851532/CN=Jiahua Chen
issuer    : /DC=ch/DC=cern/OU=computers/CN=cms-auth.cern.ch
attribute : /cms/Role=NULL/Capability=NULL
timeleft  : 191:18:35
uri       : voms-cms-auth.cern.ch:15000
/eos/user/j/jiahua/MC_2023BPix_inc/MC_2023BPix_vbf/ZZto2L2Nu_powheg_23BPix/98e49e6b-9529-44a1-a8d4-ef3475497a5e.root
[2025-11-20 03:30:07.586] [main] [info] Checking input files
[2025-11-20 03:30:10.375] [main] [info] NanoAOD input_file 1: root://cms-xrd-global.cern.ch//store/mc/Run3Summer23BPixNanoAODv12/ZZto2L2Nu_TuneCP5_13p6TeV_powheg-pythia8/NANOAODSIM/130X_mcRun3_2023_realistic_postBPix_v2-v3/40000/98e49e6b-9529-44a1-a8d4-ef3475497a5e.root - 321000 Events
[2025-11-20 03:30:10.375] [main] [info] input_file 1: root://cms-xrd-global.cern.ch//store/mc/Run3Summer23BPixNanoAODv12/ZZto2L2Nu_TuneCP5_13p6TeV_powheg-pythia8/NANOAODSIM/130X_mcRun3_2023_realistic_postBPix_v2-v3/40000/98e49e6b-9529-44a1-a8d4-ef3475497a5e.root - SumOfGenWeight: 330791.2856400001 
[2025-11-20 03:30:10.375] [main] [info] Output directory: /eos/user/j/jiahua/MC_2023BPix_inc/MC_2023BPix_vbf/ZZto2L2Nu_powheg_23BPix/98e49e6b-9529-44a1-a8d4-ef3475497a5e.root
[2025-11-20 03:30:10.376] [main] [info] Starting Setup of Dataframe with 321000 events
[2025-11-20 03:31:57.398] [main] [info] Finished Setup
[2025-11-20 03:31:57.398] [main] [info] Runtime for setup (real time: 107.02, CPU time: 99.17)
[2025-11-20 03:31:57.398] [main] [info] Starting Evaluation
[2025-11-20 03:32:48.221] [main] [info] 10000 / 321000 (3.12 %) Events processed ...
[2025-11-20 03:33:09.352] [main] [info] 20000 / 321000 (6.23 %) Events processed ...
[2025-11-20 03:33:32.258] [main] [info] 30000 / 321000 (9.35 %) Events processed ...
[2025-11-20 03:33:56.406] [main] [info] 40000 / 321000 (12.46 %) Events processed ...
[2025-11-20 03:34:18.798] [main] [info] 50000 / 321000 (15.58 %) Events processed ...
[2025-11-20 03:34:41.768] [main] [info] 60000 / 321000 (18.69 %) Events processed ...
[2025-11-20 03:35:07.187] [main] [info] 70000 / 321000 (21.81 %) Events processed ...
[2025-11-20 03:35:37.415] [main] [info] 80000 / 321000 (24.92 %) Events processed ...
[2025-11-20 03:35:59.866] [main] [info] 90000 / 321000 (28.04 %) Events processed ...
[2025-11-20 03:36:22.922] [main] [info] 100000 / 321000 (31.15 %) Events processed ...
[2025-11-20 03:36:46.220] [main] [info] 110000 / 321000 (34.27 %) Events processed ...
[2025-11-20 03:37:12.470] [main] [info] 120000 / 321000 (37.38 %) Events processed ...
[2025-11-20 03:37:33.335] [main] [info] 130000 / 321000 (40.50 %) Events processed ...
[2025-11-20 03:37:56.948] [main] [info] 140000 / 321000 (43.61 %) Events processed ...
[2025-11-20 03:38:19.374] [main] [info] 150000 / 321000 (46.73 %) Events processed ...
[2025-11-20 03:38:42.954] [main] [info] 160000 / 321000 (49.84 %) Events processed ...
[2025-11-20 03:39:07.285] [main] [info] 170000 / 321000 (52.96 %) Events processed ...
[2025-11-20 03:39:30.043] [main] [info] 180000 / 321000 (56.07 %) Events processed ...
[2025-11-20 03:39:51.454] [main] [info] 190000 / 321000 (59.19 %) Events processed ...
[2025-11-20 03:40:16.404] [main] [info] 200000 / 321000 (62.31 %) Events processed ...
[2025-11-20 03:40:38.425] [main] [info] 210000 / 321000 (65.42 %) Events processed ...
[2025-11-20 03:41:01.872] [main] [info] 220000 / 321000 (68.54 %) Events processed ...
[2025-11-20 03:41:25.411] [main] [info] 230000 / 321000 (71.65 %) Events processed ...
[2025-11-20 03:41:50.713] [main] [info] 240000 / 321000 (74.77 %) Events processed ...
[2025-11-20 03:42:12.076] [main] [info] 250000 / 321000 (77.88 %) Events processed ...
[2025-11-20 03:42:33.826] [main] [info] 260000 / 321000 (81.00 %) Events processed ...
[2025-11-20 03:42:54.981] [main] [info] 270000 / 321000 (84.11 %) Events processed ...
[2025-11-20 03:43:18.958] [main] [info] 280000 / 321000 (87.23 %) Events processed ...
[2025-11-20 03:43:40.987] [main] [info] 290000 / 321000 (90.34 %) Events processed ...
[2025-11-20 03:43:59.176] [main] [info] 300000 / 321000 (93.46 %) Events processed ...
[2025-11-20 03:44:17.692] [main] [info] 310000 / 321000 (96.57 %) Events processed ...
[2025-11-20 03:44:39.078] [main] [info] 320000 / 321000 (99.69 %) Events processed ...
[2025-11-20 03:44:41.577] [main] [info] vbfhmm:
GoodJetsCollection: pass=215314     all=321000     -- eff=67.08 % cumulative eff=67.08 %
Flag_goodVertices: pass=215314     all=215314     -- eff=100.00 % cumulative eff=67.08 %
Flag_globalSuperTightHalo2016Filter: pass=215285     all=215314     -- eff=99.99 % cumulative eff=67.07 %
Flag_EcalDeadCellTriggerPrimitiveFilter: pass=215272     all=215285     -- eff=99.99 % cumulative eff=67.06 %
Flag_BadPFMuonFilter: pass=215243     all=215272     -- eff=99.99 % cumulative eff=67.05 %
Flag_BadPFMuonDzFilter: pass=215235     all=215243     -- eff=100.00 % cumulative eff=67.05 %
Flag_eeBadScFilter: pass=215235     all=215235     -- eff=100.00 % cumulative eff=67.05 %
Flag_ecalBadCalibFilter: pass=215182     all=215235     -- eff=99.98 % cumulative eff=67.03 %
Flag_hfNoisyHitsFilter: pass=215173     all=215182     -- eff=100.00 % cumulative eff=67.03 %
Number of muons 2: pass=15089      all=215173     -- eff=7.01 % cumulative eff=4.70 %
Veto VH <= 0 electrons: pass=15079      all=15089      -- eff=99.93 % cumulative eff=4.70 %
DiMuon From Higgs: pass=13987      all=15079      -- eff=92.76 % cumulative eff=4.36 %
LeptonChargeSum: pass=13983      all=13987      -- eff=99.97 % cumulative eff=4.36 %
Hmass>=110: pass=730        all=13983      -- eff=5.22 % cumulative eff=0.23 %
[2025-11-20 03:44:41.741] [main] [info] Writing quantities map to /eos/user/j/jiahua/MC_2023BPix_inc/MC_2023BPix_vbf/ZZto2L2Nu_powheg_23BPix/98e49e6b-9529-44a1-a8d4-ef3475497a5e_vbfhmm.root
[2025-11-20 03:44:41.790] [main] [info] Finished Evaluation
[2025-11-20 03:44:41.790] [main] [info] Overall runtime (real time: 871.41, CPU time: 840.40)
