000 (13047759.010.000) 11/20 09:17:05 Job submitted from host: <188.185.121.235:9618?addrs=188.185.121.235-9618+[2001-1458-d00-49--100-36e]-9618&alias=bigbird22.cern.ch&noUDP&sock=schedd_232129_c3ca>
...
040 (13047759.010.000) 11/20 09:56:19 Started transferring input files
	Transferring to host: <188.185.192.91:9618?addrs=188.185.192.91-9618+[2001-1458-303-1f--100-57]-9618&alias=b9p13p7158.cern.ch&noUDP&sock=slot1_37_7153_af7c_57415>
...
040 (13047759.010.000) 11/20 09:56:19 Finished transferring input files
...
001 (13047759.010.000) 11/20 09:56:20 Job executing on host: <188.185.192.91:9618?addrs=188.185.192.91-9618+[2001-1458-303-1f--100-57]-9618&alias=b9p13p7158.cern.ch&noUDP&sock=startd_5589_2ae8>
	SlotName: slot1_37@b9p13p7158.cern.ch
	CondorScratchDir = "/pool/condor/dir_1674669"
	Cpus = 1
	Disk = 16117
	GPUs = 0
	Memory = 3000
...
006 (13047759.010.000) 11/20 09:56:34 Image size of job updated: 101180
	99  -  MemoryUsage of job (MB)
	101180  -  ResidentSetSize of job (KB)
...
006 (13047759.010.000) 11/20 10:01:35 Image size of job updated: 726552
	701  -  MemoryUsage of job (MB)
	717096  -  ResidentSetSize of job (KB)
...
006 (13047759.010.000) 11/20 10:06:36 Image size of job updated: 726552
	701  -  MemoryUsage of job (MB)
	717632  -  ResidentSetSize of job (KB)
...
040 (13047759.010.000) 11/20 10:10:56 Started transferring output files
...
040 (13047759.010.000) 11/20 10:10:57 Finished transferring output files
...
005 (13047759.010.000) 11/20 10:10:57 Job terminated.
	(1) Normal termination (return value 0)
		Usr 0 00:13:50, Sys 0 00:00:06  -  Run Remote Usage
		Usr 0 00:00:00, Sys 0 00:00:00  -  Run Local Usage
		Usr 0 00:13:50, Sys 0 00:00:06  -  Total Remote Usage
		Usr 0 00:00:00, Sys 0 00:00:00  -  Total Local Usage
	11995  -  Run Bytes Sent By Job
	11622950  -  Run Bytes Received By Job
	11995  -  Total Bytes Sent By Job
	11622950  -  Total Bytes Received By Job
	Partitionable Resources :    Usage  Request Allocated 
	   Cpus                 :     0.97        1         1 
	   Disk (KB)            : 11387       12500     16117 
	   GPUs                 :                           0 
	   Memory (MB)          :   701        3000      3000 
	   TimeExecute (s)      :   875                       
	   TimeSlotBusy (s)     :   878                       

	Job terminated of its own accord at 2025-11-20T09:10:55Z with exit-code 0.
...
