Starting job on \n
Running on: Linux b9p09p1103.cern.ch 5.14.0-570.42.2.el9_6.x86_64 #1 SMP PREEMPT_DYNAMIC Mon Sep 8 12:15:13 EDT 2025 x86_64 x86_64 x86_64 GNU/Linux\n
System software: Red Hat Enterprise Linux release 9.6 (Plow)\n
Setting up CROWN for RedHatEnterprise Version 9.6
subject   : /DC=ch/DC=cern/OU=Organic Units/OU=Users/CN=jiahua/CN=851532/CN=Jiahua Chen/CN=1735721823
issuer    : /DC=ch/DC=cern/OU=Organic Units/OU=Users/CN=jiahua/CN=851532/CN=Jiahua Chen
identity  : /DC=ch/DC=cern/OU=Organic Units/OU=Users/CN=jiahua/CN=851532/CN=Jiahua Chen
type      : RFC compliant proxy
strength  : 2048 bits
path      : /afs/cern.ch/user/j/jiahua/proxy/x509up_u139833
timeleft  : 197:18:37
key usage : Digital Signature, Key Encipherment
=== VO cms extension information ===
VO        : cms
subject   : /DC=ch/DC=cern/OU=Organic Units/OU=Users/CN=jiahua/CN=851532/CN=Jiahua Chen
issuer    : /DC=ch/DC=cern/OU=computers/CN=cms-auth.cern.ch
attribute : /cms/Role=NULL/Capability=NULL
timeleft  : 189:18:37
uri       : voms-cms-auth.cern.ch:15000
subject   : /DC=ch/DC=cern/OU=Organic Units/OU=Users/CN=jiahua/CN=851532/CN=Jiahua Chen/CN=1735721823
issuer    : /DC=ch/DC=cern/OU=Organic Units/OU=Users/CN=jiahua/CN=851532/CN=Jiahua Chen
identity  : /DC=ch/DC=cern/OU=Organic Units/OU=Users/CN=jiahua/CN=851532/CN=Jiahua Chen
type      : RFC compliant proxy
strength  : 2048 bits
path      : /afs/cern.ch/user/j/jiahua/proxy/x509up_u139833
timeleft  : 197:18:37
key usage : Digital Signature, Key Encipherment
=== VO cms extension information ===
VO        : cms
subject   : /DC=ch/DC=cern/OU=Organic Units/OU=Users/CN=jiahua/CN=851532/CN=Jiahua Chen
issuer    : /DC=ch/DC=cern/OU=computers/CN=cms-auth.cern.ch
attribute : /cms/Role=NULL/Capability=NULL
timeleft  : 189:18:37
uri       : voms-cms-auth.cern.ch:15000
/eos/user/j/jiahua/MC_2022EE_inc/DYJetsToLL_M-50-madgraphMLM_22EE/29f8d5e3-eac2-4fd5-9177-9bd4fa6e136e.root
[2025-11-08 10:20:21.854] [main] [info] Checking input files
[2025-11-08 10:20:26.427] [main] [info] NanoAOD input_file 1: root://cms-xrd-global.cern.ch//store/mc/Run3Summer22EENanoAODv12/DYJetsToLL_M-50_TuneCP5_13p6TeV-madgraphMLM-pythia8/NANOAODSIM/forPOG_130X_mcRun3_2022_realistic_postEE_v6-v2/30000/29f8d5e3-eac2-4fd5-9177-9bd4fa6e136e.root - 735700 Events
[2025-11-08 10:20:26.427] [main] [info] input_file 1: root://cms-xrd-global.cern.ch//store/mc/Run3Summer22EENanoAODv12/DYJetsToLL_M-50_TuneCP5_13p6TeV-madgraphMLM-pythia8/NANOAODSIM/forPOG_130X_mcRun3_2022_realistic_postEE_v6-v2/30000/29f8d5e3-eac2-4fd5-9177-9bd4fa6e136e.root - SumOfGenWeight: 735700 
[2025-11-08 10:20:26.427] [main] [info] Output directory: /eos/user/j/jiahua/MC_2022EE_inc/DYJetsToLL_M-50-madgraphMLM_22EE/29f8d5e3-eac2-4fd5-9177-9bd4fa6e136e.root
[2025-11-08 10:20:26.428] [main] [info] Starting Setup of Dataframe with 735700 events
[2025-11-08 10:21:06.797] [main] [info] Finished Setup
[2025-11-08 10:21:06.797] [main] [info] Runtime for setup (real time: 40.37, CPU time: 38.08)
[2025-11-08 10:21:06.797] [main] [info] Starting Evaluation
[2025-11-08 10:21:17.274] [main] [info] 10000 / 735700 (1.36 %) Events processed ...
[2025-11-08 10:21:18.336] [main] [info] 20000 / 735700 (2.72 %) Events processed ...
[2025-11-08 10:21:19.305] [main] [info] 30000 / 735700 (4.08 %) Events processed ...
[2025-11-08 10:21:20.330] [main] [info] 40000 / 735700 (5.44 %) Events processed ...
[2025-11-08 10:21:22.814] [main] [info] 50000 / 735700 (6.80 %) Events processed ...
[2025-11-08 10:21:23.863] [main] [info] 60000 / 735700 (8.16 %) Events processed ...
[2025-11-08 10:21:25.378] [main] [info] 70000 / 735700 (9.51 %) Events processed ...
[2025-11-08 10:21:26.795] [main] [info] 80000 / 735700 (10.87 %) Events processed ...
[2025-11-08 10:21:29.191] [main] [info] 90000 / 735700 (12.23 %) Events processed ...
[2025-11-08 10:21:30.728] [main] [info] 100000 / 735700 (13.59 %) Events processed ...
[2025-11-08 10:21:31.828] [main] [info] 110000 / 735700 (14.95 %) Events processed ...
[2025-11-08 10:21:32.853] [main] [info] 120000 / 735700 (16.31 %) Events processed ...
[2025-11-08 10:21:34.949] [main] [info] 130000 / 735700 (17.67 %) Events processed ...
[2025-11-08 10:21:36.112] [main] [info] 140000 / 735700 (19.03 %) Events processed ...
[2025-11-08 10:21:37.326] [main] [info] 150000 / 735700 (20.39 %) Events processed ...
[2025-11-08 10:21:38.414] [main] [info] 160000 / 735700 (21.75 %) Events processed ...
[2025-11-08 10:21:39.662] [main] [info] 170000 / 735700 (23.11 %) Events processed ...
[2025-11-08 10:21:42.212] [main] [info] 180000 / 735700 (24.47 %) Events processed ...
[2025-11-08 10:21:43.303] [main] [info] 190000 / 735700 (25.83 %) Events processed ...
[2025-11-08 10:21:44.696] [main] [info] 200000 / 735700 (27.18 %) Events processed ...
[2025-11-08 10:21:45.836] [main] [info] 210000 / 735700 (28.54 %) Events processed ...
[2025-11-08 10:21:48.400] [main] [info] 220000 / 735700 (29.90 %) Events processed ...
[2025-11-08 10:21:49.768] [main] [info] 230000 / 735700 (31.26 %) Events processed ...
[2025-11-08 10:21:50.922] [main] [info] 240000 / 735700 (32.62 %) Events processed ...
[2025-11-08 10:21:51.934] [main] [info] 250000 / 735700 (33.98 %) Events processed ...
[2025-11-08 10:21:54.471] [main] [info] 260000 / 735700 (35.34 %) Events processed ...
[2025-11-08 10:21:55.781] [main] [info] 270000 / 735700 (36.70 %) Events processed ...
[2025-11-08 10:21:57.122] [main] [info] 280000 / 735700 (38.06 %) Events processed ...
[2025-11-08 10:21:58.460] [main] [info] 290000 / 735700 (39.42 %) Events processed ...
[2025-11-08 10:21:59.436] [main] [info] 300000 / 735700 (40.78 %) Events processed ...
[2025-11-08 10:22:01.390] [main] [info] 310000 / 735700 (42.14 %) Events processed ...
[2025-11-08 10:22:02.434] [main] [info] 320000 / 735700 (43.50 %) Events processed ...
[2025-11-08 10:22:03.785] [main] [info] 330000 / 735700 (44.86 %) Events processed ...
[2025-11-08 10:22:05.260] [main] [info] 340000 / 735700 (46.21 %) Events processed ...
[2025-11-08 10:22:07.457] [main] [info] 350000 / 735700 (47.57 %) Events processed ...
[2025-11-08 10:22:08.981] [main] [info] 360000 / 735700 (48.93 %) Events processed ...
[2025-11-08 10:22:10.408] [main] [info] 370000 / 735700 (50.29 %) Events processed ...
[2025-11-08 10:22:12.034] [main] [info] 380000 / 735700 (51.65 %) Events processed ...
[2025-11-08 10:22:14.638] [main] [info] 390000 / 735700 (53.01 %) Events processed ...
[2025-11-08 10:22:16.174] [main] [info] 400000 / 735700 (54.37 %) Events processed ...
[2025-11-08 10:22:17.667] [main] [info] 410000 / 735700 (55.73 %) Events processed ...
[2025-11-08 10:22:19.061] [main] [info] 420000 / 735700 (57.09 %) Events processed ...
[2025-11-08 10:22:20.524] [main] [info] 430000 / 735700 (58.45 %) Events processed ...
[2025-11-08 10:22:23.276] [main] [info] 440000 / 735700 (59.81 %) Events processed ...
[2025-11-08 10:22:24.910] [main] [info] 450000 / 735700 (61.17 %) Events processed ...
[2025-11-08 10:22:26.474] [main] [info] 460000 / 735700 (62.53 %) Events processed ...
[2025-11-08 10:22:28.013] [main] [info] 470000 / 735700 (63.88 %) Events processed ...
[2025-11-08 10:22:30.717] [main] [info] 480000 / 735700 (65.24 %) Events processed ...
[2025-11-08 10:22:32.176] [main] [info] 490000 / 735700 (66.60 %) Events processed ...
[2025-11-08 10:22:33.579] [main] [info] 500000 / 735700 (67.96 %) Events processed ...
[2025-11-08 10:22:35.256] [main] [info] 510000 / 735700 (69.32 %) Events processed ...
[2025-11-08 10:22:37.299] [main] [info] 520000 / 735700 (70.68 %) Events processed ...
[2025-11-08 10:22:38.836] [main] [info] 530000 / 735700 (72.04 %) Events processed ...
[2025-11-08 10:22:40.149] [main] [info] 540000 / 735700 (73.40 %) Events processed ...
[2025-11-08 10:22:41.218] [main] [info] 550000 / 735700 (74.76 %) Events processed ...
[2025-11-08 10:22:42.236] [main] [info] 560000 / 735700 (76.12 %) Events processed ...
[2025-11-08 10:22:44.514] [main] [info] 570000 / 735700 (77.48 %) Events processed ...
[2025-11-08 10:22:46.369] [main] [info] 580000 / 735700 (78.84 %) Events processed ...
[2025-11-08 10:22:47.857] [main] [info] 590000 / 735700 (80.20 %) Events processed ...
[2025-11-08 10:22:49.277] [main] [info] 600000 / 735700 (81.55 %) Events processed ...
[2025-11-08 10:22:51.314] [main] [info] 610000 / 735700 (82.91 %) Events processed ...
[2025-11-08 10:22:52.453] [main] [info] 620000 / 735700 (84.27 %) Events processed ...
[2025-11-08 10:22:53.536] [main] [info] 630000 / 735700 (85.63 %) Events processed ...
[2025-11-08 10:22:55.318] [main] [info] 640000 / 735700 (86.99 %) Events processed ...
[2025-11-08 10:22:57.439] [main] [info] 650000 / 735700 (88.35 %) Events processed ...
[2025-11-08 10:22:58.621] [main] [info] 660000 / 735700 (89.71 %) Events processed ...
[2025-11-08 10:22:59.629] [main] [info] 670000 / 735700 (91.07 %) Events processed ...
[2025-11-08 10:23:00.908] [main] [info] 680000 / 735700 (92.43 %) Events processed ...
[2025-11-08 10:23:01.908] [main] [info] 690000 / 735700 (93.79 %) Events processed ...
[2025-11-08 10:23:04.384] [main] [info] 700000 / 735700 (95.15 %) Events processed ...
[2025-11-08 10:23:05.492] [main] [info] 710000 / 735700 (96.51 %) Events processed ...
[2025-11-08 10:23:06.550] [main] [info] 720000 / 735700 (97.87 %) Events processed ...
[2025-11-08 10:23:07.695] [main] [info] 730000 / 735700 (99.23 %) Events processed ...
[2025-11-08 10:23:08.761] [main] [info] vbfhmm:
Flag_goodVertices: pass=735700     all=735700     -- eff=100.00 % cumulative eff=100.00 %
Flag_globalSuperTightHalo2016Filter: pass=735673     all=735700     -- eff=100.00 % cumulative eff=100.00 %
Flag_EcalDeadCellTriggerPrimitiveFilter: pass=735670     all=735673     -- eff=100.00 % cumulative eff=100.00 %
Flag_BadPFMuonFilter: pass=735642     all=735670     -- eff=100.00 % cumulative eff=99.99 %
Flag_BadPFMuonDzFilter: pass=735635     all=735642     -- eff=100.00 % cumulative eff=99.99 %
Flag_eeBadScFilter: pass=735635     all=735635     -- eff=100.00 % cumulative eff=99.99 %
Flag_ecalBadCalibFilter: pass=735601     all=735635     -- eff=100.00 % cumulative eff=99.99 %
Flag_hfNoisyHitsFilter: pass=735553     all=735601     -- eff=99.99 % cumulative eff=99.98 %
Number of muons 2: pass=96539      all=735553     -- eff=13.12 % cumulative eff=13.12 %
DiMuon From Higgs: pass=92867      all=96539      -- eff=96.20 % cumulative eff=12.62 %
LeptonChargeSum: pass=92862      all=92867      -- eff=99.99 % cumulative eff=12.62 %
[2025-11-08 10:23:08.918] [main] [info] Writing quantities map to /eos/user/j/jiahua/MC_2022EE_inc/DYJetsToLL_M-50-madgraphMLM_22EE/29f8d5e3-eac2-4fd5-9177-9bd4fa6e136e_vbfhmm.root
[2025-11-08 10:23:09.442] [main] [info] Finished Evaluation
[2025-11-08 10:23:09.442] [main] [info] Overall runtime (real time: 163.02, CPU time: 141.53)
