Starting job on \n
Running on: Linux b9p26p9044.cern.ch 5.14.0-570.44.1.el9_6.x86_64 #1 SMP PREEMPT_DYNAMIC Tue Sep 9 05:17:30 EDT 2025 x86_64 x86_64 x86_64 GNU/Linux\n
System software: Red Hat Enterprise Linux release 9.6 (Plow)\n
Setting up CROWN for RedHatEnterprise Version 9.6
subject   : /DC=ch/DC=cern/OU=Organic Units/OU=Users/CN=jiahua/CN=851532/CN=Jiahua Chen/CN=1735721823
issuer    : /DC=ch/DC=cern/OU=Organic Units/OU=Users/CN=jiahua/CN=851532/CN=Jiahua Chen
identity  : /DC=ch/DC=cern/OU=Organic Units/OU=Users/CN=jiahua/CN=851532/CN=Jiahua Chen
type      : RFC compliant proxy
strength  : 2048 bits
path      : /afs/cern.ch/user/j/jiahua/proxy/x509up_u139833
timeleft  : 197:18:59
key usage : Digital Signature, Key Encipherment
=== VO cms extension information ===
VO        : cms
subject   : /DC=ch/DC=cern/OU=Organic Units/OU=Users/CN=jiahua/CN=851532/CN=Jiahua Chen
issuer    : /DC=ch/DC=cern/OU=computers/CN=cms-auth.cern.ch
attribute : /cms/Role=NULL/Capability=NULL
timeleft  : 189:18:59
uri       : voms-cms-auth.cern.ch:15000
subject   : /DC=ch/DC=cern/OU=Organic Units/OU=Users/CN=jiahua/CN=851532/CN=Jiahua Chen/CN=1735721823
issuer    : /DC=ch/DC=cern/OU=Organic Units/OU=Users/CN=jiahua/CN=851532/CN=Jiahua Chen
identity  : /DC=ch/DC=cern/OU=Organic Units/OU=Users/CN=jiahua/CN=851532/CN=Jiahua Chen
type      : RFC compliant proxy
strength  : 2048 bits
path      : /afs/cern.ch/user/j/jiahua/proxy/x509up_u139833
timeleft  : 197:18:59
key usage : Digital Signature, Key Encipherment
=== VO cms extension information ===
VO        : cms
subject   : /DC=ch/DC=cern/OU=Organic Units/OU=Users/CN=jiahua/CN=851532/CN=Jiahua Chen
issuer    : /DC=ch/DC=cern/OU=computers/CN=cms-auth.cern.ch
attribute : /cms/Role=NULL/Capability=NULL
timeleft  : 189:18:59
uri       : voms-cms-auth.cern.ch:15000
/eos/user/j/jiahua/MC_2022EE_inc/DYJetsToLL_M-50-madgraphMLM_22EE/4857b1e6-80cd-4c0e-9ffd-321480f9ab09.root
[2025-11-08 10:19:59.707] [main] [info] Checking input files
[2025-11-08 10:20:05.086] [main] [info] NanoAOD input_file 1: root://cms-xrd-global.cern.ch//store/mc/Run3Summer22EENanoAODv12/DYJetsToLL_M-50_TuneCP5_13p6TeV-madgraphMLM-pythia8/NANOAODSIM/forPOG_130X_mcRun3_2022_realistic_postEE_v6-v2/30000/4857b1e6-80cd-4c0e-9ffd-321480f9ab09.root - 712864 Events
[2025-11-08 10:20:05.086] [main] [info] input_file 1: root://cms-xrd-global.cern.ch//store/mc/Run3Summer22EENanoAODv12/DYJetsToLL_M-50_TuneCP5_13p6TeV-madgraphMLM-pythia8/NANOAODSIM/forPOG_130X_mcRun3_2022_realistic_postEE_v6-v2/30000/4857b1e6-80cd-4c0e-9ffd-321480f9ab09.root - SumOfGenWeight: 712864 
[2025-11-08 10:20:05.086] [main] [info] Output directory: /eos/user/j/jiahua/MC_2022EE_inc/DYJetsToLL_M-50-madgraphMLM_22EE/4857b1e6-80cd-4c0e-9ffd-321480f9ab09.root
[2025-11-08 10:20:05.087] [main] [info] Starting Setup of Dataframe with 712864 events
[2025-11-08 10:21:04.107] [main] [info] Finished Setup
[2025-11-08 10:21:04.108] [main] [info] Runtime for setup (real time: 59.02, CPU time: 56.15)
[2025-11-08 10:21:04.108] [main] [info] Starting Evaluation
[2025-11-08 10:21:16.672] [main] [info] 10000 / 712864 (1.40 %) Events processed ...
[2025-11-08 10:21:18.068] [main] [info] 20000 / 712864 (2.81 %) Events processed ...
[2025-11-08 10:21:19.615] [main] [info] 30000 / 712864 (4.21 %) Events processed ...
[2025-11-08 10:21:21.559] [main] [info] 40000 / 712864 (5.61 %) Events processed ...
[2025-11-08 10:21:24.599] [main] [info] 50000 / 712864 (7.01 %) Events processed ...
[2025-11-08 10:21:26.365] [main] [info] 60000 / 712864 (8.42 %) Events processed ...
[2025-11-08 10:21:28.477] [main] [info] 70000 / 712864 (9.82 %) Events processed ...
[2025-11-08 10:21:30.440] [main] [info] 80000 / 712864 (11.22 %) Events processed ...
[2025-11-08 10:21:33.331] [main] [info] 90000 / 712864 (12.63 %) Events processed ...
[2025-11-08 10:21:34.972] [main] [info] 100000 / 712864 (14.03 %) Events processed ...
[2025-11-08 10:21:36.599] [main] [info] 110000 / 712864 (15.43 %) Events processed ...
[2025-11-08 10:21:38.537] [main] [info] 120000 / 712864 (16.83 %) Events processed ...
[2025-11-08 10:21:40.807] [main] [info] 130000 / 712864 (18.24 %) Events processed ...
[2025-11-08 10:21:44.040] [main] [info] 140000 / 712864 (19.64 %) Events processed ...
[2025-11-08 10:21:45.680] [main] [info] 150000 / 712864 (21.04 %) Events processed ...
[2025-11-08 10:21:47.466] [main] [info] 160000 / 712864 (22.44 %) Events processed ...
[2025-11-08 10:21:49.138] [main] [info] 170000 / 712864 (23.85 %) Events processed ...
[2025-11-08 10:21:51.744] [main] [info] 180000 / 712864 (25.25 %) Events processed ...
[2025-11-08 10:21:53.651] [main] [info] 190000 / 712864 (26.65 %) Events processed ...
[2025-11-08 10:21:55.692] [main] [info] 200000 / 712864 (28.06 %) Events processed ...
[2025-11-08 10:21:57.254] [main] [info] 210000 / 712864 (29.46 %) Events processed ...
[2025-11-08 10:22:00.200] [main] [info] 220000 / 712864 (30.86 %) Events processed ...
[2025-11-08 10:22:01.955] [main] [info] 230000 / 712864 (32.26 %) Events processed ...
[2025-11-08 10:22:04.035] [main] [info] 240000 / 712864 (33.67 %) Events processed ...
[2025-11-08 10:22:05.887] [main] [info] 250000 / 712864 (35.07 %) Events processed ...
[2025-11-08 10:22:07.652] [main] [info] 260000 / 712864 (36.47 %) Events processed ...
[2025-11-08 10:22:10.891] [main] [info] 270000 / 712864 (37.88 %) Events processed ...
[2025-11-08 10:22:12.730] [main] [info] 280000 / 712864 (39.28 %) Events processed ...
[2025-11-08 10:22:14.562] [main] [info] 290000 / 712864 (40.68 %) Events processed ...
[2025-11-08 10:22:16.269] [main] [info] 300000 / 712864 (42.08 %) Events processed ...
[2025-11-08 10:22:19.184] [main] [info] 310000 / 712864 (43.49 %) Events processed ...
[2025-11-08 10:22:21.372] [main] [info] 320000 / 712864 (44.89 %) Events processed ...
[2025-11-08 10:22:23.325] [main] [info] 330000 / 712864 (46.29 %) Events processed ...
[2025-11-08 10:22:24.744] [main] [info] 340000 / 712864 (47.69 %) Events processed ...
[2025-11-08 10:22:28.436] [main] [info] 350000 / 712864 (49.10 %) Events processed ...
[2025-11-08 10:22:30.485] [main] [info] 360000 / 712864 (50.50 %) Events processed ...
[2025-11-08 10:22:32.547] [main] [info] 370000 / 712864 (51.90 %) Events processed ...
[2025-11-08 10:22:34.447] [main] [info] 380000 / 712864 (53.31 %) Events processed ...
[2025-11-08 10:22:36.883] [main] [info] 390000 / 712864 (54.71 %) Events processed ...
[2025-11-08 10:22:40.505] [main] [info] 400000 / 712864 (56.11 %) Events processed ...
[2025-11-08 10:22:42.748] [main] [info] 410000 / 712864 (57.51 %) Events processed ...
[2025-11-08 10:22:45.239] [main] [info] 420000 / 712864 (58.92 %) Events processed ...
[2025-11-08 10:22:47.473] [main] [info] 430000 / 712864 (60.32 %) Events processed ...
[2025-11-08 10:22:50.519] [main] [info] 440000 / 712864 (61.72 %) Events processed ...
[2025-11-08 10:22:52.587] [main] [info] 450000 / 712864 (63.13 %) Events processed ...
[2025-11-08 10:22:54.493] [main] [info] 460000 / 712864 (64.53 %) Events processed ...
[2025-11-08 10:22:56.348] [main] [info] 470000 / 712864 (65.93 %) Events processed ...
[2025-11-08 10:22:59.651] [main] [info] 480000 / 712864 (67.33 %) Events processed ...
[2025-11-08 10:23:01.550] [main] [info] 490000 / 712864 (68.74 %) Events processed ...
[2025-11-08 10:23:03.657] [main] [info] 500000 / 712864 (70.14 %) Events processed ...
[2025-11-08 10:23:05.473] [main] [info] 510000 / 712864 (71.54 %) Events processed ...
[2025-11-08 10:23:07.206] [main] [info] 520000 / 712864 (72.95 %) Events processed ...
[2025-11-08 10:23:10.696] [main] [info] 530000 / 712864 (74.35 %) Events processed ...
[2025-11-08 10:23:12.526] [main] [info] 540000 / 712864 (75.75 %) Events processed ...
[2025-11-08 10:23:14.445] [main] [info] 550000 / 712864 (77.15 %) Events processed ...
[2025-11-08 10:23:16.100] [main] [info] 560000 / 712864 (78.56 %) Events processed ...
[2025-11-08 10:23:19.319] [main] [info] 570000 / 712864 (79.96 %) Events processed ...
[2025-11-08 10:23:21.246] [main] [info] 580000 / 712864 (81.36 %) Events processed ...
[2025-11-08 10:23:22.935] [main] [info] 590000 / 712864 (82.76 %) Events processed ...
[2025-11-08 10:23:24.745] [main] [info] 600000 / 712864 (84.17 %) Events processed ...
[2025-11-08 10:23:28.217] [main] [info] 610000 / 712864 (85.57 %) Events processed ...
[2025-11-08 10:23:30.069] [main] [info] 620000 / 712864 (86.97 %) Events processed ...
[2025-11-08 10:23:31.928] [main] [info] 630000 / 712864 (88.38 %) Events processed ...
[2025-11-08 10:23:33.868] [main] [info] 640000 / 712864 (89.78 %) Events processed ...
[2025-11-08 10:23:35.860] [main] [info] 650000 / 712864 (91.18 %) Events processed ...
[2025-11-08 10:23:39.165] [main] [info] 660000 / 712864 (92.58 %) Events processed ...
[2025-11-08 10:23:40.779] [main] [info] 670000 / 712864 (93.99 %) Events processed ...
[2025-11-08 10:23:42.367] [main] [info] 680000 / 712864 (95.39 %) Events processed ...
[2025-11-08 10:23:43.937] [main] [info] 690000 / 712864 (96.79 %) Events processed ...
[2025-11-08 10:23:46.662] [main] [info] 700000 / 712864 (98.20 %) Events processed ...
[2025-11-08 10:23:48.531] [main] [info] 710000 / 712864 (99.60 %) Events processed ...
[2025-11-08 10:23:49.368] [main] [info] vbfhmm:
Flag_goodVertices: pass=712864     all=712864     -- eff=100.00 % cumulative eff=100.00 %
Flag_globalSuperTightHalo2016Filter: pass=712842     all=712864     -- eff=100.00 % cumulative eff=100.00 %
Flag_EcalDeadCellTriggerPrimitiveFilter: pass=712838     all=712842     -- eff=100.00 % cumulative eff=100.00 %
Flag_BadPFMuonFilter: pass=712810     all=712838     -- eff=100.00 % cumulative eff=99.99 %
Flag_BadPFMuonDzFilter: pass=712807     all=712810     -- eff=100.00 % cumulative eff=99.99 %
Flag_eeBadScFilter: pass=712807     all=712807     -- eff=100.00 % cumulative eff=99.99 %
Flag_ecalBadCalibFilter: pass=712785     all=712807     -- eff=100.00 % cumulative eff=99.99 %
Flag_hfNoisyHitsFilter: pass=712744     all=712785     -- eff=99.99 % cumulative eff=99.98 %
Number of muons 2: pass=92700      all=712744     -- eff=13.01 % cumulative eff=13.00 %
DiMuon From Higgs: pass=89208      all=92700      -- eff=96.23 % cumulative eff=12.51 %
LeptonChargeSum: pass=89194      all=89208      -- eff=99.98 % cumulative eff=12.51 %
[2025-11-08 10:23:49.621] [main] [info] Writing quantities map to /eos/user/j/jiahua/MC_2022EE_inc/DYJetsToLL_M-50-madgraphMLM_22EE/4857b1e6-80cd-4c0e-9ffd-321480f9ab09_vbfhmm.root
[2025-11-08 10:23:50.055] [main] [info] Finished Evaluation
[2025-11-08 10:23:50.055] [main] [info] Overall runtime (real time: 224.97, CPU time: 195.93)
