Starting job on \n
Running on: Linux b9p27p9682.cern.ch 5.14.0-570.44.1.el9_6.x86_64 #1 SMP PREEMPT_DYNAMIC Tue Sep 9 05:17:30 EDT 2025 x86_64 x86_64 x86_64 GNU/Linux\n
System software: Red Hat Enterprise Linux release 9.6 (Plow)\n
Setting up CROWN for RedHatEnterprise Version 9.6
subject   : /DC=ch/DC=cern/OU=Organic Units/OU=Users/CN=jiahua/CN=851532/CN=Jiahua Chen/CN=1735721823
issuer    : /DC=ch/DC=cern/OU=Organic Units/OU=Users/CN=jiahua/CN=851532/CN=Jiahua Chen
identity  : /DC=ch/DC=cern/OU=Organic Units/OU=Users/CN=jiahua/CN=851532/CN=Jiahua Chen
type      : RFC compliant proxy
strength  : 2048 bits
path      : /afs/cern.ch/user/j/jiahua/proxy/x509up_u139833
timeleft  : 197:18:56
key usage : Digital Signature, Key Encipherment
=== VO cms extension information ===
VO        : cms
subject   : /DC=ch/DC=cern/OU=Organic Units/OU=Users/CN=jiahua/CN=851532/CN=Jiahua Chen
issuer    : /DC=ch/DC=cern/OU=computers/CN=cms-auth.cern.ch
attribute : /cms/Role=NULL/Capability=NULL
timeleft  : 189:18:56
uri       : voms-cms-auth.cern.ch:15000
subject   : /DC=ch/DC=cern/OU=Organic Units/OU=Users/CN=jiahua/CN=851532/CN=Jiahua Chen/CN=1735721823
issuer    : /DC=ch/DC=cern/OU=Organic Units/OU=Users/CN=jiahua/CN=851532/CN=Jiahua Chen
identity  : /DC=ch/DC=cern/OU=Organic Units/OU=Users/CN=jiahua/CN=851532/CN=Jiahua Chen
type      : RFC compliant proxy
strength  : 2048 bits
path      : /afs/cern.ch/user/j/jiahua/proxy/x509up_u139833
timeleft  : 197:18:56
key usage : Digital Signature, Key Encipherment
=== VO cms extension information ===
VO        : cms
subject   : /DC=ch/DC=cern/OU=Organic Units/OU=Users/CN=jiahua/CN=851532/CN=Jiahua Chen
issuer    : /DC=ch/DC=cern/OU=computers/CN=cms-auth.cern.ch
attribute : /cms/Role=NULL/Capability=NULL
timeleft  : 189:18:56
uri       : voms-cms-auth.cern.ch:15000
/eos/user/j/jiahua/MC_2022EE_inc/DYJetsToLL_M-50-madgraphMLM_22EE/d06d0cb7-82af-4f4c-b62e-005caf285046.root
[2025-11-08 10:20:02.409] [main] [info] Checking input files
[2025-11-08 10:20:06.533] [main] [info] NanoAOD input_file 1: root://cms-xrd-global.cern.ch//store/mc/Run3Summer22EENanoAODv12/DYJetsToLL_M-50_TuneCP5_13p6TeV-madgraphMLM-pythia8/NANOAODSIM/forPOG_130X_mcRun3_2022_realistic_postEE_v6-v2/40000/d06d0cb7-82af-4f4c-b62e-005caf285046.root - 755863 Events
[2025-11-08 10:20:06.533] [main] [info] input_file 1: root://cms-xrd-global.cern.ch//store/mc/Run3Summer22EENanoAODv12/DYJetsToLL_M-50_TuneCP5_13p6TeV-madgraphMLM-pythia8/NANOAODSIM/forPOG_130X_mcRun3_2022_realistic_postEE_v6-v2/40000/d06d0cb7-82af-4f4c-b62e-005caf285046.root - SumOfGenWeight: 755863 
[2025-11-08 10:20:06.533] [main] [info] Output directory: /eos/user/j/jiahua/MC_2022EE_inc/DYJetsToLL_M-50-madgraphMLM_22EE/d06d0cb7-82af-4f4c-b62e-005caf285046.root
[2025-11-08 10:20:06.533] [main] [info] Starting Setup of Dataframe with 755863 events
[2025-11-08 10:20:58.581] [main] [info] Finished Setup
[2025-11-08 10:20:58.582] [main] [info] Runtime for setup (real time: 52.05, CPU time: 50.16)
[2025-11-08 10:20:58.582] [main] [info] Starting Evaluation
[2025-11-08 10:21:13.422] [main] [info] 10000 / 755863 (1.32 %) Events processed ...
[2025-11-08 10:21:15.158] [main] [info] 20000 / 755863 (2.65 %) Events processed ...
[2025-11-08 10:21:16.731] [main] [info] 30000 / 755863 (3.97 %) Events processed ...
[2025-11-08 10:21:18.455] [main] [info] 40000 / 755863 (5.29 %) Events processed ...
[2025-11-08 10:21:24.785] [main] [info] 50000 / 755863 (6.61 %) Events processed ...
[2025-11-08 10:21:26.222] [main] [info] 60000 / 755863 (7.94 %) Events processed ...
[2025-11-08 10:21:28.110] [main] [info] 70000 / 755863 (9.26 %) Events processed ...
[2025-11-08 10:21:29.447] [main] [info] 80000 / 755863 (10.58 %) Events processed ...
[2025-11-08 10:21:35.639] [main] [info] 90000 / 755863 (11.91 %) Events processed ...
[2025-11-08 10:21:37.074] [main] [info] 100000 / 755863 (13.23 %) Events processed ...
[2025-11-08 10:21:38.300] [main] [info] 110000 / 755863 (14.55 %) Events processed ...
[2025-11-08 10:21:39.822] [main] [info] 120000 / 755863 (15.88 %) Events processed ...
[2025-11-08 10:21:45.082] [main] [info] 130000 / 755863 (17.20 %) Events processed ...
[2025-11-08 10:21:46.598] [main] [info] 140000 / 755863 (18.52 %) Events processed ...
[2025-11-08 10:21:48.081] [main] [info] 150000 / 755863 (19.84 %) Events processed ...
[2025-11-08 10:21:49.283] [main] [info] 160000 / 755863 (21.17 %) Events processed ...
[2025-11-08 10:21:50.739] [main] [info] 170000 / 755863 (22.49 %) Events processed ...
[2025-11-08 10:21:57.785] [main] [info] 180000 / 755863 (23.81 %) Events processed ...
[2025-11-08 10:21:59.264] [main] [info] 190000 / 755863 (25.14 %) Events processed ...
[2025-11-08 10:22:00.843] [main] [info] 200000 / 755863 (26.46 %) Events processed ...
[2025-11-08 10:22:02.311] [main] [info] 210000 / 755863 (27.78 %) Events processed ...
[2025-11-08 10:22:08.175] [main] [info] 220000 / 755863 (29.11 %) Events processed ...
[2025-11-08 10:22:09.919] [main] [info] 230000 / 755863 (30.43 %) Events processed ...
[2025-11-08 10:22:11.450] [main] [info] 240000 / 755863 (31.75 %) Events processed ...
[2025-11-08 10:22:12.682] [main] [info] 250000 / 755863 (33.07 %) Events processed ...
[2025-11-08 10:22:17.551] [main] [info] 260000 / 755863 (34.40 %) Events processed ...
[2025-11-08 10:22:18.897] [main] [info] 270000 / 755863 (35.72 %) Events processed ...
[2025-11-08 10:22:20.603] [main] [info] 280000 / 755863 (37.04 %) Events processed ...
[2025-11-08 10:22:22.398] [main] [info] 290000 / 755863 (38.37 %) Events processed ...
[2025-11-08 10:22:24.033] [main] [info] 300000 / 755863 (39.69 %) Events processed ...
[2025-11-08 10:22:28.444] [main] [info] 310000 / 755863 (41.01 %) Events processed ...
[2025-11-08 10:22:30.068] [main] [info] 320000 / 755863 (42.34 %) Events processed ...
[2025-11-08 10:22:31.862] [main] [info] 330000 / 755863 (43.66 %) Events processed ...
[2025-11-08 10:22:33.457] [main] [info] 340000 / 755863 (44.98 %) Events processed ...
[2025-11-08 10:22:37.040] [main] [info] 350000 / 755863 (46.30 %) Events processed ...
[2025-11-08 10:22:38.756] [main] [info] 360000 / 755863 (47.63 %) Events processed ...
[2025-11-08 10:22:40.165] [main] [info] 370000 / 755863 (48.95 %) Events processed ...
[2025-11-08 10:22:41.707] [main] [info] 380000 / 755863 (50.27 %) Events processed ...
[2025-11-08 10:22:46.317] [main] [info] 390000 / 755863 (51.60 %) Events processed ...
[2025-11-08 10:22:47.939] [main] [info] 400000 / 755863 (52.92 %) Events processed ...
[2025-11-08 10:22:49.476] [main] [info] 410000 / 755863 (54.24 %) Events processed ...
[2025-11-08 10:22:51.026] [main] [info] 420000 / 755863 (55.57 %) Events processed ...
[2025-11-08 10:22:52.459] [main] [info] 430000 / 755863 (56.89 %) Events processed ...
[2025-11-08 10:22:57.383] [main] [info] 440000 / 755863 (58.21 %) Events processed ...
[2025-11-08 10:22:59.008] [main] [info] 450000 / 755863 (59.53 %) Events processed ...
[2025-11-08 10:23:00.582] [main] [info] 460000 / 755863 (60.86 %) Events processed ...
[2025-11-08 10:23:02.097] [main] [info] 470000 / 755863 (62.18 %) Events processed ...
[2025-11-08 10:23:06.366] [main] [info] 480000 / 755863 (63.50 %) Events processed ...
[2025-11-08 10:23:07.915] [main] [info] 490000 / 755863 (64.83 %) Events processed ...
[2025-11-08 10:23:09.380] [main] [info] 500000 / 755863 (66.15 %) Events processed ...
[2025-11-08 10:23:11.068] [main] [info] 510000 / 755863 (67.47 %) Events processed ...
[2025-11-08 10:23:16.016] [main] [info] 520000 / 755863 (68.80 %) Events processed ...
[2025-11-08 10:23:17.528] [main] [info] 530000 / 755863 (70.12 %) Events processed ...
[2025-11-08 10:23:18.908] [main] [info] 540000 / 755863 (71.44 %) Events processed ...
[2025-11-08 10:23:20.551] [main] [info] 550000 / 755863 (72.76 %) Events processed ...
[2025-11-08 10:23:21.948] [main] [info] 560000 / 755863 (74.09 %) Events processed ...
[2025-11-08 10:23:28.568] [main] [info] 570000 / 755863 (75.41 %) Events processed ...
[2025-11-08 10:23:30.266] [main] [info] 580000 / 755863 (76.73 %) Events processed ...
[2025-11-08 10:23:31.803] [main] [info] 590000 / 755863 (78.06 %) Events processed ...
[2025-11-08 10:23:33.529] [main] [info] 600000 / 755863 (79.38 %) Events processed ...
[2025-11-08 10:23:40.325] [main] [info] 610000 / 755863 (80.70 %) Events processed ...
[2025-11-08 10:23:41.780] [main] [info] 620000 / 755863 (82.03 %) Events processed ...
[2025-11-08 10:23:43.338] [main] [info] 630000 / 755863 (83.35 %) Events processed ...
[2025-11-08 10:23:44.991] [main] [info] 640000 / 755863 (84.67 %) Events processed ...
[2025-11-08 10:23:52.850] [main] [info] 650000 / 755863 (85.99 %) Events processed ...
[2025-11-08 10:23:54.347] [main] [info] 660000 / 755863 (87.32 %) Events processed ...
[2025-11-08 10:23:55.897] [main] [info] 670000 / 755863 (88.64 %) Events processed ...
[2025-11-08 10:23:57.389] [main] [info] 680000 / 755863 (89.96 %) Events processed ...
[2025-11-08 10:23:58.816] [main] [info] 690000 / 755863 (91.29 %) Events processed ...
[2025-11-08 10:24:05.148] [main] [info] 700000 / 755863 (92.61 %) Events processed ...
[2025-11-08 10:24:06.781] [main] [info] 710000 / 755863 (93.93 %) Events processed ...
[2025-11-08 10:24:08.437] [main] [info] 720000 / 755863 (95.26 %) Events processed ...
[2025-11-08 10:24:10.135] [main] [info] 730000 / 755863 (96.58 %) Events processed ...
[2025-11-08 10:24:15.306] [main] [info] 740000 / 755863 (97.90 %) Events processed ...
[2025-11-08 10:24:17.069] [main] [info] 750000 / 755863 (99.22 %) Events processed ...
[2025-11-08 10:24:18.175] [main] [info] vbfhmm:
Flag_goodVertices: pass=755863     all=755863     -- eff=100.00 % cumulative eff=100.00 %
Flag_globalSuperTightHalo2016Filter: pass=755843     all=755863     -- eff=100.00 % cumulative eff=100.00 %
Flag_EcalDeadCellTriggerPrimitiveFilter: pass=755838     all=755843     -- eff=100.00 % cumulative eff=100.00 %
Flag_BadPFMuonFilter: pass=755815     all=755838     -- eff=100.00 % cumulative eff=99.99 %
Flag_BadPFMuonDzFilter: pass=755811     all=755815     -- eff=100.00 % cumulative eff=99.99 %
Flag_eeBadScFilter: pass=755811     all=755811     -- eff=100.00 % cumulative eff=99.99 %
Flag_ecalBadCalibFilter: pass=755770     all=755811     -- eff=99.99 % cumulative eff=99.99 %
Flag_hfNoisyHitsFilter: pass=755716     all=755770     -- eff=99.99 % cumulative eff=99.98 %
Number of muons 2: pass=98826      all=755716     -- eff=13.08 % cumulative eff=13.07 %
DiMuon From Higgs: pass=95061      all=98826      -- eff=96.19 % cumulative eff=12.58 %
LeptonChargeSum: pass=95050      all=95061      -- eff=99.99 % cumulative eff=12.58 %
[2025-11-08 10:24:18.316] [main] [info] Writing quantities map to /eos/user/j/jiahua/MC_2022EE_inc/DYJetsToLL_M-50-madgraphMLM_22EE/d06d0cb7-82af-4f4c-b62e-005caf285046_vbfhmm.root
[2025-11-08 10:24:18.814] [main] [info] Finished Evaluation
[2025-11-08 10:24:18.814] [main] [info] Overall runtime (real time: 252.28, CPU time: 175.59)
