000 (12769421.332.000) 11/08 09:48:26 Job submitted from host: <188.185.121.235:9618?addrs=188.185.121.235-9618+[2001-1458-d00-49--100-36e]-9618&alias=bigbird22.cern.ch&noUDP&sock=schedd_232129_c3ca>
...
040 (12769421.332.000) 11/08 09:59:58 Started transferring input files
	Transferring to host: <188.185.207.143:9618?addrs=188.185.207.143-9618+[2001-1458-303-e--100-c]-9618&alias=b9p08p3391.cern.ch&noUDP&sock=slot1_10_10712_52ad_44586>
...
040 (12769421.332.000) 11/08 09:59:58 Finished transferring input files
...
001 (12769421.332.000) 11/08 09:59:59 Job executing on host: <188.185.207.143:9618?addrs=188.185.207.143-9618+[2001-1458-303-e--100-c]-9618&alias=b9p08p3391.cern.ch&noUDP&sock=startd_9437_9356>
	SlotName: slot1_10@b9p08p3391.cern.ch
	CondorScratchDir = "/pool/condor/dir_1413457"
	Cpus = 1
	Disk = 15843
	GPUs = 0
	Memory = 3000
...
006 (12769421.332.000) 11/08 10:00:13 Image size of job updated: 98284
	96  -  MemoryUsage of job (MB)
	98284  -  ResidentSetSize of job (KB)
...
006 (12769421.332.000) 11/08 10:05:14 Image size of job updated: 551932
	539  -  MemoryUsage of job (MB)
	551932  -  ResidentSetSize of job (KB)
...
040 (12769421.332.000) 11/08 10:05:19 Started transferring output files
...
040 (12769421.332.000) 11/08 10:05:19 Finished transferring output files
...
005 (12769421.332.000) 11/08 10:05:19 Job terminated.
	(1) Normal termination (return value 0)
		Usr 0 00:04:22, Sys 0 00:00:06  -  Run Remote Usage
		Usr 0 00:00:00, Sys 0 00:00:00  -  Run Local Usage
		Usr 0 00:04:22, Sys 0 00:00:06  -  Total Remote Usage
		Usr 0 00:00:00, Sys 0 00:00:00  -  Total Local Usage
	20679  -  Run Bytes Sent By Job
	11220238  -  Run Bytes Received By Job
	20679  -  Total Bytes Sent By Job
	11220238  -  Total Bytes Received By Job
	Partitionable Resources :    Usage  Request Allocated 
	   Cpus                 :        0        1         1 
	   Disk (KB)            :    11003    12500     15843 
	   GPUs                 :                           0 
	   Memory (MB)          :      539     3000      3000 
	   TimeExecute (s)      :      320                    
	   TimeSlotBusy (s)     :      322                    

	Job terminated of its own accord at 2025-11-08T09:05:19Z with exit-code 0.
...
