000 (12769421.065.000) 11/08 09:48:26 Job submitted from host: <188.185.121.235:9618?addrs=188.185.121.235-9618+[2001-1458-d00-49--100-36e]-9618&alias=bigbird22.cern.ch&noUDP&sock=schedd_232129_c3ca>
...
040 (12769421.065.000) 11/08 09:58:27 Started transferring input files
	Transferring to host: <188.185.210.161:9618?addrs=188.185.210.161-9618+[2001-1458-303-15--100-1d]-9618&alias=b9p22p1905.cern.ch&noUDP&sock=slot1_25_7264_e520_44344>
...
040 (12769421.065.000) 11/08 09:58:27 Finished transferring input files
...
001 (12769421.065.000) 11/08 09:58:28 Job executing on host: <188.185.210.161:9618?addrs=188.185.210.161-9618+[2001-1458-303-15--100-1d]-9618&alias=b9p22p1905.cern.ch&noUDP&sock=startd_6329_befd>
	SlotName: slot1_25@b9p22p1905.cern.ch
	CondorScratchDir = "/pool/condor/dir_2517113"
	Cpus = 1
	Disk = 15711
	GPUs = 0
	Memory = 3000
...
006 (12769421.065.000) 11/08 09:58:42 Image size of job updated: 103092
	101  -  MemoryUsage of job (MB)
	103092  -  ResidentSetSize of job (KB)
...
006 (12769421.065.000) 11/08 09:59:50 Image size of job updated: 418192
	101  -  MemoryUsage of job (MB)
	103092  -  ResidentSetSize of job (KB)
...
040 (12769421.065.000) 11/08 09:59:50 Started transferring output files
...
040 (12769421.065.000) 11/08 09:59:50 Finished transferring output files
...
005 (12769421.065.000) 11/08 09:59:50 Job terminated.
	(1) Normal termination (return value 0)
		Usr 0 00:01:06, Sys 0 00:00:02  -  Run Remote Usage
		Usr 0 00:00:00, Sys 0 00:00:00  -  Run Local Usage
		Usr 0 00:01:06, Sys 0 00:00:02  -  Total Remote Usage
		Usr 0 00:00:00, Sys 0 00:00:00  -  Total Local Usage
	9578  -  Run Bytes Sent By Job
	11220238  -  Run Bytes Received By Job
	9578  -  Total Bytes Sent By Job
	11220238  -  Total Bytes Received By Job
	Partitionable Resources :    Usage  Request Allocated 
	   Cpus                 :        0        1         1 
	   Disk (KB)            :    10990    12500     15711 
	   GPUs                 :                           0 
	   Memory (MB)          :      101     3000      3000 
	   TimeExecute (s)      :       82                    
	   TimeSlotBusy (s)     :       83                    

	Job terminated of its own accord at 2025-11-08T08:59:50Z with exit-code 0.
...
