000 (12769421.027.000) 11/08 09:48:26 Job submitted from host: <188.185.121.235:9618?addrs=188.185.121.235-9618+[2001-1458-d00-49--100-36e]-9618&alias=bigbird22.cern.ch&noUDP&sock=schedd_232129_c3ca>
...
040 (12769421.027.000) 11/08 09:58:10 Started transferring input files
	Transferring to host: <128.142.33.20:9618?addrs=128.142.33.20-9618+[2001-1458-301-53--100-11]-9618&alias=b9g34p2113.cern.ch&noUDP&sock=slot1_18_4966_bf03_46941>
...
040 (12769421.027.000) 11/08 09:58:10 Finished transferring input files
...
001 (12769421.027.000) 11/08 09:58:11 Job executing on host: <128.142.33.20:9618?addrs=128.142.33.20-9618+[2001-1458-301-53--100-11]-9618&alias=b9g34p2113.cern.ch&noUDP&sock=startd_4121_3de0>
	SlotName: slot1_18@b9g34p2113.cern.ch
	CondorScratchDir = "/pool/condor/dir_3011306"
	Cpus = 1
	Disk = 12988
	GPUs = 0
	Memory = 3000
...
006 (12769421.027.000) 11/08 09:58:24 Image size of job updated: 107084
	105  -  MemoryUsage of job (MB)
	107084  -  ResidentSetSize of job (KB)
...
006 (12769421.027.000) 11/08 09:59:47 Image size of job updated: 417596
	105  -  MemoryUsage of job (MB)
	107084  -  ResidentSetSize of job (KB)
...
040 (12769421.027.000) 11/08 09:59:47 Started transferring output files
...
040 (12769421.027.000) 11/08 09:59:47 Finished transferring output files
...
005 (12769421.027.000) 11/08 09:59:47 Job terminated.
	(1) Normal termination (return value 0)
		Usr 0 00:01:22, Sys 0 00:00:01  -  Run Remote Usage
		Usr 0 00:00:00, Sys 0 00:00:00  -  Run Local Usage
		Usr 0 00:01:22, Sys 0 00:00:01  -  Total Remote Usage
		Usr 0 00:00:00, Sys 0 00:00:00  -  Total Local Usage
	9576  -  Run Bytes Sent By Job
	11220238  -  Run Bytes Received By Job
	9576  -  Total Bytes Sent By Job
	11220238  -  Total Bytes Received By Job
	Partitionable Resources :    Usage  Request Allocated 
	   Cpus                 :        0        1         1 
	   Disk (KB)            :    10990    12500     12988 
	   GPUs                 :                           0 
	   Memory (MB)          :      105     3000      3000 
	   TimeExecute (s)      :       96                    
	   TimeSlotBusy (s)     :       97                    

	Job terminated of its own accord at 2025-11-08T08:59:47Z with exit-code 0.
...
