000 (12769421.240.000) 11/08 09:48:26 Job submitted from host: <188.185.121.235:9618?addrs=188.185.121.235-9618+[2001-1458-d00-49--100-36e]-9618&alias=bigbird22.cern.ch&noUDP&sock=schedd_232129_c3ca>
...
040 (12769421.240.000) 11/08 09:59:27 Started transferring input files
	Transferring to host: <128.142.51.203:9618?addrs=128.142.51.203-9618+[2001-1458-301-3--100-8]-9618&alias=b9g02p3210.cern.ch&noUDP&sock=slot1_4_8630_5d98_49753>
...
040 (12769421.240.000) 11/08 09:59:27 Finished transferring input files
...
001 (12769421.240.000) 11/08 09:59:28 Job executing on host: <128.142.51.203:9618?addrs=128.142.51.203-9618+[2001-1458-301-3--100-8]-9618&alias=b9g02p3210.cern.ch&noUDP&sock=startd_7392_e029>
	SlotName: slot1_4@b9g02p3210.cern.ch
	CondorScratchDir = "/pool/condor/dir_2851913"
	Cpus = 1
	Disk = 15921
	GPUs = 0
	Memory = 3000
...
006 (12769421.240.000) 11/08 09:59:41 Image size of job updated: 97436
	96  -  MemoryUsage of job (MB)
	97436  -  ResidentSetSize of job (KB)
...
006 (12769421.240.000) 11/08 10:04:42 Image size of job updated: 474972
	464  -  MemoryUsage of job (MB)
	474972  -  ResidentSetSize of job (KB)
...
006 (12769421.240.000) 11/08 10:09:43 Image size of job updated: 557164
	545  -  MemoryUsage of job (MB)
	557164  -  ResidentSetSize of job (KB)
...
006 (12769421.240.000) 11/08 10:11:50 Image size of job updated: 557936
	545  -  MemoryUsage of job (MB)
	557164  -  ResidentSetSize of job (KB)
...
040 (12769421.240.000) 11/08 10:11:50 Started transferring output files
...
040 (12769421.240.000) 11/08 10:11:50 Finished transferring output files
...
005 (12769421.240.000) 11/08 10:11:50 Job terminated.
	(1) Normal termination (return value 0)
		Usr 0 00:06:16, Sys 0 00:00:06  -  Run Remote Usage
		Usr 0 00:00:00, Sys 0 00:00:00  -  Run Local Usage
		Usr 0 00:06:16, Sys 0 00:00:06  -  Total Remote Usage
		Usr 0 00:00:00, Sys 0 00:00:00  -  Total Local Usage
	21811  -  Run Bytes Sent By Job
	11220238  -  Run Bytes Received By Job
	21811  -  Total Bytes Sent By Job
	11220238  -  Total Bytes Received By Job
	Partitionable Resources :    Usage  Request Allocated 
	   Cpus                 :     0.66        1         1 
	   Disk (KB)            : 11002       12500     15921 
	   GPUs                 :                           0 
	   Memory (MB)          :   545        3000      3000 
	   TimeExecute (s)      :   742                       
	   TimeSlotBusy (s)     :   744                       

	Job terminated of its own accord at 2025-11-08T09:11:50Z with exit-code 0.
...
