000 (12769438.083.000) 11/08 09:48:57 Job submitted from host: <188.185.121.235:9618?addrs=188.185.121.235-9618+[2001-1458-d00-49--100-36e]-9618&alias=bigbird22.cern.ch&noUDP&sock=schedd_232129_c3ca>
...
040 (12769438.083.000) 11/08 10:20:42 Started transferring input files
	Transferring to host: <188.185.211.209:9618?addrs=188.185.211.209-9618+[2001-1458-303-17--100-4d]-9618&alias=b9p24p0704.cern.ch&noUDP&sock=slot1_43_6321_775a_49404>
...
040 (12769438.083.000) 11/08 10:20:42 Finished transferring input files
...
001 (12769438.083.000) 11/08 10:20:43 Job executing on host: <188.185.211.209:9618?addrs=188.185.211.209-9618+[2001-1458-303-17--100-4d]-9618&alias=b9p24p0704.cern.ch&noUDP&sock=startd_5541_3e5c>
	SlotName: slot1_43@b9p24p0704.cern.ch
	CondorScratchDir = "/pool/condor/dir_404295"
	Cpus = 1
	Disk = 15964
	GPUs = 0
	Memory = 3000
...
006 (12769438.083.000) 11/08 10:20:57 Image size of job updated: 97796
	96  -  MemoryUsage of job (MB)
	97796  -  ResidentSetSize of job (KB)
...
006 (12769438.083.000) 11/08 10:24:04 Image size of job updated: 529936
	96  -  MemoryUsage of job (MB)
	97796  -  ResidentSetSize of job (KB)
...
040 (12769438.083.000) 11/08 10:24:04 Started transferring output files
...
040 (12769438.083.000) 11/08 10:24:04 Finished transferring output files
...
005 (12769438.083.000) 11/08 10:24:04 Job terminated.
	(1) Normal termination (return value 0)
		Usr 0 00:02:52, Sys 0 00:00:03  -  Run Remote Usage
		Usr 0 00:00:00, Sys 0 00:00:00  -  Run Local Usage
		Usr 0 00:02:52, Sys 0 00:00:03  -  Total Remote Usage
		Usr 0 00:00:00, Sys 0 00:00:00  -  Total Local Usage
	11745  -  Run Bytes Sent By Job
	11220238  -  Run Bytes Received By Job
	11745  -  Total Bytes Sent By Job
	11220238  -  Total Bytes Received By Job
	Partitionable Resources :    Usage  Request Allocated 
	   Cpus                 :        0        1         1 
	   Disk (KB)            :    10992    12500     15964 
	   GPUs                 :                           0 
	   Memory (MB)          :       96     3000      3000 
	   TimeExecute (s)      :      201                    
	   TimeSlotBusy (s)     :      202                    

	Job terminated of its own accord at 2025-11-08T09:24:04Z with exit-code 0.
...
