000 (12769438.098.000) 11/08 09:48:57 Job submitted from host: <188.185.121.235:9618?addrs=188.185.121.235-9618+[2001-1458-d00-49--100-36e]-9618&alias=bigbird22.cern.ch&noUDP&sock=schedd_232129_c3ca>
...
040 (12769438.098.000) 11/08 10:20:47 Started transferring input files
	Transferring to host: <188.185.213.149:9618?addrs=188.185.213.149-9618+[2001-1458-303-1b--100-11]-9618&alias=b9p28p9569.cern.ch&noUDP&sock=slot1_22_4258_e566_60298>
...
040 (12769438.098.000) 11/08 10:20:47 Finished transferring input files
...
001 (12769438.098.000) 11/08 10:20:48 Job executing on host: <188.185.213.149:9618?addrs=188.185.213.149-9618+[2001-1458-303-1b--100-11]-9618&alias=b9p28p9569.cern.ch&noUDP&sock=startd_3644_0f33>
	SlotName: slot1_22@b9p28p9569.cern.ch
	CondorScratchDir = "/pool/condor/dir_3006415"
	Cpus = 1
	Disk = 15753
	GPUs = 0
	Memory = 3000
...
006 (12769438.098.000) 11/08 10:21:01 Image size of job updated: 95680
	94  -  MemoryUsage of job (MB)
	95680  -  ResidentSetSize of job (KB)
...
006 (12769438.098.000) 11/08 10:21:58 Image size of job updated: 409944
	94  -  MemoryUsage of job (MB)
	95680  -  ResidentSetSize of job (KB)
...
040 (12769438.098.000) 11/08 10:21:58 Started transferring output files
...
040 (12769438.098.000) 11/08 10:21:58 Finished transferring output files
...
005 (12769438.098.000) 11/08 10:21:58 Job terminated.
	(1) Normal termination (return value 0)
		Usr 0 00:00:54, Sys 0 00:00:02  -  Run Remote Usage
		Usr 0 00:00:00, Sys 0 00:00:00  -  Run Local Usage
		Usr 0 00:00:54, Sys 0 00:00:02  -  Total Remote Usage
		Usr 0 00:00:00, Sys 0 00:00:00  -  Total Local Usage
	9579  -  Run Bytes Sent By Job
	11220238  -  Run Bytes Received By Job
	9579  -  Total Bytes Sent By Job
	11220238  -  Total Bytes Received By Job
	Partitionable Resources :    Usage  Request Allocated 
	   Cpus                 :        0        1         1 
	   Disk (KB)            :    10990    12500     15753 
	   GPUs                 :                           0 
	   Memory (MB)          :       94     3000      3000 
	   TimeExecute (s)      :       70                    
	   TimeSlotBusy (s)     :       71                    

	Job terminated of its own accord at 2025-11-08T09:21:58Z with exit-code 0.
...
