000 (12769421.376.000) 11/08 09:48:26 Job submitted from host: <188.185.121.235:9618?addrs=188.185.121.235-9618+[2001-1458-d00-49--100-36e]-9618&alias=bigbird22.cern.ch&noUDP&sock=schedd_232129_c3ca>
...
040 (12769421.376.000) 11/08 10:00:13 Started transferring input files
	Transferring to host: <188.185.210.207:9618?addrs=188.185.210.207-9618+[2001-1458-303-15--100-4b]-9618&alias=b9p22p1144.cern.ch&noUDP&sock=slot1_2_3071_8c16_50952>
...
040 (12769421.376.000) 11/08 10:00:13 Finished transferring input files
...
001 (12769421.376.000) 11/08 10:00:14 Job executing on host: <188.185.210.207:9618?addrs=188.185.210.207-9618+[2001-1458-303-15--100-4b]-9618&alias=b9p22p1144.cern.ch&noUDP&sock=startd_2634_488c>
	SlotName: slot1_2@b9p22p1144.cern.ch
	CondorScratchDir = "/pool/condor/dir_667971"
	Cpus = 1
	Disk = 15931
	GPUs = 0
	Memory = 3000
...
006 (12769421.376.000) 11/08 10:00:28 Image size of job updated: 105476
	104  -  MemoryUsage of job (MB)
	105476  -  ResidentSetSize of job (KB)
...
006 (12769421.376.000) 11/08 10:02:11 Image size of job updated: 435460
	104  -  MemoryUsage of job (MB)
	105476  -  ResidentSetSize of job (KB)
...
040 (12769421.376.000) 11/08 10:02:11 Started transferring output files
...
040 (12769421.376.000) 11/08 10:02:11 Finished transferring output files
...
005 (12769421.376.000) 11/08 10:02:11 Job terminated.
	(1) Normal termination (return value 0)
		Usr 0 00:01:13, Sys 0 00:00:03  -  Run Remote Usage
		Usr 0 00:00:00, Sys 0 00:00:00  -  Run Local Usage
		Usr 0 00:01:13, Sys 0 00:00:03  -  Total Remote Usage
		Usr 0 00:00:00, Sys 0 00:00:00  -  Total Local Usage
	10003  -  Run Bytes Sent By Job
	11220238  -  Run Bytes Received By Job
	10003  -  Total Bytes Sent By Job
	11220238  -  Total Bytes Received By Job
	Partitionable Resources :    Usage  Request Allocated 
	   Cpus                 :        0        1         1 
	   Disk (KB)            :    10991    12500     15931 
	   GPUs                 :                           0 
	   Memory (MB)          :      104     3000      3000 
	   TimeExecute (s)      :      117                    
	   TimeSlotBusy (s)     :      119                    

	Job terminated of its own accord at 2025-11-08T09:02:11Z with exit-code 0.
...
