Starting job on \n
Running on: Linux b9p29p9797.cern.ch 5.14.0-570.44.1.el9_6.x86_64 #1 SMP PREEMPT_DYNAMIC Tue Sep 9 05:17:30 EDT 2025 x86_64 x86_64 x86_64 GNU/Linux\n
System software: Red Hat Enterprise Linux release 9.6 (Plow)\n
Setting up CROWN for RedHatEnterprise Version 9.6
subject   : /DC=ch/DC=cern/OU=Organic Units/OU=Users/CN=jiahua/CN=851532/CN=Jiahua Chen/CN=1735721823
issuer    : /DC=ch/DC=cern/OU=Organic Units/OU=Users/CN=jiahua/CN=851532/CN=Jiahua Chen
identity  : /DC=ch/DC=cern/OU=Organic Units/OU=Users/CN=jiahua/CN=851532/CN=Jiahua Chen
type      : RFC compliant proxy
strength  : 2048 bits
path      : /afs/cern.ch/user/j/jiahua/proxy/x509up_u139833
timeleft  : 197:18:27
key usage : Digital Signature, Key Encipherment
=== VO cms extension information ===
VO        : cms
subject   : /DC=ch/DC=cern/OU=Organic Units/OU=Users/CN=jiahua/CN=851532/CN=Jiahua Chen
issuer    : /DC=ch/DC=cern/OU=computers/CN=cms-auth.cern.ch
attribute : /cms/Role=NULL/Capability=NULL
timeleft  : 189:18:27
uri       : voms-cms-auth.cern.ch:15000
subject   : /DC=ch/DC=cern/OU=Organic Units/OU=Users/CN=jiahua/CN=851532/CN=Jiahua Chen/CN=1735721823
issuer    : /DC=ch/DC=cern/OU=Organic Units/OU=Users/CN=jiahua/CN=851532/CN=Jiahua Chen
identity  : /DC=ch/DC=cern/OU=Organic Units/OU=Users/CN=jiahua/CN=851532/CN=Jiahua Chen
type      : RFC compliant proxy
strength  : 2048 bits
path      : /afs/cern.ch/user/j/jiahua/proxy/x509up_u139833
timeleft  : 197:18:27
key usage : Digital Signature, Key Encipherment
=== VO cms extension information ===
VO        : cms
subject   : /DC=ch/DC=cern/OU=Organic Units/OU=Users/CN=jiahua/CN=851532/CN=Jiahua Chen
issuer    : /DC=ch/DC=cern/OU=computers/CN=cms-auth.cern.ch
attribute : /cms/Role=NULL/Capability=NULL
timeleft  : 189:18:27
uri       : voms-cms-auth.cern.ch:15000
/eos/user/j/jiahua/MC_2022EE_inc/DYto2Mu-2Jets_MLL-105To160_amcatnloFXFX_22EE/e5ad6c00-c7d6-4dd6-a149-712002fe67a4.root
[2025-11-08 10:20:31.256] [main] [info] Checking input files
[2025-11-08 10:20:41.171] [main] [info] NanoAOD input_file 1: root://cms-xrd-global.cern.ch//store/mc/Run3Summer22EENanoAODv12/DYto2Mu-2Jets_MLL-105To160_TuneCP5_13p6TeV_amcatnloFXFX-pythia8/NANOAODSIM/130X_mcRun3_2022_realistic_postEE_v6-v2/120000/e5ad6c00-c7d6-4dd6-a149-712002fe67a4.root - 343157 Events
[2025-11-08 10:20:41.171] [main] [info] input_file 1: root://cms-xrd-global.cern.ch//store/mc/Run3Summer22EENanoAODv12/DYto2Mu-2Jets_MLL-105To160_TuneCP5_13p6TeV_amcatnloFXFX-pythia8/NANOAODSIM/130X_mcRun3_2022_realistic_postEE_v6-v2/120000/e5ad6c00-c7d6-4dd6-a149-712002fe67a4.root - SumOfGenWeight: 46227781.62366001 
[2025-11-08 10:20:41.171] [main] [info] Output directory: /eos/user/j/jiahua/MC_2022EE_inc/DYto2Mu-2Jets_MLL-105To160_amcatnloFXFX_22EE/e5ad6c00-c7d6-4dd6-a149-712002fe67a4.root
[2025-11-08 10:20:41.172] [main] [info] Starting Setup of Dataframe with 343157 events
[2025-11-08 10:21:34.896] [main] [info] Finished Setup
[2025-11-08 10:21:34.896] [main] [info] Runtime for setup (real time: 53.72, CPU time: 47.49)
[2025-11-08 10:21:34.896] [main] [info] Starting Evaluation
[2025-11-08 10:21:48.090] [main] [info] 10000 / 343157 (2.91 %) Events processed ...
[2025-11-08 10:21:52.844] [main] [info] 20000 / 343157 (5.83 %) Events processed ...
[2025-11-08 10:21:57.029] [main] [info] 30000 / 343157 (8.74 %) Events processed ...
[2025-11-08 10:22:03.379] [main] [info] 40000 / 343157 (11.66 %) Events processed ...
[2025-11-08 10:22:07.232] [main] [info] 50000 / 343157 (14.57 %) Events processed ...
[2025-11-08 10:22:11.187] [main] [info] 60000 / 343157 (17.48 %) Events processed ...
[2025-11-08 10:22:15.342] [main] [info] 70000 / 343157 (20.40 %) Events processed ...
[2025-11-08 10:22:20.567] [main] [info] 80000 / 343157 (23.31 %) Events processed ...
[2025-11-08 10:22:24.949] [main] [info] 90000 / 343157 (26.23 %) Events processed ...
[2025-11-08 10:22:28.887] [main] [info] 100000 / 343157 (29.14 %) Events processed ...
[2025-11-08 10:22:36.051] [main] [info] 110000 / 343157 (32.06 %) Events processed ...
[2025-11-08 10:22:40.061] [main] [info] 120000 / 343157 (34.97 %) Events processed ...
[2025-11-08 10:22:44.442] [main] [info] 130000 / 343157 (37.88 %) Events processed ...
[2025-11-08 10:22:48.515] [main] [info] 140000 / 343157 (40.80 %) Events processed ...
[2025-11-08 10:22:54.187] [main] [info] 150000 / 343157 (43.71 %) Events processed ...
[2025-11-08 10:22:58.440] [main] [info] 160000 / 343157 (46.63 %) Events processed ...
[2025-11-08 10:23:02.605] [main] [info] 170000 / 343157 (49.54 %) Events processed ...
[2025-11-08 10:23:06.928] [main] [info] 180000 / 343157 (52.45 %) Events processed ...
[2025-11-08 10:23:11.399] [main] [info] 190000 / 343157 (55.37 %) Events processed ...
[2025-11-08 10:23:15.588] [main] [info] 200000 / 343157 (58.28 %) Events processed ...
[2025-11-08 10:23:19.664] [main] [info] 210000 / 343157 (61.20 %) Events processed ...
[2025-11-08 10:23:24.942] [main] [info] 220000 / 343157 (64.11 %) Events processed ...
[2025-11-08 10:23:29.573] [main] [info] 230000 / 343157 (67.02 %) Events processed ...
[2025-11-08 10:23:33.598] [main] [info] 240000 / 343157 (69.94 %) Events processed ...
[2025-11-08 10:23:37.641] [main] [info] 250000 / 343157 (72.85 %) Events processed ...
[2025-11-08 10:23:42.508] [main] [info] 260000 / 343157 (75.77 %) Events processed ...
[2025-11-08 10:23:46.944] [main] [info] 270000 / 343157 (78.68 %) Events processed ...
[2025-11-08 10:23:50.714] [main] [info] 280000 / 343157 (81.60 %) Events processed ...
[2025-11-08 10:23:54.571] [main] [info] 290000 / 343157 (84.51 %) Events processed ...
[2025-11-08 10:23:59.365] [main] [info] 300000 / 343157 (87.42 %) Events processed ...
[2025-11-08 10:24:03.160] [main] [info] 310000 / 343157 (90.34 %) Events processed ...
[2025-11-08 10:24:06.773] [main] [info] 320000 / 343157 (93.25 %) Events processed ...
[2025-11-08 10:24:10.943] [main] [info] 330000 / 343157 (96.17 %) Events processed ...
[2025-11-08 10:24:15.027] [main] [info] 340000 / 343157 (99.08 %) Events processed ...
[2025-11-08 10:24:17.614] [main] [info] vbfhmm:
Flag_goodVertices: pass=343157     all=343157     -- eff=100.00 % cumulative eff=100.00 %
Flag_globalSuperTightHalo2016Filter: pass=343132     all=343157     -- eff=99.99 % cumulative eff=99.99 %
Flag_EcalDeadCellTriggerPrimitiveFilter: pass=343128     all=343132     -- eff=100.00 % cumulative eff=99.99 %
Flag_BadPFMuonFilter: pass=343104     all=343128     -- eff=99.99 % cumulative eff=99.98 %
Flag_BadPFMuonDzFilter: pass=343094     all=343104     -- eff=100.00 % cumulative eff=99.98 %
Flag_eeBadScFilter: pass=343094     all=343094     -- eff=100.00 % cumulative eff=99.98 %
Flag_ecalBadCalibFilter: pass=343091     all=343094     -- eff=100.00 % cumulative eff=99.98 %
Flag_hfNoisyHitsFilter: pass=343054     all=343091     -- eff=99.99 % cumulative eff=99.97 %
Number of muons 2: pass=143564     all=343054     -- eff=41.85 % cumulative eff=41.84 %
DiMuon From Higgs: pass=137151     all=143564     -- eff=95.53 % cumulative eff=39.97 %
LeptonChargeSum: pass=137131     all=137151     -- eff=99.99 % cumulative eff=39.96 %
[2025-11-08 10:24:17.730] [main] [info] Writing quantities map to /eos/user/j/jiahua/MC_2022EE_inc/DYto2Mu-2Jets_MLL-105To160_amcatnloFXFX_22EE/e5ad6c00-c7d6-4dd6-a149-712002fe67a4_vbfhmm.root
[2025-11-08 10:24:18.215] [main] [info] Finished Evaluation
[2025-11-08 10:24:18.215] [main] [info] Overall runtime (real time: 217.04, CPU time: 201.33)
