000 (12769421.265.000) 11/08 09:48:26 Job submitted from host: <188.185.121.235:9618?addrs=188.185.121.235-9618+[2001-1458-d00-49--100-36e]-9618&alias=bigbird22.cern.ch&noUDP&sock=schedd_232129_c3ca>
...
040 (12769421.265.000) 11/08 09:59:35 Started transferring input files
	Transferring to host: <128.142.192.211:9618?addrs=128.142.192.211-9618+[2001-1458-301-56--100-4f]-9618&alias=b9g18p7485.cern.ch&noUDP&sock=slot1_45_3385_c9e3_47194>
...
040 (12769421.265.000) 11/08 09:59:35 Finished transferring input files
...
001 (12769421.265.000) 11/08 09:59:36 Job executing on host: <128.142.192.211:9618?addrs=128.142.192.211-9618+[2001-1458-301-56--100-4f]-9618&alias=b9g18p7485.cern.ch&noUDP&sock=startd_2902_1bed>
	SlotName: slot1_45@b9g18p7485.cern.ch
	CondorScratchDir = "/pool/condor/dir_3699058"
	Cpus = 1
	Disk = 15774
	GPUs = 0
	Memory = 3000
...
006 (12769421.265.000) 11/08 09:59:50 Image size of job updated: 123348
	121  -  MemoryUsage of job (MB)
	123348  -  ResidentSetSize of job (KB)
...
006 (12769421.265.000) 11/08 10:04:51 Image size of job updated: 464868
	454  -  MemoryUsage of job (MB)
	464868  -  ResidentSetSize of job (KB)
...
006 (12769421.265.000) 11/08 10:09:11 Image size of job updated: 547936
	454  -  MemoryUsage of job (MB)
	464868  -  ResidentSetSize of job (KB)
...
040 (12769421.265.000) 11/08 10:09:12 Started transferring output files
...
040 (12769421.265.000) 11/08 10:09:13 Finished transferring output files
...
005 (12769421.265.000) 11/08 10:09:16 Job terminated.
	(1) Normal termination (return value 0)
		Usr 0 00:04:37, Sys 0 00:00:05  -  Run Remote Usage
		Usr 0 00:00:00, Sys 0 00:00:00  -  Run Local Usage
		Usr 0 00:04:37, Sys 0 00:00:05  -  Total Remote Usage
		Usr 0 00:00:00, Sys 0 00:00:00  -  Total Local Usage
	17374  -  Run Bytes Sent By Job
	11220238  -  Run Bytes Received By Job
	17374  -  Total Bytes Sent By Job
	11220238  -  Total Bytes Received By Job
	Partitionable Resources :    Usage  Request Allocated 
	   Cpus                 :     0.44        1         1 
	   Disk (KB)            : 10998       12500     15774 
	   GPUs                 :                           0 
	   Memory (MB)          :   454        3000      3000 
	   TimeExecute (s)      :   575                       
	   TimeSlotBusy (s)     :   578                       

	Job terminated of its own accord at 2025-11-08T09:09:11Z with exit-code 0.
...
