Starting job on \n
Running on: Linux b9p25p6232.cern.ch 5.14.0-570.44.1.el9_6.x86_64 #1 SMP PREEMPT_DYNAMIC Tue Sep 9 05:17:30 EDT 2025 x86_64 x86_64 x86_64 GNU/Linux\n
System software: Red Hat Enterprise Linux release 9.6 (Plow)\n
Setting up CROWN for RedHatEnterprise Version 9.6
subject   : /DC=ch/DC=cern/OU=Organic Units/OU=Users/CN=jiahua/CN=851532/CN=Jiahua Chen/CN=1735721823
issuer    : /DC=ch/DC=cern/OU=Organic Units/OU=Users/CN=jiahua/CN=851532/CN=Jiahua Chen
identity  : /DC=ch/DC=cern/OU=Organic Units/OU=Users/CN=jiahua/CN=851532/CN=Jiahua Chen
type      : RFC compliant proxy
strength  : 2048 bits
path      : /afs/cern.ch/user/j/jiahua/proxy/x509up_u139833
timeleft  : 197:13:38
key usage : Digital Signature, Key Encipherment
=== VO cms extension information ===
VO        : cms
subject   : /DC=ch/DC=cern/OU=Organic Units/OU=Users/CN=jiahua/CN=851532/CN=Jiahua Chen
issuer    : /DC=ch/DC=cern/OU=computers/CN=cms-auth.cern.ch
attribute : /cms/Role=NULL/Capability=NULL
timeleft  : 189:13:38
uri       : voms-cms-auth.cern.ch:15000
subject   : /DC=ch/DC=cern/OU=Organic Units/OU=Users/CN=jiahua/CN=851532/CN=Jiahua Chen/CN=1735721823
issuer    : /DC=ch/DC=cern/OU=Organic Units/OU=Users/CN=jiahua/CN=851532/CN=Jiahua Chen
identity  : /DC=ch/DC=cern/OU=Organic Units/OU=Users/CN=jiahua/CN=851532/CN=Jiahua Chen
type      : RFC compliant proxy
strength  : 2048 bits
path      : /afs/cern.ch/user/j/jiahua/proxy/x509up_u139833
timeleft  : 197:13:38
key usage : Digital Signature, Key Encipherment
=== VO cms extension information ===
VO        : cms
subject   : /DC=ch/DC=cern/OU=Organic Units/OU=Users/CN=jiahua/CN=851532/CN=Jiahua Chen
issuer    : /DC=ch/DC=cern/OU=computers/CN=cms-auth.cern.ch
attribute : /cms/Role=NULL/Capability=NULL
timeleft  : 189:13:38
uri       : voms-cms-auth.cern.ch:15000
/eos/user/j/jiahua/MC_2022EE_inc/DYto2L-2Jets_MLL-50_amcatnloFXFX_22EE_ext1-v1/92797874-f962-43f6-89c0-7316c94254c8.root
[2025-11-08 10:25:20.847] [main] [info] Checking input files
[2025-11-08 10:25:29.918] [main] [info] NanoAOD input_file 1: root://cms-xrd-global.cern.ch//store/mc/Run3Summer22EENanoAODv12/DYto2L-2Jets_MLL-50_TuneCP5_13p6TeV_amcatnloFXFX-pythia8/NANOAODSIM/130X_mcRun3_2022_realistic_postEE_v6_ext1-v1/2540000/92797874-f962-43f6-89c0-7316c94254c8.root - 696198 Events
[2025-11-08 10:25:29.918] [main] [info] input_file 1: root://cms-xrd-global.cern.ch//store/mc/Run3Summer22EENanoAODv12/DYto2L-2Jets_MLL-50_TuneCP5_13p6TeV_amcatnloFXFX-pythia8/NANOAODSIM/130X_mcRun3_2022_realistic_postEE_v6_ext1-v1/2540000/92797874-f962-43f6-89c0-7316c94254c8.root - SumOfGenWeight: 12417088164.04 
[2025-11-08 10:25:29.918] [main] [info] Output directory: /eos/user/j/jiahua/MC_2022EE_inc/DYto2L-2Jets_MLL-50_amcatnloFXFX_22EE_ext1-v1/92797874-f962-43f6-89c0-7316c94254c8.root
[2025-11-08 10:25:29.920] [main] [info] Starting Setup of Dataframe with 696198 events
[2025-11-08 10:26:27.676] [main] [info] Finished Setup
[2025-11-08 10:26:27.676] [main] [info] Runtime for setup (real time: 57.76, CPU time: 53.37)
[2025-11-08 10:26:27.676] [main] [info] Starting Evaluation
[2025-11-08 10:26:40.189] [main] [info] 10000 / 696198 (1.44 %) Events processed ...
[2025-11-08 10:26:41.953] [main] [info] 20000 / 696198 (2.87 %) Events processed ...
[2025-11-08 10:26:43.725] [main] [info] 30000 / 696198 (4.31 %) Events processed ...
[2025-11-08 10:26:45.570] [main] [info] 40000 / 696198 (5.75 %) Events processed ...
[2025-11-08 10:26:49.721] [main] [info] 50000 / 696198 (7.18 %) Events processed ...
[2025-11-08 10:26:51.523] [main] [info] 60000 / 696198 (8.62 %) Events processed ...
[2025-11-08 10:26:53.432] [main] [info] 70000 / 696198 (10.05 %) Events processed ...
[2025-11-08 10:26:55.028] [main] [info] 80000 / 696198 (11.49 %) Events processed ...
[2025-11-08 10:26:59.370] [main] [info] 90000 / 696198 (12.93 %) Events processed ...
[2025-11-08 10:27:00.963] [main] [info] 100000 / 696198 (14.36 %) Events processed ...
[2025-11-08 10:27:02.507] [main] [info] 110000 / 696198 (15.80 %) Events processed ...
[2025-11-08 10:27:03.952] [main] [info] 120000 / 696198 (17.24 %) Events processed ...
[2025-11-08 10:27:07.828] [main] [info] 130000 / 696198 (18.67 %) Events processed ...
[2025-11-08 10:27:09.191] [main] [info] 140000 / 696198 (20.11 %) Events processed ...
[2025-11-08 10:27:10.411] [main] [info] 150000 / 696198 (21.55 %) Events processed ...
[2025-11-08 10:27:11.694] [main] [info] 160000 / 696198 (22.98 %) Events processed ...
[2025-11-08 10:27:15.837] [main] [info] 170000 / 696198 (24.42 %) Events processed ...
[2025-11-08 10:27:17.617] [main] [info] 180000 / 696198 (25.85 %) Events processed ...
[2025-11-08 10:27:19.503] [main] [info] 190000 / 696198 (27.29 %) Events processed ...
[2025-11-08 10:27:21.427] [main] [info] 200000 / 696198 (28.73 %) Events processed ...
[2025-11-08 10:27:25.618] [main] [info] 210000 / 696198 (30.16 %) Events processed ...
[2025-11-08 10:27:26.901] [main] [info] 220000 / 696198 (31.60 %) Events processed ...
[2025-11-08 10:27:28.198] [main] [info] 230000 / 696198 (33.04 %) Events processed ...
[2025-11-08 10:27:29.523] [main] [info] 240000 / 696198 (34.47 %) Events processed ...
[2025-11-08 10:27:33.488] [main] [info] 250000 / 696198 (35.91 %) Events processed ...
[2025-11-08 10:27:35.180] [main] [info] 260000 / 696198 (37.35 %) Events processed ...
[2025-11-08 10:27:36.612] [main] [info] 270000 / 696198 (38.78 %) Events processed ...
[2025-11-08 10:27:37.851] [main] [info] 280000 / 696198 (40.22 %) Events processed ...
[2025-11-08 10:27:41.981] [main] [info] 290000 / 696198 (41.65 %) Events processed ...
[2025-11-08 10:27:43.390] [main] [info] 300000 / 696198 (43.09 %) Events processed ...
[2025-11-08 10:27:44.657] [main] [info] 310000 / 696198 (44.53 %) Events processed ...
[2025-11-08 10:27:46.132] [main] [info] 320000 / 696198 (45.96 %) Events processed ...
[2025-11-08 10:27:50.245] [main] [info] 330000 / 696198 (47.40 %) Events processed ...
[2025-11-08 10:27:51.937] [main] [info] 340000 / 696198 (48.84 %) Events processed ...
[2025-11-08 10:27:53.546] [main] [info] 350000 / 696198 (50.27 %) Events processed ...
[2025-11-08 10:27:55.385] [main] [info] 360000 / 696198 (51.71 %) Events processed ...
[2025-11-08 10:27:59.606] [main] [info] 370000 / 696198 (53.15 %) Events processed ...
[2025-11-08 10:28:01.076] [main] [info] 380000 / 696198 (54.58 %) Events processed ...
[2025-11-08 10:28:02.883] [main] [info] 390000 / 696198 (56.02 %) Events processed ...
[2025-11-08 10:28:04.591] [main] [info] 400000 / 696198 (57.45 %) Events processed ...
[2025-11-08 10:28:09.026] [main] [info] 410000 / 696198 (58.89 %) Events processed ...
[2025-11-08 10:28:10.181] [main] [info] 420000 / 696198 (60.33 %) Events processed ...
[2025-11-08 10:28:11.404] [main] [info] 430000 / 696198 (61.76 %) Events processed ...
[2025-11-08 10:28:12.871] [main] [info] 440000 / 696198 (63.20 %) Events processed ...
[2025-11-08 10:28:14.493] [main] [info] 450000 / 696198 (64.64 %) Events processed ...
[2025-11-08 10:28:18.728] [main] [info] 460000 / 696198 (66.07 %) Events processed ...
[2025-11-08 10:28:20.075] [main] [info] 470000 / 696198 (67.51 %) Events processed ...
[2025-11-08 10:28:22.071] [main] [info] 480000 / 696198 (68.95 %) Events processed ...
[2025-11-08 10:28:23.544] [main] [info] 490000 / 696198 (70.38 %) Events processed ...
[2025-11-08 10:28:27.387] [main] [info] 500000 / 696198 (71.82 %) Events processed ...
[2025-11-08 10:28:28.698] [main] [info] 510000 / 696198 (73.26 %) Events processed ...
[2025-11-08 10:28:29.875] [main] [info] 520000 / 696198 (74.69 %) Events processed ...
[2025-11-08 10:28:31.113] [main] [info] 530000 / 696198 (76.13 %) Events processed ...
[2025-11-08 10:28:35.576] [main] [info] 540000 / 696198 (77.56 %) Events processed ...
[2025-11-08 10:28:37.500] [main] [info] 550000 / 696198 (79.00 %) Events processed ...
[2025-11-08 10:28:39.272] [main] [info] 560000 / 696198 (80.44 %) Events processed ...
[2025-11-08 10:28:41.050] [main] [info] 570000 / 696198 (81.87 %) Events processed ...
[2025-11-08 10:28:45.249] [main] [info] 580000 / 696198 (83.31 %) Events processed ...
[2025-11-08 10:28:46.870] [main] [info] 590000 / 696198 (84.75 %) Events processed ...
[2025-11-08 10:28:48.523] [main] [info] 600000 / 696198 (86.18 %) Events processed ...
[2025-11-08 10:28:50.447] [main] [info] 610000 / 696198 (87.62 %) Events processed ...
[2025-11-08 10:28:54.374] [main] [info] 620000 / 696198 (89.06 %) Events processed ...
[2025-11-08 10:28:55.572] [main] [info] 630000 / 696198 (90.49 %) Events processed ...
[2025-11-08 10:28:56.841] [main] [info] 640000 / 696198 (91.93 %) Events processed ...
[2025-11-08 10:28:58.175] [main] [info] 650000 / 696198 (93.36 %) Events processed ...
[2025-11-08 10:29:02.150] [main] [info] 660000 / 696198 (94.80 %) Events processed ...
[2025-11-08 10:29:03.841] [main] [info] 670000 / 696198 (96.24 %) Events processed ...
[2025-11-08 10:29:05.662] [main] [info] 680000 / 696198 (97.67 %) Events processed ...
[2025-11-08 10:29:07.214] [main] [info] 690000 / 696198 (99.11 %) Events processed ...
[2025-11-08 10:29:08.298] [main] [info] vbfhmm:
Flag_goodVertices: pass=696198     all=696198     -- eff=100.00 % cumulative eff=100.00 %
Flag_globalSuperTightHalo2016Filter: pass=696166     all=696198     -- eff=100.00 % cumulative eff=100.00 %
Flag_EcalDeadCellTriggerPrimitiveFilter: pass=696155     all=696166     -- eff=100.00 % cumulative eff=99.99 %
Flag_BadPFMuonFilter: pass=696135     all=696155     -- eff=100.00 % cumulative eff=99.99 %
Flag_BadPFMuonDzFilter: pass=696129     all=696135     -- eff=100.00 % cumulative eff=99.99 %
Flag_eeBadScFilter: pass=696129     all=696129     -- eff=100.00 % cumulative eff=99.99 %
Flag_ecalBadCalibFilter: pass=696061     all=696129     -- eff=99.99 % cumulative eff=99.98 %
Flag_hfNoisyHitsFilter: pass=696009     all=696061     -- eff=99.99 % cumulative eff=99.97 %
Number of muons 2: pass=85646      all=696009     -- eff=12.31 % cumulative eff=12.30 %
DiMuon From Higgs: pass=82137      all=85646      -- eff=95.90 % cumulative eff=11.80 %
LeptonChargeSum: pass=82135      all=82137      -- eff=100.00 % cumulative eff=11.80 %
[2025-11-08 10:29:08.476] [main] [info] Writing quantities map to /eos/user/j/jiahua/MC_2022EE_inc/DYto2L-2Jets_MLL-50_amcatnloFXFX_22EE_ext1-v1/92797874-f962-43f6-89c0-7316c94254c8_vbfhmm.root
[2025-11-08 10:29:09.003] [main] [info] Finished Evaluation
[2025-11-08 10:29:09.003] [main] [info] Overall runtime (real time: 219.08, CPU time: 168.71)
