Starting job on \n
Running on: Linux b9p06p0477.cern.ch 5.14.0-570.42.2.el9_6.x86_64 #1 SMP PREEMPT_DYNAMIC Mon Sep 8 12:15:13 EDT 2025 x86_64 x86_64 x86_64 GNU/Linux\n
System software: Red Hat Enterprise Linux release 9.6 (Plow)\n
Setting up CROWN for RedHatEnterprise Version 9.6
subject   : /DC=ch/DC=cern/OU=Organic Units/OU=Users/CN=jiahua/CN=851532/CN=Jiahua Chen/CN=1735721823
issuer    : /DC=ch/DC=cern/OU=Organic Units/OU=Users/CN=jiahua/CN=851532/CN=Jiahua Chen
identity  : /DC=ch/DC=cern/OU=Organic Units/OU=Users/CN=jiahua/CN=851532/CN=Jiahua Chen
type      : RFC compliant proxy
strength  : 2048 bits
path      : /afs/cern.ch/user/j/jiahua/proxy/x509up_u139833
timeleft  : 197:39:44
key usage : Digital Signature, Key Encipherment
=== VO cms extension information ===
VO        : cms
subject   : /DC=ch/DC=cern/OU=Organic Units/OU=Users/CN=jiahua/CN=851532/CN=Jiahua Chen
issuer    : /DC=ch/DC=cern/OU=computers/CN=cms-auth.cern.ch
attribute : /cms/Role=NULL/Capability=NULL
timeleft  : 189:39:44
uri       : voms-cms-auth.cern.ch:15000
subject   : /DC=ch/DC=cern/OU=Organic Units/OU=Users/CN=jiahua/CN=851532/CN=Jiahua Chen/CN=1735721823
issuer    : /DC=ch/DC=cern/OU=Organic Units/OU=Users/CN=jiahua/CN=851532/CN=Jiahua Chen
identity  : /DC=ch/DC=cern/OU=Organic Units/OU=Users/CN=jiahua/CN=851532/CN=Jiahua Chen
type      : RFC compliant proxy
strength  : 2048 bits
path      : /afs/cern.ch/user/j/jiahua/proxy/x509up_u139833
timeleft  : 197:39:44
key usage : Digital Signature, Key Encipherment
=== VO cms extension information ===
VO        : cms
subject   : /DC=ch/DC=cern/OU=Organic Units/OU=Users/CN=jiahua/CN=851532/CN=Jiahua Chen
issuer    : /DC=ch/DC=cern/OU=computers/CN=cms-auth.cern.ch
attribute : /cms/Role=NULL/Capability=NULL
timeleft  : 189:39:44
uri       : voms-cms-auth.cern.ch:15000
/eos/user/j/jiahua/MC_2022EE_inc/DYto2L-2Jets_MLL-50_amcatnloFXFX_22EE_ext1-v1/67d1fecd-62e5-4b46-b874-b230482e43ce.root
[2025-11-08 09:59:14.960] [main] [info] Checking input files
[2025-11-08 09:59:20.005] [main] [info] NanoAOD input_file 1: root://cms-xrd-global.cern.ch//store/mc/Run3Summer22EENanoAODv12/DYto2L-2Jets_MLL-50_TuneCP5_13p6TeV_amcatnloFXFX-pythia8/NANOAODSIM/130X_mcRun3_2022_realistic_postEE_v6_ext1-v1/2540000/67d1fecd-62e5-4b46-b874-b230482e43ce.root - 1285951 Events
[2025-11-08 09:59:20.018] [main] [info] input_file 1: root://cms-xrd-global.cern.ch//store/mc/Run3Summer22EENanoAODv12/DYto2L-2Jets_MLL-50_TuneCP5_13p6TeV_amcatnloFXFX-pythia8/NANOAODSIM/130X_mcRun3_2022_realistic_postEE_v6_ext1-v1/2540000/67d1fecd-62e5-4b46-b874-b230482e43ce.root - SumOfGenWeight: 22925698772.899998 
[2025-11-08 09:59:20.018] [main] [info] Output directory: /eos/user/j/jiahua/MC_2022EE_inc/DYto2L-2Jets_MLL-50_amcatnloFXFX_22EE_ext1-v1/67d1fecd-62e5-4b46-b874-b230482e43ce.root
[2025-11-08 09:59:20.020] [main] [info] Starting Setup of Dataframe with 1285951 events
[2025-11-08 10:00:16.515] [main] [info] Finished Setup
[2025-11-08 10:00:16.515] [main] [info] Runtime for setup (real time: 56.50, CPU time: 51.59)
[2025-11-08 10:00:16.515] [main] [info] Starting Evaluation
[2025-11-08 10:00:32.947] [main] [info] 10000 / 1285951 (0.78 %) Events processed ...
[2025-11-08 10:00:34.453] [main] [info] 20000 / 1285951 (1.56 %) Events processed ...
[2025-11-08 10:00:35.921] [main] [info] 30000 / 1285951 (2.33 %) Events processed ...
[2025-11-08 10:00:37.369] [main] [info] 40000 / 1285951 (3.11 %) Events processed ...
[2025-11-08 10:00:46.584] [main] [info] 50000 / 1285951 (3.89 %) Events processed ...
[2025-11-08 10:00:47.773] [main] [info] 60000 / 1285951 (4.67 %) Events processed ...
[2025-11-08 10:00:49.443] [main] [info] 70000 / 1285951 (5.44 %) Events processed ...
[2025-11-08 10:00:50.633] [main] [info] 80000 / 1285951 (6.22 %) Events processed ...
[2025-11-08 10:01:02.552] [main] [info] 90000 / 1285951 (7.00 %) Events processed ...
[2025-11-08 10:01:04.141] [main] [info] 100000 / 1285951 (7.78 %) Events processed ...
[2025-11-08 10:01:05.450] [main] [info] 110000 / 1285951 (8.55 %) Events processed ...
[2025-11-08 10:01:06.776] [main] [info] 120000 / 1285951 (9.33 %) Events processed ...
[2025-11-08 10:01:22.266] [main] [info] 130000 / 1285951 (10.11 %) Events processed ...
[2025-11-08 10:01:24.038] [main] [info] 140000 / 1285951 (10.89 %) Events processed ...
[2025-11-08 10:01:25.523] [main] [info] 150000 / 1285951 (11.66 %) Events processed ...
[2025-11-08 10:01:27.097] [main] [info] 160000 / 1285951 (12.44 %) Events processed ...
[2025-11-08 10:01:50.464] [main] [info] 170000 / 1285951 (13.22 %) Events processed ...
[2025-11-08 10:01:51.940] [main] [info] 180000 / 1285951 (14.00 %) Events processed ...
[2025-11-08 10:01:53.208] [main] [info] 190000 / 1285951 (14.78 %) Events processed ...
[2025-11-08 10:01:54.492] [main] [info] 200000 / 1285951 (15.55 %) Events processed ...
[2025-11-08 10:02:14.802] [main] [info] 210000 / 1285951 (16.33 %) Events processed ...
[2025-11-08 10:02:16.300] [main] [info] 220000 / 1285951 (17.11 %) Events processed ...
[2025-11-08 10:02:17.953] [main] [info] 230000 / 1285951 (17.89 %) Events processed ...
[2025-11-08 10:02:19.395] [main] [info] 240000 / 1285951 (18.66 %) Events processed ...
[2025-11-08 10:02:37.481] [main] [info] 250000 / 1285951 (19.44 %) Events processed ...
[2025-11-08 10:02:39.090] [main] [info] 260000 / 1285951 (20.22 %) Events processed ...
[2025-11-08 10:02:41.192] [main] [info] 270000 / 1285951 (21.00 %) Events processed ...
[2025-11-08 10:02:42.848] [main] [info] 280000 / 1285951 (21.77 %) Events processed ...
[2025-11-08 10:02:58.527] [main] [info] 290000 / 1285951 (22.55 %) Events processed ...
[2025-11-08 10:03:00.209] [main] [info] 300000 / 1285951 (23.33 %) Events processed ...
[2025-11-08 10:03:01.701] [main] [info] 310000 / 1285951 (24.11 %) Events processed ...
[2025-11-08 10:03:02.845] [main] [info] 320000 / 1285951 (24.88 %) Events processed ...
[2025-11-08 10:03:18.609] [main] [info] 330000 / 1285951 (25.66 %) Events processed ...
[2025-11-08 10:03:20.306] [main] [info] 340000 / 1285951 (26.44 %) Events processed ...
[2025-11-08 10:03:21.762] [main] [info] 350000 / 1285951 (27.22 %) Events processed ...
[2025-11-08 10:03:23.322] [main] [info] 360000 / 1285951 (27.99 %) Events processed ...
[2025-11-08 10:03:39.884] [main] [info] 370000 / 1285951 (28.77 %) Events processed ...
[2025-11-08 10:03:41.283] [main] [info] 380000 / 1285951 (29.55 %) Events processed ...
[2025-11-08 10:03:42.705] [main] [info] 390000 / 1285951 (30.33 %) Events processed ...
[2025-11-08 10:03:44.196] [main] [info] 400000 / 1285951 (31.11 %) Events processed ...
[2025-11-08 10:03:58.484] [main] [info] 410000 / 1285951 (31.88 %) Events processed ...
[2025-11-08 10:04:00.032] [main] [info] 420000 / 1285951 (32.66 %) Events processed ...
[2025-11-08 10:04:01.338] [main] [info] 430000 / 1285951 (33.44 %) Events processed ...
[2025-11-08 10:04:02.644] [main] [info] 440000 / 1285951 (34.22 %) Events processed ...
[2025-11-08 10:04:20.012] [main] [info] 450000 / 1285951 (34.99 %) Events processed ...
[2025-11-08 10:04:21.440] [main] [info] 460000 / 1285951 (35.77 %) Events processed ...
[2025-11-08 10:04:22.845] [main] [info] 470000 / 1285951 (36.55 %) Events processed ...
[2025-11-08 10:04:24.614] [main] [info] 480000 / 1285951 (37.33 %) Events processed ...
[2025-11-08 10:04:38.893] [main] [info] 490000 / 1285951 (38.10 %) Events processed ...
[2025-11-08 10:04:39.956] [main] [info] 500000 / 1285951 (38.88 %) Events processed ...
[2025-11-08 10:04:41.428] [main] [info] 510000 / 1285951 (39.66 %) Events processed ...
[2025-11-08 10:04:42.873] [main] [info] 520000 / 1285951 (40.44 %) Events processed ...
[2025-11-08 10:04:57.635] [main] [info] 530000 / 1285951 (41.21 %) Events processed ...
[2025-11-08 10:04:59.183] [main] [info] 540000 / 1285951 (41.99 %) Events processed ...
[2025-11-08 10:05:00.533] [main] [info] 550000 / 1285951 (42.77 %) Events processed ...
[2025-11-08 10:05:01.951] [main] [info] 560000 / 1285951 (43.55 %) Events processed ...
[2025-11-08 10:05:03.624] [main] [info] 570000 / 1285951 (44.33 %) Events processed ...
[2025-11-08 10:05:20.404] [main] [info] 580000 / 1285951 (45.10 %) Events processed ...
[2025-11-08 10:05:22.086] [main] [info] 590000 / 1285951 (45.88 %) Events processed ...
[2025-11-08 10:05:23.740] [main] [info] 600000 / 1285951 (46.66 %) Events processed ...
[2025-11-08 10:05:25.437] [main] [info] 610000 / 1285951 (47.44 %) Events processed ...
[2025-11-08 10:05:40.662] [main] [info] 620000 / 1285951 (48.21 %) Events processed ...
[2025-11-08 10:05:42.307] [main] [info] 630000 / 1285951 (48.99 %) Events processed ...
[2025-11-08 10:05:43.791] [main] [info] 640000 / 1285951 (49.77 %) Events processed ...
[2025-11-08 10:05:45.079] [main] [info] 650000 / 1285951 (50.55 %) Events processed ...
[2025-11-08 10:05:59.523] [main] [info] 660000 / 1285951 (51.32 %) Events processed ...
[2025-11-08 10:06:01.112] [main] [info] 670000 / 1285951 (52.10 %) Events processed ...
[2025-11-08 10:06:02.571] [main] [info] 680000 / 1285951 (52.88 %) Events processed ...
[2025-11-08 10:06:04.038] [main] [info] 690000 / 1285951 (53.66 %) Events processed ...
[2025-11-08 10:06:20.140] [main] [info] 700000 / 1285951 (54.43 %) Events processed ...
[2025-11-08 10:06:21.815] [main] [info] 710000 / 1285951 (55.21 %) Events processed ...
[2025-11-08 10:06:23.514] [main] [info] 720000 / 1285951 (55.99 %) Events processed ...
[2025-11-08 10:06:25.051] [main] [info] 730000 / 1285951 (56.77 %) Events processed ...
[2025-11-08 10:06:40.980] [main] [info] 740000 / 1285951 (57.54 %) Events processed ...
[2025-11-08 10:06:42.398] [main] [info] 750000 / 1285951 (58.32 %) Events processed ...
[2025-11-08 10:06:43.834] [main] [info] 760000 / 1285951 (59.10 %) Events processed ...
[2025-11-08 10:06:45.430] [main] [info] 770000 / 1285951 (59.88 %) Events processed ...
[2025-11-08 10:07:00.835] [main] [info] 780000 / 1285951 (60.66 %) Events processed ...
[2025-11-08 10:07:02.004] [main] [info] 790000 / 1285951 (61.43 %) Events processed ...
[2025-11-08 10:07:03.245] [main] [info] 800000 / 1285951 (62.21 %) Events processed ...
[2025-11-08 10:07:04.665] [main] [info] 810000 / 1285951 (62.99 %) Events processed ...
[2025-11-08 10:07:19.941] [main] [info] 820000 / 1285951 (63.77 %) Events processed ...
[2025-11-08 10:07:21.467] [main] [info] 830000 / 1285951 (64.54 %) Events processed ...
[2025-11-08 10:07:22.954] [main] [info] 840000 / 1285951 (65.32 %) Events processed ...
[2025-11-08 10:07:24.515] [main] [info] 850000 / 1285951 (66.10 %) Events processed ...
[2025-11-08 10:07:36.331] [main] [info] 860000 / 1285951 (66.88 %) Events processed ...
[2025-11-08 10:07:37.839] [main] [info] 870000 / 1285951 (67.65 %) Events processed ...
[2025-11-08 10:07:39.055] [main] [info] 880000 / 1285951 (68.43 %) Events processed ...
[2025-11-08 10:07:40.277] [main] [info] 890000 / 1285951 (69.21 %) Events processed ...
[2025-11-08 10:07:53.758] [main] [info] 900000 / 1285951 (69.99 %) Events processed ...
[2025-11-08 10:07:55.384] [main] [info] 910000 / 1285951 (70.76 %) Events processed ...
[2025-11-08 10:07:56.911] [main] [info] 920000 / 1285951 (71.54 %) Events processed ...
[2025-11-08 10:07:58.263] [main] [info] 930000 / 1285951 (72.32 %) Events processed ...
[2025-11-08 10:08:11.981] [main] [info] 940000 / 1285951 (73.10 %) Events processed ...
[2025-11-08 10:08:13.267] [main] [info] 950000 / 1285951 (73.88 %) Events processed ...
[2025-11-08 10:08:14.704] [main] [info] 960000 / 1285951 (74.65 %) Events processed ...
[2025-11-08 10:08:16.317] [main] [info] 970000 / 1285951 (75.43 %) Events processed ...
[2025-11-08 10:08:28.232] [main] [info] 980000 / 1285951 (76.21 %) Events processed ...
[2025-11-08 10:08:29.775] [main] [info] 990000 / 1285951 (76.99 %) Events processed ...
[2025-11-08 10:08:31.057] [main] [info] 1000000 / 1285951 (77.76 %) Events processed ...
[2025-11-08 10:08:32.507] [main] [info] 1010000 / 1285951 (78.54 %) Events processed ...
[2025-11-08 10:08:44.406] [main] [info] 1020000 / 1285951 (79.32 %) Events processed ...
[2025-11-08 10:08:45.997] [main] [info] 1030000 / 1285951 (80.10 %) Events processed ...
[2025-11-08 10:08:47.453] [main] [info] 1040000 / 1285951 (80.87 %) Events processed ...
[2025-11-08 10:08:48.876] [main] [info] 1050000 / 1285951 (81.65 %) Events processed ...
[2025-11-08 10:08:58.839] [main] [info] 1060000 / 1285951 (82.43 %) Events processed ...
[2025-11-08 10:09:00.393] [main] [info] 1070000 / 1285951 (83.21 %) Events processed ...
[2025-11-08 10:09:01.843] [main] [info] 1080000 / 1285951 (83.98 %) Events processed ...
[2025-11-08 10:09:03.150] [main] [info] 1090000 / 1285951 (84.76 %) Events processed ...
[2025-11-08 10:09:12.026] [main] [info] 1100000 / 1285951 (85.54 %) Events processed ...
[2025-11-08 10:09:13.581] [main] [info] 1110000 / 1285951 (86.32 %) Events processed ...
[2025-11-08 10:09:15.161] [main] [info] 1120000 / 1285951 (87.10 %) Events processed ...
[2025-11-08 10:09:16.782] [main] [info] 1130000 / 1285951 (87.87 %) Events processed ...
[2025-11-08 10:09:18.225] [main] [info] 1140000 / 1285951 (88.65 %) Events processed ...
[2025-11-08 10:09:25.148] [main] [info] 1150000 / 1285951 (89.43 %) Events processed ...
[2025-11-08 10:09:26.603] [main] [info] 1160000 / 1285951 (90.21 %) Events processed ...
[2025-11-08 10:09:28.201] [main] [info] 1170000 / 1285951 (90.98 %) Events processed ...
[2025-11-08 10:09:29.647] [main] [info] 1180000 / 1285951 (91.76 %) Events processed ...
[2025-11-08 10:09:37.459] [main] [info] 1190000 / 1285951 (92.54 %) Events processed ...
[2025-11-08 10:09:39.203] [main] [info] 1200000 / 1285951 (93.32 %) Events processed ...
[2025-11-08 10:09:40.833] [main] [info] 1210000 / 1285951 (94.09 %) Events processed ...
[2025-11-08 10:09:42.268] [main] [info] 1220000 / 1285951 (94.87 %) Events processed ...
[2025-11-08 10:09:47.941] [main] [info] 1230000 / 1285951 (95.65 %) Events processed ...
[2025-11-08 10:09:49.315] [main] [info] 1240000 / 1285951 (96.43 %) Events processed ...
[2025-11-08 10:09:50.626] [main] [info] 1250000 / 1285951 (97.20 %) Events processed ...
[2025-11-08 10:09:52.172] [main] [info] 1260000 / 1285951 (97.98 %) Events processed ...
[2025-11-08 10:09:56.704] [main] [info] 1270000 / 1285951 (98.76 %) Events processed ...
[2025-11-08 10:09:57.946] [main] [info] 1280000 / 1285951 (99.54 %) Events processed ...
[2025-11-08 10:10:00.689] [main] [info] vbfhmm:
Flag_goodVertices: pass=1285951    all=1285951    -- eff=100.00 % cumulative eff=100.00 %
Flag_globalSuperTightHalo2016Filter: pass=1285889    all=1285951    -- eff=100.00 % cumulative eff=100.00 %
Flag_EcalDeadCellTriggerPrimitiveFilter: pass=1285867    all=1285889    -- eff=100.00 % cumulative eff=99.99 %
Flag_BadPFMuonFilter: pass=1285823    all=1285867    -- eff=100.00 % cumulative eff=99.99 %
Flag_BadPFMuonDzFilter: pass=1285804    all=1285823    -- eff=100.00 % cumulative eff=99.99 %
Flag_eeBadScFilter: pass=1285804    all=1285804    -- eff=100.00 % cumulative eff=99.99 %
Flag_ecalBadCalibFilter: pass=1285702    all=1285804    -- eff=99.99 % cumulative eff=99.98 %
Flag_hfNoisyHitsFilter: pass=1285596    all=1285702    -- eff=99.99 % cumulative eff=99.97 %
Number of muons 2: pass=158067     all=1285596    -- eff=12.30 % cumulative eff=12.29 %
DiMuon From Higgs: pass=151729     all=158067     -- eff=95.99 % cumulative eff=11.80 %
LeptonChargeSum: pass=151701     all=151729     -- eff=99.98 % cumulative eff=11.80 %
[2025-11-08 10:10:01.327] [main] [info] Writing quantities map to /eos/user/j/jiahua/MC_2022EE_inc/DYto2L-2Jets_MLL-50_amcatnloFXFX_22EE_ext1-v1/67d1fecd-62e5-4b46-b874-b230482e43ce_vbfhmm.root
[2025-11-08 10:10:01.847] [main] [info] Finished Evaluation
[2025-11-08 10:10:01.847] [main] [info] Overall runtime (real time: 641.83, CPU time: 249.27)
