000 (12769438.124.000) 11/08 09:48:57 Job submitted from host: <188.185.121.235:9618?addrs=188.185.121.235-9618+[2001-1458-d00-49--100-36e]-9618&alias=bigbird22.cern.ch&noUDP&sock=schedd_232129_c3ca>
...
040 (12769438.124.000) 11/08 10:20:56 Started transferring input files
	Transferring to host: <188.185.213.205:9618?addrs=188.185.213.205-9618+[2001-1458-303-1b--100-49]-9618&alias=b9p28p4257.cern.ch&noUDP&sock=slot1_30_8001_2d9e_48323>
...
040 (12769438.124.000) 11/08 10:20:56 Finished transferring input files
...
001 (12769438.124.000) 11/08 10:20:57 Job executing on host: <188.185.213.205:9618?addrs=188.185.213.205-9618+[2001-1458-303-1b--100-49]-9618&alias=b9p28p4257.cern.ch&noUDP&sock=startd_7066_4449>
	SlotName: slot1_30@b9p28p4257.cern.ch
	CondorScratchDir = "/pool/condor/dir_2805111"
	Cpus = 1
	Disk = 15678
	GPUs = 0
	Memory = 3000
...
006 (12769438.124.000) 11/08 10:21:11 Image size of job updated: 95668
	94  -  MemoryUsage of job (MB)
	95668  -  ResidentSetSize of job (KB)
...
006 (12769438.124.000) 11/08 10:22:13 Image size of job updated: 424592
	94  -  MemoryUsage of job (MB)
	95668  -  ResidentSetSize of job (KB)
...
040 (12769438.124.000) 11/08 10:22:14 Started transferring output files
...
040 (12769438.124.000) 11/08 10:22:16 Finished transferring output files
...
005 (12769438.124.000) 11/08 10:22:16 Job terminated.
	(1) Normal termination (return value 0)
		Usr 0 00:00:59, Sys 0 00:00:02  -  Run Remote Usage
		Usr 0 00:00:00, Sys 0 00:00:00  -  Run Local Usage
		Usr 0 00:00:59, Sys 0 00:00:02  -  Total Remote Usage
		Usr 0 00:00:00, Sys 0 00:00:00  -  Total Local Usage
	9578  -  Run Bytes Sent By Job
	11220238  -  Run Bytes Received By Job
	9578  -  Total Bytes Sent By Job
	11220238  -  Total Bytes Received By Job
	Partitionable Resources :    Usage  Request Allocated 
	   Cpus                 :        0        1         1 
	   Disk (KB)            :    10990    12500     15678 
	   GPUs                 :                           0 
	   Memory (MB)          :       94     3000      3000 
	   TimeExecute (s)      :       76                    
	   TimeSlotBusy (s)     :       80                    

	Job terminated of its own accord at 2025-11-08T09:22:13Z with exit-code 0.
...
