000 (12769421.080.000) 11/08 09:48:26 Job submitted from host: <188.185.121.235:9618?addrs=188.185.121.235-9618+[2001-1458-d00-49--100-36e]-9618&alias=bigbird22.cern.ch&noUDP&sock=schedd_232129_c3ca>
...
040 (12769421.080.000) 11/08 09:58:33 Started transferring input files
	Transferring to host: <188.185.193.82:9618?addrs=188.185.193.82-9618+[2001-1458-303-20--100-4e]-9618&alias=b9p19p0921.cern.ch&noUDP&sock=slot1_18_4488_f3b0_47935>
...
040 (12769421.080.000) 11/08 09:58:33 Finished transferring input files
...
001 (12769421.080.000) 11/08 09:58:34 Job executing on host: <188.185.193.82:9618?addrs=188.185.193.82-9618+[2001-1458-303-20--100-4e]-9618&alias=b9p19p0921.cern.ch&noUDP&sock=startd_3583_37ec>
	SlotName: slot1_18@b9p19p0921.cern.ch
	CondorScratchDir = "/pool/condor/dir_1011648"
	Cpus = 1
	Disk = 16007
	GPUs = 0
	Memory = 3000
...
006 (12769421.080.000) 11/08 09:58:47 Image size of job updated: 94580
	93  -  MemoryUsage of job (MB)
	94580  -  ResidentSetSize of job (KB)
...
006 (12769421.080.000) 11/08 10:03:47 Image size of job updated: 477228
	467  -  MemoryUsage of job (MB)
	477228  -  ResidentSetSize of job (KB)
...
006 (12769421.080.000) 11/08 10:08:48 Image size of job updated: 558500
	546  -  MemoryUsage of job (MB)
	558500  -  ResidentSetSize of job (KB)
...
006 (12769421.080.000) 11/08 10:13:13 Image size of job updated: 648420
	546  -  MemoryUsage of job (MB)
	558500  -  ResidentSetSize of job (KB)
...
040 (12769421.080.000) 11/08 10:13:13 Started transferring output files
...
040 (12769421.080.000) 11/08 10:13:13 Finished transferring output files
...
005 (12769421.080.000) 11/08 10:13:13 Job terminated.
	(1) Normal termination (return value 0)
		Usr 0 00:08:34, Sys 0 00:00:07  -  Run Remote Usage
		Usr 0 00:00:00, Sys 0 00:00:00  -  Run Local Usage
		Usr 0 00:08:34, Sys 0 00:00:07  -  Total Remote Usage
		Usr 0 00:00:00, Sys 0 00:00:00  -  Total Local Usage
	24411  -  Run Bytes Sent By Job
	11220238  -  Run Bytes Received By Job
	24411  -  Total Bytes Sent By Job
	11220238  -  Total Bytes Received By Job
	Partitionable Resources :    Usage  Request Allocated 
	   Cpus                 :     0.80        1         1 
	   Disk (KB)            : 11005       12500     16007 
	   GPUs                 :                           0 
	   Memory (MB)          :   546        3000      3000 
	   TimeExecute (s)      :   879                       
	   TimeSlotBusy (s)     :   881                       

	Job terminated of its own accord at 2025-11-08T09:13:13Z with exit-code 0.
...
