Starting job on \n
Running on: Linux b9p24p7251.cern.ch 5.14.0-570.44.1.el9_6.x86_64 #1 SMP PREEMPT_DYNAMIC Tue Sep 9 05:17:30 EDT 2025 x86_64 x86_64 x86_64 GNU/Linux\n
System software: Red Hat Enterprise Linux release 9.6 (Plow)\n
Setting up CROWN for RedHatEnterprise Version 9.6
subject   : /DC=ch/DC=cern/OU=Organic Units/OU=Users/CN=jiahua/CN=851532/CN=Jiahua Chen/CN=1735721823
issuer    : /DC=ch/DC=cern/OU=Organic Units/OU=Users/CN=jiahua/CN=851532/CN=Jiahua Chen
identity  : /DC=ch/DC=cern/OU=Organic Units/OU=Users/CN=jiahua/CN=851532/CN=Jiahua Chen
type      : RFC compliant proxy
strength  : 2048 bits
path      : /afs/cern.ch/user/j/jiahua/proxy/x509up_u139833
timeleft  : 197:39:42
key usage : Digital Signature, Key Encipherment
=== VO cms extension information ===
VO        : cms
subject   : /DC=ch/DC=cern/OU=Organic Units/OU=Users/CN=jiahua/CN=851532/CN=Jiahua Chen
issuer    : /DC=ch/DC=cern/OU=computers/CN=cms-auth.cern.ch
attribute : /cms/Role=NULL/Capability=NULL
timeleft  : 189:39:42
uri       : voms-cms-auth.cern.ch:15000
subject   : /DC=ch/DC=cern/OU=Organic Units/OU=Users/CN=jiahua/CN=851532/CN=Jiahua Chen/CN=1735721823
issuer    : /DC=ch/DC=cern/OU=Organic Units/OU=Users/CN=jiahua/CN=851532/CN=Jiahua Chen
identity  : /DC=ch/DC=cern/OU=Organic Units/OU=Users/CN=jiahua/CN=851532/CN=Jiahua Chen
type      : RFC compliant proxy
strength  : 2048 bits
path      : /afs/cern.ch/user/j/jiahua/proxy/x509up_u139833
timeleft  : 197:39:42
key usage : Digital Signature, Key Encipherment
=== VO cms extension information ===
VO        : cms
subject   : /DC=ch/DC=cern/OU=Organic Units/OU=Users/CN=jiahua/CN=851532/CN=Jiahua Chen
issuer    : /DC=ch/DC=cern/OU=computers/CN=cms-auth.cern.ch
attribute : /cms/Role=NULL/Capability=NULL
timeleft  : 189:39:42
uri       : voms-cms-auth.cern.ch:15000
/eos/user/j/jiahua/MC_2022EE_inc/DYto2L-2Jets_MLL-50_amcatnloFXFX_22EE_ext1-v1/5d549bfb-ddaa-4c14-a156-45251edb1aa0.root
[2025-11-08 09:59:16.982] [main] [info] Checking input files
[2025-11-08 09:59:21.656] [main] [info] NanoAOD input_file 1: root://cms-xrd-global.cern.ch//store/mc/Run3Summer22EENanoAODv12/DYto2L-2Jets_MLL-50_TuneCP5_13p6TeV_amcatnloFXFX-pythia8/NANOAODSIM/130X_mcRun3_2022_realistic_postEE_v6_ext1-v1/2540000/5d549bfb-ddaa-4c14-a156-45251edb1aa0.root - 1270341 Events
[2025-11-08 09:59:21.730] [main] [info] input_file 1: root://cms-xrd-global.cern.ch//store/mc/Run3Summer22EENanoAODv12/DYto2L-2Jets_MLL-50_TuneCP5_13p6TeV_amcatnloFXFX-pythia8/NANOAODSIM/130X_mcRun3_2022_realistic_postEE_v6_ext1-v1/2540000/5d549bfb-ddaa-4c14-a156-45251edb1aa0.root - SumOfGenWeight: 22640438085.076 
[2025-11-08 09:59:21.730] [main] [info] Output directory: /eos/user/j/jiahua/MC_2022EE_inc/DYto2L-2Jets_MLL-50_amcatnloFXFX_22EE_ext1-v1/5d549bfb-ddaa-4c14-a156-45251edb1aa0.root
[2025-11-08 09:59:21.742] [main] [info] Starting Setup of Dataframe with 1270341 events
[2025-11-08 10:00:14.560] [main] [info] Finished Setup
[2025-11-08 10:00:14.560] [main] [info] Runtime for setup (real time: 52.83, CPU time: 48.21)
[2025-11-08 10:00:14.560] [main] [info] Starting Evaluation
[2025-11-08 10:00:26.828] [main] [info] 10000 / 1270341 (0.79 %) Events processed ...
[2025-11-08 10:00:28.517] [main] [info] 20000 / 1270341 (1.57 %) Events processed ...
[2025-11-08 10:00:30.089] [main] [info] 30000 / 1270341 (2.36 %) Events processed ...
[2025-11-08 10:00:31.633] [main] [info] 40000 / 1270341 (3.15 %) Events processed ...
[2025-11-08 10:00:35.936] [main] [info] 50000 / 1270341 (3.94 %) Events processed ...
[2025-11-08 10:00:37.307] [main] [info] 60000 / 1270341 (4.72 %) Events processed ...
[2025-11-08 10:00:38.613] [main] [info] 70000 / 1270341 (5.51 %) Events processed ...
[2025-11-08 10:00:39.717] [main] [info] 80000 / 1270341 (6.30 %) Events processed ...
[2025-11-08 10:00:48.597] [main] [info] 90000 / 1270341 (7.08 %) Events processed ...
[2025-11-08 10:00:50.004] [main] [info] 100000 / 1270341 (7.87 %) Events processed ...
[2025-11-08 10:00:51.551] [main] [info] 110000 / 1270341 (8.66 %) Events processed ...
[2025-11-08 10:00:52.667] [main] [info] 120000 / 1270341 (9.45 %) Events processed ...
[2025-11-08 10:01:00.905] [main] [info] 130000 / 1270341 (10.23 %) Events processed ...
[2025-11-08 10:01:02.668] [main] [info] 140000 / 1270341 (11.02 %) Events processed ...
[2025-11-08 10:01:03.894] [main] [info] 150000 / 1270341 (11.81 %) Events processed ...
[2025-11-08 10:01:05.264] [main] [info] 160000 / 1270341 (12.60 %) Events processed ...
[2025-11-08 10:01:18.067] [main] [info] 170000 / 1270341 (13.38 %) Events processed ...
[2025-11-08 10:01:19.716] [main] [info] 180000 / 1270341 (14.17 %) Events processed ...
[2025-11-08 10:01:20.957] [main] [info] 190000 / 1270341 (14.96 %) Events processed ...
[2025-11-08 10:01:22.197] [main] [info] 200000 / 1270341 (15.74 %) Events processed ...
[2025-11-08 10:01:40.415] [main] [info] 210000 / 1270341 (16.53 %) Events processed ...
[2025-11-08 10:01:42.109] [main] [info] 220000 / 1270341 (17.32 %) Events processed ...
[2025-11-08 10:01:43.326] [main] [info] 230000 / 1270341 (18.11 %) Events processed ...
[2025-11-08 10:01:44.685] [main] [info] 240000 / 1270341 (18.89 %) Events processed ...
[2025-11-08 10:02:08.513] [main] [info] 250000 / 1270341 (19.68 %) Events processed ...
[2025-11-08 10:02:10.052] [main] [info] 260000 / 1270341 (20.47 %) Events processed ...
[2025-11-08 10:02:11.708] [main] [info] 270000 / 1270341 (21.25 %) Events processed ...
[2025-11-08 10:02:13.282] [main] [info] 280000 / 1270341 (22.04 %) Events processed ...
[2025-11-08 10:02:31.634] [main] [info] 290000 / 1270341 (22.83 %) Events processed ...
[2025-11-08 10:02:32.931] [main] [info] 300000 / 1270341 (23.62 %) Events processed ...
[2025-11-08 10:02:34.523] [main] [info] 310000 / 1270341 (24.40 %) Events processed ...
[2025-11-08 10:02:36.487] [main] [info] 320000 / 1270341 (25.19 %) Events processed ...
[2025-11-08 10:02:50.636] [main] [info] 330000 / 1270341 (25.98 %) Events processed ...
[2025-11-08 10:02:52.519] [main] [info] 340000 / 1270341 (26.76 %) Events processed ...
[2025-11-08 10:02:54.281] [main] [info] 350000 / 1270341 (27.55 %) Events processed ...
[2025-11-08 10:02:56.174] [main] [info] 360000 / 1270341 (28.34 %) Events processed ...
[2025-11-08 10:03:12.793] [main] [info] 370000 / 1270341 (29.13 %) Events processed ...
[2025-11-08 10:03:14.932] [main] [info] 380000 / 1270341 (29.91 %) Events processed ...
[2025-11-08 10:03:16.760] [main] [info] 390000 / 1270341 (30.70 %) Events processed ...
[2025-11-08 10:03:18.638] [main] [info] 400000 / 1270341 (31.49 %) Events processed ...
[2025-11-08 10:03:34.919] [main] [info] 410000 / 1270341 (32.27 %) Events processed ...
[2025-11-08 10:03:36.538] [main] [info] 420000 / 1270341 (33.06 %) Events processed ...
[2025-11-08 10:03:38.341] [main] [info] 430000 / 1270341 (33.85 %) Events processed ...
[2025-11-08 10:03:39.586] [main] [info] 440000 / 1270341 (34.64 %) Events processed ...
[2025-11-08 10:03:55.139] [main] [info] 450000 / 1270341 (35.42 %) Events processed ...
[2025-11-08 10:03:56.558] [main] [info] 460000 / 1270341 (36.21 %) Events processed ...
[2025-11-08 10:03:57.776] [main] [info] 470000 / 1270341 (37.00 %) Events processed ...
[2025-11-08 10:03:59.473] [main] [info] 480000 / 1270341 (37.79 %) Events processed ...
[2025-11-08 10:04:13.906] [main] [info] 490000 / 1270341 (38.57 %) Events processed ...
[2025-11-08 10:04:15.521] [main] [info] 500000 / 1270341 (39.36 %) Events processed ...
[2025-11-08 10:04:16.801] [main] [info] 510000 / 1270341 (40.15 %) Events processed ...
[2025-11-08 10:04:18.011] [main] [info] 520000 / 1270341 (40.93 %) Events processed ...
[2025-11-08 10:04:34.206] [main] [info] 530000 / 1270341 (41.72 %) Events processed ...
[2025-11-08 10:04:35.993] [main] [info] 540000 / 1270341 (42.51 %) Events processed ...
[2025-11-08 10:04:37.931] [main] [info] 550000 / 1270341 (43.30 %) Events processed ...
[2025-11-08 10:04:39.141] [main] [info] 560000 / 1270341 (44.08 %) Events processed ...
[2025-11-08 10:04:54.190] [main] [info] 570000 / 1270341 (44.87 %) Events processed ...
[2025-11-08 10:04:55.568] [main] [info] 580000 / 1270341 (45.66 %) Events processed ...
[2025-11-08 10:04:56.805] [main] [info] 590000 / 1270341 (46.44 %) Events processed ...
[2025-11-08 10:04:58.023] [main] [info] 600000 / 1270341 (47.23 %) Events processed ...
[2025-11-08 10:05:11.550] [main] [info] 610000 / 1270341 (48.02 %) Events processed ...
[2025-11-08 10:05:13.425] [main] [info] 620000 / 1270341 (48.81 %) Events processed ...
[2025-11-08 10:05:15.009] [main] [info] 630000 / 1270341 (49.59 %) Events processed ...
[2025-11-08 10:05:16.763] [main] [info] 640000 / 1270341 (50.38 %) Events processed ...
[2025-11-08 10:05:30.960] [main] [info] 650000 / 1270341 (51.17 %) Events processed ...
[2025-11-08 10:05:32.544] [main] [info] 660000 / 1270341 (51.95 %) Events processed ...
[2025-11-08 10:05:34.036] [main] [info] 670000 / 1270341 (52.74 %) Events processed ...
[2025-11-08 10:05:35.681] [main] [info] 680000 / 1270341 (53.53 %) Events processed ...
[2025-11-08 10:05:49.441] [main] [info] 690000 / 1270341 (54.32 %) Events processed ...
[2025-11-08 10:05:51.091] [main] [info] 700000 / 1270341 (55.10 %) Events processed ...
[2025-11-08 10:05:52.676] [main] [info] 710000 / 1270341 (55.89 %) Events processed ...
[2025-11-08 10:05:54.713] [main] [info] 720000 / 1270341 (56.68 %) Events processed ...
[2025-11-08 10:06:08.720] [main] [info] 730000 / 1270341 (57.46 %) Events processed ...
[2025-11-08 10:06:10.588] [main] [info] 740000 / 1270341 (58.25 %) Events processed ...
[2025-11-08 10:06:12.642] [main] [info] 750000 / 1270341 (59.04 %) Events processed ...
[2025-11-08 10:06:14.315] [main] [info] 760000 / 1270341 (59.83 %) Events processed ...
[2025-11-08 10:06:27.925] [main] [info] 770000 / 1270341 (60.61 %) Events processed ...
[2025-11-08 10:06:29.382] [main] [info] 780000 / 1270341 (61.40 %) Events processed ...
[2025-11-08 10:06:30.888] [main] [info] 790000 / 1270341 (62.19 %) Events processed ...
[2025-11-08 10:06:32.645] [main] [info] 800000 / 1270341 (62.98 %) Events processed ...
[2025-11-08 10:06:46.543] [main] [info] 810000 / 1270341 (63.76 %) Events processed ...
[2025-11-08 10:06:47.969] [main] [info] 820000 / 1270341 (64.55 %) Events processed ...
[2025-11-08 10:06:49.620] [main] [info] 830000 / 1270341 (65.34 %) Events processed ...
[2025-11-08 10:06:51.043] [main] [info] 840000 / 1270341 (66.12 %) Events processed ...
[2025-11-08 10:07:07.181] [main] [info] 850000 / 1270341 (66.91 %) Events processed ...
[2025-11-08 10:07:08.778] [main] [info] 860000 / 1270341 (67.70 %) Events processed ...
[2025-11-08 10:07:10.442] [main] [info] 870000 / 1270341 (68.49 %) Events processed ...
[2025-11-08 10:07:12.078] [main] [info] 880000 / 1270341 (69.27 %) Events processed ...
[2025-11-08 10:07:13.799] [main] [info] 890000 / 1270341 (70.06 %) Events processed ...
[2025-11-08 10:07:28.183] [main] [info] 900000 / 1270341 (70.85 %) Events processed ...
[2025-11-08 10:07:29.451] [main] [info] 910000 / 1270341 (71.63 %) Events processed ...
[2025-11-08 10:07:30.790] [main] [info] 920000 / 1270341 (72.42 %) Events processed ...
[2025-11-08 10:07:32.041] [main] [info] 930000 / 1270341 (73.21 %) Events processed ...
[2025-11-08 10:07:45.456] [main] [info] 940000 / 1270341 (74.00 %) Events processed ...
[2025-11-08 10:07:47.051] [main] [info] 950000 / 1270341 (74.78 %) Events processed ...
[2025-11-08 10:07:48.783] [main] [info] 960000 / 1270341 (75.57 %) Events processed ...
[2025-11-08 10:07:50.358] [main] [info] 970000 / 1270341 (76.36 %) Events processed ...
[2025-11-08 10:08:02.237] [main] [info] 980000 / 1270341 (77.14 %) Events processed ...
[2025-11-08 10:08:03.456] [main] [info] 990000 / 1270341 (77.93 %) Events processed ...
[2025-11-08 10:08:04.787] [main] [info] 1000000 / 1270341 (78.72 %) Events processed ...
[2025-11-08 10:08:06.142] [main] [info] 1010000 / 1270341 (79.51 %) Events processed ...
[2025-11-08 10:08:18.865] [main] [info] 1020000 / 1270341 (80.29 %) Events processed ...
[2025-11-08 10:08:21.170] [main] [info] 1030000 / 1270341 (81.08 %) Events processed ...
[2025-11-08 10:08:23.675] [main] [info] 1040000 / 1270341 (81.87 %) Events processed ...
[2025-11-08 10:08:25.266] [main] [info] 1050000 / 1270341 (82.65 %) Events processed ...
[2025-11-08 10:08:35.313] [main] [info] 1060000 / 1270341 (83.44 %) Events processed ...
[2025-11-08 10:08:37.409] [main] [info] 1070000 / 1270341 (84.23 %) Events processed ...
[2025-11-08 10:08:39.139] [main] [info] 1080000 / 1270341 (85.02 %) Events processed ...
[2025-11-08 10:08:40.830] [main] [info] 1090000 / 1270341 (85.80 %) Events processed ...
[2025-11-08 10:08:50.644] [main] [info] 1100000 / 1270341 (86.59 %) Events processed ...
[2025-11-08 10:08:51.974] [main] [info] 1110000 / 1270341 (87.38 %) Events processed ...
[2025-11-08 10:08:53.250] [main] [info] 1120000 / 1270341 (88.17 %) Events processed ...
[2025-11-08 10:08:54.705] [main] [info] 1130000 / 1270341 (88.95 %) Events processed ...
[2025-11-08 10:09:03.545] [main] [info] 1140000 / 1270341 (89.74 %) Events processed ...
[2025-11-08 10:09:04.808] [main] [info] 1150000 / 1270341 (90.53 %) Events processed ...
[2025-11-08 10:09:06.071] [main] [info] 1160000 / 1270341 (91.31 %) Events processed ...
[2025-11-08 10:09:07.363] [main] [info] 1170000 / 1270341 (92.10 %) Events processed ...
[2025-11-08 10:09:15.904] [main] [info] 1180000 / 1270341 (92.89 %) Events processed ...
[2025-11-08 10:09:17.150] [main] [info] 1190000 / 1270341 (93.68 %) Events processed ...
[2025-11-08 10:09:18.459] [main] [info] 1200000 / 1270341 (94.46 %) Events processed ...
[2025-11-08 10:09:19.834] [main] [info] 1210000 / 1270341 (95.25 %) Events processed ...
[2025-11-08 10:09:26.402] [main] [info] 1220000 / 1270341 (96.04 %) Events processed ...
[2025-11-08 10:09:27.843] [main] [info] 1230000 / 1270341 (96.82 %) Events processed ...
[2025-11-08 10:09:29.328] [main] [info] 1240000 / 1270341 (97.61 %) Events processed ...
[2025-11-08 10:09:31.039] [main] [info] 1250000 / 1270341 (98.40 %) Events processed ...
[2025-11-08 10:09:35.273] [main] [info] 1260000 / 1270341 (99.19 %) Events processed ...
[2025-11-08 10:09:36.526] [main] [info] 1270000 / 1270341 (99.97 %) Events processed ...
[2025-11-08 10:09:37.848] [main] [info] vbfhmm:
Flag_goodVertices: pass=1270341    all=1270341    -- eff=100.00 % cumulative eff=100.00 %
Flag_globalSuperTightHalo2016Filter: pass=1270268    all=1270341    -- eff=99.99 % cumulative eff=99.99 %
Flag_EcalDeadCellTriggerPrimitiveFilter: pass=1270254    all=1270268    -- eff=100.00 % cumulative eff=99.99 %
Flag_BadPFMuonFilter: pass=1270202    all=1270254    -- eff=100.00 % cumulative eff=99.99 %
Flag_BadPFMuonDzFilter: pass=1270191    all=1270202    -- eff=100.00 % cumulative eff=99.99 %
Flag_eeBadScFilter: pass=1270191    all=1270191    -- eff=100.00 % cumulative eff=99.99 %
Flag_ecalBadCalibFilter: pass=1270079    all=1270191    -- eff=99.99 % cumulative eff=99.98 %
Flag_hfNoisyHitsFilter: pass=1269990    all=1270079    -- eff=99.99 % cumulative eff=99.97 %
Number of muons 2: pass=156823     all=1269990    -- eff=12.35 % cumulative eff=12.34 %
DiMuon From Higgs: pass=150425     all=156823     -- eff=95.92 % cumulative eff=11.84 %
LeptonChargeSum: pass=150402     all=150425     -- eff=99.98 % cumulative eff=11.84 %
[2025-11-08 10:09:38.403] [main] [info] Writing quantities map to /eos/user/j/jiahua/MC_2022EE_inc/DYto2L-2Jets_MLL-50_amcatnloFXFX_22EE_ext1-v1/5d549bfb-ddaa-4c14-a156-45251edb1aa0_vbfhmm.root
[2025-11-08 10:09:39.214] [main] [info] Finished Evaluation
[2025-11-08 10:09:39.214] [main] [info] Overall runtime (real time: 617.48, CPU time: 257.09)
