Starting job on \n
Running on: Linux b9g18p0299.cern.ch 5.14.0-570.44.1.el9_6.x86_64 #1 SMP PREEMPT_DYNAMIC Wed Sep 17 10:32:11 EDT 2025 x86_64 x86_64 x86_64 GNU/Linux\n
System software: AlmaLinux release 9.6 (Sage Margay)\n
Setting up CROWN for Alma Version 9.6
subject   : /DC=ch/DC=cern/OU=Organic Units/OU=Users/CN=jiahua/CN=851532/CN=Jiahua Chen/CN=1735721823
issuer    : /DC=ch/DC=cern/OU=Organic Units/OU=Users/CN=jiahua/CN=851532/CN=Jiahua Chen
identity  : /DC=ch/DC=cern/OU=Organic Units/OU=Users/CN=jiahua/CN=851532/CN=Jiahua Chen
type      : RFC compliant proxy
strength  : 2048 bits
path      : /afs/cern.ch/user/j/jiahua/proxy/x509up_u139833
timeleft  : 197:40:01
key usage : Digital Signature, Key Encipherment
=== VO cms extension information ===
VO        : cms
subject   : /DC=ch/DC=cern/OU=Organic Units/OU=Users/CN=jiahua/CN=851532/CN=Jiahua Chen
issuer    : /DC=ch/DC=cern/OU=computers/CN=cms-auth.cern.ch
attribute : /cms/Role=NULL/Capability=NULL
timeleft  : 189:40:01
uri       : voms-cms-auth.cern.ch:15000
subject   : /DC=ch/DC=cern/OU=Organic Units/OU=Users/CN=jiahua/CN=851532/CN=Jiahua Chen/CN=1735721823
issuer    : /DC=ch/DC=cern/OU=Organic Units/OU=Users/CN=jiahua/CN=851532/CN=Jiahua Chen
identity  : /DC=ch/DC=cern/OU=Organic Units/OU=Users/CN=jiahua/CN=851532/CN=Jiahua Chen
type      : RFC compliant proxy
strength  : 2048 bits
path      : /afs/cern.ch/user/j/jiahua/proxy/x509up_u139833
timeleft  : 197:40:01
key usage : Digital Signature, Key Encipherment
=== VO cms extension information ===
VO        : cms
subject   : /DC=ch/DC=cern/OU=Organic Units/OU=Users/CN=jiahua/CN=851532/CN=Jiahua Chen
issuer    : /DC=ch/DC=cern/OU=computers/CN=cms-auth.cern.ch
attribute : /cms/Role=NULL/Capability=NULL
timeleft  : 189:40:01
uri       : voms-cms-auth.cern.ch:15000
/eos/user/j/jiahua/MC_2022EE_inc/DYto2L-2Jets_MLL-50_amcatnloFXFX_22EE_ext1-v1/77eaa69e-5b4c-48d5-8d34-f4b00a75f027.root
[2025-11-08 09:58:58.861] [main] [info] Checking input files
[2025-11-08 09:59:03.895] [main] [info] NanoAOD input_file 1: root://cms-xrd-global.cern.ch//store/mc/Run3Summer22EENanoAODv12/DYto2L-2Jets_MLL-50_TuneCP5_13p6TeV_amcatnloFXFX-pythia8/NANOAODSIM/130X_mcRun3_2022_realistic_postEE_v6_ext1-v1/2540000/77eaa69e-5b4c-48d5-8d34-f4b00a75f027.root - 1652889 Events
[2025-11-08 09:59:03.914] [main] [info] input_file 1: root://cms-xrd-global.cern.ch//store/mc/Run3Summer22EENanoAODv12/DYto2L-2Jets_MLL-50_TuneCP5_13p6TeV_amcatnloFXFX-pythia8/NANOAODSIM/130X_mcRun3_2022_realistic_postEE_v6_ext1-v1/2540000/77eaa69e-5b4c-48d5-8d34-f4b00a75f027.root - SumOfGenWeight: 29476089708.099995 
[2025-11-08 09:59:03.914] [main] [info] Output directory: /eos/user/j/jiahua/MC_2022EE_inc/DYto2L-2Jets_MLL-50_amcatnloFXFX_22EE_ext1-v1/77eaa69e-5b4c-48d5-8d34-f4b00a75f027.root
[2025-11-08 09:59:03.916] [main] [info] Starting Setup of Dataframe with 1652889 events
[2025-11-08 10:00:09.882] [main] [info] Finished Setup
[2025-11-08 10:00:09.882] [main] [info] Runtime for setup (real time: 65.97, CPU time: 62.60)
[2025-11-08 10:00:09.882] [main] [info] Starting Evaluation
[2025-11-08 10:00:22.911] [main] [info] 10000 / 1652889 (0.61 %) Events processed ...
[2025-11-08 10:00:24.512] [main] [info] 20000 / 1652889 (1.21 %) Events processed ...
[2025-11-08 10:00:26.083] [main] [info] 30000 / 1652889 (1.82 %) Events processed ...
[2025-11-08 10:00:27.498] [main] [info] 40000 / 1652889 (2.42 %) Events processed ...
[2025-11-08 10:00:30.840] [main] [info] 50000 / 1652889 (3.03 %) Events processed ...
[2025-11-08 10:00:32.401] [main] [info] 60000 / 1652889 (3.63 %) Events processed ...
[2025-11-08 10:00:34.293] [main] [info] 70000 / 1652889 (4.24 %) Events processed ...
[2025-11-08 10:00:35.773] [main] [info] 80000 / 1652889 (4.84 %) Events processed ...
[2025-11-08 10:00:38.699] [main] [info] 90000 / 1652889 (5.45 %) Events processed ...
[2025-11-08 10:00:40.067] [main] [info] 100000 / 1652889 (6.05 %) Events processed ...
[2025-11-08 10:00:41.683] [main] [info] 110000 / 1652889 (6.66 %) Events processed ...
[2025-11-08 10:00:43.277] [main] [info] 120000 / 1652889 (7.26 %) Events processed ...
[2025-11-08 10:00:46.045] [main] [info] 130000 / 1652889 (7.87 %) Events processed ...
[2025-11-08 10:00:47.853] [main] [info] 140000 / 1652889 (8.47 %) Events processed ...
[2025-11-08 10:00:49.399] [main] [info] 150000 / 1652889 (9.08 %) Events processed ...
[2025-11-08 10:00:50.834] [main] [info] 160000 / 1652889 (9.68 %) Events processed ...
[2025-11-08 10:00:53.745] [main] [info] 170000 / 1652889 (10.29 %) Events processed ...
[2025-11-08 10:00:55.423] [main] [info] 180000 / 1652889 (10.89 %) Events processed ...
[2025-11-08 10:00:56.952] [main] [info] 190000 / 1652889 (11.50 %) Events processed ...
[2025-11-08 10:00:58.379] [main] [info] 200000 / 1652889 (12.10 %) Events processed ...
[2025-11-08 10:01:01.431] [main] [info] 210000 / 1652889 (12.71 %) Events processed ...
[2025-11-08 10:01:03.107] [main] [info] 220000 / 1652889 (13.31 %) Events processed ...
[2025-11-08 10:01:04.506] [main] [info] 230000 / 1652889 (13.92 %) Events processed ...
[2025-11-08 10:01:06.111] [main] [info] 240000 / 1652889 (14.52 %) Events processed ...
[2025-11-08 10:01:09.129] [main] [info] 250000 / 1652889 (15.13 %) Events processed ...
[2025-11-08 10:01:10.796] [main] [info] 260000 / 1652889 (15.73 %) Events processed ...
[2025-11-08 10:01:12.428] [main] [info] 270000 / 1652889 (16.34 %) Events processed ...
[2025-11-08 10:01:14.044] [main] [info] 280000 / 1652889 (16.94 %) Events processed ...
[2025-11-08 10:01:16.920] [main] [info] 290000 / 1652889 (17.55 %) Events processed ...
[2025-11-08 10:01:18.797] [main] [info] 300000 / 1652889 (18.15 %) Events processed ...
[2025-11-08 10:01:20.655] [main] [info] 310000 / 1652889 (18.76 %) Events processed ...
[2025-11-08 10:01:22.233] [main] [info] 320000 / 1652889 (19.36 %) Events processed ...
[2025-11-08 10:01:23.651] [main] [info] 330000 / 1652889 (19.97 %) Events processed ...
[2025-11-08 10:01:27.656] [main] [info] 340000 / 1652889 (20.57 %) Events processed ...
[2025-11-08 10:01:29.805] [main] [info] 350000 / 1652889 (21.18 %) Events processed ...
[2025-11-08 10:01:31.551] [main] [info] 360000 / 1652889 (21.78 %) Events processed ...
[2025-11-08 10:01:33.109] [main] [info] 370000 / 1652889 (22.39 %) Events processed ...
[2025-11-08 10:01:36.056] [main] [info] 380000 / 1652889 (22.99 %) Events processed ...
[2025-11-08 10:01:37.680] [main] [info] 390000 / 1652889 (23.60 %) Events processed ...
[2025-11-08 10:01:39.148] [main] [info] 400000 / 1652889 (24.20 %) Events processed ...
[2025-11-08 10:01:41.005] [main] [info] 410000 / 1652889 (24.81 %) Events processed ...
[2025-11-08 10:01:43.874] [main] [info] 420000 / 1652889 (25.41 %) Events processed ...
[2025-11-08 10:01:45.288] [main] [info] 430000 / 1652889 (26.02 %) Events processed ...
[2025-11-08 10:01:46.898] [main] [info] 440000 / 1652889 (26.62 %) Events processed ...
[2025-11-08 10:01:48.634] [main] [info] 450000 / 1652889 (27.23 %) Events processed ...
[2025-11-08 10:01:53.358] [main] [info] 460000 / 1652889 (27.83 %) Events processed ...
[2025-11-08 10:01:54.867] [main] [info] 470000 / 1652889 (28.44 %) Events processed ...
[2025-11-08 10:01:56.651] [main] [info] 480000 / 1652889 (29.04 %) Events processed ...
[2025-11-08 10:01:58.204] [main] [info] 490000 / 1652889 (29.65 %) Events processed ...
[2025-11-08 10:02:01.419] [main] [info] 500000 / 1652889 (30.25 %) Events processed ...
[2025-11-08 10:02:03.126] [main] [info] 510000 / 1652889 (30.86 %) Events processed ...
[2025-11-08 10:02:05.092] [main] [info] 520000 / 1652889 (31.46 %) Events processed ...
[2025-11-08 10:02:06.558] [main] [info] 530000 / 1652889 (32.07 %) Events processed ...
[2025-11-08 10:02:10.797] [main] [info] 540000 / 1652889 (32.67 %) Events processed ...
[2025-11-08 10:02:12.466] [main] [info] 550000 / 1652889 (33.28 %) Events processed ...
[2025-11-08 10:02:13.910] [main] [info] 560000 / 1652889 (33.88 %) Events processed ...
[2025-11-08 10:02:15.802] [main] [info] 570000 / 1652889 (34.49 %) Events processed ...
[2025-11-08 10:02:18.920] [main] [info] 580000 / 1652889 (35.09 %) Events processed ...
[2025-11-08 10:02:20.490] [main] [info] 590000 / 1652889 (35.70 %) Events processed ...
[2025-11-08 10:02:22.202] [main] [info] 600000 / 1652889 (36.30 %) Events processed ...
[2025-11-08 10:02:24.175] [main] [info] 610000 / 1652889 (36.91 %) Events processed ...
[2025-11-08 10:02:27.037] [main] [info] 620000 / 1652889 (37.51 %) Events processed ...
[2025-11-08 10:02:28.578] [main] [info] 630000 / 1652889 (38.12 %) Events processed ...
[2025-11-08 10:02:30.161] [main] [info] 640000 / 1652889 (38.72 %) Events processed ...
[2025-11-08 10:02:31.839] [main] [info] 650000 / 1652889 (39.33 %) Events processed ...
[2025-11-08 10:02:33.269] [main] [info] 660000 / 1652889 (39.93 %) Events processed ...
[2025-11-08 10:02:36.148] [main] [info] 670000 / 1652889 (40.54 %) Events processed ...
[2025-11-08 10:02:38.258] [main] [info] 680000 / 1652889 (41.14 %) Events processed ...
[2025-11-08 10:02:39.679] [main] [info] 690000 / 1652889 (41.75 %) Events processed ...
[2025-11-08 10:02:41.527] [main] [info] 700000 / 1652889 (42.35 %) Events processed ...
[2025-11-08 10:02:44.533] [main] [info] 710000 / 1652889 (42.96 %) Events processed ...
[2025-11-08 10:02:46.168] [main] [info] 720000 / 1652889 (43.56 %) Events processed ...
[2025-11-08 10:02:47.502] [main] [info] 730000 / 1652889 (44.17 %) Events processed ...
[2025-11-08 10:02:48.917] [main] [info] 740000 / 1652889 (44.77 %) Events processed ...
[2025-11-08 10:02:52.579] [main] [info] 750000 / 1652889 (45.38 %) Events processed ...
[2025-11-08 10:02:53.982] [main] [info] 760000 / 1652889 (45.98 %) Events processed ...
[2025-11-08 10:02:55.464] [main] [info] 770000 / 1652889 (46.59 %) Events processed ...
[2025-11-08 10:02:56.963] [main] [info] 780000 / 1652889 (47.19 %) Events processed ...
[2025-11-08 10:02:59.774] [main] [info] 790000 / 1652889 (47.80 %) Events processed ...
[2025-11-08 10:03:01.432] [main] [info] 800000 / 1652889 (48.40 %) Events processed ...
[2025-11-08 10:03:03.201] [main] [info] 810000 / 1652889 (49.01 %) Events processed ...
[2025-11-08 10:03:04.672] [main] [info] 820000 / 1652889 (49.61 %) Events processed ...
[2025-11-08 10:03:07.397] [main] [info] 830000 / 1652889 (50.22 %) Events processed ...
[2025-11-08 10:03:08.872] [main] [info] 840000 / 1652889 (50.82 %) Events processed ...
[2025-11-08 10:03:10.312] [main] [info] 850000 / 1652889 (51.43 %) Events processed ...
[2025-11-08 10:03:11.694] [main] [info] 860000 / 1652889 (52.03 %) Events processed ...
[2025-11-08 10:03:14.543] [main] [info] 870000 / 1652889 (52.64 %) Events processed ...
[2025-11-08 10:03:16.115] [main] [info] 880000 / 1652889 (53.24 %) Events processed ...
[2025-11-08 10:03:17.566] [main] [info] 890000 / 1652889 (53.85 %) Events processed ...
[2025-11-08 10:03:19.184] [main] [info] 900000 / 1652889 (54.45 %) Events processed ...
[2025-11-08 10:03:22.102] [main] [info] 910000 / 1652889 (55.06 %) Events processed ...
[2025-11-08 10:03:23.514] [main] [info] 920000 / 1652889 (55.66 %) Events processed ...
[2025-11-08 10:03:24.978] [main] [info] 930000 / 1652889 (56.27 %) Events processed ...
[2025-11-08 10:03:26.424] [main] [info] 940000 / 1652889 (56.87 %) Events processed ...
[2025-11-08 10:03:28.980] [main] [info] 950000 / 1652889 (57.48 %) Events processed ...
[2025-11-08 10:03:30.433] [main] [info] 960000 / 1652889 (58.08 %) Events processed ...
[2025-11-08 10:03:31.893] [main] [info] 970000 / 1652889 (58.69 %) Events processed ...
[2025-11-08 10:03:33.304] [main] [info] 980000 / 1652889 (59.29 %) Events processed ...
[2025-11-08 10:03:34.745] [main] [info] 990000 / 1652889 (59.90 %) Events processed ...
[2025-11-08 10:03:37.476] [main] [info] 1000000 / 1652889 (60.50 %) Events processed ...
[2025-11-08 10:03:38.936] [main] [info] 1010000 / 1652889 (61.11 %) Events processed ...
[2025-11-08 10:03:40.351] [main] [info] 1020000 / 1652889 (61.71 %) Events processed ...
[2025-11-08 10:03:41.808] [main] [info] 1030000 / 1652889 (62.32 %) Events processed ...
[2025-11-08 10:03:44.682] [main] [info] 1040000 / 1652889 (62.92 %) Events processed ...
[2025-11-08 10:03:46.038] [main] [info] 1050000 / 1652889 (63.53 %) Events processed ...
[2025-11-08 10:03:47.521] [main] [info] 1060000 / 1652889 (64.13 %) Events processed ...
[2025-11-08 10:03:48.909] [main] [info] 1070000 / 1652889 (64.74 %) Events processed ...
[2025-11-08 10:03:51.474] [main] [info] 1080000 / 1652889 (65.34 %) Events processed ...
[2025-11-08 10:03:52.824] [main] [info] 1090000 / 1652889 (65.95 %) Events processed ...
[2025-11-08 10:03:54.224] [main] [info] 1100000 / 1652889 (66.55 %) Events processed ...
[2025-11-08 10:03:55.665] [main] [info] 1110000 / 1652889 (67.16 %) Events processed ...
[2025-11-08 10:03:58.468] [main] [info] 1120000 / 1652889 (67.76 %) Events processed ...
[2025-11-08 10:03:59.817] [main] [info] 1130000 / 1652889 (68.37 %) Events processed ...
[2025-11-08 10:04:01.287] [main] [info] 1140000 / 1652889 (68.97 %) Events processed ...
[2025-11-08 10:04:03.152] [main] [info] 1150000 / 1652889 (69.58 %) Events processed ...
[2025-11-08 10:04:05.718] [main] [info] 1160000 / 1652889 (70.18 %) Events processed ...
[2025-11-08 10:04:07.193] [main] [info] 1170000 / 1652889 (70.79 %) Events processed ...
[2025-11-08 10:04:08.572] [main] [info] 1180000 / 1652889 (71.39 %) Events processed ...
[2025-11-08 10:04:09.926] [main] [info] 1190000 / 1652889 (72.00 %) Events processed ...
[2025-11-08 10:04:12.856] [main] [info] 1200000 / 1652889 (72.60 %) Events processed ...
[2025-11-08 10:04:14.463] [main] [info] 1210000 / 1652889 (73.21 %) Events processed ...
[2025-11-08 10:04:15.872] [main] [info] 1220000 / 1652889 (73.81 %) Events processed ...
[2025-11-08 10:04:17.309] [main] [info] 1230000 / 1652889 (74.42 %) Events processed ...
[2025-11-08 10:04:19.962] [main] [info] 1240000 / 1652889 (75.02 %) Events processed ...
[2025-11-08 10:04:21.345] [main] [info] 1250000 / 1652889 (75.63 %) Events processed ...
[2025-11-08 10:04:22.823] [main] [info] 1260000 / 1652889 (76.23 %) Events processed ...
[2025-11-08 10:04:24.271] [main] [info] 1270000 / 1652889 (76.84 %) Events processed ...
[2025-11-08 10:04:25.582] [main] [info] 1280000 / 1652889 (77.44 %) Events processed ...
[2025-11-08 10:04:28.338] [main] [info] 1290000 / 1652889 (78.05 %) Events processed ...
[2025-11-08 10:04:29.819] [main] [info] 1300000 / 1652889 (78.65 %) Events processed ...
[2025-11-08 10:04:31.219] [main] [info] 1310000 / 1652889 (79.26 %) Events processed ...
[2025-11-08 10:04:32.533] [main] [info] 1320000 / 1652889 (79.86 %) Events processed ...
[2025-11-08 10:04:35.274] [main] [info] 1330000 / 1652889 (80.47 %) Events processed ...
[2025-11-08 10:04:36.852] [main] [info] 1340000 / 1652889 (81.07 %) Events processed ...
[2025-11-08 10:04:38.274] [main] [info] 1350000 / 1652889 (81.68 %) Events processed ...
[2025-11-08 10:04:39.756] [main] [info] 1360000 / 1652889 (82.28 %) Events processed ...
[2025-11-08 10:04:42.505] [main] [info] 1370000 / 1652889 (82.89 %) Events processed ...
[2025-11-08 10:04:43.843] [main] [info] 1380000 / 1652889 (83.49 %) Events processed ...
[2025-11-08 10:04:45.279] [main] [info] 1390000 / 1652889 (84.10 %) Events processed ...
[2025-11-08 10:04:46.675] [main] [info] 1400000 / 1652889 (84.70 %) Events processed ...
[2025-11-08 10:04:49.667] [main] [info] 1410000 / 1652889 (85.31 %) Events processed ...
[2025-11-08 10:04:50.982] [main] [info] 1420000 / 1652889 (85.91 %) Events processed ...
[2025-11-08 10:04:52.349] [main] [info] 1430000 / 1652889 (86.52 %) Events processed ...
[2025-11-08 10:04:53.739] [main] [info] 1440000 / 1652889 (87.12 %) Events processed ...
[2025-11-08 10:04:56.379] [main] [info] 1450000 / 1652889 (87.73 %) Events processed ...
[2025-11-08 10:04:58.027] [main] [info] 1460000 / 1652889 (88.33 %) Events processed ...
[2025-11-08 10:04:59.452] [main] [info] 1470000 / 1652889 (88.94 %) Events processed ...
[2025-11-08 10:05:00.848] [main] [info] 1480000 / 1652889 (89.54 %) Events processed ...
[2025-11-08 10:05:03.670] [main] [info] 1490000 / 1652889 (90.15 %) Events processed ...
[2025-11-08 10:05:05.072] [main] [info] 1500000 / 1652889 (90.75 %) Events processed ...
[2025-11-08 10:05:06.386] [main] [info] 1510000 / 1652889 (91.36 %) Events processed ...
[2025-11-08 10:05:07.846] [main] [info] 1520000 / 1652889 (91.96 %) Events processed ...
[2025-11-08 10:05:10.652] [main] [info] 1530000 / 1652889 (92.57 %) Events processed ...
[2025-11-08 10:05:12.120] [main] [info] 1540000 / 1652889 (93.17 %) Events processed ...
[2025-11-08 10:05:13.475] [main] [info] 1550000 / 1652889 (93.78 %) Events processed ...
[2025-11-08 10:05:14.859] [main] [info] 1560000 / 1652889 (94.38 %) Events processed ...
[2025-11-08 10:05:17.551] [main] [info] 1570000 / 1652889 (94.99 %) Events processed ...
[2025-11-08 10:05:18.939] [main] [info] 1580000 / 1652889 (95.59 %) Events processed ...
[2025-11-08 10:05:20.624] [main] [info] 1590000 / 1652889 (96.20 %) Events processed ...
[2025-11-08 10:05:21.979] [main] [info] 1600000 / 1652889 (96.80 %) Events processed ...
[2025-11-08 10:05:23.397] [main] [info] 1610000 / 1652889 (97.41 %) Events processed ...
[2025-11-08 10:05:26.280] [main] [info] 1620000 / 1652889 (98.01 %) Events processed ...
[2025-11-08 10:05:30.029] [main] [info] 1630000 / 1652889 (98.62 %) Events processed ...
[2025-11-08 10:05:31.579] [main] [info] 1640000 / 1652889 (99.22 %) Events processed ...
[2025-11-08 10:05:32.896] [main] [info] 1650000 / 1652889 (99.83 %) Events processed ...
[2025-11-08 10:05:34.055] [main] [info] vbfhmm:
Flag_goodVertices: pass=1652889    all=1652889    -- eff=100.00 % cumulative eff=100.00 %
Flag_globalSuperTightHalo2016Filter: pass=1652802    all=1652889    -- eff=99.99 % cumulative eff=99.99 %
Flag_EcalDeadCellTriggerPrimitiveFilter: pass=1652780    all=1652802    -- eff=100.00 % cumulative eff=99.99 %
Flag_BadPFMuonFilter: pass=1652726    all=1652780    -- eff=100.00 % cumulative eff=99.99 %
Flag_BadPFMuonDzFilter: pass=1652702    all=1652726    -- eff=100.00 % cumulative eff=99.99 %
Flag_eeBadScFilter: pass=1652702    all=1652702    -- eff=100.00 % cumulative eff=99.99 %
Flag_ecalBadCalibFilter: pass=1652547    all=1652702    -- eff=99.99 % cumulative eff=99.98 %
Flag_hfNoisyHitsFilter: pass=1652433    all=1652547    -- eff=99.99 % cumulative eff=99.97 %
Number of muons 2: pass=203386     all=1652433    -- eff=12.31 % cumulative eff=12.30 %
DiMuon From Higgs: pass=195251     all=203386     -- eff=96.00 % cumulative eff=11.81 %
LeptonChargeSum: pass=195219     all=195251     -- eff=99.98 % cumulative eff=11.81 %
[2025-11-08 10:05:34.247] [main] [info] Writing quantities map to /eos/user/j/jiahua/MC_2022EE_inc/DYto2L-2Jets_MLL-50_amcatnloFXFX_22EE_ext1-v1/77eaa69e-5b4c-48d5-8d34-f4b00a75f027_vbfhmm.root
[2025-11-08 10:05:35.114] [main] [info] Finished Evaluation
[2025-11-08 10:05:35.114] [main] [info] Overall runtime (real time: 391.20, CPU time: 327.18)
