Starting job on \n
Running on: Linux b9p20p2583.cern.ch 5.14.0-570.55.1.el9_6.x86_64 #1 SMP PREEMPT_DYNAMIC Tue Oct 14 01:03:55 EDT 2025 x86_64 x86_64 x86_64 GNU/Linux\n
System software: Red Hat Enterprise Linux release 9.6 (Plow)\n
Setting up CROWN for RedHatEnterprise Version 9.6
subject   : /DC=ch/DC=cern/OU=Organic Units/OU=Users/CN=jiahua/CN=851532/CN=Jiahua Chen/CN=1735721823
issuer    : /DC=ch/DC=cern/OU=Organic Units/OU=Users/CN=jiahua/CN=851532/CN=Jiahua Chen
identity  : /DC=ch/DC=cern/OU=Organic Units/OU=Users/CN=jiahua/CN=851532/CN=Jiahua Chen
type      : RFC compliant proxy
strength  : 2048 bits
path      : /afs/cern.ch/user/j/jiahua/proxy/x509up_u139833
timeleft  : 197:39:28
key usage : Digital Signature, Key Encipherment
=== VO cms extension information ===
VO        : cms
subject   : /DC=ch/DC=cern/OU=Organic Units/OU=Users/CN=jiahua/CN=851532/CN=Jiahua Chen
issuer    : /DC=ch/DC=cern/OU=computers/CN=cms-auth.cern.ch
attribute : /cms/Role=NULL/Capability=NULL
timeleft  : 189:39:28
uri       : voms-cms-auth.cern.ch:15000
subject   : /DC=ch/DC=cern/OU=Organic Units/OU=Users/CN=jiahua/CN=851532/CN=Jiahua Chen/CN=1735721823
issuer    : /DC=ch/DC=cern/OU=Organic Units/OU=Users/CN=jiahua/CN=851532/CN=Jiahua Chen
identity  : /DC=ch/DC=cern/OU=Organic Units/OU=Users/CN=jiahua/CN=851532/CN=Jiahua Chen
type      : RFC compliant proxy
strength  : 2048 bits
path      : /afs/cern.ch/user/j/jiahua/proxy/x509up_u139833
timeleft  : 197:39:28
key usage : Digital Signature, Key Encipherment
=== VO cms extension information ===
VO        : cms
subject   : /DC=ch/DC=cern/OU=Organic Units/OU=Users/CN=jiahua/CN=851532/CN=Jiahua Chen
issuer    : /DC=ch/DC=cern/OU=computers/CN=cms-auth.cern.ch
attribute : /cms/Role=NULL/Capability=NULL
timeleft  : 189:39:28
uri       : voms-cms-auth.cern.ch:15000
/eos/user/j/jiahua/MC_2022EE_inc/DYto2L-2Jets_MLL-50_amcatnloFXFX_22EE_ext1-v1/446e22fb-41f7-410c-92b1-585c8527dea3.root
[2025-11-08 09:59:31.110] [main] [info] Checking input files
[2025-11-08 09:59:36.617] [main] [info] NanoAOD input_file 1: root://cms-xrd-global.cern.ch//store/mc/Run3Summer22EENanoAODv12/DYto2L-2Jets_MLL-50_TuneCP5_13p6TeV_amcatnloFXFX-pythia8/NANOAODSIM/130X_mcRun3_2022_realistic_postEE_v6_ext1-v1/2540000/446e22fb-41f7-410c-92b1-585c8527dea3.root - 828212 Events
[2025-11-08 09:59:36.651] [main] [info] input_file 1: root://cms-xrd-global.cern.ch//store/mc/Run3Summer22EENanoAODv12/DYto2L-2Jets_MLL-50_TuneCP5_13p6TeV_amcatnloFXFX-pythia8/NANOAODSIM/130X_mcRun3_2022_realistic_postEE_v6_ext1-v1/2540000/446e22fb-41f7-410c-92b1-585c8527dea3.root - SumOfGenWeight: 14762963655.216 
[2025-11-08 09:59:36.651] [main] [info] Output directory: /eos/user/j/jiahua/MC_2022EE_inc/DYto2L-2Jets_MLL-50_amcatnloFXFX_22EE_ext1-v1/446e22fb-41f7-410c-92b1-585c8527dea3.root
[2025-11-08 09:59:36.655] [main] [info] Starting Setup of Dataframe with 828212 events
[2025-11-08 10:00:41.345] [main] [info] Finished Setup
[2025-11-08 10:00:41.345] [main] [info] Runtime for setup (real time: 64.69, CPU time: 59.71)
[2025-11-08 10:00:41.345] [main] [info] Starting Evaluation
[2025-11-08 10:01:04.176] [main] [info] 10000 / 828212 (1.21 %) Events processed ...
[2025-11-08 10:01:06.474] [main] [info] 20000 / 828212 (2.41 %) Events processed ...
[2025-11-08 10:01:08.827] [main] [info] 30000 / 828212 (3.62 %) Events processed ...
[2025-11-08 10:01:10.483] [main] [info] 40000 / 828212 (4.83 %) Events processed ...
[2025-11-08 10:01:22.707] [main] [info] 50000 / 828212 (6.04 %) Events processed ...
[2025-11-08 10:01:24.641] [main] [info] 60000 / 828212 (7.24 %) Events processed ...
[2025-11-08 10:01:26.527] [main] [info] 70000 / 828212 (8.45 %) Events processed ...
[2025-11-08 10:01:28.450] [main] [info] 80000 / 828212 (9.66 %) Events processed ...
[2025-11-08 10:01:43.978] [main] [info] 90000 / 828212 (10.87 %) Events processed ...
[2025-11-08 10:01:46.203] [main] [info] 100000 / 828212 (12.07 %) Events processed ...
[2025-11-08 10:01:48.741] [main] [info] 110000 / 828212 (13.28 %) Events processed ...
[2025-11-08 10:01:51.153] [main] [info] 120000 / 828212 (14.49 %) Events processed ...
[2025-11-08 10:02:08.564] [main] [info] 130000 / 828212 (15.70 %) Events processed ...
[2025-11-08 10:02:10.637] [main] [info] 140000 / 828212 (16.90 %) Events processed ...
[2025-11-08 10:02:12.976] [main] [info] 150000 / 828212 (18.11 %) Events processed ...
[2025-11-08 10:02:15.193] [main] [info] 160000 / 828212 (19.32 %) Events processed ...
[2025-11-08 10:02:36.763] [main] [info] 170000 / 828212 (20.53 %) Events processed ...
[2025-11-08 10:02:39.500] [main] [info] 180000 / 828212 (21.73 %) Events processed ...
[2025-11-08 10:02:42.033] [main] [info] 190000 / 828212 (22.94 %) Events processed ...
[2025-11-08 10:02:44.523] [main] [info] 200000 / 828212 (24.15 %) Events processed ...
[2025-11-08 10:02:59.609] [main] [info] 210000 / 828212 (25.36 %) Events processed ...
[2025-11-08 10:03:01.845] [main] [info] 220000 / 828212 (26.56 %) Events processed ...
[2025-11-08 10:03:04.155] [main] [info] 230000 / 828212 (27.77 %) Events processed ...
[2025-11-08 10:03:06.604] [main] [info] 240000 / 828212 (28.98 %) Events processed ...
[2025-11-08 10:03:20.967] [main] [info] 250000 / 828212 (30.19 %) Events processed ...
[2025-11-08 10:03:22.874] [main] [info] 260000 / 828212 (31.39 %) Events processed ...
[2025-11-08 10:03:24.569] [main] [info] 270000 / 828212 (32.60 %) Events processed ...
[2025-11-08 10:03:26.508] [main] [info] 280000 / 828212 (33.81 %) Events processed ...
[2025-11-08 10:03:28.171] [main] [info] 290000 / 828212 (35.02 %) Events processed ...
[2025-11-08 10:03:45.086] [main] [info] 300000 / 828212 (36.22 %) Events processed ...
[2025-11-08 10:03:47.577] [main] [info] 310000 / 828212 (37.43 %) Events processed ...
[2025-11-08 10:03:49.984] [main] [info] 320000 / 828212 (38.64 %) Events processed ...
[2025-11-08 10:03:52.278] [main] [info] 330000 / 828212 (39.84 %) Events processed ...
[2025-11-08 10:04:07.192] [main] [info] 340000 / 828212 (41.05 %) Events processed ...
[2025-11-08 10:04:09.636] [main] [info] 350000 / 828212 (42.26 %) Events processed ...
[2025-11-08 10:04:11.685] [main] [info] 360000 / 828212 (43.47 %) Events processed ...
[2025-11-08 10:04:13.959] [main] [info] 370000 / 828212 (44.67 %) Events processed ...
[2025-11-08 10:04:30.118] [main] [info] 380000 / 828212 (45.88 %) Events processed ...
[2025-11-08 10:04:32.523] [main] [info] 390000 / 828212 (47.09 %) Events processed ...
[2025-11-08 10:04:34.865] [main] [info] 400000 / 828212 (48.30 %) Events processed ...
[2025-11-08 10:04:37.366] [main] [info] 410000 / 828212 (49.50 %) Events processed ...
[2025-11-08 10:04:50.898] [main] [info] 420000 / 828212 (50.71 %) Events processed ...
[2025-11-08 10:04:53.378] [main] [info] 430000 / 828212 (51.92 %) Events processed ...
[2025-11-08 10:04:55.207] [main] [info] 440000 / 828212 (53.13 %) Events processed ...
[2025-11-08 10:04:56.903] [main] [info] 450000 / 828212 (54.33 %) Events processed ...
[2025-11-08 10:05:11.164] [main] [info] 460000 / 828212 (55.54 %) Events processed ...
[2025-11-08 10:05:13.555] [main] [info] 470000 / 828212 (56.75 %) Events processed ...
[2025-11-08 10:05:16.065] [main] [info] 480000 / 828212 (57.96 %) Events processed ...
[2025-11-08 10:05:18.215] [main] [info] 490000 / 828212 (59.16 %) Events processed ...
[2025-11-08 10:05:31.197] [main] [info] 500000 / 828212 (60.37 %) Events processed ...
[2025-11-08 10:05:33.551] [main] [info] 510000 / 828212 (61.58 %) Events processed ...
[2025-11-08 10:05:35.615] [main] [info] 520000 / 828212 (62.79 %) Events processed ...
[2025-11-08 10:05:37.908] [main] [info] 530000 / 828212 (63.99 %) Events processed ...
[2025-11-08 10:05:52.860] [main] [info] 540000 / 828212 (65.20 %) Events processed ...
[2025-11-08 10:05:55.388] [main] [info] 550000 / 828212 (66.41 %) Events processed ...
[2025-11-08 10:05:57.923] [main] [info] 560000 / 828212 (67.62 %) Events processed ...
[2025-11-08 10:06:00.385] [main] [info] 570000 / 828212 (68.82 %) Events processed ...
[2025-11-08 10:06:02.850] [main] [info] 580000 / 828212 (70.03 %) Events processed ...
[2025-11-08 10:06:17.739] [main] [info] 590000 / 828212 (71.24 %) Events processed ...
[2025-11-08 10:06:20.597] [main] [info] 600000 / 828212 (72.45 %) Events processed ...
[2025-11-08 10:06:23.498] [main] [info] 610000 / 828212 (73.65 %) Events processed ...
[2025-11-08 10:06:26.382] [main] [info] 620000 / 828212 (74.86 %) Events processed ...
[2025-11-08 10:06:40.659] [main] [info] 630000 / 828212 (76.07 %) Events processed ...
[2025-11-08 10:06:43.745] [main] [info] 640000 / 828212 (77.27 %) Events processed ...
[2025-11-08 10:06:46.389] [main] [info] 650000 / 828212 (78.48 %) Events processed ...
[2025-11-08 10:06:48.630] [main] [info] 660000 / 828212 (79.69 %) Events processed ...
[2025-11-08 10:07:03.248] [main] [info] 670000 / 828212 (80.90 %) Events processed ...
[2025-11-08 10:07:05.833] [main] [info] 680000 / 828212 (82.10 %) Events processed ...
[2025-11-08 10:07:09.050] [main] [info] 690000 / 828212 (83.31 %) Events processed ...
[2025-11-08 10:07:11.943] [main] [info] 700000 / 828212 (84.52 %) Events processed ...
[2025-11-08 10:07:25.681] [main] [info] 710000 / 828212 (85.73 %) Events processed ...
[2025-11-08 10:07:28.594] [main] [info] 720000 / 828212 (86.93 %) Events processed ...
[2025-11-08 10:07:31.534] [main] [info] 730000 / 828212 (88.14 %) Events processed ...
[2025-11-08 10:07:33.981] [main] [info] 740000 / 828212 (89.35 %) Events processed ...
[2025-11-08 10:07:47.146] [main] [info] 750000 / 828212 (90.56 %) Events processed ...
[2025-11-08 10:07:50.609] [main] [info] 760000 / 828212 (91.76 %) Events processed ...
[2025-11-08 10:07:52.911] [main] [info] 770000 / 828212 (92.97 %) Events processed ...
[2025-11-08 10:07:55.693] [main] [info] 780000 / 828212 (94.18 %) Events processed ...
[2025-11-08 10:08:06.488] [main] [info] 790000 / 828212 (95.39 %) Events processed ...
[2025-11-08 10:08:08.924] [main] [info] 800000 / 828212 (96.59 %) Events processed ...
[2025-11-08 10:08:11.226] [main] [info] 810000 / 828212 (97.80 %) Events processed ...
[2025-11-08 10:08:14.185] [main] [info] 820000 / 828212 (99.01 %) Events processed ...
[2025-11-08 10:08:16.764] [main] [info] vbfhmm:
Flag_goodVertices: pass=828212     all=828212     -- eff=100.00 % cumulative eff=100.00 %
Flag_globalSuperTightHalo2016Filter: pass=828166     all=828212     -- eff=99.99 % cumulative eff=99.99 %
Flag_EcalDeadCellTriggerPrimitiveFilter: pass=828155     all=828166     -- eff=100.00 % cumulative eff=99.99 %
Flag_BadPFMuonFilter: pass=828136     all=828155     -- eff=100.00 % cumulative eff=99.99 %
Flag_BadPFMuonDzFilter: pass=828124     all=828136     -- eff=100.00 % cumulative eff=99.99 %
Flag_eeBadScFilter: pass=828124     all=828124     -- eff=100.00 % cumulative eff=99.99 %
Flag_ecalBadCalibFilter: pass=828052     all=828124     -- eff=99.99 % cumulative eff=99.98 %
Flag_hfNoisyHitsFilter: pass=827999     all=828052     -- eff=99.99 % cumulative eff=99.97 %
Number of muons 2: pass=101404     all=827999     -- eff=12.25 % cumulative eff=12.24 %
DiMuon From Higgs: pass=97141      all=101404     -- eff=95.80 % cumulative eff=11.73 %
LeptonChargeSum: pass=97122      all=97141      -- eff=99.98 % cumulative eff=11.73 %
[2025-11-08 10:08:17.025] [main] [info] Writing quantities map to /eos/user/j/jiahua/MC_2022EE_inc/DYto2L-2Jets_MLL-50_amcatnloFXFX_22EE_ext1-v1/446e22fb-41f7-410c-92b1-585c8527dea3_vbfhmm.root
[2025-11-08 10:08:18.037] [main] [info] Finished Evaluation
[2025-11-08 10:08:18.037] [main] [info] Overall runtime (real time: 521.39, CPU time: 269.87)
