000 (12769438.119.000) 11/08 09:48:57 Job submitted from host: <188.185.121.235:9618?addrs=188.185.121.235-9618+[2001-1458-d00-49--100-36e]-9618&alias=bigbird22.cern.ch&noUDP&sock=schedd_232129_c3ca>
...
040 (12769438.119.000) 11/08 10:20:54 Started transferring input files
	Transferring to host: <188.185.214.37:9618?addrs=188.185.214.37-9618+[2001-1458-303-1c--100-21]-9618&alias=b9p29p6666.cern.ch&noUDP&sock=slot1_24_4261_0286_62517>
...
040 (12769438.119.000) 11/08 10:20:54 Finished transferring input files
...
001 (12769438.119.000) 11/08 10:20:55 Job executing on host: <188.185.214.37:9618?addrs=188.185.214.37-9618+[2001-1458-303-1c--100-21]-9618&alias=b9p29p6666.cern.ch&noUDP&sock=startd_3600_e108>
	SlotName: slot1_24@b9p29p6666.cern.ch
	CondorScratchDir = "/pool/condor/dir_1082458"
	Cpus = 1
	Disk = 15832
	GPUs = 0
	Memory = 3000
...
006 (12769438.119.000) 11/08 10:21:09 Image size of job updated: 95908
	94  -  MemoryUsage of job (MB)
	95908  -  ResidentSetSize of job (KB)
...
006 (12769438.119.000) 11/08 10:22:02 Image size of job updated: 414328
	94  -  MemoryUsage of job (MB)
	95908  -  ResidentSetSize of job (KB)
...
040 (12769438.119.000) 11/08 10:22:02 Started transferring output files
...
040 (12769438.119.000) 11/08 10:22:02 Finished transferring output files
...
005 (12769438.119.000) 11/08 10:22:02 Job terminated.
	(1) Normal termination (return value 0)
		Usr 0 00:00:52, Sys 0 00:00:02  -  Run Remote Usage
		Usr 0 00:00:00, Sys 0 00:00:00  -  Run Local Usage
		Usr 0 00:00:52, Sys 0 00:00:02  -  Total Remote Usage
		Usr 0 00:00:00, Sys 0 00:00:00  -  Total Local Usage
	9578  -  Run Bytes Sent By Job
	11220238  -  Run Bytes Received By Job
	9578  -  Total Bytes Sent By Job
	11220238  -  Total Bytes Received By Job
	Partitionable Resources :    Usage  Request Allocated 
	   Cpus                 :     0.06        1         1 
	   Disk (KB)            : 10990       12500     15832 
	   GPUs                 :                           0 
	   Memory (MB)          :    94        3000      3000 
	   TimeExecute (s)      :    67                       
	   TimeSlotBusy (s)     :    68                       

	Job terminated of its own accord at 2025-11-08T09:22:02Z with exit-code 0.
...
