000 (12769421.204.000) 11/08 09:48:26 Job submitted from host: <188.185.121.235:9618?addrs=188.185.121.235-9618+[2001-1458-d00-49--100-36e]-9618&alias=bigbird22.cern.ch&noUDP&sock=schedd_232129_c3ca>
...
040 (12769421.204.000) 11/08 09:59:13 Started transferring input files
	Transferring to host: <188.185.214.205:9618?addrs=188.185.214.205-9618+[2001-1458-303-1d--100-49]-9618&alias=b9p30p1684.cern.ch&noUDP&sock=slot1_42_5733_2ac2_51647>
...
040 (12769421.204.000) 11/08 09:59:13 Finished transferring input files
...
001 (12769421.204.000) 11/08 09:59:14 Job executing on host: <188.185.214.205:9618?addrs=188.185.214.205-9618+[2001-1458-303-1d--100-49]-9618&alias=b9p30p1684.cern.ch&noUDP&sock=startd_4847_37a2>
	SlotName: slot1_42@b9p30p1684.cern.ch
	CondorScratchDir = "/pool/condor/dir_2570645"
	Cpus = 1
	Disk = 15855
	GPUs = 0
	Memory = 3000
...
006 (12769421.204.000) 11/08 09:59:28 Image size of job updated: 124376
	122  -  MemoryUsage of job (MB)
	124376  -  ResidentSetSize of job (KB)
...
006 (12769421.204.000) 11/08 10:04:29 Image size of job updated: 465740
	455  -  MemoryUsage of job (MB)
	465740  -  ResidentSetSize of job (KB)
...
006 (12769421.204.000) 11/08 10:08:53 Image size of job updated: 548040
	455  -  MemoryUsage of job (MB)
	465740  -  ResidentSetSize of job (KB)
...
040 (12769421.204.000) 11/08 10:08:53 Started transferring output files
...
040 (12769421.204.000) 11/08 10:08:53 Finished transferring output files
...
005 (12769421.204.000) 11/08 10:08:53 Job terminated.
	(1) Normal termination (return value 0)
		Usr 0 00:03:26, Sys 0 00:00:07  -  Run Remote Usage
		Usr 0 00:00:00, Sys 0 00:00:00  -  Run Local Usage
		Usr 0 00:03:26, Sys 0 00:00:07  -  Total Remote Usage
		Usr 0 00:00:00, Sys 0 00:00:00  -  Total Local Usage
	18723  -  Run Bytes Sent By Job
	11220238  -  Run Bytes Received By Job
	18723  -  Total Bytes Sent By Job
	11220238  -  Total Bytes Received By Job
	Partitionable Resources :    Usage  Request Allocated 
	   Cpus                 :     0.68        1         1 
	   Disk (KB)            : 10999       12500     15855 
	   GPUs                 :                           0 
	   Memory (MB)          :   455        3000      3000 
	   TimeExecute (s)      :   579                       
	   TimeSlotBusy (s)     :   580                       

	Job terminated of its own accord at 2025-11-08T09:08:53Z with exit-code 0.
...
