000 (12769421.172.000) 11/08 09:48:26 Job submitted from host: <188.185.121.235:9618?addrs=188.185.121.235-9618+[2001-1458-d00-49--100-36e]-9618&alias=bigbird22.cern.ch&noUDP&sock=schedd_232129_c3ca>
...
040 (12769421.172.000) 11/08 09:59:04 Started transferring input files
	Transferring to host: <188.185.210.216:9618?addrs=188.185.210.216-9618+[2001-1458-303-15--100-54]-9618&alias=b9p22p7168.cern.ch&noUDP&sock=slot1_10_3627_4cad_64945>
...
040 (12769421.172.000) 11/08 09:59:04 Finished transferring input files
...
001 (12769421.172.000) 11/08 09:59:05 Job executing on host: <188.185.210.216:9618?addrs=188.185.210.216-9618+[2001-1458-303-15--100-54]-9618&alias=b9p22p7168.cern.ch&noUDP&sock=startd_2972_1f8f>
	SlotName: slot1_10@b9p22p7168.cern.ch
	CondorScratchDir = "/pool/condor/dir_1175754"
	Cpus = 1
	Disk = 15990
	GPUs = 0
	Memory = 3000
...
006 (12769421.172.000) 11/08 09:59:18 Image size of job updated: 118852
	117  -  MemoryUsage of job (MB)
	118852  -  ResidentSetSize of job (KB)
...
006 (12769421.172.000) 11/08 10:04:19 Image size of job updated: 474652
	464  -  MemoryUsage of job (MB)
	474652  -  ResidentSetSize of job (KB)
...
006 (12769421.172.000) 11/08 10:09:20 Image size of job updated: 555792
	543  -  MemoryUsage of job (MB)
	555792  -  ResidentSetSize of job (KB)
...
040 (12769421.172.000) 11/08 10:09:45 Started transferring output files
...
040 (12769421.172.000) 11/08 10:09:45 Finished transferring output files
...
005 (12769421.172.000) 11/08 10:09:45 Job terminated.
	(1) Normal termination (return value 0)
		Usr 0 00:03:50, Sys 0 00:00:06  -  Run Remote Usage
		Usr 0 00:00:00, Sys 0 00:00:00  -  Run Local Usage
		Usr 0 00:03:50, Sys 0 00:00:06  -  Total Remote Usage
		Usr 0 00:00:00, Sys 0 00:00:00  -  Total Local Usage
	21744  -  Run Bytes Sent By Job
	11220238  -  Run Bytes Received By Job
	21744  -  Total Bytes Sent By Job
	11220238  -  Total Bytes Received By Job
	Partitionable Resources :    Usage  Request Allocated 
	   Cpus                 :     0.35        1         1 
	   Disk (KB)            : 11002       12500     15990 
	   GPUs                 :                           0 
	   Memory (MB)          :   543        3000      3000 
	   TimeExecute (s)      :   640                       
	   TimeSlotBusy (s)     :   642                       

	Job terminated of its own accord at 2025-11-08T09:09:45Z with exit-code 0.
...
