Starting job on \n
Running on: Linux b9p04p4114.cern.ch 5.14.0-570.42.2.el9_6.x86_64 #1 SMP PREEMPT_DYNAMIC Mon Sep 8 12:15:13 EDT 2025 x86_64 x86_64 x86_64 GNU/Linux\n
System software: Red Hat Enterprise Linux release 9.6 (Plow)\n
Setting up CROWN for RedHatEnterprise Version 9.6
subject   : /DC=ch/DC=cern/OU=Organic Units/OU=Users/CN=jiahua/CN=851532/CN=Jiahua Chen/CN=1735721823
issuer    : /DC=ch/DC=cern/OU=Organic Units/OU=Users/CN=jiahua/CN=851532/CN=Jiahua Chen
identity  : /DC=ch/DC=cern/OU=Organic Units/OU=Users/CN=jiahua/CN=851532/CN=Jiahua Chen
type      : RFC compliant proxy
strength  : 2048 bits
path      : /afs/cern.ch/user/j/jiahua/proxy/x509up_u139833
timeleft  : 197:38:53
key usage : Digital Signature, Key Encipherment
=== VO cms extension information ===
VO        : cms
subject   : /DC=ch/DC=cern/OU=Organic Units/OU=Users/CN=jiahua/CN=851532/CN=Jiahua Chen
issuer    : /DC=ch/DC=cern/OU=computers/CN=cms-auth.cern.ch
attribute : /cms/Role=NULL/Capability=NULL
timeleft  : 189:38:53
uri       : voms-cms-auth.cern.ch:15000
subject   : /DC=ch/DC=cern/OU=Organic Units/OU=Users/CN=jiahua/CN=851532/CN=Jiahua Chen/CN=1735721823
issuer    : /DC=ch/DC=cern/OU=Organic Units/OU=Users/CN=jiahua/CN=851532/CN=Jiahua Chen
identity  : /DC=ch/DC=cern/OU=Organic Units/OU=Users/CN=jiahua/CN=851532/CN=Jiahua Chen
type      : RFC compliant proxy
strength  : 2048 bits
path      : /afs/cern.ch/user/j/jiahua/proxy/x509up_u139833
timeleft  : 197:38:53
key usage : Digital Signature, Key Encipherment
=== VO cms extension information ===
VO        : cms
subject   : /DC=ch/DC=cern/OU=Organic Units/OU=Users/CN=jiahua/CN=851532/CN=Jiahua Chen
issuer    : /DC=ch/DC=cern/OU=computers/CN=cms-auth.cern.ch
attribute : /cms/Role=NULL/Capability=NULL
timeleft  : 189:38:53
uri       : voms-cms-auth.cern.ch:15000
/eos/user/j/jiahua/MC_2022EE_inc/DYto2L-2Jets_MLL-50_amcatnloFXFX_22EE_ext1-v1/04f532b7-1de7-4474-9dcc-aba2dffaebd9.root
[2025-11-08 10:00:06.203] [main] [info] Checking input files
[2025-11-08 10:00:11.124] [main] [info] NanoAOD input_file 1: root://cms-xrd-global.cern.ch//store/mc/Run3Summer22EENanoAODv12/DYto2L-2Jets_MLL-50_TuneCP5_13p6TeV_amcatnloFXFX-pythia8/NANOAODSIM/130X_mcRun3_2022_realistic_postEE_v6_ext1-v1/2540000/04f532b7-1de7-4474-9dcc-aba2dffaebd9.root - 942946 Events
[2025-11-08 10:00:11.145] [main] [info] input_file 1: root://cms-xrd-global.cern.ch//store/mc/Run3Summer22EENanoAODv12/DYto2L-2Jets_MLL-50_TuneCP5_13p6TeV_amcatnloFXFX-pythia8/NANOAODSIM/130X_mcRun3_2022_realistic_postEE_v6_ext1-v1/2540000/04f532b7-1de7-4474-9dcc-aba2dffaebd9.root - SumOfGenWeight: 16837396944.759996 
[2025-11-08 10:00:11.145] [main] [info] Output directory: /eos/user/j/jiahua/MC_2022EE_inc/DYto2L-2Jets_MLL-50_amcatnloFXFX_22EE_ext1-v1/04f532b7-1de7-4474-9dcc-aba2dffaebd9.root
[2025-11-08 10:00:11.146] [main] [info] Starting Setup of Dataframe with 942946 events
[2025-11-08 10:01:08.904] [main] [info] Finished Setup
[2025-11-08 10:01:08.904] [main] [info] Runtime for setup (real time: 57.76, CPU time: 53.13)
[2025-11-08 10:01:08.904] [main] [info] Starting Evaluation
[2025-11-08 10:01:35.794] [main] [info] 10000 / 942946 (1.06 %) Events processed ...
[2025-11-08 10:01:36.968] [main] [info] 20000 / 942946 (2.12 %) Events processed ...
[2025-11-08 10:01:38.416] [main] [info] 30000 / 942946 (3.18 %) Events processed ...
[2025-11-08 10:01:39.867] [main] [info] 40000 / 942946 (4.24 %) Events processed ...
[2025-11-08 10:02:05.154] [main] [info] 50000 / 942946 (5.30 %) Events processed ...
[2025-11-08 10:02:06.445] [main] [info] 60000 / 942946 (6.36 %) Events processed ...
[2025-11-08 10:02:08.221] [main] [info] 70000 / 942946 (7.42 %) Events processed ...
[2025-11-08 10:02:09.757] [main] [info] 80000 / 942946 (8.48 %) Events processed ...
[2025-11-08 10:02:26.854] [main] [info] 90000 / 942946 (9.54 %) Events processed ...
[2025-11-08 10:02:28.389] [main] [info] 100000 / 942946 (10.61 %) Events processed ...
[2025-11-08 10:02:29.731] [main] [info] 110000 / 942946 (11.67 %) Events processed ...
[2025-11-08 10:02:31.381] [main] [info] 120000 / 942946 (12.73 %) Events processed ...
[2025-11-08 10:02:48.399] [main] [info] 130000 / 942946 (13.79 %) Events processed ...
[2025-11-08 10:02:49.612] [main] [info] 140000 / 942946 (14.85 %) Events processed ...
[2025-11-08 10:02:51.004] [main] [info] 150000 / 942946 (15.91 %) Events processed ...
[2025-11-08 10:02:52.605] [main] [info] 160000 / 942946 (16.97 %) Events processed ...
[2025-11-08 10:03:07.403] [main] [info] 170000 / 942946 (18.03 %) Events processed ...
[2025-11-08 10:03:09.113] [main] [info] 180000 / 942946 (19.09 %) Events processed ...
[2025-11-08 10:03:10.878] [main] [info] 190000 / 942946 (20.15 %) Events processed ...
[2025-11-08 10:03:12.326] [main] [info] 200000 / 942946 (21.21 %) Events processed ...
[2025-11-08 10:03:29.148] [main] [info] 210000 / 942946 (22.27 %) Events processed ...
[2025-11-08 10:03:30.408] [main] [info] 220000 / 942946 (23.33 %) Events processed ...
[2025-11-08 10:03:31.728] [main] [info] 230000 / 942946 (24.39 %) Events processed ...
[2025-11-08 10:03:32.950] [main] [info] 240000 / 942946 (25.45 %) Events processed ...
[2025-11-08 10:03:50.698] [main] [info] 250000 / 942946 (26.51 %) Events processed ...
[2025-11-08 10:03:52.213] [main] [info] 260000 / 942946 (27.57 %) Events processed ...
[2025-11-08 10:03:53.470] [main] [info] 270000 / 942946 (28.63 %) Events processed ...
[2025-11-08 10:03:55.359] [main] [info] 280000 / 942946 (29.69 %) Events processed ...
[2025-11-08 10:04:13.215] [main] [info] 290000 / 942946 (30.75 %) Events processed ...
[2025-11-08 10:04:14.884] [main] [info] 300000 / 942946 (31.82 %) Events processed ...
[2025-11-08 10:04:16.138] [main] [info] 310000 / 942946 (32.88 %) Events processed ...
[2025-11-08 10:04:17.459] [main] [info] 320000 / 942946 (33.94 %) Events processed ...
[2025-11-08 10:04:33.221] [main] [info] 330000 / 942946 (35.00 %) Events processed ...
[2025-11-08 10:04:34.825] [main] [info] 340000 / 942946 (36.06 %) Events processed ...
[2025-11-08 10:04:36.378] [main] [info] 350000 / 942946 (37.12 %) Events processed ...
[2025-11-08 10:04:38.081] [main] [info] 360000 / 942946 (38.18 %) Events processed ...
[2025-11-08 10:04:39.562] [main] [info] 370000 / 942946 (39.24 %) Events processed ...
[2025-11-08 10:04:56.882] [main] [info] 380000 / 942946 (40.30 %) Events processed ...
[2025-11-08 10:04:58.396] [main] [info] 390000 / 942946 (41.36 %) Events processed ...
[2025-11-08 10:04:59.771] [main] [info] 400000 / 942946 (42.42 %) Events processed ...
[2025-11-08 10:05:01.337] [main] [info] 410000 / 942946 (43.48 %) Events processed ...
[2025-11-08 10:05:18.338] [main] [info] 420000 / 942946 (44.54 %) Events processed ...
[2025-11-08 10:05:19.560] [main] [info] 430000 / 942946 (45.60 %) Events processed ...
[2025-11-08 10:05:20.881] [main] [info] 440000 / 942946 (46.66 %) Events processed ...
[2025-11-08 10:05:22.503] [main] [info] 450000 / 942946 (47.72 %) Events processed ...
[2025-11-08 10:05:38.154] [main] [info] 460000 / 942946 (48.78 %) Events processed ...
[2025-11-08 10:05:39.704] [main] [info] 470000 / 942946 (49.84 %) Events processed ...
[2025-11-08 10:05:41.356] [main] [info] 480000 / 942946 (50.90 %) Events processed ...
[2025-11-08 10:05:42.513] [main] [info] 490000 / 942946 (51.96 %) Events processed ...
[2025-11-08 10:05:57.862] [main] [info] 500000 / 942946 (53.03 %) Events processed ...
[2025-11-08 10:05:59.627] [main] [info] 510000 / 942946 (54.09 %) Events processed ...
[2025-11-08 10:06:00.952] [main] [info] 520000 / 942946 (55.15 %) Events processed ...
[2025-11-08 10:06:02.054] [main] [info] 530000 / 942946 (56.21 %) Events processed ...
[2025-11-08 10:06:18.471] [main] [info] 540000 / 942946 (57.27 %) Events processed ...
[2025-11-08 10:06:20.107] [main] [info] 550000 / 942946 (58.33 %) Events processed ...
[2025-11-08 10:06:21.220] [main] [info] 560000 / 942946 (59.39 %) Events processed ...
[2025-11-08 10:06:22.801] [main] [info] 570000 / 942946 (60.45 %) Events processed ...
[2025-11-08 10:06:38.594] [main] [info] 580000 / 942946 (61.51 %) Events processed ...
[2025-11-08 10:06:39.791] [main] [info] 590000 / 942946 (62.57 %) Events processed ...
[2025-11-08 10:06:40.992] [main] [info] 600000 / 942946 (63.63 %) Events processed ...
[2025-11-08 10:06:42.760] [main] [info] 610000 / 942946 (64.69 %) Events processed ...
[2025-11-08 10:06:59.263] [main] [info] 620000 / 942946 (65.75 %) Events processed ...
[2025-11-08 10:07:00.776] [main] [info] 630000 / 942946 (66.81 %) Events processed ...
[2025-11-08 10:07:01.953] [main] [info] 640000 / 942946 (67.87 %) Events processed ...
[2025-11-08 10:07:03.289] [main] [info] 650000 / 942946 (68.93 %) Events processed ...
[2025-11-08 10:07:17.578] [main] [info] 660000 / 942946 (69.99 %) Events processed ...
[2025-11-08 10:07:19.243] [main] [info] 670000 / 942946 (71.05 %) Events processed ...
[2025-11-08 10:07:20.835] [main] [info] 680000 / 942946 (72.11 %) Events processed ...
[2025-11-08 10:07:21.955] [main] [info] 690000 / 942946 (73.17 %) Events processed ...
[2025-11-08 10:07:37.380] [main] [info] 700000 / 942946 (74.24 %) Events processed ...
[2025-11-08 10:07:38.896] [main] [info] 710000 / 942946 (75.30 %) Events processed ...
[2025-11-08 10:07:40.464] [main] [info] 720000 / 942946 (76.36 %) Events processed ...
[2025-11-08 10:07:41.878] [main] [info] 730000 / 942946 (77.42 %) Events processed ...
[2025-11-08 10:07:43.093] [main] [info] 740000 / 942946 (78.48 %) Events processed ...
[2025-11-08 10:07:58.342] [main] [info] 750000 / 942946 (79.54 %) Events processed ...
[2025-11-08 10:08:00.127] [main] [info] 760000 / 942946 (80.60 %) Events processed ...
[2025-11-08 10:08:01.915] [main] [info] 770000 / 942946 (81.66 %) Events processed ...
[2025-11-08 10:08:03.662] [main] [info] 780000 / 942946 (82.72 %) Events processed ...
[2025-11-08 10:08:17.438] [main] [info] 790000 / 942946 (83.78 %) Events processed ...
[2025-11-08 10:08:18.824] [main] [info] 800000 / 942946 (84.84 %) Events processed ...
[2025-11-08 10:08:19.954] [main] [info] 810000 / 942946 (85.90 %) Events processed ...
[2025-11-08 10:08:21.525] [main] [info] 820000 / 942946 (86.96 %) Events processed ...
[2025-11-08 10:08:34.566] [main] [info] 830000 / 942946 (88.02 %) Events processed ...
[2025-11-08 10:08:35.745] [main] [info] 840000 / 942946 (89.08 %) Events processed ...
[2025-11-08 10:08:36.746] [main] [info] 850000 / 942946 (90.14 %) Events processed ...
[2025-11-08 10:08:37.851] [main] [info] 860000 / 942946 (91.20 %) Events processed ...
[2025-11-08 10:08:49.191] [main] [info] 870000 / 942946 (92.26 %) Events processed ...
[2025-11-08 10:08:50.450] [main] [info] 880000 / 942946 (93.32 %) Events processed ...
[2025-11-08 10:08:51.746] [main] [info] 890000 / 942946 (94.39 %) Events processed ...
[2025-11-08 10:08:52.918] [main] [info] 900000 / 942946 (95.45 %) Events processed ...
[2025-11-08 10:09:02.851] [main] [info] 910000 / 942946 (96.51 %) Events processed ...
[2025-11-08 10:09:04.122] [main] [info] 920000 / 942946 (97.57 %) Events processed ...
[2025-11-08 10:09:05.427] [main] [info] 930000 / 942946 (98.63 %) Events processed ...
[2025-11-08 10:09:06.690] [main] [info] 940000 / 942946 (99.69 %) Events processed ...
[2025-11-08 10:09:07.507] [main] [info] vbfhmm:
Flag_goodVertices: pass=942946     all=942946     -- eff=100.00 % cumulative eff=100.00 %
Flag_globalSuperTightHalo2016Filter: pass=942887     all=942946     -- eff=99.99 % cumulative eff=99.99 %
Flag_EcalDeadCellTriggerPrimitiveFilter: pass=942878     all=942887     -- eff=100.00 % cumulative eff=99.99 %
Flag_BadPFMuonFilter: pass=942844     all=942878     -- eff=100.00 % cumulative eff=99.99 %
Flag_BadPFMuonDzFilter: pass=942833     all=942844     -- eff=100.00 % cumulative eff=99.99 %
Flag_eeBadScFilter: pass=942833     all=942833     -- eff=100.00 % cumulative eff=99.99 %
Flag_ecalBadCalibFilter: pass=942739     all=942833     -- eff=99.99 % cumulative eff=99.98 %
Flag_hfNoisyHitsFilter: pass=942678     all=942739     -- eff=99.99 % cumulative eff=99.97 %
Number of muons 2: pass=116223     all=942678     -- eff=12.33 % cumulative eff=12.33 %
DiMuon From Higgs: pass=111559     all=116223     -- eff=95.99 % cumulative eff=11.83 %
LeptonChargeSum: pass=111536     all=111559     -- eff=99.98 % cumulative eff=11.83 %
[2025-11-08 10:09:07.783] [main] [info] Writing quantities map to /eos/user/j/jiahua/MC_2022EE_inc/DYto2L-2Jets_MLL-50_amcatnloFXFX_22EE_ext1-v1/04f532b7-1de7-4474-9dcc-aba2dffaebd9_vbfhmm.root
[2025-11-08 10:09:08.245] [main] [info] Finished Evaluation
[2025-11-08 10:09:08.245] [main] [info] Overall runtime (real time: 537.10, CPU time: 194.01)
