000 (12769438.094.000) 11/08 09:48:57 Job submitted from host: <188.185.121.235:9618?addrs=188.185.121.235-9618+[2001-1458-d00-49--100-36e]-9618&alias=bigbird22.cern.ch&noUDP&sock=schedd_232129_c3ca>
...
040 (12769438.094.000) 11/08 10:20:46 Started transferring input files
	Transferring to host: <188.185.209.179:9618?addrs=188.185.209.179-9618+[2001-1458-303-12--100-30]-9618&alias=b9p12p8505.cern.ch&noUDP&sock=slot1_50_5918_842a_45408>
...
040 (12769438.094.000) 11/08 10:20:46 Finished transferring input files
...
001 (12769438.094.000) 11/08 10:20:47 Job executing on host: <188.185.209.179:9618?addrs=188.185.209.179-9618+[2001-1458-303-12--100-30]-9618&alias=b9p12p8505.cern.ch&noUDP&sock=startd_4923_58d4>
	SlotName: slot1_50@b9p12p8505.cern.ch
	CondorScratchDir = "/pool/condor/dir_178630"
	Cpus = 1
	Disk = 15211
	GPUs = 0
	Memory = 3000
...
006 (12769438.094.000) 11/08 10:21:01 Image size of job updated: 97536
	96  -  MemoryUsage of job (MB)
	97536  -  ResidentSetSize of job (KB)
...
006 (12769438.094.000) 11/08 10:22:19 Image size of job updated: 432728
	96  -  MemoryUsage of job (MB)
	97536  -  ResidentSetSize of job (KB)
...
040 (12769438.094.000) 11/08 10:22:19 Started transferring output files
...
040 (12769438.094.000) 11/08 10:22:19 Finished transferring output files
...
005 (12769438.094.000) 11/08 10:22:19 Job terminated.
	(1) Normal termination (return value 0)
		Usr 0 00:01:15, Sys 0 00:00:03  -  Run Remote Usage
		Usr 0 00:00:00, Sys 0 00:00:00  -  Run Local Usage
		Usr 0 00:01:15, Sys 0 00:00:03  -  Total Remote Usage
		Usr 0 00:00:00, Sys 0 00:00:00  -  Total Local Usage
	9658  -  Run Bytes Sent By Job
	11220238  -  Run Bytes Received By Job
	9658  -  Total Bytes Sent By Job
	11220238  -  Total Bytes Received By Job
	Partitionable Resources :    Usage  Request Allocated 
	   Cpus                 :        0        1         1 
	   Disk (KB)            :    10990    12500     15211 
	   GPUs                 :                           0 
	   Memory (MB)          :       96     3000      3000 
	   TimeExecute (s)      :       92                    
	   TimeSlotBusy (s)     :       93                    

	Job terminated of its own accord at 2025-11-08T09:22:19Z with exit-code 0.
...
