Starting job on \n
Running on: Linux b9g34p2113.cern.ch 5.14.0-570.42.2.el9_6.x86_64 #1 SMP PREEMPT_DYNAMIC Mon Sep 8 12:15:13 EDT 2025 x86_64 x86_64 x86_64 GNU/Linux\n
System software: Red Hat Enterprise Linux release 9.6 (Plow)\n
Setting up CROWN for RedHatEnterprise Version 9.6
subject   : /DC=ch/DC=cern/OU=Organic Units/OU=Users/CN=jiahua/CN=851532/CN=Jiahua Chen/CN=1735721823
issuer    : /DC=ch/DC=cern/OU=Organic Units/OU=Users/CN=jiahua/CN=851532/CN=Jiahua Chen
identity  : /DC=ch/DC=cern/OU=Organic Units/OU=Users/CN=jiahua/CN=851532/CN=Jiahua Chen
type      : RFC compliant proxy
strength  : 2048 bits
path      : /afs/cern.ch/user/j/jiahua/proxy/x509up_u139833
timeleft  : 197:40:39
key usage : Digital Signature, Key Encipherment
=== VO cms extension information ===
VO        : cms
subject   : /DC=ch/DC=cern/OU=Organic Units/OU=Users/CN=jiahua/CN=851532/CN=Jiahua Chen
issuer    : /DC=ch/DC=cern/OU=computers/CN=cms-auth.cern.ch
attribute : /cms/Role=NULL/Capability=NULL
timeleft  : 189:40:39
uri       : voms-cms-auth.cern.ch:15000
subject   : /DC=ch/DC=cern/OU=Organic Units/OU=Users/CN=jiahua/CN=851532/CN=Jiahua Chen/CN=1735721823
issuer    : /DC=ch/DC=cern/OU=Organic Units/OU=Users/CN=jiahua/CN=851532/CN=Jiahua Chen
identity  : /DC=ch/DC=cern/OU=Organic Units/OU=Users/CN=jiahua/CN=851532/CN=Jiahua Chen
type      : RFC compliant proxy
strength  : 2048 bits
path      : /afs/cern.ch/user/j/jiahua/proxy/x509up_u139833
timeleft  : 197:40:39
key usage : Digital Signature, Key Encipherment
=== VO cms extension information ===
VO        : cms
subject   : /DC=ch/DC=cern/OU=Organic Units/OU=Users/CN=jiahua/CN=851532/CN=Jiahua Chen
issuer    : /DC=ch/DC=cern/OU=computers/CN=cms-auth.cern.ch
attribute : /cms/Role=NULL/Capability=NULL
timeleft  : 189:40:39
uri       : voms-cms-auth.cern.ch:15000
/eos/user/j/jiahua/MC_2022EE_inc/DYto2L-2Jets_MLL-50_amcatnloFXFX_22EE_ext1-v1/87f0e14c-dc28-4073-afee-603799051c77.root
[2025-11-08 09:58:19.412] [main] [info] Checking input files
[2025-11-08 09:58:24.229] [main] [info] NanoAOD input_file 1: root://cms-xrd-global.cern.ch//store/mc/Run3Summer22EENanoAODv12/DYto2L-2Jets_MLL-50_TuneCP5_13p6TeV_amcatnloFXFX-pythia8/NANOAODSIM/130X_mcRun3_2022_realistic_postEE_v6_ext1-v1/70000/87f0e14c-dc28-4073-afee-603799051c77.root - 1044 Events
[2025-11-08 09:58:24.287] [main] [info] input_file 1: root://cms-xrd-global.cern.ch//store/mc/Run3Summer22EENanoAODv12/DYto2L-2Jets_MLL-50_TuneCP5_13p6TeV_amcatnloFXFX-pythia8/NANOAODSIM/130X_mcRun3_2022_realistic_postEE_v6_ext1-v1/70000/87f0e14c-dc28-4073-afee-603799051c77.root - SumOfGenWeight: 18853128.448 
[2025-11-08 09:58:24.287] [main] [info] Output directory: /eos/user/j/jiahua/MC_2022EE_inc/DYto2L-2Jets_MLL-50_amcatnloFXFX_22EE_ext1-v1/87f0e14c-dc28-4073-afee-603799051c77.root
[2025-11-08 09:58:24.300] [main] [info] Starting Setup of Dataframe with 1044 events
[2025-11-08 09:59:35.092] [main] [info] Finished Setup
[2025-11-08 09:59:35.092] [main] [info] Runtime for setup (real time: 70.80, CPU time: 67.38)
[2025-11-08 09:59:35.092] [main] [info] Starting Evaluation
[2025-11-08 09:59:47.181] [main] [info] vbfhmm:
Flag_goodVertices: pass=1044       all=1044       -- eff=100.00 % cumulative eff=100.00 %
Flag_globalSuperTightHalo2016Filter: pass=1044       all=1044       -- eff=100.00 % cumulative eff=100.00 %
Flag_EcalDeadCellTriggerPrimitiveFilter: pass=1044       all=1044       -- eff=100.00 % cumulative eff=100.00 %
Flag_BadPFMuonFilter: pass=1044       all=1044       -- eff=100.00 % cumulative eff=100.00 %
Flag_BadPFMuonDzFilter: pass=1044       all=1044       -- eff=100.00 % cumulative eff=100.00 %
Flag_eeBadScFilter: pass=1044       all=1044       -- eff=100.00 % cumulative eff=100.00 %
Flag_ecalBadCalibFilter: pass=1044       all=1044       -- eff=100.00 % cumulative eff=100.00 %
Flag_hfNoisyHitsFilter: pass=1044       all=1044       -- eff=100.00 % cumulative eff=100.00 %
Number of muons 2: pass=125        all=1044       -- eff=11.97 % cumulative eff=11.97 %
DiMuon From Higgs: pass=118        all=125        -- eff=94.40 % cumulative eff=11.30 %
LeptonChargeSum: pass=118        all=118        -- eff=100.00 % cumulative eff=11.30 %
[2025-11-08 09:59:47.359] [main] [info] Writing quantities map to /eos/user/j/jiahua/MC_2022EE_inc/DYto2L-2Jets_MLL-50_amcatnloFXFX_22EE_ext1-v1/87f0e14c-dc28-4073-afee-603799051c77_vbfhmm.root
[2025-11-08 09:59:47.422] [main] [info] Finished Evaluation
[2025-11-08 09:59:47.422] [main] [info] Overall runtime (real time: 83.13, CPU time: 78.04)
