000 (12769421.274.000) 11/08 09:48:26 Job submitted from host: <188.185.121.235:9618?addrs=188.185.121.235-9618+[2001-1458-d00-49--100-36e]-9618&alias=bigbird22.cern.ch&noUDP&sock=schedd_232129_c3ca>
...
040 (12769421.274.000) 11/08 09:59:39 Started transferring input files
	Transferring to host: <188.185.195.43:9618?addrs=188.185.195.43-9618+[2001-1458-303-22--100-27]-9618&alias=b9p17p6437.cern.ch&noUDP&sock=slot1_32_5579_a8fc_46118>
...
040 (12769421.274.000) 11/08 09:59:39 Finished transferring input files
...
001 (12769421.274.000) 11/08 09:59:40 Job executing on host: <188.185.195.43:9618?addrs=188.185.195.43-9618+[2001-1458-303-22--100-27]-9618&alias=b9p17p6437.cern.ch&noUDP&sock=startd_4497_257c>
	SlotName: slot1_32@b9p17p6437.cern.ch
	CondorScratchDir = "/pool/condor/dir_1981238"
	Cpus = 1
	Disk = 16126
	GPUs = 0
	Memory = 3000
...
006 (12769421.274.000) 11/08 09:59:53 Image size of job updated: 95396
	94  -  MemoryUsage of job (MB)
	95396  -  ResidentSetSize of job (KB)
...
006 (12769421.274.000) 11/08 10:04:53 Image size of job updated: 463236
	453  -  MemoryUsage of job (MB)
	463236  -  ResidentSetSize of job (KB)
...
006 (12769421.274.000) 11/08 10:05:37 Image size of job updated: 545128
	453  -  MemoryUsage of job (MB)
	463236  -  ResidentSetSize of job (KB)
...
040 (12769421.274.000) 11/08 10:05:37 Started transferring output files
...
040 (12769421.274.000) 11/08 10:05:37 Finished transferring output files
...
005 (12769421.274.000) 11/08 10:05:37 Job terminated.
	(1) Normal termination (return value 0)
		Usr 0 00:05:05, Sys 0 00:00:06  -  Run Remote Usage
		Usr 0 00:00:00, Sys 0 00:00:00  -  Run Local Usage
		Usr 0 00:05:05, Sys 0 00:00:06  -  Total Remote Usage
		Usr 0 00:00:00, Sys 0 00:00:00  -  Total Local Usage
	17392  -  Run Bytes Sent By Job
	11220238  -  Run Bytes Received By Job
	17392  -  Total Bytes Sent By Job
	11220238  -  Total Bytes Received By Job
	Partitionable Resources :    Usage  Request Allocated 
	   Cpus                 :     0.77        1         1 
	   Disk (KB)            : 10998       12500     16126 
	   GPUs                 :                           0 
	   Memory (MB)          :   453        3000      3000 
	   TimeExecute (s)      :   357                       
	   TimeSlotBusy (s)     :   359                       

	Job terminated of its own accord at 2025-11-08T09:05:37Z with exit-code 0.
...
