Starting job on \n
Running on: Linux b9p21p5545.cern.ch 5.14.0-570.44.1.el9_6.x86_64 #1 SMP PREEMPT_DYNAMIC Tue Sep 9 05:17:30 EDT 2025 x86_64 x86_64 x86_64 GNU/Linux\n
System software: Red Hat Enterprise Linux release 9.6 (Plow)\n
Setting up CROWN for RedHatEnterprise Version 9.6
subject   : /DC=ch/DC=cern/OU=Organic Units/OU=Users/CN=jiahua/CN=851532/CN=Jiahua Chen/CN=1735721823
issuer    : /DC=ch/DC=cern/OU=Organic Units/OU=Users/CN=jiahua/CN=851532/CN=Jiahua Chen
identity  : /DC=ch/DC=cern/OU=Organic Units/OU=Users/CN=jiahua/CN=851532/CN=Jiahua Chen
type      : RFC compliant proxy
strength  : 2048 bits
path      : /afs/cern.ch/user/j/jiahua/proxy/x509up_u139833
timeleft  : 197:16:24
key usage : Digital Signature, Key Encipherment
=== VO cms extension information ===
VO        : cms
subject   : /DC=ch/DC=cern/OU=Organic Units/OU=Users/CN=jiahua/CN=851532/CN=Jiahua Chen
issuer    : /DC=ch/DC=cern/OU=computers/CN=cms-auth.cern.ch
attribute : /cms/Role=NULL/Capability=NULL
timeleft  : 189:16:24
uri       : voms-cms-auth.cern.ch:15000
subject   : /DC=ch/DC=cern/OU=Organic Units/OU=Users/CN=jiahua/CN=851532/CN=Jiahua Chen/CN=1735721823
issuer    : /DC=ch/DC=cern/OU=Organic Units/OU=Users/CN=jiahua/CN=851532/CN=Jiahua Chen
identity  : /DC=ch/DC=cern/OU=Organic Units/OU=Users/CN=jiahua/CN=851532/CN=Jiahua Chen
type      : RFC compliant proxy
strength  : 2048 bits
path      : /afs/cern.ch/user/j/jiahua/proxy/x509up_u139833
timeleft  : 197:16:24
key usage : Digital Signature, Key Encipherment
=== VO cms extension information ===
VO        : cms
subject   : /DC=ch/DC=cern/OU=Organic Units/OU=Users/CN=jiahua/CN=851532/CN=Jiahua Chen
issuer    : /DC=ch/DC=cern/OU=computers/CN=cms-auth.cern.ch
attribute : /cms/Role=NULL/Capability=NULL
timeleft  : 189:16:24
uri       : voms-cms-auth.cern.ch:15000
/eos/user/j/jiahua/MC_2022EE_inc/Muon_UL22F-19Dec2023-v1/62e8d243-90df-44a1-a60b-ab228359b915.root
[2025-11-08 10:22:34.368] [main] [info] Checking input files
[2025-11-08 10:22:38.475] [main] [info] NanoAOD input_file 1: root://cms-xrd-global.cern.ch//store/data/Run2022F/Muon/NANOAOD/19Dec2023-v1/2560000/62e8d243-90df-44a1-a60b-ab228359b915.root - 994825 Events
[2025-11-08 10:22:38.476] [main] [info] input_file 1: root://cms-xrd-global.cern.ch//store/data/Run2022F/Muon/NANOAOD/19Dec2023-v1/2560000/62e8d243-90df-44a1-a60b-ab228359b915.root - SumOfGenWeight: 4.867253128611456e-309 
[2025-11-08 10:22:38.476] [main] [info] Output directory: /eos/user/j/jiahua/MC_2022EE_inc/Muon_UL22F-19Dec2023-v1/62e8d243-90df-44a1-a60b-ab228359b915.root
[2025-11-08 10:22:38.476] [main] [info] Starting Setup of Dataframe with 994825 events
[2025-11-08 10:22:42.098] [main] [info] Finished Setup
[2025-11-08 10:22:42.098] [main] [info] Runtime for setup (real time: 3.62, CPU time: 3.13)
[2025-11-08 10:22:42.098] [main] [info] Starting Evaluation
[2025-11-08 10:22:48.331] [main] [info] 10000 / 994825 (1.01 %) Events processed ...
[2025-11-08 10:22:48.534] [main] [info] 20000 / 994825 (2.01 %) Events processed ...
[2025-11-08 10:22:48.734] [main] [info] 30000 / 994825 (3.02 %) Events processed ...
[2025-11-08 10:22:49.043] [main] [info] 40000 / 994825 (4.02 %) Events processed ...
[2025-11-08 10:22:49.242] [main] [info] 50000 / 994825 (5.03 %) Events processed ...
[2025-11-08 10:22:49.439] [main] [info] 60000 / 994825 (6.03 %) Events processed ...
[2025-11-08 10:22:49.635] [main] [info] 70000 / 994825 (7.04 %) Events processed ...
[2025-11-08 10:22:50.571] [main] [info] 80000 / 994825 (8.04 %) Events processed ...
[2025-11-08 10:22:50.767] [main] [info] 90000 / 994825 (9.05 %) Events processed ...
[2025-11-08 10:22:50.962] [main] [info] 100000 / 994825 (10.05 %) Events processed ...
[2025-11-08 10:22:51.158] [main] [info] 110000 / 994825 (11.06 %) Events processed ...
[2025-11-08 10:22:51.430] [main] [info] 120000 / 994825 (12.06 %) Events processed ...
[2025-11-08 10:22:51.571] [main] [info] 130000 / 994825 (13.07 %) Events processed ...
[2025-11-08 10:22:51.754] [main] [info] 140000 / 994825 (14.07 %) Events processed ...
[2025-11-08 10:22:52.802] [main] [info] 150000 / 994825 (15.08 %) Events processed ...
[2025-11-08 10:22:53.063] [main] [info] 160000 / 994825 (16.08 %) Events processed ...
[2025-11-08 10:22:53.244] [main] [info] 170000 / 994825 (17.09 %) Events processed ...
[2025-11-08 10:22:53.422] [main] [info] 180000 / 994825 (18.09 %) Events processed ...
[2025-11-08 10:22:53.718] [main] [info] 190000 / 994825 (19.10 %) Events processed ...
[2025-11-08 10:22:53.918] [main] [info] 200000 / 994825 (20.10 %) Events processed ...
[2025-11-08 10:22:54.107] [main] [info] 210000 / 994825 (21.11 %) Events processed ...
[2025-11-08 10:22:54.579] [main] [info] 220000 / 994825 (22.11 %) Events processed ...
[2025-11-08 10:22:54.899] [main] [info] 230000 / 994825 (23.12 %) Events processed ...
[2025-11-08 10:22:55.107] [main] [info] 240000 / 994825 (24.12 %) Events processed ...
[2025-11-08 10:22:55.310] [main] [info] 250000 / 994825 (25.13 %) Events processed ...
[2025-11-08 10:22:55.523] [main] [info] 260000 / 994825 (26.14 %) Events processed ...
[2025-11-08 10:22:55.924] [main] [info] 270000 / 994825 (27.14 %) Events processed ...
[2025-11-08 10:22:56.497] [main] [info] 280000 / 994825 (28.15 %) Events processed ...
[2025-11-08 10:22:56.703] [main] [info] 290000 / 994825 (29.15 %) Events processed ...
[2025-11-08 10:22:56.920] [main] [info] 300000 / 994825 (30.16 %) Events processed ...
[2025-11-08 10:22:57.233] [main] [info] 310000 / 994825 (31.16 %) Events processed ...
[2025-11-08 10:22:57.427] [main] [info] 320000 / 994825 (32.17 %) Events processed ...
[2025-11-08 10:22:57.626] [main] [info] 330000 / 994825 (33.17 %) Events processed ...
[2025-11-08 10:22:57.843] [main] [info] 340000 / 994825 (34.18 %) Events processed ...
[2025-11-08 10:22:58.578] [main] [info] 350000 / 994825 (35.18 %) Events processed ...
[2025-11-08 10:22:58.777] [main] [info] 360000 / 994825 (36.19 %) Events processed ...
[2025-11-08 10:22:58.976] [main] [info] 370000 / 994825 (37.19 %) Events processed ...
[2025-11-08 10:22:59.293] [main] [info] 380000 / 994825 (38.20 %) Events processed ...
[2025-11-08 10:22:59.491] [main] [info] 390000 / 994825 (39.20 %) Events processed ...
[2025-11-08 10:22:59.680] [main] [info] 400000 / 994825 (40.21 %) Events processed ...
[2025-11-08 10:22:59.888] [main] [info] 410000 / 994825 (41.21 %) Events processed ...
[2025-11-08 10:23:00.928] [main] [info] 420000 / 994825 (42.22 %) Events processed ...
[2025-11-08 10:23:01.064] [main] [info] 430000 / 994825 (43.22 %) Events processed ...
[2025-11-08 10:23:01.201] [main] [info] 440000 / 994825 (44.23 %) Events processed ...
[2025-11-08 10:23:01.348] [main] [info] 450000 / 994825 (45.23 %) Events processed ...
[2025-11-08 10:23:01.569] [main] [info] 460000 / 994825 (46.24 %) Events processed ...
[2025-11-08 10:23:01.709] [main] [info] 470000 / 994825 (47.24 %) Events processed ...
[2025-11-08 10:23:01.850] [main] [info] 480000 / 994825 (48.25 %) Events processed ...
[2025-11-08 10:23:02.393] [main] [info] 490000 / 994825 (49.25 %) Events processed ...
[2025-11-08 10:23:02.697] [main] [info] 500000 / 994825 (50.26 %) Events processed ...
[2025-11-08 10:23:02.896] [main] [info] 510000 / 994825 (51.27 %) Events processed ...
[2025-11-08 10:23:03.093] [main] [info] 520000 / 994825 (52.27 %) Events processed ...
[2025-11-08 10:23:03.374] [main] [info] 530000 / 994825 (53.28 %) Events processed ...
[2025-11-08 10:23:03.677] [main] [info] 540000 / 994825 (54.28 %) Events processed ...
[2025-11-08 10:23:03.878] [main] [info] 550000 / 994825 (55.29 %) Events processed ...
[2025-11-08 10:23:04.640] [main] [info] 560000 / 994825 (56.29 %) Events processed ...
[2025-11-08 10:23:04.943] [main] [info] 570000 / 994825 (57.30 %) Events processed ...
[2025-11-08 10:23:05.088] [main] [info] 580000 / 994825 (58.30 %) Events processed ...
[2025-11-08 10:23:05.238] [main] [info] 590000 / 994825 (59.31 %) Events processed ...
[2025-11-08 10:23:05.423] [main] [info] 600000 / 994825 (60.31 %) Events processed ...
[2025-11-08 10:23:05.718] [main] [info] 610000 / 994825 (61.32 %) Events processed ...
[2025-11-08 10:23:05.907] [main] [info] 620000 / 994825 (62.32 %) Events processed ...
[2025-11-08 10:23:06.431] [main] [info] 630000 / 994825 (63.33 %) Events processed ...
[2025-11-08 10:23:06.638] [main] [info] 640000 / 994825 (64.33 %) Events processed ...
[2025-11-08 10:23:06.936] [main] [info] 650000 / 994825 (65.34 %) Events processed ...
[2025-11-08 10:23:07.151] [main] [info] 660000 / 994825 (66.34 %) Events processed ...
[2025-11-08 10:23:07.345] [main] [info] 670000 / 994825 (67.35 %) Events processed ...
[2025-11-08 10:23:07.542] [main] [info] 680000 / 994825 (68.35 %) Events processed ...
[2025-11-08 10:23:08.132] [main] [info] 690000 / 994825 (69.36 %) Events processed ...
[2025-11-08 10:23:08.337] [main] [info] 700000 / 994825 (70.36 %) Events processed ...
[2025-11-08 10:23:08.550] [main] [info] 710000 / 994825 (71.37 %) Events processed ...
[2025-11-08 10:23:08.767] [main] [info] 720000 / 994825 (72.37 %) Events processed ...
[2025-11-08 10:23:09.088] [main] [info] 730000 / 994825 (73.38 %) Events processed ...
[2025-11-08 10:23:09.289] [main] [info] 740000 / 994825 (74.38 %) Events processed ...
[2025-11-08 10:23:09.502] [main] [info] 750000 / 994825 (75.39 %) Events processed ...
[2025-11-08 10:23:10.279] [main] [info] 760000 / 994825 (76.40 %) Events processed ...
[2025-11-08 10:23:10.485] [main] [info] 770000 / 994825 (77.40 %) Events processed ...
[2025-11-08 10:23:10.688] [main] [info] 780000 / 994825 (78.41 %) Events processed ...
[2025-11-08 10:23:10.959] [main] [info] 790000 / 994825 (79.41 %) Events processed ...
[2025-11-08 10:23:11.295] [main] [info] 800000 / 994825 (80.42 %) Events processed ...
[2025-11-08 10:23:11.502] [main] [info] 810000 / 994825 (81.42 %) Events processed ...
[2025-11-08 10:23:12.152] [main] [info] 820000 / 994825 (82.43 %) Events processed ...
[2025-11-08 10:23:12.326] [main] [info] 830000 / 994825 (83.43 %) Events processed ...
[2025-11-08 10:23:12.548] [main] [info] 840000 / 994825 (84.44 %) Events processed ...
[2025-11-08 10:23:12.687] [main] [info] 850000 / 994825 (85.44 %) Events processed ...
[2025-11-08 10:23:12.842] [main] [info] 860000 / 994825 (86.45 %) Events processed ...
[2025-11-08 10:23:13.046] [main] [info] 870000 / 994825 (87.45 %) Events processed ...
[2025-11-08 10:23:13.344] [main] [info] 880000 / 994825 (88.46 %) Events processed ...
[2025-11-08 10:23:14.011] [main] [info] 890000 / 994825 (89.46 %) Events processed ...
[2025-11-08 10:23:14.204] [main] [info] 900000 / 994825 (90.47 %) Events processed ...
[2025-11-08 10:23:14.405] [main] [info] 910000 / 994825 (91.47 %) Events processed ...
[2025-11-08 10:23:14.722] [main] [info] 920000 / 994825 (92.48 %) Events processed ...
[2025-11-08 10:23:14.864] [main] [info] 930000 / 994825 (93.48 %) Events processed ...
[2025-11-08 10:23:15.004] [main] [info] 940000 / 994825 (94.49 %) Events processed ...
[2025-11-08 10:23:15.235] [main] [info] 950000 / 994825 (95.49 %) Events processed ...
[2025-11-08 10:23:15.857] [main] [info] 960000 / 994825 (96.50 %) Events processed ...
[2025-11-08 10:23:16.033] [main] [info] 970000 / 994825 (97.50 %) Events processed ...
[2025-11-08 10:23:16.171] [main] [info] 980000 / 994825 (98.51 %) Events processed ...
[2025-11-08 10:23:16.380] [main] [info] 990000 / 994825 (99.51 %) Events processed ...
[2025-11-08 10:23:16.671] [main] [info] vbfhmm:
GoldenJSONFilter: pass=994825     all=994825     -- eff=100.00 % cumulative eff=100.00 %
Flag_goodVertices: pass=994178     all=994825     -- eff=99.93 % cumulative eff=99.93 %
Flag_globalSuperTightHalo2016Filter: pass=993913     all=994178     -- eff=99.97 % cumulative eff=99.91 %
Flag_EcalDeadCellTriggerPrimitiveFilter: pass=993872     all=993913     -- eff=100.00 % cumulative eff=99.90 %
Flag_BadPFMuonFilter: pass=993461     all=993872     -- eff=99.96 % cumulative eff=99.86 %
Flag_BadPFMuonDzFilter: pass=993295     all=993461     -- eff=99.98 % cumulative eff=99.85 %
Flag_eeBadScFilter: pass=993295     all=993295     -- eff=100.00 % cumulative eff=99.85 %
Flag_ecalBadCalibFilter: pass=993235     all=993295     -- eff=99.99 % cumulative eff=99.84 %
Flag_hfNoisyHitsFilter: pass=991759     all=993235     -- eff=99.85 % cumulative eff=99.69 %
Number of muons 2: pass=33452      all=991759     -- eff=3.37 % cumulative eff=3.36 %
DiMuon From Higgs: pass=30294      all=33452      -- eff=90.56 % cumulative eff=3.05 %
LeptonChargeSum: pass=30284      all=30294      -- eff=99.97 % cumulative eff=3.04 %
[2025-11-08 10:23:16.792] [main] [info] Writing quantities map to /eos/user/j/jiahua/MC_2022EE_inc/Muon_UL22F-19Dec2023-v1/62e8d243-90df-44a1-a60b-ab228359b915_vbfhmm.root
[2025-11-08 10:23:16.873] [main] [info] Finished Evaluation
[2025-11-08 10:23:16.873] [main] [info] Overall runtime (real time: 38.40, CPU time: 29.56)
