000 (12769440.201.000) 11/08 09:49:00 Job submitted from host: <188.185.121.235:9618?addrs=188.185.121.235-9618+[2001-1458-d00-49--100-36e]-9618&alias=bigbird22.cern.ch&noUDP&sock=schedd_232129_c3ca>
...
040 (12769440.201.000) 11/08 10:22:48 Started transferring input files
	Transferring to host: <128.142.196.38:9618?addrs=128.142.196.38-9618+[2001-1458-301-3c--100-24]-9618&alias=b9g32p1957.cern.ch&noUDP&sock=slot1_46_3254_7cbd_52259>
...
040 (12769440.201.000) 11/08 10:22:48 Finished transferring input files
...
001 (12769440.201.000) 11/08 10:22:49 Job executing on host: <128.142.196.38:9618?addrs=128.142.196.38-9618+[2001-1458-301-3c--100-24]-9618&alias=b9g32p1957.cern.ch&noUDP&sock=startd_2815_6f30>
	SlotName: slot1_46@b9g32p1957.cern.ch
	CondorScratchDir = "/pool/condor/dir_436715"
	Cpus = 1
	Disk = 12695
	GPUs = 0
	Memory = 3000
...
006 (12769440.201.000) 11/08 10:23:02 Image size of job updated: 117444
	115  -  MemoryUsage of job (MB)
	117444  -  ResidentSetSize of job (KB)
...
006 (12769440.201.000) 11/08 10:23:37 Image size of job updated: 253148
	115  -  MemoryUsage of job (MB)
	117444  -  ResidentSetSize of job (KB)
...
040 (12769440.201.000) 11/08 10:23:37 Started transferring output files
...
040 (12769440.201.000) 11/08 10:23:37 Finished transferring output files
...
005 (12769440.201.000) 11/08 10:23:37 Job terminated.
	(1) Normal termination (return value 0)
		Usr 0 00:00:32, Sys 0 00:00:02  -  Run Remote Usage
		Usr 0 00:00:00, Sys 0 00:00:00  -  Run Local Usage
		Usr 0 00:00:32, Sys 0 00:00:02  -  Total Remote Usage
		Usr 0 00:00:00, Sys 0 00:00:00  -  Total Local Usage
	17639  -  Run Bytes Sent By Job
	10104414  -  Run Bytes Received By Job
	17639  -  Total Bytes Sent By Job
	10104414  -  Total Bytes Received By Job
	Partitionable Resources :    Usage  Request Allocated 
	   Cpus                 :        0        1         1 
	   Disk (KB)            :     9908    10000     12695 
	   GPUs                 :                           0 
	   Memory (MB)          :      115     3000      3000 
	   TimeExecute (s)      :       48                    
	   TimeSlotBusy (s)     :       49                    

	Job terminated of its own accord at 2025-11-08T09:23:37Z with exit-code 0.
...
