000 (12769439.072.000) 11/08 09:48:58 Job submitted from host: <188.185.121.235:9618?addrs=188.185.121.235-9618+[2001-1458-d00-49--100-36e]-9618&alias=bigbird22.cern.ch&noUDP&sock=schedd_232129_c3ca>
...
040 (12769439.072.000) 11/08 10:21:27 Started transferring input files
	Transferring to host: <188.185.208.89:9618?addrs=188.185.208.89-9618+[2001-1458-303-f--100-56]-9618&alias=b9p09p5558.cern.ch&noUDP&sock=slot1_35_4988_3f44_44305>
...
040 (12769439.072.000) 11/08 10:21:27 Finished transferring input files
...
001 (12769439.072.000) 11/08 10:21:28 Job executing on host: <188.185.208.89:9618?addrs=188.185.208.89-9618+[2001-1458-303-f--100-56]-9618&alias=b9p09p5558.cern.ch&noUDP&sock=startd_4162_5d42>
	SlotName: slot1_35@b9p09p5558.cern.ch
	CondorScratchDir = "/pool/condor/dir_3988568"
	Cpus = 1
	Disk = 12856
	GPUs = 0
	Memory = 3000
...
006 (12769439.072.000) 11/08 10:21:42 Image size of job updated: 176456
	173  -  MemoryUsage of job (MB)
	176456  -  ResidentSetSize of job (KB)
...
006 (12769439.072.000) 11/08 10:22:45 Image size of job updated: 267856
	173  -  MemoryUsage of job (MB)
	176460  -  ResidentSetSize of job (KB)
...
040 (12769439.072.000) 11/08 10:22:45 Started transferring output files
...
040 (12769439.072.000) 11/08 10:22:45 Finished transferring output files
...
005 (12769439.072.000) 11/08 10:22:45 Job terminated.
	(1) Normal termination (return value 0)
		Usr 0 00:00:51, Sys 0 00:00:02  -  Run Remote Usage
		Usr 0 00:00:00, Sys 0 00:00:00  -  Run Local Usage
		Usr 0 00:00:51, Sys 0 00:00:02  -  Total Remote Usage
		Usr 0 00:00:00, Sys 0 00:00:00  -  Total Local Usage
	26894  -  Run Bytes Sent By Job
	10104414  -  Run Bytes Received By Job
	26894  -  Total Bytes Sent By Job
	10104414  -  Total Bytes Received By Job
	Partitionable Resources :    Usage  Request Allocated 
	   Cpus                 :        0        1         1 
	   Disk (KB)            :     9920    10000     12856 
	   GPUs                 :                           0 
	   Memory (MB)          :      173     3000      3000 
	   TimeExecute (s)      :       77                    
	   TimeSlotBusy (s)     :       78                    

	Job terminated of its own accord at 2025-11-08T09:22:45Z with exit-code 0.
...
