000 (12769440.476.000) 11/08 09:49:00 Job submitted from host: <188.185.121.235:9618?addrs=188.185.121.235-9618+[2001-1458-d00-49--100-36e]-9618&alias=bigbird22.cern.ch&noUDP&sock=schedd_232129_c3ca>
...
040 (12769440.476.000) 11/08 10:26:37 Started transferring input files
	Transferring to host: <188.185.211.71:9618?addrs=188.185.211.71-9618+[2001-1458-303-16--100-43]-9618&alias=b9p23p4790.cern.ch&noUDP&sock=slot1_41_5179_d2ec_50973>
...
040 (12769440.476.000) 11/08 10:26:37 Finished transferring input files
...
001 (12769440.476.000) 11/08 10:26:38 Job executing on host: <188.185.211.71:9618?addrs=188.185.211.71-9618+[2001-1458-303-16--100-43]-9618&alias=b9p23p4790.cern.ch&noUDP&sock=startd_4127_5b71>
	SlotName: slot1_41@b9p23p4790.cern.ch
	CondorScratchDir = "/pool/condor/dir_3126143"
	Cpus = 1
	Disk = 15675
	GPUs = 0
	Memory = 3000
...
006 (12769440.476.000) 11/08 10:26:52 Image size of job updated: 200000
	196  -  MemoryUsage of job (MB)
	200000  -  ResidentSetSize of job (KB)
...
006 (12769440.476.000) 11/08 10:27:17 Image size of job updated: 252296
	196  -  MemoryUsage of job (MB)
	200000  -  ResidentSetSize of job (KB)
...
040 (12769440.476.000) 11/08 10:27:17 Started transferring output files
...
040 (12769440.476.000) 11/08 10:27:17 Finished transferring output files
...
005 (12769440.476.000) 11/08 10:27:17 Job terminated.
	(1) Normal termination (return value 0)
		Usr 0 00:00:25, Sys 0 00:00:02  -  Run Remote Usage
		Usr 0 00:00:00, Sys 0 00:00:00  -  Run Local Usage
		Usr 0 00:00:25, Sys 0 00:00:02  -  Total Remote Usage
		Usr 0 00:00:00, Sys 0 00:00:00  -  Total Local Usage
	17121  -  Run Bytes Sent By Job
	10104414  -  Run Bytes Received By Job
	17121  -  Total Bytes Sent By Job
	10104414  -  Total Bytes Received By Job
	Partitionable Resources :    Usage  Request Allocated 
	   Cpus                 :        0        1         1 
	   Disk (KB)            :     9908    10000     15675 
	   GPUs                 :                           0 
	   Memory (MB)          :      196     3000      3000 
	   TimeExecute (s)      :       39                    
	   TimeSlotBusy (s)     :       40                    

	Job terminated of its own accord at 2025-11-08T09:27:17Z with exit-code 0.
...
