000 (12769441.015.000) 11/08 09:49:01 Job submitted from host: <188.185.121.235:9618?addrs=188.185.121.235-9618+[2001-1458-d00-49--100-36e]-9618&alias=bigbird22.cern.ch&noUDP&sock=schedd_232129_c3ca>
...
040 (12769441.015.000) 11/08 10:24:36 Started transferring input files
	Transferring to host: <188.185.213.142:9618?addrs=188.185.213.142-9618+[2001-1458-303-1b--100-a]-9618&alias=b9p28p1864.cern.ch&noUDP&sock=slot1_5_4663_4157_60884>
...
040 (12769441.015.000) 11/08 10:24:36 Finished transferring input files
...
001 (12769441.015.000) 11/08 10:24:37 Job executing on host: <188.185.213.142:9618?addrs=188.185.213.142-9618+[2001-1458-303-1b--100-a]-9618&alias=b9p28p1864.cern.ch&noUDP&sock=startd_3914_41c5>
	SlotName: slot1_5@b9p28p1864.cern.ch
	CondorScratchDir = "/pool/condor/dir_1945800"
	Cpus = 1
	Disk = 15713
	GPUs = 0
	Memory = 3000
...
006 (12769441.015.000) 11/08 10:24:50 Image size of job updated: 99176
	97  -  MemoryUsage of job (MB)
	99176  -  ResidentSetSize of job (KB)
...
006 (12769441.015.000) 11/08 10:25:28 Image size of job updated: 255280
	97  -  MemoryUsage of job (MB)
	99176  -  ResidentSetSize of job (KB)
...
040 (12769441.015.000) 11/08 10:25:28 Started transferring output files
...
040 (12769441.015.000) 11/08 10:25:28 Finished transferring output files
...
005 (12769441.015.000) 11/08 10:25:28 Job terminated.
	(1) Normal termination (return value 0)
		Usr 0 00:00:22, Sys 0 00:00:02  -  Run Remote Usage
		Usr 0 00:00:00, Sys 0 00:00:00  -  Run Local Usage
		Usr 0 00:00:22, Sys 0 00:00:02  -  Total Remote Usage
		Usr 0 00:00:00, Sys 0 00:00:00  -  Total Local Usage
	16338  -  Run Bytes Sent By Job
	10104414  -  Run Bytes Received By Job
	16338  -  Total Bytes Sent By Job
	10104414  -  Total Bytes Received By Job
	Partitionable Resources :    Usage  Request Allocated 
	   Cpus                 :        0        1         1 
	   Disk (KB)            :     9908    10000     15713 
	   GPUs                 :                           0 
	   Memory (MB)          :       97     3000      3000 
	   TimeExecute (s)      :       51                    
	   TimeSlotBusy (s)     :       52                    

	Job terminated of its own accord at 2025-11-08T09:25:28Z with exit-code 0.
...
