Starting job on \n
Running on: Linux b9p06p7463.cern.ch 5.14.0-570.42.2.el9_6.x86_64 #1 SMP PREEMPT_DYNAMIC Mon Sep 8 12:15:13 EDT 2025 x86_64 x86_64 x86_64 GNU/Linux\n
System software: Red Hat Enterprise Linux release 9.6 (Plow)\n
Setting up CROWN for RedHatEnterprise Version 9.6
subject   : /DC=ch/DC=cern/OU=Organic Units/OU=Users/CN=jiahua/CN=851532/CN=Jiahua Chen/CN=1735721823
issuer    : /DC=ch/DC=cern/OU=Organic Units/OU=Users/CN=jiahua/CN=851532/CN=Jiahua Chen
identity  : /DC=ch/DC=cern/OU=Organic Units/OU=Users/CN=jiahua/CN=851532/CN=Jiahua Chen
type      : RFC compliant proxy
strength  : 2048 bits
path      : /afs/cern.ch/user/j/jiahua/proxy/x509up_u139833
timeleft  : 197:12:40
key usage : Digital Signature, Key Encipherment
=== VO cms extension information ===
VO        : cms
subject   : /DC=ch/DC=cern/OU=Organic Units/OU=Users/CN=jiahua/CN=851532/CN=Jiahua Chen
issuer    : /DC=ch/DC=cern/OU=computers/CN=cms-auth.cern.ch
attribute : /cms/Role=NULL/Capability=NULL
timeleft  : 189:12:40
uri       : voms-cms-auth.cern.ch:15000
subject   : /DC=ch/DC=cern/OU=Organic Units/OU=Users/CN=jiahua/CN=851532/CN=Jiahua Chen/CN=1735721823
issuer    : /DC=ch/DC=cern/OU=Organic Units/OU=Users/CN=jiahua/CN=851532/CN=Jiahua Chen
identity  : /DC=ch/DC=cern/OU=Organic Units/OU=Users/CN=jiahua/CN=851532/CN=Jiahua Chen
type      : RFC compliant proxy
strength  : 2048 bits
path      : /afs/cern.ch/user/j/jiahua/proxy/x509up_u139833
timeleft  : 197:12:40
key usage : Digital Signature, Key Encipherment
=== VO cms extension information ===
VO        : cms
subject   : /DC=ch/DC=cern/OU=Organic Units/OU=Users/CN=jiahua/CN=851532/CN=Jiahua Chen
issuer    : /DC=ch/DC=cern/OU=computers/CN=cms-auth.cern.ch
attribute : /cms/Role=NULL/Capability=NULL
timeleft  : 189:12:40
uri       : voms-cms-auth.cern.ch:15000
/eos/user/j/jiahua/MC_2022EE_inc/Muon_UL22F-19Dec2023-v1/599da0fa-8cfa-403a-9313-6aa41431ff63.root
[2025-11-08 10:26:18.442] [main] [info] Checking input files
[2025-11-08 10:26:23.333] [main] [info] NanoAOD input_file 1: root://cms-xrd-global.cern.ch//store/data/Run2022F/Muon/NANOAOD/19Dec2023-v1/2550000/599da0fa-8cfa-403a-9313-6aa41431ff63.root - 950432 Events
[2025-11-08 10:26:23.333] [main] [info] input_file 1: root://cms-xrd-global.cern.ch//store/data/Run2022F/Muon/NANOAOD/19Dec2023-v1/2550000/599da0fa-8cfa-403a-9313-6aa41431ff63.root - SumOfGenWeight: 4.867286265182865e-309 
[2025-11-08 10:26:23.333] [main] [info] Output directory: /eos/user/j/jiahua/MC_2022EE_inc/Muon_UL22F-19Dec2023-v1/599da0fa-8cfa-403a-9313-6aa41431ff63.root
[2025-11-08 10:26:23.333] [main] [info] Starting Setup of Dataframe with 950432 events
[2025-11-08 10:26:26.806] [main] [info] Finished Setup
[2025-11-08 10:26:26.806] [main] [info] Runtime for setup (real time: 3.47, CPU time: 3.05)
[2025-11-08 10:26:26.806] [main] [info] Starting Evaluation
[2025-11-08 10:26:34.396] [main] [info] 10000 / 950432 (1.05 %) Events processed ...
[2025-11-08 10:26:34.564] [main] [info] 20000 / 950432 (2.10 %) Events processed ...
[2025-11-08 10:26:34.746] [main] [info] 30000 / 950432 (3.16 %) Events processed ...
[2025-11-08 10:26:35.028] [main] [info] 40000 / 950432 (4.21 %) Events processed ...
[2025-11-08 10:26:35.215] [main] [info] 50000 / 950432 (5.26 %) Events processed ...
[2025-11-08 10:26:35.391] [main] [info] 60000 / 950432 (6.31 %) Events processed ...
[2025-11-08 10:26:35.575] [main] [info] 70000 / 950432 (7.37 %) Events processed ...
[2025-11-08 10:26:36.331] [main] [info] 80000 / 950432 (8.42 %) Events processed ...
[2025-11-08 10:26:36.504] [main] [info] 90000 / 950432 (9.47 %) Events processed ...
[2025-11-08 10:26:36.682] [main] [info] 100000 / 950432 (10.52 %) Events processed ...
[2025-11-08 10:26:36.873] [main] [info] 110000 / 950432 (11.57 %) Events processed ...
[2025-11-08 10:26:37.150] [main] [info] 120000 / 950432 (12.63 %) Events processed ...
[2025-11-08 10:26:37.332] [main] [info] 130000 / 950432 (13.68 %) Events processed ...
[2025-11-08 10:26:37.509] [main] [info] 140000 / 950432 (14.73 %) Events processed ...
[2025-11-08 10:26:38.178] [main] [info] 150000 / 950432 (15.78 %) Events processed ...
[2025-11-08 10:26:38.446] [main] [info] 160000 / 950432 (16.83 %) Events processed ...
[2025-11-08 10:26:38.626] [main] [info] 170000 / 950432 (17.89 %) Events processed ...
[2025-11-08 10:26:38.808] [main] [info] 180000 / 950432 (18.94 %) Events processed ...
[2025-11-08 10:26:39.101] [main] [info] 190000 / 950432 (19.99 %) Events processed ...
[2025-11-08 10:26:39.279] [main] [info] 200000 / 950432 (21.04 %) Events processed ...
[2025-11-08 10:26:39.453] [main] [info] 210000 / 950432 (22.10 %) Events processed ...
[2025-11-08 10:26:39.944] [main] [info] 220000 / 950432 (23.15 %) Events processed ...
[2025-11-08 10:26:40.227] [main] [info] 230000 / 950432 (24.20 %) Events processed ...
[2025-11-08 10:26:40.405] [main] [info] 240000 / 950432 (25.25 %) Events processed ...
[2025-11-08 10:26:40.580] [main] [info] 250000 / 950432 (26.30 %) Events processed ...
[2025-11-08 10:26:40.754] [main] [info] 260000 / 950432 (27.36 %) Events processed ...
[2025-11-08 10:26:40.971] [main] [info] 270000 / 950432 (28.41 %) Events processed ...
[2025-11-08 10:26:41.094] [main] [info] 280000 / 950432 (29.46 %) Events processed ...
[2025-11-08 10:26:41.755] [main] [info] 290000 / 950432 (30.51 %) Events processed ...
[2025-11-08 10:26:41.957] [main] [info] 300000 / 950432 (31.56 %) Events processed ...
[2025-11-08 10:26:42.234] [main] [info] 310000 / 950432 (32.62 %) Events processed ...
[2025-11-08 10:26:42.431] [main] [info] 320000 / 950432 (33.67 %) Events processed ...
[2025-11-08 10:26:42.612] [main] [info] 330000 / 950432 (34.72 %) Events processed ...
[2025-11-08 10:26:42.916] [main] [info] 340000 / 950432 (35.77 %) Events processed ...
[2025-11-08 10:26:43.112] [main] [info] 350000 / 950432 (36.83 %) Events processed ...
[2025-11-08 10:26:43.885] [main] [info] 360000 / 950432 (37.88 %) Events processed ...
[2025-11-08 10:26:44.090] [main] [info] 370000 / 950432 (38.93 %) Events processed ...
[2025-11-08 10:26:44.390] [main] [info] 380000 / 950432 (39.98 %) Events processed ...
[2025-11-08 10:26:44.589] [main] [info] 390000 / 950432 (41.03 %) Events processed ...
[2025-11-08 10:26:44.795] [main] [info] 400000 / 950432 (42.09 %) Events processed ...
[2025-11-08 10:26:45.001] [main] [info] 410000 / 950432 (43.14 %) Events processed ...
[2025-11-08 10:26:45.287] [main] [info] 420000 / 950432 (44.19 %) Events processed ...
[2025-11-08 10:26:46.114] [main] [info] 430000 / 950432 (45.24 %) Events processed ...
[2025-11-08 10:26:46.286] [main] [info] 440000 / 950432 (46.29 %) Events processed ...
[2025-11-08 10:26:46.442] [main] [info] 450000 / 950432 (47.35 %) Events processed ...
[2025-11-08 10:26:46.645] [main] [info] 460000 / 950432 (48.40 %) Events processed ...
[2025-11-08 10:26:46.775] [main] [info] 470000 / 950432 (49.45 %) Events processed ...
[2025-11-08 10:26:46.907] [main] [info] 480000 / 950432 (50.50 %) Events processed ...
[2025-11-08 10:26:47.121] [main] [info] 490000 / 950432 (51.56 %) Events processed ...
[2025-11-08 10:26:47.689] [main] [info] 500000 / 950432 (52.61 %) Events processed ...
[2025-11-08 10:26:47.869] [main] [info] 510000 / 950432 (53.66 %) Events processed ...
[2025-11-08 10:26:48.074] [main] [info] 520000 / 950432 (54.71 %) Events processed ...
[2025-11-08 10:26:48.383] [main] [info] 530000 / 950432 (55.76 %) Events processed ...
[2025-11-08 10:26:48.580] [main] [info] 540000 / 950432 (56.82 %) Events processed ...
[2025-11-08 10:26:48.782] [main] [info] 550000 / 950432 (57.87 %) Events processed ...
[2025-11-08 10:26:49.075] [main] [info] 560000 / 950432 (58.92 %) Events processed ...
[2025-11-08 10:26:50.116] [main] [info] 570000 / 950432 (59.97 %) Events processed ...
[2025-11-08 10:26:50.312] [main] [info] 580000 / 950432 (61.02 %) Events processed ...
[2025-11-08 10:26:50.512] [main] [info] 590000 / 950432 (62.08 %) Events processed ...
[2025-11-08 10:26:50.730] [main] [info] 600000 / 950432 (63.13 %) Events processed ...
[2025-11-08 10:26:51.033] [main] [info] 610000 / 950432 (64.18 %) Events processed ...
[2025-11-08 10:26:51.234] [main] [info] 620000 / 950432 (65.23 %) Events processed ...
[2025-11-08 10:26:51.429] [main] [info] 630000 / 950432 (66.29 %) Events processed ...
[2025-11-08 10:26:52.140] [main] [info] 640000 / 950432 (67.34 %) Events processed ...
[2025-11-08 10:26:52.337] [main] [info] 650000 / 950432 (68.39 %) Events processed ...
[2025-11-08 10:26:52.526] [main] [info] 660000 / 950432 (69.44 %) Events processed ...
[2025-11-08 10:26:52.736] [main] [info] 670000 / 950432 (70.49 %) Events processed ...
[2025-11-08 10:26:53.030] [main] [info] 680000 / 950432 (71.55 %) Events processed ...
[2025-11-08 10:26:53.224] [main] [info] 690000 / 950432 (72.60 %) Events processed ...
[2025-11-08 10:26:53.428] [main] [info] 700000 / 950432 (73.65 %) Events processed ...
[2025-11-08 10:26:53.631] [main] [info] 710000 / 950432 (74.70 %) Events processed ...
[2025-11-08 10:26:54.352] [main] [info] 720000 / 950432 (75.76 %) Events processed ...
[2025-11-08 10:26:54.548] [main] [info] 730000 / 950432 (76.81 %) Events processed ...
[2025-11-08 10:26:54.749] [main] [info] 740000 / 950432 (77.86 %) Events processed ...
[2025-11-08 10:26:54.964] [main] [info] 750000 / 950432 (78.91 %) Events processed ...
[2025-11-08 10:26:55.264] [main] [info] 760000 / 950432 (79.96 %) Events processed ...
[2025-11-08 10:26:55.461] [main] [info] 770000 / 950432 (81.02 %) Events processed ...
[2025-11-08 10:26:55.662] [main] [info] 780000 / 950432 (82.07 %) Events processed ...
[2025-11-08 10:26:56.406] [main] [info] 790000 / 950432 (83.12 %) Events processed ...
[2025-11-08 10:26:56.596] [main] [info] 800000 / 950432 (84.17 %) Events processed ...
[2025-11-08 10:26:56.781] [main] [info] 810000 / 950432 (85.22 %) Events processed ...
[2025-11-08 10:26:56.978] [main] [info] 820000 / 950432 (86.28 %) Events processed ...
[2025-11-08 10:26:57.267] [main] [info] 830000 / 950432 (87.33 %) Events processed ...
[2025-11-08 10:26:57.530] [main] [info] 840000 / 950432 (88.38 %) Events processed ...
[2025-11-08 10:26:57.724] [main] [info] 850000 / 950432 (89.43 %) Events processed ...
[2025-11-08 10:26:58.285] [main] [info] 860000 / 950432 (90.49 %) Events processed ...
[2025-11-08 10:26:58.578] [main] [info] 870000 / 950432 (91.54 %) Events processed ...
[2025-11-08 10:26:58.772] [main] [info] 880000 / 950432 (92.59 %) Events processed ...
[2025-11-08 10:26:58.963] [main] [info] 890000 / 950432 (93.64 %) Events processed ...
[2025-11-08 10:26:59.180] [main] [info] 900000 / 950432 (94.69 %) Events processed ...
[2025-11-08 10:26:59.461] [main] [info] 910000 / 950432 (95.75 %) Events processed ...
[2025-11-08 10:26:59.660] [main] [info] 920000 / 950432 (96.80 %) Events processed ...
[2025-11-08 10:27:00.093] [main] [info] 930000 / 950432 (97.85 %) Events processed ...
[2025-11-08 10:27:00.401] [main] [info] 940000 / 950432 (98.90 %) Events processed ...
[2025-11-08 10:27:00.542] [main] [info] 950000 / 950432 (99.95 %) Events processed ...
[2025-11-08 10:27:00.672] [main] [info] vbfhmm:
GoldenJSONFilter: pass=950432     all=950432     -- eff=100.00 % cumulative eff=100.00 %
Flag_goodVertices: pass=949881     all=950432     -- eff=99.94 % cumulative eff=99.94 %
Flag_globalSuperTightHalo2016Filter: pass=949547     all=949881     -- eff=99.96 % cumulative eff=99.91 %
Flag_EcalDeadCellTriggerPrimitiveFilter: pass=949517     all=949547     -- eff=100.00 % cumulative eff=99.90 %
Flag_BadPFMuonFilter: pass=949002     all=949517     -- eff=99.95 % cumulative eff=99.85 %
Flag_BadPFMuonDzFilter: pass=948821     all=949002     -- eff=99.98 % cumulative eff=99.83 %
Flag_eeBadScFilter: pass=948821     all=948821     -- eff=100.00 % cumulative eff=99.83 %
Flag_ecalBadCalibFilter: pass=948750     all=948821     -- eff=99.99 % cumulative eff=99.82 %
Flag_hfNoisyHitsFilter: pass=947157     all=948750     -- eff=99.83 % cumulative eff=99.66 %
Number of muons 2: pass=30363      all=947157     -- eff=3.21 % cumulative eff=3.19 %
DiMuon From Higgs: pass=27298      all=30363      -- eff=89.91 % cumulative eff=2.87 %
LeptonChargeSum: pass=27290      all=27298      -- eff=99.97 % cumulative eff=2.87 %
[2025-11-08 10:27:00.858] [main] [info] Writing quantities map to /eos/user/j/jiahua/MC_2022EE_inc/Muon_UL22F-19Dec2023-v1/599da0fa-8cfa-403a-9313-6aa41431ff63_vbfhmm.root
[2025-11-08 10:27:01.108] [main] [info] Finished Evaluation
[2025-11-08 10:27:01.108] [main] [info] Overall runtime (real time: 37.77, CPU time: 30.24)
