000 (12769441.039.000) 11/08 09:49:01 Job submitted from host: <188.185.121.235:9618?addrs=188.185.121.235-9618+[2001-1458-d00-49--100-36e]-9618&alias=bigbird22.cern.ch&noUDP&sock=schedd_232129_c3ca>
...
040 (12769441.039.000) 11/08 10:24:44 Started transferring input files
	Transferring to host: <188.185.210.84:9618?addrs=188.185.210.84-9618+[2001-1458-303-1--100-50]-9618&alias=b9p21p5907.cern.ch&noUDP&sock=slot1_10_5619_d7fe_65634>
...
040 (12769441.039.000) 11/08 10:24:44 Finished transferring input files
...
001 (12769441.039.000) 11/08 10:24:45 Job executing on host: <188.185.210.84:9618?addrs=188.185.210.84-9618+[2001-1458-303-1--100-50]-9618&alias=b9p21p5907.cern.ch&noUDP&sock=startd_4688_2813>
	SlotName: slot1_10@b9p21p5907.cern.ch
	CondorScratchDir = "/pool/condor/dir_1466223"
	Cpus = 1
	Disk = 15799
	GPUs = 0
	Memory = 3000
...
006 (12769441.039.000) 11/08 10:24:59 Image size of job updated: 118732
	116  -  MemoryUsage of job (MB)
	118732  -  ResidentSetSize of job (KB)
...
006 (12769441.039.000) 11/08 10:25:43 Image size of job updated: 255264
	116  -  MemoryUsage of job (MB)
	118736  -  ResidentSetSize of job (KB)
...
040 (12769441.039.000) 11/08 10:25:43 Started transferring output files
...
040 (12769441.039.000) 11/08 10:25:43 Finished transferring output files
...
005 (12769441.039.000) 11/08 10:25:43 Job terminated.
	(1) Normal termination (return value 0)
		Usr 0 00:00:24, Sys 0 00:00:02  -  Run Remote Usage
		Usr 0 00:00:00, Sys 0 00:00:00  -  Run Local Usage
		Usr 0 00:00:24, Sys 0 00:00:02  -  Total Remote Usage
		Usr 0 00:00:00, Sys 0 00:00:00  -  Total Local Usage
	16333  -  Run Bytes Sent By Job
	10104414  -  Run Bytes Received By Job
	16333  -  Total Bytes Sent By Job
	10104414  -  Total Bytes Received By Job
	Partitionable Resources :    Usage  Request Allocated 
	   Cpus                 :        0        1         1 
	   Disk (KB)            :     9907    10000     15799 
	   GPUs                 :                           0 
	   Memory (MB)          :      116     3000      3000 
	   TimeExecute (s)      :       58                    
	   TimeSlotBusy (s)     :       59                    

	Job terminated of its own accord at 2025-11-08T09:25:43Z with exit-code 0.
...
