Starting job on \n
Running on: Linux b9p09p1103.cern.ch 5.14.0-570.42.2.el9_6.x86_64 #1 SMP PREEMPT_DYNAMIC Mon Sep 8 12:15:13 EDT 2025 x86_64 x86_64 x86_64 GNU/Linux\n
System software: Red Hat Enterprise Linux release 9.6 (Plow)\n
Setting up CROWN for RedHatEnterprise Version 9.6
subject   : /DC=ch/DC=cern/OU=Organic Units/OU=Users/CN=jiahua/CN=851532/CN=Jiahua Chen/CN=1735721823
issuer    : /DC=ch/DC=cern/OU=Organic Units/OU=Users/CN=jiahua/CN=851532/CN=Jiahua Chen
identity  : /DC=ch/DC=cern/OU=Organic Units/OU=Users/CN=jiahua/CN=851532/CN=Jiahua Chen
type      : RFC compliant proxy
strength  : 2048 bits
path      : /afs/cern.ch/user/j/jiahua/proxy/x509up_u139833
timeleft  : 197:15:21
key usage : Digital Signature, Key Encipherment
=== VO cms extension information ===
VO        : cms
subject   : /DC=ch/DC=cern/OU=Organic Units/OU=Users/CN=jiahua/CN=851532/CN=Jiahua Chen
issuer    : /DC=ch/DC=cern/OU=computers/CN=cms-auth.cern.ch
attribute : /cms/Role=NULL/Capability=NULL
timeleft  : 189:15:21
uri       : voms-cms-auth.cern.ch:15000
subject   : /DC=ch/DC=cern/OU=Organic Units/OU=Users/CN=jiahua/CN=851532/CN=Jiahua Chen/CN=1735721823
issuer    : /DC=ch/DC=cern/OU=Organic Units/OU=Users/CN=jiahua/CN=851532/CN=Jiahua Chen
identity  : /DC=ch/DC=cern/OU=Organic Units/OU=Users/CN=jiahua/CN=851532/CN=Jiahua Chen
type      : RFC compliant proxy
strength  : 2048 bits
path      : /afs/cern.ch/user/j/jiahua/proxy/x509up_u139833
timeleft  : 197:15:21
key usage : Digital Signature, Key Encipherment
=== VO cms extension information ===
VO        : cms
subject   : /DC=ch/DC=cern/OU=Organic Units/OU=Users/CN=jiahua/CN=851532/CN=Jiahua Chen
issuer    : /DC=ch/DC=cern/OU=computers/CN=cms-auth.cern.ch
attribute : /cms/Role=NULL/Capability=NULL
timeleft  : 189:15:21
uri       : voms-cms-auth.cern.ch:15000
/eos/user/j/jiahua/MC_2022EE_inc/Muon_UL22F-19Dec2023-v1/8ce1c808-5486-4b38-ba38-20c3f1a6f13b.root
[2025-11-08 10:23:37.223] [main] [info] Checking input files
[2025-11-08 10:23:41.998] [main] [info] NanoAOD input_file 1: root://cms-xrd-global.cern.ch//store/data/Run2022F/Muon/NANOAOD/19Dec2023-v1/2550000/8ce1c808-5486-4b38-ba38-20c3f1a6f13b.root - 979393 Events
[2025-11-08 10:23:41.998] [main] [info] input_file 1: root://cms-xrd-global.cern.ch//store/data/Run2022F/Muon/NANOAOD/19Dec2023-v1/2550000/8ce1c808-5486-4b38-ba38-20c3f1a6f13b.root - SumOfGenWeight: 3.47659258389266e-309 
[2025-11-08 10:23:41.998] [main] [info] Output directory: /eos/user/j/jiahua/MC_2022EE_inc/Muon_UL22F-19Dec2023-v1/8ce1c808-5486-4b38-ba38-20c3f1a6f13b.root
[2025-11-08 10:23:41.999] [main] [info] Starting Setup of Dataframe with 979393 events
[2025-11-08 10:23:45.395] [main] [info] Finished Setup
[2025-11-08 10:23:45.395] [main] [info] Runtime for setup (real time: 3.40, CPU time: 2.95)
[2025-11-08 10:23:45.395] [main] [info] Starting Evaluation
[2025-11-08 10:23:53.036] [main] [info] 10000 / 979393 (1.02 %) Events processed ...
[2025-11-08 10:23:53.244] [main] [info] 20000 / 979393 (2.04 %) Events processed ...
[2025-11-08 10:23:53.463] [main] [info] 30000 / 979393 (3.06 %) Events processed ...
[2025-11-08 10:23:53.489] [main] [info] 40000 / 979393 (4.08 %) Events processed ...
[2025-11-08 10:23:53.617] [main] [info] 50000 / 979393 (5.11 %) Events processed ...
[2025-11-08 10:23:53.833] [main] [info] 60000 / 979393 (6.13 %) Events processed ...
[2025-11-08 10:23:54.055] [main] [info] 70000 / 979393 (7.15 %) Events processed ...
[2025-11-08 10:23:54.747] [main] [info] 80000 / 979393 (8.17 %) Events processed ...
[2025-11-08 10:23:54.963] [main] [info] 90000 / 979393 (9.19 %) Events processed ...
[2025-11-08 10:23:55.176] [main] [info] 100000 / 979393 (10.21 %) Events processed ...
[2025-11-08 10:23:55.396] [main] [info] 110000 / 979393 (11.23 %) Events processed ...
[2025-11-08 10:23:55.748] [main] [info] 120000 / 979393 (12.25 %) Events processed ...
[2025-11-08 10:23:55.966] [main] [info] 130000 / 979393 (13.27 %) Events processed ...
[2025-11-08 10:23:56.190] [main] [info] 140000 / 979393 (14.29 %) Events processed ...
[2025-11-08 10:23:56.836] [main] [info] 150000 / 979393 (15.32 %) Events processed ...
[2025-11-08 10:23:57.188] [main] [info] 160000 / 979393 (16.34 %) Events processed ...
[2025-11-08 10:23:57.398] [main] [info] 170000 / 979393 (17.36 %) Events processed ...
[2025-11-08 10:23:57.612] [main] [info] 180000 / 979393 (18.38 %) Events processed ...
[2025-11-08 10:23:57.841] [main] [info] 190000 / 979393 (19.40 %) Events processed ...
[2025-11-08 10:23:58.177] [main] [info] 200000 / 979393 (20.42 %) Events processed ...
[2025-11-08 10:23:58.390] [main] [info] 210000 / 979393 (21.44 %) Events processed ...
[2025-11-08 10:23:59.111] [main] [info] 220000 / 979393 (22.46 %) Events processed ...
[2025-11-08 10:23:59.352] [main] [info] 230000 / 979393 (23.48 %) Events processed ...
[2025-11-08 10:23:59.692] [main] [info] 240000 / 979393 (24.50 %) Events processed ...
[2025-11-08 10:23:59.843] [main] [info] 250000 / 979393 (25.53 %) Events processed ...
[2025-11-08 10:23:59.993] [main] [info] 260000 / 979393 (26.55 %) Events processed ...
[2025-11-08 10:24:00.157] [main] [info] 270000 / 979393 (27.57 %) Events processed ...
[2025-11-08 10:24:00.400] [main] [info] 280000 / 979393 (28.59 %) Events processed ...
[2025-11-08 10:24:01.082] [main] [info] 290000 / 979393 (29.61 %) Events processed ...
[2025-11-08 10:24:01.381] [main] [info] 300000 / 979393 (30.63 %) Events processed ...
[2025-11-08 10:24:01.741] [main] [info] 310000 / 979393 (31.65 %) Events processed ...
[2025-11-08 10:24:01.970] [main] [info] 320000 / 979393 (32.67 %) Events processed ...
[2025-11-08 10:24:02.191] [main] [info] 330000 / 979393 (33.69 %) Events processed ...
[2025-11-08 10:24:02.414] [main] [info] 340000 / 979393 (34.72 %) Events processed ...
[2025-11-08 10:24:02.782] [main] [info] 350000 / 979393 (35.74 %) Events processed ...
[2025-11-08 10:24:03.437] [main] [info] 360000 / 979393 (36.76 %) Events processed ...
[2025-11-08 10:24:03.664] [main] [info] 370000 / 979393 (37.78 %) Events processed ...
[2025-11-08 10:24:03.887] [main] [info] 380000 / 979393 (38.80 %) Events processed ...
[2025-11-08 10:24:04.250] [main] [info] 390000 / 979393 (39.82 %) Events processed ...
[2025-11-08 10:24:04.467] [main] [info] 400000 / 979393 (40.84 %) Events processed ...
[2025-11-08 10:24:04.680] [main] [info] 410000 / 979393 (41.86 %) Events processed ...
[2025-11-08 10:24:04.894] [main] [info] 420000 / 979393 (42.88 %) Events processed ...
[2025-11-08 10:24:05.638] [main] [info] 430000 / 979393 (43.90 %) Events processed ...
[2025-11-08 10:24:05.886] [main] [info] 440000 / 979393 (44.93 %) Events processed ...
[2025-11-08 10:24:06.126] [main] [info] 450000 / 979393 (45.95 %) Events processed ...
[2025-11-08 10:24:06.357] [main] [info] 460000 / 979393 (46.97 %) Events processed ...
[2025-11-08 10:24:06.721] [main] [info] 470000 / 979393 (47.99 %) Events processed ...
[2025-11-08 10:24:06.938] [main] [info] 480000 / 979393 (49.01 %) Events processed ...
[2025-11-08 10:24:07.153] [main] [info] 490000 / 979393 (50.03 %) Events processed ...
[2025-11-08 10:24:07.390] [main] [info] 500000 / 979393 (51.05 %) Events processed ...
[2025-11-08 10:24:08.169] [main] [info] 510000 / 979393 (52.07 %) Events processed ...
[2025-11-08 10:24:08.387] [main] [info] 520000 / 979393 (53.09 %) Events processed ...
[2025-11-08 10:24:08.603] [main] [info] 530000 / 979393 (54.12 %) Events processed ...
[2025-11-08 10:24:08.839] [main] [info] 540000 / 979393 (55.14 %) Events processed ...
[2025-11-08 10:24:09.183] [main] [info] 550000 / 979393 (56.16 %) Events processed ...
[2025-11-08 10:24:09.392] [main] [info] 560000 / 979393 (57.18 %) Events processed ...
[2025-11-08 10:24:09.606] [main] [info] 570000 / 979393 (58.20 %) Events processed ...
[2025-11-08 10:24:10.286] [main] [info] 580000 / 979393 (59.22 %) Events processed ...
[2025-11-08 10:24:10.618] [main] [info] 590000 / 979393 (60.24 %) Events processed ...
[2025-11-08 10:24:10.835] [main] [info] 600000 / 979393 (61.26 %) Events processed ...
[2025-11-08 10:24:11.056] [main] [info] 610000 / 979393 (62.28 %) Events processed ...
[2025-11-08 10:24:11.406] [main] [info] 620000 / 979393 (63.30 %) Events processed ...
[2025-11-08 10:24:11.614] [main] [info] 630000 / 979393 (64.33 %) Events processed ...
[2025-11-08 10:24:12.126] [main] [info] 640000 / 979393 (65.35 %) Events processed ...
[2025-11-08 10:24:12.338] [main] [info] 650000 / 979393 (66.37 %) Events processed ...
[2025-11-08 10:24:12.685] [main] [info] 660000 / 979393 (67.39 %) Events processed ...
[2025-11-08 10:24:12.893] [main] [info] 670000 / 979393 (68.41 %) Events processed ...
[2025-11-08 10:24:13.102] [main] [info] 680000 / 979393 (69.43 %) Events processed ...
[2025-11-08 10:24:13.309] [main] [info] 690000 / 979393 (70.45 %) Events processed ...
[2025-11-08 10:24:13.643] [main] [info] 700000 / 979393 (71.47 %) Events processed ...
[2025-11-08 10:24:14.357] [main] [info] 710000 / 979393 (72.49 %) Events processed ...
[2025-11-08 10:24:14.591] [main] [info] 720000 / 979393 (73.51 %) Events processed ...
[2025-11-08 10:24:14.821] [main] [info] 730000 / 979393 (74.54 %) Events processed ...
[2025-11-08 10:24:15.176] [main] [info] 740000 / 979393 (75.56 %) Events processed ...
[2025-11-08 10:24:15.398] [main] [info] 750000 / 979393 (76.58 %) Events processed ...
[2025-11-08 10:24:15.620] [main] [info] 760000 / 979393 (77.60 %) Events processed ...
[2025-11-08 10:24:15.868] [main] [info] 770000 / 979393 (78.62 %) Events processed ...
[2025-11-08 10:24:16.531] [main] [info] 780000 / 979393 (79.64 %) Events processed ...
[2025-11-08 10:24:16.744] [main] [info] 790000 / 979393 (80.66 %) Events processed ...
[2025-11-08 10:24:16.955] [main] [info] 800000 / 979393 (81.68 %) Events processed ...
[2025-11-08 10:24:17.189] [main] [info] 810000 / 979393 (82.70 %) Events processed ...
[2025-11-08 10:24:17.551] [main] [info] 820000 / 979393 (83.73 %) Events processed ...
[2025-11-08 10:24:17.767] [main] [info] 830000 / 979393 (84.75 %) Events processed ...
[2025-11-08 10:24:17.990] [main] [info] 840000 / 979393 (85.77 %) Events processed ...
[2025-11-08 10:24:18.222] [main] [info] 850000 / 979393 (86.79 %) Events processed ...
[2025-11-08 10:24:18.979] [main] [info] 860000 / 979393 (87.81 %) Events processed ...
[2025-11-08 10:24:19.208] [main] [info] 870000 / 979393 (88.83 %) Events processed ...
[2025-11-08 10:24:19.432] [main] [info] 880000 / 979393 (89.85 %) Events processed ...
[2025-11-08 10:24:19.677] [main] [info] 890000 / 979393 (90.87 %) Events processed ...
[2025-11-08 10:24:19.952] [main] [info] 900000 / 979393 (91.89 %) Events processed ...
[2025-11-08 10:24:20.098] [main] [info] 910000 / 979393 (92.91 %) Events processed ...
[2025-11-08 10:24:20.119] [main] [info] 920000 / 979393 (93.94 %) Events processed ...
[2025-11-08 10:24:20.627] [main] [info] 930000 / 979393 (94.96 %) Events processed ...
[2025-11-08 10:24:20.794] [main] [info] 940000 / 979393 (95.98 %) Events processed ...
[2025-11-08 10:24:20.964] [main] [info] 950000 / 979393 (97.00 %) Events processed ...
[2025-11-08 10:24:21.146] [main] [info] 960000 / 979393 (98.02 %) Events processed ...
[2025-11-08 10:24:21.420] [main] [info] 970000 / 979393 (99.04 %) Events processed ...
[2025-11-08 10:24:21.634] [main] [info] vbfhmm:
GoldenJSONFilter: pass=940561     all=979393     -- eff=96.04 % cumulative eff=96.04 %
Flag_goodVertices: pass=939987     all=940561     -- eff=99.94 % cumulative eff=95.98 %
Flag_globalSuperTightHalo2016Filter: pass=939665     all=939987     -- eff=99.97 % cumulative eff=95.94 %
Flag_EcalDeadCellTriggerPrimitiveFilter: pass=939636     all=939665     -- eff=100.00 % cumulative eff=95.94 %
Flag_BadPFMuonFilter: pass=939129     all=939636     -- eff=99.95 % cumulative eff=95.89 %
Flag_BadPFMuonDzFilter: pass=938948     all=939129     -- eff=99.98 % cumulative eff=95.87 %
Flag_eeBadScFilter: pass=938948     all=938948     -- eff=100.00 % cumulative eff=95.87 %
Flag_ecalBadCalibFilter: pass=938887     all=938948     -- eff=99.99 % cumulative eff=95.86 %
Flag_hfNoisyHitsFilter: pass=937284     all=938887     -- eff=99.83 % cumulative eff=95.70 %
Number of muons 2: pass=29873      all=937284     -- eff=3.19 % cumulative eff=3.05 %
DiMuon From Higgs: pass=26842      all=29873      -- eff=89.85 % cumulative eff=2.74 %
LeptonChargeSum: pass=26833      all=26842      -- eff=99.97 % cumulative eff=2.74 %
[2025-11-08 10:24:21.742] [main] [info] Writing quantities map to /eos/user/j/jiahua/MC_2022EE_inc/Muon_UL22F-19Dec2023-v1/8ce1c808-5486-4b38-ba38-20c3f1a6f13b_vbfhmm.root
[2025-11-08 10:24:21.820] [main] [info] Finished Evaluation
[2025-11-08 10:24:21.820] [main] [info] Overall runtime (real time: 39.82, CPU time: 33.31)
