000 (12769440.066.000) 11/08 09:49:00 Job submitted from host: <188.185.121.235:9618?addrs=188.185.121.235-9618+[2001-1458-d00-49--100-36e]-9618&alias=bigbird22.cern.ch&noUDP&sock=schedd_232129_c3ca>
...
040 (12769440.066.000) 11/08 10:21:59 Started transferring input files
	Transferring to host: <188.185.204.154:9618?addrs=188.185.204.154-9618+[2001-1458-303-8--100-8e]-9618&alias=b9p02p9176.cern.ch&noUDP&sock=slot1_36_7069_7ff9_42724>
...
040 (12769440.066.000) 11/08 10:21:59 Finished transferring input files
...
001 (12769440.066.000) 11/08 10:22:00 Job executing on host: <188.185.204.154:9618?addrs=188.185.204.154-9618+[2001-1458-303-8--100-8e]-9618&alias=b9p02p9176.cern.ch&noUDP&sock=startd_6059_8c6b>
	SlotName: slot1_36@b9p02p9176.cern.ch
	CondorScratchDir = "/pool/condor/dir_4093539"
	Cpus = 1
	Disk = 12932
	GPUs = 0
	Memory = 3000
...
006 (12769440.066.000) 11/08 10:22:14 Image size of job updated: 97292
	96  -  MemoryUsage of job (MB)
	97292  -  ResidentSetSize of job (KB)
...
006 (12769440.066.000) 11/08 10:22:49 Image size of job updated: 253420
	96  -  MemoryUsage of job (MB)
	97292  -  ResidentSetSize of job (KB)
...
040 (12769440.066.000) 11/08 10:22:49 Started transferring output files
...
040 (12769440.066.000) 11/08 10:22:49 Finished transferring output files
...
005 (12769440.066.000) 11/08 10:22:49 Job terminated.
	(1) Normal termination (return value 0)
		Usr 0 00:00:26, Sys 0 00:00:02  -  Run Remote Usage
		Usr 0 00:00:00, Sys 0 00:00:00  -  Run Local Usage
		Usr 0 00:00:26, Sys 0 00:00:02  -  Total Remote Usage
		Usr 0 00:00:00, Sys 0 00:00:00  -  Total Local Usage
	16772  -  Run Bytes Sent By Job
	10104414  -  Run Bytes Received By Job
	16772  -  Total Bytes Sent By Job
	10104414  -  Total Bytes Received By Job
	Partitionable Resources :    Usage  Request Allocated 
	   Cpus                 :        0        1         1 
	   Disk (KB)            :     9910    10000     12932 
	   GPUs                 :                           0 
	   Memory (MB)          :       96     3000      3000 
	   TimeExecute (s)      :       49                    
	   TimeSlotBusy (s)     :       50                    

	Job terminated of its own accord at 2025-11-08T09:22:49Z with exit-code 0.
...
