Starting job on \n
Running on: Linux b9p17p3309.cern.ch 5.14.0-570.46.1.el9_6.x86_64 #1 SMP PREEMPT_DYNAMIC Tue Sep 16 03:28:23 EDT 2025 x86_64 x86_64 x86_64 GNU/Linux\n
System software: Red Hat Enterprise Linux release 9.6 (Plow)\n
Setting up CROWN for RedHatEnterprise Version 9.6
subject   : /DC=ch/DC=cern/OU=Organic Units/OU=Users/CN=jiahua/CN=851532/CN=Jiahua Chen/CN=1735721823
issuer    : /DC=ch/DC=cern/OU=Organic Units/OU=Users/CN=jiahua/CN=851532/CN=Jiahua Chen
identity  : /DC=ch/DC=cern/OU=Organic Units/OU=Users/CN=jiahua/CN=851532/CN=Jiahua Chen
type      : RFC compliant proxy
strength  : 2048 bits
path      : /afs/cern.ch/user/j/jiahua/proxy/x509up_u139833
timeleft  : 197:17:25
key usage : Digital Signature, Key Encipherment
=== VO cms extension information ===
VO        : cms
subject   : /DC=ch/DC=cern/OU=Organic Units/OU=Users/CN=jiahua/CN=851532/CN=Jiahua Chen
issuer    : /DC=ch/DC=cern/OU=computers/CN=cms-auth.cern.ch
attribute : /cms/Role=NULL/Capability=NULL
timeleft  : 189:17:25
uri       : voms-cms-auth.cern.ch:15000
subject   : /DC=ch/DC=cern/OU=Organic Units/OU=Users/CN=jiahua/CN=851532/CN=Jiahua Chen/CN=1735721823
issuer    : /DC=ch/DC=cern/OU=Organic Units/OU=Users/CN=jiahua/CN=851532/CN=Jiahua Chen
identity  : /DC=ch/DC=cern/OU=Organic Units/OU=Users/CN=jiahua/CN=851532/CN=Jiahua Chen
type      : RFC compliant proxy
strength  : 2048 bits
path      : /afs/cern.ch/user/j/jiahua/proxy/x509up_u139833
timeleft  : 197:17:25
key usage : Digital Signature, Key Encipherment
=== VO cms extension information ===
VO        : cms
subject   : /DC=ch/DC=cern/OU=Organic Units/OU=Users/CN=jiahua/CN=851532/CN=Jiahua Chen
issuer    : /DC=ch/DC=cern/OU=computers/CN=cms-auth.cern.ch
attribute : /cms/Role=NULL/Capability=NULL
timeleft  : 189:17:25
uri       : voms-cms-auth.cern.ch:15000
/eos/user/j/jiahua/MC_2022EE_inc/Muon_UL22E-16Dec2023-v1/6bb9ecd9-14b6-4381-b710-42c4ddf2be7a.root
[2025-11-08 10:21:33.927] [main] [info] Checking input files
[2025-11-08 10:21:39.758] [main] [info] NanoAOD input_file 1: root://cms-xrd-global.cern.ch//store/data/Run2022E/Muon/NANOAOD/16Dec2023-v1/2540000/6bb9ecd9-14b6-4381-b710-42c4ddf2be7a.root - 1395327 Events
[2025-11-08 10:21:39.774] [main] [info] input_file 1: root://cms-xrd-global.cern.ch//store/data/Run2022E/Muon/NANOAOD/16Dec2023-v1/2540000/6bb9ecd9-14b6-4381-b710-42c4ddf2be7a.root - SumOfGenWeight: 0 
[2025-11-08 10:21:39.774] [main] [info] Output directory: /eos/user/j/jiahua/MC_2022EE_inc/Muon_UL22E-16Dec2023-v1/6bb9ecd9-14b6-4381-b710-42c4ddf2be7a.root
[2025-11-08 10:21:39.774] [main] [info] Starting Setup of Dataframe with 1395327 events
[2025-11-08 10:21:40.853] [main] [info] Finished Setup
[2025-11-08 10:21:40.853] [main] [info] Runtime for setup (real time: 1.08, CPU time: 0.84)
[2025-11-08 10:21:40.853] [main] [info] Starting Evaluation
[2025-11-08 10:21:50.326] [main] [info] 10000 / 1395327 (0.72 %) Events processed ...
[2025-11-08 10:21:50.626] [main] [info] 20000 / 1395327 (1.43 %) Events processed ...
[2025-11-08 10:21:50.931] [main] [info] 30000 / 1395327 (2.15 %) Events processed ...
[2025-11-08 10:21:51.210] [main] [info] 40000 / 1395327 (2.87 %) Events processed ...
[2025-11-08 10:21:51.218] [main] [info] 50000 / 1395327 (3.58 %) Events processed ...
[2025-11-08 10:21:51.226] [main] [info] 60000 / 1395327 (4.30 %) Events processed ...
[2025-11-08 10:21:51.233] [main] [info] 70000 / 1395327 (5.02 %) Events processed ...
[2025-11-08 10:21:51.748] [main] [info] 80000 / 1395327 (5.73 %) Events processed ...
[2025-11-08 10:21:51.755] [main] [info] 90000 / 1395327 (6.45 %) Events processed ...
[2025-11-08 10:21:51.762] [main] [info] 100000 / 1395327 (7.17 %) Events processed ...
[2025-11-08 10:21:51.769] [main] [info] 110000 / 1395327 (7.88 %) Events processed ...
[2025-11-08 10:21:52.220] [main] [info] 120000 / 1395327 (8.60 %) Events processed ...
[2025-11-08 10:21:52.526] [main] [info] 130000 / 1395327 (9.32 %) Events processed ...
[2025-11-08 10:21:52.873] [main] [info] 140000 / 1395327 (10.03 %) Events processed ...
[2025-11-08 10:21:53.915] [main] [info] 150000 / 1395327 (10.75 %) Events processed ...
[2025-11-08 10:21:54.209] [main] [info] 160000 / 1395327 (11.47 %) Events processed ...
[2025-11-08 10:21:54.451] [main] [info] 170000 / 1395327 (12.18 %) Events processed ...
[2025-11-08 10:21:54.723] [main] [info] 180000 / 1395327 (12.90 %) Events processed ...
[2025-11-08 10:21:55.021] [main] [info] 190000 / 1395327 (13.62 %) Events processed ...
[2025-11-08 10:21:55.436] [main] [info] 200000 / 1395327 (14.33 %) Events processed ...
[2025-11-08 10:21:55.707] [main] [info] 210000 / 1395327 (15.05 %) Events processed ...
[2025-11-08 10:21:55.983] [main] [info] 220000 / 1395327 (15.77 %) Events processed ...
[2025-11-08 10:21:56.819] [main] [info] 230000 / 1395327 (16.48 %) Events processed ...
[2025-11-08 10:21:57.110] [main] [info] 240000 / 1395327 (17.20 %) Events processed ...
[2025-11-08 10:21:57.481] [main] [info] 250000 / 1395327 (17.92 %) Events processed ...
[2025-11-08 10:21:57.697] [main] [info] 260000 / 1395327 (18.63 %) Events processed ...
[2025-11-08 10:21:57.972] [main] [info] 270000 / 1395327 (19.35 %) Events processed ...
[2025-11-08 10:21:58.254] [main] [info] 280000 / 1395327 (20.07 %) Events processed ...
[2025-11-08 10:21:58.672] [main] [info] 290000 / 1395327 (20.78 %) Events processed ...
[2025-11-08 10:21:59.542] [main] [info] 300000 / 1395327 (21.50 %) Events processed ...
[2025-11-08 10:21:59.887] [main] [info] 310000 / 1395327 (22.22 %) Events processed ...
[2025-11-08 10:22:00.141] [main] [info] 320000 / 1395327 (22.93 %) Events processed ...
[2025-11-08 10:22:00.361] [main] [info] 330000 / 1395327 (23.65 %) Events processed ...
[2025-11-08 10:22:00.663] [main] [info] 340000 / 1395327 (24.37 %) Events processed ...
[2025-11-08 10:22:00.857] [main] [info] 350000 / 1395327 (25.08 %) Events processed ...
[2025-11-08 10:22:01.091] [main] [info] 360000 / 1395327 (25.80 %) Events processed ...
[2025-11-08 10:22:01.402] [main] [info] 370000 / 1395327 (26.52 %) Events processed ...
[2025-11-08 10:22:02.209] [main] [info] 380000 / 1395327 (27.23 %) Events processed ...
[2025-11-08 10:22:02.669] [main] [info] 390000 / 1395327 (27.95 %) Events processed ...
[2025-11-08 10:22:02.977] [main] [info] 400000 / 1395327 (28.67 %) Events processed ...
[2025-11-08 10:22:03.290] [main] [info] 410000 / 1395327 (29.38 %) Events processed ...
[2025-11-08 10:22:03.609] [main] [info] 420000 / 1395327 (30.10 %) Events processed ...
[2025-11-08 10:22:03.949] [main] [info] 430000 / 1395327 (30.82 %) Events processed ...
[2025-11-08 10:22:04.420] [main] [info] 440000 / 1395327 (31.53 %) Events processed ...
[2025-11-08 10:22:05.478] [main] [info] 450000 / 1395327 (32.25 %) Events processed ...
[2025-11-08 10:22:05.792] [main] [info] 460000 / 1395327 (32.97 %) Events processed ...
[2025-11-08 10:22:06.108] [main] [info] 470000 / 1395327 (33.68 %) Events processed ...
[2025-11-08 10:22:06.419] [main] [info] 480000 / 1395327 (34.40 %) Events processed ...
[2025-11-08 10:22:06.846] [main] [info] 490000 / 1395327 (35.12 %) Events processed ...
[2025-11-08 10:22:07.129] [main] [info] 500000 / 1395327 (35.83 %) Events processed ...
[2025-11-08 10:22:07.411] [main] [info] 510000 / 1395327 (36.55 %) Events processed ...
[2025-11-08 10:22:07.731] [main] [info] 520000 / 1395327 (37.27 %) Events processed ...
[2025-11-08 10:22:08.676] [main] [info] 530000 / 1395327 (37.98 %) Events processed ...
[2025-11-08 10:22:08.957] [main] [info] 540000 / 1395327 (38.70 %) Events processed ...
[2025-11-08 10:22:09.242] [main] [info] 550000 / 1395327 (39.42 %) Events processed ...
[2025-11-08 10:22:09.545] [main] [info] 560000 / 1395327 (40.13 %) Events processed ...
[2025-11-08 10:22:09.867] [main] [info] 570000 / 1395327 (40.85 %) Events processed ...
[2025-11-08 10:22:10.302] [main] [info] 580000 / 1395327 (41.57 %) Events processed ...
[2025-11-08 10:22:10.582] [main] [info] 590000 / 1395327 (42.28 %) Events processed ...
[2025-11-08 10:22:11.410] [main] [info] 600000 / 1395327 (43.00 %) Events processed ...
[2025-11-08 10:22:11.709] [main] [info] 610000 / 1395327 (43.72 %) Events processed ...
[2025-11-08 10:22:12.024] [main] [info] 620000 / 1395327 (44.43 %) Events processed ...
[2025-11-08 10:22:12.462] [main] [info] 630000 / 1395327 (45.15 %) Events processed ...
[2025-11-08 10:22:12.704] [main] [info] 640000 / 1395327 (45.87 %) Events processed ...
[2025-11-08 10:22:12.897] [main] [info] 650000 / 1395327 (46.58 %) Events processed ...
[2025-11-08 10:22:13.086] [main] [info] 660000 / 1395327 (47.30 %) Events processed ...
[2025-11-08 10:22:13.293] [main] [info] 670000 / 1395327 (48.02 %) Events processed ...
[2025-11-08 10:22:14.652] [main] [info] 680000 / 1395327 (48.73 %) Events processed ...
[2025-11-08 10:22:14.963] [main] [info] 690000 / 1395327 (49.45 %) Events processed ...
[2025-11-08 10:22:15.272] [main] [info] 700000 / 1395327 (50.17 %) Events processed ...
[2025-11-08 10:22:15.566] [main] [info] 710000 / 1395327 (50.88 %) Events processed ...
[2025-11-08 10:22:15.773] [main] [info] 720000 / 1395327 (51.60 %) Events processed ...
[2025-11-08 10:22:16.069] [main] [info] 730000 / 1395327 (52.32 %) Events processed ...
[2025-11-08 10:22:16.263] [main] [info] 740000 / 1395327 (53.03 %) Events processed ...
[2025-11-08 10:22:17.006] [main] [info] 750000 / 1395327 (53.75 %) Events processed ...
[2025-11-08 10:22:17.341] [main] [info] 760000 / 1395327 (54.47 %) Events processed ...
[2025-11-08 10:22:17.802] [main] [info] 770000 / 1395327 (55.18 %) Events processed ...
[2025-11-08 10:22:18.120] [main] [info] 780000 / 1395327 (55.90 %) Events processed ...
[2025-11-08 10:22:18.422] [main] [info] 790000 / 1395327 (56.62 %) Events processed ...
[2025-11-08 10:22:18.753] [main] [info] 800000 / 1395327 (57.33 %) Events processed ...
[2025-11-08 10:22:18.959] [main] [info] 810000 / 1395327 (58.05 %) Events processed ...
[2025-11-08 10:22:20.041] [main] [info] 820000 / 1395327 (58.77 %) Events processed ...
[2025-11-08 10:22:20.330] [main] [info] 830000 / 1395327 (59.48 %) Events processed ...
[2025-11-08 10:22:20.621] [main] [info] 840000 / 1395327 (60.20 %) Events processed ...
[2025-11-08 10:22:20.912] [main] [info] 850000 / 1395327 (60.92 %) Events processed ...
[2025-11-08 10:22:21.233] [main] [info] 860000 / 1395327 (61.63 %) Events processed ...
[2025-11-08 10:22:21.667] [main] [info] 870000 / 1395327 (62.35 %) Events processed ...
[2025-11-08 10:22:21.965] [main] [info] 880000 / 1395327 (63.07 %) Events processed ...
[2025-11-08 10:22:22.258] [main] [info] 890000 / 1395327 (63.78 %) Events processed ...
[2025-11-08 10:22:23.104] [main] [info] 900000 / 1395327 (64.50 %) Events processed ...
[2025-11-08 10:22:23.436] [main] [info] 910000 / 1395327 (65.22 %) Events processed ...
[2025-11-08 10:22:23.887] [main] [info] 920000 / 1395327 (65.93 %) Events processed ...
[2025-11-08 10:22:24.170] [main] [info] 930000 / 1395327 (66.65 %) Events processed ...
[2025-11-08 10:22:24.447] [main] [info] 940000 / 1395327 (67.37 %) Events processed ...
[2025-11-08 10:22:24.740] [main] [info] 950000 / 1395327 (68.08 %) Events processed ...
[2025-11-08 10:22:25.054] [main] [info] 960000 / 1395327 (68.80 %) Events processed ...
[2025-11-08 10:22:26.119] [main] [info] 970000 / 1395327 (69.52 %) Events processed ...
[2025-11-08 10:22:26.414] [main] [info] 980000 / 1395327 (70.23 %) Events processed ...
[2025-11-08 10:22:26.700] [main] [info] 990000 / 1395327 (70.95 %) Events processed ...
[2025-11-08 10:22:27.035] [main] [info] 1000000 / 1395327 (71.67 %) Events processed ...
[2025-11-08 10:22:27.476] [main] [info] 1010000 / 1395327 (72.38 %) Events processed ...
[2025-11-08 10:22:27.776] [main] [info] 1020000 / 1395327 (73.10 %) Events processed ...
[2025-11-08 10:22:28.074] [main] [info] 1030000 / 1395327 (73.82 %) Events processed ...
[2025-11-08 10:22:28.369] [main] [info] 1040000 / 1395327 (74.53 %) Events processed ...
[2025-11-08 10:22:29.419] [main] [info] 1050000 / 1395327 (75.25 %) Events processed ...
[2025-11-08 10:22:29.951] [main] [info] 1060000 / 1395327 (75.97 %) Events processed ...
[2025-11-08 10:22:30.309] [main] [info] 1070000 / 1395327 (76.68 %) Events processed ...
[2025-11-08 10:22:30.666] [main] [info] 1080000 / 1395327 (77.40 %) Events processed ...
[2025-11-08 10:22:31.026] [main] [info] 1090000 / 1395327 (78.12 %) Events processed ...
[2025-11-08 10:22:31.358] [main] [info] 1100000 / 1395327 (78.83 %) Events processed ...
[2025-11-08 10:22:31.799] [main] [info] 1110000 / 1395327 (79.55 %) Events processed ...
[2025-11-08 10:22:32.835] [main] [info] 1120000 / 1395327 (80.27 %) Events processed ...
[2025-11-08 10:22:33.122] [main] [info] 1130000 / 1395327 (80.98 %) Events processed ...
[2025-11-08 10:22:33.424] [main] [info] 1140000 / 1395327 (81.70 %) Events processed ...
[2025-11-08 10:22:33.740] [main] [info] 1150000 / 1395327 (82.42 %) Events processed ...
[2025-11-08 10:22:34.189] [main] [info] 1160000 / 1395327 (83.13 %) Events processed ...
[2025-11-08 10:22:34.499] [main] [info] 1170000 / 1395327 (83.85 %) Events processed ...
[2025-11-08 10:22:34.783] [main] [info] 1180000 / 1395327 (84.57 %) Events processed ...
[2025-11-08 10:22:35.011] [main] [info] 1190000 / 1395327 (85.28 %) Events processed ...
[2025-11-08 10:22:35.796] [main] [info] 1200000 / 1395327 (86.00 %) Events processed ...
[2025-11-08 10:22:36.245] [main] [info] 1210000 / 1395327 (86.72 %) Events processed ...
[2025-11-08 10:22:36.561] [main] [info] 1220000 / 1395327 (87.43 %) Events processed ...
[2025-11-08 10:22:36.866] [main] [info] 1230000 / 1395327 (88.15 %) Events processed ...
[2025-11-08 10:22:37.199] [main] [info] 1240000 / 1395327 (88.87 %) Events processed ...
[2025-11-08 10:22:37.666] [main] [info] 1250000 / 1395327 (89.58 %) Events processed ...
[2025-11-08 10:22:37.964] [main] [info] 1260000 / 1395327 (90.30 %) Events processed ...
[2025-11-08 10:22:38.745] [main] [info] 1270000 / 1395327 (91.02 %) Events processed ...
[2025-11-08 10:22:39.041] [main] [info] 1280000 / 1395327 (91.73 %) Events processed ...
[2025-11-08 10:22:39.500] [main] [info] 1290000 / 1395327 (92.45 %) Events processed ...
[2025-11-08 10:22:40.032] [main] [info] 1300000 / 1395327 (93.17 %) Events processed ...
[2025-11-08 10:22:40.391] [main] [info] 1310000 / 1395327 (93.88 %) Events processed ...
[2025-11-08 10:22:40.780] [main] [info] 1320000 / 1395327 (94.60 %) Events processed ...
[2025-11-08 10:22:41.184] [main] [info] 1330000 / 1395327 (95.32 %) Events processed ...
[2025-11-08 10:22:41.606] [main] [info] 1340000 / 1395327 (96.03 %) Events processed ...
[2025-11-08 10:22:42.593] [main] [info] 1350000 / 1395327 (96.75 %) Events processed ...
[2025-11-08 10:22:42.782] [main] [info] 1360000 / 1395327 (97.47 %) Events processed ...
[2025-11-08 10:22:42.980] [main] [info] 1370000 / 1395327 (98.18 %) Events processed ...
[2025-11-08 10:22:43.184] [main] [info] 1380000 / 1395327 (98.90 %) Events processed ...
[2025-11-08 10:22:43.398] [main] [info] 1390000 / 1395327 (99.62 %) Events processed ...
[2025-11-08 10:22:43.739] [main] [info] vbfhmm:
GoldenJSONFilter: pass=1323098    all=1395327    -- eff=94.82 % cumulative eff=94.82 %
Flag_goodVertices: pass=1321893    all=1323098    -- eff=99.91 % cumulative eff=94.74 %
Flag_globalSuperTightHalo2016Filter: pass=1321558    all=1321893    -- eff=99.97 % cumulative eff=94.71 %
Flag_EcalDeadCellTriggerPrimitiveFilter: pass=1321519    all=1321558    -- eff=100.00 % cumulative eff=94.71 %
Flag_BadPFMuonFilter: pass=1321163    all=1321519    -- eff=99.97 % cumulative eff=94.68 %
Flag_BadPFMuonDzFilter: pass=1321024    all=1321163    -- eff=99.99 % cumulative eff=94.67 %
Flag_eeBadScFilter: pass=1321024    all=1321024    -- eff=100.00 % cumulative eff=94.67 %
Flag_ecalBadCalibFilter: pass=1320952    all=1321024    -- eff=99.99 % cumulative eff=94.67 %
Flag_hfNoisyHitsFilter: pass=1319029    all=1320952    -- eff=99.85 % cumulative eff=94.53 %
Number of muons 2: pass=48076      all=1319029    -- eff=3.64 % cumulative eff=3.45 %
DiMuon From Higgs: pass=43345      all=48076      -- eff=90.16 % cumulative eff=3.11 %
LeptonChargeSum: pass=43337      all=43345      -- eff=99.98 % cumulative eff=3.11 %
[2025-11-08 10:22:44.075] [main] [info] Writing quantities map to /eos/user/j/jiahua/MC_2022EE_inc/Muon_UL22E-16Dec2023-v1/6bb9ecd9-14b6-4381-b710-42c4ddf2be7a_vbfhmm.root
[2025-11-08 10:22:44.288] [main] [info] Finished Evaluation
[2025-11-08 10:22:44.288] [main] [info] Overall runtime (real time: 64.51, CPU time: 51.93)
