Starting job on \n
Running on: Linux b9p24p7202.cern.ch 5.14.0-570.44.1.el9_6.x86_64 #1 SMP PREEMPT_DYNAMIC Tue Sep 9 05:17:30 EDT 2025 x86_64 x86_64 x86_64 GNU/Linux\n
System software: Red Hat Enterprise Linux release 9.6 (Plow)\n
Setting up CROWN for RedHatEnterprise Version 9.6
subject   : /DC=ch/DC=cern/OU=Organic Units/OU=Users/CN=jiahua/CN=851532/CN=Jiahua Chen/CN=1735721823
issuer    : /DC=ch/DC=cern/OU=Organic Units/OU=Users/CN=jiahua/CN=851532/CN=Jiahua Chen
identity  : /DC=ch/DC=cern/OU=Organic Units/OU=Users/CN=jiahua/CN=851532/CN=Jiahua Chen
type      : RFC compliant proxy
strength  : 2048 bits
path      : /afs/cern.ch/user/j/jiahua/proxy/x509up_u139833
timeleft  : 197:17:25
key usage : Digital Signature, Key Encipherment
=== VO cms extension information ===
VO        : cms
subject   : /DC=ch/DC=cern/OU=Organic Units/OU=Users/CN=jiahua/CN=851532/CN=Jiahua Chen
issuer    : /DC=ch/DC=cern/OU=computers/CN=cms-auth.cern.ch
attribute : /cms/Role=NULL/Capability=NULL
timeleft  : 189:17:25
uri       : voms-cms-auth.cern.ch:15000
subject   : /DC=ch/DC=cern/OU=Organic Units/OU=Users/CN=jiahua/CN=851532/CN=Jiahua Chen/CN=1735721823
issuer    : /DC=ch/DC=cern/OU=Organic Units/OU=Users/CN=jiahua/CN=851532/CN=Jiahua Chen
identity  : /DC=ch/DC=cern/OU=Organic Units/OU=Users/CN=jiahua/CN=851532/CN=Jiahua Chen
type      : RFC compliant proxy
strength  : 2048 bits
path      : /afs/cern.ch/user/j/jiahua/proxy/x509up_u139833
timeleft  : 197:17:25
key usage : Digital Signature, Key Encipherment
=== VO cms extension information ===
VO        : cms
subject   : /DC=ch/DC=cern/OU=Organic Units/OU=Users/CN=jiahua/CN=851532/CN=Jiahua Chen
issuer    : /DC=ch/DC=cern/OU=computers/CN=cms-auth.cern.ch
attribute : /cms/Role=NULL/Capability=NULL
timeleft  : 189:17:25
uri       : voms-cms-auth.cern.ch:15000
/eos/user/j/jiahua/MC_2022EE_inc/Muon_UL22E-16Dec2023-v1/e2cac41d-3d06-41ae-8227-485f5d1dc151.root
[2025-11-08 10:21:33.269] [main] [info] Checking input files
[2025-11-08 10:21:37.004] [main] [info] NanoAOD input_file 1: root://cms-xrd-global.cern.ch//store/data/Run2022E/Muon/NANOAOD/16Dec2023-v1/2540000/e2cac41d-3d06-41ae-8227-485f5d1dc151.root - 1416974 Events
[2025-11-08 10:21:37.018] [main] [info] input_file 1: root://cms-xrd-global.cern.ch//store/data/Run2022E/Muon/NANOAOD/16Dec2023-v1/2540000/e2cac41d-3d06-41ae-8227-485f5d1dc151.root - SumOfGenWeight: 1.25158134488021e-308 
[2025-11-08 10:21:37.018] [main] [info] Output directory: /eos/user/j/jiahua/MC_2022EE_inc/Muon_UL22E-16Dec2023-v1/e2cac41d-3d06-41ae-8227-485f5d1dc151.root
[2025-11-08 10:21:37.019] [main] [info] Starting Setup of Dataframe with 1416974 events
[2025-11-08 10:21:37.960] [main] [info] Finished Setup
[2025-11-08 10:21:37.960] [main] [info] Runtime for setup (real time: 0.94, CPU time: 0.76)
[2025-11-08 10:21:37.960] [main] [info] Starting Evaluation
[2025-11-08 10:21:44.303] [main] [info] 10000 / 1416974 (0.71 %) Events processed ...
[2025-11-08 10:21:44.501] [main] [info] 20000 / 1416974 (1.41 %) Events processed ...
[2025-11-08 10:21:44.698] [main] [info] 30000 / 1416974 (2.12 %) Events processed ...
[2025-11-08 10:21:44.906] [main] [info] 40000 / 1416974 (2.82 %) Events processed ...
[2025-11-08 10:21:45.162] [main] [info] 50000 / 1416974 (3.53 %) Events processed ...
[2025-11-08 10:21:45.344] [main] [info] 60000 / 1416974 (4.23 %) Events processed ...
[2025-11-08 10:21:45.541] [main] [info] 70000 / 1416974 (4.94 %) Events processed ...
[2025-11-08 10:21:46.438] [main] [info] 80000 / 1416974 (5.65 %) Events processed ...
[2025-11-08 10:21:46.718] [main] [info] 90000 / 1416974 (6.35 %) Events processed ...
[2025-11-08 10:21:46.900] [main] [info] 100000 / 1416974 (7.06 %) Events processed ...
[2025-11-08 10:21:47.084] [main] [info] 110000 / 1416974 (7.76 %) Events processed ...
[2025-11-08 10:21:47.285] [main] [info] 120000 / 1416974 (8.47 %) Events processed ...
[2025-11-08 10:21:47.576] [main] [info] 130000 / 1416974 (9.17 %) Events processed ...
[2025-11-08 10:21:47.759] [main] [info] 140000 / 1416974 (9.88 %) Events processed ...
[2025-11-08 10:21:48.817] [main] [info] 150000 / 1416974 (10.59 %) Events processed ...
[2025-11-08 10:21:49.014] [main] [info] 160000 / 1416974 (11.29 %) Events processed ...
[2025-11-08 10:21:49.291] [main] [info] 170000 / 1416974 (12.00 %) Events processed ...
[2025-11-08 10:21:49.474] [main] [info] 180000 / 1416974 (12.70 %) Events processed ...
[2025-11-08 10:21:49.658] [main] [info] 190000 / 1416974 (13.41 %) Events processed ...
[2025-11-08 10:21:49.864] [main] [info] 200000 / 1416974 (14.11 %) Events processed ...
[2025-11-08 10:21:50.100] [main] [info] 210000 / 1416974 (14.82 %) Events processed ...
[2025-11-08 10:21:51.876] [main] [info] 220000 / 1416974 (15.53 %) Events processed ...
[2025-11-08 10:21:52.081] [main] [info] 230000 / 1416974 (16.23 %) Events processed ...
[2025-11-08 10:21:52.269] [main] [info] 240000 / 1416974 (16.94 %) Events processed ...
[2025-11-08 10:21:52.471] [main] [info] 250000 / 1416974 (17.64 %) Events processed ...
[2025-11-08 10:21:52.738] [main] [info] 260000 / 1416974 (18.35 %) Events processed ...
[2025-11-08 10:21:52.876] [main] [info] 270000 / 1416974 (19.05 %) Events processed ...
[2025-11-08 10:21:53.019] [main] [info] 280000 / 1416974 (19.76 %) Events processed ...
[2025-11-08 10:21:53.172] [main] [info] 290000 / 1416974 (20.47 %) Events processed ...
[2025-11-08 10:21:55.376] [main] [info] 300000 / 1416974 (21.17 %) Events processed ...
[2025-11-08 10:21:55.578] [main] [info] 310000 / 1416974 (21.88 %) Events processed ...
[2025-11-08 10:21:55.784] [main] [info] 320000 / 1416974 (22.58 %) Events processed ...
[2025-11-08 10:21:56.011] [main] [info] 330000 / 1416974 (23.29 %) Events processed ...
[2025-11-08 10:21:56.251] [main] [info] 340000 / 1416974 (23.99 %) Events processed ...
[2025-11-08 10:21:56.391] [main] [info] 350000 / 1416974 (24.70 %) Events processed ...
[2025-11-08 10:21:56.532] [main] [info] 360000 / 1416974 (25.41 %) Events processed ...
[2025-11-08 10:21:58.065] [main] [info] 370000 / 1416974 (26.11 %) Events processed ...
[2025-11-08 10:21:58.373] [main] [info] 380000 / 1416974 (26.82 %) Events processed ...
[2025-11-08 10:21:58.575] [main] [info] 390000 / 1416974 (27.52 %) Events processed ...
[2025-11-08 10:21:58.744] [main] [info] 400000 / 1416974 (28.23 %) Events processed ...
[2025-11-08 10:21:58.895] [main] [info] 410000 / 1416974 (28.93 %) Events processed ...
[2025-11-08 10:21:59.111] [main] [info] 420000 / 1416974 (29.64 %) Events processed ...
[2025-11-08 10:21:59.251] [main] [info] 430000 / 1416974 (30.35 %) Events processed ...
[2025-11-08 10:22:00.647] [main] [info] 440000 / 1416974 (31.05 %) Events processed ...
[2025-11-08 10:22:00.834] [main] [info] 450000 / 1416974 (31.76 %) Events processed ...
[2025-11-08 10:22:00.989] [main] [info] 460000 / 1416974 (32.46 %) Events processed ...
[2025-11-08 10:22:01.200] [main] [info] 470000 / 1416974 (33.17 %) Events processed ...
[2025-11-08 10:22:01.337] [main] [info] 480000 / 1416974 (33.88 %) Events processed ...
[2025-11-08 10:22:01.476] [main] [info] 490000 / 1416974 (34.58 %) Events processed ...
[2025-11-08 10:22:01.628] [main] [info] 500000 / 1416974 (35.29 %) Events processed ...
[2025-11-08 10:22:03.634] [main] [info] 510000 / 1416974 (35.99 %) Events processed ...
[2025-11-08 10:22:03.882] [main] [info] 520000 / 1416974 (36.70 %) Events processed ...
[2025-11-08 10:22:04.024] [main] [info] 530000 / 1416974 (37.40 %) Events processed ...
[2025-11-08 10:22:04.181] [main] [info] 540000 / 1416974 (38.11 %) Events processed ...
[2025-11-08 10:22:04.401] [main] [info] 550000 / 1416974 (38.82 %) Events processed ...
[2025-11-08 10:22:04.545] [main] [info] 560000 / 1416974 (39.52 %) Events processed ...
[2025-11-08 10:22:04.683] [main] [info] 570000 / 1416974 (40.23 %) Events processed ...
[2025-11-08 10:22:04.836] [main] [info] 580000 / 1416974 (40.93 %) Events processed ...
[2025-11-08 10:22:06.194] [main] [info] 590000 / 1416974 (41.64 %) Events processed ...
[2025-11-08 10:22:06.399] [main] [info] 600000 / 1416974 (42.34 %) Events processed ...
[2025-11-08 10:22:06.599] [main] [info] 610000 / 1416974 (43.05 %) Events processed ...
[2025-11-08 10:22:06.810] [main] [info] 620000 / 1416974 (43.76 %) Events processed ...
[2025-11-08 10:22:07.119] [main] [info] 630000 / 1416974 (44.46 %) Events processed ...
[2025-11-08 10:22:07.333] [main] [info] 640000 / 1416974 (45.17 %) Events processed ...
[2025-11-08 10:22:07.536] [main] [info] 650000 / 1416974 (45.87 %) Events processed ...
[2025-11-08 10:22:08.731] [main] [info] 660000 / 1416974 (46.58 %) Events processed ...
[2025-11-08 10:22:08.938] [main] [info] 670000 / 1416974 (47.28 %) Events processed ...
[2025-11-08 10:22:09.161] [main] [info] 680000 / 1416974 (47.99 %) Events processed ...
[2025-11-08 10:22:09.329] [main] [info] 690000 / 1416974 (48.70 %) Events processed ...
[2025-11-08 10:22:09.467] [main] [info] 700000 / 1416974 (49.40 %) Events processed ...
[2025-11-08 10:22:09.622] [main] [info] 710000 / 1416974 (50.11 %) Events processed ...
[2025-11-08 10:22:09.841] [main] [info] 720000 / 1416974 (50.81 %) Events processed ...
[2025-11-08 10:22:10.953] [main] [info] 730000 / 1416974 (51.52 %) Events processed ...
[2025-11-08 10:22:10.959] [main] [info] 740000 / 1416974 (52.22 %) Events processed ...
[2025-11-08 10:22:10.964] [main] [info] 750000 / 1416974 (52.93 %) Events processed ...
[2025-11-08 10:22:10.969] [main] [info] 760000 / 1416974 (53.64 %) Events processed ...
[2025-11-08 10:22:11.153] [main] [info] 770000 / 1416974 (54.34 %) Events processed ...
[2025-11-08 10:22:11.357] [main] [info] 780000 / 1416974 (55.05 %) Events processed ...
[2025-11-08 10:22:11.579] [main] [info] 790000 / 1416974 (55.75 %) Events processed ...
[2025-11-08 10:22:12.553] [main] [info] 800000 / 1416974 (56.46 %) Events processed ...
[2025-11-08 10:22:12.561] [main] [info] 810000 / 1416974 (57.16 %) Events processed ...
[2025-11-08 10:22:12.569] [main] [info] 820000 / 1416974 (57.87 %) Events processed ...
[2025-11-08 10:22:12.578] [main] [info] 830000 / 1416974 (58.58 %) Events processed ...
[2025-11-08 10:22:12.586] [main] [info] 840000 / 1416974 (59.28 %) Events processed ...
[2025-11-08 10:22:12.595] [main] [info] 850000 / 1416974 (59.99 %) Events processed ...
[2025-11-08 10:22:12.603] [main] [info] 860000 / 1416974 (60.69 %) Events processed ...
[2025-11-08 10:22:12.611] [main] [info] 870000 / 1416974 (61.40 %) Events processed ...
[2025-11-08 10:22:13.225] [main] [info] 880000 / 1416974 (62.10 %) Events processed ...
[2025-11-08 10:22:13.455] [main] [info] 890000 / 1416974 (62.81 %) Events processed ...
[2025-11-08 10:22:13.669] [main] [info] 900000 / 1416974 (63.52 %) Events processed ...
[2025-11-08 10:22:13.907] [main] [info] 910000 / 1416974 (64.22 %) Events processed ...
[2025-11-08 10:22:13.924] [main] [info] 920000 / 1416974 (64.93 %) Events processed ...
[2025-11-08 10:22:13.932] [main] [info] 930000 / 1416974 (65.63 %) Events processed ...
[2025-11-08 10:22:14.212] [main] [info] 940000 / 1416974 (66.34 %) Events processed ...
[2025-11-08 10:22:15.177] [main] [info] 950000 / 1416974 (67.04 %) Events processed ...
[2025-11-08 10:22:15.400] [main] [info] 960000 / 1416974 (67.75 %) Events processed ...
[2025-11-08 10:22:15.703] [main] [info] 970000 / 1416974 (68.46 %) Events processed ...
[2025-11-08 10:22:15.894] [main] [info] 980000 / 1416974 (69.16 %) Events processed ...
[2025-11-08 10:22:16.035] [main] [info] 990000 / 1416974 (69.87 %) Events processed ...
[2025-11-08 10:22:16.193] [main] [info] 1000000 / 1416974 (70.57 %) Events processed ...
[2025-11-08 10:22:16.410] [main] [info] 1010000 / 1416974 (71.28 %) Events processed ...
[2025-11-08 10:22:17.389] [main] [info] 1020000 / 1416974 (71.98 %) Events processed ...
[2025-11-08 10:22:17.534] [main] [info] 1030000 / 1416974 (72.69 %) Events processed ...
[2025-11-08 10:22:17.696] [main] [info] 1040000 / 1416974 (73.40 %) Events processed ...
[2025-11-08 10:22:17.921] [main] [info] 1050000 / 1416974 (74.10 %) Events processed ...
[2025-11-08 10:22:18.084] [main] [info] 1060000 / 1416974 (74.81 %) Events processed ...
[2025-11-08 10:22:18.226] [main] [info] 1070000 / 1416974 (75.51 %) Events processed ...
[2025-11-08 10:22:18.376] [main] [info] 1080000 / 1416974 (76.22 %) Events processed ...
[2025-11-08 10:22:19.718] [main] [info] 1090000 / 1416974 (76.92 %) Events processed ...
[2025-11-08 10:22:19.917] [main] [info] 1100000 / 1416974 (77.63 %) Events processed ...
[2025-11-08 10:22:20.110] [main] [info] 1110000 / 1416974 (78.34 %) Events processed ...
[2025-11-08 10:22:20.319] [main] [info] 1120000 / 1416974 (79.04 %) Events processed ...
[2025-11-08 10:22:20.539] [main] [info] 1130000 / 1416974 (79.75 %) Events processed ...
[2025-11-08 10:22:20.837] [main] [info] 1140000 / 1416974 (80.45 %) Events processed ...
[2025-11-08 10:22:21.040] [main] [info] 1150000 / 1416974 (81.16 %) Events processed ...
[2025-11-08 10:22:21.239] [main] [info] 1160000 / 1416974 (81.86 %) Events processed ...
[2025-11-08 10:22:21.980] [main] [info] 1170000 / 1416974 (82.57 %) Events processed ...
[2025-11-08 10:22:22.197] [main] [info] 1180000 / 1416974 (83.28 %) Events processed ...
[2025-11-08 10:22:22.400] [main] [info] 1190000 / 1416974 (83.98 %) Events processed ...
[2025-11-08 10:22:22.541] [main] [info] 1200000 / 1416974 (84.69 %) Events processed ...
[2025-11-08 10:22:22.727] [main] [info] 1210000 / 1416974 (85.39 %) Events processed ...
[2025-11-08 10:22:23.024] [main] [info] 1220000 / 1416974 (86.10 %) Events processed ...
[2025-11-08 10:22:23.226] [main] [info] 1230000 / 1416974 (86.80 %) Events processed ...
[2025-11-08 10:22:24.415] [main] [info] 1240000 / 1416974 (87.51 %) Events processed ...
[2025-11-08 10:22:24.626] [main] [info] 1250000 / 1416974 (88.22 %) Events processed ...
[2025-11-08 10:22:24.928] [main] [info] 1260000 / 1416974 (88.92 %) Events processed ...
[2025-11-08 10:22:25.106] [main] [info] 1270000 / 1416974 (89.63 %) Events processed ...
[2025-11-08 10:22:25.256] [main] [info] 1280000 / 1416974 (90.33 %) Events processed ...
[2025-11-08 10:22:25.473] [main] [info] 1290000 / 1416974 (91.04 %) Events processed ...
[2025-11-08 10:22:25.746] [main] [info] 1300000 / 1416974 (91.74 %) Events processed ...
[2025-11-08 10:22:26.822] [main] [info] 1310000 / 1416974 (92.45 %) Events processed ...
[2025-11-08 10:22:26.986] [main] [info] 1320000 / 1416974 (93.16 %) Events processed ...
[2025-11-08 10:22:27.149] [main] [info] 1330000 / 1416974 (93.86 %) Events processed ...
[2025-11-08 10:22:27.347] [main] [info] 1340000 / 1416974 (94.57 %) Events processed ...
[2025-11-08 10:22:27.587] [main] [info] 1350000 / 1416974 (95.27 %) Events processed ...
[2025-11-08 10:22:27.782] [main] [info] 1360000 / 1416974 (95.98 %) Events processed ...
[2025-11-08 10:22:27.979] [main] [info] 1370000 / 1416974 (96.68 %) Events processed ...
[2025-11-08 10:22:28.154] [main] [info] 1380000 / 1416974 (97.39 %) Events processed ...
[2025-11-08 10:22:29.302] [main] [info] 1390000 / 1416974 (98.10 %) Events processed ...
[2025-11-08 10:22:29.505] [main] [info] 1400000 / 1416974 (98.80 %) Events processed ...
[2025-11-08 10:22:29.704] [main] [info] 1410000 / 1416974 (99.51 %) Events processed ...
[2025-11-08 10:22:30.433] [main] [info] vbfhmm:
GoldenJSONFilter: pass=1249703    all=1416974    -- eff=88.20 % cumulative eff=88.20 %
Flag_goodVertices: pass=1247992    all=1249703    -- eff=99.86 % cumulative eff=88.07 %
Flag_globalSuperTightHalo2016Filter: pass=1247626    all=1247992    -- eff=99.97 % cumulative eff=88.05 %
Flag_EcalDeadCellTriggerPrimitiveFilter: pass=1247572    all=1247626    -- eff=100.00 % cumulative eff=88.04 %
Flag_BadPFMuonFilter: pass=1247169    all=1247572    -- eff=99.97 % cumulative eff=88.02 %
Flag_BadPFMuonDzFilter: pass=1247027    all=1247169    -- eff=99.99 % cumulative eff=88.01 %
Flag_eeBadScFilter: pass=1247027    all=1247027    -- eff=100.00 % cumulative eff=88.01 %
Flag_ecalBadCalibFilter: pass=1246950    all=1247027    -- eff=99.99 % cumulative eff=88.00 %
Flag_hfNoisyHitsFilter: pass=1244977    all=1246950    -- eff=99.84 % cumulative eff=87.86 %
Number of muons 2: pass=43550      all=1244977    -- eff=3.50 % cumulative eff=3.07 %
DiMuon From Higgs: pass=39158      all=43550      -- eff=89.92 % cumulative eff=2.76 %
LeptonChargeSum: pass=39149      all=39158      -- eff=99.98 % cumulative eff=2.76 %
[2025-11-08 10:22:30.988] [main] [info] Writing quantities map to /eos/user/j/jiahua/MC_2022EE_inc/Muon_UL22E-16Dec2023-v1/e2cac41d-3d06-41ae-8227-485f5d1dc151_vbfhmm.root
[2025-11-08 10:22:31.291] [main] [info] Finished Evaluation
[2025-11-08 10:22:31.291] [main] [info] Overall runtime (real time: 54.27, CPU time: 31.86)
