000 (12769440.001.000) 11/08 09:49:00 Job submitted from host: <188.185.121.235:9618?addrs=188.185.121.235-9618+[2001-1458-d00-49--100-36e]-9618&alias=bigbird22.cern.ch&noUDP&sock=schedd_232129_c3ca>
...
040 (12769440.001.000) 11/08 10:21:36 Started transferring input files
	Transferring to host: <188.185.214.139:9618?addrs=188.185.214.139-9618+[2001-1458-303-1d--100-7]-9618&alias=b9p30p7929.cern.ch&noUDP&sock=slot1_32_7453_1008_52093>
...
040 (12769440.001.000) 11/08 10:21:36 Finished transferring input files
...
001 (12769440.001.000) 11/08 10:21:37 Job executing on host: <188.185.214.139:9618?addrs=188.185.214.139-9618+[2001-1458-303-1d--100-7]-9618&alias=b9p30p7929.cern.ch&noUDP&sock=startd_7038_0fa2>
	SlotName: slot1_32@b9p30p7929.cern.ch
	CondorScratchDir = "/pool/condor/dir_363382"
	Cpus = 1
	Disk = 12907
	GPUs = 0
	Memory = 3000
...
006 (12769440.001.000) 11/08 10:21:51 Image size of job updated: 102988
	101  -  MemoryUsage of job (MB)
	102988  -  ResidentSetSize of job (KB)
...
006 (12769440.001.000) 11/08 10:22:20 Image size of job updated: 251044
	101  -  MemoryUsage of job (MB)
	102988  -  ResidentSetSize of job (KB)
...
040 (12769440.001.000) 11/08 10:22:20 Started transferring output files
...
040 (12769440.001.000) 11/08 10:22:20 Finished transferring output files
...
005 (12769440.001.000) 11/08 10:22:20 Job terminated.
	(1) Normal termination (return value 0)
		Usr 0 00:00:25, Sys 0 00:00:02  -  Run Remote Usage
		Usr 0 00:00:00, Sys 0 00:00:00  -  Run Local Usage
		Usr 0 00:00:25, Sys 0 00:00:02  -  Total Remote Usage
		Usr 0 00:00:00, Sys 0 00:00:00  -  Total Local Usage
	16681  -  Run Bytes Sent By Job
	10104414  -  Run Bytes Received By Job
	16681  -  Total Bytes Sent By Job
	10104414  -  Total Bytes Received By Job
	Partitionable Resources :    Usage  Request Allocated 
	   Cpus                 :        0        1         1 
	   Disk (KB)            :     9907    10000     12907 
	   GPUs                 :                           0 
	   Memory (MB)          :      101     3000      3000 
	   TimeExecute (s)      :       43                    
	   TimeSlotBusy (s)     :       44                    

	Job terminated of its own accord at 2025-11-08T09:22:20Z with exit-code 0.
...
