000 (12769440.282.000) 11/08 09:49:00 Job submitted from host: <188.185.121.235:9618?addrs=188.185.121.235-9618+[2001-1458-d00-49--100-36e]-9618&alias=bigbird22.cern.ch&noUDP&sock=schedd_232129_c3ca>
...
040 (12769440.282.000) 11/08 10:23:15 Started transferring input files
	Transferring to host: <188.185.210.136:9618?addrs=188.185.210.136-9618+[2001-1458-303-15--100-4]-9618&alias=b9p22p1286.cern.ch&noUDP&sock=slot1_32_4227_0dc5_64722>
...
040 (12769440.282.000) 11/08 10:23:15 Finished transferring input files
...
001 (12769440.282.000) 11/08 10:23:16 Job executing on host: <188.185.210.136:9618?addrs=188.185.210.136-9618+[2001-1458-303-15--100-4]-9618&alias=b9p22p1286.cern.ch&noUDP&sock=startd_3635_e2d9>
	SlotName: slot1_32@b9p22p1286.cern.ch
	CondorScratchDir = "/pool/condor/dir_2162621"
	Cpus = 1
	Disk = 12654
	GPUs = 0
	Memory = 3000
...
006 (12769440.282.000) 11/08 10:23:29 Image size of job updated: 118692
	116  -  MemoryUsage of job (MB)
	118692  -  ResidentSetSize of job (KB)
...
006 (12769440.282.000) 11/08 10:23:53 Image size of job updated: 251504
	116  -  MemoryUsage of job (MB)
	118692  -  ResidentSetSize of job (KB)
...
040 (12769440.282.000) 11/08 10:23:53 Started transferring output files
...
040 (12769440.282.000) 11/08 10:23:53 Finished transferring output files
...
005 (12769440.282.000) 11/08 10:23:53 Job terminated.
	(1) Normal termination (return value 0)
		Usr 0 00:00:24, Sys 0 00:00:02  -  Run Remote Usage
		Usr 0 00:00:00, Sys 0 00:00:00  -  Run Local Usage
		Usr 0 00:00:24, Sys 0 00:00:02  -  Total Remote Usage
		Usr 0 00:00:00, Sys 0 00:00:00  -  Total Local Usage
	16596  -  Run Bytes Sent By Job
	10104414  -  Run Bytes Received By Job
	16596  -  Total Bytes Sent By Job
	10104414  -  Total Bytes Received By Job
	Partitionable Resources :    Usage  Request Allocated 
	   Cpus                 :        0        1         1 
	   Disk (KB)            :     9907    10000     12654 
	   GPUs                 :                           0 
	   Memory (MB)          :      116     3000      3000 
	   TimeExecute (s)      :       37                    
	   TimeSlotBusy (s)     :       38                    

	Job terminated of its own accord at 2025-11-08T09:23:53Z with exit-code 0.
...
