Starting job on \n
Running on: Linux b9p22p1286.cern.ch 5.14.0-570.42.2.el9_6.x86_64 #1 SMP PREEMPT_DYNAMIC Mon Sep 8 12:15:13 EDT 2025 x86_64 x86_64 x86_64 GNU/Linux\n
System software: Red Hat Enterprise Linux release 9.6 (Plow)\n
Setting up CROWN for RedHatEnterprise Version 9.6
subject   : /DC=ch/DC=cern/OU=Organic Units/OU=Users/CN=jiahua/CN=851532/CN=Jiahua Chen/CN=1735721823
issuer    : /DC=ch/DC=cern/OU=Organic Units/OU=Users/CN=jiahua/CN=851532/CN=Jiahua Chen
identity  : /DC=ch/DC=cern/OU=Organic Units/OU=Users/CN=jiahua/CN=851532/CN=Jiahua Chen
type      : RFC compliant proxy
strength  : 2048 bits
path      : /afs/cern.ch/user/j/jiahua/proxy/x509up_u139833
timeleft  : 197:14:57
key usage : Digital Signature, Key Encipherment
=== VO cms extension information ===
VO        : cms
subject   : /DC=ch/DC=cern/OU=Organic Units/OU=Users/CN=jiahua/CN=851532/CN=Jiahua Chen
issuer    : /DC=ch/DC=cern/OU=computers/CN=cms-auth.cern.ch
attribute : /cms/Role=NULL/Capability=NULL
timeleft  : 189:14:57
uri       : voms-cms-auth.cern.ch:15000
subject   : /DC=ch/DC=cern/OU=Organic Units/OU=Users/CN=jiahua/CN=851532/CN=Jiahua Chen/CN=1735721823
issuer    : /DC=ch/DC=cern/OU=Organic Units/OU=Users/CN=jiahua/CN=851532/CN=Jiahua Chen
identity  : /DC=ch/DC=cern/OU=Organic Units/OU=Users/CN=jiahua/CN=851532/CN=Jiahua Chen
type      : RFC compliant proxy
strength  : 2048 bits
path      : /afs/cern.ch/user/j/jiahua/proxy/x509up_u139833
timeleft  : 197:14:57
key usage : Digital Signature, Key Encipherment
=== VO cms extension information ===
VO        : cms
subject   : /DC=ch/DC=cern/OU=Organic Units/OU=Users/CN=jiahua/CN=851532/CN=Jiahua Chen
issuer    : /DC=ch/DC=cern/OU=computers/CN=cms-auth.cern.ch
attribute : /cms/Role=NULL/Capability=NULL
timeleft  : 189:14:57
uri       : voms-cms-auth.cern.ch:15000
/eos/user/j/jiahua/MC_2022EE_inc/Muon_UL22F-19Dec2023-v1/bdb04071-8c0b-4568-b0f0-0de54498e7f6.root
[2025-11-08 10:24:01.584] [main] [info] Checking input files
[2025-11-08 10:24:04.970] [main] [info] NanoAOD input_file 1: root://cms-xrd-global.cern.ch//store/data/Run2022F/Muon/NANOAOD/19Dec2023-v1/50000/bdb04071-8c0b-4568-b0f0-0de54498e7f6.root - 896432 Events
[2025-11-08 10:24:04.970] [main] [info] input_file 1: root://cms-xrd-global.cern.ch//store/data/Run2022F/Muon/NANOAOD/19Dec2023-v1/50000/bdb04071-8c0b-4568-b0f0-0de54498e7f6.root - SumOfGenWeight: 7.64847741715542e-309 
[2025-11-08 10:24:04.970] [main] [info] Output directory: /eos/user/j/jiahua/MC_2022EE_inc/Muon_UL22F-19Dec2023-v1/bdb04071-8c0b-4568-b0f0-0de54498e7f6.root
[2025-11-08 10:24:04.971] [main] [info] Starting Setup of Dataframe with 896432 events
[2025-11-08 10:24:07.693] [main] [info] Finished Setup
[2025-11-08 10:24:07.693] [main] [info] Runtime for setup (real time: 2.72, CPU time: 2.28)
[2025-11-08 10:24:07.693] [main] [info] Starting Evaluation
[2025-11-08 10:24:13.463] [main] [info] 10000 / 896432 (1.12 %) Events processed ...
[2025-11-08 10:24:13.608] [main] [info] 20000 / 896432 (2.23 %) Events processed ...
[2025-11-08 10:24:13.752] [main] [info] 30000 / 896432 (3.35 %) Events processed ...
[2025-11-08 10:24:13.911] [main] [info] 40000 / 896432 (4.46 %) Events processed ...
[2025-11-08 10:24:14.132] [main] [info] 50000 / 896432 (5.58 %) Events processed ...
[2025-11-08 10:24:14.276] [main] [info] 60000 / 896432 (6.69 %) Events processed ...
[2025-11-08 10:24:14.422] [main] [info] 70000 / 896432 (7.81 %) Events processed ...
[2025-11-08 10:24:14.905] [main] [info] 80000 / 896432 (8.92 %) Events processed ...
[2025-11-08 10:24:15.017] [main] [info] 90000 / 896432 (10.04 %) Events processed ...
[2025-11-08 10:24:15.020] [main] [info] 100000 / 896432 (11.16 %) Events processed ...
[2025-11-08 10:24:15.023] [main] [info] 110000 / 896432 (12.27 %) Events processed ...
[2025-11-08 10:24:15.242] [main] [info] 120000 / 896432 (13.39 %) Events processed ...
[2025-11-08 10:24:15.403] [main] [info] 130000 / 896432 (14.50 %) Events processed ...
[2025-11-08 10:24:15.626] [main] [info] 140000 / 896432 (15.62 %) Events processed ...
[2025-11-08 10:24:16.403] [main] [info] 150000 / 896432 (16.73 %) Events processed ...
[2025-11-08 10:24:16.547] [main] [info] 160000 / 896432 (17.85 %) Events processed ...
[2025-11-08 10:24:16.707] [main] [info] 170000 / 896432 (18.96 %) Events processed ...
[2025-11-08 10:24:16.954] [main] [info] 180000 / 896432 (20.08 %) Events processed ...
[2025-11-08 10:24:17.100] [main] [info] 190000 / 896432 (21.20 %) Events processed ...
[2025-11-08 10:24:17.244] [main] [info] 200000 / 896432 (22.31 %) Events processed ...
[2025-11-08 10:24:17.397] [main] [info] 210000 / 896432 (23.43 %) Events processed ...
[2025-11-08 10:24:17.858] [main] [info] 220000 / 896432 (24.54 %) Events processed ...
[2025-11-08 10:24:18.075] [main] [info] 230000 / 896432 (25.66 %) Events processed ...
[2025-11-08 10:24:18.224] [main] [info] 240000 / 896432 (26.77 %) Events processed ...
[2025-11-08 10:24:18.368] [main] [info] 250000 / 896432 (27.89 %) Events processed ...
[2025-11-08 10:24:18.520] [main] [info] 260000 / 896432 (29.00 %) Events processed ...
[2025-11-08 10:24:18.750] [main] [info] 270000 / 896432 (30.12 %) Events processed ...
[2025-11-08 10:24:18.891] [main] [info] 280000 / 896432 (31.23 %) Events processed ...
[2025-11-08 10:24:19.333] [main] [info] 290000 / 896432 (32.35 %) Events processed ...
[2025-11-08 10:24:19.528] [main] [info] 300000 / 896432 (33.47 %) Events processed ...
[2025-11-08 10:24:19.687] [main] [info] 310000 / 896432 (34.58 %) Events processed ...
[2025-11-08 10:24:19.908] [main] [info] 320000 / 896432 (35.70 %) Events processed ...
[2025-11-08 10:24:20.051] [main] [info] 330000 / 896432 (36.81 %) Events processed ...
[2025-11-08 10:24:20.197] [main] [info] 340000 / 896432 (37.93 %) Events processed ...
[2025-11-08 10:24:20.353] [main] [info] 350000 / 896432 (39.04 %) Events processed ...
[2025-11-08 10:24:21.006] [main] [info] 360000 / 896432 (40.16 %) Events processed ...
[2025-11-08 10:24:21.152] [main] [info] 370000 / 896432 (41.27 %) Events processed ...
[2025-11-08 10:24:21.296] [main] [info] 380000 / 896432 (42.39 %) Events processed ...
[2025-11-08 10:24:21.447] [main] [info] 390000 / 896432 (43.51 %) Events processed ...
[2025-11-08 10:24:21.599] [main] [info] 400000 / 896432 (44.62 %) Events processed ...
[2025-11-08 10:24:21.821] [main] [info] 410000 / 896432 (45.74 %) Events processed ...
[2025-11-08 10:24:21.964] [main] [info] 420000 / 896432 (46.85 %) Events processed ...
[2025-11-08 10:24:22.123] [main] [info] 430000 / 896432 (47.97 %) Events processed ...
[2025-11-08 10:24:22.610] [main] [info] 440000 / 896432 (49.08 %) Events processed ...
[2025-11-08 10:24:22.847] [main] [info] 450000 / 896432 (50.20 %) Events processed ...
[2025-11-08 10:24:22.992] [main] [info] 460000 / 896432 (51.31 %) Events processed ...
[2025-11-08 10:24:23.138] [main] [info] 470000 / 896432 (52.43 %) Events processed ...
[2025-11-08 10:24:23.285] [main] [info] 480000 / 896432 (53.55 %) Events processed ...
[2025-11-08 10:24:23.516] [main] [info] 490000 / 896432 (54.66 %) Events processed ...
[2025-11-08 10:24:23.663] [main] [info] 500000 / 896432 (55.78 %) Events processed ...
[2025-11-08 10:24:24.095] [main] [info] 510000 / 896432 (56.89 %) Events processed ...
[2025-11-08 10:24:24.237] [main] [info] 520000 / 896432 (58.01 %) Events processed ...
[2025-11-08 10:24:24.395] [main] [info] 530000 / 896432 (59.12 %) Events processed ...
[2025-11-08 10:24:24.612] [main] [info] 540000 / 896432 (60.24 %) Events processed ...
[2025-11-08 10:24:24.755] [main] [info] 550000 / 896432 (61.35 %) Events processed ...
[2025-11-08 10:24:24.967] [main] [info] 560000 / 896432 (62.47 %) Events processed ...
[2025-11-08 10:24:25.119] [main] [info] 570000 / 896432 (63.59 %) Events processed ...
[2025-11-08 10:24:25.660] [main] [info] 580000 / 896432 (64.70 %) Events processed ...
[2025-11-08 10:24:25.801] [main] [info] 590000 / 896432 (65.82 %) Events processed ...
[2025-11-08 10:24:25.946] [main] [info] 600000 / 896432 (66.93 %) Events processed ...
[2025-11-08 10:24:26.094] [main] [info] 610000 / 896432 (68.05 %) Events processed ...
[2025-11-08 10:24:26.249] [main] [info] 620000 / 896432 (69.16 %) Events processed ...
[2025-11-08 10:24:26.472] [main] [info] 630000 / 896432 (70.28 %) Events processed ...
[2025-11-08 10:24:26.613] [main] [info] 640000 / 896432 (71.39 %) Events processed ...
[2025-11-08 10:24:26.757] [main] [info] 650000 / 896432 (72.51 %) Events processed ...
[2025-11-08 10:24:27.201] [main] [info] 660000 / 896432 (73.63 %) Events processed ...
[2025-11-08 10:24:27.436] [main] [info] 670000 / 896432 (74.74 %) Events processed ...
[2025-11-08 10:24:27.589] [main] [info] 680000 / 896432 (75.86 %) Events processed ...
[2025-11-08 10:24:27.728] [main] [info] 690000 / 896432 (76.97 %) Events processed ...
[2025-11-08 10:24:27.866] [main] [info] 700000 / 896432 (78.09 %) Events processed ...
[2025-11-08 10:24:28.020] [main] [info] 710000 / 896432 (79.20 %) Events processed ...
[2025-11-08 10:24:28.236] [main] [info] 720000 / 896432 (80.32 %) Events processed ...
[2025-11-08 10:24:28.621] [main] [info] 730000 / 896432 (81.43 %) Events processed ...
[2025-11-08 10:24:28.762] [main] [info] 740000 / 896432 (82.55 %) Events processed ...
[2025-11-08 10:24:28.915] [main] [info] 750000 / 896432 (83.67 %) Events processed ...
[2025-11-08 10:24:29.139] [main] [info] 760000 / 896432 (84.78 %) Events processed ...
[2025-11-08 10:24:29.287] [main] [info] 770000 / 896432 (85.90 %) Events processed ...
[2025-11-08 10:24:29.430] [main] [info] 780000 / 896432 (87.01 %) Events processed ...
[2025-11-08 10:24:29.577] [main] [info] 790000 / 896432 (88.13 %) Events processed ...
[2025-11-08 10:24:30.028] [main] [info] 800000 / 896432 (89.24 %) Events processed ...
[2025-11-08 10:24:30.251] [main] [info] 810000 / 896432 (90.36 %) Events processed ...
[2025-11-08 10:24:30.483] [main] [info] 820000 / 896432 (91.47 %) Events processed ...
[2025-11-08 10:24:30.639] [main] [info] 830000 / 896432 (92.59 %) Events processed ...
[2025-11-08 10:24:30.800] [main] [info] 840000 / 896432 (93.70 %) Events processed ...
[2025-11-08 10:24:31.019] [main] [info] 850000 / 896432 (94.82 %) Events processed ...
[2025-11-08 10:24:31.339] [main] [info] 860000 / 896432 (95.94 %) Events processed ...
[2025-11-08 10:24:31.482] [main] [info] 870000 / 896432 (97.05 %) Events processed ...
[2025-11-08 10:24:31.633] [main] [info] 880000 / 896432 (98.17 %) Events processed ...
[2025-11-08 10:24:31.800] [main] [info] 890000 / 896432 (99.28 %) Events processed ...
[2025-11-08 10:24:32.021] [main] [info] vbfhmm:
GoldenJSONFilter: pass=869506     all=896432     -- eff=97.00 % cumulative eff=97.00 %
Flag_goodVertices: pass=868728     all=869506     -- eff=99.91 % cumulative eff=96.91 %
Flag_globalSuperTightHalo2016Filter: pass=868467     all=868728     -- eff=99.97 % cumulative eff=96.88 %
Flag_EcalDeadCellTriggerPrimitiveFilter: pass=868449     all=868467     -- eff=100.00 % cumulative eff=96.88 %
Flag_BadPFMuonFilter: pass=868023     all=868449     -- eff=99.95 % cumulative eff=96.83 %
Flag_BadPFMuonDzFilter: pass=867860     all=868023     -- eff=99.98 % cumulative eff=96.81 %
Flag_eeBadScFilter: pass=867860     all=867860     -- eff=100.00 % cumulative eff=96.81 %
Flag_ecalBadCalibFilter: pass=867809     all=867860     -- eff=99.99 % cumulative eff=96.81 %
Flag_hfNoisyHitsFilter: pass=866483     all=867809     -- eff=99.85 % cumulative eff=96.66 %
Number of muons 2: pass=29371      all=866483     -- eff=3.39 % cumulative eff=3.28 %
DiMuon From Higgs: pass=26494      all=29371      -- eff=90.20 % cumulative eff=2.96 %
LeptonChargeSum: pass=26486      all=26494      -- eff=99.97 % cumulative eff=2.95 %
[2025-11-08 10:24:32.159] [main] [info] Writing quantities map to /eos/user/j/jiahua/MC_2022EE_inc/Muon_UL22F-19Dec2023-v1/bdb04071-8c0b-4568-b0f0-0de54498e7f6_vbfhmm.root
[2025-11-08 10:24:32.284] [main] [info] Finished Evaluation
[2025-11-08 10:24:32.284] [main] [info] Overall runtime (real time: 27.31, CPU time: 21.85)
