000 (12769441.093.000) 11/08 09:49:01 Job submitted from host: <188.185.121.235:9618?addrs=188.185.121.235-9618+[2001-1458-d00-49--100-36e]-9618&alias=bigbird22.cern.ch&noUDP&sock=schedd_232129_c3ca>
...
040 (12769441.093.000) 11/08 10:25:02 Started transferring input files
	Transferring to host: <188.185.215.50:9618?addrs=188.185.215.50-9618+[2001-1458-303-1e--100-2e]-9618&alias=b9p31p5742.cern.ch&noUDP&sock=slot1_12_4342_14ea_47909>
...
040 (12769441.093.000) 11/08 10:25:02 Finished transferring input files
...
001 (12769441.093.000) 11/08 10:25:03 Job executing on host: <188.185.215.50:9618?addrs=188.185.215.50-9618+[2001-1458-303-1e--100-2e]-9618&alias=b9p31p5742.cern.ch&noUDP&sock=startd_3653_3b8d>
	SlotName: slot1_12@b9p31p5742.cern.ch
	CondorScratchDir = "/pool/condor/dir_2284209"
	Cpus = 1
	Disk = 16360
	GPUs = 0
	Memory = 3000
...
006 (12769441.093.000) 11/08 10:25:17 Image size of job updated: 104904
	103  -  MemoryUsage of job (MB)
	104904  -  ResidentSetSize of job (KB)
...
006 (12769441.093.000) 11/08 10:26:09 Image size of job updated: 256176
	107  -  MemoryUsage of job (MB)
	108772  -  ResidentSetSize of job (KB)
...
040 (12769441.093.000) 11/08 10:26:09 Started transferring output files
...
040 (12769441.093.000) 11/08 10:26:09 Finished transferring output files
...
005 (12769441.093.000) 11/08 10:26:09 Job terminated.
	(1) Normal termination (return value 0)
		Usr 0 00:00:28, Sys 0 00:00:02  -  Run Remote Usage
		Usr 0 00:00:00, Sys 0 00:00:00  -  Run Local Usage
		Usr 0 00:00:28, Sys 0 00:00:02  -  Total Remote Usage
		Usr 0 00:00:00, Sys 0 00:00:00  -  Total Local Usage
	17291  -  Run Bytes Sent By Job
	10104414  -  Run Bytes Received By Job
	17291  -  Total Bytes Sent By Job
	10104414  -  Total Bytes Received By Job
	Partitionable Resources :    Usage  Request Allocated 
	   Cpus                 :        0        1         1 
	   Disk (KB)            :     9909    10000     16360 
	   GPUs                 :                           0 
	   Memory (MB)          :      107     3000      3000 
	   TimeExecute (s)      :       66                    
	   TimeSlotBusy (s)     :       67                    

	Job terminated of its own accord at 2025-11-08T09:26:09Z with exit-code 0.
...
