Starting job on \n
Running on: Linux b9p20p8066.cern.ch 5.14.0-570.44.1.el9_6.x86_64 #1 SMP PREEMPT_DYNAMIC Tue Sep 9 05:17:30 EDT 2025 x86_64 x86_64 x86_64 GNU/Linux\n
System software: Red Hat Enterprise Linux release 9.6 (Plow)\n
Setting up CROWN for RedHatEnterprise Version 9.6
subject   : /DC=ch/DC=cern/OU=Organic Units/OU=Users/CN=jiahua/CN=851532/CN=Jiahua Chen/CN=1735721823
issuer    : /DC=ch/DC=cern/OU=Organic Units/OU=Users/CN=jiahua/CN=851532/CN=Jiahua Chen
identity  : /DC=ch/DC=cern/OU=Organic Units/OU=Users/CN=jiahua/CN=851532/CN=Jiahua Chen
type      : RFC compliant proxy
strength  : 2048 bits
path      : /afs/cern.ch/user/j/jiahua/proxy/x509up_u139833
timeleft  : 197:15:50
key usage : Digital Signature, Key Encipherment
=== VO cms extension information ===
VO        : cms
subject   : /DC=ch/DC=cern/OU=Organic Units/OU=Users/CN=jiahua/CN=851532/CN=Jiahua Chen
issuer    : /DC=ch/DC=cern/OU=computers/CN=cms-auth.cern.ch
attribute : /cms/Role=NULL/Capability=NULL
timeleft  : 189:15:50
uri       : voms-cms-auth.cern.ch:15000
subject   : /DC=ch/DC=cern/OU=Organic Units/OU=Users/CN=jiahua/CN=851532/CN=Jiahua Chen/CN=1735721823
issuer    : /DC=ch/DC=cern/OU=Organic Units/OU=Users/CN=jiahua/CN=851532/CN=Jiahua Chen
identity  : /DC=ch/DC=cern/OU=Organic Units/OU=Users/CN=jiahua/CN=851532/CN=Jiahua Chen
type      : RFC compliant proxy
strength  : 2048 bits
path      : /afs/cern.ch/user/j/jiahua/proxy/x509up_u139833
timeleft  : 197:15:50
key usage : Digital Signature, Key Encipherment
=== VO cms extension information ===
VO        : cms
subject   : /DC=ch/DC=cern/OU=Organic Units/OU=Users/CN=jiahua/CN=851532/CN=Jiahua Chen
issuer    : /DC=ch/DC=cern/OU=computers/CN=cms-auth.cern.ch
attribute : /cms/Role=NULL/Capability=NULL
timeleft  : 189:15:50
uri       : voms-cms-auth.cern.ch:15000
/eos/user/j/jiahua/MC_2022EE_inc/Muon_UL22F-19Dec2023-v1/01c61edf-b1ed-4e35-9a26-14aea6869acf.root
[2025-11-08 10:23:08.612] [main] [info] Checking input files
[2025-11-08 10:23:14.189] [main] [info] NanoAOD input_file 1: root://cms-xrd-global.cern.ch//store/data/Run2022F/Muon/NANOAOD/19Dec2023-v1/2550000/01c61edf-b1ed-4e35-9a26-14aea6869acf.root - 830382 Events
[2025-11-08 10:23:14.189] [main] [info] input_file 1: root://cms-xrd-global.cern.ch//store/data/Run2022F/Muon/NANOAOD/19Dec2023-v1/2550000/01c61edf-b1ed-4e35-9a26-14aea6869acf.root - SumOfGenWeight: 0 
[2025-11-08 10:23:14.189] [main] [info] Output directory: /eos/user/j/jiahua/MC_2022EE_inc/Muon_UL22F-19Dec2023-v1/01c61edf-b1ed-4e35-9a26-14aea6869acf.root
[2025-11-08 10:23:14.190] [main] [info] Starting Setup of Dataframe with 830382 events
[2025-11-08 10:23:18.757] [main] [info] Finished Setup
[2025-11-08 10:23:18.757] [main] [info] Runtime for setup (real time: 4.57, CPU time: 4.16)
[2025-11-08 10:23:18.757] [main] [info] Starting Evaluation
[2025-11-08 10:23:29.342] [main] [info] 10000 / 830382 (1.20 %) Events processed ...
[2025-11-08 10:23:29.888] [main] [info] 20000 / 830382 (2.41 %) Events processed ...
[2025-11-08 10:23:30.203] [main] [info] 30000 / 830382 (3.61 %) Events processed ...
[2025-11-08 10:23:30.538] [main] [info] 40000 / 830382 (4.82 %) Events processed ...
[2025-11-08 10:23:31.033] [main] [info] 50000 / 830382 (6.02 %) Events processed ...
[2025-11-08 10:23:31.348] [main] [info] 60000 / 830382 (7.23 %) Events processed ...
[2025-11-08 10:23:31.669] [main] [info] 70000 / 830382 (8.43 %) Events processed ...
[2025-11-08 10:23:32.217] [main] [info] 80000 / 830382 (9.63 %) Events processed ...
[2025-11-08 10:23:32.561] [main] [info] 90000 / 830382 (10.84 %) Events processed ...
[2025-11-08 10:23:33.045] [main] [info] 100000 / 830382 (12.04 %) Events processed ...
[2025-11-08 10:23:33.372] [main] [info] 110000 / 830382 (13.25 %) Events processed ...
[2025-11-08 10:23:33.691] [main] [info] 120000 / 830382 (14.45 %) Events processed ...
[2025-11-08 10:23:34.007] [main] [info] 130000 / 830382 (15.66 %) Events processed ...
[2025-11-08 10:23:34.369] [main] [info] 140000 / 830382 (16.86 %) Events processed ...
[2025-11-08 10:23:35.178] [main] [info] 150000 / 830382 (18.06 %) Events processed ...
[2025-11-08 10:23:35.510] [main] [info] 160000 / 830382 (19.27 %) Events processed ...
[2025-11-08 10:23:35.828] [main] [info] 170000 / 830382 (20.47 %) Events processed ...
[2025-11-08 10:23:36.141] [main] [info] 180000 / 830382 (21.68 %) Events processed ...
[2025-11-08 10:23:36.489] [main] [info] 190000 / 830382 (22.88 %) Events processed ...
[2025-11-08 10:23:36.971] [main] [info] 200000 / 830382 (24.09 %) Events processed ...
[2025-11-08 10:23:37.289] [main] [info] 210000 / 830382 (25.29 %) Events processed ...
[2025-11-08 10:23:37.781] [main] [info] 220000 / 830382 (26.49 %) Events processed ...
[2025-11-08 10:23:38.120] [main] [info] 230000 / 830382 (27.70 %) Events processed ...
[2025-11-08 10:23:38.369] [main] [info] 240000 / 830382 (28.90 %) Events processed ...
[2025-11-08 10:23:38.680] [main] [info] 250000 / 830382 (30.11 %) Events processed ...
[2025-11-08 10:23:38.885] [main] [info] 260000 / 830382 (31.31 %) Events processed ...
[2025-11-08 10:23:39.128] [main] [info] 270000 / 830382 (32.52 %) Events processed ...
[2025-11-08 10:23:39.347] [main] [info] 280000 / 830382 (33.72 %) Events processed ...
[2025-11-08 10:23:40.213] [main] [info] 290000 / 830382 (34.92 %) Events processed ...
[2025-11-08 10:23:40.642] [main] [info] 300000 / 830382 (36.13 %) Events processed ...
[2025-11-08 10:23:40.965] [main] [info] 310000 / 830382 (37.33 %) Events processed ...
[2025-11-08 10:23:41.280] [main] [info] 320000 / 830382 (38.54 %) Events processed ...
[2025-11-08 10:23:41.625] [main] [info] 330000 / 830382 (39.74 %) Events processed ...
[2025-11-08 10:23:42.129] [main] [info] 340000 / 830382 (40.95 %) Events processed ...
[2025-11-08 10:23:42.877] [main] [info] 350000 / 830382 (42.15 %) Events processed ...
[2025-11-08 10:23:43.184] [main] [info] 360000 / 830382 (43.35 %) Events processed ...
[2025-11-08 10:23:43.507] [main] [info] 370000 / 830382 (44.56 %) Events processed ...
[2025-11-08 10:23:43.875] [main] [info] 380000 / 830382 (45.76 %) Events processed ...
[2025-11-08 10:23:44.353] [main] [info] 390000 / 830382 (46.97 %) Events processed ...
[2025-11-08 10:23:44.676] [main] [info] 400000 / 830382 (48.17 %) Events processed ...
[2025-11-08 10:23:45.003] [main] [info] 410000 / 830382 (49.37 %) Events processed ...
[2025-11-08 10:23:45.335] [main] [info] 420000 / 830382 (50.58 %) Events processed ...
[2025-11-08 10:23:45.944] [main] [info] 430000 / 830382 (51.78 %) Events processed ...
[2025-11-08 10:23:46.441] [main] [info] 440000 / 830382 (52.99 %) Events processed ...
[2025-11-08 10:23:46.778] [main] [info] 450000 / 830382 (54.19 %) Events processed ...
[2025-11-08 10:23:47.102] [main] [info] 460000 / 830382 (55.40 %) Events processed ...
[2025-11-08 10:23:47.443] [main] [info] 470000 / 830382 (56.60 %) Events processed ...
[2025-11-08 10:23:47.778] [main] [info] 480000 / 830382 (57.80 %) Events processed ...
[2025-11-08 10:23:48.259] [main] [info] 490000 / 830382 (59.01 %) Events processed ...
[2025-11-08 10:23:48.838] [main] [info] 500000 / 830382 (60.21 %) Events processed ...
[2025-11-08 10:23:49.178] [main] [info] 510000 / 830382 (61.42 %) Events processed ...
[2025-11-08 10:23:49.522] [main] [info] 520000 / 830382 (62.62 %) Events processed ...
[2025-11-08 10:23:50.007] [main] [info] 530000 / 830382 (63.83 %) Events processed ...
[2025-11-08 10:23:50.336] [main] [info] 540000 / 830382 (65.03 %) Events processed ...
[2025-11-08 10:23:50.676] [main] [info] 550000 / 830382 (66.23 %) Events processed ...
[2025-11-08 10:23:51.000] [main] [info] 560000 / 830382 (67.44 %) Events processed ...
[2025-11-08 10:23:51.822] [main] [info] 570000 / 830382 (68.64 %) Events processed ...
[2025-11-08 10:23:52.321] [main] [info] 580000 / 830382 (69.85 %) Events processed ...
[2025-11-08 10:23:52.739] [main] [info] 590000 / 830382 (71.05 %) Events processed ...
[2025-11-08 10:23:53.056] [main] [info] 600000 / 830382 (72.26 %) Events processed ...
[2025-11-08 10:23:53.380] [main] [info] 610000 / 830382 (73.46 %) Events processed ...
[2025-11-08 10:23:53.735] [main] [info] 620000 / 830382 (74.66 %) Events processed ...
[2025-11-08 10:23:54.233] [main] [info] 630000 / 830382 (75.87 %) Events processed ...
[2025-11-08 10:23:54.822] [main] [info] 640000 / 830382 (77.07 %) Events processed ...
[2025-11-08 10:23:55.036] [main] [info] 650000 / 830382 (78.28 %) Events processed ...
[2025-11-08 10:23:55.245] [main] [info] 660000 / 830382 (79.48 %) Events processed ...
[2025-11-08 10:23:55.474] [main] [info] 670000 / 830382 (80.69 %) Events processed ...
[2025-11-08 10:23:55.784] [main] [info] 680000 / 830382 (81.89 %) Events processed ...
[2025-11-08 10:23:55.989] [main] [info] 690000 / 830382 (83.09 %) Events processed ...
[2025-11-08 10:23:56.192] [main] [info] 700000 / 830382 (84.30 %) Events processed ...
[2025-11-08 10:23:56.397] [main] [info] 710000 / 830382 (85.50 %) Events processed ...
[2025-11-08 10:23:57.099] [main] [info] 720000 / 830382 (86.71 %) Events processed ...
[2025-11-08 10:23:57.521] [main] [info] 730000 / 830382 (87.91 %) Events processed ...
[2025-11-08 10:23:57.815] [main] [info] 740000 / 830382 (89.12 %) Events processed ...
[2025-11-08 10:23:58.106] [main] [info] 750000 / 830382 (90.32 %) Events processed ...
[2025-11-08 10:23:58.414] [main] [info] 760000 / 830382 (91.52 %) Events processed ...
[2025-11-08 10:23:58.861] [main] [info] 770000 / 830382 (92.73 %) Events processed ...
[2025-11-08 10:23:59.148] [main] [info] 780000 / 830382 (93.93 %) Events processed ...
[2025-11-08 10:23:59.774] [main] [info] 790000 / 830382 (95.14 %) Events processed ...
[2025-11-08 10:24:00.051] [main] [info] 800000 / 830382 (96.34 %) Events processed ...
[2025-11-08 10:24:00.360] [main] [info] 810000 / 830382 (97.55 %) Events processed ...
[2025-11-08 10:24:00.788] [main] [info] 820000 / 830382 (98.75 %) Events processed ...
[2025-11-08 10:24:00.841] [main] [info] 830000 / 830382 (99.95 %) Events processed ...
[2025-11-08 10:24:01.066] [main] [info] vbfhmm:
GoldenJSONFilter: pass=810998     all=830382     -- eff=97.67 % cumulative eff=97.67 %
Flag_goodVertices: pass=810473     all=810998     -- eff=99.94 % cumulative eff=97.60 %
Flag_globalSuperTightHalo2016Filter: pass=810177     all=810473     -- eff=99.96 % cumulative eff=97.57 %
Flag_EcalDeadCellTriggerPrimitiveFilter: pass=810143     all=810177     -- eff=100.00 % cumulative eff=97.56 %
Flag_BadPFMuonFilter: pass=809717     all=810143     -- eff=99.95 % cumulative eff=97.51 %
Flag_BadPFMuonDzFilter: pass=809558     all=809717     -- eff=99.98 % cumulative eff=97.49 %
Flag_eeBadScFilter: pass=809558     all=809558     -- eff=100.00 % cumulative eff=97.49 %
Flag_ecalBadCalibFilter: pass=809489     all=809558     -- eff=99.99 % cumulative eff=97.48 %
Flag_hfNoisyHitsFilter: pass=808141     all=809489     -- eff=99.83 % cumulative eff=97.32 %
Number of muons 2: pass=25775      all=808141     -- eff=3.19 % cumulative eff=3.10 %
DiMuon From Higgs: pass=23262      all=25775      -- eff=90.25 % cumulative eff=2.80 %
LeptonChargeSum: pass=23252      all=23262      -- eff=99.96 % cumulative eff=2.80 %
[2025-11-08 10:24:01.193] [main] [info] Writing quantities map to /eos/user/j/jiahua/MC_2022EE_inc/Muon_UL22F-19Dec2023-v1/01c61edf-b1ed-4e35-9a26-14aea6869acf_vbfhmm.root
[2025-11-08 10:24:01.387] [main] [info] Finished Evaluation
[2025-11-08 10:24:01.387] [main] [info] Overall runtime (real time: 47.20, CPU time: 42.38)
