Starting job on \n
Running on: Linux b9p26p0182.cern.ch 5.14.0-570.44.1.el9_6.x86_64 #1 SMP PREEMPT_DYNAMIC Tue Sep 9 05:17:30 EDT 2025 x86_64 x86_64 x86_64 GNU/Linux\n
System software: Red Hat Enterprise Linux release 9.6 (Plow)\n
Setting up CROWN for RedHatEnterprise Version 9.6
subject   : /DC=ch/DC=cern/OU=Organic Units/OU=Users/CN=jiahua/CN=851532/CN=Jiahua Chen/CN=1735721823
issuer    : /DC=ch/DC=cern/OU=Organic Units/OU=Users/CN=jiahua/CN=851532/CN=Jiahua Chen
identity  : /DC=ch/DC=cern/OU=Organic Units/OU=Users/CN=jiahua/CN=851532/CN=Jiahua Chen
type      : RFC compliant proxy
strength  : 2048 bits
path      : /afs/cern.ch/user/j/jiahua/proxy/x509up_u139833
timeleft  : 197:17:38
key usage : Digital Signature, Key Encipherment
=== VO cms extension information ===
VO        : cms
subject   : /DC=ch/DC=cern/OU=Organic Units/OU=Users/CN=jiahua/CN=851532/CN=Jiahua Chen
issuer    : /DC=ch/DC=cern/OU=computers/CN=cms-auth.cern.ch
attribute : /cms/Role=NULL/Capability=NULL
timeleft  : 189:17:38
uri       : voms-cms-auth.cern.ch:15000
subject   : /DC=ch/DC=cern/OU=Organic Units/OU=Users/CN=jiahua/CN=851532/CN=Jiahua Chen/CN=1735721823
issuer    : /DC=ch/DC=cern/OU=Organic Units/OU=Users/CN=jiahua/CN=851532/CN=Jiahua Chen
identity  : /DC=ch/DC=cern/OU=Organic Units/OU=Users/CN=jiahua/CN=851532/CN=Jiahua Chen
type      : RFC compliant proxy
strength  : 2048 bits
path      : /afs/cern.ch/user/j/jiahua/proxy/x509up_u139833
timeleft  : 197:17:38
key usage : Digital Signature, Key Encipherment
=== VO cms extension information ===
VO        : cms
subject   : /DC=ch/DC=cern/OU=Organic Units/OU=Users/CN=jiahua/CN=851532/CN=Jiahua Chen
issuer    : /DC=ch/DC=cern/OU=computers/CN=cms-auth.cern.ch
attribute : /cms/Role=NULL/Capability=NULL
timeleft  : 189:17:38
uri       : voms-cms-auth.cern.ch:15000
/eos/user/j/jiahua/MC_2022EE_inc/Muon_UL22E-16Dec2023-v1/77d3cc79-f4d1-410d-a5a1-2addc91f7732.root
[2025-11-08 10:21:20.916] [main] [info] Checking input files
[2025-11-08 10:21:24.875] [main] [info] NanoAOD input_file 1: root://cms-xrd-global.cern.ch//store/data/Run2022E/Muon/NANOAOD/16Dec2023-v1/2540000/77d3cc79-f4d1-410d-a5a1-2addc91f7732.root - 1356607 Events
[2025-11-08 10:21:24.888] [main] [info] input_file 1: root://cms-xrd-global.cern.ch//store/data/Run2022E/Muon/NANOAOD/16Dec2023-v1/2540000/77d3cc79-f4d1-410d-a5a1-2addc91f7732.root - SumOfGenWeight: 1.9468227073429776e-308 
[2025-11-08 10:21:24.889] [main] [info] Output directory: /eos/user/j/jiahua/MC_2022EE_inc/Muon_UL22E-16Dec2023-v1/77d3cc79-f4d1-410d-a5a1-2addc91f7732.root
[2025-11-08 10:21:24.890] [main] [info] Starting Setup of Dataframe with 1356607 events
[2025-11-08 10:21:25.955] [main] [info] Finished Setup
[2025-11-08 10:21:25.955] [main] [info] Runtime for setup (real time: 1.07, CPU time: 0.80)
[2025-11-08 10:21:25.955] [main] [info] Starting Evaluation
[2025-11-08 10:21:32.046] [main] [info] 10000 / 1356607 (0.74 %) Events processed ...
[2025-11-08 10:21:32.245] [main] [info] 20000 / 1356607 (1.47 %) Events processed ...
[2025-11-08 10:21:32.457] [main] [info] 30000 / 1356607 (2.21 %) Events processed ...
[2025-11-08 10:21:32.768] [main] [info] 40000 / 1356607 (2.95 %) Events processed ...
[2025-11-08 10:21:32.966] [main] [info] 50000 / 1356607 (3.69 %) Events processed ...
[2025-11-08 10:21:33.165] [main] [info] 60000 / 1356607 (4.42 %) Events processed ...
[2025-11-08 10:21:33.368] [main] [info] 70000 / 1356607 (5.16 %) Events processed ...
[2025-11-08 10:21:34.167] [main] [info] 80000 / 1356607 (5.90 %) Events processed ...
[2025-11-08 10:21:34.366] [main] [info] 90000 / 1356607 (6.63 %) Events processed ...
[2025-11-08 10:21:34.431] [main] [info] 100000 / 1356607 (7.37 %) Events processed ...
[2025-11-08 10:21:34.436] [main] [info] 110000 / 1356607 (8.11 %) Events processed ...
[2025-11-08 10:21:34.441] [main] [info] 120000 / 1356607 (8.85 %) Events processed ...
[2025-11-08 10:21:34.446] [main] [info] 130000 / 1356607 (9.58 %) Events processed ...
[2025-11-08 10:21:34.451] [main] [info] 140000 / 1356607 (10.32 %) Events processed ...
[2025-11-08 10:21:34.866] [main] [info] 150000 / 1356607 (11.06 %) Events processed ...
[2025-11-08 10:21:34.871] [main] [info] 160000 / 1356607 (11.79 %) Events processed ...
[2025-11-08 10:21:34.876] [main] [info] 170000 / 1356607 (12.53 %) Events processed ...
[2025-11-08 10:21:35.007] [main] [info] 180000 / 1356607 (13.27 %) Events processed ...
[2025-11-08 10:21:35.211] [main] [info] 190000 / 1356607 (14.01 %) Events processed ...
[2025-11-08 10:21:35.538] [main] [info] 200000 / 1356607 (14.74 %) Events processed ...
[2025-11-08 10:21:35.738] [main] [info] 210000 / 1356607 (15.48 %) Events processed ...
[2025-11-08 10:21:36.656] [main] [info] 220000 / 1356607 (16.22 %) Events processed ...
[2025-11-08 10:21:36.861] [main] [info] 230000 / 1356607 (16.95 %) Events processed ...
[2025-11-08 10:21:37.160] [main] [info] 240000 / 1356607 (17.69 %) Events processed ...
[2025-11-08 10:21:37.351] [main] [info] 250000 / 1356607 (18.43 %) Events processed ...
[2025-11-08 10:21:37.540] [main] [info] 260000 / 1356607 (19.17 %) Events processed ...
[2025-11-08 10:21:37.744] [main] [info] 270000 / 1356607 (19.90 %) Events processed ...
[2025-11-08 10:21:38.040] [main] [info] 280000 / 1356607 (20.64 %) Events processed ...
[2025-11-08 10:21:38.660] [main] [info] 290000 / 1356607 (21.38 %) Events processed ...
[2025-11-08 10:21:38.859] [main] [info] 300000 / 1356607 (22.11 %) Events processed ...
[2025-11-08 10:21:39.081] [main] [info] 310000 / 1356607 (22.85 %) Events processed ...
[2025-11-08 10:21:39.446] [main] [info] 320000 / 1356607 (23.59 %) Events processed ...
[2025-11-08 10:21:39.645] [main] [info] 330000 / 1356607 (24.33 %) Events processed ...
[2025-11-08 10:21:39.812] [main] [info] 340000 / 1356607 (25.06 %) Events processed ...
[2025-11-08 10:21:39.820] [main] [info] 350000 / 1356607 (25.80 %) Events processed ...
[2025-11-08 10:21:40.296] [main] [info] 360000 / 1356607 (26.54 %) Events processed ...
[2025-11-08 10:21:40.578] [main] [info] 370000 / 1356607 (27.27 %) Events processed ...
[2025-11-08 10:21:40.780] [main] [info] 380000 / 1356607 (28.01 %) Events processed ...
[2025-11-08 10:21:41.000] [main] [info] 390000 / 1356607 (28.75 %) Events processed ...
[2025-11-08 10:21:41.253] [main] [info] 400000 / 1356607 (29.49 %) Events processed ...
[2025-11-08 10:21:41.392] [main] [info] 410000 / 1356607 (30.22 %) Events processed ...
[2025-11-08 10:21:41.533] [main] [info] 420000 / 1356607 (30.96 %) Events processed ...
[2025-11-08 10:21:41.687] [main] [info] 430000 / 1356607 (31.70 %) Events processed ...
[2025-11-08 10:21:42.538] [main] [info] 440000 / 1356607 (32.43 %) Events processed ...
[2025-11-08 10:21:42.755] [main] [info] 450000 / 1356607 (33.17 %) Events processed ...
[2025-11-08 10:21:42.958] [main] [info] 460000 / 1356607 (33.91 %) Events processed ...
[2025-11-08 10:21:43.128] [main] [info] 470000 / 1356607 (34.65 %) Events processed ...
[2025-11-08 10:21:43.358] [main] [info] 480000 / 1356607 (35.38 %) Events processed ...
[2025-11-08 10:21:43.504] [main] [info] 490000 / 1356607 (36.12 %) Events processed ...
[2025-11-08 10:21:43.651] [main] [info] 500000 / 1356607 (36.86 %) Events processed ...
[2025-11-08 10:21:44.356] [main] [info] 510000 / 1356607 (37.59 %) Events processed ...
[2025-11-08 10:21:44.596] [main] [info] 520000 / 1356607 (38.33 %) Events processed ...
[2025-11-08 10:21:44.736] [main] [info] 530000 / 1356607 (39.07 %) Events processed ...
[2025-11-08 10:21:44.875] [main] [info] 540000 / 1356607 (39.81 %) Events processed ...
[2025-11-08 10:21:45.041] [main] [info] 550000 / 1356607 (40.54 %) Events processed ...
[2025-11-08 10:21:45.245] [main] [info] 560000 / 1356607 (41.28 %) Events processed ...
[2025-11-08 10:21:45.386] [main] [info] 570000 / 1356607 (42.02 %) Events processed ...
[2025-11-08 10:21:45.981] [main] [info] 580000 / 1356607 (42.75 %) Events processed ...
[2025-11-08 10:21:46.202] [main] [info] 590000 / 1356607 (43.49 %) Events processed ...
[2025-11-08 10:21:46.390] [main] [info] 600000 / 1356607 (44.23 %) Events processed ...
[2025-11-08 10:21:46.529] [main] [info] 610000 / 1356607 (44.97 %) Events processed ...
[2025-11-08 10:21:46.671] [main] [info] 620000 / 1356607 (45.70 %) Events processed ...
[2025-11-08 10:21:46.900] [main] [info] 630000 / 1356607 (46.44 %) Events processed ...
[2025-11-08 10:21:47.042] [main] [info] 640000 / 1356607 (47.18 %) Events processed ...
[2025-11-08 10:21:47.900] [main] [info] 650000 / 1356607 (47.91 %) Events processed ...
[2025-11-08 10:21:48.106] [main] [info] 660000 / 1356607 (48.65 %) Events processed ...
[2025-11-08 10:21:48.435] [main] [info] 670000 / 1356607 (49.39 %) Events processed ...
[2025-11-08 10:21:48.638] [main] [info] 680000 / 1356607 (50.13 %) Events processed ...
[2025-11-08 10:21:48.835] [main] [info] 690000 / 1356607 (50.86 %) Events processed ...
[2025-11-08 10:21:49.036] [main] [info] 700000 / 1356607 (51.60 %) Events processed ...
[2025-11-08 10:21:49.294] [main] [info] 710000 / 1356607 (52.34 %) Events processed ...
[2025-11-08 10:21:50.352] [main] [info] 720000 / 1356607 (53.07 %) Events processed ...
[2025-11-08 10:21:50.546] [main] [info] 730000 / 1356607 (53.81 %) Events processed ...
[2025-11-08 10:21:50.750] [main] [info] 740000 / 1356607 (54.55 %) Events processed ...
[2025-11-08 10:21:51.057] [main] [info] 750000 / 1356607 (55.28 %) Events processed ...
[2025-11-08 10:21:51.247] [main] [info] 760000 / 1356607 (56.02 %) Events processed ...
[2025-11-08 10:21:51.404] [main] [info] 770000 / 1356607 (56.76 %) Events processed ...
[2025-11-08 10:21:51.557] [main] [info] 780000 / 1356607 (57.50 %) Events processed ...
[2025-11-08 10:21:52.700] [main] [info] 790000 / 1356607 (58.23 %) Events processed ...
[2025-11-08 10:21:52.903] [main] [info] 800000 / 1356607 (58.97 %) Events processed ...
[2025-11-08 10:21:53.061] [main] [info] 810000 / 1356607 (59.71 %) Events processed ...
[2025-11-08 10:21:53.211] [main] [info] 820000 / 1356607 (60.44 %) Events processed ...
[2025-11-08 10:21:53.430] [main] [info] 830000 / 1356607 (61.18 %) Events processed ...
[2025-11-08 10:21:53.632] [main] [info] 840000 / 1356607 (61.92 %) Events processed ...
[2025-11-08 10:21:53.776] [main] [info] 850000 / 1356607 (62.66 %) Events processed ...
[2025-11-08 10:21:53.927] [main] [info] 860000 / 1356607 (63.39 %) Events processed ...
[2025-11-08 10:21:55.410] [main] [info] 870000 / 1356607 (64.13 %) Events processed ...
[2025-11-08 10:21:55.605] [main] [info] 880000 / 1356607 (64.87 %) Events processed ...
[2025-11-08 10:21:55.746] [main] [info] 890000 / 1356607 (65.60 %) Events processed ...
[2025-11-08 10:21:55.899] [main] [info] 900000 / 1356607 (66.34 %) Events processed ...
[2025-11-08 10:21:56.128] [main] [info] 910000 / 1356607 (67.08 %) Events processed ...
[2025-11-08 10:21:56.271] [main] [info] 920000 / 1356607 (67.82 %) Events processed ...
[2025-11-08 10:21:56.401] [main] [info] 930000 / 1356607 (68.55 %) Events processed ...
[2025-11-08 10:21:57.688] [main] [info] 940000 / 1356607 (69.29 %) Events processed ...
[2025-11-08 10:21:57.694] [main] [info] 950000 / 1356607 (70.03 %) Events processed ...
[2025-11-08 10:21:57.699] [main] [info] 960000 / 1356607 (70.76 %) Events processed ...
[2025-11-08 10:21:57.705] [main] [info] 970000 / 1356607 (71.50 %) Events processed ...
[2025-11-08 10:21:57.835] [main] [info] 980000 / 1356607 (72.24 %) Events processed ...
[2025-11-08 10:21:58.135] [main] [info] 990000 / 1356607 (72.98 %) Events processed ...
[2025-11-08 10:21:58.340] [main] [info] 1000000 / 1356607 (73.71 %) Events processed ...
[2025-11-08 10:21:59.202] [main] [info] 1010000 / 1356607 (74.45 %) Events processed ...
[2025-11-08 10:21:59.440] [main] [info] 1020000 / 1356607 (75.19 %) Events processed ...
[2025-11-08 10:21:59.624] [main] [info] 1030000 / 1356607 (75.92 %) Events processed ...
[2025-11-08 10:21:59.633] [main] [info] 1040000 / 1356607 (76.66 %) Events processed ...
[2025-11-08 10:21:59.641] [main] [info] 1050000 / 1356607 (77.40 %) Events processed ...
[2025-11-08 10:21:59.793] [main] [info] 1060000 / 1356607 (78.14 %) Events processed ...
[2025-11-08 10:22:00.090] [main] [info] 1070000 / 1356607 (78.87 %) Events processed ...
[2025-11-08 10:22:01.191] [main] [info] 1080000 / 1356607 (79.61 %) Events processed ...
[2025-11-08 10:22:01.392] [main] [info] 1090000 / 1356607 (80.35 %) Events processed ...
[2025-11-08 10:22:01.611] [main] [info] 1100000 / 1356607 (81.08 %) Events processed ...
[2025-11-08 10:22:01.888] [main] [info] 1110000 / 1356607 (81.82 %) Events processed ...
[2025-11-08 10:22:02.086] [main] [info] 1120000 / 1356607 (82.56 %) Events processed ...
[2025-11-08 10:22:02.242] [main] [info] 1130000 / 1356607 (83.30 %) Events processed ...
[2025-11-08 10:22:02.471] [main] [info] 1140000 / 1356607 (84.03 %) Events processed ...
[2025-11-08 10:22:03.423] [main] [info] 1150000 / 1356607 (84.77 %) Events processed ...
[2025-11-08 10:22:03.592] [main] [info] 1160000 / 1356607 (85.51 %) Events processed ...
[2025-11-08 10:22:03.736] [main] [info] 1170000 / 1356607 (86.24 %) Events processed ...
[2025-11-08 10:22:04.012] [main] [info] 1180000 / 1356607 (86.98 %) Events processed ...
[2025-11-08 10:22:04.157] [main] [info] 1190000 / 1356607 (87.72 %) Events processed ...
[2025-11-08 10:22:04.301] [main] [info] 1200000 / 1356607 (88.46 %) Events processed ...
[2025-11-08 10:22:04.444] [main] [info] 1210000 / 1356607 (89.19 %) Events processed ...
[2025-11-08 10:22:05.251] [main] [info] 1220000 / 1356607 (89.93 %) Events processed ...
[2025-11-08 10:22:05.443] [main] [info] 1230000 / 1356607 (90.67 %) Events processed ...
[2025-11-08 10:22:05.628] [main] [info] 1240000 / 1356607 (91.40 %) Events processed ...
[2025-11-08 10:22:05.831] [main] [info] 1250000 / 1356607 (92.14 %) Events processed ...
[2025-11-08 10:22:06.147] [main] [info] 1260000 / 1356607 (92.88 %) Events processed ...
[2025-11-08 10:22:06.347] [main] [info] 1270000 / 1356607 (93.62 %) Events processed ...
[2025-11-08 10:22:06.523] [main] [info] 1280000 / 1356607 (94.35 %) Events processed ...
[2025-11-08 10:22:06.679] [main] [info] 1290000 / 1356607 (95.09 %) Events processed ...
[2025-11-08 10:22:07.519] [main] [info] 1300000 / 1356607 (95.83 %) Events processed ...
[2025-11-08 10:22:07.718] [main] [info] 1310000 / 1356607 (96.56 %) Events processed ...
[2025-11-08 10:22:07.923] [main] [info] 1320000 / 1356607 (97.30 %) Events processed ...
[2025-11-08 10:22:08.141] [main] [info] 1330000 / 1356607 (98.04 %) Events processed ...
[2025-11-08 10:22:08.436] [main] [info] 1340000 / 1356607 (98.78 %) Events processed ...
[2025-11-08 10:22:08.577] [main] [info] 1350000 / 1356607 (99.51 %) Events processed ...
[2025-11-08 10:22:08.808] [main] [info] vbfhmm:
GoldenJSONFilter: pass=1167661    all=1356607    -- eff=86.07 % cumulative eff=86.07 %
Flag_goodVertices: pass=1166285    all=1167661    -- eff=99.88 % cumulative eff=85.97 %
Flag_globalSuperTightHalo2016Filter: pass=1165958    all=1166285    -- eff=99.97 % cumulative eff=85.95 %
Flag_EcalDeadCellTriggerPrimitiveFilter: pass=1165909    all=1165958    -- eff=100.00 % cumulative eff=85.94 %
Flag_BadPFMuonFilter: pass=1165587    all=1165909    -- eff=99.97 % cumulative eff=85.92 %
Flag_BadPFMuonDzFilter: pass=1165495    all=1165587    -- eff=99.99 % cumulative eff=85.91 %
Flag_eeBadScFilter: pass=1165495    all=1165495    -- eff=100.00 % cumulative eff=85.91 %
Flag_ecalBadCalibFilter: pass=1165447    all=1165495    -- eff=100.00 % cumulative eff=85.91 %
Flag_hfNoisyHitsFilter: pass=1163654    all=1165447    -- eff=99.85 % cumulative eff=85.78 %
Number of muons 2: pass=41892      all=1163654    -- eff=3.60 % cumulative eff=3.09 %
DiMuon From Higgs: pass=37659      all=41892      -- eff=89.90 % cumulative eff=2.78 %
LeptonChargeSum: pass=37645      all=37659      -- eff=99.96 % cumulative eff=2.77 %
[2025-11-08 10:22:08.921] [main] [info] Writing quantities map to /eos/user/j/jiahua/MC_2022EE_inc/Muon_UL22E-16Dec2023-v1/77d3cc79-f4d1-410d-a5a1-2addc91f7732_vbfhmm.root
[2025-11-08 10:22:09.022] [main] [info] Finished Evaluation
[2025-11-08 10:22:09.022] [main] [info] Overall runtime (real time: 44.13, CPU time: 30.50)
