000 (12769440.418.000) 11/08 09:49:00 Job submitted from host: <188.185.121.235:9618?addrs=188.185.121.235-9618+[2001-1458-d00-49--100-36e]-9618&alias=bigbird22.cern.ch&noUDP&sock=schedd_232129_c3ca>
...
040 (12769440.418.000) 11/08 10:24:01 Started transferring input files
	Transferring to host: <188.185.211.177:9618?addrs=188.185.211.177-9618+[2001-1458-303-17--100-2d]-9618&alias=b9p24p9730.cern.ch&noUDP&sock=slot1_44_5453_e1b7_50055>
...
040 (12769440.418.000) 11/08 10:24:01 Finished transferring input files
...
001 (12769440.418.000) 11/08 10:24:02 Job executing on host: <188.185.211.177:9618?addrs=188.185.211.177-9618+[2001-1458-303-17--100-2d]-9618&alias=b9p24p9730.cern.ch&noUDP&sock=startd_4524_aa8b>
	SlotName: slot1_44@b9p24p9730.cern.ch
	CondorScratchDir = "/pool/condor/dir_1199478"
	Cpus = 1
	Disk = 12514
	GPUs = 0
	Memory = 3000
...
006 (12769440.418.000) 11/08 10:24:15 Image size of job updated: 113748
	112  -  MemoryUsage of job (MB)
	113748  -  ResidentSetSize of job (KB)
...
006 (12769440.418.000) 11/08 10:24:42 Image size of job updated: 249676
	112  -  MemoryUsage of job (MB)
	113748  -  ResidentSetSize of job (KB)
...
040 (12769440.418.000) 11/08 10:24:42 Started transferring output files
...
040 (12769440.418.000) 11/08 10:24:42 Finished transferring output files
...
005 (12769440.418.000) 11/08 10:24:42 Job terminated.
	(1) Normal termination (return value 0)
		Usr 0 00:00:26, Sys 0 00:00:02  -  Run Remote Usage
		Usr 0 00:00:00, Sys 0 00:00:00  -  Run Local Usage
		Usr 0 00:00:26, Sys 0 00:00:02  -  Total Remote Usage
		Usr 0 00:00:00, Sys 0 00:00:00  -  Total Local Usage
	15382  -  Run Bytes Sent By Job
	10104414  -  Run Bytes Received By Job
	15382  -  Total Bytes Sent By Job
	10104414  -  Total Bytes Received By Job
	Partitionable Resources :    Usage  Request Allocated 
	   Cpus                 :        0        1         1 
	   Disk (KB)            :     9906    10000     12514 
	   GPUs                 :                           0 
	   Memory (MB)          :      112     3000      3000 
	   TimeExecute (s)      :       40                    
	   TimeSlotBusy (s)     :       41                    

	Job terminated of its own accord at 2025-11-08T09:24:42Z with exit-code 0.
...
