Starting job on \n
Running on: Linux b9p04p0775.cern.ch 5.14.0-570.42.2.el9_6.x86_64 #1 SMP PREEMPT_DYNAMIC Mon Sep 8 12:15:13 EDT 2025 x86_64 x86_64 x86_64 GNU/Linux\n
System software: Red Hat Enterprise Linux release 9.6 (Plow)\n
Setting up CROWN for RedHatEnterprise Version 9.6
subject   : /DC=ch/DC=cern/OU=Organic Units/OU=Users/CN=jiahua/CN=851532/CN=Jiahua Chen/CN=1735721823
issuer    : /DC=ch/DC=cern/OU=Organic Units/OU=Users/CN=jiahua/CN=851532/CN=Jiahua Chen
identity  : /DC=ch/DC=cern/OU=Organic Units/OU=Users/CN=jiahua/CN=851532/CN=Jiahua Chen
type      : RFC compliant proxy
strength  : 2048 bits
path      : /afs/cern.ch/user/j/jiahua/proxy/x509up_u139833
timeleft  : 197:15:42
key usage : Digital Signature, Key Encipherment
=== VO cms extension information ===
VO        : cms
subject   : /DC=ch/DC=cern/OU=Organic Units/OU=Users/CN=jiahua/CN=851532/CN=Jiahua Chen
issuer    : /DC=ch/DC=cern/OU=computers/CN=cms-auth.cern.ch
attribute : /cms/Role=NULL/Capability=NULL
timeleft  : 189:15:42
uri       : voms-cms-auth.cern.ch:15000
subject   : /DC=ch/DC=cern/OU=Organic Units/OU=Users/CN=jiahua/CN=851532/CN=Jiahua Chen/CN=1735721823
issuer    : /DC=ch/DC=cern/OU=Organic Units/OU=Users/CN=jiahua/CN=851532/CN=Jiahua Chen
identity  : /DC=ch/DC=cern/OU=Organic Units/OU=Users/CN=jiahua/CN=851532/CN=Jiahua Chen
type      : RFC compliant proxy
strength  : 2048 bits
path      : /afs/cern.ch/user/j/jiahua/proxy/x509up_u139833
timeleft  : 197:15:42
key usage : Digital Signature, Key Encipherment
=== VO cms extension information ===
VO        : cms
subject   : /DC=ch/DC=cern/OU=Organic Units/OU=Users/CN=jiahua/CN=851532/CN=Jiahua Chen
issuer    : /DC=ch/DC=cern/OU=computers/CN=cms-auth.cern.ch
attribute : /cms/Role=NULL/Capability=NULL
timeleft  : 189:15:42
uri       : voms-cms-auth.cern.ch:15000
/eos/user/j/jiahua/MC_2022EE_inc/Muon_UL22F-19Dec2023-v1/c54e58d0-2eb3-47af-a41c-fde3fc712325.root
[2025-11-08 10:23:16.414] [main] [info] Checking input files
[2025-11-08 10:23:20.686] [main] [info] NanoAOD input_file 1: root://cms-xrd-global.cern.ch//store/data/Run2022F/Muon/NANOAOD/19Dec2023-v1/2550000/c54e58d0-2eb3-47af-a41c-fde3fc712325.root - 850804 Events
[2025-11-08 10:23:20.686] [main] [info] input_file 1: root://cms-xrd-global.cern.ch//store/data/Run2022F/Muon/NANOAOD/19Dec2023-v1/2550000/c54e58d0-2eb3-47af-a41c-fde3fc712325.root - SumOfGenWeight: 8.34334553133308e-309 
[2025-11-08 10:23:20.686] [main] [info] Output directory: /eos/user/j/jiahua/MC_2022EE_inc/Muon_UL22F-19Dec2023-v1/c54e58d0-2eb3-47af-a41c-fde3fc712325.root
[2025-11-08 10:23:20.687] [main] [info] Starting Setup of Dataframe with 850804 events
[2025-11-08 10:23:23.399] [main] [info] Finished Setup
[2025-11-08 10:23:23.400] [main] [info] Runtime for setup (real time: 2.71, CPU time: 2.31)
[2025-11-08 10:23:23.400] [main] [info] Starting Evaluation
[2025-11-08 10:23:29.693] [main] [info] 10000 / 850804 (1.18 %) Events processed ...
[2025-11-08 10:23:29.698] [main] [info] 20000 / 850804 (2.35 %) Events processed ...
[2025-11-08 10:23:29.939] [main] [info] 30000 / 850804 (3.53 %) Events processed ...
[2025-11-08 10:23:30.136] [main] [info] 40000 / 850804 (4.70 %) Events processed ...
[2025-11-08 10:23:30.428] [main] [info] 50000 / 850804 (5.88 %) Events processed ...
[2025-11-08 10:23:30.617] [main] [info] 60000 / 850804 (7.05 %) Events processed ...
[2025-11-08 10:23:30.808] [main] [info] 70000 / 850804 (8.23 %) Events processed ...
[2025-11-08 10:23:31.579] [main] [info] 80000 / 850804 (9.40 %) Events processed ...
[2025-11-08 10:23:31.721] [main] [info] 90000 / 850804 (10.58 %) Events processed ...
[2025-11-08 10:23:31.919] [main] [info] 100000 / 850804 (11.75 %) Events processed ...
[2025-11-08 10:23:32.049] [main] [info] 110000 / 850804 (12.93 %) Events processed ...
[2025-11-08 10:23:32.178] [main] [info] 120000 / 850804 (14.10 %) Events processed ...
[2025-11-08 10:23:32.306] [main] [info] 130000 / 850804 (15.28 %) Events processed ...
[2025-11-08 10:23:32.448] [main] [info] 140000 / 850804 (16.46 %) Events processed ...
[2025-11-08 10:23:33.270] [main] [info] 150000 / 850804 (17.63 %) Events processed ...
[2025-11-08 10:23:33.451] [main] [info] 160000 / 850804 (18.81 %) Events processed ...
[2025-11-08 10:23:33.652] [main] [info] 170000 / 850804 (19.98 %) Events processed ...
[2025-11-08 10:23:33.842] [main] [info] 180000 / 850804 (21.16 %) Events processed ...
[2025-11-08 10:23:34.032] [main] [info] 190000 / 850804 (22.33 %) Events processed ...
[2025-11-08 10:23:34.305] [main] [info] 200000 / 850804 (23.51 %) Events processed ...
[2025-11-08 10:23:34.491] [main] [info] 210000 / 850804 (24.68 %) Events processed ...
[2025-11-08 10:23:35.114] [main] [info] 220000 / 850804 (25.86 %) Events processed ...
[2025-11-08 10:23:35.314] [main] [info] 230000 / 850804 (27.03 %) Events processed ...
[2025-11-08 10:23:35.611] [main] [info] 240000 / 850804 (28.21 %) Events processed ...
[2025-11-08 10:23:35.806] [main] [info] 250000 / 850804 (29.38 %) Events processed ...
[2025-11-08 10:23:35.991] [main] [info] 260000 / 850804 (30.56 %) Events processed ...
[2025-11-08 10:23:36.173] [main] [info] 270000 / 850804 (31.73 %) Events processed ...
[2025-11-08 10:23:36.378] [main] [info] 280000 / 850804 (32.91 %) Events processed ...
[2025-11-08 10:23:36.748] [main] [info] 290000 / 850804 (34.09 %) Events processed ...
[2025-11-08 10:23:36.752] [main] [info] 300000 / 850804 (35.26 %) Events processed ...
[2025-11-08 10:23:36.757] [main] [info] 310000 / 850804 (36.44 %) Events processed ...
[2025-11-08 10:23:36.829] [main] [info] 320000 / 850804 (37.61 %) Events processed ...
[2025-11-08 10:23:37.381] [main] [info] 330000 / 850804 (38.79 %) Events processed ...
[2025-11-08 10:23:37.739] [main] [info] 340000 / 850804 (39.96 %) Events processed ...
[2025-11-08 10:23:37.926] [main] [info] 350000 / 850804 (41.14 %) Events processed ...
[2025-11-08 10:23:38.082] [main] [info] 360000 / 850804 (42.31 %) Events processed ...
[2025-11-08 10:23:38.214] [main] [info] 370000 / 850804 (43.49 %) Events processed ...
[2025-11-08 10:23:38.356] [main] [info] 380000 / 850804 (44.66 %) Events processed ...
[2025-11-08 10:23:38.555] [main] [info] 390000 / 850804 (45.84 %) Events processed ...
[2025-11-08 10:23:39.155] [main] [info] 400000 / 850804 (47.01 %) Events processed ...
[2025-11-08 10:23:39.345] [main] [info] 410000 / 850804 (48.19 %) Events processed ...
[2025-11-08 10:23:39.534] [main] [info] 420000 / 850804 (49.37 %) Events processed ...
[2025-11-08 10:23:39.826] [main] [info] 430000 / 850804 (50.54 %) Events processed ...
[2025-11-08 10:23:40.002] [main] [info] 440000 / 850804 (51.72 %) Events processed ...
[2025-11-08 10:23:40.196] [main] [info] 450000 / 850804 (52.89 %) Events processed ...
[2025-11-08 10:23:40.361] [main] [info] 460000 / 850804 (54.07 %) Events processed ...
[2025-11-08 10:23:40.512] [main] [info] 470000 / 850804 (55.24 %) Events processed ...
[2025-11-08 10:23:41.187] [main] [info] 480000 / 850804 (56.42 %) Events processed ...
[2025-11-08 10:23:41.316] [main] [info] 490000 / 850804 (57.59 %) Events processed ...
[2025-11-08 10:23:41.443] [main] [info] 500000 / 850804 (58.77 %) Events processed ...
[2025-11-08 10:23:41.571] [main] [info] 510000 / 850804 (59.94 %) Events processed ...
[2025-11-08 10:23:41.703] [main] [info] 520000 / 850804 (61.12 %) Events processed ...
[2025-11-08 10:23:41.898] [main] [info] 530000 / 850804 (62.29 %) Events processed ...
[2025-11-08 10:23:42.020] [main] [info] 540000 / 850804 (63.47 %) Events processed ...
[2025-11-08 10:23:42.608] [main] [info] 550000 / 850804 (64.64 %) Events processed ...
[2025-11-08 10:23:42.732] [main] [info] 560000 / 850804 (65.82 %) Events processed ...
[2025-11-08 10:23:42.866] [main] [info] 570000 / 850804 (67.00 %) Events processed ...
[2025-11-08 10:23:43.119] [main] [info] 580000 / 850804 (68.17 %) Events processed ...
[2025-11-08 10:23:43.241] [main] [info] 590000 / 850804 (69.35 %) Events processed ...
[2025-11-08 10:23:43.367] [main] [info] 600000 / 850804 (70.52 %) Events processed ...
[2025-11-08 10:23:43.495] [main] [info] 610000 / 850804 (71.70 %) Events processed ...
[2025-11-08 10:23:44.134] [main] [info] 620000 / 850804 (72.87 %) Events processed ...
[2025-11-08 10:23:44.268] [main] [info] 630000 / 850804 (74.05 %) Events processed ...
[2025-11-08 10:23:44.398] [main] [info] 640000 / 850804 (75.22 %) Events processed ...
[2025-11-08 10:23:44.526] [main] [info] 650000 / 850804 (76.40 %) Events processed ...
[2025-11-08 10:23:44.662] [main] [info] 660000 / 850804 (77.57 %) Events processed ...
[2025-11-08 10:23:44.863] [main] [info] 670000 / 850804 (78.75 %) Events processed ...
[2025-11-08 10:23:44.989] [main] [info] 680000 / 850804 (79.92 %) Events processed ...
[2025-11-08 10:23:45.437] [main] [info] 690000 / 850804 (81.10 %) Events processed ...
[2025-11-08 10:23:45.570] [main] [info] 700000 / 850804 (82.28 %) Events processed ...
[2025-11-08 10:23:45.713] [main] [info] 710000 / 850804 (83.45 %) Events processed ...
[2025-11-08 10:23:45.921] [main] [info] 720000 / 850804 (84.63 %) Events processed ...
[2025-11-08 10:23:46.048] [main] [info] 730000 / 850804 (85.80 %) Events processed ...
[2025-11-08 10:23:46.176] [main] [info] 740000 / 850804 (86.98 %) Events processed ...
[2025-11-08 10:23:46.306] [main] [info] 750000 / 850804 (88.15 %) Events processed ...
[2025-11-08 10:23:46.731] [main] [info] 760000 / 850804 (89.33 %) Events processed ...
[2025-11-08 10:23:46.926] [main] [info] 770000 / 850804 (90.50 %) Events processed ...
[2025-11-08 10:23:47.049] [main] [info] 780000 / 850804 (91.68 %) Events processed ...
[2025-11-08 10:23:47.174] [main] [info] 790000 / 850804 (92.85 %) Events processed ...
[2025-11-08 10:23:47.311] [main] [info] 800000 / 850804 (94.03 %) Events processed ...
[2025-11-08 10:23:47.458] [main] [info] 810000 / 850804 (95.20 %) Events processed ...
[2025-11-08 10:23:47.880] [main] [info] 820000 / 850804 (96.38 %) Events processed ...
[2025-11-08 10:23:48.006] [main] [info] 830000 / 850804 (97.55 %) Events processed ...
[2025-11-08 10:23:48.132] [main] [info] 840000 / 850804 (98.73 %) Events processed ...
[2025-11-08 10:23:48.264] [main] [info] 850000 / 850804 (99.91 %) Events processed ...
[2025-11-08 10:23:48.496] [main] [info] vbfhmm:
GoldenJSONFilter: pass=787993     all=850804     -- eff=92.62 % cumulative eff=92.62 %
Flag_goodVertices: pass=787210     all=787993     -- eff=99.90 % cumulative eff=92.53 %
Flag_globalSuperTightHalo2016Filter: pass=786959     all=787210     -- eff=99.97 % cumulative eff=92.50 %
Flag_EcalDeadCellTriggerPrimitiveFilter: pass=786921     all=786959     -- eff=100.00 % cumulative eff=92.49 %
Flag_BadPFMuonFilter: pass=786608     all=786921     -- eff=99.96 % cumulative eff=92.45 %
Flag_BadPFMuonDzFilter: pass=786488     all=786608     -- eff=99.98 % cumulative eff=92.44 %
Flag_eeBadScFilter: pass=786488     all=786488     -- eff=100.00 % cumulative eff=92.44 %
Flag_ecalBadCalibFilter: pass=786433     all=786488     -- eff=99.99 % cumulative eff=92.43 %
Flag_hfNoisyHitsFilter: pass=785336     all=786433     -- eff=99.86 % cumulative eff=92.31 %
Number of muons 2: pass=26299      all=785336     -- eff=3.35 % cumulative eff=3.09 %
DiMuon From Higgs: pass=23747      all=26299      -- eff=90.30 % cumulative eff=2.79 %
LeptonChargeSum: pass=23742      all=23747      -- eff=99.98 % cumulative eff=2.79 %
[2025-11-08 10:23:48.631] [main] [info] Writing quantities map to /eos/user/j/jiahua/MC_2022EE_inc/Muon_UL22F-19Dec2023-v1/c54e58d0-2eb3-47af-a41c-fde3fc712325_vbfhmm.root
[2025-11-08 10:23:48.874] [main] [info] Finished Evaluation
[2025-11-08 10:23:48.874] [main] [info] Overall runtime (real time: 28.19, CPU time: 21.74)
