000 (12769440.009.000) 11/08 09:49:00 Job submitted from host: <188.185.121.235:9618?addrs=188.185.121.235-9618+[2001-1458-d00-49--100-36e]-9618&alias=bigbird22.cern.ch&noUDP&sock=schedd_232129_c3ca>
...
040 (12769440.009.000) 11/08 10:21:39 Started transferring input files
	Transferring to host: <188.185.196.71:9618?addrs=188.185.196.71-9618+[2001-1458-303-23--100-43]-9618&alias=b9p16p0802.cern.ch&noUDP&sock=slot1_40_6863_5ab0_45617>
...
040 (12769440.009.000) 11/08 10:21:39 Finished transferring input files
...
001 (12769440.009.000) 11/08 10:21:40 Job executing on host: <188.185.196.71:9618?addrs=188.185.196.71-9618+[2001-1458-303-23--100-43]-9618&alias=b9p16p0802.cern.ch&noUDP&sock=startd_5819_edb0>
	SlotName: slot1_40@b9p16p0802.cern.ch
	CondorScratchDir = "/pool/condor/dir_818719"
	Cpus = 1
	Disk = 13198
	GPUs = 0
	Memory = 3000
...
006 (12769440.009.000) 11/08 10:21:53 Image size of job updated: 97288
	96  -  MemoryUsage of job (MB)
	97288  -  ResidentSetSize of job (KB)
...
006 (12769440.009.000) 11/08 10:22:46 Image size of job updated: 254224
	96  -  MemoryUsage of job (MB)
	97288  -  ResidentSetSize of job (KB)
...
040 (12769440.009.000) 11/08 10:22:46 Started transferring output files
...
040 (12769440.009.000) 11/08 10:22:46 Finished transferring output files
...
005 (12769440.009.000) 11/08 10:22:46 Job terminated.
	(1) Normal termination (return value 0)
		Usr 0 00:00:46, Sys 0 00:00:02  -  Run Remote Usage
		Usr 0 00:00:00, Sys 0 00:00:00  -  Run Local Usage
		Usr 0 00:00:46, Sys 0 00:00:02  -  Total Remote Usage
		Usr 0 00:00:00, Sys 0 00:00:00  -  Total Local Usage
	17027  -  Run Bytes Sent By Job
	10104414  -  Run Bytes Received By Job
	17027  -  Total Bytes Sent By Job
	10104414  -  Total Bytes Received By Job
	Partitionable Resources :    Usage  Request Allocated 
	   Cpus                 :        0        1         1 
	   Disk (KB)            :     9907    10000     13198 
	   GPUs                 :                           0 
	   Memory (MB)          :       96     3000      3000 
	   TimeExecute (s)      :       66                    
	   TimeSlotBusy (s)     :       67                    

	Job terminated of its own accord at 2025-11-08T09:22:46Z with exit-code 0.
...
