Starting job on \n
Running on: Linux b9p23p7111.cern.ch 5.14.0-570.44.1.el9_6.x86_64 #1 SMP PREEMPT_DYNAMIC Tue Sep 9 05:17:30 EDT 2025 x86_64 x86_64 x86_64 GNU/Linux\n
System software: Red Hat Enterprise Linux release 9.6 (Plow)\n
Setting up CROWN for RedHatEnterprise Version 9.6
subject   : /DC=ch/DC=cern/OU=Organic Units/OU=Users/CN=jiahua/CN=851532/CN=Jiahua Chen/CN=1735721823
issuer    : /DC=ch/DC=cern/OU=Organic Units/OU=Users/CN=jiahua/CN=851532/CN=Jiahua Chen
identity  : /DC=ch/DC=cern/OU=Organic Units/OU=Users/CN=jiahua/CN=851532/CN=Jiahua Chen
type      : RFC compliant proxy
strength  : 2048 bits
path      : /afs/cern.ch/user/j/jiahua/proxy/x509up_u139833
timeleft  : 197:17:34
key usage : Digital Signature, Key Encipherment
=== VO cms extension information ===
VO        : cms
subject   : /DC=ch/DC=cern/OU=Organic Units/OU=Users/CN=jiahua/CN=851532/CN=Jiahua Chen
issuer    : /DC=ch/DC=cern/OU=computers/CN=cms-auth.cern.ch
attribute : /cms/Role=NULL/Capability=NULL
timeleft  : 189:17:34
uri       : voms-cms-auth.cern.ch:15000
subject   : /DC=ch/DC=cern/OU=Organic Units/OU=Users/CN=jiahua/CN=851532/CN=Jiahua Chen/CN=1735721823
issuer    : /DC=ch/DC=cern/OU=Organic Units/OU=Users/CN=jiahua/CN=851532/CN=Jiahua Chen
identity  : /DC=ch/DC=cern/OU=Organic Units/OU=Users/CN=jiahua/CN=851532/CN=Jiahua Chen
type      : RFC compliant proxy
strength  : 2048 bits
path      : /afs/cern.ch/user/j/jiahua/proxy/x509up_u139833
timeleft  : 197:17:34
key usage : Digital Signature, Key Encipherment
=== VO cms extension information ===
VO        : cms
subject   : /DC=ch/DC=cern/OU=Organic Units/OU=Users/CN=jiahua/CN=851532/CN=Jiahua Chen
issuer    : /DC=ch/DC=cern/OU=computers/CN=cms-auth.cern.ch
attribute : /cms/Role=NULL/Capability=NULL
timeleft  : 189:17:34
uri       : voms-cms-auth.cern.ch:15000
/eos/user/j/jiahua/MC_2022EE_inc/Muon_UL22E-16Dec2023-v1/982b1bcd-da09-4581-b66e-d4adcd6fb2af.root
[2025-11-08 10:21:24.272] [main] [info] Checking input files
[2025-11-08 10:21:28.583] [main] [info] NanoAOD input_file 1: root://cms-xrd-global.cern.ch//store/data/Run2022E/Muon/NANOAOD/16Dec2023-v1/2550000/982b1bcd-da09-4581-b66e-d4adcd6fb2af.root - 946601 Events
[2025-11-08 10:21:28.598] [main] [info] input_file 1: root://cms-xrd-global.cern.ch//store/data/Run2022E/Muon/NANOAOD/16Dec2023-v1/2550000/982b1bcd-da09-4581-b66e-d4adcd6fb2af.root - SumOfGenWeight: 7.64816383780648e-309 
[2025-11-08 10:21:28.598] [main] [info] Output directory: /eos/user/j/jiahua/MC_2022EE_inc/Muon_UL22E-16Dec2023-v1/982b1bcd-da09-4581-b66e-d4adcd6fb2af.root
[2025-11-08 10:21:28.599] [main] [info] Starting Setup of Dataframe with 946601 events
[2025-11-08 10:21:29.355] [main] [info] Finished Setup
[2025-11-08 10:21:29.355] [main] [info] Runtime for setup (real time: 0.76, CPU time: 0.59)
[2025-11-08 10:21:29.355] [main] [info] Starting Evaluation
[2025-11-08 10:21:36.204] [main] [info] 10000 / 946601 (1.06 %) Events processed ...
[2025-11-08 10:21:36.361] [main] [info] 20000 / 946601 (2.11 %) Events processed ...
[2025-11-08 10:21:36.553] [main] [info] 30000 / 946601 (3.17 %) Events processed ...
[2025-11-08 10:21:36.725] [main] [info] 40000 / 946601 (4.23 %) Events processed ...
[2025-11-08 10:21:36.964] [main] [info] 50000 / 946601 (5.28 %) Events processed ...
[2025-11-08 10:21:37.129] [main] [info] 60000 / 946601 (6.34 %) Events processed ...
[2025-11-08 10:21:37.282] [main] [info] 70000 / 946601 (7.39 %) Events processed ...
[2025-11-08 10:21:38.025] [main] [info] 80000 / 946601 (8.45 %) Events processed ...
[2025-11-08 10:21:38.245] [main] [info] 90000 / 946601 (9.51 %) Events processed ...
[2025-11-08 10:21:38.472] [main] [info] 100000 / 946601 (10.56 %) Events processed ...
[2025-11-08 10:21:38.620] [main] [info] 110000 / 946601 (11.62 %) Events processed ...
[2025-11-08 10:21:38.781] [main] [info] 120000 / 946601 (12.68 %) Events processed ...
[2025-11-08 10:21:38.935] [main] [info] 130000 / 946601 (13.73 %) Events processed ...
[2025-11-08 10:21:39.097] [main] [info] 140000 / 946601 (14.79 %) Events processed ...
[2025-11-08 10:21:39.903] [main] [info] 150000 / 946601 (15.85 %) Events processed ...
[2025-11-08 10:21:40.057] [main] [info] 160000 / 946601 (16.90 %) Events processed ...
[2025-11-08 10:21:40.205] [main] [info] 170000 / 946601 (17.96 %) Events processed ...
[2025-11-08 10:21:40.360] [main] [info] 180000 / 946601 (19.02 %) Events processed ...
[2025-11-08 10:21:40.583] [main] [info] 190000 / 946601 (20.07 %) Events processed ...
[2025-11-08 10:21:40.730] [main] [info] 200000 / 946601 (21.13 %) Events processed ...
[2025-11-08 10:21:40.879] [main] [info] 210000 / 946601 (22.18 %) Events processed ...
[2025-11-08 10:21:41.028] [main] [info] 220000 / 946601 (23.24 %) Events processed ...
[2025-11-08 10:21:41.787] [main] [info] 230000 / 946601 (24.30 %) Events processed ...
[2025-11-08 10:21:42.014] [main] [info] 240000 / 946601 (25.35 %) Events processed ...
[2025-11-08 10:21:42.199] [main] [info] 250000 / 946601 (26.41 %) Events processed ...
[2025-11-08 10:21:42.421] [main] [info] 260000 / 946601 (27.47 %) Events processed ...
[2025-11-08 10:21:42.624] [main] [info] 270000 / 946601 (28.52 %) Events processed ...
[2025-11-08 10:21:42.839] [main] [info] 280000 / 946601 (29.58 %) Events processed ...
[2025-11-08 10:21:43.135] [main] [info] 290000 / 946601 (30.64 %) Events processed ...
[2025-11-08 10:21:43.955] [main] [info] 300000 / 946601 (31.69 %) Events processed ...
[2025-11-08 10:21:44.101] [main] [info] 310000 / 946601 (32.75 %) Events processed ...
[2025-11-08 10:21:44.247] [main] [info] 320000 / 946601 (33.81 %) Events processed ...
[2025-11-08 10:21:44.473] [main] [info] 330000 / 946601 (34.86 %) Events processed ...
[2025-11-08 10:21:44.625] [main] [info] 340000 / 946601 (35.92 %) Events processed ...
[2025-11-08 10:21:44.767] [main] [info] 350000 / 946601 (36.97 %) Events processed ...
[2025-11-08 10:21:44.917] [main] [info] 360000 / 946601 (38.03 %) Events processed ...
[2025-11-08 10:21:45.104] [main] [info] 370000 / 946601 (39.09 %) Events processed ...
[2025-11-08 10:21:46.469] [main] [info] 380000 / 946601 (40.14 %) Events processed ...
[2025-11-08 10:21:46.631] [main] [info] 390000 / 946601 (41.20 %) Events processed ...
[2025-11-08 10:21:46.775] [main] [info] 400000 / 946601 (42.26 %) Events processed ...
[2025-11-08 10:21:46.924] [main] [info] 410000 / 946601 (43.31 %) Events processed ...
[2025-11-08 10:21:47.087] [main] [info] 420000 / 946601 (44.37 %) Events processed ...
[2025-11-08 10:21:47.313] [main] [info] 430000 / 946601 (45.43 %) Events processed ...
[2025-11-08 10:21:47.461] [main] [info] 440000 / 946601 (46.48 %) Events processed ...
[2025-11-08 10:21:48.956] [main] [info] 450000 / 946601 (47.54 %) Events processed ...
[2025-11-08 10:21:49.225] [main] [info] 460000 / 946601 (48.59 %) Events processed ...
[2025-11-08 10:21:49.541] [main] [info] 470000 / 946601 (49.65 %) Events processed ...
[2025-11-08 10:21:49.746] [main] [info] 480000 / 946601 (50.71 %) Events processed ...
[2025-11-08 10:21:49.947] [main] [info] 490000 / 946601 (51.76 %) Events processed ...
[2025-11-08 10:21:50.154] [main] [info] 500000 / 946601 (52.82 %) Events processed ...
[2025-11-08 10:21:50.379] [main] [info] 510000 / 946601 (53.88 %) Events processed ...
[2025-11-08 10:21:51.970] [main] [info] 520000 / 946601 (54.93 %) Events processed ...
[2025-11-08 10:21:52.165] [main] [info] 530000 / 946601 (55.99 %) Events processed ...
[2025-11-08 10:21:52.363] [main] [info] 540000 / 946601 (57.05 %) Events processed ...
[2025-11-08 10:21:52.561] [main] [info] 550000 / 946601 (58.10 %) Events processed ...
[2025-11-08 10:21:52.748] [main] [info] 560000 / 946601 (59.16 %) Events processed ...
[2025-11-08 10:21:52.967] [main] [info] 570000 / 946601 (60.22 %) Events processed ...
[2025-11-08 10:21:53.130] [main] [info] 580000 / 946601 (61.27 %) Events processed ...
[2025-11-08 10:21:53.285] [main] [info] 590000 / 946601 (62.33 %) Events processed ...
[2025-11-08 10:21:54.634] [main] [info] 600000 / 946601 (63.38 %) Events processed ...
[2025-11-08 10:21:54.923] [main] [info] 610000 / 946601 (64.44 %) Events processed ...
[2025-11-08 10:21:55.089] [main] [info] 620000 / 946601 (65.50 %) Events processed ...
[2025-11-08 10:21:55.233] [main] [info] 630000 / 946601 (66.55 %) Events processed ...
[2025-11-08 10:21:55.379] [main] [info] 640000 / 946601 (67.61 %) Events processed ...
[2025-11-08 10:21:55.533] [main] [info] 650000 / 946601 (68.67 %) Events processed ...
[2025-11-08 10:21:55.756] [main] [info] 660000 / 946601 (69.72 %) Events processed ...
[2025-11-08 10:21:57.241] [main] [info] 670000 / 946601 (70.78 %) Events processed ...
[2025-11-08 10:21:57.431] [main] [info] 680000 / 946601 (71.84 %) Events processed ...
[2025-11-08 10:21:57.675] [main] [info] 690000 / 946601 (72.89 %) Events processed ...
[2025-11-08 10:21:57.833] [main] [info] 700000 / 946601 (73.95 %) Events processed ...
[2025-11-08 10:21:58.067] [main] [info] 710000 / 946601 (75.01 %) Events processed ...
[2025-11-08 10:21:58.233] [main] [info] 720000 / 946601 (76.06 %) Events processed ...
[2025-11-08 10:21:58.434] [main] [info] 730000 / 946601 (77.12 %) Events processed ...
[2025-11-08 10:21:58.631] [main] [info] 740000 / 946601 (78.17 %) Events processed ...
[2025-11-08 10:22:00.233] [main] [info] 750000 / 946601 (79.23 %) Events processed ...
[2025-11-08 10:22:00.471] [main] [info] 760000 / 946601 (80.29 %) Events processed ...
[2025-11-08 10:22:00.624] [main] [info] 770000 / 946601 (81.34 %) Events processed ...
[2025-11-08 10:22:00.770] [main] [info] 780000 / 946601 (82.40 %) Events processed ...
[2025-11-08 10:22:00.922] [main] [info] 790000 / 946601 (83.46 %) Events processed ...
[2025-11-08 10:22:01.153] [main] [info] 800000 / 946601 (84.51 %) Events processed ...
[2025-11-08 10:22:01.187] [main] [info] 810000 / 946601 (85.57 %) Events processed ...
[2025-11-08 10:22:01.194] [main] [info] 820000 / 946601 (86.63 %) Events processed ...
[2025-11-08 10:22:02.316] [main] [info] 830000 / 946601 (87.68 %) Events processed ...
[2025-11-08 10:22:02.319] [main] [info] 840000 / 946601 (88.74 %) Events processed ...
[2025-11-08 10:22:02.322] [main] [info] 850000 / 946601 (89.79 %) Events processed ...
[2025-11-08 10:22:02.325] [main] [info] 860000 / 946601 (90.85 %) Events processed ...
[2025-11-08 10:22:02.328] [main] [info] 870000 / 946601 (91.91 %) Events processed ...
[2025-11-08 10:22:02.427] [main] [info] 880000 / 946601 (92.96 %) Events processed ...
[2025-11-08 10:22:02.591] [main] [info] 890000 / 946601 (94.02 %) Events processed ...
[2025-11-08 10:22:03.569] [main] [info] 900000 / 946601 (95.08 %) Events processed ...
[2025-11-08 10:22:03.716] [main] [info] 910000 / 946601 (96.13 %) Events processed ...
[2025-11-08 10:22:03.884] [main] [info] 920000 / 946601 (97.19 %) Events processed ...
[2025-11-08 10:22:04.057] [main] [info] 930000 / 946601 (98.25 %) Events processed ...
[2025-11-08 10:22:04.290] [main] [info] 940000 / 946601 (99.30 %) Events processed ...
[2025-11-08 10:22:04.775] [main] [info] vbfhmm:
GoldenJSONFilter: pass=874999     all=946601     -- eff=92.44 % cumulative eff=92.44 %
Flag_goodVertices: pass=872692     all=874999     -- eff=99.74 % cumulative eff=92.19 %
Flag_globalSuperTightHalo2016Filter: pass=872528     all=872692     -- eff=99.98 % cumulative eff=92.17 %
Flag_EcalDeadCellTriggerPrimitiveFilter: pass=872497     all=872528     -- eff=100.00 % cumulative eff=92.17 %
Flag_BadPFMuonFilter: pass=872371     all=872497     -- eff=99.99 % cumulative eff=92.16 %
Flag_BadPFMuonDzFilter: pass=872324     all=872371     -- eff=99.99 % cumulative eff=92.15 %
Flag_eeBadScFilter: pass=872324     all=872324     -- eff=100.00 % cumulative eff=92.15 %
Flag_ecalBadCalibFilter: pass=872285     all=872324     -- eff=100.00 % cumulative eff=92.15 %
Flag_hfNoisyHitsFilter: pass=871182     all=872285     -- eff=99.87 % cumulative eff=92.03 %
Number of muons 2: pass=33932      all=871182     -- eff=3.89 % cumulative eff=3.58 %
DiMuon From Higgs: pass=30561      all=33932      -- eff=90.07 % cumulative eff=3.23 %
LeptonChargeSum: pass=30556      all=30561      -- eff=99.98 % cumulative eff=3.23 %
[2025-11-08 10:22:05.620] [main] [info] Writing quantities map to /eos/user/j/jiahua/MC_2022EE_inc/Muon_UL22E-16Dec2023-v1/982b1bcd-da09-4581-b66e-d4adcd6fb2af_vbfhmm.root
[2025-11-08 10:22:06.274] [main] [info] Finished Evaluation
[2025-11-08 10:22:06.274] [main] [info] Overall runtime (real time: 37.68, CPU time: 22.50)
