Starting job on \n
Running on: Linux b9p19p8555.cern.ch 5.14.0-570.44.1.el9_6.x86_64 #1 SMP PREEMPT_DYNAMIC Tue Sep 9 05:17:30 EDT 2025 x86_64 x86_64 x86_64 GNU/Linux\n
System software: Red Hat Enterprise Linux release 9.6 (Plow)\n
Setting up CROWN for RedHatEnterprise Version 9.6
subject   : /DC=ch/DC=cern/OU=Organic Units/OU=Users/CN=jiahua/CN=851532/CN=Jiahua Chen/CN=1735721823
issuer    : /DC=ch/DC=cern/OU=Organic Units/OU=Users/CN=jiahua/CN=851532/CN=Jiahua Chen
identity  : /DC=ch/DC=cern/OU=Organic Units/OU=Users/CN=jiahua/CN=851532/CN=Jiahua Chen
type      : RFC compliant proxy
strength  : 2048 bits
path      : /afs/cern.ch/user/j/jiahua/proxy/x509up_u139833
timeleft  : 197:15:51
key usage : Digital Signature, Key Encipherment
=== VO cms extension information ===
VO        : cms
subject   : /DC=ch/DC=cern/OU=Organic Units/OU=Users/CN=jiahua/CN=851532/CN=Jiahua Chen
issuer    : /DC=ch/DC=cern/OU=computers/CN=cms-auth.cern.ch
attribute : /cms/Role=NULL/Capability=NULL
timeleft  : 189:15:51
uri       : voms-cms-auth.cern.ch:15000
subject   : /DC=ch/DC=cern/OU=Organic Units/OU=Users/CN=jiahua/CN=851532/CN=Jiahua Chen/CN=1735721823
issuer    : /DC=ch/DC=cern/OU=Organic Units/OU=Users/CN=jiahua/CN=851532/CN=Jiahua Chen
identity  : /DC=ch/DC=cern/OU=Organic Units/OU=Users/CN=jiahua/CN=851532/CN=Jiahua Chen
type      : RFC compliant proxy
strength  : 2048 bits
path      : /afs/cern.ch/user/j/jiahua/proxy/x509up_u139833
timeleft  : 197:15:51
key usage : Digital Signature, Key Encipherment
=== VO cms extension information ===
VO        : cms
subject   : /DC=ch/DC=cern/OU=Organic Units/OU=Users/CN=jiahua/CN=851532/CN=Jiahua Chen
issuer    : /DC=ch/DC=cern/OU=computers/CN=cms-auth.cern.ch
attribute : /cms/Role=NULL/Capability=NULL
timeleft  : 189:15:51
uri       : voms-cms-auth.cern.ch:15000
/eos/user/j/jiahua/MC_2022EE_inc/Muon_UL22F-19Dec2023-v1/dfcea925-a8bf-4b1a-9b1a-6fafa027b232.root
[2025-11-08 10:23:07.867] [main] [info] Checking input files
[2025-11-08 10:23:13.919] [main] [info] NanoAOD input_file 1: root://cms-xrd-global.cern.ch//store/data/Run2022F/Muon/NANOAOD/19Dec2023-v1/2550000/dfcea925-a8bf-4b1a-9b1a-6fafa027b232.root - 998763 Events
[2025-11-08 10:23:13.919] [main] [info] input_file 1: root://cms-xrd-global.cern.ch//store/data/Run2022F/Muon/NANOAOD/19Dec2023-v1/2550000/dfcea925-a8bf-4b1a-9b1a-6fafa027b232.root - SumOfGenWeight: 1.035242874824733e-309 
[2025-11-08 10:23:13.919] [main] [info] Output directory: /eos/user/j/jiahua/MC_2022EE_inc/Muon_UL22F-19Dec2023-v1/dfcea925-a8bf-4b1a-9b1a-6fafa027b232.root
[2025-11-08 10:23:13.919] [main] [info] Starting Setup of Dataframe with 998763 events
[2025-11-08 10:23:15.352] [main] [info] Finished Setup
[2025-11-08 10:23:15.352] [main] [info] Runtime for setup (real time: 1.43, CPU time: 1.28)
[2025-11-08 10:23:15.352] [main] [info] Starting Evaluation
[2025-11-08 10:23:26.231] [main] [info] 10000 / 998763 (1.00 %) Events processed ...
[2025-11-08 10:23:26.549] [main] [info] 20000 / 998763 (2.00 %) Events processed ...
[2025-11-08 10:23:26.873] [main] [info] 30000 / 998763 (3.00 %) Events processed ...
[2025-11-08 10:23:27.384] [main] [info] 40000 / 998763 (4.00 %) Events processed ...
[2025-11-08 10:23:27.701] [main] [info] 50000 / 998763 (5.01 %) Events processed ...
[2025-11-08 10:23:28.013] [main] [info] 60000 / 998763 (6.01 %) Events processed ...
[2025-11-08 10:23:28.333] [main] [info] 70000 / 998763 (7.01 %) Events processed ...
[2025-11-08 10:23:29.157] [main] [info] 80000 / 998763 (8.01 %) Events processed ...
[2025-11-08 10:23:29.481] [main] [info] 90000 / 998763 (9.01 %) Events processed ...
[2025-11-08 10:23:29.801] [main] [info] 100000 / 998763 (10.01 %) Events processed ...
[2025-11-08 10:23:30.120] [main] [info] 110000 / 998763 (11.01 %) Events processed ...
[2025-11-08 10:23:30.616] [main] [info] 120000 / 998763 (12.01 %) Events processed ...
[2025-11-08 10:23:30.933] [main] [info] 130000 / 998763 (13.02 %) Events processed ...
[2025-11-08 10:23:31.247] [main] [info] 140000 / 998763 (14.02 %) Events processed ...
[2025-11-08 10:23:31.924] [main] [info] 150000 / 998763 (15.02 %) Events processed ...
[2025-11-08 10:23:32.409] [main] [info] 160000 / 998763 (16.02 %) Events processed ...
[2025-11-08 10:23:32.730] [main] [info] 170000 / 998763 (17.02 %) Events processed ...
[2025-11-08 10:23:33.008] [main] [info] 180000 / 998763 (18.02 %) Events processed ...
[2025-11-08 10:23:33.210] [main] [info] 190000 / 998763 (19.02 %) Events processed ...
[2025-11-08 10:23:33.525] [main] [info] 200000 / 998763 (20.02 %) Events processed ...
[2025-11-08 10:23:34.081] [main] [info] 210000 / 998763 (21.03 %) Events processed ...
[2025-11-08 10:23:34.382] [main] [info] 220000 / 998763 (22.03 %) Events processed ...
[2025-11-08 10:23:34.705] [main] [info] 230000 / 998763 (23.03 %) Events processed ...
[2025-11-08 10:23:35.197] [main] [info] 240000 / 998763 (24.03 %) Events processed ...
[2025-11-08 10:23:35.514] [main] [info] 250000 / 998763 (25.03 %) Events processed ...
[2025-11-08 10:23:35.824] [main] [info] 260000 / 998763 (26.03 %) Events processed ...
[2025-11-08 10:23:36.135] [main] [info] 270000 / 998763 (27.03 %) Events processed ...
[2025-11-08 10:23:37.001] [main] [info] 280000 / 998763 (28.03 %) Events processed ...
[2025-11-08 10:23:37.398] [main] [info] 290000 / 998763 (29.04 %) Events processed ...
[2025-11-08 10:23:37.705] [main] [info] 300000 / 998763 (30.04 %) Events processed ...
[2025-11-08 10:23:38.024] [main] [info] 310000 / 998763 (31.04 %) Events processed ...
[2025-11-08 10:23:38.515] [main] [info] 320000 / 998763 (32.04 %) Events processed ...
[2025-11-08 10:23:38.734] [main] [info] 330000 / 998763 (33.04 %) Events processed ...
[2025-11-08 10:23:38.932] [main] [info] 340000 / 998763 (34.04 %) Events processed ...
[2025-11-08 10:23:39.131] [main] [info] 350000 / 998763 (35.04 %) Events processed ...
[2025-11-08 10:23:40.450] [main] [info] 360000 / 998763 (36.04 %) Events processed ...
[2025-11-08 10:23:40.770] [main] [info] 370000 / 998763 (37.05 %) Events processed ...
[2025-11-08 10:23:41.096] [main] [info] 380000 / 998763 (38.05 %) Events processed ...
[2025-11-08 10:23:41.409] [main] [info] 390000 / 998763 (39.05 %) Events processed ...
[2025-11-08 10:23:41.760] [main] [info] 400000 / 998763 (40.05 %) Events processed ...
[2025-11-08 10:23:41.963] [main] [info] 410000 / 998763 (41.05 %) Events processed ...
[2025-11-08 10:23:42.168] [main] [info] 420000 / 998763 (42.05 %) Events processed ...
[2025-11-08 10:23:43.118] [main] [info] 430000 / 998763 (43.05 %) Events processed ...
[2025-11-08 10:23:43.575] [main] [info] 440000 / 998763 (44.05 %) Events processed ...
[2025-11-08 10:23:43.903] [main] [info] 450000 / 998763 (45.06 %) Events processed ...
[2025-11-08 10:23:44.219] [main] [info] 460000 / 998763 (46.06 %) Events processed ...
[2025-11-08 10:23:44.542] [main] [info] 470000 / 998763 (47.06 %) Events processed ...
[2025-11-08 10:23:44.991] [main] [info] 480000 / 998763 (48.06 %) Events processed ...
[2025-11-08 10:23:45.768] [main] [info] 490000 / 998763 (49.06 %) Events processed ...
[2025-11-08 10:23:46.051] [main] [info] 500000 / 998763 (50.06 %) Events processed ...
[2025-11-08 10:23:46.351] [main] [info] 510000 / 998763 (51.06 %) Events processed ...
[2025-11-08 10:23:46.764] [main] [info] 520000 / 998763 (52.06 %) Events processed ...
[2025-11-08 10:23:46.963] [main] [info] 530000 / 998763 (53.07 %) Events processed ...
[2025-11-08 10:23:47.165] [main] [info] 540000 / 998763 (54.07 %) Events processed ...
[2025-11-08 10:23:47.376] [main] [info] 550000 / 998763 (55.07 %) Events processed ...
[2025-11-08 10:23:48.364] [main] [info] 560000 / 998763 (56.07 %) Events processed ...
[2025-11-08 10:23:48.683] [main] [info] 570000 / 998763 (57.07 %) Events processed ...
[2025-11-08 10:23:48.996] [main] [info] 580000 / 998763 (58.07 %) Events processed ...
[2025-11-08 10:23:49.330] [main] [info] 590000 / 998763 (59.07 %) Events processed ...
[2025-11-08 10:23:49.814] [main] [info] 600000 / 998763 (60.07 %) Events processed ...
[2025-11-08 10:23:50.106] [main] [info] 610000 / 998763 (61.08 %) Events processed ...
[2025-11-08 10:23:50.414] [main] [info] 620000 / 998763 (62.08 %) Events processed ...
[2025-11-08 10:23:51.083] [main] [info] 630000 / 998763 (63.08 %) Events processed ...
[2025-11-08 10:23:51.566] [main] [info] 640000 / 998763 (64.08 %) Events processed ...
[2025-11-08 10:23:51.874] [main] [info] 650000 / 998763 (65.08 %) Events processed ...
[2025-11-08 10:23:52.184] [main] [info] 660000 / 998763 (66.08 %) Events processed ...
[2025-11-08 10:23:52.504] [main] [info] 670000 / 998763 (67.08 %) Events processed ...
[2025-11-08 10:23:52.979] [main] [info] 680000 / 998763 (68.08 %) Events processed ...
[2025-11-08 10:23:53.283] [main] [info] 690000 / 998763 (69.09 %) Events processed ...
[2025-11-08 10:23:53.929] [main] [info] 700000 / 998763 (70.09 %) Events processed ...
[2025-11-08 10:23:54.246] [main] [info] 710000 / 998763 (71.09 %) Events processed ...
[2025-11-08 10:23:54.728] [main] [info] 720000 / 998763 (72.09 %) Events processed ...
[2025-11-08 10:23:55.030] [main] [info] 730000 / 998763 (73.09 %) Events processed ...
[2025-11-08 10:23:55.322] [main] [info] 740000 / 998763 (74.09 %) Events processed ...
[2025-11-08 10:23:55.641] [main] [info] 750000 / 998763 (75.09 %) Events processed ...
[2025-11-08 10:23:56.118] [main] [info] 760000 / 998763 (76.09 %) Events processed ...
[2025-11-08 10:23:56.778] [main] [info] 770000 / 998763 (77.10 %) Events processed ...
[2025-11-08 10:23:57.093] [main] [info] 780000 / 998763 (78.10 %) Events processed ...
[2025-11-08 10:23:57.415] [main] [info] 790000 / 998763 (79.10 %) Events processed ...
[2025-11-08 10:23:57.871] [main] [info] 800000 / 998763 (80.10 %) Events processed ...
[2025-11-08 10:23:58.168] [main] [info] 810000 / 998763 (81.10 %) Events processed ...
[2025-11-08 10:23:58.568] [main] [info] 820000 / 998763 (82.10 %) Events processed ...
[2025-11-08 10:23:58.890] [main] [info] 830000 / 998763 (83.10 %) Events processed ...
[2025-11-08 10:23:59.682] [main] [info] 840000 / 998763 (84.10 %) Events processed ...
[2025-11-08 10:23:59.981] [main] [info] 850000 / 998763 (85.11 %) Events processed ...
[2025-11-08 10:24:00.288] [main] [info] 860000 / 998763 (86.11 %) Events processed ...
[2025-11-08 10:24:00.600] [main] [info] 870000 / 998763 (87.11 %) Events processed ...
[2025-11-08 10:24:01.072] [main] [info] 880000 / 998763 (88.11 %) Events processed ...
[2025-11-08 10:24:01.375] [main] [info] 890000 / 998763 (89.11 %) Events processed ...
[2025-11-08 10:24:01.676] [main] [info] 900000 / 998763 (90.11 %) Events processed ...
[2025-11-08 10:24:01.966] [main] [info] 910000 / 998763 (91.11 %) Events processed ...
[2025-11-08 10:24:02.774] [main] [info] 920000 / 998763 (92.11 %) Events processed ...
[2025-11-08 10:24:03.087] [main] [info] 930000 / 998763 (93.12 %) Events processed ...
[2025-11-08 10:24:03.329] [main] [info] 940000 / 998763 (94.12 %) Events processed ...
[2025-11-08 10:24:03.541] [main] [info] 950000 / 998763 (95.12 %) Events processed ...
[2025-11-08 10:24:03.837] [main] [info] 960000 / 998763 (96.12 %) Events processed ...
[2025-11-08 10:24:04.036] [main] [info] 970000 / 998763 (97.12 %) Events processed ...
[2025-11-08 10:24:04.233] [main] [info] 980000 / 998763 (98.12 %) Events processed ...
[2025-11-08 10:24:04.679] [main] [info] 990000 / 998763 (99.12 %) Events processed ...
[2025-11-08 10:24:05.326] [main] [info] vbfhmm:
GoldenJSONFilter: pass=998763     all=998763     -- eff=100.00 % cumulative eff=100.00 %
Flag_goodVertices: pass=997832     all=998763     -- eff=99.91 % cumulative eff=99.91 %
Flag_globalSuperTightHalo2016Filter: pass=997471     all=997832     -- eff=99.96 % cumulative eff=99.87 %
Flag_EcalDeadCellTriggerPrimitiveFilter: pass=997437     all=997471     -- eff=100.00 % cumulative eff=99.87 %
Flag_BadPFMuonFilter: pass=997004     all=997437     -- eff=99.96 % cumulative eff=99.82 %
Flag_BadPFMuonDzFilter: pass=996855     all=997004     -- eff=99.99 % cumulative eff=99.81 %
Flag_eeBadScFilter: pass=996855     all=996855     -- eff=100.00 % cumulative eff=99.81 %
Flag_ecalBadCalibFilter: pass=996790     all=996855     -- eff=99.99 % cumulative eff=99.80 %
Flag_hfNoisyHitsFilter: pass=995231     all=996790     -- eff=99.84 % cumulative eff=99.65 %
Number of muons 2: pass=33109      all=995231     -- eff=3.33 % cumulative eff=3.32 %
DiMuon From Higgs: pass=29837      all=33109      -- eff=90.12 % cumulative eff=2.99 %
LeptonChargeSum: pass=29825      all=29837      -- eff=99.96 % cumulative eff=2.99 %
[2025-11-08 10:24:05.510] [main] [info] Writing quantities map to /eos/user/j/jiahua/MC_2022EE_inc/Muon_UL22F-19Dec2023-v1/dfcea925-a8bf-4b1a-9b1a-6fafa027b232_vbfhmm.root
[2025-11-08 10:24:05.967] [main] [info] Finished Evaluation
[2025-11-08 10:24:05.967] [main] [info] Overall runtime (real time: 52.05, CPU time: 44.71)
