000 (12769440.405.000) 11/08 09:49:00 Job submitted from host: <188.185.121.235:9618?addrs=188.185.121.235-9618+[2001-1458-d00-49--100-36e]-9618&alias=bigbird22.cern.ch&noUDP&sock=schedd_232129_c3ca>
...
040 (12769440.405.000) 11/08 10:23:56 Started transferring input files
	Transferring to host: <128.142.33.214:9618?addrs=128.142.33.214-9618+[2001-1458-301-39--100-13]-9618&alias=b9g24p7240.cern.ch&noUDP&sock=slot1_59_5674_98a0_51114>
...
040 (12769440.405.000) 11/08 10:23:56 Finished transferring input files
...
001 (12769440.405.000) 11/08 10:23:57 Job executing on host: <128.142.33.214:9618?addrs=128.142.33.214-9618+[2001-1458-301-39--100-13]-9618&alias=b9g24p7240.cern.ch&noUDP&sock=startd_4808_7770>
	SlotName: slot1_59@b9g24p7240.cern.ch
	CondorScratchDir = "/pool/condor/dir_2526725"
	Cpus = 1
	Disk = 12642
	GPUs = 0
	Memory = 3000
...
006 (12769440.405.000) 11/08 10:24:11 Image size of job updated: 179288
	176  -  MemoryUsage of job (MB)
	179288  -  ResidentSetSize of job (KB)
...
006 (12769440.405.000) 11/08 10:24:43 Image size of job updated: 253492
	176  -  MemoryUsage of job (MB)
	179352  -  ResidentSetSize of job (KB)
...
040 (12769440.405.000) 11/08 10:24:43 Started transferring output files
...
040 (12769440.405.000) 11/08 10:24:43 Finished transferring output files
...
005 (12769440.405.000) 11/08 10:24:43 Job terminated.
	(1) Normal termination (return value 0)
		Usr 0 00:00:26, Sys 0 00:00:02  -  Run Remote Usage
		Usr 0 00:00:00, Sys 0 00:00:00  -  Run Local Usage
		Usr 0 00:00:26, Sys 0 00:00:02  -  Total Remote Usage
		Usr 0 00:00:00, Sys 0 00:00:00  -  Total Local Usage
	16511  -  Run Bytes Sent By Job
	10104414  -  Run Bytes Received By Job
	16511  -  Total Bytes Sent By Job
	10104414  -  Total Bytes Received By Job
	Partitionable Resources :    Usage  Request Allocated 
	   Cpus                 :        0        1         1 
	   Disk (KB)            :     9907    10000     12642 
	   GPUs                 :                           0 
	   Memory (MB)          :      176     3000      3000 
	   TimeExecute (s)      :       46                    
	   TimeSlotBusy (s)     :       47                    

	Job terminated of its own accord at 2025-11-08T09:24:43Z with exit-code 0.
...
