Starting job on \n
Running on: Linux b9g24p0512.cern.ch 5.14.0-570.44.1.el9_6.x86_64 #1 SMP PREEMPT_DYNAMIC Tue Sep 9 05:17:30 EDT 2025 x86_64 x86_64 x86_64 GNU/Linux\n
System software: Red Hat Enterprise Linux release 9.6 (Plow)\n
Setting up CROWN for RedHatEnterprise Version 9.6
subject   : /DC=ch/DC=cern/OU=Organic Units/OU=Users/CN=jiahua/CN=851532/CN=Jiahua Chen/CN=1735721823
issuer    : /DC=ch/DC=cern/OU=Organic Units/OU=Users/CN=jiahua/CN=851532/CN=Jiahua Chen
identity  : /DC=ch/DC=cern/OU=Organic Units/OU=Users/CN=jiahua/CN=851532/CN=Jiahua Chen
type      : RFC compliant proxy
strength  : 2048 bits
path      : /afs/cern.ch/user/j/jiahua/proxy/x509up_u139833
timeleft  : 197:14:15
key usage : Digital Signature, Key Encipherment
=== VO cms extension information ===
VO        : cms
subject   : /DC=ch/DC=cern/OU=Organic Units/OU=Users/CN=jiahua/CN=851532/CN=Jiahua Chen
issuer    : /DC=ch/DC=cern/OU=computers/CN=cms-auth.cern.ch
attribute : /cms/Role=NULL/Capability=NULL
timeleft  : 189:14:15
uri       : voms-cms-auth.cern.ch:15000
subject   : /DC=ch/DC=cern/OU=Organic Units/OU=Users/CN=jiahua/CN=851532/CN=Jiahua Chen/CN=1735721823
issuer    : /DC=ch/DC=cern/OU=Organic Units/OU=Users/CN=jiahua/CN=851532/CN=Jiahua Chen
identity  : /DC=ch/DC=cern/OU=Organic Units/OU=Users/CN=jiahua/CN=851532/CN=Jiahua Chen
type      : RFC compliant proxy
strength  : 2048 bits
path      : /afs/cern.ch/user/j/jiahua/proxy/x509up_u139833
timeleft  : 197:14:15
key usage : Digital Signature, Key Encipherment
=== VO cms extension information ===
VO        : cms
subject   : /DC=ch/DC=cern/OU=Organic Units/OU=Users/CN=jiahua/CN=851532/CN=Jiahua Chen
issuer    : /DC=ch/DC=cern/OU=computers/CN=cms-auth.cern.ch
attribute : /cms/Role=NULL/Capability=NULL
timeleft  : 189:14:15
uri       : voms-cms-auth.cern.ch:15000
/eos/user/j/jiahua/MC_2022EE_inc/Muon_UL22G-19Dec2023-v2/a8c1cc97-508b-4629-91a3-bb7c04125ae2.root
[2025-11-08 10:24:43.313] [main] [info] Checking input files
[2025-11-08 10:24:50.106] [main] [info] NanoAOD input_file 1: root://cms-xrd-global.cern.ch//store/data/Run2022G/Muon/NANOAOD/19Dec2023-v2/80000/a8c1cc97-508b-4629-91a3-bb7c04125ae2.root - 814809 Events
[2025-11-08 10:24:50.124] [main] [info] input_file 1: root://cms-xrd-global.cern.ch//store/data/Run2022G/Muon/NANOAOD/19Dec2023-v2/80000/a8c1cc97-508b-4629-91a3-bb7c04125ae2.root - SumOfGenWeight: 2.781168508016743e-309 
[2025-11-08 10:24:50.124] [main] [info] Output directory: /eos/user/j/jiahua/MC_2022EE_inc/Muon_UL22G-19Dec2023-v2/a8c1cc97-508b-4629-91a3-bb7c04125ae2.root
[2025-11-08 10:24:50.126] [main] [info] Starting Setup of Dataframe with 814809 events
[2025-11-08 10:24:55.559] [main] [info] Finished Setup
[2025-11-08 10:24:55.559] [main] [info] Runtime for setup (real time: 5.43, CPU time: 3.36)
[2025-11-08 10:24:55.559] [main] [info] Starting Evaluation
[2025-11-08 10:25:05.692] [main] [info] 10000 / 814809 (1.23 %) Events processed ...
[2025-11-08 10:25:05.698] [main] [info] 20000 / 814809 (2.45 %) Events processed ...
[2025-11-08 10:25:06.074] [main] [info] 30000 / 814809 (3.68 %) Events processed ...
[2025-11-08 10:25:06.297] [main] [info] 40000 / 814809 (4.91 %) Events processed ...
[2025-11-08 10:25:06.580] [main] [info] 50000 / 814809 (6.14 %) Events processed ...
[2025-11-08 10:25:06.777] [main] [info] 60000 / 814809 (7.36 %) Events processed ...
[2025-11-08 10:25:06.984] [main] [info] 70000 / 814809 (8.59 %) Events processed ...
[2025-11-08 10:25:09.377] [main] [info] 80000 / 814809 (9.82 %) Events processed ...
[2025-11-08 10:25:09.688] [main] [info] 90000 / 814809 (11.05 %) Events processed ...
[2025-11-08 10:25:09.915] [main] [info] 100000 / 814809 (12.27 %) Events processed ...
[2025-11-08 10:25:10.138] [main] [info] 110000 / 814809 (13.50 %) Events processed ...
[2025-11-08 10:25:10.378] [main] [info] 120000 / 814809 (14.73 %) Events processed ...
[2025-11-08 10:25:10.687] [main] [info] 130000 / 814809 (15.95 %) Events processed ...
[2025-11-08 10:25:10.900] [main] [info] 140000 / 814809 (17.18 %) Events processed ...
[2025-11-08 10:25:12.091] [main] [info] 150000 / 814809 (18.41 %) Events processed ...
[2025-11-08 10:25:12.097] [main] [info] 160000 / 814809 (19.64 %) Events processed ...
[2025-11-08 10:25:12.102] [main] [info] 170000 / 814809 (20.86 %) Events processed ...
[2025-11-08 10:25:12.108] [main] [info] 180000 / 814809 (22.09 %) Events processed ...
[2025-11-08 10:25:12.113] [main] [info] 190000 / 814809 (23.32 %) Events processed ...
[2025-11-08 10:25:12.302] [main] [info] 200000 / 814809 (24.55 %) Events processed ...
[2025-11-08 10:25:12.536] [main] [info] 210000 / 814809 (25.77 %) Events processed ...
[2025-11-08 10:25:13.908] [main] [info] 220000 / 814809 (27.00 %) Events processed ...
[2025-11-08 10:25:14.106] [main] [info] 230000 / 814809 (28.23 %) Events processed ...
[2025-11-08 10:25:14.415] [main] [info] 240000 / 814809 (29.45 %) Events processed ...
[2025-11-08 10:25:14.606] [main] [info] 250000 / 814809 (30.68 %) Events processed ...
[2025-11-08 10:25:14.821] [main] [info] 260000 / 814809 (31.91 %) Events processed ...
[2025-11-08 10:25:15.046] [main] [info] 270000 / 814809 (33.14 %) Events processed ...
[2025-11-08 10:25:17.825] [main] [info] 280000 / 814809 (34.36 %) Events processed ...
[2025-11-08 10:25:18.037] [main] [info] 290000 / 814809 (35.59 %) Events processed ...
[2025-11-08 10:25:18.252] [main] [info] 300000 / 814809 (36.82 %) Events processed ...
[2025-11-08 10:25:18.455] [main] [info] 310000 / 814809 (38.05 %) Events processed ...
[2025-11-08 10:25:18.682] [main] [info] 320000 / 814809 (39.27 %) Events processed ...
[2025-11-08 10:25:18.970] [main] [info] 330000 / 814809 (40.50 %) Events processed ...
[2025-11-08 10:25:19.263] [main] [info] 340000 / 814809 (41.73 %) Events processed ...
[2025-11-08 10:25:21.564] [main] [info] 350000 / 814809 (42.95 %) Events processed ...
[2025-11-08 10:25:21.908] [main] [info] 360000 / 814809 (44.18 %) Events processed ...
[2025-11-08 10:25:22.125] [main] [info] 370000 / 814809 (45.41 %) Events processed ...
[2025-11-08 10:25:22.342] [main] [info] 380000 / 814809 (46.64 %) Events processed ...
[2025-11-08 10:25:22.512] [main] [info] 390000 / 814809 (47.86 %) Events processed ...
[2025-11-08 10:25:22.757] [main] [info] 400000 / 814809 (49.09 %) Events processed ...
[2025-11-08 10:25:24.409] [main] [info] 410000 / 814809 (50.32 %) Events processed ...
[2025-11-08 10:25:24.623] [main] [info] 420000 / 814809 (51.55 %) Events processed ...
[2025-11-08 10:25:24.838] [main] [info] 430000 / 814809 (52.77 %) Events processed ...
[2025-11-08 10:25:25.167] [main] [info] 440000 / 814809 (54.00 %) Events processed ...
[2025-11-08 10:25:25.385] [main] [info] 450000 / 814809 (55.23 %) Events processed ...
[2025-11-08 10:25:25.597] [main] [info] 460000 / 814809 (56.45 %) Events processed ...
[2025-11-08 10:25:25.817] [main] [info] 470000 / 814809 (57.68 %) Events processed ...
[2025-11-08 10:25:28.777] [main] [info] 480000 / 814809 (58.91 %) Events processed ...
[2025-11-08 10:25:28.985] [main] [info] 490000 / 814809 (60.14 %) Events processed ...
[2025-11-08 10:25:29.208] [main] [info] 500000 / 814809 (61.36 %) Events processed ...
[2025-11-08 10:25:29.419] [main] [info] 510000 / 814809 (62.59 %) Events processed ...
[2025-11-08 10:25:29.768] [main] [info] 520000 / 814809 (63.82 %) Events processed ...
[2025-11-08 10:25:29.986] [main] [info] 530000 / 814809 (65.05 %) Events processed ...
[2025-11-08 10:25:32.259] [main] [info] 540000 / 814809 (66.27 %) Events processed ...
[2025-11-08 10:25:32.465] [main] [info] 550000 / 814809 (67.50 %) Events processed ...
[2025-11-08 10:25:32.787] [main] [info] 560000 / 814809 (68.73 %) Events processed ...
[2025-11-08 10:25:33.000] [main] [info] 570000 / 814809 (69.96 %) Events processed ...
[2025-11-08 10:25:33.200] [main] [info] 580000 / 814809 (71.18 %) Events processed ...
[2025-11-08 10:25:33.401] [main] [info] 590000 / 814809 (72.41 %) Events processed ...
[2025-11-08 10:25:35.757] [main] [info] 600000 / 814809 (73.64 %) Events processed ...
[2025-11-08 10:25:36.044] [main] [info] 610000 / 814809 (74.86 %) Events processed ...
[2025-11-08 10:25:36.257] [main] [info] 620000 / 814809 (76.09 %) Events processed ...
[2025-11-08 10:25:36.470] [main] [info] 630000 / 814809 (77.32 %) Events processed ...
[2025-11-08 10:25:36.813] [main] [info] 640000 / 814809 (78.55 %) Events processed ...
[2025-11-08 10:25:37.012] [main] [info] 650000 / 814809 (79.77 %) Events processed ...
[2025-11-08 10:25:37.171] [main] [info] 660000 / 814809 (81.00 %) Events processed ...
[2025-11-08 10:25:41.626] [main] [info] 670000 / 814809 (82.23 %) Events processed ...
[2025-11-08 10:25:41.963] [main] [info] 680000 / 814809 (83.46 %) Events processed ...
[2025-11-08 10:25:42.180] [main] [info] 690000 / 814809 (84.68 %) Events processed ...
[2025-11-08 10:25:42.395] [main] [info] 700000 / 814809 (85.91 %) Events processed ...
[2025-11-08 10:25:42.608] [main] [info] 710000 / 814809 (87.14 %) Events processed ...
[2025-11-08 10:25:42.937] [main] [info] 720000 / 814809 (88.36 %) Events processed ...
[2025-11-08 10:25:43.154] [main] [info] 730000 / 814809 (89.59 %) Events processed ...
[2025-11-08 10:25:46.368] [main] [info] 740000 / 814809 (90.82 %) Events processed ...
[2025-11-08 10:25:46.561] [main] [info] 750000 / 814809 (92.05 %) Events processed ...
[2025-11-08 10:25:46.888] [main] [info] 760000 / 814809 (93.27 %) Events processed ...
[2025-11-08 10:25:47.085] [main] [info] 770000 / 814809 (94.50 %) Events processed ...
[2025-11-08 10:25:47.284] [main] [info] 780000 / 814809 (95.73 %) Events processed ...
[2025-11-08 10:25:47.477] [main] [info] 790000 / 814809 (96.96 %) Events processed ...
[2025-11-08 10:25:48.242] [main] [info] 800000 / 814809 (98.18 %) Events processed ...
[2025-11-08 10:25:48.433] [main] [info] 810000 / 814809 (99.41 %) Events processed ...
[2025-11-08 10:25:48.689] [main] [info] vbfhmm:
GoldenJSONFilter: pass=741074     all=814809     -- eff=90.95 % cumulative eff=90.95 %
Flag_goodVertices: pass=740597     all=741074     -- eff=99.94 % cumulative eff=90.89 %
Flag_globalSuperTightHalo2016Filter: pass=740278     all=740597     -- eff=99.96 % cumulative eff=90.85 %
Flag_EcalDeadCellTriggerPrimitiveFilter: pass=740252     all=740278     -- eff=100.00 % cumulative eff=90.85 %
Flag_BadPFMuonFilter: pass=739847     all=740252     -- eff=99.95 % cumulative eff=90.80 %
Flag_BadPFMuonDzFilter: pass=739702     all=739847     -- eff=99.98 % cumulative eff=90.78 %
Flag_eeBadScFilter: pass=739702     all=739702     -- eff=100.00 % cumulative eff=90.78 %
Flag_ecalBadCalibFilter: pass=739655     all=739702     -- eff=99.99 % cumulative eff=90.78 %
Flag_hfNoisyHitsFilter: pass=738511     all=739655     -- eff=99.85 % cumulative eff=90.64 %
Number of muons 2: pass=24904      all=738511     -- eff=3.37 % cumulative eff=3.06 %
DiMuon From Higgs: pass=22493      all=24904      -- eff=90.32 % cumulative eff=2.76 %
LeptonChargeSum: pass=22481      all=22493      -- eff=99.95 % cumulative eff=2.76 %
[2025-11-08 10:25:48.978] [main] [info] Writing quantities map to /eos/user/j/jiahua/MC_2022EE_inc/Muon_UL22G-19Dec2023-v2/a8c1cc97-508b-4629-91a3-bb7c04125ae2_vbfhmm.root
[2025-11-08 10:25:49.111] [main] [info] Finished Evaluation
[2025-11-08 10:25:49.111] [main] [info] Overall runtime (real time: 58.99, CPU time: 27.55)
