Starting job on \n
Running on: Linux b9p29p6666.cern.ch 5.14.0-570.44.1.el9_6.x86_64 #1 SMP PREEMPT_DYNAMIC Tue Sep 9 05:17:30 EDT 2025 x86_64 x86_64 x86_64 GNU/Linux\n
System software: Red Hat Enterprise Linux release 9.6 (Plow)\n
Setting up CROWN for RedHatEnterprise Version 9.6
subject   : /DC=ch/DC=cern/OU=Organic Units/OU=Users/CN=jiahua/CN=851532/CN=Jiahua Chen/CN=1735721823
issuer    : /DC=ch/DC=cern/OU=Organic Units/OU=Users/CN=jiahua/CN=851532/CN=Jiahua Chen
identity  : /DC=ch/DC=cern/OU=Organic Units/OU=Users/CN=jiahua/CN=851532/CN=Jiahua Chen
type      : RFC compliant proxy
strength  : 2048 bits
path      : /afs/cern.ch/user/j/jiahua/proxy/x509up_u139833
timeleft  : 197:20:17
key usage : Digital Signature, Key Encipherment
=== VO cms extension information ===
VO        : cms
subject   : /DC=ch/DC=cern/OU=Organic Units/OU=Users/CN=jiahua/CN=851532/CN=Jiahua Chen
issuer    : /DC=ch/DC=cern/OU=computers/CN=cms-auth.cern.ch
attribute : /cms/Role=NULL/Capability=NULL
timeleft  : 189:20:17
uri       : voms-cms-auth.cern.ch:15000
subject   : /DC=ch/DC=cern/OU=Organic Units/OU=Users/CN=jiahua/CN=851532/CN=Jiahua Chen/CN=1735721823
issuer    : /DC=ch/DC=cern/OU=Organic Units/OU=Users/CN=jiahua/CN=851532/CN=Jiahua Chen
identity  : /DC=ch/DC=cern/OU=Organic Units/OU=Users/CN=jiahua/CN=851532/CN=Jiahua Chen
type      : RFC compliant proxy
strength  : 2048 bits
path      : /afs/cern.ch/user/j/jiahua/proxy/x509up_u139833
timeleft  : 197:20:17
key usage : Digital Signature, Key Encipherment
=== VO cms extension information ===
VO        : cms
subject   : /DC=ch/DC=cern/OU=Organic Units/OU=Users/CN=jiahua/CN=851532/CN=Jiahua Chen
issuer    : /DC=ch/DC=cern/OU=computers/CN=cms-auth.cern.ch
attribute : /cms/Role=NULL/Capability=NULL
timeleft  : 189:20:17
uri       : voms-cms-auth.cern.ch:15000
/eos/user/j/jiahua/MC_2022EE_inc/TbarWplusto2L2Nu_powheg_22EE_ext1-v2/faf1e27e-685e-4ee6-af48-420b934a34c6.root
[2025-11-08 10:18:41.672] [main] [info] Checking input files
[2025-11-08 10:18:44.770] [main] [info] NanoAOD input_file 1: root://cms-xrd-global.cern.ch//store/mc/Run3Summer22EENanoAODv12/TbarWplusto2L2Nu_TuneCP5_13p6TeV_powheg-pythia8/NANOAODSIM/130X_mcRun3_2022_realistic_postEE_v6_ext1-v2/2540000/faf1e27e-685e-4ee6-af48-420b934a34c6.root - 56090 Events
[2025-11-08 10:18:44.770] [main] [info] input_file 1: root://cms-xrd-global.cern.ch//store/mc/Run3Summer22EENanoAODv12/TbarWplusto2L2Nu_TuneCP5_13p6TeV_powheg-pythia8/NANOAODSIM/130X_mcRun3_2022_realistic_postEE_v6_ext1-v2/2540000/faf1e27e-685e-4ee6-af48-420b934a34c6.root - SumOfGenWeight: 213460.5117000002 
[2025-11-08 10:18:44.770] [main] [info] Output directory: /eos/user/j/jiahua/MC_2022EE_inc/TbarWplusto2L2Nu_powheg_22EE_ext1-v2/faf1e27e-685e-4ee6-af48-420b934a34c6.root
[2025-11-08 10:18:44.771] [main] [info] Starting Setup of Dataframe with 56090 events
[2025-11-08 10:19:26.981] [main] [info] Finished Setup
[2025-11-08 10:19:26.981] [main] [info] Runtime for setup (real time: 42.21, CPU time: 41.50)
[2025-11-08 10:19:26.981] [main] [info] Starting Evaluation
[2025-11-08 10:19:35.325] [main] [info] 10000 / 56090 (17.83 %) Events processed ...
[2025-11-08 10:19:36.079] [main] [info] 20000 / 56090 (35.66 %) Events processed ...
[2025-11-08 10:19:37.397] [main] [info] 30000 / 56090 (53.49 %) Events processed ...
[2025-11-08 10:19:38.105] [main] [info] 40000 / 56090 (71.31 %) Events processed ...
[2025-11-08 10:19:38.830] [main] [info] 50000 / 56090 (89.14 %) Events processed ...
[2025-11-08 10:19:39.711] [main] [info] vbfhmm:
Flag_goodVertices: pass=56090      all=56090      -- eff=100.00 % cumulative eff=100.00 %
Flag_globalSuperTightHalo2016Filter: pass=56087      all=56090      -- eff=99.99 % cumulative eff=99.99 %
Flag_EcalDeadCellTriggerPrimitiveFilter: pass=56077      all=56087      -- eff=99.98 % cumulative eff=99.98 %
Flag_BadPFMuonFilter: pass=56073      all=56077      -- eff=99.99 % cumulative eff=99.97 %
Flag_BadPFMuonDzFilter: pass=56072      all=56073      -- eff=100.00 % cumulative eff=99.97 %
Flag_eeBadScFilter: pass=56072      all=56072      -- eff=100.00 % cumulative eff=99.97 %
Flag_ecalBadCalibFilter: pass=56063      all=56072      -- eff=99.98 % cumulative eff=99.95 %
Flag_hfNoisyHitsFilter: pass=56062      all=56063      -- eff=100.00 % cumulative eff=99.95 %
Number of muons 2: pass=4275       all=56062      -- eff=7.63 % cumulative eff=7.62 %
DiMuon From Higgs: pass=2029       all=4275       -- eff=47.46 % cumulative eff=3.62 %
LeptonChargeSum: pass=2017       all=2029       -- eff=99.41 % cumulative eff=3.60 %
[2025-11-08 10:19:39.858] [main] [info] Writing quantities map to /eos/user/j/jiahua/MC_2022EE_inc/TbarWplusto2L2Nu_powheg_22EE_ext1-v2/faf1e27e-685e-4ee6-af48-420b934a34c6_vbfhmm.root
[2025-11-08 10:19:39.939] [main] [info] Finished Evaluation
[2025-11-08 10:19:39.940] [main] [info] Overall runtime (real time: 55.17, CPU time: 52.40)
