Starting job on \n
Running on: Linux b9p09p7685.cern.ch 5.14.0-570.42.2.el9_6.x86_64 #1 SMP PREEMPT_DYNAMIC Mon Sep 8 12:15:13 EDT 2025 x86_64 x86_64 x86_64 GNU/Linux\n
System software: Red Hat Enterprise Linux release 9.6 (Plow)\n
Setting up CROWN for RedHatEnterprise Version 9.6
subject   : /DC=ch/DC=cern/OU=Organic Units/OU=Users/CN=jiahua/CN=851532/CN=Jiahua Chen/CN=1735721823
issuer    : /DC=ch/DC=cern/OU=Organic Units/OU=Users/CN=jiahua/CN=851532/CN=Jiahua Chen
identity  : /DC=ch/DC=cern/OU=Organic Units/OU=Users/CN=jiahua/CN=851532/CN=Jiahua Chen
type      : RFC compliant proxy
strength  : 2048 bits
path      : /afs/cern.ch/user/j/jiahua/proxy/x509up_u139833
timeleft  : 197:19:45
key usage : Digital Signature, Key Encipherment
=== VO cms extension information ===
VO        : cms
subject   : /DC=ch/DC=cern/OU=Organic Units/OU=Users/CN=jiahua/CN=851532/CN=Jiahua Chen
issuer    : /DC=ch/DC=cern/OU=computers/CN=cms-auth.cern.ch
attribute : /cms/Role=NULL/Capability=NULL
timeleft  : 189:19:45
uri       : voms-cms-auth.cern.ch:15000
subject   : /DC=ch/DC=cern/OU=Organic Units/OU=Users/CN=jiahua/CN=851532/CN=Jiahua Chen/CN=1735721823
issuer    : /DC=ch/DC=cern/OU=Organic Units/OU=Users/CN=jiahua/CN=851532/CN=Jiahua Chen
identity  : /DC=ch/DC=cern/OU=Organic Units/OU=Users/CN=jiahua/CN=851532/CN=Jiahua Chen
type      : RFC compliant proxy
strength  : 2048 bits
path      : /afs/cern.ch/user/j/jiahua/proxy/x509up_u139833
timeleft  : 197:19:45
key usage : Digital Signature, Key Encipherment
=== VO cms extension information ===
VO        : cms
subject   : /DC=ch/DC=cern/OU=Organic Units/OU=Users/CN=jiahua/CN=851532/CN=Jiahua Chen
issuer    : /DC=ch/DC=cern/OU=computers/CN=cms-auth.cern.ch
attribute : /cms/Role=NULL/Capability=NULL
timeleft  : 189:19:45
uri       : voms-cms-auth.cern.ch:15000
/eos/user/j/jiahua/MC_2022EE_inc/TbarWplusto2L2Nu_powheg_22EE_ext1-v2/49d2d7cf-a8b3-4d44-aa42-e71f3ddec09e.root
[2025-11-08 10:19:13.353] [main] [info] Checking input files
[2025-11-08 10:19:17.962] [main] [info] NanoAOD input_file 1: root://cms-xrd-global.cern.ch//store/mc/Run3Summer22EENanoAODv12/TbarWplusto2L2Nu_TuneCP5_13p6TeV_powheg-pythia8/NANOAODSIM/130X_mcRun3_2022_realistic_postEE_v6_ext1-v2/2540000/49d2d7cf-a8b3-4d44-aa42-e71f3ddec09e.root - 14910 Events
[2025-11-08 10:19:17.962] [main] [info] input_file 1: root://cms-xrd-global.cern.ch//store/mc/Run3Summer22EENanoAODv12/TbarWplusto2L2Nu_TuneCP5_13p6TeV_powheg-pythia8/NANOAODSIM/130X_mcRun3_2022_realistic_postEE_v6_ext1-v2/2540000/49d2d7cf-a8b3-4d44-aa42-e71f3ddec09e.root - SumOfGenWeight: 56746.71449999997 
[2025-11-08 10:19:17.964] [main] [info] Output directory: /eos/user/j/jiahua/MC_2022EE_inc/TbarWplusto2L2Nu_powheg_22EE_ext1-v2/49d2d7cf-a8b3-4d44-aa42-e71f3ddec09e.root
[2025-11-08 10:19:17.965] [main] [info] Starting Setup of Dataframe with 14910 events
[2025-11-08 10:20:06.925] [main] [info] Finished Setup
[2025-11-08 10:20:06.925] [main] [info] Runtime for setup (real time: 48.96, CPU time: 48.29)
[2025-11-08 10:20:06.925] [main] [info] Starting Evaluation
[2025-11-08 10:20:15.226] [main] [info] 10000 / 14910 (67.07 %) Events processed ...
[2025-11-08 10:20:15.785] [main] [info] vbfhmm:
Flag_goodVertices: pass=14910      all=14910      -- eff=100.00 % cumulative eff=100.00 %
Flag_globalSuperTightHalo2016Filter: pass=14906      all=14910      -- eff=99.97 % cumulative eff=99.97 %
Flag_EcalDeadCellTriggerPrimitiveFilter: pass=14902      all=14906      -- eff=99.97 % cumulative eff=99.95 %
Flag_BadPFMuonFilter: pass=14901      all=14902      -- eff=99.99 % cumulative eff=99.94 %
Flag_BadPFMuonDzFilter: pass=14899      all=14901      -- eff=99.99 % cumulative eff=99.93 %
Flag_eeBadScFilter: pass=14899      all=14899      -- eff=100.00 % cumulative eff=99.93 %
Flag_ecalBadCalibFilter: pass=14895      all=14899      -- eff=99.97 % cumulative eff=99.90 %
Flag_hfNoisyHitsFilter: pass=14895      all=14895      -- eff=100.00 % cumulative eff=99.90 %
Number of muons 2: pass=1081       all=14895      -- eff=7.26 % cumulative eff=7.25 %
DiMuon From Higgs: pass=502        all=1081       -- eff=46.44 % cumulative eff=3.37 %
LeptonChargeSum: pass=501        all=502        -- eff=99.80 % cumulative eff=3.36 %
[2025-11-08 10:20:15.911] [main] [info] Writing quantities map to /eos/user/j/jiahua/MC_2022EE_inc/TbarWplusto2L2Nu_powheg_22EE_ext1-v2/49d2d7cf-a8b3-4d44-aa42-e71f3ddec09e_vbfhmm.root
[2025-11-08 10:20:15.966] [main] [info] Finished Evaluation
[2025-11-08 10:20:15.966] [main] [info] Overall runtime (real time: 58.00, CPU time: 56.48)
