Starting job on \n
Running on: Linux b9p06p8468.cern.ch 5.14.0-570.42.2.el9_6.x86_64 #1 SMP PREEMPT_DYNAMIC Mon Sep 8 12:15:13 EDT 2025 x86_64 x86_64 x86_64 GNU/Linux\n
System software: Red Hat Enterprise Linux release 9.6 (Plow)\n
Setting up CROWN for RedHatEnterprise Version 9.6
subject   : /DC=ch/DC=cern/OU=Organic Units/OU=Users/CN=jiahua/CN=851532/CN=Jiahua Chen/CN=1735721823
issuer    : /DC=ch/DC=cern/OU=Organic Units/OU=Users/CN=jiahua/CN=851532/CN=Jiahua Chen
identity  : /DC=ch/DC=cern/OU=Organic Units/OU=Users/CN=jiahua/CN=851532/CN=Jiahua Chen
type      : RFC compliant proxy
strength  : 2048 bits
path      : /afs/cern.ch/user/j/jiahua/proxy/x509up_u139833
timeleft  : 197:19:48
key usage : Digital Signature, Key Encipherment
=== VO cms extension information ===
VO        : cms
subject   : /DC=ch/DC=cern/OU=Organic Units/OU=Users/CN=jiahua/CN=851532/CN=Jiahua Chen
issuer    : /DC=ch/DC=cern/OU=computers/CN=cms-auth.cern.ch
attribute : /cms/Role=NULL/Capability=NULL
timeleft  : 189:19:48
uri       : voms-cms-auth.cern.ch:15000
subject   : /DC=ch/DC=cern/OU=Organic Units/OU=Users/CN=jiahua/CN=851532/CN=Jiahua Chen/CN=1735721823
issuer    : /DC=ch/DC=cern/OU=Organic Units/OU=Users/CN=jiahua/CN=851532/CN=Jiahua Chen
identity  : /DC=ch/DC=cern/OU=Organic Units/OU=Users/CN=jiahua/CN=851532/CN=Jiahua Chen
type      : RFC compliant proxy
strength  : 2048 bits
path      : /afs/cern.ch/user/j/jiahua/proxy/x509up_u139833
timeleft  : 197:19:48
key usage : Digital Signature, Key Encipherment
=== VO cms extension information ===
VO        : cms
subject   : /DC=ch/DC=cern/OU=Organic Units/OU=Users/CN=jiahua/CN=851532/CN=Jiahua Chen
issuer    : /DC=ch/DC=cern/OU=computers/CN=cms-auth.cern.ch
attribute : /cms/Role=NULL/Capability=NULL
timeleft  : 189:19:48
uri       : voms-cms-auth.cern.ch:15000
/eos/user/j/jiahua/MC_2022EE_inc/TbarWplusto2L2Nu_powheg_22EE_ext1-v2/ef13ee0b-efb2-4972-8042-73547e51f945.root
[2025-11-08 10:19:10.776] [main] [info] Checking input files
[2025-11-08 10:19:14.969] [main] [info] NanoAOD input_file 1: root://cms-xrd-global.cern.ch//store/mc/Run3Summer22EENanoAODv12/TbarWplusto2L2Nu_TuneCP5_13p6TeV_powheg-pythia8/NANOAODSIM/130X_mcRun3_2022_realistic_postEE_v6_ext1-v2/40000/ef13ee0b-efb2-4972-8042-73547e51f945.root - 119280 Events
[2025-11-08 10:19:14.969] [main] [info] input_file 1: root://cms-xrd-global.cern.ch//store/mc/Run3Summer22EENanoAODv12/TbarWplusto2L2Nu_TuneCP5_13p6TeV_powheg-pythia8/NANOAODSIM/130X_mcRun3_2022_realistic_postEE_v6_ext1-v2/40000/ef13ee0b-efb2-4972-8042-73547e51f945.root - SumOfGenWeight: 453958.49220000114 
[2025-11-08 10:19:14.969] [main] [info] Output directory: /eos/user/j/jiahua/MC_2022EE_inc/TbarWplusto2L2Nu_powheg_22EE_ext1-v2/ef13ee0b-efb2-4972-8042-73547e51f945.root
[2025-11-08 10:19:14.972] [main] [info] Starting Setup of Dataframe with 119280 events
[2025-11-08 10:20:00.881] [main] [info] Finished Setup
[2025-11-08 10:20:00.881] [main] [info] Runtime for setup (real time: 45.91, CPU time: 44.80)
[2025-11-08 10:20:00.881] [main] [info] Starting Evaluation
[2025-11-08 10:20:09.187] [main] [info] 10000 / 119280 (8.38 %) Events processed ...
[2025-11-08 10:20:09.889] [main] [info] 20000 / 119280 (16.77 %) Events processed ...
[2025-11-08 10:20:11.352] [main] [info] 30000 / 119280 (25.15 %) Events processed ...
[2025-11-08 10:20:11.976] [main] [info] 40000 / 119280 (33.53 %) Events processed ...
[2025-11-08 10:20:12.622] [main] [info] 50000 / 119280 (41.92 %) Events processed ...
[2025-11-08 10:20:14.409] [main] [info] 60000 / 119280 (50.30 %) Events processed ...
[2025-11-08 10:20:15.309] [main] [info] 70000 / 119280 (58.69 %) Events processed ...
[2025-11-08 10:20:18.699] [main] [info] 80000 / 119280 (67.07 %) Events processed ...
[2025-11-08 10:20:19.564] [main] [info] 90000 / 119280 (75.45 %) Events processed ...
[2025-11-08 10:20:20.207] [main] [info] 100000 / 119280 (83.84 %) Events processed ...
[2025-11-08 10:20:22.538] [main] [info] 110000 / 119280 (92.22 %) Events processed ...
[2025-11-08 10:20:23.465] [main] [info] vbfhmm:
Flag_goodVertices: pass=119280     all=119280     -- eff=100.00 % cumulative eff=100.00 %
Flag_globalSuperTightHalo2016Filter: pass=119269     all=119280     -- eff=99.99 % cumulative eff=99.99 %
Flag_EcalDeadCellTriggerPrimitiveFilter: pass=119243     all=119269     -- eff=99.98 % cumulative eff=99.97 %
Flag_BadPFMuonFilter: pass=119237     all=119243     -- eff=99.99 % cumulative eff=99.96 %
Flag_BadPFMuonDzFilter: pass=119235     all=119237     -- eff=100.00 % cumulative eff=99.96 %
Flag_eeBadScFilter: pass=119235     all=119235     -- eff=100.00 % cumulative eff=99.96 %
Flag_ecalBadCalibFilter: pass=119224     all=119235     -- eff=99.99 % cumulative eff=99.95 %
Flag_hfNoisyHitsFilter: pass=119222     all=119224     -- eff=100.00 % cumulative eff=99.95 %
Number of muons 2: pass=8895       all=119222     -- eff=7.46 % cumulative eff=7.46 %
DiMuon From Higgs: pass=4075       all=8895       -- eff=45.81 % cumulative eff=3.42 %
LeptonChargeSum: pass=4063       all=4075       -- eff=99.71 % cumulative eff=3.41 %
[2025-11-08 10:20:23.695] [main] [info] Writing quantities map to /eos/user/j/jiahua/MC_2022EE_inc/TbarWplusto2L2Nu_powheg_22EE_ext1-v2/ef13ee0b-efb2-4972-8042-73547e51f945_vbfhmm.root
[2025-11-08 10:20:23.832] [main] [info] Finished Evaluation
[2025-11-08 10:20:23.833] [main] [info] Overall runtime (real time: 68.86, CPU time: 61.17)
