000 (12769436.066.000) 11/08 09:48:55 Job submitted from host: <188.185.121.235:9618?addrs=188.185.121.235-9618+[2001-1458-d00-49--100-36e]-9618&alias=bigbird22.cern.ch&noUDP&sock=schedd_232129_c3ca>
...
040 (12769436.066.000) 11/08 10:18:53 Started transferring input files
	Transferring to host: <188.185.194.123:9618?addrs=188.185.194.123-9618+[2001-1458-303-21--100-77]-9618&alias=b9p20p1860.cern.ch&noUDP&sock=slot1_39_7978_f8fe_47312>
...
040 (12769436.066.000) 11/08 10:18:53 Finished transferring input files
...
001 (12769436.066.000) 11/08 10:18:54 Job executing on host: <188.185.194.123:9618?addrs=188.185.194.123-9618+[2001-1458-303-21--100-77]-9618&alias=b9p20p1860.cern.ch&noUDP&sock=startd_6859_482f>
	SlotName: slot1_39@b9p20p1860.cern.ch
	CondorScratchDir = "/pool/condor/dir_3831028"
	Cpus = 1
	Disk = 16197
	GPUs = 0
	Memory = 3000
...
006 (12769436.066.000) 11/08 10:19:07 Image size of job updated: 156948
	154  -  MemoryUsage of job (MB)
	156948  -  ResidentSetSize of job (KB)
...
006 (12769436.066.000) 11/08 10:20:33 Image size of job updated: 434280
	154  -  MemoryUsage of job (MB)
	156948  -  ResidentSetSize of job (KB)
...
040 (12769436.066.000) 11/08 10:20:33 Started transferring output files
...
040 (12769436.066.000) 11/08 10:20:33 Finished transferring output files
...
005 (12769436.066.000) 11/08 10:20:33 Job terminated.
	(1) Normal termination (return value 0)
		Usr 0 00:01:27, Sys 0 00:00:02  -  Run Remote Usage
		Usr 0 00:00:00, Sys 0 00:00:00  -  Run Local Usage
		Usr 0 00:01:27, Sys 0 00:00:02  -  Total Remote Usage
		Usr 0 00:00:00, Sys 0 00:00:00  -  Total Local Usage
	9693  -  Run Bytes Sent By Job
	11220238  -  Run Bytes Received By Job
	9693  -  Total Bytes Sent By Job
	11220238  -  Total Bytes Received By Job
	Partitionable Resources :    Usage  Request Allocated 
	   Cpus                 :        0        1         1 
	   Disk (KB)            :    10990    12500     16197 
	   GPUs                 :                           0 
	   Memory (MB)          :      154     3000      3000 
	   TimeExecute (s)      :       99                    
	   TimeSlotBusy (s)     :      100                    

	Job terminated of its own accord at 2025-11-08T09:20:33Z with exit-code 0.
...
