Starting job on \n
Running on: Linux b9p29p3838.cern.ch 5.14.0-570.44.1.el9_6.x86_64 #1 SMP PREEMPT_DYNAMIC Tue Sep 9 05:17:30 EDT 2025 x86_64 x86_64 x86_64 GNU/Linux\n
System software: Red Hat Enterprise Linux release 9.6 (Plow)\n
Setting up CROWN for RedHatEnterprise Version 9.6
subject   : /DC=ch/DC=cern/OU=Organic Units/OU=Users/CN=jiahua/CN=851532/CN=Jiahua Chen/CN=1735721823
issuer    : /DC=ch/DC=cern/OU=Organic Units/OU=Users/CN=jiahua/CN=851532/CN=Jiahua Chen
identity  : /DC=ch/DC=cern/OU=Organic Units/OU=Users/CN=jiahua/CN=851532/CN=Jiahua Chen
type      : RFC compliant proxy
strength  : 2048 bits
path      : /afs/cern.ch/user/j/jiahua/proxy/x509up_u139833
timeleft  : 197:19:49
key usage : Digital Signature, Key Encipherment
=== VO cms extension information ===
VO        : cms
subject   : /DC=ch/DC=cern/OU=Organic Units/OU=Users/CN=jiahua/CN=851532/CN=Jiahua Chen
issuer    : /DC=ch/DC=cern/OU=computers/CN=cms-auth.cern.ch
attribute : /cms/Role=NULL/Capability=NULL
timeleft  : 189:19:49
uri       : voms-cms-auth.cern.ch:15000
subject   : /DC=ch/DC=cern/OU=Organic Units/OU=Users/CN=jiahua/CN=851532/CN=Jiahua Chen/CN=1735721823
issuer    : /DC=ch/DC=cern/OU=Organic Units/OU=Users/CN=jiahua/CN=851532/CN=Jiahua Chen
identity  : /DC=ch/DC=cern/OU=Organic Units/OU=Users/CN=jiahua/CN=851532/CN=Jiahua Chen
type      : RFC compliant proxy
strength  : 2048 bits
path      : /afs/cern.ch/user/j/jiahua/proxy/x509up_u139833
timeleft  : 197:19:49
key usage : Digital Signature, Key Encipherment
=== VO cms extension information ===
VO        : cms
subject   : /DC=ch/DC=cern/OU=Organic Units/OU=Users/CN=jiahua/CN=851532/CN=Jiahua Chen
issuer    : /DC=ch/DC=cern/OU=computers/CN=cms-auth.cern.ch
attribute : /cms/Role=NULL/Capability=NULL
timeleft  : 189:19:49
uri       : voms-cms-auth.cern.ch:15000
/eos/user/j/jiahua/MC_2022EE_inc/TbarWplusto2L2Nu_powheg_22EE_ext1-v2/1753006a-b326-45af-a88e-47e00fa93598.root
[2025-11-08 10:19:09.743] [main] [info] Checking input files
[2025-11-08 10:19:13.124] [main] [info] NanoAOD input_file 1: root://cms-xrd-global.cern.ch//store/mc/Run3Summer22EENanoAODv12/TbarWplusto2L2Nu_TuneCP5_13p6TeV_powheg-pythia8/NANOAODSIM/130X_mcRun3_2022_realistic_postEE_v6_ext1-v2/2520000/1753006a-b326-45af-a88e-47e00fa93598.root - 7810 Events
[2025-11-08 10:19:13.124] [main] [info] input_file 1: root://cms-xrd-global.cern.ch//store/mc/Run3Summer22EENanoAODv12/TbarWplusto2L2Nu_TuneCP5_13p6TeV_powheg-pythia8/NANOAODSIM/130X_mcRun3_2022_realistic_postEE_v6_ext1-v2/2520000/1753006a-b326-45af-a88e-47e00fa93598.root - SumOfGenWeight: 29724.469500000003 
[2025-11-08 10:19:13.124] [main] [info] Output directory: /eos/user/j/jiahua/MC_2022EE_inc/TbarWplusto2L2Nu_powheg_22EE_ext1-v2/1753006a-b326-45af-a88e-47e00fa93598.root
[2025-11-08 10:19:13.125] [main] [info] Starting Setup of Dataframe with 7810 events
[2025-11-08 10:19:55.390] [main] [info] Finished Setup
[2025-11-08 10:19:55.390] [main] [info] Runtime for setup (real time: 42.27, CPU time: 41.53)
[2025-11-08 10:19:55.390] [main] [info] Starting Evaluation
[2025-11-08 10:20:04.330] [main] [info] vbfhmm:
Flag_goodVertices: pass=7810       all=7810       -- eff=100.00 % cumulative eff=100.00 %
Flag_globalSuperTightHalo2016Filter: pass=7806       all=7810       -- eff=99.95 % cumulative eff=99.95 %
Flag_EcalDeadCellTriggerPrimitiveFilter: pass=7806       all=7806       -- eff=100.00 % cumulative eff=99.95 %
Flag_BadPFMuonFilter: pass=7806       all=7806       -- eff=100.00 % cumulative eff=99.95 %
Flag_BadPFMuonDzFilter: pass=7806       all=7806       -- eff=100.00 % cumulative eff=99.95 %
Flag_eeBadScFilter: pass=7806       all=7806       -- eff=100.00 % cumulative eff=99.95 %
Flag_ecalBadCalibFilter: pass=7804       all=7806       -- eff=99.97 % cumulative eff=99.92 %
Flag_hfNoisyHitsFilter: pass=7804       all=7804       -- eff=100.00 % cumulative eff=99.92 %
Number of muons 2: pass=595        all=7804       -- eff=7.62 % cumulative eff=7.62 %
DiMuon From Higgs: pass=268        all=595        -- eff=45.04 % cumulative eff=3.43 %
LeptonChargeSum: pass=267        all=268        -- eff=99.63 % cumulative eff=3.42 %
[2025-11-08 10:20:04.410] [main] [info] Writing quantities map to /eos/user/j/jiahua/MC_2022EE_inc/TbarWplusto2L2Nu_powheg_22EE_ext1-v2/1753006a-b326-45af-a88e-47e00fa93598_vbfhmm.root
[2025-11-08 10:20:04.464] [main] [info] Finished Evaluation
[2025-11-08 10:20:04.464] [main] [info] Overall runtime (real time: 51.34, CPU time: 48.91)
