000 (12769428.180.000) 11/08 09:48:36 Job submitted from host: <188.185.121.235:9618?addrs=188.185.121.235-9618+[2001-1458-d00-49--100-36e]-9618&alias=bigbird22.cern.ch&noUDP&sock=schedd_232129_c3ca>
...
040 (12769428.180.000) 11/08 10:02:25 Started transferring input files
	Transferring to host: <188.185.211.148:9618?addrs=188.185.211.148-9618+[2001-1458-303-17--100-10]-9618&alias=b9p24p1922.cern.ch&noUDP&sock=slot1_22_7778_0df5_49021>
...
040 (12769428.180.000) 11/08 10:02:25 Finished transferring input files
...
001 (12769428.180.000) 11/08 10:02:26 Job executing on host: <188.185.211.148:9618?addrs=188.185.211.148-9618+[2001-1458-303-17--100-10]-9618&alias=b9p24p1922.cern.ch&noUDP&sock=startd_7025_24e7>
	SlotName: slot1_22@b9p24p1922.cern.ch
	CondorScratchDir = "/pool/condor/dir_3085336"
	Cpus = 1
	Disk = 15873
	GPUs = 0
	Memory = 3000
...
006 (12769428.180.000) 11/08 10:02:40 Image size of job updated: 159216
	156  -  MemoryUsage of job (MB)
	159216  -  ResidentSetSize of job (KB)
...
006 (12769428.180.000) 11/08 10:05:17 Image size of job updated: 441332
	156  -  MemoryUsage of job (MB)
	159216  -  ResidentSetSize of job (KB)
...
040 (12769428.180.000) 11/08 10:05:17 Started transferring output files
...
040 (12769428.180.000) 11/08 10:05:17 Finished transferring output files
...
005 (12769428.180.000) 11/08 10:05:19 Job terminated.
	(1) Normal termination (return value 0)
		Usr 0 00:01:10, Sys 0 00:00:02  -  Run Remote Usage
		Usr 0 00:00:00, Sys 0 00:00:00  -  Run Local Usage
		Usr 0 00:01:10, Sys 0 00:00:02  -  Total Remote Usage
		Usr 0 00:00:00, Sys 0 00:00:00  -  Total Local Usage
	10787  -  Run Bytes Sent By Job
	11220238  -  Run Bytes Received By Job
	10787  -  Total Bytes Sent By Job
	11220238  -  Total Bytes Received By Job
	Partitionable Resources :    Usage  Request Allocated 
	   Cpus                 :        0        1         1 
	   Disk (KB)            :    10991    12500     15873 
	   GPUs                 :                           0 
	   Memory (MB)          :      156     3000      3000 
	   TimeExecute (s)      :      171                    
	   TimeSlotBusy (s)     :      173                    

	Job terminated of its own accord at 2025-11-08T09:05:17Z with exit-code 0.
...
