000 (12769428.001.000) 11/08 09:48:35 Job submitted from host: <188.185.121.235:9618?addrs=188.185.121.235-9618+[2001-1458-d00-49--100-36e]-9618&alias=bigbird22.cern.ch&noUDP&sock=schedd_232129_c3ca>
...
040 (12769428.001.000) 11/08 10:01:20 Started transferring input files
	Transferring to host: <188.185.215.35:9618?addrs=188.185.215.35-9618+[2001-1458-303-1e--100-1f]-9618&alias=b9p31p9060.cern.ch&noUDP&sock=slot1_41_4685_c198_49264>
...
040 (12769428.001.000) 11/08 10:01:20 Finished transferring input files
...
001 (12769428.001.000) 11/08 10:01:21 Job executing on host: <188.185.215.35:9618?addrs=188.185.215.35-9618+[2001-1458-303-1e--100-1f]-9618&alias=b9p31p9060.cern.ch&noUDP&sock=startd_3919_afbe>
	SlotName: slot1_41@b9p31p9060.cern.ch
	CondorScratchDir = "/pool/condor/dir_769346"
	Cpus = 1
	Disk = 15976
	GPUs = 0
	Memory = 3000
...
006 (12769428.001.000) 11/08 10:01:35 Image size of job updated: 168068
	165  -  MemoryUsage of job (MB)
	168068  -  ResidentSetSize of job (KB)
...
006 (12769428.001.000) 11/08 10:03:28 Image size of job updated: 441032
	165  -  MemoryUsage of job (MB)
	168068  -  ResidentSetSize of job (KB)
...
040 (12769428.001.000) 11/08 10:03:28 Started transferring output files
...
040 (12769428.001.000) 11/08 10:03:28 Finished transferring output files
...
005 (12769428.001.000) 11/08 10:03:28 Job terminated.
	(1) Normal termination (return value 0)
		Usr 0 00:01:04, Sys 0 00:00:02  -  Run Remote Usage
		Usr 0 00:00:00, Sys 0 00:00:00  -  Run Local Usage
		Usr 0 00:01:04, Sys 0 00:00:02  -  Total Remote Usage
		Usr 0 00:00:00, Sys 0 00:00:00  -  Total Local Usage
	10959  -  Run Bytes Sent By Job
	11220238  -  Run Bytes Received By Job
	10959  -  Total Bytes Sent By Job
	11220238  -  Total Bytes Received By Job
	Partitionable Resources :    Usage  Request Allocated 
	   Cpus                 :        0        1         1 
	   Disk (KB)            :    10991    12500     15976 
	   GPUs                 :                           0 
	   Memory (MB)          :      165     3000      3000 
	   TimeExecute (s)      :      127                    
	   TimeSlotBusy (s)     :      128                    

	Job terminated of its own accord at 2025-11-08T09:03:28Z with exit-code 0.
...
