000 (12769428.246.000) 11/08 09:48:36 Job submitted from host: <188.185.121.235:9618?addrs=188.185.121.235-9618+[2001-1458-d00-49--100-36e]-9618&alias=bigbird22.cern.ch&noUDP&sock=schedd_232129_c3ca>
...
040 (12769428.246.000) 11/08 10:02:48 Started transferring input files
	Transferring to host: <188.185.213.102:9618?addrs=188.185.213.102-9618+[2001-1458-303-1a--100-62]-9618&alias=b9p27p4324.cern.ch&noUDP&sock=slot1_32_5431_6176_51744>
...
040 (12769428.246.000) 11/08 10:02:48 Finished transferring input files
...
001 (12769428.246.000) 11/08 10:02:49 Job executing on host: <188.185.213.102:9618?addrs=188.185.213.102-9618+[2001-1458-303-1a--100-62]-9618&alias=b9p27p4324.cern.ch&noUDP&sock=startd_4434_ef05>
	SlotName: slot1_32@b9p27p4324.cern.ch
	CondorScratchDir = "/pool/condor/dir_3003359"
	Cpus = 1
	Disk = 15945
	GPUs = 0
	Memory = 3000
...
006 (12769428.246.000) 11/08 10:03:02 Image size of job updated: 156588
	153  -  MemoryUsage of job (MB)
	156588  -  ResidentSetSize of job (KB)
...
006 (12769428.246.000) 11/08 10:04:01 Image size of job updated: 430452
	153  -  MemoryUsage of job (MB)
	156588  -  ResidentSetSize of job (KB)
...
040 (12769428.246.000) 11/08 10:04:01 Started transferring output files
...
040 (12769428.246.000) 11/08 10:04:01 Finished transferring output files
...
005 (12769428.246.000) 11/08 10:04:02 Job terminated.
	(1) Normal termination (return value 0)
		Usr 0 00:00:53, Sys 0 00:00:02  -  Run Remote Usage
		Usr 0 00:00:00, Sys 0 00:00:00  -  Run Local Usage
		Usr 0 00:00:53, Sys 0 00:00:02  -  Total Remote Usage
		Usr 0 00:00:00, Sys 0 00:00:00  -  Total Local Usage
	9659  -  Run Bytes Sent By Job
	11220238  -  Run Bytes Received By Job
	9659  -  Total Bytes Sent By Job
	11220238  -  Total Bytes Received By Job
	Partitionable Resources :    Usage  Request Allocated 
	   Cpus                 :        0        1         1 
	   Disk (KB)            :    10990    12500     15945 
	   GPUs                 :                           0 
	   Memory (MB)          :      153     3000      3000 
	   TimeExecute (s)      :       72                    
	   TimeSlotBusy (s)     :       73                    

	Job terminated of its own accord at 2025-11-08T09:04:01Z with exit-code 0.
...
