Starting job on \n
Running on: Linux b9p27p4324.cern.ch 5.14.0-570.44.1.el9_6.x86_64 #1 SMP PREEMPT_DYNAMIC Tue Sep 9 05:17:30 EDT 2025 x86_64 x86_64 x86_64 GNU/Linux\n
System software: Red Hat Enterprise Linux release 9.6 (Plow)\n
Setting up CROWN for RedHatEnterprise Version 9.6
subject   : /DC=ch/DC=cern/OU=Organic Units/OU=Users/CN=jiahua/CN=851532/CN=Jiahua Chen/CN=1735721823
issuer    : /DC=ch/DC=cern/OU=Organic Units/OU=Users/CN=jiahua/CN=851532/CN=Jiahua Chen
identity  : /DC=ch/DC=cern/OU=Organic Units/OU=Users/CN=jiahua/CN=851532/CN=Jiahua Chen
type      : RFC compliant proxy
strength  : 2048 bits
path      : /afs/cern.ch/user/j/jiahua/proxy/x509up_u139833
timeleft  : 197:34:20
key usage : Digital Signature, Key Encipherment
=== VO cms extension information ===
VO        : cms
subject   : /DC=ch/DC=cern/OU=Organic Units/OU=Users/CN=jiahua/CN=851532/CN=Jiahua Chen
issuer    : /DC=ch/DC=cern/OU=computers/CN=cms-auth.cern.ch
attribute : /cms/Role=NULL/Capability=NULL
timeleft  : 189:34:20
uri       : voms-cms-auth.cern.ch:15000
subject   : /DC=ch/DC=cern/OU=Organic Units/OU=Users/CN=jiahua/CN=851532/CN=Jiahua Chen/CN=1735721823
issuer    : /DC=ch/DC=cern/OU=Organic Units/OU=Users/CN=jiahua/CN=851532/CN=Jiahua Chen
identity  : /DC=ch/DC=cern/OU=Organic Units/OU=Users/CN=jiahua/CN=851532/CN=Jiahua Chen
type      : RFC compliant proxy
strength  : 2048 bits
path      : /afs/cern.ch/user/j/jiahua/proxy/x509up_u139833
timeleft  : 197:34:20
key usage : Digital Signature, Key Encipherment
=== VO cms extension information ===
VO        : cms
subject   : /DC=ch/DC=cern/OU=Organic Units/OU=Users/CN=jiahua/CN=851532/CN=Jiahua Chen
issuer    : /DC=ch/DC=cern/OU=computers/CN=cms-auth.cern.ch
attribute : /cms/Role=NULL/Capability=NULL
timeleft  : 189:34:20
uri       : voms-cms-auth.cern.ch:15000
/eos/user/j/jiahua/MC_2022EE_inc/TTto2L2Nu_powheg_22EE_ext1-v2/9e53d70b-4788-4806-a1b3-63c2473eb140.root
[2025-11-08 10:04:38.843] [main] [info] Checking input files
[2025-11-08 10:04:43.106] [main] [info] NanoAOD input_file 1: root://cms-xrd-global.cern.ch//store/mc/Run3Summer22EENanoAODv12/TTto2L2Nu_TuneCP5_13p6TeV_powheg-pythia8/NANOAODSIM/130X_mcRun3_2022_realistic_postEE_v6_ext1-v2/50000/9e53d70b-4788-4806-a1b3-63c2473eb140.root - 156066 Events
[2025-11-08 10:04:43.106] [main] [info] input_file 1: root://cms-xrd-global.cern.ch//store/mc/Run3Summer22EENanoAODv12/TTto2L2Nu_TuneCP5_13p6TeV_powheg-pythia8/NANOAODSIM/130X_mcRun3_2022_realistic_postEE_v6_ext1-v2/50000/9e53d70b-4788-4806-a1b3-63c2473eb140.root - SumOfGenWeight: 12554234.888799991 
[2025-11-08 10:04:43.106] [main] [info] Output directory: /eos/user/j/jiahua/MC_2022EE_inc/TTto2L2Nu_powheg_22EE_ext1-v2/9e53d70b-4788-4806-a1b3-63c2473eb140.root
[2025-11-08 10:04:43.107] [main] [info] Starting Setup of Dataframe with 156066 events
[2025-11-08 10:05:27.452] [main] [info] Finished Setup
[2025-11-08 10:05:27.452] [main] [info] Runtime for setup (real time: 44.35, CPU time: 43.29)
[2025-11-08 10:05:27.452] [main] [info] Starting Evaluation
[2025-11-08 10:05:40.232] [main] [info] 10000 / 156066 (6.41 %) Events processed ...
[2025-11-08 10:05:41.116] [main] [info] 20000 / 156066 (12.82 %) Events processed ...
[2025-11-08 10:05:45.965] [main] [info] 30000 / 156066 (19.22 %) Events processed ...
[2025-11-08 10:05:46.857] [main] [info] 40000 / 156066 (25.63 %) Events processed ...
[2025-11-08 10:05:50.586] [main] [info] 50000 / 156066 (32.04 %) Events processed ...
[2025-11-08 10:05:51.803] [main] [info] 60000 / 156066 (38.45 %) Events processed ...
[2025-11-08 10:05:56.064] [main] [info] 70000 / 156066 (44.85 %) Events processed ...
[2025-11-08 10:05:57.121] [main] [info] 80000 / 156066 (51.26 %) Events processed ...
[2025-11-08 10:06:01.786] [main] [info] 90000 / 156066 (57.67 %) Events processed ...
[2025-11-08 10:06:02.701] [main] [info] 100000 / 156066 (64.08 %) Events processed ...
[2025-11-08 10:06:07.440] [main] [info] 110000 / 156066 (70.48 %) Events processed ...
[2025-11-08 10:06:08.392] [main] [info] 120000 / 156066 (76.89 %) Events processed ...
[2025-11-08 10:06:13.296] [main] [info] 130000 / 156066 (83.30 %) Events processed ...
[2025-11-08 10:06:14.057] [main] [info] 140000 / 156066 (89.71 %) Events processed ...
[2025-11-08 10:06:19.165] [main] [info] 150000 / 156066 (96.11 %) Events processed ...
[2025-11-08 10:06:19.968] [main] [info] vbfhmm:
Flag_goodVertices: pass=156066     all=156066     -- eff=100.00 % cumulative eff=100.00 %
Flag_globalSuperTightHalo2016Filter: pass=156049     all=156066     -- eff=99.99 % cumulative eff=99.99 %
Flag_EcalDeadCellTriggerPrimitiveFilter: pass=156021     all=156049     -- eff=99.98 % cumulative eff=99.97 %
Flag_BadPFMuonFilter: pass=156012     all=156021     -- eff=99.99 % cumulative eff=99.97 %
Flag_BadPFMuonDzFilter: pass=156006     all=156012     -- eff=100.00 % cumulative eff=99.96 %
Flag_eeBadScFilter: pass=156006     all=156006     -- eff=100.00 % cumulative eff=99.96 %
Flag_ecalBadCalibFilter: pass=155983     all=156006     -- eff=99.99 % cumulative eff=99.95 %
Flag_hfNoisyHitsFilter: pass=155973     all=155983     -- eff=99.99 % cumulative eff=99.94 %
Number of muons 2: pass=10576      all=155973     -- eff=6.78 % cumulative eff=6.78 %
DiMuon From Higgs: pass=4862       all=10576      -- eff=45.97 % cumulative eff=3.12 %
LeptonChargeSum: pass=4822       all=4862       -- eff=99.18 % cumulative eff=3.09 %
[2025-11-08 10:06:20.156] [main] [info] Writing quantities map to /eos/user/j/jiahua/MC_2022EE_inc/TTto2L2Nu_powheg_22EE_ext1-v2/9e53d70b-4788-4806-a1b3-63c2473eb140_vbfhmm.root
[2025-11-08 10:06:20.288] [main] [info] Finished Evaluation
[2025-11-08 10:06:20.288] [main] [info] Overall runtime (real time: 97.18, CPU time: 65.64)
