Starting job on \n
Running on: Linux b9p19p7455.cern.ch 5.14.0-570.44.1.el9_6.x86_64 #1 SMP PREEMPT_DYNAMIC Tue Sep 9 05:17:30 EDT 2025 x86_64 x86_64 x86_64 GNU/Linux\n
System software: Red Hat Enterprise Linux release 9.6 (Plow)\n
Setting up CROWN for RedHatEnterprise Version 9.6
subject   : /DC=ch/DC=cern/OU=Organic Units/OU=Users/CN=jiahua/CN=851532/CN=Jiahua Chen/CN=1735721823
issuer    : /DC=ch/DC=cern/OU=Organic Units/OU=Users/CN=jiahua/CN=851532/CN=Jiahua Chen
identity  : /DC=ch/DC=cern/OU=Organic Units/OU=Users/CN=jiahua/CN=851532/CN=Jiahua Chen
type      : RFC compliant proxy
strength  : 2048 bits
path      : /afs/cern.ch/user/j/jiahua/proxy/x509up_u139833
timeleft  : 197:33:38
key usage : Digital Signature, Key Encipherment
=== VO cms extension information ===
VO        : cms
subject   : /DC=ch/DC=cern/OU=Organic Units/OU=Users/CN=jiahua/CN=851532/CN=Jiahua Chen
issuer    : /DC=ch/DC=cern/OU=computers/CN=cms-auth.cern.ch
attribute : /cms/Role=NULL/Capability=NULL
timeleft  : 189:33:38
uri       : voms-cms-auth.cern.ch:15000
subject   : /DC=ch/DC=cern/OU=Organic Units/OU=Users/CN=jiahua/CN=851532/CN=Jiahua Chen/CN=1735721823
issuer    : /DC=ch/DC=cern/OU=Organic Units/OU=Users/CN=jiahua/CN=851532/CN=Jiahua Chen
identity  : /DC=ch/DC=cern/OU=Organic Units/OU=Users/CN=jiahua/CN=851532/CN=Jiahua Chen
type      : RFC compliant proxy
strength  : 2048 bits
path      : /afs/cern.ch/user/j/jiahua/proxy/x509up_u139833
timeleft  : 197:33:38
key usage : Digital Signature, Key Encipherment
=== VO cms extension information ===
VO        : cms
subject   : /DC=ch/DC=cern/OU=Organic Units/OU=Users/CN=jiahua/CN=851532/CN=Jiahua Chen
issuer    : /DC=ch/DC=cern/OU=computers/CN=cms-auth.cern.ch
attribute : /cms/Role=NULL/Capability=NULL
timeleft  : 189:33:38
uri       : voms-cms-auth.cern.ch:15000
/eos/user/j/jiahua/MC_2022EE_inc/TTto2L2Nu_powheg_22EE_ext1-v2/85d0eb9e-2649-41de-af6f-e6140a9d2427.root
[2025-11-08 10:05:20.638] [main] [info] Checking input files
[2025-11-08 10:05:26.780] [main] [info] NanoAOD input_file 1: root://cms-xrd-global.cern.ch//store/mc/Run3Summer22EENanoAODv12/TTto2L2Nu_TuneCP5_13p6TeV_powheg-pythia8/NANOAODSIM/130X_mcRun3_2022_realistic_postEE_v6_ext1-v2/2530000/85d0eb9e-2649-41de-af6f-e6140a9d2427.root - 145521 Events
[2025-11-08 10:05:26.780] [main] [info] input_file 1: root://cms-xrd-global.cern.ch//store/mc/Run3Summer22EENanoAODv12/TTto2L2Nu_TuneCP5_13p6TeV_powheg-pythia8/NANOAODSIM/130X_mcRun3_2022_realistic_postEE_v6_ext1-v2/2530000/85d0eb9e-2649-41de-af6f-e6140a9d2427.root - SumOfGenWeight: 11704184.912899986 
[2025-11-08 10:05:26.780] [main] [info] Output directory: /eos/user/j/jiahua/MC_2022EE_inc/TTto2L2Nu_powheg_22EE_ext1-v2/85d0eb9e-2649-41de-af6f-e6140a9d2427.root
[2025-11-08 10:05:26.781] [main] [info] Starting Setup of Dataframe with 145521 events
[2025-11-08 10:06:44.275] [main] [info] Finished Setup
[2025-11-08 10:06:44.275] [main] [info] Runtime for setup (real time: 77.49, CPU time: 75.74)
[2025-11-08 10:06:44.275] [main] [info] Starting Evaluation
[2025-11-08 10:06:57.969] [main] [info] 10000 / 145521 (6.87 %) Events processed ...
[2025-11-08 10:06:59.167] [main] [info] 20000 / 145521 (13.74 %) Events processed ...
[2025-11-08 10:07:01.028] [main] [info] 30000 / 145521 (20.62 %) Events processed ...
[2025-11-08 10:07:02.493] [main] [info] 40000 / 145521 (27.49 %) Events processed ...
[2025-11-08 10:07:04.972] [main] [info] 50000 / 145521 (34.36 %) Events processed ...
[2025-11-08 10:07:06.099] [main] [info] 60000 / 145521 (41.23 %) Events processed ...
[2025-11-08 10:07:07.851] [main] [info] 70000 / 145521 (48.10 %) Events processed ...
[2025-11-08 10:07:08.928] [main] [info] 80000 / 145521 (54.97 %) Events processed ...
[2025-11-08 10:07:10.703] [main] [info] 90000 / 145521 (61.85 %) Events processed ...
[2025-11-08 10:07:12.457] [main] [info] 100000 / 145521 (68.72 %) Events processed ...
[2025-11-08 10:07:14.515] [main] [info] 110000 / 145521 (75.59 %) Events processed ...
[2025-11-08 10:07:16.322] [main] [info] 120000 / 145521 (82.46 %) Events processed ...
[2025-11-08 10:07:18.816] [main] [info] 130000 / 145521 (89.33 %) Events processed ...
[2025-11-08 10:07:20.416] [main] [info] 140000 / 145521 (96.21 %) Events processed ...
[2025-11-08 10:07:22.245] [main] [info] vbfhmm:
Flag_goodVertices: pass=145521     all=145521     -- eff=100.00 % cumulative eff=100.00 %
Flag_globalSuperTightHalo2016Filter: pass=145498     all=145521     -- eff=99.98 % cumulative eff=99.98 %
Flag_EcalDeadCellTriggerPrimitiveFilter: pass=145477     all=145498     -- eff=99.99 % cumulative eff=99.97 %
Flag_BadPFMuonFilter: pass=145474     all=145477     -- eff=100.00 % cumulative eff=99.97 %
Flag_BadPFMuonDzFilter: pass=145472     all=145474     -- eff=100.00 % cumulative eff=99.97 %
Flag_eeBadScFilter: pass=145472     all=145472     -- eff=100.00 % cumulative eff=99.97 %
Flag_ecalBadCalibFilter: pass=145452     all=145472     -- eff=99.99 % cumulative eff=99.95 %
Flag_hfNoisyHitsFilter: pass=145446     all=145452     -- eff=100.00 % cumulative eff=99.95 %
Number of muons 2: pass=9770       all=145446     -- eff=6.72 % cumulative eff=6.71 %
DiMuon From Higgs: pass=4498       all=9770       -- eff=46.04 % cumulative eff=3.09 %
LeptonChargeSum: pass=4446       all=4498       -- eff=98.84 % cumulative eff=3.06 %
[2025-11-08 10:07:22.961] [main] [info] Writing quantities map to /eos/user/j/jiahua/MC_2022EE_inc/TTto2L2Nu_powheg_22EE_ext1-v2/85d0eb9e-2649-41de-af6f-e6140a9d2427_vbfhmm.root
[2025-11-08 10:07:23.087] [main] [info] Finished Evaluation
[2025-11-08 10:07:23.087] [main] [info] Overall runtime (real time: 116.31, CPU time: 108.59)
