Starting job on \n
Running on: Linux b9p07p2689.cern.ch 5.14.0-570.42.2.el9_6.x86_64 #1 SMP PREEMPT_DYNAMIC Mon Sep 8 12:15:13 EDT 2025 x86_64 x86_64 x86_64 GNU/Linux\n
System software: Red Hat Enterprise Linux release 9.6 (Plow)\n
Setting up CROWN for RedHatEnterprise Version 9.6
subject   : /DC=ch/DC=cern/OU=Organic Units/OU=Users/CN=jiahua/CN=851532/CN=Jiahua Chen/CN=1735721823
issuer    : /DC=ch/DC=cern/OU=Organic Units/OU=Users/CN=jiahua/CN=851532/CN=Jiahua Chen
identity  : /DC=ch/DC=cern/OU=Organic Units/OU=Users/CN=jiahua/CN=851532/CN=Jiahua Chen
type      : RFC compliant proxy
strength  : 2048 bits
path      : /afs/cern.ch/user/j/jiahua/proxy/x509up_u139833
timeleft  : 197:34:40
key usage : Digital Signature, Key Encipherment
=== VO cms extension information ===
VO        : cms
subject   : /DC=ch/DC=cern/OU=Organic Units/OU=Users/CN=jiahua/CN=851532/CN=Jiahua Chen
issuer    : /DC=ch/DC=cern/OU=computers/CN=cms-auth.cern.ch
attribute : /cms/Role=NULL/Capability=NULL
timeleft  : 189:34:40
uri       : voms-cms-auth.cern.ch:15000
subject   : /DC=ch/DC=cern/OU=Organic Units/OU=Users/CN=jiahua/CN=851532/CN=Jiahua Chen/CN=1735721823
issuer    : /DC=ch/DC=cern/OU=Organic Units/OU=Users/CN=jiahua/CN=851532/CN=Jiahua Chen
identity  : /DC=ch/DC=cern/OU=Organic Units/OU=Users/CN=jiahua/CN=851532/CN=Jiahua Chen
type      : RFC compliant proxy
strength  : 2048 bits
path      : /afs/cern.ch/user/j/jiahua/proxy/x509up_u139833
timeleft  : 197:34:40
key usage : Digital Signature, Key Encipherment
=== VO cms extension information ===
VO        : cms
subject   : /DC=ch/DC=cern/OU=Organic Units/OU=Users/CN=jiahua/CN=851532/CN=Jiahua Chen
issuer    : /DC=ch/DC=cern/OU=computers/CN=cms-auth.cern.ch
attribute : /cms/Role=NULL/Capability=NULL
timeleft  : 189:34:40
uri       : voms-cms-auth.cern.ch:15000
/eos/user/j/jiahua/MC_2022EE_inc/TTto2L2Nu_powheg_22EE_ext1-v2/f1d41ee2-0663-4c27-98f3-e67a97a6d40d.root
[2025-11-08 10:04:18.140] [main] [info] Checking input files
[2025-11-08 10:04:22.578] [main] [info] NanoAOD input_file 1: root://cms-xrd-global.cern.ch//store/mc/Run3Summer22EENanoAODv12/TTto2L2Nu_TuneCP5_13p6TeV_powheg-pythia8/NANOAODSIM/130X_mcRun3_2022_realistic_postEE_v6_ext1-v2/2520000/f1d41ee2-0663-4c27-98f3-e67a97a6d40d.root - 165908 Events
[2025-11-08 10:04:22.578] [main] [info] input_file 1: root://cms-xrd-global.cern.ch//store/mc/Run3Summer22EENanoAODv12/TTto2L2Nu_TuneCP5_13p6TeV_powheg-pythia8/NANOAODSIM/130X_mcRun3_2022_realistic_postEE_v6_ext1-v2/2520000/f1d41ee2-0663-4c27-98f3-e67a97a6d40d.root - SumOfGenWeight: 13344186.874799998 
[2025-11-08 10:04:22.578] [main] [info] Output directory: /eos/user/j/jiahua/MC_2022EE_inc/TTto2L2Nu_powheg_22EE_ext1-v2/f1d41ee2-0663-4c27-98f3-e67a97a6d40d.root
[2025-11-08 10:04:22.578] [main] [info] Starting Setup of Dataframe with 165908 events
[2025-11-08 10:05:18.115] [main] [info] Finished Setup
[2025-11-08 10:05:18.116] [main] [info] Runtime for setup (real time: 55.54, CPU time: 53.92)
[2025-11-08 10:05:18.116] [main] [info] Starting Evaluation
[2025-11-08 10:05:31.986] [main] [info] 10000 / 165908 (6.03 %) Events processed ...
[2025-11-08 10:05:33.144] [main] [info] 20000 / 165908 (12.05 %) Events processed ...
[2025-11-08 10:05:39.413] [main] [info] 30000 / 165908 (18.08 %) Events processed ...
[2025-11-08 10:05:40.703] [main] [info] 40000 / 165908 (24.11 %) Events processed ...
[2025-11-08 10:05:45.421] [main] [info] 50000 / 165908 (30.14 %) Events processed ...
[2025-11-08 10:05:46.522] [main] [info] 60000 / 165908 (36.16 %) Events processed ...
[2025-11-08 10:05:50.735] [main] [info] 70000 / 165908 (42.19 %) Events processed ...
[2025-11-08 10:05:51.899] [main] [info] 80000 / 165908 (48.22 %) Events processed ...
[2025-11-08 10:05:56.118] [main] [info] 90000 / 165908 (54.25 %) Events processed ...
[2025-11-08 10:05:57.418] [main] [info] 100000 / 165908 (60.27 %) Events processed ...
[2025-11-08 10:06:01.266] [main] [info] 110000 / 165908 (66.30 %) Events processed ...
[2025-11-08 10:06:02.465] [main] [info] 120000 / 165908 (72.33 %) Events processed ...
[2025-11-08 10:06:06.760] [main] [info] 130000 / 165908 (78.36 %) Events processed ...
[2025-11-08 10:06:07.894] [main] [info] 140000 / 165908 (84.38 %) Events processed ...
[2025-11-08 10:06:12.126] [main] [info] 150000 / 165908 (90.41 %) Events processed ...
[2025-11-08 10:06:13.330] [main] [info] 160000 / 165908 (96.44 %) Events processed ...
[2025-11-08 10:06:15.356] [main] [info] vbfhmm:
Flag_goodVertices: pass=165908     all=165908     -- eff=100.00 % cumulative eff=100.00 %
Flag_globalSuperTightHalo2016Filter: pass=165889     all=165908     -- eff=99.99 % cumulative eff=99.99 %
Flag_EcalDeadCellTriggerPrimitiveFilter: pass=165863     all=165889     -- eff=99.98 % cumulative eff=99.97 %
Flag_BadPFMuonFilter: pass=165853     all=165863     -- eff=99.99 % cumulative eff=99.97 %
Flag_BadPFMuonDzFilter: pass=165849     all=165853     -- eff=100.00 % cumulative eff=99.96 %
Flag_eeBadScFilter: pass=165849     all=165849     -- eff=100.00 % cumulative eff=99.96 %
Flag_ecalBadCalibFilter: pass=165819     all=165849     -- eff=99.98 % cumulative eff=99.95 %
Flag_hfNoisyHitsFilter: pass=165814     all=165819     -- eff=100.00 % cumulative eff=99.94 %
Number of muons 2: pass=11148      all=165814     -- eff=6.72 % cumulative eff=6.72 %
DiMuon From Higgs: pass=5106       all=11148      -- eff=45.80 % cumulative eff=3.08 %
LeptonChargeSum: pass=5057       all=5106       -- eff=99.04 % cumulative eff=3.05 %
[2025-11-08 10:06:15.467] [main] [info] Writing quantities map to /eos/user/j/jiahua/MC_2022EE_inc/TTto2L2Nu_powheg_22EE_ext1-v2/f1d41ee2-0663-4c27-98f3-e67a97a6d40d_vbfhmm.root
[2025-11-08 10:06:15.537] [main] [info] Finished Evaluation
[2025-11-08 10:06:15.538] [main] [info] Overall runtime (real time: 112.96, CPU time: 83.42)
