Starting job on \n
Running on: Linux b9g24p0512.cern.ch 5.14.0-570.44.1.el9_6.x86_64 #1 SMP PREEMPT_DYNAMIC Tue Sep 9 05:17:30 EDT 2025 x86_64 x86_64 x86_64 GNU/Linux\n
System software: Red Hat Enterprise Linux release 9.6 (Plow)\n
Setting up CROWN for RedHatEnterprise Version 9.6
subject   : /DC=ch/DC=cern/OU=Organic Units/OU=Users/CN=jiahua/CN=851532/CN=Jiahua Chen/CN=1735721823
issuer    : /DC=ch/DC=cern/OU=Organic Units/OU=Users/CN=jiahua/CN=851532/CN=Jiahua Chen
identity  : /DC=ch/DC=cern/OU=Organic Units/OU=Users/CN=jiahua/CN=851532/CN=Jiahua Chen
type      : RFC compliant proxy
strength  : 2048 bits
path      : /afs/cern.ch/user/j/jiahua/proxy/x509up_u139833
timeleft  : 197:34:48
key usage : Digital Signature, Key Encipherment
=== VO cms extension information ===
VO        : cms
subject   : /DC=ch/DC=cern/OU=Organic Units/OU=Users/CN=jiahua/CN=851532/CN=Jiahua Chen
issuer    : /DC=ch/DC=cern/OU=computers/CN=cms-auth.cern.ch
attribute : /cms/Role=NULL/Capability=NULL
timeleft  : 189:34:48
uri       : voms-cms-auth.cern.ch:15000
subject   : /DC=ch/DC=cern/OU=Organic Units/OU=Users/CN=jiahua/CN=851532/CN=Jiahua Chen/CN=1735721823
issuer    : /DC=ch/DC=cern/OU=Organic Units/OU=Users/CN=jiahua/CN=851532/CN=Jiahua Chen
identity  : /DC=ch/DC=cern/OU=Organic Units/OU=Users/CN=jiahua/CN=851532/CN=Jiahua Chen
type      : RFC compliant proxy
strength  : 2048 bits
path      : /afs/cern.ch/user/j/jiahua/proxy/x509up_u139833
timeleft  : 197:34:48
key usage : Digital Signature, Key Encipherment
=== VO cms extension information ===
VO        : cms
subject   : /DC=ch/DC=cern/OU=Organic Units/OU=Users/CN=jiahua/CN=851532/CN=Jiahua Chen
issuer    : /DC=ch/DC=cern/OU=computers/CN=cms-auth.cern.ch
attribute : /cms/Role=NULL/Capability=NULL
timeleft  : 189:34:48
uri       : voms-cms-auth.cern.ch:15000
/eos/user/j/jiahua/MC_2022EE_inc/TTto2L2Nu_powheg_22EE_ext1-v2/74fb5442-65b1-4cbc-92c0-a24a7ddb4707.root
[2025-11-08 10:04:10.886] [main] [info] Checking input files
[2025-11-08 10:04:16.282] [main] [info] NanoAOD input_file 1: root://cms-xrd-global.cern.ch//store/mc/Run3Summer22EENanoAODv12/TTto2L2Nu_TuneCP5_13p6TeV_powheg-pythia8/NANOAODSIM/130X_mcRun3_2022_realistic_postEE_v6_ext1-v2/30000/74fb5442-65b1-4cbc-92c0-a24a7ddb4707.root - 3515 Events
[2025-11-08 10:04:16.282] [main] [info] input_file 1: root://cms-xrd-global.cern.ch//store/mc/Run3Summer22EENanoAODv12/TTto2L2Nu_TuneCP5_13p6TeV_powheg-pythia8/NANOAODSIM/130X_mcRun3_2022_realistic_postEE_v6_ext1-v2/30000/74fb5442-65b1-4cbc-92c0-a24a7ddb4707.root - SumOfGenWeight: 283295.9227 
[2025-11-08 10:04:16.282] [main] [info] Output directory: /eos/user/j/jiahua/MC_2022EE_inc/TTto2L2Nu_powheg_22EE_ext1-v2/74fb5442-65b1-4cbc-92c0-a24a7ddb4707.root
[2025-11-08 10:04:16.283] [main] [info] Starting Setup of Dataframe with 3515 events
[2025-11-08 10:05:13.440] [main] [info] Finished Setup
[2025-11-08 10:05:13.440] [main] [info] Runtime for setup (real time: 57.16, CPU time: 54.70)
[2025-11-08 10:05:13.440] [main] [info] Starting Evaluation
[2025-11-08 10:05:23.092] [main] [info] vbfhmm:
Flag_goodVertices: pass=3515       all=3515       -- eff=100.00 % cumulative eff=100.00 %
Flag_globalSuperTightHalo2016Filter: pass=3515       all=3515       -- eff=100.00 % cumulative eff=100.00 %
Flag_EcalDeadCellTriggerPrimitiveFilter: pass=3514       all=3515       -- eff=99.97 % cumulative eff=99.97 %
Flag_BadPFMuonFilter: pass=3514       all=3514       -- eff=100.00 % cumulative eff=99.97 %
Flag_BadPFMuonDzFilter: pass=3514       all=3514       -- eff=100.00 % cumulative eff=99.97 %
Flag_eeBadScFilter: pass=3514       all=3514       -- eff=100.00 % cumulative eff=99.97 %
Flag_ecalBadCalibFilter: pass=3514       all=3514       -- eff=100.00 % cumulative eff=99.97 %
Flag_hfNoisyHitsFilter: pass=3514       all=3514       -- eff=100.00 % cumulative eff=99.97 %
Number of muons 2: pass=233        all=3514       -- eff=6.63 % cumulative eff=6.63 %
DiMuon From Higgs: pass=95         all=233        -- eff=40.77 % cumulative eff=2.70 %
LeptonChargeSum: pass=95         all=95         -- eff=100.00 % cumulative eff=2.70 %
[2025-11-08 10:05:23.187] [main] [info] Writing quantities map to /eos/user/j/jiahua/MC_2022EE_inc/TTto2L2Nu_powheg_22EE_ext1-v2/74fb5442-65b1-4cbc-92c0-a24a7ddb4707_vbfhmm.root
[2025-11-08 10:05:23.245] [main] [info] Finished Evaluation
[2025-11-08 10:05:23.245] [main] [info] Overall runtime (real time: 66.96, CPU time: 63.57)
