Starting job on \n
Running on: Linux b9p11p9443.cern.ch 5.14.0-570.42.2.el9_6.x86_64 #1 SMP PREEMPT_DYNAMIC Mon Sep 8 12:15:13 EDT 2025 x86_64 x86_64 x86_64 GNU/Linux\n
System software: Red Hat Enterprise Linux release 9.6 (Plow)\n
Setting up CROWN for RedHatEnterprise Version 9.6
subject   : /DC=ch/DC=cern/OU=Organic Units/OU=Users/CN=jiahua/CN=851532/CN=Jiahua Chen/CN=1735721823
issuer    : /DC=ch/DC=cern/OU=Organic Units/OU=Users/CN=jiahua/CN=851532/CN=Jiahua Chen
identity  : /DC=ch/DC=cern/OU=Organic Units/OU=Users/CN=jiahua/CN=851532/CN=Jiahua Chen
type      : RFC compliant proxy
strength  : 2048 bits
path      : /afs/cern.ch/user/j/jiahua/proxy/x509up_u139833
timeleft  : 197:34:50
key usage : Digital Signature, Key Encipherment
=== VO cms extension information ===
VO        : cms
subject   : /DC=ch/DC=cern/OU=Organic Units/OU=Users/CN=jiahua/CN=851532/CN=Jiahua Chen
issuer    : /DC=ch/DC=cern/OU=computers/CN=cms-auth.cern.ch
attribute : /cms/Role=NULL/Capability=NULL
timeleft  : 189:34:50
uri       : voms-cms-auth.cern.ch:15000
subject   : /DC=ch/DC=cern/OU=Organic Units/OU=Users/CN=jiahua/CN=851532/CN=Jiahua Chen/CN=1735721823
issuer    : /DC=ch/DC=cern/OU=Organic Units/OU=Users/CN=jiahua/CN=851532/CN=Jiahua Chen
identity  : /DC=ch/DC=cern/OU=Organic Units/OU=Users/CN=jiahua/CN=851532/CN=Jiahua Chen
type      : RFC compliant proxy
strength  : 2048 bits
path      : /afs/cern.ch/user/j/jiahua/proxy/x509up_u139833
timeleft  : 197:34:50
key usage : Digital Signature, Key Encipherment
=== VO cms extension information ===
VO        : cms
subject   : /DC=ch/DC=cern/OU=Organic Units/OU=Users/CN=jiahua/CN=851532/CN=Jiahua Chen
issuer    : /DC=ch/DC=cern/OU=computers/CN=cms-auth.cern.ch
attribute : /cms/Role=NULL/Capability=NULL
timeleft  : 189:34:50
uri       : voms-cms-auth.cern.ch:15000
/eos/user/j/jiahua/MC_2022EE_inc/TTto2L2Nu_powheg_22EE_ext1-v2/604bf8da-c5fe-47d1-b589-804287970a4b.root
[2025-11-08 10:04:08.813] [main] [info] Checking input files
[2025-11-08 10:04:14.485] [main] [info] NanoAOD input_file 1: root://cms-xrd-global.cern.ch//store/mc/Run3Summer22EENanoAODv12/TTto2L2Nu_TuneCP5_13p6TeV_powheg-pythia8/NANOAODSIM/130X_mcRun3_2022_realistic_postEE_v6_ext1-v2/2520000/604bf8da-c5fe-47d1-b589-804287970a4b.root - 157472 Events
[2025-11-08 10:04:14.485] [main] [info] input_file 1: root://cms-xrd-global.cern.ch//store/mc/Run3Summer22EENanoAODv12/TTto2L2Nu_TuneCP5_13p6TeV_powheg-pythia8/NANOAODSIM/130X_mcRun3_2022_realistic_postEE_v6_ext1-v2/2520000/604bf8da-c5fe-47d1-b589-804287970a4b.root - SumOfGenWeight: 12663725.15379999 
[2025-11-08 10:04:14.485] [main] [info] Output directory: /eos/user/j/jiahua/MC_2022EE_inc/TTto2L2Nu_powheg_22EE_ext1-v2/604bf8da-c5fe-47d1-b589-804287970a4b.root
[2025-11-08 10:04:14.486] [main] [info] Starting Setup of Dataframe with 157472 events
[2025-11-08 10:05:08.193] [main] [info] Finished Setup
[2025-11-08 10:05:08.194] [main] [info] Runtime for setup (real time: 53.71, CPU time: 52.20)
[2025-11-08 10:05:08.194] [main] [info] Starting Evaluation
[2025-11-08 10:05:16.601] [main] [info] 10000 / 157472 (6.35 %) Events processed ...
[2025-11-08 10:05:17.637] [main] [info] 20000 / 157472 (12.70 %) Events processed ...
[2025-11-08 10:05:18.758] [main] [info] 30000 / 157472 (19.05 %) Events processed ...
[2025-11-08 10:05:19.513] [main] [info] 40000 / 157472 (25.40 %) Events processed ...
[2025-11-08 10:05:21.250] [main] [info] 50000 / 157472 (31.75 %) Events processed ...
[2025-11-08 10:05:21.968] [main] [info] 60000 / 157472 (38.10 %) Events processed ...
[2025-11-08 10:05:23.529] [main] [info] 70000 / 157472 (44.45 %) Events processed ...
[2025-11-08 10:05:24.304] [main] [info] 80000 / 157472 (50.80 %) Events processed ...
[2025-11-08 10:05:25.273] [main] [info] 90000 / 157472 (57.15 %) Events processed ...
[2025-11-08 10:05:25.957] [main] [info] 100000 / 157472 (63.50 %) Events processed ...
[2025-11-08 10:05:27.480] [main] [info] 110000 / 157472 (69.85 %) Events processed ...
[2025-11-08 10:05:28.097] [main] [info] 120000 / 157472 (76.20 %) Events processed ...
[2025-11-08 10:05:29.166] [main] [info] 130000 / 157472 (82.55 %) Events processed ...
[2025-11-08 10:05:29.788] [main] [info] 140000 / 157472 (88.90 %) Events processed ...
[2025-11-08 10:05:30.714] [main] [info] 150000 / 157472 (95.26 %) Events processed ...
[2025-11-08 10:05:31.498] [main] [info] vbfhmm:
Flag_goodVertices: pass=157472     all=157472     -- eff=100.00 % cumulative eff=100.00 %
Flag_globalSuperTightHalo2016Filter: pass=157448     all=157472     -- eff=99.98 % cumulative eff=99.98 %
Flag_EcalDeadCellTriggerPrimitiveFilter: pass=157423     all=157448     -- eff=99.98 % cumulative eff=99.97 %
Flag_BadPFMuonFilter: pass=157414     all=157423     -- eff=99.99 % cumulative eff=99.96 %
Flag_BadPFMuonDzFilter: pass=157411     all=157414     -- eff=100.00 % cumulative eff=99.96 %
Flag_eeBadScFilter: pass=157411     all=157411     -- eff=100.00 % cumulative eff=99.96 %
Flag_ecalBadCalibFilter: pass=157390     all=157411     -- eff=99.99 % cumulative eff=99.95 %
Flag_hfNoisyHitsFilter: pass=157386     all=157390     -- eff=100.00 % cumulative eff=99.95 %
Number of muons 2: pass=10543      all=157386     -- eff=6.70 % cumulative eff=6.70 %
DiMuon From Higgs: pass=4834       all=10543      -- eff=45.85 % cumulative eff=3.07 %
LeptonChargeSum: pass=4796       all=4834       -- eff=99.21 % cumulative eff=3.05 %
[2025-11-08 10:05:31.610] [main] [info] Writing quantities map to /eos/user/j/jiahua/MC_2022EE_inc/TTto2L2Nu_powheg_22EE_ext1-v2/604bf8da-c5fe-47d1-b589-804287970a4b_vbfhmm.root
[2025-11-08 10:05:31.682] [main] [info] Finished Evaluation
[2025-11-08 10:05:31.682] [main] [info] Overall runtime (real time: 77.20, CPU time: 71.18)
