Starting job on \n
Running on: Linux b9p17p5043.cern.ch 5.14.0-570.44.1.el9_6.x86_64 #1 SMP PREEMPT_DYNAMIC Tue Sep 9 05:17:30 EDT 2025 x86_64 x86_64 x86_64 GNU/Linux\n
System software: Red Hat Enterprise Linux release 9.6 (Plow)\n
Setting up CROWN for RedHatEnterprise Version 9.6
subject   : /DC=ch/DC=cern/OU=Organic Units/OU=Users/CN=jiahua/CN=851532/CN=Jiahua Chen/CN=1735721823
issuer    : /DC=ch/DC=cern/OU=Organic Units/OU=Users/CN=jiahua/CN=851532/CN=Jiahua Chen
identity  : /DC=ch/DC=cern/OU=Organic Units/OU=Users/CN=jiahua/CN=851532/CN=Jiahua Chen
type      : RFC compliant proxy
strength  : 2048 bits
path      : /afs/cern.ch/user/j/jiahua/proxy/x509up_u139833
timeleft  : 197:36:08
key usage : Digital Signature, Key Encipherment
=== VO cms extension information ===
VO        : cms
subject   : /DC=ch/DC=cern/OU=Organic Units/OU=Users/CN=jiahua/CN=851532/CN=Jiahua Chen
issuer    : /DC=ch/DC=cern/OU=computers/CN=cms-auth.cern.ch
attribute : /cms/Role=NULL/Capability=NULL
timeleft  : 189:36:08
uri       : voms-cms-auth.cern.ch:15000
subject   : /DC=ch/DC=cern/OU=Organic Units/OU=Users/CN=jiahua/CN=851532/CN=Jiahua Chen/CN=1735721823
issuer    : /DC=ch/DC=cern/OU=Organic Units/OU=Users/CN=jiahua/CN=851532/CN=Jiahua Chen
identity  : /DC=ch/DC=cern/OU=Organic Units/OU=Users/CN=jiahua/CN=851532/CN=Jiahua Chen
type      : RFC compliant proxy
strength  : 2048 bits
path      : /afs/cern.ch/user/j/jiahua/proxy/x509up_u139833
timeleft  : 197:36:08
key usage : Digital Signature, Key Encipherment
=== VO cms extension information ===
VO        : cms
subject   : /DC=ch/DC=cern/OU=Organic Units/OU=Users/CN=jiahua/CN=851532/CN=Jiahua Chen
issuer    : /DC=ch/DC=cern/OU=computers/CN=cms-auth.cern.ch
attribute : /cms/Role=NULL/Capability=NULL
timeleft  : 189:36:08
uri       : voms-cms-auth.cern.ch:15000
/eos/user/j/jiahua/MC_2022EE_inc/TTto2L2Nu_powheg_22EE_ext1-v2/73f9d0dd-6c76-4628-bdbe-cedbe6869708.root
[2025-11-08 10:02:50.429] [main] [info] Checking input files
[2025-11-08 10:02:55.508] [main] [info] NanoAOD input_file 1: root://cms-xrd-global.cern.ch//store/mc/Run3Summer22EENanoAODv12/TTto2L2Nu_TuneCP5_13p6TeV_powheg-pythia8/NANOAODSIM/130X_mcRun3_2022_realistic_postEE_v6_ext1-v2/50000/73f9d0dd-6c76-4628-bdbe-cedbe6869708.root - 173641 Events
[2025-11-08 10:02:55.508] [main] [info] input_file 1: root://cms-xrd-global.cern.ch//store/mc/Run3Summer22EENanoAODv12/TTto2L2Nu_TuneCP5_13p6TeV_powheg-pythia8/NANOAODSIM/130X_mcRun3_2022_realistic_postEE_v6_ext1-v2/50000/73f9d0dd-6c76-4628-bdbe-cedbe6869708.root - SumOfGenWeight: 13970552.294499982 
[2025-11-08 10:02:55.508] [main] [info] Output directory: /eos/user/j/jiahua/MC_2022EE_inc/TTto2L2Nu_powheg_22EE_ext1-v2/73f9d0dd-6c76-4628-bdbe-cedbe6869708.root
[2025-11-08 10:02:55.509] [main] [info] Starting Setup of Dataframe with 173641 events
[2025-11-08 10:03:51.600] [main] [info] Finished Setup
[2025-11-08 10:03:51.600] [main] [info] Runtime for setup (real time: 56.09, CPU time: 55.26)
[2025-11-08 10:03:51.600] [main] [info] Starting Evaluation
[2025-11-08 10:04:12.942] [main] [info] 10000 / 173641 (5.76 %) Events processed ...
[2025-11-08 10:04:14.092] [main] [info] 20000 / 173641 (11.52 %) Events processed ...
[2025-11-08 10:04:27.150] [main] [info] 30000 / 173641 (17.28 %) Events processed ...
[2025-11-08 10:04:28.316] [main] [info] 40000 / 173641 (23.04 %) Events processed ...
[2025-11-08 10:04:39.756] [main] [info] 50000 / 173641 (28.80 %) Events processed ...
[2025-11-08 10:04:40.783] [main] [info] 60000 / 173641 (34.55 %) Events processed ...
[2025-11-08 10:04:52.729] [main] [info] 70000 / 173641 (40.31 %) Events processed ...
[2025-11-08 10:04:53.724] [main] [info] 80000 / 173641 (46.07 %) Events processed ...
[2025-11-08 10:05:03.207] [main] [info] 90000 / 173641 (51.83 %) Events processed ...
[2025-11-08 10:05:04.456] [main] [info] 100000 / 173641 (57.59 %) Events processed ...
[2025-11-08 10:05:12.405] [main] [info] 110000 / 173641 (63.35 %) Events processed ...
[2025-11-08 10:05:13.516] [main] [info] 120000 / 173641 (69.11 %) Events processed ...
[2025-11-08 10:05:26.576] [main] [info] 130000 / 173641 (74.87 %) Events processed ...
[2025-11-08 10:05:27.563] [main] [info] 140000 / 173641 (80.63 %) Events processed ...
[2025-11-08 10:05:37.098] [main] [info] 150000 / 173641 (86.39 %) Events processed ...
[2025-11-08 10:05:38.163] [main] [info] 160000 / 173641 (92.14 %) Events processed ...
[2025-11-08 10:05:44.759] [main] [info] 170000 / 173641 (97.90 %) Events processed ...
[2025-11-08 10:05:46.277] [main] [info] vbfhmm:
Flag_goodVertices: pass=173641     all=173641     -- eff=100.00 % cumulative eff=100.00 %
Flag_globalSuperTightHalo2016Filter: pass=173617     all=173641     -- eff=99.99 % cumulative eff=99.99 %
Flag_EcalDeadCellTriggerPrimitiveFilter: pass=173583     all=173617     -- eff=99.98 % cumulative eff=99.97 %
Flag_BadPFMuonFilter: pass=173574     all=173583     -- eff=99.99 % cumulative eff=99.96 %
Flag_BadPFMuonDzFilter: pass=173571     all=173574     -- eff=100.00 % cumulative eff=99.96 %
Flag_eeBadScFilter: pass=173571     all=173571     -- eff=100.00 % cumulative eff=99.96 %
Flag_ecalBadCalibFilter: pass=173537     all=173571     -- eff=99.98 % cumulative eff=99.94 %
Flag_hfNoisyHitsFilter: pass=173530     all=173537     -- eff=100.00 % cumulative eff=99.94 %
Number of muons 2: pass=11772      all=173530     -- eff=6.78 % cumulative eff=6.78 %
DiMuon From Higgs: pass=5448       all=11772      -- eff=46.28 % cumulative eff=3.14 %
LeptonChargeSum: pass=5409       all=5448       -- eff=99.28 % cumulative eff=3.12 %
[2025-11-08 10:05:47.439] [main] [info] Writing quantities map to /eos/user/j/jiahua/MC_2022EE_inc/TTto2L2Nu_powheg_22EE_ext1-v2/73f9d0dd-6c76-4628-bdbe-cedbe6869708_vbfhmm.root
[2025-11-08 10:05:47.602] [main] [info] Finished Evaluation
[2025-11-08 10:05:47.602] [main] [info] Overall runtime (real time: 172.09, CPU time: 83.36)
