000 (12769428.166.000) 11/08 09:48:36 Job submitted from host: <188.185.121.235:9618?addrs=188.185.121.235-9618+[2001-1458-d00-49--100-36e]-9618&alias=bigbird22.cern.ch&noUDP&sock=schedd_232129_c3ca>
...
040 (12769428.166.000) 11/08 10:02:21 Started transferring input files
	Transferring to host: <188.185.208.36:9618?addrs=188.185.208.36-9618+[2001-1458-303-f--100-21]-9618&alias=b9p09p5440.cern.ch&noUDP&sock=slot1_7_5167_5e6b_41532>
...
040 (12769428.166.000) 11/08 10:02:21 Finished transferring input files
...
001 (12769428.166.000) 11/08 10:02:22 Job executing on host: <188.185.208.36:9618?addrs=188.185.208.36-9618+[2001-1458-303-f--100-21]-9618&alias=b9p09p5440.cern.ch&noUDP&sock=startd_4294_e7c2>
	SlotName: slot1_7@b9p09p5440.cern.ch
	CondorScratchDir = "/pool/condor/dir_4138394"
	Cpus = 1
	Disk = 15730
	GPUs = 0
	Memory = 3000
...
006 (12769428.166.000) 11/08 10:02:36 Image size of job updated: 97364
	96  -  MemoryUsage of job (MB)
	97364  -  ResidentSetSize of job (KB)
...
006 (12769428.166.000) 11/08 10:04:13 Image size of job updated: 437040
	96  -  MemoryUsage of job (MB)
	97364  -  ResidentSetSize of job (KB)
...
040 (12769428.166.000) 11/08 10:04:13 Started transferring output files
...
040 (12769428.166.000) 11/08 10:04:13 Finished transferring output files
...
005 (12769428.166.000) 11/08 10:04:13 Job terminated.
	(1) Normal termination (return value 0)
		Usr 0 00:01:12, Sys 0 00:00:03  -  Run Remote Usage
		Usr 0 00:00:00, Sys 0 00:00:00  -  Run Local Usage
		Usr 0 00:01:12, Sys 0 00:00:03  -  Total Remote Usage
		Usr 0 00:00:00, Sys 0 00:00:00  -  Total Local Usage
	9832  -  Run Bytes Sent By Job
	11220238  -  Run Bytes Received By Job
	9832  -  Total Bytes Sent By Job
	11220238  -  Total Bytes Received By Job
	Partitionable Resources :    Usage  Request Allocated 
	   Cpus                 :     0.02        1         1 
	   Disk (KB)            : 10994       12500     15730 
	   GPUs                 :                           0 
	   Memory (MB)          :    96        3000      3000 
	   TimeExecute (s)      :   111                       
	   TimeSlotBusy (s)     :   113                       

	Job terminated of its own accord at 2025-11-08T09:04:13Z with exit-code 0.
...
