Starting job on \n
Running on: Linux b9p27p8195.cern.ch 5.14.0-570.44.1.el9_6.x86_64 #1 SMP PREEMPT_DYNAMIC Tue Sep 9 05:17:30 EDT 2025 x86_64 x86_64 x86_64 GNU/Linux\n
System software: Red Hat Enterprise Linux release 9.6 (Plow)\n
Setting up CROWN for RedHatEnterprise Version 9.6
subject   : /DC=ch/DC=cern/OU=Organic Units/OU=Users/CN=jiahua/CN=851532/CN=Jiahua Chen/CN=1735721823
issuer    : /DC=ch/DC=cern/OU=Organic Units/OU=Users/CN=jiahua/CN=851532/CN=Jiahua Chen
identity  : /DC=ch/DC=cern/OU=Organic Units/OU=Users/CN=jiahua/CN=851532/CN=Jiahua Chen
type      : RFC compliant proxy
strength  : 2048 bits
path      : /afs/cern.ch/user/j/jiahua/proxy/x509up_u139833
timeleft  : 197:36:05
key usage : Digital Signature, Key Encipherment
=== VO cms extension information ===
VO        : cms
subject   : /DC=ch/DC=cern/OU=Organic Units/OU=Users/CN=jiahua/CN=851532/CN=Jiahua Chen
issuer    : /DC=ch/DC=cern/OU=computers/CN=cms-auth.cern.ch
attribute : /cms/Role=NULL/Capability=NULL
timeleft  : 189:36:05
uri       : voms-cms-auth.cern.ch:15000
subject   : /DC=ch/DC=cern/OU=Organic Units/OU=Users/CN=jiahua/CN=851532/CN=Jiahua Chen/CN=1735721823
issuer    : /DC=ch/DC=cern/OU=Organic Units/OU=Users/CN=jiahua/CN=851532/CN=Jiahua Chen
identity  : /DC=ch/DC=cern/OU=Organic Units/OU=Users/CN=jiahua/CN=851532/CN=Jiahua Chen
type      : RFC compliant proxy
strength  : 2048 bits
path      : /afs/cern.ch/user/j/jiahua/proxy/x509up_u139833
timeleft  : 197:36:05
key usage : Digital Signature, Key Encipherment
=== VO cms extension information ===
VO        : cms
subject   : /DC=ch/DC=cern/OU=Organic Units/OU=Users/CN=jiahua/CN=851532/CN=Jiahua Chen
issuer    : /DC=ch/DC=cern/OU=computers/CN=cms-auth.cern.ch
attribute : /cms/Role=NULL/Capability=NULL
timeleft  : 189:36:05
uri       : voms-cms-auth.cern.ch:15000
/eos/user/j/jiahua/MC_2022EE_inc/TTto2L2Nu_powheg_22EE_ext1-v2/6199de68-d035-4bcf-8430-5405e4845709.root
[2025-11-08 10:02:53.835] [main] [info] Checking input files
[2025-11-08 10:02:58.372] [main] [info] NanoAOD input_file 1: root://cms-xrd-global.cern.ch//store/mc/Run3Summer22EENanoAODv12/TTto2L2Nu_TuneCP5_13p6TeV_powheg-pythia8/NANOAODSIM/130X_mcRun3_2022_realistic_postEE_v6_ext1-v2/50000/6199de68-d035-4bcf-8430-5405e4845709.root - 195434 Events
[2025-11-08 10:02:58.372] [main] [info] input_file 1: root://cms-xrd-global.cern.ch//store/mc/Run3Summer22EENanoAODv12/TTto2L2Nu_TuneCP5_13p6TeV_powheg-pythia8/NANOAODSIM/130X_mcRun3_2022_realistic_postEE_v6_ext1-v2/50000/6199de68-d035-4bcf-8430-5405e4845709.root - SumOfGenWeight: 15719395.690199982 
[2025-11-08 10:02:58.372] [main] [info] Output directory: /eos/user/j/jiahua/MC_2022EE_inc/TTto2L2Nu_powheg_22EE_ext1-v2/6199de68-d035-4bcf-8430-5405e4845709.root
[2025-11-08 10:02:58.373] [main] [info] Starting Setup of Dataframe with 195434 events
[2025-11-08 10:04:00.024] [main] [info] Finished Setup
[2025-11-08 10:04:00.024] [main] [info] Runtime for setup (real time: 61.65, CPU time: 60.74)
[2025-11-08 10:04:00.024] [main] [info] Starting Evaluation
[2025-11-08 10:04:24.064] [main] [info] 10000 / 195434 (5.12 %) Events processed ...
[2025-11-08 10:04:25.312] [main] [info] 20000 / 195434 (10.23 %) Events processed ...
[2025-11-08 10:04:38.299] [main] [info] 30000 / 195434 (15.35 %) Events processed ...
[2025-11-08 10:04:39.537] [main] [info] 40000 / 195434 (20.47 %) Events processed ...
[2025-11-08 10:04:48.310] [main] [info] 50000 / 195434 (25.58 %) Events processed ...
[2025-11-08 10:04:49.500] [main] [info] 60000 / 195434 (30.70 %) Events processed ...
[2025-11-08 10:05:01.042] [main] [info] 70000 / 195434 (35.82 %) Events processed ...
[2025-11-08 10:05:02.187] [main] [info] 80000 / 195434 (40.93 %) Events processed ...
[2025-11-08 10:05:18.435] [main] [info] 90000 / 195434 (46.05 %) Events processed ...
[2025-11-08 10:05:19.746] [main] [info] 100000 / 195434 (51.17 %) Events processed ...
[2025-11-08 10:05:31.980] [main] [info] 110000 / 195434 (56.28 %) Events processed ...
[2025-11-08 10:05:33.350] [main] [info] 120000 / 195434 (61.40 %) Events processed ...
[2025-11-08 10:05:44.879] [main] [info] 130000 / 195434 (66.52 %) Events processed ...
[2025-11-08 10:05:46.072] [main] [info] 140000 / 195434 (71.64 %) Events processed ...
[2025-11-08 10:05:55.480] [main] [info] 150000 / 195434 (76.75 %) Events processed ...
[2025-11-08 10:05:56.832] [main] [info] 160000 / 195434 (81.87 %) Events processed ...
[2025-11-08 10:06:09.354] [main] [info] 170000 / 195434 (86.99 %) Events processed ...
[2025-11-08 10:06:18.997] [main] [info] 180000 / 195434 (92.10 %) Events processed ...
[2025-11-08 10:06:20.381] [main] [info] 190000 / 195434 (97.22 %) Events processed ...
[2025-11-08 10:06:21.652] [main] [info] vbfhmm:
Flag_goodVertices: pass=195434     all=195434     -- eff=100.00 % cumulative eff=100.00 %
Flag_globalSuperTightHalo2016Filter: pass=195417     all=195434     -- eff=99.99 % cumulative eff=99.99 %
Flag_EcalDeadCellTriggerPrimitiveFilter: pass=195390     all=195417     -- eff=99.99 % cumulative eff=99.98 %
Flag_BadPFMuonFilter: pass=195373     all=195390     -- eff=99.99 % cumulative eff=99.97 %
Flag_BadPFMuonDzFilter: pass=195369     all=195373     -- eff=100.00 % cumulative eff=99.97 %
Flag_eeBadScFilter: pass=195369     all=195369     -- eff=100.00 % cumulative eff=99.97 %
Flag_ecalBadCalibFilter: pass=195335     all=195369     -- eff=99.98 % cumulative eff=99.95 %
Flag_hfNoisyHitsFilter: pass=195330     all=195335     -- eff=100.00 % cumulative eff=99.95 %
Number of muons 2: pass=13346      all=195330     -- eff=6.83 % cumulative eff=6.83 %
DiMuon From Higgs: pass=6125       all=13346      -- eff=45.89 % cumulative eff=3.13 %
LeptonChargeSum: pass=6084       all=6125       -- eff=99.33 % cumulative eff=3.11 %
[2025-11-08 10:06:21.988] [main] [info] Writing quantities map to /eos/user/j/jiahua/MC_2022EE_inc/TTto2L2Nu_powheg_22EE_ext1-v2/6199de68-d035-4bcf-8430-5405e4845709_vbfhmm.root
[2025-11-08 10:06:22.151] [main] [info] Finished Evaluation
[2025-11-08 10:06:22.151] [main] [info] Overall runtime (real time: 203.78, CPU time: 96.57)
