000 (12769428.294.000) 11/08 09:48:36 Job submitted from host: <188.185.121.235:9618?addrs=188.185.121.235-9618+[2001-1458-d00-49--100-36e]-9618&alias=bigbird22.cern.ch&noUDP&sock=schedd_232129_c3ca>
...
040 (12769428.294.000) 11/08 10:03:04 Started transferring input files
	Transferring to host: <188.185.206.154:9618?addrs=188.185.206.154-9618+[2001-1458-303-c--100-17]-9618&alias=b9p06p5094.cern.ch&noUDP&sock=slot1_20_4035_c5bd_41384>
...
040 (12769428.294.000) 11/08 10:03:04 Finished transferring input files
...
001 (12769428.294.000) 11/08 10:03:05 Job executing on host: <188.185.206.154:9618?addrs=188.185.206.154-9618+[2001-1458-303-c--100-17]-9618&alias=b9p06p5094.cern.ch&noUDP&sock=startd_3565_df38>
	SlotName: slot1_20@b9p06p5094.cern.ch
	CondorScratchDir = "/pool/condor/dir_720762"
	Cpus = 1
	Disk = 16077
	GPUs = 0
	Memory = 3000
...
006 (12769428.294.000) 11/08 10:03:18 Image size of job updated: 95628
	94  -  MemoryUsage of job (MB)
	95628  -  ResidentSetSize of job (KB)
...
006 (12769428.294.000) 11/08 10:05:38 Image size of job updated: 438240
	94  -  MemoryUsage of job (MB)
	95628  -  ResidentSetSize of job (KB)
...
040 (12769428.294.000) 11/08 10:05:38 Started transferring output files
...
040 (12769428.294.000) 11/08 10:05:38 Finished transferring output files
...
005 (12769428.294.000) 11/08 10:05:38 Job terminated.
	(1) Normal termination (return value 0)
		Usr 0 00:01:30, Sys 0 00:00:03  -  Run Remote Usage
		Usr 0 00:00:00, Sys 0 00:00:00  -  Run Local Usage
		Usr 0 00:01:30, Sys 0 00:00:03  -  Total Remote Usage
		Usr 0 00:00:00, Sys 0 00:00:00  -  Total Local Usage
	10790  -  Run Bytes Sent By Job
	11220238  -  Run Bytes Received By Job
	10790  -  Total Bytes Sent By Job
	11220238  -  Total Bytes Received By Job
	Partitionable Resources :    Usage  Request Allocated 
	   Cpus                 :        0        1         1 
	   Disk (KB)            :    10993    12500     16077 
	   GPUs                 :                           0 
	   Memory (MB)          :       94     3000      3000 
	   TimeExecute (s)      :      153                    
	   TimeSlotBusy (s)     :      154                    

	Job terminated of its own accord at 2025-11-08T09:05:38Z with exit-code 0.
...
