Starting job on \n
Running on: Linux b9p08p2722.cern.ch 5.14.0-570.55.1.el9_6.x86_64 #1 SMP PREEMPT_DYNAMIC Tue Oct 14 01:03:55 EDT 2025 x86_64 x86_64 x86_64 GNU/Linux\n
System software: Red Hat Enterprise Linux release 9.6 (Plow)\n
Setting up CROWN for RedHatEnterprise Version 9.6
subject   : /DC=ch/DC=cern/OU=Organic Units/OU=Users/CN=jiahua/CN=851532/CN=Jiahua Chen/CN=1735721823
issuer    : /DC=ch/DC=cern/OU=Organic Units/OU=Users/CN=jiahua/CN=851532/CN=Jiahua Chen
identity  : /DC=ch/DC=cern/OU=Organic Units/OU=Users/CN=jiahua/CN=851532/CN=Jiahua Chen
type      : RFC compliant proxy
strength  : 2048 bits
path      : /afs/cern.ch/user/j/jiahua/proxy/x509up_u139833
timeleft  : 197:33:38
key usage : Digital Signature, Key Encipherment
=== VO cms extension information ===
VO        : cms
subject   : /DC=ch/DC=cern/OU=Organic Units/OU=Users/CN=jiahua/CN=851532/CN=Jiahua Chen
issuer    : /DC=ch/DC=cern/OU=computers/CN=cms-auth.cern.ch
attribute : /cms/Role=NULL/Capability=NULL
timeleft  : 189:33:38
uri       : voms-cms-auth.cern.ch:15000
subject   : /DC=ch/DC=cern/OU=Organic Units/OU=Users/CN=jiahua/CN=851532/CN=Jiahua Chen/CN=1735721823
issuer    : /DC=ch/DC=cern/OU=Organic Units/OU=Users/CN=jiahua/CN=851532/CN=Jiahua Chen
identity  : /DC=ch/DC=cern/OU=Organic Units/OU=Users/CN=jiahua/CN=851532/CN=Jiahua Chen
type      : RFC compliant proxy
strength  : 2048 bits
path      : /afs/cern.ch/user/j/jiahua/proxy/x509up_u139833
timeleft  : 197:33:38
key usage : Digital Signature, Key Encipherment
=== VO cms extension information ===
VO        : cms
subject   : /DC=ch/DC=cern/OU=Organic Units/OU=Users/CN=jiahua/CN=851532/CN=Jiahua Chen
issuer    : /DC=ch/DC=cern/OU=computers/CN=cms-auth.cern.ch
attribute : /cms/Role=NULL/Capability=NULL
timeleft  : 189:33:38
uri       : voms-cms-auth.cern.ch:15000
/eos/user/j/jiahua/MC_2022EE_inc/TTto2L2Nu_powheg_22EE_ext1-v2/9835784a-b478-4c0d-bd0f-543ba9b56fec.root
[2025-11-08 10:05:20.519] [main] [info] Checking input files
[2025-11-08 10:05:25.662] [main] [info] NanoAOD input_file 1: root://cms-xrd-global.cern.ch//store/mc/Run3Summer22EENanoAODv12/TTto2L2Nu_TuneCP5_13p6TeV_powheg-pythia8/NANOAODSIM/130X_mcRun3_2022_realistic_postEE_v6_ext1-v2/50000/9835784a-b478-4c0d-bd0f-543ba9b56fec.root - 258001 Events
[2025-11-08 10:05:25.663] [main] [info] input_file 1: root://cms-xrd-global.cern.ch//store/mc/Run3Summer22EENanoAODv12/TTto2L2Nu_TuneCP5_13p6TeV_powheg-pythia8/NANOAODSIM/130X_mcRun3_2022_realistic_postEE_v6_ext1-v2/50000/9835784a-b478-4c0d-bd0f-543ba9b56fec.root - SumOfGenWeight: 20756353.399699986 
[2025-11-08 10:05:25.663] [main] [info] Output directory: /eos/user/j/jiahua/MC_2022EE_inc/TTto2L2Nu_powheg_22EE_ext1-v2/9835784a-b478-4c0d-bd0f-543ba9b56fec.root
[2025-11-08 10:05:25.664] [main] [info] Starting Setup of Dataframe with 258001 events
[2025-11-08 10:06:28.948] [main] [info] Finished Setup
[2025-11-08 10:06:28.948] [main] [info] Runtime for setup (real time: 63.29, CPU time: 61.60)
[2025-11-08 10:06:28.948] [main] [info] Starting Evaluation
[2025-11-08 10:06:39.504] [main] [info] 10000 / 258001 (3.88 %) Events processed ...
[2025-11-08 10:06:40.692] [main] [info] 20000 / 258001 (7.75 %) Events processed ...
[2025-11-08 10:06:42.244] [main] [info] 30000 / 258001 (11.63 %) Events processed ...
[2025-11-08 10:06:43.420] [main] [info] 40000 / 258001 (15.50 %) Events processed ...
[2025-11-08 10:06:45.149] [main] [info] 50000 / 258001 (19.38 %) Events processed ...
[2025-11-08 10:06:46.200] [main] [info] 60000 / 258001 (23.26 %) Events processed ...
[2025-11-08 10:06:47.766] [main] [info] 70000 / 258001 (27.13 %) Events processed ...
[2025-11-08 10:06:48.896] [main] [info] 80000 / 258001 (31.01 %) Events processed ...
[2025-11-08 10:06:50.340] [main] [info] 90000 / 258001 (34.88 %) Events processed ...
[2025-11-08 10:06:51.221] [main] [info] 100000 / 258001 (38.76 %) Events processed ...
[2025-11-08 10:06:52.633] [main] [info] 110000 / 258001 (42.64 %) Events processed ...
[2025-11-08 10:06:53.782] [main] [info] 120000 / 258001 (46.51 %) Events processed ...
[2025-11-08 10:06:55.661] [main] [info] 130000 / 258001 (50.39 %) Events processed ...
[2025-11-08 10:06:56.709] [main] [info] 140000 / 258001 (54.26 %) Events processed ...
[2025-11-08 10:06:58.429] [main] [info] 150000 / 258001 (58.14 %) Events processed ...
[2025-11-08 10:06:59.956] [main] [info] 160000 / 258001 (62.02 %) Events processed ...
[2025-11-08 10:07:00.717] [main] [info] 170000 / 258001 (65.89 %) Events processed ...
[2025-11-08 10:07:02.158] [main] [info] 180000 / 258001 (69.77 %) Events processed ...
[2025-11-08 10:07:03.182] [main] [info] 190000 / 258001 (73.64 %) Events processed ...
[2025-11-08 10:07:04.522] [main] [info] 200000 / 258001 (77.52 %) Events processed ...
[2025-11-08 10:07:05.780] [main] [info] 210000 / 258001 (81.40 %) Events processed ...
[2025-11-08 10:07:07.228] [main] [info] 220000 / 258001 (85.27 %) Events processed ...
[2025-11-08 10:07:08.362] [main] [info] 230000 / 258001 (89.15 %) Events processed ...
[2025-11-08 10:07:09.953] [main] [info] 240000 / 258001 (93.02 %) Events processed ...
[2025-11-08 10:07:11.042] [main] [info] 250000 / 258001 (96.90 %) Events processed ...
[2025-11-08 10:07:12.549] [main] [info] vbfhmm:
Flag_goodVertices: pass=258001     all=258001     -- eff=100.00 % cumulative eff=100.00 %
Flag_globalSuperTightHalo2016Filter: pass=257959     all=258001     -- eff=99.98 % cumulative eff=99.98 %
Flag_EcalDeadCellTriggerPrimitiveFilter: pass=257914     all=257959     -- eff=99.98 % cumulative eff=99.97 %
Flag_BadPFMuonFilter: pass=257900     all=257914     -- eff=99.99 % cumulative eff=99.96 %
Flag_BadPFMuonDzFilter: pass=257890     all=257900     -- eff=100.00 % cumulative eff=99.96 %
Flag_eeBadScFilter: pass=257890     all=257890     -- eff=100.00 % cumulative eff=99.96 %
Flag_ecalBadCalibFilter: pass=257858     all=257890     -- eff=99.99 % cumulative eff=99.94 %
Flag_hfNoisyHitsFilter: pass=257855     all=257858     -- eff=100.00 % cumulative eff=99.94 %
Number of muons 2: pass=17589      all=257855     -- eff=6.82 % cumulative eff=6.82 %
DiMuon From Higgs: pass=8125       all=17589      -- eff=46.19 % cumulative eff=3.15 %
LeptonChargeSum: pass=8060       all=8125       -- eff=99.20 % cumulative eff=3.12 %
[2025-11-08 10:07:12.646] [main] [info] Writing quantities map to /eos/user/j/jiahua/MC_2022EE_inc/TTto2L2Nu_powheg_22EE_ext1-v2/9835784a-b478-4c0d-bd0f-543ba9b56fec_vbfhmm.root
[2025-11-08 10:07:12.784] [main] [info] Finished Evaluation
[2025-11-08 10:07:12.784] [main] [info] Overall runtime (real time: 107.12, CPU time: 98.45)
