Starting job on \n
Running on: Linux b9p31p3929.cern.ch 5.14.0-570.44.1.el9_6.x86_64 #1 SMP PREEMPT_DYNAMIC Tue Sep 9 05:17:30 EDT 2025 x86_64 x86_64 x86_64 GNU/Linux\n
System software: Red Hat Enterprise Linux release 9.6 (Plow)\n
Setting up CROWN for RedHatEnterprise Version 9.6
subject   : /DC=ch/DC=cern/OU=Organic Units/OU=Users/CN=jiahua/CN=851532/CN=Jiahua Chen/CN=1735721823
issuer    : /DC=ch/DC=cern/OU=Organic Units/OU=Users/CN=jiahua/CN=851532/CN=Jiahua Chen
identity  : /DC=ch/DC=cern/OU=Organic Units/OU=Users/CN=jiahua/CN=851532/CN=Jiahua Chen
type      : RFC compliant proxy
strength  : 2048 bits
path      : /afs/cern.ch/user/j/jiahua/proxy/x509up_u139833
timeleft  : 197:36:22
key usage : Digital Signature, Key Encipherment
=== VO cms extension information ===
VO        : cms
subject   : /DC=ch/DC=cern/OU=Organic Units/OU=Users/CN=jiahua/CN=851532/CN=Jiahua Chen
issuer    : /DC=ch/DC=cern/OU=computers/CN=cms-auth.cern.ch
attribute : /cms/Role=NULL/Capability=NULL
timeleft  : 189:36:22
uri       : voms-cms-auth.cern.ch:15000
subject   : /DC=ch/DC=cern/OU=Organic Units/OU=Users/CN=jiahua/CN=851532/CN=Jiahua Chen/CN=1735721823
issuer    : /DC=ch/DC=cern/OU=Organic Units/OU=Users/CN=jiahua/CN=851532/CN=Jiahua Chen
identity  : /DC=ch/DC=cern/OU=Organic Units/OU=Users/CN=jiahua/CN=851532/CN=Jiahua Chen
type      : RFC compliant proxy
strength  : 2048 bits
path      : /afs/cern.ch/user/j/jiahua/proxy/x509up_u139833
timeleft  : 197:36:22
key usage : Digital Signature, Key Encipherment
=== VO cms extension information ===
VO        : cms
subject   : /DC=ch/DC=cern/OU=Organic Units/OU=Users/CN=jiahua/CN=851532/CN=Jiahua Chen
issuer    : /DC=ch/DC=cern/OU=computers/CN=cms-auth.cern.ch
attribute : /cms/Role=NULL/Capability=NULL
timeleft  : 189:36:22
uri       : voms-cms-auth.cern.ch:15000
/eos/user/j/jiahua/MC_2022EE_inc/TTto2L2Nu_powheg_22EE_ext1-v2/c4d90139-3210-468c-bf77-2d32495468fa.root
[2025-11-08 10:02:36.422] [main] [info] Checking input files
[2025-11-08 10:02:40.754] [main] [info] NanoAOD input_file 1: root://cms-xrd-global.cern.ch//store/mc/Run3Summer22EENanoAODv12/TTto2L2Nu_TuneCP5_13p6TeV_powheg-pythia8/NANOAODSIM/130X_mcRun3_2022_realistic_postEE_v6_ext1-v2/2520000/c4d90139-3210-468c-bf77-2d32495468fa.root - 165908 Events
[2025-11-08 10:02:40.754] [main] [info] input_file 1: root://cms-xrd-global.cern.ch//store/mc/Run3Summer22EENanoAODv12/TTto2L2Nu_TuneCP5_13p6TeV_powheg-pythia8/NANOAODSIM/130X_mcRun3_2022_realistic_postEE_v6_ext1-v2/2520000/c4d90139-3210-468c-bf77-2d32495468fa.root - SumOfGenWeight: 13347268.82299999 
[2025-11-08 10:02:40.754] [main] [info] Output directory: /eos/user/j/jiahua/MC_2022EE_inc/TTto2L2Nu_powheg_22EE_ext1-v2/c4d90139-3210-468c-bf77-2d32495468fa.root
[2025-11-08 10:02:40.754] [main] [info] Starting Setup of Dataframe with 165908 events
[2025-11-08 10:03:33.078] [main] [info] Finished Setup
[2025-11-08 10:03:33.078] [main] [info] Runtime for setup (real time: 52.32, CPU time: 48.42)
[2025-11-08 10:03:33.078] [main] [info] Starting Evaluation
[2025-11-08 10:03:48.796] [main] [info] 10000 / 165908 (6.03 %) Events processed ...
[2025-11-08 10:03:49.797] [main] [info] 20000 / 165908 (12.05 %) Events processed ...
[2025-11-08 10:03:53.214] [main] [info] 30000 / 165908 (18.08 %) Events processed ...
[2025-11-08 10:03:54.222] [main] [info] 40000 / 165908 (24.11 %) Events processed ...
[2025-11-08 10:04:04.013] [main] [info] 50000 / 165908 (30.14 %) Events processed ...
[2025-11-08 10:04:05.094] [main] [info] 60000 / 165908 (36.16 %) Events processed ...
[2025-11-08 10:04:12.044] [main] [info] 70000 / 165908 (42.19 %) Events processed ...
[2025-11-08 10:04:12.801] [main] [info] 80000 / 165908 (48.22 %) Events processed ...
[2025-11-08 10:04:19.540] [main] [info] 90000 / 165908 (54.25 %) Events processed ...
[2025-11-08 10:04:20.633] [main] [info] 100000 / 165908 (60.27 %) Events processed ...
[2025-11-08 10:04:29.155] [main] [info] 110000 / 165908 (66.30 %) Events processed ...
[2025-11-08 10:04:30.376] [main] [info] 120000 / 165908 (72.33 %) Events processed ...
[2025-11-08 10:04:38.808] [main] [info] 130000 / 165908 (78.36 %) Events processed ...
[2025-11-08 10:04:39.881] [main] [info] 140000 / 165908 (84.38 %) Events processed ...
[2025-11-08 10:04:51.103] [main] [info] 150000 / 165908 (90.41 %) Events processed ...
[2025-11-08 10:04:52.265] [main] [info] 160000 / 165908 (96.44 %) Events processed ...
[2025-11-08 10:05:01.905] [main] [info] vbfhmm:
Flag_goodVertices: pass=165908     all=165908     -- eff=100.00 % cumulative eff=100.00 %
Flag_globalSuperTightHalo2016Filter: pass=165879     all=165908     -- eff=99.98 % cumulative eff=99.98 %
Flag_EcalDeadCellTriggerPrimitiveFilter: pass=165848     all=165879     -- eff=99.98 % cumulative eff=99.96 %
Flag_BadPFMuonFilter: pass=165836     all=165848     -- eff=99.99 % cumulative eff=99.96 %
Flag_BadPFMuonDzFilter: pass=165832     all=165836     -- eff=100.00 % cumulative eff=99.95 %
Flag_eeBadScFilter: pass=165832     all=165832     -- eff=100.00 % cumulative eff=99.95 %
Flag_ecalBadCalibFilter: pass=165805     all=165832     -- eff=99.98 % cumulative eff=99.94 %
Flag_hfNoisyHitsFilter: pass=165796     all=165805     -- eff=99.99 % cumulative eff=99.93 %
Number of muons 2: pass=11156      all=165796     -- eff=6.73 % cumulative eff=6.72 %
DiMuon From Higgs: pass=5150       all=11156      -- eff=46.16 % cumulative eff=3.10 %
LeptonChargeSum: pass=5112       all=5150       -- eff=99.26 % cumulative eff=3.08 %
[2025-11-08 10:05:03.829] [main] [info] Writing quantities map to /eos/user/j/jiahua/MC_2022EE_inc/TTto2L2Nu_powheg_22EE_ext1-v2/c4d90139-3210-468c-bf77-2d32495468fa_vbfhmm.root
[2025-11-08 10:05:04.486] [main] [info] Finished Evaluation
[2025-11-08 10:05:04.486] [main] [info] Overall runtime (real time: 143.73, CPU time: 74.22)
