000 (12769428.059.000) 11/08 09:48:35 Job submitted from host: <188.185.121.235:9618?addrs=188.185.121.235-9618+[2001-1458-d00-49--100-36e]-9618&alias=bigbird22.cern.ch&noUDP&sock=schedd_232129_c3ca>
...
040 (12769428.059.000) 11/08 10:01:40 Started transferring input files
	Transferring to host: <188.185.194.20:9618?addrs=188.185.194.20-9618+[2001-1458-303-21--100-10]-9618&alias=b9p20p9508.cern.ch&noUDP&sock=slot1_47_7442_4fe8_46028>
...
040 (12769428.059.000) 11/08 10:01:40 Finished transferring input files
...
001 (12769428.059.000) 11/08 10:01:41 Job executing on host: <188.185.194.20:9618?addrs=188.185.194.20-9618+[2001-1458-303-21--100-10]-9618&alias=b9p20p9508.cern.ch&noUDP&sock=startd_6195_d54c>
	SlotName: slot1_47@b9p20p9508.cern.ch
	CondorScratchDir = "/pool/condor/dir_2700765"
	Cpus = 1
	Disk = 15688
	GPUs = 0
	Memory = 3000
...
006 (12769428.059.000) 11/08 10:01:55 Image size of job updated: 95624
	94  -  MemoryUsage of job (MB)
	95624  -  ResidentSetSize of job (KB)
...
006 (12769428.059.000) 11/08 10:03:31 Image size of job updated: 409468
	94  -  MemoryUsage of job (MB)
	95624  -  ResidentSetSize of job (KB)
...
040 (12769428.059.000) 11/08 10:03:31 Started transferring output files
...
040 (12769428.059.000) 11/08 10:03:31 Finished transferring output files
...
005 (12769428.059.000) 11/08 10:03:31 Job terminated.
	(1) Normal termination (return value 0)
		Usr 0 00:01:38, Sys 0 00:00:02  -  Run Remote Usage
		Usr 0 00:00:00, Sys 0 00:00:00  -  Run Local Usage
		Usr 0 00:01:38, Sys 0 00:00:02  -  Total Remote Usage
		Usr 0 00:00:00, Sys 0 00:00:00  -  Total Local Usage
	9494  -  Run Bytes Sent By Job
	11220238  -  Run Bytes Received By Job
	9494  -  Total Bytes Sent By Job
	11220238  -  Total Bytes Received By Job
	Partitionable Resources :    Usage  Request Allocated 
	   Cpus                 :        0        1         1 
	   Disk (KB)            :    10990    12500     15688 
	   GPUs                 :                           0 
	   Memory (MB)          :       94     3000      3000 
	   TimeExecute (s)      :      110                    
	   TimeSlotBusy (s)     :      111                    

	Job terminated of its own accord at 2025-11-08T09:03:31Z with exit-code 0.
...
