Starting job on \n
Running on: Linux b9p19p8142.cern.ch 5.14.0-570.44.1.el9_6.x86_64 #1 SMP PREEMPT_DYNAMIC Tue Sep 9 05:17:30 EDT 2025 x86_64 x86_64 x86_64 GNU/Linux\n
System software: Red Hat Enterprise Linux release 9.6 (Plow)\n
Setting up CROWN for RedHatEnterprise Version 9.6
subject   : /DC=ch/DC=cern/OU=Organic Units/OU=Users/CN=jiahua/CN=851532/CN=Jiahua Chen/CN=1735721823
issuer    : /DC=ch/DC=cern/OU=Organic Units/OU=Users/CN=jiahua/CN=851532/CN=Jiahua Chen
identity  : /DC=ch/DC=cern/OU=Organic Units/OU=Users/CN=jiahua/CN=851532/CN=Jiahua Chen
type      : RFC compliant proxy
strength  : 2048 bits
path      : /afs/cern.ch/user/j/jiahua/proxy/x509up_u139833
timeleft  : 197:34:23
key usage : Digital Signature, Key Encipherment
=== VO cms extension information ===
VO        : cms
subject   : /DC=ch/DC=cern/OU=Organic Units/OU=Users/CN=jiahua/CN=851532/CN=Jiahua Chen
issuer    : /DC=ch/DC=cern/OU=computers/CN=cms-auth.cern.ch
attribute : /cms/Role=NULL/Capability=NULL
timeleft  : 189:34:23
uri       : voms-cms-auth.cern.ch:15000
subject   : /DC=ch/DC=cern/OU=Organic Units/OU=Users/CN=jiahua/CN=851532/CN=Jiahua Chen/CN=1735721823
issuer    : /DC=ch/DC=cern/OU=Organic Units/OU=Users/CN=jiahua/CN=851532/CN=Jiahua Chen
identity  : /DC=ch/DC=cern/OU=Organic Units/OU=Users/CN=jiahua/CN=851532/CN=Jiahua Chen
type      : RFC compliant proxy
strength  : 2048 bits
path      : /afs/cern.ch/user/j/jiahua/proxy/x509up_u139833
timeleft  : 197:34:23
key usage : Digital Signature, Key Encipherment
=== VO cms extension information ===
VO        : cms
subject   : /DC=ch/DC=cern/OU=Organic Units/OU=Users/CN=jiahua/CN=851532/CN=Jiahua Chen
issuer    : /DC=ch/DC=cern/OU=computers/CN=cms-auth.cern.ch
attribute : /cms/Role=NULL/Capability=NULL
timeleft  : 189:34:23
uri       : voms-cms-auth.cern.ch:15000
/eos/user/j/jiahua/MC_2022EE_inc/TTto2L2Nu_powheg_22EE_ext1-v2/7beb77ae-633f-4b57-92e8-660b5f2d741f.root
[2025-11-08 10:04:35.845] [main] [info] Checking input files
[2025-11-08 10:04:43.216] [main] [info] NanoAOD input_file 1: root://cms-xrd-global.cern.ch//store/mc/Run3Summer22EENanoAODv12/TTto2L2Nu_TuneCP5_13p6TeV_powheg-pythia8/NANOAODSIM/130X_mcRun3_2022_realistic_postEE_v6_ext1-v2/2520000/7beb77ae-633f-4b57-92e8-660b5f2d741f.root - 133570 Events
[2025-11-08 10:04:43.216] [main] [info] input_file 1: root://cms-xrd-global.cern.ch//store/mc/Run3Summer22EENanoAODv12/TTto2L2Nu_TuneCP5_13p6TeV_powheg-pythia8/NANOAODSIM/130X_mcRun3_2022_realistic_postEE_v6_ext1-v2/2520000/7beb77ae-633f-4b57-92e8-660b5f2d741f.root - SumOfGenWeight: 10746266.749999993 
[2025-11-08 10:04:43.216] [main] [info] Output directory: /eos/user/j/jiahua/MC_2022EE_inc/TTto2L2Nu_powheg_22EE_ext1-v2/7beb77ae-633f-4b57-92e8-660b5f2d741f.root
[2025-11-08 10:04:43.217] [main] [info] Starting Setup of Dataframe with 133570 events
[2025-11-08 10:06:05.441] [main] [info] Finished Setup
[2025-11-08 10:06:05.441] [main] [info] Runtime for setup (real time: 82.23, CPU time: 81.16)
[2025-11-08 10:06:05.441] [main] [info] Starting Evaluation
[2025-11-08 10:06:32.240] [main] [info] 10000 / 133570 (7.49 %) Events processed ...
[2025-11-08 10:06:34.123] [main] [info] 20000 / 133570 (14.97 %) Events processed ...
[2025-11-08 10:06:44.114] [main] [info] 30000 / 133570 (22.46 %) Events processed ...
[2025-11-08 10:06:45.581] [main] [info] 40000 / 133570 (29.95 %) Events processed ...
[2025-11-08 10:06:56.319] [main] [info] 50000 / 133570 (37.43 %) Events processed ...
[2025-11-08 10:06:58.158] [main] [info] 60000 / 133570 (44.92 %) Events processed ...
[2025-11-08 10:07:10.066] [main] [info] 70000 / 133570 (52.41 %) Events processed ...
[2025-11-08 10:07:11.524] [main] [info] 80000 / 133570 (59.89 %) Events processed ...
[2025-11-08 10:07:20.305] [main] [info] 90000 / 133570 (67.38 %) Events processed ...
[2025-11-08 10:07:22.182] [main] [info] 100000 / 133570 (74.87 %) Events processed ...
[2025-11-08 10:07:33.803] [main] [info] 110000 / 133570 (82.35 %) Events processed ...
[2025-11-08 10:07:35.602] [main] [info] 120000 / 133570 (89.84 %) Events processed ...
[2025-11-08 10:07:40.133] [main] [info] 130000 / 133570 (97.33 %) Events processed ...
[2025-11-08 10:07:41.056] [main] [info] vbfhmm:
Flag_goodVertices: pass=133570     all=133570     -- eff=100.00 % cumulative eff=100.00 %
Flag_globalSuperTightHalo2016Filter: pass=133559     all=133570     -- eff=99.99 % cumulative eff=99.99 %
Flag_EcalDeadCellTriggerPrimitiveFilter: pass=133535     all=133559     -- eff=99.98 % cumulative eff=99.97 %
Flag_BadPFMuonFilter: pass=133524     all=133535     -- eff=99.99 % cumulative eff=99.97 %
Flag_BadPFMuonDzFilter: pass=133522     all=133524     -- eff=100.00 % cumulative eff=99.96 %
Flag_eeBadScFilter: pass=133522     all=133522     -- eff=100.00 % cumulative eff=99.96 %
Flag_ecalBadCalibFilter: pass=133500     all=133522     -- eff=99.98 % cumulative eff=99.95 %
Flag_hfNoisyHitsFilter: pass=133493     all=133500     -- eff=99.99 % cumulative eff=99.94 %
Number of muons 2: pass=9155       all=133493     -- eff=6.86 % cumulative eff=6.85 %
DiMuon From Higgs: pass=4215       all=9155       -- eff=46.04 % cumulative eff=3.16 %
LeptonChargeSum: pass=4185       all=4215       -- eff=99.29 % cumulative eff=3.13 %
[2025-11-08 10:07:41.172] [main] [info] Writing quantities map to /eos/user/j/jiahua/MC_2022EE_inc/TTto2L2Nu_powheg_22EE_ext1-v2/7beb77ae-633f-4b57-92e8-660b5f2d741f_vbfhmm.root
[2025-11-08 10:07:41.229] [main] [info] Finished Evaluation
[2025-11-08 10:07:41.229] [main] [info] Overall runtime (real time: 178.01, CPU time: 116.50)
