000 (12769428.264.000) 11/08 09:48:36 Job submitted from host: <188.185.121.235:9618?addrs=188.185.121.235-9618+[2001-1458-d00-49--100-36e]-9618&alias=bigbird22.cern.ch&noUDP&sock=schedd_232129_c3ca>
...
040 (12769428.264.000) 11/08 10:02:54 Started transferring input files
	Transferring to host: <188.185.208.231:9618?addrs=188.185.208.231-9618+[2001-1458-303-10--100-64]-9618&alias=b9p10p4449.cern.ch&noUDP&sock=slot1_21_5481_9c38_49761>
...
040 (12769428.264.000) 11/08 10:02:54 Finished transferring input files
...
001 (12769428.264.000) 11/08 10:02:55 Job executing on host: <188.185.208.231:9618?addrs=188.185.208.231-9618+[2001-1458-303-10--100-64]-9618&alias=b9p10p4449.cern.ch&noUDP&sock=startd_4595_5dc4>
	SlotName: slot1_21@b9p10p4449.cern.ch
	CondorScratchDir = "/pool/condor/dir_264921"
	Cpus = 1
	Disk = 15875
	GPUs = 0
	Memory = 3000
...
006 (12769428.264.000) 11/08 10:03:09 Image size of job updated: 104348
	102  -  MemoryUsage of job (MB)
	104348  -  ResidentSetSize of job (KB)
...
006 (12769428.264.000) 11/08 10:04:09 Image size of job updated: 438924
	103  -  MemoryUsage of job (MB)
	104472  -  ResidentSetSize of job (KB)
...
040 (12769428.264.000) 11/08 10:04:09 Started transferring output files
...
040 (12769428.264.000) 11/08 10:04:09 Finished transferring output files
...
005 (12769428.264.000) 11/08 10:04:09 Job terminated.
	(1) Normal termination (return value 0)
		Usr 0 00:00:56, Sys 0 00:00:02  -  Run Remote Usage
		Usr 0 00:00:00, Sys 0 00:00:00  -  Run Local Usage
		Usr 0 00:00:56, Sys 0 00:00:02  -  Total Remote Usage
		Usr 0 00:00:00, Sys 0 00:00:00  -  Total Local Usage
	10085  -  Run Bytes Sent By Job
	11220238  -  Run Bytes Received By Job
	10085  -  Total Bytes Sent By Job
	11220238  -  Total Bytes Received By Job
	Partitionable Resources :    Usage  Request Allocated 
	   Cpus                 :     0.74        1         1 
	   Disk (KB)            : 10990       12500     15875 
	   GPUs                 :                           0 
	   Memory (MB)          :   103        3000      3000 
	   TimeExecute (s)      :    74                       
	   TimeSlotBusy (s)     :    75                       

	Job terminated of its own accord at 2025-11-08T09:04:09Z with exit-code 0.
...
