Starting job on \n
Running on: Linux b9p20p9508.cern.ch 5.14.0-570.44.1.el9_6.x86_64 #1 SMP PREEMPT_DYNAMIC Tue Sep 9 05:17:30 EDT 2025 x86_64 x86_64 x86_64 GNU/Linux\n
System software: Red Hat Enterprise Linux release 9.6 (Plow)\n
Setting up CROWN for RedHatEnterprise Version 9.6
subject   : /DC=ch/DC=cern/OU=Organic Units/OU=Users/CN=jiahua/CN=851532/CN=Jiahua Chen/CN=1735721823
issuer    : /DC=ch/DC=cern/OU=Organic Units/OU=Users/CN=jiahua/CN=851532/CN=Jiahua Chen
identity  : /DC=ch/DC=cern/OU=Organic Units/OU=Users/CN=jiahua/CN=851532/CN=Jiahua Chen
type      : RFC compliant proxy
strength  : 2048 bits
path      : /afs/cern.ch/user/j/jiahua/proxy/x509up_u139833
timeleft  : 197:37:09
key usage : Digital Signature, Key Encipherment
=== VO cms extension information ===
VO        : cms
subject   : /DC=ch/DC=cern/OU=Organic Units/OU=Users/CN=jiahua/CN=851532/CN=Jiahua Chen
issuer    : /DC=ch/DC=cern/OU=computers/CN=cms-auth.cern.ch
attribute : /cms/Role=NULL/Capability=NULL
timeleft  : 189:37:09
uri       : voms-cms-auth.cern.ch:15000
subject   : /DC=ch/DC=cern/OU=Organic Units/OU=Users/CN=jiahua/CN=851532/CN=Jiahua Chen/CN=1735721823
issuer    : /DC=ch/DC=cern/OU=Organic Units/OU=Users/CN=jiahua/CN=851532/CN=Jiahua Chen
identity  : /DC=ch/DC=cern/OU=Organic Units/OU=Users/CN=jiahua/CN=851532/CN=Jiahua Chen
type      : RFC compliant proxy
strength  : 2048 bits
path      : /afs/cern.ch/user/j/jiahua/proxy/x509up_u139833
timeleft  : 197:37:09
key usage : Digital Signature, Key Encipherment
=== VO cms extension information ===
VO        : cms
subject   : /DC=ch/DC=cern/OU=Organic Units/OU=Users/CN=jiahua/CN=851532/CN=Jiahua Chen
issuer    : /DC=ch/DC=cern/OU=computers/CN=cms-auth.cern.ch
attribute : /cms/Role=NULL/Capability=NULL
timeleft  : 189:37:09
uri       : voms-cms-auth.cern.ch:15000
/eos/user/j/jiahua/MC_2022EE_inc/TTto2L2Nu_powheg_22EE_ext1-v2/91aceb36-e418-4037-805e-74ee24d8c851.root
[2025-11-08 10:01:49.780] [main] [info] Checking input files
[2025-11-08 10:01:56.216] [main] [info] NanoAOD input_file 1: root://cms-xrd-global.cern.ch//store/mc/Run3Summer22EENanoAODv12/TTto2L2Nu_TuneCP5_13p6TeV_powheg-pythia8/NANOAODSIM/130X_mcRun3_2022_realistic_postEE_v6_ext1-v2/2520000/91aceb36-e418-4037-805e-74ee24d8c851.root - 2109 Events
[2025-11-08 10:01:56.216] [main] [info] input_file 1: root://cms-xrd-global.cern.ch//store/mc/Run3Summer22EENanoAODv12/TTto2L2Nu_TuneCP5_13p6TeV_powheg-pythia8/NANOAODSIM/130X_mcRun3_2022_realistic_postEE_v6_ext1-v2/2520000/91aceb36-e418-4037-805e-74ee24d8c851.root - SumOfGenWeight: 170237.08610000001 
[2025-11-08 10:01:56.216] [main] [info] Output directory: /eos/user/j/jiahua/MC_2022EE_inc/TTto2L2Nu_powheg_22EE_ext1-v2/91aceb36-e418-4037-805e-74ee24d8c851.root
[2025-11-08 10:01:56.217] [main] [info] Starting Setup of Dataframe with 2109 events
[2025-11-08 10:03:17.490] [main] [info] Finished Setup
[2025-11-08 10:03:17.490] [main] [info] Runtime for setup (real time: 81.27, CPU time: 80.39)
[2025-11-08 10:03:17.490] [main] [info] Starting Evaluation
[2025-11-08 10:03:30.760] [main] [info] vbfhmm:
Flag_goodVertices: pass=2109       all=2109       -- eff=100.00 % cumulative eff=100.00 %
Flag_globalSuperTightHalo2016Filter: pass=2109       all=2109       -- eff=100.00 % cumulative eff=100.00 %
Flag_EcalDeadCellTriggerPrimitiveFilter: pass=2108       all=2109       -- eff=99.95 % cumulative eff=99.95 %
Flag_BadPFMuonFilter: pass=2108       all=2108       -- eff=100.00 % cumulative eff=99.95 %
Flag_BadPFMuonDzFilter: pass=2108       all=2108       -- eff=100.00 % cumulative eff=99.95 %
Flag_eeBadScFilter: pass=2108       all=2108       -- eff=100.00 % cumulative eff=99.95 %
Flag_ecalBadCalibFilter: pass=2107       all=2108       -- eff=99.95 % cumulative eff=99.91 %
Flag_hfNoisyHitsFilter: pass=2107       all=2107       -- eff=100.00 % cumulative eff=99.91 %
Number of muons 2: pass=149        all=2107       -- eff=7.07 % cumulative eff=7.06 %
DiMuon From Higgs: pass=72         all=149        -- eff=48.32 % cumulative eff=3.41 %
LeptonChargeSum: pass=72         all=72         -- eff=100.00 % cumulative eff=3.41 %
[2025-11-08 10:03:30.982] [main] [info] Writing quantities map to /eos/user/j/jiahua/MC_2022EE_inc/TTto2L2Nu_powheg_22EE_ext1-v2/91aceb36-e418-4037-805e-74ee24d8c851_vbfhmm.root
[2025-11-08 10:03:31.066] [main] [info] Finished Evaluation
[2025-11-08 10:03:31.066] [main] [info] Overall runtime (real time: 94.85, CPU time: 92.38)
