000 (12769428.693.000) 11/08 09:48:37 Job submitted from host: <188.185.121.235:9618?addrs=188.185.121.235-9618+[2001-1458-d00-49--100-36e]-9618&alias=bigbird22.cern.ch&noUDP&sock=schedd_232129_c3ca>
...
040 (12769428.693.000) 11/08 10:05:19 Started transferring input files
	Transferring to host: <188.185.210.18:9618?addrs=188.185.210.18-9618+[2001-1458-303-1--100-e]-9618&alias=b9p21p5034.cern.ch&noUDP&sock=slot1_39_4272_c2a7_50800>
...
040 (12769428.693.000) 11/08 10:05:19 Finished transferring input files
...
001 (12769428.693.000) 11/08 10:05:21 Job executing on host: <188.185.210.18:9618?addrs=188.185.210.18-9618+[2001-1458-303-1--100-e]-9618&alias=b9p21p5034.cern.ch&noUDP&sock=startd_3646_6e64>
	SlotName: slot1_39@b9p21p5034.cern.ch
	CondorScratchDir = "/pool/condor/dir_4193144"
	Cpus = 1
	Disk = 15992
	GPUs = 0
	Memory = 3000
...
006 (12769428.693.000) 11/08 10:05:34 Image size of job updated: 108728
	107  -  MemoryUsage of job (MB)
	108728  -  ResidentSetSize of job (KB)
...
006 (12769428.693.000) 11/08 10:06:35 Image size of job updated: 436976
	107  -  MemoryUsage of job (MB)
	108728  -  ResidentSetSize of job (KB)
...
040 (12769428.693.000) 11/08 10:06:35 Started transferring output files
...
040 (12769428.693.000) 11/08 10:06:35 Finished transferring output files
...
005 (12769428.693.000) 11/08 10:06:36 Job terminated.
	(1) Normal termination (return value 0)
		Usr 0 00:01:01, Sys 0 00:00:02  -  Run Remote Usage
		Usr 0 00:00:00, Sys 0 00:00:00  -  Run Local Usage
		Usr 0 00:01:01, Sys 0 00:00:02  -  Total Remote Usage
		Usr 0 00:00:00, Sys 0 00:00:00  -  Total Local Usage
	10082  -  Run Bytes Sent By Job
	11220238  -  Run Bytes Received By Job
	10082  -  Total Bytes Sent By Job
	11220238  -  Total Bytes Received By Job
	Partitionable Resources :    Usage  Request Allocated 
	   Cpus                 :        0        1         1 
	   Disk (KB)            :    10990    12500     15992 
	   GPUs                 :                           0 
	   Memory (MB)          :      107     3000      3000 
	   TimeExecute (s)      :       75                    
	   TimeSlotBusy (s)     :       76                    

	Job terminated of its own accord at 2025-11-08T09:06:35Z with exit-code 0.
...
