000 (12769428.261.000) 11/08 09:48:36 Job submitted from host: <188.185.121.235:9618?addrs=188.185.121.235-9618+[2001-1458-d00-49--100-36e]-9618&alias=bigbird22.cern.ch&noUDP&sock=schedd_232129_c3ca>
...
040 (12769428.261.000) 11/08 10:02:53 Started transferring input files
	Transferring to host: <188.185.211.172:9618?addrs=188.185.211.172-9618+[2001-1458-303-17--100-28]-9618&alias=b9p24p8652.cern.ch&noUDP&sock=slot1_16_7234_c1df_42334>
...
040 (12769428.261.000) 11/08 10:02:53 Finished transferring input files
...
001 (12769428.261.000) 11/08 10:02:54 Job executing on host: <188.185.211.172:9618?addrs=188.185.211.172-9618+[2001-1458-303-17--100-28]-9618&alias=b9p24p8652.cern.ch&noUDP&sock=startd_6330_6e95>
	SlotName: slot1_16@b9p24p8652.cern.ch
	CondorScratchDir = "/pool/condor/dir_3018203"
	Cpus = 1
	Disk = 15810
	GPUs = 0
	Memory = 3000
...
006 (12769428.261.000) 11/08 10:03:08 Image size of job updated: 107324
	105  -  MemoryUsage of job (MB)
	107324  -  ResidentSetSize of job (KB)
...
006 (12769428.261.000) 11/08 10:04:17 Image size of job updated: 421064
	105  -  MemoryUsage of job (MB)
	107324  -  ResidentSetSize of job (KB)
...
040 (12769428.261.000) 11/08 10:04:17 Started transferring output files
...
040 (12769428.261.000) 11/08 10:04:17 Finished transferring output files
...
005 (12769428.261.000) 11/08 10:04:17 Job terminated.
	(1) Normal termination (return value 0)
		Usr 0 00:01:06, Sys 0 00:00:02  -  Run Remote Usage
		Usr 0 00:00:00, Sys 0 00:00:00  -  Run Local Usage
		Usr 0 00:01:06, Sys 0 00:00:02  -  Total Remote Usage
		Usr 0 00:00:00, Sys 0 00:00:00  -  Total Local Usage
	9574  -  Run Bytes Sent By Job
	11220238  -  Run Bytes Received By Job
	9574  -  Total Bytes Sent By Job
	11220238  -  Total Bytes Received By Job
	Partitionable Resources :    Usage  Request Allocated 
	   Cpus                 :        0        1         1 
	   Disk (KB)            :    10990    12500     15810 
	   GPUs                 :                           0 
	   Memory (MB)          :      105     3000      3000 
	   TimeExecute (s)      :       83                    
	   TimeSlotBusy (s)     :       84                    

	Job terminated of its own accord at 2025-11-08T09:04:17Z with exit-code 0.
...
