Starting job on \n
Running on: Linux b9p31p1310.cern.ch 5.14.0-570.44.1.el9_6.x86_64 #1 SMP PREEMPT_DYNAMIC Tue Sep 9 05:17:30 EDT 2025 x86_64 x86_64 x86_64 GNU/Linux\n
System software: Red Hat Enterprise Linux release 9.6 (Plow)\n
Setting up CROWN for RedHatEnterprise Version 9.6
subject   : /DC=ch/DC=cern/OU=Organic Units/OU=Users/CN=jiahua/CN=851532/CN=Jiahua Chen/CN=1735721823
issuer    : /DC=ch/DC=cern/OU=Organic Units/OU=Users/CN=jiahua/CN=851532/CN=Jiahua Chen
identity  : /DC=ch/DC=cern/OU=Organic Units/OU=Users/CN=jiahua/CN=851532/CN=Jiahua Chen
type      : RFC compliant proxy
strength  : 2048 bits
path      : /afs/cern.ch/user/j/jiahua/proxy/x509up_u139833
timeleft  : 197:37:29
key usage : Digital Signature, Key Encipherment
=== VO cms extension information ===
VO        : cms
subject   : /DC=ch/DC=cern/OU=Organic Units/OU=Users/CN=jiahua/CN=851532/CN=Jiahua Chen
issuer    : /DC=ch/DC=cern/OU=computers/CN=cms-auth.cern.ch
attribute : /cms/Role=NULL/Capability=NULL
timeleft  : 189:37:29
uri       : voms-cms-auth.cern.ch:15000
subject   : /DC=ch/DC=cern/OU=Organic Units/OU=Users/CN=jiahua/CN=851532/CN=Jiahua Chen/CN=1735721823
issuer    : /DC=ch/DC=cern/OU=Organic Units/OU=Users/CN=jiahua/CN=851532/CN=Jiahua Chen
identity  : /DC=ch/DC=cern/OU=Organic Units/OU=Users/CN=jiahua/CN=851532/CN=Jiahua Chen
type      : RFC compliant proxy
strength  : 2048 bits
path      : /afs/cern.ch/user/j/jiahua/proxy/x509up_u139833
timeleft  : 197:37:29
key usage : Digital Signature, Key Encipherment
=== VO cms extension information ===
VO        : cms
subject   : /DC=ch/DC=cern/OU=Organic Units/OU=Users/CN=jiahua/CN=851532/CN=Jiahua Chen
issuer    : /DC=ch/DC=cern/OU=computers/CN=cms-auth.cern.ch
attribute : /cms/Role=NULL/Capability=NULL
timeleft  : 189:37:29
uri       : voms-cms-auth.cern.ch:15000
/eos/user/j/jiahua/MC_2022EE_inc/TTto2L2Nu_powheg_22EE_ext1-v2/b300df98-d28d-4742-911f-c3aa938cd47b.root
[2025-11-08 10:01:29.510] [main] [info] Checking input files
[2025-11-08 10:01:33.594] [main] [info] NanoAOD input_file 1: root://cms-xrd-global.cern.ch//store/mc/Run3Summer22EENanoAODv12/TTto2L2Nu_TuneCP5_13p6TeV_powheg-pythia8/NANOAODSIM/130X_mcRun3_2022_realistic_postEE_v6_ext1-v2/50000/b300df98-d28d-4742-911f-c3aa938cd47b.root - 177859 Events
[2025-11-08 10:01:33.594] [main] [info] input_file 1: root://cms-xrd-global.cern.ch//store/mc/Run3Summer22EENanoAODv12/TTto2L2Nu_TuneCP5_13p6TeV_powheg-pythia8/NANOAODSIM/130X_mcRun3_2022_realistic_postEE_v6_ext1-v2/50000/b300df98-d28d-4742-911f-c3aa938cd47b.root - SumOfGenWeight: 14301131.790899977 
[2025-11-08 10:01:33.594] [main] [info] Output directory: /eos/user/j/jiahua/MC_2022EE_inc/TTto2L2Nu_powheg_22EE_ext1-v2/b300df98-d28d-4742-911f-c3aa938cd47b.root
[2025-11-08 10:01:33.596] [main] [info] Starting Setup of Dataframe with 177859 events
[2025-11-08 10:02:21.513] [main] [info] Finished Setup
[2025-11-08 10:02:21.514] [main] [info] Runtime for setup (real time: 47.92, CPU time: 46.49)
[2025-11-08 10:02:21.514] [main] [info] Starting Evaluation
[2025-11-08 10:02:36.896] [main] [info] 10000 / 177859 (5.62 %) Events processed ...
[2025-11-08 10:02:38.176] [main] [info] 20000 / 177859 (11.24 %) Events processed ...
[2025-11-08 10:02:45.866] [main] [info] 30000 / 177859 (16.87 %) Events processed ...
[2025-11-08 10:02:46.796] [main] [info] 40000 / 177859 (22.49 %) Events processed ...
[2025-11-08 10:02:52.753] [main] [info] 50000 / 177859 (28.11 %) Events processed ...
[2025-11-08 10:02:53.648] [main] [info] 60000 / 177859 (33.73 %) Events processed ...
[2025-11-08 10:02:59.380] [main] [info] 70000 / 177859 (39.36 %) Events processed ...
[2025-11-08 10:03:00.296] [main] [info] 80000 / 177859 (44.98 %) Events processed ...
[2025-11-08 10:03:06.022] [main] [info] 90000 / 177859 (50.60 %) Events processed ...
[2025-11-08 10:03:06.943] [main] [info] 100000 / 177859 (56.22 %) Events processed ...
[2025-11-08 10:03:15.247] [main] [info] 110000 / 177859 (61.85 %) Events processed ...
[2025-11-08 10:03:16.246] [main] [info] 120000 / 177859 (67.47 %) Events processed ...
[2025-11-08 10:03:23.040] [main] [info] 130000 / 177859 (73.09 %) Events processed ...
[2025-11-08 10:03:24.061] [main] [info] 140000 / 177859 (78.71 %) Events processed ...
[2025-11-08 10:03:32.077] [main] [info] 150000 / 177859 (84.34 %) Events processed ...
[2025-11-08 10:03:39.540] [main] [info] 160000 / 177859 (89.96 %) Events processed ...
[2025-11-08 10:03:40.318] [main] [info] 170000 / 177859 (95.58 %) Events processed ...
[2025-11-08 10:03:41.311] [main] [info] vbfhmm:
Flag_goodVertices: pass=177859     all=177859     -- eff=100.00 % cumulative eff=100.00 %
Flag_globalSuperTightHalo2016Filter: pass=177840     all=177859     -- eff=99.99 % cumulative eff=99.99 %
Flag_EcalDeadCellTriggerPrimitiveFilter: pass=177809     all=177840     -- eff=99.98 % cumulative eff=99.97 %
Flag_BadPFMuonFilter: pass=177792     all=177809     -- eff=99.99 % cumulative eff=99.96 %
Flag_BadPFMuonDzFilter: pass=177788     all=177792     -- eff=100.00 % cumulative eff=99.96 %
Flag_eeBadScFilter: pass=177788     all=177788     -- eff=100.00 % cumulative eff=99.96 %
Flag_ecalBadCalibFilter: pass=177754     all=177788     -- eff=99.98 % cumulative eff=99.94 %
Flag_hfNoisyHitsFilter: pass=177749     all=177754     -- eff=100.00 % cumulative eff=99.94 %
Number of muons 2: pass=11799      all=177749     -- eff=6.64 % cumulative eff=6.63 %
DiMuon From Higgs: pass=5394       all=11799      -- eff=45.72 % cumulative eff=3.03 %
LeptonChargeSum: pass=5360       all=5394       -- eff=99.37 % cumulative eff=3.01 %
[2025-11-08 10:03:41.411] [main] [info] Writing quantities map to /eos/user/j/jiahua/MC_2022EE_inc/TTto2L2Nu_powheg_22EE_ext1-v2/b300df98-d28d-4742-911f-c3aa938cd47b_vbfhmm.root
[2025-11-08 10:03:41.494] [main] [info] Finished Evaluation
[2025-11-08 10:03:41.495] [main] [info] Overall runtime (real time: 127.90, CPU time: 71.42)
