Starting job on \n
Running on: Linux b9p26p5978.cern.ch 5.14.0-570.44.1.el9_6.x86_64 #1 SMP PREEMPT_DYNAMIC Tue Sep 9 05:17:30 EDT 2025 x86_64 x86_64 x86_64 GNU/Linux\n
System software: Red Hat Enterprise Linux release 9.6 (Plow)\n
Setting up CROWN for RedHatEnterprise Version 9.6
subject   : /DC=ch/DC=cern/OU=Organic Units/OU=Users/CN=jiahua/CN=851532/CN=Jiahua Chen/CN=1735721823
issuer    : /DC=ch/DC=cern/OU=Organic Units/OU=Users/CN=jiahua/CN=851532/CN=Jiahua Chen
identity  : /DC=ch/DC=cern/OU=Organic Units/OU=Users/CN=jiahua/CN=851532/CN=Jiahua Chen
type      : RFC compliant proxy
strength  : 2048 bits
path      : /afs/cern.ch/user/j/jiahua/proxy/x509up_u139833
timeleft  : 197:34:03
key usage : Digital Signature, Key Encipherment
=== VO cms extension information ===
VO        : cms
subject   : /DC=ch/DC=cern/OU=Organic Units/OU=Users/CN=jiahua/CN=851532/CN=Jiahua Chen
issuer    : /DC=ch/DC=cern/OU=computers/CN=cms-auth.cern.ch
attribute : /cms/Role=NULL/Capability=NULL
timeleft  : 189:34:03
uri       : voms-cms-auth.cern.ch:15000
subject   : /DC=ch/DC=cern/OU=Organic Units/OU=Users/CN=jiahua/CN=851532/CN=Jiahua Chen/CN=1735721823
issuer    : /DC=ch/DC=cern/OU=Organic Units/OU=Users/CN=jiahua/CN=851532/CN=Jiahua Chen
identity  : /DC=ch/DC=cern/OU=Organic Units/OU=Users/CN=jiahua/CN=851532/CN=Jiahua Chen
type      : RFC compliant proxy
strength  : 2048 bits
path      : /afs/cern.ch/user/j/jiahua/proxy/x509up_u139833
timeleft  : 197:34:03
key usage : Digital Signature, Key Encipherment
=== VO cms extension information ===
VO        : cms
subject   : /DC=ch/DC=cern/OU=Organic Units/OU=Users/CN=jiahua/CN=851532/CN=Jiahua Chen
issuer    : /DC=ch/DC=cern/OU=computers/CN=cms-auth.cern.ch
attribute : /cms/Role=NULL/Capability=NULL
timeleft  : 189:34:03
uri       : voms-cms-auth.cern.ch:15000
/eos/user/j/jiahua/MC_2022EE_inc/TTto2L2Nu_powheg_22EE_ext1-v2/a73fa0db-a6d2-4620-8919-5924fcefc0f4.root
[2025-11-08 10:04:55.119] [main] [info] Checking input files
[2025-11-08 10:04:59.881] [main] [info] NanoAOD input_file 1: root://cms-xrd-global.cern.ch//store/mc/Run3Summer22EENanoAODv12/TTto2L2Nu_TuneCP5_13p6TeV_powheg-pythia8/NANOAODSIM/130X_mcRun3_2022_realistic_postEE_v6_ext1-v2/40000/a73fa0db-a6d2-4620-8919-5924fcefc0f4.root - 41477 Events
[2025-11-08 10:04:59.881] [main] [info] input_file 1: root://cms-xrd-global.cern.ch//store/mc/Run3Summer22EENanoAODv12/TTto2L2Nu_TuneCP5_13p6TeV_powheg-pythia8/NANOAODSIM/130X_mcRun3_2022_realistic_postEE_v6_ext1-v2/40000/a73fa0db-a6d2-4620-8919-5924fcefc0f4.root - SumOfGenWeight: 3337019.9655000004 
[2025-11-08 10:04:59.881] [main] [info] Output directory: /eos/user/j/jiahua/MC_2022EE_inc/TTto2L2Nu_powheg_22EE_ext1-v2/a73fa0db-a6d2-4620-8919-5924fcefc0f4.root
[2025-11-08 10:04:59.881] [main] [info] Starting Setup of Dataframe with 41477 events
[2025-11-08 10:05:48.821] [main] [info] Finished Setup
[2025-11-08 10:05:48.821] [main] [info] Runtime for setup (real time: 48.94, CPU time: 47.50)
[2025-11-08 10:05:48.821] [main] [info] Starting Evaluation
[2025-11-08 10:05:58.140] [main] [info] 10000 / 41477 (24.11 %) Events processed ...
[2025-11-08 10:05:59.235] [main] [info] 20000 / 41477 (48.22 %) Events processed ...
[2025-11-08 10:06:00.444] [main] [info] 30000 / 41477 (72.33 %) Events processed ...
[2025-11-08 10:06:01.275] [main] [info] 40000 / 41477 (96.44 %) Events processed ...
[2025-11-08 10:06:01.608] [main] [info] vbfhmm:
Flag_goodVertices: pass=41477      all=41477      -- eff=100.00 % cumulative eff=100.00 %
Flag_globalSuperTightHalo2016Filter: pass=41475      all=41477      -- eff=100.00 % cumulative eff=100.00 %
Flag_EcalDeadCellTriggerPrimitiveFilter: pass=41472      all=41475      -- eff=99.99 % cumulative eff=99.99 %
Flag_BadPFMuonFilter: pass=41468      all=41472      -- eff=99.99 % cumulative eff=99.98 %
Flag_BadPFMuonDzFilter: pass=41467      all=41468      -- eff=100.00 % cumulative eff=99.98 %
Flag_eeBadScFilter: pass=41467      all=41467      -- eff=100.00 % cumulative eff=99.98 %
Flag_ecalBadCalibFilter: pass=41459      all=41467      -- eff=99.98 % cumulative eff=99.96 %
Flag_hfNoisyHitsFilter: pass=41458      all=41459      -- eff=100.00 % cumulative eff=99.95 %
Number of muons 2: pass=2860       all=41458      -- eff=6.90 % cumulative eff=6.90 %
DiMuon From Higgs: pass=1324       all=2860       -- eff=46.29 % cumulative eff=3.19 %
LeptonChargeSum: pass=1310       all=1324       -- eff=98.94 % cumulative eff=3.16 %
[2025-11-08 10:06:01.758] [main] [info] Writing quantities map to /eos/user/j/jiahua/MC_2022EE_inc/TTto2L2Nu_powheg_22EE_ext1-v2/a73fa0db-a6d2-4620-8919-5924fcefc0f4_vbfhmm.root
[2025-11-08 10:06:01.828] [main] [info] Finished Evaluation
[2025-11-08 10:06:01.828] [main] [info] Overall runtime (real time: 61.95, CPU time: 59.10)
