Starting job on \n
Running on: Linux b9p24p2396.cern.ch 5.14.0-570.44.1.el9_6.x86_64 #1 SMP PREEMPT_DYNAMIC Tue Sep 9 05:17:30 EDT 2025 x86_64 x86_64 x86_64 GNU/Linux\n
System software: Red Hat Enterprise Linux release 9.6 (Plow)\n
Setting up CROWN for RedHatEnterprise Version 9.6
subject   : /DC=ch/DC=cern/OU=Organic Units/OU=Users/CN=jiahua/CN=851532/CN=Jiahua Chen/CN=1735721823
issuer    : /DC=ch/DC=cern/OU=Organic Units/OU=Users/CN=jiahua/CN=851532/CN=Jiahua Chen
identity  : /DC=ch/DC=cern/OU=Organic Units/OU=Users/CN=jiahua/CN=851532/CN=Jiahua Chen
type      : RFC compliant proxy
strength  : 2048 bits
path      : /afs/cern.ch/user/j/jiahua/proxy/x509up_u139833
timeleft  : 197:35:29
key usage : Digital Signature, Key Encipherment
=== VO cms extension information ===
VO        : cms
subject   : /DC=ch/DC=cern/OU=Organic Units/OU=Users/CN=jiahua/CN=851532/CN=Jiahua Chen
issuer    : /DC=ch/DC=cern/OU=computers/CN=cms-auth.cern.ch
attribute : /cms/Role=NULL/Capability=NULL
timeleft  : 189:35:29
uri       : voms-cms-auth.cern.ch:15000
subject   : /DC=ch/DC=cern/OU=Organic Units/OU=Users/CN=jiahua/CN=851532/CN=Jiahua Chen/CN=1735721823
issuer    : /DC=ch/DC=cern/OU=Organic Units/OU=Users/CN=jiahua/CN=851532/CN=Jiahua Chen
identity  : /DC=ch/DC=cern/OU=Organic Units/OU=Users/CN=jiahua/CN=851532/CN=Jiahua Chen
type      : RFC compliant proxy
strength  : 2048 bits
path      : /afs/cern.ch/user/j/jiahua/proxy/x509up_u139833
timeleft  : 197:35:29
key usage : Digital Signature, Key Encipherment
=== VO cms extension information ===
VO        : cms
subject   : /DC=ch/DC=cern/OU=Organic Units/OU=Users/CN=jiahua/CN=851532/CN=Jiahua Chen
issuer    : /DC=ch/DC=cern/OU=computers/CN=cms-auth.cern.ch
attribute : /cms/Role=NULL/Capability=NULL
timeleft  : 189:35:29
uri       : voms-cms-auth.cern.ch:15000
/eos/user/j/jiahua/MC_2022EE_inc/TTto2L2Nu_powheg_22EE_ext1-v2/8e0a20f6-62bd-44a9-bd4e-f3482b97008d.root
[2025-11-08 10:03:29.898] [main] [info] Checking input files
[2025-11-08 10:03:33.934] [main] [info] NanoAOD input_file 1: root://cms-xrd-global.cern.ch//store/mc/Run3Summer22EENanoAODv12/TTto2L2Nu_TuneCP5_13p6TeV_powheg-pythia8/NANOAODSIM/130X_mcRun3_2022_realistic_postEE_v6_ext1-v2/30000/8e0a20f6-62bd-44a9-bd4e-f3482b97008d.root - 47101 Events
[2025-11-08 10:03:33.934] [main] [info] input_file 1: root://cms-xrd-global.cern.ch//store/mc/Run3Summer22EENanoAODv12/TTto2L2Nu_TuneCP5_13p6TeV_powheg-pythia8/NANOAODSIM/130X_mcRun3_2022_realistic_postEE_v6_ext1-v2/30000/8e0a20f6-62bd-44a9-bd4e-f3482b97008d.root - SumOfGenWeight: 3785037.909100001 
[2025-11-08 10:03:33.934] [main] [info] Output directory: /eos/user/j/jiahua/MC_2022EE_inc/TTto2L2Nu_powheg_22EE_ext1-v2/8e0a20f6-62bd-44a9-bd4e-f3482b97008d.root
[2025-11-08 10:03:33.935] [main] [info] Starting Setup of Dataframe with 47101 events
[2025-11-08 10:04:17.200] [main] [info] Finished Setup
[2025-11-08 10:04:17.200] [main] [info] Runtime for setup (real time: 43.27, CPU time: 42.08)
[2025-11-08 10:04:17.200] [main] [info] Starting Evaluation
[2025-11-08 10:04:30.758] [main] [info] 10000 / 47101 (21.23 %) Events processed ...
[2025-11-08 10:04:31.690] [main] [info] 20000 / 47101 (42.46 %) Events processed ...
[2025-11-08 10:04:39.294] [main] [info] 30000 / 47101 (63.69 %) Events processed ...
[2025-11-08 10:04:40.201] [main] [info] 40000 / 47101 (84.92 %) Events processed ...
[2025-11-08 10:04:42.028] [main] [info] vbfhmm:
Flag_goodVertices: pass=47101      all=47101      -- eff=100.00 % cumulative eff=100.00 %
Flag_globalSuperTightHalo2016Filter: pass=47088      all=47101      -- eff=99.97 % cumulative eff=99.97 %
Flag_EcalDeadCellTriggerPrimitiveFilter: pass=47081      all=47088      -- eff=99.99 % cumulative eff=99.96 %
Flag_BadPFMuonFilter: pass=47080      all=47081      -- eff=100.00 % cumulative eff=99.96 %
Flag_BadPFMuonDzFilter: pass=47079      all=47080      -- eff=100.00 % cumulative eff=99.95 %
Flag_eeBadScFilter: pass=47079      all=47079      -- eff=100.00 % cumulative eff=99.95 %
Flag_ecalBadCalibFilter: pass=47071      all=47079      -- eff=99.98 % cumulative eff=99.94 %
Flag_hfNoisyHitsFilter: pass=47069      all=47071      -- eff=100.00 % cumulative eff=99.93 %
Number of muons 2: pass=3297       all=47069      -- eff=7.00 % cumulative eff=7.00 %
DiMuon From Higgs: pass=1555       all=3297       -- eff=47.16 % cumulative eff=3.30 %
LeptonChargeSum: pass=1545       all=1555       -- eff=99.36 % cumulative eff=3.28 %
[2025-11-08 10:04:42.132] [main] [info] Writing quantities map to /eos/user/j/jiahua/MC_2022EE_inc/TTto2L2Nu_powheg_22EE_ext1-v2/8e0a20f6-62bd-44a9-bd4e-f3482b97008d_vbfhmm.root
[2025-11-08 10:04:42.180] [main] [info] Finished Evaluation
[2025-11-08 10:04:42.181] [main] [info] Overall runtime (real time: 68.25, CPU time: 53.25)
