000 (12769428.564.000) 11/08 09:48:37 Job submitted from host: <188.185.121.235:9618?addrs=188.185.121.235-9618+[2001-1458-d00-49--100-36e]-9618&alias=bigbird22.cern.ch&noUDP&sock=schedd_232129_c3ca>
...
040 (12769428.564.000) 11/08 10:04:35 Started transferring input files
	Transferring to host: <188.185.196.37:9618?addrs=188.185.196.37-9618+[2001-1458-303-23--100-21]-9618&alias=b9p16p4159.cern.ch&noUDP&sock=slot1_41_3270_c2be_46614>
...
040 (12769428.564.000) 11/08 10:04:35 Finished transferring input files
...
001 (12769428.564.000) 11/08 10:04:36 Job executing on host: <188.185.196.37:9618?addrs=188.185.196.37-9618+[2001-1458-303-23--100-21]-9618&alias=b9p16p4159.cern.ch&noUDP&sock=startd_2545_3c9e>
	SlotName: slot1_41@b9p16p4159.cern.ch
	CondorScratchDir = "/pool/condor/dir_2353701"
	Cpus = 1
	Disk = 16020
	GPUs = 0
	Memory = 3000
...
006 (12769428.564.000) 11/08 10:04:50 Image size of job updated: 109408
	107  -  MemoryUsage of job (MB)
	109408  -  ResidentSetSize of job (KB)
...
006 (12769428.564.000) 11/08 10:07:08 Image size of job updated: 440820
	107  -  MemoryUsage of job (MB)
	109408  -  ResidentSetSize of job (KB)
...
040 (12769428.564.000) 11/08 10:07:08 Started transferring output files
...
040 (12769428.564.000) 11/08 10:07:10 Finished transferring output files
...
005 (12769428.564.000) 11/08 10:07:13 Job terminated.
	(1) Normal termination (return value 0)
		Usr 0 00:02:17, Sys 0 00:00:02  -  Run Remote Usage
		Usr 0 00:00:00, Sys 0 00:00:00  -  Run Local Usage
		Usr 0 00:02:17, Sys 0 00:00:02  -  Total Remote Usage
		Usr 0 00:00:00, Sys 0 00:00:00  -  Total Local Usage
	10962  -  Run Bytes Sent By Job
	11220238  -  Run Bytes Received By Job
	10962  -  Total Bytes Sent By Job
	11220238  -  Total Bytes Received By Job
	Partitionable Resources :    Usage  Request Allocated 
	   Cpus                 :        0        1         1 
	   Disk (KB)            :    10991    12500     16020 
	   GPUs                 :                           0 
	   Memory (MB)          :      107     3000      3000 
	   TimeExecute (s)      :      152                    
	   TimeSlotBusy (s)     :      155                    

	Job terminated of its own accord at 2025-11-08T09:07:08Z with exit-code 0.
...
