000 (12769428.068.000) 11/08 09:48:36 Job submitted from host: <188.185.121.235:9618?addrs=188.185.121.235-9618+[2001-1458-d00-49--100-36e]-9618&alias=bigbird22.cern.ch&noUDP&sock=schedd_232129_c3ca>
...
040 (12769428.068.000) 11/08 10:01:43 Started transferring input files
	Transferring to host: <188.185.211.35:9618?addrs=188.185.211.35-9618+[2001-1458-303-16--100-1f]-9618&alias=b9p23p1046.cern.ch&noUDP&sock=slot1_39_5541_e2ba_48538>
...
040 (12769428.068.000) 11/08 10:01:43 Finished transferring input files
...
001 (12769428.068.000) 11/08 10:01:44 Job executing on host: <188.185.211.35:9618?addrs=188.185.211.35-9618+[2001-1458-303-16--100-1f]-9618&alias=b9p23p1046.cern.ch&noUDP&sock=startd_4592_4efb>
	SlotName: slot1_39@b9p23p1046.cern.ch
	CondorScratchDir = "/pool/condor/dir_2441710"
	Cpus = 1
	Disk = 16122
	GPUs = 0
	Memory = 3000
...
006 (12769428.068.000) 11/08 10:01:58 Image size of job updated: 158448
	155  -  MemoryUsage of job (MB)
	158448  -  ResidentSetSize of job (KB)
...
006 (12769428.068.000) 11/08 10:04:23 Image size of job updated: 438832
	155  -  MemoryUsage of job (MB)
	158468  -  ResidentSetSize of job (KB)
...
040 (12769428.068.000) 11/08 10:04:23 Started transferring output files
...
040 (12769428.068.000) 11/08 10:04:23 Finished transferring output files
...
005 (12769428.068.000) 11/08 10:04:23 Job terminated.
	(1) Normal termination (return value 0)
		Usr 0 00:01:13, Sys 0 00:00:02  -  Run Remote Usage
		Usr 0 00:00:00, Sys 0 00:00:00  -  Run Local Usage
		Usr 0 00:01:13, Sys 0 00:00:02  -  Total Remote Usage
		Usr 0 00:00:00, Sys 0 00:00:00  -  Total Local Usage
	10874  -  Run Bytes Sent By Job
	11220238  -  Run Bytes Received By Job
	10874  -  Total Bytes Sent By Job
	11220238  -  Total Bytes Received By Job
	Partitionable Resources :    Usage  Request Allocated 
	   Cpus                 :        0        1         1 
	   Disk (KB)            :    10991    12500     16122 
	   GPUs                 :                           0 
	   Memory (MB)          :      155     3000      3000 
	   TimeExecute (s)      :      159                    
	   TimeSlotBusy (s)     :      160                    

	Job terminated of its own accord at 2025-11-08T09:04:23Z with exit-code 0.
...
