Starting job on \n
Running on: Linux b9p27p6000.cern.ch 5.14.0-570.44.1.el9_6.x86_64 #1 SMP PREEMPT_DYNAMIC Tue Sep 9 05:17:30 EDT 2025 x86_64 x86_64 x86_64 GNU/Linux\n
System software: Red Hat Enterprise Linux release 9.6 (Plow)\n
Setting up CROWN for RedHatEnterprise Version 9.6
subject   : /DC=ch/DC=cern/OU=Organic Units/OU=Users/CN=jiahua/CN=851532/CN=Jiahua Chen/CN=1735721823
issuer    : /DC=ch/DC=cern/OU=Organic Units/OU=Users/CN=jiahua/CN=851532/CN=Jiahua Chen
identity  : /DC=ch/DC=cern/OU=Organic Units/OU=Users/CN=jiahua/CN=851532/CN=Jiahua Chen
type      : RFC compliant proxy
strength  : 2048 bits
path      : /afs/cern.ch/user/j/jiahua/proxy/x509up_u139833
timeleft  : 197:35:57
key usage : Digital Signature, Key Encipherment
=== VO cms extension information ===
VO        : cms
subject   : /DC=ch/DC=cern/OU=Organic Units/OU=Users/CN=jiahua/CN=851532/CN=Jiahua Chen
issuer    : /DC=ch/DC=cern/OU=computers/CN=cms-auth.cern.ch
attribute : /cms/Role=NULL/Capability=NULL
timeleft  : 189:35:57
uri       : voms-cms-auth.cern.ch:15000
subject   : /DC=ch/DC=cern/OU=Organic Units/OU=Users/CN=jiahua/CN=851532/CN=Jiahua Chen/CN=1735721823
issuer    : /DC=ch/DC=cern/OU=Organic Units/OU=Users/CN=jiahua/CN=851532/CN=Jiahua Chen
identity  : /DC=ch/DC=cern/OU=Organic Units/OU=Users/CN=jiahua/CN=851532/CN=Jiahua Chen
type      : RFC compliant proxy
strength  : 2048 bits
path      : /afs/cern.ch/user/j/jiahua/proxy/x509up_u139833
timeleft  : 197:35:57
key usage : Digital Signature, Key Encipherment
=== VO cms extension information ===
VO        : cms
subject   : /DC=ch/DC=cern/OU=Organic Units/OU=Users/CN=jiahua/CN=851532/CN=Jiahua Chen
issuer    : /DC=ch/DC=cern/OU=computers/CN=cms-auth.cern.ch
attribute : /cms/Role=NULL/Capability=NULL
timeleft  : 189:35:57
uri       : voms-cms-auth.cern.ch:15000
/eos/user/j/jiahua/MC_2022EE_inc/TTto2L2Nu_powheg_22EE_ext1-v2/86268813-0b23-427e-b166-da69172a5af5.root
[2025-11-08 10:03:01.510] [main] [info] Checking input files
[2025-11-08 10:03:05.623] [main] [info] NanoAOD input_file 1: root://cms-xrd-global.cern.ch//store/mc/Run3Summer22EENanoAODv12/TTto2L2Nu_TuneCP5_13p6TeV_powheg-pythia8/NANOAODSIM/130X_mcRun3_2022_realistic_postEE_v6_ext1-v2/30000/86268813-0b23-427e-b166-da69172a5af5.root - 45695 Events
[2025-11-08 10:03:05.623] [main] [info] input_file 1: root://cms-xrd-global.cern.ch//store/mc/Run3Summer22EENanoAODv12/TTto2L2Nu_TuneCP5_13p6TeV_powheg-pythia8/NANOAODSIM/130X_mcRun3_2022_realistic_postEE_v6_ext1-v2/30000/86268813-0b23-427e-b166-da69172a5af5.root - SumOfGenWeight: 3679278.4235000005 
[2025-11-08 10:03:05.623] [main] [info] Output directory: /eos/user/j/jiahua/MC_2022EE_inc/TTto2L2Nu_powheg_22EE_ext1-v2/86268813-0b23-427e-b166-da69172a5af5.root
[2025-11-08 10:03:05.624] [main] [info] Starting Setup of Dataframe with 45695 events
[2025-11-08 10:03:56.623] [main] [info] Finished Setup
[2025-11-08 10:03:56.623] [main] [info] Runtime for setup (real time: 51.00, CPU time: 49.44)
[2025-11-08 10:03:56.623] [main] [info] Starting Evaluation
[2025-11-08 10:04:19.837] [main] [info] 10000 / 45695 (21.88 %) Events processed ...
[2025-11-08 10:04:20.938] [main] [info] 20000 / 45695 (43.77 %) Events processed ...
[2025-11-08 10:04:33.627] [main] [info] 30000 / 45695 (65.65 %) Events processed ...
[2025-11-08 10:04:34.847] [main] [info] 40000 / 45695 (87.54 %) Events processed ...
[2025-11-08 10:04:36.305] [main] [info] vbfhmm:
Flag_goodVertices: pass=45695      all=45695      -- eff=100.00 % cumulative eff=100.00 %
Flag_globalSuperTightHalo2016Filter: pass=45689      all=45695      -- eff=99.99 % cumulative eff=99.99 %
Flag_EcalDeadCellTriggerPrimitiveFilter: pass=45684      all=45689      -- eff=99.99 % cumulative eff=99.98 %
Flag_BadPFMuonFilter: pass=45682      all=45684      -- eff=100.00 % cumulative eff=99.97 %
Flag_BadPFMuonDzFilter: pass=45681      all=45682      -- eff=100.00 % cumulative eff=99.97 %
Flag_eeBadScFilter: pass=45681      all=45681      -- eff=100.00 % cumulative eff=99.97 %
Flag_ecalBadCalibFilter: pass=45672      all=45681      -- eff=99.98 % cumulative eff=99.95 %
Flag_hfNoisyHitsFilter: pass=45669      all=45672      -- eff=99.99 % cumulative eff=99.94 %
Number of muons 2: pass=3022       all=45669      -- eff=6.62 % cumulative eff=6.61 %
DiMuon From Higgs: pass=1397       all=3022       -- eff=46.23 % cumulative eff=3.06 %
LeptonChargeSum: pass=1390       all=1397       -- eff=99.50 % cumulative eff=3.04 %
[2025-11-08 10:04:36.456] [main] [info] Writing quantities map to /eos/user/j/jiahua/MC_2022EE_inc/TTto2L2Nu_powheg_22EE_ext1-v2/86268813-0b23-427e-b166-da69172a5af5_vbfhmm.root
[2025-11-08 10:04:36.558] [main] [info] Finished Evaluation
[2025-11-08 10:04:36.558] [main] [info] Overall runtime (real time: 90.94, CPU time: 63.04)
