Starting job on \n
Running on: Linux b9g12p6973.cern.ch 5.14.0-570.44.1.el9_6.x86_64 #1 SMP PREEMPT_DYNAMIC Tue Sep 9 05:17:30 EDT 2025 x86_64 x86_64 x86_64 GNU/Linux\n
System software: Red Hat Enterprise Linux release 9.6 (Plow)\n
Setting up CROWN for RedHatEnterprise Version 9.6
subject   : /DC=ch/DC=cern/OU=Organic Units/OU=Users/CN=jiahua/CN=851532/CN=Jiahua Chen/CN=1735721823
issuer    : /DC=ch/DC=cern/OU=Organic Units/OU=Users/CN=jiahua/CN=851532/CN=Jiahua Chen
identity  : /DC=ch/DC=cern/OU=Organic Units/OU=Users/CN=jiahua/CN=851532/CN=Jiahua Chen
type      : RFC compliant proxy
strength  : 2048 bits
path      : /afs/cern.ch/user/j/jiahua/proxy/x509up_u139833
timeleft  : 197:34:30
key usage : Digital Signature, Key Encipherment
=== VO cms extension information ===
VO        : cms
subject   : /DC=ch/DC=cern/OU=Organic Units/OU=Users/CN=jiahua/CN=851532/CN=Jiahua Chen
issuer    : /DC=ch/DC=cern/OU=computers/CN=cms-auth.cern.ch
attribute : /cms/Role=NULL/Capability=NULL
timeleft  : 189:34:30
uri       : voms-cms-auth.cern.ch:15000
subject   : /DC=ch/DC=cern/OU=Organic Units/OU=Users/CN=jiahua/CN=851532/CN=Jiahua Chen/CN=1735721823
issuer    : /DC=ch/DC=cern/OU=Organic Units/OU=Users/CN=jiahua/CN=851532/CN=Jiahua Chen
identity  : /DC=ch/DC=cern/OU=Organic Units/OU=Users/CN=jiahua/CN=851532/CN=Jiahua Chen
type      : RFC compliant proxy
strength  : 2048 bits
path      : /afs/cern.ch/user/j/jiahua/proxy/x509up_u139833
timeleft  : 197:34:30
key usage : Digital Signature, Key Encipherment
=== VO cms extension information ===
VO        : cms
subject   : /DC=ch/DC=cern/OU=Organic Units/OU=Users/CN=jiahua/CN=851532/CN=Jiahua Chen
issuer    : /DC=ch/DC=cern/OU=computers/CN=cms-auth.cern.ch
attribute : /cms/Role=NULL/Capability=NULL
timeleft  : 189:34:30
uri       : voms-cms-auth.cern.ch:15000
/eos/user/j/jiahua/MC_2022EE_inc/TTto2L2Nu_powheg_22EE_ext1-v2/9b3bc826-cf8c-4574-b99d-6efb7212c0d5.root
[2025-11-08 10:04:28.517] [main] [info] Checking input files
[2025-11-08 10:04:35.561] [main] [info] NanoAOD input_file 1: root://cms-xrd-global.cern.ch//store/mc/Run3Summer22EENanoAODv12/TTto2L2Nu_TuneCP5_13p6TeV_powheg-pythia8/NANOAODSIM/130X_mcRun3_2022_realistic_postEE_v6_ext1-v2/2520000/9b3bc826-cf8c-4574-b99d-6efb7212c0d5.root - 91390 Events
[2025-11-08 10:04:35.561] [main] [info] input_file 1: root://cms-xrd-global.cern.ch//store/mc/Run3Summer22EENanoAODv12/TTto2L2Nu_TuneCP5_13p6TeV_powheg-pythia8/NANOAODSIM/130X_mcRun3_2022_realistic_postEE_v6_ext1-v2/2520000/9b3bc826-cf8c-4574-b99d-6efb7212c0d5.root - SumOfGenWeight: 7358394.639200001 
[2025-11-08 10:04:35.561] [main] [info] Output directory: /eos/user/j/jiahua/MC_2022EE_inc/TTto2L2Nu_powheg_22EE_ext1-v2/9b3bc826-cf8c-4574-b99d-6efb7212c0d5.root
[2025-11-08 10:04:35.562] [main] [info] Starting Setup of Dataframe with 91390 events
[2025-11-08 10:06:10.661] [main] [info] Finished Setup
[2025-11-08 10:06:10.661] [main] [info] Runtime for setup (real time: 95.10, CPU time: 93.88)
[2025-11-08 10:06:10.661] [main] [info] Starting Evaluation
[2025-11-08 10:06:27.224] [main] [info] 10000 / 91390 (10.94 %) Events processed ...
[2025-11-08 10:06:29.113] [main] [info] 20000 / 91390 (21.88 %) Events processed ...
[2025-11-08 10:06:32.467] [main] [info] 30000 / 91390 (32.83 %) Events processed ...
[2025-11-08 10:06:34.340] [main] [info] 40000 / 91390 (43.77 %) Events processed ...
[2025-11-08 10:06:36.770] [main] [info] 50000 / 91390 (54.71 %) Events processed ...
[2025-11-08 10:06:38.472] [main] [info] 60000 / 91390 (65.65 %) Events processed ...
[2025-11-08 10:06:40.682] [main] [info] 70000 / 91390 (76.59 %) Events processed ...
[2025-11-08 10:06:42.449] [main] [info] 80000 / 91390 (87.54 %) Events processed ...
[2025-11-08 10:06:44.220] [main] [info] 90000 / 91390 (98.48 %) Events processed ...
[2025-11-08 10:06:45.327] [main] [info] vbfhmm:
Flag_goodVertices: pass=91390      all=91390      -- eff=100.00 % cumulative eff=100.00 %
Flag_globalSuperTightHalo2016Filter: pass=91379      all=91390      -- eff=99.99 % cumulative eff=99.99 %
Flag_EcalDeadCellTriggerPrimitiveFilter: pass=91366      all=91379      -- eff=99.99 % cumulative eff=99.97 %
Flag_BadPFMuonFilter: pass=91362      all=91366      -- eff=100.00 % cumulative eff=99.97 %
Flag_BadPFMuonDzFilter: pass=91360      all=91362      -- eff=100.00 % cumulative eff=99.97 %
Flag_eeBadScFilter: pass=91360      all=91360      -- eff=100.00 % cumulative eff=99.97 %
Flag_ecalBadCalibFilter: pass=91346      all=91360      -- eff=99.98 % cumulative eff=99.95 %
Flag_hfNoisyHitsFilter: pass=91345      all=91346      -- eff=100.00 % cumulative eff=99.95 %
Number of muons 2: pass=6160       all=91345      -- eff=6.74 % cumulative eff=6.74 %
DiMuon From Higgs: pass=2861       all=6160       -- eff=46.44 % cumulative eff=3.13 %
LeptonChargeSum: pass=2837       all=2861       -- eff=99.16 % cumulative eff=3.10 %
[2025-11-08 10:06:45.982] [main] [info] Writing quantities map to /eos/user/j/jiahua/MC_2022EE_inc/TTto2L2Nu_powheg_22EE_ext1-v2/9b3bc826-cf8c-4574-b99d-6efb7212c0d5_vbfhmm.root
[2025-11-08 10:06:46.061] [main] [info] Finished Evaluation
[2025-11-08 10:06:46.061] [main] [info] Overall runtime (real time: 130.50, CPU time: 123.56)
