Starting job on \n
Running on: Linux b9p22p2244.cern.ch 5.14.0-570.42.2.el9_6.x86_64 #1 SMP PREEMPT_DYNAMIC Mon Sep 8 12:15:13 EDT 2025 x86_64 x86_64 x86_64 GNU/Linux\n
System software: Red Hat Enterprise Linux release 9.6 (Plow)\n
Setting up CROWN for RedHatEnterprise Version 9.6
subject   : /DC=ch/DC=cern/OU=Organic Units/OU=Users/CN=jiahua/CN=851532/CN=Jiahua Chen/CN=1735721823
issuer    : /DC=ch/DC=cern/OU=Organic Units/OU=Users/CN=jiahua/CN=851532/CN=Jiahua Chen
identity  : /DC=ch/DC=cern/OU=Organic Units/OU=Users/CN=jiahua/CN=851532/CN=Jiahua Chen
type      : RFC compliant proxy
strength  : 2048 bits
path      : /afs/cern.ch/user/j/jiahua/proxy/x509up_u139833
timeleft  : 197:35:53
key usage : Digital Signature, Key Encipherment
=== VO cms extension information ===
VO        : cms
subject   : /DC=ch/DC=cern/OU=Organic Units/OU=Users/CN=jiahua/CN=851532/CN=Jiahua Chen
issuer    : /DC=ch/DC=cern/OU=computers/CN=cms-auth.cern.ch
attribute : /cms/Role=NULL/Capability=NULL
timeleft  : 189:35:53
uri       : voms-cms-auth.cern.ch:15000
subject   : /DC=ch/DC=cern/OU=Organic Units/OU=Users/CN=jiahua/CN=851532/CN=Jiahua Chen/CN=1735721823
issuer    : /DC=ch/DC=cern/OU=Organic Units/OU=Users/CN=jiahua/CN=851532/CN=Jiahua Chen
identity  : /DC=ch/DC=cern/OU=Organic Units/OU=Users/CN=jiahua/CN=851532/CN=Jiahua Chen
type      : RFC compliant proxy
strength  : 2048 bits
path      : /afs/cern.ch/user/j/jiahua/proxy/x509up_u139833
timeleft  : 197:35:53
key usage : Digital Signature, Key Encipherment
=== VO cms extension information ===
VO        : cms
subject   : /DC=ch/DC=cern/OU=Organic Units/OU=Users/CN=jiahua/CN=851532/CN=Jiahua Chen
issuer    : /DC=ch/DC=cern/OU=computers/CN=cms-auth.cern.ch
attribute : /cms/Role=NULL/Capability=NULL
timeleft  : 189:35:53
uri       : voms-cms-auth.cern.ch:15000
/eos/user/j/jiahua/MC_2022EE_inc/TTto2L2Nu_powheg_22EE_ext1-v2/bb4acba1-e340-4c20-8e98-c874ade8659d.root
[2025-11-08 10:03:05.917] [main] [info] Checking input files
[2025-11-08 10:03:10.488] [main] [info] NanoAOD input_file 1: root://cms-xrd-global.cern.ch//store/mc/Run3Summer22EENanoAODv12/TTto2L2Nu_TuneCP5_13p6TeV_powheg-pythia8/NANOAODSIM/130X_mcRun3_2022_realistic_postEE_v6_ext1-v2/50000/bb4acba1-e340-4c20-8e98-c874ade8659d.root - 155363 Events
[2025-11-08 10:03:10.488] [main] [info] input_file 1: root://cms-xrd-global.cern.ch//store/mc/Run3Summer22EENanoAODv12/TTto2L2Nu_TuneCP5_13p6TeV_powheg-pythia8/NANOAODSIM/130X_mcRun3_2022_realistic_postEE_v6_ext1-v2/50000/bb4acba1-e340-4c20-8e98-c874ade8659d.root - SumOfGenWeight: 12496570.015899997 
[2025-11-08 10:03:10.488] [main] [info] Output directory: /eos/user/j/jiahua/MC_2022EE_inc/TTto2L2Nu_powheg_22EE_ext1-v2/bb4acba1-e340-4c20-8e98-c874ade8659d.root
[2025-11-08 10:03:10.489] [main] [info] Starting Setup of Dataframe with 155363 events
[2025-11-08 10:03:56.618] [main] [info] Finished Setup
[2025-11-08 10:03:56.618] [main] [info] Runtime for setup (real time: 46.13, CPU time: 44.93)
[2025-11-08 10:03:56.618] [main] [info] Starting Evaluation
[2025-11-08 10:04:12.279] [main] [info] 10000 / 155363 (6.44 %) Events processed ...
[2025-11-08 10:04:13.215] [main] [info] 20000 / 155363 (12.87 %) Events processed ...
[2025-11-08 10:04:21.065] [main] [info] 30000 / 155363 (19.31 %) Events processed ...
[2025-11-08 10:04:21.947] [main] [info] 40000 / 155363 (25.75 %) Events processed ...
[2025-11-08 10:04:30.451] [main] [info] 50000 / 155363 (32.18 %) Events processed ...
[2025-11-08 10:04:31.351] [main] [info] 60000 / 155363 (38.62 %) Events processed ...
[2025-11-08 10:04:39.988] [main] [info] 70000 / 155363 (45.06 %) Events processed ...
[2025-11-08 10:04:40.872] [main] [info] 80000 / 155363 (51.49 %) Events processed ...
[2025-11-08 10:04:47.422] [main] [info] 90000 / 155363 (57.93 %) Events processed ...
[2025-11-08 10:04:48.564] [main] [info] 100000 / 155363 (64.37 %) Events processed ...
[2025-11-08 10:04:55.022] [main] [info] 110000 / 155363 (70.80 %) Events processed ...
[2025-11-08 10:04:55.976] [main] [info] 120000 / 155363 (77.24 %) Events processed ...
[2025-11-08 10:05:03.333] [main] [info] 130000 / 155363 (83.68 %) Events processed ...
[2025-11-08 10:05:04.458] [main] [info] 140000 / 155363 (90.11 %) Events processed ...
[2025-11-08 10:05:09.652] [main] [info] 150000 / 155363 (96.55 %) Events processed ...
[2025-11-08 10:05:10.636] [main] [info] vbfhmm:
Flag_goodVertices: pass=155363     all=155363     -- eff=100.00 % cumulative eff=100.00 %
Flag_globalSuperTightHalo2016Filter: pass=155347     all=155363     -- eff=99.99 % cumulative eff=99.99 %
Flag_EcalDeadCellTriggerPrimitiveFilter: pass=155323     all=155347     -- eff=99.98 % cumulative eff=99.97 %
Flag_BadPFMuonFilter: pass=155316     all=155323     -- eff=100.00 % cumulative eff=99.97 %
Flag_BadPFMuonDzFilter: pass=155314     all=155316     -- eff=100.00 % cumulative eff=99.97 %
Flag_eeBadScFilter: pass=155314     all=155314     -- eff=100.00 % cumulative eff=99.97 %
Flag_ecalBadCalibFilter: pass=155298     all=155314     -- eff=99.99 % cumulative eff=99.96 %
Flag_hfNoisyHitsFilter: pass=155289     all=155298     -- eff=99.99 % cumulative eff=99.95 %
Number of muons 2: pass=10641      all=155289     -- eff=6.85 % cumulative eff=6.85 %
DiMuon From Higgs: pass=4870       all=10641      -- eff=45.77 % cumulative eff=3.13 %
LeptonChargeSum: pass=4835       all=4870       -- eff=99.28 % cumulative eff=3.11 %
[2025-11-08 10:05:11.084] [main] [info] Writing quantities map to /eos/user/j/jiahua/MC_2022EE_inc/TTto2L2Nu_powheg_22EE_ext1-v2/bb4acba1-e340-4c20-8e98-c874ade8659d_vbfhmm.root
[2025-11-08 10:05:11.271] [main] [info] Finished Evaluation
[2025-11-08 10:05:11.271] [main] [info] Overall runtime (real time: 120.78, CPU time: 68.37)
