Starting job on \n
Running on: Linux b9g32p1957.cern.ch 5.14.0-570.42.2.el9_6.x86_64 #1 SMP PREEMPT_DYNAMIC Mon Sep 8 12:15:13 EDT 2025 x86_64 x86_64 x86_64 GNU/Linux\n
System software: Red Hat Enterprise Linux release 9.6 (Plow)\n
Setting up CROWN for RedHatEnterprise Version 9.6
subject   : /DC=ch/DC=cern/OU=Organic Units/OU=Users/CN=jiahua/CN=851532/CN=Jiahua Chen/CN=1735721823
issuer    : /DC=ch/DC=cern/OU=Organic Units/OU=Users/CN=jiahua/CN=851532/CN=Jiahua Chen
identity  : /DC=ch/DC=cern/OU=Organic Units/OU=Users/CN=jiahua/CN=851532/CN=Jiahua Chen
type      : RFC compliant proxy
strength  : 2048 bits
path      : /afs/cern.ch/user/j/jiahua/proxy/x509up_u139833
timeleft  : 197:36:42
key usage : Digital Signature, Key Encipherment
=== VO cms extension information ===
VO        : cms
subject   : /DC=ch/DC=cern/OU=Organic Units/OU=Users/CN=jiahua/CN=851532/CN=Jiahua Chen
issuer    : /DC=ch/DC=cern/OU=computers/CN=cms-auth.cern.ch
attribute : /cms/Role=NULL/Capability=NULL
timeleft  : 189:36:42
uri       : voms-cms-auth.cern.ch:15000
subject   : /DC=ch/DC=cern/OU=Organic Units/OU=Users/CN=jiahua/CN=851532/CN=Jiahua Chen/CN=1735721823
issuer    : /DC=ch/DC=cern/OU=Organic Units/OU=Users/CN=jiahua/CN=851532/CN=Jiahua Chen
identity  : /DC=ch/DC=cern/OU=Organic Units/OU=Users/CN=jiahua/CN=851532/CN=Jiahua Chen
type      : RFC compliant proxy
strength  : 2048 bits
path      : /afs/cern.ch/user/j/jiahua/proxy/x509up_u139833
timeleft  : 197:36:42
key usage : Digital Signature, Key Encipherment
=== VO cms extension information ===
VO        : cms
subject   : /DC=ch/DC=cern/OU=Organic Units/OU=Users/CN=jiahua/CN=851532/CN=Jiahua Chen
issuer    : /DC=ch/DC=cern/OU=computers/CN=cms-auth.cern.ch
attribute : /cms/Role=NULL/Capability=NULL
timeleft  : 189:36:42
uri       : voms-cms-auth.cern.ch:15000
/eos/user/j/jiahua/MC_2022EE_inc/TTto2L2Nu_powheg_22EE_ext1-v2/1c0db023-be8e-4381-a343-a5aab7ecedd1.root
[2025-11-08 10:02:17.219] [main] [info] Checking input files
[2025-11-08 10:02:21.844] [main] [info] NanoAOD input_file 1: root://cms-xrd-global.cern.ch//store/mc/Run3Summer22EENanoAODv12/TTto2L2Nu_TuneCP5_13p6TeV_powheg-pythia8/NANOAODSIM/130X_mcRun3_2022_realistic_postEE_v6_ext1-v2/2540000/1c0db023-be8e-4381-a343-a5aab7ecedd1.root - 165908 Events
[2025-11-08 10:02:21.866] [main] [info] input_file 1: root://cms-xrd-global.cern.ch//store/mc/Run3Summer22EENanoAODv12/TTto2L2Nu_TuneCP5_13p6TeV_powheg-pythia8/NANOAODSIM/130X_mcRun3_2022_realistic_postEE_v6_ext1-v2/2540000/1c0db023-be8e-4381-a343-a5aab7ecedd1.root - SumOfGenWeight: 13352783.888199994 
[2025-11-08 10:02:21.866] [main] [info] Output directory: /eos/user/j/jiahua/MC_2022EE_inc/TTto2L2Nu_powheg_22EE_ext1-v2/1c0db023-be8e-4381-a343-a5aab7ecedd1.root
[2025-11-08 10:02:21.873] [main] [info] Starting Setup of Dataframe with 165908 events
[2025-11-08 10:03:06.697] [main] [info] Finished Setup
[2025-11-08 10:03:06.697] [main] [info] Runtime for setup (real time: 44.83, CPU time: 43.61)
[2025-11-08 10:03:06.698] [main] [info] Starting Evaluation
[2025-11-08 10:03:27.026] [main] [info] 10000 / 165908 (6.03 %) Events processed ...
[2025-11-08 10:03:27.872] [main] [info] 20000 / 165908 (12.05 %) Events processed ...
[2025-11-08 10:03:44.131] [main] [info] 30000 / 165908 (18.08 %) Events processed ...
[2025-11-08 10:03:45.040] [main] [info] 40000 / 165908 (24.11 %) Events processed ...
[2025-11-08 10:03:53.704] [main] [info] 50000 / 165908 (30.14 %) Events processed ...
[2025-11-08 10:03:54.513] [main] [info] 60000 / 165908 (36.16 %) Events processed ...
[2025-11-08 10:04:03.406] [main] [info] 70000 / 165908 (42.19 %) Events processed ...
[2025-11-08 10:04:04.248] [main] [info] 80000 / 165908 (48.22 %) Events processed ...
[2025-11-08 10:04:15.013] [main] [info] 90000 / 165908 (54.25 %) Events processed ...
[2025-11-08 10:04:16.232] [main] [info] 100000 / 165908 (60.27 %) Events processed ...
[2025-11-08 10:04:26.572] [main] [info] 110000 / 165908 (66.30 %) Events processed ...
[2025-11-08 10:04:27.452] [main] [info] 120000 / 165908 (72.33 %) Events processed ...
[2025-11-08 10:04:40.420] [main] [info] 130000 / 165908 (78.36 %) Events processed ...
[2025-11-08 10:04:41.228] [main] [info] 140000 / 165908 (84.38 %) Events processed ...
[2025-11-08 10:04:49.416] [main] [info] 150000 / 165908 (90.41 %) Events processed ...
[2025-11-08 10:04:54.866] [main] [info] 160000 / 165908 (96.44 %) Events processed ...
[2025-11-08 10:04:55.714] [main] [info] vbfhmm:
Flag_goodVertices: pass=165908     all=165908     -- eff=100.00 % cumulative eff=100.00 %
Flag_globalSuperTightHalo2016Filter: pass=165885     all=165908     -- eff=99.99 % cumulative eff=99.99 %
Flag_EcalDeadCellTriggerPrimitiveFilter: pass=165857     all=165885     -- eff=99.98 % cumulative eff=99.97 %
Flag_BadPFMuonFilter: pass=165847     all=165857     -- eff=99.99 % cumulative eff=99.96 %
Flag_BadPFMuonDzFilter: pass=165843     all=165847     -- eff=100.00 % cumulative eff=99.96 %
Flag_eeBadScFilter: pass=165843     all=165843     -- eff=100.00 % cumulative eff=99.96 %
Flag_ecalBadCalibFilter: pass=165817     all=165843     -- eff=99.98 % cumulative eff=99.95 %
Flag_hfNoisyHitsFilter: pass=165809     all=165817     -- eff=100.00 % cumulative eff=99.94 %
Number of muons 2: pass=11184      all=165809     -- eff=6.75 % cumulative eff=6.74 %
DiMuon From Higgs: pass=5111       all=11184      -- eff=45.70 % cumulative eff=3.08 %
LeptonChargeSum: pass=5070       all=5111       -- eff=99.20 % cumulative eff=3.06 %
[2025-11-08 10:04:55.946] [main] [info] Writing quantities map to /eos/user/j/jiahua/MC_2022EE_inc/TTto2L2Nu_powheg_22EE_ext1-v2/1c0db023-be8e-4381-a343-a5aab7ecedd1_vbfhmm.root
[2025-11-08 10:04:56.024] [main] [info] Finished Evaluation
[2025-11-08 10:04:56.024] [main] [info] Overall runtime (real time: 154.16, CPU time: 66.88)
