Starting job on \n
Running on: Linux b9p20p0398.cern.ch 5.14.0-570.44.1.el9_6.x86_64 #1 SMP PREEMPT_DYNAMIC Tue Sep 9 05:17:30 EDT 2025 x86_64 x86_64 x86_64 GNU/Linux\n
System software: Red Hat Enterprise Linux release 9.6 (Plow)\n
Setting up CROWN for RedHatEnterprise Version 9.6
subject   : /DC=ch/DC=cern/OU=Organic Units/OU=Users/CN=jiahua/CN=851532/CN=Jiahua Chen/CN=1735721823
issuer    : /DC=ch/DC=cern/OU=Organic Units/OU=Users/CN=jiahua/CN=851532/CN=Jiahua Chen
identity  : /DC=ch/DC=cern/OU=Organic Units/OU=Users/CN=jiahua/CN=851532/CN=Jiahua Chen
type      : RFC compliant proxy
strength  : 2048 bits
path      : /afs/cern.ch/user/j/jiahua/proxy/x509up_u139833
timeleft  : 197:36:57
key usage : Digital Signature, Key Encipherment
=== VO cms extension information ===
VO        : cms
subject   : /DC=ch/DC=cern/OU=Organic Units/OU=Users/CN=jiahua/CN=851532/CN=Jiahua Chen
issuer    : /DC=ch/DC=cern/OU=computers/CN=cms-auth.cern.ch
attribute : /cms/Role=NULL/Capability=NULL
timeleft  : 189:36:57
uri       : voms-cms-auth.cern.ch:15000
subject   : /DC=ch/DC=cern/OU=Organic Units/OU=Users/CN=jiahua/CN=851532/CN=Jiahua Chen/CN=1735721823
issuer    : /DC=ch/DC=cern/OU=Organic Units/OU=Users/CN=jiahua/CN=851532/CN=Jiahua Chen
identity  : /DC=ch/DC=cern/OU=Organic Units/OU=Users/CN=jiahua/CN=851532/CN=Jiahua Chen
type      : RFC compliant proxy
strength  : 2048 bits
path      : /afs/cern.ch/user/j/jiahua/proxy/x509up_u139833
timeleft  : 197:36:57
key usage : Digital Signature, Key Encipherment
=== VO cms extension information ===
VO        : cms
subject   : /DC=ch/DC=cern/OU=Organic Units/OU=Users/CN=jiahua/CN=851532/CN=Jiahua Chen
issuer    : /DC=ch/DC=cern/OU=computers/CN=cms-auth.cern.ch
attribute : /cms/Role=NULL/Capability=NULL
timeleft  : 189:36:57
uri       : voms-cms-auth.cern.ch:15000
/eos/user/j/jiahua/MC_2022EE_inc/TTto2L2Nu_powheg_22EE_ext1-v2/8edc40e2-ca9c-48c8-a830-2fc14c6485a0.root
[2025-11-08 10:02:01.422] [main] [info] Checking input files
[2025-11-08 10:02:06.790] [main] [info] NanoAOD input_file 1: root://cms-xrd-global.cern.ch//store/mc/Run3Summer22EENanoAODv12/TTto2L2Nu_TuneCP5_13p6TeV_powheg-pythia8/NANOAODSIM/130X_mcRun3_2022_realistic_postEE_v6_ext1-v2/30000/8edc40e2-ca9c-48c8-a830-2fc14c6485a0.root - 156769 Events
[2025-11-08 10:02:06.790] [main] [info] input_file 1: root://cms-xrd-global.cern.ch//store/mc/Run3Summer22EENanoAODv12/TTto2L2Nu_TuneCP5_13p6TeV_powheg-pythia8/NANOAODSIM/130X_mcRun3_2022_realistic_postEE_v6_ext1-v2/30000/8edc40e2-ca9c-48c8-a830-2fc14c6485a0.root - SumOfGenWeight: 12613684.047499994 
[2025-11-08 10:02:06.790] [main] [info] Output directory: /eos/user/j/jiahua/MC_2022EE_inc/TTto2L2Nu_powheg_22EE_ext1-v2/8edc40e2-ca9c-48c8-a830-2fc14c6485a0.root
[2025-11-08 10:02:06.791] [main] [info] Starting Setup of Dataframe with 156769 events
[2025-11-08 10:03:27.756] [main] [info] Finished Setup
[2025-11-08 10:03:27.757] [main] [info] Runtime for setup (real time: 80.97, CPU time: 79.90)
[2025-11-08 10:03:27.757] [main] [info] Starting Evaluation
[2025-11-08 10:03:57.559] [main] [info] 10000 / 156769 (6.38 %) Events processed ...
[2025-11-08 10:03:59.427] [main] [info] 20000 / 156769 (12.76 %) Events processed ...
[2025-11-08 10:04:13.765] [main] [info] 30000 / 156769 (19.14 %) Events processed ...
[2025-11-08 10:04:15.181] [main] [info] 40000 / 156769 (25.52 %) Events processed ...
[2025-11-08 10:04:31.757] [main] [info] 50000 / 156769 (31.89 %) Events processed ...
[2025-11-08 10:04:33.377] [main] [info] 60000 / 156769 (38.27 %) Events processed ...
[2025-11-08 10:04:47.421] [main] [info] 70000 / 156769 (44.65 %) Events processed ...
[2025-11-08 10:04:48.982] [main] [info] 80000 / 156769 (51.03 %) Events processed ...
[2025-11-08 10:05:01.047] [main] [info] 90000 / 156769 (57.41 %) Events processed ...
[2025-11-08 10:05:02.780] [main] [info] 100000 / 156769 (63.79 %) Events processed ...
[2025-11-08 10:05:13.937] [main] [info] 110000 / 156769 (70.17 %) Events processed ...
[2025-11-08 10:05:15.640] [main] [info] 120000 / 156769 (76.55 %) Events processed ...
[2025-11-08 10:05:27.709] [main] [info] 130000 / 156769 (82.92 %) Events processed ...
[2025-11-08 10:05:39.602] [main] [info] 140000 / 156769 (89.30 %) Events processed ...
[2025-11-08 10:05:41.164] [main] [info] 150000 / 156769 (95.68 %) Events processed ...
[2025-11-08 10:05:42.660] [main] [info] vbfhmm:
Flag_goodVertices: pass=156769     all=156769     -- eff=100.00 % cumulative eff=100.00 %
Flag_globalSuperTightHalo2016Filter: pass=156749     all=156769     -- eff=99.99 % cumulative eff=99.99 %
Flag_EcalDeadCellTriggerPrimitiveFilter: pass=156718     all=156749     -- eff=99.98 % cumulative eff=99.97 %
Flag_BadPFMuonFilter: pass=156708     all=156718     -- eff=99.99 % cumulative eff=99.96 %
Flag_BadPFMuonDzFilter: pass=156707     all=156708     -- eff=100.00 % cumulative eff=99.96 %
Flag_eeBadScFilter: pass=156707     all=156707     -- eff=100.00 % cumulative eff=99.96 %
Flag_ecalBadCalibFilter: pass=156682     all=156707     -- eff=99.98 % cumulative eff=99.94 %
Flag_hfNoisyHitsFilter: pass=156681     all=156682     -- eff=100.00 % cumulative eff=99.94 %
Number of muons 2: pass=10649      all=156681     -- eff=6.80 % cumulative eff=6.79 %
DiMuon From Higgs: pass=4887       all=10649      -- eff=45.89 % cumulative eff=3.12 %
LeptonChargeSum: pass=4850       all=4887       -- eff=99.24 % cumulative eff=3.09 %
[2025-11-08 10:05:42.780] [main] [info] Writing quantities map to /eos/user/j/jiahua/MC_2022EE_inc/TTto2L2Nu_powheg_22EE_ext1-v2/8edc40e2-ca9c-48c8-a830-2fc14c6485a0_vbfhmm.root
[2025-11-08 10:05:42.942] [main] [info] Finished Evaluation
[2025-11-08 10:05:42.942] [main] [info] Overall runtime (real time: 216.15, CPU time: 118.72)
