Starting job on \n
Running on: Linux b9g32p1957.cern.ch 5.14.0-570.42.2.el9_6.x86_64 #1 SMP PREEMPT_DYNAMIC Mon Sep 8 12:15:13 EDT 2025 x86_64 x86_64 x86_64 GNU/Linux\n
System software: Red Hat Enterprise Linux release 9.6 (Plow)\n
Setting up CROWN for RedHatEnterprise Version 9.6
subject   : /DC=ch/DC=cern/OU=Organic Units/OU=Users/CN=jiahua/CN=851532/CN=Jiahua Chen/CN=1735721823
issuer    : /DC=ch/DC=cern/OU=Organic Units/OU=Users/CN=jiahua/CN=851532/CN=Jiahua Chen
identity  : /DC=ch/DC=cern/OU=Organic Units/OU=Users/CN=jiahua/CN=851532/CN=Jiahua Chen
type      : RFC compliant proxy
strength  : 2048 bits
path      : /afs/cern.ch/user/j/jiahua/proxy/x509up_u139833
timeleft  : 197:34:59
key usage : Digital Signature, Key Encipherment
=== VO cms extension information ===
VO        : cms
subject   : /DC=ch/DC=cern/OU=Organic Units/OU=Users/CN=jiahua/CN=851532/CN=Jiahua Chen
issuer    : /DC=ch/DC=cern/OU=computers/CN=cms-auth.cern.ch
attribute : /cms/Role=NULL/Capability=NULL
timeleft  : 189:34:59
uri       : voms-cms-auth.cern.ch:15000
subject   : /DC=ch/DC=cern/OU=Organic Units/OU=Users/CN=jiahua/CN=851532/CN=Jiahua Chen/CN=1735721823
issuer    : /DC=ch/DC=cern/OU=Organic Units/OU=Users/CN=jiahua/CN=851532/CN=Jiahua Chen
identity  : /DC=ch/DC=cern/OU=Organic Units/OU=Users/CN=jiahua/CN=851532/CN=Jiahua Chen
type      : RFC compliant proxy
strength  : 2048 bits
path      : /afs/cern.ch/user/j/jiahua/proxy/x509up_u139833
timeleft  : 197:34:59
key usage : Digital Signature, Key Encipherment
=== VO cms extension information ===
VO        : cms
subject   : /DC=ch/DC=cern/OU=Organic Units/OU=Users/CN=jiahua/CN=851532/CN=Jiahua Chen
issuer    : /DC=ch/DC=cern/OU=computers/CN=cms-auth.cern.ch
attribute : /cms/Role=NULL/Capability=NULL
timeleft  : 189:34:59
uri       : voms-cms-auth.cern.ch:15000
/eos/user/j/jiahua/MC_2022EE_inc/TTto2L2Nu_powheg_22EE_ext1-v2/85702804-23b1-4031-b146-108c921c3507.root
[2025-11-08 10:03:59.148] [main] [info] Checking input files
[2025-11-08 10:04:03.408] [main] [info] NanoAOD input_file 1: root://cms-xrd-global.cern.ch//store/mc/Run3Summer22EENanoAODv12/TTto2L2Nu_TuneCP5_13p6TeV_powheg-pythia8/NANOAODSIM/130X_mcRun3_2022_realistic_postEE_v6_ext1-v2/2530000/85702804-23b1-4031-b146-108c921c3507.root - 120916 Events
[2025-11-08 10:04:03.408] [main] [info] input_file 1: root://cms-xrd-global.cern.ch//store/mc/Run3Summer22EENanoAODv12/TTto2L2Nu_TuneCP5_13p6TeV_powheg-pythia8/NANOAODSIM/130X_mcRun3_2022_realistic_postEE_v6_ext1-v2/2530000/85702804-23b1-4031-b146-108c921c3507.root - SumOfGenWeight: 9716085.01219999 
[2025-11-08 10:04:03.408] [main] [info] Output directory: /eos/user/j/jiahua/MC_2022EE_inc/TTto2L2Nu_powheg_22EE_ext1-v2/85702804-23b1-4031-b146-108c921c3507.root
[2025-11-08 10:04:03.410] [main] [info] Starting Setup of Dataframe with 120916 events
[2025-11-08 10:04:45.390] [main] [info] Finished Setup
[2025-11-08 10:04:45.390] [main] [info] Runtime for setup (real time: 41.98, CPU time: 41.34)
[2025-11-08 10:04:45.390] [main] [info] Starting Evaluation
[2025-11-08 10:05:05.517] [main] [info] 10000 / 120916 (8.27 %) Events processed ...
[2025-11-08 10:05:06.478] [main] [info] 20000 / 120916 (16.54 %) Events processed ...
[2025-11-08 10:05:18.323] [main] [info] 30000 / 120916 (24.81 %) Events processed ...
[2025-11-08 10:05:19.139] [main] [info] 40000 / 120916 (33.08 %) Events processed ...
[2025-11-08 10:05:33.450] [main] [info] 50000 / 120916 (41.35 %) Events processed ...
[2025-11-08 10:05:34.564] [main] [info] 60000 / 120916 (49.62 %) Events processed ...
[2025-11-08 10:05:45.366] [main] [info] 70000 / 120916 (57.89 %) Events processed ...
[2025-11-08 10:05:46.274] [main] [info] 80000 / 120916 (66.16 %) Events processed ...
[2025-11-08 10:06:00.973] [main] [info] 90000 / 120916 (74.43 %) Events processed ...
[2025-11-08 10:06:01.820] [main] [info] 100000 / 120916 (82.70 %) Events processed ...
[2025-11-08 10:06:12.832] [main] [info] 110000 / 120916 (90.97 %) Events processed ...
[2025-11-08 10:06:14.008] [main] [info] 120000 / 120916 (99.24 %) Events processed ...
[2025-11-08 10:06:14.585] [main] [info] vbfhmm:
Flag_goodVertices: pass=120916     all=120916     -- eff=100.00 % cumulative eff=100.00 %
Flag_globalSuperTightHalo2016Filter: pass=120893     all=120916     -- eff=99.98 % cumulative eff=99.98 %
Flag_EcalDeadCellTriggerPrimitiveFilter: pass=120870     all=120893     -- eff=99.98 % cumulative eff=99.96 %
Flag_BadPFMuonFilter: pass=120861     all=120870     -- eff=99.99 % cumulative eff=99.95 %
Flag_BadPFMuonDzFilter: pass=120860     all=120861     -- eff=100.00 % cumulative eff=99.95 %
Flag_eeBadScFilter: pass=120860     all=120860     -- eff=100.00 % cumulative eff=99.95 %
Flag_ecalBadCalibFilter: pass=120840     all=120860     -- eff=99.98 % cumulative eff=99.94 %
Flag_hfNoisyHitsFilter: pass=120837     all=120840     -- eff=100.00 % cumulative eff=99.93 %
Number of muons 2: pass=8222       all=120837     -- eff=6.80 % cumulative eff=6.80 %
DiMuon From Higgs: pass=3756       all=8222       -- eff=45.68 % cumulative eff=3.11 %
LeptonChargeSum: pass=3724       all=3756       -- eff=99.15 % cumulative eff=3.08 %
[2025-11-08 10:06:14.980] [main] [info] Writing quantities map to /eos/user/j/jiahua/MC_2022EE_inc/TTto2L2Nu_powheg_22EE_ext1-v2/85702804-23b1-4031-b146-108c921c3507_vbfhmm.root
[2025-11-08 10:06:15.178] [main] [info] Finished Evaluation
[2025-11-08 10:06:15.178] [main] [info] Overall runtime (real time: 131.77, CPU time: 60.50)
