000 (12769435.058.000) 11/08 09:48:54 Job submitted from host: <188.185.121.235:9618?addrs=188.185.121.235-9618+[2001-1458-d00-49--100-36e]-9618&alias=bigbird22.cern.ch&noUDP&sock=schedd_232129_c3ca>
...
040 (12769435.058.000) 11/08 10:17:28 Started transferring input files
	Transferring to host: <188.185.213.149:9618?addrs=188.185.213.149-9618+[2001-1458-303-1b--100-11]-9618&alias=b9p28p9569.cern.ch&noUDP&sock=slot1_12_4258_e566_60292>
...
040 (12769435.058.000) 11/08 10:17:28 Finished transferring input files
...
001 (12769435.058.000) 11/08 10:17:29 Job executing on host: <188.185.213.149:9618?addrs=188.185.213.149-9618+[2001-1458-303-1b--100-11]-9618&alias=b9p28p9569.cern.ch&noUDP&sock=startd_3644_0f33>
	SlotName: slot1_12@b9p28p9569.cern.ch
	CondorScratchDir = "/pool/condor/dir_3000604"
	Cpus = 1
	Disk = 15740
	GPUs = 0
	Memory = 3000
...
006 (12769435.058.000) 11/08 10:17:42 Image size of job updated: 107296
	105  -  MemoryUsage of job (MB)
	107296  -  ResidentSetSize of job (KB)
...
006 (12769435.058.000) 11/08 10:18:36 Image size of job updated: 428980
	105  -  MemoryUsage of job (MB)
	107296  -  ResidentSetSize of job (KB)
...
040 (12769435.058.000) 11/08 10:18:36 Started transferring output files
...
040 (12769435.058.000) 11/08 10:18:36 Finished transferring output files
...
005 (12769435.058.000) 11/08 10:18:36 Job terminated.
	(1) Normal termination (return value 0)
		Usr 0 00:00:55, Sys 0 00:00:02  -  Run Remote Usage
		Usr 0 00:00:00, Sys 0 00:00:00  -  Run Local Usage
		Usr 0 00:00:55, Sys 0 00:00:02  -  Total Remote Usage
		Usr 0 00:00:00, Sys 0 00:00:00  -  Total Local Usage
	9593  -  Run Bytes Sent By Job
	11220238  -  Run Bytes Received By Job
	9593  -  Total Bytes Sent By Job
	11220238  -  Total Bytes Received By Job
	Partitionable Resources :    Usage  Request Allocated 
	   Cpus                 :        0        1         1 
	   Disk (KB)            :    10990    12500     15740 
	   GPUs                 :                           0 
	   Memory (MB)          :      105     3000      3000 
	   TimeExecute (s)      :       67                    
	   TimeSlotBusy (s)     :       68                    

	Job terminated of its own accord at 2025-11-08T09:18:36Z with exit-code 0.
...
