000 (12769435.094.000) 11/08 09:48:54 Job submitted from host: <188.185.121.235:9618?addrs=188.185.121.235-9618+[2001-1458-d00-49--100-36e]-9618&alias=bigbird22.cern.ch&noUDP&sock=schedd_232129_c3ca>
...
040 (12769435.094.000) 11/08 10:17:40 Started transferring input files
	Transferring to host: <188.185.196.27:9618?addrs=188.185.196.27-9618+[2001-1458-303-23--100-17]-9618&alias=b9p16p7172.cern.ch&noUDP&sock=slot1_53_5703_0781_48587>
...
040 (12769435.094.000) 11/08 10:17:40 Finished transferring input files
...
001 (12769435.094.000) 11/08 10:17:41 Job executing on host: <188.185.196.27:9618?addrs=188.185.196.27-9618+[2001-1458-303-23--100-17]-9618&alias=b9p16p7172.cern.ch&noUDP&sock=startd_4562_bb24>
	SlotName: slot1_53@b9p16p7172.cern.ch
	CondorScratchDir = "/pool/condor/dir_182353"
	Cpus = 1
	Disk = 15661
	GPUs = 0
	Memory = 3000
...
006 (12769435.094.000) 11/08 10:17:54 Image size of job updated: 95656
	94  -  MemoryUsage of job (MB)
	95656  -  ResidentSetSize of job (KB)
...
006 (12769435.094.000) 11/08 10:19:44 Image size of job updated: 429148
	94  -  MemoryUsage of job (MB)
	95656  -  ResidentSetSize of job (KB)
...
040 (12769435.094.000) 11/08 10:19:44 Started transferring output files
...
040 (12769435.094.000) 11/08 10:19:44 Finished transferring output files
...
005 (12769435.094.000) 11/08 10:19:44 Job terminated.
	(1) Normal termination (return value 0)
		Usr 0 00:01:46, Sys 0 00:00:02  -  Run Remote Usage
		Usr 0 00:00:00, Sys 0 00:00:00  -  Run Local Usage
		Usr 0 00:01:46, Sys 0 00:00:02  -  Total Remote Usage
		Usr 0 00:00:00, Sys 0 00:00:00  -  Total Local Usage
	9505  -  Run Bytes Sent By Job
	11220238  -  Run Bytes Received By Job
	9505  -  Total Bytes Sent By Job
	11220238  -  Total Bytes Received By Job
	Partitionable Resources :    Usage  Request Allocated 
	   Cpus                 :        0        1         1 
	   Disk (KB)            :    10990    12500     15661 
	   GPUs                 :                           0 
	   Memory (MB)          :       94     3000      3000 
	   TimeExecute (s)      :      123                    
	   TimeSlotBusy (s)     :      124                    

	Job terminated of its own accord at 2025-11-08T09:19:44Z with exit-code 0.
...
