000 (12769435.070.000) 11/08 09:48:54 Job submitted from host: <188.185.121.235:9618?addrs=188.185.121.235-9618+[2001-1458-d00-49--100-36e]-9618&alias=bigbird22.cern.ch&noUDP&sock=schedd_232129_c3ca>
...
040 (12769435.070.000) 11/08 10:17:32 Started transferring input files
	Transferring to host: <188.185.207.188:9618?addrs=188.185.207.188-9618+[2001-1458-303-e--100-39]-9618&alias=b9p08p1116.cern.ch&noUDP&sock=slot1_16_4040_4b9d_45861>
...
040 (12769435.070.000) 11/08 10:17:32 Finished transferring input files
...
001 (12769435.070.000) 11/08 10:17:33 Job executing on host: <188.185.207.188:9618?addrs=188.185.207.188-9618+[2001-1458-303-e--100-39]-9618&alias=b9p08p1116.cern.ch&noUDP&sock=startd_3612_1c2b>
	SlotName: slot1_16@b9p08p1116.cern.ch
	CondorScratchDir = "/pool/condor/dir_692044"
	Cpus = 1
	Disk = 16031
	GPUs = 0
	Memory = 3000
...
006 (12769435.070.000) 11/08 10:17:47 Image size of job updated: 112380
	110  -  MemoryUsage of job (MB)
	112380  -  ResidentSetSize of job (KB)
...
006 (12769435.070.000) 11/08 10:18:37 Image size of job updated: 428020
	110  -  MemoryUsage of job (MB)
	112380  -  ResidentSetSize of job (KB)
...
040 (12769435.070.000) 11/08 10:18:37 Started transferring output files
...
040 (12769435.070.000) 11/08 10:18:37 Finished transferring output files
...
005 (12769435.070.000) 11/08 10:18:37 Job terminated.
	(1) Normal termination (return value 0)
		Usr 0 00:00:43, Sys 0 00:00:01  -  Run Remote Usage
		Usr 0 00:00:00, Sys 0 00:00:00  -  Run Local Usage
		Usr 0 00:00:43, Sys 0 00:00:01  -  Total Remote Usage
		Usr 0 00:00:00, Sys 0 00:00:00  -  Total Local Usage
	9589  -  Run Bytes Sent By Job
	11220238  -  Run Bytes Received By Job
	9589  -  Total Bytes Sent By Job
	11220238  -  Total Bytes Received By Job
	Partitionable Resources :    Usage  Request Allocated 
	   Cpus                 :        0        1         1 
	   Disk (KB)            :    10993    12500     16031 
	   GPUs                 :                           0 
	   Memory (MB)          :      110     3000      3000 
	   TimeExecute (s)      :       64                    
	   TimeSlotBusy (s)     :       65                    

	Job terminated of its own accord at 2025-11-08T09:18:37Z with exit-code 0.
...
