Starting job on \n
Running on: Linux b9p24p7937.cern.ch 5.14.0-570.44.1.el9_6.x86_64 #1 SMP PREEMPT_DYNAMIC Tue Sep 9 05:17:30 EDT 2025 x86_64 x86_64 x86_64 GNU/Linux\n
System software: Red Hat Enterprise Linux release 9.6 (Plow)\n
Setting up CROWN for RedHatEnterprise Version 9.6
subject   : /DC=ch/DC=cern/OU=Organic Units/OU=Users/CN=jiahua/CN=851532/CN=Jiahua Chen/CN=1735721823
issuer    : /DC=ch/DC=cern/OU=Organic Units/OU=Users/CN=jiahua/CN=851532/CN=Jiahua Chen
identity  : /DC=ch/DC=cern/OU=Organic Units/OU=Users/CN=jiahua/CN=851532/CN=Jiahua Chen
type      : RFC compliant proxy
strength  : 2048 bits
path      : /afs/cern.ch/user/j/jiahua/proxy/x509up_u139833
timeleft  : 197:21:17
key usage : Digital Signature, Key Encipherment
=== VO cms extension information ===
VO        : cms
subject   : /DC=ch/DC=cern/OU=Organic Units/OU=Users/CN=jiahua/CN=851532/CN=Jiahua Chen
issuer    : /DC=ch/DC=cern/OU=computers/CN=cms-auth.cern.ch
attribute : /cms/Role=NULL/Capability=NULL
timeleft  : 189:21:17
uri       : voms-cms-auth.cern.ch:15000
subject   : /DC=ch/DC=cern/OU=Organic Units/OU=Users/CN=jiahua/CN=851532/CN=Jiahua Chen/CN=1735721823
issuer    : /DC=ch/DC=cern/OU=Organic Units/OU=Users/CN=jiahua/CN=851532/CN=Jiahua Chen
identity  : /DC=ch/DC=cern/OU=Organic Units/OU=Users/CN=jiahua/CN=851532/CN=Jiahua Chen
type      : RFC compliant proxy
strength  : 2048 bits
path      : /afs/cern.ch/user/j/jiahua/proxy/x509up_u139833
timeleft  : 197:21:17
key usage : Digital Signature, Key Encipherment
=== VO cms extension information ===
VO        : cms
subject   : /DC=ch/DC=cern/OU=Organic Units/OU=Users/CN=jiahua/CN=851532/CN=Jiahua Chen
issuer    : /DC=ch/DC=cern/OU=computers/CN=cms-auth.cern.ch
attribute : /cms/Role=NULL/Capability=NULL
timeleft  : 189:21:17
uri       : voms-cms-auth.cern.ch:15000
/eos/user/j/jiahua/MC_2022EE_inc/TWminusto2L2Nu_powheg_22EE_ext1-v2/ee163d61-d0c4-4d42-97c0-1228dc1b15f4.root
[2025-11-08 10:17:41.798] [main] [info] Checking input files
[2025-11-08 10:17:48.860] [main] [info] NanoAOD input_file 1: root://cms-xrd-global.cern.ch//store/mc/Run3Summer22EENanoAODv12/TWminusto2L2Nu_TuneCP5_13p6TeV_powheg-pythia8/NANOAODSIM/130X_mcRun3_2022_realistic_postEE_v6_ext1-v2/50000/ee163d61-d0c4-4d42-97c0-1228dc1b15f4.root - 8970 Events
[2025-11-08 10:17:48.860] [main] [info] input_file 1: root://cms-xrd-global.cern.ch//store/mc/Run3Summer22EENanoAODv12/TWminusto2L2Nu_TuneCP5_13p6TeV_powheg-pythia8/NANOAODSIM/130X_mcRun3_2022_realistic_postEE_v6_ext1-v2/50000/ee163d61-d0c4-4d42-97c0-1228dc1b15f4.root - SumOfGenWeight: 34075.5051 
[2025-11-08 10:17:48.860] [main] [info] Output directory: /eos/user/j/jiahua/MC_2022EE_inc/TWminusto2L2Nu_powheg_22EE_ext1-v2/ee163d61-d0c4-4d42-97c0-1228dc1b15f4.root
[2025-11-08 10:17:48.861] [main] [info] Starting Setup of Dataframe with 8970 events
[2025-11-08 10:18:33.730] [main] [info] Finished Setup
[2025-11-08 10:18:33.730] [main] [info] Runtime for setup (real time: 44.87, CPU time: 43.57)
[2025-11-08 10:18:33.730] [main] [info] Starting Evaluation
[2025-11-08 10:18:41.901] [main] [info] vbfhmm:
Flag_goodVertices: pass=8970       all=8970       -- eff=100.00 % cumulative eff=100.00 %
Flag_globalSuperTightHalo2016Filter: pass=8970       all=8970       -- eff=100.00 % cumulative eff=100.00 %
Flag_EcalDeadCellTriggerPrimitiveFilter: pass=8967       all=8970       -- eff=99.97 % cumulative eff=99.97 %
Flag_BadPFMuonFilter: pass=8967       all=8967       -- eff=100.00 % cumulative eff=99.97 %
Flag_BadPFMuonDzFilter: pass=8967       all=8967       -- eff=100.00 % cumulative eff=99.97 %
Flag_eeBadScFilter: pass=8967       all=8967       -- eff=100.00 % cumulative eff=99.97 %
Flag_ecalBadCalibFilter: pass=8967       all=8967       -- eff=100.00 % cumulative eff=99.97 %
Flag_hfNoisyHitsFilter: pass=8967       all=8967       -- eff=100.00 % cumulative eff=99.97 %
Number of muons 2: pass=690        all=8967       -- eff=7.69 % cumulative eff=7.69 %
DiMuon From Higgs: pass=324        all=690        -- eff=46.96 % cumulative eff=3.61 %
LeptonChargeSum: pass=321        all=324        -- eff=99.07 % cumulative eff=3.58 %
[2025-11-08 10:18:41.981] [main] [info] Writing quantities map to /eos/user/j/jiahua/MC_2022EE_inc/TWminusto2L2Nu_powheg_22EE_ext1-v2/ee163d61-d0c4-4d42-97c0-1228dc1b15f4_vbfhmm.root
[2025-11-08 10:18:42.036] [main] [info] Finished Evaluation
[2025-11-08 10:18:42.036] [main] [info] Overall runtime (real time: 53.18, CPU time: 51.19)
