000 (12769435.057.000) 11/08 09:48:54 Job submitted from host: <188.185.121.235:9618?addrs=188.185.121.235-9618+[2001-1458-d00-49--100-36e]-9618&alias=bigbird22.cern.ch&noUDP&sock=schedd_232129_c3ca>
...
040 (12769435.057.000) 11/08 10:17:28 Started transferring input files
	Transferring to host: <188.185.193.118:9618?addrs=188.185.193.118-9618+[2001-1458-303-20--100-72]-9618&alias=b9p19p8043.cern.ch&noUDP&sock=slot1_28_7858_6bf9_47144>
...
040 (12769435.057.000) 11/08 10:17:28 Finished transferring input files
...
001 (12769435.057.000) 11/08 10:17:29 Job executing on host: <188.185.193.118:9618?addrs=188.185.193.118-9618+[2001-1458-303-20--100-72]-9618&alias=b9p19p8043.cern.ch&noUDP&sock=startd_6309_0718>
	SlotName: slot1_28@b9p19p8043.cern.ch
	CondorScratchDir = "/pool/condor/dir_1913429"
	Cpus = 1
	Disk = 16081
	GPUs = 0
	Memory = 3000
...
006 (12769435.057.000) 11/08 10:17:43 Image size of job updated: 106948
	105  -  MemoryUsage of job (MB)
	106948  -  ResidentSetSize of job (KB)
...
006 (12769435.057.000) 11/08 10:19:09 Image size of job updated: 437932
	105  -  MemoryUsage of job (MB)
	106948  -  ResidentSetSize of job (KB)
...
040 (12769435.057.000) 11/08 10:19:09 Started transferring output files
...
040 (12769435.057.000) 11/08 10:19:09 Finished transferring output files
...
005 (12769435.057.000) 11/08 10:19:10 Job terminated.
	(1) Normal termination (return value 0)
		Usr 0 00:01:20, Sys 0 00:00:01  -  Run Remote Usage
		Usr 0 00:00:00, Sys 0 00:00:00  -  Run Local Usage
		Usr 0 00:01:20, Sys 0 00:00:01  -  Total Remote Usage
		Usr 0 00:00:00, Sys 0 00:00:00  -  Total Local Usage
	10278  -  Run Bytes Sent By Job
	11220238  -  Run Bytes Received By Job
	10278  -  Total Bytes Sent By Job
	11220238  -  Total Bytes Received By Job
	Partitionable Resources :    Usage  Request Allocated 
	   Cpus                 :        0        1         1 
	   Disk (KB)            :    10990    12500     16081 
	   GPUs                 :                           0 
	   Memory (MB)          :      105     3000      3000 
	   TimeExecute (s)      :      100                    
	   TimeSlotBusy (s)     :      101                    

	Job terminated of its own accord at 2025-11-08T09:19:09Z with exit-code 0.
...
