000 (12769426.016.000) 11/08 09:48:31 Job submitted from host: <188.185.121.235:9618?addrs=188.185.121.235-9618+[2001-1458-d00-49--100-36e]-9618&alias=bigbird22.cern.ch&noUDP&sock=schedd_232129_c3ca>
...
040 (12769426.016.000) 11/08 10:00:40 Started transferring input files
	Transferring to host: <188.185.213.102:9618?addrs=188.185.213.102-9618+[2001-1458-303-1a--100-62]-9618&alias=b9p27p4324.cern.ch&noUDP&sock=slot1_13_5431_6176_51740>
...
040 (12769426.016.000) 11/08 10:00:40 Finished transferring input files
...
001 (12769426.016.000) 11/08 10:00:41 Job executing on host: <188.185.213.102:9618?addrs=188.185.213.102-9618+[2001-1458-303-1a--100-62]-9618&alias=b9p27p4324.cern.ch&noUDP&sock=startd_4434_ef05>
	SlotName: slot1_13@b9p27p4324.cern.ch
	CondorScratchDir = "/pool/condor/dir_3000110"
	Cpus = 1
	Disk = 12890
	GPUs = 0
	Memory = 3000
...
006 (12769426.016.000) 11/08 10:00:55 Image size of job updated: 107580
	106  -  MemoryUsage of job (MB)
	107580  -  ResidentSetSize of job (KB)
...
006 (12769426.016.000) 11/08 10:01:56 Image size of job updated: 433732
	106  -  MemoryUsage of job (MB)
	107580  -  ResidentSetSize of job (KB)
...
040 (12769426.016.000) 11/08 10:01:57 Started transferring output files
...
040 (12769426.016.000) 11/08 10:01:57 Finished transferring output files
...
005 (12769426.016.000) 11/08 10:01:57 Job terminated.
	(1) Normal termination (return value 0)
		Usr 0 00:01:01, Sys 0 00:00:02  -  Run Remote Usage
		Usr 0 00:00:00, Sys 0 00:00:00  -  Run Local Usage
		Usr 0 00:01:01, Sys 0 00:00:02  -  Total Remote Usage
		Usr 0 00:00:00, Sys 0 00:00:00  -  Total Local Usage
	9633  -  Run Bytes Sent By Job
	9921014  -  Run Bytes Received By Job
	9633  -  Total Bytes Sent By Job
	9921014  -  Total Bytes Received By Job
	Partitionable Resources :    Usage  Request Allocated 
	   Cpus                 :        0        1         1 
	   Disk (KB)            :     9721    10000     12890 
	   GPUs                 :                           0 
	   Memory (MB)          :      106     3000      3000 
	   TimeExecute (s)      :       75                    
	   TimeSlotBusy (s)     :       77                    

	Job terminated of its own accord at 2025-11-08T09:01:56Z with exit-code 0.
...
