000 (12769426.017.000) 11/08 09:48:31 Job submitted from host: <188.185.121.235:9618?addrs=188.185.121.235-9618+[2001-1458-d00-49--100-36e]-9618&alias=bigbird22.cern.ch&noUDP&sock=schedd_232129_c3ca>
...
040 (12769426.017.000) 11/08 10:00:41 Started transferring input files
	Transferring to host: <188.185.211.188:9618?addrs=188.185.211.188-9618+[2001-1458-303-17--100-38]-9618&alias=b9p24p5383.cern.ch&noUDP&sock=slot1_28_6000_4aed_46539>
...
040 (12769426.017.000) 11/08 10:00:41 Finished transferring input files
...
001 (12769426.017.000) 11/08 10:00:42 Job executing on host: <188.185.211.188:9618?addrs=188.185.211.188-9618+[2001-1458-303-17--100-38]-9618&alias=b9p24p5383.cern.ch&noUDP&sock=startd_5244_86bb>
	SlotName: slot1_28@b9p24p5383.cern.ch
	CondorScratchDir = "/pool/condor/dir_3566590"
	Cpus = 1
	Disk = 12750
	GPUs = 0
	Memory = 3000
...
006 (12769426.017.000) 11/08 10:00:56 Image size of job updated: 104316
	102  -  MemoryUsage of job (MB)
	104316  -  ResidentSetSize of job (KB)
...
006 (12769426.017.000) 11/08 10:02:14 Image size of job updated: 426764
	102  -  MemoryUsage of job (MB)
	104316  -  ResidentSetSize of job (KB)
...
040 (12769426.017.000) 11/08 10:02:14 Started transferring output files
...
040 (12769426.017.000) 11/08 10:02:14 Finished transferring output files
...
005 (12769426.017.000) 11/08 10:02:14 Job terminated.
	(1) Normal termination (return value 0)
		Usr 0 00:01:18, Sys 0 00:00:02  -  Run Remote Usage
		Usr 0 00:00:00, Sys 0 00:00:00  -  Run Local Usage
		Usr 0 00:01:18, Sys 0 00:00:02  -  Total Remote Usage
		Usr 0 00:00:00, Sys 0 00:00:00  -  Total Local Usage
	9549  -  Run Bytes Sent By Job
	9921014  -  Run Bytes Received By Job
	9549  -  Total Bytes Sent By Job
	9921014  -  Total Bytes Received By Job
	Partitionable Resources :    Usage  Request Allocated 
	   Cpus                 :        0        1         1 
	   Disk (KB)            :     9721    10000     12750 
	   GPUs                 :                           0 
	   Memory (MB)          :      102     3000      3000 
	   TimeExecute (s)      :       92                    
	   TimeSlotBusy (s)     :       94                    

	Job terminated of its own accord at 2025-11-08T09:02:14Z with exit-code 0.
...
