000 (12769429.232.000) 11/08 09:48:39 Job submitted from host: <188.185.121.235:9618?addrs=188.185.121.235-9618+[2001-1458-d00-49--100-36e]-9618&alias=bigbird22.cern.ch&noUDP&sock=schedd_232129_c3ca>
...
040 (12769429.232.000) 11/08 10:07:06 Started transferring input files
	Transferring to host: <188.185.211.140:9618?addrs=188.185.211.140-9618+[2001-1458-303-17--100-8]-9618&alias=b9p24p7546.cern.ch&noUDP&sock=slot1_34_4361_780a_50000>
...
001 (12769429.232.000) 11/08 10:07:08 Job executing on host: <188.185.211.140:9618?addrs=188.185.211.140-9618+[2001-1458-303-17--100-8]-9618&alias=b9p24p7546.cern.ch&noUDP&sock=startd_3744_a6ac>
	SlotName: slot1_34@b9p24p7546.cern.ch
	CondorScratchDir = "/pool/condor/dir_3781278"
	Cpus = 1
	Disk = 16062
	GPUs = 0
	Memory = 3000
...
040 (12769429.232.000) 11/08 10:07:08 Finished transferring input files
...
006 (12769429.232.000) 11/08 10:07:22 Image size of job updated: 158896
	156  -  MemoryUsage of job (MB)
	158896  -  ResidentSetSize of job (KB)
...
006 (12769429.232.000) 11/08 10:08:21 Image size of job updated: 434760
	156  -  MemoryUsage of job (MB)
	158896  -  ResidentSetSize of job (KB)
...
040 (12769429.232.000) 11/08 10:08:21 Started transferring output files
...
040 (12769429.232.000) 11/08 10:08:21 Finished transferring output files
...
005 (12769429.232.000) 11/08 10:08:21 Job terminated.
	(1) Normal termination (return value 0)
		Usr 0 00:00:59, Sys 0 00:00:02  -  Run Remote Usage
		Usr 0 00:00:00, Sys 0 00:00:00  -  Run Local Usage
		Usr 0 00:00:59, Sys 0 00:00:02  -  Total Remote Usage
		Usr 0 00:00:00, Sys 0 00:00:00  -  Total Local Usage
	10878  -  Run Bytes Sent By Job
	11220238  -  Run Bytes Received By Job
	10878  -  Total Bytes Sent By Job
	11220238  -  Total Bytes Received By Job
	Partitionable Resources :    Usage  Request Allocated 
	   Cpus                 :        0        1         1 
	   Disk (KB)            :    10991    12500     16062 
	   GPUs                 :                           0 
	   Memory (MB)          :      156     3000      3000 
	   TimeExecute (s)      :       73                    
	   TimeSlotBusy (s)     :       75                    

	Job terminated of its own accord at 2025-11-08T09:08:21Z with exit-code 0.
...
