Starting job on \n
Running on: Linux b9p22p0180.cern.ch 5.14.0-570.44.1.el9_6.x86_64 #1 SMP PREEMPT_DYNAMIC Tue Sep 9 05:17:30 EDT 2025 x86_64 x86_64 x86_64 GNU/Linux\n
System software: Red Hat Enterprise Linux release 9.6 (Plow)\n
Setting up CROWN for RedHatEnterprise Version 9.6
subject   : /DC=ch/DC=cern/OU=Organic Units/OU=Users/CN=jiahua/CN=851532/CN=Jiahua Chen/CN=1735721823
issuer    : /DC=ch/DC=cern/OU=Organic Units/OU=Users/CN=jiahua/CN=851532/CN=Jiahua Chen
identity  : /DC=ch/DC=cern/OU=Organic Units/OU=Users/CN=jiahua/CN=851532/CN=Jiahua Chen
type      : RFC compliant proxy
strength  : 2048 bits
path      : /afs/cern.ch/user/j/jiahua/proxy/x509up_u139833
timeleft  : 197:33:13
key usage : Digital Signature, Key Encipherment
=== VO cms extension information ===
VO        : cms
subject   : /DC=ch/DC=cern/OU=Organic Units/OU=Users/CN=jiahua/CN=851532/CN=Jiahua Chen
issuer    : /DC=ch/DC=cern/OU=computers/CN=cms-auth.cern.ch
attribute : /cms/Role=NULL/Capability=NULL
timeleft  : 189:33:13
uri       : voms-cms-auth.cern.ch:15000
subject   : /DC=ch/DC=cern/OU=Organic Units/OU=Users/CN=jiahua/CN=851532/CN=Jiahua Chen/CN=1735721823
issuer    : /DC=ch/DC=cern/OU=Organic Units/OU=Users/CN=jiahua/CN=851532/CN=Jiahua Chen
identity  : /DC=ch/DC=cern/OU=Organic Units/OU=Users/CN=jiahua/CN=851532/CN=Jiahua Chen
type      : RFC compliant proxy
strength  : 2048 bits
path      : /afs/cern.ch/user/j/jiahua/proxy/x509up_u139833
timeleft  : 197:33:13
key usage : Digital Signature, Key Encipherment
=== VO cms extension information ===
VO        : cms
subject   : /DC=ch/DC=cern/OU=Organic Units/OU=Users/CN=jiahua/CN=851532/CN=Jiahua Chen
issuer    : /DC=ch/DC=cern/OU=computers/CN=cms-auth.cern.ch
attribute : /cms/Role=NULL/Capability=NULL
timeleft  : 189:33:13
uri       : voms-cms-auth.cern.ch:15000
/eos/user/j/jiahua/MC_2022EE_inc/WWto2L2Nu_powheg_22EE_ext1-v2/51e5080e-e0ce-4891-8079-0b5548bc01dd.root
[2025-11-08 10:05:45.405] [main] [info] Checking input files
[2025-11-08 10:05:51.437] [main] [info] NanoAOD input_file 1: root://cms-xrd-global.cern.ch//store/mc/Run3Summer22EENanoAODv12/WWto2L2Nu_TuneCP5_13p6TeV_powheg-pythia8/NANOAODSIM/130X_mcRun3_2022_realistic_postEE_v6_ext1-v2/50000/51e5080e-e0ce-4891-8079-0b5548bc01dd.root - 169448 Events
[2025-11-08 10:05:51.437] [main] [info] input_file 1: root://cms-xrd-global.cern.ch//store/mc/Run3Summer22EENanoAODv12/WWto2L2Nu_TuneCP5_13p6TeV_powheg-pythia8/NANOAODSIM/130X_mcRun3_2022_realistic_postEE_v6_ext1-v2/50000/51e5080e-e0ce-4891-8079-0b5548bc01dd.root - SumOfGenWeight: 1997645.1810000031 
[2025-11-08 10:05:51.437] [main] [info] Output directory: /eos/user/j/jiahua/MC_2022EE_inc/WWto2L2Nu_powheg_22EE_ext1-v2/51e5080e-e0ce-4891-8079-0b5548bc01dd.root
[2025-11-08 10:05:51.438] [main] [info] Starting Setup of Dataframe with 169448 events
[2025-11-08 10:06:32.911] [main] [info] Finished Setup
[2025-11-08 10:06:32.911] [main] [info] Runtime for setup (real time: 41.47, CPU time: 40.92)
[2025-11-08 10:06:32.911] [main] [info] Starting Evaluation
[2025-11-08 10:06:41.935] [main] [info] 10000 / 169448 (5.90 %) Events processed ...
[2025-11-08 10:06:42.456] [main] [info] 20000 / 169448 (11.80 %) Events processed ...
[2025-11-08 10:06:43.047] [main] [info] 30000 / 169448 (17.70 %) Events processed ...
[2025-11-08 10:06:44.087] [main] [info] 40000 / 169448 (23.61 %) Events processed ...
[2025-11-08 10:06:44.590] [main] [info] 50000 / 169448 (29.51 %) Events processed ...
[2025-11-08 10:06:45.174] [main] [info] 60000 / 169448 (35.41 %) Events processed ...
[2025-11-08 10:06:46.972] [main] [info] 70000 / 169448 (41.31 %) Events processed ...
[2025-11-08 10:06:47.487] [main] [info] 80000 / 169448 (47.21 %) Events processed ...
[2025-11-08 10:06:48.019] [main] [info] 90000 / 169448 (53.11 %) Events processed ...
[2025-11-08 10:06:49.190] [main] [info] 100000 / 169448 (59.02 %) Events processed ...
[2025-11-08 10:06:49.674] [main] [info] 110000 / 169448 (64.92 %) Events processed ...
[2025-11-08 10:06:50.143] [main] [info] 120000 / 169448 (70.82 %) Events processed ...
[2025-11-08 10:06:53.426] [main] [info] 130000 / 169448 (76.72 %) Events processed ...
[2025-11-08 10:06:53.965] [main] [info] 140000 / 169448 (82.62 %) Events processed ...
[2025-11-08 10:06:54.459] [main] [info] 150000 / 169448 (88.52 %) Events processed ...
[2025-11-08 10:06:55.543] [main] [info] 160000 / 169448 (94.42 %) Events processed ...
[2025-11-08 10:06:56.201] [main] [info] vbfhmm:
Flag_goodVertices: pass=169448     all=169448     -- eff=100.00 % cumulative eff=100.00 %
Flag_globalSuperTightHalo2016Filter: pass=169438     all=169448     -- eff=99.99 % cumulative eff=99.99 %
Flag_EcalDeadCellTriggerPrimitiveFilter: pass=169422     all=169438     -- eff=99.99 % cumulative eff=99.98 %
Flag_BadPFMuonFilter: pass=169413     all=169422     -- eff=99.99 % cumulative eff=99.98 %
Flag_BadPFMuonDzFilter: pass=169411     all=169413     -- eff=100.00 % cumulative eff=99.98 %
Flag_eeBadScFilter: pass=169411     all=169411     -- eff=100.00 % cumulative eff=99.98 %
Flag_ecalBadCalibFilter: pass=169380     all=169411     -- eff=99.98 % cumulative eff=99.96 %
Flag_hfNoisyHitsFilter: pass=169371     all=169380     -- eff=99.99 % cumulative eff=99.95 %
Number of muons 2: pass=8808       all=169371     -- eff=5.20 % cumulative eff=5.20 %
DiMuon From Higgs: pass=4211       all=8808       -- eff=47.81 % cumulative eff=2.49 %
LeptonChargeSum: pass=4211       all=4211       -- eff=100.00 % cumulative eff=2.49 %
[2025-11-08 10:06:56.331] [main] [info] Writing quantities map to /eos/user/j/jiahua/MC_2022EE_inc/WWto2L2Nu_powheg_22EE_ext1-v2/51e5080e-e0ce-4891-8079-0b5548bc01dd_vbfhmm.root
[2025-11-08 10:06:56.406] [main] [info] Finished Evaluation
[2025-11-08 10:06:56.407] [main] [info] Overall runtime (real time: 64.97, CPU time: 56.29)
