Starting job on \n
Running on: Linux b9g32p1856.cern.ch 5.14.0-570.42.2.el9_6.x86_64 #1 SMP PREEMPT_DYNAMIC Mon Sep 8 12:15:13 EDT 2025 x86_64 x86_64 x86_64 GNU/Linux\n
System software: Red Hat Enterprise Linux release 9.6 (Plow)\n
Setting up CROWN for RedHatEnterprise Version 9.6
subject   : /DC=ch/DC=cern/OU=Organic Units/OU=Users/CN=jiahua/CN=851532/CN=Jiahua Chen/CN=1735721823
issuer    : /DC=ch/DC=cern/OU=Organic Units/OU=Users/CN=jiahua/CN=851532/CN=Jiahua Chen
identity  : /DC=ch/DC=cern/OU=Organic Units/OU=Users/CN=jiahua/CN=851532/CN=Jiahua Chen
type      : RFC compliant proxy
strength  : 2048 bits
path      : /afs/cern.ch/user/j/jiahua/proxy/x509up_u139833
timeleft  : 197:32:21
key usage : Digital Signature, Key Encipherment
=== VO cms extension information ===
VO        : cms
subject   : /DC=ch/DC=cern/OU=Organic Units/OU=Users/CN=jiahua/CN=851532/CN=Jiahua Chen
issuer    : /DC=ch/DC=cern/OU=computers/CN=cms-auth.cern.ch
attribute : /cms/Role=NULL/Capability=NULL
timeleft  : 189:32:21
uri       : voms-cms-auth.cern.ch:15000
subject   : /DC=ch/DC=cern/OU=Organic Units/OU=Users/CN=jiahua/CN=851532/CN=Jiahua Chen/CN=1735721823
issuer    : /DC=ch/DC=cern/OU=Organic Units/OU=Users/CN=jiahua/CN=851532/CN=Jiahua Chen
identity  : /DC=ch/DC=cern/OU=Organic Units/OU=Users/CN=jiahua/CN=851532/CN=Jiahua Chen
type      : RFC compliant proxy
strength  : 2048 bits
path      : /afs/cern.ch/user/j/jiahua/proxy/x509up_u139833
timeleft  : 197:32:21
key usage : Digital Signature, Key Encipherment
=== VO cms extension information ===
VO        : cms
subject   : /DC=ch/DC=cern/OU=Organic Units/OU=Users/CN=jiahua/CN=851532/CN=Jiahua Chen
issuer    : /DC=ch/DC=cern/OU=computers/CN=cms-auth.cern.ch
attribute : /cms/Role=NULL/Capability=NULL
timeleft  : 189:32:21
uri       : voms-cms-auth.cern.ch:15000
/eos/user/j/jiahua/MC_2022EE_inc/WWto2L2Nu_powheg_22EE_ext1-v2/5679795d-6306-4174-afa3-ba91977553ca.root
[2025-11-08 10:06:37.973] [main] [info] Checking input files
[2025-11-08 10:06:44.005] [main] [info] NanoAOD input_file 1: root://cms-xrd-global.cern.ch//store/mc/Run3Summer22EENanoAODv12/WWto2L2Nu_TuneCP5_13p6TeV_powheg-pythia8/NANOAODSIM/130X_mcRun3_2022_realistic_postEE_v6_ext1-v2/40000/5679795d-6306-4174-afa3-ba91977553ca.root - 124214 Events
[2025-11-08 10:06:44.005] [main] [info] input_file 1: root://cms-xrd-global.cern.ch//store/mc/Run3Summer22EENanoAODv12/WWto2L2Nu_TuneCP5_13p6TeV_powheg-pythia8/NANOAODSIM/130X_mcRun3_2022_realistic_postEE_v6_ext1-v2/40000/5679795d-6306-4174-afa3-ba91977553ca.root - SumOfGenWeight: 1464527.8830000025 
[2025-11-08 10:06:44.005] [main] [info] Output directory: /eos/user/j/jiahua/MC_2022EE_inc/WWto2L2Nu_powheg_22EE_ext1-v2/5679795d-6306-4174-afa3-ba91977553ca.root
[2025-11-08 10:06:44.006] [main] [info] Starting Setup of Dataframe with 124214 events
[2025-11-08 10:07:36.444] [main] [info] Finished Setup
[2025-11-08 10:07:36.444] [main] [info] Runtime for setup (real time: 52.44, CPU time: 51.71)
[2025-11-08 10:07:36.444] [main] [info] Starting Evaluation
[2025-11-08 10:07:44.970] [main] [info] 10000 / 124214 (8.05 %) Events processed ...
[2025-11-08 10:07:45.657] [main] [info] 20000 / 124214 (16.10 %) Events processed ...
[2025-11-08 10:07:46.362] [main] [info] 30000 / 124214 (24.15 %) Events processed ...
[2025-11-08 10:07:47.371] [main] [info] 40000 / 124214 (32.20 %) Events processed ...
[2025-11-08 10:07:48.017] [main] [info] 50000 / 124214 (40.25 %) Events processed ...
[2025-11-08 10:07:48.720] [main] [info] 60000 / 124214 (48.30 %) Events processed ...
[2025-11-08 10:07:49.748] [main] [info] 70000 / 124214 (56.35 %) Events processed ...
[2025-11-08 10:07:50.440] [main] [info] 80000 / 124214 (64.40 %) Events processed ...
[2025-11-08 10:07:50.974] [main] [info] 90000 / 124214 (72.46 %) Events processed ...
[2025-11-08 10:07:51.950] [main] [info] 100000 / 124214 (80.51 %) Events processed ...
[2025-11-08 10:07:52.518] [main] [info] 110000 / 124214 (88.56 %) Events processed ...
[2025-11-08 10:07:53.163] [main] [info] 120000 / 124214 (96.61 %) Events processed ...
[2025-11-08 10:07:53.736] [main] [info] vbfhmm:
Flag_goodVertices: pass=124214     all=124214     -- eff=100.00 % cumulative eff=100.00 %
Flag_globalSuperTightHalo2016Filter: pass=124207     all=124214     -- eff=99.99 % cumulative eff=99.99 %
Flag_EcalDeadCellTriggerPrimitiveFilter: pass=124198     all=124207     -- eff=99.99 % cumulative eff=99.99 %
Flag_BadPFMuonFilter: pass=124188     all=124198     -- eff=99.99 % cumulative eff=99.98 %
Flag_BadPFMuonDzFilter: pass=124188     all=124188     -- eff=100.00 % cumulative eff=99.98 %
Flag_eeBadScFilter: pass=124188     all=124188     -- eff=100.00 % cumulative eff=99.98 %
Flag_ecalBadCalibFilter: pass=124167     all=124188     -- eff=99.98 % cumulative eff=99.96 %
Flag_hfNoisyHitsFilter: pass=124162     all=124167     -- eff=100.00 % cumulative eff=99.96 %
Number of muons 2: pass=6318       all=124162     -- eff=5.09 % cumulative eff=5.09 %
DiMuon From Higgs: pass=3040       all=6318       -- eff=48.12 % cumulative eff=2.45 %
LeptonChargeSum: pass=3040       all=3040       -- eff=100.00 % cumulative eff=2.45 %
[2025-11-08 10:07:53.939] [main] [info] Writing quantities map to /eos/user/j/jiahua/MC_2022EE_inc/WWto2L2Nu_powheg_22EE_ext1-v2/5679795d-6306-4174-afa3-ba91977553ca_vbfhmm.root
[2025-11-08 10:07:54.162] [main] [info] Finished Evaluation
[2025-11-08 10:07:54.162] [main] [info] Overall runtime (real time: 70.16, CPU time: 67.06)
