000 (12769429.180.000) 11/08 09:48:39 Job submitted from host: <188.185.121.235:9618?addrs=188.185.121.235-9618+[2001-1458-d00-49--100-36e]-9618&alias=bigbird22.cern.ch&noUDP&sock=schedd_232129_c3ca>
...
040 (12769429.180.000) 11/08 10:06:44 Started transferring input files
	Transferring to host: <188.185.209.145:9618?addrs=188.185.209.145-9618+[2001-1458-303-12--100-e]-9618&alias=b9p12p3957.cern.ch&noUDP&sock=slot1_22_8662_e999_50799>
...
040 (12769429.180.000) 11/08 10:06:45 Finished transferring input files
...
001 (12769429.180.000) 11/08 10:06:46 Job executing on host: <188.185.209.145:9618?addrs=188.185.209.145-9618+[2001-1458-303-12--100-e]-9618&alias=b9p12p3957.cern.ch&noUDP&sock=startd_7265_c3a2>
	SlotName: slot1_22@b9p12p3957.cern.ch
	CondorScratchDir = "/pool/condor/dir_2823438"
	Cpus = 1
	Disk = 15987
	GPUs = 0
	Memory = 3000
...
006 (12769429.180.000) 11/08 10:07:00 Image size of job updated: 107020
	105  -  MemoryUsage of job (MB)
	107020  -  ResidentSetSize of job (KB)
...
006 (12769429.180.000) 11/08 10:08:31 Image size of job updated: 434144
	105  -  MemoryUsage of job (MB)
	107020  -  ResidentSetSize of job (KB)
...
040 (12769429.180.000) 11/08 10:08:31 Started transferring output files
...
040 (12769429.180.000) 11/08 10:08:31 Finished transferring output files
...
005 (12769429.180.000) 11/08 10:08:31 Job terminated.
	(1) Normal termination (return value 0)
		Usr 0 00:01:05, Sys 0 00:00:02  -  Run Remote Usage
		Usr 0 00:00:00, Sys 0 00:00:00  -  Run Local Usage
		Usr 0 00:01:05, Sys 0 00:00:02  -  Total Remote Usage
		Usr 0 00:00:00, Sys 0 00:00:00  -  Total Local Usage
	10437  -  Run Bytes Sent By Job
	11220238  -  Run Bytes Received By Job
	10437  -  Total Bytes Sent By Job
	11220238  -  Total Bytes Received By Job
	Partitionable Resources :    Usage  Request Allocated 
	   Cpus                 :                 1         1 
	   Disk (KB)            :    10983    12500     15987 
	   GPUs                 :                           0 
	   Memory (MB)          :      105     3000      3000 
	   TimeExecute (s)      :      106                    
	   TimeSlotBusy (s)     :      108                    

	Job terminated of its own accord at 2025-11-08T09:08:31Z with exit-code 0.
...
