000 (12769429.102.000) 11/08 09:48:39 Job submitted from host: <188.185.121.235:9618?addrs=188.185.121.235-9618+[2001-1458-d00-49--100-36e]-9618&alias=bigbird22.cern.ch&noUDP&sock=schedd_232129_c3ca>
...
040 (12769429.102.000) 11/08 10:06:08 Started transferring input files
	Transferring to host: <188.185.196.93:9618?addrs=188.185.196.93-9618+[2001-1458-303-23--100-59]-9618&alias=b9p16p2468.cern.ch&noUDP&sock=slot1_45_5874_83a8_42058>
...
001 (12769429.102.000) 11/08 10:06:11 Job executing on host: <188.185.196.93:9618?addrs=188.185.196.93-9618+[2001-1458-303-23--100-59]-9618&alias=b9p16p2468.cern.ch&noUDP&sock=startd_4770_66d7>
	SlotName: slot1_45@b9p16p2468.cern.ch
	CondorScratchDir = "/pool/condor/dir_1620073"
	Cpus = 1
	Disk = 15882
	GPUs = 0
	Memory = 3000
...
040 (12769429.102.000) 11/08 10:06:11 Finished transferring input files
...
006 (12769429.102.000) 11/08 10:06:24 Image size of job updated: 94636
	93  -  MemoryUsage of job (MB)
	94636  -  ResidentSetSize of job (KB)
...
006 (12769429.102.000) 11/08 10:07:55 Image size of job updated: 414448
	93  -  MemoryUsage of job (MB)
	94636  -  ResidentSetSize of job (KB)
...
040 (12769429.102.000) 11/08 10:07:56 Started transferring output files
...
040 (12769429.102.000) 11/08 10:07:56 Finished transferring output files
...
005 (12769429.102.000) 11/08 10:07:57 Job terminated.
	(1) Normal termination (return value 0)
		Usr 0 00:01:25, Sys 0 00:00:02  -  Run Remote Usage
		Usr 0 00:00:00, Sys 0 00:00:00  -  Run Local Usage
		Usr 0 00:01:25, Sys 0 00:00:02  -  Total Remote Usage
		Usr 0 00:00:00, Sys 0 00:00:00  -  Total Local Usage
	9582  -  Run Bytes Sent By Job
	11220238  -  Run Bytes Received By Job
	9582  -  Total Bytes Sent By Job
	11220238  -  Total Bytes Received By Job
	Partitionable Resources :    Usage  Request Allocated 
	   Cpus                 :                 1         1 
	   Disk (KB)            :    10982    12500     15882 
	   GPUs                 :                           0 
	   Memory (MB)          :       93     3000      3000 
	   TimeExecute (s)      :      105                    
	   TimeSlotBusy (s)     :      110                    

	Job terminated of its own accord at 2025-11-08T09:07:55Z with exit-code 0.
...
