000 (12769429.227.000) 11/08 09:48:39 Job submitted from host: <188.185.121.235:9618?addrs=188.185.121.235-9618+[2001-1458-d00-49--100-36e]-9618&alias=bigbird22.cern.ch&noUDP&sock=schedd_232129_c3ca>
...
040 (12769429.227.000) 11/08 10:07:05 Started transferring input files
	Transferring to host: <188.185.193.61:9618?addrs=188.185.193.61-9618+[2001-1458-303-20--100-39]-9618&alias=b9p19p5021.cern.ch&noUDP&sock=slot1_31_184211_105c_18620>
...
040 (12769429.227.000) 11/08 10:07:05 Finished transferring input files
...
001 (12769429.227.000) 11/08 10:07:07 Job executing on host: <188.185.193.61:9618?addrs=188.185.193.61-9618+[2001-1458-303-20--100-39]-9618&alias=b9p19p5021.cern.ch&noUDP&sock=startd_173500_25b9>
	SlotName: slot1_31@b9p19p5021.cern.ch
	CondorScratchDir = "/pool/condor/dir_1864643"
	Cpus = 1
	Disk = 16117
	GPUs = 0
	Memory = 3000
...
006 (12769429.227.000) 11/08 10:07:21 Image size of job updated: 100556
	99  -  MemoryUsage of job (MB)
	100556  -  ResidentSetSize of job (KB)
...
006 (12769429.227.000) 11/08 10:08:41 Image size of job updated: 433620
	99  -  MemoryUsage of job (MB)
	100556  -  ResidentSetSize of job (KB)
...
040 (12769429.227.000) 11/08 10:08:41 Started transferring output files
...
040 (12769429.227.000) 11/08 10:08:41 Finished transferring output files
...
005 (12769429.227.000) 11/08 10:08:41 Job terminated.
	(1) Normal termination (return value 0)
		Usr 0 00:01:21, Sys 0 00:00:01  -  Run Remote Usage
		Usr 0 00:00:00, Sys 0 00:00:00  -  Run Local Usage
		Usr 0 00:01:21, Sys 0 00:00:01  -  Total Remote Usage
		Usr 0 00:00:00, Sys 0 00:00:00  -  Total Local Usage
	10169  -  Run Bytes Sent By Job
	11220238  -  Run Bytes Received By Job
	10169  -  Total Bytes Sent By Job
	11220238  -  Total Bytes Received By Job
	Partitionable Resources :    Usage  Request Allocated 
	   Cpus                 :        0        1         1 
	   Disk (KB)            :    10990    12500     16117 
	   GPUs                 :                           0 
	   Memory (MB)          :       99     3000      3000 
	   TimeExecute (s)      :       95                    
	   TimeSlotBusy (s)     :       97                    

	Job terminated of its own accord at 2025-11-08T09:08:41Z with exit-code 0.
...
