000 (12769429.071.000) 11/08 09:48:39 Job submitted from host: <188.185.121.235:9618?addrs=188.185.121.235-9618+[2001-1458-d00-49--100-36e]-9618&alias=bigbird22.cern.ch&noUDP&sock=schedd_232129_c3ca>
...
040 (12769429.071.000) 11/08 10:05:49 Started transferring input files
	Transferring to host: <188.185.209.51:9618?addrs=188.185.209.51-9618+[2001-1458-303-11--100-30]-9618&alias=b9p11p0504.cern.ch&noUDP&sock=slot1_22_3768_a592_42682>
...
040 (12769429.071.000) 11/08 10:05:49 Finished transferring input files
...
001 (12769429.071.000) 11/08 10:05:51 Job executing on host: <188.185.209.51:9618?addrs=188.185.209.51-9618+[2001-1458-303-11--100-30]-9618&alias=b9p11p0504.cern.ch&noUDP&sock=startd_3305_8898>
	SlotName: slot1_22@b9p11p0504.cern.ch
	CondorScratchDir = "/pool/condor/dir_407568"
	Cpus = 1
	Disk = 15535
	GPUs = 0
	Memory = 3000
...
006 (12769429.071.000) 11/08 10:06:04 Image size of job updated: 95620
	94  -  MemoryUsage of job (MB)
	95620  -  ResidentSetSize of job (KB)
...
006 (12769429.071.000) 11/08 10:07:42 Image size of job updated: 433664
	94  -  MemoryUsage of job (MB)
	95632  -  ResidentSetSize of job (KB)
...
040 (12769429.071.000) 11/08 10:07:42 Started transferring output files
...
040 (12769429.071.000) 11/08 10:07:42 Finished transferring output files
...
005 (12769429.071.000) 11/08 10:07:43 Job terminated.
	(1) Normal termination (return value 0)
		Usr 0 00:01:22, Sys 0 00:00:03  -  Run Remote Usage
		Usr 0 00:00:00, Sys 0 00:00:00  -  Run Local Usage
		Usr 0 00:01:22, Sys 0 00:00:03  -  Total Remote Usage
		Usr 0 00:00:00, Sys 0 00:00:00  -  Total Local Usage
	10082  -  Run Bytes Sent By Job
	11220238  -  Run Bytes Received By Job
	10082  -  Total Bytes Sent By Job
	11220238  -  Total Bytes Received By Job
	Partitionable Resources :    Usage  Request Allocated 
	   Cpus                 :        0        1         1 
	   Disk (KB)            :    10992    12500     15535 
	   GPUs                 :                           0 
	   Memory (MB)          :       94     3000      3000 
	   TimeExecute (s)      :      112                    
	   TimeSlotBusy (s)     :      113                    

	Job terminated of its own accord at 2025-11-08T09:07:42Z with exit-code 0.
...
