Starting job on \n
Running on: Linux b9p16p9531.cern.ch 5.14.0-570.46.1.el9_6.x86_64 #1 SMP PREEMPT_DYNAMIC Tue Sep 16 03:28:23 EDT 2025 x86_64 x86_64 x86_64 GNU/Linux\n
System software: Red Hat Enterprise Linux release 9.6 (Plow)\n
Setting up CROWN for RedHatEnterprise Version 9.6
subject   : /DC=ch/DC=cern/OU=Organic Units/OU=Users/CN=jiahua/CN=851532/CN=Jiahua Chen/CN=1735721823
issuer    : /DC=ch/DC=cern/OU=Organic Units/OU=Users/CN=jiahua/CN=851532/CN=Jiahua Chen
identity  : /DC=ch/DC=cern/OU=Organic Units/OU=Users/CN=jiahua/CN=851532/CN=Jiahua Chen
type      : RFC compliant proxy
strength  : 2048 bits
path      : /afs/cern.ch/user/j/jiahua/proxy/x509up_u139833
timeleft  : 197:31:39
key usage : Digital Signature, Key Encipherment
=== VO cms extension information ===
VO        : cms
subject   : /DC=ch/DC=cern/OU=Organic Units/OU=Users/CN=jiahua/CN=851532/CN=Jiahua Chen
issuer    : /DC=ch/DC=cern/OU=computers/CN=cms-auth.cern.ch
attribute : /cms/Role=NULL/Capability=NULL
timeleft  : 189:31:39
uri       : voms-cms-auth.cern.ch:15000
subject   : /DC=ch/DC=cern/OU=Organic Units/OU=Users/CN=jiahua/CN=851532/CN=Jiahua Chen/CN=1735721823
issuer    : /DC=ch/DC=cern/OU=Organic Units/OU=Users/CN=jiahua/CN=851532/CN=Jiahua Chen
identity  : /DC=ch/DC=cern/OU=Organic Units/OU=Users/CN=jiahua/CN=851532/CN=Jiahua Chen
type      : RFC compliant proxy
strength  : 2048 bits
path      : /afs/cern.ch/user/j/jiahua/proxy/x509up_u139833
timeleft  : 197:31:39
key usage : Digital Signature, Key Encipherment
=== VO cms extension information ===
VO        : cms
subject   : /DC=ch/DC=cern/OU=Organic Units/OU=Users/CN=jiahua/CN=851532/CN=Jiahua Chen
issuer    : /DC=ch/DC=cern/OU=computers/CN=cms-auth.cern.ch
attribute : /cms/Role=NULL/Capability=NULL
timeleft  : 189:31:39
uri       : voms-cms-auth.cern.ch:15000
/eos/user/j/jiahua/MC_2022EE_inc/WWto2L2Nu_powheg_22EE_ext1-v2/f93ba260-fe17-4dab-afb2-488a68a192c7.root
[2025-11-08 10:07:20.099] [main] [info] Checking input files
[2025-11-08 10:07:32.447] [main] [info] NanoAOD input_file 1: root://cms-xrd-global.cern.ch//store/mc/Run3Summer22EENanoAODv12/WWto2L2Nu_TuneCP5_13p6TeV_powheg-pythia8/NANOAODSIM/130X_mcRun3_2022_realistic_postEE_v6_ext1-v2/40000/f93ba260-fe17-4dab-afb2-488a68a192c7.root - 77544 Events
[2025-11-08 10:07:32.447] [main] [info] input_file 1: root://cms-xrd-global.cern.ch//store/mc/Run3Summer22EENanoAODv12/WWto2L2Nu_TuneCP5_13p6TeV_powheg-pythia8/NANOAODSIM/130X_mcRun3_2022_realistic_postEE_v6_ext1-v2/40000/f93ba260-fe17-4dab-afb2-488a68a192c7.root - SumOfGenWeight: 914124.2460000013 
[2025-11-08 10:07:32.448] [main] [info] Output directory: /eos/user/j/jiahua/MC_2022EE_inc/WWto2L2Nu_powheg_22EE_ext1-v2/f93ba260-fe17-4dab-afb2-488a68a192c7.root
[2025-11-08 10:07:32.448] [main] [info] Starting Setup of Dataframe with 77544 events
[2025-11-08 10:09:09.654] [main] [info] Finished Setup
[2025-11-08 10:09:09.654] [main] [info] Runtime for setup (real time: 97.21, CPU time: 93.98)
[2025-11-08 10:09:09.654] [main] [info] Starting Evaluation
[2025-11-08 10:09:25.664] [main] [info] 10000 / 77544 (12.90 %) Events processed ...
[2025-11-08 10:09:26.557] [main] [info] 20000 / 77544 (25.79 %) Events processed ...
[2025-11-08 10:09:27.523] [main] [info] 30000 / 77544 (38.69 %) Events processed ...
[2025-11-08 10:09:28.988] [main] [info] 40000 / 77544 (51.58 %) Events processed ...
[2025-11-08 10:09:30.040] [main] [info] 50000 / 77544 (64.48 %) Events processed ...
[2025-11-08 10:09:31.198] [main] [info] 60000 / 77544 (77.38 %) Events processed ...
[2025-11-08 10:09:33.038] [main] [info] 70000 / 77544 (90.27 %) Events processed ...
[2025-11-08 10:09:34.199] [main] [info] vbfhmm:
Flag_goodVertices: pass=77544      all=77544      -- eff=100.00 % cumulative eff=100.00 %
Flag_globalSuperTightHalo2016Filter: pass=77539      all=77544      -- eff=99.99 % cumulative eff=99.99 %
Flag_EcalDeadCellTriggerPrimitiveFilter: pass=77531      all=77539      -- eff=99.99 % cumulative eff=99.98 %
Flag_BadPFMuonFilter: pass=77526      all=77531      -- eff=99.99 % cumulative eff=99.98 %
Flag_BadPFMuonDzFilter: pass=77526      all=77526      -- eff=100.00 % cumulative eff=99.98 %
Flag_eeBadScFilter: pass=77526      all=77526      -- eff=100.00 % cumulative eff=99.98 %
Flag_ecalBadCalibFilter: pass=77509      all=77526      -- eff=99.98 % cumulative eff=99.95 %
Flag_hfNoisyHitsFilter: pass=77503      all=77509      -- eff=99.99 % cumulative eff=99.95 %
Number of muons 2: pass=4013       all=77503      -- eff=5.18 % cumulative eff=5.18 %
DiMuon From Higgs: pass=1897       all=4013       -- eff=47.27 % cumulative eff=2.45 %
LeptonChargeSum: pass=1897       all=1897       -- eff=100.00 % cumulative eff=2.45 %
[2025-11-08 10:09:34.413] [main] [info] Writing quantities map to /eos/user/j/jiahua/MC_2022EE_inc/WWto2L2Nu_powheg_22EE_ext1-v2/f93ba260-fe17-4dab-afb2-488a68a192c7_vbfhmm.root
[2025-11-08 10:09:34.524] [main] [info] Finished Evaluation
[2025-11-08 10:09:34.524] [main] [info] Overall runtime (real time: 122.08, CPU time: 115.25)
