Starting job on \n
Running on: Linux b9p26p1640.cern.ch 5.14.0-570.44.1.el9_6.x86_64 #1 SMP PREEMPT_DYNAMIC Tue Sep 9 05:17:30 EDT 2025 x86_64 x86_64 x86_64 GNU/Linux\n
System software: Red Hat Enterprise Linux release 9.6 (Plow)\n
Setting up CROWN for RedHatEnterprise Version 9.6
subject   : /DC=ch/DC=cern/OU=Organic Units/OU=Users/CN=jiahua/CN=851532/CN=Jiahua Chen/CN=1735721823
issuer    : /DC=ch/DC=cern/OU=Organic Units/OU=Users/CN=jiahua/CN=851532/CN=Jiahua Chen
identity  : /DC=ch/DC=cern/OU=Organic Units/OU=Users/CN=jiahua/CN=851532/CN=Jiahua Chen
type      : RFC compliant proxy
strength  : 2048 bits
path      : /afs/cern.ch/user/j/jiahua/proxy/x509up_u139833
timeleft  : 197:32:52
key usage : Digital Signature, Key Encipherment
=== VO cms extension information ===
VO        : cms
subject   : /DC=ch/DC=cern/OU=Organic Units/OU=Users/CN=jiahua/CN=851532/CN=Jiahua Chen
issuer    : /DC=ch/DC=cern/OU=computers/CN=cms-auth.cern.ch
attribute : /cms/Role=NULL/Capability=NULL
timeleft  : 189:32:52
uri       : voms-cms-auth.cern.ch:15000
subject   : /DC=ch/DC=cern/OU=Organic Units/OU=Users/CN=jiahua/CN=851532/CN=Jiahua Chen/CN=1735721823
issuer    : /DC=ch/DC=cern/OU=Organic Units/OU=Users/CN=jiahua/CN=851532/CN=Jiahua Chen
identity  : /DC=ch/DC=cern/OU=Organic Units/OU=Users/CN=jiahua/CN=851532/CN=Jiahua Chen
type      : RFC compliant proxy
strength  : 2048 bits
path      : /afs/cern.ch/user/j/jiahua/proxy/x509up_u139833
timeleft  : 197:32:52
key usage : Digital Signature, Key Encipherment
=== VO cms extension information ===
VO        : cms
subject   : /DC=ch/DC=cern/OU=Organic Units/OU=Users/CN=jiahua/CN=851532/CN=Jiahua Chen
issuer    : /DC=ch/DC=cern/OU=computers/CN=cms-auth.cern.ch
attribute : /cms/Role=NULL/Capability=NULL
timeleft  : 189:32:52
uri       : voms-cms-auth.cern.ch:15000
/eos/user/j/jiahua/MC_2022EE_inc/WWto2L2Nu_powheg_22EE_ext1-v2/1b8ce9a2-e7a3-4d72-9791-c311e1c17106.root
[2025-11-08 10:06:06.267] [main] [info] Checking input files
[2025-11-08 10:06:10.896] [main] [info] NanoAOD input_file 1: root://cms-xrd-global.cern.ch//store/mc/Run3Summer22EENanoAODv12/WWto2L2Nu_TuneCP5_13p6TeV_powheg-pythia8/NANOAODSIM/130X_mcRun3_2022_realistic_postEE_v6_ext1-v2/2530000/1b8ce9a2-e7a3-4d72-9791-c311e1c17106.root - 63184 Events
[2025-11-08 10:06:10.896] [main] [info] input_file 1: root://cms-xrd-global.cern.ch//store/mc/Run3Summer22EENanoAODv12/WWto2L2Nu_TuneCP5_13p6TeV_powheg-pythia8/NANOAODSIM/130X_mcRun3_2022_realistic_postEE_v6_ext1-v2/2530000/1b8ce9a2-e7a3-4d72-9791-c311e1c17106.root - SumOfGenWeight: 744892.638000001 
[2025-11-08 10:06:10.896] [main] [info] Output directory: /eos/user/j/jiahua/MC_2022EE_inc/WWto2L2Nu_powheg_22EE_ext1-v2/1b8ce9a2-e7a3-4d72-9791-c311e1c17106.root
[2025-11-08 10:06:10.897] [main] [info] Starting Setup of Dataframe with 63184 events
[2025-11-08 10:06:55.589] [main] [info] Finished Setup
[2025-11-08 10:06:55.589] [main] [info] Runtime for setup (real time: 44.69, CPU time: 43.89)
[2025-11-08 10:06:55.589] [main] [info] Starting Evaluation
[2025-11-08 10:07:14.596] [main] [info] 10000 / 63184 (15.83 %) Events processed ...
[2025-11-08 10:07:15.130] [main] [info] 20000 / 63184 (31.65 %) Events processed ...
[2025-11-08 10:07:15.632] [main] [info] 30000 / 63184 (47.48 %) Events processed ...
[2025-11-08 10:07:23.720] [main] [info] 40000 / 63184 (63.31 %) Events processed ...
[2025-11-08 10:07:24.192] [main] [info] 50000 / 63184 (79.13 %) Events processed ...
[2025-11-08 10:07:24.694] [main] [info] 60000 / 63184 (94.96 %) Events processed ...
[2025-11-08 10:07:25.106] [main] [info] vbfhmm:
Flag_goodVertices: pass=63184      all=63184      -- eff=100.00 % cumulative eff=100.00 %
Flag_globalSuperTightHalo2016Filter: pass=63180      all=63184      -- eff=99.99 % cumulative eff=99.99 %
Flag_EcalDeadCellTriggerPrimitiveFilter: pass=63175      all=63180      -- eff=99.99 % cumulative eff=99.99 %
Flag_BadPFMuonFilter: pass=63174      all=63175      -- eff=100.00 % cumulative eff=99.98 %
Flag_BadPFMuonDzFilter: pass=63172      all=63174      -- eff=100.00 % cumulative eff=99.98 %
Flag_eeBadScFilter: pass=63172      all=63172      -- eff=100.00 % cumulative eff=99.98 %
Flag_ecalBadCalibFilter: pass=63163      all=63172      -- eff=99.99 % cumulative eff=99.97 %
Flag_hfNoisyHitsFilter: pass=63161      all=63163      -- eff=100.00 % cumulative eff=99.96 %
Number of muons 2: pass=3225       all=63161      -- eff=5.11 % cumulative eff=5.10 %
DiMuon From Higgs: pass=1505       all=3225       -- eff=46.67 % cumulative eff=2.38 %
LeptonChargeSum: pass=1505       all=1505       -- eff=100.00 % cumulative eff=2.38 %
[2025-11-08 10:07:25.419] [main] [info] Writing quantities map to /eos/user/j/jiahua/MC_2022EE_inc/WWto2L2Nu_powheg_22EE_ext1-v2/1b8ce9a2-e7a3-4d72-9791-c311e1c17106_vbfhmm.root
[2025-11-08 10:07:25.470] [main] [info] Finished Evaluation
[2025-11-08 10:07:25.470] [main] [info] Overall runtime (real time: 74.57, CPU time: 54.59)
