000 (12769429.150.000) 11/08 09:48:39 Job submitted from host: <188.185.121.235:9618?addrs=188.185.121.235-9618+[2001-1458-d00-49--100-36e]-9618&alias=bigbird22.cern.ch&noUDP&sock=schedd_232129_c3ca>
...
040 (12769429.150.000) 11/08 10:06:33 Started transferring input files
	Transferring to host: <188.185.212.233:9618?addrs=188.185.212.233-9618+[2001-1458-303-19--100-65]-9618&alias=b9p26p7289.cern.ch&noUDP&sock=slot1_33_10388_0920_46836>
...
040 (12769429.150.000) 11/08 10:06:33 Finished transferring input files
...
001 (12769429.150.000) 11/08 10:06:34 Job executing on host: <188.185.212.233:9618?addrs=188.185.212.233-9618+[2001-1458-303-19--100-65]-9618&alias=b9p26p7289.cern.ch&noUDP&sock=startd_10028_f3cf>
	SlotName: slot1_33@b9p26p7289.cern.ch
	CondorScratchDir = "/pool/condor/dir_2390071"
	Cpus = 1
	Disk = 15899
	GPUs = 0
	Memory = 3000
...
006 (12769429.150.000) 11/08 10:06:47 Image size of job updated: 97652
	96  -  MemoryUsage of job (MB)
	97652  -  ResidentSetSize of job (KB)
...
006 (12769429.150.000) 11/08 10:07:46 Image size of job updated: 433356
	96  -  MemoryUsage of job (MB)
	97652  -  ResidentSetSize of job (KB)
...
040 (12769429.150.000) 11/08 10:07:46 Started transferring output files
...
040 (12769429.150.000) 11/08 10:07:46 Finished transferring output files
...
005 (12769429.150.000) 11/08 10:07:47 Job terminated.
	(1) Normal termination (return value 0)
		Usr 0 00:01:00, Sys 0 00:00:02  -  Run Remote Usage
		Usr 0 00:00:00, Sys 0 00:00:00  -  Run Local Usage
		Usr 0 00:01:00, Sys 0 00:00:02  -  Total Remote Usage
		Usr 0 00:00:00, Sys 0 00:00:00  -  Total Local Usage
	9747  -  Run Bytes Sent By Job
	11220238  -  Run Bytes Received By Job
	9747  -  Total Bytes Sent By Job
	11220238  -  Total Bytes Received By Job
	Partitionable Resources :    Usage  Request Allocated 
	   Cpus                 :        0        1         1 
	   Disk (KB)            :    10990    12500     15899 
	   GPUs                 :                           0 
	   Memory (MB)          :       96     3000      3000 
	   TimeExecute (s)      :       72                    
	   TimeSlotBusy (s)     :       74                    

	Job terminated of its own accord at 2025-11-08T09:07:46Z with exit-code 0.
...
