000 (12769429.294.000) 11/08 09:48:39 Job submitted from host: <188.185.121.235:9618?addrs=188.185.121.235-9618+[2001-1458-d00-49--100-36e]-9618&alias=bigbird22.cern.ch&noUDP&sock=schedd_232129_c3ca>
...
040 (12769429.294.000) 11/08 10:07:31 Started transferring input files
	Transferring to host: <188.185.204.197:9618?addrs=188.185.204.197-9618+[2001-1458-303-8--100-b9]-9618&alias=b9p02p4569.cern.ch&noUDP&sock=slot1_34_5709_41c1_47875>
...
040 (12769429.294.000) 11/08 10:07:32 Finished transferring input files
...
001 (12769429.294.000) 11/08 10:07:32 Job executing on host: <188.185.204.197:9618?addrs=188.185.204.197-9618+[2001-1458-303-8--100-b9]-9618&alias=b9p02p4569.cern.ch&noUDP&sock=startd_4778_e399>
	SlotName: slot1_34@b9p02p4569.cern.ch
	CondorScratchDir = "/pool/condor/dir_864506"
	Cpus = 1
	Disk = 15587
	GPUs = 0
	Memory = 3000
...
006 (12769429.294.000) 11/08 10:07:46 Image size of job updated: 95680
	94  -  MemoryUsage of job (MB)
	95680  -  ResidentSetSize of job (KB)
...
006 (12769429.294.000) 11/08 10:08:52 Image size of job updated: 435260
	94  -  MemoryUsage of job (MB)
	95680  -  ResidentSetSize of job (KB)
...
040 (12769429.294.000) 11/08 10:08:52 Started transferring output files
...
040 (12769429.294.000) 11/08 10:08:53 Finished transferring output files
...
005 (12769429.294.000) 11/08 10:08:53 Job terminated.
	(1) Normal termination (return value 0)
		Usr 0 00:01:06, Sys 0 00:00:02  -  Run Remote Usage
		Usr 0 00:00:00, Sys 0 00:00:00  -  Run Local Usage
		Usr 0 00:01:06, Sys 0 00:00:02  -  Total Remote Usage
		Usr 0 00:00:00, Sys 0 00:00:00  -  Total Local Usage
	10700  -  Run Bytes Sent By Job
	11220238  -  Run Bytes Received By Job
	10700  -  Total Bytes Sent By Job
	11220238  -  Total Bytes Received By Job
	Partitionable Resources :    Usage  Request Allocated 
	   Cpus                 :        0        1         1 
	   Disk (KB)            :    10991    12500     15587 
	   GPUs                 :                           0 
	   Memory (MB)          :       94     3000      3000 
	   TimeExecute (s)      :       80                    
	   TimeSlotBusy (s)     :       82                    

	Job terminated of its own accord at 2025-11-08T09:08:52Z with exit-code 0.
...
