Starting job on \n
Running on: Linux b9p16p2468.cern.ch 5.14.0-570.46.1.el9_6.x86_64 #1 SMP PREEMPT_DYNAMIC Tue Sep 16 03:28:23 EDT 2025 x86_64 x86_64 x86_64 GNU/Linux\n
System software: Red Hat Enterprise Linux release 9.6 (Plow)\n
Setting up CROWN for RedHatEnterprise Version 9.6
subject   : /DC=ch/DC=cern/OU=Organic Units/OU=Users/CN=jiahua/CN=851532/CN=Jiahua Chen/CN=1735721823
issuer    : /DC=ch/DC=cern/OU=Organic Units/OU=Users/CN=jiahua/CN=851532/CN=Jiahua Chen
identity  : /DC=ch/DC=cern/OU=Organic Units/OU=Users/CN=jiahua/CN=851532/CN=Jiahua Chen
type      : RFC compliant proxy
strength  : 2048 bits
path      : /afs/cern.ch/user/j/jiahua/proxy/x509up_u139833
timeleft  : 197:31:05
key usage : Digital Signature, Key Encipherment
=== VO cms extension information ===
VO        : cms
subject   : /DC=ch/DC=cern/OU=Organic Units/OU=Users/CN=jiahua/CN=851532/CN=Jiahua Chen
issuer    : /DC=ch/DC=cern/OU=computers/CN=cms-auth.cern.ch
attribute : /cms/Role=NULL/Capability=NULL
timeleft  : 189:31:05
uri       : voms-cms-auth.cern.ch:15000
subject   : /DC=ch/DC=cern/OU=Organic Units/OU=Users/CN=jiahua/CN=851532/CN=Jiahua Chen/CN=1735721823
issuer    : /DC=ch/DC=cern/OU=Organic Units/OU=Users/CN=jiahua/CN=851532/CN=Jiahua Chen
identity  : /DC=ch/DC=cern/OU=Organic Units/OU=Users/CN=jiahua/CN=851532/CN=Jiahua Chen
type      : RFC compliant proxy
strength  : 2048 bits
path      : /afs/cern.ch/user/j/jiahua/proxy/x509up_u139833
timeleft  : 197:31:05
key usage : Digital Signature, Key Encipherment
=== VO cms extension information ===
VO        : cms
subject   : /DC=ch/DC=cern/OU=Organic Units/OU=Users/CN=jiahua/CN=851532/CN=Jiahua Chen
issuer    : /DC=ch/DC=cern/OU=computers/CN=cms-auth.cern.ch
attribute : /cms/Role=NULL/Capability=NULL
timeleft  : 189:31:05
uri       : voms-cms-auth.cern.ch:15000
/eos/user/j/jiahua/MC_2022EE_inc/WZto3LNu_powheg_22EE/6126c161-088a-46f3-b70b-26596a4b667b.root
[2025-11-08 10:07:53.571] [main] [info] Checking input files
[2025-11-08 10:07:58.675] [main] [info] NanoAOD input_file 1: root://cms-xrd-global.cern.ch//store/mc/Run3Summer22EENanoAODv12/WZto3LNu_TuneCP5_13p6TeV_powheg-pythia8/NANOAODSIM/130X_mcRun3_2022_realistic_postEE_v6-v2/2520000/6126c161-088a-46f3-b70b-26596a4b667b.root - 745093 Events
[2025-11-08 10:07:58.675] [main] [info] input_file 1: root://cms-xrd-global.cern.ch//store/mc/Run3Summer22EENanoAODv12/WZto3LNu_TuneCP5_13p6TeV_powheg-pythia8/NANOAODSIM/130X_mcRun3_2022_realistic_postEE_v6-v2/2520000/6126c161-088a-46f3-b70b-26596a4b667b.root - SumOfGenWeight: 3668872.2849399997 
[2025-11-08 10:07:58.675] [main] [info] Output directory: /eos/user/j/jiahua/MC_2022EE_inc/WZto3LNu_powheg_22EE/6126c161-088a-46f3-b70b-26596a4b667b.root
[2025-11-08 10:07:58.676] [main] [info] Starting Setup of Dataframe with 745093 events
[2025-11-08 10:09:19.156] [main] [info] Finished Setup
[2025-11-08 10:09:19.157] [main] [info] Runtime for setup (real time: 80.48, CPU time: 79.43)
[2025-11-08 10:09:19.157] [main] [info] Starting Evaluation
[2025-11-08 10:09:31.239] [main] [info] 10000 / 745093 (1.34 %) Events processed ...
[2025-11-08 10:09:32.543] [main] [info] 20000 / 745093 (2.68 %) Events processed ...
[2025-11-08 10:09:33.524] [main] [info] 30000 / 745093 (4.03 %) Events processed ...
[2025-11-08 10:09:34.804] [main] [info] 40000 / 745093 (5.37 %) Events processed ...
[2025-11-08 10:09:35.748] [main] [info] 50000 / 745093 (6.71 %) Events processed ...
[2025-11-08 10:09:36.815] [main] [info] 60000 / 745093 (8.05 %) Events processed ...
[2025-11-08 10:09:37.917] [main] [info] 70000 / 745093 (9.39 %) Events processed ...
[2025-11-08 10:09:38.994] [main] [info] 80000 / 745093 (10.74 %) Events processed ...
[2025-11-08 10:09:40.481] [main] [info] 90000 / 745093 (12.08 %) Events processed ...
[2025-11-08 10:09:42.148] [main] [info] 100000 / 745093 (13.42 %) Events processed ...
[2025-11-08 10:09:43.208] [main] [info] 110000 / 745093 (14.76 %) Events processed ...
[2025-11-08 10:09:44.332] [main] [info] 120000 / 745093 (16.11 %) Events processed ...
[2025-11-08 10:09:45.312] [main] [info] 130000 / 745093 (17.45 %) Events processed ...
[2025-11-08 10:09:46.891] [main] [info] 140000 / 745093 (18.79 %) Events processed ...
[2025-11-08 10:09:48.085] [main] [info] 150000 / 745093 (20.13 %) Events processed ...
[2025-11-08 10:09:49.348] [main] [info] 160000 / 745093 (21.47 %) Events processed ...
[2025-11-08 10:09:50.752] [main] [info] 170000 / 745093 (22.82 %) Events processed ...
[2025-11-08 10:09:51.808] [main] [info] 180000 / 745093 (24.16 %) Events processed ...
[2025-11-08 10:09:52.865] [main] [info] 190000 / 745093 (25.50 %) Events processed ...
[2025-11-08 10:09:54.795] [main] [info] 200000 / 745093 (26.84 %) Events processed ...
[2025-11-08 10:09:56.322] [main] [info] 210000 / 745093 (28.18 %) Events processed ...
[2025-11-08 10:09:58.047] [main] [info] 220000 / 745093 (29.53 %) Events processed ...
[2025-11-08 10:10:00.048] [main] [info] 230000 / 745093 (30.87 %) Events processed ...
[2025-11-08 10:10:01.090] [main] [info] 240000 / 745093 (32.21 %) Events processed ...
[2025-11-08 10:10:02.361] [main] [info] 250000 / 745093 (33.55 %) Events processed ...
[2025-11-08 10:10:03.428] [main] [info] 260000 / 745093 (34.89 %) Events processed ...
[2025-11-08 10:10:04.871] [main] [info] 270000 / 745093 (36.24 %) Events processed ...
[2025-11-08 10:10:05.964] [main] [info] 280000 / 745093 (37.58 %) Events processed ...
[2025-11-08 10:10:07.144] [main] [info] 290000 / 745093 (38.92 %) Events processed ...
[2025-11-08 10:10:08.605] [main] [info] 300000 / 745093 (40.26 %) Events processed ...
[2025-11-08 10:10:09.603] [main] [info] 310000 / 745093 (41.61 %) Events processed ...
[2025-11-08 10:10:10.693] [main] [info] 320000 / 745093 (42.95 %) Events processed ...
[2025-11-08 10:10:11.884] [main] [info] 330000 / 745093 (44.29 %) Events processed ...
[2025-11-08 10:10:12.926] [main] [info] 340000 / 745093 (45.63 %) Events processed ...
[2025-11-08 10:10:14.229] [main] [info] 350000 / 745093 (46.97 %) Events processed ...
[2025-11-08 10:10:15.672] [main] [info] 360000 / 745093 (48.32 %) Events processed ...
[2025-11-08 10:10:17.115] [main] [info] 370000 / 745093 (49.66 %) Events processed ...
[2025-11-08 10:10:18.465] [main] [info] 380000 / 745093 (51.00 %) Events processed ...
[2025-11-08 10:10:20.032] [main] [info] 390000 / 745093 (52.34 %) Events processed ...
[2025-11-08 10:10:22.087] [main] [info] 400000 / 745093 (53.68 %) Events processed ...
[2025-11-08 10:10:23.539] [main] [info] 410000 / 745093 (55.03 %) Events processed ...
[2025-11-08 10:10:24.900] [main] [info] 420000 / 745093 (56.37 %) Events processed ...
[2025-11-08 10:10:26.287] [main] [info] 430000 / 745093 (57.71 %) Events processed ...
[2025-11-08 10:10:27.277] [main] [info] 440000 / 745093 (59.05 %) Events processed ...
[2025-11-08 10:10:28.399] [main] [info] 450000 / 745093 (60.40 %) Events processed ...
[2025-11-08 10:10:30.740] [main] [info] 460000 / 745093 (61.74 %) Events processed ...
[2025-11-08 10:10:31.713] [main] [info] 470000 / 745093 (63.08 %) Events processed ...
[2025-11-08 10:10:32.838] [main] [info] 480000 / 745093 (64.42 %) Events processed ...
[2025-11-08 10:10:34.817] [main] [info] 490000 / 745093 (65.76 %) Events processed ...
[2025-11-08 10:10:36.228] [main] [info] 500000 / 745093 (67.11 %) Events processed ...
[2025-11-08 10:10:37.447] [main] [info] 510000 / 745093 (68.45 %) Events processed ...
[2025-11-08 10:10:38.321] [main] [info] 520000 / 745093 (69.79 %) Events processed ...
[2025-11-08 10:10:40.168] [main] [info] 530000 / 745093 (71.13 %) Events processed ...
[2025-11-08 10:10:41.679] [main] [info] 540000 / 745093 (72.47 %) Events processed ...
[2025-11-08 10:10:43.073] [main] [info] 550000 / 745093 (73.82 %) Events processed ...
[2025-11-08 10:10:44.703] [main] [info] 560000 / 745093 (75.16 %) Events processed ...
[2025-11-08 10:10:46.053] [main] [info] 570000 / 745093 (76.50 %) Events processed ...
[2025-11-08 10:10:47.565] [main] [info] 580000 / 745093 (77.84 %) Events processed ...
[2025-11-08 10:10:49.150] [main] [info] 590000 / 745093 (79.18 %) Events processed ...
[2025-11-08 10:10:50.562] [main] [info] 600000 / 745093 (80.53 %) Events processed ...
[2025-11-08 10:10:52.020] [main] [info] 610000 / 745093 (81.87 %) Events processed ...
[2025-11-08 10:10:53.451] [main] [info] 620000 / 745093 (83.21 %) Events processed ...
[2025-11-08 10:10:55.085] [main] [info] 630000 / 745093 (84.55 %) Events processed ...
[2025-11-08 10:10:56.779] [main] [info] 640000 / 745093 (85.90 %) Events processed ...
[2025-11-08 10:10:58.202] [main] [info] 650000 / 745093 (87.24 %) Events processed ...
[2025-11-08 10:10:59.943] [main] [info] 660000 / 745093 (88.58 %) Events processed ...
[2025-11-08 10:11:01.549] [main] [info] 670000 / 745093 (89.92 %) Events processed ...
[2025-11-08 10:11:02.901] [main] [info] 680000 / 745093 (91.26 %) Events processed ...
[2025-11-08 10:11:04.676] [main] [info] 690000 / 745093 (92.61 %) Events processed ...
[2025-11-08 10:11:06.218] [main] [info] 700000 / 745093 (93.95 %) Events processed ...
[2025-11-08 10:11:07.306] [main] [info] 710000 / 745093 (95.29 %) Events processed ...
[2025-11-08 10:11:08.729] [main] [info] 720000 / 745093 (96.63 %) Events processed ...
[2025-11-08 10:11:10.093] [main] [info] 730000 / 745093 (97.97 %) Events processed ...
[2025-11-08 10:11:11.356] [main] [info] 740000 / 745093 (99.32 %) Events processed ...
[2025-11-08 10:11:12.355] [main] [info] vbfhmm:
Flag_goodVertices: pass=745093     all=745093     -- eff=100.00 % cumulative eff=100.00 %
Flag_globalSuperTightHalo2016Filter: pass=745052     all=745093     -- eff=99.99 % cumulative eff=99.99 %
Flag_EcalDeadCellTriggerPrimitiveFilter: pass=744996     all=745052     -- eff=99.99 % cumulative eff=99.99 %
Flag_BadPFMuonFilter: pass=744971     all=744996     -- eff=100.00 % cumulative eff=99.98 %
Flag_BadPFMuonDzFilter: pass=744967     all=744971     -- eff=100.00 % cumulative eff=99.98 %
Flag_eeBadScFilter: pass=744967     all=744967     -- eff=100.00 % cumulative eff=99.98 %
Flag_ecalBadCalibFilter: pass=744850     all=744967     -- eff=99.98 % cumulative eff=99.97 %
Flag_hfNoisyHitsFilter: pass=744830     all=744850     -- eff=100.00 % cumulative eff=99.96 %
Number of muons 2: pass=50747      all=744830     -- eff=6.81 % cumulative eff=6.81 %
DiMuon From Higgs: pass=39459      all=50747      -- eff=77.76 % cumulative eff=5.30 %
LeptonChargeSum: pass=30854      all=39459      -- eff=78.19 % cumulative eff=4.14 %
[2025-11-08 10:11:12.481] [main] [info] Writing quantities map to /eos/user/j/jiahua/MC_2022EE_inc/WZto3LNu_powheg_22EE/6126c161-088a-46f3-b70b-26596a4b667b_vbfhmm.root
[2025-11-08 10:11:12.750] [main] [info] Finished Evaluation
[2025-11-08 10:11:12.750] [main] [info] Overall runtime (real time: 194.07, CPU time: 184.36)
