000 (12769433.026.000) 11/08 09:48:50 Job submitted from host: <188.185.121.235:9618?addrs=188.185.121.235-9618+[2001-1458-d00-49--100-36e]-9618&alias=bigbird22.cern.ch&noUDP&sock=schedd_232129_c3ca>
...
040 (12769433.026.000) 11/08 10:13:31 Started transferring input files
	Transferring to host: <128.142.137.183:9618?addrs=128.142.137.183-9618+[2001-1458-301-5e--100-ab]-9618&alias=b9g19p0635.cern.ch&noUDP&sock=slot1_17_2823_cf0c_55203>
...
040 (12769433.026.000) 11/08 10:13:31 Finished transferring input files
...
001 (12769433.026.000) 11/08 10:13:32 Job executing on host: <128.142.137.183:9618?addrs=128.142.137.183-9618+[2001-1458-301-5e--100-ab]-9618&alias=b9g19p0635.cern.ch&noUDP&sock=startd_2436_78cb>
	SlotName: slot1_17@b9g19p0635.cern.ch
	CondorScratchDir = "/pool/condor/dir_2637823"
	Cpus = 1
	Disk = 14982
	GPUs = 0
	Memory = 3000
...
006 (12769433.026.000) 11/08 10:13:45 Image size of job updated: 137844
	135  -  MemoryUsage of job (MB)
	137844  -  ResidentSetSize of job (KB)
...
006 (12769433.026.000) 11/08 10:15:11 Image size of job updated: 411460
	135  -  MemoryUsage of job (MB)
	137856  -  ResidentSetSize of job (KB)
...
040 (12769433.026.000) 11/08 10:15:11 Started transferring output files
...
040 (12769433.026.000) 11/08 10:15:12 Finished transferring output files
...
005 (12769433.026.000) 11/08 10:15:14 Job terminated.
	(1) Normal termination (return value 0)
		Usr 0 00:01:28, Sys 0 00:00:01  -  Run Remote Usage
		Usr 0 00:00:00, Sys 0 00:00:00  -  Run Local Usage
		Usr 0 00:01:28, Sys 0 00:00:01  -  Total Remote Usage
		Usr 0 00:00:00, Sys 0 00:00:00  -  Total Local Usage
	9491  -  Run Bytes Sent By Job
	11220238  -  Run Bytes Received By Job
	9491  -  Total Bytes Sent By Job
	11220238  -  Total Bytes Received By Job
	Partitionable Resources :    Usage  Request Allocated 
	   Cpus                 :        0        1         1 
	   Disk (KB)            :    10989    12500     14982 
	   GPUs                 :                           0 
	   Memory (MB)          :      135     3000      3000 
	   TimeExecute (s)      :       99                    
	   TimeSlotBusy (s)     :      102                    

	Job terminated of its own accord at 2025-11-08T09:15:11Z with exit-code 0.
...
