Starting job on \n
Running on: Linux b9p24p1922.cern.ch 5.14.0-570.44.1.el9_6.x86_64 #1 SMP PREEMPT_DYNAMIC Tue Sep 9 05:17:30 EDT 2025 x86_64 x86_64 x86_64 GNU/Linux\n
System software: Red Hat Enterprise Linux release 9.6 (Plow)\n
Setting up CROWN for RedHatEnterprise Version 9.6
subject   : /DC=ch/DC=cern/OU=Organic Units/OU=Users/CN=jiahua/CN=851532/CN=Jiahua Chen/CN=1735721823
issuer    : /DC=ch/DC=cern/OU=Organic Units/OU=Users/CN=jiahua/CN=851532/CN=Jiahua Chen
identity  : /DC=ch/DC=cern/OU=Organic Units/OU=Users/CN=jiahua/CN=851532/CN=Jiahua Chen
type      : RFC compliant proxy
strength  : 2048 bits
path      : /afs/cern.ch/user/j/jiahua/proxy/x509up_u139833
timeleft  : 197:31:03
key usage : Digital Signature, Key Encipherment
=== VO cms extension information ===
VO        : cms
subject   : /DC=ch/DC=cern/OU=Organic Units/OU=Users/CN=jiahua/CN=851532/CN=Jiahua Chen
issuer    : /DC=ch/DC=cern/OU=computers/CN=cms-auth.cern.ch
attribute : /cms/Role=NULL/Capability=NULL
timeleft  : 189:31:03
uri       : voms-cms-auth.cern.ch:15000
subject   : /DC=ch/DC=cern/OU=Organic Units/OU=Users/CN=jiahua/CN=851532/CN=Jiahua Chen/CN=1735721823
issuer    : /DC=ch/DC=cern/OU=Organic Units/OU=Users/CN=jiahua/CN=851532/CN=Jiahua Chen
identity  : /DC=ch/DC=cern/OU=Organic Units/OU=Users/CN=jiahua/CN=851532/CN=Jiahua Chen
type      : RFC compliant proxy
strength  : 2048 bits
path      : /afs/cern.ch/user/j/jiahua/proxy/x509up_u139833
timeleft  : 197:31:03
key usage : Digital Signature, Key Encipherment
=== VO cms extension information ===
VO        : cms
subject   : /DC=ch/DC=cern/OU=Organic Units/OU=Users/CN=jiahua/CN=851532/CN=Jiahua Chen
issuer    : /DC=ch/DC=cern/OU=computers/CN=cms-auth.cern.ch
attribute : /cms/Role=NULL/Capability=NULL
timeleft  : 189:31:03
uri       : voms-cms-auth.cern.ch:15000
/eos/user/j/jiahua/MC_2022EE_inc/WZto3LNu_powheg_22EE/68a22224-7509-434f-be76-205b3ad0603e.root
[2025-11-08 10:07:55.718] [main] [info] Checking input files
[2025-11-08 10:07:59.756] [main] [info] NanoAOD input_file 1: root://cms-xrd-global.cern.ch//store/mc/Run3Summer22EENanoAODv12/WZto3LNu_TuneCP5_13p6TeV_powheg-pythia8/NANOAODSIM/130X_mcRun3_2022_realistic_postEE_v6-v2/40000/68a22224-7509-434f-be76-205b3ad0603e.root - 893554 Events
[2025-11-08 10:07:59.756] [main] [info] input_file 1: root://cms-xrd-global.cern.ch//store/mc/Run3Summer22EENanoAODv12/WZto3LNu_TuneCP5_13p6TeV_powheg-pythia8/NANOAODSIM/130X_mcRun3_2022_realistic_postEE_v6-v2/40000/68a22224-7509-434f-be76-205b3ad0603e.root - SumOfGenWeight: 4400122.620079999 
[2025-11-08 10:07:59.756] [main] [info] Output directory: /eos/user/j/jiahua/MC_2022EE_inc/WZto3LNu_powheg_22EE/68a22224-7509-434f-be76-205b3ad0603e.root
[2025-11-08 10:07:59.757] [main] [info] Starting Setup of Dataframe with 893554 events
[2025-11-08 10:08:48.976] [main] [info] Finished Setup
[2025-11-08 10:08:48.976] [main] [info] Runtime for setup (real time: 49.22, CPU time: 47.70)
[2025-11-08 10:08:48.976] [main] [info] Starting Evaluation
[2025-11-08 10:09:00.230] [main] [info] 10000 / 893554 (1.12 %) Events processed ...
[2025-11-08 10:09:01.237] [main] [info] 20000 / 893554 (2.24 %) Events processed ...
[2025-11-08 10:09:02.252] [main] [info] 30000 / 893554 (3.36 %) Events processed ...
[2025-11-08 10:09:05.941] [main] [info] 40000 / 893554 (4.48 %) Events processed ...
[2025-11-08 10:09:06.888] [main] [info] 50000 / 893554 (5.60 %) Events processed ...
[2025-11-08 10:09:07.870] [main] [info] 60000 / 893554 (6.71 %) Events processed ...
[2025-11-08 10:09:11.230] [main] [info] 70000 / 893554 (7.83 %) Events processed ...
[2025-11-08 10:09:11.962] [main] [info] 80000 / 893554 (8.95 %) Events processed ...
[2025-11-08 10:09:12.676] [main] [info] 90000 / 893554 (10.07 %) Events processed ...
[2025-11-08 10:09:15.829] [main] [info] 100000 / 893554 (11.19 %) Events processed ...
[2025-11-08 10:09:16.884] [main] [info] 110000 / 893554 (12.31 %) Events processed ...
[2025-11-08 10:09:17.663] [main] [info] 120000 / 893554 (13.43 %) Events processed ...
[2025-11-08 10:09:20.604] [main] [info] 130000 / 893554 (14.55 %) Events processed ...
[2025-11-08 10:09:21.684] [main] [info] 140000 / 893554 (15.67 %) Events processed ...
[2025-11-08 10:09:22.715] [main] [info] 150000 / 893554 (16.79 %) Events processed ...
[2025-11-08 10:09:23.498] [main] [info] 160000 / 893554 (17.91 %) Events processed ...
[2025-11-08 10:09:27.134] [main] [info] 170000 / 893554 (19.03 %) Events processed ...
[2025-11-08 10:09:28.180] [main] [info] 180000 / 893554 (20.14 %) Events processed ...
[2025-11-08 10:09:29.091] [main] [info] 190000 / 893554 (21.26 %) Events processed ...
[2025-11-08 10:09:32.738] [main] [info] 200000 / 893554 (22.38 %) Events processed ...
[2025-11-08 10:09:33.652] [main] [info] 210000 / 893554 (23.50 %) Events processed ...
[2025-11-08 10:09:34.386] [main] [info] 220000 / 893554 (24.62 %) Events processed ...
[2025-11-08 10:09:37.804] [main] [info] 230000 / 893554 (25.74 %) Events processed ...
[2025-11-08 10:09:38.641] [main] [info] 240000 / 893554 (26.86 %) Events processed ...
[2025-11-08 10:09:39.734] [main] [info] 250000 / 893554 (27.98 %) Events processed ...
[2025-11-08 10:09:42.797] [main] [info] 260000 / 893554 (29.10 %) Events processed ...
[2025-11-08 10:09:43.832] [main] [info] 270000 / 893554 (30.22 %) Events processed ...
[2025-11-08 10:09:44.872] [main] [info] 280000 / 893554 (31.34 %) Events processed ...
[2025-11-08 10:09:45.461] [main] [info] 290000 / 893554 (32.45 %) Events processed ...
[2025-11-08 10:09:49.065] [main] [info] 300000 / 893554 (33.57 %) Events processed ...
[2025-11-08 10:09:50.074] [main] [info] 310000 / 893554 (34.69 %) Events processed ...
[2025-11-08 10:09:50.854] [main] [info] 320000 / 893554 (35.81 %) Events processed ...
[2025-11-08 10:09:54.022] [main] [info] 330000 / 893554 (36.93 %) Events processed ...
[2025-11-08 10:09:54.955] [main] [info] 340000 / 893554 (38.05 %) Events processed ...
[2025-11-08 10:09:55.989] [main] [info] 350000 / 893554 (39.17 %) Events processed ...
[2025-11-08 10:09:59.284] [main] [info] 360000 / 893554 (40.29 %) Events processed ...
[2025-11-08 10:09:59.935] [main] [info] 370000 / 893554 (41.41 %) Events processed ...
[2025-11-08 10:10:00.655] [main] [info] 380000 / 893554 (42.53 %) Events processed ...
[2025-11-08 10:10:04.311] [main] [info] 390000 / 893554 (43.65 %) Events processed ...
[2025-11-08 10:10:05.017] [main] [info] 400000 / 893554 (44.77 %) Events processed ...
[2025-11-08 10:10:05.682] [main] [info] 410000 / 893554 (45.88 %) Events processed ...
[2025-11-08 10:10:08.759] [main] [info] 420000 / 893554 (47.00 %) Events processed ...
[2025-11-08 10:10:09.553] [main] [info] 430000 / 893554 (48.12 %) Events processed ...
[2025-11-08 10:10:10.324] [main] [info] 440000 / 893554 (49.24 %) Events processed ...
[2025-11-08 10:10:11.047] [main] [info] 450000 / 893554 (50.36 %) Events processed ...
[2025-11-08 10:10:14.827] [main] [info] 460000 / 893554 (51.48 %) Events processed ...
[2025-11-08 10:10:15.554] [main] [info] 470000 / 893554 (52.60 %) Events processed ...
[2025-11-08 10:10:16.504] [main] [info] 480000 / 893554 (53.72 %) Events processed ...
[2025-11-08 10:10:20.215] [main] [info] 490000 / 893554 (54.84 %) Events processed ...
[2025-11-08 10:10:20.831] [main] [info] 500000 / 893554 (55.96 %) Events processed ...
[2025-11-08 10:10:21.575] [main] [info] 510000 / 893554 (57.08 %) Events processed ...
[2025-11-08 10:10:24.983] [main] [info] 520000 / 893554 (58.19 %) Events processed ...
[2025-11-08 10:10:25.626] [main] [info] 530000 / 893554 (59.31 %) Events processed ...
[2025-11-08 10:10:26.390] [main] [info] 540000 / 893554 (60.43 %) Events processed ...
[2025-11-08 10:10:30.271] [main] [info] 550000 / 893554 (61.55 %) Events processed ...
[2025-11-08 10:10:31.097] [main] [info] 560000 / 893554 (62.67 %) Events processed ...
[2025-11-08 10:10:31.757] [main] [info] 570000 / 893554 (63.79 %) Events processed ...
[2025-11-08 10:10:32.564] [main] [info] 580000 / 893554 (64.91 %) Events processed ...
[2025-11-08 10:10:35.842] [main] [info] 590000 / 893554 (66.03 %) Events processed ...
[2025-11-08 10:10:36.639] [main] [info] 600000 / 893554 (67.15 %) Events processed ...
[2025-11-08 10:10:37.356] [main] [info] 610000 / 893554 (68.27 %) Events processed ...
[2025-11-08 10:10:40.680] [main] [info] 620000 / 893554 (69.39 %) Events processed ...
[2025-11-08 10:10:41.496] [main] [info] 630000 / 893554 (70.50 %) Events processed ...
[2025-11-08 10:10:42.160] [main] [info] 640000 / 893554 (71.62 %) Events processed ...
[2025-11-08 10:10:45.122] [main] [info] 650000 / 893554 (72.74 %) Events processed ...
[2025-11-08 10:10:45.922] [main] [info] 660000 / 893554 (73.86 %) Events processed ...
[2025-11-08 10:10:46.667] [main] [info] 670000 / 893554 (74.98 %) Events processed ...
[2025-11-08 10:10:49.505] [main] [info] 680000 / 893554 (76.10 %) Events processed ...
[2025-11-08 10:10:50.289] [main] [info] 690000 / 893554 (77.22 %) Events processed ...
[2025-11-08 10:10:50.990] [main] [info] 700000 / 893554 (78.34 %) Events processed ...
[2025-11-08 10:10:51.606] [main] [info] 710000 / 893554 (79.46 %) Events processed ...
[2025-11-08 10:10:54.699] [main] [info] 720000 / 893554 (80.58 %) Events processed ...
[2025-11-08 10:10:55.485] [main] [info] 730000 / 893554 (81.70 %) Events processed ...
[2025-11-08 10:10:56.195] [main] [info] 740000 / 893554 (82.82 %) Events processed ...
[2025-11-08 10:11:00.438] [main] [info] 750000 / 893554 (83.93 %) Events processed ...
[2025-11-08 10:11:01.141] [main] [info] 760000 / 893554 (85.05 %) Events processed ...
[2025-11-08 10:11:01.867] [main] [info] 770000 / 893554 (86.17 %) Events processed ...
[2025-11-08 10:11:05.995] [main] [info] 780000 / 893554 (87.29 %) Events processed ...
[2025-11-08 10:11:06.799] [main] [info] 790000 / 893554 (88.41 %) Events processed ...
[2025-11-08 10:11:07.556] [main] [info] 800000 / 893554 (89.53 %) Events processed ...
[2025-11-08 10:11:11.584] [main] [info] 810000 / 893554 (90.65 %) Events processed ...
[2025-11-08 10:11:12.634] [main] [info] 820000 / 893554 (91.77 %) Events processed ...
[2025-11-08 10:11:13.404] [main] [info] 830000 / 893554 (92.89 %) Events processed ...
[2025-11-08 10:11:16.092] [main] [info] 840000 / 893554 (94.01 %) Events processed ...
[2025-11-08 10:11:16.901] [main] [info] 850000 / 893554 (95.13 %) Events processed ...
[2025-11-08 10:11:17.611] [main] [info] 860000 / 893554 (96.24 %) Events processed ...
[2025-11-08 10:11:18.294] [main] [info] 870000 / 893554 (97.36 %) Events processed ...
[2025-11-08 10:11:20.972] [main] [info] 880000 / 893554 (98.48 %) Events processed ...
[2025-11-08 10:11:21.708] [main] [info] 890000 / 893554 (99.60 %) Events processed ...
[2025-11-08 10:11:22.147] [main] [info] vbfhmm:
Flag_goodVertices: pass=893554     all=893554     -- eff=100.00 % cumulative eff=100.00 %
Flag_globalSuperTightHalo2016Filter: pass=893503     all=893554     -- eff=99.99 % cumulative eff=99.99 %
Flag_EcalDeadCellTriggerPrimitiveFilter: pass=893454     all=893503     -- eff=99.99 % cumulative eff=99.99 %
Flag_BadPFMuonFilter: pass=893414     all=893454     -- eff=100.00 % cumulative eff=99.98 %
Flag_BadPFMuonDzFilter: pass=893397     all=893414     -- eff=100.00 % cumulative eff=99.98 %
Flag_eeBadScFilter: pass=893397     all=893397     -- eff=100.00 % cumulative eff=99.98 %
Flag_ecalBadCalibFilter: pass=893272     all=893397     -- eff=99.99 % cumulative eff=99.97 %
Flag_hfNoisyHitsFilter: pass=893227     all=893272     -- eff=99.99 % cumulative eff=99.96 %
Number of muons 2: pass=60851      all=893227     -- eff=6.81 % cumulative eff=6.81 %
DiMuon From Higgs: pass=47421      all=60851      -- eff=77.93 % cumulative eff=5.31 %
LeptonChargeSum: pass=36752      all=47421      -- eff=77.50 % cumulative eff=4.11 %
[2025-11-08 10:11:22.272] [main] [info] Writing quantities map to /eos/user/j/jiahua/MC_2022EE_inc/WZto3LNu_powheg_22EE/68a22224-7509-434f-be76-205b3ad0603e_vbfhmm.root
[2025-11-08 10:11:22.513] [main] [info] Finished Evaluation
[2025-11-08 10:11:22.513] [main] [info] Overall runtime (real time: 202.76, CPU time: 129.68)
