000 (12769433.150.000) 11/08 09:48:50 Job submitted from host: <188.185.121.235:9618?addrs=188.185.121.235-9618+[2001-1458-d00-49--100-36e]-9618&alias=bigbird22.cern.ch&noUDP&sock=schedd_232129_c3ca>
...
040 (12769433.150.000) 11/08 10:14:12 Started transferring input files
	Transferring to host: <188.185.212.226:9618?addrs=188.185.212.226-9618+[2001-1458-303-19--100-5e]-9618&alias=b9p26p0084.cern.ch&noUDP&sock=slot1_40_4120_a9a1_48079>
...
040 (12769433.150.000) 11/08 10:14:12 Finished transferring input files
...
001 (12769433.150.000) 11/08 10:14:13 Job executing on host: <188.185.212.226:9618?addrs=188.185.212.226-9618+[2001-1458-303-19--100-5e]-9618&alias=b9p26p0084.cern.ch&noUDP&sock=startd_3446_3f73>
	SlotName: slot1_40@b9p26p0084.cern.ch
	CondorScratchDir = "/pool/condor/dir_1838218"
	Cpus = 1
	Disk = 15387
	GPUs = 0
	Memory = 3000
...
006 (12769433.150.000) 11/08 10:14:26 Image size of job updated: 156488
	153  -  MemoryUsage of job (MB)
	156488  -  ResidentSetSize of job (KB)
...
006 (12769433.150.000) 11/08 10:15:16 Image size of job updated: 415264
	153  -  MemoryUsage of job (MB)
	156488  -  ResidentSetSize of job (KB)
...
040 (12769433.150.000) 11/08 10:15:16 Started transferring output files
...
040 (12769433.150.000) 11/08 10:15:17 Finished transferring output files
...
005 (12769433.150.000) 11/08 10:15:17 Job terminated.
	(1) Normal termination (return value 0)
		Usr 0 00:00:51, Sys 0 00:00:02  -  Run Remote Usage
		Usr 0 00:00:00, Sys 0 00:00:00  -  Run Local Usage
		Usr 0 00:00:51, Sys 0 00:00:02  -  Total Remote Usage
		Usr 0 00:00:00, Sys 0 00:00:00  -  Total Local Usage
	9491  -  Run Bytes Sent By Job
	11220238  -  Run Bytes Received By Job
	9491  -  Total Bytes Sent By Job
	11220238  -  Total Bytes Received By Job
	Partitionable Resources :    Usage  Request Allocated 
	   Cpus                 :        0        1         1 
	   Disk (KB)            :    10990    12500     15387 
	   GPUs                 :                           0 
	   Memory (MB)          :      153     3000      3000 
	   TimeExecute (s)      :       63                    
	   TimeSlotBusy (s)     :       65                    

	Job terminated of its own accord at 2025-11-08T09:15:16Z with exit-code 0.
...
