Starting job on \n
Running on: Linux b9p25p1129.cern.ch 5.14.0-570.44.1.el9_6.x86_64 #1 SMP PREEMPT_DYNAMIC Tue Sep 9 05:17:30 EDT 2025 x86_64 x86_64 x86_64 GNU/Linux\n
System software: Red Hat Enterprise Linux release 9.6 (Plow)\n
Setting up CROWN for RedHatEnterprise Version 9.6
subject   : /DC=ch/DC=cern/OU=Organic Units/OU=Users/CN=jiahua/CN=851532/CN=Jiahua Chen/CN=1735721823
issuer    : /DC=ch/DC=cern/OU=Organic Units/OU=Users/CN=jiahua/CN=851532/CN=Jiahua Chen
identity  : /DC=ch/DC=cern/OU=Organic Units/OU=Users/CN=jiahua/CN=851532/CN=Jiahua Chen
type      : RFC compliant proxy
strength  : 2048 bits
path      : /afs/cern.ch/user/j/jiahua/proxy/x509up_u139833
timeleft  : 197:24:56
key usage : Digital Signature, Key Encipherment
=== VO cms extension information ===
VO        : cms
subject   : /DC=ch/DC=cern/OU=Organic Units/OU=Users/CN=jiahua/CN=851532/CN=Jiahua Chen
issuer    : /DC=ch/DC=cern/OU=computers/CN=cms-auth.cern.ch
attribute : /cms/Role=NULL/Capability=NULL
timeleft  : 189:24:56
uri       : voms-cms-auth.cern.ch:15000
subject   : /DC=ch/DC=cern/OU=Organic Units/OU=Users/CN=jiahua/CN=851532/CN=Jiahua Chen/CN=1735721823
issuer    : /DC=ch/DC=cern/OU=Organic Units/OU=Users/CN=jiahua/CN=851532/CN=Jiahua Chen
identity  : /DC=ch/DC=cern/OU=Organic Units/OU=Users/CN=jiahua/CN=851532/CN=Jiahua Chen
type      : RFC compliant proxy
strength  : 2048 bits
path      : /afs/cern.ch/user/j/jiahua/proxy/x509up_u139833
timeleft  : 197:24:56
key usage : Digital Signature, Key Encipherment
=== VO cms extension information ===
VO        : cms
subject   : /DC=ch/DC=cern/OU=Organic Units/OU=Users/CN=jiahua/CN=851532/CN=Jiahua Chen
issuer    : /DC=ch/DC=cern/OU=computers/CN=cms-auth.cern.ch
attribute : /cms/Role=NULL/Capability=NULL
timeleft  : 189:24:56
uri       : voms-cms-auth.cern.ch:15000
/eos/user/j/jiahua/MC_2022EE_inc/WZto2L2Q_powheg_22EE_ext1-v2/296b4015-5b2d-4d83-ac89-696127c0854f.root
[2025-11-08 10:14:02.205] [main] [info] Checking input files
[2025-11-08 10:14:07.463] [main] [info] NanoAOD input_file 1: root://cms-xrd-global.cern.ch//store/mc/Run3Summer22EENanoAODv12/WZto2L2Q_TuneCP5_13p6TeV_powheg-pythia8/NANOAODSIM/130X_mcRun3_2022_realistic_postEE_v6_ext1-v2/30000/296b4015-5b2d-4d83-ac89-696127c0854f.root - 165204 Events
[2025-11-08 10:14:07.463] [main] [info] input_file 1: root://cms-xrd-global.cern.ch//store/mc/Run3Summer22EENanoAODv12/WZto2L2Q_TuneCP5_13p6TeV_powheg-pythia8/NANOAODSIM/130X_mcRun3_2022_realistic_postEE_v6_ext1-v2/30000/296b4015-5b2d-4d83-ac89-696127c0854f.root - SumOfGenWeight: 1250319.3374399978 
[2025-11-08 10:14:07.463] [main] [info] Output directory: /eos/user/j/jiahua/MC_2022EE_inc/WZto2L2Q_powheg_22EE_ext1-v2/296b4015-5b2d-4d83-ac89-696127c0854f.root
[2025-11-08 10:14:07.464] [main] [info] Starting Setup of Dataframe with 165204 events
[2025-11-08 10:15:10.806] [main] [info] Finished Setup
[2025-11-08 10:15:10.806] [main] [info] Runtime for setup (real time: 63.34, CPU time: 62.31)
[2025-11-08 10:15:10.806] [main] [info] Starting Evaluation
[2025-11-08 10:15:33.550] [main] [info] 10000 / 165204 (6.05 %) Events processed ...
[2025-11-08 10:15:35.272] [main] [info] 20000 / 165204 (12.11 %) Events processed ...
[2025-11-08 10:15:36.976] [main] [info] 30000 / 165204 (18.16 %) Events processed ...
[2025-11-08 10:15:48.933] [main] [info] 40000 / 165204 (24.21 %) Events processed ...
[2025-11-08 10:15:50.545] [main] [info] 50000 / 165204 (30.27 %) Events processed ...
[2025-11-08 10:15:52.479] [main] [info] 60000 / 165204 (36.32 %) Events processed ...
[2025-11-08 10:16:05.416] [main] [info] 70000 / 165204 (42.37 %) Events processed ...
[2025-11-08 10:16:07.279] [main] [info] 80000 / 165204 (48.42 %) Events processed ...
[2025-11-08 10:16:08.883] [main] [info] 90000 / 165204 (54.48 %) Events processed ...
[2025-11-08 10:16:24.785] [main] [info] 100000 / 165204 (60.53 %) Events processed ...
[2025-11-08 10:16:26.529] [main] [info] 110000 / 165204 (66.58 %) Events processed ...
[2025-11-08 10:16:27.902] [main] [info] 120000 / 165204 (72.64 %) Events processed ...
[2025-11-08 10:16:39.866] [main] [info] 130000 / 165204 (78.69 %) Events processed ...
[2025-11-08 10:16:41.688] [main] [info] 140000 / 165204 (84.74 %) Events processed ...
[2025-11-08 10:16:43.468] [main] [info] 150000 / 165204 (90.80 %) Events processed ...
[2025-11-08 10:16:47.097] [main] [info] 160000 / 165204 (96.85 %) Events processed ...
[2025-11-08 10:16:48.394] [main] [info] vbfhmm:
Flag_goodVertices: pass=165204     all=165204     -- eff=100.00 % cumulative eff=100.00 %
Flag_globalSuperTightHalo2016Filter: pass=165183     all=165204     -- eff=99.99 % cumulative eff=99.99 %
Flag_EcalDeadCellTriggerPrimitiveFilter: pass=165173     all=165183     -- eff=99.99 % cumulative eff=99.98 %
Flag_BadPFMuonFilter: pass=165166     all=165173     -- eff=100.00 % cumulative eff=99.98 %
Flag_BadPFMuonDzFilter: pass=165166     all=165166     -- eff=100.00 % cumulative eff=99.98 %
Flag_eeBadScFilter: pass=165166     all=165166     -- eff=100.00 % cumulative eff=99.98 %
Flag_ecalBadCalibFilter: pass=165143     all=165166     -- eff=99.99 % cumulative eff=99.96 %
Flag_hfNoisyHitsFilter: pass=165136     all=165143     -- eff=100.00 % cumulative eff=99.96 %
Number of muons 2: pass=11552      all=165136     -- eff=7.00 % cumulative eff=6.99 %
DiMuon From Higgs: pass=10708      all=11552      -- eff=92.69 % cumulative eff=6.48 %
LeptonChargeSum: pass=10706      all=10708      -- eff=99.98 % cumulative eff=6.48 %
[2025-11-08 10:16:48.561] [main] [info] Writing quantities map to /eos/user/j/jiahua/MC_2022EE_inc/WZto2L2Q_powheg_22EE_ext1-v2/296b4015-5b2d-4d83-ac89-696127c0854f_vbfhmm.root
[2025-11-08 10:16:48.770] [main] [info] Finished Evaluation
[2025-11-08 10:16:48.770] [main] [info] Overall runtime (real time: 161.31, CPU time: 100.18)
