Starting job on \n
Running on: Linux b9p19p8004.cern.ch 5.14.0-570.44.1.el9_6.x86_64 #1 SMP PREEMPT_DYNAMIC Tue Sep 9 05:17:30 EDT 2025 x86_64 x86_64 x86_64 GNU/Linux\n
System software: Red Hat Enterprise Linux release 9.6 (Plow)\n
Setting up CROWN for RedHatEnterprise Version 9.6
subject   : /DC=ch/DC=cern/OU=Organic Units/OU=Users/CN=jiahua/CN=851532/CN=Jiahua Chen/CN=1735721823
issuer    : /DC=ch/DC=cern/OU=Organic Units/OU=Users/CN=jiahua/CN=851532/CN=Jiahua Chen
identity  : /DC=ch/DC=cern/OU=Organic Units/OU=Users/CN=jiahua/CN=851532/CN=Jiahua Chen
type      : RFC compliant proxy
strength  : 2048 bits
path      : /afs/cern.ch/user/j/jiahua/proxy/x509up_u139833
timeleft  : 197:24:49
key usage : Digital Signature, Key Encipherment
=== VO cms extension information ===
VO        : cms
subject   : /DC=ch/DC=cern/OU=Organic Units/OU=Users/CN=jiahua/CN=851532/CN=Jiahua Chen
issuer    : /DC=ch/DC=cern/OU=computers/CN=cms-auth.cern.ch
attribute : /cms/Role=NULL/Capability=NULL
timeleft  : 189:24:49
uri       : voms-cms-auth.cern.ch:15000
subject   : /DC=ch/DC=cern/OU=Organic Units/OU=Users/CN=jiahua/CN=851532/CN=Jiahua Chen/CN=1735721823
issuer    : /DC=ch/DC=cern/OU=Organic Units/OU=Users/CN=jiahua/CN=851532/CN=Jiahua Chen
identity  : /DC=ch/DC=cern/OU=Organic Units/OU=Users/CN=jiahua/CN=851532/CN=Jiahua Chen
type      : RFC compliant proxy
strength  : 2048 bits
path      : /afs/cern.ch/user/j/jiahua/proxy/x509up_u139833
timeleft  : 197:24:49
key usage : Digital Signature, Key Encipherment
=== VO cms extension information ===
VO        : cms
subject   : /DC=ch/DC=cern/OU=Organic Units/OU=Users/CN=jiahua/CN=851532/CN=Jiahua Chen
issuer    : /DC=ch/DC=cern/OU=computers/CN=cms-auth.cern.ch
attribute : /cms/Role=NULL/Capability=NULL
timeleft  : 189:24:49
uri       : voms-cms-auth.cern.ch:15000
/eos/user/j/jiahua/MC_2022EE_inc/WZto2L2Q_powheg_22EE_ext1-v2/597b11eb-641a-433b-83e7-674f5ab46acc.root
[2025-11-08 10:14:09.640] [main] [info] Checking input files
[2025-11-08 10:14:15.924] [main] [info] NanoAOD input_file 1: root://cms-xrd-global.cern.ch//store/mc/Run3Summer22EENanoAODv12/WZto2L2Q_TuneCP5_13p6TeV_powheg-pythia8/NANOAODSIM/130X_mcRun3_2022_realistic_postEE_v6_ext1-v2/40000/597b11eb-641a-433b-83e7-674f5ab46acc.root - 2824 Events
[2025-11-08 10:14:15.924] [main] [info] input_file 1: root://cms-xrd-global.cern.ch//store/mc/Run3Summer22EENanoAODv12/WZto2L2Q_TuneCP5_13p6TeV_powheg-pythia8/NANOAODSIM/130X_mcRun3_2022_realistic_postEE_v6_ext1-v2/40000/597b11eb-641a-433b-83e7-674f5ab46acc.root - SumOfGenWeight: 21334.128640000003 
[2025-11-08 10:14:15.924] [main] [info] Output directory: /eos/user/j/jiahua/MC_2022EE_inc/WZto2L2Q_powheg_22EE_ext1-v2/597b11eb-641a-433b-83e7-674f5ab46acc.root
[2025-11-08 10:14:15.925] [main] [info] Starting Setup of Dataframe with 2824 events
[2025-11-08 10:15:47.929] [main] [info] Finished Setup
[2025-11-08 10:15:47.929] [main] [info] Runtime for setup (real time: 92.01, CPU time: 89.91)
[2025-11-08 10:15:47.929] [main] [info] Starting Evaluation
[2025-11-08 10:16:04.362] [main] [info] vbfhmm:
Flag_goodVertices: pass=2824       all=2824       -- eff=100.00 % cumulative eff=100.00 %
Flag_globalSuperTightHalo2016Filter: pass=2824       all=2824       -- eff=100.00 % cumulative eff=100.00 %
Flag_EcalDeadCellTriggerPrimitiveFilter: pass=2824       all=2824       -- eff=100.00 % cumulative eff=100.00 %
Flag_BadPFMuonFilter: pass=2824       all=2824       -- eff=100.00 % cumulative eff=100.00 %
Flag_BadPFMuonDzFilter: pass=2824       all=2824       -- eff=100.00 % cumulative eff=100.00 %
Flag_eeBadScFilter: pass=2824       all=2824       -- eff=100.00 % cumulative eff=100.00 %
Flag_ecalBadCalibFilter: pass=2824       all=2824       -- eff=100.00 % cumulative eff=100.00 %
Flag_hfNoisyHitsFilter: pass=2824       all=2824       -- eff=100.00 % cumulative eff=100.00 %
Number of muons 2: pass=198        all=2824       -- eff=7.01 % cumulative eff=7.01 %
DiMuon From Higgs: pass=184        all=198        -- eff=92.93 % cumulative eff=6.52 %
LeptonChargeSum: pass=184        all=184        -- eff=100.00 % cumulative eff=6.52 %
[2025-11-08 10:16:04.474] [main] [info] Writing quantities map to /eos/user/j/jiahua/MC_2022EE_inc/WZto2L2Q_powheg_22EE_ext1-v2/597b11eb-641a-433b-83e7-674f5ab46acc_vbfhmm.root
[2025-11-08 10:16:04.529] [main] [info] Finished Evaluation
[2025-11-08 10:16:04.530] [main] [info] Overall runtime (real time: 108.61, CPU time: 103.36)
