000 (12769427.065.000) 11/08 09:48:33 Job submitted from host: <188.185.121.235:9618?addrs=188.185.121.235-9618+[2001-1458-d00-49--100-36e]-9618&alias=bigbird22.cern.ch&noUDP&sock=schedd_232129_c3ca>
...
040 (12769427.065.000) 11/08 10:01:04 Started transferring input files
	Transferring to host: <188.185.210.21:9618?addrs=188.185.210.21-9618+[2001-1458-303-1--100-11]-9618&alias=b9p21p5841.cern.ch&noUDP&sock=slot1_10_4572_2333_65039>
...
040 (12769427.065.000) 11/08 10:01:04 Finished transferring input files
...
001 (12769427.065.000) 11/08 10:01:05 Job executing on host: <188.185.210.21:9618?addrs=188.185.210.21-9618+[2001-1458-303-1--100-11]-9618&alias=b9p21p5841.cern.ch&noUDP&sock=startd_3836_c162>
	SlotName: slot1_10@b9p21p5841.cern.ch
	CondorScratchDir = "/pool/condor/dir_886146"
	Cpus = 1
	Disk = 12661
	GPUs = 0
	Memory = 3000
...
006 (12769427.065.000) 11/08 10:01:19 Image size of job updated: 103608
	102  -  MemoryUsage of job (MB)
	103608  -  ResidentSetSize of job (KB)
...
006 (12769427.065.000) 11/08 10:02:22 Image size of job updated: 415792
	102  -  MemoryUsage of job (MB)
	103608  -  ResidentSetSize of job (KB)
...
040 (12769427.065.000) 11/08 10:02:22 Started transferring output files
...
040 (12769427.065.000) 11/08 10:02:22 Finished transferring output files
...
005 (12769427.065.000) 11/08 10:02:22 Job terminated.
	(1) Normal termination (return value 0)
		Usr 0 00:01:02, Sys 0 00:00:02  -  Run Remote Usage
		Usr 0 00:00:00, Sys 0 00:00:00  -  Run Local Usage
		Usr 0 00:01:02, Sys 0 00:00:02  -  Total Remote Usage
		Usr 0 00:00:00, Sys 0 00:00:00  -  Total Local Usage
	9525  -  Run Bytes Sent By Job
	9921014  -  Run Bytes Received By Job
	9525  -  Total Bytes Sent By Job
	9921014  -  Total Bytes Received By Job
	Partitionable Resources :    Usage  Request Allocated 
	   Cpus                 :        0        1         1 
	   Disk (KB)            :     9721    10000     12661 
	   GPUs                 :                           0 
	   Memory (MB)          :      102     3000      3000 
	   TimeExecute (s)      :       77                    
	   TimeSlotBusy (s)     :       78                    

	Job terminated of its own accord at 2025-11-08T09:02:22Z with exit-code 0.
...
