Starting job on \n
Running on: Linux b9p26p5206.cern.ch 5.14.0-570.44.1.el9_6.x86_64 #1 SMP PREEMPT_DYNAMIC Tue Sep 9 05:17:30 EDT 2025 x86_64 x86_64 x86_64 GNU/Linux\n
System software: Red Hat Enterprise Linux release 9.6 (Plow)\n
Setting up CROWN for RedHatEnterprise Version 9.6
subject   : /DC=ch/DC=cern/OU=Organic Units/OU=Users/CN=jiahua/CN=851532/CN=Jiahua Chen/CN=1735721823
issuer    : /DC=ch/DC=cern/OU=Organic Units/OU=Users/CN=jiahua/CN=851532/CN=Jiahua Chen
identity  : /DC=ch/DC=cern/OU=Organic Units/OU=Users/CN=jiahua/CN=851532/CN=Jiahua Chen
type      : RFC compliant proxy
strength  : 2048 bits
path      : /afs/cern.ch/user/j/jiahua/proxy/x509up_u139833
timeleft  : 197:37:34
key usage : Digital Signature, Key Encipherment
=== VO cms extension information ===
VO        : cms
subject   : /DC=ch/DC=cern/OU=Organic Units/OU=Users/CN=jiahua/CN=851532/CN=Jiahua Chen
issuer    : /DC=ch/DC=cern/OU=computers/CN=cms-auth.cern.ch
attribute : /cms/Role=NULL/Capability=NULL
timeleft  : 189:37:34
uri       : voms-cms-auth.cern.ch:15000
subject   : /DC=ch/DC=cern/OU=Organic Units/OU=Users/CN=jiahua/CN=851532/CN=Jiahua Chen/CN=1735721823
issuer    : /DC=ch/DC=cern/OU=Organic Units/OU=Users/CN=jiahua/CN=851532/CN=Jiahua Chen
identity  : /DC=ch/DC=cern/OU=Organic Units/OU=Users/CN=jiahua/CN=851532/CN=Jiahua Chen
type      : RFC compliant proxy
strength  : 2048 bits
path      : /afs/cern.ch/user/j/jiahua/proxy/x509up_u139833
timeleft  : 197:37:34
key usage : Digital Signature, Key Encipherment
=== VO cms extension information ===
VO        : cms
subject   : /DC=ch/DC=cern/OU=Organic Units/OU=Users/CN=jiahua/CN=851532/CN=Jiahua Chen
issuer    : /DC=ch/DC=cern/OU=computers/CN=cms-auth.cern.ch
attribute : /cms/Role=NULL/Capability=NULL
timeleft  : 189:37:34
uri       : voms-cms-auth.cern.ch:15000
/eos/user/j/jiahua/MC_2022EE_inc/ZH_Hto2Mu_ZtoAll_M-125_powheg_22EE/c372231a-d3ea-465f-9597-fe069cd8f126.root
[2025-11-08 10:01:24.482] [main] [info] Checking input files
[2025-11-08 10:01:29.600] [main] [info] NanoAOD input_file 1: root://cms-xrd-global.cern.ch//store/mc/Run3Summer22EENanoAODv12/ZH_Hto2Mu_ZtoAll_M-125_TuneCP5_13p6TeV_powheg-pythia8/NANOAODSIM/130X_mcRun3_2022_realistic_postEE_v6-v3/2540000/c372231a-d3ea-465f-9597-fe069cd8f126.root - 4928 Events
[2025-11-08 10:01:29.600] [main] [info] input_file 1: root://cms-xrd-global.cern.ch//store/mc/Run3Summer22EENanoAODv12/ZH_Hto2Mu_ZtoAll_M-125_TuneCP5_13p6TeV_powheg-pythia8/NANOAODSIM/130X_mcRun3_2022_realistic_postEE_v6-v3/2540000/c372231a-d3ea-465f-9597-fe069cd8f126.root - SumOfGenWeight: 2694.1083599999993 
[2025-11-08 10:01:29.600] [main] [info] Output directory: /eos/user/j/jiahua/MC_2022EE_inc/ZH_Hto2Mu_ZtoAll_M-125_powheg_22EE/c372231a-d3ea-465f-9597-fe069cd8f126.root
[2025-11-08 10:01:29.603] [main] [info] Starting Setup of Dataframe with 4928 events
[2025-11-08 10:02:29.602] [main] [info] Finished Setup
[2025-11-08 10:02:29.602] [main] [info] Runtime for setup (real time: 60.00, CPU time: 57.50)
[2025-11-08 10:02:29.602] [main] [info] Starting Evaluation
[2025-11-08 10:02:44.743] [main] [info] vbfhmm:
Flag_goodVertices: pass=4928       all=4928       -- eff=100.00 % cumulative eff=100.00 %
Flag_globalSuperTightHalo2016Filter: pass=4927       all=4928       -- eff=99.98 % cumulative eff=99.98 %
Flag_EcalDeadCellTriggerPrimitiveFilter: pass=4927       all=4927       -- eff=100.00 % cumulative eff=99.98 %
Flag_BadPFMuonFilter: pass=4927       all=4927       -- eff=100.00 % cumulative eff=99.98 %
Flag_BadPFMuonDzFilter: pass=4926       all=4927       -- eff=99.98 % cumulative eff=99.96 %
Flag_eeBadScFilter: pass=4926       all=4926       -- eff=100.00 % cumulative eff=99.96 %
Flag_ecalBadCalibFilter: pass=4925       all=4926       -- eff=99.98 % cumulative eff=99.94 %
Flag_hfNoisyHitsFilter: pass=4925       all=4925       -- eff=100.00 % cumulative eff=99.94 %
Number of muons 2: pass=2753       all=4925       -- eff=55.90 % cumulative eff=55.86 %
DiMuon From Higgs: pass=2725       all=2753       -- eff=98.98 % cumulative eff=55.30 %
LeptonChargeSum: pass=2657       all=2725       -- eff=97.50 % cumulative eff=53.92 %
[2025-11-08 10:02:44.913] [main] [info] Writing quantities map to /eos/user/j/jiahua/MC_2022EE_inc/ZH_Hto2Mu_ZtoAll_M-125_powheg_22EE/c372231a-d3ea-465f-9597-fe069cd8f126_vbfhmm.root
[2025-11-08 10:02:44.969] [main] [info] Finished Evaluation
[2025-11-08 10:02:44.969] [main] [info] Overall runtime (real time: 75.37, CPU time: 71.54)
