Starting job on \n
Running on: Linux b9p28p3597.cern.ch 5.14.0-570.44.1.el9_6.x86_64 #1 SMP PREEMPT_DYNAMIC Tue Sep 9 05:17:30 EDT 2025 x86_64 x86_64 x86_64 GNU/Linux\n
System software: Red Hat Enterprise Linux release 9.6 (Plow)\n
Setting up CROWN for RedHatEnterprise Version 9.6
subject   : /DC=ch/DC=cern/OU=Organic Units/OU=Users/CN=jiahua/CN=851532/CN=Jiahua Chen/CN=1735721823
issuer    : /DC=ch/DC=cern/OU=Organic Units/OU=Users/CN=jiahua/CN=851532/CN=Jiahua Chen
identity  : /DC=ch/DC=cern/OU=Organic Units/OU=Users/CN=jiahua/CN=851532/CN=Jiahua Chen
type      : RFC compliant proxy
strength  : 2048 bits
path      : /afs/cern.ch/user/j/jiahua/proxy/x509up_u139833
timeleft  : 197:37:59
key usage : Digital Signature, Key Encipherment
=== VO cms extension information ===
VO        : cms
subject   : /DC=ch/DC=cern/OU=Organic Units/OU=Users/CN=jiahua/CN=851532/CN=Jiahua Chen
issuer    : /DC=ch/DC=cern/OU=computers/CN=cms-auth.cern.ch
attribute : /cms/Role=NULL/Capability=NULL
timeleft  : 189:37:59
uri       : voms-cms-auth.cern.ch:15000
subject   : /DC=ch/DC=cern/OU=Organic Units/OU=Users/CN=jiahua/CN=851532/CN=Jiahua Chen/CN=1735721823
issuer    : /DC=ch/DC=cern/OU=Organic Units/OU=Users/CN=jiahua/CN=851532/CN=Jiahua Chen
identity  : /DC=ch/DC=cern/OU=Organic Units/OU=Users/CN=jiahua/CN=851532/CN=Jiahua Chen
type      : RFC compliant proxy
strength  : 2048 bits
path      : /afs/cern.ch/user/j/jiahua/proxy/x509up_u139833
timeleft  : 197:37:59
key usage : Digital Signature, Key Encipherment
=== VO cms extension information ===
VO        : cms
subject   : /DC=ch/DC=cern/OU=Organic Units/OU=Users/CN=jiahua/CN=851532/CN=Jiahua Chen
issuer    : /DC=ch/DC=cern/OU=computers/CN=cms-auth.cern.ch
attribute : /cms/Role=NULL/Capability=NULL
timeleft  : 189:37:59
uri       : voms-cms-auth.cern.ch:15000
/eos/user/j/jiahua/MC_2022EE_inc/ZH_Hto2Mu_ZtoAll_M-125_powheg_22EE/8d349bfb-d514-42b0-89f2-fa870924ec7b.root
[2025-11-08 10:00:59.857] [main] [info] Checking input files
[2025-11-08 10:01:07.010] [main] [info] NanoAOD input_file 1: root://cms-xrd-global.cern.ch//store/mc/Run3Summer22EENanoAODv12/ZH_Hto2Mu_ZtoAll_M-125_TuneCP5_13p6TeV_powheg-pythia8/NANOAODSIM/130X_mcRun3_2022_realistic_postEE_v6-v3/2550000/8d349bfb-d514-42b0-89f2-fa870924ec7b.root - 616 Events
[2025-11-08 10:01:07.010] [main] [info] input_file 1: root://cms-xrd-global.cern.ch//store/mc/Run3Summer22EENanoAODv12/ZH_Hto2Mu_ZtoAll_M-125_TuneCP5_13p6TeV_powheg-pythia8/NANOAODSIM/130X_mcRun3_2022_realistic_postEE_v6-v3/2550000/8d349bfb-d514-42b0-89f2-fa870924ec7b.root - SumOfGenWeight: 336.20729800000004 
[2025-11-08 10:01:07.010] [main] [info] Output directory: /eos/user/j/jiahua/MC_2022EE_inc/ZH_Hto2Mu_ZtoAll_M-125_powheg_22EE/8d349bfb-d514-42b0-89f2-fa870924ec7b.root
[2025-11-08 10:01:07.012] [main] [info] Starting Setup of Dataframe with 616 events
[2025-11-08 10:01:51.399] [main] [info] Finished Setup
[2025-11-08 10:01:51.399] [main] [info] Runtime for setup (real time: 44.39, CPU time: 42.22)
[2025-11-08 10:01:51.399] [main] [info] Starting Evaluation
[2025-11-08 10:02:00.521] [main] [info] vbfhmm:
Flag_goodVertices: pass=616        all=616        -- eff=100.00 % cumulative eff=100.00 %
Flag_globalSuperTightHalo2016Filter: pass=616        all=616        -- eff=100.00 % cumulative eff=100.00 %
Flag_EcalDeadCellTriggerPrimitiveFilter: pass=616        all=616        -- eff=100.00 % cumulative eff=100.00 %
Flag_BadPFMuonFilter: pass=616        all=616        -- eff=100.00 % cumulative eff=100.00 %
Flag_BadPFMuonDzFilter: pass=616        all=616        -- eff=100.00 % cumulative eff=100.00 %
Flag_eeBadScFilter: pass=616        all=616        -- eff=100.00 % cumulative eff=100.00 %
Flag_ecalBadCalibFilter: pass=616        all=616        -- eff=100.00 % cumulative eff=100.00 %
Flag_hfNoisyHitsFilter: pass=616        all=616        -- eff=100.00 % cumulative eff=100.00 %
Number of muons 2: pass=358        all=616        -- eff=58.12 % cumulative eff=58.12 %
DiMuon From Higgs: pass=357        all=358        -- eff=99.72 % cumulative eff=57.95 %
LeptonChargeSum: pass=347        all=357        -- eff=97.20 % cumulative eff=56.33 %
[2025-11-08 10:02:00.657] [main] [info] Writing quantities map to /eos/user/j/jiahua/MC_2022EE_inc/ZH_Hto2Mu_ZtoAll_M-125_powheg_22EE/8d349bfb-d514-42b0-89f2-fa870924ec7b_vbfhmm.root
[2025-11-08 10:02:00.723] [main] [info] Finished Evaluation
[2025-11-08 10:02:00.723] [main] [info] Overall runtime (real time: 53.71, CPU time: 49.21)
