000 (12769431.258.000) 11/08 09:48:44 Job submitted from host: <188.185.121.235:9618?addrs=188.185.121.235-9618+[2001-1458-d00-49--100-36e]-9618&alias=bigbird22.cern.ch&noUDP&sock=schedd_232129_c3ca>
...
040 (12769431.258.000) 11/08 10:09:43 Started transferring input files
	Transferring to host: <188.185.213.49:9618?addrs=188.185.213.49-9618+[2001-1458-303-1a--100-2d]-9618&alias=b9p27p3241.cern.ch&noUDP&sock=slot1_32_7167_8cbd_47435>
...
040 (12769431.258.000) 11/08 10:09:43 Finished transferring input files
...
001 (12769431.258.000) 11/08 10:09:44 Job executing on host: <188.185.213.49:9618?addrs=188.185.213.49-9618+[2001-1458-303-1a--100-2d]-9618&alias=b9p27p3241.cern.ch&noUDP&sock=startd_6406_8fc8>
	SlotName: slot1_32@b9p27p3241.cern.ch
	CondorScratchDir = "/pool/condor/dir_1669829"
	Cpus = 1
	Disk = 15329
	GPUs = 0
	Memory = 3000
...
006 (12769431.258.000) 11/08 10:09:57 Image size of job updated: 97476
	96  -  MemoryUsage of job (MB)
	97476  -  ResidentSetSize of job (KB)
...
006 (12769431.258.000) 11/08 10:11:43 Image size of job updated: 450620
	96  -  MemoryUsage of job (MB)
	97476  -  ResidentSetSize of job (KB)
...
040 (12769431.258.000) 11/08 10:11:43 Started transferring output files
...
040 (12769431.258.000) 11/08 10:11:43 Finished transferring output files
...
005 (12769431.258.000) 11/08 10:11:43 Job terminated.
	(1) Normal termination (return value 0)
		Usr 0 00:01:41, Sys 0 00:00:03  -  Run Remote Usage
		Usr 0 00:00:00, Sys 0 00:00:00  -  Run Local Usage
		Usr 0 00:01:41, Sys 0 00:00:03  -  Total Remote Usage
		Usr 0 00:00:00, Sys 0 00:00:00  -  Total Local Usage
	11396  -  Run Bytes Sent By Job
	11220238  -  Run Bytes Received By Job
	11396  -  Total Bytes Sent By Job
	11220238  -  Total Bytes Received By Job
	Partitionable Resources :    Usage  Request Allocated 
	   Cpus                 :        0        1         1 
	   Disk (KB)            :    10993    12500     15329 
	   GPUs                 :                           0 
	   Memory (MB)          :       96     3000      3000 
	   TimeExecute (s)      :      119                    
	   TimeSlotBusy (s)     :      120                    

	Job terminated of its own accord at 2025-11-08T09:11:43Z with exit-code 0.
...
