000 (12769431.157.000) 11/08 09:48:44 Job submitted from host: <188.185.121.235:9618?addrs=188.185.121.235-9618+[2001-1458-d00-49--100-36e]-9618&alias=bigbird22.cern.ch&noUDP&sock=schedd_232129_c3ca>
...
040 (12769431.157.000) 11/08 10:09:04 Started transferring input files
	Transferring to host: <188.185.208.71:9618?addrs=188.185.208.71-9618+[2001-1458-303-f--100-44]-9618&alias=b9p09p5977.cern.ch&noUDP&sock=slot1_10_5999_968d_43182>
...
040 (12769431.157.000) 11/08 10:09:04 Finished transferring input files
...
001 (12769431.157.000) 11/08 10:09:05 Job executing on host: <188.185.208.71:9618?addrs=188.185.208.71-9618+[2001-1458-303-f--100-44]-9618&alias=b9p09p5977.cern.ch&noUDP&sock=startd_4952_3d14>
	SlotName: slot1_10@b9p09p5977.cern.ch
	CondorScratchDir = "/pool/condor/dir_2404111"
	Cpus = 1
	Disk = 12667
	GPUs = 0
	Memory = 3000
...
006 (12769431.157.000) 11/08 10:09:19 Image size of job updated: 106424
	104  -  MemoryUsage of job (MB)
	106424  -  ResidentSetSize of job (KB)
...
006 (12769431.157.000) 11/08 10:10:26 Image size of job updated: 443052
	104  -  MemoryUsage of job (MB)
	106424  -  ResidentSetSize of job (KB)
...
040 (12769431.157.000) 11/08 10:10:26 Started transferring output files
...
040 (12769431.157.000) 11/08 10:10:26 Finished transferring output files
...
005 (12769431.157.000) 11/08 10:10:26 Job terminated.
	(1) Normal termination (return value 0)
		Usr 0 00:00:57, Sys 0 00:00:01  -  Run Remote Usage
		Usr 0 00:00:00, Sys 0 00:00:00  -  Run Local Usage
		Usr 0 00:00:57, Sys 0 00:00:01  -  Total Remote Usage
		Usr 0 00:00:00, Sys 0 00:00:00  -  Total Local Usage
	10170  -  Run Bytes Sent By Job
	11220238  -  Run Bytes Received By Job
	10170  -  Total Bytes Sent By Job
	11220238  -  Total Bytes Received By Job
	Partitionable Resources :    Usage  Request Allocated 
	   Cpus                 :        0        1         1 
	   Disk (KB)            :    10996    12500     12667 
	   GPUs                 :                           0 
	   Memory (MB)          :      104     3000      3000 
	   TimeExecute (s)      :       81                    
	   TimeSlotBusy (s)     :       82                    

	Job terminated of its own accord at 2025-11-08T09:10:26Z with exit-code 0.
...
