Starting job on \n
Running on: Linux b9p13p9645.cern.ch 5.14.0-570.44.1.el9_6.x86_64 #1 SMP PREEMPT_DYNAMIC Tue Sep 9 05:17:30 EDT 2025 x86_64 x86_64 x86_64 GNU/Linux\n
System software: Red Hat Enterprise Linux release 9.6 (Plow)\n
Setting up CROWN for RedHatEnterprise Version 9.6
subject   : /DC=ch/DC=cern/OU=Organic Units/OU=Users/CN=jiahua/CN=851532/CN=Jiahua Chen/CN=1735721823
issuer    : /DC=ch/DC=cern/OU=Organic Units/OU=Users/CN=jiahua/CN=851532/CN=Jiahua Chen
identity  : /DC=ch/DC=cern/OU=Organic Units/OU=Users/CN=jiahua/CN=851532/CN=Jiahua Chen
type      : RFC compliant proxy
strength  : 2048 bits
path      : /afs/cern.ch/user/j/jiahua/proxy/x509up_u139833
timeleft  : 197:22:56
key usage : Digital Signature, Key Encipherment
=== VO cms extension information ===
VO        : cms
subject   : /DC=ch/DC=cern/OU=Organic Units/OU=Users/CN=jiahua/CN=851532/CN=Jiahua Chen
issuer    : /DC=ch/DC=cern/OU=computers/CN=cms-auth.cern.ch
attribute : /cms/Role=NULL/Capability=NULL
timeleft  : 189:22:56
uri       : voms-cms-auth.cern.ch:15000
subject   : /DC=ch/DC=cern/OU=Organic Units/OU=Users/CN=jiahua/CN=851532/CN=Jiahua Chen/CN=1735721823
issuer    : /DC=ch/DC=cern/OU=Organic Units/OU=Users/CN=jiahua/CN=851532/CN=Jiahua Chen
identity  : /DC=ch/DC=cern/OU=Organic Units/OU=Users/CN=jiahua/CN=851532/CN=Jiahua Chen
type      : RFC compliant proxy
strength  : 2048 bits
path      : /afs/cern.ch/user/j/jiahua/proxy/x509up_u139833
timeleft  : 197:22:56
key usage : Digital Signature, Key Encipherment
=== VO cms extension information ===
VO        : cms
subject   : /DC=ch/DC=cern/OU=Organic Units/OU=Users/CN=jiahua/CN=851532/CN=Jiahua Chen
issuer    : /DC=ch/DC=cern/OU=computers/CN=cms-auth.cern.ch
attribute : /cms/Role=NULL/Capability=NULL
timeleft  : 189:22:56
uri       : voms-cms-auth.cern.ch:15000
/eos/user/j/jiahua/MC_2022EE_inc/ZZto2L2Q_powheg_22EE_ext1-v2/c431d612-f44f-4885-a9b8-1887d8868095.root
[2025-11-08 10:16:03.051] [main] [info] Checking input files
[2025-11-08 10:16:08.467] [main] [info] NanoAOD input_file 1: root://cms-xrd-global.cern.ch//store/mc/Run3Summer22EENanoAODv12/ZZto2L2Q_TuneCP5_13p6TeV_powheg-pythia8/NANOAODSIM/130X_mcRun3_2022_realistic_postEE_v6_ext1-v2/2530000/c431d612-f44f-4885-a9b8-1887d8868095.root - 167322 Events
[2025-11-08 10:16:08.467] [main] [info] input_file 1: root://cms-xrd-global.cern.ch//store/mc/Run3Summer22EENanoAODv12/ZZto2L2Q_TuneCP5_13p6TeV_powheg-pythia8/NANOAODSIM/130X_mcRun3_2022_realistic_postEE_v6_ext1-v2/2530000/c431d612-f44f-4885-a9b8-1887d8868095.root - SumOfGenWeight: 1136338.0470000014 
[2025-11-08 10:16:08.467] [main] [info] Output directory: /eos/user/j/jiahua/MC_2022EE_inc/ZZto2L2Q_powheg_22EE_ext1-v2/c431d612-f44f-4885-a9b8-1887d8868095.root
[2025-11-08 10:16:08.468] [main] [info] Starting Setup of Dataframe with 167322 events
[2025-11-08 10:17:19.619] [main] [info] Finished Setup
[2025-11-08 10:17:19.619] [main] [info] Runtime for setup (real time: 71.15, CPU time: 69.05)
[2025-11-08 10:17:19.619] [main] [info] Starting Evaluation
[2025-11-08 10:17:31.605] [main] [info] 10000 / 167322 (5.98 %) Events processed ...
[2025-11-08 10:17:33.106] [main] [info] 20000 / 167322 (11.95 %) Events processed ...
[2025-11-08 10:17:34.804] [main] [info] 30000 / 167322 (17.93 %) Events processed ...
[2025-11-08 10:17:36.766] [main] [info] 40000 / 167322 (23.91 %) Events processed ...
[2025-11-08 10:17:38.423] [main] [info] 50000 / 167322 (29.88 %) Events processed ...
[2025-11-08 10:17:39.931] [main] [info] 60000 / 167322 (35.86 %) Events processed ...
[2025-11-08 10:17:41.809] [main] [info] 70000 / 167322 (41.84 %) Events processed ...
[2025-11-08 10:17:43.211] [main] [info] 80000 / 167322 (47.81 %) Events processed ...
[2025-11-08 10:17:44.618] [main] [info] 90000 / 167322 (53.79 %) Events processed ...
[2025-11-08 10:17:46.209] [main] [info] 100000 / 167322 (59.77 %) Events processed ...
[2025-11-08 10:17:47.600] [main] [info] 110000 / 167322 (65.74 %) Events processed ...
[2025-11-08 10:17:49.108] [main] [info] 120000 / 167322 (71.72 %) Events processed ...
[2025-11-08 10:17:50.736] [main] [info] 130000 / 167322 (77.69 %) Events processed ...
[2025-11-08 10:17:53.075] [main] [info] 140000 / 167322 (83.67 %) Events processed ...
[2025-11-08 10:17:54.814] [main] [info] 150000 / 167322 (89.65 %) Events processed ...
[2025-11-08 10:17:56.523] [main] [info] 160000 / 167322 (95.62 %) Events processed ...
[2025-11-08 10:17:58.315] [main] [info] vbfhmm:
Flag_goodVertices: pass=167322     all=167322     -- eff=100.00 % cumulative eff=100.00 %
Flag_globalSuperTightHalo2016Filter: pass=167303     all=167322     -- eff=99.99 % cumulative eff=99.99 %
Flag_EcalDeadCellTriggerPrimitiveFilter: pass=167299     all=167303     -- eff=100.00 % cumulative eff=99.99 %
Flag_BadPFMuonFilter: pass=167294     all=167299     -- eff=100.00 % cumulative eff=99.98 %
Flag_BadPFMuonDzFilter: pass=167294     all=167294     -- eff=100.00 % cumulative eff=99.98 %
Flag_eeBadScFilter: pass=167294     all=167294     -- eff=100.00 % cumulative eff=99.98 %
Flag_ecalBadCalibFilter: pass=167273     all=167294     -- eff=99.99 % cumulative eff=99.97 %
Flag_hfNoisyHitsFilter: pass=167267     all=167273     -- eff=100.00 % cumulative eff=99.97 %
Number of muons 2: pass=11554      all=167267     -- eff=6.91 % cumulative eff=6.91 %
DiMuon From Higgs: pass=10293      all=11554      -- eff=89.09 % cumulative eff=6.15 %
LeptonChargeSum: pass=10282      all=10293      -- eff=99.89 % cumulative eff=6.15 %
[2025-11-08 10:17:58.597] [main] [info] Writing quantities map to /eos/user/j/jiahua/MC_2022EE_inc/ZZto2L2Q_powheg_22EE_ext1-v2/c431d612-f44f-4885-a9b8-1887d8868095_vbfhmm.root
[2025-11-08 10:17:58.869] [main] [info] Finished Evaluation
[2025-11-08 10:17:58.869] [main] [info] Overall runtime (real time: 110.40, CPU time: 105.29)
