000 (12769432.019.000) 11/08 09:48:47 Job submitted from host: <188.185.121.235:9618?addrs=188.185.121.235-9618+[2001-1458-d00-49--100-36e]-9618&alias=bigbird22.cern.ch&noUDP&sock=schedd_232129_c3ca>
...
040 (12769432.019.000) 11/08 10:11:21 Started transferring input files
	Transferring to host: <188.185.212.21:9618?addrs=188.185.212.21-9618+[2001-1458-303-18--100-11]-9618&alias=b9p25p8865.cern.ch&noUDP&sock=slot1_3_5252_424f_50634>
...
040 (12769432.019.000) 11/08 10:11:21 Finished transferring input files
...
001 (12769432.019.000) 11/08 10:11:22 Job executing on host: <188.185.212.21:9618?addrs=188.185.212.21-9618+[2001-1458-303-18--100-11]-9618&alias=b9p25p8865.cern.ch&noUDP&sock=startd_4221_d558>
	SlotName: slot1_3@b9p25p8865.cern.ch
	CondorScratchDir = "/pool/condor/dir_523795"
	Cpus = 1
	Disk = 15905
	GPUs = 0
	Memory = 3000
...
006 (12769432.019.000) 11/08 10:11:35 Image size of job updated: 104264
	102  -  MemoryUsage of job (MB)
	104264  -  ResidentSetSize of job (KB)
...
006 (12769432.019.000) 11/08 10:13:02 Image size of job updated: 450932
	102  -  MemoryUsage of job (MB)
	104264  -  ResidentSetSize of job (KB)
...
040 (12769432.019.000) 11/08 10:13:02 Started transferring output files
...
040 (12769432.019.000) 11/08 10:13:02 Finished transferring output files
...
005 (12769432.019.000) 11/08 10:13:02 Job terminated.
	(1) Normal termination (return value 0)
		Usr 0 00:01:11, Sys 0 00:00:02  -  Run Remote Usage
		Usr 0 00:00:00, Sys 0 00:00:00  -  Run Local Usage
		Usr 0 00:01:11, Sys 0 00:00:02  -  Total Remote Usage
		Usr 0 00:00:00, Sys 0 00:00:00  -  Total Local Usage
	11211  -  Run Bytes Sent By Job
	11220238  -  Run Bytes Received By Job
	11211  -  Total Bytes Sent By Job
	11220238  -  Total Bytes Received By Job
	Partitionable Resources :    Usage  Request Allocated 
	   Cpus                 :        0        1         1 
	   Disk (KB)            :    10992    12500     15905 
	   GPUs                 :                           0 
	   Memory (MB)          :      102     3000      3000 
	   TimeExecute (s)      :      100                    
	   TimeSlotBusy (s)     :      102                    

	Job terminated of its own accord at 2025-11-08T09:13:02Z with exit-code 0.
...
