000 (12769431.380.000) 11/08 09:48:44 Job submitted from host: <188.185.121.235:9618?addrs=188.185.121.235-9618+[2001-1458-d00-49--100-36e]-9618&alias=bigbird22.cern.ch&noUDP&sock=schedd_232129_c3ca>
...
040 (12769431.380.000) 11/08 10:10:24 Started transferring input files
	Transferring to host: <128.142.132.103:9618?addrs=128.142.132.103-9618+[2001-1458-301-5a--100-5b]-9618&alias=b9g12p0948.cern.ch&noUDP&sock=slot1_10_2842_322d_57131>
...
040 (12769431.380.000) 11/08 10:10:24 Finished transferring input files
...
001 (12769431.380.000) 11/08 10:10:25 Job executing on host: <128.142.132.103:9618?addrs=128.142.132.103-9618+[2001-1458-301-5a--100-5b]-9618&alias=b9g12p0948.cern.ch&noUDP&sock=startd_2441_e6c4>
	SlotName: slot1_10@b9g12p0948.cern.ch
	CondorScratchDir = "/pool/condor/dir_1390535"
	Cpus = 1
	Disk = 14135
	GPUs = 0
	Memory = 3000
...
006 (12769431.380.000) 11/08 10:10:38 Image size of job updated: 95768
	94  -  MemoryUsage of job (MB)
	95768  -  ResidentSetSize of job (KB)
...
006 (12769431.380.000) 11/08 10:12:11 Image size of job updated: 435132
	94  -  MemoryUsage of job (MB)
	95768  -  ResidentSetSize of job (KB)
...
040 (12769431.380.000) 11/08 10:12:11 Started transferring output files
...
040 (12769431.380.000) 11/08 10:12:11 Finished transferring output files
...
005 (12769431.380.000) 11/08 10:12:11 Job terminated.
	(1) Normal termination (return value 0)
		Usr 0 00:01:32, Sys 0 00:00:02  -  Run Remote Usage
		Usr 0 00:00:00, Sys 0 00:00:00  -  Run Local Usage
		Usr 0 00:01:32, Sys 0 00:00:02  -  Total Remote Usage
		Usr 0 00:00:00, Sys 0 00:00:00  -  Total Local Usage
	9834  -  Run Bytes Sent By Job
	11220238  -  Run Bytes Received By Job
	9834  -  Total Bytes Sent By Job
	11220238  -  Total Bytes Received By Job
	Partitionable Resources :    Usage  Request Allocated 
	   Cpus                 :        0        1         1 
	   Disk (KB)            :    10990    12500     14135 
	   GPUs                 :                           0 
	   Memory (MB)          :       94     3000      3000 
	   TimeExecute (s)      :      106                    
	   TimeSlotBusy (s)     :      107                    

	Job terminated of its own accord at 2025-11-08T09:12:11Z with exit-code 0.
...
