Starting job on \n
Running on: Linux b9p11p4881.cern.ch 5.14.0-570.42.2.el9_6.x86_64 #1 SMP PREEMPT_DYNAMIC Mon Sep 8 12:15:13 EDT 2025 x86_64 x86_64 x86_64 GNU/Linux\n
System software: Red Hat Enterprise Linux release 9.6 (Plow)\n
Setting up CROWN for RedHatEnterprise Version 9.6
subject   : /DC=ch/DC=cern/OU=Organic Units/OU=Users/CN=jiahua/CN=851532/CN=Jiahua Chen/CN=1735721823
issuer    : /DC=ch/DC=cern/OU=Organic Units/OU=Users/CN=jiahua/CN=851532/CN=Jiahua Chen
identity  : /DC=ch/DC=cern/OU=Organic Units/OU=Users/CN=jiahua/CN=851532/CN=Jiahua Chen
type      : RFC compliant proxy
strength  : 2048 bits
path      : /afs/cern.ch/user/j/jiahua/proxy/x509up_u139833
timeleft  : 197:23:59
key usage : Digital Signature, Key Encipherment
=== VO cms extension information ===
VO        : cms
subject   : /DC=ch/DC=cern/OU=Organic Units/OU=Users/CN=jiahua/CN=851532/CN=Jiahua Chen
issuer    : /DC=ch/DC=cern/OU=computers/CN=cms-auth.cern.ch
attribute : /cms/Role=NULL/Capability=NULL
timeleft  : 189:23:59
uri       : voms-cms-auth.cern.ch:15000
subject   : /DC=ch/DC=cern/OU=Organic Units/OU=Users/CN=jiahua/CN=851532/CN=Jiahua Chen/CN=1735721823
issuer    : /DC=ch/DC=cern/OU=Organic Units/OU=Users/CN=jiahua/CN=851532/CN=Jiahua Chen
identity  : /DC=ch/DC=cern/OU=Organic Units/OU=Users/CN=jiahua/CN=851532/CN=Jiahua Chen
type      : RFC compliant proxy
strength  : 2048 bits
path      : /afs/cern.ch/user/j/jiahua/proxy/x509up_u139833
timeleft  : 197:23:59
key usage : Digital Signature, Key Encipherment
=== VO cms extension information ===
VO        : cms
subject   : /DC=ch/DC=cern/OU=Organic Units/OU=Users/CN=jiahua/CN=851532/CN=Jiahua Chen
issuer    : /DC=ch/DC=cern/OU=computers/CN=cms-auth.cern.ch
attribute : /cms/Role=NULL/Capability=NULL
timeleft  : 189:23:59
uri       : voms-cms-auth.cern.ch:15000
/eos/user/j/jiahua/MC_2022EE_inc/ZZto2L2Q_powheg_22EE_ext1-v2/e4678407-ca23-4ea2-91c0-2e0f0750fe99.root
[2025-11-08 10:15:00.037] [main] [info] Checking input files
[2025-11-08 10:15:04.728] [main] [info] NanoAOD input_file 1: root://cms-xrd-global.cern.ch//store/mc/Run3Summer22EENanoAODv12/ZZto2L2Q_TuneCP5_13p6TeV_powheg-pythia8/NANOAODSIM/130X_mcRun3_2022_realistic_postEE_v6_ext1-v2/50000/e4678407-ca23-4ea2-91c0-2e0f0750fe99.root - 170852 Events
[2025-11-08 10:15:04.728] [main] [info] input_file 1: root://cms-xrd-global.cern.ch//store/mc/Run3Summer22EENanoAODv12/ZZto2L2Q_TuneCP5_13p6TeV_powheg-pythia8/NANOAODSIM/130X_mcRun3_2022_realistic_postEE_v6_ext1-v2/50000/e4678407-ca23-4ea2-91c0-2e0f0750fe99.root - SumOfGenWeight: 1160193.6450000016 
[2025-11-08 10:15:04.730] [main] [info] Output directory: /eos/user/j/jiahua/MC_2022EE_inc/ZZto2L2Q_powheg_22EE_ext1-v2/e4678407-ca23-4ea2-91c0-2e0f0750fe99.root
[2025-11-08 10:15:04.731] [main] [info] Starting Setup of Dataframe with 170852 events
[2025-11-08 10:16:03.294] [main] [info] Finished Setup
[2025-11-08 10:16:03.294] [main] [info] Runtime for setup (real time: 58.56, CPU time: 57.75)
[2025-11-08 10:16:03.294] [main] [info] Starting Evaluation
[2025-11-08 10:16:13.844] [main] [info] 10000 / 170852 (5.85 %) Events processed ...
[2025-11-08 10:16:15.198] [main] [info] 20000 / 170852 (11.71 %) Events processed ...
[2025-11-08 10:16:16.445] [main] [info] 30000 / 170852 (17.56 %) Events processed ...
[2025-11-08 10:16:18.509] [main] [info] 40000 / 170852 (23.41 %) Events processed ...
[2025-11-08 10:16:19.679] [main] [info] 50000 / 170852 (29.27 %) Events processed ...
[2025-11-08 10:16:20.750] [main] [info] 60000 / 170852 (35.12 %) Events processed ...
[2025-11-08 10:16:22.590] [main] [info] 70000 / 170852 (40.97 %) Events processed ...
[2025-11-08 10:16:23.854] [main] [info] 80000 / 170852 (46.82 %) Events processed ...
[2025-11-08 10:16:24.955] [main] [info] 90000 / 170852 (52.68 %) Events processed ...
[2025-11-08 10:16:27.267] [main] [info] 100000 / 170852 (58.53 %) Events processed ...
[2025-11-08 10:16:28.587] [main] [info] 110000 / 170852 (64.38 %) Events processed ...
[2025-11-08 10:16:29.850] [main] [info] 120000 / 170852 (70.24 %) Events processed ...
[2025-11-08 10:16:30.968] [main] [info] 130000 / 170852 (76.09 %) Events processed ...
[2025-11-08 10:16:33.217] [main] [info] 140000 / 170852 (81.94 %) Events processed ...
[2025-11-08 10:16:34.485] [main] [info] 150000 / 170852 (87.80 %) Events processed ...
[2025-11-08 10:16:35.681] [main] [info] 160000 / 170852 (93.65 %) Events processed ...
[2025-11-08 10:16:37.269] [main] [info] 170000 / 170852 (99.50 %) Events processed ...
[2025-11-08 10:16:37.611] [main] [info] vbfhmm:
Flag_goodVertices: pass=170852     all=170852     -- eff=100.00 % cumulative eff=100.00 %
Flag_globalSuperTightHalo2016Filter: pass=170836     all=170852     -- eff=99.99 % cumulative eff=99.99 %
Flag_EcalDeadCellTriggerPrimitiveFilter: pass=170833     all=170836     -- eff=100.00 % cumulative eff=99.99 %
Flag_BadPFMuonFilter: pass=170830     all=170833     -- eff=100.00 % cumulative eff=99.99 %
Flag_BadPFMuonDzFilter: pass=170830     all=170830     -- eff=100.00 % cumulative eff=99.99 %
Flag_eeBadScFilter: pass=170830     all=170830     -- eff=100.00 % cumulative eff=99.99 %
Flag_ecalBadCalibFilter: pass=170810     all=170830     -- eff=99.99 % cumulative eff=99.98 %
Flag_hfNoisyHitsFilter: pass=170802     all=170810     -- eff=100.00 % cumulative eff=99.97 %
Number of muons 2: pass=11463      all=170802     -- eff=6.71 % cumulative eff=6.71 %
DiMuon From Higgs: pass=10258      all=11463      -- eff=89.49 % cumulative eff=6.00 %
LeptonChargeSum: pass=10253      all=10258      -- eff=99.95 % cumulative eff=6.00 %
[2025-11-08 10:16:37.728] [main] [info] Writing quantities map to /eos/user/j/jiahua/MC_2022EE_inc/ZZto2L2Q_powheg_22EE_ext1-v2/e4678407-ca23-4ea2-91c0-2e0f0750fe99_vbfhmm.root
[2025-11-08 10:16:37.851] [main] [info] Finished Evaluation
[2025-11-08 10:16:37.851] [main] [info] Overall runtime (real time: 93.12, CPU time: 87.46)
