Starting job on \n
Running on: Linux b9p20p1502.cern.ch 5.14.0-570.44.1.el9_6.x86_64 #1 SMP PREEMPT_DYNAMIC Tue Sep 9 05:17:30 EDT 2025 x86_64 x86_64 x86_64 GNU/Linux\n
System software: Red Hat Enterprise Linux release 9.6 (Plow)\n
Setting up CROWN for RedHatEnterprise Version 9.6
subject   : /DC=ch/DC=cern/OU=Organic Units/OU=Users/CN=jiahua/CN=851532/CN=Jiahua Chen/CN=1735721823
issuer    : /DC=ch/DC=cern/OU=Organic Units/OU=Users/CN=jiahua/CN=851532/CN=Jiahua Chen
identity  : /DC=ch/DC=cern/OU=Organic Units/OU=Users/CN=jiahua/CN=851532/CN=Jiahua Chen
type      : RFC compliant proxy
strength  : 2048 bits
path      : /afs/cern.ch/user/j/jiahua/proxy/x509up_u139833
timeleft  : 197:26:04
key usage : Digital Signature, Key Encipherment
=== VO cms extension information ===
VO        : cms
subject   : /DC=ch/DC=cern/OU=Organic Units/OU=Users/CN=jiahua/CN=851532/CN=Jiahua Chen
issuer    : /DC=ch/DC=cern/OU=computers/CN=cms-auth.cern.ch
attribute : /cms/Role=NULL/Capability=NULL
timeleft  : 189:26:04
uri       : voms-cms-auth.cern.ch:15000
subject   : /DC=ch/DC=cern/OU=Organic Units/OU=Users/CN=jiahua/CN=851532/CN=Jiahua Chen/CN=1735721823
issuer    : /DC=ch/DC=cern/OU=Organic Units/OU=Users/CN=jiahua/CN=851532/CN=Jiahua Chen
identity  : /DC=ch/DC=cern/OU=Organic Units/OU=Users/CN=jiahua/CN=851532/CN=Jiahua Chen
type      : RFC compliant proxy
strength  : 2048 bits
path      : /afs/cern.ch/user/j/jiahua/proxy/x509up_u139833
timeleft  : 197:26:04
key usage : Digital Signature, Key Encipherment
=== VO cms extension information ===
VO        : cms
subject   : /DC=ch/DC=cern/OU=Organic Units/OU=Users/CN=jiahua/CN=851532/CN=Jiahua Chen
issuer    : /DC=ch/DC=cern/OU=computers/CN=cms-auth.cern.ch
attribute : /cms/Role=NULL/Capability=NULL
timeleft  : 189:26:04
uri       : voms-cms-auth.cern.ch:15000
/eos/user/j/jiahua/MC_2022EE_inc/ZZto4L_powheg_22EE_ext1-v2/f3ce4148-3b38-4bb0-a19f-40c82a4d0452.root
[2025-11-08 10:12:54.454] [main] [info] Checking input files
[2025-11-08 10:13:01.888] [main] [info] NanoAOD input_file 1: root://cms-xrd-global.cern.ch//store/mc/Run3Summer22EENanoAODv12/ZZto4L_TuneCP5_13p6TeV_powheg-pythia8/NANOAODSIM/130X_mcRun3_2022_realistic_postEE_v6_ext1-v2/30000/f3ce4148-3b38-4bb0-a19f-40c82a4d0452.root - 169050 Events
[2025-11-08 10:13:01.888] [main] [info] input_file 1: root://cms-xrd-global.cern.ch//store/mc/Run3Summer22EENanoAODv12/ZZto4L_TuneCP5_13p6TeV_powheg-pythia8/NANOAODSIM/130X_mcRun3_2022_realistic_postEE_v6_ext1-v2/30000/f3ce4148-3b38-4bb0-a19f-40c82a4d0452.root - SumOfGenWeight: 235089.61960000018 
[2025-11-08 10:13:01.888] [main] [info] Output directory: /eos/user/j/jiahua/MC_2022EE_inc/ZZto4L_powheg_22EE_ext1-v2/f3ce4148-3b38-4bb0-a19f-40c82a4d0452.root
[2025-11-08 10:13:01.889] [main] [info] Starting Setup of Dataframe with 169050 events
[2025-11-08 10:14:09.879] [main] [info] Finished Setup
[2025-11-08 10:14:09.879] [main] [info] Runtime for setup (real time: 67.99, CPU time: 67.08)
[2025-11-08 10:14:09.879] [main] [info] Starting Evaluation
[2025-11-08 10:14:22.409] [main] [info] 10000 / 169050 (5.92 %) Events processed ...
[2025-11-08 10:14:24.313] [main] [info] 20000 / 169050 (11.83 %) Events processed ...
[2025-11-08 10:14:26.275] [main] [info] 30000 / 169050 (17.75 %) Events processed ...
[2025-11-08 10:14:28.867] [main] [info] 40000 / 169050 (23.66 %) Events processed ...
[2025-11-08 10:14:30.904] [main] [info] 50000 / 169050 (29.58 %) Events processed ...
[2025-11-08 10:14:33.034] [main] [info] 60000 / 169050 (35.49 %) Events processed ...
[2025-11-08 10:14:36.161] [main] [info] 70000 / 169050 (41.41 %) Events processed ...
[2025-11-08 10:14:38.422] [main] [info] 80000 / 169050 (47.32 %) Events processed ...
[2025-11-08 10:14:40.667] [main] [info] 90000 / 169050 (53.24 %) Events processed ...
[2025-11-08 10:14:43.507] [main] [info] 100000 / 169050 (59.15 %) Events processed ...
[2025-11-08 10:14:45.378] [main] [info] 110000 / 169050 (65.07 %) Events processed ...
[2025-11-08 10:14:47.496] [main] [info] 120000 / 169050 (70.98 %) Events processed ...
[2025-11-08 10:14:50.217] [main] [info] 130000 / 169050 (76.90 %) Events processed ...
[2025-11-08 10:14:51.962] [main] [info] 140000 / 169050 (82.82 %) Events processed ...
[2025-11-08 10:14:53.670] [main] [info] 150000 / 169050 (88.73 %) Events processed ...
[2025-11-08 10:14:55.525] [main] [info] 160000 / 169050 (94.65 %) Events processed ...
[2025-11-08 10:14:57.998] [main] [info] vbfhmm:
Flag_goodVertices: pass=169050     all=169050     -- eff=100.00 % cumulative eff=100.00 %
Flag_globalSuperTightHalo2016Filter: pass=169045     all=169050     -- eff=100.00 % cumulative eff=100.00 %
Flag_EcalDeadCellTriggerPrimitiveFilter: pass=169040     all=169045     -- eff=100.00 % cumulative eff=99.99 %
Flag_BadPFMuonFilter: pass=169033     all=169040     -- eff=100.00 % cumulative eff=99.99 %
Flag_BadPFMuonDzFilter: pass=169032     all=169033     -- eff=100.00 % cumulative eff=99.99 %
Flag_eeBadScFilter: pass=169032     all=169032     -- eff=100.00 % cumulative eff=99.99 %
Flag_ecalBadCalibFilter: pass=169013     all=169032     -- eff=99.99 % cumulative eff=99.98 %
Flag_hfNoisyHitsFilter: pass=169011     all=169013     -- eff=100.00 % cumulative eff=99.98 %
Number of muons 2: pass=17032      all=169011     -- eff=10.08 % cumulative eff=10.08 %
DiMuon From Higgs: pass=12960      all=17032      -- eff=76.09 % cumulative eff=7.67 %
LeptonChargeSum: pass=11740      all=12960      -- eff=90.59 % cumulative eff=6.94 %
[2025-11-08 10:14:58.267] [main] [info] Writing quantities map to /eos/user/j/jiahua/MC_2022EE_inc/ZZto4L_powheg_22EE_ext1-v2/f3ce4148-3b38-4bb0-a19f-40c82a4d0452_vbfhmm.root
[2025-11-08 10:14:58.498] [main] [info] Finished Evaluation
[2025-11-08 10:14:58.498] [main] [info] Overall runtime (real time: 116.61, CPU time: 109.55)
