Starting job on \n
Running on: Linux b9p22p2530.cern.ch 5.14.0-570.44.1.el9_6.x86_64 #1 SMP PREEMPT_DYNAMIC Tue Sep 9 05:17:30 EDT 2025 x86_64 x86_64 x86_64 GNU/Linux\n
System software: Red Hat Enterprise Linux release 9.6 (Plow)\n
Setting up CROWN for RedHatEnterprise Version 9.6
subject   : /DC=ch/DC=cern/OU=Organic Units/OU=Users/CN=jiahua/CN=851532/CN=Jiahua Chen/CN=1735721823
issuer    : /DC=ch/DC=cern/OU=Organic Units/OU=Users/CN=jiahua/CN=851532/CN=Jiahua Chen
identity  : /DC=ch/DC=cern/OU=Organic Units/OU=Users/CN=jiahua/CN=851532/CN=Jiahua Chen
type      : RFC compliant proxy
strength  : 2048 bits
path      : /afs/cern.ch/user/j/jiahua/proxy/x509up_u139833
timeleft  : 197:13:05
key usage : Digital Signature, Key Encipherment
=== VO cms extension information ===
VO        : cms
subject   : /DC=ch/DC=cern/OU=Organic Units/OU=Users/CN=jiahua/CN=851532/CN=Jiahua Chen
issuer    : /DC=ch/DC=cern/OU=computers/CN=cms-auth.cern.ch
attribute : /cms/Role=NULL/Capability=NULL
timeleft  : 189:13:05
uri       : voms-cms-auth.cern.ch:15000
subject   : /DC=ch/DC=cern/OU=Organic Units/OU=Users/CN=jiahua/CN=851532/CN=Jiahua Chen/CN=1735721823
issuer    : /DC=ch/DC=cern/OU=Organic Units/OU=Users/CN=jiahua/CN=851532/CN=Jiahua Chen
identity  : /DC=ch/DC=cern/OU=Organic Units/OU=Users/CN=jiahua/CN=851532/CN=Jiahua Chen
type      : RFC compliant proxy
strength  : 2048 bits
path      : /afs/cern.ch/user/j/jiahua/proxy/x509up_u139833
timeleft  : 197:13:05
key usage : Digital Signature, Key Encipherment
=== VO cms extension information ===
VO        : cms
subject   : /DC=ch/DC=cern/OU=Organic Units/OU=Users/CN=jiahua/CN=851532/CN=Jiahua Chen
issuer    : /DC=ch/DC=cern/OU=computers/CN=cms-auth.cern.ch
attribute : /cms/Role=NULL/Capability=NULL
timeleft  : 189:13:05
uri       : voms-cms-auth.cern.ch:15000
/eos/user/j/jiahua/MC_2022EE_inc/ZZto2L2Q_powheg_22EE_ext1-v2/e8deaa69-8b0c-4bf8-87e6-9bb95e906678.root
[2025-11-08 10:25:53.851] [main] [info] Checking input files
[2025-11-08 10:25:57.433] [main] [info] NanoAOD input_file 1: root://cms-xrd-global.cern.ch//store/mc/Run3Summer22EENanoAODv12/ZZto2L2Q_TuneCP5_13p6TeV_powheg-pythia8/NANOAODSIM/130X_mcRun3_2022_realistic_postEE_v6_ext1-v2/2540000/e8deaa69-8b0c-4bf8-87e6-9bb95e906678.root - 25416 Events
[2025-11-08 10:25:57.434] [main] [info] input_file 1: root://cms-xrd-global.cern.ch//store/mc/Run3Summer22EENanoAODv12/ZZto2L2Q_TuneCP5_13p6TeV_powheg-pythia8/NANOAODSIM/130X_mcRun3_2022_realistic_postEE_v6_ext1-v2/2540000/e8deaa69-8b0c-4bf8-87e6-9bb95e906678.root - SumOfGenWeight: 172686.65699999998 
[2025-11-08 10:25:57.434] [main] [info] Output directory: /eos/user/j/jiahua/MC_2022EE_inc/ZZto2L2Q_powheg_22EE_ext1-v2/e8deaa69-8b0c-4bf8-87e6-9bb95e906678.root
[2025-11-08 10:25:57.438] [main] [info] Starting Setup of Dataframe with 25416 events
[2025-11-08 10:26:40.208] [main] [info] Finished Setup
[2025-11-08 10:26:40.208] [main] [info] Runtime for setup (real time: 42.77, CPU time: 42.02)
[2025-11-08 10:26:40.208] [main] [info] Starting Evaluation
[2025-11-08 10:26:50.828] [main] [info] 10000 / 25416 (39.35 %) Events processed ...
[2025-11-08 10:26:51.782] [main] [info] 20000 / 25416 (78.69 %) Events processed ...
[2025-11-08 10:26:52.558] [main] [info] vbfhmm:
Flag_goodVertices: pass=25416      all=25416      -- eff=100.00 % cumulative eff=100.00 %
Flag_globalSuperTightHalo2016Filter: pass=25412      all=25416      -- eff=99.98 % cumulative eff=99.98 %
Flag_EcalDeadCellTriggerPrimitiveFilter: pass=25411      all=25412      -- eff=100.00 % cumulative eff=99.98 %
Flag_BadPFMuonFilter: pass=25410      all=25411      -- eff=100.00 % cumulative eff=99.98 %
Flag_BadPFMuonDzFilter: pass=25410      all=25410      -- eff=100.00 % cumulative eff=99.98 %
Flag_eeBadScFilter: pass=25410      all=25410      -- eff=100.00 % cumulative eff=99.98 %
Flag_ecalBadCalibFilter: pass=25408      all=25410      -- eff=99.99 % cumulative eff=99.97 %
Flag_hfNoisyHitsFilter: pass=25408      all=25408      -- eff=100.00 % cumulative eff=99.97 %
Number of muons 2: pass=1785       all=25408      -- eff=7.03 % cumulative eff=7.02 %
DiMuon From Higgs: pass=1614       all=1785       -- eff=90.42 % cumulative eff=6.35 %
LeptonChargeSum: pass=1612       all=1614       -- eff=99.88 % cumulative eff=6.34 %
[2025-11-08 10:26:52.820] [main] [info] Writing quantities map to /eos/user/j/jiahua/MC_2022EE_inc/ZZto2L2Q_powheg_22EE_ext1-v2/e8deaa69-8b0c-4bf8-87e6-9bb95e906678_vbfhmm.root
[2025-11-08 10:26:52.987] [main] [info] Finished Evaluation
[2025-11-08 10:26:52.987] [main] [info] Overall runtime (real time: 55.55, CPU time: 51.36)
