000 (12769434.152.000) 11/08 09:48:52 Job submitted from host: <188.185.121.235:9618?addrs=188.185.121.235-9618+[2001-1458-d00-49--100-36e]-9618&alias=bigbird22.cern.ch&noUDP&sock=schedd_232129_c3ca>
...
040 (12769434.152.000) 11/08 10:15:07 Started transferring input files
	Transferring to host: <188.185.195.161:9618?addrs=188.185.195.161-9618+[2001-1458-303-22--100-9d]-9618&alias=b9p17p8157.cern.ch&noUDP&sock=slot1_35_5990_3f2d_46530>
...
040 (12769434.152.000) 11/08 10:15:08 Finished transferring input files
...
001 (12769434.152.000) 11/08 10:15:09 Job executing on host: <188.185.195.161:9618?addrs=188.185.195.161-9618+[2001-1458-303-22--100-9d]-9618&alias=b9p17p8157.cern.ch&noUDP&sock=startd_4982_d0eb>
	SlotName: slot1_35@b9p17p8157.cern.ch
	CondorScratchDir = "/pool/condor/dir_2703668"
	Cpus = 1
	Disk = 16281
	GPUs = 0
	Memory = 3000
...
006 (12769434.152.000) 11/08 10:15:22 Image size of job updated: 97132
	95  -  MemoryUsage of job (MB)
	97132  -  ResidentSetSize of job (KB)
...
006 (12769434.152.000) 11/08 10:17:12 Image size of job updated: 449004
	95  -  MemoryUsage of job (MB)
	97132  -  ResidentSetSize of job (KB)
...
040 (12769434.152.000) 11/08 10:17:12 Started transferring output files
...
040 (12769434.152.000) 11/08 10:17:12 Finished transferring output files
...
005 (12769434.152.000) 11/08 10:17:12 Job terminated.
	(1) Normal termination (return value 0)
		Usr 0 00:01:49, Sys 0 00:00:02  -  Run Remote Usage
		Usr 0 00:00:00, Sys 0 00:00:00  -  Run Local Usage
		Usr 0 00:01:49, Sys 0 00:00:02  -  Total Remote Usage
		Usr 0 00:00:00, Sys 0 00:00:00  -  Total Local Usage
	10786  -  Run Bytes Sent By Job
	11220238  -  Run Bytes Received By Job
	10786  -  Total Bytes Sent By Job
	11220238  -  Total Bytes Received By Job
	Partitionable Resources :    Usage  Request Allocated 
	   Cpus                 :        0        1         1 
	   Disk (KB)            :    10991    12500     16281 
	   GPUs                 :                           0 
	   Memory (MB)          :       95     3000      3000 
	   TimeExecute (s)      :      124                    
	   TimeSlotBusy (s)     :      125                    

	Job terminated of its own accord at 2025-11-08T09:17:12Z with exit-code 0.
...
