000 (12769432.374.000) 11/08 09:48:48 Job submitted from host: <188.185.121.235:9618?addrs=188.185.121.235-9618+[2001-1458-d00-49--100-36e]-9618&alias=bigbird22.cern.ch&noUDP&sock=schedd_232129_c3ca>
...
040 (12769432.374.000) 11/08 10:13:20 Started transferring input files
	Transferring to host: <188.185.211.137:9618?addrs=188.185.211.137-9618+[2001-1458-303-17--100-5]-9618&alias=b9p24p0933.cern.ch&noUDP&sock=slot1_37_8039_f3e0_47231>
...
040 (12769432.374.000) 11/08 10:13:20 Finished transferring input files
...
001 (12769432.374.000) 11/08 10:13:21 Job executing on host: <188.185.211.137:9618?addrs=188.185.211.137-9618+[2001-1458-303-17--100-5]-9618&alias=b9p24p0933.cern.ch&noUDP&sock=startd_7053_598e>
	SlotName: slot1_37@b9p24p0933.cern.ch
	CondorScratchDir = "/pool/condor/dir_1139250"
	Cpus = 1
	Disk = 15853
	GPUs = 0
	Memory = 3000
...
006 (12769432.374.000) 11/08 10:13:35 Image size of job updated: 156060
	153  -  MemoryUsage of job (MB)
	156060  -  ResidentSetSize of job (KB)
...
006 (12769432.374.000) 11/08 10:14:36 Image size of job updated: 430708
	153  -  MemoryUsage of job (MB)
	156060  -  ResidentSetSize of job (KB)
...
040 (12769432.374.000) 11/08 10:14:36 Started transferring output files
...
040 (12769432.374.000) 11/08 10:14:36 Finished transferring output files
...
005 (12769432.374.000) 11/08 10:14:36 Job terminated.
	(1) Normal termination (return value 0)
		Usr 0 00:01:01, Sys 0 00:00:02  -  Run Remote Usage
		Usr 0 00:00:00, Sys 0 00:00:00  -  Run Local Usage
		Usr 0 00:01:01, Sys 0 00:00:02  -  Total Remote Usage
		Usr 0 00:00:00, Sys 0 00:00:00  -  Total Local Usage
	9821  -  Run Bytes Sent By Job
	11220238  -  Run Bytes Received By Job
	9821  -  Total Bytes Sent By Job
	11220238  -  Total Bytes Received By Job
	Partitionable Resources :    Usage  Request Allocated 
	   Cpus                 :        0        1         1 
	   Disk (KB)            :    10990    12500     15853 
	   GPUs                 :                           0 
	   Memory (MB)          :      153     3000      3000 
	   TimeExecute (s)      :       75                    
	   TimeSlotBusy (s)     :       76                    

	Job terminated of its own accord at 2025-11-08T09:14:36Z with exit-code 0.
...
