Starting job on \n
Running on: Linux b9p19p9894.cern.ch 5.14.0-570.44.1.el9_6.x86_64 #1 SMP PREEMPT_DYNAMIC Tue Sep 9 05:17:30 EDT 2025 x86_64 x86_64 x86_64 GNU/Linux\n
System software: Red Hat Enterprise Linux release 9.6 (Plow)\n
Setting up CROWN for RedHatEnterprise Version 9.6
subject   : /DC=ch/DC=cern/OU=Organic Units/OU=Users/CN=jiahua/CN=851532/CN=Jiahua Chen/CN=1735721823
issuer    : /DC=ch/DC=cern/OU=Organic Units/OU=Users/CN=jiahua/CN=851532/CN=Jiahua Chen
identity  : /DC=ch/DC=cern/OU=Organic Units/OU=Users/CN=jiahua/CN=851532/CN=Jiahua Chen
type      : RFC compliant proxy
strength  : 2048 bits
path      : /afs/cern.ch/user/j/jiahua/proxy/x509up_u139833
timeleft  : 197:27:00
key usage : Digital Signature, Key Encipherment
=== VO cms extension information ===
VO        : cms
subject   : /DC=ch/DC=cern/OU=Organic Units/OU=Users/CN=jiahua/CN=851532/CN=Jiahua Chen
issuer    : /DC=ch/DC=cern/OU=computers/CN=cms-auth.cern.ch
attribute : /cms/Role=NULL/Capability=NULL
timeleft  : 189:27:00
uri       : voms-cms-auth.cern.ch:15000
subject   : /DC=ch/DC=cern/OU=Organic Units/OU=Users/CN=jiahua/CN=851532/CN=Jiahua Chen/CN=1735721823
issuer    : /DC=ch/DC=cern/OU=Organic Units/OU=Users/CN=jiahua/CN=851532/CN=Jiahua Chen
identity  : /DC=ch/DC=cern/OU=Organic Units/OU=Users/CN=jiahua/CN=851532/CN=Jiahua Chen
type      : RFC compliant proxy
strength  : 2048 bits
path      : /afs/cern.ch/user/j/jiahua/proxy/x509up_u139833
timeleft  : 197:27:00
key usage : Digital Signature, Key Encipherment
=== VO cms extension information ===
VO        : cms
subject   : /DC=ch/DC=cern/OU=Organic Units/OU=Users/CN=jiahua/CN=851532/CN=Jiahua Chen
issuer    : /DC=ch/DC=cern/OU=computers/CN=cms-auth.cern.ch
attribute : /cms/Role=NULL/Capability=NULL
timeleft  : 189:27:00
uri       : voms-cms-auth.cern.ch:15000
/eos/user/j/jiahua/MC_2022EE_inc/ZZto4L_powheg_22EE_ext1-v2/3a194d71-b403-4564-96b7-b86270d4088c.root
[2025-11-08 10:11:58.699] [main] [info] Checking input files
[2025-11-08 10:12:05.749] [main] [info] NanoAOD input_file 1: root://cms-xrd-global.cern.ch//store/mc/Run3Summer22EENanoAODv12/ZZto4L_TuneCP5_13p6TeV_powheg-pythia8/NANOAODSIM/130X_mcRun3_2022_realistic_postEE_v6_ext1-v2/30000/3a194d71-b403-4564-96b7-b86270d4088c.root - 77175 Events
[2025-11-08 10:12:05.749] [main] [info] input_file 1: root://cms-xrd-global.cern.ch//store/mc/Run3Summer22EENanoAODv12/ZZto4L_TuneCP5_13p6TeV_powheg-pythia8/NANOAODSIM/130X_mcRun3_2022_realistic_postEE_v6_ext1-v2/30000/3a194d71-b403-4564-96b7-b86270d4088c.root - SumOfGenWeight: 107314.78637000005 
[2025-11-08 10:12:05.749] [main] [info] Output directory: /eos/user/j/jiahua/MC_2022EE_inc/ZZto4L_powheg_22EE_ext1-v2/3a194d71-b403-4564-96b7-b86270d4088c.root
[2025-11-08 10:12:05.750] [main] [info] Starting Setup of Dataframe with 77175 events
[2025-11-08 10:13:30.292] [main] [info] Finished Setup
[2025-11-08 10:13:30.292] [main] [info] Runtime for setup (real time: 84.54, CPU time: 83.38)
[2025-11-08 10:13:30.292] [main] [info] Starting Evaluation
[2025-11-08 10:13:47.591] [main] [info] 10000 / 77175 (12.96 %) Events processed ...
[2025-11-08 10:13:49.399] [main] [info] 20000 / 77175 (25.92 %) Events processed ...
[2025-11-08 10:13:51.305] [main] [info] 30000 / 77175 (38.87 %) Events processed ...
[2025-11-08 10:13:53.937] [main] [info] 40000 / 77175 (51.83 %) Events processed ...
[2025-11-08 10:13:55.877] [main] [info] 50000 / 77175 (64.79 %) Events processed ...
[2025-11-08 10:13:57.806] [main] [info] 60000 / 77175 (77.75 %) Events processed ...
[2025-11-08 10:14:00.605] [main] [info] 70000 / 77175 (90.70 %) Events processed ...
[2025-11-08 10:14:02.577] [main] [info] vbfhmm:
Flag_goodVertices: pass=77175      all=77175      -- eff=100.00 % cumulative eff=100.00 %
Flag_globalSuperTightHalo2016Filter: pass=77175      all=77175      -- eff=100.00 % cumulative eff=100.00 %
Flag_EcalDeadCellTriggerPrimitiveFilter: pass=77175      all=77175      -- eff=100.00 % cumulative eff=100.00 %
Flag_BadPFMuonFilter: pass=77173      all=77175      -- eff=100.00 % cumulative eff=100.00 %
Flag_BadPFMuonDzFilter: pass=77171      all=77173      -- eff=100.00 % cumulative eff=99.99 %
Flag_eeBadScFilter: pass=77171      all=77171      -- eff=100.00 % cumulative eff=99.99 %
Flag_ecalBadCalibFilter: pass=77163      all=77171      -- eff=99.99 % cumulative eff=99.98 %
Flag_hfNoisyHitsFilter: pass=77161      all=77163      -- eff=100.00 % cumulative eff=99.98 %
Number of muons 2: pass=7777       all=77161      -- eff=10.08 % cumulative eff=10.08 %
DiMuon From Higgs: pass=5857       all=7777       -- eff=75.31 % cumulative eff=7.59 %
LeptonChargeSum: pass=5338       all=5857       -- eff=91.14 % cumulative eff=6.92 %
[2025-11-08 10:14:03.291] [main] [info] Writing quantities map to /eos/user/j/jiahua/MC_2022EE_inc/ZZto4L_powheg_22EE_ext1-v2/3a194d71-b403-4564-96b7-b86270d4088c_vbfhmm.root
[2025-11-08 10:14:03.749] [main] [info] Finished Evaluation
[2025-11-08 10:14:03.749] [main] [info] Overall runtime (real time: 118.00, CPU time: 112.36)
