Starting job on \n
Running on: Linux b9p02p9621.cern.ch 5.14.0-570.42.2.el9_6.x86_64 #1 SMP PREEMPT_DYNAMIC Mon Sep 8 12:15:13 EDT 2025 x86_64 x86_64 x86_64 GNU/Linux\n
System software: Red Hat Enterprise Linux release 9.6 (Plow)\n
Setting up CROWN for RedHatEnterprise Version 9.6
subject   : /DC=ch/DC=cern/OU=Organic Units/OU=Users/CN=jiahua/CN=851532/CN=Jiahua Chen/CN=1735721823
issuer    : /DC=ch/DC=cern/OU=Organic Units/OU=Users/CN=jiahua/CN=851532/CN=Jiahua Chen
identity  : /DC=ch/DC=cern/OU=Organic Units/OU=Users/CN=jiahua/CN=851532/CN=Jiahua Chen
type      : RFC compliant proxy
strength  : 2048 bits
path      : /afs/cern.ch/user/j/jiahua/proxy/x509up_u139833
timeleft  : 197:23:20
key usage : Digital Signature, Key Encipherment
=== VO cms extension information ===
VO        : cms
subject   : /DC=ch/DC=cern/OU=Organic Units/OU=Users/CN=jiahua/CN=851532/CN=Jiahua Chen
issuer    : /DC=ch/DC=cern/OU=computers/CN=cms-auth.cern.ch
attribute : /cms/Role=NULL/Capability=NULL
timeleft  : 189:23:20
uri       : voms-cms-auth.cern.ch:15000
subject   : /DC=ch/DC=cern/OU=Organic Units/OU=Users/CN=jiahua/CN=851532/CN=Jiahua Chen/CN=1735721823
issuer    : /DC=ch/DC=cern/OU=Organic Units/OU=Users/CN=jiahua/CN=851532/CN=Jiahua Chen
identity  : /DC=ch/DC=cern/OU=Organic Units/OU=Users/CN=jiahua/CN=851532/CN=Jiahua Chen
type      : RFC compliant proxy
strength  : 2048 bits
path      : /afs/cern.ch/user/j/jiahua/proxy/x509up_u139833
timeleft  : 197:23:20
key usage : Digital Signature, Key Encipherment
=== VO cms extension information ===
VO        : cms
subject   : /DC=ch/DC=cern/OU=Organic Units/OU=Users/CN=jiahua/CN=851532/CN=Jiahua Chen
issuer    : /DC=ch/DC=cern/OU=computers/CN=cms-auth.cern.ch
attribute : /cms/Role=NULL/Capability=NULL
timeleft  : 189:23:20
uri       : voms-cms-auth.cern.ch:15000
/eos/user/j/jiahua/MC_2022EE_inc/ZZto2L2Q_powheg_22EE_ext1-v2/34326099-1399-4216-9652-40830b7beedd.root
[2025-11-08 10:15:38.669] [main] [info] Checking input files
[2025-11-08 10:15:42.909] [main] [info] NanoAOD input_file 1: root://cms-xrd-global.cern.ch//store/mc/Run3Summer22EENanoAODv12/ZZto2L2Q_TuneCP5_13p6TeV_powheg-pythia8/NANOAODSIM/130X_mcRun3_2022_realistic_postEE_v6_ext1-v2/2530000/34326099-1399-4216-9652-40830b7beedd.root - 171558 Events
[2025-11-08 10:15:42.909] [main] [info] input_file 1: root://cms-xrd-global.cern.ch//store/mc/Run3Summer22EENanoAODv12/ZZto2L2Q_TuneCP5_13p6TeV_powheg-pythia8/NANOAODSIM/130X_mcRun3_2022_realistic_postEE_v6_ext1-v2/2530000/34326099-1399-4216-9652-40830b7beedd.root - SumOfGenWeight: 1165289.944000001 
[2025-11-08 10:15:42.909] [main] [info] Output directory: /eos/user/j/jiahua/MC_2022EE_inc/ZZto2L2Q_powheg_22EE_ext1-v2/34326099-1399-4216-9652-40830b7beedd.root
[2025-11-08 10:15:42.909] [main] [info] Starting Setup of Dataframe with 171558 events
[2025-11-08 10:16:46.029] [main] [info] Finished Setup
[2025-11-08 10:16:46.029] [main] [info] Runtime for setup (real time: 63.12, CPU time: 60.99)
[2025-11-08 10:16:46.029] [main] [info] Starting Evaluation
[2025-11-08 10:16:58.230] [main] [info] 10000 / 171558 (5.83 %) Events processed ...
[2025-11-08 10:16:59.674] [main] [info] 20000 / 171558 (11.66 %) Events processed ...
[2025-11-08 10:17:00.672] [main] [info] 30000 / 171558 (17.49 %) Events processed ...
[2025-11-08 10:17:02.739] [main] [info] 40000 / 171558 (23.32 %) Events processed ...
[2025-11-08 10:17:04.117] [main] [info] 50000 / 171558 (29.14 %) Events processed ...
[2025-11-08 10:17:05.274] [main] [info] 60000 / 171558 (34.97 %) Events processed ...
[2025-11-08 10:17:07.257] [main] [info] 70000 / 171558 (40.80 %) Events processed ...
[2025-11-08 10:17:08.475] [main] [info] 80000 / 171558 (46.63 %) Events processed ...
[2025-11-08 10:17:09.702] [main] [info] 90000 / 171558 (52.46 %) Events processed ...
[2025-11-08 10:17:11.737] [main] [info] 100000 / 171558 (58.29 %) Events processed ...
[2025-11-08 10:17:12.789] [main] [info] 110000 / 171558 (64.12 %) Events processed ...
[2025-11-08 10:17:14.044] [main] [info] 120000 / 171558 (69.95 %) Events processed ...
[2025-11-08 10:17:15.294] [main] [info] 130000 / 171558 (75.78 %) Events processed ...
[2025-11-08 10:17:17.524] [main] [info] 140000 / 171558 (81.61 %) Events processed ...
[2025-11-08 10:17:18.834] [main] [info] 150000 / 171558 (87.43 %) Events processed ...
[2025-11-08 10:17:20.071] [main] [info] 160000 / 171558 (93.26 %) Events processed ...
[2025-11-08 10:17:21.706] [main] [info] 170000 / 171558 (99.09 %) Events processed ...
[2025-11-08 10:17:22.134] [main] [info] vbfhmm:
Flag_goodVertices: pass=171558     all=171558     -- eff=100.00 % cumulative eff=100.00 %
Flag_globalSuperTightHalo2016Filter: pass=171544     all=171558     -- eff=99.99 % cumulative eff=99.99 %
Flag_EcalDeadCellTriggerPrimitiveFilter: pass=171538     all=171544     -- eff=100.00 % cumulative eff=99.99 %
Flag_BadPFMuonFilter: pass=171526     all=171538     -- eff=99.99 % cumulative eff=99.98 %
Flag_BadPFMuonDzFilter: pass=171524     all=171526     -- eff=100.00 % cumulative eff=99.98 %
Flag_eeBadScFilter: pass=171524     all=171524     -- eff=100.00 % cumulative eff=99.98 %
Flag_ecalBadCalibFilter: pass=171502     all=171524     -- eff=99.99 % cumulative eff=99.97 %
Flag_hfNoisyHitsFilter: pass=171493     all=171502     -- eff=99.99 % cumulative eff=99.96 %
Number of muons 2: pass=11752      all=171493     -- eff=6.85 % cumulative eff=6.85 %
DiMuon From Higgs: pass=10386      all=11752      -- eff=88.38 % cumulative eff=6.05 %
LeptonChargeSum: pass=10379      all=10386      -- eff=99.93 % cumulative eff=6.05 %
[2025-11-08 10:17:22.290] [main] [info] Writing quantities map to /eos/user/j/jiahua/MC_2022EE_inc/ZZto2L2Q_powheg_22EE_ext1-v2/34326099-1399-4216-9652-40830b7beedd_vbfhmm.root
[2025-11-08 10:17:22.502] [main] [info] Finished Evaluation
[2025-11-08 10:17:22.502] [main] [info] Overall runtime (real time: 99.59, CPU time: 92.41)
