000 (12769431.171.000) 11/08 09:48:44 Job submitted from host: <188.185.121.235:9618?addrs=188.185.121.235-9618+[2001-1458-d00-49--100-36e]-9618&alias=bigbird22.cern.ch&noUDP&sock=schedd_232129_c3ca>
...
040 (12769431.171.000) 11/08 10:25:35 Started transferring input files
	Transferring to host: <188.185.196.93:9618?addrs=188.185.196.93-9618+[2001-1458-303-23--100-59]-9618&alias=b9p16p2468.cern.ch&noUDP&sock=slot1_47_5874_83a8_42085>
...
040 (12769431.171.000) 11/08 10:25:35 Finished transferring input files
...
001 (12769431.171.000) 11/08 10:25:36 Job executing on host: <188.185.196.93:9618?addrs=188.185.196.93-9618+[2001-1458-303-23--100-59]-9618&alias=b9p16p2468.cern.ch&noUDP&sock=startd_4770_66d7>
	SlotName: slot1_47@b9p16p2468.cern.ch
	CondorScratchDir = "/pool/condor/dir_1642170"
	Cpus = 1
	Disk = 15716
	GPUs = 0
	Memory = 3000
...
006 (12769431.171.000) 11/08 10:25:50 Image size of job updated: 102268
	100  -  MemoryUsage of job (MB)
	102268  -  ResidentSetSize of job (KB)
...
006 (12769431.171.000) 11/08 10:27:23 Image size of job updated: 424296
	101  -  MemoryUsage of job (MB)
	102652  -  ResidentSetSize of job (KB)
...
040 (12769431.171.000) 11/08 10:27:23 Started transferring output files
...
040 (12769431.171.000) 11/08 10:27:23 Finished transferring output files
...
005 (12769431.171.000) 11/08 10:27:23 Job terminated.
	(1) Normal termination (return value 0)
		Usr 0 00:01:33, Sys 0 00:00:02  -  Run Remote Usage
		Usr 0 00:00:00, Sys 0 00:00:00  -  Run Local Usage
		Usr 0 00:01:33, Sys 0 00:00:02  -  Total Remote Usage
		Usr 0 00:00:00, Sys 0 00:00:00  -  Total Local Usage
	9582  -  Run Bytes Sent By Job
	11220238  -  Run Bytes Received By Job
	9582  -  Total Bytes Sent By Job
	11220238  -  Total Bytes Received By Job
	Partitionable Resources :    Usage  Request Allocated 
	   Cpus                 :        0        1         1 
	   Disk (KB)            :    10991    12500     15716 
	   GPUs                 :                           0 
	   Memory (MB)          :      101     3000      3000 
	   TimeExecute (s)      :      107                    
	   TimeSlotBusy (s)     :      108                    

	Job terminated of its own accord at 2025-11-08T09:27:23Z with exit-code 0.
...
