Starting job on \n
Running on: Linux b9p25p0803.cern.ch 5.14.0-570.44.1.el9_6.x86_64 #1 SMP PREEMPT_DYNAMIC Tue Sep 9 05:17:30 EDT 2025 x86_64 x86_64 x86_64 GNU/Linux\n
System software: Red Hat Enterprise Linux release 9.6 (Plow)\n
Setting up CROWN for RedHatEnterprise Version 9.6
subject   : /DC=ch/DC=cern/OU=Organic Units/OU=Users/CN=jiahua/CN=851532/CN=Jiahua Chen/CN=1735721823
issuer    : /DC=ch/DC=cern/OU=Organic Units/OU=Users/CN=jiahua/CN=851532/CN=Jiahua Chen
identity  : /DC=ch/DC=cern/OU=Organic Units/OU=Users/CN=jiahua/CN=851532/CN=Jiahua Chen
type      : RFC compliant proxy
strength  : 2048 bits
path      : /afs/cern.ch/user/j/jiahua/proxy/x509up_u139833
timeleft  : 197:21:53
key usage : Digital Signature, Key Encipherment
=== VO cms extension information ===
VO        : cms
subject   : /DC=ch/DC=cern/OU=Organic Units/OU=Users/CN=jiahua/CN=851532/CN=Jiahua Chen
issuer    : /DC=ch/DC=cern/OU=computers/CN=cms-auth.cern.ch
attribute : /cms/Role=NULL/Capability=NULL
timeleft  : 189:21:53
uri       : voms-cms-auth.cern.ch:15000
subject   : /DC=ch/DC=cern/OU=Organic Units/OU=Users/CN=jiahua/CN=851532/CN=Jiahua Chen/CN=1735721823
issuer    : /DC=ch/DC=cern/OU=Organic Units/OU=Users/CN=jiahua/CN=851532/CN=Jiahua Chen
identity  : /DC=ch/DC=cern/OU=Organic Units/OU=Users/CN=jiahua/CN=851532/CN=Jiahua Chen
type      : RFC compliant proxy
strength  : 2048 bits
path      : /afs/cern.ch/user/j/jiahua/proxy/x509up_u139833
timeleft  : 197:21:53
key usage : Digital Signature, Key Encipherment
=== VO cms extension information ===
VO        : cms
subject   : /DC=ch/DC=cern/OU=Organic Units/OU=Users/CN=jiahua/CN=851532/CN=Jiahua Chen
issuer    : /DC=ch/DC=cern/OU=computers/CN=cms-auth.cern.ch
attribute : /cms/Role=NULL/Capability=NULL
timeleft  : 189:21:53
uri       : voms-cms-auth.cern.ch:15000
/eos/user/j/jiahua/MC_2022EE_inc/ZZto2L2Q_powheg_22EE_ext1-v2/eb352bb9-843f-4f0b-a9fd-a9971be3afc2.root
[2025-11-08 10:17:05.133] [main] [info] Checking input files
[2025-11-08 10:17:10.255] [main] [info] NanoAOD input_file 1: root://cms-xrd-global.cern.ch//store/mc/Run3Summer22EENanoAODv12/ZZto2L2Q_TuneCP5_13p6TeV_powheg-pythia8/NANOAODSIM/130X_mcRun3_2022_realistic_postEE_v6_ext1-v2/30000/eb352bb9-843f-4f0b-a9fd-a9971be3afc2.root - 129198 Events
[2025-11-08 10:17:10.255] [main] [info] input_file 1: root://cms-xrd-global.cern.ch//store/mc/Run3Summer22EENanoAODv12/ZZto2L2Q_TuneCP5_13p6TeV_powheg-pythia8/NANOAODSIM/130X_mcRun3_2022_realistic_postEE_v6_ext1-v2/30000/eb352bb9-843f-4f0b-a9fd-a9971be3afc2.root - SumOfGenWeight: 877082.6220000001 
[2025-11-08 10:17:10.255] [main] [info] Output directory: /eos/user/j/jiahua/MC_2022EE_inc/ZZto2L2Q_powheg_22EE_ext1-v2/eb352bb9-843f-4f0b-a9fd-a9971be3afc2.root
[2025-11-08 10:17:10.256] [main] [info] Starting Setup of Dataframe with 129198 events
[2025-11-08 10:17:52.741] [main] [info] Finished Setup
[2025-11-08 10:17:52.741] [main] [info] Runtime for setup (real time: 42.49, CPU time: 41.61)
[2025-11-08 10:17:52.741] [main] [info] Starting Evaluation
[2025-11-08 10:18:01.915] [main] [info] 10000 / 129198 (7.74 %) Events processed ...
[2025-11-08 10:18:02.820] [main] [info] 20000 / 129198 (15.48 %) Events processed ...
[2025-11-08 10:18:03.792] [main] [info] 30000 / 129198 (23.22 %) Events processed ...
[2025-11-08 10:18:05.332] [main] [info] 40000 / 129198 (30.96 %) Events processed ...
[2025-11-08 10:18:06.522] [main] [info] 50000 / 129198 (38.70 %) Events processed ...
[2025-11-08 10:18:07.651] [main] [info] 60000 / 129198 (46.44 %) Events processed ...
[2025-11-08 10:18:08.996] [main] [info] 70000 / 129198 (54.18 %) Events processed ...
[2025-11-08 10:18:10.173] [main] [info] 80000 / 129198 (61.92 %) Events processed ...
[2025-11-08 10:18:11.248] [main] [info] 90000 / 129198 (69.66 %) Events processed ...
[2025-11-08 10:18:12.572] [main] [info] 100000 / 129198 (77.40 %) Events processed ...
[2025-11-08 10:18:13.522] [main] [info] 110000 / 129198 (85.14 %) Events processed ...
[2025-11-08 10:18:14.672] [main] [info] 120000 / 129198 (92.88 %) Events processed ...
[2025-11-08 10:18:16.094] [main] [info] vbfhmm:
Flag_goodVertices: pass=129198     all=129198     -- eff=100.00 % cumulative eff=100.00 %
Flag_globalSuperTightHalo2016Filter: pass=129189     all=129198     -- eff=99.99 % cumulative eff=99.99 %
Flag_EcalDeadCellTriggerPrimitiveFilter: pass=129182     all=129189     -- eff=99.99 % cumulative eff=99.99 %
Flag_BadPFMuonFilter: pass=129177     all=129182     -- eff=100.00 % cumulative eff=99.98 %
Flag_BadPFMuonDzFilter: pass=129177     all=129177     -- eff=100.00 % cumulative eff=99.98 %
Flag_eeBadScFilter: pass=129177     all=129177     -- eff=100.00 % cumulative eff=99.98 %
Flag_ecalBadCalibFilter: pass=129166     all=129177     -- eff=99.99 % cumulative eff=99.98 %
Flag_hfNoisyHitsFilter: pass=129157     all=129166     -- eff=99.99 % cumulative eff=99.97 %
Number of muons 2: pass=8750       all=129157     -- eff=6.77 % cumulative eff=6.77 %
DiMuon From Higgs: pass=7756       all=8750       -- eff=88.64 % cumulative eff=6.00 %
LeptonChargeSum: pass=7750       all=7756       -- eff=99.92 % cumulative eff=6.00 %
[2025-11-08 10:18:16.233] [main] [info] Writing quantities map to /eos/user/j/jiahua/MC_2022EE_inc/ZZto2L2Q_powheg_22EE_ext1-v2/eb352bb9-843f-4f0b-a9fd-a9971be3afc2_vbfhmm.root
[2025-11-08 10:18:16.379] [main] [info] Finished Evaluation
[2025-11-08 10:18:16.380] [main] [info] Overall runtime (real time: 66.12, CPU time: 62.81)
