Starting job on \n
Running on: Linux b9g34p3999.cern.ch 5.14.0-570.42.2.el9_6.x86_64 #1 SMP PREEMPT_DYNAMIC Mon Sep 8 12:15:13 EDT 2025 x86_64 x86_64 x86_64 GNU/Linux\n
System software: Red Hat Enterprise Linux release 9.6 (Plow)\n
Setting up CROWN for RedHatEnterprise Version 9.6
subject   : /DC=ch/DC=cern/OU=Organic Units/OU=Users/CN=jiahua/CN=851532/CN=Jiahua Chen/CN=1735721823
issuer    : /DC=ch/DC=cern/OU=Organic Units/OU=Users/CN=jiahua/CN=851532/CN=Jiahua Chen
identity  : /DC=ch/DC=cern/OU=Organic Units/OU=Users/CN=jiahua/CN=851532/CN=Jiahua Chen
type      : RFC compliant proxy
strength  : 2048 bits
path      : /afs/cern.ch/user/j/jiahua/proxy/x509up_u139833
timeleft  : 197:26:43
key usage : Digital Signature, Key Encipherment
=== VO cms extension information ===
VO        : cms
subject   : /DC=ch/DC=cern/OU=Organic Units/OU=Users/CN=jiahua/CN=851532/CN=Jiahua Chen
issuer    : /DC=ch/DC=cern/OU=computers/CN=cms-auth.cern.ch
attribute : /cms/Role=NULL/Capability=NULL
timeleft  : 189:26:43
uri       : voms-cms-auth.cern.ch:15000
subject   : /DC=ch/DC=cern/OU=Organic Units/OU=Users/CN=jiahua/CN=851532/CN=Jiahua Chen/CN=1735721823
issuer    : /DC=ch/DC=cern/OU=Organic Units/OU=Users/CN=jiahua/CN=851532/CN=Jiahua Chen
identity  : /DC=ch/DC=cern/OU=Organic Units/OU=Users/CN=jiahua/CN=851532/CN=Jiahua Chen
type      : RFC compliant proxy
strength  : 2048 bits
path      : /afs/cern.ch/user/j/jiahua/proxy/x509up_u139833
timeleft  : 197:26:42
key usage : Digital Signature, Key Encipherment
=== VO cms extension information ===
VO        : cms
subject   : /DC=ch/DC=cern/OU=Organic Units/OU=Users/CN=jiahua/CN=851532/CN=Jiahua Chen
issuer    : /DC=ch/DC=cern/OU=computers/CN=cms-auth.cern.ch
attribute : /cms/Role=NULL/Capability=NULL
timeleft  : 189:26:42
uri       : voms-cms-auth.cern.ch:15000
/eos/user/j/jiahua/MC_2022EE_inc/ZZto4L_powheg_22EE_ext1-v2/b6ead3e8-52e1-4907-ad69-a65a76be9f70.root
[2025-11-08 10:12:16.748] [main] [info] Checking input files
[2025-11-08 10:12:28.447] [main] [info] NanoAOD input_file 1: root://cms-xrd-global.cern.ch//store/mc/Run3Summer22EENanoAODv12/ZZto4L_TuneCP5_13p6TeV_powheg-pythia8/NANOAODSIM/130X_mcRun3_2022_realistic_postEE_v6_ext1-v2/2540000/b6ead3e8-52e1-4907-ad69-a65a76be9f70.root - 24255 Events
[2025-11-08 10:12:28.466] [main] [info] input_file 1: root://cms-xrd-global.cern.ch//store/mc/Run3Summer22EENanoAODv12/ZZto4L_TuneCP5_13p6TeV_powheg-pythia8/NANOAODSIM/130X_mcRun3_2022_realistic_postEE_v6_ext1-v2/2540000/b6ead3e8-52e1-4907-ad69-a65a76be9f70.root - SumOfGenWeight: 33767.08598999999 
[2025-11-08 10:12:28.467] [main] [info] Output directory: /eos/user/j/jiahua/MC_2022EE_inc/ZZto4L_powheg_22EE_ext1-v2/b6ead3e8-52e1-4907-ad69-a65a76be9f70.root
[2025-11-08 10:12:28.478] [main] [info] Starting Setup of Dataframe with 24255 events
[2025-11-08 10:14:28.369] [main] [info] Finished Setup
[2025-11-08 10:14:28.372] [main] [info] Runtime for setup (real time: 119.91, CPU time: 109.03)
[2025-11-08 10:14:28.372] [main] [info] Starting Evaluation
[2025-11-08 10:14:51.865] [main] [info] 10000 / 24255 (41.23 %) Events processed ...
[2025-11-08 10:14:54.106] [main] [info] 20000 / 24255 (82.46 %) Events processed ...
[2025-11-08 10:14:56.079] [main] [info] vbfhmm:
Flag_goodVertices: pass=24255      all=24255      -- eff=100.00 % cumulative eff=100.00 %
Flag_globalSuperTightHalo2016Filter: pass=24254      all=24255      -- eff=100.00 % cumulative eff=100.00 %
Flag_EcalDeadCellTriggerPrimitiveFilter: pass=24253      all=24254      -- eff=100.00 % cumulative eff=99.99 %
Flag_BadPFMuonFilter: pass=24251      all=24253      -- eff=99.99 % cumulative eff=99.98 %
Flag_BadPFMuonDzFilter: pass=24251      all=24251      -- eff=100.00 % cumulative eff=99.98 %
Flag_eeBadScFilter: pass=24251      all=24251      -- eff=100.00 % cumulative eff=99.98 %
Flag_ecalBadCalibFilter: pass=24250      all=24251      -- eff=100.00 % cumulative eff=99.98 %
Flag_hfNoisyHitsFilter: pass=24249      all=24250      -- eff=100.00 % cumulative eff=99.98 %
Number of muons 2: pass=2390       all=24249      -- eff=9.86 % cumulative eff=9.85 %
DiMuon From Higgs: pass=1827       all=2390       -- eff=76.44 % cumulative eff=7.53 %
LeptonChargeSum: pass=1666       all=1827       -- eff=91.19 % cumulative eff=6.87 %
[2025-11-08 10:14:56.455] [main] [info] Writing quantities map to /eos/user/j/jiahua/MC_2022EE_inc/ZZto4L_powheg_22EE_ext1-v2/b6ead3e8-52e1-4907-ad69-a65a76be9f70_vbfhmm.root
[2025-11-08 10:14:56.585] [main] [info] Finished Evaluation
[2025-11-08 10:14:56.585] [main] [info] Overall runtime (real time: 148.12, CPU time: 129.65)
