000 (12769431.313.000) 11/08 09:48:44 Job submitted from host: <188.185.121.235:9618?addrs=188.185.121.235-9618+[2001-1458-d00-49--100-36e]-9618&alias=bigbird22.cern.ch&noUDP&sock=schedd_232129_c3ca>
...
040 (12769431.313.000) 11/08 10:10:03 Started transferring input files
	Transferring to host: <188.185.212.19:9618?addrs=188.185.212.19-9618+[2001-1458-303-18--100-f]-9618&alias=b9p25p4675.cern.ch&noUDP&sock=slot1_27_5769_8844_47004>
...
040 (12769431.313.000) 11/08 10:10:03 Finished transferring input files
...
001 (12769431.313.000) 11/08 10:10:04 Job executing on host: <188.185.212.19:9618?addrs=188.185.212.19-9618+[2001-1458-303-18--100-f]-9618&alias=b9p25p4675.cern.ch&noUDP&sock=startd_4926_679d>
	SlotName: slot1_27@b9p25p4675.cern.ch
	CondorScratchDir = "/pool/condor/dir_3533313"
	Cpus = 1
	Disk = 16108
	GPUs = 0
	Memory = 3000
...
006 (12769431.313.000) 11/08 10:10:18 Image size of job updated: 108420
	106  -  MemoryUsage of job (MB)
	108420  -  ResidentSetSize of job (KB)
...
006 (12769431.313.000) 11/08 10:11:43 Image size of job updated: 439256
	106  -  MemoryUsage of job (MB)
	108420  -  ResidentSetSize of job (KB)
...
040 (12769431.313.000) 11/08 10:11:43 Started transferring output files
...
040 (12769431.313.000) 11/08 10:11:43 Finished transferring output files
...
005 (12769431.313.000) 11/08 10:11:43 Job terminated.
	(1) Normal termination (return value 0)
		Usr 0 00:01:22, Sys 0 00:00:03  -  Run Remote Usage
		Usr 0 00:00:00, Sys 0 00:00:00  -  Run Local Usage
		Usr 0 00:01:22, Sys 0 00:00:03  -  Total Remote Usage
		Usr 0 00:00:00, Sys 0 00:00:00  -  Total Local Usage
	10263  -  Run Bytes Sent By Job
	11220238  -  Run Bytes Received By Job
	10263  -  Total Bytes Sent By Job
	11220238  -  Total Bytes Received By Job
	Partitionable Resources :    Usage  Request Allocated 
	   Cpus                 :     0.98        1         1 
	   Disk (KB)            : 10991       12500     16108 
	   GPUs                 :                           0 
	   Memory (MB)          :   106        3000      3000 
	   TimeExecute (s)      :    99                       
	   TimeSlotBusy (s)     :   101                       

	Job terminated of its own accord at 2025-11-08T09:11:43Z with exit-code 0.
...
