000 (12769432.222.000) 11/08 09:48:48 Job submitted from host: <188.185.121.235:9618?addrs=188.185.121.235-9618+[2001-1458-d00-49--100-36e]-9618&alias=bigbird22.cern.ch&noUDP&sock=schedd_232129_c3ca>
...
040 (12769432.222.000) 11/08 10:12:29 Started transferring input files
	Transferring to host: <188.185.196.136:9618?addrs=188.185.196.136-9618+[2001-1458-303-23--100-84]-9618&alias=b9p16p7012.cern.ch&noUDP&sock=slot1_36_9224_e470_42538>
...
040 (12769432.222.000) 11/08 10:12:29 Finished transferring input files
...
001 (12769432.222.000) 11/08 10:12:30 Job executing on host: <188.185.196.136:9618?addrs=188.185.196.136-9618+[2001-1458-303-23--100-84]-9618&alias=b9p16p7012.cern.ch&noUDP&sock=startd_7890_7653>
	SlotName: slot1_36@b9p16p7012.cern.ch
	CondorScratchDir = "/pool/condor/dir_1190122"
	Cpus = 1
	Disk = 15897
	GPUs = 0
	Memory = 3000
...
006 (12769432.222.000) 11/08 10:12:43 Image size of job updated: 13144
	13  -  MemoryUsage of job (MB)
	13144  -  ResidentSetSize of job (KB)
...
006 (12769432.222.000) 11/08 10:17:03 Image size of job updated: 446404
	13  -  MemoryUsage of job (MB)
	13144  -  ResidentSetSize of job (KB)
...
040 (12769432.222.000) 11/08 10:17:03 Started transferring output files
...
040 (12769432.222.000) 11/08 10:17:03 Finished transferring output files
...
005 (12769432.222.000) 11/08 10:17:03 Job terminated.
	(1) Normal termination (return value 0)
		Usr 0 00:01:43, Sys 0 00:00:02  -  Run Remote Usage
		Usr 0 00:00:00, Sys 0 00:00:00  -  Run Local Usage
		Usr 0 00:01:43, Sys 0 00:00:02  -  Total Remote Usage
		Usr 0 00:00:00, Sys 0 00:00:00  -  Total Local Usage
	11213  -  Run Bytes Sent By Job
	11220238  -  Run Bytes Received By Job
	11213  -  Total Bytes Sent By Job
	11220238  -  Total Bytes Received By Job
	Partitionable Resources :    Usage  Request Allocated 
	   Cpus                 :        0        1         1 
	   Disk (KB)            :    10991    12500     15897 
	   GPUs                 :                           0 
	   Memory (MB)          :       13     3000      3000 
	   TimeExecute (s)      :      273                    
	   TimeSlotBusy (s)     :      274                    

	Job terminated of its own accord at 2025-11-08T09:17:03Z with exit-code 0.
...
