000 (12769434.096.000) 11/08 09:48:52 Job submitted from host: <188.185.121.235:9618?addrs=188.185.121.235-9618+[2001-1458-d00-49--100-36e]-9618&alias=bigbird22.cern.ch&noUDP&sock=schedd_232129_c3ca>
...
040 (12769434.096.000) 11/08 10:14:46 Started transferring input files
	Transferring to host: <188.185.210.63:9618?addrs=188.185.210.63-9618+[2001-1458-303-1--100-3b]-9618&alias=b9p21p3315.cern.ch&noUDP&sock=slot1_28_7781_2b15_8686>
...
040 (12769434.096.000) 11/08 10:14:46 Finished transferring input files
...
001 (12769434.096.000) 11/08 10:14:47 Job executing on host: <188.185.210.63:9618?addrs=188.185.210.63-9618+[2001-1458-303-1--100-3b]-9618&alias=b9p21p3315.cern.ch&noUDP&sock=startd_7099_e6e9>
	SlotName: slot1_28@b9p21p3315.cern.ch
	CondorScratchDir = "/pool/condor/dir_192583"
	Cpus = 1
	Disk = 15978
	GPUs = 0
	Memory = 3000
...
006 (12769434.096.000) 11/08 10:15:00 Image size of job updated: 109792
	108  -  MemoryUsage of job (MB)
	109792  -  ResidentSetSize of job (KB)
...
006 (12769434.096.000) 11/08 10:16:12 Image size of job updated: 447436
	108  -  MemoryUsage of job (MB)
	109792  -  ResidentSetSize of job (KB)
...
040 (12769434.096.000) 11/08 10:16:12 Started transferring output files
...
040 (12769434.096.000) 11/08 10:16:12 Finished transferring output files
...
005 (12769434.096.000) 11/08 10:16:12 Job terminated.
	(1) Normal termination (return value 0)
		Usr 0 00:01:09, Sys 0 00:00:02  -  Run Remote Usage
		Usr 0 00:00:00, Sys 0 00:00:00  -  Run Local Usage
		Usr 0 00:01:09, Sys 0 00:00:02  -  Total Remote Usage
		Usr 0 00:00:00, Sys 0 00:00:00  -  Total Local Usage
	10960  -  Run Bytes Sent By Job
	11220238  -  Run Bytes Received By Job
	10960  -  Total Bytes Sent By Job
	11220238  -  Total Bytes Received By Job
	Partitionable Resources :    Usage  Request Allocated 
	   Cpus                 :        0        1         1 
	   Disk (KB)            :    10991    12500     15978 
	   GPUs                 :                           0 
	   Memory (MB)          :      108     3000      3000 
	   TimeExecute (s)      :       85                    
	   TimeSlotBusy (s)     :       86                    

	Job terminated of its own accord at 2025-11-08T09:16:12Z with exit-code 0.
...
