000 (12769434.104.000) 11/08 09:48:52 Job submitted from host: <188.185.121.235:9618?addrs=188.185.121.235-9618+[2001-1458-d00-49--100-36e]-9618&alias=bigbird22.cern.ch&noUDP&sock=schedd_232129_c3ca>
...
040 (12769434.104.000) 11/08 10:14:48 Started transferring input files
	Transferring to host: <188.185.195.63:9618?addrs=188.185.195.63-9618+[2001-1458-303-22--100-3b]-9618&alias=b9p17p3309.cern.ch&noUDP&sock=slot1_32_6549_1ce3_43727>
...
040 (12769434.104.000) 11/08 10:14:48 Finished transferring input files
...
001 (12769434.104.000) 11/08 10:14:49 Job executing on host: <188.185.195.63:9618?addrs=188.185.195.63-9618+[2001-1458-303-22--100-3b]-9618&alias=b9p17p3309.cern.ch&noUDP&sock=startd_5847_2257>
	SlotName: slot1_32@b9p17p3309.cern.ch
	CondorScratchDir = "/pool/condor/dir_2837268"
	Cpus = 1
	Disk = 16180
	GPUs = 0
	Memory = 3000
...
006 (12769434.104.000) 11/08 10:15:03 Image size of job updated: 99132
	97  -  MemoryUsage of job (MB)
	99132  -  ResidentSetSize of job (KB)
...
006 (12769434.104.000) 11/08 10:17:01 Image size of job updated: 438844
	97  -  MemoryUsage of job (MB)
	99132  -  ResidentSetSize of job (KB)
...
040 (12769434.104.000) 11/08 10:17:01 Started transferring output files
...
040 (12769434.104.000) 11/08 10:17:02 Finished transferring output files
...
005 (12769434.104.000) 11/08 10:17:02 Job terminated.
	(1) Normal termination (return value 0)
		Usr 0 00:01:58, Sys 0 00:00:02  -  Run Remote Usage
		Usr 0 00:00:00, Sys 0 00:00:00  -  Run Local Usage
		Usr 0 00:01:58, Sys 0 00:00:02  -  Total Remote Usage
		Usr 0 00:00:00, Sys 0 00:00:00  -  Total Local Usage
	10167  -  Run Bytes Sent By Job
	11220238  -  Run Bytes Received By Job
	10167  -  Total Bytes Sent By Job
	11220238  -  Total Bytes Received By Job
	Partitionable Resources :    Usage  Request Allocated 
	   Cpus                 :        0        1         1 
	   Disk (KB)            :    10990    12500     16180 
	   GPUs                 :                           0 
	   Memory (MB)          :       97     3000      3000 
	   TimeExecute (s)      :      132                    
	   TimeSlotBusy (s)     :      134                    

	Job terminated of its own accord at 2025-11-08T09:17:01Z with exit-code 0.
...
