Starting job on \n
Running on: Linux b9p25p3885.cern.ch 5.14.0-570.44.1.el9_6.x86_64 #1 SMP PREEMPT_DYNAMIC Tue Sep 9 05:17:30 EDT 2025 x86_64 x86_64 x86_64 GNU/Linux\n
System software: Red Hat Enterprise Linux release 9.6 (Plow)\n
Setting up CROWN for RedHatEnterprise Version 9.6
subject   : /DC=ch/DC=cern/OU=Organic Units/OU=Users/CN=jiahua/CN=851532/CN=Jiahua Chen/CN=1735721823
issuer    : /DC=ch/DC=cern/OU=Organic Units/OU=Users/CN=jiahua/CN=851532/CN=Jiahua Chen
identity  : /DC=ch/DC=cern/OU=Organic Units/OU=Users/CN=jiahua/CN=851532/CN=Jiahua Chen
type      : RFC compliant proxy
strength  : 2048 bits
path      : /afs/cern.ch/user/j/jiahua/proxy/x509up_u139833
timeleft  : 197:27:37
key usage : Digital Signature, Key Encipherment
=== VO cms extension information ===
VO        : cms
subject   : /DC=ch/DC=cern/OU=Organic Units/OU=Users/CN=jiahua/CN=851532/CN=Jiahua Chen
issuer    : /DC=ch/DC=cern/OU=computers/CN=cms-auth.cern.ch
attribute : /cms/Role=NULL/Capability=NULL
timeleft  : 189:27:37
uri       : voms-cms-auth.cern.ch:15000
subject   : /DC=ch/DC=cern/OU=Organic Units/OU=Users/CN=jiahua/CN=851532/CN=Jiahua Chen/CN=1735721823
issuer    : /DC=ch/DC=cern/OU=Organic Units/OU=Users/CN=jiahua/CN=851532/CN=Jiahua Chen
identity  : /DC=ch/DC=cern/OU=Organic Units/OU=Users/CN=jiahua/CN=851532/CN=Jiahua Chen
type      : RFC compliant proxy
strength  : 2048 bits
path      : /afs/cern.ch/user/j/jiahua/proxy/x509up_u139833
timeleft  : 197:27:37
key usage : Digital Signature, Key Encipherment
=== VO cms extension information ===
VO        : cms
subject   : /DC=ch/DC=cern/OU=Organic Units/OU=Users/CN=jiahua/CN=851532/CN=Jiahua Chen
issuer    : /DC=ch/DC=cern/OU=computers/CN=cms-auth.cern.ch
attribute : /cms/Role=NULL/Capability=NULL
timeleft  : 189:27:37
uri       : voms-cms-auth.cern.ch:15000
/eos/user/j/jiahua/MC_2022EE_inc/ZZto2L2Nu_powheg_22EE_ext1-v2/155db746-6615-4b7f-a81f-3ceef511e20b.root
[2025-11-08 10:11:21.467] [main] [info] Checking input files
[2025-11-08 10:11:25.614] [main] [info] NanoAOD input_file 1: root://cms-xrd-global.cern.ch//store/mc/Run3Summer22EENanoAODv12/ZZto2L2Nu_TuneCP5_13p6TeV_powheg-pythia8/NANOAODSIM/130X_mcRun3_2022_realistic_postEE_v6_ext1-v2/50000/155db746-6615-4b7f-a81f-3ceef511e20b.root - 1444 Events
[2025-11-08 10:11:25.614] [main] [info] input_file 1: root://cms-xrd-global.cern.ch//store/mc/Run3Summer22EENanoAODv12/ZZto2L2Nu_TuneCP5_13p6TeV_powheg-pythia8/NANOAODSIM/130X_mcRun3_2022_realistic_postEE_v6_ext1-v2/50000/155db746-6615-4b7f-a81f-3ceef511e20b.root - SumOfGenWeight: 1491.7819600000005 
[2025-11-08 10:11:25.614] [main] [info] Output directory: /eos/user/j/jiahua/MC_2022EE_inc/ZZto2L2Nu_powheg_22EE_ext1-v2/155db746-6615-4b7f-a81f-3ceef511e20b.root
[2025-11-08 10:11:25.615] [main] [info] Starting Setup of Dataframe with 1444 events
[2025-11-08 10:12:14.772] [main] [info] Finished Setup
[2025-11-08 10:12:14.772] [main] [info] Runtime for setup (real time: 49.16, CPU time: 48.06)
[2025-11-08 10:12:14.772] [main] [info] Starting Evaluation
[2025-11-08 10:12:23.379] [main] [info] vbfhmm:
Flag_goodVertices: pass=1444       all=1444       -- eff=100.00 % cumulative eff=100.00 %
Flag_globalSuperTightHalo2016Filter: pass=1443       all=1444       -- eff=99.93 % cumulative eff=99.93 %
Flag_EcalDeadCellTriggerPrimitiveFilter: pass=1443       all=1443       -- eff=100.00 % cumulative eff=99.93 %
Flag_BadPFMuonFilter: pass=1443       all=1443       -- eff=100.00 % cumulative eff=99.93 %
Flag_BadPFMuonDzFilter: pass=1443       all=1443       -- eff=100.00 % cumulative eff=99.93 %
Flag_eeBadScFilter: pass=1443       all=1443       -- eff=100.00 % cumulative eff=99.93 %
Flag_ecalBadCalibFilter: pass=1443       all=1443       -- eff=100.00 % cumulative eff=99.93 %
Flag_hfNoisyHitsFilter: pass=1443       all=1443       -- eff=100.00 % cumulative eff=99.93 %
Number of muons 2: pass=132        all=1443       -- eff=9.15 % cumulative eff=9.14 %
DiMuon From Higgs: pass=122        all=132        -- eff=92.42 % cumulative eff=8.45 %
LeptonChargeSum: pass=122        all=122        -- eff=100.00 % cumulative eff=8.45 %
[2025-11-08 10:12:23.501] [main] [info] Writing quantities map to /eos/user/j/jiahua/MC_2022EE_inc/ZZto2L2Nu_powheg_22EE_ext1-v2/155db746-6615-4b7f-a81f-3ceef511e20b_vbfhmm.root
[2025-11-08 10:12:23.548] [main] [info] Finished Evaluation
[2025-11-08 10:12:23.548] [main] [info] Overall runtime (real time: 57.93, CPU time: 56.29)
