000 (12769434.397.000) 11/08 09:48:53 Job submitted from host: <188.185.121.235:9618?addrs=188.185.121.235-9618+[2001-1458-d00-49--100-36e]-9618&alias=bigbird22.cern.ch&noUDP&sock=schedd_232129_c3ca>
...
040 (12769434.397.000) 11/08 10:16:35 Started transferring input files
	Transferring to host: <188.185.210.62:9618?addrs=188.185.210.62-9618+[2001-1458-303-1--100-3a]-9618&alias=b9p21p9921.cern.ch&noUDP&sock=slot1_36_5587_4bfc_66436>
...
040 (12769434.397.000) 11/08 10:16:35 Finished transferring input files
...
001 (12769434.397.000) 11/08 10:16:36 Job executing on host: <188.185.210.62:9618?addrs=188.185.210.62-9618+[2001-1458-303-1--100-3a]-9618&alias=b9p21p9921.cern.ch&noUDP&sock=startd_4609_f817>
	SlotName: slot1_36@b9p21p9921.cern.ch
	CondorScratchDir = "/pool/condor/dir_2352549"
	Cpus = 1
	Disk = 15958
	GPUs = 0
	Memory = 3000
...
006 (12769434.397.000) 11/08 10:16:50 Image size of job updated: 142092
	139  -  MemoryUsage of job (MB)
	142092  -  ResidentSetSize of job (KB)
...
006 (12769434.397.000) 11/08 10:18:00 Image size of job updated: 450272
	139  -  MemoryUsage of job (MB)
	142112  -  ResidentSetSize of job (KB)
...
040 (12769434.397.000) 11/08 10:18:00 Started transferring output files
...
040 (12769434.397.000) 11/08 10:18:00 Finished transferring output files
...
005 (12769434.397.000) 11/08 10:18:00 Job terminated.
	(1) Normal termination (return value 0)
		Usr 0 00:01:09, Sys 0 00:00:02  -  Run Remote Usage
		Usr 0 00:00:00, Sys 0 00:00:00  -  Run Local Usage
		Usr 0 00:01:09, Sys 0 00:00:02  -  Total Remote Usage
		Usr 0 00:00:00, Sys 0 00:00:00  -  Total Local Usage
	10956  -  Run Bytes Sent By Job
	11220238  -  Run Bytes Received By Job
	10956  -  Total Bytes Sent By Job
	11220238  -  Total Bytes Received By Job
	Partitionable Resources :    Usage  Request Allocated 
	   Cpus                 :        0        1         1 
	   Disk (KB)            :    10991    12500     15958 
	   GPUs                 :                           0 
	   Memory (MB)          :      139     3000      3000 
	   TimeExecute (s)      :       84                    
	   TimeSlotBusy (s)     :       85                    

	Job terminated of its own accord at 2025-11-08T09:18:00Z with exit-code 0.
...
