Starting job on \n
Running on: Linux b9p20p7269.cern.ch 5.14.0-570.44.1.el9_6.x86_64 #1 SMP PREEMPT_DYNAMIC Tue Sep 9 05:17:30 EDT 2025 x86_64 x86_64 x86_64 GNU/Linux\n
System software: Red Hat Enterprise Linux release 9.6 (Plow)\n
Setting up CROWN for RedHatEnterprise Version 9.6
subject   : /DC=ch/DC=cern/OU=Organic Units/OU=Users/CN=jiahua/CN=851532/CN=Jiahua Chen/CN=1735721823
issuer    : /DC=ch/DC=cern/OU=Organic Units/OU=Users/CN=jiahua/CN=851532/CN=Jiahua Chen
identity  : /DC=ch/DC=cern/OU=Organic Units/OU=Users/CN=jiahua/CN=851532/CN=Jiahua Chen
type      : RFC compliant proxy
strength  : 2048 bits
path      : /afs/cern.ch/user/j/jiahua/proxy/x509up_u139833
timeleft  : 197:29:15
key usage : Digital Signature, Key Encipherment
=== VO cms extension information ===
VO        : cms
subject   : /DC=ch/DC=cern/OU=Organic Units/OU=Users/CN=jiahua/CN=851532/CN=Jiahua Chen
issuer    : /DC=ch/DC=cern/OU=computers/CN=cms-auth.cern.ch
attribute : /cms/Role=NULL/Capability=NULL
timeleft  : 189:29:15
uri       : voms-cms-auth.cern.ch:15000
subject   : /DC=ch/DC=cern/OU=Organic Units/OU=Users/CN=jiahua/CN=851532/CN=Jiahua Chen/CN=1735721823
issuer    : /DC=ch/DC=cern/OU=Organic Units/OU=Users/CN=jiahua/CN=851532/CN=Jiahua Chen
identity  : /DC=ch/DC=cern/OU=Organic Units/OU=Users/CN=jiahua/CN=851532/CN=Jiahua Chen
type      : RFC compliant proxy
strength  : 2048 bits
path      : /afs/cern.ch/user/j/jiahua/proxy/x509up_u139833
timeleft  : 197:29:15
key usage : Digital Signature, Key Encipherment
=== VO cms extension information ===
VO        : cms
subject   : /DC=ch/DC=cern/OU=Organic Units/OU=Users/CN=jiahua/CN=851532/CN=Jiahua Chen
issuer    : /DC=ch/DC=cern/OU=computers/CN=cms-auth.cern.ch
attribute : /cms/Role=NULL/Capability=NULL
timeleft  : 189:29:15
uri       : voms-cms-auth.cern.ch:15000
/eos/user/j/jiahua/MC_2022EE_inc/ZZto2L2Nu_powheg_22EE_ext1-v2/cb50cbc1-bfe7-4609-af6f-c67f697d36f0.root
[2025-11-08 10:09:43.766] [main] [info] Checking input files
[2025-11-08 10:09:50.169] [main] [info] NanoAOD input_file 1: root://cms-xrd-global.cern.ch//store/mc/Run3Summer22EENanoAODv12/ZZto2L2Nu_TuneCP5_13p6TeV_powheg-pythia8/NANOAODSIM/130X_mcRun3_2022_realistic_postEE_v6_ext1-v2/30000/cb50cbc1-bfe7-4609-af6f-c67f697d36f0.root - 70756 Events
[2025-11-08 10:09:50.185] [main] [info] input_file 1: root://cms-xrd-global.cern.ch//store/mc/Run3Summer22EENanoAODv12/ZZto2L2Nu_TuneCP5_13p6TeV_powheg-pythia8/NANOAODSIM/130X_mcRun3_2022_realistic_postEE_v6_ext1-v2/30000/cb50cbc1-bfe7-4609-af6f-c67f697d36f0.root - SumOfGenWeight: 72942.3525400001 
[2025-11-08 10:09:50.185] [main] [info] Output directory: /eos/user/j/jiahua/MC_2022EE_inc/ZZto2L2Nu_powheg_22EE_ext1-v2/cb50cbc1-bfe7-4609-af6f-c67f697d36f0.root
[2025-11-08 10:09:50.186] [main] [info] Starting Setup of Dataframe with 70756 events
[2025-11-08 10:11:32.501] [main] [info] Finished Setup
[2025-11-08 10:11:32.501] [main] [info] Runtime for setup (real time: 102.32, CPU time: 99.21)
[2025-11-08 10:11:32.501] [main] [info] Starting Evaluation
[2025-11-08 10:11:50.137] [main] [info] 10000 / 70756 (14.13 %) Events processed ...
[2025-11-08 10:11:52.236] [main] [info] 20000 / 70756 (28.27 %) Events processed ...
[2025-11-08 10:11:54.473] [main] [info] 30000 / 70756 (42.40 %) Events processed ...
[2025-11-08 10:11:57.257] [main] [info] 40000 / 70756 (56.53 %) Events processed ...
[2025-11-08 10:11:59.563] [main] [info] 50000 / 70756 (70.67 %) Events processed ...
[2025-11-08 10:12:01.965] [main] [info] 60000 / 70756 (84.80 %) Events processed ...
[2025-11-08 10:12:04.373] [main] [info] 70000 / 70756 (98.93 %) Events processed ...
[2025-11-08 10:12:06.209] [main] [info] vbfhmm:
Flag_goodVertices: pass=70756      all=70756      -- eff=100.00 % cumulative eff=100.00 %
Flag_globalSuperTightHalo2016Filter: pass=70753      all=70756      -- eff=100.00 % cumulative eff=100.00 %
Flag_EcalDeadCellTriggerPrimitiveFilter: pass=70747      all=70753      -- eff=99.99 % cumulative eff=99.99 %
Flag_BadPFMuonFilter: pass=70746      all=70747      -- eff=100.00 % cumulative eff=99.99 %
Flag_BadPFMuonDzFilter: pass=70746      all=70746      -- eff=100.00 % cumulative eff=99.99 %
Flag_eeBadScFilter: pass=70746      all=70746      -- eff=100.00 % cumulative eff=99.99 %
Flag_ecalBadCalibFilter: pass=70730      all=70746      -- eff=99.98 % cumulative eff=99.96 %
Flag_hfNoisyHitsFilter: pass=70728      all=70730      -- eff=100.00 % cumulative eff=99.96 %
Number of muons 2: pass=7393       all=70728      -- eff=10.45 % cumulative eff=10.45 %
DiMuon From Higgs: pass=6938       all=7393       -- eff=93.85 % cumulative eff=9.81 %
LeptonChargeSum: pass=6937       all=6938       -- eff=99.99 % cumulative eff=9.80 %
[2025-11-08 10:12:07.306] [main] [info] Writing quantities map to /eos/user/j/jiahua/MC_2022EE_inc/ZZto2L2Nu_powheg_22EE_ext1-v2/cb50cbc1-bfe7-4609-af6f-c67f697d36f0_vbfhmm.root
[2025-11-08 10:12:07.628] [main] [info] Finished Evaluation
[2025-11-08 10:12:07.628] [main] [info] Overall runtime (real time: 137.44, CPU time: 129.37)
