000 (12769431.176.000) 11/08 09:48:44 Job submitted from host: <188.185.121.235:9618?addrs=188.185.121.235-9618+[2001-1458-d00-49--100-36e]-9618&alias=bigbird22.cern.ch&noUDP&sock=schedd_232129_c3ca>
...
040 (12769431.176.000) 11/08 10:09:13 Started transferring input files
	Transferring to host: <128.142.33.225:9618?addrs=128.142.33.225-9618+[2001-1458-301-39--100-1e]-9618&alias=b9g24p1582.cern.ch&noUDP&sock=slot1_17_6555_5724_53734>
...
040 (12769431.176.000) 11/08 10:09:13 Finished transferring input files
...
001 (12769431.176.000) 11/08 10:09:15 Job executing on host: <128.142.33.225:9618?addrs=128.142.33.225-9618+[2001-1458-301-39--100-1e]-9618&alias=b9g24p1582.cern.ch&noUDP&sock=startd_5793_183a>
	SlotName: slot1_17@b9g24p1582.cern.ch
	CondorScratchDir = "/pool/condor/dir_2187631"
	Cpus = 1
	Disk = 15269
	GPUs = 0
	Memory = 3000
...
006 (12769431.176.000) 11/08 10:09:29 Image size of job updated: 99996
	98  -  MemoryUsage of job (MB)
	99996  -  ResidentSetSize of job (KB)
...
006 (12769431.176.000) 11/08 10:10:30 Image size of job updated: 417640
	98  -  MemoryUsage of job (MB)
	100004  -  ResidentSetSize of job (KB)
...
040 (12769431.176.000) 11/08 10:10:30 Started transferring output files
...
040 (12769431.176.000) 11/08 10:10:30 Finished transferring output files
...
005 (12769431.176.000) 11/08 10:10:30 Job terminated.
	(1) Normal termination (return value 0)
		Usr 0 00:01:00, Sys 0 00:00:02  -  Run Remote Usage
		Usr 0 00:00:00, Sys 0 00:00:00  -  Run Local Usage
		Usr 0 00:01:00, Sys 0 00:00:02  -  Total Remote Usage
		Usr 0 00:00:00, Sys 0 00:00:00  -  Total Local Usage
	9575  -  Run Bytes Sent By Job
	11220238  -  Run Bytes Received By Job
	9575  -  Total Bytes Sent By Job
	11220238  -  Total Bytes Received By Job
	Partitionable Resources :    Usage  Request Allocated 
	   Cpus                 :        0        1         1 
	   Disk (KB)            :    10991    12500     15269 
	   GPUs                 :                           0 
	   Memory (MB)          :       98     3000      3000 
	   TimeExecute (s)      :       76                    
	   TimeSlotBusy (s)     :       78                    

	Job terminated of its own accord at 2025-11-08T09:10:30Z with exit-code 0.
...
