Starting job on \n
Running on: Linux b9p07p7444.cern.ch 5.14.0-570.42.2.el9_6.x86_64 #1 SMP PREEMPT_DYNAMIC Mon Sep 8 12:15:13 EDT 2025 x86_64 x86_64 x86_64 GNU/Linux\n
System software: Red Hat Enterprise Linux release 9.6 (Plow)\n
Setting up CROWN for RedHatEnterprise Version 9.6
subject   : /DC=ch/DC=cern/OU=Organic Units/OU=Users/CN=jiahua/CN=851532/CN=Jiahua Chen/CN=1735721823
issuer    : /DC=ch/DC=cern/OU=Organic Units/OU=Users/CN=jiahua/CN=851532/CN=Jiahua Chen
identity  : /DC=ch/DC=cern/OU=Organic Units/OU=Users/CN=jiahua/CN=851532/CN=Jiahua Chen
type      : RFC compliant proxy
strength  : 2048 bits
path      : /afs/cern.ch/user/j/jiahua/proxy/x509up_u139833
timeleft  : 197:27:13
key usage : Digital Signature, Key Encipherment
=== VO cms extension information ===
VO        : cms
subject   : /DC=ch/DC=cern/OU=Organic Units/OU=Users/CN=jiahua/CN=851532/CN=Jiahua Chen
issuer    : /DC=ch/DC=cern/OU=computers/CN=cms-auth.cern.ch
attribute : /cms/Role=NULL/Capability=NULL
timeleft  : 189:27:13
uri       : voms-cms-auth.cern.ch:15000
subject   : /DC=ch/DC=cern/OU=Organic Units/OU=Users/CN=jiahua/CN=851532/CN=Jiahua Chen/CN=1735721823
issuer    : /DC=ch/DC=cern/OU=Organic Units/OU=Users/CN=jiahua/CN=851532/CN=Jiahua Chen
identity  : /DC=ch/DC=cern/OU=Organic Units/OU=Users/CN=jiahua/CN=851532/CN=Jiahua Chen
type      : RFC compliant proxy
strength  : 2048 bits
path      : /afs/cern.ch/user/j/jiahua/proxy/x509up_u139833
timeleft  : 197:27:13
key usage : Digital Signature, Key Encipherment
=== VO cms extension information ===
VO        : cms
subject   : /DC=ch/DC=cern/OU=Organic Units/OU=Users/CN=jiahua/CN=851532/CN=Jiahua Chen
issuer    : /DC=ch/DC=cern/OU=computers/CN=cms-auth.cern.ch
attribute : /cms/Role=NULL/Capability=NULL
timeleft  : 189:27:13
uri       : voms-cms-auth.cern.ch:15000
/eos/user/j/jiahua/MC_2022EE_inc/ZZto4L_powheg_22EE_ext1-v2/68f73c6a-6e07-48ca-8395-cc96bc6580a0.root
[2025-11-08 10:11:45.662] [main] [info] Checking input files
[2025-11-08 10:11:52.558] [main] [info] NanoAOD input_file 1: root://cms-xrd-global.cern.ch//store/mc/Run3Summer22EENanoAODv12/ZZto4L_TuneCP5_13p6TeV_powheg-pythia8/NANOAODSIM/130X_mcRun3_2022_realistic_postEE_v6_ext1-v2/2530000/68f73c6a-6e07-48ca-8395-cc96bc6580a0.root - 41160 Events
[2025-11-08 10:11:52.576] [main] [info] input_file 1: root://cms-xrd-global.cern.ch//store/mc/Run3Summer22EENanoAODv12/ZZto4L_TuneCP5_13p6TeV_powheg-pythia8/NANOAODSIM/130X_mcRun3_2022_realistic_postEE_v6_ext1-v2/2530000/68f73c6a-6e07-48ca-8395-cc96bc6580a0.root - SumOfGenWeight: 57229.68196 
[2025-11-08 10:11:52.576] [main] [info] Output directory: /eos/user/j/jiahua/MC_2022EE_inc/ZZto4L_powheg_22EE_ext1-v2/68f73c6a-6e07-48ca-8395-cc96bc6580a0.root
[2025-11-08 10:11:52.579] [main] [info] Starting Setup of Dataframe with 41160 events
[2025-11-08 10:12:51.109] [main] [info] Finished Setup
[2025-11-08 10:12:51.109] [main] [info] Runtime for setup (real time: 58.53, CPU time: 56.73)
[2025-11-08 10:12:51.109] [main] [info] Starting Evaluation
[2025-11-08 10:13:03.576] [main] [info] 10000 / 41160 (24.30 %) Events processed ...
[2025-11-08 10:13:04.747] [main] [info] 20000 / 41160 (48.59 %) Events processed ...
[2025-11-08 10:13:05.790] [main] [info] 30000 / 41160 (72.89 %) Events processed ...
[2025-11-08 10:13:07.449] [main] [info] 40000 / 41160 (97.18 %) Events processed ...
[2025-11-08 10:13:07.864] [main] [info] vbfhmm:
Flag_goodVertices: pass=41160      all=41160      -- eff=100.00 % cumulative eff=100.00 %
Flag_globalSuperTightHalo2016Filter: pass=41156      all=41160      -- eff=99.99 % cumulative eff=99.99 %
Flag_EcalDeadCellTriggerPrimitiveFilter: pass=41154      all=41156      -- eff=100.00 % cumulative eff=99.99 %
Flag_BadPFMuonFilter: pass=41151      all=41154      -- eff=99.99 % cumulative eff=99.98 %
Flag_BadPFMuonDzFilter: pass=41151      all=41151      -- eff=100.00 % cumulative eff=99.98 %
Flag_eeBadScFilter: pass=41151      all=41151      -- eff=100.00 % cumulative eff=99.98 %
Flag_ecalBadCalibFilter: pass=41145      all=41151      -- eff=99.99 % cumulative eff=99.96 %
Flag_hfNoisyHitsFilter: pass=41143      all=41145      -- eff=100.00 % cumulative eff=99.96 %
Number of muons 2: pass=4196       all=41143      -- eff=10.20 % cumulative eff=10.19 %
DiMuon From Higgs: pass=3189       all=4196       -- eff=76.00 % cumulative eff=7.75 %
LeptonChargeSum: pass=2895       all=3189       -- eff=90.78 % cumulative eff=7.03 %
[2025-11-08 10:13:08.096] [main] [info] Writing quantities map to /eos/user/j/jiahua/MC_2022EE_inc/ZZto4L_powheg_22EE_ext1-v2/68f73c6a-6e07-48ca-8395-cc96bc6580a0_vbfhmm.root
[2025-11-08 10:13:08.167] [main] [info] Finished Evaluation
[2025-11-08 10:13:08.167] [main] [info] Overall runtime (real time: 75.59, CPU time: 71.33)
