000 (12769431.511.000) 11/08 09:48:44 Job submitted from host: <188.185.121.235:9618?addrs=188.185.121.235-9618+[2001-1458-d00-49--100-36e]-9618&alias=bigbird22.cern.ch&noUDP&sock=schedd_232129_c3ca>
...
040 (12769431.511.000) 11/08 10:11:06 Started transferring input files
	Transferring to host: <188.185.215.200:9618?addrs=188.185.215.200-9618+[2001-1458-303-26--100-44]-9618&alias=b9p18p2899.cern.ch&noUDP&sock=slot1_10_4442_8a6e_51418>
...
040 (12769431.511.000) 11/08 10:11:06 Finished transferring input files
...
001 (12769431.511.000) 11/08 10:11:08 Job executing on host: <188.185.215.200:9618?addrs=188.185.215.200-9618+[2001-1458-303-26--100-44]-9618&alias=b9p18p2899.cern.ch&noUDP&sock=startd_3772_db52>
	SlotName: slot1_10@b9p18p2899.cern.ch
	CondorScratchDir = "/pool/condor/dir_2173931"
	Cpus = 1
	Disk = 16013
	GPUs = 0
	Memory = 3000
...
006 (12769431.511.000) 11/08 10:11:21 Image size of job updated: 106476
	104  -  MemoryUsage of job (MB)
	106476  -  ResidentSetSize of job (KB)
...
006 (12769431.511.000) 11/08 10:12:20 Image size of job updated: 435516
	104  -  MemoryUsage of job (MB)
	106476  -  ResidentSetSize of job (KB)
...
040 (12769431.511.000) 11/08 10:12:20 Started transferring output files
...
040 (12769431.511.000) 11/08 10:12:21 Finished transferring output files
...
005 (12769431.511.000) 11/08 10:12:22 Job terminated.
	(1) Normal termination (return value 0)
		Usr 0 00:01:00, Sys 0 00:00:02  -  Run Remote Usage
		Usr 0 00:00:00, Sys 0 00:00:00  -  Run Local Usage
		Usr 0 00:01:00, Sys 0 00:00:02  -  Total Remote Usage
		Usr 0 00:00:00, Sys 0 00:00:00  -  Total Local Usage
	10171  -  Run Bytes Sent By Job
	11220238  -  Run Bytes Received By Job
	10171  -  Total Bytes Sent By Job
	11220238  -  Total Bytes Received By Job
	Partitionable Resources :    Usage  Request Allocated 
	   Cpus                 :        0        1         1 
	   Disk (KB)            :    10991    12500     16013 
	   GPUs                 :                           0 
	   Memory (MB)          :      104     3000      3000 
	   TimeExecute (s)      :       73                    
	   TimeSlotBusy (s)     :       75                    

	Job terminated of its own accord at 2025-11-08T09:12:20Z with exit-code 0.
...
