Starting job on \n
Running on: Linux b9p28p1049.cern.ch 5.14.0-570.46.1.el9_6.x86_64 #1 SMP PREEMPT_DYNAMIC Tue Sep 16 03:28:23 EDT 2025 x86_64 x86_64 x86_64 GNU/Linux\n
System software: Red Hat Enterprise Linux release 9.6 (Plow)\n
Setting up CROWN for RedHatEnterprise Version 9.6
subject   : /DC=ch/DC=cern/OU=Organic Units/OU=Users/CN=jiahua/CN=851532/CN=Jiahua Chen/CN=1735721823
issuer    : /DC=ch/DC=cern/OU=Organic Units/OU=Users/CN=jiahua/CN=851532/CN=Jiahua Chen
identity  : /DC=ch/DC=cern/OU=Organic Units/OU=Users/CN=jiahua/CN=851532/CN=Jiahua Chen
type      : RFC compliant proxy
strength  : 2048 bits
path      : /afs/cern.ch/user/j/jiahua/proxy/x509up_u139833
timeleft  : 197:25:54
key usage : Digital Signature, Key Encipherment
=== VO cms extension information ===
VO        : cms
subject   : /DC=ch/DC=cern/OU=Organic Units/OU=Users/CN=jiahua/CN=851532/CN=Jiahua Chen
issuer    : /DC=ch/DC=cern/OU=computers/CN=cms-auth.cern.ch
attribute : /cms/Role=NULL/Capability=NULL
timeleft  : 189:25:54
uri       : voms-cms-auth.cern.ch:15000
subject   : /DC=ch/DC=cern/OU=Organic Units/OU=Users/CN=jiahua/CN=851532/CN=Jiahua Chen/CN=1735721823
issuer    : /DC=ch/DC=cern/OU=Organic Units/OU=Users/CN=jiahua/CN=851532/CN=Jiahua Chen
identity  : /DC=ch/DC=cern/OU=Organic Units/OU=Users/CN=jiahua/CN=851532/CN=Jiahua Chen
type      : RFC compliant proxy
strength  : 2048 bits
path      : /afs/cern.ch/user/j/jiahua/proxy/x509up_u139833
timeleft  : 197:25:54
key usage : Digital Signature, Key Encipherment
=== VO cms extension information ===
VO        : cms
subject   : /DC=ch/DC=cern/OU=Organic Units/OU=Users/CN=jiahua/CN=851532/CN=Jiahua Chen
issuer    : /DC=ch/DC=cern/OU=computers/CN=cms-auth.cern.ch
attribute : /cms/Role=NULL/Capability=NULL
timeleft  : 189:25:54
uri       : voms-cms-auth.cern.ch:15000
/eos/user/j/jiahua/MC_2022EE_inc/ZZto4L_powheg_22EE_ext1-v2/a3414e9f-ed2a-48ab-8170-7ef01995f38a.root
[2025-11-08 10:13:04.416] [main] [info] Checking input files
[2025-11-08 10:13:09.458] [main] [info] NanoAOD input_file 1: root://cms-xrd-global.cern.ch//store/mc/Run3Summer22EENanoAODv12/ZZto4L_TuneCP5_13p6TeV_powheg-pythia8/NANOAODSIM/130X_mcRun3_2022_realistic_postEE_v6_ext1-v2/2540000/a3414e9f-ed2a-48ab-8170-7ef01995f38a.root - 24990 Events
[2025-11-08 10:13:09.458] [main] [info] input_file 1: root://cms-xrd-global.cern.ch//store/mc/Run3Summer22EENanoAODv12/ZZto4L_TuneCP5_13p6TeV_powheg-pythia8/NANOAODSIM/130X_mcRun3_2022_realistic_postEE_v6_ext1-v2/2540000/a3414e9f-ed2a-48ab-8170-7ef01995f38a.root - SumOfGenWeight: 34777.30256 
[2025-11-08 10:13:09.458] [main] [info] Output directory: /eos/user/j/jiahua/MC_2022EE_inc/ZZto4L_powheg_22EE_ext1-v2/a3414e9f-ed2a-48ab-8170-7ef01995f38a.root
[2025-11-08 10:13:09.462] [main] [info] Starting Setup of Dataframe with 24990 events
[2025-11-08 10:13:57.109] [main] [info] Finished Setup
[2025-11-08 10:13:57.110] [main] [info] Runtime for setup (real time: 47.65, CPU time: 46.53)
[2025-11-08 10:13:57.110] [main] [info] Starting Evaluation
[2025-11-08 10:14:06.367] [main] [info] 10000 / 24990 (40.02 %) Events processed ...
[2025-11-08 10:14:07.394] [main] [info] 20000 / 24990 (80.03 %) Events processed ...
[2025-11-08 10:14:08.105] [main] [info] vbfhmm:
Flag_goodVertices: pass=24990      all=24990      -- eff=100.00 % cumulative eff=100.00 %
Flag_globalSuperTightHalo2016Filter: pass=24989      all=24990      -- eff=100.00 % cumulative eff=100.00 %
Flag_EcalDeadCellTriggerPrimitiveFilter: pass=24989      all=24989      -- eff=100.00 % cumulative eff=100.00 %
Flag_BadPFMuonFilter: pass=24989      all=24989      -- eff=100.00 % cumulative eff=100.00 %
Flag_BadPFMuonDzFilter: pass=24989      all=24989      -- eff=100.00 % cumulative eff=100.00 %
Flag_eeBadScFilter: pass=24989      all=24989      -- eff=100.00 % cumulative eff=100.00 %
Flag_ecalBadCalibFilter: pass=24987      all=24989      -- eff=99.99 % cumulative eff=99.99 %
Flag_hfNoisyHitsFilter: pass=24986      all=24987      -- eff=100.00 % cumulative eff=99.98 %
Number of muons 2: pass=2595       all=24986      -- eff=10.39 % cumulative eff=10.38 %
DiMuon From Higgs: pass=1935       all=2595       -- eff=74.57 % cumulative eff=7.74 %
LeptonChargeSum: pass=1739       all=1935       -- eff=89.87 % cumulative eff=6.96 %
[2025-11-08 10:14:08.545] [main] [info] Writing quantities map to /eos/user/j/jiahua/MC_2022EE_inc/ZZto4L_powheg_22EE_ext1-v2/a3414e9f-ed2a-48ab-8170-7ef01995f38a_vbfhmm.root
[2025-11-08 10:14:08.634] [main] [info] Finished Evaluation
[2025-11-08 10:14:08.634] [main] [info] Overall runtime (real time: 59.18, CPU time: 56.47)
