000 (12769432.017.000) 11/08 09:48:47 Job submitted from host: <188.185.121.235:9618?addrs=188.185.121.235-9618+[2001-1458-d00-49--100-36e]-9618&alias=bigbird22.cern.ch&noUDP&sock=schedd_232129_c3ca>
...
040 (12769432.017.000) 11/08 10:11:19 Started transferring input files
	Transferring to host: <188.185.204.247:9618?addrs=188.185.204.247-9618+[2001-1458-303-8--100-74]-9618&alias=b9p02p9796.cern.ch&noUDP&sock=slot1_26_6022_cb2e_49007>
...
040 (12769432.017.000) 11/08 10:11:19 Finished transferring input files
...
001 (12769432.017.000) 11/08 10:11:20 Job executing on host: <188.185.204.247:9618?addrs=188.185.204.247-9618+[2001-1458-303-8--100-74]-9618&alias=b9p02p9796.cern.ch&noUDP&sock=startd_5016_2323>
	SlotName: slot1_26@b9p02p9796.cern.ch
	CondorScratchDir = "/pool/condor/dir_319378"
	Cpus = 1
	Disk = 15994
	GPUs = 0
	Memory = 3000
...
006 (12769432.017.000) 11/08 10:11:33 Image size of job updated: 158388
	155  -  MemoryUsage of job (MB)
	158388  -  ResidentSetSize of job (KB)
...
006 (12769432.017.000) 11/08 10:12:30 Image size of job updated: 448604
	155  -  MemoryUsage of job (MB)
	158388  -  ResidentSetSize of job (KB)
...
040 (12769432.017.000) 11/08 10:12:30 Started transferring output files
...
040 (12769432.017.000) 11/08 10:12:30 Finished transferring output files
...
005 (12769432.017.000) 11/08 10:12:30 Job terminated.
	(1) Normal termination (return value 0)
		Usr 0 00:00:55, Sys 0 00:00:02  -  Run Remote Usage
		Usr 0 00:00:00, Sys 0 00:00:00  -  Run Local Usage
		Usr 0 00:00:55, Sys 0 00:00:02  -  Total Remote Usage
		Usr 0 00:00:00, Sys 0 00:00:00  -  Total Local Usage
	10950  -  Run Bytes Sent By Job
	11220238  -  Run Bytes Received By Job
	10950  -  Total Bytes Sent By Job
	11220238  -  Total Bytes Received By Job
	Partitionable Resources :    Usage  Request Allocated 
	   Cpus                 :        0        1         1 
	   Disk (KB)            :    10991    12500     15994 
	   GPUs                 :                           0 
	   Memory (MB)          :      155     3000      3000 
	   TimeExecute (s)      :       70                    
	   TimeSlotBusy (s)     :       71                    

	Job terminated of its own accord at 2025-11-08T09:12:30Z with exit-code 0.
...
