000 (12769434.239.000) 11/08 09:48:52 Job submitted from host: <188.185.121.235:9618?addrs=188.185.121.235-9618+[2001-1458-d00-49--100-36e]-9618&alias=bigbird22.cern.ch&noUDP&sock=schedd_232129_c3ca>
...
040 (12769434.239.000) 11/08 10:25:46 Started transferring input files
	Transferring to host: <188.185.208.209:9618?addrs=188.185.208.209-9618+[2001-1458-303-10--100-4e]-9618&alias=b9p10p7626.cern.ch&noUDP&sock=slot1_18_5073_2327_43606>
...
001 (12769434.239.000) 11/08 10:25:48 Job executing on host: <188.185.208.209:9618?addrs=188.185.208.209-9618+[2001-1458-303-10--100-4e]-9618&alias=b9p10p7626.cern.ch&noUDP&sock=startd_4337_6655>
	SlotName: slot1_18@b9p10p7626.cern.ch
	CondorScratchDir = "/pool/condor/dir_431494"
	Cpus = 1
	Disk = 16426
	GPUs = 0
	Memory = 3000
...
040 (12769434.239.000) 11/08 10:25:48 Finished transferring input files
...
006 (12769434.239.000) 11/08 10:26:01 Image size of job updated: 165276
	162  -  MemoryUsage of job (MB)
	165276  -  ResidentSetSize of job (KB)
...
006 (12769434.239.000) 11/08 10:26:46 Image size of job updated: 433448
	162  -  MemoryUsage of job (MB)
	165276  -  ResidentSetSize of job (KB)
...
040 (12769434.239.000) 11/08 10:26:46 Started transferring output files
...
040 (12769434.239.000) 11/08 10:26:46 Finished transferring output files
...
005 (12769434.239.000) 11/08 10:26:46 Job terminated.
	(1) Normal termination (return value 0)
		Usr 0 00:00:48, Sys 0 00:00:02  -  Run Remote Usage
		Usr 0 00:00:00, Sys 0 00:00:00  -  Run Local Usage
		Usr 0 00:00:48, Sys 0 00:00:02  -  Total Remote Usage
		Usr 0 00:00:00, Sys 0 00:00:00  -  Total Local Usage
	9653  -  Run Bytes Sent By Job
	11220238  -  Run Bytes Received By Job
	9653  -  Total Bytes Sent By Job
	11220238  -  Total Bytes Received By Job
	Partitionable Resources :    Usage  Request Allocated 
	   Cpus                 :        0        1         1 
	   Disk (KB)            :    10993    12500     16426 
	   GPUs                 :                           0 
	   Memory (MB)          :      162     3000      3000 
	   TimeExecute (s)      :       58                    
	   TimeSlotBusy (s)     :       60                    

	Job terminated of its own accord at 2025-11-08T09:26:46Z with exit-code 0.
...
