Starting job on \n
Running on: Linux b9p31p2887.cern.ch 5.14.0-570.44.1.el9_6.x86_64 #1 SMP PREEMPT_DYNAMIC Tue Sep 9 05:17:30 EDT 2025 x86_64 x86_64 x86_64 GNU/Linux\n
System software: Red Hat Enterprise Linux release 9.6 (Plow)\n
Setting up CROWN for RedHatEnterprise Version 9.6
subject   : /DC=ch/DC=cern/OU=Organic Units/OU=Users/CN=jiahua/CN=851532/CN=Jiahua Chen/CN=1735721823
issuer    : /DC=ch/DC=cern/OU=Organic Units/OU=Users/CN=jiahua/CN=851532/CN=Jiahua Chen
identity  : /DC=ch/DC=cern/OU=Organic Units/OU=Users/CN=jiahua/CN=851532/CN=Jiahua Chen
type      : RFC compliant proxy
strength  : 2048 bits
path      : /afs/cern.ch/user/j/jiahua/proxy/x509up_u139833
timeleft  : 197:27:15
key usage : Digital Signature, Key Encipherment
=== VO cms extension information ===
VO        : cms
subject   : /DC=ch/DC=cern/OU=Organic Units/OU=Users/CN=jiahua/CN=851532/CN=Jiahua Chen
issuer    : /DC=ch/DC=cern/OU=computers/CN=cms-auth.cern.ch
attribute : /cms/Role=NULL/Capability=NULL
timeleft  : 189:27:15
uri       : voms-cms-auth.cern.ch:15000
subject   : /DC=ch/DC=cern/OU=Organic Units/OU=Users/CN=jiahua/CN=851532/CN=Jiahua Chen/CN=1735721823
issuer    : /DC=ch/DC=cern/OU=Organic Units/OU=Users/CN=jiahua/CN=851532/CN=Jiahua Chen
identity  : /DC=ch/DC=cern/OU=Organic Units/OU=Users/CN=jiahua/CN=851532/CN=Jiahua Chen
type      : RFC compliant proxy
strength  : 2048 bits
path      : /afs/cern.ch/user/j/jiahua/proxy/x509up_u139833
timeleft  : 197:27:15
key usage : Digital Signature, Key Encipherment
=== VO cms extension information ===
VO        : cms
subject   : /DC=ch/DC=cern/OU=Organic Units/OU=Users/CN=jiahua/CN=851532/CN=Jiahua Chen
issuer    : /DC=ch/DC=cern/OU=computers/CN=cms-auth.cern.ch
attribute : /cms/Role=NULL/Capability=NULL
timeleft  : 189:27:15
uri       : voms-cms-auth.cern.ch:15000
/eos/user/j/jiahua/MC_2022EE_inc/ZZto4L_powheg_22EE_ext1-v2/1a33cba5-b379-4485-9ecf-af252889acc5.root
[2025-11-08 10:11:43.828] [main] [info] Checking input files
[2025-11-08 10:11:49.917] [main] [info] NanoAOD input_file 1: root://cms-xrd-global.cern.ch//store/mc/Run3Summer22EENanoAODv12/ZZto4L_TuneCP5_13p6TeV_powheg-pythia8/NANOAODSIM/130X_mcRun3_2022_realistic_postEE_v6_ext1-v2/2530000/1a33cba5-b379-4485-9ecf-af252889acc5.root - 172725 Events
[2025-11-08 10:11:49.941] [main] [info] input_file 1: root://cms-xrd-global.cern.ch//store/mc/Run3Summer22EENanoAODv12/ZZto4L_TuneCP5_13p6TeV_powheg-pythia8/NANOAODSIM/130X_mcRun3_2022_realistic_postEE_v6_ext1-v2/2530000/1a33cba5-b379-4485-9ecf-af252889acc5.root - SumOfGenWeight: 240281.20545000018 
[2025-11-08 10:11:49.941] [main] [info] Output directory: /eos/user/j/jiahua/MC_2022EE_inc/ZZto4L_powheg_22EE_ext1-v2/1a33cba5-b379-4485-9ecf-af252889acc5.root
[2025-11-08 10:11:49.944] [main] [info] Starting Setup of Dataframe with 172725 events
[2025-11-08 10:12:37.840] [main] [info] Finished Setup
[2025-11-08 10:12:37.840] [main] [info] Runtime for setup (real time: 47.90, CPU time: 46.47)
[2025-11-08 10:12:37.840] [main] [info] Starting Evaluation
[2025-11-08 10:12:48.782] [main] [info] 10000 / 172725 (5.79 %) Events processed ...
[2025-11-08 10:12:49.907] [main] [info] 20000 / 172725 (11.58 %) Events processed ...
[2025-11-08 10:12:50.945] [main] [info] 30000 / 172725 (17.37 %) Events processed ...
[2025-11-08 10:12:52.892] [main] [info] 40000 / 172725 (23.16 %) Events processed ...
[2025-11-08 10:12:53.921] [main] [info] 50000 / 172725 (28.95 %) Events processed ...
[2025-11-08 10:12:55.128] [main] [info] 60000 / 172725 (34.74 %) Events processed ...
[2025-11-08 10:12:57.211] [main] [info] 70000 / 172725 (40.53 %) Events processed ...
[2025-11-08 10:12:58.527] [main] [info] 80000 / 172725 (46.32 %) Events processed ...
[2025-11-08 10:12:59.989] [main] [info] 90000 / 172725 (52.11 %) Events processed ...
[2025-11-08 10:13:02.427] [main] [info] 100000 / 172725 (57.90 %) Events processed ...
[2025-11-08 10:13:03.552] [main] [info] 110000 / 172725 (63.69 %) Events processed ...
[2025-11-08 10:13:04.737] [main] [info] 120000 / 172725 (69.47 %) Events processed ...
[2025-11-08 10:13:05.865] [main] [info] 130000 / 172725 (75.26 %) Events processed ...
[2025-11-08 10:13:07.641] [main] [info] 140000 / 172725 (81.05 %) Events processed ...
[2025-11-08 10:13:08.751] [main] [info] 150000 / 172725 (86.84 %) Events processed ...
[2025-11-08 10:13:10.023] [main] [info] 160000 / 172725 (92.63 %) Events processed ...
[2025-11-08 10:13:11.758] [main] [info] 170000 / 172725 (98.42 %) Events processed ...
[2025-11-08 10:13:12.404] [main] [info] vbfhmm:
Flag_goodVertices: pass=172725     all=172725     -- eff=100.00 % cumulative eff=100.00 %
Flag_globalSuperTightHalo2016Filter: pass=172716     all=172725     -- eff=99.99 % cumulative eff=99.99 %
Flag_EcalDeadCellTriggerPrimitiveFilter: pass=172712     all=172716     -- eff=100.00 % cumulative eff=99.99 %
Flag_BadPFMuonFilter: pass=172703     all=172712     -- eff=99.99 % cumulative eff=99.99 %
Flag_BadPFMuonDzFilter: pass=172698     all=172703     -- eff=100.00 % cumulative eff=99.98 %
Flag_eeBadScFilter: pass=172698     all=172698     -- eff=100.00 % cumulative eff=99.98 %
Flag_ecalBadCalibFilter: pass=172672     all=172698     -- eff=99.98 % cumulative eff=99.97 %
Flag_hfNoisyHitsFilter: pass=172665     all=172672     -- eff=100.00 % cumulative eff=99.97 %
Number of muons 2: pass=17515      all=172665     -- eff=10.14 % cumulative eff=10.14 %
DiMuon From Higgs: pass=13275      all=17515      -- eff=75.79 % cumulative eff=7.69 %
LeptonChargeSum: pass=12056      all=13275      -- eff=90.82 % cumulative eff=6.98 %
[2025-11-08 10:13:12.564] [main] [info] Writing quantities map to /eos/user/j/jiahua/MC_2022EE_inc/ZZto4L_powheg_22EE_ext1-v2/1a33cba5-b379-4485-9ecf-af252889acc5_vbfhmm.root
[2025-11-08 10:13:12.697] [main] [info] Finished Evaluation
[2025-11-08 10:13:12.697] [main] [info] Overall runtime (real time: 82.76, CPU time: 74.90)
