000 (12769432.212.000) 11/08 09:48:48 Job submitted from host: <188.185.121.235:9618?addrs=188.185.121.235-9618+[2001-1458-d00-49--100-36e]-9618&alias=bigbird22.cern.ch&noUDP&sock=schedd_232129_c3ca>
...
040 (12769432.212.000) 11/08 10:12:25 Started transferring input files
	Transferring to host: <188.185.193.109:9618?addrs=188.185.193.109-9618+[2001-1458-303-20--100-69]-9618&alias=b9p19p8661.cern.ch&noUDP&sock=slot1_26_6872_b211_42918>
...
040 (12769432.212.000) 11/08 10:12:25 Finished transferring input files
...
001 (12769432.212.000) 11/08 10:12:26 Job executing on host: <188.185.193.109:9618?addrs=188.185.193.109-9618+[2001-1458-303-20--100-69]-9618&alias=b9p19p8661.cern.ch&noUDP&sock=startd_5674_7874>
	SlotName: slot1_26@b9p19p8661.cern.ch
	CondorScratchDir = "/pool/condor/dir_3938897"
	Cpus = 1
	Disk = 15972
	GPUs = 0
	Memory = 3000
...
006 (12769432.212.000) 11/08 10:12:40 Image size of job updated: 159952
	157  -  MemoryUsage of job (MB)
	159952  -  ResidentSetSize of job (KB)
...
006 (12769432.212.000) 11/08 10:14:06 Image size of job updated: 448860
	157  -  MemoryUsage of job (MB)
	159952  -  ResidentSetSize of job (KB)
...
040 (12769432.212.000) 11/08 10:14:06 Started transferring output files
...
040 (12769432.212.000) 11/08 10:14:06 Finished transferring output files
...
005 (12769432.212.000) 11/08 10:14:06 Job terminated.
	(1) Normal termination (return value 0)
		Usr 0 00:01:24, Sys 0 00:00:01  -  Run Remote Usage
		Usr 0 00:00:00, Sys 0 00:00:00  -  Run Local Usage
		Usr 0 00:01:24, Sys 0 00:00:01  -  Total Remote Usage
		Usr 0 00:00:00, Sys 0 00:00:00  -  Total Local Usage
	10774  -  Run Bytes Sent By Job
	11220238  -  Run Bytes Received By Job
	10774  -  Total Bytes Sent By Job
	11220238  -  Total Bytes Received By Job
	Partitionable Resources :    Usage  Request Allocated 
	   Cpus                 :        0        1         1 
	   Disk (KB)            :    10991    12500     15972 
	   GPUs                 :                           0 
	   Memory (MB)          :      157     3000      3000 
	   TimeExecute (s)      :      100                    
	   TimeSlotBusy (s)     :      101                    

	Job terminated of its own accord at 2025-11-08T09:14:06Z with exit-code 0.
...
