000 (12769432.150.000) 11/08 09:48:48 Job submitted from host: <188.185.121.235:9618?addrs=188.185.121.235-9618+[2001-1458-d00-49--100-36e]-9618&alias=bigbird22.cern.ch&noUDP&sock=schedd_232129_c3ca>
...
040 (12769432.150.000) 11/08 10:12:05 Started transferring input files
	Transferring to host: <188.185.194.105:9618?addrs=188.185.194.105-9618+[2001-1458-303-21--100-65]-9618&alias=b9p20p2971.cern.ch&noUDP&sock=slot1_13_7557_570c_45879>
...
040 (12769432.150.000) 11/08 10:12:05 Finished transferring input files
...
001 (12769432.150.000) 11/08 10:12:06 Job executing on host: <188.185.194.105:9618?addrs=188.185.194.105-9618+[2001-1458-303-21--100-65]-9618&alias=b9p20p2971.cern.ch&noUDP&sock=startd_6260_6af4>
	SlotName: slot1_13@b9p20p2971.cern.ch
	CondorScratchDir = "/pool/condor/dir_3826"
	Cpus = 1
	Disk = 15991
	GPUs = 0
	Memory = 3000
...
006 (12769432.150.000) 11/08 10:12:20 Image size of job updated: 33612
	3  -  MemoryUsage of job (MB)
	2440  -  ResidentSetSize of job (KB)
...
006 (12769432.150.000) 11/08 10:14:10 Image size of job updated: 409472
	4  -  MemoryUsage of job (MB)
	3372  -  ResidentSetSize of job (KB)
...
040 (12769432.150.000) 11/08 10:14:10 Started transferring output files
...
040 (12769432.150.000) 11/08 10:14:10 Finished transferring output files
...
005 (12769432.150.000) 11/08 10:14:10 Job terminated.
	(1) Normal termination (return value 0)
		Usr 0 00:01:32, Sys 0 00:00:02  -  Run Remote Usage
		Usr 0 00:00:00, Sys 0 00:00:00  -  Run Local Usage
		Usr 0 00:01:32, Sys 0 00:00:02  -  Total Remote Usage
		Usr 0 00:00:00, Sys 0 00:00:00  -  Total Local Usage
	9475  -  Run Bytes Sent By Job
	11220238  -  Run Bytes Received By Job
	9475  -  Total Bytes Sent By Job
	11220238  -  Total Bytes Received By Job
	Partitionable Resources :    Usage  Request Allocated 
	   Cpus                 :        0        1         1 
	   Disk (KB)            :    10990    12500     15991 
	   GPUs                 :                           0 
	   Memory (MB)          :        4     3000      3000 
	   TimeExecute (s)      :      124                    
	   TimeSlotBusy (s)     :      126                    

	Job terminated of its own accord at 2025-11-08T09:14:10Z with exit-code 0.
...
