000 (12769431.374.000) 11/08 09:48:44 Job submitted from host: <188.185.121.235:9618?addrs=188.185.121.235-9618+[2001-1458-d00-49--100-36e]-9618&alias=bigbird22.cern.ch&noUDP&sock=schedd_232129_c3ca>
...
040 (12769431.374.000) 11/08 10:10:23 Started transferring input files
	Transferring to host: <128.142.132.49:9618?addrs=128.142.132.49-9618+[2001-1458-301-5a--100-25]-9618&alias=b9g12p4961.cern.ch&noUDP&sock=slot1_13_2823_cf0c_45753>
...
040 (12769431.374.000) 11/08 10:10:23 Finished transferring input files
...
001 (12769431.374.000) 11/08 10:10:24 Job executing on host: <128.142.132.49:9618?addrs=128.142.132.49-9618+[2001-1458-301-5a--100-25]-9618&alias=b9g12p4961.cern.ch&noUDP&sock=startd_2432_ba6a>
	SlotName: slot1_13@b9g12p4961.cern.ch
	CondorScratchDir = "/pool/condor/dir_64558"
	Cpus = 1
	Disk = 15104
	GPUs = 0
	Memory = 3000
...
006 (12769431.374.000) 11/08 10:10:38 Image size of job updated: 95424
	94  -  MemoryUsage of job (MB)
	95424  -  ResidentSetSize of job (KB)
...
006 (12769431.374.000) 11/08 10:12:56 Image size of job updated: 436376
	94  -  MemoryUsage of job (MB)
	95424  -  ResidentSetSize of job (KB)
...
040 (12769431.374.000) 11/08 10:12:56 Started transferring output files
...
040 (12769431.374.000) 11/08 10:12:56 Finished transferring output files
...
005 (12769431.374.000) 11/08 10:12:56 Job terminated.
	(1) Normal termination (return value 0)
		Usr 0 00:02:13, Sys 0 00:00:03  -  Run Remote Usage
		Usr 0 00:00:00, Sys 0 00:00:00  -  Run Local Usage
		Usr 0 00:02:13, Sys 0 00:00:03  -  Total Remote Usage
		Usr 0 00:00:00, Sys 0 00:00:00  -  Total Local Usage
	10086  -  Run Bytes Sent By Job
	11220238  -  Run Bytes Received By Job
	10086  -  Total Bytes Sent By Job
	11220238  -  Total Bytes Received By Job
	Partitionable Resources :    Usage  Request Allocated 
	   Cpus                 :        0        1         1 
	   Disk (KB)            :    10990    12500     15104 
	   GPUs                 :                           0 
	   Memory (MB)          :       94     3000      3000 
	   TimeExecute (s)      :      152                    
	   TimeSlotBusy (s)     :      154                    

	Job terminated of its own accord at 2025-11-08T09:12:56Z with exit-code 0.
...
