Starting job on \n
Running on: Linux b9g34p2113.cern.ch 5.14.0-570.42.2.el9_6.x86_64 #1 SMP PREEMPT_DYNAMIC Mon Sep 8 12:15:13 EDT 2025 x86_64 x86_64 x86_64 GNU/Linux\n
System software: Red Hat Enterprise Linux release 9.6 (Plow)\n
Setting up CROWN for RedHatEnterprise Version 9.6
subject   : /DC=ch/DC=cern/OU=Organic Units/OU=Users/CN=jiahua/CN=851532/CN=Jiahua Chen/CN=1735721823
issuer    : /DC=ch/DC=cern/OU=Organic Units/OU=Users/CN=jiahua/CN=851532/CN=Jiahua Chen
identity  : /DC=ch/DC=cern/OU=Organic Units/OU=Users/CN=jiahua/CN=851532/CN=Jiahua Chen
type      : RFC compliant proxy
strength  : 2048 bits
path      : /afs/cern.ch/user/j/jiahua/proxy/x509up_u139833
timeleft  : 197:22:59
key usage : Digital Signature, Key Encipherment
=== VO cms extension information ===
VO        : cms
subject   : /DC=ch/DC=cern/OU=Organic Units/OU=Users/CN=jiahua/CN=851532/CN=Jiahua Chen
issuer    : /DC=ch/DC=cern/OU=computers/CN=cms-auth.cern.ch
attribute : /cms/Role=NULL/Capability=NULL
timeleft  : 189:22:59
uri       : voms-cms-auth.cern.ch:15000
subject   : /DC=ch/DC=cern/OU=Organic Units/OU=Users/CN=jiahua/CN=851532/CN=Jiahua Chen/CN=1735721823
issuer    : /DC=ch/DC=cern/OU=Organic Units/OU=Users/CN=jiahua/CN=851532/CN=Jiahua Chen
identity  : /DC=ch/DC=cern/OU=Organic Units/OU=Users/CN=jiahua/CN=851532/CN=Jiahua Chen
type      : RFC compliant proxy
strength  : 2048 bits
path      : /afs/cern.ch/user/j/jiahua/proxy/x509up_u139833
timeleft  : 197:22:59
key usage : Digital Signature, Key Encipherment
=== VO cms extension information ===
VO        : cms
subject   : /DC=ch/DC=cern/OU=Organic Units/OU=Users/CN=jiahua/CN=851532/CN=Jiahua Chen
issuer    : /DC=ch/DC=cern/OU=computers/CN=cms-auth.cern.ch
attribute : /cms/Role=NULL/Capability=NULL
timeleft  : 189:22:59
uri       : voms-cms-auth.cern.ch:15000
/eos/user/j/jiahua/MC_2022EE_inc/ZZto2L2Q_powheg_22EE_ext1-v2/20dd3bdf-e516-45af-b14c-26eeb0594142.root
[2025-11-08 10:15:59.306] [main] [info] Checking input files
[2025-11-08 10:16:03.626] [main] [info] NanoAOD input_file 1: root://cms-xrd-global.cern.ch//store/mc/Run3Summer22EENanoAODv12/ZZto2L2Q_TuneCP5_13p6TeV_powheg-pythia8/NANOAODSIM/130X_mcRun3_2022_realistic_postEE_v6_ext1-v2/40000/20dd3bdf-e516-45af-b14c-26eeb0594142.root - 19768 Events
[2025-11-08 10:16:03.626] [main] [info] input_file 1: root://cms-xrd-global.cern.ch//store/mc/Run3Summer22EENanoAODv12/ZZto2L2Q_TuneCP5_13p6TeV_powheg-pythia8/NANOAODSIM/130X_mcRun3_2022_realistic_postEE_v6_ext1-v2/40000/20dd3bdf-e516-45af-b14c-26eeb0594142.root - SumOfGenWeight: 134129.67100000006 
[2025-11-08 10:16:03.626] [main] [info] Output directory: /eos/user/j/jiahua/MC_2022EE_inc/ZZto2L2Q_powheg_22EE_ext1-v2/20dd3bdf-e516-45af-b14c-26eeb0594142.root
[2025-11-08 10:16:03.627] [main] [info] Starting Setup of Dataframe with 19768 events
[2025-11-08 10:17:15.285] [main] [info] Finished Setup
[2025-11-08 10:17:15.285] [main] [info] Runtime for setup (real time: 71.66, CPU time: 69.95)
[2025-11-08 10:17:15.285] [main] [info] Starting Evaluation
[2025-11-08 10:17:27.385] [main] [info] 10000 / 19768 (50.59 %) Events processed ...
[2025-11-08 10:17:28.800] [main] [info] vbfhmm:
Flag_goodVertices: pass=19768      all=19768      -- eff=100.00 % cumulative eff=100.00 %
Flag_globalSuperTightHalo2016Filter: pass=19768      all=19768      -- eff=100.00 % cumulative eff=100.00 %
Flag_EcalDeadCellTriggerPrimitiveFilter: pass=19768      all=19768      -- eff=100.00 % cumulative eff=100.00 %
Flag_BadPFMuonFilter: pass=19768      all=19768      -- eff=100.00 % cumulative eff=100.00 %
Flag_BadPFMuonDzFilter: pass=19768      all=19768      -- eff=100.00 % cumulative eff=100.00 %
Flag_eeBadScFilter: pass=19768      all=19768      -- eff=100.00 % cumulative eff=100.00 %
Flag_ecalBadCalibFilter: pass=19766      all=19768      -- eff=99.99 % cumulative eff=99.99 %
Flag_hfNoisyHitsFilter: pass=19765      all=19766      -- eff=99.99 % cumulative eff=99.98 %
Number of muons 2: pass=1325       all=19765      -- eff=6.70 % cumulative eff=6.70 %
DiMuon From Higgs: pass=1172       all=1325       -- eff=88.45 % cumulative eff=5.93 %
LeptonChargeSum: pass=1171       all=1172       -- eff=99.91 % cumulative eff=5.92 %
[2025-11-08 10:17:28.911] [main] [info] Writing quantities map to /eos/user/j/jiahua/MC_2022EE_inc/ZZto2L2Q_powheg_22EE_ext1-v2/20dd3bdf-e516-45af-b14c-26eeb0594142_vbfhmm.root
[2025-11-08 10:17:28.987] [main] [info] Finished Evaluation
[2025-11-08 10:17:28.987] [main] [info] Overall runtime (real time: 85.36, CPU time: 82.72)
