000 (12769434.159.000) 11/08 09:48:52 Job submitted from host: <188.185.121.235:9618?addrs=188.185.121.235-9618+[2001-1458-d00-49--100-36e]-9618&alias=bigbird22.cern.ch&noUDP&sock=schedd_232129_c3ca>
...
040 (12769434.159.000) 11/08 10:15:09 Started transferring input files
	Transferring to host: <188.185.212.64:9618?addrs=188.185.212.64-9618+[2001-1458-303-18--100-3c]-9618&alias=b9p25p5562.cern.ch&noUDP&sock=slot1_38_5904_a6e9_48267>
...
040 (12769434.159.000) 11/08 10:15:10 Finished transferring input files
...
001 (12769434.159.000) 11/08 10:15:11 Job executing on host: <188.185.212.64:9618?addrs=188.185.212.64-9618+[2001-1458-303-18--100-3c]-9618&alias=b9p25p5562.cern.ch&noUDP&sock=startd_5128_f5bf>
	SlotName: slot1_38@b9p25p5562.cern.ch
	CondorScratchDir = "/pool/condor/dir_2674230"
	Cpus = 1
	Disk = 15961
	GPUs = 0
	Memory = 3000
...
006 (12769434.159.000) 11/08 10:15:25 Image size of job updated: 112000
	110  -  MemoryUsage of job (MB)
	112000  -  ResidentSetSize of job (KB)
...
006 (12769434.159.000) 11/08 10:16:52 Image size of job updated: 451540
	110  -  MemoryUsage of job (MB)
	112000  -  ResidentSetSize of job (KB)
...
040 (12769434.159.000) 11/08 10:16:52 Started transferring output files
...
040 (12769434.159.000) 11/08 10:16:52 Finished transferring output files
...
005 (12769434.159.000) 11/08 10:16:52 Job terminated.
	(1) Normal termination (return value 0)
		Usr 0 00:01:23, Sys 0 00:00:03  -  Run Remote Usage
		Usr 0 00:00:00, Sys 0 00:00:00  -  Run Local Usage
		Usr 0 00:01:23, Sys 0 00:00:03  -  Total Remote Usage
		Usr 0 00:00:00, Sys 0 00:00:00  -  Total Local Usage
	11042  -  Run Bytes Sent By Job
	11220238  -  Run Bytes Received By Job
	11042  -  Total Bytes Sent By Job
	11220238  -  Total Bytes Received By Job
	Partitionable Resources :    Usage  Request Allocated 
	   Cpus                 :        0        1         1 
	   Disk (KB)            :    10991    12500     15961 
	   GPUs                 :                           0 
	   Memory (MB)          :      110     3000      3000 
	   TimeExecute (s)      :      101                    
	   TimeSlotBusy (s)     :      103                    

	Job terminated of its own accord at 2025-11-08T09:16:52Z with exit-code 0.
...
