000 (12769431.433.000) 11/08 09:48:44 Job submitted from host: <188.185.121.235:9618?addrs=188.185.121.235-9618+[2001-1458-d00-49--100-36e]-9618&alias=bigbird22.cern.ch&noUDP&sock=schedd_232129_c3ca>
...
040 (12769431.433.000) 11/08 10:10:42 Started transferring input files
	Transferring to host: <188.185.211.218:9618?addrs=188.185.211.218-9618+[2001-1458-303-17--100-56]-9618&alias=b9p24p5232.cern.ch&noUDP&sock=slot1_2_6407_0f9e_48378>
...
040 (12769431.433.000) 11/08 10:10:42 Finished transferring input files
...
001 (12769431.433.000) 11/08 10:10:43 Job executing on host: <188.185.211.218:9618?addrs=188.185.211.218-9618+[2001-1458-303-17--100-56]-9618&alias=b9p24p5232.cern.ch&noUDP&sock=startd_5477_584c>
	SlotName: slot1_2@b9p24p5232.cern.ch
	CondorScratchDir = "/pool/condor/dir_3165931"
	Cpus = 1
	Disk = 16169
	GPUs = 0
	Memory = 3000
...
006 (12769431.433.000) 11/08 10:10:56 Image size of job updated: 97480
	96  -  MemoryUsage of job (MB)
	97480  -  ResidentSetSize of job (KB)
...
006 (12769431.433.000) 11/08 10:12:18 Image size of job updated: 438620
	96  -  MemoryUsage of job (MB)
	97480  -  ResidentSetSize of job (KB)
...
040 (12769431.433.000) 11/08 10:12:18 Started transferring output files
...
040 (12769431.433.000) 11/08 10:12:18 Finished transferring output files
...
005 (12769431.433.000) 11/08 10:12:19 Job terminated.
	(1) Normal termination (return value 0)
		Usr 0 00:01:21, Sys 0 00:00:02  -  Run Remote Usage
		Usr 0 00:00:00, Sys 0 00:00:00  -  Run Local Usage
		Usr 0 00:01:21, Sys 0 00:00:02  -  Total Remote Usage
		Usr 0 00:00:00, Sys 0 00:00:00  -  Total Local Usage
	10000  -  Run Bytes Sent By Job
	11220238  -  Run Bytes Received By Job
	10000  -  Total Bytes Sent By Job
	11220238  -  Total Bytes Received By Job
	Partitionable Resources :    Usage  Request Allocated 
	   Cpus                 :        0        1         1 
	   Disk (KB)            :    10990    12500     16169 
	   GPUs                 :                           0 
	   Memory (MB)          :       96     3000      3000 
	   TimeExecute (s)      :       95                    
	   TimeSlotBusy (s)     :       97                    

	Job terminated of its own accord at 2025-11-08T09:12:18Z with exit-code 0.
...
