Starting job on \n
Running on: Linux b9p13p7425.cern.ch 5.14.0-570.44.1.el9_6.x86_64 #1 SMP PREEMPT_DYNAMIC Tue Sep 9 05:17:30 EDT 2025 x86_64 x86_64 x86_64 GNU/Linux\n
System software: Red Hat Enterprise Linux release 9.6 (Plow)\n
Setting up CROWN for RedHatEnterprise Version 9.6
subject   : /DC=ch/DC=cern/OU=Organic Units/OU=Users/CN=jiahua/CN=851532/CN=Jiahua Chen/CN=1735721823
issuer    : /DC=ch/DC=cern/OU=Organic Units/OU=Users/CN=jiahua/CN=851532/CN=Jiahua Chen
identity  : /DC=ch/DC=cern/OU=Organic Units/OU=Users/CN=jiahua/CN=851532/CN=Jiahua Chen
type      : RFC compliant proxy
strength  : 2048 bits
path      : /afs/cern.ch/user/j/jiahua/proxy/x509up_u139833
timeleft  : 197:28:54
key usage : Digital Signature, Key Encipherment
=== VO cms extension information ===
VO        : cms
subject   : /DC=ch/DC=cern/OU=Organic Units/OU=Users/CN=jiahua/CN=851532/CN=Jiahua Chen
issuer    : /DC=ch/DC=cern/OU=computers/CN=cms-auth.cern.ch
attribute : /cms/Role=NULL/Capability=NULL
timeleft  : 189:28:54
uri       : voms-cms-auth.cern.ch:15000
subject   : /DC=ch/DC=cern/OU=Organic Units/OU=Users/CN=jiahua/CN=851532/CN=Jiahua Chen/CN=1735721823
issuer    : /DC=ch/DC=cern/OU=Organic Units/OU=Users/CN=jiahua/CN=851532/CN=Jiahua Chen
identity  : /DC=ch/DC=cern/OU=Organic Units/OU=Users/CN=jiahua/CN=851532/CN=Jiahua Chen
type      : RFC compliant proxy
strength  : 2048 bits
path      : /afs/cern.ch/user/j/jiahua/proxy/x509up_u139833
timeleft  : 197:28:54
key usage : Digital Signature, Key Encipherment
=== VO cms extension information ===
VO        : cms
subject   : /DC=ch/DC=cern/OU=Organic Units/OU=Users/CN=jiahua/CN=851532/CN=Jiahua Chen
issuer    : /DC=ch/DC=cern/OU=computers/CN=cms-auth.cern.ch
attribute : /cms/Role=NULL/Capability=NULL
timeleft  : 189:28:54
uri       : voms-cms-auth.cern.ch:15000
/eos/user/j/jiahua/MC_2022EE_inc/ZZto2L2Nu_powheg_22EE_ext1-v2/8ae76fd3-443d-43ea-9e36-96bf68e4112e.root
[2025-11-08 10:10:06.167] [main] [info] Checking input files
[2025-11-08 10:10:22.155] [main] [info] NanoAOD input_file 1: root://cms-xrd-global.cern.ch//store/mc/Run3Summer22EENanoAODv12/ZZto2L2Nu_TuneCP5_13p6TeV_powheg-pythia8/NANOAODSIM/130X_mcRun3_2022_realistic_postEE_v6_ext1-v2/2540000/8ae76fd3-443d-43ea-9e36-96bf68e4112e.root - 7220 Events
[2025-11-08 10:10:22.170] [main] [info] input_file 1: root://cms-xrd-global.cern.ch//store/mc/Run3Summer22EENanoAODv12/ZZto2L2Nu_TuneCP5_13p6TeV_powheg-pythia8/NANOAODSIM/130X_mcRun3_2022_realistic_postEE_v6_ext1-v2/2540000/8ae76fd3-443d-43ea-9e36-96bf68e4112e.root - SumOfGenWeight: 7446.512720000002 
[2025-11-08 10:10:22.170] [main] [info] Output directory: /eos/user/j/jiahua/MC_2022EE_inc/ZZto2L2Nu_powheg_22EE_ext1-v2/8ae76fd3-443d-43ea-9e36-96bf68e4112e.root
[2025-11-08 10:10:22.172] [main] [info] Starting Setup of Dataframe with 7220 events
[2025-11-08 10:12:04.881] [main] [info] Finished Setup
[2025-11-08 10:12:04.881] [main] [info] Runtime for setup (real time: 102.71, CPU time: 100.32)
[2025-11-08 10:12:04.881] [main] [info] Starting Evaluation
[2025-11-08 10:12:22.588] [main] [info] vbfhmm:
Flag_goodVertices: pass=7220       all=7220       -- eff=100.00 % cumulative eff=100.00 %
Flag_globalSuperTightHalo2016Filter: pass=7220       all=7220       -- eff=100.00 % cumulative eff=100.00 %
Flag_EcalDeadCellTriggerPrimitiveFilter: pass=7220       all=7220       -- eff=100.00 % cumulative eff=100.00 %
Flag_BadPFMuonFilter: pass=7220       all=7220       -- eff=100.00 % cumulative eff=100.00 %
Flag_BadPFMuonDzFilter: pass=7220       all=7220       -- eff=100.00 % cumulative eff=100.00 %
Flag_eeBadScFilter: pass=7220       all=7220       -- eff=100.00 % cumulative eff=100.00 %
Flag_ecalBadCalibFilter: pass=7218       all=7220       -- eff=99.97 % cumulative eff=99.97 %
Flag_hfNoisyHitsFilter: pass=7218       all=7218       -- eff=100.00 % cumulative eff=99.97 %
Number of muons 2: pass=758        all=7218       -- eff=10.50 % cumulative eff=10.50 %
DiMuon From Higgs: pass=713        all=758        -- eff=94.06 % cumulative eff=9.88 %
LeptonChargeSum: pass=713        all=713        -- eff=100.00 % cumulative eff=9.88 %
[2025-11-08 10:12:22.717] [main] [info] Writing quantities map to /eos/user/j/jiahua/MC_2022EE_inc/ZZto2L2Nu_powheg_22EE_ext1-v2/8ae76fd3-443d-43ea-9e36-96bf68e4112e_vbfhmm.root
[2025-11-08 10:12:22.781] [main] [info] Finished Evaluation
[2025-11-08 10:12:22.781] [main] [info] Overall runtime (real time: 120.61, CPU time: 116.80)
