000 (12769434.443.000) 11/08 09:48:53 Job submitted from host: <188.185.121.235:9618?addrs=188.185.121.235-9618+[2001-1458-d00-49--100-36e]-9618&alias=bigbird22.cern.ch&noUDP&sock=schedd_232129_c3ca>
...
040 (12769434.443.000) 11/08 10:16:50 Started transferring input files
	Transferring to host: <128.142.192.205:9618?addrs=128.142.192.205-9618+[2001-1458-301-56--100-49]-9618&alias=b9g18p5924.cern.ch&noUDP&sock=slot1_26_4485_d68f_46454>
...
040 (12769434.443.000) 11/08 10:16:50 Finished transferring input files
...
001 (12769434.443.000) 11/08 10:16:51 Job executing on host: <128.142.192.205:9618?addrs=128.142.192.205-9618+[2001-1458-301-56--100-49]-9618&alias=b9g18p5924.cern.ch&noUDP&sock=startd_3645_becb>
	SlotName: slot1_26@b9g18p5924.cern.ch
	CondorScratchDir = "/pool/condor/dir_2077934"
	Cpus = 1
	Disk = 15997
	GPUs = 0
	Memory = 3000
...
006 (12769434.443.000) 11/08 10:17:05 Image size of job updated: 156184
	153  -  MemoryUsage of job (MB)
	156184  -  ResidentSetSize of job (KB)
...
006 (12769434.443.000) 11/08 10:18:17 Image size of job updated: 432764
	153  -  MemoryUsage of job (MB)
	156184  -  ResidentSetSize of job (KB)
...
040 (12769434.443.000) 11/08 10:18:17 Started transferring output files
...
040 (12769434.443.000) 11/08 10:18:17 Finished transferring output files
...
005 (12769434.443.000) 11/08 10:18:17 Job terminated.
	(1) Normal termination (return value 0)
		Usr 0 00:01:14, Sys 0 00:00:01  -  Run Remote Usage
		Usr 0 00:00:00, Sys 0 00:00:00  -  Run Local Usage
		Usr 0 00:01:14, Sys 0 00:00:01  -  Total Remote Usage
		Usr 0 00:00:00, Sys 0 00:00:00  -  Total Local Usage
	9806  -  Run Bytes Sent By Job
	11220238  -  Run Bytes Received By Job
	9806  -  Total Bytes Sent By Job
	11220238  -  Total Bytes Received By Job
	Partitionable Resources :    Usage  Request Allocated 
	   Cpus                 :        0        1         1 
	   Disk (KB)            :    10990    12500     15997 
	   GPUs                 :                           0 
	   Memory (MB)          :      153     3000      3000 
	   TimeExecute (s)      :       86                    
	   TimeSlotBusy (s)     :       87                    

	Job terminated of its own accord at 2025-11-08T09:18:17Z with exit-code 0.
...
