Starting job on \n
Running on: Linux b9g18p1267.cern.ch 5.14.0-570.42.2.el9_6.x86_64 #1 SMP PREEMPT_DYNAMIC Mon Sep 15 05:17:56 EDT 2025 x86_64 x86_64 x86_64 GNU/Linux\n
System software: AlmaLinux release 9.6 (Sage Margay)\n
Setting up CROWN for Alma Version 9.6
subject   : /DC=ch/DC=cern/OU=Organic Units/OU=Users/CN=jiahua/CN=851532/CN=Jiahua Chen/CN=1735721823
issuer    : /DC=ch/DC=cern/OU=Organic Units/OU=Users/CN=jiahua/CN=851532/CN=Jiahua Chen
identity  : /DC=ch/DC=cern/OU=Organic Units/OU=Users/CN=jiahua/CN=851532/CN=Jiahua Chen
type      : RFC compliant proxy
strength  : 2048 bits
path      : /afs/cern.ch/user/j/jiahua/proxy/x509up_u139833
timeleft  : 197:28:25
key usage : Digital Signature, Key Encipherment
=== VO cms extension information ===
VO        : cms
subject   : /DC=ch/DC=cern/OU=Organic Units/OU=Users/CN=jiahua/CN=851532/CN=Jiahua Chen
issuer    : /DC=ch/DC=cern/OU=computers/CN=cms-auth.cern.ch
attribute : /cms/Role=NULL/Capability=NULL
timeleft  : 189:28:25
uri       : voms-cms-auth.cern.ch:15000
subject   : /DC=ch/DC=cern/OU=Organic Units/OU=Users/CN=jiahua/CN=851532/CN=Jiahua Chen/CN=1735721823
issuer    : /DC=ch/DC=cern/OU=Organic Units/OU=Users/CN=jiahua/CN=851532/CN=Jiahua Chen
identity  : /DC=ch/DC=cern/OU=Organic Units/OU=Users/CN=jiahua/CN=851532/CN=Jiahua Chen
type      : RFC compliant proxy
strength  : 2048 bits
path      : /afs/cern.ch/user/j/jiahua/proxy/x509up_u139833
timeleft  : 197:28:25
key usage : Digital Signature, Key Encipherment
=== VO cms extension information ===
VO        : cms
subject   : /DC=ch/DC=cern/OU=Organic Units/OU=Users/CN=jiahua/CN=851532/CN=Jiahua Chen
issuer    : /DC=ch/DC=cern/OU=computers/CN=cms-auth.cern.ch
attribute : /cms/Role=NULL/Capability=NULL
timeleft  : 189:28:25
uri       : voms-cms-auth.cern.ch:15000
/eos/user/j/jiahua/MC_2022EE_inc/ZZto2L2Nu_powheg_22EE_ext1-v2/99026916-d763-4d9f-a2a1-19c65db43e23.root
[2025-11-08 10:10:33.885] [main] [info] Checking input files
[2025-11-08 10:10:38.182] [main] [info] NanoAOD input_file 1: root://cms-xrd-global.cern.ch//store/mc/Run3Summer22EENanoAODv12/ZZto2L2Nu_TuneCP5_13p6TeV_powheg-pythia8/NANOAODSIM/130X_mcRun3_2022_realistic_postEE_v6_ext1-v2/40000/99026916-d763-4d9f-a2a1-19c65db43e23.root - 54872 Events
[2025-11-08 10:10:38.182] [main] [info] input_file 1: root://cms-xrd-global.cern.ch//store/mc/Run3Summer22EENanoAODv12/ZZto2L2Nu_TuneCP5_13p6TeV_powheg-pythia8/NANOAODSIM/130X_mcRun3_2022_realistic_postEE_v6_ext1-v2/40000/99026916-d763-4d9f-a2a1-19c65db43e23.root - SumOfGenWeight: 56559.61132000008 
[2025-11-08 10:10:38.182] [main] [info] Output directory: /eos/user/j/jiahua/MC_2022EE_inc/ZZto2L2Nu_powheg_22EE_ext1-v2/99026916-d763-4d9f-a2a1-19c65db43e23.root
[2025-11-08 10:10:38.182] [main] [info] Starting Setup of Dataframe with 54872 events
[2025-11-08 10:11:39.656] [main] [info] Finished Setup
[2025-11-08 10:11:39.656] [main] [info] Runtime for setup (real time: 61.47, CPU time: 60.49)
[2025-11-08 10:11:39.656] [main] [info] Starting Evaluation
[2025-11-08 10:11:52.171] [main] [info] 10000 / 54872 (18.22 %) Events processed ...
[2025-11-08 10:11:54.014] [main] [info] 20000 / 54872 (36.45 %) Events processed ...
[2025-11-08 10:11:55.357] [main] [info] 30000 / 54872 (54.67 %) Events processed ...
[2025-11-08 10:11:57.540] [main] [info] 40000 / 54872 (72.90 %) Events processed ...
[2025-11-08 10:11:58.947] [main] [info] 50000 / 54872 (91.12 %) Events processed ...
[2025-11-08 10:11:59.984] [main] [info] vbfhmm:
Flag_goodVertices: pass=54872      all=54872      -- eff=100.00 % cumulative eff=100.00 %
Flag_globalSuperTightHalo2016Filter: pass=54869      all=54872      -- eff=99.99 % cumulative eff=99.99 %
Flag_EcalDeadCellTriggerPrimitiveFilter: pass=54867      all=54869      -- eff=100.00 % cumulative eff=99.99 %
Flag_BadPFMuonFilter: pass=54866      all=54867      -- eff=100.00 % cumulative eff=99.99 %
Flag_BadPFMuonDzFilter: pass=54865      all=54866      -- eff=100.00 % cumulative eff=99.99 %
Flag_eeBadScFilter: pass=54865      all=54865      -- eff=100.00 % cumulative eff=99.99 %
Flag_ecalBadCalibFilter: pass=54861      all=54865      -- eff=99.99 % cumulative eff=99.98 %
Flag_hfNoisyHitsFilter: pass=54860      all=54861      -- eff=100.00 % cumulative eff=99.98 %
Number of muons 2: pass=5865       all=54860      -- eff=10.69 % cumulative eff=10.69 %
DiMuon From Higgs: pass=5507       all=5865       -- eff=93.90 % cumulative eff=10.04 %
LeptonChargeSum: pass=5506       all=5507       -- eff=99.98 % cumulative eff=10.03 %
[2025-11-08 10:12:00.284] [main] [info] Writing quantities map to /eos/user/j/jiahua/MC_2022EE_inc/ZZto2L2Nu_powheg_22EE_ext1-v2/99026916-d763-4d9f-a2a1-19c65db43e23_vbfhmm.root
[2025-11-08 10:12:00.988] [main] [info] Finished Evaluation
[2025-11-08 10:12:00.988] [main] [info] Overall runtime (real time: 82.81, CPU time: 78.88)
