Starting job on \n
Running on: Linux b9p22p0419.cern.ch 5.14.0-570.44.1.el9_6.x86_64 #1 SMP PREEMPT_DYNAMIC Tue Sep 9 05:17:30 EDT 2025 x86_64 x86_64 x86_64 GNU/Linux\n
System software: Red Hat Enterprise Linux release 9.6 (Plow)\n
Setting up CROWN for RedHatEnterprise Version 9.6
subject   : /DC=ch/DC=cern/OU=Organic Units/OU=Users/CN=jiahua/CN=851532/CN=Jiahua Chen/CN=1735721823
issuer    : /DC=ch/DC=cern/OU=Organic Units/OU=Users/CN=jiahua/CN=851532/CN=Jiahua Chen
identity  : /DC=ch/DC=cern/OU=Organic Units/OU=Users/CN=jiahua/CN=851532/CN=Jiahua Chen
type      : RFC compliant proxy
strength  : 2048 bits
path      : /afs/cern.ch/user/j/jiahua/proxy/x509up_u139833
timeleft  : 197:13:05
key usage : Digital Signature, Key Encipherment
=== VO cms extension information ===
VO        : cms
subject   : /DC=ch/DC=cern/OU=Organic Units/OU=Users/CN=jiahua/CN=851532/CN=Jiahua Chen
issuer    : /DC=ch/DC=cern/OU=computers/CN=cms-auth.cern.ch
attribute : /cms/Role=NULL/Capability=NULL
timeleft  : 189:13:05
uri       : voms-cms-auth.cern.ch:15000
subject   : /DC=ch/DC=cern/OU=Organic Units/OU=Users/CN=jiahua/CN=851532/CN=Jiahua Chen/CN=1735721823
issuer    : /DC=ch/DC=cern/OU=Organic Units/OU=Users/CN=jiahua/CN=851532/CN=Jiahua Chen
identity  : /DC=ch/DC=cern/OU=Organic Units/OU=Users/CN=jiahua/CN=851532/CN=Jiahua Chen
type      : RFC compliant proxy
strength  : 2048 bits
path      : /afs/cern.ch/user/j/jiahua/proxy/x509up_u139833
timeleft  : 197:13:05
key usage : Digital Signature, Key Encipherment
=== VO cms extension information ===
VO        : cms
subject   : /DC=ch/DC=cern/OU=Organic Units/OU=Users/CN=jiahua/CN=851532/CN=Jiahua Chen
issuer    : /DC=ch/DC=cern/OU=computers/CN=cms-auth.cern.ch
attribute : /cms/Role=NULL/Capability=NULL
timeleft  : 189:13:05
uri       : voms-cms-auth.cern.ch:15000
/eos/user/j/jiahua/MC_2022EE_inc/ZZto2L2Q_powheg_22EE_ext1-v2/2ccd9a62-6cfa-4df7-8ce3-4d17bdce18a6.root
[2025-11-08 10:25:53.547] [main] [info] Checking input files
[2025-11-08 10:25:57.491] [main] [info] NanoAOD input_file 1: root://cms-xrd-global.cern.ch//store/mc/Run3Summer22EENanoAODv12/ZZto2L2Q_TuneCP5_13p6TeV_powheg-pythia8/NANOAODSIM/130X_mcRun3_2022_realistic_postEE_v6_ext1-v2/2520000/2ccd9a62-6cfa-4df7-8ce3-4d17bdce18a6.root - 166616 Events
[2025-11-08 10:25:57.491] [main] [info] input_file 1: root://cms-xrd-global.cern.ch//store/mc/Run3Summer22EENanoAODv12/ZZto2L2Q_TuneCP5_13p6TeV_powheg-pythia8/NANOAODSIM/130X_mcRun3_2022_realistic_postEE_v6_ext1-v2/2520000/2ccd9a62-6cfa-4df7-8ce3-4d17bdce18a6.root - SumOfGenWeight: 1131337.3890000011 
[2025-11-08 10:25:57.491] [main] [info] Output directory: /eos/user/j/jiahua/MC_2022EE_inc/ZZto2L2Q_powheg_22EE_ext1-v2/2ccd9a62-6cfa-4df7-8ce3-4d17bdce18a6.root
[2025-11-08 10:25:57.492] [main] [info] Starting Setup of Dataframe with 166616 events
[2025-11-08 10:26:43.232] [main] [info] Finished Setup
[2025-11-08 10:26:43.232] [main] [info] Runtime for setup (real time: 45.74, CPU time: 43.92)
[2025-11-08 10:26:43.232] [main] [info] Starting Evaluation
[2025-11-08 10:26:52.629] [main] [info] 10000 / 166616 (6.00 %) Events processed ...
[2025-11-08 10:26:53.681] [main] [info] 20000 / 166616 (12.00 %) Events processed ...
[2025-11-08 10:26:54.575] [main] [info] 30000 / 166616 (18.01 %) Events processed ...
[2025-11-08 10:26:56.207] [main] [info] 40000 / 166616 (24.01 %) Events processed ...
[2025-11-08 10:26:57.134] [main] [info] 50000 / 166616 (30.01 %) Events processed ...
[2025-11-08 10:26:57.991] [main] [info] 60000 / 166616 (36.01 %) Events processed ...
[2025-11-08 10:27:00.100] [main] [info] 70000 / 166616 (42.01 %) Events processed ...
[2025-11-08 10:27:01.161] [main] [info] 80000 / 166616 (48.01 %) Events processed ...
[2025-11-08 10:27:02.186] [main] [info] 90000 / 166616 (54.02 %) Events processed ...
[2025-11-08 10:27:04.271] [main] [info] 100000 / 166616 (60.02 %) Events processed ...
[2025-11-08 10:27:05.229] [main] [info] 110000 / 166616 (66.02 %) Events processed ...
[2025-11-08 10:27:06.068] [main] [info] 120000 / 166616 (72.02 %) Events processed ...
[2025-11-08 10:27:07.023] [main] [info] 130000 / 166616 (78.02 %) Events processed ...
[2025-11-08 10:27:08.973] [main] [info] 140000 / 166616 (84.03 %) Events processed ...
[2025-11-08 10:27:09.953] [main] [info] 150000 / 166616 (90.03 %) Events processed ...
[2025-11-08 10:27:10.857] [main] [info] 160000 / 166616 (96.03 %) Events processed ...
[2025-11-08 10:27:11.971] [main] [info] vbfhmm:
Flag_goodVertices: pass=166616     all=166616     -- eff=100.00 % cumulative eff=100.00 %
Flag_globalSuperTightHalo2016Filter: pass=166602     all=166616     -- eff=99.99 % cumulative eff=99.99 %
Flag_EcalDeadCellTriggerPrimitiveFilter: pass=166597     all=166602     -- eff=100.00 % cumulative eff=99.99 %
Flag_BadPFMuonFilter: pass=166594     all=166597     -- eff=100.00 % cumulative eff=99.99 %
Flag_BadPFMuonDzFilter: pass=166592     all=166594     -- eff=100.00 % cumulative eff=99.99 %
Flag_eeBadScFilter: pass=166592     all=166592     -- eff=100.00 % cumulative eff=99.99 %
Flag_ecalBadCalibFilter: pass=166577     all=166592     -- eff=99.99 % cumulative eff=99.98 %
Flag_hfNoisyHitsFilter: pass=166573     all=166577     -- eff=100.00 % cumulative eff=99.97 %
Number of muons 2: pass=11408      all=166573     -- eff=6.85 % cumulative eff=6.85 %
DiMuon From Higgs: pass=10238      all=11408      -- eff=89.74 % cumulative eff=6.14 %
LeptonChargeSum: pass=10227      all=10238      -- eff=99.89 % cumulative eff=6.14 %
[2025-11-08 10:27:12.154] [main] [info] Writing quantities map to /eos/user/j/jiahua/MC_2022EE_inc/ZZto2L2Q_powheg_22EE_ext1-v2/2ccd9a62-6cfa-4df7-8ce3-4d17bdce18a6_vbfhmm.root
[2025-11-08 10:27:12.288] [main] [info] Finished Evaluation
[2025-11-08 10:27:12.288] [main] [info] Overall runtime (real time: 74.80, CPU time: 67.39)
