Starting job on \n
Running on: Linux b9p25p7735.cern.ch 5.14.0-570.44.1.el9_6.x86_64 #1 SMP PREEMPT_DYNAMIC Tue Sep 9 05:17:30 EDT 2025 x86_64 x86_64 x86_64 GNU/Linux\n
System software: Red Hat Enterprise Linux release 9.6 (Plow)\n
Setting up CROWN for RedHatEnterprise Version 9.6
subject   : /DC=ch/DC=cern/OU=Organic Units/OU=Users/CN=jiahua/CN=851532/CN=Jiahua Chen/CN=1735721823
issuer    : /DC=ch/DC=cern/OU=Organic Units/OU=Users/CN=jiahua/CN=851532/CN=Jiahua Chen
identity  : /DC=ch/DC=cern/OU=Organic Units/OU=Users/CN=jiahua/CN=851532/CN=Jiahua Chen
type      : RFC compliant proxy
strength  : 2048 bits
path      : /afs/cern.ch/user/j/jiahua/proxy/x509up_u139833
timeleft  : 197:21:43
key usage : Digital Signature, Key Encipherment
=== VO cms extension information ===
VO        : cms
subject   : /DC=ch/DC=cern/OU=Organic Units/OU=Users/CN=jiahua/CN=851532/CN=Jiahua Chen
issuer    : /DC=ch/DC=cern/OU=computers/CN=cms-auth.cern.ch
attribute : /cms/Role=NULL/Capability=NULL
timeleft  : 189:21:43
uri       : voms-cms-auth.cern.ch:15000
subject   : /DC=ch/DC=cern/OU=Organic Units/OU=Users/CN=jiahua/CN=851532/CN=Jiahua Chen/CN=1735721823
issuer    : /DC=ch/DC=cern/OU=Organic Units/OU=Users/CN=jiahua/CN=851532/CN=Jiahua Chen
identity  : /DC=ch/DC=cern/OU=Organic Units/OU=Users/CN=jiahua/CN=851532/CN=Jiahua Chen
type      : RFC compliant proxy
strength  : 2048 bits
path      : /afs/cern.ch/user/j/jiahua/proxy/x509up_u139833
timeleft  : 197:21:43
key usage : Digital Signature, Key Encipherment
=== VO cms extension information ===
VO        : cms
subject   : /DC=ch/DC=cern/OU=Organic Units/OU=Users/CN=jiahua/CN=851532/CN=Jiahua Chen
issuer    : /DC=ch/DC=cern/OU=computers/CN=cms-auth.cern.ch
attribute : /cms/Role=NULL/Capability=NULL
timeleft  : 189:21:43
uri       : voms-cms-auth.cern.ch:15000
/eos/user/j/jiahua/MC_2022EE_inc/ZZto2L2Q_powheg_22EE_ext1-v2/9cf5f492-52ec-4a41-8000-4c7781cf265b.root
[2025-11-08 10:17:15.668] [main] [info] Checking input files
[2025-11-08 10:17:20.207] [main] [info] NanoAOD input_file 1: root://cms-xrd-global.cern.ch//store/mc/Run3Summer22EENanoAODv12/ZZto2L2Q_TuneCP5_13p6TeV_powheg-pythia8/NANOAODSIM/130X_mcRun3_2022_realistic_postEE_v6_ext1-v2/50000/9cf5f492-52ec-4a41-8000-4c7781cf265b.root - 64246 Events
[2025-11-08 10:17:20.207] [main] [info] input_file 1: root://cms-xrd-global.cern.ch//store/mc/Run3Summer22EENanoAODv12/ZZto2L2Q_TuneCP5_13p6TeV_powheg-pythia8/NANOAODSIM/130X_mcRun3_2022_realistic_postEE_v6_ext1-v2/50000/9cf5f492-52ec-4a41-8000-4c7781cf265b.root - SumOfGenWeight: 435658.41799999936 
[2025-11-08 10:17:20.207] [main] [info] Output directory: /eos/user/j/jiahua/MC_2022EE_inc/ZZto2L2Q_powheg_22EE_ext1-v2/9cf5f492-52ec-4a41-8000-4c7781cf265b.root
[2025-11-08 10:17:20.208] [main] [info] Starting Setup of Dataframe with 64246 events
[2025-11-08 10:18:13.354] [main] [info] Finished Setup
[2025-11-08 10:18:13.355] [main] [info] Runtime for setup (real time: 53.15, CPU time: 52.43)
[2025-11-08 10:18:13.355] [main] [info] Starting Evaluation
[2025-11-08 10:18:23.221] [main] [info] 10000 / 64246 (15.57 %) Events processed ...
[2025-11-08 10:18:24.354] [main] [info] 20000 / 64246 (31.13 %) Events processed ...
[2025-11-08 10:18:25.496] [main] [info] 30000 / 64246 (46.70 %) Events processed ...
[2025-11-08 10:18:27.305] [main] [info] 40000 / 64246 (62.26 %) Events processed ...
[2025-11-08 10:18:28.800] [main] [info] 50000 / 64246 (77.83 %) Events processed ...
[2025-11-08 10:18:30.234] [main] [info] 60000 / 64246 (93.39 %) Events processed ...
[2025-11-08 10:18:30.977] [main] [info] vbfhmm:
Flag_goodVertices: pass=64246      all=64246      -- eff=100.00 % cumulative eff=100.00 %
Flag_globalSuperTightHalo2016Filter: pass=64241      all=64246      -- eff=99.99 % cumulative eff=99.99 %
Flag_EcalDeadCellTriggerPrimitiveFilter: pass=64239      all=64241      -- eff=100.00 % cumulative eff=99.99 %
Flag_BadPFMuonFilter: pass=64234      all=64239      -- eff=99.99 % cumulative eff=99.98 %
Flag_BadPFMuonDzFilter: pass=64233      all=64234      -- eff=100.00 % cumulative eff=99.98 %
Flag_eeBadScFilter: pass=64233      all=64233      -- eff=100.00 % cumulative eff=99.98 %
Flag_ecalBadCalibFilter: pass=64226      all=64233      -- eff=99.99 % cumulative eff=99.97 %
Flag_hfNoisyHitsFilter: pass=64224      all=64226      -- eff=100.00 % cumulative eff=99.97 %
Number of muons 2: pass=4466       all=64224      -- eff=6.95 % cumulative eff=6.95 %
DiMuon From Higgs: pass=3980       all=4466       -- eff=89.12 % cumulative eff=6.19 %
LeptonChargeSum: pass=3975       all=3980       -- eff=99.87 % cumulative eff=6.19 %
[2025-11-08 10:18:31.096] [main] [info] Writing quantities map to /eos/user/j/jiahua/MC_2022EE_inc/ZZto2L2Q_powheg_22EE_ext1-v2/9cf5f492-52ec-4a41-8000-4c7781cf265b_vbfhmm.root
[2025-11-08 10:18:31.159] [main] [info] Finished Evaluation
[2025-11-08 10:18:31.159] [main] [info] Overall runtime (real time: 70.95, CPU time: 68.56)
