000 (12769432.149.000) 11/08 09:48:48 Job submitted from host: <188.185.121.235:9618?addrs=188.185.121.235-9618+[2001-1458-d00-49--100-36e]-9618&alias=bigbird22.cern.ch&noUDP&sock=schedd_232129_c3ca>
...
040 (12769432.149.000) 11/08 10:12:03 Started transferring input files
	Transferring to host: <188.185.195.79:9618?addrs=188.185.195.79-9618+[2001-1458-303-22--100-4b]-9618&alias=b9p17p1368.cern.ch&noUDP&sock=slot1_8_8186_8706_45816>
...
040 (12769432.149.000) 11/08 10:12:03 Finished transferring input files
...
001 (12769432.149.000) 11/08 10:12:04 Job executing on host: <188.185.195.79:9618?addrs=188.185.195.79-9618+[2001-1458-303-22--100-4b]-9618&alias=b9p17p1368.cern.ch&noUDP&sock=startd_7197_1f31>
	SlotName: slot1_8@b9p17p1368.cern.ch
	CondorScratchDir = "/pool/condor/dir_192921"
	Cpus = 1
	Disk = 15994
	GPUs = 0
	Memory = 3000
...
006 (12769432.149.000) 11/08 10:12:18 Image size of job updated: 95404
	94  -  MemoryUsage of job (MB)
	95404  -  ResidentSetSize of job (KB)
...
006 (12769432.149.000) 11/08 10:14:22 Image size of job updated: 443440
	94  -  MemoryUsage of job (MB)
	95404  -  ResidentSetSize of job (KB)
...
040 (12769432.149.000) 11/08 10:14:22 Started transferring output files
...
040 (12769432.149.000) 11/08 10:14:22 Finished transferring output files
...
005 (12769432.149.000) 11/08 10:14:22 Job terminated.
	(1) Normal termination (return value 0)
		Usr 0 00:02:02, Sys 0 00:00:02  -  Run Remote Usage
		Usr 0 00:00:00, Sys 0 00:00:00  -  Run Local Usage
		Usr 0 00:02:02, Sys 0 00:00:02  -  Total Remote Usage
		Usr 0 00:00:00, Sys 0 00:00:00  -  Total Local Usage
	10521  -  Run Bytes Sent By Job
	11220238  -  Run Bytes Received By Job
	10521  -  Total Bytes Sent By Job
	11220238  -  Total Bytes Received By Job
	Partitionable Resources :    Usage  Request Allocated 
	   Cpus                 :        0        1         1 
	   Disk (KB)            :    10991    12500     15994 
	   GPUs                 :                           0 
	   Memory (MB)          :       94     3000      3000 
	   TimeExecute (s)      :      138                    
	   TimeSlotBusy (s)     :      139                    

	Job terminated of its own accord at 2025-11-08T09:14:22Z with exit-code 0.
...
