Starting job on \n
Running on: Linux b9p11p0303.cern.ch 5.14.0-570.42.2.el9_6.x86_64 #1 SMP PREEMPT_DYNAMIC Mon Sep 8 12:15:13 EDT 2025 x86_64 x86_64 x86_64 GNU/Linux\n
System software: Red Hat Enterprise Linux release 9.6 (Plow)\n
Setting up CROWN for RedHatEnterprise Version 9.6
subject   : /DC=ch/DC=cern/OU=Organic Units/OU=Users/CN=jiahua/CN=851532/CN=Jiahua Chen/CN=1735721823
issuer    : /DC=ch/DC=cern/OU=Organic Units/OU=Users/CN=jiahua/CN=851532/CN=Jiahua Chen
identity  : /DC=ch/DC=cern/OU=Organic Units/OU=Users/CN=jiahua/CN=851532/CN=Jiahua Chen
type      : RFC compliant proxy
strength  : 2048 bits
path      : /afs/cern.ch/user/j/jiahua/proxy/x509up_u139833
timeleft  : 197:30:41
key usage : Digital Signature, Key Encipherment
=== VO cms extension information ===
VO        : cms
subject   : /DC=ch/DC=cern/OU=Organic Units/OU=Users/CN=jiahua/CN=851532/CN=Jiahua Chen
issuer    : /DC=ch/DC=cern/OU=computers/CN=cms-auth.cern.ch
attribute : /cms/Role=NULL/Capability=NULL
timeleft  : 189:30:41
uri       : voms-cms-auth.cern.ch:15000
subject   : /DC=ch/DC=cern/OU=Organic Units/OU=Users/CN=jiahua/CN=851532/CN=Jiahua Chen/CN=1735721823
issuer    : /DC=ch/DC=cern/OU=Organic Units/OU=Users/CN=jiahua/CN=851532/CN=Jiahua Chen
identity  : /DC=ch/DC=cern/OU=Organic Units/OU=Users/CN=jiahua/CN=851532/CN=Jiahua Chen
type      : RFC compliant proxy
strength  : 2048 bits
path      : /afs/cern.ch/user/j/jiahua/proxy/x509up_u139833
timeleft  : 197:30:41
key usage : Digital Signature, Key Encipherment
=== VO cms extension information ===
VO        : cms
subject   : /DC=ch/DC=cern/OU=Organic Units/OU=Users/CN=jiahua/CN=851532/CN=Jiahua Chen
issuer    : /DC=ch/DC=cern/OU=computers/CN=cms-auth.cern.ch
attribute : /cms/Role=NULL/Capability=NULL
timeleft  : 189:30:41
uri       : voms-cms-auth.cern.ch:15000
/eos/user/j/jiahua/MC_2022EE_inc/ZZto2L2Nu_powheg_22EE_ext1-v2/b3d01ab5-b148-4f99-8ab0-eb561632b029.root
[2025-11-08 10:08:17.709] [main] [info] Checking input files
[2025-11-08 10:08:22.489] [main] [info] NanoAOD input_file 1: root://cms-xrd-global.cern.ch//store/mc/Run3Summer22EENanoAODv12/ZZto2L2Nu_TuneCP5_13p6TeV_powheg-pythia8/NANOAODSIM/130X_mcRun3_2022_realistic_postEE_v6_ext1-v2/2540000/b3d01ab5-b148-4f99-8ab0-eb561632b029.root - 171114 Events
[2025-11-08 10:08:22.489] [main] [info] input_file 1: root://cms-xrd-global.cern.ch//store/mc/Run3Summer22EENanoAODv12/ZZto2L2Nu_TuneCP5_13p6TeV_powheg-pythia8/NANOAODSIM/130X_mcRun3_2022_realistic_postEE_v6_ext1-v2/2540000/b3d01ab5-b148-4f99-8ab0-eb561632b029.root - SumOfGenWeight: 176422.84548000002 
[2025-11-08 10:08:22.489] [main] [info] Output directory: /eos/user/j/jiahua/MC_2022EE_inc/ZZto2L2Nu_powheg_22EE_ext1-v2/b3d01ab5-b148-4f99-8ab0-eb561632b029.root
[2025-11-08 10:08:22.489] [main] [info] Starting Setup of Dataframe with 171114 events
[2025-11-08 10:09:07.086] [main] [info] Finished Setup
[2025-11-08 10:09:07.086] [main] [info] Runtime for setup (real time: 44.60, CPU time: 44.06)
[2025-11-08 10:09:07.086] [main] [info] Starting Evaluation
[2025-11-08 10:09:17.907] [main] [info] 10000 / 171114 (5.84 %) Events processed ...
[2025-11-08 10:09:19.417] [main] [info] 20000 / 171114 (11.69 %) Events processed ...
[2025-11-08 10:09:20.700] [main] [info] 30000 / 171114 (17.53 %) Events processed ...
[2025-11-08 10:09:22.425] [main] [info] 40000 / 171114 (23.38 %) Events processed ...
[2025-11-08 10:09:23.884] [main] [info] 50000 / 171114 (29.22 %) Events processed ...
[2025-11-08 10:09:25.231] [main] [info] 60000 / 171114 (35.06 %) Events processed ...
[2025-11-08 10:09:27.240] [main] [info] 70000 / 171114 (40.91 %) Events processed ...
[2025-11-08 10:09:28.723] [main] [info] 80000 / 171114 (46.75 %) Events processed ...
[2025-11-08 10:09:30.214] [main] [info] 90000 / 171114 (52.60 %) Events processed ...
[2025-11-08 10:09:31.662] [main] [info] 100000 / 171114 (58.44 %) Events processed ...
[2025-11-08 10:09:33.297] [main] [info] 110000 / 171114 (64.28 %) Events processed ...
[2025-11-08 10:09:34.500] [main] [info] 120000 / 171114 (70.13 %) Events processed ...
[2025-11-08 10:09:35.889] [main] [info] 130000 / 171114 (75.97 %) Events processed ...
[2025-11-08 10:09:38.047] [main] [info] 140000 / 171114 (81.82 %) Events processed ...
[2025-11-08 10:09:39.435] [main] [info] 150000 / 171114 (87.66 %) Events processed ...
[2025-11-08 10:09:40.666] [main] [info] 160000 / 171114 (93.50 %) Events processed ...
[2025-11-08 10:09:42.109] [main] [info] 170000 / 171114 (99.35 %) Events processed ...
[2025-11-08 10:09:42.355] [main] [info] vbfhmm:
Flag_goodVertices: pass=171114     all=171114     -- eff=100.00 % cumulative eff=100.00 %
Flag_globalSuperTightHalo2016Filter: pass=171103     all=171114     -- eff=99.99 % cumulative eff=99.99 %
Flag_EcalDeadCellTriggerPrimitiveFilter: pass=171092     all=171103     -- eff=99.99 % cumulative eff=99.99 %
Flag_BadPFMuonFilter: pass=171085     all=171092     -- eff=100.00 % cumulative eff=99.98 %
Flag_BadPFMuonDzFilter: pass=171080     all=171085     -- eff=100.00 % cumulative eff=99.98 %
Flag_eeBadScFilter: pass=171080     all=171080     -- eff=100.00 % cumulative eff=99.98 %
Flag_ecalBadCalibFilter: pass=171051     all=171080     -- eff=99.98 % cumulative eff=99.96 %
Flag_hfNoisyHitsFilter: pass=171048     all=171051     -- eff=100.00 % cumulative eff=99.96 %
Number of muons 2: pass=17981      all=171048     -- eff=10.51 % cumulative eff=10.51 %
DiMuon From Higgs: pass=16898      all=17981      -- eff=93.98 % cumulative eff=9.88 %
LeptonChargeSum: pass=16893      all=16898      -- eff=99.97 % cumulative eff=9.87 %
[2025-11-08 10:09:42.499] [main] [info] Writing quantities map to /eos/user/j/jiahua/MC_2022EE_inc/ZZto2L2Nu_powheg_22EE_ext1-v2/b3d01ab5-b148-4f99-8ab0-eb561632b029_vbfhmm.root
[2025-11-08 10:09:42.609] [main] [info] Finished Evaluation
[2025-11-08 10:09:42.609] [main] [info] Overall runtime (real time: 80.12, CPU time: 75.75)
