000 (12769431.509.000) 11/08 09:48:44 Job submitted from host: <188.185.121.235:9618?addrs=188.185.121.235-9618+[2001-1458-d00-49--100-36e]-9618&alias=bigbird22.cern.ch&noUDP&sock=schedd_232129_c3ca>
...
040 (12769431.509.000) 11/08 10:11:07 Started transferring input files
	Transferring to host: <188.185.194.39:9618?addrs=188.185.194.39-9618+[2001-1458-303-21--100-23]-9618&alias=b9p20p0680.cern.ch&noUDP&sock=slot1_17_8285_482a_46536>
...
040 (12769431.509.000) 11/08 10:11:07 Finished transferring input files
...
001 (12769431.509.000) 11/08 10:11:09 Job executing on host: <188.185.194.39:9618?addrs=188.185.194.39-9618+[2001-1458-303-21--100-23]-9618&alias=b9p20p0680.cern.ch&noUDP&sock=startd_7276_4f2d>
	SlotName: slot1_17@b9p20p0680.cern.ch
	CondorScratchDir = "/pool/condor/dir_3086460"
	Cpus = 1
	Disk = 16040
	GPUs = 0
	Memory = 3000
...
006 (12769431.509.000) 11/08 10:11:22 Image size of job updated: 93412
	92  -  MemoryUsage of job (MB)
	93412  -  ResidentSetSize of job (KB)
...
006 (12769431.509.000) 11/08 10:13:19 Image size of job updated: 430284
	92  -  MemoryUsage of job (MB)
	93412  -  ResidentSetSize of job (KB)
...
040 (12769431.509.000) 11/08 10:13:19 Started transferring output files
...
040 (12769431.509.000) 11/08 10:13:19 Finished transferring output files
...
005 (12769431.509.000) 11/08 10:13:19 Job terminated.
	(1) Normal termination (return value 0)
		Usr 0 00:01:55, Sys 0 00:00:02  -  Run Remote Usage
		Usr 0 00:00:00, Sys 0 00:00:00  -  Run Local Usage
		Usr 0 00:01:55, Sys 0 00:00:02  -  Total Remote Usage
		Usr 0 00:00:00, Sys 0 00:00:00  -  Total Local Usage
	9835  -  Run Bytes Sent By Job
	11220238  -  Run Bytes Received By Job
	9835  -  Total Bytes Sent By Job
	11220238  -  Total Bytes Received By Job
	Partitionable Resources :    Usage  Request Allocated 
	   Cpus                 :        0        1         1 
	   Disk (KB)            :    10990    12500     16040 
	   GPUs                 :                           0 
	   Memory (MB)          :       92     3000      3000 
	   TimeExecute (s)      :      131                    
	   TimeSlotBusy (s)     :      133                    

	Job terminated of its own accord at 2025-11-08T09:13:19Z with exit-code 0.
...
