Starting job on \n
Running on: Linux b9p25p8865.cern.ch 5.14.0-570.44.1.el9_6.x86_64 #1 SMP PREEMPT_DYNAMIC Tue Sep 9 05:17:30 EDT 2025 x86_64 x86_64 x86_64 GNU/Linux\n
System software: Red Hat Enterprise Linux release 9.6 (Plow)\n
Setting up CROWN for RedHatEnterprise Version 9.6
subject   : /DC=ch/DC=cern/OU=Organic Units/OU=Users/CN=jiahua/CN=851532/CN=Jiahua Chen/CN=1735721823
issuer    : /DC=ch/DC=cern/OU=Organic Units/OU=Users/CN=jiahua/CN=851532/CN=Jiahua Chen
identity  : /DC=ch/DC=cern/OU=Organic Units/OU=Users/CN=jiahua/CN=851532/CN=Jiahua Chen
type      : RFC compliant proxy
strength  : 2048 bits
path      : /afs/cern.ch/user/j/jiahua/proxy/x509up_u139833
timeleft  : 197:23:32
key usage : Digital Signature, Key Encipherment
=== VO cms extension information ===
VO        : cms
subject   : /DC=ch/DC=cern/OU=Organic Units/OU=Users/CN=jiahua/CN=851532/CN=Jiahua Chen
issuer    : /DC=ch/DC=cern/OU=computers/CN=cms-auth.cern.ch
attribute : /cms/Role=NULL/Capability=NULL
timeleft  : 189:23:32
uri       : voms-cms-auth.cern.ch:15000
subject   : /DC=ch/DC=cern/OU=Organic Units/OU=Users/CN=jiahua/CN=851532/CN=Jiahua Chen/CN=1735721823
issuer    : /DC=ch/DC=cern/OU=Organic Units/OU=Users/CN=jiahua/CN=851532/CN=Jiahua Chen
identity  : /DC=ch/DC=cern/OU=Organic Units/OU=Users/CN=jiahua/CN=851532/CN=Jiahua Chen
type      : RFC compliant proxy
strength  : 2048 bits
path      : /afs/cern.ch/user/j/jiahua/proxy/x509up_u139833
timeleft  : 197:23:32
key usage : Digital Signature, Key Encipherment
=== VO cms extension information ===
VO        : cms
subject   : /DC=ch/DC=cern/OU=Organic Units/OU=Users/CN=jiahua/CN=851532/CN=Jiahua Chen
issuer    : /DC=ch/DC=cern/OU=computers/CN=cms-auth.cern.ch
attribute : /cms/Role=NULL/Capability=NULL
timeleft  : 189:23:32
uri       : voms-cms-auth.cern.ch:15000
/eos/user/j/jiahua/MC_2022EE_inc/ZZto2L2Q_powheg_22EE_ext1-v2/ce693fa1-521c-44a3-9a04-1998447b6d3b.root
[2025-11-08 10:15:26.862] [main] [info] Checking input files
[2025-11-08 10:15:30.488] [main] [info] NanoAOD input_file 1: root://cms-xrd-global.cern.ch//store/mc/Run3Summer22EENanoAODv12/ZZto2L2Q_TuneCP5_13p6TeV_powheg-pythia8/NANOAODSIM/130X_mcRun3_2022_realistic_postEE_v6_ext1-v2/40000/ce693fa1-521c-44a3-9a04-1998447b6d3b.root - 180736 Events
[2025-11-08 10:15:30.488] [main] [info] input_file 1: root://cms-xrd-global.cern.ch//store/mc/Run3Summer22EENanoAODv12/ZZto2L2Q_TuneCP5_13p6TeV_powheg-pythia8/NANOAODSIM/130X_mcRun3_2022_realistic_postEE_v6_ext1-v2/40000/ce693fa1-521c-44a3-9a04-1998447b6d3b.root - SumOfGenWeight: 1227647.8760000016 
[2025-11-08 10:15:30.488] [main] [info] Output directory: /eos/user/j/jiahua/MC_2022EE_inc/ZZto2L2Q_powheg_22EE_ext1-v2/ce693fa1-521c-44a3-9a04-1998447b6d3b.root
[2025-11-08 10:15:30.489] [main] [info] Starting Setup of Dataframe with 180736 events
[2025-11-08 10:16:11.814] [main] [info] Finished Setup
[2025-11-08 10:16:11.814] [main] [info] Runtime for setup (real time: 41.33, CPU time: 40.86)
[2025-11-08 10:16:11.814] [main] [info] Starting Evaluation
[2025-11-08 10:16:20.118] [main] [info] 10000 / 180736 (5.53 %) Events processed ...
[2025-11-08 10:16:21.134] [main] [info] 20000 / 180736 (11.07 %) Events processed ...
[2025-11-08 10:16:22.102] [main] [info] 30000 / 180736 (16.60 %) Events processed ...
[2025-11-08 10:16:23.528] [main] [info] 40000 / 180736 (22.13 %) Events processed ...
[2025-11-08 10:16:24.632] [main] [info] 50000 / 180736 (27.66 %) Events processed ...
[2025-11-08 10:16:25.681] [main] [info] 60000 / 180736 (33.20 %) Events processed ...
[2025-11-08 10:16:27.305] [main] [info] 70000 / 180736 (38.73 %) Events processed ...
[2025-11-08 10:16:28.359] [main] [info] 80000 / 180736 (44.26 %) Events processed ...
[2025-11-08 10:16:29.275] [main] [info] 90000 / 180736 (49.80 %) Events processed ...
[2025-11-08 10:16:30.470] [main] [info] 100000 / 180736 (55.33 %) Events processed ...
[2025-11-08 10:16:31.363] [main] [info] 110000 / 180736 (60.86 %) Events processed ...
[2025-11-08 10:16:32.243] [main] [info] 120000 / 180736 (66.40 %) Events processed ...
[2025-11-08 10:16:33.001] [main] [info] 130000 / 180736 (71.93 %) Events processed ...
[2025-11-08 10:16:34.576] [main] [info] 140000 / 180736 (77.46 %) Events processed ...
[2025-11-08 10:16:35.544] [main] [info] 150000 / 180736 (82.99 %) Events processed ...
[2025-11-08 10:16:36.463] [main] [info] 160000 / 180736 (88.53 %) Events processed ...
[2025-11-08 10:16:37.665] [main] [info] 170000 / 180736 (94.06 %) Events processed ...
[2025-11-08 10:16:38.595] [main] [info] 180000 / 180736 (99.59 %) Events processed ...
[2025-11-08 10:16:39.148] [main] [info] vbfhmm:
Flag_goodVertices: pass=180736     all=180736     -- eff=100.00 % cumulative eff=100.00 %
Flag_globalSuperTightHalo2016Filter: pass=180721     all=180736     -- eff=99.99 % cumulative eff=99.99 %
Flag_EcalDeadCellTriggerPrimitiveFilter: pass=180713     all=180721     -- eff=100.00 % cumulative eff=99.99 %
Flag_BadPFMuonFilter: pass=180705     all=180713     -- eff=100.00 % cumulative eff=99.98 %
Flag_BadPFMuonDzFilter: pass=180704     all=180705     -- eff=100.00 % cumulative eff=99.98 %
Flag_eeBadScFilter: pass=180704     all=180704     -- eff=100.00 % cumulative eff=99.98 %
Flag_ecalBadCalibFilter: pass=180685     all=180704     -- eff=99.99 % cumulative eff=99.97 %
Flag_hfNoisyHitsFilter: pass=180676     all=180685     -- eff=100.00 % cumulative eff=99.97 %
Number of muons 2: pass=12214      all=180676     -- eff=6.76 % cumulative eff=6.76 %
DiMuon From Higgs: pass=10935      all=12214      -- eff=89.53 % cumulative eff=6.05 %
LeptonChargeSum: pass=10925      all=10935      -- eff=99.91 % cumulative eff=6.04 %
[2025-11-08 10:16:39.806] [main] [info] Writing quantities map to /eos/user/j/jiahua/MC_2022EE_inc/ZZto2L2Q_powheg_22EE_ext1-v2/ce693fa1-521c-44a3-9a04-1998447b6d3b_vbfhmm.root
[2025-11-08 10:16:39.942] [main] [info] Finished Evaluation
[2025-11-08 10:16:39.942] [main] [info] Overall runtime (real time: 69.45, CPU time: 65.01)
