000 (12769434.261.000) 11/08 09:48:52 Job submitted from host: <188.185.121.235:9618?addrs=188.185.121.235-9618+[2001-1458-d00-49--100-36e]-9618&alias=bigbird22.cern.ch&noUDP&sock=schedd_232129_c3ca>
...
040 (12769434.261.000) 11/08 10:15:49 Started transferring input files
	Transferring to host: <188.185.208.165:9618?addrs=188.185.208.165-9618+[2001-1458-303-10--100-22]-9618&alias=b9p10p4119.cern.ch&noUDP&sock=slot1_17_4234_fc65_41292>
...
040 (12769434.261.000) 11/08 10:15:49 Finished transferring input files
...
001 (12769434.261.000) 11/08 10:15:50 Job executing on host: <188.185.208.165:9618?addrs=188.185.208.165-9618+[2001-1458-303-10--100-22]-9618&alias=b9p10p4119.cern.ch&noUDP&sock=startd_3659_591f>
	SlotName: slot1_17@b9p10p4119.cern.ch
	CondorScratchDir = "/pool/condor/dir_788399"
	Cpus = 1
	Disk = 15846
	GPUs = 0
	Memory = 3000
...
006 (12769434.261.000) 11/08 10:16:03 Image size of job updated: 159504
	156  -  MemoryUsage of job (MB)
	159504  -  ResidentSetSize of job (KB)
...
006 (12769434.261.000) 11/08 10:17:02 Image size of job updated: 447524
	156  -  MemoryUsage of job (MB)
	159504  -  ResidentSetSize of job (KB)
...
040 (12769434.261.000) 11/08 10:17:02 Started transferring output files
...
040 (12769434.261.000) 11/08 10:17:02 Finished transferring output files
...
005 (12769434.261.000) 11/08 10:17:02 Job terminated.
	(1) Normal termination (return value 0)
		Usr 0 00:00:58, Sys 0 00:00:02  -  Run Remote Usage
		Usr 0 00:00:00, Sys 0 00:00:00  -  Run Local Usage
		Usr 0 00:00:58, Sys 0 00:00:02  -  Total Remote Usage
		Usr 0 00:00:00, Sys 0 00:00:00  -  Total Local Usage
	10780  -  Run Bytes Sent By Job
	11220238  -  Run Bytes Received By Job
	10780  -  Total Bytes Sent By Job
	11220238  -  Total Bytes Received By Job
	Partitionable Resources :    Usage  Request Allocated 
	   Cpus                 :        0        1         1 
	   Disk (KB)            :    10994    12500     15846 
	   GPUs                 :                           0 
	   Memory (MB)          :      156     3000      3000 
	   TimeExecute (s)      :       72                    
	   TimeSlotBusy (s)     :       73                    

	Job terminated of its own accord at 2025-11-08T09:17:02Z with exit-code 0.
...
