000 (12769434.305.000) 11/08 09:48:52 Job submitted from host: <188.185.121.235:9618?addrs=188.185.121.235-9618+[2001-1458-d00-49--100-36e]-9618&alias=bigbird22.cern.ch&noUDP&sock=schedd_232129_c3ca>
...
040 (12769434.305.000) 11/08 10:16:04 Started transferring input files
	Transferring to host: <188.185.212.213:9618?addrs=188.185.212.213-9618+[2001-1458-303-19--100-51]-9618&alias=b9p26p9044.cern.ch&noUDP&sock=slot1_37_4093_a380_48583>
...
040 (12769434.305.000) 11/08 10:16:04 Finished transferring input files
...
001 (12769434.305.000) 11/08 10:16:05 Job executing on host: <188.185.212.213:9618?addrs=188.185.212.213-9618+[2001-1458-303-19--100-51]-9618&alias=b9p26p9044.cern.ch&noUDP&sock=startd_3447_ef0b>
	SlotName: slot1_37@b9p26p9044.cern.ch
	CondorScratchDir = "/pool/condor/dir_85029"
	Cpus = 1
	Disk = 15622
	GPUs = 0
	Memory = 3000
...
006 (12769434.305.000) 11/08 10:16:19 Image size of job updated: 159660
	156  -  MemoryUsage of job (MB)
	159660  -  ResidentSetSize of job (KB)
...
006 (12769434.305.000) 11/08 10:17:22 Image size of job updated: 435892
	156  -  MemoryUsage of job (MB)
	159660  -  ResidentSetSize of job (KB)
...
040 (12769434.305.000) 11/08 10:17:22 Started transferring output files
...
040 (12769434.305.000) 11/08 10:17:22 Finished transferring output files
...
005 (12769434.305.000) 11/08 10:17:22 Job terminated.
	(1) Normal termination (return value 0)
		Usr 0 00:01:06, Sys 0 00:00:02  -  Run Remote Usage
		Usr 0 00:00:00, Sys 0 00:00:00  -  Run Local Usage
		Usr 0 00:01:06, Sys 0 00:00:02  -  Total Remote Usage
		Usr 0 00:00:00, Sys 0 00:00:00  -  Total Local Usage
	9826  -  Run Bytes Sent By Job
	11220238  -  Run Bytes Received By Job
	9826  -  Total Bytes Sent By Job
	11220238  -  Total Bytes Received By Job
	Partitionable Resources :    Usage  Request Allocated 
	   Cpus                 :        0        1         1 
	   Disk (KB)            :    10990    12500     15622 
	   GPUs                 :                           0 
	   Memory (MB)          :      156     3000      3000 
	   TimeExecute (s)      :       77                    
	   TimeSlotBusy (s)     :       78                    

	Job terminated of its own accord at 2025-11-08T09:17:22Z with exit-code 0.
...
