000 (12769431.085.000) 11/08 09:48:44 Job submitted from host: <188.185.121.235:9618?addrs=188.185.121.235-9618+[2001-1458-d00-49--100-36e]-9618&alias=bigbird22.cern.ch&noUDP&sock=schedd_232129_c3ca>
...
040 (12769431.085.000) 11/08 10:08:39 Started transferring input files
	Transferring to host: <188.185.208.38:9618?addrs=188.185.208.38-9618+[2001-1458-303-f--100-23]-9618&alias=b9p09p2430.cern.ch&noUDP&sock=slot1_40_5696_18e1_45328>
...
040 (12769431.085.000) 11/08 10:08:39 Finished transferring input files
...
001 (12769431.085.000) 11/08 10:08:40 Job executing on host: <188.185.208.38:9618?addrs=188.185.208.38-9618+[2001-1458-303-f--100-23]-9618&alias=b9p09p2430.cern.ch&noUDP&sock=startd_4756_cc83>
	SlotName: slot1_40@b9p09p2430.cern.ch
	CondorScratchDir = "/pool/condor/dir_3597387"
	Cpus = 1
	Disk = 15872
	GPUs = 0
	Memory = 3000
...
006 (12769431.085.000) 11/08 10:08:54 Image size of job updated: 106788
	105  -  MemoryUsage of job (MB)
	106788  -  ResidentSetSize of job (KB)
...
006 (12769431.085.000) 11/08 10:10:20 Image size of job updated: 443092
	105  -  MemoryUsage of job (MB)
	106788  -  ResidentSetSize of job (KB)
...
040 (12769431.085.000) 11/08 10:10:20 Started transferring output files
...
040 (12769431.085.000) 11/08 10:10:20 Finished transferring output files
...
005 (12769431.085.000) 11/08 10:10:20 Job terminated.
	(1) Normal termination (return value 0)
		Usr 0 00:01:20, Sys 0 00:00:02  -  Run Remote Usage
		Usr 0 00:00:00, Sys 0 00:00:00  -  Run Local Usage
		Usr 0 00:01:20, Sys 0 00:00:02  -  Total Remote Usage
		Usr 0 00:00:00, Sys 0 00:00:00  -  Total Local Usage
	10351  -  Run Bytes Sent By Job
	11220238  -  Run Bytes Received By Job
	10351  -  Total Bytes Sent By Job
	11220238  -  Total Bytes Received By Job
	Partitionable Resources :    Usage  Request Allocated 
	   Cpus                 :     0.99        1         1 
	   Disk (KB)            : 10994       12500     15872 
	   GPUs                 :                           0 
	   Memory (MB)          :   105        3000      3000 
	   TimeExecute (s)      :   100                       
	   TimeSlotBusy (s)     :   101                       

	Job terminated of its own accord at 2025-11-08T09:10:20Z with exit-code 0.
...
