Starting job on \n
Running on: Linux b9g12p0821.cern.ch 5.14.0-570.44.1.el9_6.x86_64 #1 SMP PREEMPT_DYNAMIC Tue Sep 9 05:17:30 EDT 2025 x86_64 x86_64 x86_64 GNU/Linux\n
System software: Red Hat Enterprise Linux release 9.6 (Plow)\n
Setting up CROWN for RedHatEnterprise Version 9.6
subject   : /DC=ch/DC=cern/OU=Organic Units/OU=Users/CN=jiahua/CN=851532/CN=Jiahua Chen/CN=1735721823
issuer    : /DC=ch/DC=cern/OU=Organic Units/OU=Users/CN=jiahua/CN=851532/CN=Jiahua Chen
identity  : /DC=ch/DC=cern/OU=Organic Units/OU=Users/CN=jiahua/CN=851532/CN=Jiahua Chen
type      : RFC compliant proxy
strength  : 2048 bits
path      : /afs/cern.ch/user/j/jiahua/proxy/x509up_u139833
timeleft  : 197:29:01
key usage : Digital Signature, Key Encipherment
=== VO cms extension information ===
VO        : cms
subject   : /DC=ch/DC=cern/OU=Organic Units/OU=Users/CN=jiahua/CN=851532/CN=Jiahua Chen
issuer    : /DC=ch/DC=cern/OU=computers/CN=cms-auth.cern.ch
attribute : /cms/Role=NULL/Capability=NULL
timeleft  : 189:29:01
uri       : voms-cms-auth.cern.ch:15000
subject   : /DC=ch/DC=cern/OU=Organic Units/OU=Users/CN=jiahua/CN=851532/CN=Jiahua Chen/CN=1735721823
issuer    : /DC=ch/DC=cern/OU=Organic Units/OU=Users/CN=jiahua/CN=851532/CN=Jiahua Chen
identity  : /DC=ch/DC=cern/OU=Organic Units/OU=Users/CN=jiahua/CN=851532/CN=Jiahua Chen
type      : RFC compliant proxy
strength  : 2048 bits
path      : /afs/cern.ch/user/j/jiahua/proxy/x509up_u139833
timeleft  : 197:29:01
key usage : Digital Signature, Key Encipherment
=== VO cms extension information ===
VO        : cms
subject   : /DC=ch/DC=cern/OU=Organic Units/OU=Users/CN=jiahua/CN=851532/CN=Jiahua Chen
issuer    : /DC=ch/DC=cern/OU=computers/CN=cms-auth.cern.ch
attribute : /cms/Role=NULL/Capability=NULL
timeleft  : 189:29:01
uri       : voms-cms-auth.cern.ch:15000
/eos/user/j/jiahua/MC_2022EE_inc/ZZto2L2Nu_powheg_22EE_ext1-v2/503b8ec8-7543-4408-a987-6f16194b8dc9.root
[2025-11-08 10:09:57.471] [main] [info] Checking input files
[2025-11-08 10:10:04.489] [main] [info] NanoAOD input_file 1: root://cms-xrd-global.cern.ch//store/mc/Run3Summer22EENanoAODv12/ZZto2L2Nu_TuneCP5_13p6TeV_powheg-pythia8/NANOAODSIM/130X_mcRun3_2022_realistic_postEE_v6_ext1-v2/40000/503b8ec8-7543-4408-a987-6f16194b8dc9.root - 164616 Events
[2025-11-08 10:10:04.489] [main] [info] input_file 1: root://cms-xrd-global.cern.ch//store/mc/Run3Summer22EENanoAODv12/ZZto2L2Nu_TuneCP5_13p6TeV_powheg-pythia8/NANOAODSIM/130X_mcRun3_2022_realistic_postEE_v6_ext1-v2/40000/503b8ec8-7543-4408-a987-6f16194b8dc9.root - SumOfGenWeight: 169658.17216000005 
[2025-11-08 10:10:04.489] [main] [info] Output directory: /eos/user/j/jiahua/MC_2022EE_inc/ZZto2L2Nu_powheg_22EE_ext1-v2/503b8ec8-7543-4408-a987-6f16194b8dc9.root
[2025-11-08 10:10:04.490] [main] [info] Starting Setup of Dataframe with 164616 events
[2025-11-08 10:11:34.158] [main] [info] Finished Setup
[2025-11-08 10:11:34.158] [main] [info] Runtime for setup (real time: 89.67, CPU time: 87.42)
[2025-11-08 10:11:34.158] [main] [info] Starting Evaluation
[2025-11-08 10:11:49.850] [main] [info] 10000 / 164616 (6.07 %) Events processed ...
[2025-11-08 10:11:51.385] [main] [info] 20000 / 164616 (12.15 %) Events processed ...
[2025-11-08 10:11:52.845] [main] [info] 30000 / 164616 (18.22 %) Events processed ...
[2025-11-08 10:11:55.123] [main] [info] 40000 / 164616 (24.30 %) Events processed ...
[2025-11-08 10:11:56.818] [main] [info] 50000 / 164616 (30.37 %) Events processed ...
[2025-11-08 10:11:58.257] [main] [info] 60000 / 164616 (36.45 %) Events processed ...
[2025-11-08 10:12:00.478] [main] [info] 70000 / 164616 (42.52 %) Events processed ...
[2025-11-08 10:12:02.498] [main] [info] 80000 / 164616 (48.60 %) Events processed ...
[2025-11-08 10:12:03.857] [main] [info] 90000 / 164616 (54.67 %) Events processed ...
[2025-11-08 10:12:05.475] [main] [info] 100000 / 164616 (60.75 %) Events processed ...
[2025-11-08 10:12:07.636] [main] [info] 110000 / 164616 (66.82 %) Events processed ...
[2025-11-08 10:12:09.712] [main] [info] 120000 / 164616 (72.90 %) Events processed ...
[2025-11-08 10:12:11.373] [main] [info] 130000 / 164616 (78.97 %) Events processed ...
[2025-11-08 10:12:13.467] [main] [info] 140000 / 164616 (85.05 %) Events processed ...
[2025-11-08 10:12:15.526] [main] [info] 150000 / 164616 (91.12 %) Events processed ...
[2025-11-08 10:12:17.703] [main] [info] 160000 / 164616 (97.20 %) Events processed ...
[2025-11-08 10:12:18.709] [main] [info] vbfhmm:
Flag_goodVertices: pass=164616     all=164616     -- eff=100.00 % cumulative eff=100.00 %
Flag_globalSuperTightHalo2016Filter: pass=164610     all=164616     -- eff=100.00 % cumulative eff=100.00 %
Flag_EcalDeadCellTriggerPrimitiveFilter: pass=164597     all=164610     -- eff=99.99 % cumulative eff=99.99 %
Flag_BadPFMuonFilter: pass=164590     all=164597     -- eff=100.00 % cumulative eff=99.98 %
Flag_BadPFMuonDzFilter: pass=164587     all=164590     -- eff=100.00 % cumulative eff=99.98 %
Flag_eeBadScFilter: pass=164587     all=164587     -- eff=100.00 % cumulative eff=99.98 %
Flag_ecalBadCalibFilter: pass=164563     all=164587     -- eff=99.99 % cumulative eff=99.97 %
Flag_hfNoisyHitsFilter: pass=164556     all=164563     -- eff=100.00 % cumulative eff=99.96 %
Number of muons 2: pass=17449      all=164556     -- eff=10.60 % cumulative eff=10.60 %
DiMuon From Higgs: pass=16447      all=17449      -- eff=94.26 % cumulative eff=9.99 %
LeptonChargeSum: pass=16443      all=16447      -- eff=99.98 % cumulative eff=9.99 %
[2025-11-08 10:12:18.939] [main] [info] Writing quantities map to /eos/user/j/jiahua/MC_2022EE_inc/ZZto2L2Nu_powheg_22EE_ext1-v2/503b8ec8-7543-4408-a987-6f16194b8dc9_vbfhmm.root
[2025-11-08 10:12:19.110] [main] [info] Finished Evaluation
[2025-11-08 10:12:19.110] [main] [info] Overall runtime (real time: 134.62, CPU time: 129.74)
