000 (12769434.392.000) 11/08 09:48:53 Job submitted from host: <188.185.121.235:9618?addrs=188.185.121.235-9618+[2001-1458-d00-49--100-36e]-9618&alias=bigbird22.cern.ch&noUDP&sock=schedd_232129_c3ca>
...
040 (12769434.392.000) 11/08 10:16:33 Started transferring input files
	Transferring to host: <188.185.212.21:9618?addrs=188.185.212.21-9618+[2001-1458-303-18--100-11]-9618&alias=b9p25p8865.cern.ch&noUDP&sock=slot1_26_5252_424f_50643>
...
040 (12769434.392.000) 11/08 10:16:33 Finished transferring input files
...
001 (12769434.392.000) 11/08 10:16:34 Job executing on host: <188.185.212.21:9618?addrs=188.185.212.21-9618+[2001-1458-303-18--100-11]-9618&alias=b9p25p8865.cern.ch&noUDP&sock=startd_4221_d558>
	SlotName: slot1_26@b9p25p8865.cern.ch
	CondorScratchDir = "/pool/condor/dir_535510"
	Cpus = 1
	Disk = 15899
	GPUs = 0
	Memory = 3000
...
006 (12769434.392.000) 11/08 10:16:47 Image size of job updated: 135556
	133  -  MemoryUsage of job (MB)
	135556  -  ResidentSetSize of job (KB)
...
006 (12769434.392.000) 11/08 10:17:38 Image size of job updated: 414216
	133  -  MemoryUsage of job (MB)
	135580  -  ResidentSetSize of job (KB)
...
040 (12769434.392.000) 11/08 10:17:38 Started transferring output files
...
040 (12769434.392.000) 11/08 10:17:39 Finished transferring output files
...
005 (12769434.392.000) 11/08 10:17:39 Job terminated.
	(1) Normal termination (return value 0)
		Usr 0 00:00:52, Sys 0 00:00:02  -  Run Remote Usage
		Usr 0 00:00:00, Sys 0 00:00:00  -  Run Local Usage
		Usr 0 00:00:52, Sys 0 00:00:02  -  Total Remote Usage
		Usr 0 00:00:00, Sys 0 00:00:00  -  Total Local Usage
	9658  -  Run Bytes Sent By Job
	11220238  -  Run Bytes Received By Job
	9658  -  Total Bytes Sent By Job
	11220238  -  Total Bytes Received By Job
	Partitionable Resources :    Usage  Request Allocated 
	   Cpus                 :        0        1         1 
	   Disk (KB)            :    10990    12500     15899 
	   GPUs                 :                           0 
	   Memory (MB)          :      133     3000      3000 
	   TimeExecute (s)      :       64                    
	   TimeSlotBusy (s)     :       66                    

	Job terminated of its own accord at 2025-11-08T09:17:38Z with exit-code 0.
...
