Starting job on \n
Running on: Linux b9p16p8401.cern.ch 5.14.0-570.46.1.el9_6.x86_64 #1 SMP PREEMPT_DYNAMIC Tue Sep 16 03:28:23 EDT 2025 x86_64 x86_64 x86_64 GNU/Linux\n
System software: Red Hat Enterprise Linux release 9.6 (Plow)\n
Setting up CROWN for RedHatEnterprise Version 9.6
subject   : /DC=ch/DC=cern/OU=Organic Units/OU=Users/CN=jiahua/CN=851532/CN=Jiahua Chen/CN=1735721823
issuer    : /DC=ch/DC=cern/OU=Organic Units/OU=Users/CN=jiahua/CN=851532/CN=Jiahua Chen
identity  : /DC=ch/DC=cern/OU=Organic Units/OU=Users/CN=jiahua/CN=851532/CN=Jiahua Chen
type      : RFC compliant proxy
strength  : 2048 bits
path      : /afs/cern.ch/user/j/jiahua/proxy/x509up_u139833
timeleft  : 197:26:55
key usage : Digital Signature, Key Encipherment
=== VO cms extension information ===
VO        : cms
subject   : /DC=ch/DC=cern/OU=Organic Units/OU=Users/CN=jiahua/CN=851532/CN=Jiahua Chen
issuer    : /DC=ch/DC=cern/OU=computers/CN=cms-auth.cern.ch
attribute : /cms/Role=NULL/Capability=NULL
timeleft  : 189:26:55
uri       : voms-cms-auth.cern.ch:15000
subject   : /DC=ch/DC=cern/OU=Organic Units/OU=Users/CN=jiahua/CN=851532/CN=Jiahua Chen/CN=1735721823
issuer    : /DC=ch/DC=cern/OU=Organic Units/OU=Users/CN=jiahua/CN=851532/CN=Jiahua Chen
identity  : /DC=ch/DC=cern/OU=Organic Units/OU=Users/CN=jiahua/CN=851532/CN=Jiahua Chen
type      : RFC compliant proxy
strength  : 2048 bits
path      : /afs/cern.ch/user/j/jiahua/proxy/x509up_u139833
timeleft  : 197:26:55
key usage : Digital Signature, Key Encipherment
=== VO cms extension information ===
VO        : cms
subject   : /DC=ch/DC=cern/OU=Organic Units/OU=Users/CN=jiahua/CN=851532/CN=Jiahua Chen
issuer    : /DC=ch/DC=cern/OU=computers/CN=cms-auth.cern.ch
attribute : /cms/Role=NULL/Capability=NULL
timeleft  : 189:26:55
uri       : voms-cms-auth.cern.ch:15000
/eos/user/j/jiahua/MC_2022EE_inc/ZZto4L_powheg_22EE_ext1-v2/499d1195-90c1-4833-871c-dca03166cc17.root
[2025-11-08 10:12:03.203] [main] [info] Checking input files
[2025-11-08 10:12:11.764] [main] [info] NanoAOD input_file 1: root://cms-xrd-global.cern.ch//store/mc/Run3Summer22EENanoAODv12/ZZto4L_TuneCP5_13p6TeV_powheg-pythia8/NANOAODSIM/130X_mcRun3_2022_realistic_postEE_v6_ext1-v2/30000/499d1195-90c1-4833-871c-dca03166cc17.root - 14700 Events
[2025-11-08 10:12:11.764] [main] [info] input_file 1: root://cms-xrd-global.cern.ch//store/mc/Run3Summer22EENanoAODv12/ZZto4L_TuneCP5_13p6TeV_powheg-pythia8/NANOAODSIM/130X_mcRun3_2022_realistic_postEE_v6_ext1-v2/30000/499d1195-90c1-4833-871c-dca03166cc17.root - SumOfGenWeight: 20445.996559999996 
[2025-11-08 10:12:11.764] [main] [info] Output directory: /eos/user/j/jiahua/MC_2022EE_inc/ZZto4L_powheg_22EE_ext1-v2/499d1195-90c1-4833-871c-dca03166cc17.root
[2025-11-08 10:12:11.765] [main] [info] Starting Setup of Dataframe with 14700 events
[2025-11-08 10:13:43.735] [main] [info] Finished Setup
[2025-11-08 10:13:43.735] [main] [info] Runtime for setup (real time: 91.97, CPU time: 90.38)
[2025-11-08 10:13:43.735] [main] [info] Starting Evaluation
[2025-11-08 10:13:59.466] [main] [info] 10000 / 14700 (68.03 %) Events processed ...
[2025-11-08 10:14:00.600] [main] [info] vbfhmm:
Flag_goodVertices: pass=14700      all=14700      -- eff=100.00 % cumulative eff=100.00 %
Flag_globalSuperTightHalo2016Filter: pass=14700      all=14700      -- eff=100.00 % cumulative eff=100.00 %
Flag_EcalDeadCellTriggerPrimitiveFilter: pass=14699      all=14700      -- eff=99.99 % cumulative eff=99.99 %
Flag_BadPFMuonFilter: pass=14698      all=14699      -- eff=99.99 % cumulative eff=99.99 %
Flag_BadPFMuonDzFilter: pass=14698      all=14698      -- eff=100.00 % cumulative eff=99.99 %
Flag_eeBadScFilter: pass=14698      all=14698      -- eff=100.00 % cumulative eff=99.99 %
Flag_ecalBadCalibFilter: pass=14695      all=14698      -- eff=99.98 % cumulative eff=99.97 %
Flag_hfNoisyHitsFilter: pass=14695      all=14695      -- eff=100.00 % cumulative eff=99.97 %
Number of muons 2: pass=1472       all=14695      -- eff=10.02 % cumulative eff=10.01 %
DiMuon From Higgs: pass=1105       all=1472       -- eff=75.07 % cumulative eff=7.52 %
LeptonChargeSum: pass=1004       all=1105       -- eff=90.86 % cumulative eff=6.83 %
[2025-11-08 10:14:00.756] [main] [info] Writing quantities map to /eos/user/j/jiahua/MC_2022EE_inc/ZZto4L_powheg_22EE_ext1-v2/499d1195-90c1-4833-871c-dca03166cc17_vbfhmm.root
[2025-11-08 10:14:00.883] [main] [info] Finished Evaluation
[2025-11-08 10:14:00.883] [main] [info] Overall runtime (real time: 109.12, CPU time: 106.44)
