Starting job on \n
Running on: Linux b9p11p6576.cern.ch 5.14.0-570.42.2.el9_6.x86_64 #1 SMP PREEMPT_DYNAMIC Mon Sep 8 12:15:13 EDT 2025 x86_64 x86_64 x86_64 GNU/Linux\n
System software: Red Hat Enterprise Linux release 9.6 (Plow)\n
Setting up CROWN for RedHatEnterprise Version 9.6
subject   : /DC=ch/DC=cern/OU=Organic Units/OU=Users/CN=jiahua/CN=851532/CN=Jiahua Chen/CN=1735721823
issuer    : /DC=ch/DC=cern/OU=Organic Units/OU=Users/CN=jiahua/CN=851532/CN=Jiahua Chen
identity  : /DC=ch/DC=cern/OU=Organic Units/OU=Users/CN=jiahua/CN=851532/CN=Jiahua Chen
type      : RFC compliant proxy
strength  : 2048 bits
path      : /afs/cern.ch/user/j/jiahua/proxy/x509up_u139833
timeleft  : 197:23:49
key usage : Digital Signature, Key Encipherment
=== VO cms extension information ===
VO        : cms
subject   : /DC=ch/DC=cern/OU=Organic Units/OU=Users/CN=jiahua/CN=851532/CN=Jiahua Chen
issuer    : /DC=ch/DC=cern/OU=computers/CN=cms-auth.cern.ch
attribute : /cms/Role=NULL/Capability=NULL
timeleft  : 189:23:49
uri       : voms-cms-auth.cern.ch:15000
subject   : /DC=ch/DC=cern/OU=Organic Units/OU=Users/CN=jiahua/CN=851532/CN=Jiahua Chen/CN=1735721823
issuer    : /DC=ch/DC=cern/OU=Organic Units/OU=Users/CN=jiahua/CN=851532/CN=Jiahua Chen
identity  : /DC=ch/DC=cern/OU=Organic Units/OU=Users/CN=jiahua/CN=851532/CN=Jiahua Chen
type      : RFC compliant proxy
strength  : 2048 bits
path      : /afs/cern.ch/user/j/jiahua/proxy/x509up_u139833
timeleft  : 197:23:49
key usage : Digital Signature, Key Encipherment
=== VO cms extension information ===
VO        : cms
subject   : /DC=ch/DC=cern/OU=Organic Units/OU=Users/CN=jiahua/CN=851532/CN=Jiahua Chen
issuer    : /DC=ch/DC=cern/OU=computers/CN=cms-auth.cern.ch
attribute : /cms/Role=NULL/Capability=NULL
timeleft  : 189:23:49
uri       : voms-cms-auth.cern.ch:15000
/eos/user/j/jiahua/MC_2022EE_inc/ZZto2L2Q_powheg_22EE_ext1-v2/c67890b8-f72e-49fe-b0fb-995ff9cb418e.root
[2025-11-08 10:15:09.865] [main] [info] Checking input files
[2025-11-08 10:15:13.141] [main] [info] NanoAOD input_file 1: root://cms-xrd-global.cern.ch//store/mc/Run3Summer22EENanoAODv12/ZZto2L2Q_TuneCP5_13p6TeV_powheg-pythia8/NANOAODSIM/130X_mcRun3_2022_realistic_postEE_v6_ext1-v2/40000/c67890b8-f72e-49fe-b0fb-995ff9cb418e.root - 146848 Events
[2025-11-08 10:15:13.141] [main] [info] input_file 1: root://cms-xrd-global.cern.ch//store/mc/Run3Summer22EENanoAODv12/ZZto2L2Q_TuneCP5_13p6TeV_powheg-pythia8/NANOAODSIM/130X_mcRun3_2022_realistic_postEE_v6_ext1-v2/40000/c67890b8-f72e-49fe-b0fb-995ff9cb418e.root - SumOfGenWeight: 997139.4030000006 
[2025-11-08 10:15:13.141] [main] [info] Output directory: /eos/user/j/jiahua/MC_2022EE_inc/ZZto2L2Q_powheg_22EE_ext1-v2/c67890b8-f72e-49fe-b0fb-995ff9cb418e.root
[2025-11-08 10:15:13.142] [main] [info] Starting Setup of Dataframe with 146848 events
[2025-11-08 10:15:45.552] [main] [info] Finished Setup
[2025-11-08 10:15:45.552] [main] [info] Runtime for setup (real time: 32.41, CPU time: 32.00)
[2025-11-08 10:15:45.552] [main] [info] Starting Evaluation
[2025-11-08 10:15:52.925] [main] [info] 10000 / 146848 (6.81 %) Events processed ...
[2025-11-08 10:15:53.668] [main] [info] 20000 / 146848 (13.62 %) Events processed ...
[2025-11-08 10:15:54.452] [main] [info] 30000 / 146848 (20.43 %) Events processed ...
[2025-11-08 10:15:56.176] [main] [info] 40000 / 146848 (27.24 %) Events processed ...
[2025-11-08 10:15:56.968] [main] [info] 50000 / 146848 (34.05 %) Events processed ...
[2025-11-08 10:15:57.756] [main] [info] 60000 / 146848 (40.86 %) Events processed ...
[2025-11-08 10:15:59.334] [main] [info] 70000 / 146848 (47.67 %) Events processed ...
[2025-11-08 10:16:00.096] [main] [info] 80000 / 146848 (54.48 %) Events processed ...
[2025-11-08 10:16:00.867] [main] [info] 90000 / 146848 (61.29 %) Events processed ...
[2025-11-08 10:16:02.411] [main] [info] 100000 / 146848 (68.10 %) Events processed ...
[2025-11-08 10:16:03.199] [main] [info] 110000 / 146848 (74.91 %) Events processed ...
[2025-11-08 10:16:04.006] [main] [info] 120000 / 146848 (81.72 %) Events processed ...
[2025-11-08 10:16:05.187] [main] [info] 130000 / 146848 (88.53 %) Events processed ...
[2025-11-08 10:16:06.061] [main] [info] 140000 / 146848 (95.34 %) Events processed ...
[2025-11-08 10:16:06.838] [main] [info] vbfhmm:
Flag_goodVertices: pass=146848     all=146848     -- eff=100.00 % cumulative eff=100.00 %
Flag_globalSuperTightHalo2016Filter: pass=146840     all=146848     -- eff=99.99 % cumulative eff=99.99 %
Flag_EcalDeadCellTriggerPrimitiveFilter: pass=146835     all=146840     -- eff=100.00 % cumulative eff=99.99 %
Flag_BadPFMuonFilter: pass=146831     all=146835     -- eff=100.00 % cumulative eff=99.99 %
Flag_BadPFMuonDzFilter: pass=146828     all=146831     -- eff=100.00 % cumulative eff=99.99 %
Flag_eeBadScFilter: pass=146828     all=146828     -- eff=100.00 % cumulative eff=99.99 %
Flag_ecalBadCalibFilter: pass=146805     all=146828     -- eff=99.98 % cumulative eff=99.97 %
Flag_hfNoisyHitsFilter: pass=146801     all=146805     -- eff=100.00 % cumulative eff=99.97 %
Number of muons 2: pass=10024      all=146801     -- eff=6.83 % cumulative eff=6.83 %
DiMuon From Higgs: pass=8934       all=10024      -- eff=89.13 % cumulative eff=6.08 %
LeptonChargeSum: pass=8926       all=8934       -- eff=99.91 % cumulative eff=6.08 %
[2025-11-08 10:16:06.972] [main] [info] Writing quantities map to /eos/user/j/jiahua/MC_2022EE_inc/ZZto2L2Q_powheg_22EE_ext1-v2/c67890b8-f72e-49fe-b0fb-995ff9cb418e_vbfhmm.root
[2025-11-08 10:16:07.124] [main] [info] Finished Evaluation
[2025-11-08 10:16:07.124] [main] [info] Overall runtime (real time: 53.98, CPU time: 49.16)
