000 (12769432.103.000) 11/08 09:48:47 Job submitted from host: <188.185.121.235:9618?addrs=188.185.121.235-9618+[2001-1458-d00-49--100-36e]-9618&alias=bigbird22.cern.ch&noUDP&sock=schedd_232129_c3ca>
...
040 (12769432.103.000) 11/08 10:11:48 Started transferring input files
	Transferring to host: <128.142.161.85:9618?addrs=128.142.161.85-9618+[2001-1458-301-b8--100-13]-9618&alias=b9g03p2079.cern.ch&noUDP&sock=slot1_10_4109_e980_56585>
...
040 (12769432.103.000) 11/08 10:11:48 Finished transferring input files
...
001 (12769432.103.000) 11/08 10:11:49 Job executing on host: <128.142.161.85:9618?addrs=128.142.161.85-9618+[2001-1458-301-b8--100-13]-9618&alias=b9g03p2079.cern.ch&noUDP&sock=startd_3251_7e7b>
	SlotName: slot1_10@b9g03p2079.cern.ch
	CondorScratchDir = "/pool/condor/dir_886694"
	Cpus = 1
	Disk = 15704
	GPUs = 0
	Memory = 3000
...
006 (12769432.103.000) 11/08 10:12:03 Image size of job updated: 93580
	92  -  MemoryUsage of job (MB)
	93580  -  ResidentSetSize of job (KB)
...
006 (12769432.103.000) 11/08 10:14:39 Image size of job updated: 446740
	92  -  MemoryUsage of job (MB)
	93580  -  ResidentSetSize of job (KB)
...
040 (12769432.103.000) 11/08 10:14:39 Started transferring output files
...
040 (12769432.103.000) 11/08 10:14:39 Finished transferring output files
...
005 (12769432.103.000) 11/08 10:14:39 Job terminated.
	(1) Normal termination (return value 0)
		Usr 0 00:01:58, Sys 0 00:00:02  -  Run Remote Usage
		Usr 0 00:00:00, Sys 0 00:00:00  -  Run Local Usage
		Usr 0 00:01:58, Sys 0 00:00:02  -  Total Remote Usage
		Usr 0 00:00:00, Sys 0 00:00:00  -  Total Local Usage
	11209  -  Run Bytes Sent By Job
	11220238  -  Run Bytes Received By Job
	11209  -  Total Bytes Sent By Job
	11220238  -  Total Bytes Received By Job
	Partitionable Resources :    Usage  Request Allocated 
	   Cpus                 :        0        1         1 
	   Disk (KB)            :    10991    12500     15704 
	   GPUs                 :                           0 
	   Memory (MB)          :       92     3000      3000 
	   TimeExecute (s)      :      170                    
	   TimeSlotBusy (s)     :      171                    

	Job terminated of its own accord at 2025-11-08T09:14:39Z with exit-code 0.
...
