Starting job on \n
Running on: Linux b9p28p0832.cern.ch 5.14.0-570.44.1.el9_6.x86_64 #1 SMP PREEMPT_DYNAMIC Tue Sep 9 05:17:30 EDT 2025 x86_64 x86_64 x86_64 GNU/Linux\n
System software: Red Hat Enterprise Linux release 9.6 (Plow)\n
Setting up CROWN for RedHatEnterprise Version 9.6
subject   : /DC=ch/DC=cern/OU=Organic Units/OU=Users/CN=jiahua/CN=851532/CN=Jiahua Chen/CN=1735721823
issuer    : /DC=ch/DC=cern/OU=Organic Units/OU=Users/CN=jiahua/CN=851532/CN=Jiahua Chen
identity  : /DC=ch/DC=cern/OU=Organic Units/OU=Users/CN=jiahua/CN=851532/CN=Jiahua Chen
type      : RFC compliant proxy
strength  : 2048 bits
path      : /afs/cern.ch/user/j/jiahua/proxy/x509up_u139833
timeleft  : 197:27:58
key usage : Digital Signature, Key Encipherment
=== VO cms extension information ===
VO        : cms
subject   : /DC=ch/DC=cern/OU=Organic Units/OU=Users/CN=jiahua/CN=851532/CN=Jiahua Chen
issuer    : /DC=ch/DC=cern/OU=computers/CN=cms-auth.cern.ch
attribute : /cms/Role=NULL/Capability=NULL
timeleft  : 189:27:58
uri       : voms-cms-auth.cern.ch:15000
subject   : /DC=ch/DC=cern/OU=Organic Units/OU=Users/CN=jiahua/CN=851532/CN=Jiahua Chen/CN=1735721823
issuer    : /DC=ch/DC=cern/OU=Organic Units/OU=Users/CN=jiahua/CN=851532/CN=Jiahua Chen
identity  : /DC=ch/DC=cern/OU=Organic Units/OU=Users/CN=jiahua/CN=851532/CN=Jiahua Chen
type      : RFC compliant proxy
strength  : 2048 bits
path      : /afs/cern.ch/user/j/jiahua/proxy/x509up_u139833
timeleft  : 197:27:58
key usage : Digital Signature, Key Encipherment
=== VO cms extension information ===
VO        : cms
subject   : /DC=ch/DC=cern/OU=Organic Units/OU=Users/CN=jiahua/CN=851532/CN=Jiahua Chen
issuer    : /DC=ch/DC=cern/OU=computers/CN=cms-auth.cern.ch
attribute : /cms/Role=NULL/Capability=NULL
timeleft  : 189:27:58
uri       : voms-cms-auth.cern.ch:15000
/eos/user/j/jiahua/MC_2022EE_inc/ZZto2L2Nu_powheg_22EE_ext1-v2/ebfb51e8-0f44-47e3-b720-6a5c5415b1d6.root
[2025-11-08 10:11:01.394] [main] [info] Checking input files
[2025-11-08 10:11:06.414] [main] [info] NanoAOD input_file 1: root://cms-xrd-global.cern.ch//store/mc/Run3Summer22EENanoAODv12/ZZto2L2Nu_TuneCP5_13p6TeV_powheg-pythia8/NANOAODSIM/130X_mcRun3_2022_realistic_postEE_v6_ext1-v2/40000/ebfb51e8-0f44-47e3-b720-6a5c5415b1d6.root - 59204 Events
[2025-11-08 10:11:06.427] [main] [info] input_file 1: root://cms-xrd-global.cern.ch//store/mc/Run3Summer22EENanoAODv12/ZZto2L2Nu_TuneCP5_13p6TeV_powheg-pythia8/NANOAODSIM/130X_mcRun3_2022_realistic_postEE_v6_ext1-v2/40000/ebfb51e8-0f44-47e3-b720-6a5c5415b1d6.root - SumOfGenWeight: 61059.75136000011 
[2025-11-08 10:11:06.427] [main] [info] Output directory: /eos/user/j/jiahua/MC_2022EE_inc/ZZto2L2Nu_powheg_22EE_ext1-v2/ebfb51e8-0f44-47e3-b720-6a5c5415b1d6.root
[2025-11-08 10:11:06.430] [main] [info] Starting Setup of Dataframe with 59204 events
[2025-11-08 10:12:02.462] [main] [info] Finished Setup
[2025-11-08 10:12:02.462] [main] [info] Runtime for setup (real time: 56.03, CPU time: 54.41)
[2025-11-08 10:12:02.462] [main] [info] Starting Evaluation
[2025-11-08 10:12:14.620] [main] [info] 10000 / 59204 (16.89 %) Events processed ...
[2025-11-08 10:12:16.039] [main] [info] 20000 / 59204 (33.78 %) Events processed ...
[2025-11-08 10:12:17.424] [main] [info] 30000 / 59204 (50.67 %) Events processed ...
[2025-11-08 10:12:19.333] [main] [info] 40000 / 59204 (67.56 %) Events processed ...
[2025-11-08 10:12:20.729] [main] [info] 50000 / 59204 (84.45 %) Events processed ...
[2025-11-08 10:12:22.530] [main] [info] vbfhmm:
Flag_goodVertices: pass=59204      all=59204      -- eff=100.00 % cumulative eff=100.00 %
Flag_globalSuperTightHalo2016Filter: pass=59199      all=59204      -- eff=99.99 % cumulative eff=99.99 %
Flag_EcalDeadCellTriggerPrimitiveFilter: pass=59196      all=59199      -- eff=99.99 % cumulative eff=99.99 %
Flag_BadPFMuonFilter: pass=59195      all=59196      -- eff=100.00 % cumulative eff=99.98 %
Flag_BadPFMuonDzFilter: pass=59195      all=59195      -- eff=100.00 % cumulative eff=99.98 %
Flag_eeBadScFilter: pass=59195      all=59195      -- eff=100.00 % cumulative eff=99.98 %
Flag_ecalBadCalibFilter: pass=59180      all=59195      -- eff=99.97 % cumulative eff=99.96 %
Flag_hfNoisyHitsFilter: pass=59177      all=59180      -- eff=99.99 % cumulative eff=99.95 %
Number of muons 2: pass=6211       all=59177      -- eff=10.50 % cumulative eff=10.49 %
DiMuon From Higgs: pass=5839       all=6211       -- eff=94.01 % cumulative eff=9.86 %
LeptonChargeSum: pass=5838       all=5839       -- eff=99.98 % cumulative eff=9.86 %
[2025-11-08 10:12:22.710] [main] [info] Writing quantities map to /eos/user/j/jiahua/MC_2022EE_inc/ZZto2L2Nu_powheg_22EE_ext1-v2/ebfb51e8-0f44-47e3-b720-6a5c5415b1d6_vbfhmm.root
[2025-11-08 10:12:22.819] [main] [info] Finished Evaluation
[2025-11-08 10:12:22.819] [main] [info] Overall runtime (real time: 76.39, CPU time: 71.90)
