Starting job on \n
Running on: Linux b9p17p8009.cern.ch 5.14.0-570.55.1.el9_6.x86_64 #1 SMP PREEMPT_DYNAMIC Tue Oct 14 01:03:55 EDT 2025 x86_64 x86_64 x86_64 GNU/Linux\n
System software: Red Hat Enterprise Linux release 9.6 (Plow)\n
Setting up CROWN for RedHatEnterprise Version 9.6
subject   : /DC=ch/DC=cern/OU=Organic Units/OU=Users/CN=jiahua/CN=851532/CN=Jiahua Chen/CN=1735721823
issuer    : /DC=ch/DC=cern/OU=Organic Units/OU=Users/CN=jiahua/CN=851532/CN=Jiahua Chen
identity  : /DC=ch/DC=cern/OU=Organic Units/OU=Users/CN=jiahua/CN=851532/CN=Jiahua Chen
type      : RFC compliant proxy
strength  : 2048 bits
path      : /afs/cern.ch/user/j/jiahua/proxy/x509up_u139833
timeleft  : 197:26:19
key usage : Digital Signature, Key Encipherment
=== VO cms extension information ===
VO        : cms
subject   : /DC=ch/DC=cern/OU=Organic Units/OU=Users/CN=jiahua/CN=851532/CN=Jiahua Chen
issuer    : /DC=ch/DC=cern/OU=computers/CN=cms-auth.cern.ch
attribute : /cms/Role=NULL/Capability=NULL
timeleft  : 189:26:19
uri       : voms-cms-auth.cern.ch:15000
subject   : /DC=ch/DC=cern/OU=Organic Units/OU=Users/CN=jiahua/CN=851532/CN=Jiahua Chen/CN=1735721823
issuer    : /DC=ch/DC=cern/OU=Organic Units/OU=Users/CN=jiahua/CN=851532/CN=Jiahua Chen
identity  : /DC=ch/DC=cern/OU=Organic Units/OU=Users/CN=jiahua/CN=851532/CN=Jiahua Chen
type      : RFC compliant proxy
strength  : 2048 bits
path      : /afs/cern.ch/user/j/jiahua/proxy/x509up_u139833
timeleft  : 197:26:19
key usage : Digital Signature, Key Encipherment
=== VO cms extension information ===
VO        : cms
subject   : /DC=ch/DC=cern/OU=Organic Units/OU=Users/CN=jiahua/CN=851532/CN=Jiahua Chen
issuer    : /DC=ch/DC=cern/OU=computers/CN=cms-auth.cern.ch
attribute : /cms/Role=NULL/Capability=NULL
timeleft  : 189:26:19
uri       : voms-cms-auth.cern.ch:15000
/eos/user/j/jiahua/MC_2022EE_inc/ZZto4L_powheg_22EE_ext1-v2/3525cece-7132-4b29-b0a4-39202c0c2297.root
[2025-11-08 10:12:39.203] [main] [info] Checking input files
[2025-11-08 10:12:46.222] [main] [info] NanoAOD input_file 1: root://cms-xrd-global.cern.ch//store/mc/Run3Summer22EENanoAODv12/ZZto4L_TuneCP5_13p6TeV_powheg-pythia8/NANOAODSIM/130X_mcRun3_2022_realistic_postEE_v6_ext1-v2/2530000/3525cece-7132-4b29-b0a4-39202c0c2297.root - 220500 Events
[2025-11-08 10:12:46.222] [main] [info] input_file 1: root://cms-xrd-global.cern.ch//store/mc/Run3Summer22EENanoAODv12/ZZto4L_TuneCP5_13p6TeV_powheg-pythia8/NANOAODSIM/130X_mcRun3_2022_realistic_postEE_v6_ext1-v2/2530000/3525cece-7132-4b29-b0a4-39202c0c2297.root - SumOfGenWeight: 306571.9258800007 
[2025-11-08 10:12:46.222] [main] [info] Output directory: /eos/user/j/jiahua/MC_2022EE_inc/ZZto4L_powheg_22EE_ext1-v2/3525cece-7132-4b29-b0a4-39202c0c2297.root
[2025-11-08 10:12:46.223] [main] [info] Starting Setup of Dataframe with 220500 events
[2025-11-08 10:13:53.665] [main] [info] Finished Setup
[2025-11-08 10:13:53.666] [main] [info] Runtime for setup (real time: 67.44, CPU time: 66.50)
[2025-11-08 10:13:53.666] [main] [info] Starting Evaluation
[2025-11-08 10:14:06.386] [main] [info] 10000 / 220500 (4.54 %) Events processed ...
[2025-11-08 10:14:08.192] [main] [info] 20000 / 220500 (9.07 %) Events processed ...
[2025-11-08 10:14:10.004] [main] [info] 30000 / 220500 (13.61 %) Events processed ...
[2025-11-08 10:14:12.521] [main] [info] 40000 / 220500 (18.14 %) Events processed ...
[2025-11-08 10:14:14.254] [main] [info] 50000 / 220500 (22.68 %) Events processed ...
[2025-11-08 10:14:15.662] [main] [info] 60000 / 220500 (27.21 %) Events processed ...
[2025-11-08 10:14:17.812] [main] [info] 70000 / 220500 (31.75 %) Events processed ...
[2025-11-08 10:14:20.431] [main] [info] 80000 / 220500 (36.28 %) Events processed ...
[2025-11-08 10:14:22.017] [main] [info] 90000 / 220500 (40.82 %) Events processed ...
[2025-11-08 10:14:24.340] [main] [info] 100000 / 220500 (45.35 %) Events processed ...
[2025-11-08 10:14:26.180] [main] [info] 110000 / 220500 (49.89 %) Events processed ...
[2025-11-08 10:14:27.923] [main] [info] 120000 / 220500 (54.42 %) Events processed ...
[2025-11-08 10:14:29.723] [main] [info] 130000 / 220500 (58.96 %) Events processed ...
[2025-11-08 10:14:33.461] [main] [info] 140000 / 220500 (63.49 %) Events processed ...
[2025-11-08 10:14:35.409] [main] [info] 150000 / 220500 (68.03 %) Events processed ...
[2025-11-08 10:14:36.921] [main] [info] 160000 / 220500 (72.56 %) Events processed ...
[2025-11-08 10:14:39.215] [main] [info] 170000 / 220500 (77.10 %) Events processed ...
[2025-11-08 10:14:40.935] [main] [info] 180000 / 220500 (81.63 %) Events processed ...
[2025-11-08 10:14:42.225] [main] [info] 190000 / 220500 (86.17 %) Events processed ...
[2025-11-08 10:14:45.023] [main] [info] 200000 / 220500 (90.70 %) Events processed ...
[2025-11-08 10:14:46.535] [main] [info] 210000 / 220500 (95.24 %) Events processed ...
[2025-11-08 10:14:47.887] [main] [info] 220000 / 220500 (99.77 %) Events processed ...
[2025-11-08 10:14:48.743] [main] [info] vbfhmm:
Flag_goodVertices: pass=220500     all=220500     -- eff=100.00 % cumulative eff=100.00 %
Flag_globalSuperTightHalo2016Filter: pass=220491     all=220500     -- eff=100.00 % cumulative eff=100.00 %
Flag_EcalDeadCellTriggerPrimitiveFilter: pass=220489     all=220491     -- eff=100.00 % cumulative eff=100.00 %
Flag_BadPFMuonFilter: pass=220478     all=220489     -- eff=100.00 % cumulative eff=99.99 %
Flag_BadPFMuonDzFilter: pass=220476     all=220478     -- eff=100.00 % cumulative eff=99.99 %
Flag_eeBadScFilter: pass=220476     all=220476     -- eff=100.00 % cumulative eff=99.99 %
Flag_ecalBadCalibFilter: pass=220449     all=220476     -- eff=99.99 % cumulative eff=99.98 %
Flag_hfNoisyHitsFilter: pass=220436     all=220449     -- eff=99.99 % cumulative eff=99.97 %
Number of muons 2: pass=22508      all=220436     -- eff=10.21 % cumulative eff=10.21 %
DiMuon From Higgs: pass=17124      all=22508      -- eff=76.08 % cumulative eff=7.77 %
LeptonChargeSum: pass=15596      all=17124      -- eff=91.08 % cumulative eff=7.07 %
[2025-11-08 10:14:49.319] [main] [info] Writing quantities map to /eos/user/j/jiahua/MC_2022EE_inc/ZZto4L_powheg_22EE_ext1-v2/3525cece-7132-4b29-b0a4-39202c0c2297_vbfhmm.root
[2025-11-08 10:14:49.512] [main] [info] Finished Evaluation
[2025-11-08 10:14:49.512] [main] [info] Overall runtime (real time: 123.29, CPU time: 115.07)
