000 (12769431.041.000) 11/08 09:48:44 Job submitted from host: <188.185.121.235:9618?addrs=188.185.121.235-9618+[2001-1458-d00-49--100-36e]-9618&alias=bigbird22.cern.ch&noUDP&sock=schedd_232129_c3ca>
...
040 (12769431.041.000) 11/08 10:25:29 Started transferring input files
	Transferring to host: <188.185.207.149:9618?addrs=188.185.207.149-9618+[2001-1458-303-e--100-12]-9618&alias=b9p08p1041.cern.ch&noUDP&sock=slot1_31_6761_7c6c_42158>
...
040 (12769431.041.000) 11/08 10:25:29 Finished transferring input files
...
001 (12769431.041.000) 11/08 10:25:30 Job executing on host: <188.185.207.149:9618?addrs=188.185.207.149-9618+[2001-1458-303-e--100-12]-9618&alias=b9p08p1041.cern.ch&noUDP&sock=startd_5742_1ce5>
	SlotName: slot1_31@b9p08p1041.cern.ch
	CondorScratchDir = "/pool/condor/dir_3924660"
	Cpus = 1
	Disk = 15983
	GPUs = 0
	Memory = 3000
...
006 (12769431.041.000) 11/08 10:25:44 Image size of job updated: 158476
	155  -  MemoryUsage of job (MB)
	158476  -  ResidentSetSize of job (KB)
...
006 (12769431.041.000) 11/08 10:27:13 Image size of job updated: 448028
	155  -  MemoryUsage of job (MB)
	158476  -  ResidentSetSize of job (KB)
...
040 (12769431.041.000) 11/08 10:27:13 Started transferring output files
...
040 (12769431.041.000) 11/08 10:27:13 Finished transferring output files
...
005 (12769431.041.000) 11/08 10:27:13 Job terminated.
	(1) Normal termination (return value 0)
		Usr 0 00:01:25, Sys 0 00:00:03  -  Run Remote Usage
		Usr 0 00:00:00, Sys 0 00:00:00  -  Run Local Usage
		Usr 0 00:01:25, Sys 0 00:00:03  -  Total Remote Usage
		Usr 0 00:00:00, Sys 0 00:00:00  -  Total Local Usage
	10961  -  Run Bytes Sent By Job
	11220238  -  Run Bytes Received By Job
	10961  -  Total Bytes Sent By Job
	11220238  -  Total Bytes Received By Job
	Partitionable Resources :    Usage  Request Allocated 
	   Cpus                 :        0        1         1 
	   Disk (KB)            :    10995    12500     15983 
	   GPUs                 :                           0 
	   Memory (MB)          :      155     3000      3000 
	   TimeExecute (s)      :      103                    
	   TimeSlotBusy (s)     :      104                    

	Job terminated of its own accord at 2025-11-08T09:27:13Z with exit-code 0.
...
