Starting job on \n
Running on: Linux b9p19p5021.cern.ch 5.14.0-570.51.1.el9_6.x86_64 #1 SMP PREEMPT_DYNAMIC Sat Sep 27 01:10:11 EDT 2025 x86_64 x86_64 x86_64 GNU/Linux\n
System software: Red Hat Enterprise Linux release 9.6 (Plow)\n
Setting up CROWN for RedHatEnterprise Version 9.6
subject   : /DC=ch/DC=cern/OU=Organic Units/OU=Users/CN=jiahua/CN=851532/CN=Jiahua Chen/CN=1735721823
issuer    : /DC=ch/DC=cern/OU=Organic Units/OU=Users/CN=jiahua/CN=851532/CN=Jiahua Chen
identity  : /DC=ch/DC=cern/OU=Organic Units/OU=Users/CN=jiahua/CN=851532/CN=Jiahua Chen
type      : RFC compliant proxy
strength  : 2048 bits
path      : /afs/cern.ch/user/j/jiahua/proxy/x509up_u139833
timeleft  : 197:30:17
key usage : Digital Signature, Key Encipherment
=== VO cms extension information ===
VO        : cms
subject   : /DC=ch/DC=cern/OU=Organic Units/OU=Users/CN=jiahua/CN=851532/CN=Jiahua Chen
issuer    : /DC=ch/DC=cern/OU=computers/CN=cms-auth.cern.ch
attribute : /cms/Role=NULL/Capability=NULL
timeleft  : 189:30:17
uri       : voms-cms-auth.cern.ch:15000
subject   : /DC=ch/DC=cern/OU=Organic Units/OU=Users/CN=jiahua/CN=851532/CN=Jiahua Chen/CN=1735721823
issuer    : /DC=ch/DC=cern/OU=Organic Units/OU=Users/CN=jiahua/CN=851532/CN=Jiahua Chen
identity  : /DC=ch/DC=cern/OU=Organic Units/OU=Users/CN=jiahua/CN=851532/CN=Jiahua Chen
type      : RFC compliant proxy
strength  : 2048 bits
path      : /afs/cern.ch/user/j/jiahua/proxy/x509up_u139833
timeleft  : 197:30:17
key usage : Digital Signature, Key Encipherment
=== VO cms extension information ===
VO        : cms
subject   : /DC=ch/DC=cern/OU=Organic Units/OU=Users/CN=jiahua/CN=851532/CN=Jiahua Chen
issuer    : /DC=ch/DC=cern/OU=computers/CN=cms-auth.cern.ch
attribute : /cms/Role=NULL/Capability=NULL
timeleft  : 189:30:17
uri       : voms-cms-auth.cern.ch:15000
/eos/user/j/jiahua/MC_2022EE_inc/ZZto2L2Nu_powheg_22EE_ext1-v2/0ae87d08-a785-4ea2-9d34-eb06d28f6099.root
[2025-11-08 10:08:41.193] [main] [info] Checking input files
[2025-11-08 10:08:46.832] [main] [info] NanoAOD input_file 1: root://cms-xrd-global.cern.ch//store/mc/Run3Summer22EENanoAODv12/ZZto2L2Nu_TuneCP5_13p6TeV_powheg-pythia8/NANOAODSIM/130X_mcRun3_2022_realistic_postEE_v6_ext1-v2/30000/0ae87d08-a785-4ea2-9d34-eb06d28f6099.root - 164616 Events
[2025-11-08 10:08:46.832] [main] [info] input_file 1: root://cms-xrd-global.cern.ch//store/mc/Run3Summer22EENanoAODv12/ZZto2L2Nu_TuneCP5_13p6TeV_powheg-pythia8/NANOAODSIM/130X_mcRun3_2022_realistic_postEE_v6_ext1-v2/30000/0ae87d08-a785-4ea2-9d34-eb06d28f6099.root - SumOfGenWeight: 169666.43687999996 
[2025-11-08 10:08:46.832] [main] [info] Output directory: /eos/user/j/jiahua/MC_2022EE_inc/ZZto2L2Nu_powheg_22EE_ext1-v2/0ae87d08-a785-4ea2-9d34-eb06d28f6099.root
[2025-11-08 10:08:46.833] [main] [info] Starting Setup of Dataframe with 164616 events
[2025-11-08 10:10:06.541] [main] [info] Finished Setup
[2025-11-08 10:10:06.541] [main] [info] Runtime for setup (real time: 79.71, CPU time: 78.60)
[2025-11-08 10:10:06.541] [main] [info] Starting Evaluation
[2025-11-08 10:10:20.140] [main] [info] 10000 / 164616 (6.07 %) Events processed ...
[2025-11-08 10:10:22.353] [main] [info] 20000 / 164616 (12.15 %) Events processed ...
[2025-11-08 10:10:24.873] [main] [info] 30000 / 164616 (18.22 %) Events processed ...
[2025-11-08 10:10:27.503] [main] [info] 40000 / 164616 (24.30 %) Events processed ...
[2025-11-08 10:10:29.807] [main] [info] 50000 / 164616 (30.37 %) Events processed ...
[2025-11-08 10:10:31.991] [main] [info] 60000 / 164616 (36.45 %) Events processed ...
[2025-11-08 10:10:35.199] [main] [info] 70000 / 164616 (42.52 %) Events processed ...
[2025-11-08 10:10:37.596] [main] [info] 80000 / 164616 (48.60 %) Events processed ...
[2025-11-08 10:10:40.035] [main] [info] 90000 / 164616 (54.67 %) Events processed ...
[2025-11-08 10:10:42.386] [main] [info] 100000 / 164616 (60.75 %) Events processed ...
[2025-11-08 10:10:44.847] [main] [info] 110000 / 164616 (66.82 %) Events processed ...
[2025-11-08 10:10:46.515] [main] [info] 120000 / 164616 (72.90 %) Events processed ...
[2025-11-08 10:10:48.618] [main] [info] 130000 / 164616 (78.97 %) Events processed ...
[2025-11-08 10:10:52.319] [main] [info] 140000 / 164616 (85.05 %) Events processed ...
[2025-11-08 10:10:54.414] [main] [info] 150000 / 164616 (91.12 %) Events processed ...
[2025-11-08 10:10:56.339] [main] [info] 160000 / 164616 (97.20 %) Events processed ...
[2025-11-08 10:10:57.467] [main] [info] vbfhmm:
Flag_goodVertices: pass=164616     all=164616     -- eff=100.00 % cumulative eff=100.00 %
Flag_globalSuperTightHalo2016Filter: pass=164610     all=164616     -- eff=100.00 % cumulative eff=100.00 %
Flag_EcalDeadCellTriggerPrimitiveFilter: pass=164608     all=164610     -- eff=100.00 % cumulative eff=100.00 %
Flag_BadPFMuonFilter: pass=164602     all=164608     -- eff=100.00 % cumulative eff=99.99 %
Flag_BadPFMuonDzFilter: pass=164601     all=164602     -- eff=100.00 % cumulative eff=99.99 %
Flag_eeBadScFilter: pass=164601     all=164601     -- eff=100.00 % cumulative eff=99.99 %
Flag_ecalBadCalibFilter: pass=164574     all=164601     -- eff=99.98 % cumulative eff=99.97 %
Flag_hfNoisyHitsFilter: pass=164568     all=164574     -- eff=100.00 % cumulative eff=99.97 %
Number of muons 2: pass=17275      all=164568     -- eff=10.50 % cumulative eff=10.49 %
DiMuon From Higgs: pass=16227      all=17275      -- eff=93.93 % cumulative eff=9.86 %
LeptonChargeSum: pass=16227      all=16227      -- eff=100.00 % cumulative eff=9.86 %
[2025-11-08 10:10:57.608] [main] [info] Writing quantities map to /eos/user/j/jiahua/MC_2022EE_inc/ZZto2L2Nu_powheg_22EE_ext1-v2/0ae87d08-a785-4ea2-9d34-eb06d28f6099_vbfhmm.root
[2025-11-08 10:10:57.735] [main] [info] Finished Evaluation
[2025-11-08 10:10:57.735] [main] [info] Overall runtime (real time: 130.90, CPU time: 123.86)
