Starting job on \n
Running on: Linux b9p06p7463.cern.ch 5.14.0-570.17.1.el9_6.x86_64 #1 SMP PREEMPT_DYNAMIC Tue May 13 06:41:18 EDT 2025 x86_64 x86_64 x86_64 GNU/Linux\n
System software: Red Hat Enterprise Linux release 9.6 (Plow)\n
Setting up CROWN for RedHatEnterprise Version 9.6
/eos/user/j/jiahua/MC_2023_inc/DYto2L-2Jets_MLL-50_amcatnloFXFX_23/f30403be-cf2e-4229-b904-a961ab658089.root
[2025-07-20 18:09:40.257] [main] [info] Checking input files
[2025-07-20 18:09:50.429] [main] [info] NanoAOD input_file 1: root://cms-xrd-global.cern.ch//store/mc/Run3Summer23NanoAODv12/DYto2L-2Jets_MLL-50_TuneCP5_13p6TeV_amcatnloFXFX-pythia8/NANOAODSIM/130X_mcRun3_2023_realistic_v14-v1/2550000/f30403be-cf2e-4229-b904-a961ab658089.root - 908487 Events
[2025-07-20 18:09:50.429] [main] [info] input_file 1: root://cms-xrd-global.cern.ch//store/mc/Run3Summer23NanoAODv12/DYto2L-2Jets_MLL-50_TuneCP5_13p6TeV_amcatnloFXFX-pythia8/NANOAODSIM/130X_mcRun3_2023_realistic_v14-v1/2550000/f30403be-cf2e-4229-b904-a961ab658089.root - SumOfGenWeight: 16158282620.451996 
[2025-07-20 18:09:50.429] [main] [info] Output directory: /eos/user/j/jiahua/MC_2023_inc/DYto2L-2Jets_MLL-50_amcatnloFXFX_23/f30403be-cf2e-4229-b904-a961ab658089.root
[2025-07-20 18:09:50.434] [main] [info] Starting Setup of Dataframe with 908487 events
[2025-07-20 18:09:54.752] [main] [info] Finished Setup
[2025-07-20 18:09:54.752] [main] [info] Runtime for setup (real time: 4.32, CPU time: 1.74)
[2025-07-20 18:09:54.752] [main] [info] Starting Evaluation
[2025-07-20 18:10:10.829] [main] [info] 10000 / 908487 (1.10 %) Events processed ...
[2025-07-20 18:10:11.243] [main] [info] 20000 / 908487 (2.20 %) Events processed ...
[2025-07-20 18:10:11.668] [main] [info] 30000 / 908487 (3.30 %) Events processed ...
[2025-07-20 18:10:16.689] [main] [info] 40000 / 908487 (4.40 %) Events processed ...
[2025-07-20 18:10:17.065] [main] [info] 50000 / 908487 (5.50 %) Events processed ...
[2025-07-20 18:10:17.505] [main] [info] 60000 / 908487 (6.60 %) Events processed ...
[2025-07-20 18:10:17.953] [main] [info] 70000 / 908487 (7.71 %) Events processed ...
[2025-07-20 18:10:22.465] [main] [info] 80000 / 908487 (8.81 %) Events processed ...
[2025-07-20 18:10:22.866] [main] [info] 90000 / 908487 (9.91 %) Events processed ...
[2025-07-20 18:10:23.330] [main] [info] 100000 / 908487 (11.01 %) Events processed ...
[2025-07-20 18:10:23.816] [main] [info] 110000 / 908487 (12.11 %) Events processed ...
[2025-07-20 18:10:28.897] [main] [info] 120000 / 908487 (13.21 %) Events processed ...
[2025-07-20 18:10:29.300] [main] [info] 130000 / 908487 (14.31 %) Events processed ...
[2025-07-20 18:10:29.876] [main] [info] 140000 / 908487 (15.41 %) Events processed ...
[2025-07-20 18:10:30.349] [main] [info] 150000 / 908487 (16.51 %) Events processed ...
[2025-07-20 18:10:35.189] [main] [info] 160000 / 908487 (17.61 %) Events processed ...
[2025-07-20 18:10:35.587] [main] [info] 170000 / 908487 (18.71 %) Events processed ...
[2025-07-20 18:10:36.069] [main] [info] 180000 / 908487 (19.81 %) Events processed ...
[2025-07-20 18:10:36.541] [main] [info] 190000 / 908487 (20.91 %) Events processed ...
[2025-07-20 18:10:40.584] [main] [info] 200000 / 908487 (22.01 %) Events processed ...
[2025-07-20 18:10:41.067] [main] [info] 210000 / 908487 (23.12 %) Events processed ...
[2025-07-20 18:10:41.548] [main] [info] 220000 / 908487 (24.22 %) Events processed ...
[2025-07-20 18:10:42.044] [main] [info] 230000 / 908487 (25.32 %) Events processed ...
[2025-07-20 18:10:45.661] [main] [info] 240000 / 908487 (26.42 %) Events processed ...
[2025-07-20 18:10:46.060] [main] [info] 250000 / 908487 (27.52 %) Events processed ...
[2025-07-20 18:10:46.525] [main] [info] 260000 / 908487 (28.62 %) Events processed ...
[2025-07-20 18:10:47.039] [main] [info] 270000 / 908487 (29.72 %) Events processed ...
[2025-07-20 18:10:51.019] [main] [info] 280000 / 908487 (30.82 %) Events processed ...
[2025-07-20 18:10:51.407] [main] [info] 290000 / 908487 (31.92 %) Events processed ...
[2025-07-20 18:10:51.864] [main] [info] 300000 / 908487 (33.02 %) Events processed ...
[2025-07-20 18:10:52.222] [main] [info] 310000 / 908487 (34.12 %) Events processed ...
[2025-07-20 18:10:56.630] [main] [info] 320000 / 908487 (35.22 %) Events processed ...
[2025-07-20 18:10:57.015] [main] [info] 330000 / 908487 (36.32 %) Events processed ...
[2025-07-20 18:10:57.590] [main] [info] 340000 / 908487 (37.42 %) Events processed ...
[2025-07-20 18:10:58.090] [main] [info] 350000 / 908487 (38.53 %) Events processed ...
[2025-07-20 18:11:12.001] [main] [info] 360000 / 908487 (39.63 %) Events processed ...
[2025-07-20 18:11:12.395] [main] [info] 370000 / 908487 (40.73 %) Events processed ...
[2025-07-20 18:11:12.890] [main] [info] 380000 / 908487 (41.83 %) Events processed ...
[2025-07-20 18:11:13.377] [main] [info] 390000 / 908487 (42.93 %) Events processed ...
[2025-07-20 18:11:17.558] [main] [info] 400000 / 908487 (44.03 %) Events processed ...
[2025-07-20 18:11:18.043] [main] [info] 410000 / 908487 (45.13 %) Events processed ...
[2025-07-20 18:11:18.524] [main] [info] 420000 / 908487 (46.23 %) Events processed ...
[2025-07-20 18:11:19.056] [main] [info] 430000 / 908487 (47.33 %) Events processed ...
[2025-07-20 18:11:23.537] [main] [info] 440000 / 908487 (48.43 %) Events processed ...
[2025-07-20 18:11:23.891] [main] [info] 450000 / 908487 (49.53 %) Events processed ...
[2025-07-20 18:11:24.369] [main] [info] 460000 / 908487 (50.63 %) Events processed ...
[2025-07-20 18:11:24.844] [main] [info] 470000 / 908487 (51.73 %) Events processed ...
[2025-07-20 18:11:28.905] [main] [info] 480000 / 908487 (52.84 %) Events processed ...
[2025-07-20 18:11:29.290] [main] [info] 490000 / 908487 (53.94 %) Events processed ...
[2025-07-20 18:11:29.772] [main] [info] 500000 / 908487 (55.04 %) Events processed ...
[2025-07-20 18:11:30.246] [main] [info] 510000 / 908487 (56.14 %) Events processed ...
[2025-07-20 18:11:35.291] [main] [info] 520000 / 908487 (57.24 %) Events processed ...
[2025-07-20 18:11:35.614] [main] [info] 530000 / 908487 (58.34 %) Events processed ...
[2025-07-20 18:11:35.948] [main] [info] 540000 / 908487 (59.44 %) Events processed ...
[2025-07-20 18:11:36.334] [main] [info] 550000 / 908487 (60.54 %) Events processed ...
[2025-07-20 18:11:39.704] [main] [info] 560000 / 908487 (61.64 %) Events processed ...
[2025-07-20 18:11:40.100] [main] [info] 570000 / 908487 (62.74 %) Events processed ...
[2025-07-20 18:11:40.479] [main] [info] 580000 / 908487 (63.84 %) Events processed ...
[2025-07-20 18:11:40.862] [main] [info] 590000 / 908487 (64.94 %) Events processed ...
[2025-07-20 18:11:45.688] [main] [info] 600000 / 908487 (66.04 %) Events processed ...
[2025-07-20 18:11:46.138] [main] [info] 610000 / 908487 (67.14 %) Events processed ...
[2025-07-20 18:11:46.593] [main] [info] 620000 / 908487 (68.25 %) Events processed ...
[2025-07-20 18:11:47.013] [main] [info] 630000 / 908487 (69.35 %) Events processed ...
[2025-07-20 18:11:52.840] [main] [info] 640000 / 908487 (70.45 %) Events processed ...
[2025-07-20 18:11:53.227] [main] [info] 650000 / 908487 (71.55 %) Events processed ...
[2025-07-20 18:11:53.679] [main] [info] 660000 / 908487 (72.65 %) Events processed ...
[2025-07-20 18:11:54.050] [main] [info] 670000 / 908487 (73.75 %) Events processed ...
[2025-07-20 18:11:57.916] [main] [info] 680000 / 908487 (74.85 %) Events processed ...
[2025-07-20 18:11:58.319] [main] [info] 690000 / 908487 (75.95 %) Events processed ...
[2025-07-20 18:11:58.799] [main] [info] 700000 / 908487 (77.05 %) Events processed ...
[2025-07-20 18:11:59.280] [main] [info] 710000 / 908487 (78.15 %) Events processed ...
[2025-07-20 18:12:04.931] [main] [info] 720000 / 908487 (79.25 %) Events processed ...
[2025-07-20 18:12:05.226] [main] [info] 730000 / 908487 (80.35 %) Events processed ...
[2025-07-20 18:12:05.628] [main] [info] 740000 / 908487 (81.45 %) Events processed ...
[2025-07-20 18:12:06.189] [main] [info] 750000 / 908487 (82.55 %) Events processed ...
[2025-07-20 18:12:12.560] [main] [info] 760000 / 908487 (83.66 %) Events processed ...
[2025-07-20 18:12:13.059] [main] [info] 770000 / 908487 (84.76 %) Events processed ...
[2025-07-20 18:12:13.492] [main] [info] 780000 / 908487 (85.86 %) Events processed ...
[2025-07-20 18:12:13.963] [main] [info] 790000 / 908487 (86.96 %) Events processed ...
[2025-07-20 18:12:19.923] [main] [info] 800000 / 908487 (88.06 %) Events processed ...
[2025-07-20 18:12:20.428] [main] [info] 810000 / 908487 (89.16 %) Events processed ...
[2025-07-20 18:12:20.858] [main] [info] 820000 / 908487 (90.26 %) Events processed ...
[2025-07-20 18:12:21.250] [main] [info] 830000 / 908487 (91.36 %) Events processed ...
[2025-07-20 18:12:26.535] [main] [info] 840000 / 908487 (92.46 %) Events processed ...
[2025-07-20 18:12:27.049] [main] [info] 850000 / 908487 (93.56 %) Events processed ...
[2025-07-20 18:12:27.434] [main] [info] 860000 / 908487 (94.66 %) Events processed ...
[2025-07-20 18:12:27.918] [main] [info] 870000 / 908487 (95.76 %) Events processed ...
[2025-07-20 18:12:30.941] [main] [info] 880000 / 908487 (96.86 %) Events processed ...
[2025-07-20 18:12:31.500] [main] [info] 890000 / 908487 (97.97 %) Events processed ...
[2025-07-20 18:12:31.810] [main] [info] 900000 / 908487 (99.07 %) Events processed ...
[2025-07-20 18:12:32.168] [main] [info] vbfhmm:
Flag_goodVertices: pass=908486     all=908487     -- eff=100.00 % cumulative eff=100.00 %
Flag_globalSuperTightHalo2016Filter: pass=908420     all=908486     -- eff=99.99 % cumulative eff=99.99 %
Flag_EcalDeadCellTriggerPrimitiveFilter: pass=908415     all=908420     -- eff=100.00 % cumulative eff=99.99 %
Flag_BadPFMuonFilter: pass=908362     all=908415     -- eff=99.99 % cumulative eff=99.99 %
Flag_BadPFMuonDzFilter: pass=908348     all=908362     -- eff=100.00 % cumulative eff=99.98 %
Flag_eeBadScFilter: pass=908348     all=908348     -- eff=100.00 % cumulative eff=99.98 %
Flag_ecalBadCalibFilter: pass=908275     all=908348     -- eff=99.99 % cumulative eff=99.98 %
Flag_hfNoisyHitsFilter: pass=908228     all=908275     -- eff=99.99 % cumulative eff=99.97 %
Number of muons 2: pass=111338     all=908228     -- eff=12.26 % cumulative eff=12.26 %
DiMuon From Higgs: pass=106809     all=111338     -- eff=95.93 % cumulative eff=11.76 %
LeptonChargeSum: pass=106789     all=106809     -- eff=99.98 % cumulative eff=11.75 %
[2025-07-20 18:12:32.359] [main] [info] Writing quantities map to /eos/user/j/jiahua/MC_2023_inc/DYto2L-2Jets_MLL-50_amcatnloFXFX_23/f30403be-cf2e-4229-b904-a961ab658089_vbfhmm.root
[2025-07-20 18:12:32.686] [main] [info] Finished Evaluation
[2025-07-20 18:12:32.686] [main] [info] Overall runtime (real time: 162.26, CPU time: 50.39)
