000 (11280022.051.000) 07/20 18:07:39 Job submitted from host: <188.185.121.235:9618?addrs=188.185.121.235-9618+[2001-1458-d00-49--100-36e]-9618&alias=bigbird22.cern.ch&noUDP&sock=schedd_232129_c3ca>
...
040 (11280022.051.000) 07/20 18:10:01 Started transferring input files
	Transferring to host: <188.185.215.105:9618?addrs=188.185.215.105-9618+[2001-1458-303-1e--100-65]-9618&alias=b9p31p5976.cern.ch&noUDP&sock=slot1_28_6900_6c92_51890>
...
040 (11280022.051.000) 07/20 18:10:01 Finished transferring input files
...
001 (11280022.051.000) 07/20 18:10:02 Job executing on host: <188.185.215.105:9618?addrs=188.185.215.105-9618+[2001-1458-303-1e--100-65]-9618&alias=b9p31p5976.cern.ch&noUDP&sock=startd_6439_3268>
	SlotName: slot1_28@b9p31p5976.cern.ch
	CondorScratchDir = "/pool/condor/dir_2051641"
	Cpus = 1
	Disk = 13051
	GPUs = 0
	Memory = 3000
...
006 (11280022.051.000) 07/20 18:10:10 Image size of job updated: 350476
	343  -  MemoryUsage of job (MB)
	350476  -  ResidentSetSize of job (KB)
...
006 (11280022.051.000) 07/20 18:11:22 Image size of job updated: 458056
	448  -  MemoryUsage of job (MB)
	458056  -  ResidentSetSize of job (KB)
...
040 (11280022.051.000) 07/20 18:11:22 Started transferring output files
...
040 (11280022.051.000) 07/20 18:11:22 Finished transferring output files
...
005 (11280022.051.000) 07/20 18:11:22 Job terminated.
	(1) Normal termination (return value 0)
		Usr 0 00:00:43, Sys 0 00:00:03  -  Run Remote Usage
		Usr 0 00:00:00, Sys 0 00:00:00  -  Run Local Usage
		Usr 0 00:00:43, Sys 0 00:00:03  -  Total Remote Usage
		Usr 0 00:00:00, Sys 0 00:00:00  -  Total Local Usage
	12895  -  Run Bytes Sent By Job
	9837493  -  Run Bytes Received By Job
	12895  -  Total Bytes Sent By Job
	9837493  -  Total Bytes Received By Job
	Partitionable Resources :    Usage  Request Allocated 
	   Cpus                 :        0        1         1 
	   Disk (KB)            :     9643    10000     13051 
	   GPUs                 :                           0 
	   Memory (MB)          :      448     3000      3000 

	Job terminated of its own accord at 2025-07-20T16:11:22Z with exit-code 0.
...
