Starting job on \n
Running on: Linux b9p29p6384.cern.ch 5.14.0-570.17.1.el9_6.x86_64 #1 SMP PREEMPT_DYNAMIC Tue May 13 06:41:18 EDT 2025 x86_64 x86_64 x86_64 GNU/Linux\n
System software: Red Hat Enterprise Linux release 9.6 (Plow)\n
Setting up CROWN for RedHatEnterprise Version 9.6
/eos/user/j/jiahua/MC_2023_inc/DYto2L-2Jets_MLL-50_amcatnloFXFX_23/5dd2a047-83cc-4aff-bb88-ed5c33b16985.root
[2025-07-20 18:09:19.160] [main] [info] Checking input files
[2025-07-20 18:09:24.829] [main] [info] NanoAOD input_file 1: root://cms-xrd-global.cern.ch//store/mc/Run3Summer23NanoAODv12/DYto2L-2Jets_MLL-50_TuneCP5_13p6TeV_amcatnloFXFX-pythia8/NANOAODSIM/130X_mcRun3_2023_realistic_v14-v1/2550000/5dd2a047-83cc-4aff-bb88-ed5c33b16985.root - 331395 Events
[2025-07-20 18:09:24.829] [main] [info] input_file 1: root://cms-xrd-global.cern.ch//store/mc/Run3Summer23NanoAODv12/DYto2L-2Jets_MLL-50_TuneCP5_13p6TeV_amcatnloFXFX-pythia8/NANOAODSIM/130X_mcRun3_2023_realistic_v14-v1/2550000/5dd2a047-83cc-4aff-bb88-ed5c33b16985.root - SumOfGenWeight: 5902984145.1 
[2025-07-20 18:09:24.829] [main] [info] Output directory: /eos/user/j/jiahua/MC_2023_inc/DYto2L-2Jets_MLL-50_amcatnloFXFX_23/5dd2a047-83cc-4aff-bb88-ed5c33b16985.root
[2025-07-20 18:09:24.840] [main] [info] Starting Setup of Dataframe with 331395 events
[2025-07-20 18:09:27.927] [main] [info] Finished Setup
[2025-07-20 18:09:27.927] [main] [info] Runtime for setup (real time: 3.10, CPU time: 2.38)
[2025-07-20 18:09:27.927] [main] [info] Starting Evaluation
[2025-07-20 18:09:35.825] [main] [info] 10000 / 331395 (3.02 %) Events processed ...
[2025-07-20 18:09:36.321] [main] [info] 20000 / 331395 (6.04 %) Events processed ...
[2025-07-20 18:09:36.805] [main] [info] 30000 / 331395 (9.05 %) Events processed ...
[2025-07-20 18:09:37.176] [main] [info] 40000 / 331395 (12.07 %) Events processed ...
[2025-07-20 18:09:37.996] [main] [info] 50000 / 331395 (15.09 %) Events processed ...
[2025-07-20 18:09:38.441] [main] [info] 60000 / 331395 (18.11 %) Events processed ...
[2025-07-20 18:09:38.936] [main] [info] 70000 / 331395 (21.12 %) Events processed ...
[2025-07-20 18:09:39.335] [main] [info] 80000 / 331395 (24.14 %) Events processed ...
[2025-07-20 18:09:39.944] [main] [info] 90000 / 331395 (27.16 %) Events processed ...
[2025-07-20 18:09:40.397] [main] [info] 100000 / 331395 (30.18 %) Events processed ...
[2025-07-20 18:09:40.893] [main] [info] 110000 / 331395 (33.19 %) Events processed ...
[2025-07-20 18:09:41.290] [main] [info] 120000 / 331395 (36.21 %) Events processed ...
[2025-07-20 18:09:41.962] [main] [info] 130000 / 331395 (39.23 %) Events processed ...
[2025-07-20 18:09:42.525] [main] [info] 140000 / 331395 (42.25 %) Events processed ...
[2025-07-20 18:09:42.938] [main] [info] 150000 / 331395 (45.26 %) Events processed ...
[2025-07-20 18:09:43.425] [main] [info] 160000 / 331395 (48.28 %) Events processed ...
[2025-07-20 18:09:44.207] [main] [info] 170000 / 331395 (51.30 %) Events processed ...
[2025-07-20 18:09:44.693] [main] [info] 180000 / 331395 (54.32 %) Events processed ...
[2025-07-20 18:09:45.092] [main] [info] 190000 / 331395 (57.33 %) Events processed ...
[2025-07-20 18:09:45.583] [main] [info] 200000 / 331395 (60.35 %) Events processed ...
[2025-07-20 18:09:46.303] [main] [info] 210000 / 331395 (63.37 %) Events processed ...
[2025-07-20 18:09:46.776] [main] [info] 220000 / 331395 (66.39 %) Events processed ...
[2025-07-20 18:09:47.130] [main] [info] 230000 / 331395 (69.40 %) Events processed ...
[2025-07-20 18:09:47.582] [main] [info] 240000 / 331395 (72.42 %) Events processed ...
[2025-07-20 18:09:48.153] [main] [info] 250000 / 331395 (75.44 %) Events processed ...
[2025-07-20 18:09:48.445] [main] [info] 260000 / 331395 (78.46 %) Events processed ...
[2025-07-20 18:09:48.848] [main] [info] 270000 / 331395 (81.47 %) Events processed ...
[2025-07-20 18:09:49.384] [main] [info] 280000 / 331395 (84.49 %) Events processed ...
[2025-07-20 18:09:50.061] [main] [info] 290000 / 331395 (87.51 %) Events processed ...
[2025-07-20 18:09:50.467] [main] [info] 300000 / 331395 (90.53 %) Events processed ...
[2025-07-20 18:09:50.970] [main] [info] 310000 / 331395 (93.54 %) Events processed ...
[2025-07-20 18:09:51.456] [main] [info] 320000 / 331395 (96.56 %) Events processed ...
[2025-07-20 18:09:52.011] [main] [info] 330000 / 331395 (99.58 %) Events processed ...
[2025-07-20 18:09:52.227] [main] [info] vbfhmm:
Flag_goodVertices: pass=331395     all=331395     -- eff=100.00 % cumulative eff=100.00 %
Flag_globalSuperTightHalo2016Filter: pass=331371     all=331395     -- eff=99.99 % cumulative eff=99.99 %
Flag_EcalDeadCellTriggerPrimitiveFilter: pass=331366     all=331371     -- eff=100.00 % cumulative eff=99.99 %
Flag_BadPFMuonFilter: pass=331347     all=331366     -- eff=99.99 % cumulative eff=99.99 %
Flag_BadPFMuonDzFilter: pass=331339     all=331347     -- eff=100.00 % cumulative eff=99.98 %
Flag_eeBadScFilter: pass=331339     all=331339     -- eff=100.00 % cumulative eff=99.98 %
Flag_ecalBadCalibFilter: pass=331297     all=331339     -- eff=99.99 % cumulative eff=99.97 %
Flag_hfNoisyHitsFilter: pass=331281     all=331297     -- eff=100.00 % cumulative eff=99.97 %
Number of muons 2: pass=40845      all=331281     -- eff=12.33 % cumulative eff=12.33 %
DiMuon From Higgs: pass=39213      all=40845      -- eff=96.00 % cumulative eff=11.83 %
LeptonChargeSum: pass=39205      all=39213      -- eff=99.98 % cumulative eff=11.83 %
[2025-07-20 18:09:52.393] [main] [info] Writing quantities map to /eos/user/j/jiahua/MC_2023_inc/DYto2L-2Jets_MLL-50_amcatnloFXFX_23/5dd2a047-83cc-4aff-bb88-ed5c33b16985_vbfhmm.root
[2025-07-20 18:09:52.481] [main] [info] Finished Evaluation
[2025-07-20 18:09:52.481] [main] [info] Overall runtime (real time: 27.65, CPU time: 23.45)
