000 (11280022.045.000) 07/20 18:07:39 Job submitted from host: <188.185.121.235:9618?addrs=188.185.121.235-9618+[2001-1458-d00-49--100-36e]-9618&alias=bigbird22.cern.ch&noUDP&sock=schedd_232129_c3ca>
...
040 (11280022.045.000) 07/20 18:09:53 Started transferring input files
	Transferring to host: <188.185.211.216:9618?addrs=188.185.211.216-9618+[2001-1458-303-17--100-54]-9618&alias=b9p24p1879.cern.ch&noUDP&sock=slot1_23_8406_898f_52053>
...
040 (11280022.045.000) 07/20 18:09:53 Finished transferring input files
...
001 (11280022.045.000) 07/20 18:09:54 Job executing on host: <188.185.211.216:9618?addrs=188.185.211.216-9618+[2001-1458-303-17--100-54]-9618&alias=b9p24p1879.cern.ch&noUDP&sock=startd_8239_d8e1>
	SlotName: slot1_23@b9p24p1879.cern.ch
	CondorScratchDir = "/pool/condor/dir_832250"
	Cpus = 1
	Disk = 12870
	GPUs = 0
	Memory = 3000
...
006 (11280022.045.000) 07/20 18:10:03 Image size of job updated: 402040
	393  -  MemoryUsage of job (MB)
	402040  -  ResidentSetSize of job (KB)
...
006 (11280022.045.000) 07/20 18:10:27 Image size of job updated: 477388
	467  -  MemoryUsage of job (MB)
	477388  -  ResidentSetSize of job (KB)
...
040 (11280022.045.000) 07/20 18:10:27 Started transferring output files
...
040 (11280022.045.000) 07/20 18:10:27 Finished transferring output files
...
005 (11280022.045.000) 07/20 18:10:27 Job terminated.
	(1) Normal termination (return value 0)
		Usr 0 00:00:18, Sys 0 00:00:02  -  Run Remote Usage
		Usr 0 00:00:00, Sys 0 00:00:00  -  Run Local Usage
		Usr 0 00:00:18, Sys 0 00:00:02  -  Total Remote Usage
		Usr 0 00:00:00, Sys 0 00:00:00  -  Total Local Usage
	10376  -  Run Bytes Sent By Job
	9837493  -  Run Bytes Received By Job
	10376  -  Total Bytes Sent By Job
	9837493  -  Total Bytes Received By Job
	Partitionable Resources :    Usage  Request Allocated 
	   Cpus                 :        0        1         1 
	   Disk (KB)            :     9640    10000     12870 
	   GPUs                 :                           0 
	   Memory (MB)          :      467     3000      3000 

	Job terminated of its own accord at 2025-07-20T16:10:27Z with exit-code 0.
...
