Starting job on \n
Running on: Linux b9g18p0056.cern.ch 5.14.0-503.35.1.el9_5.x86_64 #1 SMP PREEMPT_DYNAMIC Fri Apr 4 05:23:43 EDT 2025 x86_64 x86_64 x86_64 GNU/Linux\n
System software: AlmaLinux release 9.6 (Sage Margay)\n
Setting up CROWN for Alma Version 9.6
/eos/user/j/jiahua/MC_2023_inc/DYto2Mu-2Jets_MLL-105To160_amcatnloFXFX_23/a3bb09ed-9e48-48b7-a5c5-21af76c4593b.root
[2025-07-20 18:10:27.845] [main] [info] Checking input files
[2025-07-20 18:10:37.830] [main] [info] NanoAOD input_file 1: root://cms-xrd-global.cern.ch//store/mc/Run3Summer23NanoAODv12/DYto2Mu-2Jets_MLL-105To160_TuneCP5_13p6TeV_amcatnloFXFX-pythia8/NANOAODSIM/130X_mcRun3_2023_realistic_v15-v2/70000/a3bb09ed-9e48-48b7-a5c5-21af76c4593b.root - 8169 Events
[2025-07-20 18:10:37.830] [main] [info] input_file 1: root://cms-xrd-global.cern.ch//store/mc/Run3Summer23NanoAODv12/DYto2Mu-2Jets_MLL-105To160_TuneCP5_13p6TeV_amcatnloFXFX-pythia8/NANOAODSIM/130X_mcRun3_2023_realistic_v15-v2/70000/a3bb09ed-9e48-48b7-a5c5-21af76c4593b.root - SumOfGenWeight: 1110728.16978 
[2025-07-20 18:10:37.830] [main] [info] Output directory: /eos/user/j/jiahua/MC_2023_inc/DYto2Mu-2Jets_MLL-105To160_amcatnloFXFX_23/a3bb09ed-9e48-48b7-a5c5-21af76c4593b.root
[2025-07-20 18:10:37.832] [main] [info] Starting Setup of Dataframe with 8169 events
[2025-07-20 18:10:44.809] [main] [info] Finished Setup
[2025-07-20 18:10:44.809] [main] [info] Runtime for setup (real time: 6.98, CPU time: 5.36)
[2025-07-20 18:10:44.809] [main] [info] Starting Evaluation
[2025-07-20 18:10:55.080] [main] [info] vbfhmm:
Flag_goodVertices: pass=8169       all=8169       -- eff=100.00 % cumulative eff=100.00 %
Flag_globalSuperTightHalo2016Filter: pass=8169       all=8169       -- eff=100.00 % cumulative eff=100.00 %
Flag_EcalDeadCellTriggerPrimitiveFilter: pass=8169       all=8169       -- eff=100.00 % cumulative eff=100.00 %
Flag_BadPFMuonFilter: pass=8168       all=8169       -- eff=99.99 % cumulative eff=99.99 %
Flag_BadPFMuonDzFilter: pass=8168       all=8168       -- eff=100.00 % cumulative eff=99.99 %
Flag_eeBadScFilter: pass=8168       all=8168       -- eff=100.00 % cumulative eff=99.99 %
Flag_ecalBadCalibFilter: pass=8167       all=8168       -- eff=99.99 % cumulative eff=99.98 %
Flag_hfNoisyHitsFilter: pass=8166       all=8167       -- eff=99.99 % cumulative eff=99.96 %
Number of muons 2: pass=3396       all=8166       -- eff=41.59 % cumulative eff=41.57 %
DiMuon From Higgs: pass=3251       all=3396       -- eff=95.73 % cumulative eff=39.80 %
LeptonChargeSum: pass=3250       all=3251       -- eff=99.97 % cumulative eff=39.78 %
[2025-07-20 18:10:55.184] [main] [info] Writing quantities map to /eos/user/j/jiahua/MC_2023_inc/DYto2Mu-2Jets_MLL-105To160_amcatnloFXFX_23/a3bb09ed-9e48-48b7-a5c5-21af76c4593b_vbfhmm.root
[2025-07-20 18:10:55.249] [main] [info] Finished Evaluation
[2025-07-20 18:10:55.249] [main] [info] Overall runtime (real time: 17.42, CPU time: 14.31)
