Starting job on \n
Running on: Linux b9p22p0693.cern.ch 5.14.0-570.17.1.el9_6.x86_64 #1 SMP PREEMPT_DYNAMIC Tue May 13 06:41:18 EDT 2025 x86_64 x86_64 x86_64 GNU/Linux\n
System software: Red Hat Enterprise Linux release 9.6 (Plow)\n
Setting up CROWN for RedHatEnterprise Version 9.6
/eos/user/j/jiahua/MC_2023_inc/DYto2Mu-2Jets_MLL-105To160_amcatnloFXFX_23/b2b96e0c-b423-4ede-9b80-36dbda77f980.root
[2025-07-20 18:10:24.724] [main] [info] Checking input files
[2025-07-20 18:10:35.305] [main] [info] NanoAOD input_file 1: root://cms-xrd-global.cern.ch//store/mc/Run3Summer23NanoAODv12/DYto2Mu-2Jets_MLL-105To160_TuneCP5_13p6TeV_amcatnloFXFX-pythia8/NANOAODSIM/130X_mcRun3_2023_realistic_v15-v2/70000/b2b96e0c-b423-4ede-9b80-36dbda77f980.root - 130875 Events
[2025-07-20 18:10:35.305] [main] [info] input_file 1: root://cms-xrd-global.cern.ch//store/mc/Run3Summer23NanoAODv12/DYto2Mu-2Jets_MLL-105To160_TuneCP5_13p6TeV_amcatnloFXFX-pythia8/NANOAODSIM/130X_mcRun3_2023_realistic_v15-v2/70000/b2b96e0c-b423-4ede-9b80-36dbda77f980.root - SumOfGenWeight: 17800685.205939997 
[2025-07-20 18:10:35.305] [main] [info] Output directory: /eos/user/j/jiahua/MC_2023_inc/DYto2Mu-2Jets_MLL-105To160_amcatnloFXFX_23/b2b96e0c-b423-4ede-9b80-36dbda77f980.root
[2025-07-20 18:10:35.307] [main] [info] Starting Setup of Dataframe with 130875 events
[2025-07-20 18:10:42.674] [main] [info] Finished Setup
[2025-07-20 18:10:42.674] [main] [info] Runtime for setup (real time: 7.37, CPU time: 4.97)
[2025-07-20 18:10:42.674] [main] [info] Starting Evaluation
[2025-07-20 18:10:54.281] [main] [info] 10000 / 130875 (7.64 %) Events processed ...
[2025-07-20 18:10:55.452] [main] [info] 20000 / 130875 (15.28 %) Events processed ...
[2025-07-20 18:10:56.366] [main] [info] 30000 / 130875 (22.92 %) Events processed ...
[2025-07-20 18:10:57.239] [main] [info] 40000 / 130875 (30.56 %) Events processed ...
[2025-07-20 18:10:58.938] [main] [info] 50000 / 130875 (38.20 %) Events processed ...
[2025-07-20 18:10:59.894] [main] [info] 60000 / 130875 (45.85 %) Events processed ...
[2025-07-20 18:11:00.759] [main] [info] 70000 / 130875 (53.49 %) Events processed ...
[2025-07-20 18:11:01.694] [main] [info] 80000 / 130875 (61.13 %) Events processed ...
[2025-07-20 18:11:03.431] [main] [info] 90000 / 130875 (68.77 %) Events processed ...
[2025-07-20 18:11:04.439] [main] [info] 100000 / 130875 (76.41 %) Events processed ...
[2025-07-20 18:11:05.233] [main] [info] 110000 / 130875 (84.05 %) Events processed ...
[2025-07-20 18:11:06.328] [main] [info] 120000 / 130875 (91.69 %) Events processed ...
[2025-07-20 18:11:07.587] [main] [info] 130000 / 130875 (99.33 %) Events processed ...
[2025-07-20 18:11:07.890] [main] [info] vbfhmm:
Flag_goodVertices: pass=130875     all=130875     -- eff=100.00 % cumulative eff=100.00 %
Flag_globalSuperTightHalo2016Filter: pass=130865     all=130875     -- eff=99.99 % cumulative eff=99.99 %
Flag_EcalDeadCellTriggerPrimitiveFilter: pass=130864     all=130865     -- eff=100.00 % cumulative eff=99.99 %
Flag_BadPFMuonFilter: pass=130842     all=130864     -- eff=99.98 % cumulative eff=99.97 %
Flag_BadPFMuonDzFilter: pass=130837     all=130842     -- eff=100.00 % cumulative eff=99.97 %
Flag_eeBadScFilter: pass=130837     all=130837     -- eff=100.00 % cumulative eff=99.97 %
Flag_ecalBadCalibFilter: pass=130834     all=130837     -- eff=100.00 % cumulative eff=99.97 %
Flag_hfNoisyHitsFilter: pass=130827     all=130834     -- eff=99.99 % cumulative eff=99.96 %
Number of muons 2: pass=54756      all=130827     -- eff=41.85 % cumulative eff=41.84 %
DiMuon From Higgs: pass=52322      all=54756      -- eff=95.55 % cumulative eff=39.98 %
LeptonChargeSum: pass=52308      all=52322      -- eff=99.97 % cumulative eff=39.97 %
[2025-07-20 18:11:08.033] [main] [info] Writing quantities map to /eos/user/j/jiahua/MC_2023_inc/DYto2Mu-2Jets_MLL-105To160_amcatnloFXFX_23/b2b96e0c-b423-4ede-9b80-36dbda77f980_vbfhmm.root
[2025-07-20 18:11:08.103] [main] [info] Finished Evaluation
[2025-07-20 18:11:08.103] [main] [info] Overall runtime (real time: 32.80, CPU time: 24.97)
