000 (11280021.037.000) 07/20 18:07:05 Job submitted from host: <188.185.121.235:9618?addrs=188.185.121.235-9618+[2001-1458-d00-49--100-36e]-9618&alias=bigbird22.cern.ch&noUDP&sock=schedd_232129_c3ca>
...
040 (11280021.037.000) 07/20 18:08:44 Started transferring input files
	Transferring to host: <128.142.248.203:9618?addrs=128.142.248.203-9618+[2001-1458-301-73--100-ca]-9618&alias=b9g23p3344.cern.ch&noUDP&sock=slot1_20_1499878_7c79_78866>
...
040 (11280021.037.000) 07/20 18:08:44 Finished transferring input files
...
001 (11280021.037.000) 07/20 18:08:45 Job executing on host: <128.142.248.203:9618?addrs=128.142.248.203-9618+[2001-1458-301-73--100-ca]-9618&alias=b9g23p3344.cern.ch&noUDP&sock=startd_3350_665b>
	SlotName: slot1_20@b9g23p3344.cern.ch
	CondorScratchDir = "/pool/condor/dir_957529"
	Cpus = 1
	Disk = 13124
	GPUs = 0
	Memory = 3000
...
006 (11280021.037.000) 07/20 18:08:59 Image size of job updated: 94532
	93  -  MemoryUsage of job (MB)
	94532  -  ResidentSetSize of job (KB)
...
006 (11280021.037.000) 07/20 18:11:39 Image size of job updated: 262000
	93  -  MemoryUsage of job (MB)
	94532  -  ResidentSetSize of job (KB)
...
040 (11280021.037.000) 07/20 18:11:39 Started transferring output files
...
040 (11280021.037.000) 07/20 18:11:39 Finished transferring output files
...
005 (11280021.037.000) 07/20 18:11:39 Job terminated.
	(1) Normal termination (return value 0)
		Usr 0 00:00:59, Sys 0 00:00:03  -  Run Remote Usage
		Usr 0 00:00:00, Sys 0 00:00:00  -  Run Local Usage
		Usr 0 00:00:59, Sys 0 00:00:03  -  Total Remote Usage
		Usr 0 00:00:00, Sys 0 00:00:00  -  Total Local Usage
	15643  -  Run Bytes Sent By Job
	9837493  -  Run Bytes Received By Job
	15643  -  Total Bytes Sent By Job
	9837493  -  Total Bytes Received By Job
	Partitionable Resources :    Usage  Request Allocated 
	   Cpus                 :        0        1         1 
	   Disk (KB)            :     9645    10000     13124 
	   GPUs                 :                           0 
	   Memory (MB)          :       93     3000      3000 

	Job terminated of its own accord at 2025-07-20T16:11:39Z with exit-code 0.
...
