000 (11280021.072.000) 07/20 18:07:05 Job submitted from host: <188.185.121.235:9618?addrs=188.185.121.235-9618+[2001-1458-d00-49--100-36e]-9618&alias=bigbird22.cern.ch&noUDP&sock=schedd_232129_c3ca>
...
040 (11280021.072.000) 07/20 18:08:57 Started transferring input files
	Transferring to host: <188.185.213.196:9618?addrs=188.185.213.196-9618+[2001-1458-303-1b--100-40]-9618&alias=b9p28p7375.cern.ch&noUDP&sock=slot1_11_300951_f467_40622>
...
040 (11280021.072.000) 07/20 18:08:57 Finished transferring input files
...
001 (11280021.072.000) 07/20 18:08:58 Job executing on host: <188.185.213.196:9618?addrs=188.185.213.196-9618+[2001-1458-303-1b--100-40]-9618&alias=b9p28p7375.cern.ch&noUDP&sock=startd_300886_590c>
	SlotName: slot1_11@b9p28p7375.cern.ch
	CondorScratchDir = "/pool/condor/dir_89261"
	Cpus = 1
	Disk = 13030
	GPUs = 0
	Memory = 3000
...
006 (11280021.072.000) 07/20 18:09:07 Image size of job updated: 399808
	391  -  MemoryUsage of job (MB)
	399808  -  ResidentSetSize of job (KB)
...
006 (11280021.072.000) 07/20 18:11:38 Image size of job updated: 479780
	469  -  MemoryUsage of job (MB)
	479780  -  ResidentSetSize of job (KB)
...
040 (11280021.072.000) 07/20 18:11:38 Started transferring output files
...
040 (11280021.072.000) 07/20 18:11:38 Finished transferring output files
...
005 (11280021.072.000) 07/20 18:11:38 Job terminated.
	(1) Normal termination (return value 0)
		Usr 0 00:00:47, Sys 0 00:00:04  -  Run Remote Usage
		Usr 0 00:00:00, Sys 0 00:00:00  -  Run Local Usage
		Usr 0 00:00:47, Sys 0 00:00:04  -  Total Remote Usage
		Usr 0 00:00:00, Sys 0 00:00:00  -  Total Local Usage
	17382  -  Run Bytes Sent By Job
	9837493  -  Run Bytes Received By Job
	17382  -  Total Bytes Sent By Job
	9837493  -  Total Bytes Received By Job
	Partitionable Resources :    Usage  Request Allocated 
	   Cpus                 :        0        1         1 
	   Disk (KB)            :     9647    10000     13030 
	   GPUs                 :                           0 
	   Memory (MB)          :      469     3000      3000 

	Job terminated of its own accord at 2025-07-20T16:11:38Z with exit-code 0.
...
