Starting job on \n
Running on: Linux b9p19p9524.cern.ch 5.14.0-570.21.1.el9_6.x86_64 #1 SMP PREEMPT_DYNAMIC Tue Jun 3 12:46:50 EDT 2025 x86_64 x86_64 x86_64 GNU/Linux\n
System software: Red Hat Enterprise Linux release 9.6 (Plow)\n
Setting up CROWN for RedHatEnterprise Version 9.6
/eos/user/j/jiahua/MC_2023_inc/DYto2L-2Jets_MLL-50_amcatnloFXFX_23/1bfc7c72-8233-48e0-a553-35974250eb61.root
[2025-07-20 18:08:44.173] [main] [info] Checking input files
[2025-07-20 18:08:52.816] [main] [info] NanoAOD input_file 1: root://cms-xrd-global.cern.ch//store/mc/Run3Summer23NanoAODv12/DYto2L-2Jets_MLL-50_TuneCP5_13p6TeV_amcatnloFXFX-pythia8/NANOAODSIM/130X_mcRun3_2023_realistic_v14-v1/2550000/1bfc7c72-8233-48e0-a553-35974250eb61.root - 1597806 Events
[2025-07-20 18:08:52.816] [main] [info] input_file 1: root://cms-xrd-global.cern.ch//store/mc/Run3Summer23NanoAODv12/DYto2L-2Jets_MLL-50_TuneCP5_13p6TeV_amcatnloFXFX-pythia8/NANOAODSIM/130X_mcRun3_2023_realistic_v14-v1/2550000/1bfc7c72-8233-48e0-a553-35974250eb61.root - SumOfGenWeight: 28481560402.455997 
[2025-07-20 18:08:52.816] [main] [info] Output directory: /eos/user/j/jiahua/MC_2023_inc/DYto2L-2Jets_MLL-50_amcatnloFXFX_23/1bfc7c72-8233-48e0-a553-35974250eb61.root
[2025-07-20 18:08:52.818] [main] [info] Starting Setup of Dataframe with 1597806 events
[2025-07-20 18:09:01.730] [main] [info] Finished Setup
[2025-07-20 18:09:01.730] [main] [info] Runtime for setup (real time: 8.91, CPU time: 7.57)
[2025-07-20 18:09:01.730] [main] [info] Starting Evaluation
[2025-07-20 18:09:15.202] [main] [info] 10000 / 1597806 (0.63 %) Events processed ...
[2025-07-20 18:09:15.791] [main] [info] 20000 / 1597806 (1.25 %) Events processed ...
[2025-07-20 18:09:16.315] [main] [info] 30000 / 1597806 (1.88 %) Events processed ...
[2025-07-20 18:09:17.130] [main] [info] 40000 / 1597806 (2.50 %) Events processed ...
[2025-07-20 18:09:17.671] [main] [info] 50000 / 1597806 (3.13 %) Events processed ...
[2025-07-20 18:09:18.353] [main] [info] 60000 / 1597806 (3.76 %) Events processed ...
[2025-07-20 18:09:19.188] [main] [info] 70000 / 1597806 (4.38 %) Events processed ...
[2025-07-20 18:09:20.114] [main] [info] 80000 / 1597806 (5.01 %) Events processed ...
[2025-07-20 18:09:20.700] [main] [info] 90000 / 1597806 (5.63 %) Events processed ...
[2025-07-20 18:09:21.452] [main] [info] 100000 / 1597806 (6.26 %) Events processed ...
[2025-07-20 18:09:22.232] [main] [info] 110000 / 1597806 (6.88 %) Events processed ...
[2025-07-20 18:09:23.147] [main] [info] 120000 / 1597806 (7.51 %) Events processed ...
[2025-07-20 18:09:23.716] [main] [info] 130000 / 1597806 (8.14 %) Events processed ...
[2025-07-20 18:09:24.539] [main] [info] 140000 / 1597806 (8.76 %) Events processed ...
[2025-07-20 18:09:25.267] [main] [info] 150000 / 1597806 (9.39 %) Events processed ...
[2025-07-20 18:09:26.277] [main] [info] 160000 / 1597806 (10.01 %) Events processed ...
[2025-07-20 18:09:26.895] [main] [info] 170000 / 1597806 (10.64 %) Events processed ...
[2025-07-20 18:09:27.647] [main] [info] 180000 / 1597806 (11.27 %) Events processed ...
[2025-07-20 18:09:28.410] [main] [info] 190000 / 1597806 (11.89 %) Events processed ...
[2025-07-20 18:09:29.413] [main] [info] 200000 / 1597806 (12.52 %) Events processed ...
[2025-07-20 18:09:30.111] [main] [info] 210000 / 1597806 (13.14 %) Events processed ...
[2025-07-20 18:09:30.830] [main] [info] 220000 / 1597806 (13.77 %) Events processed ...
[2025-07-20 18:09:31.521] [main] [info] 230000 / 1597806 (14.39 %) Events processed ...
[2025-07-20 18:09:32.436] [main] [info] 240000 / 1597806 (15.02 %) Events processed ...
[2025-07-20 18:09:32.857] [main] [info] 250000 / 1597806 (15.65 %) Events processed ...
[2025-07-20 18:09:33.342] [main] [info] 260000 / 1597806 (16.27 %) Events processed ...
[2025-07-20 18:09:33.802] [main] [info] 270000 / 1597806 (16.90 %) Events processed ...
[2025-07-20 18:09:34.644] [main] [info] 280000 / 1597806 (17.52 %) Events processed ...
[2025-07-20 18:09:35.395] [main] [info] 290000 / 1597806 (18.15 %) Events processed ...
[2025-07-20 18:09:35.982] [main] [info] 300000 / 1597806 (18.78 %) Events processed ...
[2025-07-20 18:09:36.691] [main] [info] 310000 / 1597806 (19.40 %) Events processed ...
[2025-07-20 18:09:37.618] [main] [info] 320000 / 1597806 (20.03 %) Events processed ...
[2025-07-20 18:09:38.341] [main] [info] 330000 / 1597806 (20.65 %) Events processed ...
[2025-07-20 18:09:39.024] [main] [info] 340000 / 1597806 (21.28 %) Events processed ...
[2025-07-20 18:09:39.702] [main] [info] 350000 / 1597806 (21.91 %) Events processed ...
[2025-07-20 18:09:40.771] [main] [info] 360000 / 1597806 (22.53 %) Events processed ...
[2025-07-20 18:09:41.518] [main] [info] 370000 / 1597806 (23.16 %) Events processed ...
[2025-07-20 18:09:42.148] [main] [info] 380000 / 1597806 (23.78 %) Events processed ...
[2025-07-20 18:09:42.876] [main] [info] 390000 / 1597806 (24.41 %) Events processed ...
[2025-07-20 18:09:43.844] [main] [info] 400000 / 1597806 (25.03 %) Events processed ...
[2025-07-20 18:09:44.626] [main] [info] 410000 / 1597806 (25.66 %) Events processed ...
[2025-07-20 18:09:45.185] [main] [info] 420000 / 1597806 (26.29 %) Events processed ...
[2025-07-20 18:09:45.861] [main] [info] 430000 / 1597806 (26.91 %) Events processed ...
[2025-07-20 18:09:46.821] [main] [info] 440000 / 1597806 (27.54 %) Events processed ...
[2025-07-20 18:09:47.472] [main] [info] 450000 / 1597806 (28.16 %) Events processed ...
[2025-07-20 18:09:48.104] [main] [info] 460000 / 1597806 (28.79 %) Events processed ...
[2025-07-20 18:09:48.839] [main] [info] 470000 / 1597806 (29.42 %) Events processed ...
[2025-07-20 18:09:49.788] [main] [info] 480000 / 1597806 (30.04 %) Events processed ...
[2025-07-20 18:09:50.493] [main] [info] 490000 / 1597806 (30.67 %) Events processed ...
[2025-07-20 18:09:51.065] [main] [info] 500000 / 1597806 (31.29 %) Events processed ...
[2025-07-20 18:09:51.804] [main] [info] 510000 / 1597806 (31.92 %) Events processed ...
[2025-07-20 18:09:52.685] [main] [info] 520000 / 1597806 (32.54 %) Events processed ...
[2025-07-20 18:09:53.424] [main] [info] 530000 / 1597806 (33.17 %) Events processed ...
[2025-07-20 18:09:54.163] [main] [info] 540000 / 1597806 (33.80 %) Events processed ...
[2025-07-20 18:09:54.849] [main] [info] 550000 / 1597806 (34.42 %) Events processed ...
[2025-07-20 18:09:55.705] [main] [info] 560000 / 1597806 (35.05 %) Events processed ...
[2025-07-20 18:09:56.227] [main] [info] 570000 / 1597806 (35.67 %) Events processed ...
[2025-07-20 18:09:56.734] [main] [info] 580000 / 1597806 (36.30 %) Events processed ...
[2025-07-20 18:09:57.114] [main] [info] 590000 / 1597806 (36.93 %) Events processed ...
[2025-07-20 18:09:57.816] [main] [info] 600000 / 1597806 (37.55 %) Events processed ...
[2025-07-20 18:09:58.405] [main] [info] 610000 / 1597806 (38.18 %) Events processed ...
[2025-07-20 18:09:59.137] [main] [info] 620000 / 1597806 (38.80 %) Events processed ...
[2025-07-20 18:09:59.621] [main] [info] 630000 / 1597806 (39.43 %) Events processed ...
[2025-07-20 18:10:00.701] [main] [info] 640000 / 1597806 (40.05 %) Events processed ...
[2025-07-20 18:10:01.472] [main] [info] 650000 / 1597806 (40.68 %) Events processed ...
[2025-07-20 18:10:02.202] [main] [info] 660000 / 1597806 (41.31 %) Events processed ...
[2025-07-20 18:10:02.760] [main] [info] 670000 / 1597806 (41.93 %) Events processed ...
[2025-07-20 18:10:03.722] [main] [info] 680000 / 1597806 (42.56 %) Events processed ...
[2025-07-20 18:10:04.526] [main] [info] 690000 / 1597806 (43.18 %) Events processed ...
[2025-07-20 18:10:05.252] [main] [info] 700000 / 1597806 (43.81 %) Events processed ...
[2025-07-20 18:10:05.876] [main] [info] 710000 / 1597806 (44.44 %) Events processed ...
[2025-07-20 18:10:06.840] [main] [info] 720000 / 1597806 (45.06 %) Events processed ...
[2025-07-20 18:10:07.533] [main] [info] 730000 / 1597806 (45.69 %) Events processed ...
[2025-07-20 18:10:08.262] [main] [info] 740000 / 1597806 (46.31 %) Events processed ...
[2025-07-20 18:10:08.973] [main] [info] 750000 / 1597806 (46.94 %) Events processed ...
[2025-07-20 18:10:09.973] [main] [info] 760000 / 1597806 (47.57 %) Events processed ...
[2025-07-20 18:10:10.661] [main] [info] 770000 / 1597806 (48.19 %) Events processed ...
[2025-07-20 18:10:11.365] [main] [info] 780000 / 1597806 (48.82 %) Events processed ...
[2025-07-20 18:10:11.937] [main] [info] 790000 / 1597806 (49.44 %) Events processed ...
[2025-07-20 18:10:12.904] [main] [info] 800000 / 1597806 (50.07 %) Events processed ...
[2025-07-20 18:10:13.656] [main] [info] 810000 / 1597806 (50.69 %) Events processed ...
[2025-07-20 18:10:14.470] [main] [info] 820000 / 1597806 (51.32 %) Events processed ...
[2025-07-20 18:10:15.208] [main] [info] 830000 / 1597806 (51.95 %) Events processed ...
[2025-07-20 18:10:15.858] [main] [info] 840000 / 1597806 (52.57 %) Events processed ...
[2025-07-20 18:10:16.489] [main] [info] 850000 / 1597806 (53.20 %) Events processed ...
[2025-07-20 18:10:17.210] [main] [info] 860000 / 1597806 (53.82 %) Events processed ...
[2025-07-20 18:10:17.962] [main] [info] 870000 / 1597806 (54.45 %) Events processed ...
[2025-07-20 18:10:18.843] [main] [info] 880000 / 1597806 (55.08 %) Events processed ...
[2025-07-20 18:10:19.515] [main] [info] 890000 / 1597806 (55.70 %) Events processed ...
[2025-07-20 18:10:20.163] [main] [info] 900000 / 1597806 (56.33 %) Events processed ...
[2025-07-20 18:10:20.857] [main] [info] 910000 / 1597806 (56.95 %) Events processed ...
[2025-07-20 18:10:21.656] [main] [info] 920000 / 1597806 (57.58 %) Events processed ...
[2025-07-20 18:10:22.357] [main] [info] 930000 / 1597806 (58.20 %) Events processed ...
[2025-07-20 18:10:23.067] [main] [info] 940000 / 1597806 (58.83 %) Events processed ...
[2025-07-20 18:10:23.921] [main] [info] 950000 / 1597806 (59.46 %) Events processed ...
[2025-07-20 18:10:24.712] [main] [info] 960000 / 1597806 (60.08 %) Events processed ...
[2025-07-20 18:10:25.438] [main] [info] 970000 / 1597806 (60.71 %) Events processed ...
[2025-07-20 18:10:26.140] [main] [info] 980000 / 1597806 (61.33 %) Events processed ...
[2025-07-20 18:10:26.882] [main] [info] 990000 / 1597806 (61.96 %) Events processed ...
[2025-07-20 18:10:27.667] [main] [info] 1000000 / 1597806 (62.59 %) Events processed ...
[2025-07-20 18:10:28.414] [main] [info] 1010000 / 1597806 (63.21 %) Events processed ...
[2025-07-20 18:10:29.245] [main] [info] 1020000 / 1597806 (63.84 %) Events processed ...
[2025-07-20 18:10:29.964] [main] [info] 1030000 / 1597806 (64.46 %) Events processed ...
[2025-07-20 18:10:30.709] [main] [info] 1040000 / 1597806 (65.09 %) Events processed ...
[2025-07-20 18:10:31.453] [main] [info] 1050000 / 1597806 (65.72 %) Events processed ...
[2025-07-20 18:10:32.168] [main] [info] 1060000 / 1597806 (66.34 %) Events processed ...
[2025-07-20 18:10:32.882] [main] [info] 1070000 / 1597806 (66.97 %) Events processed ...
[2025-07-20 18:10:33.781] [main] [info] 1080000 / 1597806 (67.59 %) Events processed ...
[2025-07-20 18:10:34.475] [main] [info] 1090000 / 1597806 (68.22 %) Events processed ...
[2025-07-20 18:10:35.198] [main] [info] 1100000 / 1597806 (68.84 %) Events processed ...
[2025-07-20 18:10:35.877] [main] [info] 1110000 / 1597806 (69.47 %) Events processed ...
[2025-07-20 18:10:36.808] [main] [info] 1120000 / 1597806 (70.10 %) Events processed ...
[2025-07-20 18:10:37.262] [main] [info] 1130000 / 1597806 (70.72 %) Events processed ...
[2025-07-20 18:10:37.955] [main] [info] 1140000 / 1597806 (71.35 %) Events processed ...
[2025-07-20 18:10:38.765] [main] [info] 1150000 / 1597806 (71.97 %) Events processed ...
[2025-07-20 18:10:39.862] [main] [info] 1160000 / 1597806 (72.60 %) Events processed ...
[2025-07-20 18:10:40.509] [main] [info] 1170000 / 1597806 (73.23 %) Events processed ...
[2025-07-20 18:10:41.280] [main] [info] 1180000 / 1597806 (73.85 %) Events processed ...
[2025-07-20 18:10:42.020] [main] [info] 1190000 / 1597806 (74.48 %) Events processed ...
[2025-07-20 18:10:42.853] [main] [info] 1200000 / 1597806 (75.10 %) Events processed ...
[2025-07-20 18:10:43.494] [main] [info] 1210000 / 1597806 (75.73 %) Events processed ...
[2025-07-20 18:10:44.383] [main] [info] 1220000 / 1597806 (76.35 %) Events processed ...
[2025-07-20 18:10:45.155] [main] [info] 1230000 / 1597806 (76.98 %) Events processed ...
[2025-07-20 18:10:46.077] [main] [info] 1240000 / 1597806 (77.61 %) Events processed ...
[2025-07-20 18:10:46.712] [main] [info] 1250000 / 1597806 (78.23 %) Events processed ...
[2025-07-20 18:10:47.484] [main] [info] 1260000 / 1597806 (78.86 %) Events processed ...
[2025-07-20 18:10:48.218] [main] [info] 1270000 / 1597806 (79.48 %) Events processed ...
[2025-07-20 18:10:49.044] [main] [info] 1280000 / 1597806 (80.11 %) Events processed ...
[2025-07-20 18:10:49.721] [main] [info] 1290000 / 1597806 (80.74 %) Events processed ...
[2025-07-20 18:10:50.417] [main] [info] 1300000 / 1597806 (81.36 %) Events processed ...
[2025-07-20 18:10:51.035] [main] [info] 1310000 / 1597806 (81.99 %) Events processed ...
[2025-07-20 18:10:51.894] [main] [info] 1320000 / 1597806 (82.61 %) Events processed ...
[2025-07-20 18:10:52.439] [main] [info] 1330000 / 1597806 (83.24 %) Events processed ...
[2025-07-20 18:10:53.124] [main] [info] 1340000 / 1597806 (83.86 %) Events processed ...
[2025-07-20 18:10:53.782] [main] [info] 1350000 / 1597806 (84.49 %) Events processed ...
[2025-07-20 18:10:54.720] [main] [info] 1360000 / 1597806 (85.12 %) Events processed ...
[2025-07-20 18:10:55.440] [main] [info] 1370000 / 1597806 (85.74 %) Events processed ...
[2025-07-20 18:10:56.029] [main] [info] 1380000 / 1597806 (86.37 %) Events processed ...
[2025-07-20 18:10:56.730] [main] [info] 1390000 / 1597806 (86.99 %) Events processed ...
[2025-07-20 18:10:57.576] [main] [info] 1400000 / 1597806 (87.62 %) Events processed ...
[2025-07-20 18:10:58.282] [main] [info] 1410000 / 1597806 (88.25 %) Events processed ...
[2025-07-20 18:10:59.124] [main] [info] 1420000 / 1597806 (88.87 %) Events processed ...
[2025-07-20 18:10:59.571] [main] [info] 1430000 / 1597806 (89.50 %) Events processed ...
[2025-07-20 18:11:00.438] [main] [info] 1440000 / 1597806 (90.12 %) Events processed ...
[2025-07-20 18:11:01.115] [main] [info] 1450000 / 1597806 (90.75 %) Events processed ...
[2025-07-20 18:11:01.669] [main] [info] 1460000 / 1597806 (91.38 %) Events processed ...
[2025-07-20 18:11:02.345] [main] [info] 1470000 / 1597806 (92.00 %) Events processed ...
[2025-07-20 18:11:03.249] [main] [info] 1480000 / 1597806 (92.63 %) Events processed ...
[2025-07-20 18:11:03.850] [main] [info] 1490000 / 1597806 (93.25 %) Events processed ...
[2025-07-20 18:11:04.211] [main] [info] 1500000 / 1597806 (93.88 %) Events processed ...
[2025-07-20 18:11:04.671] [main] [info] 1510000 / 1597806 (94.50 %) Events processed ...
[2025-07-20 18:11:05.687] [main] [info] 1520000 / 1597806 (95.13 %) Events processed ...
[2025-07-20 18:11:06.382] [main] [info] 1530000 / 1597806 (95.76 %) Events processed ...
[2025-07-20 18:11:06.958] [main] [info] 1540000 / 1597806 (96.38 %) Events processed ...
[2025-07-20 18:11:07.693] [main] [info] 1550000 / 1597806 (97.01 %) Events processed ...
[2025-07-20 18:11:08.629] [main] [info] 1560000 / 1597806 (97.63 %) Events processed ...
[2025-07-20 18:11:09.278] [main] [info] 1570000 / 1597806 (98.26 %) Events processed ...
[2025-07-20 18:11:09.825] [main] [info] 1580000 / 1597806 (98.89 %) Events processed ...
[2025-07-20 18:11:10.519] [main] [info] 1590000 / 1597806 (99.51 %) Events processed ...
[2025-07-20 18:11:11.593] [main] [info] vbfhmm:
Flag_goodVertices: pass=1597806    all=1597806    -- eff=100.00 % cumulative eff=100.00 %
Flag_globalSuperTightHalo2016Filter: pass=1597700    all=1597806    -- eff=99.99 % cumulative eff=99.99 %
Flag_EcalDeadCellTriggerPrimitiveFilter: pass=1597684    all=1597700    -- eff=100.00 % cumulative eff=99.99 %
Flag_BadPFMuonFilter: pass=1597565    all=1597684    -- eff=99.99 % cumulative eff=99.98 %
Flag_BadPFMuonDzFilter: pass=1597534    all=1597565    -- eff=100.00 % cumulative eff=99.98 %
Flag_eeBadScFilter: pass=1597534    all=1597534    -- eff=100.00 % cumulative eff=99.98 %
Flag_ecalBadCalibFilter: pass=1597371    all=1597534    -- eff=99.99 % cumulative eff=99.97 %
Flag_hfNoisyHitsFilter: pass=1597288    all=1597371    -- eff=99.99 % cumulative eff=99.97 %
Number of muons 2: pass=196531     all=1597288    -- eff=12.30 % cumulative eff=12.30 %
DiMuon From Higgs: pass=188457     all=196531     -- eff=95.89 % cumulative eff=11.79 %
LeptonChargeSum: pass=188417     all=188457     -- eff=99.98 % cumulative eff=11.79 %
[2025-07-20 18:11:11.859] [main] [info] Writing quantities map to /eos/user/j/jiahua/MC_2023_inc/DYto2L-2Jets_MLL-50_amcatnloFXFX_23/1bfc7c72-8233-48e0-a553-35974250eb61_vbfhmm.root
[2025-07-20 18:11:12.558] [main] [info] Finished Evaluation
[2025-07-20 18:11:12.558] [main] [info] Overall runtime (real time: 139.74, CPU time: 125.74)
