000 (11280021.094.000) 07/20 18:07:05 Job submitted from host: <188.185.121.235:9618?addrs=188.185.121.235-9618+[2001-1458-d00-49--100-36e]-9618&alias=bigbird22.cern.ch&noUDP&sock=schedd_232129_c3ca>
...
040 (11280021.094.000) 07/20 18:09:05 Started transferring input files
	Transferring to host: <188.185.214.60:9618?addrs=188.185.214.60-9618+[2001-1458-303-1c--100-38]-9618&alias=b9p29p6166.cern.ch&noUDP&sock=slot1_20_8393_60ae_60534>
...
040 (11280021.094.000) 07/20 18:09:06 Finished transferring input files
...
001 (11280021.094.000) 07/20 18:09:06 Job executing on host: <188.185.214.60:9618?addrs=188.185.214.60-9618+[2001-1458-303-1c--100-38]-9618&alias=b9p29p6166.cern.ch&noUDP&sock=startd_8344_de52>
	SlotName: slot1_20@b9p29p6166.cern.ch
	CondorScratchDir = "/pool/condor/dir_2364270"
	Cpus = 1
	Disk = 12832
	GPUs = 0
	Memory = 3000
...
006 (11280021.094.000) 07/20 18:09:15 Image size of job updated: 404000
	395  -  MemoryUsage of job (MB)
	404000  -  ResidentSetSize of job (KB)
...
006 (11280021.094.000) 07/20 18:10:50 Image size of job updated: 482304
	471  -  MemoryUsage of job (MB)
	482304  -  ResidentSetSize of job (KB)
...
040 (11280021.094.000) 07/20 18:10:50 Started transferring output files
...
040 (11280021.094.000) 07/20 18:10:50 Finished transferring output files
...
005 (11280021.094.000) 07/20 18:10:50 Job terminated.
	(1) Normal termination (return value 0)
		Usr 0 00:01:09, Sys 0 00:00:04  -  Run Remote Usage
		Usr 0 00:00:00, Sys 0 00:00:00  -  Run Local Usage
		Usr 0 00:01:09, Sys 0 00:00:04  -  Total Remote Usage
		Usr 0 00:00:00, Sys 0 00:00:00  -  Total Local Usage
	20742  -  Run Bytes Sent By Job
	9837493  -  Run Bytes Received By Job
	20742  -  Total Bytes Sent By Job
	9837493  -  Total Bytes Received By Job
	Partitionable Resources :    Usage  Request Allocated 
	   Cpus                 :        0        1         1 
	   Disk (KB)            :     9650    10000     12832 
	   GPUs                 :                           0 
	   Memory (MB)          :      471     3000      3000 

	Job terminated of its own accord at 2025-07-20T16:10:50Z with exit-code 0.
...
