Starting job on \n
Running on: Linux b9p30p4226.cern.ch 5.14.0-570.17.1.el9_6.x86_64 #1 SMP PREEMPT_DYNAMIC Tue May 13 06:41:18 EDT 2025 x86_64 x86_64 x86_64 GNU/Linux\n
System software: Red Hat Enterprise Linux release 9.6 (Plow)\n
Setting up CROWN for RedHatEnterprise Version 9.6
/eos/user/j/jiahua/MC_2023_inc/DYto2Mu-2Jets_MLL-105To160_amcatnloFXFX_23/ebb42b3f-cc53-4c0b-b846-57ba9189cbdb.root
[2025-07-20 18:09:54.983] [main] [info] Checking input files
[2025-07-20 18:10:04.536] [main] [info] NanoAOD input_file 1: root://cms-xrd-global.cern.ch//store/mc/Run3Summer23NanoAODv12/DYto2Mu-2Jets_MLL-105To160_TuneCP5_13p6TeV_amcatnloFXFX-pythia8/NANOAODSIM/130X_mcRun3_2023_realistic_v15-v2/2820000/ebb42b3f-cc53-4c0b-b846-57ba9189cbdb.root - 188356 Events
[2025-07-20 18:10:04.536] [main] [info] input_file 1: root://cms-xrd-global.cern.ch//store/mc/Run3Summer23NanoAODv12/DYto2Mu-2Jets_MLL-105To160_TuneCP5_13p6TeV_amcatnloFXFX-pythia8/NANOAODSIM/130X_mcRun3_2023_realistic_v15-v2/2820000/ebb42b3f-cc53-4c0b-b846-57ba9189cbdb.root - SumOfGenWeight: 25490586.30124001 
[2025-07-20 18:10:04.536] [main] [info] Output directory: /eos/user/j/jiahua/MC_2023_inc/DYto2Mu-2Jets_MLL-105To160_amcatnloFXFX_23/ebb42b3f-cc53-4c0b-b846-57ba9189cbdb.root
[2025-07-20 18:10:04.543] [main] [info] Starting Setup of Dataframe with 188356 events
[2025-07-20 18:10:11.013] [main] [info] Finished Setup
[2025-07-20 18:10:11.013] [main] [info] Runtime for setup (real time: 6.48, CPU time: 4.76)
[2025-07-20 18:10:11.013] [main] [info] Starting Evaluation
[2025-07-20 18:10:22.011] [main] [info] 10000 / 188356 (5.31 %) Events processed ...
[2025-07-20 18:10:23.030] [main] [info] 20000 / 188356 (10.62 %) Events processed ...
[2025-07-20 18:10:23.991] [main] [info] 30000 / 188356 (15.93 %) Events processed ...
[2025-07-20 18:10:24.833] [main] [info] 40000 / 188356 (21.24 %) Events processed ...
[2025-07-20 18:10:27.367] [main] [info] 50000 / 188356 (26.55 %) Events processed ...
[2025-07-20 18:10:28.419] [main] [info] 60000 / 188356 (31.85 %) Events processed ...
[2025-07-20 18:10:29.349] [main] [info] 70000 / 188356 (37.16 %) Events processed ...
[2025-07-20 18:10:30.228] [main] [info] 80000 / 188356 (42.47 %) Events processed ...
[2025-07-20 18:10:32.779] [main] [info] 90000 / 188356 (47.78 %) Events processed ...
[2025-07-20 18:10:33.711] [main] [info] 100000 / 188356 (53.09 %) Events processed ...
[2025-07-20 18:10:34.771] [main] [info] 110000 / 188356 (58.40 %) Events processed ...
[2025-07-20 18:10:35.699] [main] [info] 120000 / 188356 (63.71 %) Events processed ...
[2025-07-20 18:10:39.207] [main] [info] 130000 / 188356 (69.02 %) Events processed ...
[2025-07-20 18:10:40.176] [main] [info] 140000 / 188356 (74.33 %) Events processed ...
[2025-07-20 18:10:40.971] [main] [info] 150000 / 188356 (79.64 %) Events processed ...
[2025-07-20 18:10:41.948] [main] [info] 160000 / 188356 (84.95 %) Events processed ...
[2025-07-20 18:10:44.519] [main] [info] 170000 / 188356 (90.25 %) Events processed ...
[2025-07-20 18:10:45.480] [main] [info] 180000 / 188356 (95.56 %) Events processed ...
[2025-07-20 18:10:46.256] [main] [info] vbfhmm:
Flag_goodVertices: pass=188356     all=188356     -- eff=100.00 % cumulative eff=100.00 %
Flag_globalSuperTightHalo2016Filter: pass=188336     all=188356     -- eff=99.99 % cumulative eff=99.99 %
Flag_EcalDeadCellTriggerPrimitiveFilter: pass=188336     all=188336     -- eff=100.00 % cumulative eff=99.99 %
Flag_BadPFMuonFilter: pass=188301     all=188336     -- eff=99.98 % cumulative eff=99.97 %
Flag_BadPFMuonDzFilter: pass=188290     all=188301     -- eff=99.99 % cumulative eff=99.96 %
Flag_eeBadScFilter: pass=188290     all=188290     -- eff=100.00 % cumulative eff=99.96 %
Flag_ecalBadCalibFilter: pass=188287     all=188290     -- eff=100.00 % cumulative eff=99.96 %
Flag_hfNoisyHitsFilter: pass=188267     all=188287     -- eff=99.99 % cumulative eff=99.95 %
Number of muons 2: pass=79098      all=188267     -- eff=42.01 % cumulative eff=41.99 %
DiMuon From Higgs: pass=75557      all=79098      -- eff=95.52 % cumulative eff=40.11 %
LeptonChargeSum: pass=75537      all=75557      -- eff=99.97 % cumulative eff=40.10 %
[2025-07-20 18:10:46.410] [main] [info] Writing quantities map to /eos/user/j/jiahua/MC_2023_inc/DYto2Mu-2Jets_MLL-105To160_amcatnloFXFX_23/ebb42b3f-cc53-4c0b-b846-57ba9189cbdb_vbfhmm.root
[2025-07-20 18:10:46.800] [main] [info] Finished Evaluation
[2025-07-20 18:10:46.800] [main] [info] Overall runtime (real time: 42.26, CPU time: 30.15)
