Starting job on \n
Running on: Linux b9p19p2854.cern.ch 5.14.0-570.21.1.el9_6.x86_64 #1 SMP PREEMPT_DYNAMIC Tue Jun 3 12:46:50 EDT 2025 x86_64 x86_64 x86_64 GNU/Linux\n
System software: Red Hat Enterprise Linux release 9.6 (Plow)\n
Setting up CROWN for RedHatEnterprise Version 9.6
/eos/user/j/jiahua/MC_2023_inc/DYto2L-2Jets_MLL-50_amcatnloFXFX_23/0ef0767f-5e19-44c1-9233-5bcc67a75955.root
[2025-07-20 18:08:55.551] [main] [info] Checking input files
[2025-07-20 18:09:04.913] [main] [info] NanoAOD input_file 1: root://cms-xrd-global.cern.ch//store/mc/Run3Summer23NanoAODv12/DYto2L-2Jets_MLL-50_TuneCP5_13p6TeV_amcatnloFXFX-pythia8/NANOAODSIM/130X_mcRun3_2023_realistic_v14-v1/2550000/0ef0767f-5e19-44c1-9233-5bcc67a75955.root - 829897 Events
[2025-07-20 18:09:04.913] [main] [info] input_file 1: root://cms-xrd-global.cern.ch//store/mc/Run3Summer23NanoAODv12/DYto2L-2Jets_MLL-50_TuneCP5_13p6TeV_amcatnloFXFX-pythia8/NANOAODSIM/130X_mcRun3_2023_realistic_v14-v1/2550000/0ef0767f-5e19-44c1-9233-5bcc67a75955.root - SumOfGenWeight: 14786771085.883999 
[2025-07-20 18:09:04.913] [main] [info] Output directory: /eos/user/j/jiahua/MC_2023_inc/DYto2L-2Jets_MLL-50_amcatnloFXFX_23/0ef0767f-5e19-44c1-9233-5bcc67a75955.root
[2025-07-20 18:09:04.916] [main] [info] Starting Setup of Dataframe with 829897 events
[2025-07-20 18:09:15.365] [main] [info] Finished Setup
[2025-07-20 18:09:15.366] [main] [info] Runtime for setup (real time: 10.45, CPU time: 7.83)
[2025-07-20 18:09:15.366] [main] [info] Starting Evaluation
[2025-07-20 18:09:31.786] [main] [info] 10000 / 829897 (1.20 %) Events processed ...
[2025-07-20 18:09:32.594] [main] [info] 20000 / 829897 (2.41 %) Events processed ...
[2025-07-20 18:09:33.359] [main] [info] 30000 / 829897 (3.61 %) Events processed ...
[2025-07-20 18:09:34.543] [main] [info] 40000 / 829897 (4.82 %) Events processed ...
[2025-07-20 18:09:35.441] [main] [info] 50000 / 829897 (6.02 %) Events processed ...
[2025-07-20 18:09:36.372] [main] [info] 60000 / 829897 (7.23 %) Events processed ...
[2025-07-20 18:09:37.333] [main] [info] 70000 / 829897 (8.43 %) Events processed ...
[2025-07-20 18:09:38.541] [main] [info] 80000 / 829897 (9.64 %) Events processed ...
[2025-07-20 18:09:39.183] [main] [info] 90000 / 829897 (10.84 %) Events processed ...
[2025-07-20 18:09:39.967] [main] [info] 100000 / 829897 (12.05 %) Events processed ...
[2025-07-20 18:09:40.793] [main] [info] 110000 / 829897 (13.25 %) Events processed ...
[2025-07-20 18:09:41.861] [main] [info] 120000 / 829897 (14.46 %) Events processed ...
[2025-07-20 18:09:42.477] [main] [info] 130000 / 829897 (15.66 %) Events processed ...
[2025-07-20 18:09:43.339] [main] [info] 140000 / 829897 (16.87 %) Events processed ...
[2025-07-20 18:09:44.096] [main] [info] 150000 / 829897 (18.07 %) Events processed ...
[2025-07-20 18:09:45.212] [main] [info] 160000 / 829897 (19.28 %) Events processed ...
[2025-07-20 18:09:45.943] [main] [info] 170000 / 829897 (20.48 %) Events processed ...
[2025-07-20 18:09:46.797] [main] [info] 180000 / 829897 (21.69 %) Events processed ...
[2025-07-20 18:09:47.603] [main] [info] 190000 / 829897 (22.89 %) Events processed ...
[2025-07-20 18:09:48.783] [main] [info] 200000 / 829897 (24.10 %) Events processed ...
[2025-07-20 18:09:49.649] [main] [info] 210000 / 829897 (25.30 %) Events processed ...
[2025-07-20 18:09:50.473] [main] [info] 220000 / 829897 (26.51 %) Events processed ...
[2025-07-20 18:09:51.256] [main] [info] 230000 / 829897 (27.71 %) Events processed ...
[2025-07-20 18:09:52.319] [main] [info] 240000 / 829897 (28.92 %) Events processed ...
[2025-07-20 18:09:53.083] [main] [info] 250000 / 829897 (30.12 %) Events processed ...
[2025-07-20 18:09:53.656] [main] [info] 260000 / 829897 (31.33 %) Events processed ...
[2025-07-20 18:09:54.356] [main] [info] 270000 / 829897 (32.53 %) Events processed ...
[2025-07-20 18:09:55.492] [main] [info] 280000 / 829897 (33.74 %) Events processed ...
[2025-07-20 18:09:56.320] [main] [info] 290000 / 829897 (34.94 %) Events processed ...
[2025-07-20 18:09:56.899] [main] [info] 300000 / 829897 (36.15 %) Events processed ...
[2025-07-20 18:09:57.612] [main] [info] 310000 / 829897 (37.35 %) Events processed ...
[2025-07-20 18:09:58.613] [main] [info] 320000 / 829897 (38.56 %) Events processed ...
[2025-07-20 18:09:59.393] [main] [info] 330000 / 829897 (39.76 %) Events processed ...
[2025-07-20 18:10:00.124] [main] [info] 340000 / 829897 (40.97 %) Events processed ...
[2025-07-20 18:10:00.881] [main] [info] 350000 / 829897 (42.17 %) Events processed ...
[2025-07-20 18:10:01.955] [main] [info] 360000 / 829897 (43.38 %) Events processed ...
[2025-07-20 18:10:02.744] [main] [info] 370000 / 829897 (44.58 %) Events processed ...
[2025-07-20 18:10:03.385] [main] [info] 380000 / 829897 (45.79 %) Events processed ...
[2025-07-20 18:10:04.104] [main] [info] 390000 / 829897 (46.99 %) Events processed ...
[2025-07-20 18:10:05.104] [main] [info] 400000 / 829897 (48.20 %) Events processed ...
[2025-07-20 18:10:05.939] [main] [info] 410000 / 829897 (49.40 %) Events processed ...
[2025-07-20 18:10:06.552] [main] [info] 420000 / 829897 (50.61 %) Events processed ...
[2025-07-20 18:10:07.311] [main] [info] 430000 / 829897 (51.81 %) Events processed ...
[2025-07-20 18:10:08.286] [main] [info] 440000 / 829897 (53.02 %) Events processed ...
[2025-07-20 18:10:08.823] [main] [info] 450000 / 829897 (54.22 %) Events processed ...
[2025-07-20 18:10:09.453] [main] [info] 460000 / 829897 (55.43 %) Events processed ...
[2025-07-20 18:10:10.250] [main] [info] 470000 / 829897 (56.63 %) Events processed ...
[2025-07-20 18:10:11.382] [main] [info] 480000 / 829897 (57.84 %) Events processed ...
[2025-07-20 18:10:12.177] [main] [info] 490000 / 829897 (59.04 %) Events processed ...
[2025-07-20 18:10:12.967] [main] [info] 500000 / 829897 (60.25 %) Events processed ...
[2025-07-20 18:10:13.607] [main] [info] 510000 / 829897 (61.45 %) Events processed ...
[2025-07-20 18:10:14.585] [main] [info] 520000 / 829897 (62.66 %) Events processed ...
[2025-07-20 18:10:15.331] [main] [info] 530000 / 829897 (63.86 %) Events processed ...
[2025-07-20 18:10:16.130] [main] [info] 540000 / 829897 (65.07 %) Events processed ...
[2025-07-20 18:10:16.794] [main] [info] 550000 / 829897 (66.27 %) Events processed ...
[2025-07-20 18:10:17.602] [main] [info] 560000 / 829897 (67.48 %) Events processed ...
[2025-07-20 18:10:18.180] [main] [info] 570000 / 829897 (68.68 %) Events processed ...
[2025-07-20 18:10:18.904] [main] [info] 580000 / 829897 (69.89 %) Events processed ...
[2025-07-20 18:10:19.468] [main] [info] 590000 / 829897 (71.09 %) Events processed ...
[2025-07-20 18:10:20.413] [main] [info] 600000 / 829897 (72.30 %) Events processed ...
[2025-07-20 18:10:21.357] [main] [info] 610000 / 829897 (73.50 %) Events processed ...
[2025-07-20 18:10:22.092] [main] [info] 620000 / 829897 (74.71 %) Events processed ...
[2025-07-20 18:10:22.711] [main] [info] 630000 / 829897 (75.91 %) Events processed ...
[2025-07-20 18:10:23.731] [main] [info] 640000 / 829897 (77.12 %) Events processed ...
[2025-07-20 18:10:24.548] [main] [info] 650000 / 829897 (78.32 %) Events processed ...
[2025-07-20 18:10:25.315] [main] [info] 660000 / 829897 (79.53 %) Events processed ...
[2025-07-20 18:10:25.933] [main] [info] 670000 / 829897 (80.73 %) Events processed ...
[2025-07-20 18:10:27.046] [main] [info] 680000 / 829897 (81.94 %) Events processed ...
[2025-07-20 18:10:27.780] [main] [info] 690000 / 829897 (83.14 %) Events processed ...
[2025-07-20 18:10:28.521] [main] [info] 700000 / 829897 (84.35 %) Events processed ...
[2025-07-20 18:10:29.153] [main] [info] 710000 / 829897 (85.55 %) Events processed ...
[2025-07-20 18:10:30.170] [main] [info] 720000 / 829897 (86.76 %) Events processed ...
[2025-07-20 18:10:30.932] [main] [info] 730000 / 829897 (87.96 %) Events processed ...
[2025-07-20 18:10:31.689] [main] [info] 740000 / 829897 (89.17 %) Events processed ...
[2025-07-20 18:10:32.546] [main] [info] 750000 / 829897 (90.37 %) Events processed ...
[2025-07-20 18:10:33.454] [main] [info] 760000 / 829897 (91.58 %) Events processed ...
[2025-07-20 18:10:33.965] [main] [info] 770000 / 829897 (92.78 %) Events processed ...
[2025-07-20 18:10:34.590] [main] [info] 780000 / 829897 (93.99 %) Events processed ...
[2025-07-20 18:10:35.320] [main] [info] 790000 / 829897 (95.19 %) Events processed ...
[2025-07-20 18:10:36.183] [main] [info] 800000 / 829897 (96.40 %) Events processed ...
[2025-07-20 18:10:36.909] [main] [info] 810000 / 829897 (97.60 %) Events processed ...
[2025-07-20 18:10:37.754] [main] [info] 820000 / 829897 (98.81 %) Events processed ...
[2025-07-20 18:10:38.506] [main] [info] vbfhmm:
Flag_goodVertices: pass=829897     all=829897     -- eff=100.00 % cumulative eff=100.00 %
Flag_globalSuperTightHalo2016Filter: pass=829848     all=829897     -- eff=99.99 % cumulative eff=99.99 %
Flag_EcalDeadCellTriggerPrimitiveFilter: pass=829843     all=829848     -- eff=100.00 % cumulative eff=99.99 %
Flag_BadPFMuonFilter: pass=829786     all=829843     -- eff=99.99 % cumulative eff=99.99 %
Flag_BadPFMuonDzFilter: pass=829770     all=829786     -- eff=100.00 % cumulative eff=99.98 %
Flag_eeBadScFilter: pass=829770     all=829770     -- eff=100.00 % cumulative eff=99.98 %
Flag_ecalBadCalibFilter: pass=829674     all=829770     -- eff=99.99 % cumulative eff=99.97 %
Flag_hfNoisyHitsFilter: pass=829623     all=829674     -- eff=99.99 % cumulative eff=99.97 %
Number of muons 2: pass=102170     all=829623     -- eff=12.32 % cumulative eff=12.31 %
DiMuon From Higgs: pass=98120      all=102170     -- eff=96.04 % cumulative eff=11.82 %
LeptonChargeSum: pass=98093      all=98120      -- eff=99.97 % cumulative eff=11.82 %
[2025-07-20 18:10:38.626] [main] [info] Writing quantities map to /eos/user/j/jiahua/MC_2023_inc/DYto2L-2Jets_MLL-50_amcatnloFXFX_23/0ef0767f-5e19-44c1-9233-5bcc67a75955_vbfhmm.root
[2025-07-20 18:10:38.777] [main] [info] Finished Evaluation
[2025-07-20 18:10:38.777] [main] [info] Overall runtime (real time: 93.86, CPU time: 79.20)
