Starting job on \n
Running on: Linux b9p22p8647.cern.ch 5.14.0-570.17.1.el9_6.x86_64 #1 SMP PREEMPT_DYNAMIC Tue May 13 06:41:18 EDT 2025 x86_64 x86_64 x86_64 GNU/Linux\n
System software: Red Hat Enterprise Linux release 9.6 (Plow)\n
Setting up CROWN for RedHatEnterprise Version 9.6
/eos/user/j/jiahua/MC_2023_inc/DYto2Mu-2Jets_MLL-105To160_amcatnloFXFX_23/5ce3be1f-8977-4570-8a6b-93ba1bea297f.root
[2025-07-20 18:09:52.622] [main] [info] Checking input files
[2025-07-20 18:10:00.145] [main] [info] NanoAOD input_file 1: root://cms-xrd-global.cern.ch//store/mc/Run3Summer23NanoAODv12/DYto2Mu-2Jets_MLL-105To160_TuneCP5_13p6TeV_amcatnloFXFX-pythia8/NANOAODSIM/130X_mcRun3_2023_realistic_v15-v2/2820000/5ce3be1f-8977-4570-8a6b-93ba1bea297f.root - 20693 Events
[2025-07-20 18:10:00.145] [main] [info] input_file 1: root://cms-xrd-global.cern.ch//store/mc/Run3Summer23NanoAODv12/DYto2Mu-2Jets_MLL-105To160_TuneCP5_13p6TeV_amcatnloFXFX-pythia8/NANOAODSIM/130X_mcRun3_2023_realistic_v15-v2/2820000/5ce3be1f-8977-4570-8a6b-93ba1bea297f.root - SumOfGenWeight: 2795576.28078 
[2025-07-20 18:10:00.145] [main] [info] Output directory: /eos/user/j/jiahua/MC_2023_inc/DYto2Mu-2Jets_MLL-105To160_amcatnloFXFX_23/5ce3be1f-8977-4570-8a6b-93ba1bea297f.root
[2025-07-20 18:10:00.153] [main] [info] Starting Setup of Dataframe with 20693 events
[2025-07-20 18:10:06.208] [main] [info] Finished Setup
[2025-07-20 18:10:06.209] [main] [info] Runtime for setup (real time: 6.06, CPU time: 4.53)
[2025-07-20 18:10:06.209] [main] [info] Starting Evaluation
[2025-07-20 18:10:16.923] [main] [info] 10000 / 20693 (48.33 %) Events processed ...
[2025-07-20 18:10:18.017] [main] [info] 20000 / 20693 (96.65 %) Events processed ...
[2025-07-20 18:10:18.196] [main] [info] vbfhmm:
Flag_goodVertices: pass=20693      all=20693      -- eff=100.00 % cumulative eff=100.00 %
Flag_globalSuperTightHalo2016Filter: pass=20690      all=20693      -- eff=99.99 % cumulative eff=99.99 %
Flag_EcalDeadCellTriggerPrimitiveFilter: pass=20690      all=20690      -- eff=100.00 % cumulative eff=99.99 %
Flag_BadPFMuonFilter: pass=20686      all=20690      -- eff=99.98 % cumulative eff=99.97 %
Flag_BadPFMuonDzFilter: pass=20686      all=20686      -- eff=100.00 % cumulative eff=99.97 %
Flag_eeBadScFilter: pass=20686      all=20686      -- eff=100.00 % cumulative eff=99.97 %
Flag_ecalBadCalibFilter: pass=20685      all=20686      -- eff=100.00 % cumulative eff=99.96 %
Flag_hfNoisyHitsFilter: pass=20685      all=20685      -- eff=100.00 % cumulative eff=99.96 %
Number of muons 2: pass=8731       all=20685      -- eff=42.21 % cumulative eff=42.19 %
DiMuon From Higgs: pass=8351       all=8731       -- eff=95.65 % cumulative eff=40.36 %
LeptonChargeSum: pass=8346       all=8351       -- eff=99.94 % cumulative eff=40.33 %
[2025-07-20 18:10:18.712] [main] [info] Writing quantities map to /eos/user/j/jiahua/MC_2023_inc/DYto2Mu-2Jets_MLL-105To160_amcatnloFXFX_23/5ce3be1f-8977-4570-8a6b-93ba1bea297f_vbfhmm.root
[2025-07-20 18:10:18.774] [main] [info] Finished Evaluation
[2025-07-20 18:10:18.774] [main] [info] Overall runtime (real time: 18.63, CPU time: 14.12)
