000 (11280022.066.000) 07/20 18:07:39 Job submitted from host: <188.185.121.235:9618?addrs=188.185.121.235-9618+[2001-1458-d00-49--100-36e]-9618&alias=bigbird22.cern.ch&noUDP&sock=schedd_232129_c3ca>
...
040 (11280022.066.000) 07/20 18:09:59 Started transferring input files
	Transferring to host: <128.142.248.104:9618?addrs=128.142.248.104-9618+[2001-1458-301-73--100-158]-9618&alias=b9g23p5105.cern.ch&noUDP&sock=slot1_36_1658449_19c9_30132>
...
040 (11280022.066.000) 07/20 18:09:59 Finished transferring input files
...
001 (11280022.066.000) 07/20 18:10:00 Job executing on host: <128.142.248.104:9618?addrs=128.142.248.104-9618+[2001-1458-301-73--100-158]-9618&alias=b9g23p5105.cern.ch&noUDP&sock=startd_1658410_e5d9>
	SlotName: slot1_36@b9g23p5105.cern.ch
	CondorScratchDir = "/pool/condor/dir_1548388"
	Cpus = 1
	Disk = 13025
	GPUs = 0
	Memory = 3000
...
006 (11280022.066.000) 07/20 18:10:09 Image size of job updated: 100092
	98  -  MemoryUsage of job (MB)
	100092  -  ResidentSetSize of job (KB)
...
040 (11280022.066.000) 07/20 18:11:41 Started transferring output files
...
040 (11280022.066.000) 07/20 18:11:41 Finished transferring output files
...
005 (11280022.066.000) 07/20 18:11:51 Job terminated.
	(1) Normal termination (return value 0)
		Usr 0 00:01:14, Sys 0 00:00:02  -  Run Remote Usage
		Usr 0 00:00:00, Sys 0 00:00:00  -  Run Local Usage
		Usr 0 00:01:14, Sys 0 00:00:02  -  Total Remote Usage
		Usr 0 00:00:00, Sys 0 00:00:00  -  Total Local Usage
	13501  -  Run Bytes Sent By Job
	9837493  -  Run Bytes Received By Job
	13501  -  Total Bytes Sent By Job
	9837493  -  Total Bytes Received By Job
	Partitionable Resources :    Usage  Request Allocated 
	   Cpus                 :        0        1         1 
	   Disk (KB)            :     9643    10000     13025 
	   GPUs                 :                           0 
	   Memory (MB)          :       98     3000      3000 

	Job terminated of its own accord at 2025-07-20T16:11:41Z with exit-code 0.
...
