Starting job on \n
Running on: Linux b9p13p7172.cern.ch 5.14.0-570.17.1.el9_6.x86_64 #1 SMP PREEMPT_DYNAMIC Tue May 13 06:41:18 EDT 2025 x86_64 x86_64 x86_64 GNU/Linux\n
System software: Red Hat Enterprise Linux release 9.6 (Plow)\n
Setting up CROWN for RedHatEnterprise Version 9.6
/eos/user/j/jiahua/MC_2023_inc/Muon0_Run2023C-24Jan2024_v3-v1/50f72ac3-5715-4fe1-bc2b-40af237cee93.root
[2025-07-20 18:24:11.892] [main] [info] Checking input files
[2025-07-20 18:24:19.659] [main] [info] NanoAOD input_file 1: root://cms-xrd-global.cern.ch//store/data/Run2023C/Muon0/NANOAOD/24Jan2024_v3-v1/2810000/50f72ac3-5715-4fe1-bc2b-40af237cee93.root - 2237365 Events
[2025-07-20 18:24:19.659] [main] [info] input_file 1: root://cms-xrd-global.cern.ch//store/data/Run2023C/Muon0/NANOAOD/24Jan2024_v3-v1/2810000/50f72ac3-5715-4fe1-bc2b-40af237cee93.root - SumOfGenWeight: 6.51542233e-316 
[2025-07-20 18:24:19.659] [main] [info] Output directory: /eos/user/j/jiahua/MC_2023_inc/Muon0_Run2023C-24Jan2024_v3-v1/50f72ac3-5715-4fe1-bc2b-40af237cee93.root
[2025-07-20 18:24:19.660] [main] [info] Starting Setup of Dataframe with 2237365 events
[2025-07-20 18:24:24.734] [main] [info] Finished Setup
[2025-07-20 18:24:24.734] [main] [info] Runtime for setup (real time: 5.07, CPU time: 0.60)
[2025-07-20 18:24:24.734] [main] [info] Starting Evaluation
[2025-07-20 18:24:39.510] [main] [info] 10000 / 2237365 (0.45 %) Events processed ...
[2025-07-20 18:24:39.767] [main] [info] 20000 / 2237365 (0.89 %) Events processed ...
[2025-07-20 18:24:40.045] [main] [info] 30000 / 2237365 (1.34 %) Events processed ...
[2025-07-20 18:24:40.479] [main] [info] 40000 / 2237365 (1.79 %) Events processed ...
[2025-07-20 18:24:40.728] [main] [info] 50000 / 2237365 (2.23 %) Events processed ...
[2025-07-20 18:24:40.967] [main] [info] 60000 / 2237365 (2.68 %) Events processed ...
[2025-07-20 18:24:41.361] [main] [info] 70000 / 2237365 (3.13 %) Events processed ...
[2025-07-20 18:24:45.235] [main] [info] 80000 / 2237365 (3.58 %) Events processed ...
[2025-07-20 18:24:45.482] [main] [info] 90000 / 2237365 (4.02 %) Events processed ...
[2025-07-20 18:24:45.754] [main] [info] 100000 / 2237365 (4.47 %) Events processed ...
[2025-07-20 18:24:46.185] [main] [info] 110000 / 2237365 (4.92 %) Events processed ...
[2025-07-20 18:24:46.440] [main] [info] 120000 / 2237365 (5.36 %) Events processed ...
[2025-07-20 18:24:46.686] [main] [info] 130000 / 2237365 (5.81 %) Events processed ...
[2025-07-20 18:24:47.087] [main] [info] 140000 / 2237365 (6.26 %) Events processed ...
[2025-07-20 18:24:47.368] [main] [info] 150000 / 2237365 (6.70 %) Events processed ...
[2025-07-20 18:24:51.617] [main] [info] 160000 / 2237365 (7.15 %) Events processed ...
[2025-07-20 18:24:51.900] [main] [info] 170000 / 2237365 (7.60 %) Events processed ...
[2025-07-20 18:24:52.292] [main] [info] 180000 / 2237365 (8.05 %) Events processed ...
[2025-07-20 18:24:52.547] [main] [info] 190000 / 2237365 (8.49 %) Events processed ...
[2025-07-20 18:24:52.813] [main] [info] 200000 / 2237365 (8.94 %) Events processed ...
[2025-07-20 18:24:53.257] [main] [info] 210000 / 2237365 (9.39 %) Events processed ...
[2025-07-20 18:24:53.561] [main] [info] 220000 / 2237365 (9.83 %) Events processed ...
[2025-07-20 18:24:53.805] [main] [info] 230000 / 2237365 (10.28 %) Events processed ...
[2025-07-20 18:24:58.004] [main] [info] 240000 / 2237365 (10.73 %) Events processed ...
[2025-07-20 18:24:58.391] [main] [info] 250000 / 2237365 (11.17 %) Events processed ...
[2025-07-20 18:24:58.647] [main] [info] 260000 / 2237365 (11.62 %) Events processed ...
[2025-07-20 18:24:58.921] [main] [info] 270000 / 2237365 (12.07 %) Events processed ...
[2025-07-20 18:24:59.355] [main] [info] 280000 / 2237365 (12.51 %) Events processed ...
[2025-07-20 18:24:59.696] [main] [info] 290000 / 2237365 (12.96 %) Events processed ...
[2025-07-20 18:24:59.930] [main] [info] 300000 / 2237365 (13.41 %) Events processed ...
[2025-07-20 18:25:04.170] [main] [info] 310000 / 2237365 (13.86 %) Events processed ...
[2025-07-20 18:25:04.413] [main] [info] 320000 / 2237365 (14.30 %) Events processed ...
[2025-07-20 18:25:04.665] [main] [info] 330000 / 2237365 (14.75 %) Events processed ...
[2025-07-20 18:25:04.928] [main] [info] 340000 / 2237365 (15.20 %) Events processed ...
[2025-07-20 18:25:05.351] [main] [info] 350000 / 2237365 (15.64 %) Events processed ...
[2025-07-20 18:25:05.597] [main] [info] 360000 / 2237365 (16.09 %) Events processed ...
[2025-07-20 18:25:05.829] [main] [info] 370000 / 2237365 (16.54 %) Events processed ...
[2025-07-20 18:25:06.259] [main] [info] 380000 / 2237365 (16.98 %) Events processed ...
[2025-07-20 18:25:10.355] [main] [info] 390000 / 2237365 (17.43 %) Events processed ...
[2025-07-20 18:25:10.615] [main] [info] 400000 / 2237365 (17.88 %) Events processed ...
[2025-07-20 18:25:10.892] [main] [info] 410000 / 2237365 (18.33 %) Events processed ...
[2025-07-20 18:25:11.143] [main] [info] 420000 / 2237365 (18.77 %) Events processed ...
[2025-07-20 18:25:11.368] [main] [info] 430000 / 2237365 (19.22 %) Events processed ...
[2025-07-20 18:25:11.627] [main] [info] 440000 / 2237365 (19.67 %) Events processed ...
[2025-07-20 18:25:11.872] [main] [info] 450000 / 2237365 (20.11 %) Events processed ...
[2025-07-20 18:25:12.235] [main] [info] 460000 / 2237365 (20.56 %) Events processed ...
[2025-07-20 18:25:15.735] [main] [info] 470000 / 2237365 (21.01 %) Events processed ...
[2025-07-20 18:25:16.033] [main] [info] 480000 / 2237365 (21.45 %) Events processed ...
[2025-07-20 18:25:16.260] [main] [info] 490000 / 2237365 (21.90 %) Events processed ...
[2025-07-20 18:25:16.267] [main] [info] 500000 / 2237365 (22.35 %) Events processed ...
[2025-07-20 18:25:16.274] [main] [info] 510000 / 2237365 (22.79 %) Events processed ...
[2025-07-20 18:25:16.281] [main] [info] 520000 / 2237365 (23.24 %) Events processed ...
[2025-07-20 18:25:16.288] [main] [info] 530000 / 2237365 (23.69 %) Events processed ...
[2025-07-20 18:25:16.295] [main] [info] 540000 / 2237365 (24.14 %) Events processed ...
[2025-07-20 18:25:19.086] [main] [info] 550000 / 2237365 (24.58 %) Events processed ...
[2025-07-20 18:25:19.328] [main] [info] 560000 / 2237365 (25.03 %) Events processed ...
[2025-07-20 18:25:19.500] [main] [info] 570000 / 2237365 (25.48 %) Events processed ...
[2025-07-20 18:25:19.708] [main] [info] 580000 / 2237365 (25.92 %) Events processed ...
[2025-07-20 18:25:20.086] [main] [info] 590000 / 2237365 (26.37 %) Events processed ...
[2025-07-20 18:25:20.365] [main] [info] 600000 / 2237365 (26.82 %) Events processed ...
[2025-07-20 18:25:20.631] [main] [info] 610000 / 2237365 (27.26 %) Events processed ...
[2025-07-20 18:25:23.982] [main] [info] 620000 / 2237365 (27.71 %) Events processed ...
[2025-07-20 18:25:24.334] [main] [info] 630000 / 2237365 (28.16 %) Events processed ...
[2025-07-20 18:25:24.587] [main] [info] 640000 / 2237365 (28.61 %) Events processed ...
[2025-07-20 18:25:24.868] [main] [info] 650000 / 2237365 (29.05 %) Events processed ...
[2025-07-20 18:25:25.251] [main] [info] 660000 / 2237365 (29.50 %) Events processed ...
[2025-07-20 18:25:25.500] [main] [info] 670000 / 2237365 (29.95 %) Events processed ...
[2025-07-20 18:25:25.801] [main] [info] 680000 / 2237365 (30.39 %) Events processed ...
[2025-07-20 18:25:26.247] [main] [info] 690000 / 2237365 (30.84 %) Events processed ...
[2025-07-20 18:25:29.153] [main] [info] 700000 / 2237365 (31.29 %) Events processed ...
[2025-07-20 18:25:29.425] [main] [info] 710000 / 2237365 (31.73 %) Events processed ...
[2025-07-20 18:25:29.730] [main] [info] 720000 / 2237365 (32.18 %) Events processed ...
[2025-07-20 18:25:30.130] [main] [info] 730000 / 2237365 (32.63 %) Events processed ...
[2025-07-20 18:25:30.391] [main] [info] 740000 / 2237365 (33.07 %) Events processed ...
[2025-07-20 18:25:30.674] [main] [info] 750000 / 2237365 (33.52 %) Events processed ...
[2025-07-20 18:25:31.098] [main] [info] 760000 / 2237365 (33.97 %) Events processed ...
[2025-07-20 18:25:31.368] [main] [info] 770000 / 2237365 (34.42 %) Events processed ...
[2025-07-20 18:25:34.299] [main] [info] 780000 / 2237365 (34.86 %) Events processed ...
[2025-07-20 18:25:34.722] [main] [info] 790000 / 2237365 (35.31 %) Events processed ...
[2025-07-20 18:25:34.992] [main] [info] 800000 / 2237365 (35.76 %) Events processed ...
[2025-07-20 18:25:35.253] [main] [info] 810000 / 2237365 (36.20 %) Events processed ...
[2025-07-20 18:25:35.544] [main] [info] 820000 / 2237365 (36.65 %) Events processed ...
[2025-07-20 18:25:35.946] [main] [info] 830000 / 2237365 (37.10 %) Events processed ...
[2025-07-20 18:25:36.212] [main] [info] 840000 / 2237365 (37.54 %) Events processed ...
[2025-07-20 18:25:36.482] [main] [info] 850000 / 2237365 (37.99 %) Events processed ...
[2025-07-20 18:25:39.202] [main] [info] 860000 / 2237365 (38.44 %) Events processed ...
[2025-07-20 18:25:39.450] [main] [info] 870000 / 2237365 (38.89 %) Events processed ...
[2025-07-20 18:25:39.699] [main] [info] 880000 / 2237365 (39.33 %) Events processed ...
[2025-07-20 18:25:40.044] [main] [info] 890000 / 2237365 (39.78 %) Events processed ...
[2025-07-20 18:25:40.424] [main] [info] 900000 / 2237365 (40.23 %) Events processed ...
[2025-07-20 18:25:40.694] [main] [info] 910000 / 2237365 (40.67 %) Events processed ...
[2025-07-20 18:25:40.972] [main] [info] 920000 / 2237365 (41.12 %) Events processed ...
[2025-07-20 18:25:43.547] [main] [info] 930000 / 2237365 (41.57 %) Events processed ...
[2025-07-20 18:25:43.796] [main] [info] 940000 / 2237365 (42.01 %) Events processed ...
[2025-07-20 18:25:44.045] [main] [info] 950000 / 2237365 (42.46 %) Events processed ...
[2025-07-20 18:25:44.317] [main] [info] 960000 / 2237365 (42.91 %) Events processed ...
[2025-07-20 18:25:44.695] [main] [info] 970000 / 2237365 (43.35 %) Events processed ...
[2025-07-20 18:25:44.950] [main] [info] 980000 / 2237365 (43.80 %) Events processed ...
[2025-07-20 18:25:45.198] [main] [info] 990000 / 2237365 (44.25 %) Events processed ...
[2025-07-20 18:25:45.611] [main] [info] 1000000 / 2237365 (44.70 %) Events processed ...
[2025-07-20 18:25:47.897] [main] [info] 1010000 / 2237365 (45.14 %) Events processed ...
[2025-07-20 18:25:48.182] [main] [info] 1020000 / 2237365 (45.59 %) Events processed ...
[2025-07-20 18:25:48.646] [main] [info] 1030000 / 2237365 (46.04 %) Events processed ...
[2025-07-20 18:25:48.902] [main] [info] 1040000 / 2237365 (46.48 %) Events processed ...
[2025-07-20 18:25:49.157] [main] [info] 1050000 / 2237365 (46.93 %) Events processed ...
[2025-07-20 18:25:49.414] [main] [info] 1060000 / 2237365 (47.38 %) Events processed ...
[2025-07-20 18:25:49.797] [main] [info] 1070000 / 2237365 (47.82 %) Events processed ...
[2025-07-20 18:25:50.039] [main] [info] 1080000 / 2237365 (48.27 %) Events processed ...
[2025-07-20 18:25:52.413] [main] [info] 1090000 / 2237365 (48.72 %) Events processed ...
[2025-07-20 18:25:52.853] [main] [info] 1100000 / 2237365 (49.16 %) Events processed ...
[2025-07-20 18:25:53.114] [main] [info] 1110000 / 2237365 (49.61 %) Events processed ...
[2025-07-20 18:25:53.364] [main] [info] 1120000 / 2237365 (50.06 %) Events processed ...
[2025-07-20 18:25:53.643] [main] [info] 1130000 / 2237365 (50.51 %) Events processed ...
[2025-07-20 18:25:53.985] [main] [info] 1140000 / 2237365 (50.95 %) Events processed ...
[2025-07-20 18:25:54.241] [main] [info] 1150000 / 2237365 (51.40 %) Events processed ...
[2025-07-20 18:25:54.566] [main] [info] 1160000 / 2237365 (51.85 %) Events processed ...
[2025-07-20 18:25:57.057] [main] [info] 1170000 / 2237365 (52.29 %) Events processed ...
[2025-07-20 18:25:57.370] [main] [info] 1180000 / 2237365 (52.74 %) Events processed ...
[2025-07-20 18:25:57.696] [main] [info] 1190000 / 2237365 (53.19 %) Events processed ...
[2025-07-20 18:25:58.020] [main] [info] 1200000 / 2237365 (53.63 %) Events processed ...
[2025-07-20 18:25:58.575] [main] [info] 1210000 / 2237365 (54.08 %) Events processed ...
[2025-07-20 18:25:58.874] [main] [info] 1220000 / 2237365 (54.53 %) Events processed ...
[2025-07-20 18:25:59.133] [main] [info] 1230000 / 2237365 (54.98 %) Events processed ...
[2025-07-20 18:26:01.932] [main] [info] 1240000 / 2237365 (55.42 %) Events processed ...
[2025-07-20 18:26:02.217] [main] [info] 1250000 / 2237365 (55.87 %) Events processed ...
[2025-07-20 18:26:02.528] [main] [info] 1260000 / 2237365 (56.32 %) Events processed ...
[2025-07-20 18:26:03.027] [main] [info] 1270000 / 2237365 (56.76 %) Events processed ...
[2025-07-20 18:26:03.332] [main] [info] 1280000 / 2237365 (57.21 %) Events processed ...
[2025-07-20 18:26:03.629] [main] [info] 1290000 / 2237365 (57.66 %) Events processed ...
[2025-07-20 18:26:03.956] [main] [info] 1300000 / 2237365 (58.10 %) Events processed ...
[2025-07-20 18:26:04.339] [main] [info] 1310000 / 2237365 (58.55 %) Events processed ...
[2025-07-20 18:26:06.798] [main] [info] 1320000 / 2237365 (59.00 %) Events processed ...
[2025-07-20 18:26:07.154] [main] [info] 1330000 / 2237365 (59.44 %) Events processed ...
[2025-07-20 18:26:07.671] [main] [info] 1340000 / 2237365 (59.89 %) Events processed ...
[2025-07-20 18:26:07.925] [main] [info] 1350000 / 2237365 (60.34 %) Events processed ...
[2025-07-20 18:26:08.170] [main] [info] 1360000 / 2237365 (60.79 %) Events processed ...
[2025-07-20 18:26:08.435] [main] [info] 1370000 / 2237365 (61.23 %) Events processed ...
[2025-07-20 18:26:08.820] [main] [info] 1380000 / 2237365 (61.68 %) Events processed ...
[2025-07-20 18:26:09.064] [main] [info] 1390000 / 2237365 (62.13 %) Events processed ...
[2025-07-20 18:26:11.422] [main] [info] 1400000 / 2237365 (62.57 %) Events processed ...
[2025-07-20 18:26:11.922] [main] [info] 1410000 / 2237365 (63.02 %) Events processed ...
[2025-07-20 18:26:12.188] [main] [info] 1420000 / 2237365 (63.47 %) Events processed ...
[2025-07-20 18:26:12.453] [main] [info] 1430000 / 2237365 (63.91 %) Events processed ...
[2025-07-20 18:26:12.727] [main] [info] 1440000 / 2237365 (64.36 %) Events processed ...
[2025-07-20 18:26:13.103] [main] [info] 1450000 / 2237365 (64.81 %) Events processed ...
[2025-07-20 18:26:13.374] [main] [info] 1460000 / 2237365 (65.26 %) Events processed ...
[2025-07-20 18:26:13.635] [main] [info] 1470000 / 2237365 (65.70 %) Events processed ...
[2025-07-20 18:26:16.295] [main] [info] 1480000 / 2237365 (66.15 %) Events processed ...
[2025-07-20 18:26:16.570] [main] [info] 1490000 / 2237365 (66.60 %) Events processed ...
[2025-07-20 18:26:16.833] [main] [info] 1500000 / 2237365 (67.04 %) Events processed ...
[2025-07-20 18:26:17.228] [main] [info] 1510000 / 2237365 (67.49 %) Events processed ...
[2025-07-20 18:26:17.484] [main] [info] 1520000 / 2237365 (67.94 %) Events processed ...
[2025-07-20 18:26:17.770] [main] [info] 1530000 / 2237365 (68.38 %) Events processed ...
[2025-07-20 18:26:18.024] [main] [info] 1540000 / 2237365 (68.83 %) Events processed ...
[2025-07-20 18:26:18.420] [main] [info] 1550000 / 2237365 (69.28 %) Events processed ...
[2025-07-20 18:26:20.813] [main] [info] 1560000 / 2237365 (69.72 %) Events processed ...
[2025-07-20 18:26:21.069] [main] [info] 1570000 / 2237365 (70.17 %) Events processed ...
[2025-07-20 18:26:21.460] [main] [info] 1580000 / 2237365 (70.62 %) Events processed ...
[2025-07-20 18:26:21.718] [main] [info] 1590000 / 2237365 (71.07 %) Events processed ...
[2025-07-20 18:26:21.972] [main] [info] 1600000 / 2237365 (71.51 %) Events processed ...
[2025-07-20 18:26:22.237] [main] [info] 1610000 / 2237365 (71.96 %) Events processed ...
[2025-07-20 18:26:22.494] [main] [info] 1620000 / 2237365 (72.41 %) Events processed ...
[2025-07-20 18:26:22.747] [main] [info] 1630000 / 2237365 (72.85 %) Events processed ...
[2025-07-20 18:26:23.093] [main] [info] 1640000 / 2237365 (73.30 %) Events processed ...
[2025-07-20 18:26:25.786] [main] [info] 1650000 / 2237365 (73.75 %) Events processed ...
[2025-07-20 18:26:26.034] [main] [info] 1660000 / 2237365 (74.19 %) Events processed ...
[2025-07-20 18:26:26.289] [main] [info] 1670000 / 2237365 (74.64 %) Events processed ...
[2025-07-20 18:26:26.557] [main] [info] 1680000 / 2237365 (75.09 %) Events processed ...
[2025-07-20 18:26:26.932] [main] [info] 1690000 / 2237365 (75.54 %) Events processed ...
[2025-07-20 18:26:27.198] [main] [info] 1700000 / 2237365 (75.98 %) Events processed ...
[2025-07-20 18:26:27.463] [main] [info] 1710000 / 2237365 (76.43 %) Events processed ...
[2025-07-20 18:26:27.846] [main] [info] 1720000 / 2237365 (76.88 %) Events processed ...
[2025-07-20 18:26:30.319] [main] [info] 1730000 / 2237365 (77.32 %) Events processed ...
[2025-07-20 18:26:30.592] [main] [info] 1740000 / 2237365 (77.77 %) Events processed ...
[2025-07-20 18:26:31.015] [main] [info] 1750000 / 2237365 (78.22 %) Events processed ...
[2025-07-20 18:26:31.273] [main] [info] 1760000 / 2237365 (78.66 %) Events processed ...
[2025-07-20 18:26:31.524] [main] [info] 1770000 / 2237365 (79.11 %) Events processed ...
[2025-07-20 18:26:31.779] [main] [info] 1780000 / 2237365 (79.56 %) Events processed ...
[2025-07-20 18:26:32.173] [main] [info] 1790000 / 2237365 (80.00 %) Events processed ...
[2025-07-20 18:26:32.427] [main] [info] 1800000 / 2237365 (80.45 %) Events processed ...
[2025-07-20 18:26:32.683] [main] [info] 1810000 / 2237365 (80.90 %) Events processed ...
[2025-07-20 18:26:35.354] [main] [info] 1820000 / 2237365 (81.35 %) Events processed ...
[2025-07-20 18:26:35.601] [main] [info] 1830000 / 2237365 (81.79 %) Events processed ...
[2025-07-20 18:26:35.854] [main] [info] 1840000 / 2237365 (82.24 %) Events processed ...
[2025-07-20 18:26:36.115] [main] [info] 1850000 / 2237365 (82.69 %) Events processed ...
[2025-07-20 18:26:36.571] [main] [info] 1860000 / 2237365 (83.13 %) Events processed ...
[2025-07-20 18:26:36.808] [main] [info] 1870000 / 2237365 (83.58 %) Events processed ...
[2025-07-20 18:26:37.055] [main] [info] 1880000 / 2237365 (84.03 %) Events processed ...
[2025-07-20 18:26:37.455] [main] [info] 1890000 / 2237365 (84.47 %) Events processed ...
[2025-07-20 18:26:39.807] [main] [info] 1900000 / 2237365 (84.92 %) Events processed ...
[2025-07-20 18:26:40.053] [main] [info] 1910000 / 2237365 (85.37 %) Events processed ...
[2025-07-20 18:26:40.315] [main] [info] 1920000 / 2237365 (85.82 %) Events processed ...
[2025-07-20 18:26:40.680] [main] [info] 1930000 / 2237365 (86.26 %) Events processed ...
[2025-07-20 18:26:40.934] [main] [info] 1940000 / 2237365 (86.71 %) Events processed ...
[2025-07-20 18:26:41.190] [main] [info] 1950000 / 2237365 (87.16 %) Events processed ...
[2025-07-20 18:26:41.588] [main] [info] 1960000 / 2237365 (87.60 %) Events processed ...
[2025-07-20 18:26:41.823] [main] [info] 1970000 / 2237365 (88.05 %) Events processed ...
[2025-07-20 18:26:43.643] [main] [info] 1980000 / 2237365 (88.50 %) Events processed ...
[2025-07-20 18:26:43.944] [main] [info] 1990000 / 2237365 (88.94 %) Events processed ...
[2025-07-20 18:26:44.231] [main] [info] 2000000 / 2237365 (89.39 %) Events processed ...
[2025-07-20 18:26:44.463] [main] [info] 2010000 / 2237365 (89.84 %) Events processed ...
[2025-07-20 18:26:44.676] [main] [info] 2020000 / 2237365 (90.28 %) Events processed ...
[2025-07-20 18:26:46.553] [main] [info] 2030000 / 2237365 (90.73 %) Events processed ...
[2025-07-20 18:26:46.815] [main] [info] 2040000 / 2237365 (91.18 %) Events processed ...
[2025-07-20 18:26:47.061] [main] [info] 2050000 / 2237365 (91.63 %) Events processed ...
[2025-07-20 18:26:47.464] [main] [info] 2060000 / 2237365 (92.07 %) Events processed ...
[2025-07-20 18:26:47.716] [main] [info] 2070000 / 2237365 (92.52 %) Events processed ...
[2025-07-20 18:26:47.965] [main] [info] 2080000 / 2237365 (92.97 %) Events processed ...
[2025-07-20 18:26:48.238] [main] [info] 2090000 / 2237365 (93.41 %) Events processed ...
[2025-07-20 18:26:48.622] [main] [info] 2100000 / 2237365 (93.86 %) Events processed ...
[2025-07-20 18:26:51.090] [main] [info] 2110000 / 2237365 (94.31 %) Events processed ...
[2025-07-20 18:26:51.351] [main] [info] 2120000 / 2237365 (94.75 %) Events processed ...
[2025-07-20 18:26:51.751] [main] [info] 2130000 / 2237365 (95.20 %) Events processed ...
[2025-07-20 18:26:52.091] [main] [info] 2140000 / 2237365 (95.65 %) Events processed ...
[2025-07-20 18:26:52.346] [main] [info] 2150000 / 2237365 (96.10 %) Events processed ...
[2025-07-20 18:26:52.625] [main] [info] 2160000 / 2237365 (96.54 %) Events processed ...
[2025-07-20 18:26:53.007] [main] [info] 2170000 / 2237365 (96.99 %) Events processed ...
[2025-07-20 18:26:53.262] [main] [info] 2180000 / 2237365 (97.44 %) Events processed ...
[2025-07-20 18:26:55.346] [main] [info] 2190000 / 2237365 (97.88 %) Events processed ...
[2025-07-20 18:26:55.722] [main] [info] 2200000 / 2237365 (98.33 %) Events processed ...
[2025-07-20 18:26:55.990] [main] [info] 2210000 / 2237365 (98.78 %) Events processed ...
[2025-07-20 18:26:56.251] [main] [info] 2220000 / 2237365 (99.22 %) Events processed ...
[2025-07-20 18:26:56.559] [main] [info] 2230000 / 2237365 (99.67 %) Events processed ...
[2025-07-20 18:26:56.981] [main] [info] vbfhmm:
GoldenJSONFilter: pass=2165036    all=2237365    -- eff=96.77 % cumulative eff=96.77 %
Flag_goodVertices: pass=2161254    all=2165036    -- eff=99.83 % cumulative eff=96.60 %
Flag_globalSuperTightHalo2016Filter: pass=2160621    all=2161254    -- eff=99.97 % cumulative eff=96.57 %
Flag_EcalDeadCellTriggerPrimitiveFilter: pass=2160559    all=2160621    -- eff=100.00 % cumulative eff=96.57 %
Flag_BadPFMuonFilter: pass=2159529    all=2160559    -- eff=99.95 % cumulative eff=96.52 %
Flag_BadPFMuonDzFilter: pass=2159171    all=2159529    -- eff=99.98 % cumulative eff=96.51 %
Flag_eeBadScFilter: pass=2159171    all=2159171    -- eff=100.00 % cumulative eff=96.51 %
Flag_ecalBadCalibFilter: pass=2159019    all=2159171    -- eff=99.99 % cumulative eff=96.50 %
Flag_hfNoisyHitsFilter: pass=2155691    all=2159019    -- eff=99.85 % cumulative eff=96.35 %
Number of muons 2: pass=74502      all=2155691    -- eff=3.46 % cumulative eff=3.33 %
DiMuon From Higgs: pass=66867      all=74502      -- eff=89.75 % cumulative eff=2.99 %
LeptonChargeSum: pass=66848      all=66867      -- eff=99.97 % cumulative eff=2.99 %
[2025-07-20 18:26:57.295] [main] [info] Writing quantities map to /eos/user/j/jiahua/MC_2023_inc/Muon0_Run2023C-24Jan2024_v3-v1/50f72ac3-5715-4fe1-bc2b-40af237cee93_vbfhmm.root
[2025-07-20 18:26:57.509] [main] [info] Finished Evaluation
[2025-07-20 18:26:57.509] [main] [info] Overall runtime (real time: 157.85, CPU time: 76.47)
