000 (11280036.033.000) 07/20 18:18:58 Job submitted from host: <188.185.121.235:9618?addrs=188.185.121.235-9618+[2001-1458-d00-49--100-36e]-9618&alias=bigbird22.cern.ch&noUDP&sock=schedd_232129_c3ca>
...
040 (11280036.033.000) 07/20 18:21:39 Started transferring input files
	Transferring to host: <188.185.193.184:9618?addrs=188.185.193.184-9618+[2001-1458-303-20--100-b4]-9618&alias=b9p19p7953.cern.ch&noUDP&sock=slot1_5_5364_2c53_36526>
...
040 (11280036.033.000) 07/20 18:21:39 Finished transferring input files
...
001 (11280036.033.000) 07/20 18:21:40 Job executing on host: <188.185.193.184:9618?addrs=188.185.193.184-9618+[2001-1458-303-20--100-b4]-9618&alias=b9p19p7953.cern.ch&noUDP&sock=startd_4760_8ae4>
	SlotName: slot1_5@b9p19p7953.cern.ch
	CondorScratchDir = "/pool/condor/dir_2532856"
	Cpus = 1
	Disk = 12988
	GPUs = 0
	Memory = 3000
...
006 (11280036.033.000) 07/20 18:21:54 Image size of job updated: 33752
	2  -  MemoryUsage of job (MB)
	1044  -  ResidentSetSize of job (KB)
...
006 (11280036.033.000) 07/20 18:24:00 Image size of job updated: 264764
	2  -  MemoryUsage of job (MB)
	1056  -  ResidentSetSize of job (KB)
...
040 (11280036.033.000) 07/20 18:24:00 Started transferring output files
...
040 (11280036.033.000) 07/20 18:24:00 Finished transferring output files
...
005 (11280036.033.000) 07/20 18:24:00 Job terminated.
	(1) Normal termination (return value 0)
		Usr 0 00:01:22, Sys 0 00:00:03  -  Run Remote Usage
		Usr 0 00:00:00, Sys 0 00:00:00  -  Run Local Usage
		Usr 0 00:01:22, Sys 0 00:00:03  -  Total Remote Usage
		Usr 0 00:00:00, Sys 0 00:00:00  -  Total Local Usage
	27040  -  Run Bytes Sent By Job
	9837813  -  Run Bytes Received By Job
	27040  -  Total Bytes Sent By Job
	9837813  -  Total Bytes Received By Job
	Partitionable Resources :    Usage  Request Allocated 
	   Cpus                 :     0.65        1         1 
	   Disk (KB)            :  9657       10000     12988 
	   GPUs                 :                           0 
	   Memory (MB)          :     2        3000      3000 

	Job terminated of its own accord at 2025-07-20T16:24:00Z with exit-code 0.
...
