Starting job on \n
Running on: Linux b9p17p0403.cern.ch 5.14.0-570.17.1.el9_6.x86_64 #1 SMP PREEMPT_DYNAMIC Tue May 13 06:41:18 EDT 2025 x86_64 x86_64 x86_64 GNU/Linux\n
System software: Red Hat Enterprise Linux release 9.6 (Plow)\n
Setting up CROWN for RedHatEnterprise Version 9.6
/eos/user/j/jiahua/MC_2023_inc/Muon0_Run2023C-24Jan2024_v4-v1/99f33cc0-1f68-46e3-8d73-64325516c4cd.root
[2025-07-20 18:23:13.121] [main] [info] Checking input files
[2025-07-20 18:23:18.905] [main] [info] NanoAOD input_file 1: root://cms-xrd-global.cern.ch//store/data/Run2023C/Muon0/NANOAOD/24Jan2024_v4-v1/2820000/99f33cc0-1f68-46e3-8d73-64325516c4cd.root - 1971803 Events
[2025-07-20 18:23:18.905] [main] [info] input_file 1: root://cms-xrd-global.cern.ch//store/data/Run2023C/Muon0/NANOAOD/24Jan2024_v4-v1/2820000/99f33cc0-1f68-46e3-8d73-64325516c4cd.root - SumOfGenWeight: 1.9087763e-315 
[2025-07-20 18:23:18.905] [main] [info] Output directory: /eos/user/j/jiahua/MC_2023_inc/Muon0_Run2023C-24Jan2024_v4-v1/99f33cc0-1f68-46e3-8d73-64325516c4cd.root
[2025-07-20 18:23:18.906] [main] [info] Starting Setup of Dataframe with 1971803 events
[2025-07-20 18:23:23.135] [main] [info] Finished Setup
[2025-07-20 18:23:23.136] [main] [info] Runtime for setup (real time: 4.23, CPU time: 3.52)
[2025-07-20 18:23:23.136] [main] [info] Starting Evaluation
[2025-07-20 18:23:36.291] [main] [info] 10000 / 1971803 (0.51 %) Events processed ...
[2025-07-20 18:23:36.545] [main] [info] 20000 / 1971803 (1.01 %) Events processed ...
[2025-07-20 18:23:36.809] [main] [info] 30000 / 1971803 (1.52 %) Events processed ...
[2025-07-20 18:23:37.006] [main] [info] 40000 / 1971803 (2.03 %) Events processed ...
[2025-07-20 18:23:37.412] [main] [info] 50000 / 1971803 (2.54 %) Events processed ...
[2025-07-20 18:23:37.688] [main] [info] 60000 / 1971803 (3.04 %) Events processed ...
[2025-07-20 18:23:38.023] [main] [info] 70000 / 1971803 (3.55 %) Events processed ...
[2025-07-20 18:23:38.225] [main] [info] 80000 / 1971803 (4.06 %) Events processed ...
[2025-07-20 18:23:38.658] [main] [info] 90000 / 1971803 (4.56 %) Events processed ...
[2025-07-20 18:23:39.012] [main] [info] 100000 / 1971803 (5.07 %) Events processed ...
[2025-07-20 18:23:39.363] [main] [info] 110000 / 1971803 (5.58 %) Events processed ...
[2025-07-20 18:23:39.703] [main] [info] 120000 / 1971803 (6.09 %) Events processed ...
[2025-07-20 18:23:39.939] [main] [info] 130000 / 1971803 (6.59 %) Events processed ...
[2025-07-20 18:23:40.216] [main] [info] 140000 / 1971803 (7.10 %) Events processed ...
[2025-07-20 18:23:40.442] [main] [info] 150000 / 1971803 (7.61 %) Events processed ...
[2025-07-20 18:23:40.731] [main] [info] 160000 / 1971803 (8.11 %) Events processed ...
[2025-07-20 18:23:41.135] [main] [info] 170000 / 1971803 (8.62 %) Events processed ...
[2025-07-20 18:23:41.426] [main] [info] 180000 / 1971803 (9.13 %) Events processed ...
[2025-07-20 18:23:41.798] [main] [info] 190000 / 1971803 (9.64 %) Events processed ...
[2025-07-20 18:23:42.108] [main] [info] 200000 / 1971803 (10.14 %) Events processed ...
[2025-07-20 18:23:45.778] [main] [info] 210000 / 1971803 (10.65 %) Events processed ...
[2025-07-20 18:23:46.054] [main] [info] 220000 / 1971803 (11.16 %) Events processed ...
[2025-07-20 18:23:46.429] [main] [info] 230000 / 1971803 (11.66 %) Events processed ...
[2025-07-20 18:23:46.729] [main] [info] 240000 / 1971803 (12.17 %) Events processed ...
[2025-07-20 18:23:46.961] [main] [info] 250000 / 1971803 (12.68 %) Events processed ...
[2025-07-20 18:23:47.368] [main] [info] 260000 / 1971803 (13.19 %) Events processed ...
[2025-07-20 18:23:47.616] [main] [info] 270000 / 1971803 (13.69 %) Events processed ...
[2025-07-20 18:23:48.002] [main] [info] 280000 / 1971803 (14.20 %) Events processed ...
[2025-07-20 18:23:48.289] [main] [info] 290000 / 1971803 (14.71 %) Events processed ...
[2025-07-20 18:23:48.761] [main] [info] 300000 / 1971803 (15.21 %) Events processed ...
[2025-07-20 18:23:49.023] [main] [info] 310000 / 1971803 (15.72 %) Events processed ...
[2025-07-20 18:23:49.362] [main] [info] 320000 / 1971803 (16.23 %) Events processed ...
[2025-07-20 18:23:49.696] [main] [info] 330000 / 1971803 (16.74 %) Events processed ...
[2025-07-20 18:23:50.026] [main] [info] 340000 / 1971803 (17.24 %) Events processed ...
[2025-07-20 18:23:50.348] [main] [info] 350000 / 1971803 (17.75 %) Events processed ...
[2025-07-20 18:23:50.680] [main] [info] 360000 / 1971803 (18.26 %) Events processed ...
[2025-07-20 18:23:50.939] [main] [info] 370000 / 1971803 (18.76 %) Events processed ...
[2025-07-20 18:23:51.301] [main] [info] 380000 / 1971803 (19.27 %) Events processed ...
[2025-07-20 18:23:51.583] [main] [info] 390000 / 1971803 (19.78 %) Events processed ...
[2025-07-20 18:23:54.695] [main] [info] 400000 / 1971803 (20.29 %) Events processed ...
[2025-07-20 18:23:55.005] [main] [info] 410000 / 1971803 (20.79 %) Events processed ...
[2025-07-20 18:23:55.353] [main] [info] 420000 / 1971803 (21.30 %) Events processed ...
[2025-07-20 18:23:55.653] [main] [info] 430000 / 1971803 (21.81 %) Events processed ...
[2025-07-20 18:23:55.962] [main] [info] 440000 / 1971803 (22.31 %) Events processed ...
[2025-07-20 18:23:56.153] [main] [info] 450000 / 1971803 (22.82 %) Events processed ...
[2025-07-20 18:23:56.524] [main] [info] 460000 / 1971803 (23.33 %) Events processed ...
[2025-07-20 18:23:56.796] [main] [info] 470000 / 1971803 (23.84 %) Events processed ...
[2025-07-20 18:23:57.181] [main] [info] 480000 / 1971803 (24.34 %) Events processed ...
[2025-07-20 18:23:57.448] [main] [info] 490000 / 1971803 (24.85 %) Events processed ...
[2025-07-20 18:23:57.672] [main] [info] 500000 / 1971803 (25.36 %) Events processed ...
[2025-07-20 18:23:58.070] [main] [info] 510000 / 1971803 (25.86 %) Events processed ...
[2025-07-20 18:23:58.330] [main] [info] 520000 / 1971803 (26.37 %) Events processed ...
[2025-07-20 18:23:58.713] [main] [info] 530000 / 1971803 (26.88 %) Events processed ...
[2025-07-20 18:23:58.998] [main] [info] 540000 / 1971803 (27.39 %) Events processed ...
[2025-07-20 18:23:59.378] [main] [info] 550000 / 1971803 (27.89 %) Events processed ...
[2025-07-20 18:23:59.660] [main] [info] 560000 / 1971803 (28.40 %) Events processed ...
[2025-07-20 18:24:00.067] [main] [info] 570000 / 1971803 (28.91 %) Events processed ...
[2025-07-20 18:24:00.404] [main] [info] 580000 / 1971803 (29.41 %) Events processed ...
[2025-07-20 18:24:04.125] [main] [info] 590000 / 1971803 (29.92 %) Events processed ...
[2025-07-20 18:24:04.445] [main] [info] 600000 / 1971803 (30.43 %) Events processed ...
[2025-07-20 18:24:04.765] [main] [info] 610000 / 1971803 (30.94 %) Events processed ...
[2025-07-20 18:24:05.090] [main] [info] 620000 / 1971803 (31.44 %) Events processed ...
[2025-07-20 18:24:05.383] [main] [info] 630000 / 1971803 (31.95 %) Events processed ...
[2025-07-20 18:24:05.666] [main] [info] 640000 / 1971803 (32.46 %) Events processed ...
[2025-07-20 18:24:06.023] [main] [info] 650000 / 1971803 (32.96 %) Events processed ...
[2025-07-20 18:24:06.328] [main] [info] 660000 / 1971803 (33.47 %) Events processed ...
[2025-07-20 18:24:06.683] [main] [info] 670000 / 1971803 (33.98 %) Events processed ...
[2025-07-20 18:24:06.949] [main] [info] 680000 / 1971803 (34.49 %) Events processed ...
[2025-07-20 18:24:07.333] [main] [info] 690000 / 1971803 (34.99 %) Events processed ...
[2025-07-20 18:24:07.624] [main] [info] 700000 / 1971803 (35.50 %) Events processed ...
[2025-07-20 18:24:08.013] [main] [info] 710000 / 1971803 (36.01 %) Events processed ...
[2025-07-20 18:24:08.323] [main] [info] 720000 / 1971803 (36.51 %) Events processed ...
[2025-07-20 18:24:08.704] [main] [info] 730000 / 1971803 (37.02 %) Events processed ...
[2025-07-20 18:24:08.990] [main] [info] 740000 / 1971803 (37.53 %) Events processed ...
[2025-07-20 18:24:09.222] [main] [info] 750000 / 1971803 (38.04 %) Events processed ...
[2025-07-20 18:24:09.627] [main] [info] 760000 / 1971803 (38.54 %) Events processed ...
[2025-07-20 18:24:09.869] [main] [info] 770000 / 1971803 (39.05 %) Events processed ...
[2025-07-20 18:24:12.808] [main] [info] 780000 / 1971803 (39.56 %) Events processed ...
[2025-07-20 18:24:13.095] [main] [info] 790000 / 1971803 (40.06 %) Events processed ...
[2025-07-20 18:24:13.492] [main] [info] 800000 / 1971803 (40.57 %) Events processed ...
[2025-07-20 18:24:13.785] [main] [info] 810000 / 1971803 (41.08 %) Events processed ...
[2025-07-20 18:24:14.106] [main] [info] 820000 / 1971803 (41.59 %) Events processed ...
[2025-07-20 18:24:14.427] [main] [info] 830000 / 1971803 (42.09 %) Events processed ...
[2025-07-20 18:24:14.763] [main] [info] 840000 / 1971803 (42.60 %) Events processed ...
[2025-07-20 18:24:15.178] [main] [info] 850000 / 1971803 (43.11 %) Events processed ...
[2025-07-20 18:24:15.509] [main] [info] 860000 / 1971803 (43.61 %) Events processed ...
[2025-07-20 18:24:15.801] [main] [info] 870000 / 1971803 (44.12 %) Events processed ...
[2025-07-20 18:24:16.048] [main] [info] 880000 / 1971803 (44.63 %) Events processed ...
[2025-07-20 18:24:16.297] [main] [info] 890000 / 1971803 (45.14 %) Events processed ...
[2025-07-20 18:24:16.629] [main] [info] 900000 / 1971803 (45.64 %) Events processed ...
[2025-07-20 18:24:16.920] [main] [info] 910000 / 1971803 (46.15 %) Events processed ...
[2025-07-20 18:24:17.276] [main] [info] 920000 / 1971803 (46.66 %) Events processed ...
[2025-07-20 18:24:17.558] [main] [info] 930000 / 1971803 (47.16 %) Events processed ...
[2025-07-20 18:24:17.925] [main] [info] 940000 / 1971803 (47.67 %) Events processed ...
[2025-07-20 18:24:18.215] [main] [info] 950000 / 1971803 (48.18 %) Events processed ...
[2025-07-20 18:24:21.959] [main] [info] 960000 / 1971803 (48.69 %) Events processed ...
[2025-07-20 18:24:22.242] [main] [info] 970000 / 1971803 (49.19 %) Events processed ...
[2025-07-20 18:24:22.635] [main] [info] 980000 / 1971803 (49.70 %) Events processed ...
[2025-07-20 18:24:22.752] [main] [info] 990000 / 1971803 (50.21 %) Events processed ...
[2025-07-20 18:24:22.758] [main] [info] 1000000 / 1971803 (50.72 %) Events processed ...
[2025-07-20 18:24:22.766] [main] [info] 1010000 / 1971803 (51.22 %) Events processed ...
[2025-07-20 18:24:22.773] [main] [info] 1020000 / 1971803 (51.73 %) Events processed ...
[2025-07-20 18:24:22.780] [main] [info] 1030000 / 1971803 (52.24 %) Events processed ...
[2025-07-20 18:24:22.787] [main] [info] 1040000 / 1971803 (52.74 %) Events processed ...
[2025-07-20 18:24:22.795] [main] [info] 1050000 / 1971803 (53.25 %) Events processed ...
[2025-07-20 18:24:22.801] [main] [info] 1060000 / 1971803 (53.76 %) Events processed ...
[2025-07-20 18:24:22.810] [main] [info] 1070000 / 1971803 (54.27 %) Events processed ...
[2025-07-20 18:24:22.821] [main] [info] 1080000 / 1971803 (54.77 %) Events processed ...
[2025-07-20 18:24:22.832] [main] [info] 1090000 / 1971803 (55.28 %) Events processed ...
[2025-07-20 18:24:22.842] [main] [info] 1100000 / 1971803 (55.79 %) Events processed ...
[2025-07-20 18:24:23.275] [main] [info] 1110000 / 1971803 (56.29 %) Events processed ...
[2025-07-20 18:24:23.538] [main] [info] 1120000 / 1971803 (56.80 %) Events processed ...
[2025-07-20 18:24:23.912] [main] [info] 1130000 / 1971803 (57.31 %) Events processed ...
[2025-07-20 18:24:24.168] [main] [info] 1140000 / 1971803 (57.82 %) Events processed ...
[2025-07-20 18:24:24.400] [main] [info] 1150000 / 1971803 (58.32 %) Events processed ...
[2025-07-20 18:24:24.583] [main] [info] 1160000 / 1971803 (58.83 %) Events processed ...
[2025-07-20 18:24:28.100] [main] [info] 1170000 / 1971803 (59.34 %) Events processed ...
[2025-07-20 18:24:28.373] [main] [info] 1180000 / 1971803 (59.84 %) Events processed ...
[2025-07-20 18:24:28.732] [main] [info] 1190000 / 1971803 (60.35 %) Events processed ...
[2025-07-20 18:24:29.007] [main] [info] 1200000 / 1971803 (60.86 %) Events processed ...
[2025-07-20 18:24:29.247] [main] [info] 1210000 / 1971803 (61.37 %) Events processed ...
[2025-07-20 18:24:29.493] [main] [info] 1220000 / 1971803 (61.87 %) Events processed ...
[2025-07-20 18:24:29.742] [main] [info] 1230000 / 1971803 (62.38 %) Events processed ...
[2025-07-20 18:24:30.024] [main] [info] 1240000 / 1971803 (62.89 %) Events processed ...
[2025-07-20 18:24:30.230] [main] [info] 1250000 / 1971803 (63.39 %) Events processed ...
[2025-07-20 18:24:30.529] [main] [info] 1260000 / 1971803 (63.90 %) Events processed ...
[2025-07-20 18:24:30.697] [main] [info] 1270000 / 1971803 (64.41 %) Events processed ...
[2025-07-20 18:24:30.947] [main] [info] 1280000 / 1971803 (64.92 %) Events processed ...
[2025-07-20 18:24:31.122] [main] [info] 1290000 / 1971803 (65.42 %) Events processed ...
[2025-07-20 18:24:31.406] [main] [info] 1300000 / 1971803 (65.93 %) Events processed ...
[2025-07-20 18:24:31.578] [main] [info] 1310000 / 1971803 (66.44 %) Events processed ...
[2025-07-20 18:24:31.793] [main] [info] 1320000 / 1971803 (66.94 %) Events processed ...
[2025-07-20 18:24:32.006] [main] [info] 1330000 / 1971803 (67.45 %) Events processed ...
[2025-07-20 18:24:32.219] [main] [info] 1340000 / 1971803 (67.96 %) Events processed ...
[2025-07-20 18:24:32.455] [main] [info] 1350000 / 1971803 (68.47 %) Events processed ...
[2025-07-20 18:24:36.197] [main] [info] 1360000 / 1971803 (68.97 %) Events processed ...
[2025-07-20 18:24:36.361] [main] [info] 1370000 / 1971803 (69.48 %) Events processed ...
[2025-07-20 18:24:36.629] [main] [info] 1380000 / 1971803 (69.99 %) Events processed ...
[2025-07-20 18:24:36.811] [main] [info] 1390000 / 1971803 (70.49 %) Events processed ...
[2025-07-20 18:24:37.063] [main] [info] 1400000 / 1971803 (71.00 %) Events processed ...
[2025-07-20 18:24:37.242] [main] [info] 1410000 / 1971803 (71.51 %) Events processed ...
[2025-07-20 18:24:37.504] [main] [info] 1420000 / 1971803 (72.02 %) Events processed ...
[2025-07-20 18:24:37.681] [main] [info] 1430000 / 1971803 (72.52 %) Events processed ...
[2025-07-20 18:24:37.923] [main] [info] 1440000 / 1971803 (73.03 %) Events processed ...
[2025-07-20 18:24:38.104] [main] [info] 1450000 / 1971803 (73.54 %) Events processed ...
[2025-07-20 18:24:38.373] [main] [info] 1460000 / 1971803 (74.04 %) Events processed ...
[2025-07-20 18:24:38.623] [main] [info] 1470000 / 1971803 (74.55 %) Events processed ...
[2025-07-20 18:24:38.870] [main] [info] 1480000 / 1971803 (75.06 %) Events processed ...
[2025-07-20 18:24:39.047] [main] [info] 1490000 / 1971803 (75.57 %) Events processed ...
[2025-07-20 18:24:39.179] [main] [info] 1500000 / 1971803 (76.07 %) Events processed ...
[2025-07-20 18:24:39.459] [main] [info] 1510000 / 1971803 (76.58 %) Events processed ...
[2025-07-20 18:24:39.625] [main] [info] 1520000 / 1971803 (77.09 %) Events processed ...
[2025-07-20 18:24:39.876] [main] [info] 1530000 / 1971803 (77.59 %) Events processed ...
[2025-07-20 18:24:40.038] [main] [info] 1540000 / 1971803 (78.10 %) Events processed ...
[2025-07-20 18:24:40.299] [main] [info] 1550000 / 1971803 (78.61 %) Events processed ...
[2025-07-20 18:24:40.468] [main] [info] 1560000 / 1971803 (79.12 %) Events processed ...
[2025-07-20 18:24:44.350] [main] [info] 1570000 / 1971803 (79.62 %) Events processed ...
[2025-07-20 18:24:44.552] [main] [info] 1580000 / 1971803 (80.13 %) Events processed ...
[2025-07-20 18:24:44.840] [main] [info] 1590000 / 1971803 (80.64 %) Events processed ...
[2025-07-20 18:24:45.143] [main] [info] 1600000 / 1971803 (81.14 %) Events processed ...
[2025-07-20 18:24:45.464] [main] [info] 1610000 / 1971803 (81.65 %) Events processed ...
[2025-07-20 18:24:45.714] [main] [info] 1620000 / 1971803 (82.16 %) Events processed ...
[2025-07-20 18:24:46.074] [main] [info] 1630000 / 1971803 (82.67 %) Events processed ...
[2025-07-20 18:24:46.379] [main] [info] 1640000 / 1971803 (83.17 %) Events processed ...
[2025-07-20 18:24:46.725] [main] [info] 1650000 / 1971803 (83.68 %) Events processed ...
[2025-07-20 18:24:47.015] [main] [info] 1660000 / 1971803 (84.19 %) Events processed ...
[2025-07-20 18:24:47.369] [main] [info] 1670000 / 1971803 (84.69 %) Events processed ...
[2025-07-20 18:24:47.643] [main] [info] 1680000 / 1971803 (85.20 %) Events processed ...
[2025-07-20 18:24:47.988] [main] [info] 1690000 / 1971803 (85.71 %) Events processed ...
[2025-07-20 18:24:48.361] [main] [info] 1700000 / 1971803 (86.22 %) Events processed ...
[2025-07-20 18:24:48.644] [main] [info] 1710000 / 1971803 (86.72 %) Events processed ...
[2025-07-20 18:24:48.929] [main] [info] 1720000 / 1971803 (87.23 %) Events processed ...
[2025-07-20 18:24:49.186] [main] [info] 1730000 / 1971803 (87.74 %) Events processed ...
[2025-07-20 18:24:49.340] [main] [info] 1740000 / 1971803 (88.24 %) Events processed ...
[2025-07-20 18:24:49.547] [main] [info] 1750000 / 1971803 (88.75 %) Events processed ...
[2025-07-20 18:24:49.969] [main] [info] 1760000 / 1971803 (89.26 %) Events processed ...
[2025-07-20 18:24:50.238] [main] [info] 1770000 / 1971803 (89.77 %) Events processed ...
[2025-07-20 18:24:54.098] [main] [info] 1780000 / 1971803 (90.27 %) Events processed ...
[2025-07-20 18:24:54.381] [main] [info] 1790000 / 1971803 (90.78 %) Events processed ...
[2025-07-20 18:24:54.722] [main] [info] 1800000 / 1971803 (91.29 %) Events processed ...
[2025-07-20 18:24:55.045] [main] [info] 1810000 / 1971803 (91.79 %) Events processed ...
[2025-07-20 18:24:55.400] [main] [info] 1820000 / 1971803 (92.30 %) Events processed ...
[2025-07-20 18:24:55.629] [main] [info] 1830000 / 1971803 (92.81 %) Events processed ...
[2025-07-20 18:24:55.855] [main] [info] 1840000 / 1971803 (93.32 %) Events processed ...
[2025-07-20 18:24:56.078] [main] [info] 1850000 / 1971803 (93.82 %) Events processed ...
[2025-07-20 18:24:56.366] [main] [info] 1860000 / 1971803 (94.33 %) Events processed ...
[2025-07-20 18:24:56.719] [main] [info] 1870000 / 1971803 (94.84 %) Events processed ...
[2025-07-20 18:24:57.032] [main] [info] 1880000 / 1971803 (95.34 %) Events processed ...
[2025-07-20 18:24:57.335] [main] [info] 1890000 / 1971803 (95.85 %) Events processed ...
[2025-07-20 18:24:57.696] [main] [info] 1900000 / 1971803 (96.36 %) Events processed ...
[2025-07-20 18:24:58.002] [main] [info] 1910000 / 1971803 (96.87 %) Events processed ...
[2025-07-20 18:24:58.403] [main] [info] 1920000 / 1971803 (97.37 %) Events processed ...
[2025-07-20 18:24:58.703] [main] [info] 1930000 / 1971803 (97.88 %) Events processed ...
[2025-07-20 18:24:59.103] [main] [info] 1940000 / 1971803 (98.39 %) Events processed ...
[2025-07-20 18:24:59.403] [main] [info] 1950000 / 1971803 (98.89 %) Events processed ...
[2025-07-20 18:24:59.707] [main] [info] 1960000 / 1971803 (99.40 %) Events processed ...
[2025-07-20 18:24:59.872] [main] [info] 1970000 / 1971803 (99.91 %) Events processed ...
[2025-07-20 18:25:00.089] [main] [info] vbfhmm:
GoldenJSONFilter: pass=1826470    all=1971803    -- eff=92.63 % cumulative eff=92.63 %
Flag_goodVertices: pass=1821040    all=1826470    -- eff=99.70 % cumulative eff=92.35 %
Flag_globalSuperTightHalo2016Filter: pass=1820548    all=1821040    -- eff=99.97 % cumulative eff=92.33 %
Flag_EcalDeadCellTriggerPrimitiveFilter: pass=1820480    all=1820548    -- eff=100.00 % cumulative eff=92.33 %
Flag_BadPFMuonFilter: pass=1819612    all=1820480    -- eff=99.95 % cumulative eff=92.28 %
Flag_BadPFMuonDzFilter: pass=1819323    all=1819612    -- eff=99.98 % cumulative eff=92.27 %
Flag_eeBadScFilter: pass=1819323    all=1819323    -- eff=100.00 % cumulative eff=92.27 %
Flag_ecalBadCalibFilter: pass=1819206    all=1819323    -- eff=99.99 % cumulative eff=92.26 %
Flag_hfNoisyHitsFilter: pass=1816219    all=1819206    -- eff=99.84 % cumulative eff=92.11 %
Number of muons 2: pass=63266      all=1816219    -- eff=3.48 % cumulative eff=3.21 %
DiMuon From Higgs: pass=56760      all=63266      -- eff=89.72 % cumulative eff=2.88 %
LeptonChargeSum: pass=56737      all=56760      -- eff=99.96 % cumulative eff=2.88 %
[2025-07-20 18:25:00.470] [main] [info] Writing quantities map to /eos/user/j/jiahua/MC_2023_inc/Muon0_Run2023C-24Jan2024_v4-v1/99f33cc0-1f68-46e3-8d73-64325516c4cd_vbfhmm.root
[2025-07-20 18:25:00.687] [main] [info] Finished Evaluation
[2025-07-20 18:25:00.687] [main] [info] Overall runtime (real time: 101.78, CPU time: 67.04)
