000 (11280041.050.000) 07/20 18:20:17 Job submitted from host: <188.185.121.235:9618?addrs=188.185.121.235-9618+[2001-1458-d00-49--100-36e]-9618&alias=bigbird22.cern.ch&noUDP&sock=schedd_232129_c3ca>
...
040 (11280041.050.000) 07/20 18:22:10 Started transferring input files
	Transferring to host: <188.185.204.236:9618?addrs=188.185.204.236-9618+[2001-1458-303-8--100-69]-9618&alias=b9p02p4603.cern.ch&noUDP&sock=slot1_18_9751_3626_43724>
...
040 (11280041.050.000) 07/20 18:22:10 Finished transferring input files
...
001 (11280041.050.000) 07/20 18:22:11 Job executing on host: <188.185.204.236:9618?addrs=188.185.204.236-9618+[2001-1458-303-8--100-69]-9618&alias=b9p02p4603.cern.ch&noUDP&sock=startd_9580_a961>
	SlotName: slot1_18@b9p02p4603.cern.ch
	CondorScratchDir = "/pool/condor/dir_4106180"
	Cpus = 1
	Disk = 12722
	GPUs = 0
	Memory = 3000
...
006 (11280041.050.000) 07/20 18:22:25 Image size of job updated: 95688
	94  -  MemoryUsage of job (MB)
	95688  -  ResidentSetSize of job (KB)
...
006 (11280041.050.000) 07/20 18:23:16 Image size of job updated: 260556
	94  -  MemoryUsage of job (MB)
	95688  -  ResidentSetSize of job (KB)
...
040 (11280041.050.000) 07/20 18:23:16 Started transferring output files
...
040 (11280041.050.000) 07/20 18:23:16 Finished transferring output files
...
005 (11280041.050.000) 07/20 18:23:16 Job terminated.
	(1) Normal termination (return value 0)
		Usr 0 00:00:40, Sys 0 00:00:03  -  Run Remote Usage
		Usr 0 00:00:00, Sys 0 00:00:00  -  Run Local Usage
		Usr 0 00:00:40, Sys 0 00:00:03  -  Total Remote Usage
		Usr 0 00:00:00, Sys 0 00:00:00  -  Total Local Usage
	25084  -  Run Bytes Sent By Job
	9837813  -  Run Bytes Received By Job
	25084  -  Total Bytes Sent By Job
	9837813  -  Total Bytes Received By Job
	Partitionable Resources :    Usage  Request Allocated 
	   Cpus                 :        0        1         1 
	   Disk (KB)            :     9658    10000     12722 
	   GPUs                 :                           0 
	   Memory (MB)          :       94     3000      3000 

	Job terminated of its own accord at 2025-07-20T16:23:16Z with exit-code 0.
...
