Starting job on \n
Running on: Linux b9g03p7992.cern.ch 5.14.0-570.23.1.el9_6.x86_64 #1 SMP PREEMPT_DYNAMIC Sat Jun 14 13:10:47 EDT 2025 x86_64 x86_64 x86_64 GNU/Linux\n
System software: Red Hat Enterprise Linux release 9.6 (Plow)\n
Setting up CROWN for RedHatEnterprise Version 9.6
/eos/user/j/jiahua/MC_2023_inc/Muon1_Run2023C-24Jan2024_v2-v1/79385822-2a87-4b8e-8998-de9a78c58d5a.root
[2025-07-20 18:23:53.746] [main] [info] Checking input files
[2025-07-20 18:24:00.575] [main] [info] NanoAOD input_file 1: root://cms-xrd-global.cern.ch//store/data/Run2023C/Muon1/NANOAOD/24Jan2024_v2-v1/30000/79385822-2a87-4b8e-8998-de9a78c58d5a.root - 775016 Events
[2025-07-20 18:24:00.575] [main] [info] input_file 1: root://cms-xrd-global.cern.ch//store/data/Run2023C/Muon1/NANOAOD/24Jan2024_v2-v1/30000/79385822-2a87-4b8e-8998-de9a78c58d5a.root - SumOfGenWeight: 2.62219373e-316 
[2025-07-20 18:24:00.575] [main] [info] Output directory: /eos/user/j/jiahua/MC_2023_inc/Muon1_Run2023C-24Jan2024_v2-v1/79385822-2a87-4b8e-8998-de9a78c58d5a.root
[2025-07-20 18:24:00.576] [main] [info] Starting Setup of Dataframe with 775016 events
[2025-07-20 18:24:01.056] [main] [info] Finished Setup
[2025-07-20 18:24:01.056] [main] [info] Runtime for setup (real time: 0.48, CPU time: 0.29)
[2025-07-20 18:24:01.056] [main] [info] Starting Evaluation
[2025-07-20 18:24:12.030] [main] [info] 10000 / 775016 (1.29 %) Events processed ...
[2025-07-20 18:24:12.288] [main] [info] 20000 / 775016 (2.58 %) Events processed ...
[2025-07-20 18:24:12.545] [main] [info] 30000 / 775016 (3.87 %) Events processed ...
[2025-07-20 18:24:12.960] [main] [info] 40000 / 775016 (5.16 %) Events processed ...
[2025-07-20 18:24:13.226] [main] [info] 50000 / 775016 (6.45 %) Events processed ...
[2025-07-20 18:24:13.492] [main] [info] 60000 / 775016 (7.74 %) Events processed ...
[2025-07-20 18:24:13.796] [main] [info] 70000 / 775016 (9.03 %) Events processed ...
[2025-07-20 18:24:14.562] [main] [info] 80000 / 775016 (10.32 %) Events processed ...
[2025-07-20 18:24:14.832] [main] [info] 90000 / 775016 (11.61 %) Events processed ...
[2025-07-20 18:24:15.112] [main] [info] 100000 / 775016 (12.90 %) Events processed ...
[2025-07-20 18:24:15.412] [main] [info] 110000 / 775016 (14.19 %) Events processed ...
[2025-07-20 18:24:15.829] [main] [info] 120000 / 775016 (15.48 %) Events processed ...
[2025-07-20 18:24:16.114] [main] [info] 130000 / 775016 (16.77 %) Events processed ...
[2025-07-20 18:24:16.377] [main] [info] 140000 / 775016 (18.06 %) Events processed ...
[2025-07-20 18:24:16.677] [main] [info] 150000 / 775016 (19.35 %) Events processed ...
[2025-07-20 18:24:17.409] [main] [info] 160000 / 775016 (20.64 %) Events processed ...
[2025-07-20 18:24:17.673] [main] [info] 170000 / 775016 (21.94 %) Events processed ...
[2025-07-20 18:24:17.950] [main] [info] 180000 / 775016 (23.23 %) Events processed ...
[2025-07-20 18:24:18.270] [main] [info] 190000 / 775016 (24.52 %) Events processed ...
[2025-07-20 18:24:18.684] [main] [info] 200000 / 775016 (25.81 %) Events processed ...
[2025-07-20 18:24:18.960] [main] [info] 210000 / 775016 (27.10 %) Events processed ...
[2025-07-20 18:24:19.174] [main] [info] 220000 / 775016 (28.39 %) Events processed ...
[2025-07-20 18:24:19.516] [main] [info] 230000 / 775016 (29.68 %) Events processed ...
[2025-07-20 18:24:20.139] [main] [info] 240000 / 775016 (30.97 %) Events processed ...
[2025-07-20 18:24:20.399] [main] [info] 250000 / 775016 (32.26 %) Events processed ...
[2025-07-20 18:24:20.676] [main] [info] 260000 / 775016 (33.55 %) Events processed ...
[2025-07-20 18:24:21.087] [main] [info] 270000 / 775016 (34.84 %) Events processed ...
[2025-07-20 18:24:21.366] [main] [info] 280000 / 775016 (36.13 %) Events processed ...
[2025-07-20 18:24:21.645] [main] [info] 290000 / 775016 (37.42 %) Events processed ...
[2025-07-20 18:24:22.013] [main] [info] 300000 / 775016 (38.71 %) Events processed ...
[2025-07-20 18:24:22.412] [main] [info] 310000 / 775016 (40.00 %) Events processed ...
[2025-07-20 18:24:22.968] [main] [info] 320000 / 775016 (41.29 %) Events processed ...
[2025-07-20 18:24:23.224] [main] [info] 330000 / 775016 (42.58 %) Events processed ...
[2025-07-20 18:24:23.508] [main] [info] 340000 / 775016 (43.87 %) Events processed ...
[2025-07-20 18:24:23.895] [main] [info] 350000 / 775016 (45.16 %) Events processed ...
[2025-07-20 18:24:24.129] [main] [info] 360000 / 775016 (46.45 %) Events processed ...
[2025-07-20 18:24:24.294] [main] [info] 370000 / 775016 (47.74 %) Events processed ...
[2025-07-20 18:24:24.467] [main] [info] 380000 / 775016 (49.03 %) Events processed ...
[2025-07-20 18:24:24.721] [main] [info] 390000 / 775016 (50.32 %) Events processed ...
[2025-07-20 18:24:25.271] [main] [info] 400000 / 775016 (51.61 %) Events processed ...
[2025-07-20 18:24:25.560] [main] [info] 410000 / 775016 (52.90 %) Events processed ...
[2025-07-20 18:24:25.875] [main] [info] 420000 / 775016 (54.19 %) Events processed ...
[2025-07-20 18:24:26.044] [main] [info] 430000 / 775016 (55.48 %) Events processed ...
[2025-07-20 18:24:26.220] [main] [info] 440000 / 775016 (56.77 %) Events processed ...
[2025-07-20 18:24:26.525] [main] [info] 450000 / 775016 (58.06 %) Events processed ...
[2025-07-20 18:24:26.948] [main] [info] 460000 / 775016 (59.35 %) Events processed ...
[2025-07-20 18:24:27.221] [main] [info] 470000 / 775016 (60.64 %) Events processed ...
[2025-07-20 18:24:27.798] [main] [info] 480000 / 775016 (61.93 %) Events processed ...
[2025-07-20 18:24:28.076] [main] [info] 490000 / 775016 (63.22 %) Events processed ...
[2025-07-20 18:24:28.464] [main] [info] 500000 / 775016 (64.51 %) Events processed ...
[2025-07-20 18:24:28.718] [main] [info] 510000 / 775016 (65.81 %) Events processed ...
[2025-07-20 18:24:28.970] [main] [info] 520000 / 775016 (67.10 %) Events processed ...
[2025-07-20 18:24:29.227] [main] [info] 530000 / 775016 (68.39 %) Events processed ...
[2025-07-20 18:24:29.482] [main] [info] 540000 / 775016 (69.68 %) Events processed ...
[2025-07-20 18:24:29.682] [main] [info] 550000 / 775016 (70.97 %) Events processed ...
[2025-07-20 18:24:30.280] [main] [info] 560000 / 775016 (72.26 %) Events processed ...
[2025-07-20 18:24:30.581] [main] [info] 570000 / 775016 (73.55 %) Events processed ...
[2025-07-20 18:24:30.991] [main] [info] 580000 / 775016 (74.84 %) Events processed ...
[2025-07-20 18:24:31.366] [main] [info] 590000 / 775016 (76.13 %) Events processed ...
[2025-07-20 18:24:31.631] [main] [info] 600000 / 775016 (77.42 %) Events processed ...
[2025-07-20 18:24:32.061] [main] [info] 610000 / 775016 (78.71 %) Events processed ...
[2025-07-20 18:24:32.340] [main] [info] 620000 / 775016 (80.00 %) Events processed ...
[2025-07-20 18:24:32.592] [main] [info] 630000 / 775016 (81.29 %) Events processed ...
[2025-07-20 18:24:33.214] [main] [info] 640000 / 775016 (82.58 %) Events processed ...
[2025-07-20 18:24:33.616] [main] [info] 650000 / 775016 (83.87 %) Events processed ...
[2025-07-20 18:24:33.893] [main] [info] 660000 / 775016 (85.16 %) Events processed ...
[2025-07-20 18:24:34.235] [main] [info] 670000 / 775016 (86.45 %) Events processed ...
[2025-07-20 18:24:34.521] [main] [info] 680000 / 775016 (87.74 %) Events processed ...
[2025-07-20 18:24:34.914] [main] [info] 690000 / 775016 (89.03 %) Events processed ...
[2025-07-20 18:24:35.174] [main] [info] 700000 / 775016 (90.32 %) Events processed ...
[2025-07-20 18:24:35.437] [main] [info] 710000 / 775016 (91.61 %) Events processed ...
[2025-07-20 18:24:35.994] [main] [info] 720000 / 775016 (92.90 %) Events processed ...
[2025-07-20 18:24:36.405] [main] [info] 730000 / 775016 (94.19 %) Events processed ...
[2025-07-20 18:24:36.729] [main] [info] 740000 / 775016 (95.48 %) Events processed ...
[2025-07-20 18:24:37.011] [main] [info] 750000 / 775016 (96.77 %) Events processed ...
[2025-07-20 18:24:37.323] [main] [info] 760000 / 775016 (98.06 %) Events processed ...
[2025-07-20 18:24:37.732] [main] [info] 770000 / 775016 (99.35 %) Events processed ...
[2025-07-20 18:24:37.945] [main] [info] vbfhmm:
GoldenJSONFilter: pass=770350     all=775016     -- eff=99.40 % cumulative eff=99.40 %
Flag_goodVertices: pass=769334     all=770350     -- eff=99.87 % cumulative eff=99.27 %
Flag_globalSuperTightHalo2016Filter: pass=769087     all=769334     -- eff=99.97 % cumulative eff=99.23 %
Flag_EcalDeadCellTriggerPrimitiveFilter: pass=769071     all=769087     -- eff=100.00 % cumulative eff=99.23 %
Flag_BadPFMuonFilter: pass=768710     all=769071     -- eff=99.95 % cumulative eff=99.19 %
Flag_BadPFMuonDzFilter: pass=768550     all=768710     -- eff=99.98 % cumulative eff=99.17 %
Flag_eeBadScFilter: pass=768550     all=768550     -- eff=100.00 % cumulative eff=99.17 %
Flag_ecalBadCalibFilter: pass=768486     all=768550     -- eff=99.99 % cumulative eff=99.16 %
Flag_hfNoisyHitsFilter: pass=767199     all=768486     -- eff=99.83 % cumulative eff=98.99 %
Number of muons 2: pass=23536      all=767199     -- eff=3.07 % cumulative eff=3.04 %
DiMuon From Higgs: pass=21132      all=23536      -- eff=89.79 % cumulative eff=2.73 %
LeptonChargeSum: pass=21119      all=21132      -- eff=99.94 % cumulative eff=2.72 %
[2025-07-20 18:24:38.289] [main] [info] Writing quantities map to /eos/user/j/jiahua/MC_2023_inc/Muon1_Run2023C-24Jan2024_v2-v1/79385822-2a87-4b8e-8998-de9a78c58d5a_vbfhmm.root
[2025-07-20 18:24:38.433] [main] [info] Finished Evaluation
[2025-07-20 18:24:38.433] [main] [info] Overall runtime (real time: 37.86, CPU time: 33.61)
