000 (11280038.005.000) 07/20 18:19:28 Job submitted from host: <188.185.121.235:9618?addrs=188.185.121.235-9618+[2001-1458-d00-49--100-36e]-9618&alias=bigbird22.cern.ch&noUDP&sock=schedd_232129_c3ca>
...
040 (11280038.005.000) 07/20 18:21:46 Started transferring input files
	Transferring to host: <188.185.195.146:9618?addrs=188.185.195.146-9618+[2001-1458-303-22--100-8e]-9618&alias=b9p17p1658.cern.ch&noUDP&sock=slot1_4_8298_710b_46010>
...
040 (11280038.005.000) 07/20 18:21:46 Finished transferring input files
...
001 (11280038.005.000) 07/20 18:21:47 Job executing on host: <188.185.195.146:9618?addrs=188.185.195.146-9618+[2001-1458-303-22--100-8e]-9618&alias=b9p17p1658.cern.ch&noUDP&sock=startd_7102_f5b2>
	SlotName: slot1_4@b9p17p1658.cern.ch
	CondorScratchDir = "/pool/condor/dir_2357249"
	Cpus = 1
	Disk = 12993
	GPUs = 0
	Memory = 3000
...
006 (11280038.005.000) 07/20 18:21:56 Image size of job updated: 97896
	96  -  MemoryUsage of job (MB)
	97896  -  ResidentSetSize of job (KB)
...
040 (11280038.005.000) 07/20 18:22:44 Started transferring output files
...
040 (11280038.005.000) 07/20 18:22:44 Finished transferring output files
...
005 (11280038.005.000) 07/20 18:22:44 Job terminated.
	(1) Normal termination (return value 0)
		Usr 0 00:00:43, Sys 0 00:00:03  -  Run Remote Usage
		Usr 0 00:00:00, Sys 0 00:00:00  -  Run Local Usage
		Usr 0 00:00:43, Sys 0 00:00:03  -  Total Remote Usage
		Usr 0 00:00:00, Sys 0 00:00:00  -  Total Local Usage
	17889  -  Run Bytes Sent By Job
	9837813  -  Run Bytes Received By Job
	17889  -  Total Bytes Sent By Job
	9837813  -  Total Bytes Received By Job
	Partitionable Resources :    Usage  Request Allocated 
	   Cpus                 :        0        1         1 
	   Disk (KB)            :     9648    10000     12993 
	   GPUs                 :                           0 
	   Memory (MB)          :       96     3000      3000 

	Job terminated of its own accord at 2025-07-20T16:22:44Z with exit-code 0.
...
