Starting job on \n
Running on: Linux b9p13p7425.cern.ch 5.14.0-570.23.1.el9_6.x86_64 #1 SMP PREEMPT_DYNAMIC Sat Jun 14 13:10:47 EDT 2025 x86_64 x86_64 x86_64 GNU/Linux\n
System software: Red Hat Enterprise Linux release 9.6 (Plow)\n
Setting up CROWN for RedHatEnterprise Version 9.6
/eos/user/j/jiahua/MC_2023_inc/Muon0_Run2023C-24Jan2024_v4-v1/bf414775-a503-41c3-a2cb-e34bf6d84eb6.root
[2025-07-20 18:23:00.004] [main] [info] Checking input files
[2025-07-20 18:23:05.999] [main] [info] NanoAOD input_file 1: root://cms-xrd-global.cern.ch//store/data/Run2023C/Muon0/NANOAOD/24Jan2024_v4-v1/2820000/bf414775-a503-41c3-a2cb-e34bf6d84eb6.root - 934733 Events
[2025-07-20 18:23:05.999] [main] [info] input_file 1: root://cms-xrd-global.cern.ch//store/data/Run2023C/Muon0/NANOAOD/24Jan2024_v4-v1/2820000/bf414775-a503-41c3-a2cb-e34bf6d84eb6.root - SumOfGenWeight: 1.7466117e-315 
[2025-07-20 18:23:05.999] [main] [info] Output directory: /eos/user/j/jiahua/MC_2023_inc/Muon0_Run2023C-24Jan2024_v4-v1/bf414775-a503-41c3-a2cb-e34bf6d84eb6.root
[2025-07-20 18:23:06.000] [main] [info] Starting Setup of Dataframe with 934733 events
[2025-07-20 18:23:11.199] [main] [info] Finished Setup
[2025-07-20 18:23:11.199] [main] [info] Runtime for setup (real time: 5.20, CPU time: 4.45)
[2025-07-20 18:23:11.199] [main] [info] Starting Evaluation
[2025-07-20 18:23:21.998] [main] [info] 10000 / 934733 (1.07 %) Events processed ...
[2025-07-20 18:23:22.266] [main] [info] 20000 / 934733 (2.14 %) Events processed ...
[2025-07-20 18:23:22.610] [main] [info] 30000 / 934733 (3.21 %) Events processed ...
[2025-07-20 18:23:22.790] [main] [info] 40000 / 934733 (4.28 %) Events processed ...
[2025-07-20 18:23:22.982] [main] [info] 50000 / 934733 (5.35 %) Events processed ...
[2025-07-20 18:23:23.281] [main] [info] 60000 / 934733 (6.42 %) Events processed ...
[2025-07-20 18:23:23.460] [main] [info] 70000 / 934733 (7.49 %) Events processed ...
[2025-07-20 18:23:25.687] [main] [info] 80000 / 934733 (8.56 %) Events processed ...
[2025-07-20 18:23:26.133] [main] [info] 90000 / 934733 (9.63 %) Events processed ...
[2025-07-20 18:23:26.350] [main] [info] 100000 / 934733 (10.70 %) Events processed ...
[2025-07-20 18:23:26.525] [main] [info] 110000 / 934733 (11.77 %) Events processed ...
[2025-07-20 18:23:26.772] [main] [info] 120000 / 934733 (12.84 %) Events processed ...
[2025-07-20 18:23:26.942] [main] [info] 130000 / 934733 (13.91 %) Events processed ...
[2025-07-20 18:23:27.112] [main] [info] 140000 / 934733 (14.98 %) Events processed ...
[2025-07-20 18:23:29.329] [main] [info] 150000 / 934733 (16.05 %) Events processed ...
[2025-07-20 18:23:29.514] [main] [info] 160000 / 934733 (17.12 %) Events processed ...
[2025-07-20 18:23:29.678] [main] [info] 170000 / 934733 (18.19 %) Events processed ...
[2025-07-20 18:23:29.943] [main] [info] 180000 / 934733 (19.26 %) Events processed ...
[2025-07-20 18:23:30.129] [main] [info] 190000 / 934733 (20.33 %) Events processed ...
[2025-07-20 18:23:30.302] [main] [info] 200000 / 934733 (21.40 %) Events processed ...
[2025-07-20 18:23:30.576] [main] [info] 210000 / 934733 (22.47 %) Events processed ...
[2025-07-20 18:23:30.752] [main] [info] 220000 / 934733 (23.54 %) Events processed ...
[2025-07-20 18:23:32.586] [main] [info] 230000 / 934733 (24.61 %) Events processed ...
[2025-07-20 18:23:33.029] [main] [info] 240000 / 934733 (25.68 %) Events processed ...
[2025-07-20 18:23:33.244] [main] [info] 250000 / 934733 (26.75 %) Events processed ...
[2025-07-20 18:23:33.530] [main] [info] 260000 / 934733 (27.82 %) Events processed ...
[2025-07-20 18:23:33.722] [main] [info] 270000 / 934733 (28.89 %) Events processed ...
[2025-07-20 18:23:34.061] [main] [info] 280000 / 934733 (29.96 %) Events processed ...
[2025-07-20 18:23:34.486] [main] [info] 290000 / 934733 (31.02 %) Events processed ...
[2025-07-20 18:23:36.106] [main] [info] 300000 / 934733 (32.09 %) Events processed ...
[2025-07-20 18:23:36.382] [main] [info] 310000 / 934733 (33.16 %) Events processed ...
[2025-07-20 18:23:36.823] [main] [info] 320000 / 934733 (34.23 %) Events processed ...
[2025-07-20 18:23:37.094] [main] [info] 330000 / 934733 (35.30 %) Events processed ...
[2025-07-20 18:23:37.274] [main] [info] 340000 / 934733 (36.37 %) Events processed ...
[2025-07-20 18:23:37.556] [main] [info] 350000 / 934733 (37.44 %) Events processed ...
[2025-07-20 18:23:37.725] [main] [info] 360000 / 934733 (38.51 %) Events processed ...
[2025-07-20 18:23:37.907] [main] [info] 370000 / 934733 (39.58 %) Events processed ...
[2025-07-20 18:23:39.540] [main] [info] 380000 / 934733 (40.65 %) Events processed ...
[2025-07-20 18:23:39.799] [main] [info] 390000 / 934733 (41.72 %) Events processed ...
[2025-07-20 18:23:40.071] [main] [info] 400000 / 934733 (42.79 %) Events processed ...
[2025-07-20 18:23:40.511] [main] [info] 410000 / 934733 (43.86 %) Events processed ...
[2025-07-20 18:23:40.780] [main] [info] 420000 / 934733 (44.93 %) Events processed ...
[2025-07-20 18:23:41.055] [main] [info] 430000 / 934733 (46.00 %) Events processed ...
[2025-07-20 18:23:41.483] [main] [info] 440000 / 934733 (47.07 %) Events processed ...
[2025-07-20 18:23:42.905] [main] [info] 450000 / 934733 (48.14 %) Events processed ...
[2025-07-20 18:23:43.194] [main] [info] 460000 / 934733 (49.21 %) Events processed ...
[2025-07-20 18:23:43.616] [main] [info] 470000 / 934733 (50.28 %) Events processed ...
[2025-07-20 18:23:43.886] [main] [info] 480000 / 934733 (51.35 %) Events processed ...
[2025-07-20 18:23:44.179] [main] [info] 490000 / 934733 (52.42 %) Events processed ...
[2025-07-20 18:23:44.594] [main] [info] 500000 / 934733 (53.49 %) Events processed ...
[2025-07-20 18:23:44.863] [main] [info] 510000 / 934733 (54.56 %) Events processed ...
[2025-07-20 18:23:46.994] [main] [info] 520000 / 934733 (55.63 %) Events processed ...
[2025-07-20 18:23:47.166] [main] [info] 530000 / 934733 (56.70 %) Events processed ...
[2025-07-20 18:23:47.345] [main] [info] 540000 / 934733 (57.77 %) Events processed ...
[2025-07-20 18:23:47.765] [main] [info] 550000 / 934733 (58.84 %) Events processed ...
[2025-07-20 18:23:48.034] [main] [info] 560000 / 934733 (59.91 %) Events processed ...
[2025-07-20 18:23:48.295] [main] [info] 570000 / 934733 (60.98 %) Events processed ...
[2025-07-20 18:23:48.721] [main] [info] 580000 / 934733 (62.05 %) Events processed ...
[2025-07-20 18:23:48.993] [main] [info] 590000 / 934733 (63.12 %) Events processed ...
[2025-07-20 18:23:51.228] [main] [info] 600000 / 934733 (64.19 %) Events processed ...
[2025-07-20 18:23:51.667] [main] [info] 610000 / 934733 (65.26 %) Events processed ...
[2025-07-20 18:23:51.926] [main] [info] 620000 / 934733 (66.33 %) Events processed ...
[2025-07-20 18:23:52.191] [main] [info] 630000 / 934733 (67.40 %) Events processed ...
[2025-07-20 18:23:52.612] [main] [info] 640000 / 934733 (68.47 %) Events processed ...
[2025-07-20 18:23:52.871] [main] [info] 650000 / 934733 (69.54 %) Events processed ...
[2025-07-20 18:23:53.130] [main] [info] 660000 / 934733 (70.61 %) Events processed ...
[2025-07-20 18:23:55.076] [main] [info] 670000 / 934733 (71.68 %) Events processed ...
[2025-07-20 18:23:55.312] [main] [info] 680000 / 934733 (72.75 %) Events processed ...
[2025-07-20 18:23:55.538] [main] [info] 690000 / 934733 (73.82 %) Events processed ...
[2025-07-20 18:23:55.814] [main] [info] 700000 / 934733 (74.89 %) Events processed ...
[2025-07-20 18:23:55.981] [main] [info] 710000 / 934733 (75.96 %) Events processed ...
[2025-07-20 18:23:56.182] [main] [info] 720000 / 934733 (77.03 %) Events processed ...
[2025-07-20 18:23:56.459] [main] [info] 730000 / 934733 (78.10 %) Events processed ...
[2025-07-20 18:23:56.629] [main] [info] 740000 / 934733 (79.17 %) Events processed ...
[2025-07-20 18:23:58.296] [main] [info] 750000 / 934733 (80.24 %) Events processed ...
[2025-07-20 18:23:58.671] [main] [info] 760000 / 934733 (81.31 %) Events processed ...
[2025-07-20 18:23:58.851] [main] [info] 770000 / 934733 (82.38 %) Events processed ...
[2025-07-20 18:23:59.155] [main] [info] 780000 / 934733 (83.45 %) Events processed ...
[2025-07-20 18:23:59.343] [main] [info] 790000 / 934733 (84.52 %) Events processed ...
[2025-07-20 18:23:59.604] [main] [info] 800000 / 934733 (85.59 %) Events processed ...
[2025-07-20 18:24:00.071] [main] [info] 810000 / 934733 (86.66 %) Events processed ...
[2025-07-20 18:24:01.704] [main] [info] 820000 / 934733 (87.73 %) Events processed ...
[2025-07-20 18:24:02.115] [main] [info] 830000 / 934733 (88.80 %) Events processed ...
[2025-07-20 18:24:02.457] [main] [info] 840000 / 934733 (89.87 %) Events processed ...
[2025-07-20 18:24:02.683] [main] [info] 850000 / 934733 (90.94 %) Events processed ...
[2025-07-20 18:24:02.942] [main] [info] 860000 / 934733 (92.00 %) Events processed ...
[2025-07-20 18:24:03.381] [main] [info] 870000 / 934733 (93.07 %) Events processed ...
[2025-07-20 18:24:03.651] [main] [info] 880000 / 934733 (94.14 %) Events processed ...
[2025-07-20 18:24:03.922] [main] [info] 890000 / 934733 (95.21 %) Events processed ...
[2025-07-20 18:24:05.285] [main] [info] 900000 / 934733 (96.28 %) Events processed ...
[2025-07-20 18:24:05.551] [main] [info] 910000 / 934733 (97.35 %) Events processed ...
[2025-07-20 18:24:05.835] [main] [info] 920000 / 934733 (98.42 %) Events processed ...
[2025-07-20 18:24:06.258] [main] [info] 930000 / 934733 (99.49 %) Events processed ...
[2025-07-20 18:24:06.484] [main] [info] vbfhmm:
GoldenJSONFilter: pass=930232     all=934733     -- eff=99.52 % cumulative eff=99.52 %
Flag_goodVertices: pass=928705     all=930232     -- eff=99.84 % cumulative eff=99.36 %
Flag_globalSuperTightHalo2016Filter: pass=928417     all=928705     -- eff=99.97 % cumulative eff=99.32 %
Flag_EcalDeadCellTriggerPrimitiveFilter: pass=928383     all=928417     -- eff=100.00 % cumulative eff=99.32 %
Flag_BadPFMuonFilter: pass=927754     all=928383     -- eff=99.93 % cumulative eff=99.25 %
Flag_BadPFMuonDzFilter: pass=927527     all=927754     -- eff=99.98 % cumulative eff=99.23 %
Flag_eeBadScFilter: pass=927527     all=927527     -- eff=100.00 % cumulative eff=99.23 %
Flag_ecalBadCalibFilter: pass=927462     all=927527     -- eff=99.99 % cumulative eff=99.22 %
Flag_hfNoisyHitsFilter: pass=925701     all=927462     -- eff=99.81 % cumulative eff=99.03 %
Number of muons 2: pass=30398      all=925701     -- eff=3.28 % cumulative eff=3.25 %
DiMuon From Higgs: pass=27301      all=30398      -- eff=89.81 % cumulative eff=2.92 %
LeptonChargeSum: pass=27290      all=27301      -- eff=99.96 % cumulative eff=2.92 %
[2025-07-20 18:24:06.675] [main] [info] Writing quantities map to /eos/user/j/jiahua/MC_2023_inc/Muon0_Run2023C-24Jan2024_v4-v1/bf414775-a503-41c3-a2cb-e34bf6d84eb6_vbfhmm.root
[2025-07-20 18:24:06.750] [main] [info] Finished Evaluation
[2025-07-20 18:24:06.750] [main] [info] Overall runtime (real time: 60.75, CPU time: 39.25)
