Starting job on \n
Running on: Linux b9p19p7953.cern.ch 5.14.0-570.21.1.el9_6.x86_64 #1 SMP PREEMPT_DYNAMIC Tue Jun 3 12:46:50 EDT 2025 x86_64 x86_64 x86_64 GNU/Linux\n
System software: Red Hat Enterprise Linux release 9.6 (Plow)\n
Setting up CROWN for RedHatEnterprise Version 9.6
/eos/user/j/jiahua/MC_2023_inc/Muon0_Run2023C-24Jan2024_v3-v1/fd318377-99db-446c-b67f-6d0588ee6d17.root
[2025-07-20 18:24:11.668] [main] [info] Checking input files
[2025-07-20 18:24:18.340] [main] [info] NanoAOD input_file 1: root://cms-xrd-global.cern.ch//store/data/Run2023C/Muon0/NANOAOD/24Jan2024_v3-v1/2810000/fd318377-99db-446c-b67f-6d0588ee6d17.root - 2123686 Events
[2025-07-20 18:24:18.340] [main] [info] input_file 1: root://cms-xrd-global.cern.ch//store/data/Run2023C/Muon0/NANOAOD/24Jan2024_v3-v1/2810000/fd318377-99db-446c-b67f-6d0588ee6d17.root - SumOfGenWeight: 1.02678778e-315 
[2025-07-20 18:24:18.340] [main] [info] Output directory: /eos/user/j/jiahua/MC_2023_inc/Muon0_Run2023C-24Jan2024_v3-v1/fd318377-99db-446c-b67f-6d0588ee6d17.root
[2025-07-20 18:24:18.340] [main] [info] Starting Setup of Dataframe with 2123686 events
[2025-07-20 18:24:22.192] [main] [info] Finished Setup
[2025-07-20 18:24:22.192] [main] [info] Runtime for setup (real time: 3.85, CPU time: 0.25)
[2025-07-20 18:24:22.192] [main] [info] Starting Evaluation
[2025-07-20 18:24:37.984] [main] [info] 10000 / 2123686 (0.47 %) Events processed ...
[2025-07-20 18:24:38.118] [main] [info] 20000 / 2123686 (0.94 %) Events processed ...
[2025-07-20 18:24:38.515] [main] [info] 30000 / 2123686 (1.41 %) Events processed ...
[2025-07-20 18:24:38.756] [main] [info] 40000 / 2123686 (1.88 %) Events processed ...
[2025-07-20 18:24:39.149] [main] [info] 50000 / 2123686 (2.35 %) Events processed ...
[2025-07-20 18:24:39.389] [main] [info] 60000 / 2123686 (2.83 %) Events processed ...
[2025-07-20 18:24:39.729] [main] [info] 70000 / 2123686 (3.30 %) Events processed ...
[2025-07-20 18:24:40.095] [main] [info] 80000 / 2123686 (3.77 %) Events processed ...
[2025-07-20 18:24:40.428] [main] [info] 90000 / 2123686 (4.24 %) Events processed ...
[2025-07-20 18:24:40.773] [main] [info] 100000 / 2123686 (4.71 %) Events processed ...
[2025-07-20 18:24:41.122] [main] [info] 110000 / 2123686 (5.18 %) Events processed ...
[2025-07-20 18:24:41.474] [main] [info] 120000 / 2123686 (5.65 %) Events processed ...
[2025-07-20 18:24:41.821] [main] [info] 130000 / 2123686 (6.12 %) Events processed ...
[2025-07-20 18:24:42.107] [main] [info] 140000 / 2123686 (6.59 %) Events processed ...
[2025-07-20 18:24:42.496] [main] [info] 150000 / 2123686 (7.06 %) Events processed ...
[2025-07-20 18:24:42.903] [main] [info] 160000 / 2123686 (7.53 %) Events processed ...
[2025-07-20 18:24:43.262] [main] [info] 170000 / 2123686 (8.00 %) Events processed ...
[2025-07-20 18:24:43.583] [main] [info] 180000 / 2123686 (8.48 %) Events processed ...
[2025-07-20 18:24:44.029] [main] [info] 190000 / 2123686 (8.95 %) Events processed ...
[2025-07-20 18:24:44.345] [main] [info] 200000 / 2123686 (9.42 %) Events processed ...
[2025-07-20 18:24:44.711] [main] [info] 210000 / 2123686 (9.89 %) Events processed ...
[2025-07-20 18:24:45.002] [main] [info] 220000 / 2123686 (10.36 %) Events processed ...
[2025-07-20 18:24:50.739] [main] [info] 230000 / 2123686 (10.83 %) Events processed ...
[2025-07-20 18:24:51.035] [main] [info] 240000 / 2123686 (11.30 %) Events processed ...
[2025-07-20 18:24:51.392] [main] [info] 250000 / 2123686 (11.77 %) Events processed ...
[2025-07-20 18:24:51.681] [main] [info] 260000 / 2123686 (12.24 %) Events processed ...
[2025-07-20 18:24:52.082] [main] [info] 270000 / 2123686 (12.71 %) Events processed ...
[2025-07-20 18:24:52.391] [main] [info] 280000 / 2123686 (13.18 %) Events processed ...
[2025-07-20 18:24:53.018] [main] [info] 290000 / 2123686 (13.66 %) Events processed ...
[2025-07-20 18:24:53.450] [main] [info] 300000 / 2123686 (14.13 %) Events processed ...
[2025-07-20 18:24:53.988] [main] [info] 310000 / 2123686 (14.60 %) Events processed ...
[2025-07-20 18:24:54.315] [main] [info] 320000 / 2123686 (15.07 %) Events processed ...
[2025-07-20 18:24:54.684] [main] [info] 330000 / 2123686 (15.54 %) Events processed ...
[2025-07-20 18:24:54.953] [main] [info] 340000 / 2123686 (16.01 %) Events processed ...
[2025-07-20 18:24:55.313] [main] [info] 350000 / 2123686 (16.48 %) Events processed ...
[2025-07-20 18:24:55.580] [main] [info] 360000 / 2123686 (16.95 %) Events processed ...
[2025-07-20 18:24:55.957] [main] [info] 370000 / 2123686 (17.42 %) Events processed ...
[2025-07-20 18:24:56.217] [main] [info] 380000 / 2123686 (17.89 %) Events processed ...
[2025-07-20 18:24:56.417] [main] [info] 390000 / 2123686 (18.36 %) Events processed ...
[2025-07-20 18:24:56.817] [main] [info] 400000 / 2123686 (18.84 %) Events processed ...
[2025-07-20 18:24:57.078] [main] [info] 410000 / 2123686 (19.31 %) Events processed ...
[2025-07-20 18:25:01.348] [main] [info] 420000 / 2123686 (19.78 %) Events processed ...
[2025-07-20 18:25:01.618] [main] [info] 430000 / 2123686 (20.25 %) Events processed ...
[2025-07-20 18:25:01.954] [main] [info] 440000 / 2123686 (20.72 %) Events processed ...
[2025-07-20 18:25:02.218] [main] [info] 450000 / 2123686 (21.19 %) Events processed ...
[2025-07-20 18:25:02.590] [main] [info] 460000 / 2123686 (21.66 %) Events processed ...
[2025-07-20 18:25:02.905] [main] [info] 470000 / 2123686 (22.13 %) Events processed ...
[2025-07-20 18:25:03.238] [main] [info] 480000 / 2123686 (22.60 %) Events processed ...
[2025-07-20 18:25:03.564] [main] [info] 490000 / 2123686 (23.07 %) Events processed ...
[2025-07-20 18:25:03.895] [main] [info] 500000 / 2123686 (23.54 %) Events processed ...
[2025-07-20 18:25:04.207] [main] [info] 510000 / 2123686 (24.01 %) Events processed ...
[2025-07-20 18:25:04.530] [main] [info] 520000 / 2123686 (24.49 %) Events processed ...
[2025-07-20 18:25:04.849] [main] [info] 530000 / 2123686 (24.96 %) Events processed ...
[2025-07-20 18:25:05.171] [main] [info] 540000 / 2123686 (25.43 %) Events processed ...
[2025-07-20 18:25:05.487] [main] [info] 550000 / 2123686 (25.90 %) Events processed ...
[2025-07-20 18:25:05.810] [main] [info] 560000 / 2123686 (26.37 %) Events processed ...
[2025-07-20 18:25:06.160] [main] [info] 570000 / 2123686 (26.84 %) Events processed ...
[2025-07-20 18:25:06.488] [main] [info] 580000 / 2123686 (27.31 %) Events processed ...
[2025-07-20 18:25:06.718] [main] [info] 590000 / 2123686 (27.78 %) Events processed ...
[2025-07-20 18:25:12.940] [main] [info] 600000 / 2123686 (28.25 %) Events processed ...
[2025-07-20 18:25:13.359] [main] [info] 610000 / 2123686 (28.72 %) Events processed ...
[2025-07-20 18:25:13.719] [main] [info] 620000 / 2123686 (29.19 %) Events processed ...
[2025-07-20 18:25:13.996] [main] [info] 630000 / 2123686 (29.67 %) Events processed ...
[2025-07-20 18:25:14.019] [main] [info] 640000 / 2123686 (30.14 %) Events processed ...
[2025-07-20 18:25:14.327] [main] [info] 650000 / 2123686 (30.61 %) Events processed ...
[2025-07-20 18:25:14.716] [main] [info] 660000 / 2123686 (31.08 %) Events processed ...
[2025-07-20 18:25:15.005] [main] [info] 670000 / 2123686 (31.55 %) Events processed ...
[2025-07-20 18:25:15.342] [main] [info] 680000 / 2123686 (32.02 %) Events processed ...
[2025-07-20 18:25:15.641] [main] [info] 690000 / 2123686 (32.49 %) Events processed ...
[2025-07-20 18:25:16.007] [main] [info] 700000 / 2123686 (32.96 %) Events processed ...
[2025-07-20 18:25:16.378] [main] [info] 710000 / 2123686 (33.43 %) Events processed ...
[2025-07-20 18:25:16.794] [main] [info] 720000 / 2123686 (33.90 %) Events processed ...
[2025-07-20 18:25:16.918] [main] [info] 730000 / 2123686 (34.37 %) Events processed ...
[2025-07-20 18:25:16.925] [main] [info] 740000 / 2123686 (34.85 %) Events processed ...
[2025-07-20 18:25:16.932] [main] [info] 750000 / 2123686 (35.32 %) Events processed ...
[2025-07-20 18:25:17.462] [main] [info] 760000 / 2123686 (35.79 %) Events processed ...
[2025-07-20 18:25:17.757] [main] [info] 770000 / 2123686 (36.26 %) Events processed ...
[2025-07-20 18:25:18.003] [main] [info] 780000 / 2123686 (36.73 %) Events processed ...
[2025-07-20 18:25:18.422] [main] [info] 790000 / 2123686 (37.20 %) Events processed ...
[2025-07-20 18:25:18.663] [main] [info] 800000 / 2123686 (37.67 %) Events processed ...
[2025-07-20 18:25:23.343] [main] [info] 810000 / 2123686 (38.14 %) Events processed ...
[2025-07-20 18:25:23.614] [main] [info] 820000 / 2123686 (38.61 %) Events processed ...
[2025-07-20 18:25:24.058] [main] [info] 830000 / 2123686 (39.08 %) Events processed ...
[2025-07-20 18:25:24.335] [main] [info] 840000 / 2123686 (39.55 %) Events processed ...
[2025-07-20 18:25:24.719] [main] [info] 850000 / 2123686 (40.02 %) Events processed ...
[2025-07-20 18:25:24.987] [main] [info] 860000 / 2123686 (40.50 %) Events processed ...
[2025-07-20 18:25:25.333] [main] [info] 870000 / 2123686 (40.97 %) Events processed ...
[2025-07-20 18:25:25.760] [main] [info] 880000 / 2123686 (41.44 %) Events processed ...
[2025-07-20 18:25:26.108] [main] [info] 890000 / 2123686 (41.91 %) Events processed ...
[2025-07-20 18:25:26.453] [main] [info] 900000 / 2123686 (42.38 %) Events processed ...
[2025-07-20 18:25:26.784] [main] [info] 910000 / 2123686 (42.85 %) Events processed ...
[2025-07-20 18:25:27.150] [main] [info] 920000 / 2123686 (43.32 %) Events processed ...
[2025-07-20 18:25:27.476] [main] [info] 930000 / 2123686 (43.79 %) Events processed ...
[2025-07-20 18:25:27.790] [main] [info] 940000 / 2123686 (44.26 %) Events processed ...
[2025-07-20 18:25:28.119] [main] [info] 950000 / 2123686 (44.73 %) Events processed ...
[2025-07-20 18:25:28.401] [main] [info] 960000 / 2123686 (45.20 %) Events processed ...
[2025-07-20 18:25:28.758] [main] [info] 970000 / 2123686 (45.68 %) Events processed ...
[2025-07-20 18:25:29.004] [main] [info] 980000 / 2123686 (46.15 %) Events processed ...
[2025-07-20 18:25:34.011] [main] [info] 990000 / 2123686 (46.62 %) Events processed ...
[2025-07-20 18:25:34.440] [main] [info] 1000000 / 2123686 (47.09 %) Events processed ...
[2025-07-20 18:25:34.965] [main] [info] 1010000 / 2123686 (47.56 %) Events processed ...
[2025-07-20 18:25:35.433] [main] [info] 1020000 / 2123686 (48.03 %) Events processed ...
[2025-07-20 18:25:36.045] [main] [info] 1030000 / 2123686 (48.50 %) Events processed ...
[2025-07-20 18:25:36.416] [main] [info] 1040000 / 2123686 (48.97 %) Events processed ...
[2025-07-20 18:25:36.747] [main] [info] 1050000 / 2123686 (49.44 %) Events processed ...
[2025-07-20 18:25:37.011] [main] [info] 1060000 / 2123686 (49.91 %) Events processed ...
[2025-07-20 18:25:37.356] [main] [info] 1070000 / 2123686 (50.38 %) Events processed ...
[2025-07-20 18:25:37.624] [main] [info] 1080000 / 2123686 (50.85 %) Events processed ...
[2025-07-20 18:25:37.983] [main] [info] 1090000 / 2123686 (51.33 %) Events processed ...
[2025-07-20 18:25:38.252] [main] [info] 1100000 / 2123686 (51.80 %) Events processed ...
[2025-07-20 18:25:38.615] [main] [info] 1110000 / 2123686 (52.27 %) Events processed ...
[2025-07-20 18:25:38.994] [main] [info] 1120000 / 2123686 (52.74 %) Events processed ...
[2025-07-20 18:25:39.355] [main] [info] 1130000 / 2123686 (53.21 %) Events processed ...
[2025-07-20 18:25:39.638] [main] [info] 1140000 / 2123686 (53.68 %) Events processed ...
[2025-07-20 18:25:40.084] [main] [info] 1150000 / 2123686 (54.15 %) Events processed ...
[2025-07-20 18:25:40.348] [main] [info] 1160000 / 2123686 (54.62 %) Events processed ...
[2025-07-20 18:25:40.557] [main] [info] 1170000 / 2123686 (55.09 %) Events processed ...
[2025-07-20 18:25:44.945] [main] [info] 1180000 / 2123686 (55.56 %) Events processed ...
[2025-07-20 18:25:45.198] [main] [info] 1190000 / 2123686 (56.03 %) Events processed ...
[2025-07-20 18:25:45.600] [main] [info] 1200000 / 2123686 (56.51 %) Events processed ...
[2025-07-20 18:25:45.861] [main] [info] 1210000 / 2123686 (56.98 %) Events processed ...
[2025-07-20 18:25:46.233] [main] [info] 1220000 / 2123686 (57.45 %) Events processed ...
[2025-07-20 18:25:46.521] [main] [info] 1230000 / 2123686 (57.92 %) Events processed ...
[2025-07-20 18:25:46.915] [main] [info] 1240000 / 2123686 (58.39 %) Events processed ...
[2025-07-20 18:25:47.193] [main] [info] 1250000 / 2123686 (58.86 %) Events processed ...
[2025-07-20 18:25:47.463] [main] [info] 1260000 / 2123686 (59.33 %) Events processed ...
[2025-07-20 18:25:47.800] [main] [info] 1270000 / 2123686 (59.80 %) Events processed ...
[2025-07-20 18:25:48.159] [main] [info] 1280000 / 2123686 (60.27 %) Events processed ...
[2025-07-20 18:25:48.468] [main] [info] 1290000 / 2123686 (60.74 %) Events processed ...
[2025-07-20 18:25:48.813] [main] [info] 1300000 / 2123686 (61.21 %) Events processed ...
[2025-07-20 18:25:49.191] [main] [info] 1310000 / 2123686 (61.69 %) Events processed ...
[2025-07-20 18:25:49.542] [main] [info] 1320000 / 2123686 (62.16 %) Events processed ...
[2025-07-20 18:25:49.882] [main] [info] 1330000 / 2123686 (62.63 %) Events processed ...
[2025-07-20 18:25:50.232] [main] [info] 1340000 / 2123686 (63.10 %) Events processed ...
[2025-07-20 18:25:50.538] [main] [info] 1350000 / 2123686 (63.57 %) Events processed ...
[2025-07-20 18:25:54.767] [main] [info] 1360000 / 2123686 (64.04 %) Events processed ...
[2025-07-20 18:25:55.163] [main] [info] 1370000 / 2123686 (64.51 %) Events processed ...
[2025-07-20 18:25:55.506] [main] [info] 1380000 / 2123686 (64.98 %) Events processed ...
[2025-07-20 18:25:55.821] [main] [info] 1390000 / 2123686 (65.45 %) Events processed ...
[2025-07-20 18:25:56.147] [main] [info] 1400000 / 2123686 (65.92 %) Events processed ...
[2025-07-20 18:25:56.462] [main] [info] 1410000 / 2123686 (66.39 %) Events processed ...
[2025-07-20 18:25:56.890] [main] [info] 1420000 / 2123686 (66.86 %) Events processed ...
[2025-07-20 18:25:57.264] [main] [info] 1430000 / 2123686 (67.34 %) Events processed ...
[2025-07-20 18:25:57.635] [main] [info] 1440000 / 2123686 (67.81 %) Events processed ...
[2025-07-20 18:25:57.935] [main] [info] 1450000 / 2123686 (68.28 %) Events processed ...
[2025-07-20 18:25:58.361] [main] [info] 1460000 / 2123686 (68.75 %) Events processed ...
[2025-07-20 18:25:58.663] [main] [info] 1470000 / 2123686 (69.22 %) Events processed ...
[2025-07-20 18:25:59.074] [main] [info] 1480000 / 2123686 (69.69 %) Events processed ...
[2025-07-20 18:25:59.410] [main] [info] 1490000 / 2123686 (70.16 %) Events processed ...
[2025-07-20 18:25:59.816] [main] [info] 1500000 / 2123686 (70.63 %) Events processed ...
[2025-07-20 18:26:00.126] [main] [info] 1510000 / 2123686 (71.10 %) Events processed ...
[2025-07-20 18:26:00.536] [main] [info] 1520000 / 2123686 (71.57 %) Events processed ...
[2025-07-20 18:26:00.783] [main] [info] 1530000 / 2123686 (72.04 %) Events processed ...
[2025-07-20 18:26:05.206] [main] [info] 1540000 / 2123686 (72.52 %) Events processed ...
[2025-07-20 18:26:05.515] [main] [info] 1550000 / 2123686 (72.99 %) Events processed ...
[2025-07-20 18:26:05.723] [main] [info] 1560000 / 2123686 (73.46 %) Events processed ...
[2025-07-20 18:26:06.104] [main] [info] 1570000 / 2123686 (73.93 %) Events processed ...
[2025-07-20 18:26:06.341] [main] [info] 1580000 / 2123686 (74.40 %) Events processed ...
[2025-07-20 18:26:06.725] [main] [info] 1590000 / 2123686 (74.87 %) Events processed ...
[2025-07-20 18:26:06.990] [main] [info] 1600000 / 2123686 (75.34 %) Events processed ...
[2025-07-20 18:26:07.391] [main] [info] 1610000 / 2123686 (75.81 %) Events processed ...
[2025-07-20 18:26:07.664] [main] [info] 1620000 / 2123686 (76.28 %) Events processed ...
[2025-07-20 18:26:08.061] [main] [info] 1630000 / 2123686 (76.75 %) Events processed ...
[2025-07-20 18:26:08.331] [main] [info] 1640000 / 2123686 (77.22 %) Events processed ...
[2025-07-20 18:26:08.706] [main] [info] 1650000 / 2123686 (77.70 %) Events processed ...
[2025-07-20 18:26:09.060] [main] [info] 1660000 / 2123686 (78.17 %) Events processed ...
[2025-07-20 18:26:09.432] [main] [info] 1670000 / 2123686 (78.64 %) Events processed ...
[2025-07-20 18:26:09.817] [main] [info] 1680000 / 2123686 (79.11 %) Events processed ...
[2025-07-20 18:26:10.257] [main] [info] 1690000 / 2123686 (79.58 %) Events processed ...
[2025-07-20 18:26:10.605] [main] [info] 1700000 / 2123686 (80.05 %) Events processed ...
[2025-07-20 18:26:10.958] [main] [info] 1710000 / 2123686 (80.52 %) Events processed ...
[2025-07-20 18:26:11.266] [main] [info] 1720000 / 2123686 (80.99 %) Events processed ...
[2025-07-20 18:26:23.146] [main] [info] 1730000 / 2123686 (81.46 %) Events processed ...
[2025-07-20 18:26:23.429] [main] [info] 1740000 / 2123686 (81.93 %) Events processed ...
[2025-07-20 18:26:23.777] [main] [info] 1750000 / 2123686 (82.40 %) Events processed ...
[2025-07-20 18:26:24.173] [main] [info] 1760000 / 2123686 (82.87 %) Events processed ...
[2025-07-20 18:26:24.665] [main] [info] 1770000 / 2123686 (83.35 %) Events processed ...
[2025-07-20 18:26:25.192] [main] [info] 1780000 / 2123686 (83.82 %) Events processed ...
[2025-07-20 18:26:25.655] [main] [info] 1790000 / 2123686 (84.29 %) Events processed ...
[2025-07-20 18:26:25.937] [main] [info] 1800000 / 2123686 (84.76 %) Events processed ...
[2025-07-20 18:26:26.328] [main] [info] 1810000 / 2123686 (85.23 %) Events processed ...
[2025-07-20 18:26:26.633] [main] [info] 1820000 / 2123686 (85.70 %) Events processed ...
[2025-07-20 18:26:27.008] [main] [info] 1830000 / 2123686 (86.17 %) Events processed ...
[2025-07-20 18:26:27.299] [main] [info] 1840000 / 2123686 (86.64 %) Events processed ...
[2025-07-20 18:26:27.979] [main] [info] 1850000 / 2123686 (87.11 %) Events processed ...
[2025-07-20 18:26:28.382] [main] [info] 1860000 / 2123686 (87.58 %) Events processed ...
[2025-07-20 18:26:28.755] [main] [info] 1870000 / 2123686 (88.05 %) Events processed ...
[2025-07-20 18:26:29.037] [main] [info] 1880000 / 2123686 (88.53 %) Events processed ...
[2025-07-20 18:26:29.417] [main] [info] 1890000 / 2123686 (89.00 %) Events processed ...
[2025-07-20 18:26:29.693] [main] [info] 1900000 / 2123686 (89.47 %) Events processed ...
[2025-07-20 18:26:40.986] [main] [info] 1910000 / 2123686 (89.94 %) Events processed ...
[2025-07-20 18:26:41.367] [main] [info] 1920000 / 2123686 (90.41 %) Events processed ...
[2025-07-20 18:26:42.147] [main] [info] 1930000 / 2123686 (90.88 %) Events processed ...
[2025-07-20 18:26:42.644] [main] [info] 1940000 / 2123686 (91.35 %) Events processed ...
[2025-07-20 18:26:42.982] [main] [info] 1950000 / 2123686 (91.82 %) Events processed ...
[2025-07-20 18:26:43.403] [main] [info] 1960000 / 2123686 (92.29 %) Events processed ...
[2025-07-20 18:26:43.682] [main] [info] 1970000 / 2123686 (92.76 %) Events processed ...
[2025-07-20 18:26:44.105] [main] [info] 1980000 / 2123686 (93.23 %) Events processed ...
[2025-07-20 18:26:44.367] [main] [info] 1990000 / 2123686 (93.71 %) Events processed ...
[2025-07-20 18:26:44.775] [main] [info] 2000000 / 2123686 (94.18 %) Events processed ...
[2025-07-20 18:26:45.073] [main] [info] 2010000 / 2123686 (94.65 %) Events processed ...
[2025-07-20 18:26:45.480] [main] [info] 2020000 / 2123686 (95.12 %) Events processed ...
[2025-07-20 18:26:45.771] [main] [info] 2030000 / 2123686 (95.59 %) Events processed ...
[2025-07-20 18:26:46.145] [main] [info] 2040000 / 2123686 (96.06 %) Events processed ...
[2025-07-20 18:26:46.498] [main] [info] 2050000 / 2123686 (96.53 %) Events processed ...
[2025-07-20 18:26:46.878] [main] [info] 2060000 / 2123686 (97.00 %) Events processed ...
[2025-07-20 18:26:47.294] [main] [info] 2070000 / 2123686 (97.47 %) Events processed ...
[2025-07-20 18:26:47.689] [main] [info] 2080000 / 2123686 (97.94 %) Events processed ...
[2025-07-20 18:26:48.045] [main] [info] 2090000 / 2123686 (98.41 %) Events processed ...
[2025-07-20 18:26:50.801] [main] [info] 2100000 / 2123686 (98.88 %) Events processed ...
[2025-07-20 18:26:51.114] [main] [info] 2110000 / 2123686 (99.36 %) Events processed ...
[2025-07-20 18:26:51.454] [main] [info] 2120000 / 2123686 (99.83 %) Events processed ...
[2025-07-20 18:26:51.759] [main] [info] vbfhmm:
GoldenJSONFilter: pass=2066599    all=2123686    -- eff=97.31 % cumulative eff=97.31 %
Flag_goodVertices: pass=2063123    all=2066599    -- eff=99.83 % cumulative eff=97.15 %
Flag_globalSuperTightHalo2016Filter: pass=2062403    all=2063123    -- eff=99.97 % cumulative eff=97.11 %
Flag_EcalDeadCellTriggerPrimitiveFilter: pass=2062344    all=2062403    -- eff=100.00 % cumulative eff=97.11 %
Flag_BadPFMuonFilter: pass=2061284    all=2062344    -- eff=99.95 % cumulative eff=97.06 %
Flag_BadPFMuonDzFilter: pass=2060901    all=2061284    -- eff=99.98 % cumulative eff=97.04 %
Flag_eeBadScFilter: pass=2060901    all=2060901    -- eff=100.00 % cumulative eff=97.04 %
Flag_ecalBadCalibFilter: pass=2060759    all=2060901    -- eff=99.99 % cumulative eff=97.04 %
Flag_hfNoisyHitsFilter: pass=2057371    all=2060759    -- eff=99.84 % cumulative eff=96.88 %
Number of muons 2: pass=68083      all=2057371    -- eff=3.31 % cumulative eff=3.21 %
DiMuon From Higgs: pass=61202      all=68083      -- eff=89.89 % cumulative eff=2.88 %
LeptonChargeSum: pass=61177      all=61202      -- eff=99.96 % cumulative eff=2.88 %
[2025-07-20 18:26:51.908] [main] [info] Writing quantities map to /eos/user/j/jiahua/MC_2023_inc/Muon0_Run2023C-24Jan2024_v3-v1/fd318377-99db-446c-b67f-6d0588ee6d17_vbfhmm.root
[2025-07-20 18:26:52.084] [main] [info] Finished Evaluation
[2025-07-20 18:26:52.084] [main] [info] Overall runtime (real time: 153.74, CPU time: 79.04)
