Starting job on \n
Running on: Linux b9p02p1188.cern.ch 5.14.0-570.17.1.el9_6.x86_64 #1 SMP PREEMPT_DYNAMIC Tue May 13 06:41:18 EDT 2025 x86_64 x86_64 x86_64 GNU/Linux\n
System software: Red Hat Enterprise Linux release 9.6 (Plow)\n
Setting up CROWN for RedHatEnterprise Version 9.6
/eos/user/j/jiahua/MC_2023_inc/Muon0_Run2023C-24Jan2024_v4-v1/f2811c33-ebed-4ab3-9662-f24c059bfe6f.root
[2025-07-20 18:23:01.628] [main] [info] Checking input files
[2025-07-20 18:23:06.216] [main] [info] NanoAOD input_file 1: root://cms-xrd-global.cern.ch//store/data/Run2023C/Muon0/NANOAOD/24Jan2024_v4-v1/2820000/f2811c33-ebed-4ab3-9662-f24c059bfe6f.root - 2159365 Events
[2025-07-20 18:23:06.216] [main] [info] input_file 1: root://cms-xrd-global.cern.ch//store/data/Run2023C/Muon0/NANOAOD/24Jan2024_v4-v1/2820000/f2811c33-ebed-4ab3-9662-f24c059bfe6f.root - SumOfGenWeight: 4.09267064e-316 
[2025-07-20 18:23:06.216] [main] [info] Output directory: /eos/user/j/jiahua/MC_2023_inc/Muon0_Run2023C-24Jan2024_v4-v1/f2811c33-ebed-4ab3-9662-f24c059bfe6f.root
[2025-07-20 18:23:06.217] [main] [info] Starting Setup of Dataframe with 2159365 events
[2025-07-20 18:23:09.799] [main] [info] Finished Setup
[2025-07-20 18:23:09.799] [main] [info] Runtime for setup (real time: 3.58, CPU time: 2.90)
[2025-07-20 18:23:09.799] [main] [info] Starting Evaluation
[2025-07-20 18:23:16.504] [main] [info] 10000 / 2159365 (0.46 %) Events processed ...
[2025-07-20 18:23:16.665] [main] [info] 20000 / 2159365 (0.93 %) Events processed ...
[2025-07-20 18:23:16.832] [main] [info] 30000 / 2159365 (1.39 %) Events processed ...
[2025-07-20 18:23:17.072] [main] [info] 40000 / 2159365 (1.85 %) Events processed ...
[2025-07-20 18:23:17.238] [main] [info] 50000 / 2159365 (2.32 %) Events processed ...
[2025-07-20 18:23:17.411] [main] [info] 60000 / 2159365 (2.78 %) Events processed ...
[2025-07-20 18:23:17.680] [main] [info] 70000 / 2159365 (3.24 %) Events processed ...
[2025-07-20 18:23:17.942] [main] [info] 80000 / 2159365 (3.70 %) Events processed ...
[2025-07-20 18:23:18.107] [main] [info] 90000 / 2159365 (4.17 %) Events processed ...
[2025-07-20 18:23:18.292] [main] [info] 100000 / 2159365 (4.63 %) Events processed ...
[2025-07-20 18:23:18.546] [main] [info] 110000 / 2159365 (5.09 %) Events processed ...
[2025-07-20 18:23:18.715] [main] [info] 120000 / 2159365 (5.56 %) Events processed ...
[2025-07-20 18:23:18.885] [main] [info] 130000 / 2159365 (6.02 %) Events processed ...
[2025-07-20 18:23:19.154] [main] [info] 140000 / 2159365 (6.48 %) Events processed ...
[2025-07-20 18:23:19.312] [main] [info] 150000 / 2159365 (6.95 %) Events processed ...
[2025-07-20 18:23:19.549] [main] [info] 160000 / 2159365 (7.41 %) Events processed ...
[2025-07-20 18:23:19.711] [main] [info] 170000 / 2159365 (7.87 %) Events processed ...
[2025-07-20 18:23:19.951] [main] [info] 180000 / 2159365 (8.34 %) Events processed ...
[2025-07-20 18:23:20.090] [main] [info] 190000 / 2159365 (8.80 %) Events processed ...
[2025-07-20 18:23:20.224] [main] [info] 200000 / 2159365 (9.26 %) Events processed ...
[2025-07-20 18:23:20.474] [main] [info] 210000 / 2159365 (9.73 %) Events processed ...
[2025-07-20 18:23:20.637] [main] [info] 220000 / 2159365 (10.19 %) Events processed ...
[2025-07-20 18:23:20.792] [main] [info] 230000 / 2159365 (10.65 %) Events processed ...
[2025-07-20 18:23:21.083] [main] [info] 240000 / 2159365 (11.11 %) Events processed ...
[2025-07-20 18:23:21.366] [main] [info] 250000 / 2159365 (11.58 %) Events processed ...
[2025-07-20 18:23:21.528] [main] [info] 260000 / 2159365 (12.04 %) Events processed ...
[2025-07-20 18:23:21.763] [main] [info] 270000 / 2159365 (12.50 %) Events processed ...
[2025-07-20 18:23:22.027] [main] [info] 280000 / 2159365 (12.97 %) Events processed ...
[2025-07-20 18:23:22.194] [main] [info] 290000 / 2159365 (13.43 %) Events processed ...
[2025-07-20 18:23:22.354] [main] [info] 300000 / 2159365 (13.89 %) Events processed ...
[2025-07-20 18:23:22.543] [main] [info] 310000 / 2159365 (14.36 %) Events processed ...
[2025-07-20 18:23:22.878] [main] [info] 320000 / 2159365 (14.82 %) Events processed ...
[2025-07-20 18:23:23.032] [main] [info] 330000 / 2159365 (15.28 %) Events processed ...
[2025-07-20 18:23:23.145] [main] [info] 340000 / 2159365 (15.75 %) Events processed ...
[2025-07-20 18:23:23.329] [main] [info] 350000 / 2159365 (16.21 %) Events processed ...
[2025-07-20 18:23:23.448] [main] [info] 360000 / 2159365 (16.67 %) Events processed ...
[2025-07-20 18:23:23.564] [main] [info] 370000 / 2159365 (17.13 %) Events processed ...
[2025-07-20 18:23:23.694] [main] [info] 380000 / 2159365 (17.60 %) Events processed ...
[2025-07-20 18:23:23.867] [main] [info] 390000 / 2159365 (18.06 %) Events processed ...
[2025-07-20 18:23:24.087] [main] [info] 400000 / 2159365 (18.52 %) Events processed ...
[2025-07-20 18:23:24.265] [main] [info] 410000 / 2159365 (18.99 %) Events processed ...
[2025-07-20 18:23:24.530] [main] [info] 420000 / 2159365 (19.45 %) Events processed ...
[2025-07-20 18:23:24.689] [main] [info] 430000 / 2159365 (19.91 %) Events processed ...
[2025-07-20 18:23:24.855] [main] [info] 440000 / 2159365 (20.38 %) Events processed ...
[2025-07-20 18:23:25.034] [main] [info] 450000 / 2159365 (20.84 %) Events processed ...
[2025-07-20 18:23:25.269] [main] [info] 460000 / 2159365 (21.30 %) Events processed ...
[2025-07-20 18:23:25.430] [main] [info] 470000 / 2159365 (21.77 %) Events processed ...
[2025-07-20 18:23:25.737] [main] [info] 480000 / 2159365 (22.23 %) Events processed ...
[2025-07-20 18:23:25.987] [main] [info] 490000 / 2159365 (22.69 %) Events processed ...
[2025-07-20 18:23:26.152] [main] [info] 500000 / 2159365 (23.15 %) Events processed ...
[2025-07-20 18:23:26.307] [main] [info] 510000 / 2159365 (23.62 %) Events processed ...
[2025-07-20 18:23:26.480] [main] [info] 520000 / 2159365 (24.08 %) Events processed ...
[2025-07-20 18:23:26.722] [main] [info] 530000 / 2159365 (24.54 %) Events processed ...
[2025-07-20 18:23:26.880] [main] [info] 540000 / 2159365 (25.01 %) Events processed ...
[2025-07-20 18:23:27.106] [main] [info] 550000 / 2159365 (25.47 %) Events processed ...
[2025-07-20 18:23:27.555] [main] [info] 560000 / 2159365 (25.93 %) Events processed ...
[2025-07-20 18:23:27.729] [main] [info] 570000 / 2159365 (26.40 %) Events processed ...
[2025-07-20 18:23:27.895] [main] [info] 580000 / 2159365 (26.86 %) Events processed ...
[2025-07-20 18:23:28.082] [main] [info] 590000 / 2159365 (27.32 %) Events processed ...
[2025-07-20 18:23:28.333] [main] [info] 600000 / 2159365 (27.79 %) Events processed ...
[2025-07-20 18:23:28.506] [main] [info] 610000 / 2159365 (28.25 %) Events processed ...
[2025-07-20 18:23:28.692] [main] [info] 620000 / 2159365 (28.71 %) Events processed ...
[2025-07-20 18:23:29.249] [main] [info] 630000 / 2159365 (29.18 %) Events processed ...
[2025-07-20 18:23:29.422] [main] [info] 640000 / 2159365 (29.64 %) Events processed ...
[2025-07-20 18:23:29.598] [main] [info] 650000 / 2159365 (30.10 %) Events processed ...
[2025-07-20 18:23:29.786] [main] [info] 660000 / 2159365 (30.56 %) Events processed ...
[2025-07-20 18:23:30.043] [main] [info] 670000 / 2159365 (31.03 %) Events processed ...
[2025-07-20 18:23:30.219] [main] [info] 680000 / 2159365 (31.49 %) Events processed ...
[2025-07-20 18:23:30.412] [main] [info] 690000 / 2159365 (31.95 %) Events processed ...
[2025-07-20 18:23:30.677] [main] [info] 700000 / 2159365 (32.42 %) Events processed ...
[2025-07-20 18:23:31.045] [main] [info] 710000 / 2159365 (32.88 %) Events processed ...
[2025-07-20 18:23:31.216] [main] [info] 720000 / 2159365 (33.34 %) Events processed ...
[2025-07-20 18:23:31.407] [main] [info] 730000 / 2159365 (33.81 %) Events processed ...
[2025-07-20 18:23:31.663] [main] [info] 740000 / 2159365 (34.27 %) Events processed ...
[2025-07-20 18:23:31.834] [main] [info] 750000 / 2159365 (34.73 %) Events processed ...
[2025-07-20 18:23:32.016] [main] [info] 760000 / 2159365 (35.20 %) Events processed ...
[2025-07-20 18:23:32.275] [main] [info] 770000 / 2159365 (35.66 %) Events processed ...
[2025-07-20 18:23:32.446] [main] [info] 780000 / 2159365 (36.12 %) Events processed ...
[2025-07-20 18:23:32.804] [main] [info] 790000 / 2159365 (36.58 %) Events processed ...
[2025-07-20 18:23:32.992] [main] [info] 800000 / 2159365 (37.05 %) Events processed ...
[2025-07-20 18:23:33.242] [main] [info] 810000 / 2159365 (37.51 %) Events processed ...
[2025-07-20 18:23:33.407] [main] [info] 820000 / 2159365 (37.97 %) Events processed ...
[2025-07-20 18:23:33.638] [main] [info] 830000 / 2159365 (38.44 %) Events processed ...
[2025-07-20 18:23:33.890] [main] [info] 840000 / 2159365 (38.90 %) Events processed ...
[2025-07-20 18:23:34.055] [main] [info] 850000 / 2159365 (39.36 %) Events processed ...
[2025-07-20 18:23:34.216] [main] [info] 860000 / 2159365 (39.83 %) Events processed ...
[2025-07-20 18:23:34.582] [main] [info] 870000 / 2159365 (40.29 %) Events processed ...
[2025-07-20 18:23:34.826] [main] [info] 880000 / 2159365 (40.75 %) Events processed ...
[2025-07-20 18:23:34.989] [main] [info] 890000 / 2159365 (41.22 %) Events processed ...
[2025-07-20 18:23:35.159] [main] [info] 900000 / 2159365 (41.68 %) Events processed ...
[2025-07-20 18:23:35.403] [main] [info] 910000 / 2159365 (42.14 %) Events processed ...
[2025-07-20 18:23:35.574] [main] [info] 920000 / 2159365 (42.61 %) Events processed ...
[2025-07-20 18:23:35.746] [main] [info] 930000 / 2159365 (43.07 %) Events processed ...
[2025-07-20 18:23:36.188] [main] [info] 940000 / 2159365 (43.53 %) Events processed ...
[2025-07-20 18:23:36.356] [main] [info] 950000 / 2159365 (43.99 %) Events processed ...
[2025-07-20 18:23:36.529] [main] [info] 960000 / 2159365 (44.46 %) Events processed ...
[2025-07-20 18:23:36.692] [main] [info] 970000 / 2159365 (44.92 %) Events processed ...
[2025-07-20 18:23:36.831] [main] [info] 980000 / 2159365 (45.38 %) Events processed ...
[2025-07-20 18:23:36.999] [main] [info] 990000 / 2159365 (45.85 %) Events processed ...
[2025-07-20 18:23:37.155] [main] [info] 1000000 / 2159365 (46.31 %) Events processed ...
[2025-07-20 18:23:37.399] [main] [info] 1010000 / 2159365 (46.77 %) Events processed ...
[2025-07-20 18:23:37.560] [main] [info] 1020000 / 2159365 (47.24 %) Events processed ...
[2025-07-20 18:23:37.903] [main] [info] 1030000 / 2159365 (47.70 %) Events processed ...
[2025-07-20 18:23:38.078] [main] [info] 1040000 / 2159365 (48.16 %) Events processed ...
[2025-07-20 18:23:38.154] [main] [info] 1050000 / 2159365 (48.63 %) Events processed ...
[2025-07-20 18:23:38.253] [main] [info] 1060000 / 2159365 (49.09 %) Events processed ...
[2025-07-20 18:23:38.405] [main] [info] 1070000 / 2159365 (49.55 %) Events processed ...
[2025-07-20 18:23:38.666] [main] [info] 1080000 / 2159365 (50.01 %) Events processed ...
[2025-07-20 18:23:38.826] [main] [info] 1090000 / 2159365 (50.48 %) Events processed ...
[2025-07-20 18:23:38.998] [main] [info] 1100000 / 2159365 (50.94 %) Events processed ...
[2025-07-20 18:23:39.228] [main] [info] 1110000 / 2159365 (51.40 %) Events processed ...
[2025-07-20 18:23:39.646] [main] [info] 1120000 / 2159365 (51.87 %) Events processed ...
[2025-07-20 18:23:39.809] [main] [info] 1130000 / 2159365 (52.33 %) Events processed ...
[2025-07-20 18:23:39.973] [main] [info] 1140000 / 2159365 (52.79 %) Events processed ...
[2025-07-20 18:23:40.228] [main] [info] 1150000 / 2159365 (53.26 %) Events processed ...
[2025-07-20 18:23:40.386] [main] [info] 1160000 / 2159365 (53.72 %) Events processed ...
[2025-07-20 18:23:40.546] [main] [info] 1170000 / 2159365 (54.18 %) Events processed ...
[2025-07-20 18:23:40.717] [main] [info] 1180000 / 2159365 (54.65 %) Events processed ...
[2025-07-20 18:23:41.131] [main] [info] 1190000 / 2159365 (55.11 %) Events processed ...
[2025-07-20 18:23:41.288] [main] [info] 1200000 / 2159365 (55.57 %) Events processed ...
[2025-07-20 18:23:41.442] [main] [info] 1210000 / 2159365 (56.03 %) Events processed ...
[2025-07-20 18:23:41.694] [main] [info] 1220000 / 2159365 (56.50 %) Events processed ...
[2025-07-20 18:23:41.870] [main] [info] 1230000 / 2159365 (56.96 %) Events processed ...
[2025-07-20 18:23:42.030] [main] [info] 1240000 / 2159365 (57.42 %) Events processed ...
[2025-07-20 18:23:42.179] [main] [info] 1250000 / 2159365 (57.89 %) Events processed ...
[2025-07-20 18:23:42.357] [main] [info] 1260000 / 2159365 (58.35 %) Events processed ...
[2025-07-20 18:23:42.693] [main] [info] 1270000 / 2159365 (58.81 %) Events processed ...
[2025-07-20 18:23:42.868] [main] [info] 1280000 / 2159365 (59.28 %) Events processed ...
[2025-07-20 18:23:43.136] [main] [info] 1290000 / 2159365 (59.74 %) Events processed ...
[2025-07-20 18:23:43.307] [main] [info] 1300000 / 2159365 (60.20 %) Events processed ...
[2025-07-20 18:23:43.481] [main] [info] 1310000 / 2159365 (60.67 %) Events processed ...
[2025-07-20 18:23:43.662] [main] [info] 1320000 / 2159365 (61.13 %) Events processed ...
[2025-07-20 18:23:43.918] [main] [info] 1330000 / 2159365 (61.59 %) Events processed ...
[2025-07-20 18:23:44.085] [main] [info] 1340000 / 2159365 (62.06 %) Events processed ...
[2025-07-20 18:23:44.412] [main] [info] 1350000 / 2159365 (62.52 %) Events processed ...
[2025-07-20 18:23:44.612] [main] [info] 1360000 / 2159365 (62.98 %) Events processed ...
[2025-07-20 18:23:44.773] [main] [info] 1370000 / 2159365 (63.44 %) Events processed ...
[2025-07-20 18:23:44.889] [main] [info] 1380000 / 2159365 (63.91 %) Events processed ...
[2025-07-20 18:23:45.013] [main] [info] 1390000 / 2159365 (64.37 %) Events processed ...
[2025-07-20 18:23:45.217] [main] [info] 1400000 / 2159365 (64.83 %) Events processed ...
[2025-07-20 18:23:45.329] [main] [info] 1410000 / 2159365 (65.30 %) Events processed ...
[2025-07-20 18:23:45.441] [main] [info] 1420000 / 2159365 (65.76 %) Events processed ...
[2025-07-20 18:23:45.839] [main] [info] 1430000 / 2159365 (66.22 %) Events processed ...
[2025-07-20 18:23:45.983] [main] [info] 1440000 / 2159365 (66.69 %) Events processed ...
[2025-07-20 18:23:46.130] [main] [info] 1450000 / 2159365 (67.15 %) Events processed ...
[2025-07-20 18:23:46.287] [main] [info] 1460000 / 2159365 (67.61 %) Events processed ...
[2025-07-20 18:23:46.510] [main] [info] 1470000 / 2159365 (68.08 %) Events processed ...
[2025-07-20 18:23:46.657] [main] [info] 1480000 / 2159365 (68.54 %) Events processed ...
[2025-07-20 18:23:46.785] [main] [info] 1490000 / 2159365 (69.00 %) Events processed ...
[2025-07-20 18:23:47.163] [main] [info] 1500000 / 2159365 (69.46 %) Events processed ...
[2025-07-20 18:23:47.332] [main] [info] 1510000 / 2159365 (69.93 %) Events processed ...
[2025-07-20 18:23:47.469] [main] [info] 1520000 / 2159365 (70.39 %) Events processed ...
[2025-07-20 18:23:47.600] [main] [info] 1530000 / 2159365 (70.85 %) Events processed ...
[2025-07-20 18:23:47.781] [main] [info] 1540000 / 2159365 (71.32 %) Events processed ...
[2025-07-20 18:23:47.896] [main] [info] 1550000 / 2159365 (71.78 %) Events processed ...
[2025-07-20 18:23:48.018] [main] [info] 1560000 / 2159365 (72.24 %) Events processed ...
[2025-07-20 18:23:48.245] [main] [info] 1570000 / 2159365 (72.71 %) Events processed ...
[2025-07-20 18:23:48.569] [main] [info] 1580000 / 2159365 (73.17 %) Events processed ...
[2025-07-20 18:23:48.732] [main] [info] 1590000 / 2159365 (73.63 %) Events processed ...
[2025-07-20 18:23:48.912] [main] [info] 1600000 / 2159365 (74.10 %) Events processed ...
[2025-07-20 18:23:49.156] [main] [info] 1610000 / 2159365 (74.56 %) Events processed ...
[2025-07-20 18:23:49.316] [main] [info] 1620000 / 2159365 (75.02 %) Events processed ...
[2025-07-20 18:23:49.483] [main] [info] 1630000 / 2159365 (75.49 %) Events processed ...
[2025-07-20 18:23:49.678] [main] [info] 1640000 / 2159365 (75.95 %) Events processed ...
[2025-07-20 18:23:49.844] [main] [info] 1650000 / 2159365 (76.41 %) Events processed ...
[2025-07-20 18:23:50.175] [main] [info] 1660000 / 2159365 (76.87 %) Events processed ...
[2025-07-20 18:23:50.350] [main] [info] 1670000 / 2159365 (77.34 %) Events processed ...
[2025-07-20 18:23:50.593] [main] [info] 1680000 / 2159365 (77.80 %) Events processed ...
[2025-07-20 18:23:50.752] [main] [info] 1690000 / 2159365 (78.26 %) Events processed ...
[2025-07-20 18:23:50.897] [main] [info] 1700000 / 2159365 (78.73 %) Events processed ...
[2025-07-20 18:23:51.074] [main] [info] 1710000 / 2159365 (79.19 %) Events processed ...
[2025-07-20 18:23:51.190] [main] [info] 1720000 / 2159365 (79.65 %) Events processed ...
[2025-07-20 18:23:51.306] [main] [info] 1730000 / 2159365 (80.12 %) Events processed ...
[2025-07-20 18:23:51.595] [main] [info] 1740000 / 2159365 (80.58 %) Events processed ...
[2025-07-20 18:23:51.769] [main] [info] 1750000 / 2159365 (81.04 %) Events processed ...
[2025-07-20 18:23:51.880] [main] [info] 1760000 / 2159365 (81.51 %) Events processed ...
[2025-07-20 18:23:52.028] [main] [info] 1770000 / 2159365 (81.97 %) Events processed ...
[2025-07-20 18:23:52.276] [main] [info] 1780000 / 2159365 (82.43 %) Events processed ...
[2025-07-20 18:23:52.430] [main] [info] 1790000 / 2159365 (82.89 %) Events processed ...
[2025-07-20 18:23:52.596] [main] [info] 1800000 / 2159365 (83.36 %) Events processed ...
[2025-07-20 18:23:53.004] [main] [info] 1810000 / 2159365 (83.82 %) Events processed ...
[2025-07-20 18:23:53.168] [main] [info] 1820000 / 2159365 (84.28 %) Events processed ...
[2025-07-20 18:23:53.332] [main] [info] 1830000 / 2159365 (84.75 %) Events processed ...
[2025-07-20 18:23:53.518] [main] [info] 1840000 / 2159365 (85.21 %) Events processed ...
[2025-07-20 18:23:53.761] [main] [info] 1850000 / 2159365 (85.67 %) Events processed ...
[2025-07-20 18:23:53.924] [main] [info] 1860000 / 2159365 (86.14 %) Events processed ...
[2025-07-20 18:23:54.086] [main] [info] 1870000 / 2159365 (86.60 %) Events processed ...
[2025-07-20 18:23:54.344] [main] [info] 1880000 / 2159365 (87.06 %) Events processed ...
[2025-07-20 18:23:54.672] [main] [info] 1890000 / 2159365 (87.53 %) Events processed ...
[2025-07-20 18:23:54.840] [main] [info] 1900000 / 2159365 (87.99 %) Events processed ...
[2025-07-20 18:23:55.013] [main] [info] 1910000 / 2159365 (88.45 %) Events processed ...
[2025-07-20 18:23:55.259] [main] [info] 1920000 / 2159365 (88.92 %) Events processed ...
[2025-07-20 18:23:55.416] [main] [info] 1930000 / 2159365 (89.38 %) Events processed ...
[2025-07-20 18:23:55.630] [main] [info] 1940000 / 2159365 (89.84 %) Events processed ...
[2025-07-20 18:23:55.848] [main] [info] 1950000 / 2159365 (90.30 %) Events processed ...
[2025-07-20 18:23:56.012] [main] [info] 1960000 / 2159365 (90.77 %) Events processed ...
[2025-07-20 18:23:56.345] [main] [info] 1970000 / 2159365 (91.23 %) Events processed ...
[2025-07-20 18:23:56.524] [main] [info] 1980000 / 2159365 (91.69 %) Events processed ...
[2025-07-20 18:23:56.754] [main] [info] 1990000 / 2159365 (92.16 %) Events processed ...
[2025-07-20 18:23:56.867] [main] [info] 2000000 / 2159365 (92.62 %) Events processed ...
[2025-07-20 18:23:56.981] [main] [info] 2010000 / 2159365 (93.08 %) Events processed ...
[2025-07-20 18:23:57.167] [main] [info] 2020000 / 2159365 (93.55 %) Events processed ...
[2025-07-20 18:23:57.282] [main] [info] 2030000 / 2159365 (94.01 %) Events processed ...
[2025-07-20 18:23:57.396] [main] [info] 2040000 / 2159365 (94.47 %) Events processed ...
[2025-07-20 18:23:57.726] [main] [info] 2050000 / 2159365 (94.94 %) Events processed ...
[2025-07-20 18:23:57.972] [main] [info] 2060000 / 2159365 (95.40 %) Events processed ...
[2025-07-20 18:23:58.135] [main] [info] 2070000 / 2159365 (95.86 %) Events processed ...
[2025-07-20 18:23:58.312] [main] [info] 2080000 / 2159365 (96.32 %) Events processed ...
[2025-07-20 18:23:58.569] [main] [info] 2090000 / 2159365 (96.79 %) Events processed ...
[2025-07-20 18:23:58.739] [main] [info] 2100000 / 2159365 (97.25 %) Events processed ...
[2025-07-20 18:23:58.910] [main] [info] 2110000 / 2159365 (97.71 %) Events processed ...
[2025-07-20 18:23:59.091] [main] [info] 2120000 / 2159365 (98.18 %) Events processed ...
[2025-07-20 18:23:59.448] [main] [info] 2130000 / 2159365 (98.64 %) Events processed ...
[2025-07-20 18:23:59.611] [main] [info] 2140000 / 2159365 (99.10 %) Events processed ...
[2025-07-20 18:23:59.776] [main] [info] 2150000 / 2159365 (99.57 %) Events processed ...
[2025-07-20 18:24:00.369] [main] [info] vbfhmm:
GoldenJSONFilter: pass=2134270    all=2159365    -- eff=98.84 % cumulative eff=98.84 %
Flag_goodVertices: pass=2130504    all=2134270    -- eff=99.82 % cumulative eff=98.66 %
Flag_globalSuperTightHalo2016Filter: pass=2129678    all=2130504    -- eff=99.96 % cumulative eff=98.63 %
Flag_EcalDeadCellTriggerPrimitiveFilter: pass=2129601    all=2129678    -- eff=100.00 % cumulative eff=98.62 %
Flag_BadPFMuonFilter: pass=2128233    all=2129601    -- eff=99.94 % cumulative eff=98.56 %
Flag_BadPFMuonDzFilter: pass=2127774    all=2128233    -- eff=99.98 % cumulative eff=98.54 %
Flag_eeBadScFilter: pass=2127774    all=2127774    -- eff=100.00 % cumulative eff=98.54 %
Flag_ecalBadCalibFilter: pass=2127633    all=2127774    -- eff=99.99 % cumulative eff=98.53 %
Flag_hfNoisyHitsFilter: pass=2123584    all=2127633    -- eff=99.81 % cumulative eff=98.34 %
Number of muons 2: pass=69643      all=2123584    -- eff=3.28 % cumulative eff=3.23 %
DiMuon From Higgs: pass=62270      all=69643      -- eff=89.41 % cumulative eff=2.88 %
LeptonChargeSum: pass=62241      all=62270      -- eff=99.95 % cumulative eff=2.88 %
[2025-07-20 18:24:00.497] [main] [info] Writing quantities map to /eos/user/j/jiahua/MC_2023_inc/Muon0_Run2023C-24Jan2024_v4-v1/f2811c33-ebed-4ab3-9662-f24c059bfe6f_vbfhmm.root
[2025-07-20 18:24:01.194] [main] [info] Finished Evaluation
[2025-07-20 18:24:01.194] [main] [info] Overall runtime (real time: 54.98, CPU time: 48.21)
