Starting job on \n
Running on: Linux b9g02p4471.cern.ch 5.14.0-503.35.1.el9_5.x86_64 #1 SMP PREEMPT_DYNAMIC Fri Apr 4 05:23:43 EDT 2025 x86_64 x86_64 x86_64 GNU/Linux\n
System software: AlmaLinux release 9.6 (Sage Margay)\n
Setting up CROWN for Alma Version 9.6
/eos/user/j/jiahua/MC_2023_inc/Muon0_Run2023C-24Jan2024_v3-v1/1cfc5478-68b2-4c54-8404-e93bd5cf766f.root
[2025-07-20 18:24:10.560] [main] [info] Checking input files
[2025-07-20 18:24:17.119] [main] [info] NanoAOD input_file 1: root://cms-xrd-global.cern.ch//store/data/Run2023C/Muon0/NANOAOD/24Jan2024_v3-v1/2810000/1cfc5478-68b2-4c54-8404-e93bd5cf766f.root - 2107281 Events
[2025-07-20 18:24:17.119] [main] [info] input_file 1: root://cms-xrd-global.cern.ch//store/data/Run2023C/Muon0/NANOAOD/24Jan2024_v3-v1/2810000/1cfc5478-68b2-4c54-8404-e93bd5cf766f.root - SumOfGenWeight: 8.4259734e-316 
[2025-07-20 18:24:17.119] [main] [info] Output directory: /eos/user/j/jiahua/MC_2023_inc/Muon0_Run2023C-24Jan2024_v3-v1/1cfc5478-68b2-4c54-8404-e93bd5cf766f.root
[2025-07-20 18:24:17.120] [main] [info] Starting Setup of Dataframe with 2107281 events
[2025-07-20 18:24:21.566] [main] [info] Finished Setup
[2025-07-20 18:24:21.566] [main] [info] Runtime for setup (real time: 4.45, CPU time: 0.55)
[2025-07-20 18:24:21.566] [main] [info] Starting Evaluation
[2025-07-20 18:24:34.476] [main] [info] 10000 / 2107281 (0.47 %) Events processed ...
[2025-07-20 18:24:34.728] [main] [info] 20000 / 2107281 (0.95 %) Events processed ...
[2025-07-20 18:24:34.978] [main] [info] 30000 / 2107281 (1.42 %) Events processed ...
[2025-07-20 18:24:35.374] [main] [info] 40000 / 2107281 (1.90 %) Events processed ...
[2025-07-20 18:24:35.627] [main] [info] 50000 / 2107281 (2.37 %) Events processed ...
[2025-07-20 18:24:35.877] [main] [info] 60000 / 2107281 (2.85 %) Events processed ...
[2025-07-20 18:24:36.271] [main] [info] 70000 / 2107281 (3.32 %) Events processed ...
[2025-07-20 18:24:38.604] [main] [info] 80000 / 2107281 (3.80 %) Events processed ...
[2025-07-20 18:24:38.852] [main] [info] 90000 / 2107281 (4.27 %) Events processed ...
[2025-07-20 18:24:39.131] [main] [info] 100000 / 2107281 (4.75 %) Events processed ...
[2025-07-20 18:24:39.524] [main] [info] 110000 / 2107281 (5.22 %) Events processed ...
[2025-07-20 18:24:39.800] [main] [info] 120000 / 2107281 (5.69 %) Events processed ...
[2025-07-20 18:24:40.083] [main] [info] 130000 / 2107281 (6.17 %) Events processed ...
[2025-07-20 18:24:40.518] [main] [info] 140000 / 2107281 (6.64 %) Events processed ...
[2025-07-20 18:24:40.789] [main] [info] 150000 / 2107281 (7.12 %) Events processed ...
[2025-07-20 18:24:42.906] [main] [info] 160000 / 2107281 (7.59 %) Events processed ...
[2025-07-20 18:24:43.168] [main] [info] 170000 / 2107281 (8.07 %) Events processed ...
[2025-07-20 18:24:43.551] [main] [info] 180000 / 2107281 (8.54 %) Events processed ...
[2025-07-20 18:24:43.794] [main] [info] 190000 / 2107281 (9.02 %) Events processed ...
[2025-07-20 18:24:44.047] [main] [info] 200000 / 2107281 (9.49 %) Events processed ...
[2025-07-20 18:24:44.445] [main] [info] 210000 / 2107281 (9.97 %) Events processed ...
[2025-07-20 18:24:44.696] [main] [info] 220000 / 2107281 (10.44 %) Events processed ...
[2025-07-20 18:24:44.950] [main] [info] 230000 / 2107281 (10.91 %) Events processed ...
[2025-07-20 18:24:47.164] [main] [info] 240000 / 2107281 (11.39 %) Events processed ...
[2025-07-20 18:24:47.623] [main] [info] 250000 / 2107281 (11.86 %) Events processed ...
[2025-07-20 18:24:47.878] [main] [info] 260000 / 2107281 (12.34 %) Events processed ...
[2025-07-20 18:24:48.137] [main] [info] 270000 / 2107281 (12.81 %) Events processed ...
[2025-07-20 18:24:48.537] [main] [info] 280000 / 2107281 (13.29 %) Events processed ...
[2025-07-20 18:24:48.786] [main] [info] 290000 / 2107281 (13.76 %) Events processed ...
[2025-07-20 18:24:49.030] [main] [info] 300000 / 2107281 (14.24 %) Events processed ...
[2025-07-20 18:24:49.305] [main] [info] 310000 / 2107281 (14.71 %) Events processed ...
[2025-07-20 18:24:51.448] [main] [info] 320000 / 2107281 (15.19 %) Events processed ...
[2025-07-20 18:24:51.680] [main] [info] 330000 / 2107281 (15.66 %) Events processed ...
[2025-07-20 18:24:51.915] [main] [info] 340000 / 2107281 (16.13 %) Events processed ...
[2025-07-20 18:24:52.286] [main] [info] 350000 / 2107281 (16.61 %) Events processed ...
[2025-07-20 18:24:52.522] [main] [info] 360000 / 2107281 (17.08 %) Events processed ...
[2025-07-20 18:24:52.757] [main] [info] 370000 / 2107281 (17.56 %) Events processed ...
[2025-07-20 18:24:53.021] [main] [info] 380000 / 2107281 (18.03 %) Events processed ...
[2025-07-20 18:24:55.029] [main] [info] 390000 / 2107281 (18.51 %) Events processed ...
[2025-07-20 18:24:55.268] [main] [info] 400000 / 2107281 (18.98 %) Events processed ...
[2025-07-20 18:24:55.502] [main] [info] 410000 / 2107281 (19.46 %) Events processed ...
[2025-07-20 18:24:55.876] [main] [info] 420000 / 2107281 (19.93 %) Events processed ...
[2025-07-20 18:24:56.108] [main] [info] 430000 / 2107281 (20.41 %) Events processed ...
[2025-07-20 18:24:56.344] [main] [info] 440000 / 2107281 (20.88 %) Events processed ...
[2025-07-20 18:24:56.594] [main] [info] 450000 / 2107281 (21.35 %) Events processed ...
[2025-07-20 18:24:56.891] [main] [info] 460000 / 2107281 (21.83 %) Events processed ...
[2025-07-20 18:24:58.603] [main] [info] 470000 / 2107281 (22.30 %) Events processed ...
[2025-07-20 18:24:58.767] [main] [info] 480000 / 2107281 (22.78 %) Events processed ...
[2025-07-20 18:24:59.034] [main] [info] 490000 / 2107281 (23.25 %) Events processed ...
[2025-07-20 18:24:59.262] [main] [info] 500000 / 2107281 (23.73 %) Events processed ...
[2025-07-20 18:24:59.504] [main] [info] 510000 / 2107281 (24.20 %) Events processed ...
[2025-07-20 18:24:59.785] [main] [info] 520000 / 2107281 (24.68 %) Events processed ...
[2025-07-20 18:25:00.173] [main] [info] 530000 / 2107281 (25.15 %) Events processed ...
[2025-07-20 18:25:00.436] [main] [info] 540000 / 2107281 (25.63 %) Events processed ...
[2025-07-20 18:25:02.261] [main] [info] 550000 / 2107281 (26.10 %) Events processed ...
[2025-07-20 18:25:02.646] [main] [info] 560000 / 2107281 (26.57 %) Events processed ...
[2025-07-20 18:25:02.805] [main] [info] 570000 / 2107281 (27.05 %) Events processed ...
[2025-07-20 18:25:02.960] [main] [info] 580000 / 2107281 (27.52 %) Events processed ...
[2025-07-20 18:25:03.170] [main] [info] 590000 / 2107281 (28.00 %) Events processed ...
[2025-07-20 18:25:03.544] [main] [info] 600000 / 2107281 (28.47 %) Events processed ...
[2025-07-20 18:25:03.804] [main] [info] 610000 / 2107281 (28.95 %) Events processed ...
[2025-07-20 18:25:04.061] [main] [info] 620000 / 2107281 (29.42 %) Events processed ...
[2025-07-20 18:25:05.976] [main] [info] 630000 / 2107281 (29.90 %) Events processed ...
[2025-07-20 18:25:06.220] [main] [info] 640000 / 2107281 (30.37 %) Events processed ...
[2025-07-20 18:25:06.465] [main] [info] 650000 / 2107281 (30.85 %) Events processed ...
[2025-07-20 18:25:06.731] [main] [info] 660000 / 2107281 (31.32 %) Events processed ...
[2025-07-20 18:25:07.115] [main] [info] 670000 / 2107281 (31.79 %) Events processed ...
[2025-07-20 18:25:07.367] [main] [info] 680000 / 2107281 (32.27 %) Events processed ...
[2025-07-20 18:25:07.625] [main] [info] 690000 / 2107281 (32.74 %) Events processed ...
[2025-07-20 18:25:09.762] [main] [info] 700000 / 2107281 (33.22 %) Events processed ...
[2025-07-20 18:25:10.019] [main] [info] 710000 / 2107281 (33.69 %) Events processed ...
[2025-07-20 18:25:10.269] [main] [info] 720000 / 2107281 (34.17 %) Events processed ...
[2025-07-20 18:25:10.536] [main] [info] 730000 / 2107281 (34.64 %) Events processed ...
[2025-07-20 18:25:11.001] [main] [info] 740000 / 2107281 (35.12 %) Events processed ...
[2025-07-20 18:25:11.257] [main] [info] 750000 / 2107281 (35.59 %) Events processed ...
[2025-07-20 18:25:11.517] [main] [info] 760000 / 2107281 (36.07 %) Events processed ...
[2025-07-20 18:25:11.924] [main] [info] 770000 / 2107281 (36.54 %) Events processed ...
[2025-07-20 18:25:14.023] [main] [info] 780000 / 2107281 (37.01 %) Events processed ...
[2025-07-20 18:25:14.254] [main] [info] 790000 / 2107281 (37.49 %) Events processed ...
[2025-07-20 18:25:14.441] [main] [info] 800000 / 2107281 (37.96 %) Events processed ...
[2025-07-20 18:25:14.701] [main] [info] 810000 / 2107281 (38.44 %) Events processed ...
[2025-07-20 18:25:14.864] [main] [info] 820000 / 2107281 (38.91 %) Events processed ...
[2025-07-20 18:25:15.028] [main] [info] 830000 / 2107281 (39.39 %) Events processed ...
[2025-07-20 18:25:15.302] [main] [info] 840000 / 2107281 (39.86 %) Events processed ...
[2025-07-20 18:25:15.461] [main] [info] 850000 / 2107281 (40.34 %) Events processed ...
[2025-07-20 18:25:17.225] [main] [info] 860000 / 2107281 (40.81 %) Events processed ...
[2025-07-20 18:25:17.491] [main] [info] 870000 / 2107281 (41.29 %) Events processed ...
[2025-07-20 18:25:17.868] [main] [info] 880000 / 2107281 (41.76 %) Events processed ...
[2025-07-20 18:25:18.114] [main] [info] 890000 / 2107281 (42.23 %) Events processed ...
[2025-07-20 18:25:18.367] [main] [info] 900000 / 2107281 (42.71 %) Events processed ...
[2025-07-20 18:25:18.762] [main] [info] 910000 / 2107281 (43.18 %) Events processed ...
[2025-07-20 18:25:19.015] [main] [info] 920000 / 2107281 (43.66 %) Events processed ...
[2025-07-20 18:25:19.267] [main] [info] 930000 / 2107281 (44.13 %) Events processed ...
[2025-07-20 18:25:21.416] [main] [info] 940000 / 2107281 (44.61 %) Events processed ...
[2025-07-20 18:25:21.778] [main] [info] 950000 / 2107281 (45.08 %) Events processed ...
[2025-07-20 18:25:22.008] [main] [info] 960000 / 2107281 (45.56 %) Events processed ...
[2025-07-20 18:25:22.251] [main] [info] 970000 / 2107281 (46.03 %) Events processed ...
[2025-07-20 18:25:22.717] [main] [info] 980000 / 2107281 (46.51 %) Events processed ...
[2025-07-20 18:25:22.971] [main] [info] 990000 / 2107281 (46.98 %) Events processed ...
[2025-07-20 18:25:23.230] [main] [info] 1000000 / 2107281 (47.45 %) Events processed ...
[2025-07-20 18:25:25.550] [main] [info] 1010000 / 2107281 (47.93 %) Events processed ...
[2025-07-20 18:25:25.821] [main] [info] 1020000 / 2107281 (48.40 %) Events processed ...
[2025-07-20 18:25:26.078] [main] [info] 1030000 / 2107281 (48.88 %) Events processed ...
[2025-07-20 18:25:26.338] [main] [info] 1040000 / 2107281 (49.35 %) Events processed ...
[2025-07-20 18:25:26.706] [main] [info] 1050000 / 2107281 (49.83 %) Events processed ...
[2025-07-20 18:25:26.941] [main] [info] 1060000 / 2107281 (50.30 %) Events processed ...
[2025-07-20 18:25:27.181] [main] [info] 1070000 / 2107281 (50.78 %) Events processed ...
[2025-07-20 18:25:27.561] [main] [info] 1080000 / 2107281 (51.25 %) Events processed ...
[2025-07-20 18:25:29.520] [main] [info] 1090000 / 2107281 (51.73 %) Events processed ...
[2025-07-20 18:25:29.778] [main] [info] 1100000 / 2107281 (52.20 %) Events processed ...
[2025-07-20 18:25:30.021] [main] [info] 1110000 / 2107281 (52.67 %) Events processed ...
[2025-07-20 18:25:30.394] [main] [info] 1120000 / 2107281 (53.15 %) Events processed ...
[2025-07-20 18:25:30.627] [main] [info] 1130000 / 2107281 (53.62 %) Events processed ...
[2025-07-20 18:25:30.866] [main] [info] 1140000 / 2107281 (54.10 %) Events processed ...
[2025-07-20 18:25:31.245] [main] [info] 1150000 / 2107281 (54.57 %) Events processed ...
[2025-07-20 18:25:31.482] [main] [info] 1160000 / 2107281 (55.05 %) Events processed ...
[2025-07-20 18:25:33.576] [main] [info] 1170000 / 2107281 (55.52 %) Events processed ...
[2025-07-20 18:25:33.849] [main] [info] 1180000 / 2107281 (56.00 %) Events processed ...
[2025-07-20 18:25:34.259] [main] [info] 1190000 / 2107281 (56.47 %) Events processed ...
[2025-07-20 18:25:34.524] [main] [info] 1200000 / 2107281 (56.95 %) Events processed ...
[2025-07-20 18:25:34.864] [main] [info] 1210000 / 2107281 (57.42 %) Events processed ...
[2025-07-20 18:25:35.239] [main] [info] 1220000 / 2107281 (57.89 %) Events processed ...
[2025-07-20 18:25:35.478] [main] [info] 1230000 / 2107281 (58.37 %) Events processed ...
[2025-07-20 18:25:35.719] [main] [info] 1240000 / 2107281 (58.84 %) Events processed ...
[2025-07-20 18:25:37.768] [main] [info] 1250000 / 2107281 (59.32 %) Events processed ...
[2025-07-20 18:25:38.166] [main] [info] 1260000 / 2107281 (59.79 %) Events processed ...
[2025-07-20 18:25:38.414] [main] [info] 1270000 / 2107281 (60.27 %) Events processed ...
[2025-07-20 18:25:38.656] [main] [info] 1280000 / 2107281 (60.74 %) Events processed ...
[2025-07-20 18:25:39.041] [main] [info] 1290000 / 2107281 (61.22 %) Events processed ...
[2025-07-20 18:25:39.278] [main] [info] 1300000 / 2107281 (61.69 %) Events processed ...
[2025-07-20 18:25:39.519] [main] [info] 1310000 / 2107281 (62.17 %) Events processed ...
[2025-07-20 18:25:39.750] [main] [info] 1320000 / 2107281 (62.64 %) Events processed ...
[2025-07-20 18:25:41.680] [main] [info] 1330000 / 2107281 (63.11 %) Events processed ...
[2025-07-20 18:25:41.923] [main] [info] 1340000 / 2107281 (63.59 %) Events processed ...
[2025-07-20 18:25:42.169] [main] [info] 1350000 / 2107281 (64.06 %) Events processed ...
[2025-07-20 18:25:42.563] [main] [info] 1360000 / 2107281 (64.54 %) Events processed ...
[2025-07-20 18:25:42.836] [main] [info] 1370000 / 2107281 (65.01 %) Events processed ...
[2025-07-20 18:25:43.114] [main] [info] 1380000 / 2107281 (65.49 %) Events processed ...
[2025-07-20 18:25:43.400] [main] [info] 1390000 / 2107281 (65.96 %) Events processed ...
[2025-07-20 18:25:45.774] [main] [info] 1400000 / 2107281 (66.44 %) Events processed ...
[2025-07-20 18:25:46.031] [main] [info] 1410000 / 2107281 (66.91 %) Events processed ...
[2025-07-20 18:25:46.288] [main] [info] 1420000 / 2107281 (67.39 %) Events processed ...
[2025-07-20 18:25:46.676] [main] [info] 1430000 / 2107281 (67.86 %) Events processed ...
[2025-07-20 18:25:47.010] [main] [info] 1440000 / 2107281 (68.33 %) Events processed ...
[2025-07-20 18:25:47.267] [main] [info] 1450000 / 2107281 (68.81 %) Events processed ...
[2025-07-20 18:25:47.534] [main] [info] 1460000 / 2107281 (69.28 %) Events processed ...
[2025-07-20 18:25:47.922] [main] [info] 1470000 / 2107281 (69.76 %) Events processed ...
[2025-07-20 18:25:49.923] [main] [info] 1480000 / 2107281 (70.23 %) Events processed ...
[2025-07-20 18:25:50.133] [main] [info] 1490000 / 2107281 (70.71 %) Events processed ...
[2025-07-20 18:25:50.447] [main] [info] 1500000 / 2107281 (71.18 %) Events processed ...
[2025-07-20 18:25:50.685] [main] [info] 1510000 / 2107281 (71.66 %) Events processed ...
[2025-07-20 18:25:50.917] [main] [info] 1520000 / 2107281 (72.13 %) Events processed ...
[2025-07-20 18:25:51.173] [main] [info] 1530000 / 2107281 (72.61 %) Events processed ...
[2025-07-20 18:25:51.533] [main] [info] 1540000 / 2107281 (73.08 %) Events processed ...
[2025-07-20 18:25:51.766] [main] [info] 1550000 / 2107281 (73.55 %) Events processed ...
[2025-07-20 18:25:53.574] [main] [info] 1560000 / 2107281 (74.03 %) Events processed ...
[2025-07-20 18:25:53.990] [main] [info] 1570000 / 2107281 (74.50 %) Events processed ...
[2025-07-20 18:25:54.228] [main] [info] 1580000 / 2107281 (74.98 %) Events processed ...
[2025-07-20 18:25:54.463] [main] [info] 1590000 / 2107281 (75.45 %) Events processed ...
[2025-07-20 18:25:54.722] [main] [info] 1600000 / 2107281 (75.93 %) Events processed ...
[2025-07-20 18:25:55.079] [main] [info] 1610000 / 2107281 (76.40 %) Events processed ...
[2025-07-20 18:25:55.307] [main] [info] 1620000 / 2107281 (76.88 %) Events processed ...
[2025-07-20 18:25:57.260] [main] [info] 1630000 / 2107281 (77.35 %) Events processed ...
[2025-07-20 18:25:57.658] [main] [info] 1640000 / 2107281 (77.83 %) Events processed ...
[2025-07-20 18:25:57.908] [main] [info] 1650000 / 2107281 (78.30 %) Events processed ...
[2025-07-20 18:25:58.169] [main] [info] 1660000 / 2107281 (78.77 %) Events processed ...
[2025-07-20 18:25:58.445] [main] [info] 1670000 / 2107281 (79.25 %) Events processed ...
[2025-07-20 18:25:58.826] [main] [info] 1680000 / 2107281 (79.72 %) Events processed ...
[2025-07-20 18:25:59.072] [main] [info] 1690000 / 2107281 (80.20 %) Events processed ...
[2025-07-20 18:26:00.901] [main] [info] 1700000 / 2107281 (80.67 %) Events processed ...
[2025-07-20 18:26:01.146] [main] [info] 1710000 / 2107281 (81.15 %) Events processed ...
[2025-07-20 18:26:01.156] [main] [info] 1720000 / 2107281 (81.62 %) Events processed ...
[2025-07-20 18:26:01.330] [main] [info] 1730000 / 2107281 (82.10 %) Events processed ...
[2025-07-20 18:26:01.608] [main] [info] 1740000 / 2107281 (82.57 %) Events processed ...
[2025-07-20 18:26:01.977] [main] [info] 1750000 / 2107281 (83.05 %) Events processed ...
[2025-07-20 18:26:02.234] [main] [info] 1760000 / 2107281 (83.52 %) Events processed ...
[2025-07-20 18:26:02.518] [main] [info] 1770000 / 2107281 (83.99 %) Events processed ...
[2025-07-20 18:26:04.537] [main] [info] 1780000 / 2107281 (84.47 %) Events processed ...
[2025-07-20 18:26:04.813] [main] [info] 1790000 / 2107281 (84.94 %) Events processed ...
[2025-07-20 18:26:05.096] [main] [info] 1800000 / 2107281 (85.42 %) Events processed ...
[2025-07-20 18:26:05.408] [main] [info] 1810000 / 2107281 (85.89 %) Events processed ...
[2025-07-20 18:26:05.551] [main] [info] 1820000 / 2107281 (86.37 %) Events processed ...
[2025-07-20 18:26:05.559] [main] [info] 1830000 / 2107281 (86.84 %) Events processed ...
[2025-07-20 18:26:05.727] [main] [info] 1840000 / 2107281 (87.32 %) Events processed ...
[2025-07-20 18:26:06.097] [main] [info] 1850000 / 2107281 (87.79 %) Events processed ...
[2025-07-20 18:26:06.345] [main] [info] 1860000 / 2107281 (88.27 %) Events processed ...
[2025-07-20 18:26:08.140] [main] [info] 1870000 / 2107281 (88.74 %) Events processed ...
[2025-07-20 18:26:08.456] [main] [info] 1880000 / 2107281 (89.21 %) Events processed ...
[2025-07-20 18:26:08.849] [main] [info] 1890000 / 2107281 (89.69 %) Events processed ...
[2025-07-20 18:26:09.088] [main] [info] 1900000 / 2107281 (90.16 %) Events processed ...
[2025-07-20 18:26:09.349] [main] [info] 1910000 / 2107281 (90.64 %) Events processed ...
[2025-07-20 18:26:09.727] [main] [info] 1920000 / 2107281 (91.11 %) Events processed ...
[2025-07-20 18:26:09.968] [main] [info] 1930000 / 2107281 (91.59 %) Events processed ...
[2025-07-20 18:26:11.755] [main] [info] 1940000 / 2107281 (92.06 %) Events processed ...
[2025-07-20 18:26:12.053] [main] [info] 1950000 / 2107281 (92.54 %) Events processed ...
[2025-07-20 18:26:12.458] [main] [info] 1960000 / 2107281 (93.01 %) Events processed ...
[2025-07-20 18:26:12.732] [main] [info] 1970000 / 2107281 (93.49 %) Events processed ...
[2025-07-20 18:26:13.008] [main] [info] 1980000 / 2107281 (93.96 %) Events processed ...
[2025-07-20 18:26:13.398] [main] [info] 1990000 / 2107281 (94.43 %) Events processed ...
[2025-07-20 18:26:13.643] [main] [info] 2000000 / 2107281 (94.91 %) Events processed ...
[2025-07-20 18:26:16.218] [main] [info] 2010000 / 2107281 (95.38 %) Events processed ...
[2025-07-20 18:26:16.752] [main] [info] 2020000 / 2107281 (95.86 %) Events processed ...
[2025-07-20 18:26:17.030] [main] [info] 2030000 / 2107281 (96.33 %) Events processed ...
[2025-07-20 18:26:17.276] [main] [info] 2040000 / 2107281 (96.81 %) Events processed ...
[2025-07-20 18:26:17.536] [main] [info] 2050000 / 2107281 (97.28 %) Events processed ...
[2025-07-20 18:26:17.925] [main] [info] 2060000 / 2107281 (97.76 %) Events processed ...
[2025-07-20 18:26:18.176] [main] [info] 2070000 / 2107281 (98.23 %) Events processed ...
[2025-07-20 18:26:19.680] [main] [info] 2080000 / 2107281 (98.71 %) Events processed ...
[2025-07-20 18:26:20.118] [main] [info] 2090000 / 2107281 (99.18 %) Events processed ...
[2025-07-20 18:26:20.391] [main] [info] 2100000 / 2107281 (99.65 %) Events processed ...
[2025-07-20 18:26:20.683] [main] [info] vbfhmm:
GoldenJSONFilter: pass=2052883    all=2107281    -- eff=97.42 % cumulative eff=97.42 %
Flag_goodVertices: pass=2048156    all=2052883    -- eff=99.77 % cumulative eff=97.19 %
Flag_globalSuperTightHalo2016Filter: pass=2047612    all=2048156    -- eff=99.97 % cumulative eff=97.17 %
Flag_EcalDeadCellTriggerPrimitiveFilter: pass=2047526    all=2047612    -- eff=100.00 % cumulative eff=97.16 %
Flag_BadPFMuonFilter: pass=2046780    all=2047526    -- eff=99.96 % cumulative eff=97.13 %
Flag_BadPFMuonDzFilter: pass=2046535    all=2046780    -- eff=99.99 % cumulative eff=97.12 %
Flag_eeBadScFilter: pass=2046535    all=2046535    -- eff=100.00 % cumulative eff=97.12 %
Flag_ecalBadCalibFilter: pass=2046391    all=2046535    -- eff=99.99 % cumulative eff=97.11 %
Flag_hfNoisyHitsFilter: pass=2043669    all=2046391    -- eff=99.87 % cumulative eff=96.98 %
Number of muons 2: pass=74135      all=2043669    -- eff=3.63 % cumulative eff=3.52 %
DiMuon From Higgs: pass=66628      all=74135      -- eff=89.87 % cumulative eff=3.16 %
LeptonChargeSum: pass=66609      all=66628      -- eff=99.97 % cumulative eff=3.16 %
[2025-07-20 18:26:21.005] [main] [info] Writing quantities map to /eos/user/j/jiahua/MC_2023_inc/Muon0_Run2023C-24Jan2024_v3-v1/1cfc5478-68b2-4c54-8404-e93bd5cf766f_vbfhmm.root
[2025-07-20 18:26:21.169] [main] [info] Finished Evaluation
[2025-07-20 18:26:21.169] [main] [info] Overall runtime (real time: 124.05, CPU time: 71.15)
