Starting job on \n
Running on: Linux b9p19p2854.cern.ch 5.14.0-570.21.1.el9_6.x86_64 #1 SMP PREEMPT_DYNAMIC Tue Jun 3 12:46:50 EDT 2025 x86_64 x86_64 x86_64 GNU/Linux\n
System software: Red Hat Enterprise Linux release 9.6 (Plow)\n
Setting up CROWN for RedHatEnterprise Version 9.6
/eos/user/j/jiahua/MC_2023_inc/Muon1_Run2023C-24Jan2024_v1-v1/3059f006-b7a2-4358-9f72-98cf8fb730e6.root
[2025-07-20 18:23:38.921] [main] [info] Checking input files
[2025-07-20 18:23:45.487] [main] [info] NanoAOD input_file 1: root://cms-xrd-global.cern.ch//store/data/Run2023C/Muon1/NANOAOD/24Jan2024_v1-v1/30000/3059f006-b7a2-4358-9f72-98cf8fb730e6.root - 2101232 Events
[2025-07-20 18:23:45.487] [main] [info] input_file 1: root://cms-xrd-global.cern.ch//store/data/Run2023C/Muon1/NANOAOD/24Jan2024_v1-v1/30000/3059f006-b7a2-4358-9f72-98cf8fb730e6.root - SumOfGenWeight: 2.543615e-315 
[2025-07-20 18:23:45.487] [main] [info] Output directory: /eos/user/j/jiahua/MC_2023_inc/Muon1_Run2023C-24Jan2024_v1-v1/3059f006-b7a2-4358-9f72-98cf8fb730e6.root
[2025-07-20 18:23:45.488] [main] [info] Starting Setup of Dataframe with 2101232 events
[2025-07-20 18:23:59.561] [main] [info] Finished Setup
[2025-07-20 18:23:59.561] [main] [info] Runtime for setup (real time: 14.07, CPU time: 4.25)
[2025-07-20 18:23:59.561] [main] [info] Starting Evaluation
[2025-07-20 18:24:17.277] [main] [info] 10000 / 2101232 (0.48 %) Events processed ...
[2025-07-20 18:24:17.563] [main] [info] 20000 / 2101232 (0.95 %) Events processed ...
[2025-07-20 18:24:17.865] [main] [info] 30000 / 2101232 (1.43 %) Events processed ...
[2025-07-20 18:24:18.391] [main] [info] 40000 / 2101232 (1.90 %) Events processed ...
[2025-07-20 18:24:18.690] [main] [info] 50000 / 2101232 (2.38 %) Events processed ...
[2025-07-20 18:24:19.124] [main] [info] 60000 / 2101232 (2.86 %) Events processed ...
[2025-07-20 18:24:19.688] [main] [info] 70000 / 2101232 (3.33 %) Events processed ...
[2025-07-20 18:24:23.398] [main] [info] 80000 / 2101232 (3.81 %) Events processed ...
[2025-07-20 18:24:24.149] [main] [info] 90000 / 2101232 (4.28 %) Events processed ...
[2025-07-20 18:24:24.706] [main] [info] 100000 / 2101232 (4.76 %) Events processed ...
[2025-07-20 18:24:25.384] [main] [info] 110000 / 2101232 (5.24 %) Events processed ...
[2025-07-20 18:24:25.664] [main] [info] 120000 / 2101232 (5.71 %) Events processed ...
[2025-07-20 18:24:25.941] [main] [info] 130000 / 2101232 (6.19 %) Events processed ...
[2025-07-20 18:24:26.297] [main] [info] 140000 / 2101232 (6.66 %) Events processed ...
[2025-07-20 18:24:26.698] [main] [info] 150000 / 2101232 (7.14 %) Events processed ...
[2025-07-20 18:24:33.896] [main] [info] 160000 / 2101232 (7.61 %) Events processed ...
[2025-07-20 18:24:34.168] [main] [info] 170000 / 2101232 (8.09 %) Events processed ...
[2025-07-20 18:24:34.554] [main] [info] 180000 / 2101232 (8.57 %) Events processed ...
[2025-07-20 18:24:34.838] [main] [info] 190000 / 2101232 (9.04 %) Events processed ...
[2025-07-20 18:24:35.144] [main] [info] 200000 / 2101232 (9.52 %) Events processed ...
[2025-07-20 18:24:35.469] [main] [info] 210000 / 2101232 (9.99 %) Events processed ...
[2025-07-20 18:24:35.821] [main] [info] 220000 / 2101232 (10.47 %) Events processed ...
[2025-07-20 18:24:36.100] [main] [info] 230000 / 2101232 (10.95 %) Events processed ...
[2025-07-20 18:24:44.458] [main] [info] 240000 / 2101232 (11.42 %) Events processed ...
[2025-07-20 18:24:44.843] [main] [info] 250000 / 2101232 (11.90 %) Events processed ...
[2025-07-20 18:24:45.082] [main] [info] 260000 / 2101232 (12.37 %) Events processed ...
[2025-07-20 18:24:45.411] [main] [info] 270000 / 2101232 (12.85 %) Events processed ...
[2025-07-20 18:24:45.823] [main] [info] 280000 / 2101232 (13.33 %) Events processed ...
[2025-07-20 18:24:46.068] [main] [info] 290000 / 2101232 (13.80 %) Events processed ...
[2025-07-20 18:24:46.315] [main] [info] 300000 / 2101232 (14.28 %) Events processed ...
[2025-07-20 18:24:46.583] [main] [info] 310000 / 2101232 (14.75 %) Events processed ...
[2025-07-20 18:25:07.894] [main] [info] 320000 / 2101232 (15.23 %) Events processed ...
[2025-07-20 18:25:08.176] [main] [info] 330000 / 2101232 (15.71 %) Events processed ...
[2025-07-20 18:25:08.456] [main] [info] 340000 / 2101232 (16.18 %) Events processed ...
[2025-07-20 18:25:08.987] [main] [info] 350000 / 2101232 (16.66 %) Events processed ...
[2025-07-20 18:25:09.527] [main] [info] 360000 / 2101232 (17.13 %) Events processed ...
[2025-07-20 18:25:09.800] [main] [info] 370000 / 2101232 (17.61 %) Events processed ...
[2025-07-20 18:25:10.134] [main] [info] 380000 / 2101232 (18.08 %) Events processed ...
[2025-07-20 18:25:30.735] [main] [info] 390000 / 2101232 (18.56 %) Events processed ...
[2025-07-20 18:25:31.043] [main] [info] 400000 / 2101232 (19.04 %) Events processed ...
[2025-07-20 18:25:31.318] [main] [info] 410000 / 2101232 (19.51 %) Events processed ...
[2025-07-20 18:25:31.634] [main] [info] 420000 / 2101232 (19.99 %) Events processed ...
[2025-07-20 18:25:32.045] [main] [info] 430000 / 2101232 (20.46 %) Events processed ...
[2025-07-20 18:25:32.323] [main] [info] 440000 / 2101232 (20.94 %) Events processed ...
[2025-07-20 18:25:32.677] [main] [info] 450000 / 2101232 (21.42 %) Events processed ...
[2025-07-20 18:25:33.118] [main] [info] 460000 / 2101232 (21.89 %) Events processed ...
[2025-07-20 18:26:05.538] [main] [info] 470000 / 2101232 (22.37 %) Events processed ...
[2025-07-20 18:26:05.995] [main] [info] 480000 / 2101232 (22.84 %) Events processed ...
[2025-07-20 18:26:06.445] [main] [info] 490000 / 2101232 (23.32 %) Events processed ...
[2025-07-20 18:26:06.736] [main] [info] 500000 / 2101232 (23.80 %) Events processed ...
[2025-07-20 18:26:07.033] [main] [info] 510000 / 2101232 (24.27 %) Events processed ...
[2025-07-20 18:26:07.393] [main] [info] 520000 / 2101232 (24.75 %) Events processed ...
[2025-07-20 18:26:07.930] [main] [info] 530000 / 2101232 (25.22 %) Events processed ...
[2025-07-20 18:26:08.222] [main] [info] 540000 / 2101232 (25.70 %) Events processed ...
[2025-07-20 18:26:22.746] [main] [info] 550000 / 2101232 (26.18 %) Events processed ...
[2025-07-20 18:26:23.192] [main] [info] 560000 / 2101232 (26.65 %) Events processed ...
[2025-07-20 18:26:23.479] [main] [info] 570000 / 2101232 (27.13 %) Events processed ...
[2025-07-20 18:26:23.754] [main] [info] 580000 / 2101232 (27.60 %) Events processed ...
[2025-07-20 18:26:24.041] [main] [info] 590000 / 2101232 (28.08 %) Events processed ...
[2025-07-20 18:26:24.445] [main] [info] 600000 / 2101232 (28.55 %) Events processed ...
[2025-07-20 18:26:24.715] [main] [info] 610000 / 2101232 (29.03 %) Events processed ...
[2025-07-20 18:26:24.988] [main] [info] 620000 / 2101232 (29.51 %) Events processed ...
[2025-07-20 18:26:46.807] [main] [info] 630000 / 2101232 (29.98 %) Events processed ...
[2025-07-20 18:26:46.902] [main] [info] 640000 / 2101232 (30.46 %) Events processed ...
[2025-07-20 18:26:47.234] [main] [info] 650000 / 2101232 (30.93 %) Events processed ...
[2025-07-20 18:26:47.537] [main] [info] 660000 / 2101232 (31.41 %) Events processed ...
[2025-07-20 18:26:47.975] [main] [info] 670000 / 2101232 (31.89 %) Events processed ...
[2025-07-20 18:26:48.261] [main] [info] 680000 / 2101232 (32.36 %) Events processed ...
[2025-07-20 18:26:48.570] [main] [info] 690000 / 2101232 (32.84 %) Events processed ...
[2025-07-20 18:26:49.024] [main] [info] 700000 / 2101232 (33.31 %) Events processed ...
[2025-07-20 18:27:28.699] [main] [info] 710000 / 2101232 (33.79 %) Events processed ...
[2025-07-20 18:27:28.979] [main] [info] 720000 / 2101232 (34.27 %) Events processed ...
[2025-07-20 18:27:29.260] [main] [info] 730000 / 2101232 (34.74 %) Events processed ...
[2025-07-20 18:27:29.703] [main] [info] 740000 / 2101232 (35.22 %) Events processed ...
[2025-07-20 18:27:29.984] [main] [info] 750000 / 2101232 (35.69 %) Events processed ...
[2025-07-20 18:27:30.266] [main] [info] 760000 / 2101232 (36.17 %) Events processed ...
[2025-07-20 18:27:30.721] [main] [info] 770000 / 2101232 (36.65 %) Events processed ...
[2025-07-20 18:27:31.010] [main] [info] 780000 / 2101232 (37.12 %) Events processed ...
[2025-07-20 18:27:58.395] [main] [info] 790000 / 2101232 (37.60 %) Events processed ...
[2025-07-20 18:27:58.691] [main] [info] 800000 / 2101232 (38.07 %) Events processed ...
[2025-07-20 18:27:59.110] [main] [info] 810000 / 2101232 (38.55 %) Events processed ...
[2025-07-20 18:27:59.381] [main] [info] 820000 / 2101232 (39.02 %) Events processed ...
[2025-07-20 18:27:59.631] [main] [info] 830000 / 2101232 (39.50 %) Events processed ...
[2025-07-20 18:27:59.918] [main] [info] 840000 / 2101232 (39.98 %) Events processed ...
[2025-07-20 18:28:00.094] [main] [info] 850000 / 2101232 (40.45 %) Events processed ...
[2025-07-20 18:28:00.336] [main] [info] 860000 / 2101232 (40.93 %) Events processed ...
[2025-07-20 18:28:13.360] [main] [info] 870000 / 2101232 (41.40 %) Events processed ...
[2025-07-20 18:28:13.852] [main] [info] 880000 / 2101232 (41.88 %) Events processed ...
[2025-07-20 18:28:14.166] [main] [info] 890000 / 2101232 (42.36 %) Events processed ...
[2025-07-20 18:28:14.458] [main] [info] 900000 / 2101232 (42.83 %) Events processed ...
[2025-07-20 18:28:14.948] [main] [info] 910000 / 2101232 (43.31 %) Events processed ...
[2025-07-20 18:28:15.262] [main] [info] 920000 / 2101232 (43.78 %) Events processed ...
[2025-07-20 18:28:15.564] [main] [info] 930000 / 2101232 (44.26 %) Events processed ...
[2025-07-20 18:28:15.900] [main] [info] 940000 / 2101232 (44.74 %) Events processed ...
[2025-07-20 18:28:27.495] [main] [info] 950000 / 2101232 (45.21 %) Events processed ...
[2025-07-20 18:28:27.784] [main] [info] 960000 / 2101232 (45.69 %) Events processed ...
[2025-07-20 18:28:28.068] [main] [info] 970000 / 2101232 (46.16 %) Events processed ...
[2025-07-20 18:28:28.526] [main] [info] 980000 / 2101232 (46.64 %) Events processed ...
[2025-07-20 18:28:28.821] [main] [info] 990000 / 2101232 (47.12 %) Events processed ...
[2025-07-20 18:28:29.098] [main] [info] 1000000 / 2101232 (47.59 %) Events processed ...
[2025-07-20 18:28:29.406] [main] [info] 1010000 / 2101232 (48.07 %) Events processed ...
[2025-07-20 18:29:41.950] [main] [info] 1020000 / 2101232 (48.54 %) Events processed ...
[2025-07-20 18:29:42.235] [main] [info] 1030000 / 2101232 (49.02 %) Events processed ...
[2025-07-20 18:29:42.533] [main] [info] 1040000 / 2101232 (49.49 %) Events processed ...
[2025-07-20 18:29:42.955] [main] [info] 1050000 / 2101232 (49.97 %) Events processed ...
[2025-07-20 18:29:43.302] [main] [info] 1060000 / 2101232 (50.45 %) Events processed ...
[2025-07-20 18:29:43.555] [main] [info] 1070000 / 2101232 (50.92 %) Events processed ...
[2025-07-20 18:29:43.842] [main] [info] 1080000 / 2101232 (51.40 %) Events processed ...
[2025-07-20 18:29:44.178] [main] [info] 1090000 / 2101232 (51.87 %) Events processed ...
[2025-07-20 18:30:07.251] [main] [info] 1100000 / 2101232 (52.35 %) Events processed ...
[2025-07-20 18:30:07.554] [main] [info] 1110000 / 2101232 (52.83 %) Events processed ...
[2025-07-20 18:30:08.015] [main] [info] 1120000 / 2101232 (53.30 %) Events processed ...
[2025-07-20 18:30:08.306] [main] [info] 1130000 / 2101232 (53.78 %) Events processed ...
[2025-07-20 18:30:08.590] [main] [info] 1140000 / 2101232 (54.25 %) Events processed ...
[2025-07-20 18:30:08.886] [main] [info] 1150000 / 2101232 (54.73 %) Events processed ...
[2025-07-20 18:30:09.320] [main] [info] 1160000 / 2101232 (55.21 %) Events processed ...
[2025-07-20 18:30:09.597] [main] [info] 1170000 / 2101232 (55.68 %) Events processed ...
[2025-07-20 18:30:41.898] [main] [info] 1180000 / 2101232 (56.16 %) Events processed ...
[2025-07-20 18:30:42.390] [main] [info] 1190000 / 2101232 (56.63 %) Events processed ...
[2025-07-20 18:30:42.669] [main] [info] 1200000 / 2101232 (57.11 %) Events processed ...
[2025-07-20 18:30:42.982] [main] [info] 1210000 / 2101232 (57.59 %) Events processed ...
[2025-07-20 18:30:43.283] [main] [info] 1220000 / 2101232 (58.06 %) Events processed ...
[2025-07-20 18:30:43.718] [main] [info] 1230000 / 2101232 (58.54 %) Events processed ...
[2025-07-20 18:30:44.001] [main] [info] 1240000 / 2101232 (59.01 %) Events processed ...
[2025-07-20 18:30:44.316] [main] [info] 1250000 / 2101232 (59.49 %) Events processed ...
[2025-07-20 18:31:30.914] [main] [info] 1260000 / 2101232 (59.96 %) Events processed ...
[2025-07-20 18:31:31.192] [main] [info] 1270000 / 2101232 (60.44 %) Events processed ...
[2025-07-20 18:31:31.459] [main] [info] 1280000 / 2101232 (60.92 %) Events processed ...
[2025-07-20 18:31:31.753] [main] [info] 1290000 / 2101232 (61.39 %) Events processed ...
[2025-07-20 18:31:32.173] [main] [info] 1300000 / 2101232 (61.87 %) Events processed ...
[2025-07-20 18:31:32.451] [main] [info] 1310000 / 2101232 (62.34 %) Events processed ...
[2025-07-20 18:31:32.806] [main] [info] 1320000 / 2101232 (62.82 %) Events processed ...
[2025-07-20 18:31:44.116] [main] [info] 1330000 / 2101232 (63.30 %) Events processed ...
[2025-07-20 18:31:44.394] [main] [info] 1340000 / 2101232 (63.77 %) Events processed ...
[2025-07-20 18:31:44.670] [main] [info] 1350000 / 2101232 (64.25 %) Events processed ...
[2025-07-20 18:31:44.980] [main] [info] 1360000 / 2101232 (64.72 %) Events processed ...
[2025-07-20 18:31:45.406] [main] [info] 1370000 / 2101232 (65.20 %) Events processed ...
[2025-07-20 18:31:45.699] [main] [info] 1380000 / 2101232 (65.68 %) Events processed ...
[2025-07-20 18:31:45.979] [main] [info] 1390000 / 2101232 (66.15 %) Events processed ...
[2025-07-20 18:31:46.435] [main] [info] 1400000 / 2101232 (66.63 %) Events processed ...
[2025-07-20 18:31:52.541] [main] [info] 1410000 / 2101232 (67.10 %) Events processed ...
[2025-07-20 18:31:52.830] [main] [info] 1420000 / 2101232 (67.58 %) Events processed ...
[2025-07-20 18:31:53.124] [main] [info] 1430000 / 2101232 (68.06 %) Events processed ...
[2025-07-20 18:31:53.547] [main] [info] 1440000 / 2101232 (68.53 %) Events processed ...
[2025-07-20 18:31:53.833] [main] [info] 1450000 / 2101232 (69.01 %) Events processed ...
[2025-07-20 18:31:54.117] [main] [info] 1460000 / 2101232 (69.48 %) Events processed ...
[2025-07-20 18:31:54.552] [main] [info] 1470000 / 2101232 (69.96 %) Events processed ...
[2025-07-20 18:31:54.822] [main] [info] 1480000 / 2101232 (70.43 %) Events processed ...
[2025-07-20 18:32:01.175] [main] [info] 1490000 / 2101232 (70.91 %) Events processed ...
[2025-07-20 18:32:01.441] [main] [info] 1500000 / 2101232 (71.39 %) Events processed ...
[2025-07-20 18:32:01.826] [main] [info] 1510000 / 2101232 (71.86 %) Events processed ...
[2025-07-20 18:32:02.078] [main] [info] 1520000 / 2101232 (72.34 %) Events processed ...
[2025-07-20 18:32:02.333] [main] [info] 1530000 / 2101232 (72.81 %) Events processed ...
[2025-07-20 18:32:02.729] [main] [info] 1540000 / 2101232 (73.29 %) Events processed ...
[2025-07-20 18:32:02.978] [main] [info] 1550000 / 2101232 (73.77 %) Events processed ...
[2025-07-20 18:32:03.228] [main] [info] 1560000 / 2101232 (74.24 %) Events processed ...
[2025-07-20 18:32:15.519] [main] [info] 1570000 / 2101232 (74.72 %) Events processed ...
[2025-07-20 18:32:15.942] [main] [info] 1580000 / 2101232 (75.19 %) Events processed ...
[2025-07-20 18:32:16.214] [main] [info] 1590000 / 2101232 (75.67 %) Events processed ...
[2025-07-20 18:32:16.568] [main] [info] 1600000 / 2101232 (76.15 %) Events processed ...
[2025-07-20 18:32:17.013] [main] [info] 1610000 / 2101232 (76.62 %) Events processed ...
[2025-07-20 18:32:17.309] [main] [info] 1620000 / 2101232 (77.10 %) Events processed ...
[2025-07-20 18:32:17.591] [main] [info] 1630000 / 2101232 (77.57 %) Events processed ...
[2025-07-20 18:32:17.902] [main] [info] 1640000 / 2101232 (78.05 %) Events processed ...
[2025-07-20 18:32:33.145] [main] [info] 1650000 / 2101232 (78.53 %) Events processed ...
[2025-07-20 18:32:33.418] [main] [info] 1660000 / 2101232 (79.00 %) Events processed ...
[2025-07-20 18:32:33.695] [main] [info] 1670000 / 2101232 (79.48 %) Events processed ...
[2025-07-20 18:32:34.144] [main] [info] 1680000 / 2101232 (79.95 %) Events processed ...
[2025-07-20 18:32:34.431] [main] [info] 1690000 / 2101232 (80.43 %) Events processed ...
[2025-07-20 18:32:34.614] [main] [info] 1700000 / 2101232 (80.90 %) Events processed ...
[2025-07-20 18:32:34.900] [main] [info] 1710000 / 2101232 (81.38 %) Events processed ...
[2025-07-20 18:33:13.917] [main] [info] 1720000 / 2101232 (81.86 %) Events processed ...
[2025-07-20 18:33:14.210] [main] [info] 1730000 / 2101232 (82.33 %) Events processed ...
[2025-07-20 18:33:14.495] [main] [info] 1740000 / 2101232 (82.81 %) Events processed ...
[2025-07-20 18:33:14.930] [main] [info] 1750000 / 2101232 (83.28 %) Events processed ...
[2025-07-20 18:33:15.232] [main] [info] 1760000 / 2101232 (83.76 %) Events processed ...
[2025-07-20 18:33:15.516] [main] [info] 1770000 / 2101232 (84.24 %) Events processed ...
[2025-07-20 18:33:15.748] [main] [info] 1780000 / 2101232 (84.71 %) Events processed ...
[2025-07-20 18:33:16.027] [main] [info] 1790000 / 2101232 (85.19 %) Events processed ...
[2025-07-20 18:33:35.973] [main] [info] 1800000 / 2101232 (85.66 %) Events processed ...
[2025-07-20 18:33:36.240] [main] [info] 1810000 / 2101232 (86.14 %) Events processed ...
[2025-07-20 18:33:36.667] [main] [info] 1820000 / 2101232 (86.62 %) Events processed ...
[2025-07-20 18:33:36.933] [main] [info] 1830000 / 2101232 (87.09 %) Events processed ...
[2025-07-20 18:33:37.209] [main] [info] 1840000 / 2101232 (87.57 %) Events processed ...
[2025-07-20 18:33:37.492] [main] [info] 1850000 / 2101232 (88.04 %) Events processed ...
[2025-07-20 18:33:38.246] [main] [info] 1860000 / 2101232 (88.52 %) Events processed ...
[2025-07-20 18:33:38.507] [main] [info] 1870000 / 2101232 (89.00 %) Events processed ...
[2025-07-20 18:34:02.776] [main] [info] 1880000 / 2101232 (89.47 %) Events processed ...
[2025-07-20 18:34:03.212] [main] [info] 1890000 / 2101232 (89.95 %) Events processed ...
[2025-07-20 18:34:03.490] [main] [info] 1900000 / 2101232 (90.42 %) Events processed ...
[2025-07-20 18:34:03.783] [main] [info] 1910000 / 2101232 (90.90 %) Events processed ...
[2025-07-20 18:34:04.095] [main] [info] 1920000 / 2101232 (91.37 %) Events processed ...
[2025-07-20 18:34:04.519] [main] [info] 1930000 / 2101232 (91.85 %) Events processed ...
[2025-07-20 18:34:04.803] [main] [info] 1940000 / 2101232 (92.33 %) Events processed ...
[2025-07-20 18:34:05.073] [main] [info] 1950000 / 2101232 (92.80 %) Events processed ...
[2025-07-20 18:34:43.392] [main] [info] 1960000 / 2101232 (93.28 %) Events processed ...
[2025-07-20 18:34:43.670] [main] [info] 1970000 / 2101232 (93.75 %) Events processed ...
[2025-07-20 18:34:43.955] [main] [info] 1980000 / 2101232 (94.23 %) Events processed ...
[2025-07-20 18:34:44.260] [main] [info] 1990000 / 2101232 (94.71 %) Events processed ...
[2025-07-20 18:34:44.715] [main] [info] 2000000 / 2101232 (95.18 %) Events processed ...
[2025-07-20 18:34:45.023] [main] [info] 2010000 / 2101232 (95.66 %) Events processed ...
[2025-07-20 18:34:45.375] [main] [info] 2020000 / 2101232 (96.13 %) Events processed ...
[2025-07-20 18:35:14.571] [main] [info] 2030000 / 2101232 (96.61 %) Events processed ...
[2025-07-20 18:35:14.857] [main] [info] 2040000 / 2101232 (97.09 %) Events processed ...
[2025-07-20 18:35:15.071] [main] [info] 2050000 / 2101232 (97.56 %) Events processed ...
[2025-07-20 18:35:15.330] [main] [info] 2060000 / 2101232 (98.04 %) Events processed ...
[2025-07-20 18:35:15.766] [main] [info] 2070000 / 2101232 (98.51 %) Events processed ...
[2025-07-20 18:35:16.048] [main] [info] 2080000 / 2101232 (98.99 %) Events processed ...
[2025-07-20 18:35:16.336] [main] [info] 2090000 / 2101232 (99.47 %) Events processed ...
[2025-07-20 18:35:16.677] [main] [info] 2100000 / 2101232 (99.94 %) Events processed ...
[2025-07-20 18:35:17.090] [main] [info] vbfhmm:
GoldenJSONFilter: pass=2089774    all=2101232    -- eff=99.45 % cumulative eff=99.45 %
Flag_goodVertices: pass=2082229    all=2089774    -- eff=99.64 % cumulative eff=99.10 %
Flag_globalSuperTightHalo2016Filter: pass=2081632    all=2082229    -- eff=99.97 % cumulative eff=99.07 %
Flag_EcalDeadCellTriggerPrimitiveFilter: pass=2081572    all=2081632    -- eff=100.00 % cumulative eff=99.06 %
Flag_BadPFMuonFilter: pass=2080536    all=2081572    -- eff=99.95 % cumulative eff=99.02 %
Flag_BadPFMuonDzFilter: pass=2080180    all=2080536    -- eff=99.98 % cumulative eff=99.00 %
Flag_eeBadScFilter: pass=2080180    all=2080180    -- eff=100.00 % cumulative eff=99.00 %
Flag_ecalBadCalibFilter: pass=2080025    all=2080180    -- eff=99.99 % cumulative eff=98.99 %
Flag_hfNoisyHitsFilter: pass=2076907    all=2080025    -- eff=99.85 % cumulative eff=98.84 %
Number of muons 2: pass=70341      all=2076907    -- eff=3.39 % cumulative eff=3.35 %
DiMuon From Higgs: pass=63003      all=70341      -- eff=89.57 % cumulative eff=3.00 %
LeptonChargeSum: pass=62989      all=63003      -- eff=99.98 % cumulative eff=3.00 %
[2025-07-20 18:35:17.443] [main] [info] Writing quantities map to /eos/user/j/jiahua/MC_2023_inc/Muon1_Run2023C-24Jan2024_v1-v1/3059f006-b7a2-4358-9f72-98cf8fb730e6_vbfhmm.root
[2025-07-20 18:35:17.701] [main] [info] Finished Evaluation
[2025-07-20 18:35:17.701] [main] [info] Overall runtime (real time: 692.21, CPU time: 82.44)
