Starting job on \n
Running on: Linux b9p15p6350.cern.ch 5.14.0-570.17.1.el9_6.x86_64 #1 SMP PREEMPT_DYNAMIC Tue May 13 06:41:18 EDT 2025 x86_64 x86_64 x86_64 GNU/Linux\n
System software: Red Hat Enterprise Linux release 9.6 (Plow)\n
Setting up CROWN for RedHatEnterprise Version 9.6
/eos/user/j/jiahua/MC_2023_inc/Muon1_Run2023B-22Sep2023-v1/748b3cb3-726b-4fd2-86b8-02cfa381505f.root
[2025-07-20 18:21:18.765] [main] [info] Checking input files
[2025-07-20 18:21:26.544] [main] [info] NanoAOD input_file 1: root://cms-xrd-global.cern.ch//store/data/Run2023B/Muon1/NANOAOD/22Sep2023-v1/50000/748b3cb3-726b-4fd2-86b8-02cfa381505f.root - 1002014 Events
[2025-07-20 18:21:26.545] [main] [info] input_file 1: root://cms-xrd-global.cern.ch//store/data/Run2023B/Muon1/NANOAOD/22Sep2023-v1/50000/748b3cb3-726b-4fd2-86b8-02cfa381505f.root - SumOfGenWeight: 8.18694443e-316 
[2025-07-20 18:21:26.545] [main] [info] Output directory: /eos/user/j/jiahua/MC_2023_inc/Muon1_Run2023B-22Sep2023-v1/748b3cb3-726b-4fd2-86b8-02cfa381505f.root
[2025-07-20 18:21:26.546] [main] [info] Starting Setup of Dataframe with 1002014 events
[2025-07-20 18:21:27.320] [main] [info] Finished Setup
[2025-07-20 18:21:27.320] [main] [info] Runtime for setup (real time: 0.78, CPU time: 0.27)
[2025-07-20 18:21:27.320] [main] [info] Starting Evaluation
[2025-07-20 18:21:38.385] [main] [info] 10000 / 1002014 (1.00 %) Events processed ...
[2025-07-20 18:21:38.649] [main] [info] 20000 / 1002014 (2.00 %) Events processed ...
[2025-07-20 18:21:38.937] [main] [info] 30000 / 1002014 (2.99 %) Events processed ...
[2025-07-20 18:21:39.266] [main] [info] 40000 / 1002014 (3.99 %) Events processed ...
[2025-07-20 18:21:39.536] [main] [info] 50000 / 1002014 (4.99 %) Events processed ...
[2025-07-20 18:21:39.835] [main] [info] 60000 / 1002014 (5.99 %) Events processed ...
[2025-07-20 18:21:40.247] [main] [info] 70000 / 1002014 (6.99 %) Events processed ...
[2025-07-20 18:21:40.977] [main] [info] 80000 / 1002014 (7.98 %) Events processed ...
[2025-07-20 18:21:41.189] [main] [info] 90000 / 1002014 (8.98 %) Events processed ...
[2025-07-20 18:21:41.434] [main] [info] 100000 / 1002014 (9.98 %) Events processed ...
[2025-07-20 18:21:41.682] [main] [info] 110000 / 1002014 (10.98 %) Events processed ...
[2025-07-20 18:21:41.939] [main] [info] 120000 / 1002014 (11.98 %) Events processed ...
[2025-07-20 18:21:42.201] [main] [info] 130000 / 1002014 (12.97 %) Events processed ...
[2025-07-20 18:21:42.568] [main] [info] 140000 / 1002014 (13.97 %) Events processed ...
[2025-07-20 18:21:42.799] [main] [info] 150000 / 1002014 (14.97 %) Events processed ...
[2025-07-20 18:21:43.534] [main] [info] 160000 / 1002014 (15.97 %) Events processed ...
[2025-07-20 18:21:43.754] [main] [info] 170000 / 1002014 (16.97 %) Events processed ...
[2025-07-20 18:21:44.002] [main] [info] 180000 / 1002014 (17.96 %) Events processed ...
[2025-07-20 18:21:44.230] [main] [info] 190000 / 1002014 (18.96 %) Events processed ...
[2025-07-20 18:21:44.483] [main] [info] 200000 / 1002014 (19.96 %) Events processed ...
[2025-07-20 18:21:44.867] [main] [info] 210000 / 1002014 (20.96 %) Events processed ...
[2025-07-20 18:21:45.120] [main] [info] 220000 / 1002014 (21.96 %) Events processed ...
[2025-07-20 18:21:45.356] [main] [info] 230000 / 1002014 (22.95 %) Events processed ...
[2025-07-20 18:21:45.998] [main] [info] 240000 / 1002014 (23.95 %) Events processed ...
[2025-07-20 18:21:46.249] [main] [info] 250000 / 1002014 (24.95 %) Events processed ...
[2025-07-20 18:21:46.511] [main] [info] 260000 / 1002014 (25.95 %) Events processed ...
[2025-07-20 18:21:46.793] [main] [info] 270000 / 1002014 (26.95 %) Events processed ...
[2025-07-20 18:21:47.144] [main] [info] 280000 / 1002014 (27.94 %) Events processed ...
[2025-07-20 18:21:47.381] [main] [info] 290000 / 1002014 (28.94 %) Events processed ...
[2025-07-20 18:21:47.621] [main] [info] 300000 / 1002014 (29.94 %) Events processed ...
[2025-07-20 18:21:47.868] [main] [info] 310000 / 1002014 (30.94 %) Events processed ...
[2025-07-20 18:21:48.588] [main] [info] 320000 / 1002014 (31.94 %) Events processed ...
[2025-07-20 18:21:48.847] [main] [info] 330000 / 1002014 (32.93 %) Events processed ...
[2025-07-20 18:21:49.116] [main] [info] 340000 / 1002014 (33.93 %) Events processed ...
[2025-07-20 18:21:49.511] [main] [info] 350000 / 1002014 (34.93 %) Events processed ...
[2025-07-20 18:21:49.778] [main] [info] 360000 / 1002014 (35.93 %) Events processed ...
[2025-07-20 18:21:50.038] [main] [info] 370000 / 1002014 (36.93 %) Events processed ...
[2025-07-20 18:21:50.303] [main] [info] 380000 / 1002014 (37.92 %) Events processed ...
[2025-07-20 18:21:50.573] [main] [info] 390000 / 1002014 (38.92 %) Events processed ...
[2025-07-20 18:21:51.323] [main] [info] 400000 / 1002014 (39.92 %) Events processed ...
[2025-07-20 18:21:51.741] [main] [info] 410000 / 1002014 (40.92 %) Events processed ...
[2025-07-20 18:21:52.023] [main] [info] 420000 / 1002014 (41.92 %) Events processed ...
[2025-07-20 18:21:52.038] [main] [info] 430000 / 1002014 (42.91 %) Events processed ...
[2025-07-20 18:21:52.045] [main] [info] 440000 / 1002014 (43.91 %) Events processed ...
[2025-07-20 18:21:52.076] [main] [info] 450000 / 1002014 (44.91 %) Events processed ...
[2025-07-20 18:21:52.090] [main] [info] 460000 / 1002014 (45.91 %) Events processed ...
[2025-07-20 18:21:52.096] [main] [info] 470000 / 1002014 (46.91 %) Events processed ...
[2025-07-20 18:21:52.346] [main] [info] 480000 / 1002014 (47.90 %) Events processed ...
[2025-07-20 18:21:52.353] [main] [info] 490000 / 1002014 (48.90 %) Events processed ...
[2025-07-20 18:21:52.359] [main] [info] 500000 / 1002014 (49.90 %) Events processed ...
[2025-07-20 18:21:52.366] [main] [info] 510000 / 1002014 (50.90 %) Events processed ...
[2025-07-20 18:21:52.373] [main] [info] 520000 / 1002014 (51.90 %) Events processed ...
[2025-07-20 18:21:52.379] [main] [info] 530000 / 1002014 (52.89 %) Events processed ...
[2025-07-20 18:21:52.385] [main] [info] 540000 / 1002014 (53.89 %) Events processed ...
[2025-07-20 18:21:52.621] [main] [info] 550000 / 1002014 (54.89 %) Events processed ...
[2025-07-20 18:21:52.628] [main] [info] 560000 / 1002014 (55.89 %) Events processed ...
[2025-07-20 18:21:52.635] [main] [info] 570000 / 1002014 (56.89 %) Events processed ...
[2025-07-20 18:21:52.642] [main] [info] 580000 / 1002014 (57.88 %) Events processed ...
[2025-07-20 18:21:52.648] [main] [info] 590000 / 1002014 (58.88 %) Events processed ...
[2025-07-20 18:21:52.654] [main] [info] 600000 / 1002014 (59.88 %) Events processed ...
[2025-07-20 18:21:52.661] [main] [info] 610000 / 1002014 (60.88 %) Events processed ...
[2025-07-20 18:21:52.667] [main] [info] 620000 / 1002014 (61.88 %) Events processed ...
[2025-07-20 18:21:53.020] [main] [info] 630000 / 1002014 (62.87 %) Events processed ...
[2025-07-20 18:21:53.027] [main] [info] 640000 / 1002014 (63.87 %) Events processed ...
[2025-07-20 18:21:53.035] [main] [info] 650000 / 1002014 (64.87 %) Events processed ...
[2025-07-20 18:21:53.042] [main] [info] 660000 / 1002014 (65.87 %) Events processed ...
[2025-07-20 18:21:53.050] [main] [info] 670000 / 1002014 (66.87 %) Events processed ...
[2025-07-20 18:21:53.057] [main] [info] 680000 / 1002014 (67.86 %) Events processed ...
[2025-07-20 18:21:53.065] [main] [info] 690000 / 1002014 (68.86 %) Events processed ...
[2025-07-20 18:21:53.072] [main] [info] 700000 / 1002014 (69.86 %) Events processed ...
[2025-07-20 18:21:53.587] [main] [info] 710000 / 1002014 (70.86 %) Events processed ...
[2025-07-20 18:21:53.594] [main] [info] 720000 / 1002014 (71.86 %) Events processed ...
[2025-07-20 18:21:53.602] [main] [info] 730000 / 1002014 (72.85 %) Events processed ...
[2025-07-20 18:21:53.610] [main] [info] 740000 / 1002014 (73.85 %) Events processed ...
[2025-07-20 18:21:53.618] [main] [info] 750000 / 1002014 (74.85 %) Events processed ...
[2025-07-20 18:21:53.625] [main] [info] 760000 / 1002014 (75.85 %) Events processed ...
[2025-07-20 18:21:53.633] [main] [info] 770000 / 1002014 (76.85 %) Events processed ...
[2025-07-20 18:21:53.641] [main] [info] 780000 / 1002014 (77.84 %) Events processed ...
[2025-07-20 18:21:53.879] [main] [info] 790000 / 1002014 (78.84 %) Events processed ...
[2025-07-20 18:21:53.890] [main] [info] 800000 / 1002014 (79.84 %) Events processed ...
[2025-07-20 18:21:53.899] [main] [info] 810000 / 1002014 (80.84 %) Events processed ...
[2025-07-20 18:21:53.909] [main] [info] 820000 / 1002014 (81.84 %) Events processed ...
[2025-07-20 18:21:53.916] [main] [info] 830000 / 1002014 (82.83 %) Events processed ...
[2025-07-20 18:21:53.923] [main] [info] 840000 / 1002014 (83.83 %) Events processed ...
[2025-07-20 18:21:53.930] [main] [info] 850000 / 1002014 (84.83 %) Events processed ...
[2025-07-20 18:21:53.936] [main] [info] 860000 / 1002014 (85.83 %) Events processed ...
[2025-07-20 18:21:54.306] [main] [info] 870000 / 1002014 (86.83 %) Events processed ...
[2025-07-20 18:21:54.313] [main] [info] 880000 / 1002014 (87.82 %) Events processed ...
[2025-07-20 18:21:54.320] [main] [info] 890000 / 1002014 (88.82 %) Events processed ...
[2025-07-20 18:21:54.327] [main] [info] 900000 / 1002014 (89.82 %) Events processed ...
[2025-07-20 18:21:54.338] [main] [info] 910000 / 1002014 (90.82 %) Events processed ...
[2025-07-20 18:21:54.345] [main] [info] 920000 / 1002014 (91.82 %) Events processed ...
[2025-07-20 18:21:54.362] [main] [info] 930000 / 1002014 (92.81 %) Events processed ...
[2025-07-20 18:21:54.368] [main] [info] 940000 / 1002014 (93.81 %) Events processed ...
[2025-07-20 18:21:54.588] [main] [info] 950000 / 1002014 (94.81 %) Events processed ...
[2025-07-20 18:21:54.610] [main] [info] 960000 / 1002014 (95.81 %) Events processed ...
[2025-07-20 18:21:54.618] [main] [info] 970000 / 1002014 (96.81 %) Events processed ...
[2025-07-20 18:21:55.015] [main] [info] 980000 / 1002014 (97.80 %) Events processed ...
[2025-07-20 18:21:55.263] [main] [info] 990000 / 1002014 (98.80 %) Events processed ...
[2025-07-20 18:21:55.508] [main] [info] 1000000 / 1002014 (99.80 %) Events processed ...
[2025-07-20 18:21:55.818] [main] [info] vbfhmm:
GoldenJSONFilter: pass=449619     all=1002014    -- eff=44.87 % cumulative eff=44.87 %
Flag_goodVertices: pass=445673     all=449619     -- eff=99.12 % cumulative eff=44.48 %
Flag_globalSuperTightHalo2016Filter: pass=445621     all=445673     -- eff=99.99 % cumulative eff=44.47 %
Flag_EcalDeadCellTriggerPrimitiveFilter: pass=445617     all=445621     -- eff=100.00 % cumulative eff=44.47 %
Flag_BadPFMuonFilter: pass=445481     all=445617     -- eff=99.97 % cumulative eff=44.46 %
Flag_BadPFMuonDzFilter: pass=445434     all=445481     -- eff=99.99 % cumulative eff=44.45 %
Flag_eeBadScFilter: pass=445434     all=445434     -- eff=100.00 % cumulative eff=44.45 %
Flag_ecalBadCalibFilter: pass=445414     all=445434     -- eff=100.00 % cumulative eff=44.45 %
Flag_hfNoisyHitsFilter: pass=444816     all=445414     -- eff=99.87 % cumulative eff=44.39 %
Number of muons 2: pass=8864       all=444816     -- eff=1.99 % cumulative eff=0.88 %
DiMuon From Higgs: pass=7947       all=8864       -- eff=89.65 % cumulative eff=0.79 %
LeptonChargeSum: pass=7943       all=7947       -- eff=99.95 % cumulative eff=0.79 %
[2025-07-20 18:21:56.051] [main] [info] Writing quantities map to /eos/user/j/jiahua/MC_2023_inc/Muon1_Run2023B-22Sep2023-v1/748b3cb3-726b-4fd2-86b8-02cfa381505f_vbfhmm.root
[2025-07-20 18:21:56.167] [main] [info] Finished Evaluation
[2025-07-20 18:21:56.167] [main] [info] Overall runtime (real time: 29.62, CPU time: 23.14)
