Starting job on \n
Running on: Linux b9p09p5581.cern.ch 5.14.0-570.17.1.el9_6.x86_64 #1 SMP PREEMPT_DYNAMIC Tue May 13 06:41:18 EDT 2025 x86_64 x86_64 x86_64 GNU/Linux\n
System software: Red Hat Enterprise Linux release 9.6 (Plow)\n
Setting up CROWN for RedHatEnterprise Version 9.6
/eos/user/j/jiahua/MC_2023_inc/Muon1_Run2023C-24Jan2024_v4-v2/9aa0cad8-8565-4674-b759-9b543a56ac5e.root
[2025-07-20 18:22:22.474] [main] [info] Checking input files
[2025-07-20 18:22:29.172] [main] [info] NanoAOD input_file 1: root://cms-xrd-global.cern.ch//store/data/Run2023C/Muon1/NANOAOD/24Jan2024_v4-v2/2830000/9aa0cad8-8565-4674-b759-9b543a56ac5e.root - 1965523 Events
[2025-07-20 18:22:29.172] [main] [info] input_file 1: root://cms-xrd-global.cern.ch//store/data/Run2023C/Muon1/NANOAOD/24Jan2024_v4-v2/2830000/9aa0cad8-8565-4674-b759-9b543a56ac5e.root - SumOfGenWeight: 1.86482904e-315 
[2025-07-20 18:22:29.172] [main] [info] Output directory: /eos/user/j/jiahua/MC_2023_inc/Muon1_Run2023C-24Jan2024_v4-v2/9aa0cad8-8565-4674-b759-9b543a56ac5e.root
[2025-07-20 18:22:29.175] [main] [info] Starting Setup of Dataframe with 1965523 events
[2025-07-20 18:22:35.549] [main] [info] Finished Setup
[2025-07-20 18:22:35.549] [main] [info] Runtime for setup (real time: 6.38, CPU time: 5.53)
[2025-07-20 18:22:35.549] [main] [info] Starting Evaluation
[2025-07-20 18:22:43.106] [main] [info] 10000 / 1965523 (0.51 %) Events processed ...
[2025-07-20 18:22:43.298] [main] [info] 20000 / 1965523 (1.02 %) Events processed ...
[2025-07-20 18:22:43.493] [main] [info] 30000 / 1965523 (1.53 %) Events processed ...
[2025-07-20 18:22:43.736] [main] [info] 40000 / 1965523 (2.04 %) Events processed ...
[2025-07-20 18:22:43.865] [main] [info] 50000 / 1965523 (2.54 %) Events processed ...
[2025-07-20 18:22:43.993] [main] [info] 60000 / 1965523 (3.05 %) Events processed ...
[2025-07-20 18:22:44.136] [main] [info] 70000 / 1965523 (3.56 %) Events processed ...
[2025-07-20 18:22:45.022] [main] [info] 80000 / 1965523 (4.07 %) Events processed ...
[2025-07-20 18:22:45.220] [main] [info] 90000 / 1965523 (4.58 %) Events processed ...
[2025-07-20 18:22:45.368] [main] [info] 100000 / 1965523 (5.09 %) Events processed ...
[2025-07-20 18:22:45.590] [main] [info] 110000 / 1965523 (5.60 %) Events processed ...
[2025-07-20 18:22:45.747] [main] [info] 120000 / 1965523 (6.11 %) Events processed ...
[2025-07-20 18:22:45.943] [main] [info] 130000 / 1965523 (6.61 %) Events processed ...
[2025-07-20 18:22:46.137] [main] [info] 140000 / 1965523 (7.12 %) Events processed ...
[2025-07-20 18:22:46.396] [main] [info] 150000 / 1965523 (7.63 %) Events processed ...
[2025-07-20 18:22:47.016] [main] [info] 160000 / 1965523 (8.14 %) Events processed ...
[2025-07-20 18:22:47.197] [main] [info] 170000 / 1965523 (8.65 %) Events processed ...
[2025-07-20 18:22:47.494] [main] [info] 180000 / 1965523 (9.16 %) Events processed ...
[2025-07-20 18:22:47.676] [main] [info] 190000 / 1965523 (9.67 %) Events processed ...
[2025-07-20 18:22:47.861] [main] [info] 200000 / 1965523 (10.18 %) Events processed ...
[2025-07-20 18:22:48.072] [main] [info] 210000 / 1965523 (10.68 %) Events processed ...
[2025-07-20 18:22:48.367] [main] [info] 220000 / 1965523 (11.19 %) Events processed ...
[2025-07-20 18:22:48.553] [main] [info] 230000 / 1965523 (11.70 %) Events processed ...
[2025-07-20 18:22:49.486] [main] [info] 240000 / 1965523 (12.21 %) Events processed ...
[2025-07-20 18:22:49.779] [main] [info] 250000 / 1965523 (12.72 %) Events processed ...
[2025-07-20 18:22:49.915] [main] [info] 260000 / 1965523 (13.23 %) Events processed ...
[2025-07-20 18:22:50.085] [main] [info] 270000 / 1965523 (13.74 %) Events processed ...
[2025-07-20 18:22:50.279] [main] [info] 280000 / 1965523 (14.25 %) Events processed ...
[2025-07-20 18:22:50.566] [main] [info] 290000 / 1965523 (14.75 %) Events processed ...
[2025-07-20 18:22:50.755] [main] [info] 300000 / 1965523 (15.26 %) Events processed ...
[2025-07-20 18:22:51.773] [main] [info] 310000 / 1965523 (15.77 %) Events processed ...
[2025-07-20 18:22:51.976] [main] [info] 320000 / 1965523 (16.28 %) Events processed ...
[2025-07-20 18:22:52.258] [main] [info] 330000 / 1965523 (16.79 %) Events processed ...
[2025-07-20 18:22:52.440] [main] [info] 340000 / 1965523 (17.30 %) Events processed ...
[2025-07-20 18:22:52.644] [main] [info] 350000 / 1965523 (17.81 %) Events processed ...
[2025-07-20 18:22:52.938] [main] [info] 360000 / 1965523 (18.32 %) Events processed ...
[2025-07-20 18:22:53.129] [main] [info] 370000 / 1965523 (18.82 %) Events processed ...
[2025-07-20 18:22:53.923] [main] [info] 380000 / 1965523 (19.33 %) Events processed ...
[2025-07-20 18:22:54.156] [main] [info] 390000 / 1965523 (19.84 %) Events processed ...
[2025-07-20 18:22:54.448] [main] [info] 400000 / 1965523 (20.35 %) Events processed ...
[2025-07-20 18:22:54.635] [main] [info] 410000 / 1965523 (20.86 %) Events processed ...
[2025-07-20 18:22:54.835] [main] [info] 420000 / 1965523 (21.37 %) Events processed ...
[2025-07-20 18:22:55.141] [main] [info] 430000 / 1965523 (21.88 %) Events processed ...
[2025-07-20 18:22:55.320] [main] [info] 440000 / 1965523 (22.39 %) Events processed ...
[2025-07-20 18:22:56.366] [main] [info] 450000 / 1965523 (22.89 %) Events processed ...
[2025-07-20 18:22:56.585] [main] [info] 460000 / 1965523 (23.40 %) Events processed ...
[2025-07-20 18:22:56.887] [main] [info] 470000 / 1965523 (23.91 %) Events processed ...
[2025-07-20 18:22:57.065] [main] [info] 480000 / 1965523 (24.42 %) Events processed ...
[2025-07-20 18:22:57.249] [main] [info] 490000 / 1965523 (24.93 %) Events processed ...
[2025-07-20 18:22:57.551] [main] [info] 500000 / 1965523 (25.44 %) Events processed ...
[2025-07-20 18:22:57.730] [main] [info] 510000 / 1965523 (25.95 %) Events processed ...
[2025-07-20 18:22:58.840] [main] [info] 520000 / 1965523 (26.46 %) Events processed ...
[2025-07-20 18:22:59.111] [main] [info] 530000 / 1965523 (26.96 %) Events processed ...
[2025-07-20 18:22:59.402] [main] [info] 540000 / 1965523 (27.47 %) Events processed ...
[2025-07-20 18:22:59.588] [main] [info] 550000 / 1965523 (27.98 %) Events processed ...
[2025-07-20 18:22:59.764] [main] [info] 560000 / 1965523 (28.49 %) Events processed ...
[2025-07-20 18:23:00.038] [main] [info] 570000 / 1965523 (29.00 %) Events processed ...
[2025-07-20 18:23:00.178] [main] [info] 580000 / 1965523 (29.51 %) Events processed ...
[2025-07-20 18:23:01.251] [main] [info] 590000 / 1965523 (30.02 %) Events processed ...
[2025-07-20 18:23:01.448] [main] [info] 600000 / 1965523 (30.53 %) Events processed ...
[2025-07-20 18:23:01.743] [main] [info] 610000 / 1965523 (31.03 %) Events processed ...
[2025-07-20 18:23:01.894] [main] [info] 620000 / 1965523 (31.54 %) Events processed ...
[2025-07-20 18:23:02.028] [main] [info] 630000 / 1965523 (32.05 %) Events processed ...
[2025-07-20 18:23:02.220] [main] [info] 640000 / 1965523 (32.56 %) Events processed ...
[2025-07-20 18:23:02.509] [main] [info] 650000 / 1965523 (33.07 %) Events processed ...
[2025-07-20 18:23:03.805] [main] [info] 660000 / 1965523 (33.58 %) Events processed ...
[2025-07-20 18:23:04.008] [main] [info] 670000 / 1965523 (34.09 %) Events processed ...
[2025-07-20 18:23:04.320] [main] [info] 680000 / 1965523 (34.60 %) Events processed ...
[2025-07-20 18:23:04.517] [main] [info] 690000 / 1965523 (35.11 %) Events processed ...
[2025-07-20 18:23:04.703] [main] [info] 700000 / 1965523 (35.61 %) Events processed ...
[2025-07-20 18:23:04.901] [main] [info] 710000 / 1965523 (36.12 %) Events processed ...
[2025-07-20 18:23:05.129] [main] [info] 720000 / 1965523 (36.63 %) Events processed ...
[2025-07-20 18:23:05.261] [main] [info] 730000 / 1965523 (37.14 %) Events processed ...
[2025-07-20 18:23:06.124] [main] [info] 740000 / 1965523 (37.65 %) Events processed ...
[2025-07-20 18:23:06.445] [main] [info] 750000 / 1965523 (38.16 %) Events processed ...
[2025-07-20 18:23:06.637] [main] [info] 760000 / 1965523 (38.67 %) Events processed ...
[2025-07-20 18:23:06.826] [main] [info] 770000 / 1965523 (39.18 %) Events processed ...
[2025-07-20 18:23:07.022] [main] [info] 780000 / 1965523 (39.68 %) Events processed ...
[2025-07-20 18:23:07.324] [main] [info] 790000 / 1965523 (40.19 %) Events processed ...
[2025-07-20 18:23:07.556] [main] [info] 800000 / 1965523 (40.70 %) Events processed ...
[2025-07-20 18:23:07.735] [main] [info] 810000 / 1965523 (41.21 %) Events processed ...
[2025-07-20 18:23:08.861] [main] [info] 820000 / 1965523 (41.72 %) Events processed ...
[2025-07-20 18:23:09.044] [main] [info] 830000 / 1965523 (42.23 %) Events processed ...
[2025-07-20 18:23:09.226] [main] [info] 840000 / 1965523 (42.74 %) Events processed ...
[2025-07-20 18:23:09.428] [main] [info] 850000 / 1965523 (43.25 %) Events processed ...
[2025-07-20 18:23:09.733] [main] [info] 860000 / 1965523 (43.75 %) Events processed ...
[2025-07-20 18:23:09.908] [main] [info] 870000 / 1965523 (44.26 %) Events processed ...
[2025-07-20 18:23:10.041] [main] [info] 880000 / 1965523 (44.77 %) Events processed ...
[2025-07-20 18:23:10.695] [main] [info] 890000 / 1965523 (45.28 %) Events processed ...
[2025-07-20 18:23:10.945] [main] [info] 900000 / 1965523 (45.79 %) Events processed ...
[2025-07-20 18:23:11.116] [main] [info] 910000 / 1965523 (46.30 %) Events processed ...
[2025-07-20 18:23:11.305] [main] [info] 920000 / 1965523 (46.81 %) Events processed ...
[2025-07-20 18:23:11.585] [main] [info] 930000 / 1965523 (47.32 %) Events processed ...
[2025-07-20 18:23:11.760] [main] [info] 940000 / 1965523 (47.82 %) Events processed ...
[2025-07-20 18:23:11.929] [main] [info] 950000 / 1965523 (48.33 %) Events processed ...
[2025-07-20 18:23:12.110] [main] [info] 960000 / 1965523 (48.84 %) Events processed ...
[2025-07-20 18:23:12.930] [main] [info] 970000 / 1965523 (49.35 %) Events processed ...
[2025-07-20 18:23:13.111] [main] [info] 980000 / 1965523 (49.86 %) Events processed ...
[2025-07-20 18:23:13.282] [main] [info] 990000 / 1965523 (50.37 %) Events processed ...
[2025-07-20 18:23:13.286] [main] [info] 1000000 / 1965523 (50.88 %) Events processed ...
[2025-07-20 18:23:13.290] [main] [info] 1010000 / 1965523 (51.39 %) Events processed ...
[2025-07-20 18:23:13.294] [main] [info] 1020000 / 1965523 (51.89 %) Events processed ...
[2025-07-20 18:23:13.298] [main] [info] 1030000 / 1965523 (52.40 %) Events processed ...
[2025-07-20 18:23:13.302] [main] [info] 1040000 / 1965523 (52.91 %) Events processed ...
[2025-07-20 18:23:13.821] [main] [info] 1050000 / 1965523 (53.42 %) Events processed ...
[2025-07-20 18:23:13.825] [main] [info] 1060000 / 1965523 (53.93 %) Events processed ...
[2025-07-20 18:23:13.829] [main] [info] 1070000 / 1965523 (54.44 %) Events processed ...
[2025-07-20 18:23:13.833] [main] [info] 1080000 / 1965523 (54.95 %) Events processed ...
[2025-07-20 18:23:13.837] [main] [info] 1090000 / 1965523 (55.46 %) Events processed ...
[2025-07-20 18:23:13.957] [main] [info] 1100000 / 1965523 (55.96 %) Events processed ...
[2025-07-20 18:23:14.237] [main] [info] 1110000 / 1965523 (56.47 %) Events processed ...
[2025-07-20 18:23:14.415] [main] [info] 1120000 / 1965523 (56.98 %) Events processed ...
[2025-07-20 18:23:14.967] [main] [info] 1130000 / 1965523 (57.49 %) Events processed ...
[2025-07-20 18:23:15.258] [main] [info] 1140000 / 1965523 (58.00 %) Events processed ...
[2025-07-20 18:23:15.435] [main] [info] 1150000 / 1965523 (58.51 %) Events processed ...
[2025-07-20 18:23:15.449] [main] [info] 1160000 / 1965523 (59.02 %) Events processed ...
[2025-07-20 18:23:15.456] [main] [info] 1170000 / 1965523 (59.53 %) Events processed ...
[2025-07-20 18:23:15.462] [main] [info] 1180000 / 1965523 (60.03 %) Events processed ...
[2025-07-20 18:23:15.468] [main] [info] 1190000 / 1965523 (60.54 %) Events processed ...
[2025-07-20 18:23:15.475] [main] [info] 1200000 / 1965523 (61.05 %) Events processed ...
[2025-07-20 18:23:15.771] [main] [info] 1210000 / 1965523 (61.56 %) Events processed ...
[2025-07-20 18:23:15.779] [main] [info] 1220000 / 1965523 (62.07 %) Events processed ...
[2025-07-20 18:23:15.785] [main] [info] 1230000 / 1965523 (62.58 %) Events processed ...
[2025-07-20 18:23:15.792] [main] [info] 1240000 / 1965523 (63.09 %) Events processed ...
[2025-07-20 18:23:16.205] [main] [info] 1250000 / 1965523 (63.60 %) Events processed ...
[2025-07-20 18:23:16.393] [main] [info] 1260000 / 1965523 (64.11 %) Events processed ...
[2025-07-20 18:23:16.578] [main] [info] 1270000 / 1965523 (64.61 %) Events processed ...
[2025-07-20 18:23:16.793] [main] [info] 1280000 / 1965523 (65.12 %) Events processed ...
[2025-07-20 18:23:17.671] [main] [info] 1290000 / 1965523 (65.63 %) Events processed ...
[2025-07-20 18:23:17.806] [main] [info] 1300000 / 1965523 (66.14 %) Events processed ...
[2025-07-20 18:23:17.973] [main] [info] 1310000 / 1965523 (66.65 %) Events processed ...
[2025-07-20 18:23:18.228] [main] [info] 1320000 / 1965523 (67.16 %) Events processed ...
[2025-07-20 18:23:18.388] [main] [info] 1330000 / 1965523 (67.67 %) Events processed ...
[2025-07-20 18:23:18.523] [main] [info] 1340000 / 1965523 (68.18 %) Events processed ...
[2025-07-20 18:23:18.680] [main] [info] 1350000 / 1965523 (68.68 %) Events processed ...
[2025-07-20 18:23:19.508] [main] [info] 1360000 / 1965523 (69.19 %) Events processed ...
[2025-07-20 18:23:19.692] [main] [info] 1370000 / 1965523 (69.70 %) Events processed ...
[2025-07-20 18:23:19.898] [main] [info] 1380000 / 1965523 (70.21 %) Events processed ...
[2025-07-20 18:23:20.191] [main] [info] 1390000 / 1965523 (70.72 %) Events processed ...
[2025-07-20 18:23:20.369] [main] [info] 1400000 / 1965523 (71.23 %) Events processed ...
[2025-07-20 18:23:20.534] [main] [info] 1410000 / 1965523 (71.74 %) Events processed ...
[2025-07-20 18:23:20.640] [main] [info] 1420000 / 1965523 (72.25 %) Events processed ...
[2025-07-20 18:23:21.694] [main] [info] 1430000 / 1965523 (72.75 %) Events processed ...
[2025-07-20 18:23:21.869] [main] [info] 1440000 / 1965523 (73.26 %) Events processed ...
[2025-07-20 18:23:22.052] [main] [info] 1450000 / 1965523 (73.77 %) Events processed ...
[2025-07-20 18:23:22.353] [main] [info] 1460000 / 1965523 (74.28 %) Events processed ...
[2025-07-20 18:23:22.532] [main] [info] 1470000 / 1965523 (74.79 %) Events processed ...
[2025-07-20 18:23:22.713] [main] [info] 1480000 / 1965523 (75.30 %) Events processed ...
[2025-07-20 18:23:22.905] [main] [info] 1490000 / 1965523 (75.81 %) Events processed ...
[2025-07-20 18:23:23.170] [main] [info] 1500000 / 1965523 (76.32 %) Events processed ...
[2025-07-20 18:23:23.792] [main] [info] 1510000 / 1965523 (76.82 %) Events processed ...
[2025-07-20 18:23:23.924] [main] [info] 1520000 / 1965523 (77.33 %) Events processed ...
[2025-07-20 18:23:24.103] [main] [info] 1530000 / 1965523 (77.84 %) Events processed ...
[2025-07-20 18:23:24.373] [main] [info] 1540000 / 1965523 (78.35 %) Events processed ...
[2025-07-20 18:23:24.507] [main] [info] 1550000 / 1965523 (78.86 %) Events processed ...
[2025-07-20 18:23:24.665] [main] [info] 1560000 / 1965523 (79.37 %) Events processed ...
[2025-07-20 18:23:24.872] [main] [info] 1570000 / 1965523 (79.88 %) Events processed ...
[2025-07-20 18:23:25.008] [main] [info] 1580000 / 1965523 (80.39 %) Events processed ...
[2025-07-20 18:23:25.131] [main] [info] 1590000 / 1965523 (80.89 %) Events processed ...
[2025-07-20 18:23:25.877] [main] [info] 1600000 / 1965523 (81.40 %) Events processed ...
[2025-07-20 18:23:26.161] [main] [info] 1610000 / 1965523 (81.91 %) Events processed ...
[2025-07-20 18:23:26.348] [main] [info] 1620000 / 1965523 (82.42 %) Events processed ...
[2025-07-20 18:23:26.524] [main] [info] 1630000 / 1965523 (82.93 %) Events processed ...
[2025-07-20 18:23:26.809] [main] [info] 1640000 / 1965523 (83.44 %) Events processed ...
[2025-07-20 18:23:26.986] [main] [info] 1650000 / 1965523 (83.95 %) Events processed ...
[2025-07-20 18:23:27.176] [main] [info] 1660000 / 1965523 (84.46 %) Events processed ...
[2025-07-20 18:23:27.334] [main] [info] 1670000 / 1965523 (84.96 %) Events processed ...
[2025-07-20 18:23:27.979] [main] [info] 1680000 / 1965523 (85.47 %) Events processed ...
[2025-07-20 18:23:28.154] [main] [info] 1690000 / 1965523 (85.98 %) Events processed ...
[2025-07-20 18:23:28.330] [main] [info] 1700000 / 1965523 (86.49 %) Events processed ...
[2025-07-20 18:23:28.608] [main] [info] 1710000 / 1965523 (87.00 %) Events processed ...
[2025-07-20 18:23:28.766] [main] [info] 1720000 / 1965523 (87.51 %) Events processed ...
[2025-07-20 18:23:28.895] [main] [info] 1730000 / 1965523 (88.02 %) Events processed ...
[2025-07-20 18:23:29.031] [main] [info] 1740000 / 1965523 (88.53 %) Events processed ...
[2025-07-20 18:23:29.669] [main] [info] 1750000 / 1965523 (89.03 %) Events processed ...
[2025-07-20 18:23:29.851] [main] [info] 1760000 / 1965523 (89.54 %) Events processed ...
[2025-07-20 18:23:29.885] [main] [info] 1770000 / 1965523 (90.05 %) Events processed ...
[2025-07-20 18:23:29.889] [main] [info] 1780000 / 1965523 (90.56 %) Events processed ...
[2025-07-20 18:23:29.893] [main] [info] 1790000 / 1965523 (91.07 %) Events processed ...
[2025-07-20 18:23:29.896] [main] [info] 1800000 / 1965523 (91.58 %) Events processed ...
[2025-07-20 18:23:29.900] [main] [info] 1810000 / 1965523 (92.09 %) Events processed ...
[2025-07-20 18:23:29.904] [main] [info] 1820000 / 1965523 (92.60 %) Events processed ...
[2025-07-20 18:23:29.908] [main] [info] 1830000 / 1965523 (93.10 %) Events processed ...
[2025-07-20 18:23:30.668] [main] [info] 1840000 / 1965523 (93.61 %) Events processed ...
[2025-07-20 18:23:30.672] [main] [info] 1850000 / 1965523 (94.12 %) Events processed ...
[2025-07-20 18:23:30.677] [main] [info] 1860000 / 1965523 (94.63 %) Events processed ...
[2025-07-20 18:23:30.681] [main] [info] 1870000 / 1965523 (95.14 %) Events processed ...
[2025-07-20 18:23:30.685] [main] [info] 1880000 / 1965523 (95.65 %) Events processed ...
[2025-07-20 18:23:30.967] [main] [info] 1890000 / 1965523 (96.16 %) Events processed ...
[2025-07-20 18:23:31.161] [main] [info] 1900000 / 1965523 (96.67 %) Events processed ...
[2025-07-20 18:23:31.395] [main] [info] 1910000 / 1965523 (97.18 %) Events processed ...
[2025-07-20 18:23:31.731] [main] [info] 1920000 / 1965523 (97.68 %) Events processed ...
[2025-07-20 18:23:32.018] [main] [info] 1930000 / 1965523 (98.19 %) Events processed ...
[2025-07-20 18:23:32.204] [main] [info] 1940000 / 1965523 (98.70 %) Events processed ...
[2025-07-20 18:23:32.387] [main] [info] 1950000 / 1965523 (99.21 %) Events processed ...
[2025-07-20 18:23:32.668] [main] [info] 1960000 / 1965523 (99.72 %) Events processed ...
[2025-07-20 18:23:32.805] [main] [info] vbfhmm:
GoldenJSONFilter: pass=1616587    all=1965523    -- eff=82.25 % cumulative eff=82.25 %
Flag_goodVertices: pass=1612749    all=1616587    -- eff=99.76 % cumulative eff=82.05 %
Flag_globalSuperTightHalo2016Filter: pass=1612317    all=1612749    -- eff=99.97 % cumulative eff=82.03 %
Flag_EcalDeadCellTriggerPrimitiveFilter: pass=1612255    all=1612317    -- eff=100.00 % cumulative eff=82.03 %
Flag_BadPFMuonFilter: pass=1611403    all=1612255    -- eff=99.95 % cumulative eff=81.98 %
Flag_BadPFMuonDzFilter: pass=1611113    all=1611403    -- eff=99.98 % cumulative eff=81.97 %
Flag_eeBadScFilter: pass=1611113    all=1611113    -- eff=100.00 % cumulative eff=81.97 %
Flag_ecalBadCalibFilter: pass=1611002    all=1611113    -- eff=99.99 % cumulative eff=81.96 %
Flag_hfNoisyHitsFilter: pass=1608256    all=1611002    -- eff=99.83 % cumulative eff=81.82 %
Number of muons 2: pass=55403      all=1608256    -- eff=3.44 % cumulative eff=2.82 %
DiMuon From Higgs: pass=49717      all=55403      -- eff=89.74 % cumulative eff=2.53 %
LeptonChargeSum: pass=49690      all=49717      -- eff=99.95 % cumulative eff=2.53 %
[2025-07-20 18:23:32.949] [main] [info] Writing quantities map to /eos/user/j/jiahua/MC_2023_inc/Muon1_Run2023C-24Jan2024_v4-v2/9aa0cad8-8565-4674-b759-9b543a56ac5e_vbfhmm.root
[2025-07-20 18:23:33.060] [main] [info] Finished Evaluation
[2025-07-20 18:23:33.060] [main] [info] Overall runtime (real time: 63.89, CPU time: 45.33)
