Starting job on \n
Running on: Linux b9p20p6493.cern.ch 5.14.0-570.21.1.el9_6.x86_64 #1 SMP PREEMPT_DYNAMIC Tue Jun 3 12:46:50 EDT 2025 x86_64 x86_64 x86_64 GNU/Linux\n
System software: Red Hat Enterprise Linux release 9.6 (Plow)\n
Setting up CROWN for RedHatEnterprise Version 9.6
/eos/user/j/jiahua/MC_2023_inc/Muon1_Run2023C-24Jan2024_v4-v2/16e9f46c-34d4-41a9-8777-e97fa972d692.root
[2025-07-20 18:22:11.509] [main] [info] Checking input files
[2025-07-20 18:22:19.957] [main] [info] NanoAOD input_file 1: root://cms-xrd-global.cern.ch//store/data/Run2023C/Muon1/NANOAOD/24Jan2024_v4-v2/2830000/16e9f46c-34d4-41a9-8777-e97fa972d692.root - 2126037 Events
[2025-07-20 18:22:19.957] [main] [info] input_file 1: root://cms-xrd-global.cern.ch//store/data/Run2023C/Muon1/NANOAOD/24Jan2024_v4-v2/2830000/16e9f46c-34d4-41a9-8777-e97fa972d692.root - SumOfGenWeight: 1.11982374e-315 
[2025-07-20 18:22:19.957] [main] [info] Output directory: /eos/user/j/jiahua/MC_2023_inc/Muon1_Run2023C-24Jan2024_v4-v2/16e9f46c-34d4-41a9-8777-e97fa972d692.root
[2025-07-20 18:22:19.961] [main] [info] Starting Setup of Dataframe with 2126037 events
[2025-07-20 18:22:22.195] [main] [info] Finished Setup
[2025-07-20 18:22:22.195] [main] [info] Runtime for setup (real time: 2.24, CPU time: 0.59)
[2025-07-20 18:22:22.195] [main] [info] Starting Evaluation
[2025-07-20 18:22:35.547] [main] [info] 10000 / 2126037 (0.47 %) Events processed ...
[2025-07-20 18:22:35.787] [main] [info] 20000 / 2126037 (0.94 %) Events processed ...
[2025-07-20 18:22:36.047] [main] [info] 30000 / 2126037 (1.41 %) Events processed ...
[2025-07-20 18:22:36.407] [main] [info] 40000 / 2126037 (1.88 %) Events processed ...
[2025-07-20 18:22:36.647] [main] [info] 50000 / 2126037 (2.35 %) Events processed ...
[2025-07-20 18:22:36.823] [main] [info] 60000 / 2126037 (2.82 %) Events processed ...
[2025-07-20 18:22:37.182] [main] [info] 70000 / 2126037 (3.29 %) Events processed ...
[2025-07-20 18:22:39.453] [main] [info] 80000 / 2126037 (3.76 %) Events processed ...
[2025-07-20 18:22:39.693] [main] [info] 90000 / 2126037 (4.23 %) Events processed ...
[2025-07-20 18:22:40.070] [main] [info] 100000 / 2126037 (4.70 %) Events processed ...
[2025-07-20 18:22:40.306] [main] [info] 110000 / 2126037 (5.17 %) Events processed ...
[2025-07-20 18:22:40.545] [main] [info] 120000 / 2126037 (5.64 %) Events processed ...
[2025-07-20 18:22:40.861] [main] [info] 130000 / 2126037 (6.11 %) Events processed ...
[2025-07-20 18:22:41.019] [main] [info] 140000 / 2126037 (6.59 %) Events processed ...
[2025-07-20 18:22:41.176] [main] [info] 150000 / 2126037 (7.06 %) Events processed ...
[2025-07-20 18:22:44.105] [main] [info] 160000 / 2126037 (7.53 %) Events processed ...
[2025-07-20 18:22:44.481] [main] [info] 170000 / 2126037 (8.00 %) Events processed ...
[2025-07-20 18:22:44.732] [main] [info] 180000 / 2126037 (8.47 %) Events processed ...
[2025-07-20 18:22:44.989] [main] [info] 190000 / 2126037 (8.94 %) Events processed ...
[2025-07-20 18:22:45.377] [main] [info] 200000 / 2126037 (9.41 %) Events processed ...
[2025-07-20 18:22:45.630] [main] [info] 210000 / 2126037 (9.88 %) Events processed ...
[2025-07-20 18:22:45.892] [main] [info] 220000 / 2126037 (10.35 %) Events processed ...
[2025-07-20 18:22:48.550] [main] [info] 230000 / 2126037 (10.82 %) Events processed ...
[2025-07-20 18:22:48.797] [main] [info] 240000 / 2126037 (11.29 %) Events processed ...
[2025-07-20 18:22:49.048] [main] [info] 250000 / 2126037 (11.76 %) Events processed ...
[2025-07-20 18:22:49.539] [main] [info] 260000 / 2126037 (12.23 %) Events processed ...
[2025-07-20 18:22:49.789] [main] [info] 270000 / 2126037 (12.70 %) Events processed ...
[2025-07-20 18:22:50.038] [main] [info] 280000 / 2126037 (13.17 %) Events processed ...
[2025-07-20 18:22:50.443] [main] [info] 290000 / 2126037 (13.64 %) Events processed ...
[2025-07-20 18:22:50.692] [main] [info] 300000 / 2126037 (14.11 %) Events processed ...
[2025-07-20 18:22:53.833] [main] [info] 310000 / 2126037 (14.58 %) Events processed ...
[2025-07-20 18:22:54.096] [main] [info] 320000 / 2126037 (15.05 %) Events processed ...
[2025-07-20 18:22:54.479] [main] [info] 330000 / 2126037 (15.52 %) Events processed ...
[2025-07-20 18:22:54.724] [main] [info] 340000 / 2126037 (15.99 %) Events processed ...
[2025-07-20 18:22:54.995] [main] [info] 350000 / 2126037 (16.46 %) Events processed ...
[2025-07-20 18:22:55.376] [main] [info] 360000 / 2126037 (16.93 %) Events processed ...
[2025-07-20 18:22:55.625] [main] [info] 370000 / 2126037 (17.40 %) Events processed ...
[2025-07-20 18:22:55.889] [main] [info] 380000 / 2126037 (17.87 %) Events processed ...
[2025-07-20 18:22:58.468] [main] [info] 390000 / 2126037 (18.34 %) Events processed ...
[2025-07-20 18:22:58.718] [main] [info] 400000 / 2126037 (18.81 %) Events processed ...
[2025-07-20 18:22:58.972] [main] [info] 410000 / 2126037 (19.28 %) Events processed ...
[2025-07-20 18:22:59.366] [main] [info] 420000 / 2126037 (19.76 %) Events processed ...
[2025-07-20 18:22:59.618] [main] [info] 430000 / 2126037 (20.23 %) Events processed ...
[2025-07-20 18:22:59.863] [main] [info] 440000 / 2126037 (20.70 %) Events processed ...
[2025-07-20 18:23:00.274] [main] [info] 450000 / 2126037 (21.17 %) Events processed ...
[2025-07-20 18:23:01.979] [main] [info] 460000 / 2126037 (21.64 %) Events processed ...
[2025-07-20 18:23:02.229] [main] [info] 470000 / 2126037 (22.11 %) Events processed ...
[2025-07-20 18:23:02.499] [main] [info] 480000 / 2126037 (22.58 %) Events processed ...
[2025-07-20 18:23:02.872] [main] [info] 490000 / 2126037 (23.05 %) Events processed ...
[2025-07-20 18:23:03.102] [main] [info] 500000 / 2126037 (23.52 %) Events processed ...
[2025-07-20 18:23:03.340] [main] [info] 510000 / 2126037 (23.99 %) Events processed ...
[2025-07-20 18:23:03.776] [main] [info] 520000 / 2126037 (24.46 %) Events processed ...
[2025-07-20 18:23:04.007] [main] [info] 530000 / 2126037 (24.93 %) Events processed ...
[2025-07-20 18:23:04.240] [main] [info] 540000 / 2126037 (25.40 %) Events processed ...
[2025-07-20 18:23:06.002] [main] [info] 550000 / 2126037 (25.87 %) Events processed ...
[2025-07-20 18:23:06.234] [main] [info] 560000 / 2126037 (26.34 %) Events processed ...
[2025-07-20 18:23:06.472] [main] [info] 570000 / 2126037 (26.81 %) Events processed ...
[2025-07-20 18:23:06.841] [main] [info] 580000 / 2126037 (27.28 %) Events processed ...
[2025-07-20 18:23:07.073] [main] [info] 590000 / 2126037 (27.75 %) Events processed ...
[2025-07-20 18:23:07.306] [main] [info] 600000 / 2126037 (28.22 %) Events processed ...
[2025-07-20 18:23:07.680] [main] [info] 610000 / 2126037 (28.69 %) Events processed ...
[2025-07-20 18:23:07.914] [main] [info] 620000 / 2126037 (29.16 %) Events processed ...
[2025-07-20 18:23:09.887] [main] [info] 630000 / 2126037 (29.63 %) Events processed ...
[2025-07-20 18:23:10.139] [main] [info] 640000 / 2126037 (30.10 %) Events processed ...
[2025-07-20 18:23:10.494] [main] [info] 650000 / 2126037 (30.57 %) Events processed ...
[2025-07-20 18:23:10.728] [main] [info] 660000 / 2126037 (31.04 %) Events processed ...
[2025-07-20 18:23:10.980] [main] [info] 670000 / 2126037 (31.51 %) Events processed ...
[2025-07-20 18:23:11.354] [main] [info] 680000 / 2126037 (31.98 %) Events processed ...
[2025-07-20 18:23:11.622] [main] [info] 690000 / 2126037 (32.45 %) Events processed ...
[2025-07-20 18:23:11.908] [main] [info] 700000 / 2126037 (32.93 %) Events processed ...
[2025-07-20 18:23:14.267] [main] [info] 710000 / 2126037 (33.40 %) Events processed ...
[2025-07-20 18:23:14.518] [main] [info] 720000 / 2126037 (33.87 %) Events processed ...
[2025-07-20 18:23:14.771] [main] [info] 730000 / 2126037 (34.34 %) Events processed ...
[2025-07-20 18:23:15.121] [main] [info] 740000 / 2126037 (34.81 %) Events processed ...
[2025-07-20 18:23:15.379] [main] [info] 750000 / 2126037 (35.28 %) Events processed ...
[2025-07-20 18:23:15.698] [main] [info] 760000 / 2126037 (35.75 %) Events processed ...
[2025-07-20 18:23:16.045] [main] [info] 770000 / 2126037 (36.22 %) Events processed ...
[2025-07-20 18:23:17.658] [main] [info] 780000 / 2126037 (36.69 %) Events processed ...
[2025-07-20 18:23:17.931] [main] [info] 790000 / 2126037 (37.16 %) Events processed ...
[2025-07-20 18:23:18.232] [main] [info] 800000 / 2126037 (37.63 %) Events processed ...
[2025-07-20 18:23:18.637] [main] [info] 810000 / 2126037 (38.10 %) Events processed ...
[2025-07-20 18:23:18.909] [main] [info] 820000 / 2126037 (38.57 %) Events processed ...
[2025-07-20 18:23:19.199] [main] [info] 830000 / 2126037 (39.04 %) Events processed ...
[2025-07-20 18:23:19.569] [main] [info] 840000 / 2126037 (39.51 %) Events processed ...
[2025-07-20 18:23:19.825] [main] [info] 850000 / 2126037 (39.98 %) Events processed ...
[2025-07-20 18:23:22.160] [main] [info] 860000 / 2126037 (40.45 %) Events processed ...
[2025-07-20 18:23:22.440] [main] [info] 870000 / 2126037 (40.92 %) Events processed ...
[2025-07-20 18:23:22.627] [main] [info] 880000 / 2126037 (41.39 %) Events processed ...
[2025-07-20 18:23:22.886] [main] [info] 890000 / 2126037 (41.86 %) Events processed ...
[2025-07-20 18:23:23.309] [main] [info] 900000 / 2126037 (42.33 %) Events processed ...
[2025-07-20 18:23:23.564] [main] [info] 910000 / 2126037 (42.80 %) Events processed ...
[2025-07-20 18:23:23.826] [main] [info] 920000 / 2126037 (43.27 %) Events processed ...
[2025-07-20 18:23:26.311] [main] [info] 930000 / 2126037 (43.74 %) Events processed ...
[2025-07-20 18:23:26.475] [main] [info] 940000 / 2126037 (44.21 %) Events processed ...
[2025-07-20 18:23:26.646] [main] [info] 950000 / 2126037 (44.68 %) Events processed ...
[2025-07-20 18:23:26.835] [main] [info] 960000 / 2126037 (45.15 %) Events processed ...
[2025-07-20 18:23:27.098] [main] [info] 970000 / 2126037 (45.62 %) Events processed ...
[2025-07-20 18:23:27.265] [main] [info] 980000 / 2126037 (46.10 %) Events processed ...
[2025-07-20 18:23:27.453] [main] [info] 990000 / 2126037 (46.57 %) Events processed ...
[2025-07-20 18:23:27.713] [main] [info] 1000000 / 2126037 (47.04 %) Events processed ...
[2025-07-20 18:23:29.935] [main] [info] 1010000 / 2126037 (47.51 %) Events processed ...
[2025-07-20 18:23:30.180] [main] [info] 1020000 / 2126037 (47.98 %) Events processed ...
[2025-07-20 18:23:30.541] [main] [info] 1030000 / 2126037 (48.45 %) Events processed ...
[2025-07-20 18:23:30.696] [main] [info] 1040000 / 2126037 (48.92 %) Events processed ...
[2025-07-20 18:23:30.954] [main] [info] 1050000 / 2126037 (49.39 %) Events processed ...
[2025-07-20 18:23:31.221] [main] [info] 1060000 / 2126037 (49.86 %) Events processed ...
[2025-07-20 18:23:31.386] [main] [info] 1070000 / 2126037 (50.33 %) Events processed ...
[2025-07-20 18:23:31.555] [main] [info] 1080000 / 2126037 (50.80 %) Events processed ...
[2025-07-20 18:23:34.247] [main] [info] 1090000 / 2126037 (51.27 %) Events processed ...
[2025-07-20 18:23:34.501] [main] [info] 1100000 / 2126037 (51.74 %) Events processed ...
[2025-07-20 18:23:34.663] [main] [info] 1110000 / 2126037 (52.21 %) Events processed ...
[2025-07-20 18:23:34.843] [main] [info] 1120000 / 2126037 (52.68 %) Events processed ...
[2025-07-20 18:23:35.178] [main] [info] 1130000 / 2126037 (53.15 %) Events processed ...
[2025-07-20 18:23:35.417] [main] [info] 1140000 / 2126037 (53.62 %) Events processed ...
[2025-07-20 18:23:35.672] [main] [info] 1150000 / 2126037 (54.09 %) Events processed ...
[2025-07-20 18:23:37.510] [main] [info] 1160000 / 2126037 (54.56 %) Events processed ...
[2025-07-20 18:23:37.778] [main] [info] 1170000 / 2126037 (55.03 %) Events processed ...
[2025-07-20 18:23:38.064] [main] [info] 1180000 / 2126037 (55.50 %) Events processed ...
[2025-07-20 18:23:38.497] [main] [info] 1190000 / 2126037 (55.97 %) Events processed ...
[2025-07-20 18:23:38.770] [main] [info] 1200000 / 2126037 (56.44 %) Events processed ...
[2025-07-20 18:23:39.041] [main] [info] 1210000 / 2126037 (56.91 %) Events processed ...
[2025-07-20 18:23:39.467] [main] [info] 1220000 / 2126037 (57.38 %) Events processed ...
[2025-07-20 18:23:39.741] [main] [info] 1230000 / 2126037 (57.85 %) Events processed ...
[2025-07-20 18:23:41.407] [main] [info] 1240000 / 2126037 (58.32 %) Events processed ...
[2025-07-20 18:23:41.820] [main] [info] 1250000 / 2126037 (58.79 %) Events processed ...
[2025-07-20 18:23:42.078] [main] [info] 1260000 / 2126037 (59.27 %) Events processed ...
[2025-07-20 18:23:42.330] [main] [info] 1270000 / 2126037 (59.74 %) Events processed ...
[2025-07-20 18:23:42.625] [main] [info] 1280000 / 2126037 (60.21 %) Events processed ...
[2025-07-20 18:23:43.024] [main] [info] 1290000 / 2126037 (60.68 %) Events processed ...
[2025-07-20 18:23:43.276] [main] [info] 1300000 / 2126037 (61.15 %) Events processed ...
[2025-07-20 18:23:43.565] [main] [info] 1310000 / 2126037 (61.62 %) Events processed ...
[2025-07-20 18:23:45.078] [main] [info] 1320000 / 2126037 (62.09 %) Events processed ...
[2025-07-20 18:23:45.392] [main] [info] 1330000 / 2126037 (62.56 %) Events processed ...
[2025-07-20 18:23:45.700] [main] [info] 1340000 / 2126037 (63.03 %) Events processed ...
[2025-07-20 18:23:46.142] [main] [info] 1350000 / 2126037 (63.50 %) Events processed ...
[2025-07-20 18:23:46.421] [main] [info] 1360000 / 2126037 (63.97 %) Events processed ...
[2025-07-20 18:23:46.708] [main] [info] 1370000 / 2126037 (64.44 %) Events processed ...
[2025-07-20 18:23:47.144] [main] [info] 1380000 / 2126037 (64.91 %) Events processed ...
[2025-07-20 18:23:48.504] [main] [info] 1390000 / 2126037 (65.38 %) Events processed ...
[2025-07-20 18:23:48.769] [main] [info] 1400000 / 2126037 (65.85 %) Events processed ...
[2025-07-20 18:23:49.194] [main] [info] 1410000 / 2126037 (66.32 %) Events processed ...
[2025-07-20 18:23:49.453] [main] [info] 1420000 / 2126037 (66.79 %) Events processed ...
[2025-07-20 18:23:49.716] [main] [info] 1430000 / 2126037 (67.26 %) Events processed ...
[2025-07-20 18:23:50.006] [main] [info] 1440000 / 2126037 (67.73 %) Events processed ...
[2025-07-20 18:23:50.407] [main] [info] 1450000 / 2126037 (68.20 %) Events processed ...
[2025-07-20 18:23:50.679] [main] [info] 1460000 / 2126037 (68.67 %) Events processed ...
[2025-07-20 18:23:55.159] [main] [info] 1470000 / 2126037 (69.14 %) Events processed ...
[2025-07-20 18:23:55.413] [main] [info] 1480000 / 2126037 (69.61 %) Events processed ...
[2025-07-20 18:23:55.576] [main] [info] 1490000 / 2126037 (70.08 %) Events processed ...
[2025-07-20 18:23:55.744] [main] [info] 1500000 / 2126037 (70.55 %) Events processed ...
[2025-07-20 18:23:56.001] [main] [info] 1510000 / 2126037 (71.02 %) Events processed ...
[2025-07-20 18:23:56.163] [main] [info] 1520000 / 2126037 (71.49 %) Events processed ...
[2025-07-20 18:23:56.324] [main] [info] 1530000 / 2126037 (71.96 %) Events processed ...
[2025-07-20 18:23:58.363] [main] [info] 1540000 / 2126037 (72.44 %) Events processed ...
[2025-07-20 18:23:58.631] [main] [info] 1550000 / 2126037 (72.91 %) Events processed ...
[2025-07-20 18:23:58.898] [main] [info] 1560000 / 2126037 (73.38 %) Events processed ...
[2025-07-20 18:23:59.320] [main] [info] 1570000 / 2126037 (73.85 %) Events processed ...
[2025-07-20 18:23:59.581] [main] [info] 1580000 / 2126037 (74.32 %) Events processed ...
[2025-07-20 18:23:59.847] [main] [info] 1590000 / 2126037 (74.79 %) Events processed ...
[2025-07-20 18:24:00.223] [main] [info] 1600000 / 2126037 (75.26 %) Events processed ...
[2025-07-20 18:24:00.682] [main] [info] 1610000 / 2126037 (75.73 %) Events processed ...
[2025-07-20 18:24:02.287] [main] [info] 1620000 / 2126037 (76.20 %) Events processed ...
[2025-07-20 18:24:02.576] [main] [info] 1630000 / 2126037 (76.67 %) Events processed ...
[2025-07-20 18:24:02.975] [main] [info] 1640000 / 2126037 (77.14 %) Events processed ...
[2025-07-20 18:24:03.248] [main] [info] 1650000 / 2126037 (77.61 %) Events processed ...
[2025-07-20 18:24:03.529] [main] [info] 1660000 / 2126037 (78.08 %) Events processed ...
[2025-07-20 18:24:03.915] [main] [info] 1670000 / 2126037 (78.55 %) Events processed ...
[2025-07-20 18:24:04.176] [main] [info] 1680000 / 2126037 (79.02 %) Events processed ...
[2025-07-20 18:24:04.430] [main] [info] 1690000 / 2126037 (79.49 %) Events processed ...
[2025-07-20 18:24:06.064] [main] [info] 1700000 / 2126037 (79.96 %) Events processed ...
[2025-07-20 18:24:06.327] [main] [info] 1710000 / 2126037 (80.43 %) Events processed ...
[2025-07-20 18:24:06.592] [main] [info] 1720000 / 2126037 (80.90 %) Events processed ...
[2025-07-20 18:24:07.020] [main] [info] 1730000 / 2126037 (81.37 %) Events processed ...
[2025-07-20 18:24:07.281] [main] [info] 1740000 / 2126037 (81.84 %) Events processed ...
[2025-07-20 18:24:07.549] [main] [info] 1750000 / 2126037 (82.31 %) Events processed ...
[2025-07-20 18:24:07.834] [main] [info] 1760000 / 2126037 (82.78 %) Events processed ...
[2025-07-20 18:24:09.247] [main] [info] 1770000 / 2126037 (83.25 %) Events processed ...
[2025-07-20 18:24:09.499] [main] [info] 1780000 / 2126037 (83.72 %) Events processed ...
[2025-07-20 18:24:09.782] [main] [info] 1790000 / 2126037 (84.19 %) Events processed ...
[2025-07-20 18:24:10.180] [main] [info] 1800000 / 2126037 (84.66 %) Events processed ...
[2025-07-20 18:24:10.424] [main] [info] 1810000 / 2126037 (85.13 %) Events processed ...
[2025-07-20 18:24:10.666] [main] [info] 1820000 / 2126037 (85.61 %) Events processed ...
[2025-07-20 18:24:11.072] [main] [info] 1830000 / 2126037 (86.08 %) Events processed ...
[2025-07-20 18:24:11.342] [main] [info] 1840000 / 2126037 (86.55 %) Events processed ...
[2025-07-20 18:24:15.125] [main] [info] 1850000 / 2126037 (87.02 %) Events processed ...
[2025-07-20 18:24:15.462] [main] [info] 1860000 / 2126037 (87.49 %) Events processed ...
[2025-07-20 18:24:15.797] [main] [info] 1870000 / 2126037 (87.96 %) Events processed ...
[2025-07-20 18:24:16.056] [main] [info] 1880000 / 2126037 (88.43 %) Events processed ...
[2025-07-20 18:24:16.471] [main] [info] 1890000 / 2126037 (88.90 %) Events processed ...
[2025-07-20 18:24:16.734] [main] [info] 1900000 / 2126037 (89.37 %) Events processed ...
[2025-07-20 18:24:17.002] [main] [info] 1910000 / 2126037 (89.84 %) Events processed ...
[2025-07-20 18:24:17.289] [main] [info] 1920000 / 2126037 (90.31 %) Events processed ...
[2025-07-20 18:24:19.750] [main] [info] 1930000 / 2126037 (90.78 %) Events processed ...
[2025-07-20 18:24:19.908] [main] [info] 1940000 / 2126037 (91.25 %) Events processed ...
[2025-07-20 18:24:20.083] [main] [info] 1950000 / 2126037 (91.72 %) Events processed ...
[2025-07-20 18:24:20.330] [main] [info] 1960000 / 2126037 (92.19 %) Events processed ...
[2025-07-20 18:24:20.487] [main] [info] 1970000 / 2126037 (92.66 %) Events processed ...
[2025-07-20 18:24:20.658] [main] [info] 1980000 / 2126037 (93.13 %) Events processed ...
[2025-07-20 18:24:20.911] [main] [info] 1990000 / 2126037 (93.60 %) Events processed ...
[2025-07-20 18:24:23.137] [main] [info] 2000000 / 2126037 (94.07 %) Events processed ...
[2025-07-20 18:24:23.358] [main] [info] 2010000 / 2126037 (94.54 %) Events processed ...
[2025-07-20 18:24:23.679] [main] [info] 2020000 / 2126037 (95.01 %) Events processed ...
[2025-07-20 18:24:23.878] [main] [info] 2030000 / 2126037 (95.48 %) Events processed ...
[2025-07-20 18:24:24.076] [main] [info] 2040000 / 2126037 (95.95 %) Events processed ...
[2025-07-20 18:24:24.398] [main] [info] 2050000 / 2126037 (96.42 %) Events processed ...
[2025-07-20 18:24:24.588] [main] [info] 2060000 / 2126037 (96.89 %) Events processed ...
[2025-07-20 18:24:24.781] [main] [info] 2070000 / 2126037 (97.36 %) Events processed ...
[2025-07-20 18:24:26.090] [main] [info] 2080000 / 2126037 (97.83 %) Events processed ...
[2025-07-20 18:24:26.394] [main] [info] 2090000 / 2126037 (98.30 %) Events processed ...
[2025-07-20 18:24:26.577] [main] [info] 2100000 / 2126037 (98.78 %) Events processed ...
[2025-07-20 18:24:26.752] [main] [info] 2110000 / 2126037 (99.25 %) Events processed ...
[2025-07-20 18:24:27.004] [main] [info] 2120000 / 2126037 (99.72 %) Events processed ...
[2025-07-20 18:24:27.198] [main] [info] vbfhmm:
GoldenJSONFilter: pass=2123877    all=2126037    -- eff=99.90 % cumulative eff=99.90 %
Flag_goodVertices: pass=2120704    all=2123877    -- eff=99.85 % cumulative eff=99.75 %
Flag_globalSuperTightHalo2016Filter: pass=2120084    all=2120704    -- eff=99.97 % cumulative eff=99.72 %
Flag_EcalDeadCellTriggerPrimitiveFilter: pass=2120008    all=2120084    -- eff=100.00 % cumulative eff=99.72 %
Flag_BadPFMuonFilter: pass=2118680    all=2120008    -- eff=99.94 % cumulative eff=99.65 %
Flag_BadPFMuonDzFilter: pass=2118167    all=2118680    -- eff=99.98 % cumulative eff=99.63 %
Flag_eeBadScFilter: pass=2118167    all=2118167    -- eff=100.00 % cumulative eff=99.63 %
Flag_ecalBadCalibFilter: pass=2118017    all=2118167    -- eff=99.99 % cumulative eff=99.62 %
Flag_hfNoisyHitsFilter: pass=2114033    all=2118017    -- eff=99.81 % cumulative eff=99.44 %
Number of muons 2: pass=70994      all=2114033    -- eff=3.36 % cumulative eff=3.34 %
DiMuon From Higgs: pass=63521      all=70994      -- eff=89.47 % cumulative eff=2.99 %
LeptonChargeSum: pass=63489      all=63521      -- eff=99.95 % cumulative eff=2.99 %
[2025-07-20 18:24:27.321] [main] [info] Writing quantities map to /eos/user/j/jiahua/MC_2023_inc/Muon1_Run2023C-24Jan2024_v4-v2/16e9f46c-34d4-41a9-8777-e97fa972d692_vbfhmm.root
[2025-07-20 18:24:27.451] [main] [info] Finished Evaluation
[2025-07-20 18:24:27.451] [main] [info] Overall runtime (real time: 127.49, CPU time: 69.67)
