Starting job on \n
Running on: Linux b9p29p6166.cern.ch 5.14.0-570.17.1.el9_6.x86_64 #1 SMP PREEMPT_DYNAMIC Tue May 13 06:41:18 EDT 2025 x86_64 x86_64 x86_64 GNU/Linux\n
System software: Red Hat Enterprise Linux release 9.6 (Plow)\n
Setting up CROWN for RedHatEnterprise Version 9.6
/eos/user/j/jiahua/MC_2023_inc/Muon0_Run2023C-24Jan2024_v4-v1/73260adb-13e5-4c44-aeb6-7b18df7d8939.root
[2025-07-20 18:22:47.555] [main] [info] Checking input files
[2025-07-20 18:22:51.226] [main] [info] NanoAOD input_file 1: root://cms-xrd-global.cern.ch//store/data/Run2023C/Muon0/NANOAOD/24Jan2024_v4-v1/2820000/73260adb-13e5-4c44-aeb6-7b18df7d8939.root - 996823 Events
[2025-07-20 18:22:51.226] [main] [info] input_file 1: root://cms-xrd-global.cern.ch//store/data/Run2023C/Muon0/NANOAOD/24Jan2024_v4-v1/2820000/73260adb-13e5-4c44-aeb6-7b18df7d8939.root - SumOfGenWeight: 3.21973886e-315 
[2025-07-20 18:22:51.226] [main] [info] Output directory: /eos/user/j/jiahua/MC_2023_inc/Muon0_Run2023C-24Jan2024_v4-v1/73260adb-13e5-4c44-aeb6-7b18df7d8939.root
[2025-07-20 18:22:51.227] [main] [info] Starting Setup of Dataframe with 996823 events
[2025-07-20 18:22:54.098] [main] [info] Finished Setup
[2025-07-20 18:22:54.098] [main] [info] Runtime for setup (real time: 2.87, CPU time: 2.25)
[2025-07-20 18:22:54.098] [main] [info] Starting Evaluation
[2025-07-20 18:22:59.931] [main] [info] 10000 / 996823 (1.00 %) Events processed ...
[2025-07-20 18:23:00.097] [main] [info] 20000 / 996823 (2.01 %) Events processed ...
[2025-07-20 18:23:00.267] [main] [info] 30000 / 996823 (3.01 %) Events processed ...
[2025-07-20 18:23:00.456] [main] [info] 40000 / 996823 (4.01 %) Events processed ...
[2025-07-20 18:23:00.720] [main] [info] 50000 / 996823 (5.02 %) Events processed ...
[2025-07-20 18:23:00.902] [main] [info] 60000 / 996823 (6.02 %) Events processed ...
[2025-07-20 18:23:01.085] [main] [info] 70000 / 996823 (7.02 %) Events processed ...
[2025-07-20 18:23:01.273] [main] [info] 80000 / 996823 (8.03 %) Events processed ...
[2025-07-20 18:23:01.606] [main] [info] 90000 / 996823 (9.03 %) Events processed ...
[2025-07-20 18:23:01.886] [main] [info] 100000 / 996823 (10.03 %) Events processed ...
[2025-07-20 18:23:02.072] [main] [info] 110000 / 996823 (11.04 %) Events processed ...
[2025-07-20 18:23:02.232] [main] [info] 120000 / 996823 (12.04 %) Events processed ...
[2025-07-20 18:23:02.371] [main] [info] 130000 / 996823 (13.04 %) Events processed ...
[2025-07-20 18:23:02.533] [main] [info] 140000 / 996823 (14.04 %) Events processed ...
[2025-07-20 18:23:02.731] [main] [info] 150000 / 996823 (15.05 %) Events processed ...
[2025-07-20 18:23:02.864] [main] [info] 160000 / 996823 (16.05 %) Events processed ...
[2025-07-20 18:23:03.099] [main] [info] 170000 / 996823 (17.05 %) Events processed ...
[2025-07-20 18:23:03.240] [main] [info] 180000 / 996823 (18.06 %) Events processed ...
[2025-07-20 18:23:03.395] [main] [info] 190000 / 996823 (19.06 %) Events processed ...
[2025-07-20 18:23:03.588] [main] [info] 200000 / 996823 (20.06 %) Events processed ...
[2025-07-20 18:23:03.721] [main] [info] 210000 / 996823 (21.07 %) Events processed ...
[2025-07-20 18:23:03.854] [main] [info] 220000 / 996823 (22.07 %) Events processed ...
[2025-07-20 18:23:03.994] [main] [info] 230000 / 996823 (23.07 %) Events processed ...
[2025-07-20 18:23:04.094] [main] [info] 240000 / 996823 (24.08 %) Events processed ...
[2025-07-20 18:23:04.191] [main] [info] 250000 / 996823 (25.08 %) Events processed ...
[2025-07-20 18:23:04.197] [main] [info] 260000 / 996823 (26.08 %) Events processed ...
[2025-07-20 18:23:04.453] [main] [info] 270000 / 996823 (27.09 %) Events processed ...
[2025-07-20 18:23:04.642] [main] [info] 280000 / 996823 (28.09 %) Events processed ...
[2025-07-20 18:23:04.948] [main] [info] 290000 / 996823 (29.09 %) Events processed ...
[2025-07-20 18:23:05.137] [main] [info] 300000 / 996823 (30.10 %) Events processed ...
[2025-07-20 18:23:05.330] [main] [info] 310000 / 996823 (31.10 %) Events processed ...
[2025-07-20 18:23:05.521] [main] [info] 320000 / 996823 (32.10 %) Events processed ...
[2025-07-20 18:23:05.728] [main] [info] 330000 / 996823 (33.11 %) Events processed ...
[2025-07-20 18:23:06.094] [main] [info] 340000 / 996823 (34.11 %) Events processed ...
[2025-07-20 18:23:06.257] [main] [info] 350000 / 996823 (35.11 %) Events processed ...
[2025-07-20 18:23:06.428] [main] [info] 360000 / 996823 (36.11 %) Events processed ...
[2025-07-20 18:23:06.606] [main] [info] 370000 / 996823 (37.12 %) Events processed ...
[2025-07-20 18:23:06.866] [main] [info] 380000 / 996823 (38.12 %) Events processed ...
[2025-07-20 18:23:07.038] [main] [info] 390000 / 996823 (39.12 %) Events processed ...
[2025-07-20 18:23:07.207] [main] [info] 400000 / 996823 (40.13 %) Events processed ...
[2025-07-20 18:23:07.380] [main] [info] 410000 / 996823 (41.13 %) Events processed ...
[2025-07-20 18:23:07.710] [main] [info] 420000 / 996823 (42.13 %) Events processed ...
[2025-07-20 18:23:07.964] [main] [info] 430000 / 996823 (43.14 %) Events processed ...
[2025-07-20 18:23:08.104] [main] [info] 440000 / 996823 (44.14 %) Events processed ...
[2025-07-20 18:23:08.253] [main] [info] 450000 / 996823 (45.14 %) Events processed ...
[2025-07-20 18:23:08.382] [main] [info] 460000 / 996823 (46.15 %) Events processed ...
[2025-07-20 18:23:08.497] [main] [info] 470000 / 996823 (47.15 %) Events processed ...
[2025-07-20 18:23:08.500] [main] [info] 480000 / 996823 (48.15 %) Events processed ...
[2025-07-20 18:23:08.503] [main] [info] 490000 / 996823 (49.16 %) Events processed ...
[2025-07-20 18:23:08.707] [main] [info] 500000 / 996823 (50.16 %) Events processed ...
[2025-07-20 18:23:08.834] [main] [info] 510000 / 996823 (51.16 %) Events processed ...
[2025-07-20 18:23:08.979] [main] [info] 520000 / 996823 (52.17 %) Events processed ...
[2025-07-20 18:23:09.176] [main] [info] 530000 / 996823 (53.17 %) Events processed ...
[2025-07-20 18:23:09.305] [main] [info] 540000 / 996823 (54.17 %) Events processed ...
[2025-07-20 18:23:09.434] [main] [info] 550000 / 996823 (55.18 %) Events processed ...
[2025-07-20 18:23:09.583] [main] [info] 560000 / 996823 (56.18 %) Events processed ...
[2025-07-20 18:23:09.779] [main] [info] 570000 / 996823 (57.18 %) Events processed ...
[2025-07-20 18:23:10.114] [main] [info] 580000 / 996823 (58.18 %) Events processed ...
[2025-07-20 18:23:10.282] [main] [info] 590000 / 996823 (59.19 %) Events processed ...
[2025-07-20 18:23:10.449] [main] [info] 600000 / 996823 (60.19 %) Events processed ...
[2025-07-20 18:23:10.643] [main] [info] 610000 / 996823 (61.19 %) Events processed ...
[2025-07-20 18:23:10.877] [main] [info] 620000 / 996823 (62.20 %) Events processed ...
[2025-07-20 18:23:11.058] [main] [info] 630000 / 996823 (63.20 %) Events processed ...
[2025-07-20 18:23:11.191] [main] [info] 640000 / 996823 (64.20 %) Events processed ...
[2025-07-20 18:23:11.325] [main] [info] 650000 / 996823 (65.21 %) Events processed ...
[2025-07-20 18:23:11.475] [main] [info] 660000 / 996823 (66.21 %) Events processed ...
[2025-07-20 18:23:11.863] [main] [info] 670000 / 996823 (67.21 %) Events processed ...
[2025-07-20 18:23:12.032] [main] [info] 680000 / 996823 (68.22 %) Events processed ...
[2025-07-20 18:23:12.195] [main] [info] 690000 / 996823 (69.22 %) Events processed ...
[2025-07-20 18:23:12.375] [main] [info] 700000 / 996823 (70.22 %) Events processed ...
[2025-07-20 18:23:12.554] [main] [info] 710000 / 996823 (71.23 %) Events processed ...
[2025-07-20 18:23:12.764] [main] [info] 720000 / 996823 (72.23 %) Events processed ...
[2025-07-20 18:23:12.928] [main] [info] 730000 / 996823 (73.23 %) Events processed ...
[2025-07-20 18:23:13.071] [main] [info] 740000 / 996823 (74.24 %) Events processed ...
[2025-07-20 18:23:13.078] [main] [info] 750000 / 996823 (75.24 %) Events processed ...
[2025-07-20 18:23:13.197] [main] [info] 760000 / 996823 (76.24 %) Events processed ...
[2025-07-20 18:23:13.370] [main] [info] 770000 / 996823 (77.25 %) Events processed ...
[2025-07-20 18:23:13.541] [main] [info] 780000 / 996823 (78.25 %) Events processed ...
[2025-07-20 18:23:13.711] [main] [info] 790000 / 996823 (79.25 %) Events processed ...
[2025-07-20 18:23:13.897] [main] [info] 800000 / 996823 (80.25 %) Events processed ...
[2025-07-20 18:23:14.145] [main] [info] 810000 / 996823 (81.26 %) Events processed ...
[2025-07-20 18:23:14.448] [main] [info] 820000 / 996823 (82.26 %) Events processed ...
[2025-07-20 18:23:14.622] [main] [info] 830000 / 996823 (83.26 %) Events processed ...
[2025-07-20 18:23:14.797] [main] [info] 840000 / 996823 (84.27 %) Events processed ...
[2025-07-20 18:23:14.985] [main] [info] 850000 / 996823 (85.27 %) Events processed ...
[2025-07-20 18:23:15.237] [main] [info] 860000 / 996823 (86.27 %) Events processed ...
[2025-07-20 18:23:15.477] [main] [info] 870000 / 996823 (87.28 %) Events processed ...
[2025-07-20 18:23:15.636] [main] [info] 880000 / 996823 (88.28 %) Events processed ...
[2025-07-20 18:23:15.769] [main] [info] 890000 / 996823 (89.28 %) Events processed ...
[2025-07-20 18:23:15.921] [main] [info] 900000 / 996823 (90.29 %) Events processed ...
[2025-07-20 18:23:16.266] [main] [info] 910000 / 996823 (91.29 %) Events processed ...
[2025-07-20 18:23:16.410] [main] [info] 920000 / 996823 (92.29 %) Events processed ...
[2025-07-20 18:23:16.554] [main] [info] 930000 / 996823 (93.30 %) Events processed ...
[2025-07-20 18:23:16.706] [main] [info] 940000 / 996823 (94.30 %) Events processed ...
[2025-07-20 18:23:16.916] [main] [info] 950000 / 996823 (95.30 %) Events processed ...
[2025-07-20 18:23:17.051] [main] [info] 960000 / 996823 (96.31 %) Events processed ...
[2025-07-20 18:23:17.193] [main] [info] 970000 / 996823 (97.31 %) Events processed ...
[2025-07-20 18:23:17.401] [main] [info] 980000 / 996823 (98.31 %) Events processed ...
[2025-07-20 18:23:17.603] [main] [info] 990000 / 996823 (99.32 %) Events processed ...
[2025-07-20 18:23:17.835] [main] [info] vbfhmm:
GoldenJSONFilter: pass=914249     all=996823     -- eff=91.72 % cumulative eff=91.72 %
Flag_goodVertices: pass=912170     all=914249     -- eff=99.77 % cumulative eff=91.51 %
Flag_globalSuperTightHalo2016Filter: pass=911883     all=912170     -- eff=99.97 % cumulative eff=91.48 %
Flag_EcalDeadCellTriggerPrimitiveFilter: pass=911854     all=911883     -- eff=100.00 % cumulative eff=91.48 %
Flag_BadPFMuonFilter: pass=911400     all=911854     -- eff=99.95 % cumulative eff=91.43 %
Flag_BadPFMuonDzFilter: pass=911254     all=911400     -- eff=99.98 % cumulative eff=91.42 %
Flag_eeBadScFilter: pass=911254     all=911254     -- eff=100.00 % cumulative eff=91.42 %
Flag_ecalBadCalibFilter: pass=911185     all=911254     -- eff=99.99 % cumulative eff=91.41 %
Flag_hfNoisyHitsFilter: pass=909626     all=911185     -- eff=99.83 % cumulative eff=91.25 %
Number of muons 2: pass=31436      all=909626     -- eff=3.46 % cumulative eff=3.15 %
DiMuon From Higgs: pass=28157      all=31436      -- eff=89.57 % cumulative eff=2.82 %
LeptonChargeSum: pass=28148      all=28157      -- eff=99.97 % cumulative eff=2.82 %
[2025-07-20 18:23:18.002] [main] [info] Writing quantities map to /eos/user/j/jiahua/MC_2023_inc/Muon0_Run2023C-24Jan2024_v4-v1/73260adb-13e5-4c44-aeb6-7b18df7d8939_vbfhmm.root
[2025-07-20 18:23:18.137] [main] [info] Finished Evaluation
[2025-07-20 18:23:18.137] [main] [info] Overall runtime (real time: 26.91, CPU time: 23.89)
