Starting job on \n
Running on: Linux b9p22p5915.cern.ch 5.14.0-570.17.1.el9_6.x86_64 #1 SMP PREEMPT_DYNAMIC Tue May 13 06:41:18 EDT 2025 x86_64 x86_64 x86_64 GNU/Linux\n
System software: Red Hat Enterprise Linux release 9.6 (Plow)\n
Setting up CROWN for RedHatEnterprise Version 9.6
/eos/user/j/jiahua/MC_2023_inc/Muon1_Run2023C-24Jan2024_v4-v2/960d366f-76ac-41aa-be8e-65ec9ebb762d.root
[2025-07-20 18:22:15.356] [main] [info] Checking input files
[2025-07-20 18:22:21.254] [main] [info] NanoAOD input_file 1: root://cms-xrd-global.cern.ch//store/data/Run2023C/Muon1/NANOAOD/24Jan2024_v4-v2/2830000/960d366f-76ac-41aa-be8e-65ec9ebb762d.root - 1994669 Events
[2025-07-20 18:22:21.255] [main] [info] input_file 1: root://cms-xrd-global.cern.ch//store/data/Run2023C/Muon1/NANOAOD/24Jan2024_v4-v2/2830000/960d366f-76ac-41aa-be8e-65ec9ebb762d.root - SumOfGenWeight: 1.122622285e-315 
[2025-07-20 18:22:21.255] [main] [info] Output directory: /eos/user/j/jiahua/MC_2023_inc/Muon1_Run2023C-24Jan2024_v4-v2/960d366f-76ac-41aa-be8e-65ec9ebb762d.root
[2025-07-20 18:22:21.257] [main] [info] Starting Setup of Dataframe with 1994669 events
[2025-07-20 18:22:26.649] [main] [info] Finished Setup
[2025-07-20 18:22:26.649] [main] [info] Runtime for setup (real time: 5.39, CPU time: 4.61)
[2025-07-20 18:22:26.649] [main] [info] Starting Evaluation
[2025-07-20 18:22:33.478] [main] [info] 10000 / 1994669 (0.50 %) Events processed ...
[2025-07-20 18:22:33.603] [main] [info] 20000 / 1994669 (1.00 %) Events processed ...
[2025-07-20 18:22:33.738] [main] [info] 30000 / 1994669 (1.50 %) Events processed ...
[2025-07-20 18:22:33.930] [main] [info] 40000 / 1994669 (2.01 %) Events processed ...
[2025-07-20 18:22:34.056] [main] [info] 50000 / 1994669 (2.51 %) Events processed ...
[2025-07-20 18:22:34.212] [main] [info] 60000 / 1994669 (3.01 %) Events processed ...
[2025-07-20 18:22:34.422] [main] [info] 70000 / 1994669 (3.51 %) Events processed ...
[2025-07-20 18:22:35.286] [main] [info] 80000 / 1994669 (4.01 %) Events processed ...
[2025-07-20 18:22:35.467] [main] [info] 90000 / 1994669 (4.51 %) Events processed ...
[2025-07-20 18:22:35.725] [main] [info] 100000 / 1994669 (5.01 %) Events processed ...
[2025-07-20 18:22:35.890] [main] [info] 110000 / 1994669 (5.51 %) Events processed ...
[2025-07-20 18:22:36.077] [main] [info] 120000 / 1994669 (6.02 %) Events processed ...
[2025-07-20 18:22:36.329] [main] [info] 130000 / 1994669 (6.52 %) Events processed ...
[2025-07-20 18:22:36.508] [main] [info] 140000 / 1994669 (7.02 %) Events processed ...
[2025-07-20 18:22:37.234] [main] [info] 150000 / 1994669 (7.52 %) Events processed ...
[2025-07-20 18:22:37.435] [main] [info] 160000 / 1994669 (8.02 %) Events processed ...
[2025-07-20 18:22:37.560] [main] [info] 170000 / 1994669 (8.52 %) Events processed ...
[2025-07-20 18:22:37.689] [main] [info] 180000 / 1994669 (9.02 %) Events processed ...
[2025-07-20 18:22:37.891] [main] [info] 190000 / 1994669 (9.53 %) Events processed ...
[2025-07-20 18:22:38.019] [main] [info] 200000 / 1994669 (10.03 %) Events processed ...
[2025-07-20 18:22:38.144] [main] [info] 210000 / 1994669 (10.53 %) Events processed ...
[2025-07-20 18:22:38.736] [main] [info] 220000 / 1994669 (11.03 %) Events processed ...
[2025-07-20 18:22:38.864] [main] [info] 230000 / 1994669 (11.53 %) Events processed ...
[2025-07-20 18:22:38.991] [main] [info] 240000 / 1994669 (12.03 %) Events processed ...
[2025-07-20 18:22:39.194] [main] [info] 250000 / 1994669 (12.53 %) Events processed ...
[2025-07-20 18:22:39.319] [main] [info] 260000 / 1994669 (13.03 %) Events processed ...
[2025-07-20 18:22:39.460] [main] [info] 270000 / 1994669 (13.54 %) Events processed ...
[2025-07-20 18:22:39.776] [main] [info] 280000 / 1994669 (14.04 %) Events processed ...
[2025-07-20 18:22:39.907] [main] [info] 290000 / 1994669 (14.54 %) Events processed ...
[2025-07-20 18:22:40.534] [main] [info] 300000 / 1994669 (15.04 %) Events processed ...
[2025-07-20 18:22:40.762] [main] [info] 310000 / 1994669 (15.54 %) Events processed ...
[2025-07-20 18:22:40.888] [main] [info] 320000 / 1994669 (16.04 %) Events processed ...
[2025-07-20 18:22:41.011] [main] [info] 330000 / 1994669 (16.54 %) Events processed ...
[2025-07-20 18:22:41.208] [main] [info] 340000 / 1994669 (17.05 %) Events processed ...
[2025-07-20 18:22:41.330] [main] [info] 350000 / 1994669 (17.55 %) Events processed ...
[2025-07-20 18:22:41.479] [main] [info] 360000 / 1994669 (18.05 %) Events processed ...
[2025-07-20 18:22:42.390] [main] [info] 370000 / 1994669 (18.55 %) Events processed ...
[2025-07-20 18:22:42.579] [main] [info] 380000 / 1994669 (19.05 %) Events processed ...
[2025-07-20 18:22:42.764] [main] [info] 390000 / 1994669 (19.55 %) Events processed ...
[2025-07-20 18:22:43.042] [main] [info] 400000 / 1994669 (20.05 %) Events processed ...
[2025-07-20 18:22:43.224] [main] [info] 410000 / 1994669 (20.55 %) Events processed ...
[2025-07-20 18:22:43.424] [main] [info] 420000 / 1994669 (21.06 %) Events processed ...
[2025-07-20 18:22:43.611] [main] [info] 430000 / 1994669 (21.56 %) Events processed ...
[2025-07-20 18:22:43.854] [main] [info] 440000 / 1994669 (22.06 %) Events processed ...
[2025-07-20 18:22:44.421] [main] [info] 450000 / 1994669 (22.56 %) Events processed ...
[2025-07-20 18:22:44.619] [main] [info] 460000 / 1994669 (23.06 %) Events processed ...
[2025-07-20 18:22:44.836] [main] [info] 470000 / 1994669 (23.56 %) Events processed ...
[2025-07-20 18:22:44.962] [main] [info] 480000 / 1994669 (24.06 %) Events processed ...
[2025-07-20 18:22:45.117] [main] [info] 490000 / 1994669 (24.57 %) Events processed ...
[2025-07-20 18:22:45.380] [main] [info] 500000 / 1994669 (25.07 %) Events processed ...
[2025-07-20 18:22:45.563] [main] [info] 510000 / 1994669 (25.57 %) Events processed ...
[2025-07-20 18:22:45.766] [main] [info] 520000 / 1994669 (26.07 %) Events processed ...
[2025-07-20 18:22:46.326] [main] [info] 530000 / 1994669 (26.57 %) Events processed ...
[2025-07-20 18:22:46.514] [main] [info] 540000 / 1994669 (27.07 %) Events processed ...
[2025-07-20 18:22:46.783] [main] [info] 550000 / 1994669 (27.57 %) Events processed ...
[2025-07-20 18:22:47.062] [main] [info] 560000 / 1994669 (28.07 %) Events processed ...
[2025-07-20 18:22:47.246] [main] [info] 570000 / 1994669 (28.58 %) Events processed ...
[2025-07-20 18:22:47.442] [main] [info] 580000 / 1994669 (29.08 %) Events processed ...
[2025-07-20 18:22:48.620] [main] [info] 590000 / 1994669 (29.58 %) Events processed ...
[2025-07-20 18:22:48.807] [main] [info] 600000 / 1994669 (30.08 %) Events processed ...
[2025-07-20 18:22:48.997] [main] [info] 610000 / 1994669 (30.58 %) Events processed ...
[2025-07-20 18:22:49.284] [main] [info] 620000 / 1994669 (31.08 %) Events processed ...
[2025-07-20 18:22:49.470] [main] [info] 630000 / 1994669 (31.58 %) Events processed ...
[2025-07-20 18:22:49.655] [main] [info] 640000 / 1994669 (32.09 %) Events processed ...
[2025-07-20 18:22:49.942] [main] [info] 650000 / 1994669 (32.59 %) Events processed ...
[2025-07-20 18:22:50.134] [main] [info] 660000 / 1994669 (33.09 %) Events processed ...
[2025-07-20 18:22:51.079] [main] [info] 670000 / 1994669 (33.59 %) Events processed ...
[2025-07-20 18:22:51.309] [main] [info] 680000 / 1994669 (34.09 %) Events processed ...
[2025-07-20 18:22:51.462] [main] [info] 690000 / 1994669 (34.59 %) Events processed ...
[2025-07-20 18:22:51.562] [main] [info] 700000 / 1994669 (35.09 %) Events processed ...
[2025-07-20 18:22:51.639] [main] [info] 710000 / 1994669 (35.59 %) Events processed ...
[2025-07-20 18:22:51.763] [main] [info] 720000 / 1994669 (36.10 %) Events processed ...
[2025-07-20 18:22:51.888] [main] [info] 730000 / 1994669 (36.60 %) Events processed ...
[2025-07-20 18:22:52.419] [main] [info] 740000 / 1994669 (37.10 %) Events processed ...
[2025-07-20 18:22:52.546] [main] [info] 750000 / 1994669 (37.60 %) Events processed ...
[2025-07-20 18:22:52.670] [main] [info] 760000 / 1994669 (38.10 %) Events processed ...
[2025-07-20 18:22:52.872] [main] [info] 770000 / 1994669 (38.60 %) Events processed ...
[2025-07-20 18:22:52.998] [main] [info] 780000 / 1994669 (39.10 %) Events processed ...
[2025-07-20 18:22:53.126] [main] [info] 790000 / 1994669 (39.61 %) Events processed ...
[2025-07-20 18:22:53.387] [main] [info] 800000 / 1994669 (40.11 %) Events processed ...
[2025-07-20 18:22:53.567] [main] [info] 810000 / 1994669 (40.61 %) Events processed ...
[2025-07-20 18:22:54.163] [main] [info] 820000 / 1994669 (41.11 %) Events processed ...
[2025-07-20 18:22:54.420] [main] [info] 830000 / 1994669 (41.61 %) Events processed ...
[2025-07-20 18:22:54.589] [main] [info] 840000 / 1994669 (42.11 %) Events processed ...
[2025-07-20 18:22:54.752] [main] [info] 850000 / 1994669 (42.61 %) Events processed ...
[2025-07-20 18:22:54.923] [main] [info] 860000 / 1994669 (43.11 %) Events processed ...
[2025-07-20 18:22:55.118] [main] [info] 870000 / 1994669 (43.62 %) Events processed ...
[2025-07-20 18:22:55.243] [main] [info] 880000 / 1994669 (44.12 %) Events processed ...
[2025-07-20 18:22:55.417] [main] [info] 890000 / 1994669 (44.62 %) Events processed ...
[2025-07-20 18:22:56.452] [main] [info] 900000 / 1994669 (45.12 %) Events processed ...
[2025-07-20 18:22:56.630] [main] [info] 910000 / 1994669 (45.62 %) Events processed ...
[2025-07-20 18:22:56.827] [main] [info] 920000 / 1994669 (46.12 %) Events processed ...
[2025-07-20 18:22:57.090] [main] [info] 930000 / 1994669 (46.62 %) Events processed ...
[2025-07-20 18:22:57.268] [main] [info] 940000 / 1994669 (47.13 %) Events processed ...
[2025-07-20 18:22:57.452] [main] [info] 950000 / 1994669 (47.63 %) Events processed ...
[2025-07-20 18:22:57.733] [main] [info] 960000 / 1994669 (48.13 %) Events processed ...
[2025-07-20 18:22:58.503] [main] [info] 970000 / 1994669 (48.63 %) Events processed ...
[2025-07-20 18:22:58.689] [main] [info] 980000 / 1994669 (49.13 %) Events processed ...
[2025-07-20 18:22:58.954] [main] [info] 990000 / 1994669 (49.63 %) Events processed ...
[2025-07-20 18:22:59.131] [main] [info] 1000000 / 1994669 (50.13 %) Events processed ...
[2025-07-20 18:22:59.316] [main] [info] 1010000 / 1994669 (50.63 %) Events processed ...
[2025-07-20 18:22:59.606] [main] [info] 1020000 / 1994669 (51.14 %) Events processed ...
[2025-07-20 18:22:59.789] [main] [info] 1030000 / 1994669 (51.64 %) Events processed ...
[2025-07-20 18:22:59.968] [main] [info] 1040000 / 1994669 (52.14 %) Events processed ...
[2025-07-20 18:23:00.574] [main] [info] 1050000 / 1994669 (52.64 %) Events processed ...
[2025-07-20 18:23:00.818] [main] [info] 1060000 / 1994669 (53.14 %) Events processed ...
[2025-07-20 18:23:00.972] [main] [info] 1070000 / 1994669 (53.64 %) Events processed ...
[2025-07-20 18:23:01.196] [main] [info] 1080000 / 1994669 (54.14 %) Events processed ...
[2025-07-20 18:23:01.379] [main] [info] 1090000 / 1994669 (54.65 %) Events processed ...
[2025-07-20 18:23:01.524] [main] [info] 1100000 / 1994669 (55.15 %) Events processed ...
[2025-07-20 18:23:01.719] [main] [info] 1110000 / 1994669 (55.65 %) Events processed ...
[2025-07-20 18:23:02.226] [main] [info] 1120000 / 1994669 (56.15 %) Events processed ...
[2025-07-20 18:23:02.374] [main] [info] 1130000 / 1994669 (56.65 %) Events processed ...
[2025-07-20 18:23:02.383] [main] [info] 1140000 / 1994669 (57.15 %) Events processed ...
[2025-07-20 18:23:02.631] [main] [info] 1150000 / 1994669 (57.65 %) Events processed ...
[2025-07-20 18:23:02.791] [main] [info] 1160000 / 1994669 (58.16 %) Events processed ...
[2025-07-20 18:23:03.049] [main] [info] 1170000 / 1994669 (58.66 %) Events processed ...
[2025-07-20 18:23:03.088] [main] [info] 1180000 / 1994669 (59.16 %) Events processed ...
[2025-07-20 18:23:03.347] [main] [info] 1190000 / 1994669 (59.66 %) Events processed ...
[2025-07-20 18:23:04.133] [main] [info] 1200000 / 1994669 (60.16 %) Events processed ...
[2025-07-20 18:23:04.319] [main] [info] 1210000 / 1994669 (60.66 %) Events processed ...
[2025-07-20 18:23:04.494] [main] [info] 1220000 / 1994669 (61.16 %) Events processed ...
[2025-07-20 18:23:04.762] [main] [info] 1230000 / 1994669 (61.66 %) Events processed ...
[2025-07-20 18:23:04.937] [main] [info] 1240000 / 1994669 (62.17 %) Events processed ...
[2025-07-20 18:23:05.116] [main] [info] 1250000 / 1994669 (62.67 %) Events processed ...
[2025-07-20 18:23:05.309] [main] [info] 1260000 / 1994669 (63.17 %) Events processed ...
[2025-07-20 18:23:06.065] [main] [info] 1270000 / 1994669 (63.67 %) Events processed ...
[2025-07-20 18:23:06.234] [main] [info] 1280000 / 1994669 (64.17 %) Events processed ...
[2025-07-20 18:23:06.420] [main] [info] 1290000 / 1994669 (64.67 %) Events processed ...
[2025-07-20 18:23:06.678] [main] [info] 1300000 / 1994669 (65.17 %) Events processed ...
[2025-07-20 18:23:06.842] [main] [info] 1310000 / 1994669 (65.68 %) Events processed ...
[2025-07-20 18:23:07.019] [main] [info] 1320000 / 1994669 (66.18 %) Events processed ...
[2025-07-20 18:23:07.276] [main] [info] 1330000 / 1994669 (66.68 %) Events processed ...
[2025-07-20 18:23:07.507] [main] [info] 1340000 / 1994669 (67.18 %) Events processed ...
[2025-07-20 18:23:08.083] [main] [info] 1350000 / 1994669 (67.68 %) Events processed ...
[2025-07-20 18:23:08.279] [main] [info] 1360000 / 1994669 (68.18 %) Events processed ...
[2025-07-20 18:23:08.406] [main] [info] 1370000 / 1994669 (68.68 %) Events processed ...
[2025-07-20 18:23:08.587] [main] [info] 1380000 / 1994669 (69.18 %) Events processed ...
[2025-07-20 18:23:08.835] [main] [info] 1390000 / 1994669 (69.69 %) Events processed ...
[2025-07-20 18:23:08.970] [main] [info] 1400000 / 1994669 (70.19 %) Events processed ...
[2025-07-20 18:23:09.109] [main] [info] 1410000 / 1994669 (70.69 %) Events processed ...
[2025-07-20 18:23:09.894] [main] [info] 1420000 / 1994669 (71.19 %) Events processed ...
[2025-07-20 18:23:10.074] [main] [info] 1430000 / 1994669 (71.69 %) Events processed ...
[2025-07-20 18:23:10.248] [main] [info] 1440000 / 1994669 (72.19 %) Events processed ...
[2025-07-20 18:23:10.513] [main] [info] 1450000 / 1994669 (72.69 %) Events processed ...
[2025-07-20 18:23:10.681] [main] [info] 1460000 / 1994669 (73.20 %) Events processed ...
[2025-07-20 18:23:10.853] [main] [info] 1470000 / 1994669 (73.70 %) Events processed ...
[2025-07-20 18:23:11.129] [main] [info] 1480000 / 1994669 (74.20 %) Events processed ...
[2025-07-20 18:23:11.298] [main] [info] 1490000 / 1994669 (74.70 %) Events processed ...
[2025-07-20 18:23:12.056] [main] [info] 1500000 / 1994669 (75.20 %) Events processed ...
[2025-07-20 18:23:12.319] [main] [info] 1510000 / 1994669 (75.70 %) Events processed ...
[2025-07-20 18:23:12.453] [main] [info] 1520000 / 1994669 (76.20 %) Events processed ...
[2025-07-20 18:23:12.582] [main] [info] 1530000 / 1994669 (76.70 %) Events processed ...
[2025-07-20 18:23:12.794] [main] [info] 1540000 / 1994669 (77.21 %) Events processed ...
[2025-07-20 18:23:12.921] [main] [info] 1550000 / 1994669 (77.71 %) Events processed ...
[2025-07-20 18:23:13.047] [main] [info] 1560000 / 1994669 (78.21 %) Events processed ...
[2025-07-20 18:23:13.780] [main] [info] 1570000 / 1994669 (78.71 %) Events processed ...
[2025-07-20 18:23:13.957] [main] [info] 1580000 / 1994669 (79.21 %) Events processed ...
[2025-07-20 18:23:14.147] [main] [info] 1590000 / 1994669 (79.71 %) Events processed ...
[2025-07-20 18:23:14.495] [main] [info] 1600000 / 1994669 (80.21 %) Events processed ...
[2025-07-20 18:23:14.638] [main] [info] 1610000 / 1994669 (80.72 %) Events processed ...
[2025-07-20 18:23:14.826] [main] [info] 1620000 / 1994669 (81.22 %) Events processed ...
[2025-07-20 18:23:15.114] [main] [info] 1630000 / 1994669 (81.72 %) Events processed ...
[2025-07-20 18:23:15.301] [main] [info] 1640000 / 1994669 (82.22 %) Events processed ...
[2025-07-20 18:23:15.945] [main] [info] 1650000 / 1994669 (82.72 %) Events processed ...
[2025-07-20 18:23:16.167] [main] [info] 1660000 / 1994669 (83.22 %) Events processed ...
[2025-07-20 18:23:16.433] [main] [info] 1670000 / 1994669 (83.72 %) Events processed ...
[2025-07-20 18:23:16.620] [main] [info] 1680000 / 1994669 (84.22 %) Events processed ...
[2025-07-20 18:23:16.815] [main] [info] 1690000 / 1994669 (84.73 %) Events processed ...
[2025-07-20 18:23:17.092] [main] [info] 1700000 / 1994669 (85.23 %) Events processed ...
[2025-07-20 18:23:17.270] [main] [info] 1710000 / 1994669 (85.73 %) Events processed ...
[2025-07-20 18:23:17.452] [main] [info] 1720000 / 1994669 (86.23 %) Events processed ...
[2025-07-20 18:23:18.074] [main] [info] 1730000 / 1994669 (86.73 %) Events processed ...
[2025-07-20 18:23:18.258] [main] [info] 1740000 / 1994669 (87.23 %) Events processed ...
[2025-07-20 18:23:18.449] [main] [info] 1750000 / 1994669 (87.73 %) Events processed ...
[2025-07-20 18:23:18.729] [main] [info] 1760000 / 1994669 (88.24 %) Events processed ...
[2025-07-20 18:23:18.911] [main] [info] 1770000 / 1994669 (88.74 %) Events processed ...
[2025-07-20 18:23:19.108] [main] [info] 1780000 / 1994669 (89.24 %) Events processed ...
[2025-07-20 18:23:19.381] [main] [info] 1790000 / 1994669 (89.74 %) Events processed ...
[2025-07-20 18:23:19.821] [main] [info] 1800000 / 1994669 (90.24 %) Events processed ...
[2025-07-20 18:23:19.998] [main] [info] 1810000 / 1994669 (90.74 %) Events processed ...
[2025-07-20 18:23:20.278] [main] [info] 1820000 / 1994669 (91.24 %) Events processed ...
[2025-07-20 18:23:20.444] [main] [info] 1830000 / 1994669 (91.74 %) Events processed ...
[2025-07-20 18:23:20.645] [main] [info] 1840000 / 1994669 (92.25 %) Events processed ...
[2025-07-20 18:23:20.989] [main] [info] 1850000 / 1994669 (92.75 %) Events processed ...
[2025-07-20 18:23:21.155] [main] [info] 1860000 / 1994669 (93.25 %) Events processed ...
[2025-07-20 18:23:21.329] [main] [info] 1870000 / 1994669 (93.75 %) Events processed ...
[2025-07-20 18:23:22.026] [main] [info] 1880000 / 1994669 (94.25 %) Events processed ...
[2025-07-20 18:23:22.188] [main] [info] 1890000 / 1994669 (94.75 %) Events processed ...
[2025-07-20 18:23:22.355] [main] [info] 1900000 / 1994669 (95.25 %) Events processed ...
[2025-07-20 18:23:22.611] [main] [info] 1910000 / 1994669 (95.76 %) Events processed ...
[2025-07-20 18:23:22.776] [main] [info] 1920000 / 1994669 (96.26 %) Events processed ...
[2025-07-20 18:23:22.939] [main] [info] 1930000 / 1994669 (96.76 %) Events processed ...
[2025-07-20 18:23:23.199] [main] [info] 1940000 / 1994669 (97.26 %) Events processed ...
[2025-07-20 18:23:23.551] [main] [info] 1950000 / 1994669 (97.76 %) Events processed ...
[2025-07-20 18:23:23.726] [main] [info] 1960000 / 1994669 (98.26 %) Events processed ...
[2025-07-20 18:23:24.001] [main] [info] 1970000 / 1994669 (98.76 %) Events processed ...
[2025-07-20 18:23:24.170] [main] [info] 1980000 / 1994669 (99.26 %) Events processed ...
[2025-07-20 18:23:24.339] [main] [info] 1990000 / 1994669 (99.77 %) Events processed ...
[2025-07-20 18:23:24.571] [main] [info] vbfhmm:
GoldenJSONFilter: pass=1943256    all=1994669    -- eff=97.42 % cumulative eff=97.42 %
Flag_goodVertices: pass=1939773    all=1943256    -- eff=99.82 % cumulative eff=97.25 %
Flag_globalSuperTightHalo2016Filter: pass=1939275    all=1939773    -- eff=99.97 % cumulative eff=97.22 %
Flag_EcalDeadCellTriggerPrimitiveFilter: pass=1939203    all=1939275    -- eff=100.00 % cumulative eff=97.22 %
Flag_BadPFMuonFilter: pass=1938197    all=1939203    -- eff=99.95 % cumulative eff=97.17 %
Flag_BadPFMuonDzFilter: pass=1937848    all=1938197    -- eff=99.98 % cumulative eff=97.15 %
Flag_eeBadScFilter: pass=1937848    all=1937848    -- eff=100.00 % cumulative eff=97.15 %
Flag_ecalBadCalibFilter: pass=1937721    all=1937848    -- eff=99.99 % cumulative eff=97.14 %
Flag_hfNoisyHitsFilter: pass=1934411    all=1937721    -- eff=99.83 % cumulative eff=96.98 %
Number of muons 2: pass=67820      all=1934411    -- eff=3.51 % cumulative eff=3.40 %
DiMuon From Higgs: pass=60864      all=67820      -- eff=89.74 % cumulative eff=3.05 %
LeptonChargeSum: pass=60845      all=60864      -- eff=99.97 % cumulative eff=3.05 %
[2025-07-20 18:23:24.772] [main] [info] Writing quantities map to /eos/user/j/jiahua/MC_2023_inc/Muon1_Run2023C-24Jan2024_v4-v2/960d366f-76ac-41aa-be8e-65ec9ebb762d_vbfhmm.root
[2025-07-20 18:23:25.120] [main] [info] Finished Evaluation
[2025-07-20 18:23:25.120] [main] [info] Overall runtime (real time: 63.87, CPU time: 48.37)
