Starting job on \n
Running on: Linux b9p13p8673.cern.ch 5.14.0-570.21.1.el9_6.x86_64 #1 SMP PREEMPT_DYNAMIC Tue Jun 3 12:46:50 EDT 2025 x86_64 x86_64 x86_64 GNU/Linux\n
System software: Red Hat Enterprise Linux release 9.6 (Plow)\n
Setting up CROWN for RedHatEnterprise Version 9.6
/eos/user/j/jiahua/MC_2023_inc/Muon0_Run2023C-24Jan2024_v1-v1/dc7de4ed-4ae3-4679-b087-fb1fea4e4561.root
[2025-07-20 18:21:43.775] [main] [info] Checking input files
[2025-07-20 18:21:50.996] [main] [info] NanoAOD input_file 1: root://cms-xrd-global.cern.ch//store/data/Run2023C/Muon0/NANOAOD/24Jan2024_v1-v1/2820000/dc7de4ed-4ae3-4679-b087-fb1fea4e4561.root - 2240306 Events
[2025-07-20 18:21:50.996] [main] [info] input_file 1: root://cms-xrd-global.cern.ch//store/data/Run2023C/Muon0/NANOAOD/24Jan2024_v1-v1/2820000/dc7de4ed-4ae3-4679-b087-fb1fea4e4561.root - SumOfGenWeight: 1.037879354e-315 
[2025-07-20 18:21:50.996] [main] [info] Output directory: /eos/user/j/jiahua/MC_2023_inc/Muon0_Run2023C-24Jan2024_v1-v1/dc7de4ed-4ae3-4679-b087-fb1fea4e4561.root
[2025-07-20 18:21:50.997] [main] [info] Starting Setup of Dataframe with 2240306 events
[2025-07-20 18:21:57.884] [main] [info] Finished Setup
[2025-07-20 18:21:57.884] [main] [info] Runtime for setup (real time: 6.89, CPU time: 4.29)
[2025-07-20 18:21:57.884] [main] [info] Starting Evaluation
[2025-07-20 18:22:10.098] [main] [info] 10000 / 2240306 (0.45 %) Events processed ...
[2025-07-20 18:22:10.388] [main] [info] 20000 / 2240306 (0.89 %) Events processed ...
[2025-07-20 18:22:10.678] [main] [info] 30000 / 2240306 (1.34 %) Events processed ...
[2025-07-20 18:22:10.982] [main] [info] 40000 / 2240306 (1.79 %) Events processed ...
[2025-07-20 18:22:11.400] [main] [info] 50000 / 2240306 (2.23 %) Events processed ...
[2025-07-20 18:22:11.519] [main] [info] 60000 / 2240306 (2.68 %) Events processed ...
[2025-07-20 18:22:11.918] [main] [info] 70000 / 2240306 (3.12 %) Events processed ...
[2025-07-20 18:22:12.198] [main] [info] 80000 / 2240306 (3.57 %) Events processed ...
[2025-07-20 18:22:13.426] [main] [info] 90000 / 2240306 (4.02 %) Events processed ...
[2025-07-20 18:22:13.864] [main] [info] 100000 / 2240306 (4.46 %) Events processed ...
[2025-07-20 18:22:14.154] [main] [info] 110000 / 2240306 (4.91 %) Events processed ...
[2025-07-20 18:22:14.445] [main] [info] 120000 / 2240306 (5.36 %) Events processed ...
[2025-07-20 18:22:14.744] [main] [info] 130000 / 2240306 (5.80 %) Events processed ...
[2025-07-20 18:22:15.064] [main] [info] 140000 / 2240306 (6.25 %) Events processed ...
[2025-07-20 18:22:15.518] [main] [info] 150000 / 2240306 (6.70 %) Events processed ...
[2025-07-20 18:22:15.812] [main] [info] 160000 / 2240306 (7.14 %) Events processed ...
[2025-07-20 18:22:17.008] [main] [info] 170000 / 2240306 (7.59 %) Events processed ...
[2025-07-20 18:22:17.279] [main] [info] 180000 / 2240306 (8.03 %) Events processed ...
[2025-07-20 18:22:17.605] [main] [info] 190000 / 2240306 (8.48 %) Events processed ...
[2025-07-20 18:22:18.046] [main] [info] 200000 / 2240306 (8.93 %) Events processed ...
[2025-07-20 18:22:18.353] [main] [info] 210000 / 2240306 (9.37 %) Events processed ...
[2025-07-20 18:22:18.648] [main] [info] 220000 / 2240306 (9.82 %) Events processed ...
[2025-07-20 18:22:18.921] [main] [info] 230000 / 2240306 (10.27 %) Events processed ...
[2025-07-20 18:22:19.221] [main] [info] 240000 / 2240306 (10.71 %) Events processed ...
[2025-07-20 18:22:20.495] [main] [info] 250000 / 2240306 (11.16 %) Events processed ...
[2025-07-20 18:22:20.823] [main] [info] 260000 / 2240306 (11.61 %) Events processed ...
[2025-07-20 18:22:21.115] [main] [info] 270000 / 2240306 (12.05 %) Events processed ...
[2025-07-20 18:22:21.406] [main] [info] 280000 / 2240306 (12.50 %) Events processed ...
[2025-07-20 18:22:21.700] [main] [info] 290000 / 2240306 (12.94 %) Events processed ...
[2025-07-20 18:22:22.156] [main] [info] 300000 / 2240306 (13.39 %) Events processed ...
[2025-07-20 18:22:22.422] [main] [info] 310000 / 2240306 (13.84 %) Events processed ...
[2025-07-20 18:22:22.699] [main] [info] 320000 / 2240306 (14.28 %) Events processed ...
[2025-07-20 18:22:22.979] [main] [info] 330000 / 2240306 (14.73 %) Events processed ...
[2025-07-20 18:22:24.190] [main] [info] 340000 / 2240306 (15.18 %) Events processed ...
[2025-07-20 18:22:24.609] [main] [info] 350000 / 2240306 (15.62 %) Events processed ...
[2025-07-20 18:22:24.893] [main] [info] 360000 / 2240306 (16.07 %) Events processed ...
[2025-07-20 18:22:25.178] [main] [info] 370000 / 2240306 (16.52 %) Events processed ...
[2025-07-20 18:22:25.488] [main] [info] 380000 / 2240306 (16.96 %) Events processed ...
[2025-07-20 18:22:25.906] [main] [info] 390000 / 2240306 (17.41 %) Events processed ...
[2025-07-20 18:22:26.159] [main] [info] 400000 / 2240306 (17.85 %) Events processed ...
[2025-07-20 18:22:26.419] [main] [info] 410000 / 2240306 (18.30 %) Events processed ...
[2025-07-20 18:22:29.500] [main] [info] 420000 / 2240306 (18.75 %) Events processed ...
[2025-07-20 18:22:29.792] [main] [info] 430000 / 2240306 (19.19 %) Events processed ...
[2025-07-20 18:22:30.212] [main] [info] 440000 / 2240306 (19.64 %) Events processed ...
[2025-07-20 18:22:30.490] [main] [info] 450000 / 2240306 (20.09 %) Events processed ...
[2025-07-20 18:22:30.749] [main] [info] 460000 / 2240306 (20.53 %) Events processed ...
[2025-07-20 18:22:31.011] [main] [info] 470000 / 2240306 (20.98 %) Events processed ...
[2025-07-20 18:22:31.316] [main] [info] 480000 / 2240306 (21.43 %) Events processed ...
[2025-07-20 18:22:31.730] [main] [info] 490000 / 2240306 (21.87 %) Events processed ...
[2025-07-20 18:22:32.890] [main] [info] 500000 / 2240306 (22.32 %) Events processed ...
[2025-07-20 18:22:33.149] [main] [info] 510000 / 2240306 (22.76 %) Events processed ...
[2025-07-20 18:22:33.433] [main] [info] 520000 / 2240306 (23.21 %) Events processed ...
[2025-07-20 18:22:33.750] [main] [info] 530000 / 2240306 (23.66 %) Events processed ...
[2025-07-20 18:22:34.040] [main] [info] 540000 / 2240306 (24.10 %) Events processed ...
[2025-07-20 18:22:34.262] [main] [info] 550000 / 2240306 (24.55 %) Events processed ...
[2025-07-20 18:22:34.563] [main] [info] 560000 / 2240306 (25.00 %) Events processed ...
[2025-07-20 18:22:34.863] [main] [info] 570000 / 2240306 (25.44 %) Events processed ...
[2025-07-20 18:22:35.263] [main] [info] 580000 / 2240306 (25.89 %) Events processed ...
[2025-07-20 18:22:36.541] [main] [info] 590000 / 2240306 (26.34 %) Events processed ...
[2025-07-20 18:22:36.821] [main] [info] 600000 / 2240306 (26.78 %) Events processed ...
[2025-07-20 18:22:37.096] [main] [info] 610000 / 2240306 (27.23 %) Events processed ...
[2025-07-20 18:22:37.327] [main] [info] 620000 / 2240306 (27.67 %) Events processed ...
[2025-07-20 18:22:37.559] [main] [info] 630000 / 2240306 (28.12 %) Events processed ...
[2025-07-20 18:22:38.094] [main] [info] 640000 / 2240306 (28.57 %) Events processed ...
[2025-07-20 18:22:38.273] [main] [info] 650000 / 2240306 (29.01 %) Events processed ...
[2025-07-20 18:22:38.496] [main] [info] 660000 / 2240306 (29.46 %) Events processed ...
[2025-07-20 18:22:39.589] [main] [info] 670000 / 2240306 (29.91 %) Events processed ...
[2025-07-20 18:22:39.777] [main] [info] 680000 / 2240306 (30.35 %) Events processed ...
[2025-07-20 18:22:40.052] [main] [info] 690000 / 2240306 (30.80 %) Events processed ...
[2025-07-20 18:22:40.295] [main] [info] 700000 / 2240306 (31.25 %) Events processed ...
[2025-07-20 18:22:40.536] [main] [info] 710000 / 2240306 (31.69 %) Events processed ...
[2025-07-20 18:22:40.745] [main] [info] 720000 / 2240306 (32.14 %) Events processed ...
[2025-07-20 18:22:41.025] [main] [info] 730000 / 2240306 (32.58 %) Events processed ...
[2025-07-20 18:22:41.199] [main] [info] 740000 / 2240306 (33.03 %) Events processed ...
[2025-07-20 18:22:42.237] [main] [info] 750000 / 2240306 (33.48 %) Events processed ...
[2025-07-20 18:22:42.526] [main] [info] 760000 / 2240306 (33.92 %) Events processed ...
[2025-07-20 18:22:42.819] [main] [info] 770000 / 2240306 (34.37 %) Events processed ...
[2025-07-20 18:22:43.231] [main] [info] 780000 / 2240306 (34.82 %) Events processed ...
[2025-07-20 18:22:43.499] [main] [info] 790000 / 2240306 (35.26 %) Events processed ...
[2025-07-20 18:22:43.758] [main] [info] 800000 / 2240306 (35.71 %) Events processed ...
[2025-07-20 18:22:44.010] [main] [info] 810000 / 2240306 (36.16 %) Events processed ...
[2025-07-20 18:22:44.302] [main] [info] 820000 / 2240306 (36.60 %) Events processed ...
[2025-07-20 18:22:45.576] [main] [info] 830000 / 2240306 (37.05 %) Events processed ...
[2025-07-20 18:22:45.831] [main] [info] 840000 / 2240306 (37.49 %) Events processed ...
[2025-07-20 18:22:46.083] [main] [info] 850000 / 2240306 (37.94 %) Events processed ...
[2025-07-20 18:22:46.427] [main] [info] 860000 / 2240306 (38.39 %) Events processed ...
[2025-07-20 18:22:46.723] [main] [info] 870000 / 2240306 (38.83 %) Events processed ...
[2025-07-20 18:22:47.115] [main] [info] 880000 / 2240306 (39.28 %) Events processed ...
[2025-07-20 18:22:47.373] [main] [info] 890000 / 2240306 (39.73 %) Events processed ...
[2025-07-20 18:22:47.629] [main] [info] 900000 / 2240306 (40.17 %) Events processed ...
[2025-07-20 18:22:47.885] [main] [info] 910000 / 2240306 (40.62 %) Events processed ...
[2025-07-20 18:22:49.069] [main] [info] 920000 / 2240306 (41.07 %) Events processed ...
[2025-07-20 18:22:49.479] [main] [info] 930000 / 2240306 (41.51 %) Events processed ...
[2025-07-20 18:22:49.750] [main] [info] 940000 / 2240306 (41.96 %) Events processed ...
[2025-07-20 18:22:50.038] [main] [info] 950000 / 2240306 (42.40 %) Events processed ...
[2025-07-20 18:22:50.319] [main] [info] 960000 / 2240306 (42.85 %) Events processed ...
[2025-07-20 18:22:50.711] [main] [info] 970000 / 2240306 (43.30 %) Events processed ...
[2025-07-20 18:22:51.215] [main] [info] 980000 / 2240306 (43.74 %) Events processed ...
[2025-07-20 18:22:51.556] [main] [info] 990000 / 2240306 (44.19 %) Events processed ...
[2025-07-20 18:22:52.691] [main] [info] 1000000 / 2240306 (44.64 %) Events processed ...
[2025-07-20 18:22:52.983] [main] [info] 1010000 / 2240306 (45.08 %) Events processed ...
[2025-07-20 18:22:53.303] [main] [info] 1020000 / 2240306 (45.53 %) Events processed ...
[2025-07-20 18:22:53.675] [main] [info] 1030000 / 2240306 (45.98 %) Events processed ...
[2025-07-20 18:22:53.882] [main] [info] 1040000 / 2240306 (46.42 %) Events processed ...
[2025-07-20 18:22:54.107] [main] [info] 1050000 / 2240306 (46.87 %) Events processed ...
[2025-07-20 18:22:54.387] [main] [info] 1060000 / 2240306 (47.31 %) Events processed ...
[2025-07-20 18:22:54.699] [main] [info] 1070000 / 2240306 (47.76 %) Events processed ...
[2025-07-20 18:22:56.026] [main] [info] 1080000 / 2240306 (48.21 %) Events processed ...
[2025-07-20 18:22:56.472] [main] [info] 1090000 / 2240306 (48.65 %) Events processed ...
[2025-07-20 18:22:56.918] [main] [info] 1100000 / 2240306 (49.10 %) Events processed ...
[2025-07-20 18:22:57.383] [main] [info] 1110000 / 2240306 (49.55 %) Events processed ...
[2025-07-20 18:22:58.017] [main] [info] 1120000 / 2240306 (49.99 %) Events processed ...
[2025-07-20 18:22:58.357] [main] [info] 1130000 / 2240306 (50.44 %) Events processed ...
[2025-07-20 18:22:58.627] [main] [info] 1140000 / 2240306 (50.89 %) Events processed ...
[2025-07-20 18:22:58.896] [main] [info] 1150000 / 2240306 (51.33 %) Events processed ...
[2025-07-20 18:22:59.200] [main] [info] 1160000 / 2240306 (51.78 %) Events processed ...
[2025-07-20 18:23:00.468] [main] [info] 1170000 / 2240306 (52.23 %) Events processed ...
[2025-07-20 18:23:00.658] [main] [info] 1180000 / 2240306 (52.67 %) Events processed ...
[2025-07-20 18:23:00.919] [main] [info] 1190000 / 2240306 (53.12 %) Events processed ...
[2025-07-20 18:23:01.179] [main] [info] 1200000 / 2240306 (53.56 %) Events processed ...
[2025-07-20 18:23:01.460] [main] [info] 1210000 / 2240306 (54.01 %) Events processed ...
[2025-07-20 18:23:01.853] [main] [info] 1220000 / 2240306 (54.46 %) Events processed ...
[2025-07-20 18:23:02.136] [main] [info] 1230000 / 2240306 (54.90 %) Events processed ...
[2025-07-20 18:23:02.432] [main] [info] 1240000 / 2240306 (55.35 %) Events processed ...
[2025-07-20 18:23:03.577] [main] [info] 1250000 / 2240306 (55.80 %) Events processed ...
[2025-07-20 18:23:03.893] [main] [info] 1260000 / 2240306 (56.24 %) Events processed ...
[2025-07-20 18:23:04.304] [main] [info] 1270000 / 2240306 (56.69 %) Events processed ...
[2025-07-20 18:23:04.578] [main] [info] 1280000 / 2240306 (57.14 %) Events processed ...
[2025-07-20 18:23:04.842] [main] [info] 1290000 / 2240306 (57.58 %) Events processed ...
[2025-07-20 18:23:05.102] [main] [info] 1300000 / 2240306 (58.03 %) Events processed ...
[2025-07-20 18:23:05.389] [main] [info] 1310000 / 2240306 (58.47 %) Events processed ...
[2025-07-20 18:23:05.789] [main] [info] 1320000 / 2240306 (58.92 %) Events processed ...
[2025-07-20 18:23:06.936] [main] [info] 1330000 / 2240306 (59.37 %) Events processed ...
[2025-07-20 18:23:07.206] [main] [info] 1340000 / 2240306 (59.81 %) Events processed ...
[2025-07-20 18:23:07.489] [main] [info] 1350000 / 2240306 (60.26 %) Events processed ...
[2025-07-20 18:23:07.787] [main] [info] 1360000 / 2240306 (60.71 %) Events processed ...
[2025-07-20 18:23:08.199] [main] [info] 1370000 / 2240306 (61.15 %) Events processed ...
[2025-07-20 18:23:08.458] [main] [info] 1380000 / 2240306 (61.60 %) Events processed ...
[2025-07-20 18:23:08.928] [main] [info] 1390000 / 2240306 (62.05 %) Events processed ...
[2025-07-20 18:23:09.374] [main] [info] 1400000 / 2240306 (62.49 %) Events processed ...
[2025-07-20 18:23:09.855] [main] [info] 1410000 / 2240306 (62.94 %) Events processed ...
[2025-07-20 18:23:11.060] [main] [info] 1420000 / 2240306 (63.38 %) Events processed ...
[2025-07-20 18:23:11.348] [main] [info] 1430000 / 2240306 (63.83 %) Events processed ...
[2025-07-20 18:23:11.636] [main] [info] 1440000 / 2240306 (64.28 %) Events processed ...
[2025-07-20 18:23:11.902] [main] [info] 1450000 / 2240306 (64.72 %) Events processed ...
[2025-07-20 18:23:12.322] [main] [info] 1460000 / 2240306 (65.17 %) Events processed ...
[2025-07-20 18:23:12.579] [main] [info] 1470000 / 2240306 (65.62 %) Events processed ...
[2025-07-20 18:23:12.843] [main] [info] 1480000 / 2240306 (66.06 %) Events processed ...
[2025-07-20 18:23:13.110] [main] [info] 1490000 / 2240306 (66.51 %) Events processed ...
[2025-07-20 18:23:14.298] [main] [info] 1500000 / 2240306 (66.96 %) Events processed ...
[2025-07-20 18:23:14.699] [main] [info] 1510000 / 2240306 (67.40 %) Events processed ...
[2025-07-20 18:23:14.969] [main] [info] 1520000 / 2240306 (67.85 %) Events processed ...
[2025-07-20 18:23:15.222] [main] [info] 1530000 / 2240306 (68.29 %) Events processed ...
[2025-07-20 18:23:15.482] [main] [info] 1540000 / 2240306 (68.74 %) Events processed ...
[2025-07-20 18:23:15.745] [main] [info] 1550000 / 2240306 (69.19 %) Events processed ...
[2025-07-20 18:23:16.129] [main] [info] 1560000 / 2240306 (69.63 %) Events processed ...
[2025-07-20 18:23:16.384] [main] [info] 1570000 / 2240306 (70.08 %) Events processed ...
[2025-07-20 18:23:16.637] [main] [info] 1580000 / 2240306 (70.53 %) Events processed ...
[2025-07-20 18:23:17.846] [main] [info] 1590000 / 2240306 (70.97 %) Events processed ...
[2025-07-20 18:23:18.105] [main] [info] 1600000 / 2240306 (71.42 %) Events processed ...
[2025-07-20 18:23:18.487] [main] [info] 1610000 / 2240306 (71.87 %) Events processed ...
[2025-07-20 18:23:18.736] [main] [info] 1620000 / 2240306 (72.31 %) Events processed ...
[2025-07-20 18:23:18.979] [main] [info] 1630000 / 2240306 (72.76 %) Events processed ...
[2025-07-20 18:23:19.309] [main] [info] 1640000 / 2240306 (73.20 %) Events processed ...
[2025-07-20 18:23:19.572] [main] [info] 1650000 / 2240306 (73.65 %) Events processed ...
[2025-07-20 18:23:19.942] [main] [info] 1660000 / 2240306 (74.10 %) Events processed ...
[2025-07-20 18:23:20.297] [main] [info] 1670000 / 2240306 (74.54 %) Events processed ...
[2025-07-20 18:23:21.428] [main] [info] 1680000 / 2240306 (74.99 %) Events processed ...
[2025-07-20 18:23:21.630] [main] [info] 1690000 / 2240306 (75.44 %) Events processed ...
[2025-07-20 18:23:21.856] [main] [info] 1700000 / 2240306 (75.88 %) Events processed ...
[2025-07-20 18:23:22.096] [main] [info] 1710000 / 2240306 (76.33 %) Events processed ...
[2025-07-20 18:23:22.347] [main] [info] 1720000 / 2240306 (76.78 %) Events processed ...
[2025-07-20 18:23:22.621] [main] [info] 1730000 / 2240306 (77.22 %) Events processed ...
[2025-07-20 18:23:22.900] [main] [info] 1740000 / 2240306 (77.67 %) Events processed ...
[2025-07-20 18:23:23.185] [main] [info] 1750000 / 2240306 (78.11 %) Events processed ...
[2025-07-20 18:23:24.447] [main] [info] 1760000 / 2240306 (78.56 %) Events processed ...
[2025-07-20 18:23:24.739] [main] [info] 1770000 / 2240306 (79.01 %) Events processed ...
[2025-07-20 18:23:25.026] [main] [info] 1780000 / 2240306 (79.45 %) Events processed ...
[2025-07-20 18:23:25.308] [main] [info] 1790000 / 2240306 (79.90 %) Events processed ...
[2025-07-20 18:23:25.547] [main] [info] 1800000 / 2240306 (80.35 %) Events processed ...
[2025-07-20 18:23:25.992] [main] [info] 1810000 / 2240306 (80.79 %) Events processed ...
[2025-07-20 18:23:26.274] [main] [info] 1820000 / 2240306 (81.24 %) Events processed ...
[2025-07-20 18:23:26.555] [main] [info] 1830000 / 2240306 (81.69 %) Events processed ...
[2025-07-20 18:23:27.851] [main] [info] 1840000 / 2240306 (82.13 %) Events processed ...
[2025-07-20 18:23:28.294] [main] [info] 1850000 / 2240306 (82.58 %) Events processed ...
[2025-07-20 18:23:28.564] [main] [info] 1860000 / 2240306 (83.02 %) Events processed ...
[2025-07-20 18:23:28.837] [main] [info] 1870000 / 2240306 (83.47 %) Events processed ...
[2025-07-20 18:23:29.129] [main] [info] 1880000 / 2240306 (83.92 %) Events processed ...
[2025-07-20 18:23:29.462] [main] [info] 1890000 / 2240306 (84.36 %) Events processed ...
[2025-07-20 18:23:29.877] [main] [info] 1900000 / 2240306 (84.81 %) Events processed ...
[2025-07-20 18:23:31.163] [main] [info] 1910000 / 2240306 (85.26 %) Events processed ...
[2025-07-20 18:23:31.440] [main] [info] 1920000 / 2240306 (85.70 %) Events processed ...
[2025-07-20 18:23:31.799] [main] [info] 1930000 / 2240306 (86.15 %) Events processed ...
[2025-07-20 18:23:32.105] [main] [info] 1940000 / 2240306 (86.60 %) Events processed ...
[2025-07-20 18:23:32.511] [main] [info] 1950000 / 2240306 (87.04 %) Events processed ...
[2025-07-20 18:23:32.797] [main] [info] 1960000 / 2240306 (87.49 %) Events processed ...
[2025-07-20 18:23:33.087] [main] [info] 1970000 / 2240306 (87.93 %) Events processed ...
[2025-07-20 18:23:33.367] [main] [info] 1980000 / 2240306 (88.38 %) Events processed ...
[2025-07-20 18:23:34.560] [main] [info] 1990000 / 2240306 (88.83 %) Events processed ...
[2025-07-20 18:23:34.967] [main] [info] 2000000 / 2240306 (89.27 %) Events processed ...
[2025-07-20 18:23:35.244] [main] [info] 2010000 / 2240306 (89.72 %) Events processed ...
[2025-07-20 18:23:35.531] [main] [info] 2020000 / 2240306 (90.17 %) Events processed ...
[2025-07-20 18:23:35.806] [main] [info] 2030000 / 2240306 (90.61 %) Events processed ...
[2025-07-20 18:23:36.110] [main] [info] 2040000 / 2240306 (91.06 %) Events processed ...
[2025-07-20 18:23:36.512] [main] [info] 2050000 / 2240306 (91.51 %) Events processed ...
[2025-07-20 18:23:37.704] [main] [info] 2060000 / 2240306 (91.95 %) Events processed ...
[2025-07-20 18:23:38.017] [main] [info] 2070000 / 2240306 (92.40 %) Events processed ...
[2025-07-20 18:23:38.299] [main] [info] 2080000 / 2240306 (92.84 %) Events processed ...
[2025-07-20 18:23:38.634] [main] [info] 2090000 / 2240306 (93.29 %) Events processed ...
[2025-07-20 18:23:39.042] [main] [info] 2100000 / 2240306 (93.74 %) Events processed ...
[2025-07-20 18:23:39.298] [main] [info] 2110000 / 2240306 (94.18 %) Events processed ...
[2025-07-20 18:23:39.571] [main] [info] 2120000 / 2240306 (94.63 %) Events processed ...
[2025-07-20 18:23:39.865] [main] [info] 2130000 / 2240306 (95.08 %) Events processed ...
[2025-07-20 18:23:41.066] [main] [info] 2140000 / 2240306 (95.52 %) Events processed ...
[2025-07-20 18:23:41.482] [main] [info] 2150000 / 2240306 (95.97 %) Events processed ...
[2025-07-20 18:23:41.760] [main] [info] 2160000 / 2240306 (96.42 %) Events processed ...
[2025-07-20 18:23:42.041] [main] [info] 2170000 / 2240306 (96.86 %) Events processed ...
[2025-07-20 18:23:42.340] [main] [info] 2180000 / 2240306 (97.31 %) Events processed ...
[2025-07-20 18:23:42.780] [main] [info] 2190000 / 2240306 (97.75 %) Events processed ...
[2025-07-20 18:23:43.059] [main] [info] 2200000 / 2240306 (98.20 %) Events processed ...
[2025-07-20 18:23:43.991] [main] [info] 2210000 / 2240306 (98.65 %) Events processed ...
[2025-07-20 18:23:44.364] [main] [info] 2220000 / 2240306 (99.09 %) Events processed ...
[2025-07-20 18:23:44.655] [main] [info] 2230000 / 2240306 (99.54 %) Events processed ...
[2025-07-20 18:23:44.945] [main] [info] 2240000 / 2240306 (99.99 %) Events processed ...
[2025-07-20 18:23:45.207] [main] [info] vbfhmm:
GoldenJSONFilter: pass=2227377    all=2240306    -- eff=99.42 % cumulative eff=99.42 %
Flag_goodVertices: pass=2223852    all=2227377    -- eff=99.84 % cumulative eff=99.27 %
Flag_globalSuperTightHalo2016Filter: pass=2223296    all=2223852    -- eff=99.97 % cumulative eff=99.24 %
Flag_EcalDeadCellTriggerPrimitiveFilter: pass=2223243    all=2223296    -- eff=100.00 % cumulative eff=99.24 %
Flag_BadPFMuonFilter: pass=2222399    all=2223243    -- eff=99.96 % cumulative eff=99.20 %
Flag_BadPFMuonDzFilter: pass=2222072    all=2222399    -- eff=99.99 % cumulative eff=99.19 %
Flag_eeBadScFilter: pass=2222072    all=2222072    -- eff=100.00 % cumulative eff=99.19 %
Flag_ecalBadCalibFilter: pass=2221913    all=2222072    -- eff=99.99 % cumulative eff=99.18 %
Flag_hfNoisyHitsFilter: pass=2218694    all=2221913    -- eff=99.86 % cumulative eff=99.04 %
Number of muons 2: pass=71676      all=2218694    -- eff=3.23 % cumulative eff=3.20 %
DiMuon From Higgs: pass=64439      all=71676      -- eff=89.90 % cumulative eff=2.88 %
LeptonChargeSum: pass=64417      all=64439      -- eff=99.97 % cumulative eff=2.88 %
[2025-07-20 18:23:45.657] [main] [info] Writing quantities map to /eos/user/j/jiahua/MC_2023_inc/Muon0_Run2023C-24Jan2024_v1-v1/dc7de4ed-4ae3-4679-b087-fb1fea4e4561_vbfhmm.root
[2025-07-20 18:23:45.864] [main] [info] Finished Evaluation
[2025-07-20 18:23:45.864] [main] [info] Overall runtime (real time: 114.87, CPU time: 82.31)
