Starting job on \n
Running on: Linux b9p15p2930.cern.ch 5.14.0-570.17.1.el9_6.x86_64 #1 SMP PREEMPT_DYNAMIC Tue May 13 06:41:18 EDT 2025 x86_64 x86_64 x86_64 GNU/Linux\n
System software: Red Hat Enterprise Linux release 9.6 (Plow)\n
Setting up CROWN for RedHatEnterprise Version 9.6
/eos/user/j/jiahua/MC_2023_inc/Muon1_Run2023C-24Jan2024_v4-v2/00ec5ec5-f5c3-4e76-a807-037aa0c94bff.root
[2025-07-20 18:22:32.402] [main] [info] Checking input files
[2025-07-20 18:22:46.098] [main] [info] NanoAOD input_file 1: root://cms-xrd-global.cern.ch//store/data/Run2023C/Muon1/NANOAOD/24Jan2024_v4-v2/2830000/00ec5ec5-f5c3-4e76-a807-037aa0c94bff.root - 2164661 Events
[2025-07-20 18:22:46.098] [main] [info] input_file 1: root://cms-xrd-global.cern.ch//store/data/Run2023C/Muon1/NANOAOD/24Jan2024_v4-v2/2830000/00ec5ec5-f5c3-4e76-a807-037aa0c94bff.root - SumOfGenWeight: 1.36485674e-315 
[2025-07-20 18:22:46.098] [main] [info] Output directory: /eos/user/j/jiahua/MC_2023_inc/Muon1_Run2023C-24Jan2024_v4-v2/00ec5ec5-f5c3-4e76-a807-037aa0c94bff.root
[2025-07-20 18:22:46.100] [main] [info] Starting Setup of Dataframe with 2164661 events
[2025-07-20 18:22:53.484] [main] [info] Finished Setup
[2025-07-20 18:22:53.484] [main] [info] Runtime for setup (real time: 7.39, CPU time: 5.67)
[2025-07-20 18:22:53.484] [main] [info] Starting Evaluation
[2025-07-20 18:23:05.961] [main] [info] 10000 / 2164661 (0.46 %) Events processed ...
[2025-07-20 18:23:06.217] [main] [info] 20000 / 2164661 (0.92 %) Events processed ...
[2025-07-20 18:23:06.498] [main] [info] 30000 / 2164661 (1.39 %) Events processed ...
[2025-07-20 18:23:06.880] [main] [info] 40000 / 2164661 (1.85 %) Events processed ...
[2025-07-20 18:23:07.138] [main] [info] 50000 / 2164661 (2.31 %) Events processed ...
[2025-07-20 18:23:07.406] [main] [info] 60000 / 2164661 (2.77 %) Events processed ...
[2025-07-20 18:23:07.799] [main] [info] 70000 / 2164661 (3.23 %) Events processed ...
[2025-07-20 18:23:08.507] [main] [info] 80000 / 2164661 (3.70 %) Events processed ...
[2025-07-20 18:23:08.761] [main] [info] 90000 / 2164661 (4.16 %) Events processed ...
[2025-07-20 18:23:09.167] [main] [info] 100000 / 2164661 (4.62 %) Events processed ...
[2025-07-20 18:23:09.424] [main] [info] 110000 / 2164661 (5.08 %) Events processed ...
[2025-07-20 18:23:09.684] [main] [info] 120000 / 2164661 (5.54 %) Events processed ...
[2025-07-20 18:23:10.105] [main] [info] 130000 / 2164661 (6.01 %) Events processed ...
[2025-07-20 18:23:10.367] [main] [info] 140000 / 2164661 (6.47 %) Events processed ...
[2025-07-20 18:23:10.599] [main] [info] 150000 / 2164661 (6.93 %) Events processed ...
[2025-07-20 18:23:11.260] [main] [info] 160000 / 2164661 (7.39 %) Events processed ...
[2025-07-20 18:23:11.519] [main] [info] 170000 / 2164661 (7.85 %) Events processed ...
[2025-07-20 18:23:11.765] [main] [info] 180000 / 2164661 (8.32 %) Events processed ...
[2025-07-20 18:23:12.026] [main] [info] 190000 / 2164661 (8.78 %) Events processed ...
[2025-07-20 18:23:12.391] [main] [info] 200000 / 2164661 (9.24 %) Events processed ...
[2025-07-20 18:23:12.632] [main] [info] 210000 / 2164661 (9.70 %) Events processed ...
[2025-07-20 18:23:12.890] [main] [info] 220000 / 2164661 (10.16 %) Events processed ...
[2025-07-20 18:23:13.685] [main] [info] 230000 / 2164661 (10.63 %) Events processed ...
[2025-07-20 18:23:13.942] [main] [info] 240000 / 2164661 (11.09 %) Events processed ...
[2025-07-20 18:23:14.196] [main] [info] 250000 / 2164661 (11.55 %) Events processed ...
[2025-07-20 18:23:14.598] [main] [info] 260000 / 2164661 (12.01 %) Events processed ...
[2025-07-20 18:23:14.941] [main] [info] 270000 / 2164661 (12.47 %) Events processed ...
[2025-07-20 18:23:15.193] [main] [info] 280000 / 2164661 (12.94 %) Events processed ...
[2025-07-20 18:23:16.074] [main] [info] 290000 / 2164661 (13.40 %) Events processed ...
[2025-07-20 18:23:16.234] [main] [info] 300000 / 2164661 (13.86 %) Events processed ...
[2025-07-20 18:23:16.402] [main] [info] 310000 / 2164661 (14.32 %) Events processed ...
[2025-07-20 18:23:16.662] [main] [info] 320000 / 2164661 (14.78 %) Events processed ...
[2025-07-20 18:23:16.821] [main] [info] 330000 / 2164661 (15.24 %) Events processed ...
[2025-07-20 18:23:16.979] [main] [info] 340000 / 2164661 (15.71 %) Events processed ...
[2025-07-20 18:23:17.153] [main] [info] 350000 / 2164661 (16.17 %) Events processed ...
[2025-07-20 18:23:17.929] [main] [info] 360000 / 2164661 (16.63 %) Events processed ...
[2025-07-20 18:23:18.153] [main] [info] 370000 / 2164661 (17.09 %) Events processed ...
[2025-07-20 18:23:18.359] [main] [info] 380000 / 2164661 (17.55 %) Events processed ...
[2025-07-20 18:23:18.630] [main] [info] 390000 / 2164661 (18.02 %) Events processed ...
[2025-07-20 18:23:18.784] [main] [info] 400000 / 2164661 (18.48 %) Events processed ...
[2025-07-20 18:23:18.959] [main] [info] 410000 / 2164661 (18.94 %) Events processed ...
[2025-07-20 18:23:19.260] [main] [info] 420000 / 2164661 (19.40 %) Events processed ...
[2025-07-20 18:23:20.111] [main] [info] 430000 / 2164661 (19.86 %) Events processed ...
[2025-07-20 18:23:20.299] [main] [info] 440000 / 2164661 (20.33 %) Events processed ...
[2025-07-20 18:23:20.682] [main] [info] 450000 / 2164661 (20.79 %) Events processed ...
[2025-07-20 18:23:20.912] [main] [info] 460000 / 2164661 (21.25 %) Events processed ...
[2025-07-20 18:23:21.151] [main] [info] 470000 / 2164661 (21.71 %) Events processed ...
[2025-07-20 18:23:21.534] [main] [info] 480000 / 2164661 (22.17 %) Events processed ...
[2025-07-20 18:23:21.750] [main] [info] 490000 / 2164661 (22.64 %) Events processed ...
[2025-07-20 18:23:21.912] [main] [info] 500000 / 2164661 (23.10 %) Events processed ...
[2025-07-20 18:23:22.560] [main] [info] 510000 / 2164661 (23.56 %) Events processed ...
[2025-07-20 18:23:22.887] [main] [info] 520000 / 2164661 (24.02 %) Events processed ...
[2025-07-20 18:23:23.051] [main] [info] 530000 / 2164661 (24.48 %) Events processed ...
[2025-07-20 18:23:23.268] [main] [info] 540000 / 2164661 (24.95 %) Events processed ...
[2025-07-20 18:23:23.647] [main] [info] 550000 / 2164661 (25.41 %) Events processed ...
[2025-07-20 18:23:23.901] [main] [info] 560000 / 2164661 (25.87 %) Events processed ...
[2025-07-20 18:23:23.954] [main] [info] 570000 / 2164661 (26.33 %) Events processed ...
[2025-07-20 18:23:24.917] [main] [info] 580000 / 2164661 (26.79 %) Events processed ...
[2025-07-20 18:23:24.921] [main] [info] 590000 / 2164661 (27.26 %) Events processed ...
[2025-07-20 18:23:24.925] [main] [info] 600000 / 2164661 (27.72 %) Events processed ...
[2025-07-20 18:23:24.930] [main] [info] 610000 / 2164661 (28.18 %) Events processed ...
[2025-07-20 18:23:24.933] [main] [info] 620000 / 2164661 (28.64 %) Events processed ...
[2025-07-20 18:23:24.937] [main] [info] 630000 / 2164661 (29.10 %) Events processed ...
[2025-07-20 18:23:24.941] [main] [info] 640000 / 2164661 (29.57 %) Events processed ...
[2025-07-20 18:23:24.944] [main] [info] 650000 / 2164661 (30.03 %) Events processed ...
[2025-07-20 18:23:24.948] [main] [info] 660000 / 2164661 (30.49 %) Events processed ...
[2025-07-20 18:23:25.680] [main] [info] 670000 / 2164661 (30.95 %) Events processed ...
[2025-07-20 18:23:25.685] [main] [info] 680000 / 2164661 (31.41 %) Events processed ...
[2025-07-20 18:23:25.691] [main] [info] 690000 / 2164661 (31.88 %) Events processed ...
[2025-07-20 18:23:25.697] [main] [info] 700000 / 2164661 (32.34 %) Events processed ...
[2025-07-20 18:23:25.703] [main] [info] 710000 / 2164661 (32.80 %) Events processed ...
[2025-07-20 18:23:25.709] [main] [info] 720000 / 2164661 (33.26 %) Events processed ...
[2025-07-20 18:23:25.714] [main] [info] 730000 / 2164661 (33.72 %) Events processed ...
[2025-07-20 18:23:25.721] [main] [info] 740000 / 2164661 (34.19 %) Events processed ...
[2025-07-20 18:23:26.251] [main] [info] 750000 / 2164661 (34.65 %) Events processed ...
[2025-07-20 18:23:26.258] [main] [info] 760000 / 2164661 (35.11 %) Events processed ...
[2025-07-20 18:23:26.265] [main] [info] 770000 / 2164661 (35.57 %) Events processed ...
[2025-07-20 18:23:26.271] [main] [info] 780000 / 2164661 (36.03 %) Events processed ...
[2025-07-20 18:23:26.593] [main] [info] 790000 / 2164661 (36.50 %) Events processed ...
[2025-07-20 18:23:26.864] [main] [info] 800000 / 2164661 (36.96 %) Events processed ...
[2025-07-20 18:23:27.058] [main] [info] 810000 / 2164661 (37.42 %) Events processed ...
[2025-07-20 18:23:27.295] [main] [info] 820000 / 2164661 (37.88 %) Events processed ...
[2025-07-20 18:23:27.919] [main] [info] 830000 / 2164661 (38.34 %) Events processed ...
[2025-07-20 18:23:28.275] [main] [info] 840000 / 2164661 (38.81 %) Events processed ...
[2025-07-20 18:23:28.497] [main] [info] 850000 / 2164661 (39.27 %) Events processed ...
[2025-07-20 18:23:28.739] [main] [info] 860000 / 2164661 (39.73 %) Events processed ...
[2025-07-20 18:23:29.088] [main] [info] 870000 / 2164661 (40.19 %) Events processed ...
[2025-07-20 18:23:29.311] [main] [info] 880000 / 2164661 (40.65 %) Events processed ...
[2025-07-20 18:23:29.546] [main] [info] 890000 / 2164661 (41.11 %) Events processed ...
[2025-07-20 18:23:30.528] [main] [info] 900000 / 2164661 (41.58 %) Events processed ...
[2025-07-20 18:23:30.753] [main] [info] 910000 / 2164661 (42.04 %) Events processed ...
[2025-07-20 18:23:30.988] [main] [info] 920000 / 2164661 (42.50 %) Events processed ...
[2025-07-20 18:23:31.330] [main] [info] 930000 / 2164661 (42.96 %) Events processed ...
[2025-07-20 18:23:31.546] [main] [info] 940000 / 2164661 (43.42 %) Events processed ...
[2025-07-20 18:23:31.763] [main] [info] 950000 / 2164661 (43.89 %) Events processed ...
[2025-07-20 18:23:32.114] [main] [info] 960000 / 2164661 (44.35 %) Events processed ...
[2025-07-20 18:23:32.335] [main] [info] 970000 / 2164661 (44.81 %) Events processed ...
[2025-07-20 18:23:32.958] [main] [info] 980000 / 2164661 (45.27 %) Events processed ...
[2025-07-20 18:23:33.307] [main] [info] 990000 / 2164661 (45.73 %) Events processed ...
[2025-07-20 18:23:33.525] [main] [info] 1000000 / 2164661 (46.20 %) Events processed ...
[2025-07-20 18:23:33.751] [main] [info] 1010000 / 2164661 (46.66 %) Events processed ...
[2025-07-20 18:23:34.074] [main] [info] 1020000 / 2164661 (47.12 %) Events processed ...
[2025-07-20 18:23:34.453] [main] [info] 1030000 / 2164661 (47.58 %) Events processed ...
[2025-07-20 18:23:34.701] [main] [info] 1040000 / 2164661 (48.04 %) Events processed ...
[2025-07-20 18:23:34.967] [main] [info] 1050000 / 2164661 (48.51 %) Events processed ...
[2025-07-20 18:23:35.715] [main] [info] 1060000 / 2164661 (48.97 %) Events processed ...
[2025-07-20 18:23:35.974] [main] [info] 1070000 / 2164661 (49.43 %) Events processed ...
[2025-07-20 18:23:36.236] [main] [info] 1080000 / 2164661 (49.89 %) Events processed ...
[2025-07-20 18:23:36.655] [main] [info] 1090000 / 2164661 (50.35 %) Events processed ...
[2025-07-20 18:23:36.913] [main] [info] 1100000 / 2164661 (50.82 %) Events processed ...
[2025-07-20 18:23:37.164] [main] [info] 1110000 / 2164661 (51.28 %) Events processed ...
[2025-07-20 18:23:37.571] [main] [info] 1120000 / 2164661 (51.74 %) Events processed ...
[2025-07-20 18:23:38.210] [main] [info] 1130000 / 2164661 (52.20 %) Events processed ...
[2025-07-20 18:23:38.443] [main] [info] 1140000 / 2164661 (52.66 %) Events processed ...
[2025-07-20 18:23:38.820] [main] [info] 1150000 / 2164661 (53.13 %) Events processed ...
[2025-07-20 18:23:39.048] [main] [info] 1160000 / 2164661 (53.59 %) Events processed ...
[2025-07-20 18:23:39.276] [main] [info] 1170000 / 2164661 (54.05 %) Events processed ...
[2025-07-20 18:23:39.528] [main] [info] 1180000 / 2164661 (54.51 %) Events processed ...
[2025-07-20 18:23:39.881] [main] [info] 1190000 / 2164661 (54.97 %) Events processed ...
[2025-07-20 18:23:40.523] [main] [info] 1200000 / 2164661 (55.44 %) Events processed ...
[2025-07-20 18:23:40.791] [main] [info] 1210000 / 2164661 (55.90 %) Events processed ...
[2025-07-20 18:23:41.155] [main] [info] 1220000 / 2164661 (56.36 %) Events processed ...
[2025-07-20 18:23:41.410] [main] [info] 1230000 / 2164661 (56.82 %) Events processed ...
[2025-07-20 18:23:41.649] [main] [info] 1240000 / 2164661 (57.28 %) Events processed ...
[2025-07-20 18:23:42.035] [main] [info] 1250000 / 2164661 (57.75 %) Events processed ...
[2025-07-20 18:23:42.277] [main] [info] 1260000 / 2164661 (58.21 %) Events processed ...
[2025-07-20 18:23:42.802] [main] [info] 1270000 / 2164661 (58.67 %) Events processed ...
[2025-07-20 18:23:43.273] [main] [info] 1280000 / 2164661 (59.13 %) Events processed ...
[2025-07-20 18:23:43.534] [main] [info] 1290000 / 2164661 (59.59 %) Events processed ...
[2025-07-20 18:23:43.789] [main] [info] 1300000 / 2164661 (60.06 %) Events processed ...
[2025-07-20 18:23:44.204] [main] [info] 1310000 / 2164661 (60.52 %) Events processed ...
[2025-07-20 18:23:44.464] [main] [info] 1320000 / 2164661 (60.98 %) Events processed ...
[2025-07-20 18:23:44.734] [main] [info] 1330000 / 2164661 (61.44 %) Events processed ...
[2025-07-20 18:23:45.562] [main] [info] 1340000 / 2164661 (61.90 %) Events processed ...
[2025-07-20 18:23:45.956] [main] [info] 1350000 / 2164661 (62.37 %) Events processed ...
[2025-07-20 18:23:46.207] [main] [info] 1360000 / 2164661 (62.83 %) Events processed ...
[2025-07-20 18:23:46.491] [main] [info] 1370000 / 2164661 (63.29 %) Events processed ...
[2025-07-20 18:23:46.755] [main] [info] 1380000 / 2164661 (63.75 %) Events processed ...
[2025-07-20 18:23:46.934] [main] [info] 1390000 / 2164661 (64.21 %) Events processed ...
[2025-07-20 18:23:47.162] [main] [info] 1400000 / 2164661 (64.68 %) Events processed ...
[2025-07-20 18:23:47.800] [main] [info] 1410000 / 2164661 (65.14 %) Events processed ...
[2025-07-20 18:23:48.066] [main] [info] 1420000 / 2164661 (65.60 %) Events processed ...
[2025-07-20 18:23:48.336] [main] [info] 1430000 / 2164661 (66.06 %) Events processed ...
[2025-07-20 18:23:48.748] [main] [info] 1440000 / 2164661 (66.52 %) Events processed ...
[2025-07-20 18:23:49.015] [main] [info] 1450000 / 2164661 (66.99 %) Events processed ...
[2025-07-20 18:23:49.281] [main] [info] 1460000 / 2164661 (67.45 %) Events processed ...
[2025-07-20 18:23:49.697] [main] [info] 1470000 / 2164661 (67.91 %) Events processed ...
[2025-07-20 18:23:49.950] [main] [info] 1480000 / 2164661 (68.37 %) Events processed ...
[2025-07-20 18:23:50.307] [main] [info] 1490000 / 2164661 (68.83 %) Events processed ...
[2025-07-20 18:23:50.503] [main] [info] 1500000 / 2164661 (69.29 %) Events processed ...
[2025-07-20 18:23:50.765] [main] [info] 1510000 / 2164661 (69.76 %) Events processed ...
[2025-07-20 18:23:50.924] [main] [info] 1520000 / 2164661 (70.22 %) Events processed ...
[2025-07-20 18:23:51.102] [main] [info] 1530000 / 2164661 (70.68 %) Events processed ...
[2025-07-20 18:23:51.446] [main] [info] 1540000 / 2164661 (71.14 %) Events processed ...
[2025-07-20 18:23:51.753] [main] [info] 1550000 / 2164661 (71.60 %) Events processed ...
[2025-07-20 18:23:52.001] [main] [info] 1560000 / 2164661 (72.07 %) Events processed ...
[2025-07-20 18:23:52.565] [main] [info] 1570000 / 2164661 (72.53 %) Events processed ...
[2025-07-20 18:23:52.722] [main] [info] 1580000 / 2164661 (72.99 %) Events processed ...
[2025-07-20 18:23:52.882] [main] [info] 1590000 / 2164661 (73.45 %) Events processed ...
[2025-07-20 18:23:53.181] [main] [info] 1600000 / 2164661 (73.91 %) Events processed ...
[2025-07-20 18:23:53.404] [main] [info] 1610000 / 2164661 (74.38 %) Events processed ...
[2025-07-20 18:23:53.614] [main] [info] 1620000 / 2164661 (74.84 %) Events processed ...
[2025-07-20 18:23:54.026] [main] [info] 1630000 / 2164661 (75.30 %) Events processed ...
[2025-07-20 18:23:55.004] [main] [info] 1640000 / 2164661 (75.76 %) Events processed ...
[2025-07-20 18:23:55.267] [main] [info] 1650000 / 2164661 (76.22 %) Events processed ...
[2025-07-20 18:23:55.543] [main] [info] 1660000 / 2164661 (76.69 %) Events processed ...
[2025-07-20 18:23:55.957] [main] [info] 1670000 / 2164661 (77.15 %) Events processed ...
[2025-07-20 18:23:56.218] [main] [info] 1680000 / 2164661 (77.61 %) Events processed ...
[2025-07-20 18:23:56.482] [main] [info] 1690000 / 2164661 (78.07 %) Events processed ...
[2025-07-20 18:23:56.815] [main] [info] 1700000 / 2164661 (78.53 %) Events processed ...
[2025-07-20 18:23:57.039] [main] [info] 1710000 / 2164661 (79.00 %) Events processed ...
[2025-07-20 18:23:57.812] [main] [info] 1720000 / 2164661 (79.46 %) Events processed ...
[2025-07-20 18:23:58.160] [main] [info] 1730000 / 2164661 (79.92 %) Events processed ...
[2025-07-20 18:23:58.379] [main] [info] 1740000 / 2164661 (80.38 %) Events processed ...
[2025-07-20 18:23:58.605] [main] [info] 1750000 / 2164661 (80.84 %) Events processed ...
[2025-07-20 18:23:58.971] [main] [info] 1760000 / 2164661 (81.31 %) Events processed ...
[2025-07-20 18:23:59.202] [main] [info] 1770000 / 2164661 (81.77 %) Events processed ...
[2025-07-20 18:23:59.433] [main] [info] 1780000 / 2164661 (82.23 %) Events processed ...
[2025-07-20 18:24:00.309] [main] [info] 1790000 / 2164661 (82.69 %) Events processed ...
[2025-07-20 18:24:00.644] [main] [info] 1800000 / 2164661 (83.15 %) Events processed ...
[2025-07-20 18:24:00.889] [main] [info] 1810000 / 2164661 (83.62 %) Events processed ...
[2025-07-20 18:24:01.188] [main] [info] 1820000 / 2164661 (84.08 %) Events processed ...
[2025-07-20 18:24:01.552] [main] [info] 1830000 / 2164661 (84.54 %) Events processed ...
[2025-07-20 18:24:01.826] [main] [info] 1840000 / 2164661 (85.00 %) Events processed ...
[2025-07-20 18:24:02.101] [main] [info] 1850000 / 2164661 (85.46 %) Events processed ...
[2025-07-20 18:24:02.474] [main] [info] 1860000 / 2164661 (85.93 %) Events processed ...
[2025-07-20 18:24:03.033] [main] [info] 1870000 / 2164661 (86.39 %) Events processed ...
[2025-07-20 18:24:03.280] [main] [info] 1880000 / 2164661 (86.85 %) Events processed ...
[2025-07-20 18:24:03.667] [main] [info] 1890000 / 2164661 (87.31 %) Events processed ...
[2025-07-20 18:24:03.902] [main] [info] 1900000 / 2164661 (87.77 %) Events processed ...
[2025-07-20 18:24:04.140] [main] [info] 1910000 / 2164661 (88.24 %) Events processed ...
[2025-07-20 18:24:04.520] [main] [info] 1920000 / 2164661 (88.70 %) Events processed ...
[2025-07-20 18:24:04.742] [main] [info] 1930000 / 2164661 (89.16 %) Events processed ...
[2025-07-20 18:24:04.967] [main] [info] 1940000 / 2164661 (89.62 %) Events processed ...
[2025-07-20 18:24:05.754] [main] [info] 1950000 / 2164661 (90.08 %) Events processed ...
[2025-07-20 18:24:05.974] [main] [info] 1960000 / 2164661 (90.55 %) Events processed ...
[2025-07-20 18:24:06.195] [main] [info] 1970000 / 2164661 (91.01 %) Events processed ...
[2025-07-20 18:24:06.559] [main] [info] 1980000 / 2164661 (91.47 %) Events processed ...
[2025-07-20 18:24:06.781] [main] [info] 1990000 / 2164661 (91.93 %) Events processed ...
[2025-07-20 18:24:06.996] [main] [info] 2000000 / 2164661 (92.39 %) Events processed ...
[2025-07-20 18:24:07.239] [main] [info] 2010000 / 2164661 (92.86 %) Events processed ...
[2025-07-20 18:24:07.810] [main] [info] 2020000 / 2164661 (93.32 %) Events processed ...
[2025-07-20 18:24:08.033] [main] [info] 2030000 / 2164661 (93.78 %) Events processed ...
[2025-07-20 18:24:08.343] [main] [info] 2040000 / 2164661 (94.24 %) Events processed ...
[2025-07-20 18:24:08.700] [main] [info] 2050000 / 2164661 (94.70 %) Events processed ...
[2025-07-20 18:24:08.928] [main] [info] 2060000 / 2164661 (95.17 %) Events processed ...
[2025-07-20 18:24:09.158] [main] [info] 2070000 / 2164661 (95.63 %) Events processed ...
[2025-07-20 18:24:09.509] [main] [info] 2080000 / 2164661 (96.09 %) Events processed ...
[2025-07-20 18:24:09.738] [main] [info] 2090000 / 2164661 (96.55 %) Events processed ...
[2025-07-20 18:24:10.104] [main] [info] 2100000 / 2164661 (97.01 %) Events processed ...
[2025-07-20 18:24:10.455] [main] [info] 2110000 / 2164661 (97.47 %) Events processed ...
[2025-07-20 18:24:10.693] [main] [info] 2120000 / 2164661 (97.94 %) Events processed ...
[2025-07-20 18:24:10.922] [main] [info] 2130000 / 2164661 (98.40 %) Events processed ...
[2025-07-20 18:24:11.260] [main] [info] 2140000 / 2164661 (98.86 %) Events processed ...
[2025-07-20 18:24:11.498] [main] [info] 2150000 / 2164661 (99.32 %) Events processed ...
[2025-07-20 18:24:11.743] [main] [info] 2160000 / 2164661 (99.78 %) Events processed ...
[2025-07-20 18:24:12.048] [main] [info] vbfhmm:
GoldenJSONFilter: pass=1943661    all=2164661    -- eff=89.79 % cumulative eff=89.79 %
Flag_goodVertices: pass=1939787    all=1943661    -- eff=99.80 % cumulative eff=89.61 %
Flag_globalSuperTightHalo2016Filter: pass=1939252    all=1939787    -- eff=99.97 % cumulative eff=89.59 %
Flag_EcalDeadCellTriggerPrimitiveFilter: pass=1939188    all=1939252    -- eff=100.00 % cumulative eff=89.58 %
Flag_BadPFMuonFilter: pass=1938230    all=1939188    -- eff=99.95 % cumulative eff=89.54 %
Flag_BadPFMuonDzFilter: pass=1937885    all=1938230    -- eff=99.98 % cumulative eff=89.52 %
Flag_eeBadScFilter: pass=1937885    all=1937885    -- eff=100.00 % cumulative eff=89.52 %
Flag_ecalBadCalibFilter: pass=1937744    all=1937885    -- eff=99.99 % cumulative eff=89.52 %
Flag_hfNoisyHitsFilter: pass=1934533    all=1937744    -- eff=99.83 % cumulative eff=89.37 %
Number of muons 2: pass=67466      all=1934533    -- eff=3.49 % cumulative eff=3.12 %
DiMuon From Higgs: pass=60398      all=67466      -- eff=89.52 % cumulative eff=2.79 %
LeptonChargeSum: pass=60374      all=60398      -- eff=99.96 % cumulative eff=2.79 %
[2025-07-20 18:24:12.205] [main] [info] Writing quantities map to /eos/user/j/jiahua/MC_2023_inc/Muon1_Run2023C-24Jan2024_v4-v2/00ec5ec5-f5c3-4e76-a807-037aa0c94bff_vbfhmm.root
[2025-07-20 18:24:12.511] [main] [info] Finished Evaluation
[2025-07-20 18:24:12.511] [main] [info] Overall runtime (real time: 86.41, CPU time: 68.74)
