Starting job on \n
Running on: Linux b9g18p4124.cern.ch 5.14.0-570.23.1.el9_6.x86_64 #1 SMP PREEMPT_DYNAMIC Tue Jun 24 11:27:16 EDT 2025 x86_64 x86_64 x86_64 GNU/Linux\n
System software: AlmaLinux release 9.6 (Sage Margay)\n
Setting up CROWN for Alma Version 9.6
/eos/user/j/jiahua/MC_2023_inc/TbarWplusto2L2Nu_powheg_23/fa06150e-0f9b-4f12-8c68-d33fa7c8f769.root
[2025-07-20 18:10:43.923] [main] [info] Checking input files
[2025-07-20 18:10:51.432] [main] [info] NanoAOD input_file 1: root://cms-xrd-global.cern.ch//store/mc/Run3Summer23NanoAODv12/TbarWplusto2L2Nu_TuneCP5_13p6TeV_powheg-pythia8/NANOAODSIM/130X_mcRun3_2023_realistic_v15-v4/50000/fa06150e-0f9b-4f12-8c68-d33fa7c8f769.root - 87000 Events
[2025-07-20 18:10:51.432] [main] [info] input_file 1: root://cms-xrd-global.cern.ch//store/mc/Run3Summer23NanoAODv12/TbarWplusto2L2Nu_TuneCP5_13p6TeV_powheg-pythia8/NANOAODSIM/130X_mcRun3_2023_realistic_v15-v4/50000/fa06150e-0f9b-4f12-8c68-d33fa7c8f769.root - SumOfGenWeight: 331117.64999999997 
[2025-07-20 18:10:51.432] [main] [info] Output directory: /eos/user/j/jiahua/MC_2023_inc/TbarWplusto2L2Nu_powheg_23/fa06150e-0f9b-4f12-8c68-d33fa7c8f769.root
[2025-07-20 18:10:51.451] [main] [info] Starting Setup of Dataframe with 87000 events
[2025-07-20 18:10:55.680] [main] [info] Finished Setup
[2025-07-20 18:10:55.680] [main] [info] Runtime for setup (real time: 4.25, CPU time: 3.31)
[2025-07-20 18:10:55.680] [main] [info] Starting Evaluation
[2025-07-20 18:11:10.823] [main] [info] 10000 / 87000 (11.49 %) Events processed ...
[2025-07-20 18:11:11.512] [main] [info] 20000 / 87000 (22.99 %) Events processed ...
[2025-07-20 18:11:13.763] [main] [info] 30000 / 87000 (34.48 %) Events processed ...
[2025-07-20 18:11:14.474] [main] [info] 40000 / 87000 (45.98 %) Events processed ...
[2025-07-20 18:11:16.727] [main] [info] 50000 / 87000 (57.47 %) Events processed ...
[2025-07-20 18:11:17.272] [main] [info] 60000 / 87000 (68.97 %) Events processed ...
[2025-07-20 18:11:17.974] [main] [info] 70000 / 87000 (80.46 %) Events processed ...
[2025-07-20 18:11:19.857] [main] [info] 80000 / 87000 (91.95 %) Events processed ...
[2025-07-20 18:11:21.232] [main] [info] vbfhmm:
Flag_goodVertices: pass=87000      all=87000      -- eff=100.00 % cumulative eff=100.00 %
Flag_globalSuperTightHalo2016Filter: pass=86977      all=87000      -- eff=99.97 % cumulative eff=99.97 %
Flag_EcalDeadCellTriggerPrimitiveFilter: pass=86957      all=86977      -- eff=99.98 % cumulative eff=99.95 %
Flag_BadPFMuonFilter: pass=86951      all=86957      -- eff=99.99 % cumulative eff=99.94 %
Flag_BadPFMuonDzFilter: pass=86947      all=86951      -- eff=100.00 % cumulative eff=99.94 %
Flag_eeBadScFilter: pass=86947      all=86947      -- eff=100.00 % cumulative eff=99.94 %
Flag_ecalBadCalibFilter: pass=86934      all=86947      -- eff=99.99 % cumulative eff=99.92 %
Flag_hfNoisyHitsFilter: pass=86934      all=86934      -- eff=100.00 % cumulative eff=99.92 %
Number of muons 2: pass=6446       all=86934      -- eff=7.41 % cumulative eff=7.41 %
DiMuon From Higgs: pass=3019       all=6446       -- eff=46.84 % cumulative eff=3.47 %
LeptonChargeSum: pass=2996       all=3019       -- eff=99.24 % cumulative eff=3.44 %
[2025-07-20 18:11:21.537] [main] [info] Writing quantities map to /eos/user/j/jiahua/MC_2023_inc/TbarWplusto2L2Nu_powheg_23/fa06150e-0f9b-4f12-8c68-d33fa7c8f769_vbfhmm.root
[2025-07-20 18:11:21.678] [main] [info] Finished Evaluation
[2025-07-20 18:11:21.678] [main] [info] Overall runtime (real time: 30.25, CPU time: 20.11)
