Starting job on \n
Running on: Linux b9p12p7804.cern.ch 5.14.0-570.18.1.el9_6.x86_64 #1 SMP PREEMPT_DYNAMIC Tue May 20 07:50:24 EDT 2025 x86_64 x86_64 x86_64 GNU/Linux\n
System software: Red Hat Enterprise Linux release 9.6 (Plow)\n
Setting up CROWN for RedHatEnterprise Version 9.6
/eos/user/j/jiahua/MC_2023_inc/TbarWplusto2L2Nu_powheg_23/65e9ba56-357a-47ef-b3c3-a481b4d8d1bc.root
[2025-07-20 18:10:53.119] [main] [info] Checking input files
[2025-07-20 18:10:58.312] [main] [info] NanoAOD input_file 1: root://cms-xrd-global.cern.ch//store/mc/Run3Summer23NanoAODv12/TbarWplusto2L2Nu_TuneCP5_13p6TeV_powheg-pythia8/NANOAODSIM/130X_mcRun3_2023_realistic_v15-v4/50000/65e9ba56-357a-47ef-b3c3-a481b4d8d1bc.root - 9000 Events
[2025-07-20 18:10:58.312] [main] [info] input_file 1: root://cms-xrd-global.cern.ch//store/mc/Run3Summer23NanoAODv12/TbarWplusto2L2Nu_TuneCP5_13p6TeV_powheg-pythia8/NANOAODSIM/130X_mcRun3_2023_realistic_v15-v4/50000/65e9ba56-357a-47ef-b3c3-a481b4d8d1bc.root - SumOfGenWeight: 34253.55 
[2025-07-20 18:10:58.312] [main] [info] Output directory: /eos/user/j/jiahua/MC_2023_inc/TbarWplusto2L2Nu_powheg_23/65e9ba56-357a-47ef-b3c3-a481b4d8d1bc.root
[2025-07-20 18:10:58.314] [main] [info] Starting Setup of Dataframe with 9000 events
[2025-07-20 18:11:03.987] [main] [info] Finished Setup
[2025-07-20 18:11:03.987] [main] [info] Runtime for setup (real time: 5.67, CPU time: 4.85)
[2025-07-20 18:11:03.987] [main] [info] Starting Evaluation
[2025-07-20 18:11:14.218] [main] [info] vbfhmm:
Flag_goodVertices: pass=9000       all=9000       -- eff=100.00 % cumulative eff=100.00 %
Flag_globalSuperTightHalo2016Filter: pass=9000       all=9000       -- eff=100.00 % cumulative eff=100.00 %
Flag_EcalDeadCellTriggerPrimitiveFilter: pass=8999       all=9000       -- eff=99.99 % cumulative eff=99.99 %
Flag_BadPFMuonFilter: pass=8999       all=8999       -- eff=100.00 % cumulative eff=99.99 %
Flag_BadPFMuonDzFilter: pass=8999       all=8999       -- eff=100.00 % cumulative eff=99.99 %
Flag_eeBadScFilter: pass=8999       all=8999       -- eff=100.00 % cumulative eff=99.99 %
Flag_ecalBadCalibFilter: pass=8999       all=8999       -- eff=100.00 % cumulative eff=99.99 %
Flag_hfNoisyHitsFilter: pass=8999       all=8999       -- eff=100.00 % cumulative eff=99.99 %
Number of muons 2: pass=658        all=8999       -- eff=7.31 % cumulative eff=7.31 %
DiMuon From Higgs: pass=301        all=658        -- eff=45.74 % cumulative eff=3.34 %
LeptonChargeSum: pass=300        all=301        -- eff=99.67 % cumulative eff=3.33 %
[2025-07-20 18:11:14.643] [main] [info] Writing quantities map to /eos/user/j/jiahua/MC_2023_inc/TbarWplusto2L2Nu_powheg_23/65e9ba56-357a-47ef-b3c3-a481b4d8d1bc_vbfhmm.root
[2025-07-20 18:11:15.001] [main] [info] Finished Evaluation
[2025-07-20 18:11:15.001] [main] [info] Overall runtime (real time: 16.69, CPU time: 12.33)
