Starting job on \n
Running on: Linux b9p26p2089.cern.ch 5.14.0-570.17.1.el9_6.x86_64 #1 SMP PREEMPT_DYNAMIC Tue May 13 06:41:18 EDT 2025 x86_64 x86_64 x86_64 GNU/Linux\n
System software: Red Hat Enterprise Linux release 9.6 (Plow)\n
Setting up CROWN for RedHatEnterprise Version 9.6
/eos/user/j/jiahua/MC_2023_inc/TbarWplusto2L2Nu_powheg_23/215ec110-ad5c-4a55-afdd-bdf8223f0d6f.root
[2025-07-20 18:10:52.595] [main] [info] Checking input files
[2025-07-20 18:10:58.813] [main] [info] NanoAOD input_file 1: root://cms-xrd-global.cern.ch//store/mc/Run3Summer23NanoAODv12/TbarWplusto2L2Nu_TuneCP5_13p6TeV_powheg-pythia8/NANOAODSIM/130X_mcRun3_2023_realistic_v15-v4/50000/215ec110-ad5c-4a55-afdd-bdf8223f0d6f.root - 147000 Events
[2025-07-20 18:10:58.813] [main] [info] input_file 1: root://cms-xrd-global.cern.ch//store/mc/Run3Summer23NanoAODv12/TbarWplusto2L2Nu_TuneCP5_13p6TeV_powheg-pythia8/NANOAODSIM/130X_mcRun3_2023_realistic_v15-v4/50000/215ec110-ad5c-4a55-afdd-bdf8223f0d6f.root - SumOfGenWeight: 559459.4261999995 
[2025-07-20 18:10:58.813] [main] [info] Output directory: /eos/user/j/jiahua/MC_2023_inc/TbarWplusto2L2Nu_powheg_23/215ec110-ad5c-4a55-afdd-bdf8223f0d6f.root
[2025-07-20 18:10:58.815] [main] [info] Starting Setup of Dataframe with 147000 events
[2025-07-20 18:11:01.951] [main] [info] Finished Setup
[2025-07-20 18:11:01.951] [main] [info] Runtime for setup (real time: 3.14, CPU time: 2.50)
[2025-07-20 18:11:01.951] [main] [info] Starting Evaluation
[2025-07-20 18:11:14.601] [main] [info] 10000 / 147000 (6.80 %) Events processed ...
[2025-07-20 18:11:15.122] [main] [info] 20000 / 147000 (13.61 %) Events processed ...
[2025-07-20 18:11:16.683] [main] [info] 30000 / 147000 (20.41 %) Events processed ...
[2025-07-20 18:11:17.244] [main] [info] 40000 / 147000 (27.21 %) Events processed ...
[2025-07-20 18:11:18.729] [main] [info] 50000 / 147000 (34.01 %) Events processed ...
[2025-07-20 18:11:19.296] [main] [info] 60000 / 147000 (40.82 %) Events processed ...
[2025-07-20 18:11:19.917] [main] [info] 70000 / 147000 (47.62 %) Events processed ...
[2025-07-20 18:11:21.496] [main] [info] 80000 / 147000 (54.42 %) Events processed ...
[2025-07-20 18:11:22.103] [main] [info] 90000 / 147000 (61.22 %) Events processed ...
[2025-07-20 18:11:23.807] [main] [info] 100000 / 147000 (68.03 %) Events processed ...
[2025-07-20 18:11:24.391] [main] [info] 110000 / 147000 (74.83 %) Events processed ...
[2025-07-20 18:11:25.264] [main] [info] 120000 / 147000 (81.63 %) Events processed ...
[2025-07-20 18:11:26.620] [main] [info] 130000 / 147000 (88.44 %) Events processed ...
[2025-07-20 18:11:27.246] [main] [info] 140000 / 147000 (95.24 %) Events processed ...
[2025-07-20 18:11:27.963] [main] [info] vbfhmm:
Flag_goodVertices: pass=147000     all=147000     -- eff=100.00 % cumulative eff=100.00 %
Flag_globalSuperTightHalo2016Filter: pass=146980     all=147000     -- eff=99.99 % cumulative eff=99.99 %
Flag_EcalDeadCellTriggerPrimitiveFilter: pass=146968     all=146980     -- eff=99.99 % cumulative eff=99.98 %
Flag_BadPFMuonFilter: pass=146942     all=146968     -- eff=99.98 % cumulative eff=99.96 %
Flag_BadPFMuonDzFilter: pass=146937     all=146942     -- eff=100.00 % cumulative eff=99.96 %
Flag_eeBadScFilter: pass=146937     all=146937     -- eff=100.00 % cumulative eff=99.96 %
Flag_ecalBadCalibFilter: pass=146915     all=146937     -- eff=99.99 % cumulative eff=99.94 %
Flag_hfNoisyHitsFilter: pass=146906     all=146915     -- eff=99.99 % cumulative eff=99.94 %
Number of muons 2: pass=11026      all=146906     -- eff=7.51 % cumulative eff=7.50 %
DiMuon From Higgs: pass=5106       all=11026      -- eff=46.31 % cumulative eff=3.47 %
LeptonChargeSum: pass=5067       all=5106       -- eff=99.24 % cumulative eff=3.45 %
[2025-07-20 18:11:28.142] [main] [info] Writing quantities map to /eos/user/j/jiahua/MC_2023_inc/TbarWplusto2L2Nu_powheg_23/215ec110-ad5c-4a55-afdd-bdf8223f0d6f_vbfhmm.root
[2025-07-20 18:11:28.234] [main] [info] Finished Evaluation
[2025-07-20 18:11:28.234] [main] [info] Overall runtime (real time: 29.42, CPU time: 18.07)
