Starting job on \n
Running on: Linux b9p20p0998.cern.ch 5.14.0-570.21.1.el9_6.x86_64 #1 SMP PREEMPT_DYNAMIC Tue Jun 3 12:46:50 EDT 2025 x86_64 x86_64 x86_64 GNU/Linux\n
System software: Red Hat Enterprise Linux release 9.6 (Plow)\n
Setting up CROWN for RedHatEnterprise Version 9.6
/eos/user/j/jiahua/MC_2023_inc/TbarWplusto2L2Nu_powheg_23/ef61b130-fa54-4eb9-9069-0af38b37246b.root
[2025-07-20 18:10:45.591] [main] [info] Checking input files
[2025-07-20 18:10:53.545] [main] [info] NanoAOD input_file 1: root://cms-xrd-global.cern.ch//store/mc/Run3Summer23NanoAODv12/TbarWplusto2L2Nu_TuneCP5_13p6TeV_powheg-pythia8/NANOAODSIM/130X_mcRun3_2023_realistic_v15-v4/50000/ef61b130-fa54-4eb9-9069-0af38b37246b.root - 240000 Events
[2025-07-20 18:10:53.546] [main] [info] input_file 1: root://cms-xrd-global.cern.ch//store/mc/Run3Summer23NanoAODv12/TbarWplusto2L2Nu_TuneCP5_13p6TeV_powheg-pythia8/NANOAODSIM/130X_mcRun3_2023_realistic_v15-v4/50000/ef61b130-fa54-4eb9-9069-0af38b37246b.root - SumOfGenWeight: 913397.5523999988 
[2025-07-20 18:10:53.546] [main] [info] Output directory: /eos/user/j/jiahua/MC_2023_inc/TbarWplusto2L2Nu_powheg_23/ef61b130-fa54-4eb9-9069-0af38b37246b.root
[2025-07-20 18:10:53.552] [main] [info] Starting Setup of Dataframe with 240000 events
[2025-07-20 18:10:57.622] [main] [info] Finished Setup
[2025-07-20 18:10:57.622] [main] [info] Runtime for setup (real time: 4.08, CPU time: 3.29)
[2025-07-20 18:10:57.622] [main] [info] Starting Evaluation
[2025-07-20 18:11:16.483] [main] [info] 10000 / 240000 (4.17 %) Events processed ...
[2025-07-20 18:11:17.231] [main] [info] 20000 / 240000 (8.33 %) Events processed ...
[2025-07-20 18:11:22.349] [main] [info] 30000 / 240000 (12.50 %) Events processed ...
[2025-07-20 18:11:23.105] [main] [info] 40000 / 240000 (16.67 %) Events processed ...
[2025-07-20 18:11:26.995] [main] [info] 50000 / 240000 (20.83 %) Events processed ...
[2025-07-20 18:11:27.765] [main] [info] 60000 / 240000 (25.00 %) Events processed ...
[2025-07-20 18:11:28.685] [main] [info] 70000 / 240000 (29.17 %) Events processed ...
[2025-07-20 18:11:32.096] [main] [info] 80000 / 240000 (33.33 %) Events processed ...
[2025-07-20 18:11:32.895] [main] [info] 90000 / 240000 (37.50 %) Events processed ...
[2025-07-20 18:11:36.517] [main] [info] 100000 / 240000 (41.67 %) Events processed ...
[2025-07-20 18:11:37.377] [main] [info] 110000 / 240000 (45.83 %) Events processed ...
[2025-07-20 18:11:38.145] [main] [info] 120000 / 240000 (50.00 %) Events processed ...
[2025-07-20 18:11:41.474] [main] [info] 130000 / 240000 (54.17 %) Events processed ...
[2025-07-20 18:11:42.196] [main] [info] 140000 / 240000 (58.33 %) Events processed ...
[2025-07-20 18:11:47.140] [main] [info] 150000 / 240000 (62.50 %) Events processed ...
[2025-07-20 18:11:47.875] [main] [info] 160000 / 240000 (66.67 %) Events processed ...
[2025-07-20 18:11:51.433] [main] [info] 170000 / 240000 (70.83 %) Events processed ...
[2025-07-20 18:11:52.188] [main] [info] 180000 / 240000 (75.00 %) Events processed ...
[2025-07-20 18:11:52.911] [main] [info] 190000 / 240000 (79.17 %) Events processed ...
[2025-07-20 18:11:56.294] [main] [info] 200000 / 240000 (83.33 %) Events processed ...
[2025-07-20 18:11:56.780] [main] [info] 210000 / 240000 (87.50 %) Events processed ...
[2025-07-20 18:11:59.084] [main] [info] 220000 / 240000 (91.67 %) Events processed ...
[2025-07-20 18:11:59.766] [main] [info] 230000 / 240000 (95.83 %) Events processed ...
[2025-07-20 18:12:00.572] [main] [info] 240000 / 240000 (100.00 %) Events processed ...
[2025-07-20 18:12:00.702] [main] [info] vbfhmm:
Flag_goodVertices: pass=240000     all=240000     -- eff=100.00 % cumulative eff=100.00 %
Flag_globalSuperTightHalo2016Filter: pass=239956     all=240000     -- eff=99.98 % cumulative eff=99.98 %
Flag_EcalDeadCellTriggerPrimitiveFilter: pass=239922     all=239956     -- eff=99.99 % cumulative eff=99.97 %
Flag_BadPFMuonFilter: pass=239896     all=239922     -- eff=99.99 % cumulative eff=99.96 %
Flag_BadPFMuonDzFilter: pass=239884     all=239896     -- eff=100.00 % cumulative eff=99.95 %
Flag_eeBadScFilter: pass=239884     all=239884     -- eff=100.00 % cumulative eff=99.95 %
Flag_ecalBadCalibFilter: pass=239852     all=239884     -- eff=99.99 % cumulative eff=99.94 %
Flag_hfNoisyHitsFilter: pass=239848     all=239852     -- eff=100.00 % cumulative eff=99.94 %
Number of muons 2: pass=17689      all=239848     -- eff=7.38 % cumulative eff=7.37 %
DiMuon From Higgs: pass=8191       all=17689      -- eff=46.31 % cumulative eff=3.41 %
LeptonChargeSum: pass=8144       all=8191       -- eff=99.43 % cumulative eff=3.39 %
[2025-07-20 18:12:00.824] [main] [info] Writing quantities map to /eos/user/j/jiahua/MC_2023_inc/TbarWplusto2L2Nu_powheg_23/ef61b130-fa54-4eb9-9069-0af38b37246b_vbfhmm.root
[2025-07-20 18:12:00.901] [main] [info] Finished Evaluation
[2025-07-20 18:12:00.901] [main] [info] Overall runtime (real time: 67.36, CPU time: 32.87)
