000 (11280024.009.000) 07/20 18:08:01 Job submitted from host: <188.185.121.235:9618?addrs=188.185.121.235-9618+[2001-1458-d00-49--100-36e]-9618&alias=bigbird22.cern.ch&noUDP&sock=schedd_232129_c3ca>
...
040 (11280024.009.000) 07/20 18:10:33 Started transferring input files
	Transferring to host: <188.185.194.103:9618?addrs=188.185.194.103-9618+[2001-1458-303-21--100-63]-9618&alias=b9p20p0998.cern.ch&noUDP&sock=slot1_9_4414_cfed_37187>
...
040 (11280024.009.000) 07/20 18:10:33 Finished transferring input files
...
001 (11280024.009.000) 07/20 18:10:34 Job executing on host: <188.185.194.103:9618?addrs=188.185.194.103-9618+[2001-1458-303-21--100-63]-9618&alias=b9p20p0998.cern.ch&noUDP&sock=startd_3821_7776>
	SlotName: slot1_9@b9p20p0998.cern.ch
	CondorScratchDir = "/pool/condor/dir_3399147"
	Cpus = 1
	Disk = 12989
	GPUs = 0
	Memory = 3000
...
006 (11280024.009.000) 07/20 18:10:48 Image size of job updated: 84308
	83  -  MemoryUsage of job (MB)
	84308  -  ResidentSetSize of job (KB)
...
006 (11280024.009.000) 07/20 18:12:01 Image size of job updated: 252744
	83  -  MemoryUsage of job (MB)
	84308  -  ResidentSetSize of job (KB)
...
040 (11280024.009.000) 07/20 18:12:01 Started transferring output files
...
040 (11280024.009.000) 07/20 18:12:01 Finished transferring output files
...
005 (11280024.009.000) 07/20 18:12:01 Job terminated.
	(1) Normal termination (return value 0)
		Usr 0 00:00:38, Sys 0 00:00:03  -  Run Remote Usage
		Usr 0 00:00:00, Sys 0 00:00:00  -  Run Local Usage
		Usr 0 00:00:38, Sys 0 00:00:03  -  Total Remote Usage
		Usr 0 00:00:00, Sys 0 00:00:00  -  Total Local Usage
	12202  -  Run Bytes Sent By Job
	9837493  -  Run Bytes Received By Job
	12202  -  Total Bytes Sent By Job
	9837493  -  Total Bytes Received By Job
	Partitionable Resources :    Usage  Request Allocated 
	   Cpus                 :        0        1         1 
	   Disk (KB)            :     9642    10000     12989 
	   GPUs                 :                           0 
	   Memory (MB)          :       83     3000      3000 

	Job terminated of its own accord at 2025-07-20T16:12:01Z with exit-code 0.
...
