000 (11280025.065.000) 07/20 18:08:30 Job submitted from host: <188.185.121.235:9618?addrs=188.185.121.235-9618+[2001-1458-d00-49--100-36e]-9618&alias=bigbird22.cern.ch&noUDP&sock=schedd_232129_c3ca>
...
040 (11280025.065.000) 07/20 18:11:07 Started transferring input files
	Transferring to host: <188.185.211.231:9618?addrs=188.185.211.231-9618+[2001-1458-303-17--100-63]-9618&alias=b9p24p1762.cern.ch&noUDP&sock=slot1_12_223207_460e_32395>
...
040 (11280025.065.000) 07/20 18:11:07 Finished transferring input files
...
001 (11280025.065.000) 07/20 18:11:08 Job executing on host: <188.185.211.231:9618?addrs=188.185.211.231-9618+[2001-1458-303-17--100-63]-9618&alias=b9p24p1762.cern.ch&noUDP&sock=startd_208873_154a>
	SlotName: slot1_12@b9p24p1762.cern.ch
	CondorScratchDir = "/pool/condor/dir_1307970"
	Cpus = 1
	Disk = 12964
	GPUs = 0
	Memory = 3000
...
006 (11280025.065.000) 07/20 18:11:22 Image size of job updated: 113172
	111  -  MemoryUsage of job (MB)
	113172  -  ResidentSetSize of job (KB)
...
006 (11280025.065.000) 07/20 18:11:58 Image size of job updated: 259340
	111  -  MemoryUsage of job (MB)
	113172  -  ResidentSetSize of job (KB)
...
040 (11280025.065.000) 07/20 18:11:58 Started transferring output files
...
040 (11280025.065.000) 07/20 18:11:58 Finished transferring output files
...
005 (11280025.065.000) 07/20 18:11:58 Job terminated.
	(1) Normal termination (return value 0)
		Usr 0 00:00:32, Sys 0 00:00:03  -  Run Remote Usage
		Usr 0 00:00:00, Sys 0 00:00:00  -  Run Local Usage
		Usr 0 00:00:32, Sys 0 00:00:03  -  Total Remote Usage
		Usr 0 00:00:00, Sys 0 00:00:00  -  Total Local Usage
	12862  -  Run Bytes Sent By Job
	9837493  -  Run Bytes Received By Job
	12862  -  Total Bytes Sent By Job
	9837493  -  Total Bytes Received By Job
	Partitionable Resources :    Usage  Request Allocated 
	   Cpus                 :        0        1         1 
	   Disk (KB)            :     9643    10000     12964 
	   GPUs                 :                           0 
	   Memory (MB)          :      111     3000      3000 

	Job terminated of its own accord at 2025-07-20T16:11:58Z with exit-code 0.
...
