000 (11280025.012.000) 07/20 18:08:30 Job submitted from host: <188.185.121.235:9618?addrs=188.185.121.235-9618+[2001-1458-d00-49--100-36e]-9618&alias=bigbird22.cern.ch&noUDP&sock=schedd_232129_c3ca>
...
040 (11280025.012.000) 07/20 18:10:49 Started transferring input files
	Transferring to host: <188.185.215.183:9618?addrs=188.185.215.183-9618+[2001-1458-303-26--100-33]-9618&alias=b9p18p2721.cern.ch&noUDP&sock=slot1_32_8318_888b_52795>
...
040 (11280025.012.000) 07/20 18:10:49 Finished transferring input files
...
001 (11280025.012.000) 07/20 18:10:50 Job executing on host: <188.185.215.183:9618?addrs=188.185.215.183-9618+[2001-1458-303-26--100-33]-9618&alias=b9p18p2721.cern.ch&noUDP&sock=startd_7638_9c75>
	SlotName: slot1_32@b9p18p2721.cern.ch
	CondorScratchDir = "/pool/condor/dir_1831395"
	Cpus = 1
	Disk = 13065
	GPUs = 0
	Memory = 3000
...
006 (11280025.012.000) 07/20 18:10:58 Image size of job updated: 97348
	96  -  MemoryUsage of job (MB)
	97348  -  ResidentSetSize of job (KB)
...
040 (11280025.012.000) 07/20 18:12:55 Started transferring output files
...
040 (11280025.012.000) 07/20 18:12:55 Finished transferring output files
...
005 (11280025.012.000) 07/20 18:12:55 Job terminated.
	(1) Normal termination (return value 0)
		Usr 0 00:00:29, Sys 0 00:00:03  -  Run Remote Usage
		Usr 0 00:00:00, Sys 0 00:00:00  -  Run Local Usage
		Usr 0 00:00:29, Sys 0 00:00:03  -  Total Remote Usage
		Usr 0 00:00:00, Sys 0 00:00:00  -  Total Local Usage
	12342  -  Run Bytes Sent By Job
	9837493  -  Run Bytes Received By Job
	12342  -  Total Bytes Sent By Job
	9837493  -  Total Bytes Received By Job
	Partitionable Resources :    Usage  Request Allocated 
	   Cpus                 :        0        1         1 
	   Disk (KB)            :     9643    10000     13065 
	   GPUs                 :                           0 
	   Memory (MB)          :       96     3000      3000 

	Job terminated of its own accord at 2025-07-20T16:12:55Z with exit-code 0.
...
