000 (11280025.017.000) 07/20 18:08:30 Job submitted from host: <188.185.121.235:9618?addrs=188.185.121.235-9618+[2001-1458-d00-49--100-36e]-9618&alias=bigbird22.cern.ch&noUDP&sock=schedd_232129_c3ca>
...
040 (11280025.017.000) 07/20 18:10:50 Started transferring input files
	Transferring to host: <188.185.213.220:9618?addrs=188.185.213.220-9618+[2001-1458-303-1b--100-58]-9618&alias=b9p28p1121.cern.ch&noUDP&sock=slot1_21_8398_e68f_62096>
...
040 (11280025.017.000) 07/20 18:10:50 Finished transferring input files
...
001 (11280025.017.000) 07/20 18:10:51 Job executing on host: <188.185.213.220:9618?addrs=188.185.213.220-9618+[2001-1458-303-1b--100-58]-9618&alias=b9p28p1121.cern.ch&noUDP&sock=startd_8333_52c8>
	SlotName: slot1_21@b9p28p1121.cern.ch
	CondorScratchDir = "/pool/condor/dir_2583712"
	Cpus = 1
	Disk = 12763
	GPUs = 0
	Memory = 3000
...
006 (11280025.017.000) 07/20 18:11:00 Image size of job updated: 145304
	142  -  MemoryUsage of job (MB)
	145304  -  ResidentSetSize of job (KB)
...
040 (11280025.017.000) 07/20 18:11:32 Started transferring output files
...
040 (11280025.017.000) 07/20 18:11:32 Finished transferring output files
...
005 (11280025.017.000) 07/20 18:11:32 Job terminated.
	(1) Normal termination (return value 0)
		Usr 0 00:00:25, Sys 0 00:00:02  -  Run Remote Usage
		Usr 0 00:00:00, Sys 0 00:00:00  -  Run Local Usage
		Usr 0 00:00:25, Sys 0 00:00:02  -  Total Remote Usage
		Usr 0 00:00:00, Sys 0 00:00:00  -  Total Local Usage
	12167  -  Run Bytes Sent By Job
	9837493  -  Run Bytes Received By Job
	12167  -  Total Bytes Sent By Job
	9837493  -  Total Bytes Received By Job
	Partitionable Resources :    Usage  Request Allocated 
	   Cpus                 :        0        1         1 
	   Disk (KB)            :     9642    10000     12763 
	   GPUs                 :                           0 
	   Memory (MB)          :      142     3000      3000 

	Job terminated of its own accord at 2025-07-20T16:11:32Z with exit-code 0.
...
