Starting job on \n
Running on: Linux b9p25p7824.cern.ch 5.14.0-570.17.1.el9_6.x86_64 #1 SMP PREEMPT_DYNAMIC Tue May 13 06:41:18 EDT 2025 x86_64 x86_64 x86_64 GNU/Linux\n
System software: Red Hat Enterprise Linux release 9.6 (Plow)\n
Setting up CROWN for RedHatEnterprise Version 9.6
/eos/user/j/jiahua/MC_2023_inc/TTto2L2Nu_powheg_23/e568a5cc-fee2-4a3f-89f0-a191dbee9a7c.root
[2025-07-20 18:12:02.195] [main] [info] Checking input files
[2025-07-20 18:12:13.164] [main] [info] NanoAOD input_file 1: root://cms-xrd-global.cern.ch//store/mc/Run3Summer23NanoAODv12/TTto2L2Nu_TuneCP5_13p6TeV_powheg-pythia8/NANOAODSIM/130X_mcRun3_2023_realistic_v14-v2/70000/e568a5cc-fee2-4a3f-89f0-a191dbee9a7c.root - 468000 Events
[2025-07-20 18:12:13.164] [main] [info] input_file 1: root://cms-xrd-global.cern.ch//store/mc/Run3Summer23NanoAODv12/TTto2L2Nu_TuneCP5_13p6TeV_powheg-pythia8/NANOAODSIM/130X_mcRun3_2023_realistic_v14-v2/70000/e568a5cc-fee2-4a3f-89f0-a191dbee9a7c.root - SumOfGenWeight: 37654432.068600014 
[2025-07-20 18:12:13.164] [main] [info] Output directory: /eos/user/j/jiahua/MC_2023_inc/TTto2L2Nu_powheg_23/e568a5cc-fee2-4a3f-89f0-a191dbee9a7c.root
[2025-07-20 18:12:13.165] [main] [info] Starting Setup of Dataframe with 468000 events
[2025-07-20 18:12:19.811] [main] [info] Finished Setup
[2025-07-20 18:12:19.812] [main] [info] Runtime for setup (real time: 6.65, CPU time: 2.32)
[2025-07-20 18:12:19.812] [main] [info] Starting Evaluation
[2025-07-20 18:12:36.625] [main] [info] 10000 / 468000 (2.14 %) Events processed ...
[2025-07-20 18:12:37.281] [main] [info] 20000 / 468000 (4.27 %) Events processed ...
[2025-07-20 18:12:46.982] [main] [info] 30000 / 468000 (6.41 %) Events processed ...
[2025-07-20 18:12:47.518] [main] [info] 40000 / 468000 (8.55 %) Events processed ...
[2025-07-20 18:12:55.042] [main] [info] 50000 / 468000 (10.68 %) Events processed ...
[2025-07-20 18:12:55.671] [main] [info] 60000 / 468000 (12.82 %) Events processed ...
[2025-07-20 18:13:02.505] [main] [info] 70000 / 468000 (14.96 %) Events processed ...
[2025-07-20 18:13:03.178] [main] [info] 80000 / 468000 (17.09 %) Events processed ...
[2025-07-20 18:13:07.593] [main] [info] 90000 / 468000 (19.23 %) Events processed ...
[2025-07-20 18:13:08.236] [main] [info] 100000 / 468000 (21.37 %) Events processed ...
[2025-07-20 18:13:08.779] [main] [info] 110000 / 468000 (23.50 %) Events processed ...
[2025-07-20 18:13:12.607] [main] [info] 120000 / 468000 (25.64 %) Events processed ...
[2025-07-20 18:13:13.299] [main] [info] 130000 / 468000 (27.78 %) Events processed ...
[2025-07-20 18:13:17.046] [main] [info] 140000 / 468000 (29.91 %) Events processed ...
[2025-07-20 18:13:17.613] [main] [info] 150000 / 468000 (32.05 %) Events processed ...
[2025-07-20 18:13:21.987] [main] [info] 160000 / 468000 (34.19 %) Events processed ...
[2025-07-20 18:13:22.585] [main] [info] 170000 / 468000 (36.32 %) Events processed ...
[2025-07-20 18:13:26.481] [main] [info] 180000 / 468000 (38.46 %) Events processed ...
[2025-07-20 18:13:27.125] [main] [info] 190000 / 468000 (40.60 %) Events processed ...
[2025-07-20 18:13:30.504] [main] [info] 200000 / 468000 (42.74 %) Events processed ...
[2025-07-20 18:13:31.070] [main] [info] 210000 / 468000 (44.87 %) Events processed ...
[2025-07-20 18:13:31.759] [main] [info] 220000 / 468000 (47.01 %) Events processed ...
[2025-07-20 18:13:37.560] [main] [info] 230000 / 468000 (49.15 %) Events processed ...
[2025-07-20 18:13:38.211] [main] [info] 240000 / 468000 (51.28 %) Events processed ...
[2025-07-20 18:13:47.510] [main] [info] 250000 / 468000 (53.42 %) Events processed ...
[2025-07-20 18:13:48.234] [main] [info] 260000 / 468000 (55.56 %) Events processed ...
[2025-07-20 18:13:52.715] [main] [info] 270000 / 468000 (57.69 %) Events processed ...
[2025-07-20 18:13:53.265] [main] [info] 280000 / 468000 (59.83 %) Events processed ...
[2025-07-20 18:13:57.162] [main] [info] 290000 / 468000 (61.97 %) Events processed ...
[2025-07-20 18:13:57.862] [main] [info] 300000 / 468000 (64.10 %) Events processed ...
[2025-07-20 18:13:58.414] [main] [info] 310000 / 468000 (66.24 %) Events processed ...
[2025-07-20 18:14:01.034] [main] [info] 320000 / 468000 (68.38 %) Events processed ...
[2025-07-20 18:14:01.775] [main] [info] 330000 / 468000 (70.51 %) Events processed ...
[2025-07-20 18:14:04.148] [main] [info] 340000 / 468000 (72.65 %) Events processed ...
[2025-07-20 18:14:04.698] [main] [info] 350000 / 468000 (74.79 %) Events processed ...
[2025-07-20 18:14:07.064] [main] [info] 360000 / 468000 (76.92 %) Events processed ...
[2025-07-20 18:14:07.720] [main] [info] 370000 / 468000 (79.06 %) Events processed ...
[2025-07-20 18:14:09.777] [main] [info] 380000 / 468000 (81.20 %) Events processed ...
[2025-07-20 18:14:10.432] [main] [info] 390000 / 468000 (83.33 %) Events processed ...
[2025-07-20 18:14:12.382] [main] [info] 400000 / 468000 (85.47 %) Events processed ...
[2025-07-20 18:14:12.923] [main] [info] 410000 / 468000 (87.61 %) Events processed ...
[2025-07-20 18:14:13.613] [main] [info] 420000 / 468000 (89.74 %) Events processed ...
[2025-07-20 18:14:20.821] [main] [info] 430000 / 468000 (91.88 %) Events processed ...
[2025-07-20 18:14:21.559] [main] [info] 440000 / 468000 (94.02 %) Events processed ...
[2025-07-20 18:14:24.716] [main] [info] 450000 / 468000 (96.15 %) Events processed ...
[2025-07-20 18:14:25.445] [main] [info] 460000 / 468000 (98.29 %) Events processed ...
[2025-07-20 18:14:27.408] [main] [info] vbfhmm:
Flag_goodVertices: pass=468000     all=468000     -- eff=100.00 % cumulative eff=100.00 %
Flag_globalSuperTightHalo2016Filter: pass=467903     all=468000     -- eff=99.98 % cumulative eff=99.98 %
Flag_EcalDeadCellTriggerPrimitiveFilter: pass=467863     all=467903     -- eff=99.99 % cumulative eff=99.97 %
Flag_BadPFMuonFilter: pass=467811     all=467863     -- eff=99.99 % cumulative eff=99.96 %
Flag_BadPFMuonDzFilter: pass=467791     all=467811     -- eff=100.00 % cumulative eff=99.96 %
Flag_eeBadScFilter: pass=467791     all=467791     -- eff=100.00 % cumulative eff=99.96 %
Flag_ecalBadCalibFilter: pass=467716     all=467791     -- eff=99.98 % cumulative eff=99.94 %
Flag_hfNoisyHitsFilter: pass=467704     all=467716     -- eff=100.00 % cumulative eff=99.94 %
Number of muons 2: pass=31977      all=467704     -- eff=6.84 % cumulative eff=6.83 %
DiMuon From Higgs: pass=14789      all=31977      -- eff=46.25 % cumulative eff=3.16 %
LeptonChargeSum: pass=14663      all=14789      -- eff=99.15 % cumulative eff=3.13 %
[2025-07-20 18:14:27.789] [main] [info] Writing quantities map to /eos/user/j/jiahua/MC_2023_inc/TTto2L2Nu_powheg_23/e568a5cc-fee2-4a3f-89f0-a191dbee9a7c_vbfhmm.root
[2025-07-20 18:14:28.183] [main] [info] Finished Evaluation
[2025-07-20 18:14:28.183] [main] [info] Overall runtime (real time: 135.02, CPU time: 39.55)
