000 (11280025.067.000) 07/20 18:08:30 Job submitted from host: <188.185.121.235:9618?addrs=188.185.121.235-9618+[2001-1458-d00-49--100-36e]-9618&alias=bigbird22.cern.ch&noUDP&sock=schedd_232129_c3ca>
...
040 (11280025.067.000) 07/20 18:11:08 Started transferring input files
	Transferring to host: <188.185.198.154:9618?addrs=188.185.198.154-9618+[2001-1458-303-25--100-96]-9618&alias=b9p15p3887.cern.ch&noUDP&sock=slot1_20_1548761_fb5d_36444>
...
040 (11280025.067.000) 07/20 18:11:08 Finished transferring input files
...
001 (11280025.067.000) 07/20 18:11:09 Job executing on host: <188.185.198.154:9618?addrs=188.185.198.154-9618+[2001-1458-303-25--100-96]-9618&alias=b9p15p3887.cern.ch&noUDP&sock=startd_1548700_f690>
	SlotName: slot1_20@b9p15p3887.cern.ch
	CondorScratchDir = "/pool/condor/dir_3797795"
	Cpus = 1
	Disk = 13046
	GPUs = 0
	Memory = 3000
...
006 (11280025.067.000) 07/20 18:11:23 Image size of job updated: 95784
	94  -  MemoryUsage of job (MB)
	95784  -  ResidentSetSize of job (KB)
...
006 (11280025.067.000) 07/20 18:12:13 Image size of job updated: 259464
	94  -  MemoryUsage of job (MB)
	95784  -  ResidentSetSize of job (KB)
...
040 (11280025.067.000) 07/20 18:12:13 Started transferring output files
...
040 (11280025.067.000) 07/20 18:12:13 Finished transferring output files
...
005 (11280025.067.000) 07/20 18:12:13 Job terminated.
	(1) Normal termination (return value 0)
		Usr 0 00:00:47, Sys 0 00:00:02  -  Run Remote Usage
		Usr 0 00:00:00, Sys 0 00:00:00  -  Run Local Usage
		Usr 0 00:00:47, Sys 0 00:00:02  -  Total Remote Usage
		Usr 0 00:00:00, Sys 0 00:00:00  -  Total Local Usage
	13037  -  Run Bytes Sent By Job
	9837493  -  Run Bytes Received By Job
	13037  -  Total Bytes Sent By Job
	9837493  -  Total Bytes Received By Job
	Partitionable Resources :    Usage  Request Allocated 
	   Cpus                 :        0        1         1 
	   Disk (KB)            :     9644    10000     13046 
	   GPUs                 :                           0 
	   Memory (MB)          :       94     3000      3000 

	Job terminated of its own accord at 2025-07-20T16:12:13Z with exit-code 0.
...
