Starting job on \n
Running on: Linux b9p31p9045.cern.ch 5.14.0-570.17.1.el9_6.x86_64 #1 SMP PREEMPT_DYNAMIC Tue May 13 06:41:18 EDT 2025 x86_64 x86_64 x86_64 GNU/Linux\n
System software: Red Hat Enterprise Linux release 9.6 (Plow)\n
Setting up CROWN for RedHatEnterprise Version 9.6
/eos/user/j/jiahua/MC_2023_inc/TTto2L2Nu_powheg_23/bdbfe487-c112-45b8-a933-595187cb238e.root
[2025-07-20 18:11:02.246] [main] [info] Checking input files
[2025-07-20 18:11:07.574] [main] [info] NanoAOD input_file 1: root://cms-xrd-global.cern.ch//store/mc/Run3Summer23NanoAODv12/TTto2L2Nu_TuneCP5_13p6TeV_powheg-pythia8/NANOAODSIM/130X_mcRun3_2023_realistic_v14-v2/70000/bdbfe487-c112-45b8-a933-595187cb238e.root - 237000 Events
[2025-07-20 18:11:07.574] [main] [info] input_file 1: root://cms-xrd-global.cern.ch//store/mc/Run3Summer23NanoAODv12/TTto2L2Nu_TuneCP5_13p6TeV_powheg-pythia8/NANOAODSIM/130X_mcRun3_2023_realistic_v14-v2/70000/bdbfe487-c112-45b8-a933-595187cb238e.root - SumOfGenWeight: 19064444.941800006 
[2025-07-20 18:11:07.574] [main] [info] Output directory: /eos/user/j/jiahua/MC_2023_inc/TTto2L2Nu_powheg_23/bdbfe487-c112-45b8-a933-595187cb238e.root
[2025-07-20 18:11:07.575] [main] [info] Starting Setup of Dataframe with 237000 events
[2025-07-20 18:11:13.811] [main] [info] Finished Setup
[2025-07-20 18:11:13.811] [main] [info] Runtime for setup (real time: 6.24, CPU time: 2.13)
[2025-07-20 18:11:13.811] [main] [info] Starting Evaluation
[2025-07-20 18:11:28.495] [main] [info] 10000 / 237000 (4.22 %) Events processed ...
[2025-07-20 18:11:29.207] [main] [info] 20000 / 237000 (8.44 %) Events processed ...
[2025-07-20 18:11:36.367] [main] [info] 30000 / 237000 (12.66 %) Events processed ...
[2025-07-20 18:11:36.867] [main] [info] 40000 / 237000 (16.88 %) Events processed ...
[2025-07-20 18:11:44.332] [main] [info] 50000 / 237000 (21.10 %) Events processed ...
[2025-07-20 18:11:44.872] [main] [info] 60000 / 237000 (25.32 %) Events processed ...
[2025-07-20 18:11:54.143] [main] [info] 70000 / 237000 (29.54 %) Events processed ...
[2025-07-20 18:11:54.756] [main] [info] 80000 / 237000 (33.76 %) Events processed ...
[2025-07-20 18:11:58.774] [main] [info] 90000 / 237000 (37.97 %) Events processed ...
[2025-07-20 18:11:59.466] [main] [info] 100000 / 237000 (42.19 %) Events processed ...
[2025-07-20 18:12:00.039] [main] [info] 110000 / 237000 (46.41 %) Events processed ...
[2025-07-20 18:12:04.058] [main] [info] 120000 / 237000 (50.63 %) Events processed ...
[2025-07-20 18:12:04.733] [main] [info] 130000 / 237000 (54.85 %) Events processed ...
[2025-07-20 18:12:15.093] [main] [info] 140000 / 237000 (59.07 %) Events processed ...
[2025-07-20 18:12:15.620] [main] [info] 150000 / 237000 (63.29 %) Events processed ...
[2025-07-20 18:12:23.428] [main] [info] 160000 / 237000 (67.51 %) Events processed ...
[2025-07-20 18:12:24.049] [main] [info] 170000 / 237000 (71.73 %) Events processed ...
[2025-07-20 18:12:33.541] [main] [info] 180000 / 237000 (75.95 %) Events processed ...
[2025-07-20 18:12:34.206] [main] [info] 190000 / 237000 (80.17 %) Events processed ...
[2025-07-20 18:12:40.720] [main] [info] 200000 / 237000 (84.39 %) Events processed ...
[2025-07-20 18:12:41.256] [main] [info] 210000 / 237000 (88.61 %) Events processed ...
[2025-07-20 18:12:41.920] [main] [info] 220000 / 237000 (92.83 %) Events processed ...
[2025-07-20 18:12:49.935] [main] [info] 230000 / 237000 (97.05 %) Events processed ...
[2025-07-20 18:12:50.608] [main] [info] vbfhmm:
Flag_goodVertices: pass=237000     all=237000     -- eff=100.00 % cumulative eff=100.00 %
Flag_globalSuperTightHalo2016Filter: pass=236956     all=237000     -- eff=99.98 % cumulative eff=99.98 %
Flag_EcalDeadCellTriggerPrimitiveFilter: pass=236941     all=236956     -- eff=99.99 % cumulative eff=99.98 %
Flag_BadPFMuonFilter: pass=236923     all=236941     -- eff=99.99 % cumulative eff=99.97 %
Flag_BadPFMuonDzFilter: pass=236911     all=236923     -- eff=99.99 % cumulative eff=99.96 %
Flag_eeBadScFilter: pass=236911     all=236911     -- eff=100.00 % cumulative eff=99.96 %
Flag_ecalBadCalibFilter: pass=236879     all=236911     -- eff=99.99 % cumulative eff=99.95 %
Flag_hfNoisyHitsFilter: pass=236873     all=236879     -- eff=100.00 % cumulative eff=99.95 %
Number of muons 2: pass=16059      all=236873     -- eff=6.78 % cumulative eff=6.78 %
DiMuon From Higgs: pass=7422       all=16059      -- eff=46.22 % cumulative eff=3.13 %
LeptonChargeSum: pass=7340       all=7422       -- eff=98.90 % cumulative eff=3.10 %
[2025-07-20 18:12:50.827] [main] [info] Writing quantities map to /eos/user/j/jiahua/MC_2023_inc/TTto2L2Nu_powheg_23/bdbfe487-c112-45b8-a933-595187cb238e_vbfhmm.root
[2025-07-20 18:12:51.124] [main] [info] Finished Evaluation
[2025-07-20 18:12:51.124] [main] [info] Overall runtime (real time: 103.55, CPU time: 24.06)
