000 (11280025.159.000) 07/20 18:08:31 Job submitted from host: <188.185.121.235:9618?addrs=188.185.121.235-9618+[2001-1458-d00-49--100-36e]-9618&alias=bigbird22.cern.ch&noUDP&sock=schedd_232129_c3ca>
...
040 (11280025.159.000) 07/20 18:11:39 Started transferring input files
	Transferring to host: <188.185.210.230:9618?addrs=188.185.210.230-9618+[2001-1458-303-15--100-62]-9618&alias=b9p22p7714.cern.ch&noUDP&sock=slot1_19_3373_5562_51469>
...
040 (11280025.159.000) 07/20 18:11:39 Finished transferring input files
...
001 (11280025.159.000) 07/20 18:11:40 Job executing on host: <188.185.210.230:9618?addrs=188.185.210.230-9618+[2001-1458-303-15--100-62]-9618&alias=b9p22p7714.cern.ch&noUDP&sock=startd_3296_5c3e>
	SlotName: slot1_19@b9p22p7714.cern.ch
	CondorScratchDir = "/pool/condor/dir_836389"
	Cpus = 1
	Disk = 13061
	GPUs = 0
	Memory = 3000
...
006 (11280025.159.000) 07/20 18:11:49 Image size of job updated: 93076
	91  -  MemoryUsage of job (MB)
	93076  -  ResidentSetSize of job (KB)
...
006 (11280025.159.000) 07/20 18:13:48 Image size of job updated: 93076
	92  -  MemoryUsage of job (MB)
	93588  -  ResidentSetSize of job (KB)
...
040 (11280025.159.000) 07/20 18:13:48 Started transferring output files
...
040 (11280025.159.000) 07/20 18:13:48 Finished transferring output files
...
005 (11280025.159.000) 07/20 18:13:48 Job terminated.
	(1) Normal termination (return value 0)
		Usr 0 00:00:33, Sys 0 00:00:03  -  Run Remote Usage
		Usr 0 00:00:00, Sys 0 00:00:00  -  Run Local Usage
		Usr 0 00:00:33, Sys 0 00:00:03  -  Total Remote Usage
		Usr 0 00:00:00, Sys 0 00:00:00  -  Total Local Usage
	12862  -  Run Bytes Sent By Job
	9837493  -  Run Bytes Received By Job
	12862  -  Total Bytes Sent By Job
	9837493  -  Total Bytes Received By Job
	Partitionable Resources :    Usage  Request Allocated 
	   Cpus                 :     0.53        1         1 
	   Disk (KB)            :  9644       10000     13061 
	   GPUs                 :                           0 
	   Memory (MB)          :    92        3000      3000 

	Job terminated of its own accord at 2025-07-20T16:13:48Z with exit-code 0.
...
