Starting job on \n
Running on: Linux b9g03p2461.cern.ch 5.14.0-570.21.1.el9_6.x86_64 #1 SMP PREEMPT_DYNAMIC Tue Jun 3 12:46:50 EDT 2025 x86_64 x86_64 x86_64 GNU/Linux\n
System software: Red Hat Enterprise Linux release 9.6 (Plow)\n
Setting up CROWN for RedHatEnterprise Version 9.6
/eos/user/j/jiahua/MC_2023_inc/TTto2L2Nu_powheg_23/30ad260e-b771-46fb-9025-d23fb866722c.root
[2025-07-20 18:11:21.169] [main] [info] Checking input files
[2025-07-20 18:11:27.430] [main] [info] NanoAOD input_file 1: root://cms-xrd-global.cern.ch//store/mc/Run3Summer23NanoAODv12/TTto2L2Nu_TuneCP5_13p6TeV_powheg-pythia8/NANOAODSIM/130X_mcRun3_2023_realistic_v14-v2/70000/30ad260e-b771-46fb-9025-d23fb866722c.root - 333000 Events
[2025-07-20 18:11:27.430] [main] [info] input_file 1: root://cms-xrd-global.cern.ch//store/mc/Run3Summer23NanoAODv12/TTto2L2Nu_TuneCP5_13p6TeV_powheg-pythia8/NANOAODSIM/130X_mcRun3_2023_realistic_v14-v2/70000/30ad260e-b771-46fb-9025-d23fb866722c.root - SumOfGenWeight: 26785536.221800007 
[2025-07-20 18:11:27.430] [main] [info] Output directory: /eos/user/j/jiahua/MC_2023_inc/TTto2L2Nu_powheg_23/30ad260e-b771-46fb-9025-d23fb866722c.root
[2025-07-20 18:11:27.431] [main] [info] Starting Setup of Dataframe with 333000 events
[2025-07-20 18:11:35.302] [main] [info] Finished Setup
[2025-07-20 18:11:35.302] [main] [info] Runtime for setup (real time: 7.87, CPU time: 3.44)
[2025-07-20 18:11:35.302] [main] [info] Starting Evaluation
[2025-07-20 18:11:57.458] [main] [info] 10000 / 333000 (3.00 %) Events processed ...
[2025-07-20 18:11:58.290] [main] [info] 20000 / 333000 (6.01 %) Events processed ...
[2025-07-20 18:12:03.227] [main] [info] 30000 / 333000 (9.01 %) Events processed ...
[2025-07-20 18:12:04.029] [main] [info] 40000 / 333000 (12.01 %) Events processed ...
[2025-07-20 18:12:13.468] [main] [info] 50000 / 333000 (15.02 %) Events processed ...
[2025-07-20 18:12:14.464] [main] [info] 60000 / 333000 (18.02 %) Events processed ...
[2025-07-20 18:12:29.473] [main] [info] 70000 / 333000 (21.02 %) Events processed ...
[2025-07-20 18:12:30.400] [main] [info] 80000 / 333000 (24.02 %) Events processed ...
[2025-07-20 18:12:37.158] [main] [info] 90000 / 333000 (27.03 %) Events processed ...
[2025-07-20 18:12:37.911] [main] [info] 100000 / 333000 (30.03 %) Events processed ...
[2025-07-20 18:12:38.817] [main] [info] 110000 / 333000 (33.03 %) Events processed ...
[2025-07-20 18:12:49.584] [main] [info] 120000 / 333000 (36.04 %) Events processed ...
[2025-07-20 18:12:50.330] [main] [info] 130000 / 333000 (39.04 %) Events processed ...
[2025-07-20 18:12:57.534] [main] [info] 140000 / 333000 (42.04 %) Events processed ...
[2025-07-20 18:12:58.341] [main] [info] 150000 / 333000 (45.05 %) Events processed ...
[2025-07-20 18:13:04.098] [main] [info] 160000 / 333000 (48.05 %) Events processed ...
[2025-07-20 18:13:04.851] [main] [info] 170000 / 333000 (51.05 %) Events processed ...
[2025-07-20 18:13:09.834] [main] [info] 180000 / 333000 (54.05 %) Events processed ...
[2025-07-20 18:13:10.672] [main] [info] 190000 / 333000 (57.06 %) Events processed ...
[2025-07-20 18:13:11.387] [main] [info] 200000 / 333000 (60.06 %) Events processed ...
[2025-07-20 18:13:19.070] [main] [info] 210000 / 333000 (63.06 %) Events processed ...
[2025-07-20 18:13:19.981] [main] [info] 220000 / 333000 (66.07 %) Events processed ...
[2025-07-20 18:13:25.258] [main] [info] 230000 / 333000 (69.07 %) Events processed ...
[2025-07-20 18:13:26.028] [main] [info] 240000 / 333000 (72.07 %) Events processed ...
[2025-07-20 18:13:30.361] [main] [info] 250000 / 333000 (75.08 %) Events processed ...
[2025-07-20 18:13:31.409] [main] [info] 260000 / 333000 (78.08 %) Events processed ...
[2025-07-20 18:13:37.457] [main] [info] 270000 / 333000 (81.08 %) Events processed ...
[2025-07-20 18:13:38.361] [main] [info] 280000 / 333000 (84.08 %) Events processed ...
[2025-07-20 18:13:42.485] [main] [info] 290000 / 333000 (87.09 %) Events processed ...
[2025-07-20 18:13:43.243] [main] [info] 300000 / 333000 (90.09 %) Events processed ...
[2025-07-20 18:13:44.144] [main] [info] 310000 / 333000 (93.09 %) Events processed ...
[2025-07-20 18:13:50.327] [main] [info] 320000 / 333000 (96.10 %) Events processed ...
[2025-07-20 18:13:51.249] [main] [info] 330000 / 333000 (99.10 %) Events processed ...
[2025-07-20 18:13:51.513] [main] [info] vbfhmm:
Flag_goodVertices: pass=333000     all=333000     -- eff=100.00 % cumulative eff=100.00 %
Flag_globalSuperTightHalo2016Filter: pass=332954     all=333000     -- eff=99.99 % cumulative eff=99.99 %
Flag_EcalDeadCellTriggerPrimitiveFilter: pass=332923     all=332954     -- eff=99.99 % cumulative eff=99.98 %
Flag_BadPFMuonFilter: pass=332892     all=332923     -- eff=99.99 % cumulative eff=99.97 %
Flag_BadPFMuonDzFilter: pass=332883     all=332892     -- eff=100.00 % cumulative eff=99.96 %
Flag_eeBadScFilter: pass=332883     all=332883     -- eff=100.00 % cumulative eff=99.96 %
Flag_ecalBadCalibFilter: pass=332834     all=332883     -- eff=99.99 % cumulative eff=99.95 %
Flag_hfNoisyHitsFilter: pass=332830     all=332834     -- eff=100.00 % cumulative eff=99.95 %
Number of muons 2: pass=22815      all=332830     -- eff=6.85 % cumulative eff=6.85 %
DiMuon From Higgs: pass=10521      all=22815      -- eff=46.11 % cumulative eff=3.16 %
LeptonChargeSum: pass=10397      all=10521      -- eff=98.82 % cumulative eff=3.12 %
[2025-07-20 18:13:51.660] [main] [info] Writing quantities map to /eos/user/j/jiahua/MC_2023_inc/TTto2L2Nu_powheg_23/30ad260e-b771-46fb-9025-d23fb866722c_vbfhmm.root
[2025-07-20 18:13:51.742] [main] [info] Finished Evaluation
[2025-07-20 18:13:51.742] [main] [info] Overall runtime (real time: 144.31, CPU time: 43.51)
