Starting job on \n
Running on: Linux b9p18p8514.cern.ch 5.14.0-570.17.1.el9_6.x86_64 #1 SMP PREEMPT_DYNAMIC Tue May 13 06:41:18 EDT 2025 x86_64 x86_64 x86_64 GNU/Linux\n
System software: Red Hat Enterprise Linux release 9.6 (Plow)\n
Setting up CROWN for RedHatEnterprise Version 9.6
/eos/user/j/jiahua/MC_2023_inc/TTto2L2Nu_powheg_23/cb6483fd-d7b5-4134-8560-38c7ecd0c0de.root
[2025-07-20 18:10:52.199] [main] [info] Checking input files
[2025-07-20 18:10:56.539] [main] [info] NanoAOD input_file 1: root://cms-xrd-global.cern.ch//store/mc/Run3Summer23NanoAODv12/TTto2L2Nu_TuneCP5_13p6TeV_powheg-pythia8/NANOAODSIM/130X_mcRun3_2023_realistic_v14-v2/70000/cb6483fd-d7b5-4134-8560-38c7ecd0c0de.root - 261000 Events
[2025-07-20 18:10:56.539] [main] [info] input_file 1: root://cms-xrd-global.cern.ch//store/mc/Run3Summer23NanoAODv12/TTto2L2Nu_TuneCP5_13p6TeV_powheg-pythia8/NANOAODSIM/130X_mcRun3_2023_realistic_v14-v2/70000/cb6483fd-d7b5-4134-8560-38c7ecd0c0de.root - SumOfGenWeight: 20985309.70940001 
[2025-07-20 18:10:56.539] [main] [info] Output directory: /eos/user/j/jiahua/MC_2023_inc/TTto2L2Nu_powheg_23/cb6483fd-d7b5-4134-8560-38c7ecd0c0de.root
[2025-07-20 18:10:56.540] [main] [info] Starting Setup of Dataframe with 261000 events
[2025-07-20 18:10:58.366] [main] [info] Finished Setup
[2025-07-20 18:10:58.366] [main] [info] Runtime for setup (real time: 1.83, CPU time: 1.46)
[2025-07-20 18:10:58.366] [main] [info] Starting Evaluation
[2025-07-20 18:11:04.512] [main] [info] 10000 / 261000 (3.83 %) Events processed ...
[2025-07-20 18:11:04.982] [main] [info] 20000 / 261000 (7.66 %) Events processed ...
[2025-07-20 18:11:05.749] [main] [info] 30000 / 261000 (11.49 %) Events processed ...
[2025-07-20 18:11:06.141] [main] [info] 40000 / 261000 (15.33 %) Events processed ...
[2025-07-20 18:11:06.981] [main] [info] 50000 / 261000 (19.16 %) Events processed ...
[2025-07-20 18:11:07.433] [main] [info] 60000 / 261000 (22.99 %) Events processed ...
[2025-07-20 18:11:08.212] [main] [info] 70000 / 261000 (26.82 %) Events processed ...
[2025-07-20 18:11:08.678] [main] [info] 80000 / 261000 (30.65 %) Events processed ...
[2025-07-20 18:11:09.540] [main] [info] 90000 / 261000 (34.48 %) Events processed ...
[2025-07-20 18:11:10.054] [main] [info] 100000 / 261000 (38.31 %) Events processed ...
[2025-07-20 18:11:10.438] [main] [info] 110000 / 261000 (42.15 %) Events processed ...
[2025-07-20 18:11:11.283] [main] [info] 120000 / 261000 (45.98 %) Events processed ...
[2025-07-20 18:11:11.785] [main] [info] 130000 / 261000 (49.81 %) Events processed ...
[2025-07-20 18:11:12.522] [main] [info] 140000 / 261000 (53.64 %) Events processed ...
[2025-07-20 18:11:13.015] [main] [info] 150000 / 261000 (57.47 %) Events processed ...
[2025-07-20 18:11:13.848] [main] [info] 160000 / 261000 (61.30 %) Events processed ...
[2025-07-20 18:11:14.318] [main] [info] 170000 / 261000 (65.13 %) Events processed ...
[2025-07-20 18:11:15.089] [main] [info] 180000 / 261000 (68.97 %) Events processed ...
[2025-07-20 18:11:15.555] [main] [info] 190000 / 261000 (72.80 %) Events processed ...
[2025-07-20 18:11:16.420] [main] [info] 200000 / 261000 (76.63 %) Events processed ...
[2025-07-20 18:11:16.824] [main] [info] 210000 / 261000 (80.46 %) Events processed ...
[2025-07-20 18:11:17.303] [main] [info] 220000 / 261000 (84.29 %) Events processed ...
[2025-07-20 18:11:18.123] [main] [info] 230000 / 261000 (88.12 %) Events processed ...
[2025-07-20 18:11:18.510] [main] [info] 240000 / 261000 (91.95 %) Events processed ...
[2025-07-20 18:11:19.277] [main] [info] 250000 / 261000 (95.79 %) Events processed ...
[2025-07-20 18:11:19.798] [main] [info] 260000 / 261000 (99.62 %) Events processed ...
[2025-07-20 18:11:20.130] [main] [info] vbfhmm:
Flag_goodVertices: pass=261000     all=261000     -- eff=100.00 % cumulative eff=100.00 %
Flag_globalSuperTightHalo2016Filter: pass=260957     all=261000     -- eff=99.98 % cumulative eff=99.98 %
Flag_EcalDeadCellTriggerPrimitiveFilter: pass=260928     all=260957     -- eff=99.99 % cumulative eff=99.97 %
Flag_BadPFMuonFilter: pass=260905     all=260928     -- eff=99.99 % cumulative eff=99.96 %
Flag_BadPFMuonDzFilter: pass=260895     all=260905     -- eff=100.00 % cumulative eff=99.96 %
Flag_eeBadScFilter: pass=260895     all=260895     -- eff=100.00 % cumulative eff=99.96 %
Flag_ecalBadCalibFilter: pass=260856     all=260895     -- eff=99.99 % cumulative eff=99.94 %
Flag_hfNoisyHitsFilter: pass=260849     all=260856     -- eff=100.00 % cumulative eff=99.94 %
Number of muons 2: pass=17912      all=260849     -- eff=6.87 % cumulative eff=6.86 %
DiMuon From Higgs: pass=8326       all=17912      -- eff=46.48 % cumulative eff=3.19 %
LeptonChargeSum: pass=8265       all=8326       -- eff=99.27 % cumulative eff=3.17 %
[2025-07-20 18:11:21.079] [main] [info] Writing quantities map to /eos/user/j/jiahua/MC_2023_inc/TTto2L2Nu_powheg_23/cb6483fd-d7b5-4134-8560-38c7ecd0c0de_vbfhmm.root
[2025-07-20 18:11:21.251] [main] [info] Finished Evaluation
[2025-07-20 18:11:21.251] [main] [info] Overall runtime (real time: 24.71, CPU time: 18.89)
