Starting job on \n
Running on: Linux b9p23p7440.cern.ch 5.14.0-570.17.1.el9_6.x86_64 #1 SMP PREEMPT_DYNAMIC Tue May 13 06:41:18 EDT 2025 x86_64 x86_64 x86_64 GNU/Linux\n
System software: Red Hat Enterprise Linux release 9.6 (Plow)\n
Setting up CROWN for RedHatEnterprise Version 9.6
/eos/user/j/jiahua/MC_2023_inc/TTto2L2Nu_powheg_23/f4447ae2-2bb4-487a-b996-202c4c691642.root
[2025-07-20 18:11:57.625] [main] [info] Checking input files
[2025-07-20 18:12:03.135] [main] [info] NanoAOD input_file 1: root://cms-xrd-global.cern.ch//store/mc/Run3Summer23NanoAODv12/TTto2L2Nu_TuneCP5_13p6TeV_powheg-pythia8/NANOAODSIM/130X_mcRun3_2023_realistic_v14-v2/70000/f4447ae2-2bb4-487a-b996-202c4c691642.root - 18000 Events
[2025-07-20 18:12:03.136] [main] [info] input_file 1: root://cms-xrd-global.cern.ch//store/mc/Run3Summer23NanoAODv12/TTto2L2Nu_TuneCP5_13p6TeV_powheg-pythia8/NANOAODSIM/130X_mcRun3_2023_realistic_v14-v2/70000/f4447ae2-2bb4-487a-b996-202c4c691642.root - SumOfGenWeight: 1447542.4072000002 
[2025-07-20 18:12:03.136] [main] [info] Output directory: /eos/user/j/jiahua/MC_2023_inc/TTto2L2Nu_powheg_23/f4447ae2-2bb4-487a-b996-202c4c691642.root
[2025-07-20 18:12:03.137] [main] [info] Starting Setup of Dataframe with 18000 events
[2025-07-20 18:12:08.592] [main] [info] Finished Setup
[2025-07-20 18:12:08.592] [main] [info] Runtime for setup (real time: 5.46, CPU time: 4.53)
[2025-07-20 18:12:08.592] [main] [info] Starting Evaluation
[2025-07-20 18:12:19.234] [main] [info] 10000 / 18000 (55.56 %) Events processed ...
[2025-07-20 18:12:19.982] [main] [info] vbfhmm:
Flag_goodVertices: pass=18000      all=18000      -- eff=100.00 % cumulative eff=100.00 %
Flag_globalSuperTightHalo2016Filter: pass=17998      all=18000      -- eff=99.99 % cumulative eff=99.99 %
Flag_EcalDeadCellTriggerPrimitiveFilter: pass=17995      all=17998      -- eff=99.98 % cumulative eff=99.97 %
Flag_BadPFMuonFilter: pass=17993      all=17995      -- eff=99.99 % cumulative eff=99.96 %
Flag_BadPFMuonDzFilter: pass=17992      all=17993      -- eff=99.99 % cumulative eff=99.96 %
Flag_eeBadScFilter: pass=17992      all=17992      -- eff=100.00 % cumulative eff=99.96 %
Flag_ecalBadCalibFilter: pass=17992      all=17992      -- eff=100.00 % cumulative eff=99.96 %
Flag_hfNoisyHitsFilter: pass=17992      all=17992      -- eff=100.00 % cumulative eff=99.96 %
Number of muons 2: pass=1312       all=17992      -- eff=7.29 % cumulative eff=7.29 %
DiMuon From Higgs: pass=569        all=1312       -- eff=43.37 % cumulative eff=3.16 %
LeptonChargeSum: pass=562        all=569        -- eff=98.77 % cumulative eff=3.12 %
[2025-07-20 18:12:20.108] [main] [info] Writing quantities map to /eos/user/j/jiahua/MC_2023_inc/TTto2L2Nu_powheg_23/f4447ae2-2bb4-487a-b996-202c4c691642_vbfhmm.root
[2025-07-20 18:12:20.199] [main] [info] Finished Evaluation
[2025-07-20 18:12:20.199] [main] [info] Overall runtime (real time: 17.06, CPU time: 12.73)
