000 (11280025.117.000) 07/20 18:08:30 Job submitted from host: <188.185.121.235:9618?addrs=188.185.121.235-9618+[2001-1458-d00-49--100-36e]-9618&alias=bigbird22.cern.ch&noUDP&sock=schedd_232129_c3ca>
...
040 (11280025.117.000) 07/20 18:11:26 Started transferring input files
	Transferring to host: <188.185.211.225:9618?addrs=188.185.211.225-9618+[2001-1458-303-17--100-5d]-9618&alias=b9p24p5123.cern.ch&noUDP&sock=slot1_34_2043533_9d75_36057>
...
040 (11280025.117.000) 07/20 18:11:26 Finished transferring input files
...
001 (11280025.117.000) 07/20 18:11:27 Job executing on host: <188.185.211.225:9618?addrs=188.185.211.225-9618+[2001-1458-303-17--100-5d]-9618&alias=b9p24p5123.cern.ch&noUDP&sock=startd_2043405_7201>
	SlotName: slot1_34@b9p24p5123.cern.ch
	CondorScratchDir = "/pool/condor/dir_3538310"
	Cpus = 1
	Disk = 13008
	GPUs = 0
	Memory = 3000
...
006 (11280025.117.000) 07/20 18:11:35 Image size of job updated: 100340
	98  -  MemoryUsage of job (MB)
	100340  -  ResidentSetSize of job (KB)
...
040 (11280025.117.000) 07/20 18:11:51 Started transferring output files
...
040 (11280025.117.000) 07/20 18:11:51 Finished transferring output files
...
005 (11280025.117.000) 07/20 18:11:51 Job terminated.
	(1) Normal termination (return value 0)
		Usr 0 00:00:16, Sys 0 00:00:02  -  Run Remote Usage
		Usr 0 00:00:00, Sys 0 00:00:00  -  Run Local Usage
		Usr 0 00:00:16, Sys 0 00:00:02  -  Total Remote Usage
		Usr 0 00:00:00, Sys 0 00:00:00  -  Total Local Usage
	10512  -  Run Bytes Sent By Job
	9837493  -  Run Bytes Received By Job
	10512  -  Total Bytes Sent By Job
	9837493  -  Total Bytes Received By Job
	Partitionable Resources :    Usage  Request Allocated 
	   Cpus                 :        0        1         1 
	   Disk (KB)            :     9641    10000     13008 
	   GPUs                 :                           0 
	   Memory (MB)          :       98     3000      3000 

	Job terminated of its own accord at 2025-07-20T16:11:51Z with exit-code 0.
...
