Starting job on \n
Running on: Linux b9p24p8170.cern.ch 5.14.0-570.17.1.el9_6.x86_64 #1 SMP PREEMPT_DYNAMIC Tue May 13 06:41:18 EDT 2025 x86_64 x86_64 x86_64 GNU/Linux\n
System software: Red Hat Enterprise Linux release 9.6 (Plow)\n
Setting up CROWN for RedHatEnterprise Version 9.6
/eos/user/j/jiahua/MC_2023_inc/TWminusto2L2Nu_powheg_23/cf279e86-6ff9-48ad-9584-2978f101e169.root
[2025-07-20 18:12:10.410] [main] [info] Checking input files
[2025-07-20 18:12:27.262] [main] [info] NanoAOD input_file 1: root://cms-xrd-global.cern.ch//store/mc/Run3Summer23NanoAODv12/TWminusto2L2Nu_TuneCP5_13p6TeV_powheg-pythia8/NANOAODSIM/130X_mcRun3_2023_realistic_v14-v2/2560000/cf279e86-6ff9-48ad-9584-2978f101e169.root - 282000 Events
[2025-07-20 18:12:27.262] [main] [info] input_file 1: root://cms-xrd-global.cern.ch//store/mc/Run3Summer23NanoAODv12/TWminusto2L2Nu_TuneCP5_13p6TeV_powheg-pythia8/NANOAODSIM/130X_mcRun3_2023_realistic_v14-v2/2560000/cf279e86-6ff9-48ad-9584-2978f101e169.root - SumOfGenWeight: 1071232.0716999995 
[2025-07-20 18:12:27.262] [main] [info] Output directory: /eos/user/j/jiahua/MC_2023_inc/TWminusto2L2Nu_powheg_23/cf279e86-6ff9-48ad-9584-2978f101e169.root
[2025-07-20 18:12:27.263] [main] [info] Starting Setup of Dataframe with 282000 events
[2025-07-20 18:12:34.665] [main] [info] Finished Setup
[2025-07-20 18:12:34.665] [main] [info] Runtime for setup (real time: 7.40, CPU time: 5.03)
[2025-07-20 18:12:34.665] [main] [info] Starting Evaluation
[2025-07-20 18:12:43.992] [main] [info] 10000 / 282000 (3.55 %) Events processed ...
[2025-07-20 18:12:44.489] [main] [info] 20000 / 282000 (7.09 %) Events processed ...
[2025-07-20 18:12:45.758] [main] [info] 30000 / 282000 (10.64 %) Events processed ...
[2025-07-20 18:12:46.281] [main] [info] 40000 / 282000 (14.18 %) Events processed ...
[2025-07-20 18:12:47.500] [main] [info] 50000 / 282000 (17.73 %) Events processed ...
[2025-07-20 18:12:48.006] [main] [info] 60000 / 282000 (21.28 %) Events processed ...
[2025-07-20 18:12:48.601] [main] [info] 70000 / 282000 (24.82 %) Events processed ...
[2025-07-20 18:12:49.759] [main] [info] 80000 / 282000 (28.37 %) Events processed ...
[2025-07-20 18:12:50.379] [main] [info] 90000 / 282000 (31.91 %) Events processed ...
[2025-07-20 18:12:51.516] [main] [info] 100000 / 282000 (35.46 %) Events processed ...
[2025-07-20 18:12:52.139] [main] [info] 110000 / 282000 (39.01 %) Events processed ...
[2025-07-20 18:12:52.671] [main] [info] 120000 / 282000 (42.55 %) Events processed ...
[2025-07-20 18:12:53.880] [main] [info] 130000 / 282000 (46.10 %) Events processed ...
[2025-07-20 18:12:54.459] [main] [info] 140000 / 282000 (49.65 %) Events processed ...
[2025-07-20 18:12:55.595] [main] [info] 150000 / 282000 (53.19 %) Events processed ...
[2025-07-20 18:12:56.213] [main] [info] 160000 / 282000 (56.74 %) Events processed ...
[2025-07-20 18:12:56.721] [main] [info] 170000 / 282000 (60.28 %) Events processed ...
[2025-07-20 18:12:58.090] [main] [info] 180000 / 282000 (63.83 %) Events processed ...
[2025-07-20 18:12:58.603] [main] [info] 190000 / 282000 (67.38 %) Events processed ...
[2025-07-20 18:13:00.412] [main] [info] 200000 / 282000 (70.92 %) Events processed ...
[2025-07-20 18:13:00.938] [main] [info] 210000 / 282000 (74.47 %) Events processed ...
[2025-07-20 18:13:02.527] [main] [info] 220000 / 282000 (78.01 %) Events processed ...
[2025-07-20 18:13:03.029] [main] [info] 230000 / 282000 (81.56 %) Events processed ...
[2025-07-20 18:13:03.746] [main] [info] 240000 / 282000 (85.11 %) Events processed ...
[2025-07-20 18:13:05.940] [main] [info] 250000 / 282000 (88.65 %) Events processed ...
[2025-07-20 18:13:06.538] [main] [info] 260000 / 282000 (92.20 %) Events processed ...
[2025-07-20 18:13:07.825] [main] [info] 270000 / 282000 (95.74 %) Events processed ...
[2025-07-20 18:13:08.408] [main] [info] 280000 / 282000 (99.29 %) Events processed ...
[2025-07-20 18:13:08.935] [main] [info] vbfhmm:
Flag_goodVertices: pass=282000     all=282000     -- eff=100.00 % cumulative eff=100.00 %
Flag_globalSuperTightHalo2016Filter: pass=281952     all=282000     -- eff=99.98 % cumulative eff=99.98 %
Flag_EcalDeadCellTriggerPrimitiveFilter: pass=281908     all=281952     -- eff=99.98 % cumulative eff=99.97 %
Flag_BadPFMuonFilter: pass=281883     all=281908     -- eff=99.99 % cumulative eff=99.96 %
Flag_BadPFMuonDzFilter: pass=281868     all=281883     -- eff=99.99 % cumulative eff=99.95 %
Flag_eeBadScFilter: pass=281868     all=281868     -- eff=100.00 % cumulative eff=99.95 %
Flag_ecalBadCalibFilter: pass=281832     all=281868     -- eff=99.99 % cumulative eff=99.94 %
Flag_hfNoisyHitsFilter: pass=281828     all=281832     -- eff=100.00 % cumulative eff=99.94 %
Number of muons 2: pass=21012      all=281828     -- eff=7.46 % cumulative eff=7.45 %
DiMuon From Higgs: pass=9624       all=21012      -- eff=45.80 % cumulative eff=3.41 %
LeptonChargeSum: pass=9563       all=9624       -- eff=99.37 % cumulative eff=3.39 %
[2025-07-20 18:13:09.440] [main] [info] Writing quantities map to /eos/user/j/jiahua/MC_2023_inc/TWminusto2L2Nu_powheg_23/cf279e86-6ff9-48ad-9584-2978f101e169_vbfhmm.root
[2025-07-20 18:13:09.636] [main] [info] Finished Evaluation
[2025-07-20 18:13:09.636] [main] [info] Overall runtime (real time: 42.37, CPU time: 28.40)
