000 (11280027.019.000) 07/20 18:09:00 Job submitted from host: <188.185.121.235:9618?addrs=188.185.121.235-9618+[2001-1458-d00-49--100-36e]-9618&alias=bigbird22.cern.ch&noUDP&sock=schedd_232129_c3ca>
...
040 (11280027.019.000) 07/20 18:12:09 Started transferring input files
	Transferring to host: <188.185.194.64:9618?addrs=188.185.194.64-9618+[2001-1458-303-21--100-3c]-9618&alias=b9p20p5563.cern.ch&noUDP&sock=slot1_19_2862695_5954_36009>
...
040 (11280027.019.000) 07/20 18:12:09 Finished transferring input files
...
001 (11280027.019.000) 07/20 18:12:10 Job executing on host: <188.185.194.64:9618?addrs=188.185.194.64-9618+[2001-1458-303-21--100-3c]-9618&alias=b9p20p5563.cern.ch&noUDP&sock=startd_2862627_98ed>
	SlotName: slot1_19@b9p20p5563.cern.ch
	CondorScratchDir = "/pool/condor/dir_102961"
	Cpus = 1
	Disk = 13039
	GPUs = 0
	Memory = 3000
...
006 (11280027.019.000) 07/20 18:12:24 Image size of job updated: 100880
	99  -  MemoryUsage of job (MB)
	100880  -  ResidentSetSize of job (KB)
...
006 (11280027.019.000) 07/20 18:12:40 Image size of job updated: 242804
	99  -  MemoryUsage of job (MB)
	100880  -  ResidentSetSize of job (KB)
...
040 (11280027.019.000) 07/20 18:12:41 Started transferring output files
...
040 (11280027.019.000) 07/20 18:12:41 Finished transferring output files
...
005 (11280027.019.000) 07/20 18:12:41 Job terminated.
	(1) Normal termination (return value 0)
		Usr 0 00:00:20, Sys 0 00:00:02  -  Run Remote Usage
		Usr 0 00:00:00, Sys 0 00:00:00  -  Run Local Usage
		Usr 0 00:00:20, Sys 0 00:00:02  -  Total Remote Usage
		Usr 0 00:00:00, Sys 0 00:00:00  -  Total Local Usage
	10122  -  Run Bytes Sent By Job
	9837493  -  Run Bytes Received By Job
	10122  -  Total Bytes Sent By Job
	9837493  -  Total Bytes Received By Job
	Partitionable Resources :    Usage  Request Allocated 
	   Cpus                 :        0        1         1 
	   Disk (KB)            :     9641    10000     13039 
	   GPUs                 :                           0 
	   Memory (MB)          :       99     3000      3000 

	Job terminated of its own accord at 2025-07-20T16:12:40Z with exit-code 0.
...
