Starting job on \n
Running on: Linux b9p20p1332.cern.ch 5.14.0-570.21.1.el9_6.x86_64 #1 SMP PREEMPT_DYNAMIC Tue Jun 3 12:46:50 EDT 2025 x86_64 x86_64 x86_64 GNU/Linux\n
System software: Red Hat Enterprise Linux release 9.6 (Plow)\n
Setting up CROWN for RedHatEnterprise Version 9.6
/eos/user/j/jiahua/MC_2023_inc/VBFHto2Mu_M-125_powheg_23/ab2aa2af-0ebc-4e70-ab40-db2b124d6839.root
[2025-07-20 18:12:18.245] [main] [info] Checking input files
[2025-07-20 18:12:27.400] [main] [info] NanoAOD input_file 1: root://cms-xrd-global.cern.ch//store/mc/Run3Summer23NanoAODv12/VBFHto2Mu_M-125_TuneCP5_13p6TeV_powheg-pythia8/NANOAODSIM/130X_mcRun3_2023_realistic_v15-v2/2820000/ab2aa2af-0ebc-4e70-ab40-db2b124d6839.root - 3000 Events
[2025-07-20 18:12:27.401] [main] [info] input_file 1: root://cms-xrd-global.cern.ch//store/mc/Run3Summer23NanoAODv12/VBFHto2Mu_M-125_TuneCP5_13p6TeV_powheg-pythia8/NANOAODSIM/130X_mcRun3_2023_realistic_v15-v2/2820000/ab2aa2af-0ebc-4e70-ab40-db2b124d6839.root - SumOfGenWeight: 12510.937400000003 
[2025-07-20 18:12:27.401] [main] [info] Output directory: /eos/user/j/jiahua/MC_2023_inc/VBFHto2Mu_M-125_powheg_23/ab2aa2af-0ebc-4e70-ab40-db2b124d6839.root
[2025-07-20 18:12:27.402] [main] [info] Starting Setup of Dataframe with 3000 events
[2025-07-20 18:12:31.186] [main] [info] Finished Setup
[2025-07-20 18:12:31.186] [main] [info] Runtime for setup (real time: 3.79, CPU time: 3.58)
[2025-07-20 18:12:31.186] [main] [info] Starting Evaluation
[2025-07-20 18:12:42.040] [main] [info] vbfhmm:
Flag_goodVertices: pass=3000       all=3000       -- eff=100.00 % cumulative eff=100.00 %
Flag_globalSuperTightHalo2016Filter: pass=2999       all=3000       -- eff=99.97 % cumulative eff=99.97 %
Flag_EcalDeadCellTriggerPrimitiveFilter: pass=2999       all=2999       -- eff=100.00 % cumulative eff=99.97 %
Flag_BadPFMuonFilter: pass=2999       all=2999       -- eff=100.00 % cumulative eff=99.97 %
Flag_BadPFMuonDzFilter: pass=2999       all=2999       -- eff=100.00 % cumulative eff=99.97 %
Flag_eeBadScFilter: pass=2999       all=2999       -- eff=100.00 % cumulative eff=99.97 %
Flag_ecalBadCalibFilter: pass=2998       all=2999       -- eff=99.97 % cumulative eff=99.93 %
Flag_hfNoisyHitsFilter: pass=2998       all=2998       -- eff=100.00 % cumulative eff=99.93 %
Number of muons 2: pass=1961       all=2998       -- eff=65.41 % cumulative eff=65.37 %
DiMuon From Higgs: pass=1959       all=1961       -- eff=99.90 % cumulative eff=65.30 %
LeptonChargeSum: pass=1959       all=1959       -- eff=100.00 % cumulative eff=65.30 %
[2025-07-20 18:12:42.168] [main] [info] Writing quantities map to /eos/user/j/jiahua/MC_2023_inc/VBFHto2Mu_M-125_powheg_23/ab2aa2af-0ebc-4e70-ab40-db2b124d6839_vbfhmm.root
[2025-07-20 18:12:42.226] [main] [info] Finished Evaluation
[2025-07-20 18:12:42.227] [main] [info] Overall runtime (real time: 14.83, CPU time: 13.86)
