Starting job on \n
Running on: Linux b9p02p5267.cern.ch 5.14.0-570.17.1.el9_6.x86_64 #1 SMP PREEMPT_DYNAMIC Tue May 13 06:41:18 EDT 2025 x86_64 x86_64 x86_64 GNU/Linux\n
System software: Red Hat Enterprise Linux release 9.6 (Plow)\n
Setting up CROWN for RedHatEnterprise Version 9.6
/eos/user/j/jiahua/MC_2023_inc/VBFHto2Mu_M-125_powheg_23/57933a91-d575-4596-a0d0-11c581a0ba5a.root
[2025-07-20 18:12:16.792] [main] [info] Checking input files
[2025-07-20 18:12:23.314] [main] [info] NanoAOD input_file 1: root://cms-xrd-global.cern.ch//store/mc/Run3Summer23NanoAODv12/VBFHto2Mu_M-125_TuneCP5_13p6TeV_powheg-pythia8/NANOAODSIM/130X_mcRun3_2023_realistic_v15-v2/2820000/57933a91-d575-4596-a0d0-11c581a0ba5a.root - 12000 Events
[2025-07-20 18:12:23.314] [main] [info] input_file 1: root://cms-xrd-global.cern.ch//store/mc/Run3Summer23NanoAODv12/VBFHto2Mu_M-125_TuneCP5_13p6TeV_powheg-pythia8/NANOAODSIM/130X_mcRun3_2023_realistic_v15-v2/2820000/57933a91-d575-4596-a0d0-11c581a0ba5a.root - SumOfGenWeight: 50177.64592000001 
[2025-07-20 18:12:23.314] [main] [info] Output directory: /eos/user/j/jiahua/MC_2023_inc/VBFHto2Mu_M-125_powheg_23/57933a91-d575-4596-a0d0-11c581a0ba5a.root
[2025-07-20 18:12:23.315] [main] [info] Starting Setup of Dataframe with 12000 events
[2025-07-20 18:12:24.810] [main] [info] Finished Setup
[2025-07-20 18:12:24.810] [main] [info] Runtime for setup (real time: 1.50, CPU time: 1.33)
[2025-07-20 18:12:24.810] [main] [info] Starting Evaluation
[2025-07-20 18:12:32.684] [main] [info] 10000 / 12000 (83.33 %) Events processed ...
[2025-07-20 18:12:33.075] [main] [info] vbfhmm:
Flag_goodVertices: pass=12000      all=12000      -- eff=100.00 % cumulative eff=100.00 %
Flag_globalSuperTightHalo2016Filter: pass=11992      all=12000      -- eff=99.93 % cumulative eff=99.93 %
Flag_EcalDeadCellTriggerPrimitiveFilter: pass=11992      all=11992      -- eff=100.00 % cumulative eff=99.93 %
Flag_BadPFMuonFilter: pass=11991      all=11992      -- eff=99.99 % cumulative eff=99.93 %
Flag_BadPFMuonDzFilter: pass=11990      all=11991      -- eff=99.99 % cumulative eff=99.92 %
Flag_eeBadScFilter: pass=11990      all=11990      -- eff=100.00 % cumulative eff=99.92 %
Flag_ecalBadCalibFilter: pass=11989      all=11990      -- eff=99.99 % cumulative eff=99.91 %
Flag_hfNoisyHitsFilter: pass=11989      all=11989      -- eff=100.00 % cumulative eff=99.91 %
Number of muons 2: pass=7692       all=11989      -- eff=64.16 % cumulative eff=64.10 %
DiMuon From Higgs: pass=7673       all=7692       -- eff=99.75 % cumulative eff=63.94 %
LeptonChargeSum: pass=7672       all=7673       -- eff=99.99 % cumulative eff=63.93 %
[2025-07-20 18:12:33.302] [main] [info] Writing quantities map to /eos/user/j/jiahua/MC_2023_inc/VBFHto2Mu_M-125_powheg_23/57933a91-d575-4596-a0d0-11c581a0ba5a_vbfhmm.root
[2025-07-20 18:12:33.367] [main] [info] Finished Evaluation
[2025-07-20 18:12:33.368] [main] [info] Overall runtime (real time: 10.05, CPU time: 9.05)
