Starting job on \n
Running on: Linux b9p20p5563.cern.ch 5.14.0-570.21.1.el9_6.x86_64 #1 SMP PREEMPT_DYNAMIC Tue Jun 3 12:46:50 EDT 2025 x86_64 x86_64 x86_64 GNU/Linux\n
System software: Red Hat Enterprise Linux release 9.6 (Plow)\n
Setting up CROWN for RedHatEnterprise Version 9.6
/eos/user/j/jiahua/MC_2023_inc/VBFHto2Mu_M-125_powheg_23/d44599f5-ac23-46d5-b054-dc6a0a3c077f.root
[2025-07-20 18:12:19.148] [main] [info] Checking input files
[2025-07-20 18:12:27.112] [main] [info] NanoAOD input_file 1: root://cms-xrd-global.cern.ch//store/mc/Run3Summer23NanoAODv12/VBFHto2Mu_M-125_TuneCP5_13p6TeV_powheg-pythia8/NANOAODSIM/130X_mcRun3_2023_realistic_v15-v2/2820000/d44599f5-ac23-46d5-b054-dc6a0a3c077f.root - 6000 Events
[2025-07-20 18:12:27.112] [main] [info] input_file 1: root://cms-xrd-global.cern.ch//store/mc/Run3Summer23NanoAODv12/VBFHto2Mu_M-125_TuneCP5_13p6TeV_powheg-pythia8/NANOAODSIM/130X_mcRun3_2023_realistic_v15-v2/2820000/d44599f5-ac23-46d5-b054-dc6a0a3c077f.root - SumOfGenWeight: 25055.348880000005 
[2025-07-20 18:12:27.112] [main] [info] Output directory: /eos/user/j/jiahua/MC_2023_inc/VBFHto2Mu_M-125_powheg_23/d44599f5-ac23-46d5-b054-dc6a0a3c077f.root
[2025-07-20 18:12:27.113] [main] [info] Starting Setup of Dataframe with 6000 events
[2025-07-20 18:12:29.965] [main] [info] Finished Setup
[2025-07-20 18:12:29.965] [main] [info] Runtime for setup (real time: 2.85, CPU time: 2.66)
[2025-07-20 18:12:29.965] [main] [info] Starting Evaluation
[2025-07-20 18:12:40.472] [main] [info] vbfhmm:
Flag_goodVertices: pass=6000       all=6000       -- eff=100.00 % cumulative eff=100.00 %
Flag_globalSuperTightHalo2016Filter: pass=5999       all=6000       -- eff=99.98 % cumulative eff=99.98 %
Flag_EcalDeadCellTriggerPrimitiveFilter: pass=5999       all=5999       -- eff=100.00 % cumulative eff=99.98 %
Flag_BadPFMuonFilter: pass=5997       all=5999       -- eff=99.97 % cumulative eff=99.95 %
Flag_BadPFMuonDzFilter: pass=5996       all=5997       -- eff=99.98 % cumulative eff=99.93 %
Flag_eeBadScFilter: pass=5996       all=5996       -- eff=100.00 % cumulative eff=99.93 %
Flag_ecalBadCalibFilter: pass=5992       all=5996       -- eff=99.93 % cumulative eff=99.87 %
Flag_hfNoisyHitsFilter: pass=5991       all=5992       -- eff=99.98 % cumulative eff=99.85 %
Number of muons 2: pass=3816       all=5991       -- eff=63.70 % cumulative eff=63.60 %
DiMuon From Higgs: pass=3810       all=3816       -- eff=99.84 % cumulative eff=63.50 %
LeptonChargeSum: pass=3808       all=3810       -- eff=99.95 % cumulative eff=63.47 %
[2025-07-20 18:12:40.559] [main] [info] Writing quantities map to /eos/user/j/jiahua/MC_2023_inc/VBFHto2Mu_M-125_powheg_23/d44599f5-ac23-46d5-b054-dc6a0a3c077f_vbfhmm.root
[2025-07-20 18:12:40.621] [main] [info] Finished Evaluation
[2025-07-20 18:12:40.621] [main] [info] Overall runtime (real time: 13.51, CPU time: 12.27)
