Starting job on \n
Running on: Linux b9p26p9908.cern.ch 5.14.0-570.17.1.el9_6.x86_64 #1 SMP PREEMPT_DYNAMIC Tue May 13 06:41:18 EDT 2025 x86_64 x86_64 x86_64 GNU/Linux\n
System software: Red Hat Enterprise Linux release 9.6 (Plow)\n
Setting up CROWN for RedHatEnterprise Version 9.6
/eos/user/j/jiahua/MC_2023_inc/WWto2L2Nu_powheg_23/43becdb5-db0d-4a09-9535-27e6bcbe75a3.root
[2025-07-20 18:12:38.054] [main] [info] Checking input files
[2025-07-20 18:12:43.775] [main] [info] NanoAOD input_file 1: root://cms-xrd-global.cern.ch//store/mc/Run3Summer23NanoAODv12/WWto2L2Nu_TuneCP5_13p6TeV_powheg-pythia8/NANOAODSIM/130X_mcRun3_2023_realistic_v14-v4/2810000/43becdb5-db0d-4a09-9535-27e6bcbe75a3.root - 3000 Events
[2025-07-20 18:12:43.775] [main] [info] input_file 1: root://cms-xrd-global.cern.ch//store/mc/Run3Summer23NanoAODv12/WWto2L2Nu_TuneCP5_13p6TeV_powheg-pythia8/NANOAODSIM/130X_mcRun3_2023_realistic_v14-v4/2810000/43becdb5-db0d-4a09-9535-27e6bcbe75a3.root - SumOfGenWeight: 35374.5 
[2025-07-20 18:12:43.776] [main] [info] Output directory: /eos/user/j/jiahua/MC_2023_inc/WWto2L2Nu_powheg_23/43becdb5-db0d-4a09-9535-27e6bcbe75a3.root
[2025-07-20 18:12:43.777] [main] [info] Starting Setup of Dataframe with 3000 events
[2025-07-20 18:12:57.569] [main] [info] Finished Setup
[2025-07-20 18:12:57.569] [main] [info] Runtime for setup (real time: 13.79, CPU time: 4.92)
[2025-07-20 18:12:57.569] [main] [info] Starting Evaluation
[2025-07-20 18:13:08.059] [main] [info] vbfhmm:
Flag_goodVertices: pass=3000       all=3000       -- eff=100.00 % cumulative eff=100.00 %
Flag_globalSuperTightHalo2016Filter: pass=2999       all=3000       -- eff=99.97 % cumulative eff=99.97 %
Flag_EcalDeadCellTriggerPrimitiveFilter: pass=2999       all=2999       -- eff=100.00 % cumulative eff=99.97 %
Flag_BadPFMuonFilter: pass=2999       all=2999       -- eff=100.00 % cumulative eff=99.97 %
Flag_BadPFMuonDzFilter: pass=2999       all=2999       -- eff=100.00 % cumulative eff=99.97 %
Flag_eeBadScFilter: pass=2999       all=2999       -- eff=100.00 % cumulative eff=99.97 %
Flag_ecalBadCalibFilter: pass=2998       all=2999       -- eff=99.97 % cumulative eff=99.93 %
Flag_hfNoisyHitsFilter: pass=2998       all=2998       -- eff=100.00 % cumulative eff=99.93 %
Number of muons 2: pass=148        all=2998       -- eff=4.94 % cumulative eff=4.93 %
DiMuon From Higgs: pass=69         all=148        -- eff=46.62 % cumulative eff=2.30 %
LeptonChargeSum: pass=69         all=69         -- eff=100.00 % cumulative eff=2.30 %
[2025-07-20 18:13:08.231] [main] [info] Writing quantities map to /eos/user/j/jiahua/MC_2023_inc/WWto2L2Nu_powheg_23/43becdb5-db0d-4a09-9535-27e6bcbe75a3_vbfhmm.root
[2025-07-20 18:13:08.301] [main] [info] Finished Evaluation
[2025-07-20 18:13:08.302] [main] [info] Overall runtime (real time: 24.53, CPU time: 12.86)
