000 (11280028.024.000) 07/20 18:09:13 Job submitted from host: <188.185.121.235:9618?addrs=188.185.121.235-9618+[2001-1458-d00-49--100-36e]-9618&alias=bigbird22.cern.ch&noUDP&sock=schedd_232129_c3ca>
...
040 (11280028.024.000) 07/20 18:12:21 Started transferring input files
	Transferring to host: <188.185.213.107:9618?addrs=188.185.213.107-9618+[2001-1458-303-1a--100-67]-9618&alias=b9p27p5475.cern.ch&noUDP&sock=slot1_13_8279_0dea_55416>
...
040 (11280028.024.000) 07/20 18:12:21 Finished transferring input files
...
001 (11280028.024.000) 07/20 18:12:22 Job executing on host: <188.185.213.107:9618?addrs=188.185.213.107-9618+[2001-1458-303-1a--100-67]-9618&alias=b9p27p5475.cern.ch&noUDP&sock=startd_7714_bda8>
	SlotName: slot1_13@b9p27p5475.cern.ch
	CondorScratchDir = "/pool/condor/dir_2387531"
	Cpus = 1
	Disk = 2889765
	Memory = 3000
...
006 (11280028.024.000) 07/20 18:12:31 Image size of job updated: 99480
	97  -  MemoryUsage of job (MB)
	98936  -  ResidentSetSize of job (KB)
...
006 (11280028.024.000) 07/20 18:14:43 Image size of job updated: 262672
	97  -  MemoryUsage of job (MB)
	98936  -  ResidentSetSize of job (KB)
...
040 (11280028.024.000) 07/20 18:14:43 Started transferring output files
...
040 (11280028.024.000) 07/20 18:14:43 Finished transferring output files
...
005 (11280028.024.000) 07/20 18:14:43 Job terminated.
	(1) Normal termination (return value 0)
		Usr 0 00:00:26, Sys 0 00:00:03  -  Run Remote Usage
		Usr 0 00:00:00, Sys 0 00:00:00  -  Run Local Usage
		Usr 0 00:00:26, Sys 0 00:00:03  -  Total Remote Usage
		Usr 0 00:00:00, Sys 0 00:00:00  -  Total Local Usage
	12174  -  Run Bytes Sent By Job
	9837493  -  Run Bytes Received By Job
	12174  -  Total Bytes Sent By Job
	9837493  -  Total Bytes Received By Job
	Partitionable Resources :    Usage  Request Allocated 
	   Cpus                 :        0        1         1 
	   Disk (KB)            :     9642    10000   2889765 
	   Memory (MB)          :       97     3000      3000 

	Job terminated of its own accord at 2025-07-20T16:14:43Z with exit-code 0.
...
