Starting job on \n
Running on: Linux b9g23p6084.cern.ch 5.14.0-503.35.1.el9_5.x86_64 #1 SMP PREEMPT_DYNAMIC Mon Mar 24 11:15:27 EDT 2025 x86_64 x86_64 x86_64 GNU/Linux\n
System software: Red Hat Enterprise Linux release 9.6 (Plow)\n
Setting up CROWN for RedHatEnterprise Version 9.6
/eos/user/j/jiahua/MC_2023_inc/WWto2L2Nu_powheg_23/bfc141b0-646c-4e58-b1ce-0fc61842a241.root
[2025-07-20 18:12:46.699] [main] [info] Checking input files
[2025-07-20 18:13:30.556] [main] [info] NanoAOD input_file 1: root://cms-xrd-global.cern.ch//store/mc/Run3Summer23NanoAODv12/WWto2L2Nu_TuneCP5_13p6TeV_powheg-pythia8/NANOAODSIM/130X_mcRun3_2023_realistic_v14-v4/40000/bfc141b0-646c-4e58-b1ce-0fc61842a241.root - 390000 Events
[2025-07-20 18:13:30.556] [main] [info] input_file 1: root://cms-xrd-global.cern.ch//store/mc/Run3Summer23NanoAODv12/WWto2L2Nu_TuneCP5_13p6TeV_powheg-pythia8/NANOAODSIM/130X_mcRun3_2023_realistic_v14-v4/40000/bfc141b0-646c-4e58-b1ce-0fc61842a241.root - SumOfGenWeight: 4597836.011999998 
[2025-07-20 18:13:30.556] [main] [info] Output directory: /eos/user/j/jiahua/MC_2023_inc/WWto2L2Nu_powheg_23/bfc141b0-646c-4e58-b1ce-0fc61842a241.root
[2025-07-20 18:13:30.557] [main] [info] Starting Setup of Dataframe with 390000 events
[2025-07-20 18:13:48.113] [main] [info] Finished Setup
[2025-07-20 18:13:48.113] [main] [info] Runtime for setup (real time: 17.56, CPU time: 7.46)
[2025-07-20 18:13:48.113] [main] [info] Starting Evaluation
[2025-07-20 18:14:02.793] [main] [info] 10000 / 390000 (2.56 %) Events processed ...
[2025-07-20 18:14:03.368] [main] [info] 20000 / 390000 (5.13 %) Events processed ...
[2025-07-20 18:14:03.930] [main] [info] 30000 / 390000 (7.69 %) Events processed ...
[2025-07-20 18:14:06.177] [main] [info] 40000 / 390000 (10.26 %) Events processed ...
[2025-07-20 18:14:06.775] [main] [info] 50000 / 390000 (12.82 %) Events processed ...
[2025-07-20 18:14:07.288] [main] [info] 60000 / 390000 (15.38 %) Events processed ...
[2025-07-20 18:14:07.846] [main] [info] 70000 / 390000 (17.95 %) Events processed ...
[2025-07-20 18:14:10.171] [main] [info] 80000 / 390000 (20.51 %) Events processed ...
[2025-07-20 18:14:10.813] [main] [info] 90000 / 390000 (23.08 %) Events processed ...
[2025-07-20 18:14:11.446] [main] [info] 100000 / 390000 (25.64 %) Events processed ...
[2025-07-20 18:14:13.981] [main] [info] 110000 / 390000 (28.21 %) Events processed ...
[2025-07-20 18:14:14.583] [main] [info] 120000 / 390000 (30.77 %) Events processed ...
[2025-07-20 18:14:15.178] [main] [info] 130000 / 390000 (33.33 %) Events processed ...
[2025-07-20 18:14:15.776] [main] [info] 140000 / 390000 (35.90 %) Events processed ...
[2025-07-20 18:14:18.427] [main] [info] 150000 / 390000 (38.46 %) Events processed ...
[2025-07-20 18:14:18.867] [main] [info] 160000 / 390000 (41.03 %) Events processed ...
[2025-07-20 18:14:19.515] [main] [info] 170000 / 390000 (43.59 %) Events processed ...
[2025-07-20 18:14:20.131] [main] [info] 180000 / 390000 (46.15 %) Events processed ...
[2025-07-20 18:14:22.695] [main] [info] 190000 / 390000 (48.72 %) Events processed ...
[2025-07-20 18:14:23.287] [main] [info] 200000 / 390000 (51.28 %) Events processed ...
[2025-07-20 18:14:23.894] [main] [info] 210000 / 390000 (53.85 %) Events processed ...
[2025-07-20 18:14:26.458] [main] [info] 220000 / 390000 (56.41 %) Events processed ...
[2025-07-20 18:14:27.034] [main] [info] 230000 / 390000 (58.97 %) Events processed ...
[2025-07-20 18:14:27.636] [main] [info] 240000 / 390000 (61.54 %) Events processed ...
[2025-07-20 18:14:28.240] [main] [info] 250000 / 390000 (64.10 %) Events processed ...
[2025-07-20 18:14:30.981] [main] [info] 260000 / 390000 (66.67 %) Events processed ...
[2025-07-20 18:14:31.571] [main] [info] 270000 / 390000 (69.23 %) Events processed ...
[2025-07-20 18:14:32.179] [main] [info] 280000 / 390000 (71.79 %) Events processed ...
[2025-07-20 18:14:34.806] [main] [info] 290000 / 390000 (74.36 %) Events processed ...
[2025-07-20 18:14:35.414] [main] [info] 300000 / 390000 (76.92 %) Events processed ...
[2025-07-20 18:14:36.052] [main] [info] 310000 / 390000 (79.49 %) Events processed ...
[2025-07-20 18:14:36.520] [main] [info] 320000 / 390000 (82.05 %) Events processed ...
[2025-07-20 18:14:39.169] [main] [info] 330000 / 390000 (84.62 %) Events processed ...
[2025-07-20 18:14:39.732] [main] [info] 340000 / 390000 (87.18 %) Events processed ...
[2025-07-20 18:14:40.360] [main] [info] 350000 / 390000 (89.74 %) Events processed ...
[2025-07-20 18:14:40.989] [main] [info] 360000 / 390000 (92.31 %) Events processed ...
[2025-07-20 18:14:43.603] [main] [info] 370000 / 390000 (94.87 %) Events processed ...
[2025-07-20 18:14:44.145] [main] [info] 380000 / 390000 (97.44 %) Events processed ...
[2025-07-20 18:14:44.679] [main] [info] 390000 / 390000 (100.00 %) Events processed ...
[2025-07-20 18:14:44.975] [main] [info] vbfhmm:
Flag_goodVertices: pass=390000     all=390000     -- eff=100.00 % cumulative eff=100.00 %
Flag_globalSuperTightHalo2016Filter: pass=389961     all=390000     -- eff=99.99 % cumulative eff=99.99 %
Flag_EcalDeadCellTriggerPrimitiveFilter: pass=389940     all=389961     -- eff=99.99 % cumulative eff=99.98 %
Flag_BadPFMuonFilter: pass=389913     all=389940     -- eff=99.99 % cumulative eff=99.98 %
Flag_BadPFMuonDzFilter: pass=389901     all=389913     -- eff=100.00 % cumulative eff=99.97 %
Flag_eeBadScFilter: pass=389901     all=389901     -- eff=100.00 % cumulative eff=99.97 %
Flag_ecalBadCalibFilter: pass=389821     all=389901     -- eff=99.98 % cumulative eff=99.95 %
Flag_hfNoisyHitsFilter: pass=389816     all=389821     -- eff=100.00 % cumulative eff=99.95 %
Number of muons 2: pass=20116      all=389816     -- eff=5.16 % cumulative eff=5.16 %
DiMuon From Higgs: pass=9564       all=20116      -- eff=47.54 % cumulative eff=2.45 %
LeptonChargeSum: pass=9562       all=9564       -- eff=99.98 % cumulative eff=2.45 %
[2025-07-20 18:14:45.152] [main] [info] Writing quantities map to /eos/user/j/jiahua/MC_2023_inc/WWto2L2Nu_powheg_23/bfc141b0-646c-4e58-b1ce-0fc61842a241_vbfhmm.root
[2025-07-20 18:14:45.251] [main] [info] Finished Evaluation
[2025-07-20 18:14:45.252] [main] [info] Overall runtime (real time: 74.70, CPU time: 40.81)
