Starting job on \n
Running on: Linux b9p29p6860.cern.ch 5.14.0-570.17.1.el9_6.x86_64 #1 SMP PREEMPT_DYNAMIC Tue May 13 06:41:18 EDT 2025 x86_64 x86_64 x86_64 GNU/Linux\n
System software: Red Hat Enterprise Linux release 9.6 (Plow)\n
Setting up CROWN for RedHatEnterprise Version 9.6
/eos/user/j/jiahua/MC_2023_inc/WWto2L2Nu_powheg_23/b9c4a862-4366-4527-98cf-d63fcfbea7a3.root
[2025-07-20 18:12:40.475] [main] [info] Checking input files
[2025-07-20 18:12:45.072] [main] [info] NanoAOD input_file 1: root://cms-xrd-global.cern.ch//store/mc/Run3Summer23NanoAODv12/WWto2L2Nu_TuneCP5_13p6TeV_powheg-pythia8/NANOAODSIM/130X_mcRun3_2023_realistic_v14-v4/40000/b9c4a862-4366-4527-98cf-d63fcfbea7a3.root - 381000 Events
[2025-07-20 18:12:45.072] [main] [info] input_file 1: root://cms-xrd-global.cern.ch//store/mc/Run3Summer23NanoAODv12/WWto2L2Nu_TuneCP5_13p6TeV_powheg-pythia8/NANOAODSIM/130X_mcRun3_2023_realistic_v14-v4/40000/b9c4a862-4366-4527-98cf-d63fcfbea7a3.root - SumOfGenWeight: 4491523.847999997 
[2025-07-20 18:12:45.072] [main] [info] Output directory: /eos/user/j/jiahua/MC_2023_inc/WWto2L2Nu_powheg_23/b9c4a862-4366-4527-98cf-d63fcfbea7a3.root
[2025-07-20 18:12:45.073] [main] [info] Starting Setup of Dataframe with 381000 events
[2025-07-20 18:13:05.922] [main] [info] Finished Setup
[2025-07-20 18:13:05.922] [main] [info] Runtime for setup (real time: 20.85, CPU time: 4.62)
[2025-07-20 18:13:05.922] [main] [info] Starting Evaluation
[2025-07-20 18:14:05.278] [main] [info] 10000 / 381000 (2.62 %) Events processed ...
[2025-07-20 18:14:05.613] [main] [info] 20000 / 381000 (5.25 %) Events processed ...
[2025-07-20 18:14:05.911] [main] [info] 30000 / 381000 (7.87 %) Events processed ...
[2025-07-20 18:14:33.336] [main] [info] 40000 / 381000 (10.50 %) Events processed ...
[2025-07-20 18:14:33.734] [main] [info] 50000 / 381000 (13.12 %) Events processed ...
[2025-07-20 18:14:34.111] [main] [info] 60000 / 381000 (15.75 %) Events processed ...
[2025-07-20 18:14:34.511] [main] [info] 70000 / 381000 (18.37 %) Events processed ...
[2025-07-20 18:14:54.636] [main] [info] 80000 / 381000 (21.00 %) Events processed ...
[2025-07-20 18:14:55.067] [main] [info] 90000 / 381000 (23.62 %) Events processed ...
[2025-07-20 18:14:55.449] [main] [info] 100000 / 381000 (26.25 %) Events processed ...
[2025-07-20 18:15:10.779] [main] [info] 110000 / 381000 (28.87 %) Events processed ...
[2025-07-20 18:15:11.192] [main] [info] 120000 / 381000 (31.50 %) Events processed ...
[2025-07-20 18:15:11.600] [main] [info] 130000 / 381000 (34.12 %) Events processed ...
[2025-07-20 18:15:11.905] [main] [info] 140000 / 381000 (36.75 %) Events processed ...
[2025-07-20 18:15:26.224] [main] [info] 150000 / 381000 (39.37 %) Events processed ...
[2025-07-20 18:15:26.629] [main] [info] 160000 / 381000 (41.99 %) Events processed ...
[2025-07-20 18:15:27.029] [main] [info] 170000 / 381000 (44.62 %) Events processed ...
[2025-07-20 18:15:27.427] [main] [info] 180000 / 381000 (47.24 %) Events processed ...
[2025-07-20 18:15:43.667] [main] [info] 190000 / 381000 (49.87 %) Events processed ...
[2025-07-20 18:15:43.994] [main] [info] 200000 / 381000 (52.49 %) Events processed ...
[2025-07-20 18:15:44.316] [main] [info] 210000 / 381000 (55.12 %) Events processed ...
[2025-07-20 18:16:05.022] [main] [info] 220000 / 381000 (57.74 %) Events processed ...
[2025-07-20 18:16:05.442] [main] [info] 230000 / 381000 (60.37 %) Events processed ...
[2025-07-20 18:16:05.817] [main] [info] 240000 / 381000 (62.99 %) Events processed ...
[2025-07-20 18:16:06.208] [main] [info] 250000 / 381000 (65.62 %) Events processed ...
[2025-07-20 18:16:25.730] [main] [info] 260000 / 381000 (68.24 %) Events processed ...
[2025-07-20 18:16:26.033] [main] [info] 270000 / 381000 (70.87 %) Events processed ...
[2025-07-20 18:16:26.403] [main] [info] 280000 / 381000 (73.49 %) Events processed ...
[2025-07-20 18:16:26.784] [main] [info] 290000 / 381000 (76.12 %) Events processed ...
[2025-07-20 18:16:38.023] [main] [info] 300000 / 381000 (78.74 %) Events processed ...
[2025-07-20 18:16:38.411] [main] [info] 310000 / 381000 (81.36 %) Events processed ...
[2025-07-20 18:16:38.775] [main] [info] 320000 / 381000 (83.99 %) Events processed ...
[2025-07-20 18:16:51.684] [main] [info] 330000 / 381000 (86.61 %) Events processed ...
[2025-07-20 18:16:52.088] [main] [info] 340000 / 381000 (89.24 %) Events processed ...
[2025-07-20 18:16:52.486] [main] [info] 350000 / 381000 (91.86 %) Events processed ...
[2025-07-20 18:16:52.888] [main] [info] 360000 / 381000 (94.49 %) Events processed ...
[2025-07-20 18:17:00.923] [main] [info] 370000 / 381000 (97.11 %) Events processed ...
[2025-07-20 18:17:01.274] [main] [info] 380000 / 381000 (99.74 %) Events processed ...
[2025-07-20 18:17:01.455] [main] [info] vbfhmm:
Flag_goodVertices: pass=380999     all=381000     -- eff=100.00 % cumulative eff=100.00 %
Flag_globalSuperTightHalo2016Filter: pass=380970     all=380999     -- eff=99.99 % cumulative eff=99.99 %
Flag_EcalDeadCellTriggerPrimitiveFilter: pass=380955     all=380970     -- eff=100.00 % cumulative eff=99.99 %
Flag_BadPFMuonFilter: pass=380921     all=380955     -- eff=99.99 % cumulative eff=99.98 %
Flag_BadPFMuonDzFilter: pass=380914     all=380921     -- eff=100.00 % cumulative eff=99.98 %
Flag_eeBadScFilter: pass=380914     all=380914     -- eff=100.00 % cumulative eff=99.98 %
Flag_ecalBadCalibFilter: pass=380822     all=380914     -- eff=99.98 % cumulative eff=99.95 %
Flag_hfNoisyHitsFilter: pass=380805     all=380822     -- eff=100.00 % cumulative eff=99.95 %
Number of muons 2: pass=19795      all=380805     -- eff=5.20 % cumulative eff=5.20 %
DiMuon From Higgs: pass=9380       all=19795      -- eff=47.39 % cumulative eff=2.46 %
LeptonChargeSum: pass=9379       all=9380       -- eff=99.99 % cumulative eff=2.46 %
[2025-07-20 18:17:01.614] [main] [info] Writing quantities map to /eos/user/j/jiahua/MC_2023_inc/WWto2L2Nu_powheg_23/b9c4a862-4366-4527-98cf-d63fcfbea7a3_vbfhmm.root
[2025-07-20 18:17:01.950] [main] [info] Finished Evaluation
[2025-07-20 18:17:01.950] [main] [info] Overall runtime (real time: 256.88, CPU time: 26.42)
