000 (11280030.082.000) 07/20 18:09:30 Job submitted from host: <188.185.121.235:9618?addrs=188.185.121.235-9618+[2001-1458-d00-49--100-36e]-9618&alias=bigbird22.cern.ch&noUDP&sock=schedd_232129_c3ca>
...
040 (11280030.082.000) 07/20 18:13:32 Started transferring input files
	Transferring to host: <188.185.194.8:9618?addrs=188.185.194.8-9618+[2001-1458-303-21--100-4]-9618&alias=b9p20p0596.cern.ch&noUDP&sock=slot1_8_5980_336c_26784>
...
040 (11280030.082.000) 07/20 18:13:32 Finished transferring input files
...
001 (11280030.082.000) 07/20 18:13:33 Job executing on host: <188.185.194.8:9618?addrs=188.185.194.8-9618+[2001-1458-303-21--100-4]-9618&alias=b9p20p0596.cern.ch&noUDP&sock=startd_4532_274d>
	SlotName: slot1_8@b9p20p0596.cern.ch
	CondorScratchDir = "/pool/condor/dir_2813323"
	Cpus = 1
	Disk = 13015
	GPUs = 0
	Memory = 3000
...
006 (11280030.082.000) 07/20 18:13:47 Image size of job updated: 88140
	87  -  MemoryUsage of job (MB)
	88140  -  ResidentSetSize of job (KB)
...
006 (11280030.082.000) 07/20 18:14:39 Image size of job updated: 260660
	87  -  MemoryUsage of job (MB)
	88148  -  ResidentSetSize of job (KB)
...
040 (11280030.082.000) 07/20 18:14:39 Started transferring output files
...
040 (11280030.082.000) 07/20 18:14:39 Finished transferring output files
...
005 (11280030.082.000) 07/20 18:14:39 Job terminated.
	(1) Normal termination (return value 0)
		Usr 0 00:00:45, Sys 0 00:00:03  -  Run Remote Usage
		Usr 0 00:00:00, Sys 0 00:00:00  -  Run Local Usage
		Usr 0 00:00:45, Sys 0 00:00:03  -  Total Remote Usage
		Usr 0 00:00:00, Sys 0 00:00:00  -  Total Local Usage
	13071  -  Run Bytes Sent By Job
	9837493  -  Run Bytes Received By Job
	13071  -  Total Bytes Sent By Job
	9837493  -  Total Bytes Received By Job
	Partitionable Resources :    Usage  Request Allocated 
	   Cpus                 :        0        1         1 
	   Disk (KB)            :     9643    10000     13015 
	   GPUs                 :                           0 
	   Memory (MB)          :       87     3000      3000 

	Job terminated of its own accord at 2025-07-20T16:14:39Z with exit-code 0.
...
