000 (11280030.052.000) 07/20 18:09:30 Job submitted from host: <188.185.121.235:9618?addrs=188.185.121.235-9618+[2001-1458-d00-49--100-36e]-9618&alias=bigbird22.cern.ch&noUDP&sock=schedd_232129_c3ca>
...
040 (11280030.052.000) 07/20 18:13:21 Started transferring input files
	Transferring to host: <188.185.206.136:9618?addrs=188.185.206.136-9618+[2001-1458-303-c--100-5]-9618&alias=b9p06p5258.cern.ch&noUDP&sock=slot1_26_4871_cf5f_11268>
...
040 (11280030.052.000) 07/20 18:13:21 Finished transferring input files
...
001 (11280030.052.000) 07/20 18:13:22 Job executing on host: <188.185.206.136:9618?addrs=188.185.206.136-9618+[2001-1458-303-c--100-5]-9618&alias=b9p06p5258.cern.ch&noUDP&sock=startd_4415_e6b8>
	SlotName: slot1_26@b9p06p5258.cern.ch
	CondorScratchDir = "/pool/condor/dir_1382847"
	Cpus = 1
	Disk = 12687
	GPUs = 0
	Memory = 3000
...
006 (11280030.052.000) 07/20 18:13:36 Image size of job updated: 95252
	94  -  MemoryUsage of job (MB)
	95252  -  ResidentSetSize of job (KB)
...
006 (11280030.052.000) 07/20 18:13:55 Image size of job updated: 229368
	94  -  MemoryUsage of job (MB)
	95252  -  ResidentSetSize of job (KB)
...
040 (11280030.052.000) 07/20 18:13:55 Started transferring output files
...
040 (11280030.052.000) 07/20 18:13:55 Finished transferring output files
...
005 (11280030.052.000) 07/20 18:13:55 Job terminated.
	(1) Normal termination (return value 0)
		Usr 0 00:00:17, Sys 0 00:00:02  -  Run Remote Usage
		Usr 0 00:00:00, Sys 0 00:00:00  -  Run Local Usage
		Usr 0 00:00:17, Sys 0 00:00:02  -  Total Remote Usage
		Usr 0 00:00:00, Sys 0 00:00:00  -  Total Local Usage
	10131  -  Run Bytes Sent By Job
	9837493  -  Run Bytes Received By Job
	10131  -  Total Bytes Sent By Job
	9837493  -  Total Bytes Received By Job
	Partitionable Resources :    Usage  Request Allocated 
	   Cpus                 :        0        1         1 
	   Disk (KB)            :     9643    10000     12687 
	   GPUs                 :                           0 
	   Memory (MB)          :       94     3000      3000 

	Job terminated of its own accord at 2025-07-20T16:13:55Z with exit-code 0.
...
