000 (11280030.024.000) 07/20 18:09:30 Job submitted from host: <188.185.121.235:9618?addrs=188.185.121.235-9618+[2001-1458-d00-49--100-36e]-9618&alias=bigbird22.cern.ch&noUDP&sock=schedd_232129_c3ca>
...
040 (11280030.024.000) 07/20 18:13:12 Started transferring input files
	Transferring to host: <188.185.192.162:9618?addrs=188.185.192.162-9618+[2001-1458-303-1f--100-9e]-9618&alias=b9p13p4193.cern.ch&noUDP&sock=slot1_18_1344443_77a8_29963>
...
040 (11280030.024.000) 07/20 18:13:12 Finished transferring input files
...
001 (11280030.024.000) 07/20 18:13:13 Job executing on host: <188.185.192.162:9618?addrs=188.185.192.162-9618+[2001-1458-303-1f--100-9e]-9618&alias=b9p13p4193.cern.ch&noUDP&sock=startd_1344399_785c>
	SlotName: slot1_18@b9p13p4193.cern.ch
	CondorScratchDir = "/pool/condor/dir_1598046"
	Cpus = 1
	Disk = 13088
	GPUs = 0
	Memory = 3000
...
006 (11280030.024.000) 07/20 18:13:27 Image size of job updated: 93272
	92  -  MemoryUsage of job (MB)
	93272  -  ResidentSetSize of job (KB)
...
006 (11280030.024.000) 07/20 18:13:44 Image size of job updated: 227336
	92  -  MemoryUsage of job (MB)
	93272  -  ResidentSetSize of job (KB)
...
040 (11280030.024.000) 07/20 18:13:44 Started transferring output files
...
040 (11280030.024.000) 07/20 18:13:44 Finished transferring output files
...
005 (11280030.024.000) 07/20 18:13:44 Job terminated.
	(1) Normal termination (return value 0)
		Usr 0 00:00:19, Sys 0 00:00:02  -  Run Remote Usage
		Usr 0 00:00:00, Sys 0 00:00:00  -  Run Local Usage
		Usr 0 00:00:19, Sys 0 00:00:02  -  Total Remote Usage
		Usr 0 00:00:00, Sys 0 00:00:00  -  Total Local Usage
	10116  -  Run Bytes Sent By Job
	9837493  -  Run Bytes Received By Job
	10116  -  Total Bytes Sent By Job
	9837493  -  Total Bytes Received By Job
	Partitionable Resources :    Usage  Request Allocated 
	   Cpus                 :        0        1         1 
	   Disk (KB)            :     9641    10000     13088 
	   GPUs                 :                           0 
	   Memory (MB)          :       92     3000      3000 

	Job terminated of its own accord at 2025-07-20T16:13:44Z with exit-code 0.
...
