000 (11280029.043.000) 07/20 18:09:22 Job submitted from host: <188.185.121.235:9618?addrs=188.185.121.235-9618+[2001-1458-d00-49--100-36e]-9618&alias=bigbird22.cern.ch&noUDP&sock=schedd_232129_c3ca>
...
040 (11280029.043.000) 07/20 18:12:55 Started transferring input files
	Transferring to host: <188.185.211.176:9618?addrs=188.185.211.176-9618+[2001-1458-303-17--100-2c]-9618&alias=b9p24p9529.cern.ch&noUDP&sock=slot1_17_2611457_732b_35106>
...
040 (11280029.043.000) 07/20 18:12:55 Finished transferring input files
...
001 (11280029.043.000) 07/20 18:12:56 Job executing on host: <188.185.211.176:9618?addrs=188.185.211.176-9618+[2001-1458-303-17--100-2c]-9618&alias=b9p24p9529.cern.ch&noUDP&sock=startd_2611403_d44c>
	SlotName: slot1_17@b9p24p9529.cern.ch
	CondorScratchDir = "/pool/condor/dir_1901523"
	Cpus = 1
	Disk = 12880
	GPUs = 0
	Memory = 3000
...
006 (11280029.043.000) 07/20 18:13:05 Image size of job updated: 98616
	97  -  MemoryUsage of job (MB)
	98616  -  ResidentSetSize of job (KB)
...
040 (11280029.043.000) 07/20 18:15:15 Started transferring output files
...
040 (11280029.043.000) 07/20 18:15:15 Finished transferring output files
...
005 (11280029.043.000) 07/20 18:15:15 Job terminated.
	(1) Normal termination (return value 0)
		Usr 0 00:00:28, Sys 0 00:00:03  -  Run Remote Usage
		Usr 0 00:00:00, Sys 0 00:00:00  -  Run Local Usage
		Usr 0 00:00:28, Sys 0 00:00:03  -  Total Remote Usage
		Usr 0 00:00:00, Sys 0 00:00:00  -  Total Local Usage
	12168  -  Run Bytes Sent By Job
	9837493  -  Run Bytes Received By Job
	12168  -  Total Bytes Sent By Job
	9837493  -  Total Bytes Received By Job
	Partitionable Resources :    Usage  Request Allocated 
	   Cpus                 :        0        1         1 
	   Disk (KB)            :     9643    10000     12880 
	   GPUs                 :                           0 
	   Memory (MB)          :       97     3000      3000 

	Job terminated of its own accord at 2025-07-20T16:15:15Z with exit-code 0.
...
