Starting job on \n
Running on: Linux b9p13p5298.cern.ch 5.14.0-570.21.1.el9_6.x86_64 #1 SMP PREEMPT_DYNAMIC Tue Jun 3 12:46:50 EDT 2025 x86_64 x86_64 x86_64 GNU/Linux\n
System software: Red Hat Enterprise Linux release 9.6 (Plow)\n
Setting up CROWN for RedHatEnterprise Version 9.6
/eos/user/j/jiahua/MC_2023_inc/ZZto2L2Nu_powheg_23/02983ece-4501-4401-a651-1a1b707fd56b.root
[2025-07-20 18:14:05.675] [main] [info] Checking input files
[2025-07-20 18:14:12.863] [main] [info] NanoAOD input_file 1: root://cms-xrd-global.cern.ch//store/mc/Run3Summer23NanoAODv12/ZZto2L2Nu_TuneCP5_13p6TeV_powheg-pythia8/NANOAODSIM/130X_mcRun3_2023_realistic_v14-v3/30000/02983ece-4501-4401-a651-1a1b707fd56b.root - 297000 Events
[2025-07-20 18:14:12.863] [main] [info] input_file 1: root://cms-xrd-global.cern.ch//store/mc/Run3Summer23NanoAODv12/ZZto2L2Nu_TuneCP5_13p6TeV_powheg-pythia8/NANOAODSIM/130X_mcRun3_2023_realistic_v14-v3/30000/02983ece-4501-4401-a651-1a1b707fd56b.root - SumOfGenWeight: 306114.89790000004 
[2025-07-20 18:14:12.863] [main] [info] Output directory: /eos/user/j/jiahua/MC_2023_inc/ZZto2L2Nu_powheg_23/02983ece-4501-4401-a651-1a1b707fd56b.root
[2025-07-20 18:14:12.872] [main] [info] Starting Setup of Dataframe with 297000 events
[2025-07-20 18:14:29.689] [main] [info] Finished Setup
[2025-07-20 18:14:29.690] [main] [info] Runtime for setup (real time: 16.83, CPU time: 7.02)
[2025-07-20 18:14:29.690] [main] [info] Starting Evaluation
[2025-07-20 18:15:07.489] [main] [info] 10000 / 297000 (3.37 %) Events processed ...
[2025-07-20 18:15:08.253] [main] [info] 20000 / 297000 (6.73 %) Events processed ...
[2025-07-20 18:15:08.983] [main] [info] 30000 / 297000 (10.10 %) Events processed ...
[2025-07-20 18:15:32.931] [main] [info] 40000 / 297000 (13.47 %) Events processed ...
[2025-07-20 18:15:33.747] [main] [info] 50000 / 297000 (16.84 %) Events processed ...
[2025-07-20 18:15:34.350] [main] [info] 60000 / 297000 (20.20 %) Events processed ...
[2025-07-20 18:15:35.119] [main] [info] 70000 / 297000 (23.57 %) Events processed ...
[2025-07-20 18:15:54.563] [main] [info] 80000 / 297000 (26.94 %) Events processed ...
[2025-07-20 18:15:55.443] [main] [info] 90000 / 297000 (30.30 %) Events processed ...
[2025-07-20 18:15:56.154] [main] [info] 100000 / 297000 (33.67 %) Events processed ...
[2025-07-20 18:15:56.727] [main] [info] 110000 / 297000 (37.04 %) Events processed ...
[2025-07-20 18:16:26.408] [main] [info] 120000 / 297000 (40.40 %) Events processed ...
[2025-07-20 18:16:27.053] [main] [info] 130000 / 297000 (43.77 %) Events processed ...
[2025-07-20 18:16:27.653] [main] [info] 140000 / 297000 (47.14 %) Events processed ...
[2025-07-20 18:16:28.270] [main] [info] 150000 / 297000 (50.51 %) Events processed ...
[2025-07-20 18:17:04.071] [main] [info] 160000 / 297000 (53.87 %) Events processed ...
[2025-07-20 18:17:04.859] [main] [info] 170000 / 297000 (57.24 %) Events processed ...
[2025-07-20 18:17:05.527] [main] [info] 180000 / 297000 (60.61 %) Events processed ...
[2025-07-20 18:17:06.219] [main] [info] 190000 / 297000 (63.97 %) Events processed ...
[2025-07-20 18:17:33.292] [main] [info] 200000 / 297000 (67.34 %) Events processed ...
[2025-07-20 18:17:33.802] [main] [info] 210000 / 297000 (70.71 %) Events processed ...
[2025-07-20 18:17:34.466] [main] [info] 220000 / 297000 (74.07 %) Events processed ...
[2025-07-20 18:17:35.196] [main] [info] 230000 / 297000 (77.44 %) Events processed ...
[2025-07-20 18:18:16.243] [main] [info] 240000 / 297000 (80.81 %) Events processed ...
[2025-07-20 18:18:17.130] [main] [info] 250000 / 297000 (84.18 %) Events processed ...
[2025-07-20 18:18:17.674] [main] [info] 260000 / 297000 (87.54 %) Events processed ...
[2025-07-20 18:18:18.329] [main] [info] 270000 / 297000 (90.91 %) Events processed ...
[2025-07-20 18:18:29.946] [main] [info] 280000 / 297000 (94.28 %) Events processed ...
[2025-07-20 18:18:30.699] [main] [info] 290000 / 297000 (97.64 %) Events processed ...
[2025-07-20 18:18:31.300] [main] [info] vbfhmm:
Flag_goodVertices: pass=297000     all=297000     -- eff=100.00 % cumulative eff=100.00 %
Flag_globalSuperTightHalo2016Filter: pass=296967     all=297000     -- eff=99.99 % cumulative eff=99.99 %
Flag_EcalDeadCellTriggerPrimitiveFilter: pass=296957     all=296967     -- eff=100.00 % cumulative eff=99.99 %
Flag_BadPFMuonFilter: pass=296940     all=296957     -- eff=99.99 % cumulative eff=99.98 %
Flag_BadPFMuonDzFilter: pass=296927     all=296940     -- eff=100.00 % cumulative eff=99.98 %
Flag_eeBadScFilter: pass=296927     all=296927     -- eff=100.00 % cumulative eff=99.98 %
Flag_ecalBadCalibFilter: pass=296881     all=296927     -- eff=99.98 % cumulative eff=99.96 %
Flag_hfNoisyHitsFilter: pass=296877     all=296881     -- eff=100.00 % cumulative eff=99.96 %
Number of muons 2: pass=31210      all=296877     -- eff=10.51 % cumulative eff=10.51 %
DiMuon From Higgs: pass=29336      all=31210      -- eff=94.00 % cumulative eff=9.88 %
LeptonChargeSum: pass=29330      all=29336      -- eff=99.98 % cumulative eff=9.88 %
[2025-07-20 18:18:31.440] [main] [info] Writing quantities map to /eos/user/j/jiahua/MC_2023_inc/ZZto2L2Nu_powheg_23/02983ece-4501-4401-a651-1a1b707fd56b_vbfhmm.root
[2025-07-20 18:18:31.615] [main] [info] Finished Evaluation
[2025-07-20 18:18:31.615] [main] [info] Overall runtime (real time: 258.75, CPU time: 38.37)
