000 (11280033.039.000) 07/20 18:09:50 Job submitted from host: <188.185.121.235:9618?addrs=188.185.121.235-9618+[2001-1458-d00-49--100-36e]-9618&alias=bigbird22.cern.ch&noUDP&sock=schedd_232129_c3ca>
...
040 (11280033.039.000) 07/20 18:15:12 Started transferring input files
	Transferring to host: <188.185.212.32:9618?addrs=188.185.212.32-9618+[2001-1458-303-18--100-1c]-9618&alias=b9p25p8766.cern.ch&noUDP&sock=slot1_26_8385_bdae_51106>
...
040 (11280033.039.000) 07/20 18:15:12 Finished transferring input files
...
001 (11280033.039.000) 07/20 18:15:13 Job executing on host: <188.185.212.32:9618?addrs=188.185.212.32-9618+[2001-1458-303-18--100-1c]-9618&alias=b9p25p8766.cern.ch&noUDP&sock=startd_8334_0260>
	SlotName: slot1_26@b9p25p8766.cern.ch
	CondorScratchDir = "/pool/condor/dir_3743929"
	Cpus = 1
	Disk = 12863
	GPUs = 0
	Memory = 3000
...
006 (11280033.039.000) 07/20 18:15:27 Image size of job updated: 93428
	92  -  MemoryUsage of job (MB)
	93428  -  ResidentSetSize of job (KB)
...
006 (11280033.039.000) 07/20 18:16:12 Image size of job updated: 262616
	92  -  MemoryUsage of job (MB)
	93428  -  ResidentSetSize of job (KB)
...
040 (11280033.039.000) 07/20 18:16:12 Started transferring output files
...
040 (11280033.039.000) 07/20 18:16:12 Finished transferring output files
...
005 (11280033.039.000) 07/20 18:16:12 Job terminated.
	(1) Normal termination (return value 0)
		Usr 0 00:00:39, Sys 0 00:00:03  -  Run Remote Usage
		Usr 0 00:00:00, Sys 0 00:00:00  -  Run Local Usage
		Usr 0 00:00:39, Sys 0 00:00:03  -  Total Remote Usage
		Usr 0 00:00:00, Sys 0 00:00:00  -  Total Local Usage
	13893  -  Run Bytes Sent By Job
	9837493  -  Run Bytes Received By Job
	13893  -  Total Bytes Sent By Job
	9837493  -  Total Bytes Received By Job
	Partitionable Resources :    Usage  Request Allocated 
	   Cpus                 :        0        1         1 
	   Disk (KB)            :     9643    10000     12863 
	   GPUs                 :                           0 
	   Memory (MB)          :       92     3000      3000 

	Job terminated of its own accord at 2025-07-20T16:16:12Z with exit-code 0.
...
