Starting job on \n
Running on: Linux b9g03p7944.cern.ch 5.14.0-570.23.1.el9_6.x86_64 #1 SMP PREEMPT_DYNAMIC Sat Jun 14 13:10:47 EDT 2025 x86_64 x86_64 x86_64 GNU/Linux\n
System software: Red Hat Enterprise Linux release 9.6 (Plow)\n
Setting up CROWN for RedHatEnterprise Version 9.6
/eos/user/j/jiahua/MC_2023_inc/ZZto4L_powheg_23/a0547036-153b-405c-b8ee-b26fb396c674.root
[2025-07-20 18:15:42.926] [main] [info] Checking input files
[2025-07-20 18:15:48.372] [main] [info] NanoAOD input_file 1: root://cms-xrd-global.cern.ch//store/mc/Run3Summer23NanoAODv12/ZZto4L_TuneCP5_13p6TeV_powheg-pythia8/NANOAODSIM/130X_mcRun3_2023_realistic_v14-v3/2810000/a0547036-153b-405c-b8ee-b26fb396c674.root - 276000 Events
[2025-07-20 18:15:48.372] [main] [info] input_file 1: root://cms-xrd-global.cern.ch//store/mc/Run3Summer23NanoAODv12/ZZto4L_TuneCP5_13p6TeV_powheg-pythia8/NANOAODSIM/130X_mcRun3_2023_realistic_v14-v3/2810000/a0547036-153b-405c-b8ee-b26fb396c674.root - SumOfGenWeight: 383761.4640200001 
[2025-07-20 18:15:48.372] [main] [info] Output directory: /eos/user/j/jiahua/MC_2023_inc/ZZto4L_powheg_23/a0547036-153b-405c-b8ee-b26fb396c674.root
[2025-07-20 18:15:48.376] [main] [info] Starting Setup of Dataframe with 276000 events
[2025-07-20 18:15:57.495] [main] [info] Finished Setup
[2025-07-20 18:15:57.495] [main] [info] Runtime for setup (real time: 9.12, CPU time: 8.52)
[2025-07-20 18:15:57.495] [main] [info] Starting Evaluation
[2025-07-20 18:16:09.926] [main] [info] 10000 / 276000 (3.62 %) Events processed ...
[2025-07-20 18:16:10.437] [main] [info] 20000 / 276000 (7.25 %) Events processed ...
[2025-07-20 18:16:11.056] [main] [info] 30000 / 276000 (10.87 %) Events processed ...
[2025-07-20 18:16:12.695] [main] [info] 40000 / 276000 (14.49 %) Events processed ...
[2025-07-20 18:16:13.424] [main] [info] 50000 / 276000 (18.12 %) Events processed ...
[2025-07-20 18:16:14.142] [main] [info] 60000 / 276000 (21.74 %) Events processed ...
[2025-07-20 18:16:15.786] [main] [info] 70000 / 276000 (25.36 %) Events processed ...
[2025-07-20 18:16:16.536] [main] [info] 80000 / 276000 (28.99 %) Events processed ...
[2025-07-20 18:16:17.074] [main] [info] 90000 / 276000 (32.61 %) Events processed ...
[2025-07-20 18:16:17.705] [main] [info] 100000 / 276000 (36.23 %) Events processed ...
[2025-07-20 18:16:19.502] [main] [info] 110000 / 276000 (39.86 %) Events processed ...
[2025-07-20 18:16:20.218] [main] [info] 120000 / 276000 (43.48 %) Events processed ...
[2025-07-20 18:16:20.932] [main] [info] 130000 / 276000 (47.10 %) Events processed ...
[2025-07-20 18:16:22.135] [main] [info] 140000 / 276000 (50.72 %) Events processed ...
[2025-07-20 18:16:22.827] [main] [info] 150000 / 276000 (54.35 %) Events processed ...
[2025-07-20 18:16:23.521] [main] [info] 160000 / 276000 (57.97 %) Events processed ...
[2025-07-20 18:16:24.660] [main] [info] 170000 / 276000 (61.59 %) Events processed ...
[2025-07-20 18:16:25.390] [main] [info] 180000 / 276000 (65.22 %) Events processed ...
[2025-07-20 18:16:26.103] [main] [info] 190000 / 276000 (68.84 %) Events processed ...
[2025-07-20 18:16:27.137] [main] [info] 200000 / 276000 (72.46 %) Events processed ...
[2025-07-20 18:16:27.835] [main] [info] 210000 / 276000 (76.09 %) Events processed ...
[2025-07-20 18:16:28.490] [main] [info] 220000 / 276000 (79.71 %) Events processed ...
[2025-07-20 18:16:30.355] [main] [info] 230000 / 276000 (83.33 %) Events processed ...
[2025-07-20 18:16:31.090] [main] [info] 240000 / 276000 (86.96 %) Events processed ...
[2025-07-20 18:16:31.652] [main] [info] 250000 / 276000 (90.58 %) Events processed ...
[2025-07-20 18:16:32.329] [main] [info] 260000 / 276000 (94.20 %) Events processed ...
[2025-07-20 18:16:33.643] [main] [info] 270000 / 276000 (97.83 %) Events processed ...
[2025-07-20 18:16:34.157] [main] [info] vbfhmm:
Flag_goodVertices: pass=276000     all=276000     -- eff=100.00 % cumulative eff=100.00 %
Flag_globalSuperTightHalo2016Filter: pass=275980     all=276000     -- eff=99.99 % cumulative eff=99.99 %
Flag_EcalDeadCellTriggerPrimitiveFilter: pass=275976     all=275980     -- eff=100.00 % cumulative eff=99.99 %
Flag_BadPFMuonFilter: pass=275961     all=275976     -- eff=99.99 % cumulative eff=99.99 %
Flag_BadPFMuonDzFilter: pass=275953     all=275961     -- eff=100.00 % cumulative eff=99.98 %
Flag_eeBadScFilter: pass=275953     all=275953     -- eff=100.00 % cumulative eff=99.98 %
Flag_ecalBadCalibFilter: pass=275926     all=275953     -- eff=99.99 % cumulative eff=99.97 %
Flag_hfNoisyHitsFilter: pass=275915     all=275926     -- eff=100.00 % cumulative eff=99.97 %
Number of muons 2: pass=28144      all=275915     -- eff=10.20 % cumulative eff=10.20 %
DiMuon From Higgs: pass=21338      all=28144      -- eff=75.82 % cumulative eff=7.73 %
LeptonChargeSum: pass=19413      all=21338      -- eff=90.98 % cumulative eff=7.03 %
[2025-07-20 18:16:34.334] [main] [info] Writing quantities map to /eos/user/j/jiahua/MC_2023_inc/ZZto4L_powheg_23/a0547036-153b-405c-b8ee-b26fb396c674_vbfhmm.root
[2025-07-20 18:16:34.480] [main] [info] Finished Evaluation
[2025-07-20 18:16:34.480] [main] [info] Overall runtime (real time: 46.11, CPU time: 37.25)
