000 (11280033.076.000) 07/20 18:09:51 Job submitted from host: <188.185.121.235:9618?addrs=188.185.121.235-9618+[2001-1458-d00-49--100-36e]-9618&alias=bigbird22.cern.ch&noUDP&sock=schedd_232129_c3ca>
...
040 (11280033.076.000) 07/20 18:15:27 Started transferring input files
	Transferring to host: <188.185.194.46:9618?addrs=188.185.194.46-9618+[2001-1458-303-21--100-2a]-9618&alias=b9p20p1112.cern.ch&noUDP&sock=slot1_16_4976_cac3_35265>
...
040 (11280033.076.000) 07/20 18:15:27 Finished transferring input files
...
001 (11280033.076.000) 07/20 18:15:28 Job executing on host: <188.185.194.46:9618?addrs=188.185.194.46-9618+[2001-1458-303-21--100-2a]-9618&alias=b9p20p1112.cern.ch&noUDP&sock=startd_4388_61a9>
	SlotName: slot1_16@b9p20p1112.cern.ch
	CondorScratchDir = "/pool/condor/dir_998146"
	Cpus = 1
	Disk = 12952
	GPUs = 0
	Memory = 3000
...
006 (11280033.076.000) 07/20 18:15:41 Image size of job updated: 97292
	96  -  MemoryUsage of job (MB)
	97292  -  ResidentSetSize of job (KB)
...
006 (11280033.076.000) 07/20 18:16:25 Image size of job updated: 249780
	96  -  MemoryUsage of job (MB)
	97292  -  ResidentSetSize of job (KB)
...
040 (11280033.076.000) 07/20 18:16:25 Started transferring output files
...
040 (11280033.076.000) 07/20 18:16:25 Finished transferring output files
...
005 (11280033.076.000) 07/20 18:16:25 Job terminated.
	(1) Normal termination (return value 0)
		Usr 0 00:00:27, Sys 0 00:00:02  -  Run Remote Usage
		Usr 0 00:00:00, Sys 0 00:00:00  -  Run Local Usage
		Usr 0 00:00:27, Sys 0 00:00:02  -  Total Remote Usage
		Usr 0 00:00:00, Sys 0 00:00:00  -  Total Local Usage
	10841  -  Run Bytes Sent By Job
	9837493  -  Run Bytes Received By Job
	10841  -  Total Bytes Sent By Job
	9837493  -  Total Bytes Received By Job
	Partitionable Resources :    Usage  Request Allocated 
	   Cpus                 :        0        1         1 
	   Disk (KB)            :     9640    10000     12952 
	   GPUs                 :                           0 
	   Memory (MB)          :       96     3000      3000 

	Job terminated of its own accord at 2025-07-20T16:16:25Z with exit-code 0.
...
