000 (11280032.054.000) 07/20 18:09:44 Job submitted from host: <188.185.121.235:9618?addrs=188.185.121.235-9618+[2001-1458-d00-49--100-36e]-9618&alias=bigbird22.cern.ch&noUDP&sock=schedd_232129_c3ca>
...
040 (11280032.054.000) 07/20 18:14:30 Started transferring input files
	Transferring to host: <188.185.194.103:9618?addrs=188.185.194.103-9618+[2001-1458-303-21--100-63]-9618&alias=b9p20p0998.cern.ch&noUDP&sock=slot1_29_4414_cfed_37192>
...
040 (11280032.054.000) 07/20 18:14:30 Finished transferring input files
...
001 (11280032.054.000) 07/20 18:14:31 Job executing on host: <188.185.194.103:9618?addrs=188.185.194.103-9618+[2001-1458-303-21--100-63]-9618&alias=b9p20p0998.cern.ch&noUDP&sock=startd_3821_7776>
	SlotName: slot1_29@b9p20p0998.cern.ch
	CondorScratchDir = "/pool/condor/dir_3407250"
	Cpus = 1
	Disk = 13013
	GPUs = 0
	Memory = 3000
...
006 (11280032.054.000) 07/20 18:14:45 Image size of job updated: 93272
	92  -  MemoryUsage of job (MB)
	93272  -  ResidentSetSize of job (KB)
...
006 (11280032.054.000) 07/20 18:15:42 Image size of job updated: 254024
	92  -  MemoryUsage of job (MB)
	93272  -  ResidentSetSize of job (KB)
...
040 (11280032.054.000) 07/20 18:15:42 Started transferring output files
...
040 (11280032.054.000) 07/20 18:15:42 Finished transferring output files
...
005 (11280032.054.000) 07/20 18:15:42 Job terminated.
	(1) Normal termination (return value 0)
		Usr 0 00:00:38, Sys 0 00:00:03  -  Run Remote Usage
		Usr 0 00:00:00, Sys 0 00:00:00  -  Run Local Usage
		Usr 0 00:00:38, Sys 0 00:00:03  -  Total Remote Usage
		Usr 0 00:00:00, Sys 0 00:00:00  -  Total Local Usage
	12515  -  Run Bytes Sent By Job
	9837493  -  Run Bytes Received By Job
	12515  -  Total Bytes Sent By Job
	9837493  -  Total Bytes Received By Job
	Partitionable Resources :    Usage  Request Allocated 
	   Cpus                 :        0        1         1 
	   Disk (KB)            :     9642    10000     13013 
	   GPUs                 :                           0 
	   Memory (MB)          :       92     3000      3000 

	Job terminated of its own accord at 2025-07-20T16:15:42Z with exit-code 0.
...
