Starting job on \n
Running on: Linux b9p23p9814.cern.ch 5.14.0-570.17.1.el9_6.x86_64 #1 SMP PREEMPT_DYNAMIC Tue May 13 06:41:18 EDT 2025 x86_64 x86_64 x86_64 GNU/Linux\n
System software: Red Hat Enterprise Linux release 9.6 (Plow)\n
Setting up CROWN for RedHatEnterprise Version 9.6
/eos/user/j/jiahua/MC_2023_inc/ZZto4L_powheg_23/68551026-c272-4a5a-98ab-cbeedb555b11.root
[2025-07-20 18:15:19.351] [main] [info] Checking input files
[2025-07-20 18:15:24.373] [main] [info] NanoAOD input_file 1: root://cms-xrd-global.cern.ch//store/mc/Run3Summer23NanoAODv12/ZZto4L_TuneCP5_13p6TeV_powheg-pythia8/NANOAODSIM/130X_mcRun3_2023_realistic_v14-v3/30000/68551026-c272-4a5a-98ab-cbeedb555b11.root - 378000 Events
[2025-07-20 18:15:24.373] [main] [info] input_file 1: root://cms-xrd-global.cern.ch//store/mc/Run3Summer23NanoAODv12/ZZto4L_TuneCP5_13p6TeV_powheg-pythia8/NANOAODSIM/130X_mcRun3_2023_realistic_v14-v3/30000/68551026-c272-4a5a-98ab-cbeedb555b11.root - SumOfGenWeight: 525745.3656400001 
[2025-07-20 18:15:24.373] [main] [info] Output directory: /eos/user/j/jiahua/MC_2023_inc/ZZto4L_powheg_23/68551026-c272-4a5a-98ab-cbeedb555b11.root
[2025-07-20 18:15:24.376] [main] [info] Starting Setup of Dataframe with 378000 events
[2025-07-20 18:15:32.228] [main] [info] Finished Setup
[2025-07-20 18:15:32.229] [main] [info] Runtime for setup (real time: 7.86, CPU time: 6.65)
[2025-07-20 18:15:32.229] [main] [info] Starting Evaluation
[2025-07-20 18:15:40.337] [main] [info] 10000 / 378000 (2.65 %) Events processed ...
[2025-07-20 18:15:40.818] [main] [info] 20000 / 378000 (5.29 %) Events processed ...
[2025-07-20 18:15:41.309] [main] [info] 30000 / 378000 (7.94 %) Events processed ...
[2025-07-20 18:15:41.907] [main] [info] 40000 / 378000 (10.58 %) Events processed ...
[2025-07-20 18:15:42.377] [main] [info] 50000 / 378000 (13.23 %) Events processed ...
[2025-07-20 18:15:42.922] [main] [info] 60000 / 378000 (15.87 %) Events processed ...
[2025-07-20 18:15:43.399] [main] [info] 70000 / 378000 (18.52 %) Events processed ...
[2025-07-20 18:15:44.173] [main] [info] 80000 / 378000 (21.16 %) Events processed ...
[2025-07-20 18:15:44.700] [main] [info] 90000 / 378000 (23.81 %) Events processed ...
[2025-07-20 18:15:45.110] [main] [info] 100000 / 378000 (26.46 %) Events processed ...
[2025-07-20 18:15:45.744] [main] [info] 110000 / 378000 (29.10 %) Events processed ...
[2025-07-20 18:15:46.337] [main] [info] 120000 / 378000 (31.75 %) Events processed ...
[2025-07-20 18:15:46.828] [main] [info] 130000 / 378000 (34.39 %) Events processed ...
[2025-07-20 18:15:47.800] [main] [info] 140000 / 378000 (37.04 %) Events processed ...
[2025-07-20 18:15:48.304] [main] [info] 150000 / 378000 (39.68 %) Events processed ...
[2025-07-20 18:15:48.794] [main] [info] 160000 / 378000 (42.33 %) Events processed ...
[2025-07-20 18:15:49.448] [main] [info] 170000 / 378000 (44.97 %) Events processed ...
[2025-07-20 18:15:49.970] [main] [info] 180000 / 378000 (47.62 %) Events processed ...
[2025-07-20 18:15:50.382] [main] [info] 190000 / 378000 (50.26 %) Events processed ...
[2025-07-20 18:15:50.891] [main] [info] 200000 / 378000 (52.91 %) Events processed ...
[2025-07-20 18:15:51.483] [main] [info] 210000 / 378000 (55.56 %) Events processed ...
[2025-07-20 18:15:51.978] [main] [info] 220000 / 378000 (58.20 %) Events processed ...
[2025-07-20 18:15:52.567] [main] [info] 230000 / 378000 (60.85 %) Events processed ...
[2025-07-20 18:15:53.225] [main] [info] 240000 / 378000 (63.49 %) Events processed ...
[2025-07-20 18:15:53.708] [main] [info] 250000 / 378000 (66.14 %) Events processed ...
[2025-07-20 18:15:54.162] [main] [info] 260000 / 378000 (68.78 %) Events processed ...
[2025-07-20 18:15:54.880] [main] [info] 270000 / 378000 (71.43 %) Events processed ...
[2025-07-20 18:15:55.369] [main] [info] 280000 / 378000 (74.07 %) Events processed ...
[2025-07-20 18:15:55.705] [main] [info] 290000 / 378000 (76.72 %) Events processed ...
[2025-07-20 18:15:56.286] [main] [info] 300000 / 378000 (79.37 %) Events processed ...
[2025-07-20 18:15:56.784] [main] [info] 310000 / 378000 (82.01 %) Events processed ...
[2025-07-20 18:15:57.291] [main] [info] 320000 / 378000 (84.66 %) Events processed ...
[2025-07-20 18:15:57.866] [main] [info] 330000 / 378000 (87.30 %) Events processed ...
[2025-07-20 18:15:58.383] [main] [info] 340000 / 378000 (89.95 %) Events processed ...
[2025-07-20 18:15:58.967] [main] [info] 350000 / 378000 (92.59 %) Events processed ...
[2025-07-20 18:15:59.516] [main] [info] 360000 / 378000 (95.24 %) Events processed ...
[2025-07-20 18:16:00.009] [main] [info] 370000 / 378000 (97.88 %) Events processed ...
[2025-07-20 18:16:00.479] [main] [info] vbfhmm:
Flag_goodVertices: pass=378000     all=378000     -- eff=100.00 % cumulative eff=100.00 %
Flag_globalSuperTightHalo2016Filter: pass=377977     all=378000     -- eff=99.99 % cumulative eff=99.99 %
Flag_EcalDeadCellTriggerPrimitiveFilter: pass=377967     all=377977     -- eff=100.00 % cumulative eff=99.99 %
Flag_BadPFMuonFilter: pass=377934     all=377967     -- eff=99.99 % cumulative eff=99.98 %
Flag_BadPFMuonDzFilter: pass=377923     all=377934     -- eff=100.00 % cumulative eff=99.98 %
Flag_eeBadScFilter: pass=377923     all=377923     -- eff=100.00 % cumulative eff=99.98 %
Flag_ecalBadCalibFilter: pass=377887     all=377923     -- eff=99.99 % cumulative eff=99.97 %
Flag_hfNoisyHitsFilter: pass=377876     all=377887     -- eff=100.00 % cumulative eff=99.97 %
Number of muons 2: pass=38310      all=377876     -- eff=10.14 % cumulative eff=10.13 %
DiMuon From Higgs: pass=29035      all=38310      -- eff=75.79 % cumulative eff=7.68 %
LeptonChargeSum: pass=26383      all=29035      -- eff=90.87 % cumulative eff=6.98 %
[2025-07-20 18:16:00.599] [main] [info] Writing quantities map to /eos/user/j/jiahua/MC_2023_inc/ZZto4L_powheg_23/68551026-c272-4a5a-98ab-cbeedb555b11_vbfhmm.root
[2025-07-20 18:16:00.730] [main] [info] Finished Evaluation
[2025-07-20 18:16:00.730] [main] [info] Overall runtime (real time: 36.36, CPU time: 31.36)
