000 (11280033.124.000) 07/20 18:09:51 Job submitted from host: <188.185.121.235:9618?addrs=188.185.121.235-9618+[2001-1458-d00-49--100-36e]-9618&alias=bigbird22.cern.ch&noUDP&sock=schedd_232129_c3ca>
...
040 (11280033.124.000) 07/20 18:15:38 Started transferring input files
	Transferring to host: <188.185.213.15:9618?addrs=188.185.213.15-9618+[2001-1458-303-1a--100-b]-9618&alias=b9p27p4645.cern.ch&noUDP&sock=slot1_24_8730_d31c_51116>
...
040 (11280033.124.000) 07/20 18:15:38 Finished transferring input files
...
001 (11280033.124.000) 07/20 18:15:39 Job executing on host: <188.185.213.15:9618?addrs=188.185.213.15-9618+[2001-1458-303-1a--100-b]-9618&alias=b9p27p4645.cern.ch&noUDP&sock=startd_7824_3113>
	SlotName: slot1_24@b9p27p4645.cern.ch
	CondorScratchDir = "/pool/condor/dir_1227184"
	Cpus = 1
	Disk = 12896
	GPUs = 0
	Memory = 3000
...
006 (11280033.124.000) 07/20 18:15:53 Image size of job updated: 93384
	92  -  MemoryUsage of job (MB)
	93384  -  ResidentSetSize of job (KB)
...
006 (11280033.124.000) 07/20 18:16:29 Image size of job updated: 259400
	92  -  MemoryUsage of job (MB)
	93384  -  ResidentSetSize of job (KB)
...
040 (11280033.124.000) 07/20 18:16:32 Started transferring output files
...
040 (11280033.124.000) 07/20 18:16:32 Finished transferring output files
...
005 (11280033.124.000) 07/20 18:16:34 Job terminated.
	(1) Normal termination (return value 0)
		Usr 0 00:00:28, Sys 0 00:00:03  -  Run Remote Usage
		Usr 0 00:00:00, Sys 0 00:00:00  -  Run Local Usage
		Usr 0 00:00:28, Sys 0 00:00:03  -  Total Remote Usage
		Usr 0 00:00:00, Sys 0 00:00:00  -  Total Local Usage
	12152  -  Run Bytes Sent By Job
	9837493  -  Run Bytes Received By Job
	12152  -  Total Bytes Sent By Job
	9837493  -  Total Bytes Received By Job
	Partitionable Resources :    Usage  Request Allocated 
	   Cpus                 :        0        1         1 
	   Disk (KB)            :     9642    10000     12896 
	   GPUs                 :                           0 
	   Memory (MB)          :       92     3000      3000 

	Job terminated of its own accord at 2025-07-20T16:16:29Z with exit-code 0.
...
