000 (11280033.145.000) 07/20 18:09:52 Job submitted from host: <188.185.121.235:9618?addrs=188.185.121.235-9618+[2001-1458-d00-49--100-36e]-9618&alias=bigbird22.cern.ch&noUDP&sock=schedd_232129_c3ca>
...
040 (11280033.145.000) 07/20 18:15:43 Started transferring input files
	Transferring to host: <188.185.214.85:9618?addrs=188.185.214.85-9618+[2001-1458-303-1c--100-51]-9618&alias=b9p29p3373.cern.ch&noUDP&sock=slot1_26_7799_d9d6_54402>
...
040 (11280033.145.000) 07/20 18:15:43 Finished transferring input files
...
001 (11280033.145.000) 07/20 18:15:44 Job executing on host: <188.185.214.85:9618?addrs=188.185.214.85-9618+[2001-1458-303-1c--100-51]-9618&alias=b9p29p3373.cern.ch&noUDP&sock=startd_6730_cc77>
	SlotName: slot1_26@b9p29p3373.cern.ch
	CondorScratchDir = "/pool/condor/dir_3393441"
	Cpus = 1
	Disk = 13046
	GPUs = 0
	Memory = 3000
...
006 (11280033.145.000) 07/20 18:15:52 Image size of job updated: 143244
	140  -  MemoryUsage of job (MB)
	143244  -  ResidentSetSize of job (KB)
...
006 (11280033.145.000) 07/20 18:16:24 Image size of job updated: 199460
	195  -  MemoryUsage of job (MB)
	199460  -  ResidentSetSize of job (KB)
...
040 (11280033.145.000) 07/20 18:16:24 Started transferring output files
...
040 (11280033.145.000) 07/20 18:16:24 Finished transferring output files
...
005 (11280033.145.000) 07/20 18:16:24 Job terminated.
	(1) Normal termination (return value 0)
		Usr 0 00:00:23, Sys 0 00:00:03  -  Run Remote Usage
		Usr 0 00:00:00, Sys 0 00:00:00  -  Run Local Usage
		Usr 0 00:00:23, Sys 0 00:00:03  -  Total Remote Usage
		Usr 0 00:00:00, Sys 0 00:00:00  -  Total Local Usage
	11120  -  Run Bytes Sent By Job
	9837493  -  Run Bytes Received By Job
	11120  -  Total Bytes Sent By Job
	9837493  -  Total Bytes Received By Job
	Partitionable Resources :    Usage  Request Allocated 
	   Cpus                 :        0        1         1 
	   Disk (KB)            :     9641    10000     13046 
	   GPUs                 :                           0 
	   Memory (MB)          :      195     3000      3000 

	Job terminated of its own accord at 2025-07-20T16:16:24Z with exit-code 0.
...
