000 (11280032.044.000) 07/20 18:09:44 Job submitted from host: <188.185.121.235:9618?addrs=188.185.121.235-9618+[2001-1458-d00-49--100-36e]-9618&alias=bigbird22.cern.ch&noUDP&sock=schedd_232129_c3ca>
...
040 (11280032.044.000) 07/20 18:14:31 Started transferring input files
	Transferring to host: <188.185.194.122:9618?addrs=188.185.194.122-9618+[2001-1458-303-21--100-76]-9618&alias=b9p20p1245.cern.ch&noUDP&sock=slot1_4_6581_a8e5_11953>
...
040 (11280032.044.000) 07/20 18:14:31 Finished transferring input files
...
001 (11280032.044.000) 07/20 18:14:32 Job executing on host: <188.185.194.122:9618?addrs=188.185.194.122-9618+[2001-1458-303-21--100-76]-9618&alias=b9p20p1245.cern.ch&noUDP&sock=startd_5608_3334>
	SlotName: slot1_4@b9p20p1245.cern.ch
	CondorScratchDir = "/pool/condor/dir_1314065"
	Cpus = 1
	Disk = 12887
	GPUs = 0
	Memory = 3000
...
006 (11280032.044.000) 07/20 18:14:46 Image size of job updated: 93276
	92  -  MemoryUsage of job (MB)
	93276  -  ResidentSetSize of job (KB)
...
006 (11280032.044.000) 07/20 18:16:03 Image size of job updated: 254920
	92  -  MemoryUsage of job (MB)
	93276  -  ResidentSetSize of job (KB)
...
040 (11280032.044.000) 07/20 18:16:03 Started transferring output files
...
040 (11280032.044.000) 07/20 18:16:03 Finished transferring output files
...
005 (11280032.044.000) 07/20 18:16:03 Job terminated.
	(1) Normal termination (return value 0)
		Usr 0 00:00:42, Sys 0 00:00:03  -  Run Remote Usage
		Usr 0 00:00:00, Sys 0 00:00:00  -  Run Local Usage
		Usr 0 00:00:42, Sys 0 00:00:03  -  Total Remote Usage
		Usr 0 00:00:00, Sys 0 00:00:00  -  Total Local Usage
	12863  -  Run Bytes Sent By Job
	9837493  -  Run Bytes Received By Job
	12863  -  Total Bytes Sent By Job
	9837493  -  Total Bytes Received By Job
	Partitionable Resources :    Usage  Request Allocated 
	   Cpus                 :                 1         1 
	   Disk (KB)            :     9634    10000     12887 
	   GPUs                 :                           0 
	   Memory (MB)          :       92     3000      3000 

	Job terminated of its own accord at 2025-07-20T16:16:03Z with exit-code 0.
...
