000 (11280032.117.000) 07/20 18:09:45 Job submitted from host: <188.185.121.235:9618?addrs=188.185.121.235-9618+[2001-1458-d00-49--100-36e]-9618&alias=bigbird22.cern.ch&noUDP&sock=schedd_232129_c3ca>
...
040 (11280032.117.000) 07/20 18:14:52 Started transferring input files
	Transferring to host: <188.185.196.61:9618?addrs=188.185.196.61-9618+[2001-1458-303-23--100-39]-9618&alias=b9p16p0681.cern.ch&noUDP&sock=slot1_26_6484_5081_46895>
...
040 (11280032.117.000) 07/20 18:14:52 Finished transferring input files
...
001 (11280032.117.000) 07/20 18:14:53 Job executing on host: <188.185.196.61:9618?addrs=188.185.196.61-9618+[2001-1458-303-23--100-39]-9618&alias=b9p16p0681.cern.ch&noUDP&sock=startd_5831_28d3>
	SlotName: slot1_26@b9p16p0681.cern.ch
	CondorScratchDir = "/pool/condor/dir_2292690"
	Cpus = 1
	Disk = 12970
	GPUs = 0
	Memory = 3000
...
006 (11280032.117.000) 07/20 18:15:02 Image size of job updated: 313728
	307  -  MemoryUsage of job (MB)
	313728  -  ResidentSetSize of job (KB)
...
006 (11280032.117.000) 07/20 18:16:11 Image size of job updated: 502124
	491  -  MemoryUsage of job (MB)
	502124  -  ResidentSetSize of job (KB)
...
040 (11280032.117.000) 07/20 18:16:11 Started transferring output files
...
040 (11280032.117.000) 07/20 18:16:11 Finished transferring output files
...
005 (11280032.117.000) 07/20 18:16:11 Job terminated.
	(1) Normal termination (return value 0)
		Usr 0 00:00:39, Sys 0 00:00:03  -  Run Remote Usage
		Usr 0 00:00:00, Sys 0 00:00:00  -  Run Local Usage
		Usr 0 00:00:39, Sys 0 00:00:03  -  Total Remote Usage
		Usr 0 00:00:00, Sys 0 00:00:00  -  Total Local Usage
	12342  -  Run Bytes Sent By Job
	9837493  -  Run Bytes Received By Job
	12342  -  Total Bytes Sent By Job
	9837493  -  Total Bytes Received By Job
	Partitionable Resources :    Usage  Request Allocated 
	   Cpus                 :     0.79        1         1 
	   Disk (KB)            :  9642       10000     12970 
	   GPUs                 :                           0 
	   Memory (MB)          :   491        3000      3000 

	Job terminated of its own accord at 2025-07-20T16:16:11Z with exit-code 0.
...
