Starting job on \n
Running on: Linux b9g16p0876.cern.ch 5.14.0-503.15.1.el9_5.x86_64 #1 SMP PREEMPT_DYNAMIC Thu Nov 14 15:45:31 EST 2024 x86_64 x86_64 x86_64 GNU/Linux\n
System software: Red Hat Enterprise Linux release 9.6 (Plow)\n
Setting up CROWN for RedHatEnterprise Version 9.6
/eos/user/j/jiahua/MC_2023_inc/ZZto4L_powheg_23/6d3ddced-16d0-4242-8094-a3dd8ff3ece5.root
[2025-07-20 18:15:07.714] [main] [info] Checking input files
[2025-07-20 18:16:26.597] [main] [info] NanoAOD input_file 1: root://cms-xrd-global.cern.ch//store/mc/Run3Summer23NanoAODv12/ZZto4L_TuneCP5_13p6TeV_powheg-pythia8/NANOAODSIM/130X_mcRun3_2023_realistic_v14-v3/30000/6d3ddced-16d0-4242-8094-a3dd8ff3ece5.root - 135000 Events
[2025-07-20 18:16:26.597] [main] [info] input_file 1: root://cms-xrd-global.cern.ch//store/mc/Run3Summer23NanoAODv12/ZZto4L_TuneCP5_13p6TeV_powheg-pythia8/NANOAODSIM/130X_mcRun3_2023_realistic_v14-v3/30000/6d3ddced-16d0-4242-8094-a3dd8ff3ece5.root - SumOfGenWeight: 187720.43818000003 
[2025-07-20 18:16:26.597] [main] [info] Output directory: /eos/user/j/jiahua/MC_2023_inc/ZZto4L_powheg_23/6d3ddced-16d0-4242-8094-a3dd8ff3ece5.root
[2025-07-20 18:16:26.599] [main] [info] Starting Setup of Dataframe with 135000 events
[2025-07-20 18:17:01.737] [main] [info] Finished Setup
[2025-07-20 18:17:01.737] [main] [info] Runtime for setup (real time: 35.14, CPU time: 7.31)
[2025-07-20 18:17:01.737] [main] [info] Starting Evaluation
[2025-07-20 18:17:16.285] [main] [info] 10000 / 135000 (7.41 %) Events processed ...
[2025-07-20 18:17:16.773] [main] [info] 20000 / 135000 (14.81 %) Events processed ...
[2025-07-20 18:17:17.280] [main] [info] 30000 / 135000 (22.22 %) Events processed ...
[2025-07-20 18:17:20.375] [main] [info] 40000 / 135000 (29.63 %) Events processed ...
[2025-07-20 18:17:21.099] [main] [info] 50000 / 135000 (37.04 %) Events processed ...
[2025-07-20 18:17:21.878] [main] [info] 60000 / 135000 (44.44 %) Events processed ...
[2025-07-20 18:17:22.598] [main] [info] 70000 / 135000 (51.85 %) Events processed ...
[2025-07-20 18:17:26.650] [main] [info] 80000 / 135000 (59.26 %) Events processed ...
[2025-07-20 18:17:27.137] [main] [info] 90000 / 135000 (66.67 %) Events processed ...
[2025-07-20 18:17:27.922] [main] [info] 100000 / 135000 (74.07 %) Events processed ...
[2025-07-20 18:17:30.663] [main] [info] 110000 / 135000 (81.48 %) Events processed ...
[2025-07-20 18:17:31.570] [main] [info] 120000 / 135000 (88.89 %) Events processed ...
[2025-07-20 18:17:32.362] [main] [info] 130000 / 135000 (96.30 %) Events processed ...
[2025-07-20 18:17:32.916] [main] [info] vbfhmm:
Flag_goodVertices: pass=134999     all=135000     -- eff=100.00 % cumulative eff=100.00 %
Flag_globalSuperTightHalo2016Filter: pass=134992     all=134999     -- eff=99.99 % cumulative eff=99.99 %
Flag_EcalDeadCellTriggerPrimitiveFilter: pass=134992     all=134992     -- eff=100.00 % cumulative eff=99.99 %
Flag_BadPFMuonFilter: pass=134985     all=134992     -- eff=99.99 % cumulative eff=99.99 %
Flag_BadPFMuonDzFilter: pass=134983     all=134985     -- eff=100.00 % cumulative eff=99.99 %
Flag_eeBadScFilter: pass=134983     all=134983     -- eff=100.00 % cumulative eff=99.99 %
Flag_ecalBadCalibFilter: pass=134972     all=134983     -- eff=99.99 % cumulative eff=99.98 %
Flag_hfNoisyHitsFilter: pass=134966     all=134972     -- eff=100.00 % cumulative eff=99.97 %
Number of muons 2: pass=13818      all=134966     -- eff=10.24 % cumulative eff=10.24 %
DiMuon From Higgs: pass=10491      all=13818      -- eff=75.92 % cumulative eff=7.77 %
LeptonChargeSum: pass=9514       all=10491      -- eff=90.69 % cumulative eff=7.05 %
[2025-07-20 18:17:33.067] [main] [info] Writing quantities map to /eos/user/j/jiahua/MC_2023_inc/ZZto4L_powheg_23/6d3ddced-16d0-4242-8094-a3dd8ff3ece5_vbfhmm.root
[2025-07-20 18:17:33.143] [main] [info] Finished Evaluation
[2025-07-20 18:17:33.143] [main] [info] Overall runtime (real time: 66.55, CPU time: 29.03)
