000 (11280031.077.000) 07/20 18:09:38 Job submitted from host: <188.185.121.235:9618?addrs=188.185.121.235-9618+[2001-1458-d00-49--100-36e]-9618&alias=bigbird22.cern.ch&noUDP&sock=schedd_232129_c3ca>
...
040 (11280031.077.000) 07/20 18:13:56 Started transferring input files
	Transferring to host: <188.185.194.179:9618?addrs=188.185.194.179-9618+[2001-1458-303-21--100-af]-9618&alias=b9p20p5315.cern.ch&noUDP&sock=slot1_32_9668_bb02_37229>
...
040 (11280031.077.000) 07/20 18:13:56 Finished transferring input files
...
001 (11280031.077.000) 07/20 18:13:57 Job executing on host: <188.185.194.179:9618?addrs=188.185.194.179-9618+[2001-1458-303-21--100-af]-9618&alias=b9p20p5315.cern.ch&noUDP&sock=startd_8427_ccaf>
	SlotName: slot1_32@b9p20p5315.cern.ch
	CondorScratchDir = "/pool/condor/dir_1512765"
	Cpus = 1
	Disk = 13039
	GPUs = 0
	Memory = 3000
...
006 (11280031.077.000) 07/20 18:14:11 Image size of job updated: 84272
	83  -  MemoryUsage of job (MB)
	84272  -  ResidentSetSize of job (KB)
...
006 (11280031.077.000) 07/20 18:15:32 Image size of job updated: 258512
	83  -  MemoryUsage of job (MB)
	84272  -  ResidentSetSize of job (KB)
...
040 (11280031.077.000) 07/20 18:15:33 Started transferring output files
...
040 (11280031.077.000) 07/20 18:15:33 Finished transferring output files
...
005 (11280031.077.000) 07/20 18:15:33 Job terminated.
	(1) Normal termination (return value 0)
		Usr 0 00:00:45, Sys 0 00:00:02  -  Run Remote Usage
		Usr 0 00:00:00, Sys 0 00:00:00  -  Run Local Usage
		Usr 0 00:00:45, Sys 0 00:00:02  -  Total Remote Usage
		Usr 0 00:00:00, Sys 0 00:00:00  -  Total Local Usage
	12692  -  Run Bytes Sent By Job
	9837493  -  Run Bytes Received By Job
	12692  -  Total Bytes Sent By Job
	9837493  -  Total Bytes Received By Job
	Partitionable Resources :    Usage  Request Allocated 
	   Cpus                 :        0        1         1 
	   Disk (KB)            :     9642    10000     13039 
	   GPUs                 :                           0 
	   Memory (MB)          :       83     3000      3000 

	Job terminated of its own accord at 2025-07-20T16:15:32Z with exit-code 0.
...
