000 (11280031.068.000) 07/20 18:09:38 Job submitted from host: <188.185.121.235:9618?addrs=188.185.121.235-9618+[2001-1458-d00-49--100-36e]-9618&alias=bigbird22.cern.ch&noUDP&sock=schedd_232129_c3ca>
...
040 (11280031.068.000) 07/20 18:13:53 Started transferring input files
	Transferring to host: <188.185.192.20:9618?addrs=188.185.192.20-9618+[2001-1458-303-1f--100-10]-9618&alias=b9p13p5476.cern.ch&noUDP&sock=slot1_31_721600_3a99_51471>
...
040 (11280031.068.000) 07/20 18:13:53 Finished transferring input files
...
001 (11280031.068.000) 07/20 18:13:54 Job executing on host: <188.185.192.20:9618?addrs=188.185.192.20-9618+[2001-1458-303-1f--100-10]-9618&alias=b9p13p5476.cern.ch&noUDP&sock=startd_8705_7c03>
	SlotName: slot1_31@b9p13p5476.cern.ch
	CondorScratchDir = "/pool/condor/dir_3844588"
	Cpus = 1
	Disk = 13062
	GPUs = 0
	Memory = 3000
...
006 (11280031.068.000) 07/20 18:14:08 Image size of job updated: 2220
	3  -  MemoryUsage of job (MB)
	2220  -  ResidentSetSize of job (KB)
...
006 (11280031.068.000) 07/20 18:16:33 Image size of job updated: 262724
	3  -  MemoryUsage of job (MB)
	2244  -  ResidentSetSize of job (KB)
...
040 (11280031.068.000) 07/20 18:16:34 Started transferring output files
...
040 (11280031.068.000) 07/20 18:16:35 Finished transferring output files
...
005 (11280031.068.000) 07/20 18:16:38 Job terminated.
	(1) Normal termination (return value 0)
		Usr 0 00:00:58, Sys 0 00:00:03  -  Run Remote Usage
		Usr 0 00:00:00, Sys 0 00:00:00  -  Run Local Usage
		Usr 0 00:00:58, Sys 0 00:00:03  -  Total Remote Usage
		Usr 0 00:00:00, Sys 0 00:00:00  -  Total Local Usage
	14340  -  Run Bytes Sent By Job
	9837493  -  Run Bytes Received By Job
	14340  -  Total Bytes Sent By Job
	9837493  -  Total Bytes Received By Job
	Partitionable Resources :    Usage  Request Allocated 
	   Cpus                 :        0        1         1 
	   Disk (KB)            :     9644    10000     13062 
	   GPUs                 :                           0 
	   Memory (MB)          :        3     3000      3000 

	Job terminated of its own accord at 2025-07-20T16:16:33Z with exit-code 0.
...
