000 (11280033.042.000) 07/20 18:09:50 Job submitted from host: <188.185.121.235:9618?addrs=188.185.121.235-9618+[2001-1458-d00-49--100-36e]-9618&alias=bigbird22.cern.ch&noUDP&sock=schedd_232129_c3ca>
...
040 (11280033.042.000) 07/20 18:15:12 Started transferring input files
	Transferring to host: <188.185.193.181:9618?addrs=188.185.193.181-9618+[2001-1458-303-20--100-b1]-9618&alias=b9p19p7455.cern.ch&noUDP&sock=slot1_18_10177_5df7_36101>
...
040 (11280033.042.000) 07/20 18:15:12 Finished transferring input files
...
001 (11280033.042.000) 07/20 18:15:13 Job executing on host: <188.185.193.181:9618?addrs=188.185.193.181-9618+[2001-1458-303-20--100-b1]-9618&alias=b9p19p7455.cern.ch&noUDP&sock=startd_8570_e2ba>
	SlotName: slot1_18@b9p19p7455.cern.ch
	CondorScratchDir = "/pool/condor/dir_3824922"
	Cpus = 1
	Disk = 12975
	GPUs = 0
	Memory = 3000
...
006 (11280033.042.000) 07/20 18:15:27 Image size of job updated: 93400
	92  -  MemoryUsage of job (MB)
	93400  -  ResidentSetSize of job (KB)
...
006 (11280033.042.000) 07/20 18:16:29 Image size of job updated: 261792
	92  -  MemoryUsage of job (MB)
	93400  -  ResidentSetSize of job (KB)
...
040 (11280033.042.000) 07/20 18:16:32 Started transferring output files
...
040 (11280033.042.000) 07/20 18:16:32 Finished transferring output files
...
005 (11280033.042.000) 07/20 18:16:33 Job terminated.
	(1) Normal termination (return value 0)
		Usr 0 00:00:51, Sys 0 00:00:03  -  Run Remote Usage
		Usr 0 00:00:00, Sys 0 00:00:00  -  Run Local Usage
		Usr 0 00:00:51, Sys 0 00:00:03  -  Total Remote Usage
		Usr 0 00:00:00, Sys 0 00:00:00  -  Total Local Usage
	13545  -  Run Bytes Sent By Job
	9837493  -  Run Bytes Received By Job
	13545  -  Total Bytes Sent By Job
	9837493  -  Total Bytes Received By Job
	Partitionable Resources :    Usage  Request Allocated 
	   Cpus                 :        0        1         1 
	   Disk (KB)            :     9643    10000     12975 
	   GPUs                 :                           0 
	   Memory (MB)          :       92     3000      3000 

	Job terminated of its own accord at 2025-07-20T16:16:29Z with exit-code 0.
...
