Starting job on \n
Running on: Linux b9p17p4322.cern.ch 5.14.0-570.17.1.el9_6.x86_64 #1 SMP PREEMPT_DYNAMIC Tue May 13 06:41:18 EDT 2025 x86_64 x86_64 x86_64 GNU/Linux\n
System software: Red Hat Enterprise Linux release 9.6 (Plow)\n
Setting up CROWN for RedHatEnterprise Version 9.6
/eos/user/j/jiahua/MC_2023_inc/ZZto2L2Nu_powheg_23/7cf41e43-4a03-4c4c-88af-3ca0a4834c49.root
[2025-07-20 18:14:21.044] [main] [info] Checking input files
[2025-07-20 18:14:30.561] [main] [info] NanoAOD input_file 1: root://cms-xrd-global.cern.ch//store/mc/Run3Summer23NanoAODv12/ZZto2L2Nu_TuneCP5_13p6TeV_powheg-pythia8/NANOAODSIM/130X_mcRun3_2023_realistic_v14-v3/40000/7cf41e43-4a03-4c4c-88af-3ca0a4834c49.root - 9000 Events
[2025-07-20 18:14:30.561] [main] [info] input_file 1: root://cms-xrd-global.cern.ch//store/mc/Run3Summer23NanoAODv12/ZZto2L2Nu_TuneCP5_13p6TeV_powheg-pythia8/NANOAODSIM/130X_mcRun3_2023_realistic_v14-v3/40000/7cf41e43-4a03-4c4c-88af-3ca0a4834c49.root - SumOfGenWeight: 9264.751120000003 
[2025-07-20 18:14:30.561] [main] [info] Output directory: /eos/user/j/jiahua/MC_2023_inc/ZZto2L2Nu_powheg_23/7cf41e43-4a03-4c4c-88af-3ca0a4834c49.root
[2025-07-20 18:14:30.564] [main] [info] Starting Setup of Dataframe with 9000 events
[2025-07-20 18:14:48.721] [main] [info] Finished Setup
[2025-07-20 18:14:48.721] [main] [info] Runtime for setup (real time: 18.16, CPU time: 7.79)
[2025-07-20 18:14:48.721] [main] [info] Starting Evaluation
[2025-07-20 18:15:04.738] [main] [info] vbfhmm:
Flag_goodVertices: pass=9000       all=9000       -- eff=100.00 % cumulative eff=100.00 %
Flag_globalSuperTightHalo2016Filter: pass=8999       all=9000       -- eff=99.99 % cumulative eff=99.99 %
Flag_EcalDeadCellTriggerPrimitiveFilter: pass=8998       all=8999       -- eff=99.99 % cumulative eff=99.98 %
Flag_BadPFMuonFilter: pass=8998       all=8998       -- eff=100.00 % cumulative eff=99.98 %
Flag_BadPFMuonDzFilter: pass=8998       all=8998       -- eff=100.00 % cumulative eff=99.98 %
Flag_eeBadScFilter: pass=8998       all=8998       -- eff=100.00 % cumulative eff=99.98 %
Flag_ecalBadCalibFilter: pass=8998       all=8998       -- eff=100.00 % cumulative eff=99.98 %
Flag_hfNoisyHitsFilter: pass=8997       all=8998       -- eff=99.99 % cumulative eff=99.97 %
Number of muons 2: pass=951        all=8997       -- eff=10.57 % cumulative eff=10.57 %
DiMuon From Higgs: pass=893        all=951        -- eff=93.90 % cumulative eff=9.92 %
LeptonChargeSum: pass=893        all=893        -- eff=100.00 % cumulative eff=9.92 %
[2025-07-20 18:15:05.295] [main] [info] Writing quantities map to /eos/user/j/jiahua/MC_2023_inc/ZZto2L2Nu_powheg_23/7cf41e43-4a03-4c4c-88af-3ca0a4834c49_vbfhmm.root
[2025-07-20 18:15:05.361] [main] [info] Finished Evaluation
[2025-07-20 18:15:05.361] [main] [info] Overall runtime (real time: 34.80, CPU time: 20.12)
