Starting job on \n
Running on: Linux b9p27p5475.cern.ch 5.14.0-570.17.1.el9_6.x86_64 #1 SMP PREEMPT_DYNAMIC Tue May 13 06:41:18 EDT 2025 x86_64 x86_64 x86_64 GNU/Linux\n
System software: Red Hat Enterprise Linux release 9.6 (Plow)\n
Setting up CROWN for RedHatEnterprise Version 9.6
/eos/user/j/jiahua/MC_2023_inc/ZZto4L_powheg_23/ef4d6587-ccce-49ae-80cf-f9dfc5cd8887.root
[2025-07-20 18:15:35.275] [main] [info] Checking input files
[2025-07-20 18:15:40.968] [main] [info] NanoAOD input_file 1: root://cms-xrd-global.cern.ch//store/mc/Run3Summer23NanoAODv12/ZZto4L_TuneCP5_13p6TeV_powheg-pythia8/NANOAODSIM/130X_mcRun3_2023_realistic_v14-v3/2810000/ef4d6587-ccce-49ae-80cf-f9dfc5cd8887.root - 249000 Events
[2025-07-20 18:15:40.968] [main] [info] input_file 1: root://cms-xrd-global.cern.ch//store/mc/Run3Summer23NanoAODv12/ZZto4L_TuneCP5_13p6TeV_powheg-pythia8/NANOAODSIM/130X_mcRun3_2023_realistic_v14-v3/2810000/ef4d6587-ccce-49ae-80cf-f9dfc5cd8887.root - SumOfGenWeight: 346117.90026 
[2025-07-20 18:15:40.968] [main] [info] Output directory: /eos/user/j/jiahua/MC_2023_inc/ZZto4L_powheg_23/ef4d6587-ccce-49ae-80cf-f9dfc5cd8887.root
[2025-07-20 18:15:40.970] [main] [info] Starting Setup of Dataframe with 249000 events
[2025-07-20 18:15:46.645] [main] [info] Finished Setup
[2025-07-20 18:15:46.645] [main] [info] Runtime for setup (real time: 5.68, CPU time: 4.96)
[2025-07-20 18:15:46.645] [main] [info] Starting Evaluation
[2025-07-20 18:15:56.333] [main] [info] 10000 / 249000 (4.02 %) Events processed ...
[2025-07-20 18:15:56.851] [main] [info] 20000 / 249000 (8.03 %) Events processed ...
[2025-07-20 18:15:57.379] [main] [info] 30000 / 249000 (12.05 %) Events processed ...
[2025-07-20 18:15:58.836] [main] [info] 40000 / 249000 (16.06 %) Events processed ...
[2025-07-20 18:15:59.310] [main] [info] 50000 / 249000 (20.08 %) Events processed ...
[2025-07-20 18:15:59.851] [main] [info] 60000 / 249000 (24.10 %) Events processed ...
[2025-07-20 18:16:00.343] [main] [info] 70000 / 249000 (28.11 %) Events processed ...
[2025-07-20 18:16:01.595] [main] [info] 80000 / 249000 (32.13 %) Events processed ...
[2025-07-20 18:16:01.962] [main] [info] 90000 / 249000 (36.14 %) Events processed ...
[2025-07-20 18:16:02.497] [main] [info] 100000 / 249000 (40.16 %) Events processed ...
[2025-07-20 18:16:03.858] [main] [info] 110000 / 249000 (44.18 %) Events processed ...
[2025-07-20 18:16:04.484] [main] [info] 120000 / 249000 (48.19 %) Events processed ...
[2025-07-20 18:16:05.049] [main] [info] 130000 / 249000 (52.21 %) Events processed ...
[2025-07-20 18:16:07.579] [main] [info] 140000 / 249000 (56.22 %) Events processed ...
[2025-07-20 18:16:08.107] [main] [info] 150000 / 249000 (60.24 %) Events processed ...
[2025-07-20 18:16:08.594] [main] [info] 160000 / 249000 (64.26 %) Events processed ...
[2025-07-20 18:16:10.703] [main] [info] 170000 / 249000 (68.27 %) Events processed ...
[2025-07-20 18:16:11.148] [main] [info] 180000 / 249000 (72.29 %) Events processed ...
[2025-07-20 18:16:11.631] [main] [info] 190000 / 249000 (76.31 %) Events processed ...
[2025-07-20 18:16:12.117] [main] [info] 200000 / 249000 (80.32 %) Events processed ...
[2025-07-20 18:16:15.431] [main] [info] 210000 / 249000 (84.34 %) Events processed ...
[2025-07-20 18:16:15.893] [main] [info] 220000 / 249000 (88.35 %) Events processed ...
[2025-07-20 18:16:16.411] [main] [info] 230000 / 249000 (92.37 %) Events processed ...
[2025-07-20 18:16:18.327] [main] [info] 240000 / 249000 (96.39 %) Events processed ...
[2025-07-20 18:16:18.868] [main] [info] vbfhmm:
Flag_goodVertices: pass=249000     all=249000     -- eff=100.00 % cumulative eff=100.00 %
Flag_globalSuperTightHalo2016Filter: pass=248988     all=249000     -- eff=100.00 % cumulative eff=100.00 %
Flag_EcalDeadCellTriggerPrimitiveFilter: pass=248984     all=248988     -- eff=100.00 % cumulative eff=99.99 %
Flag_BadPFMuonFilter: pass=248971     all=248984     -- eff=99.99 % cumulative eff=99.99 %
Flag_BadPFMuonDzFilter: pass=248965     all=248971     -- eff=100.00 % cumulative eff=99.99 %
Flag_eeBadScFilter: pass=248965     all=248965     -- eff=100.00 % cumulative eff=99.99 %
Flag_ecalBadCalibFilter: pass=248943     all=248965     -- eff=99.99 % cumulative eff=99.98 %
Flag_hfNoisyHitsFilter: pass=248934     all=248943     -- eff=100.00 % cumulative eff=99.97 %
Number of muons 2: pass=25168      all=248934     -- eff=10.11 % cumulative eff=10.11 %
DiMuon From Higgs: pass=19066      all=25168      -- eff=75.75 % cumulative eff=7.66 %
LeptonChargeSum: pass=17258      all=19066      -- eff=90.52 % cumulative eff=6.93 %
[2025-07-20 18:16:19.030] [main] [info] Writing quantities map to /eos/user/j/jiahua/MC_2023_inc/ZZto4L_powheg_23/ef4d6587-ccce-49ae-80cf-f9dfc5cd8887_vbfhmm.root
[2025-07-20 18:16:19.177] [main] [info] Finished Evaluation
[2025-07-20 18:16:19.177] [main] [info] Overall runtime (real time: 38.21, CPU time: 25.24)
