Starting job on \n
Running on: Linux b9p19p2774.cern.ch 5.14.0-570.21.1.el9_6.x86_64 #1 SMP PREEMPT_DYNAMIC Tue Jun 3 12:46:50 EDT 2025 x86_64 x86_64 x86_64 GNU/Linux\n
System software: Red Hat Enterprise Linux release 9.6 (Plow)\n
Setting up CROWN for RedHatEnterprise Version 9.6
/eos/user/j/jiahua/MC_2023_inc/ZZto2L2Q_powheg_23/64d5bac1-f029-4684-ad3c-452210c3e559.root
[2025-07-20 18:14:43.874] [main] [info] Checking input files
[2025-07-20 18:14:53.832] [main] [info] NanoAOD input_file 1: root://cms-xrd-global.cern.ch//store/mc/Run3Summer23NanoAODv12/ZZto2L2Q_TuneCP5_13p6TeV_powheg-pythia8/NANOAODSIM/130X_mcRun3_2023_realistic_v14-v3/2820000/64d5bac1-f029-4684-ad3c-452210c3e559.root - 279000 Events
[2025-07-20 18:14:53.832] [main] [info] input_file 1: root://cms-xrd-global.cern.ch//store/mc/Run3Summer23NanoAODv12/ZZto2L2Q_TuneCP5_13p6TeV_powheg-pythia8/NANOAODSIM/130X_mcRun3_2023_realistic_v14-v3/2820000/64d5bac1-f029-4684-ad3c-452210c3e559.root - SumOfGenWeight: 1894320.2980000013 
[2025-07-20 18:14:53.832] [main] [info] Output directory: /eos/user/j/jiahua/MC_2023_inc/ZZto2L2Q_powheg_23/64d5bac1-f029-4684-ad3c-452210c3e559.root
[2025-07-20 18:14:53.836] [main] [info] Starting Setup of Dataframe with 279000 events
[2025-07-20 18:14:58.721] [main] [info] Finished Setup
[2025-07-20 18:14:58.721] [main] [info] Runtime for setup (real time: 4.89, CPU time: 3.65)
[2025-07-20 18:14:58.721] [main] [info] Starting Evaluation
[2025-07-20 18:15:20.744] [main] [info] 10000 / 279000 (3.58 %) Events processed ...
[2025-07-20 18:15:21.426] [main] [info] 20000 / 279000 (7.17 %) Events processed ...
[2025-07-20 18:15:22.204] [main] [info] 30000 / 279000 (10.75 %) Events processed ...
[2025-07-20 18:15:30.946] [main] [info] 40000 / 279000 (14.34 %) Events processed ...
[2025-07-20 18:15:31.686] [main] [info] 50000 / 279000 (17.92 %) Events processed ...
[2025-07-20 18:15:32.466] [main] [info] 60000 / 279000 (21.51 %) Events processed ...
[2025-07-20 18:15:42.467] [main] [info] 70000 / 279000 (25.09 %) Events processed ...
[2025-07-20 18:15:43.229] [main] [info] 80000 / 279000 (28.67 %) Events processed ...
[2025-07-20 18:15:43.985] [main] [info] 90000 / 279000 (32.26 %) Events processed ...
[2025-07-20 18:15:53.046] [main] [info] 100000 / 279000 (35.84 %) Events processed ...
[2025-07-20 18:15:53.775] [main] [info] 110000 / 279000 (39.43 %) Events processed ...
[2025-07-20 18:15:54.481] [main] [info] 120000 / 279000 (43.01 %) Events processed ...
[2025-07-20 18:16:03.432] [main] [info] 130000 / 279000 (46.59 %) Events processed ...
[2025-07-20 18:16:04.432] [main] [info] 140000 / 279000 (50.18 %) Events processed ...
[2025-07-20 18:16:05.169] [main] [info] 150000 / 279000 (53.76 %) Events processed ...
[2025-07-20 18:16:14.135] [main] [info] 160000 / 279000 (57.35 %) Events processed ...
[2025-07-20 18:16:14.884] [main] [info] 170000 / 279000 (60.93 %) Events processed ...
[2025-07-20 18:16:15.666] [main] [info] 180000 / 279000 (64.52 %) Events processed ...
[2025-07-20 18:16:16.243] [main] [info] 190000 / 279000 (68.10 %) Events processed ...
[2025-07-20 18:16:25.348] [main] [info] 200000 / 279000 (71.68 %) Events processed ...
[2025-07-20 18:16:26.100] [main] [info] 210000 / 279000 (75.27 %) Events processed ...
[2025-07-20 18:16:26.877] [main] [info] 220000 / 279000 (78.85 %) Events processed ...
[2025-07-20 18:16:33.474] [main] [info] 230000 / 279000 (82.44 %) Events processed ...
[2025-07-20 18:16:34.216] [main] [info] 240000 / 279000 (86.02 %) Events processed ...
[2025-07-20 18:16:34.998] [main] [info] 250000 / 279000 (89.61 %) Events processed ...
[2025-07-20 18:16:40.011] [main] [info] 260000 / 279000 (93.19 %) Events processed ...
[2025-07-20 18:16:40.807] [main] [info] 270000 / 279000 (96.77 %) Events processed ...
[2025-07-20 18:16:41.879] [main] [info] vbfhmm:
Flag_goodVertices: pass=279000     all=279000     -- eff=100.00 % cumulative eff=100.00 %
Flag_globalSuperTightHalo2016Filter: pass=278966     all=279000     -- eff=99.99 % cumulative eff=99.99 %
Flag_EcalDeadCellTriggerPrimitiveFilter: pass=278953     all=278966     -- eff=100.00 % cumulative eff=99.98 %
Flag_BadPFMuonFilter: pass=278939     all=278953     -- eff=99.99 % cumulative eff=99.98 %
Flag_BadPFMuonDzFilter: pass=278932     all=278939     -- eff=100.00 % cumulative eff=99.98 %
Flag_eeBadScFilter: pass=278932     all=278932     -- eff=100.00 % cumulative eff=99.98 %
Flag_ecalBadCalibFilter: pass=278906     all=278932     -- eff=99.99 % cumulative eff=99.97 %
Flag_hfNoisyHitsFilter: pass=278896     all=278906     -- eff=100.00 % cumulative eff=99.96 %
Number of muons 2: pass=19365      all=278896     -- eff=6.94 % cumulative eff=6.94 %
DiMuon From Higgs: pass=17313      all=19365      -- eff=89.40 % cumulative eff=6.21 %
LeptonChargeSum: pass=17304      all=17313      -- eff=99.95 % cumulative eff=6.20 %
[2025-07-20 18:16:42.451] [main] [info] Writing quantities map to /eos/user/j/jiahua/MC_2023_inc/ZZto2L2Q_powheg_23/64d5bac1-f029-4684-ad3c-452210c3e559_vbfhmm.root
[2025-07-20 18:16:42.747] [main] [info] Finished Evaluation
[2025-07-20 18:16:42.747] [main] [info] Overall runtime (real time: 108.91, CPU time: 35.93)
