000 (12769466.029.000) 11/08 10:44:14 Job submitted from host: <188.185.121.235:9618?addrs=188.185.121.235-9618+[2001-1458-d00-49--100-36e]-9618&alias=bigbird22.cern.ch&noUDP&sock=schedd_232129_c3ca>
...
040 (12769466.029.000) 11/08 10:54:11 Started transferring input files
	Transferring to host: <188.185.212.96:9618?addrs=188.185.212.96-9618+[2001-1458-303-18--100-5c]-9618&alias=b9p25p1476.cern.ch&noUDP&sock=slot1_22_6960_b314_46059>
...
040 (12769466.029.000) 11/08 10:54:11 Finished transferring input files
...
001 (12769466.029.000) 11/08 10:54:12 Job executing on host: <188.185.212.96:9618?addrs=188.185.212.96-9618+[2001-1458-303-18--100-5c]-9618&alias=b9p25p1476.cern.ch&noUDP&sock=startd_5832_d86b>
	SlotName: slot1_22@b9p25p1476.cern.ch
	CondorScratchDir = "/pool/condor/dir_3191556"
	Cpus = 1
	Disk = 16028
	GPUs = 0
	Memory = 3000
...
006 (12769466.029.000) 11/08 10:54:25 Image size of job updated: 95404
	94  -  MemoryUsage of job (MB)
	95404  -  ResidentSetSize of job (KB)
...
006 (12769466.029.000) 11/08 10:59:25 Image size of job updated: 473468
	463  -  MemoryUsage of job (MB)
	473468  -  ResidentSetSize of job (KB)
...
040 (12769466.029.000) 11/08 11:00:36 Started transferring output files
...
040 (12769466.029.000) 11/08 11:00:36 Finished transferring output files
...
005 (12769466.029.000) 11/08 11:00:36 Job terminated.
	(1) Normal termination (return value 0)
		Usr 0 00:03:19, Sys 0 00:00:05  -  Run Remote Usage
		Usr 0 00:00:00, Sys 0 00:00:00  -  Run Local Usage
		Usr 0 00:03:19, Sys 0 00:00:05  -  Total Remote Usage
		Usr 0 00:00:00, Sys 0 00:00:00  -  Total Local Usage
	14681  -  Run Bytes Sent By Job
	11220240  -  Run Bytes Received By Job
	14681  -  Total Bytes Sent By Job
	11220240  -  Total Bytes Received By Job
	Partitionable Resources :    Usage  Request Allocated 
	   Cpus                 :     0.43        1         1 
	   Disk (KB)            : 10995       12500     16028 
	   GPUs                 :                           0 
	   Memory (MB)          :   463        3000      3000 
	   TimeExecute (s)      :   384                       
	   TimeSlotBusy (s)     :   386                       

	Job terminated of its own accord at 2025-11-08T10:00:36Z with exit-code 0.
...
