000 (12769466.201.000) 11/08 10:44:14 Job submitted from host: <188.185.121.235:9618?addrs=188.185.121.235-9618+[2001-1458-d00-49--100-36e]-9618&alias=bigbird22.cern.ch&noUDP&sock=schedd_232129_c3ca>
...
040 (12769466.201.000) 11/08 10:55:07 Started transferring input files
	Transferring to host: <188.185.215.67:9618?addrs=188.185.215.67-9618+[2001-1458-303-1e--100-3f]-9618&alias=b9p31p7896.cern.ch&noUDP&sock=slot1_19_6534_8b43_50509>
...
040 (12769466.201.000) 11/08 10:55:07 Finished transferring input files
...
001 (12769466.201.000) 11/08 10:55:08 Job executing on host: <188.185.215.67:9618?addrs=188.185.215.67-9618+[2001-1458-303-1e--100-3f]-9618&alias=b9p31p7896.cern.ch&noUDP&sock=startd_5704_0c4c>
	SlotName: slot1_19@b9p31p7896.cern.ch
	CondorScratchDir = "/pool/condor/dir_1115430"
	Cpus = 1
	Disk = 16048
	GPUs = 0
	Memory = 3000
...
006 (12769466.201.000) 11/08 10:55:21 Image size of job updated: 98264
	96  -  MemoryUsage of job (MB)
	98264  -  ResidentSetSize of job (KB)
...
006 (12769466.201.000) 11/08 11:00:17 Image size of job updated: 468232
	96  -  MemoryUsage of job (MB)
	98272  -  ResidentSetSize of job (KB)
...
040 (12769466.201.000) 11/08 11:00:17 Started transferring output files
...
040 (12769466.201.000) 11/08 11:00:17 Finished transferring output files
...
005 (12769466.201.000) 11/08 11:00:17 Job terminated.
	(1) Normal termination (return value 0)
		Usr 0 00:02:17, Sys 0 00:00:04  -  Run Remote Usage
		Usr 0 00:00:00, Sys 0 00:00:00  -  Run Local Usage
		Usr 0 00:02:17, Sys 0 00:00:04  -  Total Remote Usage
		Usr 0 00:00:00, Sys 0 00:00:00  -  Total Local Usage
	12594  -  Run Bytes Sent By Job
	11220240  -  Run Bytes Received By Job
	12594  -  Total Bytes Sent By Job
	11220240  -  Total Bytes Received By Job
	Partitionable Resources :    Usage  Request Allocated 
	   Cpus                 :        0        1         1 
	   Disk (KB)            :    10993    12500     16048 
	   GPUs                 :                           0 
	   Memory (MB)          :       96     3000      3000 
	   TimeExecute (s)      :      309                    
	   TimeSlotBusy (s)     :      310                    

	Job terminated of its own accord at 2025-11-08T10:00:17Z with exit-code 0.
...
