000 (12769466.212.000) 11/08 10:44:14 Job submitted from host: <188.185.121.235:9618?addrs=188.185.121.235-9618+[2001-1458-d00-49--100-36e]-9618&alias=bigbird22.cern.ch&noUDP&sock=schedd_232129_c3ca>
...
040 (12769466.212.000) 11/08 10:55:10 Started transferring input files
	Transferring to host: <188.185.211.61:9618?addrs=188.185.211.61-9618+[2001-1458-303-16--100-39]-9618&alias=b9p23p8988.cern.ch&noUDP&sock=slot1_18_7592_002e_50589>
...
040 (12769466.212.000) 11/08 10:55:10 Finished transferring input files
...
001 (12769466.212.000) 11/08 10:55:11 Job executing on host: <188.185.211.61:9618?addrs=188.185.211.61-9618+[2001-1458-303-16--100-39]-9618&alias=b9p23p8988.cern.ch&noUDP&sock=startd_6823_96c6>
	SlotName: slot1_18@b9p23p8988.cern.ch
	CondorScratchDir = "/pool/condor/dir_2680691"
	Cpus = 1
	Disk = 15375
	GPUs = 0
	Memory = 3000
...
006 (12769466.212.000) 11/08 10:55:24 Image size of job updated: 99308
	97  -  MemoryUsage of job (MB)
	99308  -  ResidentSetSize of job (KB)
...
006 (12769466.212.000) 11/08 10:59:40 Image size of job updated: 466960
	98  -  MemoryUsage of job (MB)
	99436  -  ResidentSetSize of job (KB)
...
040 (12769466.212.000) 11/08 10:59:40 Started transferring output files
...
040 (12769466.212.000) 11/08 10:59:40 Finished transferring output files
...
005 (12769466.212.000) 11/08 10:59:40 Job terminated.
	(1) Normal termination (return value 0)
		Usr 0 00:02:20, Sys 0 00:00:04  -  Run Remote Usage
		Usr 0 00:00:00, Sys 0 00:00:00  -  Run Local Usage
		Usr 0 00:02:20, Sys 0 00:00:04  -  Total Remote Usage
		Usr 0 00:00:00, Sys 0 00:00:00  -  Total Local Usage
	12159  -  Run Bytes Sent By Job
	11220240  -  Run Bytes Received By Job
	12159  -  Total Bytes Sent By Job
	11220240  -  Total Bytes Received By Job
	Partitionable Resources :    Usage  Request Allocated 
	   Cpus                 :        0        1         1 
	   Disk (KB)            :    10992    12500     15375 
	   GPUs                 :                           0 
	   Memory (MB)          :       98     3000      3000 
	   TimeExecute (s)      :      269                    
	   TimeSlotBusy (s)     :      270                    

	Job terminated of its own accord at 2025-11-08T09:59:40Z with exit-code 0.
...
