000 (12769478.043.000) 11/08 10:44:20 Job submitted from host: <188.185.121.235:9618?addrs=188.185.121.235-9618+[2001-1458-d00-49--100-36e]-9618&alias=bigbird22.cern.ch&noUDP&sock=schedd_232129_c3ca>
...
040 (12769478.043.000) 11/08 10:59:33 Started transferring input files
	Transferring to host: <188.185.196.43:9618?addrs=188.185.196.43-9618+[2001-1458-303-23--100-27]-9618&alias=b9p16p4359.cern.ch&noUDP&sock=slot1_45_3256_e57d_45644>
...
040 (12769478.043.000) 11/08 10:59:33 Finished transferring input files
...
001 (12769478.043.000) 11/08 10:59:34 Job executing on host: <188.185.196.43:9618?addrs=188.185.196.43-9618+[2001-1458-303-23--100-27]-9618&alias=b9p16p4359.cern.ch&noUDP&sock=startd_2577_2fa6>
	SlotName: slot1_45@b9p16p4359.cern.ch
	CondorScratchDir = "/pool/condor/dir_271829"
	Cpus = 1
	Disk = 15991
	GPUs = 0
	Memory = 3000
...
006 (12769478.043.000) 11/08 10:59:47 Image size of job updated: 97344
	96  -  MemoryUsage of job (MB)
	97344  -  ResidentSetSize of job (KB)
...
006 (12769478.043.000) 11/08 11:01:03 Image size of job updated: 436452
	96  -  MemoryUsage of job (MB)
	97344  -  ResidentSetSize of job (KB)
...
040 (12769478.043.000) 11/08 11:01:03 Started transferring output files
...
040 (12769478.043.000) 11/08 11:01:03 Finished transferring output files
...
005 (12769478.043.000) 11/08 11:01:03 Job terminated.
	(1) Normal termination (return value 0)
		Usr 0 00:01:13, Sys 0 00:00:02  -  Run Remote Usage
		Usr 0 00:00:00, Sys 0 00:00:00  -  Run Local Usage
		Usr 0 00:01:13, Sys 0 00:00:02  -  Total Remote Usage
		Usr 0 00:00:00, Sys 0 00:00:00  -  Total Local Usage
	9600  -  Run Bytes Sent By Job
	11220240  -  Run Bytes Received By Job
	9600  -  Total Bytes Sent By Job
	11220240  -  Total Bytes Received By Job
	Partitionable Resources :    Usage  Request Allocated 
	   Cpus                 :        0        1         1 
	   Disk (KB)            :    10990    12500     15991 
	   GPUs                 :                           0 
	   Memory (MB)          :       96     3000      3000 
	   TimeExecute (s)      :       89                    
	   TimeSlotBusy (s)     :       90                    

	Job terminated of its own accord at 2025-11-08T10:01:03Z with exit-code 0.
...
