Starting job on \n
Running on: Linux b9p19p8854.cern.ch 5.14.0-570.44.1.el9_6.x86_64 #1 SMP PREEMPT_DYNAMIC Tue Sep 9 05:17:30 EDT 2025 x86_64 x86_64 x86_64 GNU/Linux\n
System software: Red Hat Enterprise Linux release 9.6 (Plow)\n
Setting up CROWN for RedHatEnterprise Version 9.6
subject   : /DC=ch/DC=cern/OU=Organic Units/OU=Users/CN=jiahua/CN=851532/CN=Jiahua Chen/CN=1735721823
issuer    : /DC=ch/DC=cern/OU=Organic Units/OU=Users/CN=jiahua/CN=851532/CN=Jiahua Chen
identity  : /DC=ch/DC=cern/OU=Organic Units/OU=Users/CN=jiahua/CN=851532/CN=Jiahua Chen
type      : RFC compliant proxy
strength  : 2048 bits
path      : /afs/cern.ch/user/j/jiahua/proxy/x509up_u139833
timeleft  : 196:44:20
key usage : Digital Signature, Key Encipherment
=== VO cms extension information ===
VO        : cms
subject   : /DC=ch/DC=cern/OU=Organic Units/OU=Users/CN=jiahua/CN=851532/CN=Jiahua Chen
issuer    : /DC=ch/DC=cern/OU=computers/CN=cms-auth.cern.ch
attribute : /cms/Role=NULL/Capability=NULL
timeleft  : 188:44:20
uri       : voms-cms-auth.cern.ch:15000
subject   : /DC=ch/DC=cern/OU=Organic Units/OU=Users/CN=jiahua/CN=851532/CN=Jiahua Chen/CN=1735721823
issuer    : /DC=ch/DC=cern/OU=Organic Units/OU=Users/CN=jiahua/CN=851532/CN=Jiahua Chen
identity  : /DC=ch/DC=cern/OU=Organic Units/OU=Users/CN=jiahua/CN=851532/CN=Jiahua Chen
type      : RFC compliant proxy
strength  : 2048 bits
path      : /afs/cern.ch/user/j/jiahua/proxy/x509up_u139833
timeleft  : 196:44:20
key usage : Digital Signature, Key Encipherment
=== VO cms extension information ===
VO        : cms
subject   : /DC=ch/DC=cern/OU=Organic Units/OU=Users/CN=jiahua/CN=851532/CN=Jiahua Chen
issuer    : /DC=ch/DC=cern/OU=computers/CN=cms-auth.cern.ch
attribute : /cms/Role=NULL/Capability=NULL
timeleft  : 188:44:20
uri       : voms-cms-auth.cern.ch:15000
/eos/user/j/jiahua/MC_2023BPix_inc/DYto2L-2Jets_MLL-50_amcatnloFXFX_23BPix/8c4d0a97-d512-4fe6-a630-5e99860a4af5.root
[2025-11-08 10:54:39.206] [main] [info] Checking input files
[2025-11-08 10:54:48.906] [main] [info] NanoAOD input_file 1: root://cms-xrd-global.cern.ch//store/mc/Run3Summer23BPixNanoAODv12/DYto2L-2Jets_MLL-50_TuneCP5_13p6TeV_amcatnloFXFX-pythia8/NANOAODSIM/130X_mcRun3_2023_realistic_postBPix_v2-v3/80000/8c4d0a97-d512-4fe6-a630-5e99860a4af5.root - 594256 Events
[2025-11-08 10:54:48.927] [main] [info] input_file 1: root://cms-xrd-global.cern.ch//store/mc/Run3Summer23BPixNanoAODv12/DYto2L-2Jets_MLL-50_TuneCP5_13p6TeV_amcatnloFXFX-pythia8/NANOAODSIM/130X_mcRun3_2023_realistic_postBPix_v2-v3/80000/8c4d0a97-d512-4fe6-a630-5e99860a4af5.root - SumOfGenWeight: 10606330872.648 
[2025-11-08 10:54:48.927] [main] [info] Output directory: /eos/user/j/jiahua/MC_2023BPix_inc/DYto2L-2Jets_MLL-50_amcatnloFXFX_23BPix/8c4d0a97-d512-4fe6-a630-5e99860a4af5.root
[2025-11-08 10:54:48.931] [main] [info] Starting Setup of Dataframe with 594256 events
[2025-11-08 10:55:57.740] [main] [info] Finished Setup
[2025-11-08 10:55:57.740] [main] [info] Runtime for setup (real time: 68.81, CPU time: 63.93)
[2025-11-08 10:55:57.740] [main] [info] Starting Evaluation
[2025-11-08 10:57:05.231] [main] [info] 10000 / 594256 (1.68 %) Events processed ...
[2025-11-08 10:57:08.985] [main] [info] 20000 / 594256 (3.37 %) Events processed ...
[2025-11-08 10:57:11.288] [main] [info] 30000 / 594256 (5.05 %) Events processed ...
[2025-11-08 10:57:13.612] [main] [info] 40000 / 594256 (6.73 %) Events processed ...
[2025-11-08 10:57:30.735] [main] [info] 50000 / 594256 (8.41 %) Events processed ...
[2025-11-08 10:57:33.098] [main] [info] 60000 / 594256 (10.10 %) Events processed ...
[2025-11-08 10:57:35.622] [main] [info] 70000 / 594256 (11.78 %) Events processed ...
[2025-11-08 10:57:38.182] [main] [info] 80000 / 594256 (13.46 %) Events processed ...
[2025-11-08 10:57:55.659] [main] [info] 90000 / 594256 (15.14 %) Events processed ...
[2025-11-08 10:57:58.039] [main] [info] 100000 / 594256 (16.83 %) Events processed ...
[2025-11-08 10:58:00.246] [main] [info] 110000 / 594256 (18.51 %) Events processed ...
[2025-11-08 10:58:02.456] [main] [info] 120000 / 594256 (20.19 %) Events processed ...
[2025-11-08 10:58:19.544] [main] [info] 130000 / 594256 (21.88 %) Events processed ...
[2025-11-08 10:58:23.359] [main] [info] 140000 / 594256 (23.56 %) Events processed ...
[2025-11-08 10:58:26.882] [main] [info] 150000 / 594256 (25.24 %) Events processed ...
[2025-11-08 10:58:30.340] [main] [info] 160000 / 594256 (26.92 %) Events processed ...
[2025-11-08 10:58:50.127] [main] [info] 170000 / 594256 (28.61 %) Events processed ...
[2025-11-08 10:58:53.736] [main] [info] 180000 / 594256 (30.29 %) Events processed ...
[2025-11-08 10:58:56.279] [main] [info] 190000 / 594256 (31.97 %) Events processed ...
[2025-11-08 10:58:58.904] [main] [info] 200000 / 594256 (33.66 %) Events processed ...
[2025-11-08 10:59:13.767] [main] [info] 210000 / 594256 (35.34 %) Events processed ...
[2025-11-08 10:59:16.272] [main] [info] 220000 / 594256 (37.02 %) Events processed ...
[2025-11-08 10:59:18.445] [main] [info] 230000 / 594256 (38.70 %) Events processed ...
[2025-11-08 10:59:20.776] [main] [info] 240000 / 594256 (40.39 %) Events processed ...
[2025-11-08 10:59:35.866] [main] [info] 250000 / 594256 (42.07 %) Events processed ...
[2025-11-08 10:59:39.133] [main] [info] 260000 / 594256 (43.75 %) Events processed ...
[2025-11-08 10:59:42.161] [main] [info] 270000 / 594256 (45.43 %) Events processed ...
[2025-11-08 10:59:45.747] [main] [info] 280000 / 594256 (47.12 %) Events processed ...
[2025-11-08 10:59:57.684] [main] [info] 290000 / 594256 (48.80 %) Events processed ...
[2025-11-08 11:00:01.566] [main] [info] 300000 / 594256 (50.48 %) Events processed ...
[2025-11-08 11:00:03.851] [main] [info] 310000 / 594256 (52.17 %) Events processed ...
[2025-11-08 11:00:06.262] [main] [info] 320000 / 594256 (53.85 %) Events processed ...
[2025-11-08 11:00:16.630] [main] [info] 330000 / 594256 (55.53 %) Events processed ...
[2025-11-08 11:00:19.889] [main] [info] 340000 / 594256 (57.21 %) Events processed ...
[2025-11-08 11:00:22.422] [main] [info] 350000 / 594256 (58.90 %) Events processed ...
[2025-11-08 11:00:26.226] [main] [info] 360000 / 594256 (60.58 %) Events processed ...
[2025-11-08 11:00:33.131] [main] [info] 370000 / 594256 (62.26 %) Events processed ...
[2025-11-08 11:00:35.832] [main] [info] 380000 / 594256 (63.95 %) Events processed ...
[2025-11-08 11:00:38.149] [main] [info] 390000 / 594256 (65.63 %) Events processed ...
[2025-11-08 11:00:40.545] [main] [info] 400000 / 594256 (67.31 %) Events processed ...
[2025-11-08 11:00:46.859] [main] [info] 410000 / 594256 (68.99 %) Events processed ...
[2025-11-08 11:00:49.532] [main] [info] 420000 / 594256 (70.68 %) Events processed ...
[2025-11-08 11:00:52.789] [main] [info] 430000 / 594256 (72.36 %) Events processed ...
[2025-11-08 11:00:56.276] [main] [info] 440000 / 594256 (74.04 %) Events processed ...
[2025-11-08 11:01:03.724] [main] [info] 450000 / 594256 (75.72 %) Events processed ...
[2025-11-08 11:01:08.125] [main] [info] 460000 / 594256 (77.41 %) Events processed ...
[2025-11-08 11:01:12.574] [main] [info] 470000 / 594256 (79.09 %) Events processed ...
[2025-11-08 11:01:17.166] [main] [info] 480000 / 594256 (80.77 %) Events processed ...
[2025-11-08 11:01:24.306] [main] [info] 490000 / 594256 (82.46 %) Events processed ...
[2025-11-08 11:01:28.444] [main] [info] 500000 / 594256 (84.14 %) Events processed ...
[2025-11-08 11:01:32.512] [main] [info] 510000 / 594256 (85.82 %) Events processed ...
[2025-11-08 11:01:36.277] [main] [info] 520000 / 594256 (87.50 %) Events processed ...
[2025-11-08 11:01:42.408] [main] [info] 530000 / 594256 (89.19 %) Events processed ...
[2025-11-08 11:01:46.792] [main] [info] 540000 / 594256 (90.87 %) Events processed ...
[2025-11-08 11:01:51.213] [main] [info] 550000 / 594256 (92.55 %) Events processed ...
[2025-11-08 11:01:55.497] [main] [info] 560000 / 594256 (94.24 %) Events processed ...
[2025-11-08 11:02:02.456] [main] [info] 570000 / 594256 (95.92 %) Events processed ...
[2025-11-08 11:02:07.009] [main] [info] 580000 / 594256 (97.60 %) Events processed ...
[2025-11-08 11:02:11.253] [main] [info] 590000 / 594256 (99.28 %) Events processed ...
[2025-11-08 11:02:13.533] [main] [info] vbfhmm:
Flag_goodVertices: pass=594256     all=594256     -- eff=100.00 % cumulative eff=100.00 %
Flag_globalSuperTightHalo2016Filter: pass=594219     all=594256     -- eff=99.99 % cumulative eff=99.99 %
Flag_EcalDeadCellTriggerPrimitiveFilter: pass=594218     all=594219     -- eff=100.00 % cumulative eff=99.99 %
Flag_BadPFMuonFilter: pass=594178     all=594218     -- eff=99.99 % cumulative eff=99.99 %
Flag_BadPFMuonDzFilter: pass=594164     all=594178     -- eff=100.00 % cumulative eff=99.98 %
Flag_eeBadScFilter: pass=594164     all=594164     -- eff=100.00 % cumulative eff=99.98 %
Flag_ecalBadCalibFilter: pass=594115     all=594164     -- eff=99.99 % cumulative eff=99.98 %
Flag_hfNoisyHitsFilter: pass=594094     all=594115     -- eff=100.00 % cumulative eff=99.97 %
Number of muons 2: pass=72956      all=594094     -- eff=12.28 % cumulative eff=12.28 %
DiMuon From Higgs: pass=70031      all=72956      -- eff=95.99 % cumulative eff=11.78 %
LeptonChargeSum: pass=70010      all=70031      -- eff=99.97 % cumulative eff=11.78 %
[2025-11-08 11:02:13.687] [main] [info] Writing quantities map to /eos/user/j/jiahua/MC_2023BPix_inc/DYto2L-2Jets_MLL-50_amcatnloFXFX_23BPix/8c4d0a97-d512-4fe6-a630-5e99860a4af5_vbfhmm.root
[2025-11-08 11:02:13.777] [main] [info] Finished Evaluation
[2025-11-08 11:02:13.777] [main] [info] Overall runtime (real time: 444.85, CPU time: 275.58)
