Starting job on \n
Running on: Linux b9p20p8660.cern.ch 5.14.0-570.44.1.el9_6.x86_64 #1 SMP PREEMPT_DYNAMIC Tue Sep 9 05:17:30 EDT 2025 x86_64 x86_64 x86_64 GNU/Linux\n
System software: Red Hat Enterprise Linux release 9.6 (Plow)\n
Setting up CROWN for RedHatEnterprise Version 9.6
subject   : /DC=ch/DC=cern/OU=Organic Units/OU=Users/CN=jiahua/CN=851532/CN=Jiahua Chen/CN=1735721823
issuer    : /DC=ch/DC=cern/OU=Organic Units/OU=Users/CN=jiahua/CN=851532/CN=Jiahua Chen
identity  : /DC=ch/DC=cern/OU=Organic Units/OU=Users/CN=jiahua/CN=851532/CN=Jiahua Chen
type      : RFC compliant proxy
strength  : 2048 bits
path      : /afs/cern.ch/user/j/jiahua/proxy/x509up_u139833
timeleft  : 196:43:45
key usage : Digital Signature, Key Encipherment
=== VO cms extension information ===
VO        : cms
subject   : /DC=ch/DC=cern/OU=Organic Units/OU=Users/CN=jiahua/CN=851532/CN=Jiahua Chen
issuer    : /DC=ch/DC=cern/OU=computers/CN=cms-auth.cern.ch
attribute : /cms/Role=NULL/Capability=NULL
timeleft  : 188:43:45
uri       : voms-cms-auth.cern.ch:15000
subject   : /DC=ch/DC=cern/OU=Organic Units/OU=Users/CN=jiahua/CN=851532/CN=Jiahua Chen/CN=1735721823
issuer    : /DC=ch/DC=cern/OU=Organic Units/OU=Users/CN=jiahua/CN=851532/CN=Jiahua Chen
identity  : /DC=ch/DC=cern/OU=Organic Units/OU=Users/CN=jiahua/CN=851532/CN=Jiahua Chen
type      : RFC compliant proxy
strength  : 2048 bits
path      : /afs/cern.ch/user/j/jiahua/proxy/x509up_u139833
timeleft  : 196:43:45
key usage : Digital Signature, Key Encipherment
=== VO cms extension information ===
VO        : cms
subject   : /DC=ch/DC=cern/OU=Organic Units/OU=Users/CN=jiahua/CN=851532/CN=Jiahua Chen
issuer    : /DC=ch/DC=cern/OU=computers/CN=cms-auth.cern.ch
attribute : /cms/Role=NULL/Capability=NULL
timeleft  : 188:43:45
uri       : voms-cms-auth.cern.ch:15000
/eos/user/j/jiahua/MC_2023BPix_inc/DYto2L-2Jets_MLL-50_amcatnloFXFX_23BPix/08f5a20a-a92c-498e-8cd1-d7cd4d0e20d3.root
[2025-11-08 10:55:13.702] [main] [info] Checking input files
[2025-11-08 10:55:20.049] [main] [info] NanoAOD input_file 1: root://cms-xrd-global.cern.ch//store/mc/Run3Summer23BPixNanoAODv12/DYto2L-2Jets_MLL-50_TuneCP5_13p6TeV_amcatnloFXFX-pythia8/NANOAODSIM/130X_mcRun3_2023_realistic_postBPix_v2-v3/80000/08f5a20a-a92c-498e-8cd1-d7cd4d0e20d3.root - 299038 Events
[2025-11-08 10:55:20.071] [main] [info] input_file 1: root://cms-xrd-global.cern.ch//store/mc/Run3Summer23BPixNanoAODv12/DYto2L-2Jets_MLL-50_TuneCP5_13p6TeV_amcatnloFXFX-pythia8/NANOAODSIM/130X_mcRun3_2023_realistic_postBPix_v2-v3/80000/08f5a20a-a92c-498e-8cd1-d7cd4d0e20d3.root - SumOfGenWeight: 5342933754.144001 
[2025-11-08 10:55:20.071] [main] [info] Output directory: /eos/user/j/jiahua/MC_2023BPix_inc/DYto2L-2Jets_MLL-50_amcatnloFXFX_23BPix/08f5a20a-a92c-498e-8cd1-d7cd4d0e20d3.root
[2025-11-08 10:55:20.075] [main] [info] Starting Setup of Dataframe with 299038 events
[2025-11-08 10:56:29.023] [main] [info] Finished Setup
[2025-11-08 10:56:29.023] [main] [info] Runtime for setup (real time: 68.95, CPU time: 64.42)
[2025-11-08 10:56:29.023] [main] [info] Starting Evaluation
[2025-11-08 10:56:55.083] [main] [info] 10000 / 299038 (3.34 %) Events processed ...
[2025-11-08 10:56:59.108] [main] [info] 20000 / 299038 (6.69 %) Events processed ...
[2025-11-08 10:57:02.721] [main] [info] 30000 / 299038 (10.03 %) Events processed ...
[2025-11-08 10:57:24.642] [main] [info] 40000 / 299038 (13.38 %) Events processed ...
[2025-11-08 10:57:28.094] [main] [info] 50000 / 299038 (16.72 %) Events processed ...
[2025-11-08 10:57:31.647] [main] [info] 60000 / 299038 (20.06 %) Events processed ...
[2025-11-08 10:57:35.337] [main] [info] 70000 / 299038 (23.41 %) Events processed ...
[2025-11-08 10:57:54.896] [main] [info] 80000 / 299038 (26.75 %) Events processed ...
[2025-11-08 10:58:00.147] [main] [info] 90000 / 299038 (30.10 %) Events processed ...
[2025-11-08 10:58:05.752] [main] [info] 100000 / 299038 (33.44 %) Events processed ...
[2025-11-08 10:58:10.667] [main] [info] 110000 / 299038 (36.78 %) Events processed ...
[2025-11-08 10:58:31.390] [main] [info] 120000 / 299038 (40.13 %) Events processed ...
[2025-11-08 10:58:35.193] [main] [info] 130000 / 299038 (43.47 %) Events processed ...
[2025-11-08 10:58:38.614] [main] [info] 140000 / 299038 (46.82 %) Events processed ...
[2025-11-08 10:58:42.072] [main] [info] 150000 / 299038 (50.16 %) Events processed ...
[2025-11-08 10:58:57.987] [main] [info] 160000 / 299038 (53.50 %) Events processed ...
[2025-11-08 10:59:01.730] [main] [info] 170000 / 299038 (56.85 %) Events processed ...
[2025-11-08 10:59:05.473] [main] [info] 180000 / 299038 (60.19 %) Events processed ...
[2025-11-08 10:59:08.954] [main] [info] 190000 / 299038 (63.54 %) Events processed ...
[2025-11-08 10:59:23.249] [main] [info] 200000 / 299038 (66.88 %) Events processed ...
[2025-11-08 10:59:26.899] [main] [info] 210000 / 299038 (70.23 %) Events processed ...
[2025-11-08 10:59:30.416] [main] [info] 220000 / 299038 (73.57 %) Events processed ...
[2025-11-08 10:59:33.972] [main] [info] 230000 / 299038 (76.91 %) Events processed ...
[2025-11-08 10:59:45.471] [main] [info] 240000 / 299038 (80.26 %) Events processed ...
[2025-11-08 10:59:49.065] [main] [info] 250000 / 299038 (83.60 %) Events processed ...
[2025-11-08 10:59:52.850] [main] [info] 260000 / 299038 (86.95 %) Events processed ...
[2025-11-08 10:59:56.517] [main] [info] 270000 / 299038 (90.29 %) Events processed ...
[2025-11-08 11:00:03.937] [main] [info] 280000 / 299038 (93.63 %) Events processed ...
[2025-11-08 11:00:07.325] [main] [info] 290000 / 299038 (96.98 %) Events processed ...
[2025-11-08 11:00:10.738] [main] [info] vbfhmm:
Flag_goodVertices: pass=299038     all=299038     -- eff=100.00 % cumulative eff=100.00 %
Flag_globalSuperTightHalo2016Filter: pass=299018     all=299038     -- eff=99.99 % cumulative eff=99.99 %
Flag_EcalDeadCellTriggerPrimitiveFilter: pass=299017     all=299018     -- eff=100.00 % cumulative eff=99.99 %
Flag_BadPFMuonFilter: pass=299001     all=299017     -- eff=99.99 % cumulative eff=99.99 %
Flag_BadPFMuonDzFilter: pass=298996     all=299001     -- eff=100.00 % cumulative eff=99.99 %
Flag_eeBadScFilter: pass=298996     all=298996     -- eff=100.00 % cumulative eff=99.99 %
Flag_ecalBadCalibFilter: pass=298960     all=298996     -- eff=99.99 % cumulative eff=99.97 %
Flag_hfNoisyHitsFilter: pass=298944     all=298960     -- eff=99.99 % cumulative eff=99.97 %
Number of muons 2: pass=36789      all=298944     -- eff=12.31 % cumulative eff=12.30 %
DiMuon From Higgs: pass=35289      all=36789      -- eff=95.92 % cumulative eff=11.80 %
LeptonChargeSum: pass=35286      all=35289      -- eff=99.99 % cumulative eff=11.80 %
[2025-11-08 11:00:11.140] [main] [info] Writing quantities map to /eos/user/j/jiahua/MC_2023BPix_inc/DYto2L-2Jets_MLL-50_amcatnloFXFX_23BPix/08f5a20a-a92c-498e-8cd1-d7cd4d0e20d3_vbfhmm.root
[2025-11-08 11:00:11.237] [main] [info] Finished Evaluation
[2025-11-08 11:00:11.237] [main] [info] Overall runtime (real time: 291.17, CPU time: 190.71)
