Starting job on \n
Running on: Linux b9p08p3056.cern.ch 5.14.0-570.42.2.el9_6.x86_64 #1 SMP PREEMPT_DYNAMIC Mon Sep 8 12:15:13 EDT 2025 x86_64 x86_64 x86_64 GNU/Linux\n
System software: Red Hat Enterprise Linux release 9.6 (Plow)\n
Setting up CROWN for RedHatEnterprise Version 9.6
subject   : /DC=ch/DC=cern/OU=Organic Units/OU=Users/CN=jiahua/CN=851532/CN=Jiahua Chen/CN=1735721823
issuer    : /DC=ch/DC=cern/OU=Organic Units/OU=Users/CN=jiahua/CN=851532/CN=Jiahua Chen
identity  : /DC=ch/DC=cern/OU=Organic Units/OU=Users/CN=jiahua/CN=851532/CN=Jiahua Chen
type      : RFC compliant proxy
strength  : 2048 bits
path      : /afs/cern.ch/user/j/jiahua/proxy/x509up_u139833
timeleft  : 196:43:52
key usage : Digital Signature, Key Encipherment
=== VO cms extension information ===
VO        : cms
subject   : /DC=ch/DC=cern/OU=Organic Units/OU=Users/CN=jiahua/CN=851532/CN=Jiahua Chen
issuer    : /DC=ch/DC=cern/OU=computers/CN=cms-auth.cern.ch
attribute : /cms/Role=NULL/Capability=NULL
timeleft  : 188:43:52
uri       : voms-cms-auth.cern.ch:15000
subject   : /DC=ch/DC=cern/OU=Organic Units/OU=Users/CN=jiahua/CN=851532/CN=Jiahua Chen/CN=1735721823
issuer    : /DC=ch/DC=cern/OU=Organic Units/OU=Users/CN=jiahua/CN=851532/CN=Jiahua Chen
identity  : /DC=ch/DC=cern/OU=Organic Units/OU=Users/CN=jiahua/CN=851532/CN=Jiahua Chen
type      : RFC compliant proxy
strength  : 2048 bits
path      : /afs/cern.ch/user/j/jiahua/proxy/x509up_u139833
timeleft  : 196:43:52
key usage : Digital Signature, Key Encipherment
=== VO cms extension information ===
VO        : cms
subject   : /DC=ch/DC=cern/OU=Organic Units/OU=Users/CN=jiahua/CN=851532/CN=Jiahua Chen
issuer    : /DC=ch/DC=cern/OU=computers/CN=cms-auth.cern.ch
attribute : /cms/Role=NULL/Capability=NULL
timeleft  : 188:43:52
uri       : voms-cms-auth.cern.ch:15000
/eos/user/j/jiahua/MC_2023BPix_inc/DYto2L-2Jets_MLL-50_amcatnloFXFX_23BPix/2a5089e1-79ff-4b11-a3aa-de355dcd6947.root
[2025-11-08 10:55:07.350] [main] [info] Checking input files
[2025-11-08 10:55:12.425] [main] [info] NanoAOD input_file 1: root://cms-xrd-global.cern.ch//store/mc/Run3Summer23BPixNanoAODv12/DYto2L-2Jets_MLL-50_TuneCP5_13p6TeV_amcatnloFXFX-pythia8/NANOAODSIM/130X_mcRun3_2023_realistic_postBPix_v2-v3/80000/2a5089e1-79ff-4b11-a3aa-de355dcd6947.root - 73803 Events
[2025-11-08 10:55:12.451] [main] [info] input_file 1: root://cms-xrd-global.cern.ch//store/mc/Run3Summer23BPixNanoAODv12/DYto2L-2Jets_MLL-50_TuneCP5_13p6TeV_amcatnloFXFX-pythia8/NANOAODSIM/130X_mcRun3_2023_realistic_postBPix_v2-v3/80000/2a5089e1-79ff-4b11-a3aa-de355dcd6947.root - SumOfGenWeight: 1315621649.524 
[2025-11-08 10:55:12.451] [main] [info] Output directory: /eos/user/j/jiahua/MC_2023BPix_inc/DYto2L-2Jets_MLL-50_amcatnloFXFX_23BPix/2a5089e1-79ff-4b11-a3aa-de355dcd6947.root
[2025-11-08 10:55:12.454] [main] [info] Starting Setup of Dataframe with 73803 events
[2025-11-08 10:55:55.544] [main] [info] Finished Setup
[2025-11-08 10:55:55.544] [main] [info] Runtime for setup (real time: 43.09, CPU time: 39.07)
[2025-11-08 10:55:55.545] [main] [info] Starting Evaluation
[2025-11-08 10:56:17.328] [main] [info] 10000 / 73803 (13.55 %) Events processed ...
[2025-11-08 10:56:19.711] [main] [info] 20000 / 73803 (27.10 %) Events processed ...
[2025-11-08 10:56:22.262] [main] [info] 30000 / 73803 (40.65 %) Events processed ...
[2025-11-08 10:56:24.879] [main] [info] 40000 / 73803 (54.20 %) Events processed ...
[2025-11-08 10:56:34.175] [main] [info] 50000 / 73803 (67.75 %) Events processed ...
[2025-11-08 10:56:36.380] [main] [info] 60000 / 73803 (81.30 %) Events processed ...
[2025-11-08 10:56:38.843] [main] [info] 70000 / 73803 (94.85 %) Events processed ...
[2025-11-08 10:56:39.940] [main] [info] vbfhmm:
Flag_goodVertices: pass=73803      all=73803      -- eff=100.00 % cumulative eff=100.00 %
Flag_globalSuperTightHalo2016Filter: pass=73800      all=73803      -- eff=100.00 % cumulative eff=100.00 %
Flag_EcalDeadCellTriggerPrimitiveFilter: pass=73800      all=73800      -- eff=100.00 % cumulative eff=100.00 %
Flag_BadPFMuonFilter: pass=73792      all=73800      -- eff=99.99 % cumulative eff=99.99 %
Flag_BadPFMuonDzFilter: pass=73792      all=73792      -- eff=100.00 % cumulative eff=99.99 %
Flag_eeBadScFilter: pass=73792      all=73792      -- eff=100.00 % cumulative eff=99.99 %
Flag_ecalBadCalibFilter: pass=73786      all=73792      -- eff=99.99 % cumulative eff=99.98 %
Flag_hfNoisyHitsFilter: pass=73783      all=73786      -- eff=100.00 % cumulative eff=99.97 %
Number of muons 2: pass=9053       all=73783      -- eff=12.27 % cumulative eff=12.27 %
DiMuon From Higgs: pass=8691       all=9053       -- eff=96.00 % cumulative eff=11.78 %
LeptonChargeSum: pass=8689       all=8691       -- eff=99.98 % cumulative eff=11.77 %
[2025-11-08 10:56:40.226] [main] [info] Writing quantities map to /eos/user/j/jiahua/MC_2023BPix_inc/DYto2L-2Jets_MLL-50_amcatnloFXFX_23BPix/2a5089e1-79ff-4b11-a3aa-de355dcd6947_vbfhmm.root
[2025-11-08 10:56:40.310] [main] [info] Finished Evaluation
[2025-11-08 10:56:40.310] [main] [info] Overall runtime (real time: 87.86, CPU time: 64.30)
