000 (12769466.124.000) 11/08 10:44:14 Job submitted from host: <188.185.121.235:9618?addrs=188.185.121.235-9618+[2001-1458-d00-49--100-36e]-9618&alias=bigbird22.cern.ch&noUDP&sock=schedd_232129_c3ca>
...
040 (12769466.124.000) 11/08 10:54:42 Started transferring input files
	Transferring to host: <128.142.33.202:9618?addrs=128.142.33.202-9618+[2001-1458-301-39--100-7]-9618&alias=b9g24p3339.cern.ch&noUDP&sock=slot1_22_7225_6a7f_53768>
...
040 (12769466.124.000) 11/08 10:54:42 Finished transferring input files
...
001 (12769466.124.000) 11/08 10:54:43 Job executing on host: <128.142.33.202:9618?addrs=128.142.33.202-9618+[2001-1458-301-39--100-7]-9618&alias=b9g24p3339.cern.ch&noUDP&sock=startd_6298_7b8d>
	SlotName: slot1_22@b9g24p3339.cern.ch
	CondorScratchDir = "/pool/condor/dir_4127506"
	Cpus = 1
	Disk = 15968
	GPUs = 0
	Memory = 3000
...
006 (12769466.124.000) 11/08 10:54:56 Image size of job updated: 95416
	94  -  MemoryUsage of job (MB)
	95416  -  ResidentSetSize of job (KB)
...
006 (12769466.124.000) 11/08 10:59:56 Image size of job updated: 473260
	463  -  MemoryUsage of job (MB)
	473260  -  ResidentSetSize of job (KB)
...
006 (12769466.124.000) 11/08 11:01:07 Image size of job updated: 473280
	463  -  MemoryUsage of job (MB)
	473260  -  ResidentSetSize of job (KB)
...
040 (12769466.124.000) 11/08 11:01:07 Started transferring output files
...
040 (12769466.124.000) 11/08 11:01:07 Finished transferring output files
...
005 (12769466.124.000) 11/08 11:01:07 Job terminated.
	(1) Normal termination (return value 0)
		Usr 0 00:03:06, Sys 0 00:00:05  -  Run Remote Usage
		Usr 0 00:00:00, Sys 0 00:00:00  -  Run Local Usage
		Usr 0 00:03:06, Sys 0 00:00:05  -  Total Remote Usage
		Usr 0 00:00:00, Sys 0 00:00:00  -  Total Local Usage
	14681  -  Run Bytes Sent By Job
	11220240  -  Run Bytes Received By Job
	14681  -  Total Bytes Sent By Job
	11220240  -  Total Bytes Received By Job
	Partitionable Resources :    Usage  Request Allocated 
	   Cpus                 :     0.64        1         1 
	   Disk (KB)            : 10995       12500     15968 
	   GPUs                 :                           0 
	   Memory (MB)          :   463        3000      3000 
	   TimeExecute (s)      :   384                       
	   TimeSlotBusy (s)     :   385                       

	Job terminated of its own accord at 2025-11-08T10:01:07Z with exit-code 0.
...
