Starting job on \n
Running on: Linux b9p13p3997.cern.ch 5.14.0-570.44.1.el9_6.x86_64 #1 SMP PREEMPT_DYNAMIC Tue Sep 9 05:17:30 EDT 2025 x86_64 x86_64 x86_64 GNU/Linux\n
System software: Red Hat Enterprise Linux release 9.6 (Plow)\n
Setting up CROWN for RedHatEnterprise Version 9.6
subject   : /DC=ch/DC=cern/OU=Organic Units/OU=Users/CN=jiahua/CN=851532/CN=Jiahua Chen/CN=1735721823
issuer    : /DC=ch/DC=cern/OU=Organic Units/OU=Users/CN=jiahua/CN=851532/CN=Jiahua Chen
identity  : /DC=ch/DC=cern/OU=Organic Units/OU=Users/CN=jiahua/CN=851532/CN=Jiahua Chen
type      : RFC compliant proxy
strength  : 2048 bits
path      : /afs/cern.ch/user/j/jiahua/proxy/x509up_u139833
timeleft  : 196:39:05
key usage : Digital Signature, Key Encipherment
=== VO cms extension information ===
VO        : cms
subject   : /DC=ch/DC=cern/OU=Organic Units/OU=Users/CN=jiahua/CN=851532/CN=Jiahua Chen
issuer    : /DC=ch/DC=cern/OU=computers/CN=cms-auth.cern.ch
attribute : /cms/Role=NULL/Capability=NULL
timeleft  : 188:39:05
uri       : voms-cms-auth.cern.ch:15000
subject   : /DC=ch/DC=cern/OU=Organic Units/OU=Users/CN=jiahua/CN=851532/CN=Jiahua Chen/CN=1735721823
issuer    : /DC=ch/DC=cern/OU=Organic Units/OU=Users/CN=jiahua/CN=851532/CN=Jiahua Chen
identity  : /DC=ch/DC=cern/OU=Organic Units/OU=Users/CN=jiahua/CN=851532/CN=Jiahua Chen
type      : RFC compliant proxy
strength  : 2048 bits
path      : /afs/cern.ch/user/j/jiahua/proxy/x509up_u139833
timeleft  : 196:39:05
key usage : Digital Signature, Key Encipherment
=== VO cms extension information ===
VO        : cms
subject   : /DC=ch/DC=cern/OU=Organic Units/OU=Users/CN=jiahua/CN=851532/CN=Jiahua Chen
issuer    : /DC=ch/DC=cern/OU=computers/CN=cms-auth.cern.ch
attribute : /cms/Role=NULL/Capability=NULL
timeleft  : 188:39:05
uri       : voms-cms-auth.cern.ch:15000
/eos/user/j/jiahua/MC_2023BPix_inc/DYto2Mu-2Jets_MLL-105To160_amcatnloFXFX_23BPix/1ee95fbb-3767-4b8a-ac59-789cacca10da.root
[2025-11-08 10:59:53.818] [main] [info] Checking input files
[2025-11-08 11:00:01.052] [main] [info] NanoAOD input_file 1: root://cms-xrd-global.cern.ch//store/mc/Run3Summer23BPixNanoAODv12/DYto2Mu-2Jets_MLL-105To160_TuneCP5_13p6TeV_amcatnloFXFX-pythia8/NANOAODSIM/130X_mcRun3_2023_realistic_postBPix_v6-v2/2820000/1ee95fbb-3767-4b8a-ac59-789cacca10da.root - 198100 Events
[2025-11-08 11:00:01.053] [main] [info] input_file 1: root://cms-xrd-global.cern.ch//store/mc/Run3Summer23BPixNanoAODv12/DYto2Mu-2Jets_MLL-105To160_TuneCP5_13p6TeV_amcatnloFXFX-pythia8/NANOAODSIM/130X_mcRun3_2023_realistic_postBPix_v6-v2/2820000/1ee95fbb-3767-4b8a-ac59-789cacca10da.root - SumOfGenWeight: 26873645.266319994 
[2025-11-08 11:00:01.053] [main] [info] Output directory: /eos/user/j/jiahua/MC_2023BPix_inc/DYto2Mu-2Jets_MLL-105To160_amcatnloFXFX_23BPix/1ee95fbb-3767-4b8a-ac59-789cacca10da.root
[2025-11-08 11:00:01.053] [main] [info] Starting Setup of Dataframe with 198100 events
[2025-11-08 11:01:03.003] [main] [info] Finished Setup
[2025-11-08 11:01:03.003] [main] [info] Runtime for setup (real time: 61.95, CPU time: 58.08)
[2025-11-08 11:01:03.003] [main] [info] Starting Evaluation
[2025-11-08 11:01:24.084] [main] [info] 10000 / 198100 (5.05 %) Events processed ...
[2025-11-08 11:01:33.162] [main] [info] 20000 / 198100 (10.10 %) Events processed ...
[2025-11-08 11:01:42.009] [main] [info] 30000 / 198100 (15.14 %) Events processed ...
[2025-11-08 11:01:53.887] [main] [info] 40000 / 198100 (20.19 %) Events processed ...
[2025-11-08 11:02:01.768] [main] [info] 50000 / 198100 (25.24 %) Events processed ...
[2025-11-08 11:02:13.017] [main] [info] 60000 / 198100 (30.29 %) Events processed ...
[2025-11-08 11:02:21.285] [main] [info] 70000 / 198100 (35.34 %) Events processed ...
[2025-11-08 11:02:31.955] [main] [info] 80000 / 198100 (40.38 %) Events processed ...
[2025-11-08 11:02:42.143] [main] [info] 90000 / 198100 (45.43 %) Events processed ...
[2025-11-08 11:02:50.299] [main] [info] 100000 / 198100 (50.48 %) Events processed ...
[2025-11-08 11:03:00.747] [main] [info] 110000 / 198100 (55.53 %) Events processed ...
[2025-11-08 11:03:09.454] [main] [info] 120000 / 198100 (60.58 %) Events processed ...
[2025-11-08 11:03:17.671] [main] [info] 130000 / 198100 (65.62 %) Events processed ...
[2025-11-08 11:03:26.897] [main] [info] 140000 / 198100 (70.67 %) Events processed ...
[2025-11-08 11:03:38.612] [main] [info] 150000 / 198100 (75.72 %) Events processed ...
[2025-11-08 11:03:47.931] [main] [info] 160000 / 198100 (80.77 %) Events processed ...
[2025-11-08 11:03:57.418] [main] [info] 170000 / 198100 (85.82 %) Events processed ...
[2025-11-08 11:04:07.861] [main] [info] 180000 / 198100 (90.86 %) Events processed ...
[2025-11-08 11:04:16.563] [main] [info] 190000 / 198100 (95.91 %) Events processed ...
[2025-11-08 11:04:26.594] [main] [info] vbfhmm:
Flag_goodVertices: pass=198100     all=198100     -- eff=100.00 % cumulative eff=100.00 %
Flag_globalSuperTightHalo2016Filter: pass=198086     all=198100     -- eff=99.99 % cumulative eff=99.99 %
Flag_EcalDeadCellTriggerPrimitiveFilter: pass=198086     all=198086     -- eff=100.00 % cumulative eff=99.99 %
Flag_BadPFMuonFilter: pass=198059     all=198086     -- eff=99.99 % cumulative eff=99.98 %
Flag_BadPFMuonDzFilter: pass=198048     all=198059     -- eff=99.99 % cumulative eff=99.97 %
Flag_eeBadScFilter: pass=198048     all=198048     -- eff=100.00 % cumulative eff=99.97 %
Flag_ecalBadCalibFilter: pass=198044     all=198048     -- eff=100.00 % cumulative eff=99.97 %
Flag_hfNoisyHitsFilter: pass=198027     all=198044     -- eff=99.99 % cumulative eff=99.96 %
Number of muons 2: pass=82649      all=198027     -- eff=41.74 % cumulative eff=41.72 %
DiMuon From Higgs: pass=78910      all=82649      -- eff=95.48 % cumulative eff=39.83 %
LeptonChargeSum: pass=78891      all=78910      -- eff=99.98 % cumulative eff=39.82 %
[2025-11-08 11:04:26.789] [main] [info] Writing quantities map to /eos/user/j/jiahua/MC_2023BPix_inc/DYto2Mu-2Jets_MLL-105To160_amcatnloFXFX_23BPix/1ee95fbb-3767-4b8a-ac59-789cacca10da_vbfhmm.root
[2025-11-08 11:04:27.242] [main] [info] Finished Evaluation
[2025-11-08 11:04:27.242] [main] [info] Overall runtime (real time: 266.19, CPU time: 241.54)
