Starting job on \n
Running on: Linux b9p23p1049.cern.ch 5.14.0-570.44.1.el9_6.x86_64 #1 SMP PREEMPT_DYNAMIC Tue Sep 9 05:17:30 EDT 2025 x86_64 x86_64 x86_64 GNU/Linux\n
System software: Red Hat Enterprise Linux release 9.6 (Plow)\n
Setting up CROWN for RedHatEnterprise Version 9.6
subject   : /DC=ch/DC=cern/OU=Organic Units/OU=Users/CN=jiahua/CN=851532/CN=Jiahua Chen/CN=1735721823
issuer    : /DC=ch/DC=cern/OU=Organic Units/OU=Users/CN=jiahua/CN=851532/CN=Jiahua Chen
identity  : /DC=ch/DC=cern/OU=Organic Units/OU=Users/CN=jiahua/CN=851532/CN=Jiahua Chen
type      : RFC compliant proxy
strength  : 2048 bits
path      : /afs/cern.ch/user/j/jiahua/proxy/x509up_u139833
timeleft  : 196:38:09
key usage : Digital Signature, Key Encipherment
=== VO cms extension information ===
VO        : cms
subject   : /DC=ch/DC=cern/OU=Organic Units/OU=Users/CN=jiahua/CN=851532/CN=Jiahua Chen
issuer    : /DC=ch/DC=cern/OU=computers/CN=cms-auth.cern.ch
attribute : /cms/Role=NULL/Capability=NULL
timeleft  : 188:38:09
uri       : voms-cms-auth.cern.ch:15000
subject   : /DC=ch/DC=cern/OU=Organic Units/OU=Users/CN=jiahua/CN=851532/CN=Jiahua Chen/CN=1735721823
issuer    : /DC=ch/DC=cern/OU=Organic Units/OU=Users/CN=jiahua/CN=851532/CN=Jiahua Chen
identity  : /DC=ch/DC=cern/OU=Organic Units/OU=Users/CN=jiahua/CN=851532/CN=Jiahua Chen
type      : RFC compliant proxy
strength  : 2048 bits
path      : /afs/cern.ch/user/j/jiahua/proxy/x509up_u139833
timeleft  : 196:38:09
key usage : Digital Signature, Key Encipherment
=== VO cms extension information ===
VO        : cms
subject   : /DC=ch/DC=cern/OU=Organic Units/OU=Users/CN=jiahua/CN=851532/CN=Jiahua Chen
issuer    : /DC=ch/DC=cern/OU=computers/CN=cms-auth.cern.ch
attribute : /cms/Role=NULL/Capability=NULL
timeleft  : 188:38:09
uri       : voms-cms-auth.cern.ch:15000
/eos/user/j/jiahua/MC_2023BPix_inc/EWK_2L2J_TuneCH3_13p6TeV_madgraph-herwig7_23BPix/9aeabd43-0205-4c01-9e82-b7b2e7561a88.root
[2025-11-08 11:00:49.124] [main] [info] Checking input files
[2025-11-08 11:00:53.807] [main] [info] NanoAOD input_file 1: root://cms-xrd-global.cern.ch//store/mc/Run3Summer23BPixNanoAODv12/EWK_2L2J_TuneCH3_13p6TeV_madgraph-herwig7/NANOAODSIM/130X_mcRun3_2023_realistic_postBPix_v6-v2/120000/9aeabd43-0205-4c01-9e82-b7b2e7561a88.root - 287015 Events
[2025-11-08 11:00:53.807] [main] [info] input_file 1: root://cms-xrd-global.cern.ch//store/mc/Run3Summer23BPixNanoAODv12/EWK_2L2J_TuneCH3_13p6TeV_madgraph-herwig7/NANOAODSIM/130X_mcRun3_2023_realistic_postBPix_v6-v2/120000/9aeabd43-0205-4c01-9e82-b7b2e7561a88.root - SumOfGenWeight: 287015 
[2025-11-08 11:00:53.807] [main] [info] Output directory: /eos/user/j/jiahua/MC_2023BPix_inc/EWK_2L2J_TuneCH3_13p6TeV_madgraph-herwig7_23BPix/9aeabd43-0205-4c01-9e82-b7b2e7561a88.root
[2025-11-08 11:00:53.808] [main] [info] Starting Setup of Dataframe with 287015 events
[2025-11-08 11:01:33.094] [main] [info] Finished Setup
[2025-11-08 11:01:33.094] [main] [info] Runtime for setup (real time: 39.29, CPU time: 37.85)
[2025-11-08 11:01:33.094] [main] [info] Starting Evaluation
[2025-11-08 11:01:57.182] [main] [info] 10000 / 287015 (3.48 %) Events processed ...
[2025-11-08 11:02:02.619] [main] [info] 20000 / 287015 (6.97 %) Events processed ...
[2025-11-08 11:02:18.499] [main] [info] 30000 / 287015 (10.45 %) Events processed ...
[2025-11-08 11:02:23.465] [main] [info] 40000 / 287015 (13.94 %) Events processed ...
[2025-11-08 11:02:27.931] [main] [info] 50000 / 287015 (17.42 %) Events processed ...
[2025-11-08 11:02:44.655] [main] [info] 60000 / 287015 (20.90 %) Events processed ...
[2025-11-08 11:02:48.765] [main] [info] 70000 / 287015 (24.39 %) Events processed ...
[2025-11-08 11:02:53.456] [main] [info] 80000 / 287015 (27.87 %) Events processed ...
[2025-11-08 11:03:08.997] [main] [info] 90000 / 287015 (31.36 %) Events processed ...
[2025-11-08 11:03:13.901] [main] [info] 100000 / 287015 (34.84 %) Events processed ...
[2025-11-08 11:03:18.903] [main] [info] 110000 / 287015 (38.33 %) Events processed ...
[2025-11-08 11:03:37.353] [main] [info] 120000 / 287015 (41.81 %) Events processed ...
[2025-11-08 11:03:42.953] [main] [info] 130000 / 287015 (45.29 %) Events processed ...
[2025-11-08 11:03:48.272] [main] [info] 140000 / 287015 (48.78 %) Events processed ...
[2025-11-08 11:04:05.819] [main] [info] 150000 / 287015 (52.26 %) Events processed ...
[2025-11-08 11:04:11.287] [main] [info] 160000 / 287015 (55.75 %) Events processed ...
[2025-11-08 11:04:16.124] [main] [info] 170000 / 287015 (59.23 %) Events processed ...
[2025-11-08 11:04:32.246] [main] [info] 180000 / 287015 (62.71 %) Events processed ...
[2025-11-08 11:04:38.253] [main] [info] 190000 / 287015 (66.20 %) Events processed ...
[2025-11-08 11:04:42.839] [main] [info] 200000 / 287015 (69.68 %) Events processed ...
[2025-11-08 11:04:57.822] [main] [info] 210000 / 287015 (73.17 %) Events processed ...
[2025-11-08 11:05:02.749] [main] [info] 220000 / 287015 (76.65 %) Events processed ...
[2025-11-08 11:05:07.096] [main] [info] 230000 / 287015 (80.14 %) Events processed ...
[2025-11-08 11:05:22.741] [main] [info] 240000 / 287015 (83.62 %) Events processed ...
[2025-11-08 11:05:27.735] [main] [info] 250000 / 287015 (87.10 %) Events processed ...
[2025-11-08 11:05:33.035] [main] [info] 260000 / 287015 (90.59 %) Events processed ...
[2025-11-08 11:05:50.788] [main] [info] 270000 / 287015 (94.07 %) Events processed ...
[2025-11-08 11:05:56.044] [main] [info] 280000 / 287015 (97.56 %) Events processed ...
[2025-11-08 11:06:00.413] [main] [info] vbfhmm:
Flag_goodVertices: pass=287015     all=287015     -- eff=100.00 % cumulative eff=100.00 %
Flag_globalSuperTightHalo2016Filter: pass=286877     all=287015     -- eff=99.95 % cumulative eff=99.95 %
Flag_EcalDeadCellTriggerPrimitiveFilter: pass=286816     all=286877     -- eff=99.98 % cumulative eff=99.93 %
Flag_BadPFMuonFilter: pass=286772     all=286816     -- eff=99.98 % cumulative eff=99.92 %
Flag_BadPFMuonDzFilter: pass=286756     all=286772     -- eff=99.99 % cumulative eff=99.91 %
Flag_eeBadScFilter: pass=286756     all=286756     -- eff=100.00 % cumulative eff=99.91 %
Flag_ecalBadCalibFilter: pass=286637     all=286756     -- eff=99.96 % cumulative eff=99.87 %
Flag_hfNoisyHitsFilter: pass=286606     all=286637     -- eff=99.99 % cumulative eff=99.86 %
Number of muons 2: pass=67838      all=286606     -- eff=23.67 % cumulative eff=23.64 %
DiMuon From Higgs: pass=64072      all=67838      -- eff=94.45 % cumulative eff=22.32 %
LeptonChargeSum: pass=64052      all=64072      -- eff=99.97 % cumulative eff=22.32 %
[2025-11-08 11:06:00.728] [main] [info] Writing quantities map to /eos/user/j/jiahua/MC_2023BPix_inc/EWK_2L2J_TuneCH3_13p6TeV_madgraph-herwig7_23BPix/9aeabd43-0205-4c01-9e82-b7b2e7561a88_vbfhmm.root
[2025-11-08 11:06:00.874] [main] [info] Finished Evaluation
[2025-11-08 11:06:00.874] [main] [info] Overall runtime (real time: 307.07, CPU time: 188.13)
