Starting job on \n
Running on: Linux b9p27p4645.cern.ch 5.14.0-570.44.1.el9_6.x86_64 #1 SMP PREEMPT_DYNAMIC Tue Sep 9 05:17:30 EDT 2025 x86_64 x86_64 x86_64 GNU/Linux\n
System software: Red Hat Enterprise Linux release 9.6 (Plow)\n
Setting up CROWN for RedHatEnterprise Version 9.6
subject   : /DC=ch/DC=cern/OU=Organic Units/OU=Users/CN=jiahua/CN=851532/CN=Jiahua Chen/CN=1735721823
issuer    : /DC=ch/DC=cern/OU=Organic Units/OU=Users/CN=jiahua/CN=851532/CN=Jiahua Chen
identity  : /DC=ch/DC=cern/OU=Organic Units/OU=Users/CN=jiahua/CN=851532/CN=Jiahua Chen
type      : RFC compliant proxy
strength  : 2048 bits
path      : /afs/cern.ch/user/j/jiahua/proxy/x509up_u139833
timeleft  : 196:43:29
key usage : Digital Signature, Key Encipherment
=== VO cms extension information ===
VO        : cms
subject   : /DC=ch/DC=cern/OU=Organic Units/OU=Users/CN=jiahua/CN=851532/CN=Jiahua Chen
issuer    : /DC=ch/DC=cern/OU=computers/CN=cms-auth.cern.ch
attribute : /cms/Role=NULL/Capability=NULL
timeleft  : 188:43:29
uri       : voms-cms-auth.cern.ch:15000
subject   : /DC=ch/DC=cern/OU=Organic Units/OU=Users/CN=jiahua/CN=851532/CN=Jiahua Chen/CN=1735721823
issuer    : /DC=ch/DC=cern/OU=Organic Units/OU=Users/CN=jiahua/CN=851532/CN=Jiahua Chen
identity  : /DC=ch/DC=cern/OU=Organic Units/OU=Users/CN=jiahua/CN=851532/CN=Jiahua Chen
type      : RFC compliant proxy
strength  : 2048 bits
path      : /afs/cern.ch/user/j/jiahua/proxy/x509up_u139833
timeleft  : 196:43:29
key usage : Digital Signature, Key Encipherment
=== VO cms extension information ===
VO        : cms
subject   : /DC=ch/DC=cern/OU=Organic Units/OU=Users/CN=jiahua/CN=851532/CN=Jiahua Chen
issuer    : /DC=ch/DC=cern/OU=computers/CN=cms-auth.cern.ch
attribute : /cms/Role=NULL/Capability=NULL
timeleft  : 188:43:29
uri       : voms-cms-auth.cern.ch:15000
/eos/user/j/jiahua/MC_2023BPix_inc/GluGluHto2Mu_M-125_powheg_23BPix/319d1a62-84da-4064-9356-138958c242e8.root
[2025-11-08 10:55:29.480] [main] [info] Checking input files
[2025-11-08 10:55:34.929] [main] [info] NanoAOD input_file 1: root://cms-xrd-global.cern.ch//store/mc/Run3Summer23BPixNanoAODv12/GluGluHto2Mu_M-125_TuneCP5_13p6TeV_powheg-pythia8/NANOAODSIM/130X_mcRun3_2023_realistic_postBPix_v6-v2/1310000/319d1a62-84da-4064-9356-138958c242e8.root - 16000 Events
[2025-11-08 10:55:34.952] [main] [info] input_file 1: root://cms-xrd-global.cern.ch//store/mc/Run3Summer23BPixNanoAODv12/GluGluHto2Mu_M-125_TuneCP5_13p6TeV_powheg-pythia8/NANOAODSIM/130X_mcRun3_2023_realistic_postBPix_v6-v2/1310000/319d1a62-84da-4064-9356-138958c242e8.root - SumOfGenWeight: 523152.00000000006 
[2025-11-08 10:55:34.952] [main] [info] Output directory: /eos/user/j/jiahua/MC_2023BPix_inc/GluGluHto2Mu_M-125_powheg_23BPix/319d1a62-84da-4064-9356-138958c242e8.root
[2025-11-08 10:55:34.953] [main] [info] Starting Setup of Dataframe with 16000 events
[2025-11-08 10:56:13.647] [main] [info] Finished Setup
[2025-11-08 10:56:13.647] [main] [info] Runtime for setup (real time: 38.69, CPU time: 37.31)
[2025-11-08 10:56:13.647] [main] [info] Starting Evaluation
[2025-11-08 10:56:32.252] [main] [info] 10000 / 16000 (62.50 %) Events processed ...
[2025-11-08 10:56:39.293] [main] [info] vbfhmm:
Flag_goodVertices: pass=16000      all=16000      -- eff=100.00 % cumulative eff=100.00 %
Flag_globalSuperTightHalo2016Filter: pass=15997      all=16000      -- eff=99.98 % cumulative eff=99.98 %
Flag_EcalDeadCellTriggerPrimitiveFilter: pass=15997      all=15997      -- eff=100.00 % cumulative eff=99.98 %
Flag_BadPFMuonFilter: pass=15994      all=15997      -- eff=99.98 % cumulative eff=99.96 %
Flag_BadPFMuonDzFilter: pass=15990      all=15994      -- eff=99.97 % cumulative eff=99.94 %
Flag_eeBadScFilter: pass=15990      all=15990      -- eff=100.00 % cumulative eff=99.94 %
Flag_ecalBadCalibFilter: pass=15990      all=15990      -- eff=100.00 % cumulative eff=99.94 %
Flag_hfNoisyHitsFilter: pass=15989      all=15990      -- eff=99.99 % cumulative eff=99.93 %
Number of muons 2: pass=10113      all=15989      -- eff=63.25 % cumulative eff=63.21 %
DiMuon From Higgs: pass=10104      all=10113      -- eff=99.91 % cumulative eff=63.15 %
LeptonChargeSum: pass=10101      all=10104      -- eff=99.97 % cumulative eff=63.13 %
[2025-11-08 10:56:39.449] [main] [info] Writing quantities map to /eos/user/j/jiahua/MC_2023BPix_inc/GluGluHto2Mu_M-125_powheg_23BPix/319d1a62-84da-4064-9356-138958c242e8_vbfhmm.root
[2025-11-08 10:56:39.513] [main] [info] Finished Evaluation
[2025-11-08 10:56:39.513] [main] [info] Overall runtime (real time: 64.56, CPU time: 61.45)
