000 (12769467.019.000) 11/08 10:44:15 Job submitted from host: <188.185.121.235:9618?addrs=188.185.121.235-9618+[2001-1458-d00-49--100-36e]-9618&alias=bigbird22.cern.ch&noUDP&sock=schedd_232129_c3ca>
...
040 (12769467.019.000) 11/08 10:55:20 Started transferring input files
	Transferring to host: <188.185.211.220:9618?addrs=188.185.211.220-9618+[2001-1458-303-17--100-58]-9618&alias=b9p24p7039.cern.ch&noUDP&sock=slot1_12_3105_80d7_49119>
...
040 (12769467.019.000) 11/08 10:55:20 Finished transferring input files
...
001 (12769467.019.000) 11/08 10:55:21 Job executing on host: <188.185.211.220:9618?addrs=188.185.211.220-9618+[2001-1458-303-17--100-58]-9618&alias=b9p24p7039.cern.ch&noUDP&sock=startd_2637_5754>
	SlotName: slot1_12@b9p24p7039.cern.ch
	CondorScratchDir = "/pool/condor/dir_3985144"
	Cpus = 1
	Disk = 15769
	GPUs = 0
	Memory = 3000
...
006 (12769467.019.000) 11/08 10:55:34 Image size of job updated: 97908
	96  -  MemoryUsage of job (MB)
	97908  -  ResidentSetSize of job (KB)
...
006 (12769467.019.000) 11/08 10:56:20 Image size of job updated: 438660
	96  -  MemoryUsage of job (MB)
	97908  -  ResidentSetSize of job (KB)
...
040 (12769467.019.000) 11/08 10:56:20 Started transferring output files
...
040 (12769467.019.000) 11/08 10:56:20 Finished transferring output files
...
005 (12769467.019.000) 11/08 10:56:20 Job terminated.
	(1) Normal termination (return value 0)
		Usr 0 00:00:46, Sys 0 00:00:02  -  Run Remote Usage
		Usr 0 00:00:00, Sys 0 00:00:00  -  Run Local Usage
		Usr 0 00:00:46, Sys 0 00:00:02  -  Total Remote Usage
		Usr 0 00:00:00, Sys 0 00:00:00  -  Total Local Usage
	9527  -  Run Bytes Sent By Job
	11220240  -  Run Bytes Received By Job
	9527  -  Total Bytes Sent By Job
	11220240  -  Total Bytes Received By Job
	Partitionable Resources :    Usage  Request Allocated 
	   Cpus                 :        0        1         1 
	   Disk (KB)            :    10990    12500     15769 
	   GPUs                 :                           0 
	   Memory (MB)          :       96     3000      3000 
	   TimeExecute (s)      :       59                    
	   TimeSlotBusy (s)     :       60                    

	Job terminated of its own accord at 2025-11-08T09:56:20Z with exit-code 0.
...
