000 (12769467.017.000) 11/08 10:44:15 Job submitted from host: <188.185.121.235:9618?addrs=188.185.121.235-9618+[2001-1458-d00-49--100-36e]-9618&alias=bigbird22.cern.ch&noUDP&sock=schedd_232129_c3ca>
...
040 (12769467.017.000) 11/08 10:55:19 Started transferring input files
	Transferring to host: <188.185.213.160:9618?addrs=188.185.213.160-9618+[2001-1458-303-1b--100-1c]-9618&alias=b9p28p3499.cern.ch&noUDP&sock=slot1_12_9204_ccef_59750>
...
040 (12769467.017.000) 11/08 10:55:19 Finished transferring input files
...
001 (12769467.017.000) 11/08 10:55:20 Job executing on host: <188.185.213.160:9618?addrs=188.185.213.160-9618+[2001-1458-303-1b--100-1c]-9618&alias=b9p28p3499.cern.ch&noUDP&sock=startd_8170_84d8>
	SlotName: slot1_12@b9p28p3499.cern.ch
	CondorScratchDir = "/pool/condor/dir_969415"
	Cpus = 1
	Disk = 14787
	GPUs = 0
	Memory = 3000
...
006 (12769467.017.000) 11/08 10:55:33 Image size of job updated: 105720
	104  -  MemoryUsage of job (MB)
	105720  -  ResidentSetSize of job (KB)
...
006 (12769467.017.000) 11/08 10:56:25 Image size of job updated: 443920
	104  -  MemoryUsage of job (MB)
	105720  -  ResidentSetSize of job (KB)
...
040 (12769467.017.000) 11/08 10:56:25 Started transferring output files
...
040 (12769467.017.000) 11/08 10:56:25 Finished transferring output files
...
005 (12769467.017.000) 11/08 10:56:25 Job terminated.
	(1) Normal termination (return value 0)
		Usr 0 00:00:51, Sys 0 00:00:02  -  Run Remote Usage
		Usr 0 00:00:00, Sys 0 00:00:00  -  Run Local Usage
		Usr 0 00:00:51, Sys 0 00:00:02  -  Total Remote Usage
		Usr 0 00:00:00, Sys 0 00:00:00  -  Total Local Usage
	9605  -  Run Bytes Sent By Job
	11220240  -  Run Bytes Received By Job
	9605  -  Total Bytes Sent By Job
	11220240  -  Total Bytes Received By Job
	Partitionable Resources :    Usage  Request Allocated 
	   Cpus                 :        0        1         1 
	   Disk (KB)            :    10990    12500     14787 
	   GPUs                 :                           0 
	   Memory (MB)          :      104     3000      3000 
	   TimeExecute (s)      :       65                    
	   TimeSlotBusy (s)     :       66                    

	Job terminated of its own accord at 2025-11-08T09:56:25Z with exit-code 0.
...
