Starting job on \n
Running on: Linux b9p21p9921.cern.ch 5.14.0-570.44.1.el9_6.x86_64 #1 SMP PREEMPT_DYNAMIC Tue Sep 9 05:17:30 EDT 2025 x86_64 x86_64 x86_64 GNU/Linux\n
System software: Red Hat Enterprise Linux release 9.6 (Plow)\n
Setting up CROWN for RedHatEnterprise Version 9.6
subject   : /DC=ch/DC=cern/OU=Organic Units/OU=Users/CN=jiahua/CN=851532/CN=Jiahua Chen/CN=1735721823
issuer    : /DC=ch/DC=cern/OU=Organic Units/OU=Users/CN=jiahua/CN=851532/CN=Jiahua Chen
identity  : /DC=ch/DC=cern/OU=Organic Units/OU=Users/CN=jiahua/CN=851532/CN=Jiahua Chen
type      : RFC compliant proxy
strength  : 2048 bits
path      : /afs/cern.ch/user/j/jiahua/proxy/x509up_u139833
timeleft  : 196:38:43
key usage : Digital Signature, Key Encipherment
=== VO cms extension information ===
VO        : cms
subject   : /DC=ch/DC=cern/OU=Organic Units/OU=Users/CN=jiahua/CN=851532/CN=Jiahua Chen
issuer    : /DC=ch/DC=cern/OU=computers/CN=cms-auth.cern.ch
attribute : /cms/Role=NULL/Capability=NULL
timeleft  : 188:38:43
uri       : voms-cms-auth.cern.ch:15000
subject   : /DC=ch/DC=cern/OU=Organic Units/OU=Users/CN=jiahua/CN=851532/CN=Jiahua Chen/CN=1735721823
issuer    : /DC=ch/DC=cern/OU=Organic Units/OU=Users/CN=jiahua/CN=851532/CN=Jiahua Chen
identity  : /DC=ch/DC=cern/OU=Organic Units/OU=Users/CN=jiahua/CN=851532/CN=Jiahua Chen
type      : RFC compliant proxy
strength  : 2048 bits
path      : /afs/cern.ch/user/j/jiahua/proxy/x509up_u139833
timeleft  : 196:38:42
key usage : Digital Signature, Key Encipherment
=== VO cms extension information ===
VO        : cms
subject   : /DC=ch/DC=cern/OU=Organic Units/OU=Users/CN=jiahua/CN=851532/CN=Jiahua Chen
issuer    : /DC=ch/DC=cern/OU=computers/CN=cms-auth.cern.ch
attribute : /cms/Role=NULL/Capability=NULL
timeleft  : 188:38:42
uri       : voms-cms-auth.cern.ch:15000
/eos/user/j/jiahua/MC_2023BPix_inc/Muon0_Run2023D-24Jan2024_v1-v1/bb9e25d6-62b8-4256-a133-d9f518e5d42d.root
[2025-11-08 11:00:16.168] [main] [info] Checking input files
[2025-11-08 11:00:20.546] [main] [info] NanoAOD input_file 1: root://cms-xrd-global.cern.ch//store/data/Run2023D/Muon0/NANOAOD/24Jan2024_v1-v1/30000/bb9e25d6-62b8-4256-a133-d9f518e5d42d.root - 1893953 Events
[2025-11-08 11:00:20.561] [main] [info] input_file 1: root://cms-xrd-global.cern.ch//store/data/Run2023D/Muon0/NANOAOD/24Jan2024_v1-v1/30000/bb9e25d6-62b8-4256-a133-d9f518e5d42d.root - SumOfGenWeight: 1.0429237431800844e-308 
[2025-11-08 11:00:20.561] [main] [info] Output directory: /eos/user/j/jiahua/MC_2023BPix_inc/Muon0_Run2023D-24Jan2024_v1-v1/bb9e25d6-62b8-4256-a133-d9f518e5d42d.root
[2025-11-08 11:00:20.561] [main] [info] Starting Setup of Dataframe with 1893953 events
[2025-11-08 11:00:21.542] [main] [info] Finished Setup
[2025-11-08 11:00:21.542] [main] [info] Runtime for setup (real time: 0.98, CPU time: 0.74)
[2025-11-08 11:00:21.542] [main] [info] Starting Evaluation
[2025-11-08 11:00:28.106] [main] [info] 10000 / 1893953 (0.53 %) Events processed ...
[2025-11-08 11:00:28.438] [main] [info] 20000 / 1893953 (1.06 %) Events processed ...
[2025-11-08 11:00:28.641] [main] [info] 30000 / 1893953 (1.58 %) Events processed ...
[2025-11-08 11:00:28.790] [main] [info] 40000 / 1893953 (2.11 %) Events processed ...
[2025-11-08 11:00:28.941] [main] [info] 50000 / 1893953 (2.64 %) Events processed ...
[2025-11-08 11:00:29.114] [main] [info] 60000 / 1893953 (3.17 %) Events processed ...
[2025-11-08 11:00:29.264] [main] [info] 70000 / 1893953 (3.70 %) Events processed ...
[2025-11-08 11:00:29.542] [main] [info] 80000 / 1893953 (4.22 %) Events processed ...
[2025-11-08 11:00:30.530] [main] [info] 90000 / 1893953 (4.75 %) Events processed ...
[2025-11-08 11:00:30.697] [main] [info] 100000 / 1893953 (5.28 %) Events processed ...
[2025-11-08 11:00:30.849] [main] [info] 110000 / 1893953 (5.81 %) Events processed ...
[2025-11-08 11:00:31.000] [main] [info] 120000 / 1893953 (6.34 %) Events processed ...
[2025-11-08 11:00:31.195] [main] [info] 130000 / 1893953 (6.86 %) Events processed ...
[2025-11-08 11:00:31.359] [main] [info] 140000 / 1893953 (7.39 %) Events processed ...
[2025-11-08 11:00:31.588] [main] [info] 150000 / 1893953 (7.92 %) Events processed ...
[2025-11-08 11:00:31.741] [main] [info] 160000 / 1893953 (8.45 %) Events processed ...
[2025-11-08 11:00:32.421] [main] [info] 170000 / 1893953 (8.98 %) Events processed ...
[2025-11-08 11:00:32.574] [main] [info] 180000 / 1893953 (9.50 %) Events processed ...
[2025-11-08 11:00:32.727] [main] [info] 190000 / 1893953 (10.03 %) Events processed ...
[2025-11-08 11:00:32.884] [main] [info] 200000 / 1893953 (10.56 %) Events processed ...
[2025-11-08 11:00:33.058] [main] [info] 210000 / 1893953 (11.09 %) Events processed ...
[2025-11-08 11:00:33.312] [main] [info] 220000 / 1893953 (11.62 %) Events processed ...
[2025-11-08 11:00:33.521] [main] [info] 230000 / 1893953 (12.14 %) Events processed ...
[2025-11-08 11:00:33.690] [main] [info] 240000 / 1893953 (12.67 %) Events processed ...
[2025-11-08 11:00:35.239] [main] [info] 250000 / 1893953 (13.20 %) Events processed ...
[2025-11-08 11:00:35.441] [main] [info] 260000 / 1893953 (13.73 %) Events processed ...
[2025-11-08 11:00:35.592] [main] [info] 270000 / 1893953 (14.26 %) Events processed ...
[2025-11-08 11:00:35.786] [main] [info] 280000 / 1893953 (14.78 %) Events processed ...
[2025-11-08 11:00:35.791] [main] [info] 290000 / 1893953 (15.31 %) Events processed ...
[2025-11-08 11:00:36.048] [main] [info] 300000 / 1893953 (15.84 %) Events processed ...
[2025-11-08 11:00:36.272] [main] [info] 310000 / 1893953 (16.37 %) Events processed ...
[2025-11-08 11:00:36.497] [main] [info] 320000 / 1893953 (16.90 %) Events processed ...
[2025-11-08 11:00:37.302] [main] [info] 330000 / 1893953 (17.42 %) Events processed ...
[2025-11-08 11:00:37.514] [main] [info] 340000 / 1893953 (17.95 %) Events processed ...
[2025-11-08 11:00:37.702] [main] [info] 350000 / 1893953 (18.48 %) Events processed ...
[2025-11-08 11:00:37.862] [main] [info] 360000 / 1893953 (19.01 %) Events processed ...
[2025-11-08 11:00:38.132] [main] [info] 370000 / 1893953 (19.54 %) Events processed ...
[2025-11-08 11:00:38.356] [main] [info] 380000 / 1893953 (20.06 %) Events processed ...
[2025-11-08 11:00:38.545] [main] [info] 390000 / 1893953 (20.59 %) Events processed ...
[2025-11-08 11:00:38.711] [main] [info] 400000 / 1893953 (21.12 %) Events processed ...
[2025-11-08 11:00:39.389] [main] [info] 410000 / 1893953 (21.65 %) Events processed ...
[2025-11-08 11:00:39.634] [main] [info] 420000 / 1893953 (22.18 %) Events processed ...
[2025-11-08 11:00:39.836] [main] [info] 430000 / 1893953 (22.70 %) Events processed ...
[2025-11-08 11:00:40.149] [main] [info] 440000 / 1893953 (23.23 %) Events processed ...
[2025-11-08 11:00:40.366] [main] [info] 450000 / 1893953 (23.76 %) Events processed ...
[2025-11-08 11:00:40.565] [main] [info] 460000 / 1893953 (24.29 %) Events processed ...
[2025-11-08 11:00:40.756] [main] [info] 470000 / 1893953 (24.82 %) Events processed ...
[2025-11-08 11:00:40.938] [main] [info] 480000 / 1893953 (25.34 %) Events processed ...
[2025-11-08 11:00:41.917] [main] [info] 490000 / 1893953 (25.87 %) Events processed ...
[2025-11-08 11:00:42.084] [main] [info] 500000 / 1893953 (26.40 %) Events processed ...
[2025-11-08 11:00:42.244] [main] [info] 510000 / 1893953 (26.93 %) Events processed ...
[2025-11-08 11:00:42.546] [main] [info] 520000 / 1893953 (27.46 %) Events processed ...
[2025-11-08 11:00:42.720] [main] [info] 530000 / 1893953 (27.98 %) Events processed ...
[2025-11-08 11:00:42.880] [main] [info] 540000 / 1893953 (28.51 %) Events processed ...
[2025-11-08 11:00:43.053] [main] [info] 550000 / 1893953 (29.04 %) Events processed ...
[2025-11-08 11:00:43.257] [main] [info] 560000 / 1893953 (29.57 %) Events processed ...
[2025-11-08 11:00:44.336] [main] [info] 570000 / 1893953 (30.10 %) Events processed ...
[2025-11-08 11:00:44.553] [main] [info] 580000 / 1893953 (30.62 %) Events processed ...
[2025-11-08 11:00:44.847] [main] [info] 590000 / 1893953 (31.15 %) Events processed ...
[2025-11-08 11:00:45.012] [main] [info] 600000 / 1893953 (31.68 %) Events processed ...
[2025-11-08 11:00:45.224] [main] [info] 610000 / 1893953 (32.21 %) Events processed ...
[2025-11-08 11:00:45.373] [main] [info] 620000 / 1893953 (32.74 %) Events processed ...
[2025-11-08 11:00:45.526] [main] [info] 630000 / 1893953 (33.26 %) Events processed ...
[2025-11-08 11:00:45.687] [main] [info] 640000 / 1893953 (33.79 %) Events processed ...
[2025-11-08 11:00:46.445] [main] [info] 650000 / 1893953 (34.32 %) Events processed ...
[2025-11-08 11:00:46.668] [main] [info] 660000 / 1893953 (34.85 %) Events processed ...
[2025-11-08 11:00:46.819] [main] [info] 670000 / 1893953 (35.38 %) Events processed ...
[2025-11-08 11:00:46.967] [main] [info] 680000 / 1893953 (35.90 %) Events processed ...
[2025-11-08 11:00:47.118] [main] [info] 690000 / 1893953 (36.43 %) Events processed ...
[2025-11-08 11:00:47.278] [main] [info] 700000 / 1893953 (36.96 %) Events processed ...
[2025-11-08 11:00:47.431] [main] [info] 710000 / 1893953 (37.49 %) Events processed ...
[2025-11-08 11:00:47.602] [main] [info] 720000 / 1893953 (38.02 %) Events processed ...
[2025-11-08 11:00:48.737] [main] [info] 730000 / 1893953 (38.54 %) Events processed ...
[2025-11-08 11:00:48.891] [main] [info] 740000 / 1893953 (39.07 %) Events processed ...
[2025-11-08 11:00:49.040] [main] [info] 750000 / 1893953 (39.60 %) Events processed ...
[2025-11-08 11:00:49.189] [main] [info] 760000 / 1893953 (40.13 %) Events processed ...
[2025-11-08 11:00:49.372] [main] [info] 770000 / 1893953 (40.66 %) Events processed ...
[2025-11-08 11:00:49.524] [main] [info] 780000 / 1893953 (41.18 %) Events processed ...
[2025-11-08 11:00:49.716] [main] [info] 790000 / 1893953 (41.71 %) Events processed ...
[2025-11-08 11:00:49.901] [main] [info] 800000 / 1893953 (42.24 %) Events processed ...
[2025-11-08 11:00:50.773] [main] [info] 810000 / 1893953 (42.77 %) Events processed ...
[2025-11-08 11:00:50.969] [main] [info] 820000 / 1893953 (43.30 %) Events processed ...
[2025-11-08 11:00:51.181] [main] [info] 830000 / 1893953 (43.82 %) Events processed ...
[2025-11-08 11:00:51.392] [main] [info] 840000 / 1893953 (44.35 %) Events processed ...
[2025-11-08 11:00:51.615] [main] [info] 850000 / 1893953 (44.88 %) Events processed ...
[2025-11-08 11:00:51.867] [main] [info] 860000 / 1893953 (45.41 %) Events processed ...
[2025-11-08 11:00:52.079] [main] [info] 870000 / 1893953 (45.94 %) Events processed ...
[2025-11-08 11:00:52.394] [main] [info] 880000 / 1893953 (46.46 %) Events processed ...
[2025-11-08 11:00:53.118] [main] [info] 890000 / 1893953 (46.99 %) Events processed ...
[2025-11-08 11:00:53.333] [main] [info] 900000 / 1893953 (47.52 %) Events processed ...
[2025-11-08 11:00:53.541] [main] [info] 910000 / 1893953 (48.05 %) Events processed ...
[2025-11-08 11:00:53.777] [main] [info] 920000 / 1893953 (48.58 %) Events processed ...
[2025-11-08 11:00:54.025] [main] [info] 930000 / 1893953 (49.10 %) Events processed ...
[2025-11-08 11:00:54.236] [main] [info] 940000 / 1893953 (49.63 %) Events processed ...
[2025-11-08 11:00:54.584] [main] [info] 950000 / 1893953 (50.16 %) Events processed ...
[2025-11-08 11:00:54.805] [main] [info] 960000 / 1893953 (50.69 %) Events processed ...
[2025-11-08 11:00:55.540] [main] [info] 970000 / 1893953 (51.22 %) Events processed ...
[2025-11-08 11:00:55.701] [main] [info] 980000 / 1893953 (51.74 %) Events processed ...
[2025-11-08 11:00:55.858] [main] [info] 990000 / 1893953 (52.27 %) Events processed ...
[2025-11-08 11:00:56.024] [main] [info] 1000000 / 1893953 (52.80 %) Events processed ...
[2025-11-08 11:00:56.191] [main] [info] 1010000 / 1893953 (53.33 %) Events processed ...
[2025-11-08 11:00:56.345] [main] [info] 1020000 / 1893953 (53.86 %) Events processed ...
[2025-11-08 11:00:56.578] [main] [info] 1030000 / 1893953 (54.38 %) Events processed ...
[2025-11-08 11:00:56.727] [main] [info] 1040000 / 1893953 (54.91 %) Events processed ...
[2025-11-08 11:00:57.563] [main] [info] 1050000 / 1893953 (55.44 %) Events processed ...
[2025-11-08 11:00:57.772] [main] [info] 1060000 / 1893953 (55.97 %) Events processed ...
[2025-11-08 11:00:57.935] [main] [info] 1070000 / 1893953 (56.50 %) Events processed ...
[2025-11-08 11:00:58.153] [main] [info] 1080000 / 1893953 (57.02 %) Events processed ...
[2025-11-08 11:00:58.303] [main] [info] 1090000 / 1893953 (57.55 %) Events processed ...
[2025-11-08 11:00:58.531] [main] [info] 1100000 / 1893953 (58.08 %) Events processed ...
[2025-11-08 11:00:58.681] [main] [info] 1110000 / 1893953 (58.61 %) Events processed ...
[2025-11-08 11:00:58.833] [main] [info] 1120000 / 1893953 (59.14 %) Events processed ...
[2025-11-08 11:00:59.557] [main] [info] 1130000 / 1893953 (59.66 %) Events processed ...
[2025-11-08 11:00:59.719] [main] [info] 1140000 / 1893953 (60.19 %) Events processed ...
[2025-11-08 11:00:59.902] [main] [info] 1150000 / 1893953 (60.72 %) Events processed ...
[2025-11-08 11:01:00.058] [main] [info] 1160000 / 1893953 (61.25 %) Events processed ...
[2025-11-08 11:01:00.289] [main] [info] 1170000 / 1893953 (61.78 %) Events processed ...
[2025-11-08 11:01:00.443] [main] [info] 1180000 / 1893953 (62.30 %) Events processed ...
[2025-11-08 11:01:00.597] [main] [info] 1190000 / 1893953 (62.83 %) Events processed ...
[2025-11-08 11:01:00.763] [main] [info] 1200000 / 1893953 (63.36 %) Events processed ...
[2025-11-08 11:01:01.445] [main] [info] 1210000 / 1893953 (63.89 %) Events processed ...
[2025-11-08 11:01:01.620] [main] [info] 1220000 / 1893953 (64.42 %) Events processed ...
[2025-11-08 11:01:01.787] [main] [info] 1230000 / 1893953 (64.94 %) Events processed ...
[2025-11-08 11:01:02.014] [main] [info] 1240000 / 1893953 (65.47 %) Events processed ...
[2025-11-08 11:01:02.165] [main] [info] 1250000 / 1893953 (66.00 %) Events processed ...
[2025-11-08 11:01:02.319] [main] [info] 1260000 / 1893953 (66.53 %) Events processed ...
[2025-11-08 11:01:02.478] [main] [info] 1270000 / 1893953 (67.06 %) Events processed ...
[2025-11-08 11:01:02.630] [main] [info] 1280000 / 1893953 (67.58 %) Events processed ...
[2025-11-08 11:01:03.345] [main] [info] 1290000 / 1893953 (68.11 %) Events processed ...
[2025-11-08 11:01:03.526] [main] [info] 1300000 / 1893953 (68.64 %) Events processed ...
[2025-11-08 11:01:03.702] [main] [info] 1310000 / 1893953 (69.17 %) Events processed ...
[2025-11-08 11:01:03.933] [main] [info] 1320000 / 1893953 (69.70 %) Events processed ...
[2025-11-08 11:01:04.097] [main] [info] 1330000 / 1893953 (70.22 %) Events processed ...
[2025-11-08 11:01:04.266] [main] [info] 1340000 / 1893953 (70.75 %) Events processed ...
[2025-11-08 11:01:04.478] [main] [info] 1350000 / 1893953 (71.28 %) Events processed ...
[2025-11-08 11:01:04.632] [main] [info] 1360000 / 1893953 (71.81 %) Events processed ...
[2025-11-08 11:01:05.333] [main] [info] 1370000 / 1893953 (72.34 %) Events processed ...
[2025-11-08 11:01:05.504] [main] [info] 1380000 / 1893953 (72.86 %) Events processed ...
[2025-11-08 11:01:05.725] [main] [info] 1390000 / 1893953 (73.39 %) Events processed ...
[2025-11-08 11:01:05.874] [main] [info] 1400000 / 1893953 (73.92 %) Events processed ...
[2025-11-08 11:01:06.030] [main] [info] 1410000 / 1893953 (74.45 %) Events processed ...
[2025-11-08 11:01:06.186] [main] [info] 1420000 / 1893953 (74.98 %) Events processed ...
[2025-11-08 11:01:06.345] [main] [info] 1430000 / 1893953 (75.50 %) Events processed ...
[2025-11-08 11:01:06.519] [main] [info] 1440000 / 1893953 (76.03 %) Events processed ...
[2025-11-08 11:01:07.616] [main] [info] 1450000 / 1893953 (76.56 %) Events processed ...
[2025-11-08 11:01:07.825] [main] [info] 1460000 / 1893953 (77.09 %) Events processed ...
[2025-11-08 11:01:07.980] [main] [info] 1470000 / 1893953 (77.62 %) Events processed ...
[2025-11-08 11:01:08.149] [main] [info] 1480000 / 1893953 (78.14 %) Events processed ...
[2025-11-08 11:01:08.360] [main] [info] 1490000 / 1893953 (78.67 %) Events processed ...
[2025-11-08 11:01:08.521] [main] [info] 1500000 / 1893953 (79.20 %) Events processed ...
[2025-11-08 11:01:08.700] [main] [info] 1510000 / 1893953 (79.73 %) Events processed ...
[2025-11-08 11:01:08.885] [main] [info] 1520000 / 1893953 (80.26 %) Events processed ...
[2025-11-08 11:01:09.695] [main] [info] 1530000 / 1893953 (80.78 %) Events processed ...
[2025-11-08 11:01:10.005] [main] [info] 1540000 / 1893953 (81.31 %) Events processed ...
[2025-11-08 11:01:10.203] [main] [info] 1550000 / 1893953 (81.84 %) Events processed ...
[2025-11-08 11:01:10.364] [main] [info] 1560000 / 1893953 (82.37 %) Events processed ...
[2025-11-08 11:01:10.518] [main] [info] 1570000 / 1893953 (82.90 %) Events processed ...
[2025-11-08 11:01:10.668] [main] [info] 1580000 / 1893953 (83.42 %) Events processed ...
[2025-11-08 11:01:10.810] [main] [info] 1590000 / 1893953 (83.95 %) Events processed ...
[2025-11-08 11:01:10.979] [main] [info] 1600000 / 1893953 (84.48 %) Events processed ...
[2025-11-08 11:01:11.749] [main] [info] 1610000 / 1893953 (85.01 %) Events processed ...
[2025-11-08 11:01:11.963] [main] [info] 1620000 / 1893953 (85.54 %) Events processed ...
[2025-11-08 11:01:12.124] [main] [info] 1630000 / 1893953 (86.06 %) Events processed ...
[2025-11-08 11:01:12.278] [main] [info] 1640000 / 1893953 (86.59 %) Events processed ...
[2025-11-08 11:01:12.428] [main] [info] 1650000 / 1893953 (87.12 %) Events processed ...
[2025-11-08 11:01:12.612] [main] [info] 1660000 / 1893953 (87.65 %) Events processed ...
[2025-11-08 11:01:12.765] [main] [info] 1670000 / 1893953 (88.18 %) Events processed ...
[2025-11-08 11:01:13.600] [main] [info] 1680000 / 1893953 (88.70 %) Events processed ...
[2025-11-08 11:01:13.771] [main] [info] 1690000 / 1893953 (89.23 %) Events processed ...
[2025-11-08 11:01:13.936] [main] [info] 1700000 / 1893953 (89.76 %) Events processed ...
[2025-11-08 11:01:14.089] [main] [info] 1710000 / 1893953 (90.29 %) Events processed ...
[2025-11-08 11:01:14.238] [main] [info] 1720000 / 1893953 (90.82 %) Events processed ...
[2025-11-08 11:01:14.455] [main] [info] 1730000 / 1893953 (91.34 %) Events processed ...
[2025-11-08 11:01:14.715] [main] [info] 1740000 / 1893953 (91.87 %) Events processed ...
[2025-11-08 11:01:14.942] [main] [info] 1750000 / 1893953 (92.40 %) Events processed ...
[2025-11-08 11:01:15.747] [main] [info] 1760000 / 1893953 (92.93 %) Events processed ...
[2025-11-08 11:01:15.905] [main] [info] 1770000 / 1893953 (93.46 %) Events processed ...
[2025-11-08 11:01:16.059] [main] [info] 1780000 / 1893953 (93.98 %) Events processed ...
[2025-11-08 11:01:16.214] [main] [info] 1790000 / 1893953 (94.51 %) Events processed ...
[2025-11-08 11:01:16.377] [main] [info] 1800000 / 1893953 (95.04 %) Events processed ...
[2025-11-08 11:01:16.566] [main] [info] 1810000 / 1893953 (95.57 %) Events processed ...
[2025-11-08 11:01:16.746] [main] [info] 1820000 / 1893953 (96.10 %) Events processed ...
[2025-11-08 11:01:17.012] [main] [info] 1830000 / 1893953 (96.62 %) Events processed ...
[2025-11-08 11:01:17.657] [main] [info] 1840000 / 1893953 (97.15 %) Events processed ...
[2025-11-08 11:01:17.835] [main] [info] 1850000 / 1893953 (97.68 %) Events processed ...
[2025-11-08 11:01:17.995] [main] [info] 1860000 / 1893953 (98.21 %) Events processed ...
[2025-11-08 11:01:18.162] [main] [info] 1870000 / 1893953 (98.74 %) Events processed ...
[2025-11-08 11:01:18.359] [main] [info] 1880000 / 1893953 (99.26 %) Events processed ...
[2025-11-08 11:01:18.511] [main] [info] 1890000 / 1893953 (99.79 %) Events processed ...
[2025-11-08 11:01:18.958] [main] [info] vbfhmm:
GoldenJSONFilter: pass=1849185    all=1893953    -- eff=97.64 % cumulative eff=97.64 %
Flag_goodVertices: pass=1845706    all=1849185    -- eff=99.81 % cumulative eff=97.45 %
Flag_globalSuperTightHalo2016Filter: pass=1845183    all=1845706    -- eff=99.97 % cumulative eff=97.42 %
Flag_EcalDeadCellTriggerPrimitiveFilter: pass=1845118    all=1845183    -- eff=100.00 % cumulative eff=97.42 %
Flag_BadPFMuonFilter: pass=1844219    all=1845118    -- eff=99.95 % cumulative eff=97.37 %
Flag_BadPFMuonDzFilter: pass=1843881    all=1844219    -- eff=99.98 % cumulative eff=97.36 %
Flag_eeBadScFilter: pass=1843881    all=1843881    -- eff=100.00 % cumulative eff=97.36 %
Flag_ecalBadCalibFilter: pass=1843784    all=1843881    -- eff=99.99 % cumulative eff=97.35 %
Flag_hfNoisyHitsFilter: pass=1840459    all=1843784    -- eff=99.82 % cumulative eff=97.18 %
Number of muons 2: pass=63037      all=1840459    -- eff=3.43 % cumulative eff=3.33 %
DiMuon From Higgs: pass=56599      all=63037      -- eff=89.79 % cumulative eff=2.99 %
LeptonChargeSum: pass=56582      all=56599      -- eff=99.97 % cumulative eff=2.99 %
[2025-11-08 11:01:19.069] [main] [info] Writing quantities map to /eos/user/j/jiahua/MC_2023BPix_inc/Muon0_Run2023D-24Jan2024_v1-v1/bb9e25d6-62b8-4256-a133-d9f518e5d42d_vbfhmm.root
[2025-11-08 11:01:19.136] [main] [info] Finished Evaluation
[2025-11-08 11:01:19.136] [main] [info] Overall runtime (real time: 58.58, CPU time: 41.85)
