Starting job on \n
Running on: Linux b9p18p7744.cern.ch 5.14.0-570.44.1.el9_6.x86_64 #1 SMP PREEMPT_DYNAMIC Tue Sep 9 05:17:30 EDT 2025 x86_64 x86_64 x86_64 GNU/Linux\n
System software: Red Hat Enterprise Linux release 9.6 (Plow)\n
Setting up CROWN for RedHatEnterprise Version 9.6
subject   : /DC=ch/DC=cern/OU=Organic Units/OU=Users/CN=jiahua/CN=851532/CN=Jiahua Chen/CN=1735721823
issuer    : /DC=ch/DC=cern/OU=Organic Units/OU=Users/CN=jiahua/CN=851532/CN=Jiahua Chen
identity  : /DC=ch/DC=cern/OU=Organic Units/OU=Users/CN=jiahua/CN=851532/CN=Jiahua Chen
type      : RFC compliant proxy
strength  : 2048 bits
path      : /afs/cern.ch/user/j/jiahua/proxy/x509up_u139833
timeleft  : 196:38:07
key usage : Digital Signature, Key Encipherment
=== VO cms extension information ===
VO        : cms
subject   : /DC=ch/DC=cern/OU=Organic Units/OU=Users/CN=jiahua/CN=851532/CN=Jiahua Chen
issuer    : /DC=ch/DC=cern/OU=computers/CN=cms-auth.cern.ch
attribute : /cms/Role=NULL/Capability=NULL
timeleft  : 188:38:07
uri       : voms-cms-auth.cern.ch:15000
subject   : /DC=ch/DC=cern/OU=Organic Units/OU=Users/CN=jiahua/CN=851532/CN=Jiahua Chen/CN=1735721823
issuer    : /DC=ch/DC=cern/OU=Organic Units/OU=Users/CN=jiahua/CN=851532/CN=Jiahua Chen
identity  : /DC=ch/DC=cern/OU=Organic Units/OU=Users/CN=jiahua/CN=851532/CN=Jiahua Chen
type      : RFC compliant proxy
strength  : 2048 bits
path      : /afs/cern.ch/user/j/jiahua/proxy/x509up_u139833
timeleft  : 196:38:07
key usage : Digital Signature, Key Encipherment
=== VO cms extension information ===
VO        : cms
subject   : /DC=ch/DC=cern/OU=Organic Units/OU=Users/CN=jiahua/CN=851532/CN=Jiahua Chen
issuer    : /DC=ch/DC=cern/OU=computers/CN=cms-auth.cern.ch
attribute : /cms/Role=NULL/Capability=NULL
timeleft  : 188:38:07
uri       : voms-cms-auth.cern.ch:15000
/eos/user/j/jiahua/MC_2023BPix_inc/Muon1_Run2023D-24Jan2024_v1-v1/620f98e8-fb49-4730-b2ca-ae889eab2861.root
[2025-11-08 11:00:51.490] [main] [info] Checking input files
[2025-11-08 11:00:57.322] [main] [info] NanoAOD input_file 1: root://cms-xrd-global.cern.ch//store/data/Run2023D/Muon1/NANOAOD/24Jan2024_v1-v1/30000/620f98e8-fb49-4730-b2ca-ae889eab2861.root - 2162235 Events
[2025-11-08 11:00:57.337] [main] [info] input_file 1: root://cms-xrd-global.cern.ch//store/data/Run2023D/Muon1/NANOAOD/24Jan2024_v1-v1/30000/620f98e8-fb49-4730-b2ca-ae889eab2861.root - SumOfGenWeight: 5.562435746801516e-309 
[2025-11-08 11:00:57.337] [main] [info] Output directory: /eos/user/j/jiahua/MC_2023BPix_inc/Muon1_Run2023D-24Jan2024_v1-v1/620f98e8-fb49-4730-b2ca-ae889eab2861.root
[2025-11-08 11:00:57.337] [main] [info] Starting Setup of Dataframe with 2162235 events
[2025-11-08 11:01:02.461] [main] [info] Finished Setup
[2025-11-08 11:01:02.461] [main] [info] Runtime for setup (real time: 5.12, CPU time: 3.29)
[2025-11-08 11:01:02.462] [main] [info] Starting Evaluation
[2025-11-08 11:01:10.317] [main] [info] 10000 / 2162235 (0.46 %) Events processed ...
[2025-11-08 11:01:10.524] [main] [info] 20000 / 2162235 (0.92 %) Events processed ...
[2025-11-08 11:01:10.747] [main] [info] 30000 / 2162235 (1.39 %) Events processed ...
[2025-11-08 11:01:11.073] [main] [info] 40000 / 2162235 (1.85 %) Events processed ...
[2025-11-08 11:01:11.278] [main] [info] 50000 / 2162235 (2.31 %) Events processed ...
[2025-11-08 11:01:11.499] [main] [info] 60000 / 2162235 (2.77 %) Events processed ...
[2025-11-08 11:01:12.368] [main] [info] 70000 / 2162235 (3.24 %) Events processed ...
[2025-11-08 11:01:12.578] [main] [info] 80000 / 2162235 (3.70 %) Events processed ...
[2025-11-08 11:01:12.822] [main] [info] 90000 / 2162235 (4.16 %) Events processed ...
[2025-11-08 11:01:13.166] [main] [info] 100000 / 2162235 (4.62 %) Events processed ...
[2025-11-08 11:01:13.385] [main] [info] 110000 / 2162235 (5.09 %) Events processed ...
[2025-11-08 11:01:13.604] [main] [info] 120000 / 2162235 (5.55 %) Events processed ...
[2025-11-08 11:01:13.945] [main] [info] 130000 / 2162235 (6.01 %) Events processed ...
[2025-11-08 11:01:14.484] [main] [info] 140000 / 2162235 (6.47 %) Events processed ...
[2025-11-08 11:01:14.707] [main] [info] 150000 / 2162235 (6.94 %) Events processed ...
[2025-11-08 11:01:15.036] [main] [info] 160000 / 2162235 (7.40 %) Events processed ...
[2025-11-08 11:01:15.248] [main] [info] 170000 / 2162235 (7.86 %) Events processed ...
[2025-11-08 11:01:15.465] [main] [info] 180000 / 2162235 (8.32 %) Events processed ...
[2025-11-08 11:01:15.788] [main] [info] 190000 / 2162235 (8.79 %) Events processed ...
[2025-11-08 11:01:16.025] [main] [info] 200000 / 2162235 (9.25 %) Events processed ...
[2025-11-08 11:01:16.664] [main] [info] 210000 / 2162235 (9.71 %) Events processed ...
[2025-11-08 11:01:16.988] [main] [info] 220000 / 2162235 (10.17 %) Events processed ...
[2025-11-08 11:01:17.206] [main] [info] 230000 / 2162235 (10.64 %) Events processed ...
[2025-11-08 11:01:17.471] [main] [info] 240000 / 2162235 (11.10 %) Events processed ...
[2025-11-08 11:01:17.788] [main] [info] 250000 / 2162235 (11.56 %) Events processed ...
[2025-11-08 11:01:18.156] [main] [info] 260000 / 2162235 (12.02 %) Events processed ...
[2025-11-08 11:01:18.359] [main] [info] 270000 / 2162235 (12.49 %) Events processed ...
[2025-11-08 11:01:18.965] [main] [info] 280000 / 2162235 (12.95 %) Events processed ...
[2025-11-08 11:01:19.269] [main] [info] 290000 / 2162235 (13.41 %) Events processed ...
[2025-11-08 11:01:19.473] [main] [info] 300000 / 2162235 (13.87 %) Events processed ...
[2025-11-08 11:01:19.683] [main] [info] 310000 / 2162235 (14.34 %) Events processed ...
[2025-11-08 11:01:19.984] [main] [info] 320000 / 2162235 (14.80 %) Events processed ...
[2025-11-08 11:01:20.185] [main] [info] 330000 / 2162235 (15.26 %) Events processed ...
[2025-11-08 11:01:20.395] [main] [info] 340000 / 2162235 (15.72 %) Events processed ...
[2025-11-08 11:01:21.145] [main] [info] 350000 / 2162235 (16.19 %) Events processed ...
[2025-11-08 11:01:21.346] [main] [info] 360000 / 2162235 (16.65 %) Events processed ...
[2025-11-08 11:01:21.572] [main] [info] 370000 / 2162235 (17.11 %) Events processed ...
[2025-11-08 11:01:21.903] [main] [info] 380000 / 2162235 (17.57 %) Events processed ...
[2025-11-08 11:01:22.099] [main] [info] 390000 / 2162235 (18.04 %) Events processed ...
[2025-11-08 11:01:22.294] [main] [info] 400000 / 2162235 (18.50 %) Events processed ...
[2025-11-08 11:01:23.109] [main] [info] 410000 / 2162235 (18.96 %) Events processed ...
[2025-11-08 11:01:23.313] [main] [info] 420000 / 2162235 (19.42 %) Events processed ...
[2025-11-08 11:01:23.512] [main] [info] 430000 / 2162235 (19.89 %) Events processed ...
[2025-11-08 11:01:23.839] [main] [info] 440000 / 2162235 (20.35 %) Events processed ...
[2025-11-08 11:01:24.082] [main] [info] 450000 / 2162235 (20.81 %) Events processed ...
[2025-11-08 11:01:24.285] [main] [info] 460000 / 2162235 (21.27 %) Events processed ...
[2025-11-08 11:01:24.611] [main] [info] 470000 / 2162235 (21.74 %) Events processed ...
[2025-11-08 11:01:24.865] [main] [info] 480000 / 2162235 (22.20 %) Events processed ...
[2025-11-08 11:01:25.425] [main] [info] 490000 / 2162235 (22.66 %) Events processed ...
[2025-11-08 11:01:25.628] [main] [info] 500000 / 2162235 (23.12 %) Events processed ...
[2025-11-08 11:01:25.935] [main] [info] 510000 / 2162235 (23.59 %) Events processed ...
[2025-11-08 11:01:26.132] [main] [info] 520000 / 2162235 (24.05 %) Events processed ...
[2025-11-08 11:01:26.330] [main] [info] 530000 / 2162235 (24.51 %) Events processed ...
[2025-11-08 11:01:26.625] [main] [info] 540000 / 2162235 (24.97 %) Events processed ...
[2025-11-08 11:01:26.818] [main] [info] 550000 / 2162235 (25.44 %) Events processed ...
[2025-11-08 11:01:27.280] [main] [info] 560000 / 2162235 (25.90 %) Events processed ...
[2025-11-08 11:01:27.568] [main] [info] 570000 / 2162235 (26.36 %) Events processed ...
[2025-11-08 11:01:27.761] [main] [info] 580000 / 2162235 (26.82 %) Events processed ...
[2025-11-08 11:01:27.967] [main] [info] 590000 / 2162235 (27.29 %) Events processed ...
[2025-11-08 11:01:28.305] [main] [info] 600000 / 2162235 (27.75 %) Events processed ...
[2025-11-08 11:01:28.510] [main] [info] 610000 / 2162235 (28.21 %) Events processed ...
[2025-11-08 11:01:28.702] [main] [info] 620000 / 2162235 (28.67 %) Events processed ...
[2025-11-08 11:01:29.352] [main] [info] 630000 / 2162235 (29.14 %) Events processed ...
[2025-11-08 11:01:29.551] [main] [info] 640000 / 2162235 (29.60 %) Events processed ...
[2025-11-08 11:01:29.748] [main] [info] 650000 / 2162235 (30.06 %) Events processed ...
[2025-11-08 11:01:30.059] [main] [info] 660000 / 2162235 (30.52 %) Events processed ...
[2025-11-08 11:01:30.248] [main] [info] 670000 / 2162235 (30.99 %) Events processed ...
[2025-11-08 11:01:30.444] [main] [info] 680000 / 2162235 (31.45 %) Events processed ...
[2025-11-08 11:01:31.114] [main] [info] 690000 / 2162235 (31.91 %) Events processed ...
[2025-11-08 11:01:31.305] [main] [info] 700000 / 2162235 (32.37 %) Events processed ...
[2025-11-08 11:01:31.496] [main] [info] 710000 / 2162235 (32.84 %) Events processed ...
[2025-11-08 11:01:31.804] [main] [info] 720000 / 2162235 (33.30 %) Events processed ...
[2025-11-08 11:01:31.997] [main] [info] 730000 / 2162235 (33.76 %) Events processed ...
[2025-11-08 11:01:32.187] [main] [info] 740000 / 2162235 (34.22 %) Events processed ...
[2025-11-08 11:01:32.440] [main] [info] 750000 / 2162235 (34.69 %) Events processed ...
[2025-11-08 11:01:32.989] [main] [info] 760000 / 2162235 (35.15 %) Events processed ...
[2025-11-08 11:01:33.186] [main] [info] 770000 / 2162235 (35.61 %) Events processed ...
[2025-11-08 11:01:33.398] [main] [info] 780000 / 2162235 (36.07 %) Events processed ...
[2025-11-08 11:01:33.685] [main] [info] 790000 / 2162235 (36.54 %) Events processed ...
[2025-11-08 11:01:33.865] [main] [info] 800000 / 2162235 (37.00 %) Events processed ...
[2025-11-08 11:01:34.061] [main] [info] 810000 / 2162235 (37.46 %) Events processed ...
[2025-11-08 11:01:34.338] [main] [info] 820000 / 2162235 (37.92 %) Events processed ...
[2025-11-08 11:01:34.822] [main] [info] 830000 / 2162235 (38.39 %) Events processed ...
[2025-11-08 11:01:35.038] [main] [info] 840000 / 2162235 (38.85 %) Events processed ...
[2025-11-08 11:01:35.348] [main] [info] 850000 / 2162235 (39.31 %) Events processed ...
[2025-11-08 11:01:35.551] [main] [info] 860000 / 2162235 (39.77 %) Events processed ...
[2025-11-08 11:01:35.756] [main] [info] 870000 / 2162235 (40.24 %) Events processed ...
[2025-11-08 11:01:36.075] [main] [info] 880000 / 2162235 (40.70 %) Events processed ...
[2025-11-08 11:01:36.268] [main] [info] 890000 / 2162235 (41.16 %) Events processed ...
[2025-11-08 11:01:36.676] [main] [info] 900000 / 2162235 (41.62 %) Events processed ...
[2025-11-08 11:01:36.969] [main] [info] 910000 / 2162235 (42.09 %) Events processed ...
[2025-11-08 11:01:37.227] [main] [info] 920000 / 2162235 (42.55 %) Events processed ...
[2025-11-08 11:01:37.441] [main] [info] 930000 / 2162235 (43.01 %) Events processed ...
[2025-11-08 11:01:37.778] [main] [info] 940000 / 2162235 (43.47 %) Events processed ...
[2025-11-08 11:01:37.985] [main] [info] 950000 / 2162235 (43.94 %) Events processed ...
[2025-11-08 11:01:38.192] [main] [info] 960000 / 2162235 (44.40 %) Events processed ...
[2025-11-08 11:01:38.845] [main] [info] 970000 / 2162235 (44.86 %) Events processed ...
[2025-11-08 11:01:39.051] [main] [info] 980000 / 2162235 (45.32 %) Events processed ...
[2025-11-08 11:01:39.261] [main] [info] 990000 / 2162235 (45.79 %) Events processed ...
[2025-11-08 11:01:39.486] [main] [info] 1000000 / 2162235 (46.25 %) Events processed ...
[2025-11-08 11:01:39.786] [main] [info] 1010000 / 2162235 (46.71 %) Events processed ...
[2025-11-08 11:01:39.982] [main] [info] 1020000 / 2162235 (47.17 %) Events processed ...
[2025-11-08 11:01:40.286] [main] [info] 1030000 / 2162235 (47.64 %) Events processed ...
[2025-11-08 11:01:40.959] [main] [info] 1040000 / 2162235 (48.10 %) Events processed ...
[2025-11-08 11:01:41.175] [main] [info] 1050000 / 2162235 (48.56 %) Events processed ...
[2025-11-08 11:01:41.396] [main] [info] 1060000 / 2162235 (49.02 %) Events processed ...
[2025-11-08 11:01:41.683] [main] [info] 1070000 / 2162235 (49.49 %) Events processed ...
[2025-11-08 11:01:41.879] [main] [info] 1080000 / 2162235 (49.95 %) Events processed ...
[2025-11-08 11:01:42.071] [main] [info] 1090000 / 2162235 (50.41 %) Events processed ...
[2025-11-08 11:01:42.602] [main] [info] 1100000 / 2162235 (50.87 %) Events processed ...
[2025-11-08 11:01:42.794] [main] [info] 1110000 / 2162235 (51.34 %) Events processed ...
[2025-11-08 11:01:42.984] [main] [info] 1120000 / 2162235 (51.80 %) Events processed ...
[2025-11-08 11:01:43.282] [main] [info] 1130000 / 2162235 (52.26 %) Events processed ...
[2025-11-08 11:01:43.467] [main] [info] 1140000 / 2162235 (52.72 %) Events processed ...
[2025-11-08 11:01:43.652] [main] [info] 1150000 / 2162235 (53.19 %) Events processed ...
[2025-11-08 11:01:43.951] [main] [info] 1160000 / 2162235 (53.65 %) Events processed ...
[2025-11-08 11:01:44.449] [main] [info] 1170000 / 2162235 (54.11 %) Events processed ...
[2025-11-08 11:01:44.655] [main] [info] 1180000 / 2162235 (54.57 %) Events processed ...
[2025-11-08 11:01:44.945] [main] [info] 1190000 / 2162235 (55.04 %) Events processed ...
[2025-11-08 11:01:45.146] [main] [info] 1200000 / 2162235 (55.50 %) Events processed ...
[2025-11-08 11:01:45.349] [main] [info] 1210000 / 2162235 (55.96 %) Events processed ...
[2025-11-08 11:01:45.679] [main] [info] 1220000 / 2162235 (56.42 %) Events processed ...
[2025-11-08 11:01:45.876] [main] [info] 1230000 / 2162235 (56.89 %) Events processed ...
[2025-11-08 11:01:46.526] [main] [info] 1240000 / 2162235 (57.35 %) Events processed ...
[2025-11-08 11:01:46.720] [main] [info] 1250000 / 2162235 (57.81 %) Events processed ...
[2025-11-08 11:01:47.021] [main] [info] 1260000 / 2162235 (58.27 %) Events processed ...
[2025-11-08 11:01:47.214] [main] [info] 1270000 / 2162235 (58.74 %) Events processed ...
[2025-11-08 11:01:47.425] [main] [info] 1280000 / 2162235 (59.20 %) Events processed ...
[2025-11-08 11:01:47.726] [main] [info] 1290000 / 2162235 (59.66 %) Events processed ...
[2025-11-08 11:01:47.978] [main] [info] 1300000 / 2162235 (60.12 %) Events processed ...
[2025-11-08 11:01:48.674] [main] [info] 1310000 / 2162235 (60.59 %) Events processed ...
[2025-11-08 11:01:48.978] [main] [info] 1320000 / 2162235 (61.05 %) Events processed ...
[2025-11-08 11:01:49.182] [main] [info] 1330000 / 2162235 (61.51 %) Events processed ...
[2025-11-08 11:01:49.396] [main] [info] 1340000 / 2162235 (61.97 %) Events processed ...
[2025-11-08 11:01:49.715] [main] [info] 1350000 / 2162235 (62.44 %) Events processed ...
[2025-11-08 11:01:49.916] [main] [info] 1360000 / 2162235 (62.90 %) Events processed ...
[2025-11-08 11:01:50.124] [main] [info] 1370000 / 2162235 (63.36 %) Events processed ...
[2025-11-08 11:01:51.197] [main] [info] 1380000 / 2162235 (63.82 %) Events processed ...
[2025-11-08 11:01:51.408] [main] [info] 1390000 / 2162235 (64.29 %) Events processed ...
[2025-11-08 11:01:51.632] [main] [info] 1400000 / 2162235 (64.75 %) Events processed ...
[2025-11-08 11:01:51.953] [main] [info] 1410000 / 2162235 (65.21 %) Events processed ...
[2025-11-08 11:01:52.196] [main] [info] 1420000 / 2162235 (65.67 %) Events processed ...
[2025-11-08 11:01:52.409] [main] [info] 1430000 / 2162235 (66.14 %) Events processed ...
[2025-11-08 11:01:53.071] [main] [info] 1440000 / 2162235 (66.60 %) Events processed ...
[2025-11-08 11:01:53.274] [main] [info] 1450000 / 2162235 (67.06 %) Events processed ...
[2025-11-08 11:01:53.482] [main] [info] 1460000 / 2162235 (67.52 %) Events processed ...
[2025-11-08 11:01:53.803] [main] [info] 1470000 / 2162235 (67.99 %) Events processed ...
[2025-11-08 11:01:54.012] [main] [info] 1480000 / 2162235 (68.45 %) Events processed ...
[2025-11-08 11:01:54.218] [main] [info] 1490000 / 2162235 (68.91 %) Events processed ...
[2025-11-08 11:01:54.432] [main] [info] 1500000 / 2162235 (69.37 %) Events processed ...
[2025-11-08 11:01:55.048] [main] [info] 1510000 / 2162235 (69.84 %) Events processed ...
[2025-11-08 11:01:55.251] [main] [info] 1520000 / 2162235 (70.30 %) Events processed ...
[2025-11-08 11:01:55.482] [main] [info] 1530000 / 2162235 (70.76 %) Events processed ...
[2025-11-08 11:01:55.876] [main] [info] 1540000 / 2162235 (71.22 %) Events processed ...
[2025-11-08 11:01:56.085] [main] [info] 1550000 / 2162235 (71.69 %) Events processed ...
[2025-11-08 11:01:56.308] [main] [info] 1560000 / 2162235 (72.15 %) Events processed ...
[2025-11-08 11:01:56.617] [main] [info] 1570000 / 2162235 (72.61 %) Events processed ...
[2025-11-08 11:01:57.141] [main] [info] 1580000 / 2162235 (73.07 %) Events processed ...
[2025-11-08 11:01:57.357] [main] [info] 1590000 / 2162235 (73.54 %) Events processed ...
[2025-11-08 11:01:57.660] [main] [info] 1600000 / 2162235 (74.00 %) Events processed ...
[2025-11-08 11:01:57.861] [main] [info] 1610000 / 2162235 (74.46 %) Events processed ...
[2025-11-08 11:01:58.063] [main] [info] 1620000 / 2162235 (74.92 %) Events processed ...
[2025-11-08 11:01:58.386] [main] [info] 1630000 / 2162235 (75.38 %) Events processed ...
[2025-11-08 11:01:58.555] [main] [info] 1640000 / 2162235 (75.85 %) Events processed ...
[2025-11-08 11:01:59.253] [main] [info] 1650000 / 2162235 (76.31 %) Events processed ...
[2025-11-08 11:01:59.571] [main] [info] 1660000 / 2162235 (76.77 %) Events processed ...
[2025-11-08 11:01:59.789] [main] [info] 1670000 / 2162235 (77.23 %) Events processed ...
[2025-11-08 11:02:00.010] [main] [info] 1680000 / 2162235 (77.70 %) Events processed ...
[2025-11-08 11:02:00.342] [main] [info] 1690000 / 2162235 (78.16 %) Events processed ...
[2025-11-08 11:02:00.542] [main] [info] 1700000 / 2162235 (78.62 %) Events processed ...
[2025-11-08 11:02:00.738] [main] [info] 1710000 / 2162235 (79.08 %) Events processed ...
[2025-11-08 11:02:01.587] [main] [info] 1720000 / 2162235 (79.55 %) Events processed ...
[2025-11-08 11:02:01.791] [main] [info] 1730000 / 2162235 (80.01 %) Events processed ...
[2025-11-08 11:02:01.995] [main] [info] 1740000 / 2162235 (80.47 %) Events processed ...
[2025-11-08 11:02:02.220] [main] [info] 1750000 / 2162235 (80.93 %) Events processed ...
[2025-11-08 11:02:02.514] [main] [info] 1760000 / 2162235 (81.40 %) Events processed ...
[2025-11-08 11:02:02.716] [main] [info] 1770000 / 2162235 (81.86 %) Events processed ...
[2025-11-08 11:02:02.943] [main] [info] 1780000 / 2162235 (82.32 %) Events processed ...
[2025-11-08 11:02:03.612] [main] [info] 1790000 / 2162235 (82.78 %) Events processed ...
[2025-11-08 11:02:03.824] [main] [info] 1800000 / 2162235 (83.25 %) Events processed ...
[2025-11-08 11:02:04.050] [main] [info] 1810000 / 2162235 (83.71 %) Events processed ...
[2025-11-08 11:02:04.449] [main] [info] 1820000 / 2162235 (84.17 %) Events processed ...
[2025-11-08 11:02:04.697] [main] [info] 1830000 / 2162235 (84.63 %) Events processed ...
[2025-11-08 11:02:04.951] [main] [info] 1840000 / 2162235 (85.10 %) Events processed ...
[2025-11-08 11:02:05.668] [main] [info] 1850000 / 2162235 (85.56 %) Events processed ...
[2025-11-08 11:02:05.936] [main] [info] 1860000 / 2162235 (86.02 %) Events processed ...
[2025-11-08 11:02:06.137] [main] [info] 1870000 / 2162235 (86.48 %) Events processed ...
[2025-11-08 11:02:06.452] [main] [info] 1880000 / 2162235 (86.95 %) Events processed ...
[2025-11-08 11:02:06.653] [main] [info] 1890000 / 2162235 (87.41 %) Events processed ...
[2025-11-08 11:02:06.861] [main] [info] 1900000 / 2162235 (87.87 %) Events processed ...
[2025-11-08 11:02:07.184] [main] [info] 1910000 / 2162235 (88.33 %) Events processed ...
[2025-11-08 11:02:07.699] [main] [info] 1920000 / 2162235 (88.80 %) Events processed ...
[2025-11-08 11:02:07.914] [main] [info] 1930000 / 2162235 (89.26 %) Events processed ...
[2025-11-08 11:02:08.238] [main] [info] 1940000 / 2162235 (89.72 %) Events processed ...
[2025-11-08 11:02:08.473] [main] [info] 1950000 / 2162235 (90.18 %) Events processed ...
[2025-11-08 11:02:08.710] [main] [info] 1960000 / 2162235 (90.65 %) Events processed ...
[2025-11-08 11:02:09.073] [main] [info] 1970000 / 2162235 (91.11 %) Events processed ...
[2025-11-08 11:02:09.266] [main] [info] 1980000 / 2162235 (91.57 %) Events processed ...
[2025-11-08 11:02:09.794] [main] [info] 1990000 / 2162235 (92.03 %) Events processed ...
[2025-11-08 11:02:09.994] [main] [info] 2000000 / 2162235 (92.50 %) Events processed ...
[2025-11-08 11:02:10.276] [main] [info] 2010000 / 2162235 (92.96 %) Events processed ...
[2025-11-08 11:02:10.462] [main] [info] 2020000 / 2162235 (93.42 %) Events processed ...
[2025-11-08 11:02:10.610] [main] [info] 2030000 / 2162235 (93.88 %) Events processed ...
[2025-11-08 11:02:10.615] [main] [info] 2040000 / 2162235 (94.35 %) Events processed ...
[2025-11-08 11:02:10.621] [main] [info] 2050000 / 2162235 (94.81 %) Events processed ...
[2025-11-08 11:02:11.037] [main] [info] 2060000 / 2162235 (95.27 %) Events processed ...
[2025-11-08 11:02:11.042] [main] [info] 2070000 / 2162235 (95.73 %) Events processed ...
[2025-11-08 11:02:11.047] [main] [info] 2080000 / 2162235 (96.20 %) Events processed ...
[2025-11-08 11:02:11.398] [main] [info] 2090000 / 2162235 (96.66 %) Events processed ...
[2025-11-08 11:02:11.709] [main] [info] 2100000 / 2162235 (97.12 %) Events processed ...
[2025-11-08 11:02:11.904] [main] [info] 2110000 / 2162235 (97.58 %) Events processed ...
[2025-11-08 11:02:12.102] [main] [info] 2120000 / 2162235 (98.05 %) Events processed ...
[2025-11-08 11:02:12.700] [main] [info] 2130000 / 2162235 (98.51 %) Events processed ...
[2025-11-08 11:02:12.964] [main] [info] 2140000 / 2162235 (98.97 %) Events processed ...
[2025-11-08 11:02:13.156] [main] [info] 2150000 / 2162235 (99.43 %) Events processed ...
[2025-11-08 11:02:13.405] [main] [info] 2160000 / 2162235 (99.90 %) Events processed ...
[2025-11-08 11:02:13.659] [main] [info] vbfhmm:
GoldenJSONFilter: pass=2104409    all=2162235    -- eff=97.33 % cumulative eff=97.33 %
Flag_goodVertices: pass=2100654    all=2104409    -- eff=99.82 % cumulative eff=97.15 %
Flag_globalSuperTightHalo2016Filter: pass=2099995    all=2100654    -- eff=99.97 % cumulative eff=97.12 %
Flag_EcalDeadCellTriggerPrimitiveFilter: pass=2099924    all=2099995    -- eff=100.00 % cumulative eff=97.12 %
Flag_BadPFMuonFilter: pass=2098878    all=2099924    -- eff=99.95 % cumulative eff=97.07 %
Flag_BadPFMuonDzFilter: pass=2098485    all=2098878    -- eff=99.98 % cumulative eff=97.05 %
Flag_eeBadScFilter: pass=2098485    all=2098485    -- eff=100.00 % cumulative eff=97.05 %
Flag_ecalBadCalibFilter: pass=2098371    all=2098485    -- eff=99.99 % cumulative eff=97.05 %
Flag_hfNoisyHitsFilter: pass=2094703    all=2098371    -- eff=99.83 % cumulative eff=96.88 %
Number of muons 2: pass=72199      all=2094703    -- eff=3.45 % cumulative eff=3.34 %
DiMuon From Higgs: pass=64814      all=72199      -- eff=89.77 % cumulative eff=3.00 %
LeptonChargeSum: pass=64797      all=64814      -- eff=99.97 % cumulative eff=3.00 %
[2025-11-08 11:02:13.801] [main] [info] Writing quantities map to /eos/user/j/jiahua/MC_2023BPix_inc/Muon1_Run2023D-24Jan2024_v1-v1/620f98e8-fb49-4730-b2ca-ae889eab2861_vbfhmm.root
[2025-11-08 11:02:13.963] [main] [info] Finished Evaluation
[2025-11-08 11:02:13.963] [main] [info] Overall runtime (real time: 76.63, CPU time: 60.37)
