Starting job on \n
Running on: Linux b9p23p5915.cern.ch 5.14.0-570.44.1.el9_6.x86_64 #1 SMP PREEMPT_DYNAMIC Tue Sep 9 05:17:30 EDT 2025 x86_64 x86_64 x86_64 GNU/Linux\n
System software: Red Hat Enterprise Linux release 9.6 (Plow)\n
Setting up CROWN for RedHatEnterprise Version 9.6
subject   : /DC=ch/DC=cern/OU=Organic Units/OU=Users/CN=jiahua/CN=851532/CN=Jiahua Chen/CN=1735721823
issuer    : /DC=ch/DC=cern/OU=Organic Units/OU=Users/CN=jiahua/CN=851532/CN=Jiahua Chen
identity  : /DC=ch/DC=cern/OU=Organic Units/OU=Users/CN=jiahua/CN=851532/CN=Jiahua Chen
type      : RFC compliant proxy
strength  : 2048 bits
path      : /afs/cern.ch/user/j/jiahua/proxy/x509up_u139833
timeleft  : 196:38:19
key usage : Digital Signature, Key Encipherment
=== VO cms extension information ===
VO        : cms
subject   : /DC=ch/DC=cern/OU=Organic Units/OU=Users/CN=jiahua/CN=851532/CN=Jiahua Chen
issuer    : /DC=ch/DC=cern/OU=computers/CN=cms-auth.cern.ch
attribute : /cms/Role=NULL/Capability=NULL
timeleft  : 188:38:19
uri       : voms-cms-auth.cern.ch:15000
subject   : /DC=ch/DC=cern/OU=Organic Units/OU=Users/CN=jiahua/CN=851532/CN=Jiahua Chen/CN=1735721823
issuer    : /DC=ch/DC=cern/OU=Organic Units/OU=Users/CN=jiahua/CN=851532/CN=Jiahua Chen
identity  : /DC=ch/DC=cern/OU=Organic Units/OU=Users/CN=jiahua/CN=851532/CN=Jiahua Chen
type      : RFC compliant proxy
strength  : 2048 bits
path      : /afs/cern.ch/user/j/jiahua/proxy/x509up_u139833
timeleft  : 196:38:19
key usage : Digital Signature, Key Encipherment
=== VO cms extension information ===
VO        : cms
subject   : /DC=ch/DC=cern/OU=Organic Units/OU=Users/CN=jiahua/CN=851532/CN=Jiahua Chen
issuer    : /DC=ch/DC=cern/OU=computers/CN=cms-auth.cern.ch
attribute : /cms/Role=NULL/Capability=NULL
timeleft  : 188:38:19
uri       : voms-cms-auth.cern.ch:15000
/eos/user/j/jiahua/MC_2023BPix_inc/Muon1_Run2023D-24Jan2024_v1-v1/43393f41-2a0d-4167-a6b8-0da03edfafe2.root
[2025-11-08 11:00:39.374] [main] [info] Checking input files
[2025-11-08 11:00:44.471] [main] [info] NanoAOD input_file 1: root://cms-xrd-global.cern.ch//store/data/Run2023D/Muon1/NANOAOD/24Jan2024_v1-v1/30000/43393f41-2a0d-4167-a6b8-0da03edfafe2.root - 2197260 Events
[2025-11-08 11:00:44.488] [main] [info] input_file 1: root://cms-xrd-global.cern.ch//store/data/Run2023D/Muon1/NANOAOD/24Jan2024_v1-v1/30000/43393f41-2a0d-4167-a6b8-0da03edfafe2.root - SumOfGenWeight: 1.1820242573980725e-308 
[2025-11-08 11:00:44.488] [main] [info] Output directory: /eos/user/j/jiahua/MC_2023BPix_inc/Muon1_Run2023D-24Jan2024_v1-v1/43393f41-2a0d-4167-a6b8-0da03edfafe2.root
[2025-11-08 11:00:44.490] [main] [info] Starting Setup of Dataframe with 2197260 events
[2025-11-08 11:00:45.562] [main] [info] Finished Setup
[2025-11-08 11:00:45.562] [main] [info] Runtime for setup (real time: 1.07, CPU time: 0.74)
[2025-11-08 11:00:45.562] [main] [info] Starting Evaluation
[2025-11-08 11:01:16.117] [main] [info] 10000 / 2197260 (0.46 %) Events processed ...
[2025-11-08 11:01:16.259] [main] [info] 20000 / 2197260 (0.91 %) Events processed ...
[2025-11-08 11:01:16.400] [main] [info] 30000 / 2197260 (1.37 %) Events processed ...
[2025-11-08 11:01:16.626] [main] [info] 40000 / 2197260 (1.82 %) Events processed ...
[2025-11-08 11:01:16.772] [main] [info] 50000 / 2197260 (2.28 %) Events processed ...
[2025-11-08 11:01:16.912] [main] [info] 60000 / 2197260 (2.73 %) Events processed ...
[2025-11-08 11:01:17.073] [main] [info] 70000 / 2197260 (3.19 %) Events processed ...
[2025-11-08 11:01:36.025] [main] [info] 80000 / 2197260 (3.64 %) Events processed ...
[2025-11-08 11:01:36.239] [main] [info] 90000 / 2197260 (4.10 %) Events processed ...
[2025-11-08 11:01:36.448] [main] [info] 100000 / 2197260 (4.55 %) Events processed ...
[2025-11-08 11:01:36.766] [main] [info] 110000 / 2197260 (5.01 %) Events processed ...
[2025-11-08 11:01:36.972] [main] [info] 120000 / 2197260 (5.46 %) Events processed ...
[2025-11-08 11:01:37.187] [main] [info] 130000 / 2197260 (5.92 %) Events processed ...
[2025-11-08 11:01:37.403] [main] [info] 140000 / 2197260 (6.37 %) Events processed ...
[2025-11-08 11:01:51.915] [main] [info] 150000 / 2197260 (6.83 %) Events processed ...
[2025-11-08 11:01:52.094] [main] [info] 160000 / 2197260 (7.28 %) Events processed ...
[2025-11-08 11:01:52.241] [main] [info] 170000 / 2197260 (7.74 %) Events processed ...
[2025-11-08 11:01:52.387] [main] [info] 180000 / 2197260 (8.19 %) Events processed ...
[2025-11-08 11:01:52.593] [main] [info] 190000 / 2197260 (8.65 %) Events processed ...
[2025-11-08 11:01:52.724] [main] [info] 200000 / 2197260 (9.10 %) Events processed ...
[2025-11-08 11:01:52.861] [main] [info] 210000 / 2197260 (9.56 %) Events processed ...
[2025-11-08 11:02:08.034] [main] [info] 220000 / 2197260 (10.01 %) Events processed ...
[2025-11-08 11:02:08.224] [main] [info] 230000 / 2197260 (10.47 %) Events processed ...
[2025-11-08 11:02:08.413] [main] [info] 240000 / 2197260 (10.92 %) Events processed ...
[2025-11-08 11:02:08.600] [main] [info] 250000 / 2197260 (11.38 %) Events processed ...
[2025-11-08 11:02:08.877] [main] [info] 260000 / 2197260 (11.83 %) Events processed ...
[2025-11-08 11:02:09.021] [main] [info] 270000 / 2197260 (12.29 %) Events processed ...
[2025-11-08 11:02:09.160] [main] [info] 280000 / 2197260 (12.74 %) Events processed ...
[2025-11-08 11:02:30.459] [main] [info] 290000 / 2197260 (13.20 %) Events processed ...
[2025-11-08 11:02:30.603] [main] [info] 300000 / 2197260 (13.65 %) Events processed ...
[2025-11-08 11:02:30.747] [main] [info] 310000 / 2197260 (14.11 %) Events processed ...
[2025-11-08 11:02:30.909] [main] [info] 320000 / 2197260 (14.56 %) Events processed ...
[2025-11-08 11:02:31.129] [main] [info] 330000 / 2197260 (15.02 %) Events processed ...
[2025-11-08 11:02:31.305] [main] [info] 340000 / 2197260 (15.47 %) Events processed ...
[2025-11-08 11:02:31.492] [main] [info] 350000 / 2197260 (15.93 %) Events processed ...
[2025-11-08 11:02:31.652] [main] [info] 360000 / 2197260 (16.38 %) Events processed ...
[2025-11-08 11:02:54.568] [main] [info] 370000 / 2197260 (16.84 %) Events processed ...
[2025-11-08 11:02:54.730] [main] [info] 380000 / 2197260 (17.29 %) Events processed ...
[2025-11-08 11:02:54.901] [main] [info] 390000 / 2197260 (17.75 %) Events processed ...
[2025-11-08 11:02:55.147] [main] [info] 400000 / 2197260 (18.20 %) Events processed ...
[2025-11-08 11:02:55.302] [main] [info] 410000 / 2197260 (18.66 %) Events processed ...
[2025-11-08 11:02:55.458] [main] [info] 420000 / 2197260 (19.11 %) Events processed ...
[2025-11-08 11:02:55.626] [main] [info] 430000 / 2197260 (19.57 %) Events processed ...
[2025-11-08 11:03:12.740] [main] [info] 440000 / 2197260 (20.02 %) Events processed ...
[2025-11-08 11:03:12.948] [main] [info] 450000 / 2197260 (20.48 %) Events processed ...
[2025-11-08 11:03:13.150] [main] [info] 460000 / 2197260 (20.94 %) Events processed ...
[2025-11-08 11:03:13.456] [main] [info] 470000 / 2197260 (21.39 %) Events processed ...
[2025-11-08 11:03:13.648] [main] [info] 480000 / 2197260 (21.85 %) Events processed ...
[2025-11-08 11:03:13.863] [main] [info] 490000 / 2197260 (22.30 %) Events processed ...
[2025-11-08 11:03:14.089] [main] [info] 500000 / 2197260 (22.76 %) Events processed ...
[2025-11-08 11:03:29.424] [main] [info] 510000 / 2197260 (23.21 %) Events processed ...
[2025-11-08 11:03:29.695] [main] [info] 520000 / 2197260 (23.67 %) Events processed ...
[2025-11-08 11:03:29.894] [main] [info] 530000 / 2197260 (24.12 %) Events processed ...
[2025-11-08 11:03:30.099] [main] [info] 540000 / 2197260 (24.58 %) Events processed ...
[2025-11-08 11:03:30.392] [main] [info] 550000 / 2197260 (25.03 %) Events processed ...
[2025-11-08 11:03:30.553] [main] [info] 560000 / 2197260 (25.49 %) Events processed ...
[2025-11-08 11:03:30.733] [main] [info] 570000 / 2197260 (25.94 %) Events processed ...
[2025-11-08 11:03:43.604] [main] [info] 580000 / 2197260 (26.40 %) Events processed ...
[2025-11-08 11:03:43.816] [main] [info] 590000 / 2197260 (26.85 %) Events processed ...
[2025-11-08 11:03:44.020] [main] [info] 600000 / 2197260 (27.31 %) Events processed ...
[2025-11-08 11:03:44.233] [main] [info] 610000 / 2197260 (27.76 %) Events processed ...
[2025-11-08 11:03:44.533] [main] [info] 620000 / 2197260 (28.22 %) Events processed ...
[2025-11-08 11:03:44.733] [main] [info] 630000 / 2197260 (28.67 %) Events processed ...
[2025-11-08 11:03:44.929] [main] [info] 640000 / 2197260 (29.13 %) Events processed ...
[2025-11-08 11:04:01.770] [main] [info] 650000 / 2197260 (29.58 %) Events processed ...
[2025-11-08 11:04:01.962] [main] [info] 660000 / 2197260 (30.04 %) Events processed ...
[2025-11-08 11:04:02.119] [main] [info] 670000 / 2197260 (30.49 %) Events processed ...
[2025-11-08 11:04:02.332] [main] [info] 680000 / 2197260 (30.95 %) Events processed ...
[2025-11-08 11:04:02.626] [main] [info] 690000 / 2197260 (31.40 %) Events processed ...
[2025-11-08 11:04:02.821] [main] [info] 700000 / 2197260 (31.86 %) Events processed ...
[2025-11-08 11:04:02.982] [main] [info] 710000 / 2197260 (32.31 %) Events processed ...
[2025-11-08 11:04:17.858] [main] [info] 720000 / 2197260 (32.77 %) Events processed ...
[2025-11-08 11:04:18.109] [main] [info] 730000 / 2197260 (33.22 %) Events processed ...
[2025-11-08 11:04:18.252] [main] [info] 740000 / 2197260 (33.68 %) Events processed ...
[2025-11-08 11:04:18.398] [main] [info] 750000 / 2197260 (34.13 %) Events processed ...
[2025-11-08 11:04:18.634] [main] [info] 760000 / 2197260 (34.59 %) Events processed ...
[2025-11-08 11:04:18.780] [main] [info] 770000 / 2197260 (35.04 %) Events processed ...
[2025-11-08 11:04:18.922] [main] [info] 780000 / 2197260 (35.50 %) Events processed ...
[2025-11-08 11:04:38.500] [main] [info] 790000 / 2197260 (35.95 %) Events processed ...
[2025-11-08 11:04:38.752] [main] [info] 800000 / 2197260 (36.41 %) Events processed ...
[2025-11-08 11:04:38.900] [main] [info] 810000 / 2197260 (36.86 %) Events processed ...
[2025-11-08 11:04:39.048] [main] [info] 820000 / 2197260 (37.32 %) Events processed ...
[2025-11-08 11:04:39.283] [main] [info] 830000 / 2197260 (37.77 %) Events processed ...
[2025-11-08 11:04:39.433] [main] [info] 840000 / 2197260 (38.23 %) Events processed ...
[2025-11-08 11:04:39.580] [main] [info] 850000 / 2197260 (38.68 %) Events processed ...
[2025-11-08 11:04:57.208] [main] [info] 860000 / 2197260 (39.14 %) Events processed ...
[2025-11-08 11:04:57.521] [main] [info] 870000 / 2197260 (39.59 %) Events processed ...
[2025-11-08 11:04:57.723] [main] [info] 880000 / 2197260 (40.05 %) Events processed ...
[2025-11-08 11:04:57.921] [main] [info] 890000 / 2197260 (40.50 %) Events processed ...
[2025-11-08 11:04:58.135] [main] [info] 900000 / 2197260 (40.96 %) Events processed ...
[2025-11-08 11:04:58.413] [main] [info] 910000 / 2197260 (41.42 %) Events processed ...
[2025-11-08 11:04:58.644] [main] [info] 920000 / 2197260 (41.87 %) Events processed ...
[2025-11-08 11:05:12.272] [main] [info] 930000 / 2197260 (42.33 %) Events processed ...
[2025-11-08 11:05:12.496] [main] [info] 940000 / 2197260 (42.78 %) Events processed ...
[2025-11-08 11:05:12.644] [main] [info] 950000 / 2197260 (43.24 %) Events processed ...
[2025-11-08 11:05:12.781] [main] [info] 960000 / 2197260 (43.69 %) Events processed ...
[2025-11-08 11:05:12.933] [main] [info] 970000 / 2197260 (44.15 %) Events processed ...
[2025-11-08 11:05:13.148] [main] [info] 980000 / 2197260 (44.60 %) Events processed ...
[2025-11-08 11:05:13.283] [main] [info] 990000 / 2197260 (45.06 %) Events processed ...
[2025-11-08 11:05:28.504] [main] [info] 1000000 / 2197260 (45.51 %) Events processed ...
[2025-11-08 11:05:28.728] [main] [info] 1010000 / 2197260 (45.97 %) Events processed ...
[2025-11-08 11:05:28.983] [main] [info] 1020000 / 2197260 (46.42 %) Events processed ...
[2025-11-08 11:05:29.122] [main] [info] 1030000 / 2197260 (46.88 %) Events processed ...
[2025-11-08 11:05:29.272] [main] [info] 1040000 / 2197260 (47.33 %) Events processed ...
[2025-11-08 11:05:29.653] [main] [info] 1050000 / 2197260 (47.79 %) Events processed ...
[2025-11-08 11:05:29.844] [main] [info] 1060000 / 2197260 (48.24 %) Events processed ...
[2025-11-08 11:05:45.138] [main] [info] 1070000 / 2197260 (48.70 %) Events processed ...
[2025-11-08 11:05:45.320] [main] [info] 1080000 / 2197260 (49.15 %) Events processed ...
[2025-11-08 11:05:45.540] [main] [info] 1090000 / 2197260 (49.61 %) Events processed ...
[2025-11-08 11:05:45.682] [main] [info] 1100000 / 2197260 (50.06 %) Events processed ...
[2025-11-08 11:05:45.826] [main] [info] 1110000 / 2197260 (50.52 %) Events processed ...
[2025-11-08 11:05:46.092] [main] [info] 1120000 / 2197260 (50.97 %) Events processed ...
[2025-11-08 11:05:46.237] [main] [info] 1130000 / 2197260 (51.43 %) Events processed ...
[2025-11-08 11:06:02.832] [main] [info] 1140000 / 2197260 (51.88 %) Events processed ...
[2025-11-08 11:06:02.987] [main] [info] 1150000 / 2197260 (52.34 %) Events processed ...
[2025-11-08 11:06:03.198] [main] [info] 1160000 / 2197260 (52.79 %) Events processed ...
[2025-11-08 11:06:03.337] [main] [info] 1170000 / 2197260 (53.25 %) Events processed ...
[2025-11-08 11:06:03.476] [main] [info] 1180000 / 2197260 (53.70 %) Events processed ...
[2025-11-08 11:06:03.633] [main] [info] 1190000 / 2197260 (54.16 %) Events processed ...
[2025-11-08 11:06:03.847] [main] [info] 1200000 / 2197260 (54.61 %) Events processed ...
[2025-11-08 11:06:18.747] [main] [info] 1210000 / 2197260 (55.07 %) Events processed ...
[2025-11-08 11:06:18.934] [main] [info] 1220000 / 2197260 (55.52 %) Events processed ...
[2025-11-08 11:06:19.217] [main] [info] 1230000 / 2197260 (55.98 %) Events processed ...
[2025-11-08 11:06:19.398] [main] [info] 1240000 / 2197260 (56.43 %) Events processed ...
[2025-11-08 11:06:19.579] [main] [info] 1250000 / 2197260 (56.89 %) Events processed ...
[2025-11-08 11:06:19.782] [main] [info] 1260000 / 2197260 (57.34 %) Events processed ...
[2025-11-08 11:06:20.058] [main] [info] 1270000 / 2197260 (57.80 %) Events processed ...
[2025-11-08 11:06:38.328] [main] [info] 1280000 / 2197260 (58.25 %) Events processed ...
[2025-11-08 11:06:38.337] [main] [info] 1290000 / 2197260 (58.71 %) Events processed ...
[2025-11-08 11:06:38.345] [main] [info] 1300000 / 2197260 (59.16 %) Events processed ...
[2025-11-08 11:06:38.644] [main] [info] 1310000 / 2197260 (59.62 %) Events processed ...
[2025-11-08 11:06:38.684] [main] [info] 1320000 / 2197260 (60.07 %) Events processed ...
[2025-11-08 11:06:38.692] [main] [info] 1330000 / 2197260 (60.53 %) Events processed ...
[2025-11-08 11:06:38.701] [main] [info] 1340000 / 2197260 (60.99 %) Events processed ...
[2025-11-08 11:06:54.165] [main] [info] 1350000 / 2197260 (61.44 %) Events processed ...
[2025-11-08 11:06:54.174] [main] [info] 1360000 / 2197260 (61.90 %) Events processed ...
[2025-11-08 11:06:54.363] [main] [info] 1370000 / 2197260 (62.35 %) Events processed ...
[2025-11-08 11:06:54.610] [main] [info] 1380000 / 2197260 (62.81 %) Events processed ...
[2025-11-08 11:06:54.824] [main] [info] 1390000 / 2197260 (63.26 %) Events processed ...
[2025-11-08 11:06:54.974] [main] [info] 1400000 / 2197260 (63.72 %) Events processed ...
[2025-11-08 11:06:55.208] [main] [info] 1410000 / 2197260 (64.17 %) Events processed ...
[2025-11-08 11:07:16.348] [main] [info] 1420000 / 2197260 (64.63 %) Events processed ...
[2025-11-08 11:07:16.533] [main] [info] 1430000 / 2197260 (65.08 %) Events processed ...
[2025-11-08 11:07:16.736] [main] [info] 1440000 / 2197260 (65.54 %) Events processed ...
[2025-11-08 11:07:17.004] [main] [info] 1450000 / 2197260 (65.99 %) Events processed ...
[2025-11-08 11:07:17.144] [main] [info] 1460000 / 2197260 (66.45 %) Events processed ...
[2025-11-08 11:07:17.294] [main] [info] 1470000 / 2197260 (66.90 %) Events processed ...
[2025-11-08 11:07:17.576] [main] [info] 1480000 / 2197260 (67.36 %) Events processed ...
[2025-11-08 11:07:27.656] [main] [info] 1490000 / 2197260 (67.81 %) Events processed ...
[2025-11-08 11:07:27.849] [main] [info] 1500000 / 2197260 (68.27 %) Events processed ...
[2025-11-08 11:07:28.054] [main] [info] 1510000 / 2197260 (68.72 %) Events processed ...
[2025-11-08 11:07:28.362] [main] [info] 1520000 / 2197260 (69.18 %) Events processed ...
[2025-11-08 11:07:28.528] [main] [info] 1530000 / 2197260 (69.63 %) Events processed ...
[2025-11-08 11:07:28.712] [main] [info] 1540000 / 2197260 (70.09 %) Events processed ...
[2025-11-08 11:07:28.947] [main] [info] 1550000 / 2197260 (70.54 %) Events processed ...
[2025-11-08 11:07:46.021] [main] [info] 1560000 / 2197260 (71.00 %) Events processed ...
[2025-11-08 11:07:46.169] [main] [info] 1570000 / 2197260 (71.45 %) Events processed ...
[2025-11-08 11:07:46.313] [main] [info] 1580000 / 2197260 (71.91 %) Events processed ...
[2025-11-08 11:07:46.536] [main] [info] 1590000 / 2197260 (72.36 %) Events processed ...
[2025-11-08 11:07:46.680] [main] [info] 1600000 / 2197260 (72.82 %) Events processed ...
[2025-11-08 11:07:46.818] [main] [info] 1610000 / 2197260 (73.27 %) Events processed ...
[2025-11-08 11:07:46.948] [main] [info] 1620000 / 2197260 (73.73 %) Events processed ...
[2025-11-08 11:08:01.491] [main] [info] 1630000 / 2197260 (74.18 %) Events processed ...
[2025-11-08 11:08:01.641] [main] [info] 1640000 / 2197260 (74.64 %) Events processed ...
[2025-11-08 11:08:01.776] [main] [info] 1650000 / 2197260 (75.09 %) Events processed ...
[2025-11-08 11:08:02.043] [main] [info] 1660000 / 2197260 (75.55 %) Events processed ...
[2025-11-08 11:08:02.182] [main] [info] 1670000 / 2197260 (76.00 %) Events processed ...
[2025-11-08 11:08:02.321] [main] [info] 1680000 / 2197260 (76.46 %) Events processed ...
[2025-11-08 11:08:02.470] [main] [info] 1690000 / 2197260 (76.91 %) Events processed ...
[2025-11-08 11:08:14.916] [main] [info] 1700000 / 2197260 (77.37 %) Events processed ...
[2025-11-08 11:08:15.104] [main] [info] 1710000 / 2197260 (77.82 %) Events processed ...
[2025-11-08 11:08:15.294] [main] [info] 1720000 / 2197260 (78.28 %) Events processed ...
[2025-11-08 11:08:15.500] [main] [info] 1730000 / 2197260 (78.73 %) Events processed ...
[2025-11-08 11:08:15.772] [main] [info] 1740000 / 2197260 (79.19 %) Events processed ...
[2025-11-08 11:08:15.937] [main] [info] 1750000 / 2197260 (79.64 %) Events processed ...
[2025-11-08 11:08:16.097] [main] [info] 1760000 / 2197260 (80.10 %) Events processed ...
[2025-11-08 11:08:28.074] [main] [info] 1770000 / 2197260 (80.55 %) Events processed ...
[2025-11-08 11:08:28.217] [main] [info] 1780000 / 2197260 (81.01 %) Events processed ...
[2025-11-08 11:08:28.361] [main] [info] 1790000 / 2197260 (81.47 %) Events processed ...
[2025-11-08 11:08:28.543] [main] [info] 1800000 / 2197260 (81.92 %) Events processed ...
[2025-11-08 11:08:28.781] [main] [info] 1810000 / 2197260 (82.38 %) Events processed ...
[2025-11-08 11:08:28.927] [main] [info] 1820000 / 2197260 (82.83 %) Events processed ...
[2025-11-08 11:08:29.072] [main] [info] 1830000 / 2197260 (83.29 %) Events processed ...
[2025-11-08 11:08:47.472] [main] [info] 1840000 / 2197260 (83.74 %) Events processed ...
[2025-11-08 11:08:47.668] [main] [info] 1850000 / 2197260 (84.20 %) Events processed ...
[2025-11-08 11:08:47.863] [main] [info] 1860000 / 2197260 (84.65 %) Events processed ...
[2025-11-08 11:08:48.066] [main] [info] 1870000 / 2197260 (85.11 %) Events processed ...
[2025-11-08 11:08:48.350] [main] [info] 1880000 / 2197260 (85.56 %) Events processed ...
[2025-11-08 11:08:48.500] [main] [info] 1890000 / 2197260 (86.02 %) Events processed ...
[2025-11-08 11:08:48.650] [main] [info] 1900000 / 2197260 (86.47 %) Events processed ...
[2025-11-08 11:08:48.806] [main] [info] 1910000 / 2197260 (86.93 %) Events processed ...
[2025-11-08 11:09:04.935] [main] [info] 1920000 / 2197260 (87.38 %) Events processed ...
[2025-11-08 11:09:05.126] [main] [info] 1930000 / 2197260 (87.84 %) Events processed ...
[2025-11-08 11:09:05.269] [main] [info] 1940000 / 2197260 (88.29 %) Events processed ...
[2025-11-08 11:09:05.521] [main] [info] 1950000 / 2197260 (88.75 %) Events processed ...
[2025-11-08 11:09:05.665] [main] [info] 1960000 / 2197260 (89.20 %) Events processed ...
[2025-11-08 11:09:05.829] [main] [info] 1970000 / 2197260 (89.66 %) Events processed ...
[2025-11-08 11:09:06.053] [main] [info] 1980000 / 2197260 (90.11 %) Events processed ...
[2025-11-08 11:09:25.098] [main] [info] 1990000 / 2197260 (90.57 %) Events processed ...
[2025-11-08 11:09:25.250] [main] [info] 2000000 / 2197260 (91.02 %) Events processed ...
[2025-11-08 11:09:25.391] [main] [info] 2010000 / 2197260 (91.48 %) Events processed ...
[2025-11-08 11:09:25.620] [main] [info] 2020000 / 2197260 (91.93 %) Events processed ...
[2025-11-08 11:09:25.767] [main] [info] 2030000 / 2197260 (92.39 %) Events processed ...
[2025-11-08 11:09:25.938] [main] [info] 2040000 / 2197260 (92.84 %) Events processed ...
[2025-11-08 11:09:26.113] [main] [info] 2050000 / 2197260 (93.30 %) Events processed ...
[2025-11-08 11:09:44.245] [main] [info] 2060000 / 2197260 (93.75 %) Events processed ...
[2025-11-08 11:09:44.403] [main] [info] 2070000 / 2197260 (94.21 %) Events processed ...
[2025-11-08 11:09:44.546] [main] [info] 2080000 / 2197260 (94.66 %) Events processed ...
[2025-11-08 11:09:44.699] [main] [info] 2090000 / 2197260 (95.12 %) Events processed ...
[2025-11-08 11:09:44.914] [main] [info] 2100000 / 2197260 (95.57 %) Events processed ...
[2025-11-08 11:09:45.083] [main] [info] 2110000 / 2197260 (96.03 %) Events processed ...
[2025-11-08 11:09:45.273] [main] [info] 2120000 / 2197260 (96.48 %) Events processed ...
[2025-11-08 11:10:04.067] [main] [info] 2130000 / 2197260 (96.94 %) Events processed ...
[2025-11-08 11:10:04.257] [main] [info] 2140000 / 2197260 (97.39 %) Events processed ...
[2025-11-08 11:10:04.419] [main] [info] 2150000 / 2197260 (97.85 %) Events processed ...
[2025-11-08 11:10:04.579] [main] [info] 2160000 / 2197260 (98.30 %) Events processed ...
[2025-11-08 11:10:04.798] [main] [info] 2170000 / 2197260 (98.76 %) Events processed ...
[2025-11-08 11:10:04.945] [main] [info] 2180000 / 2197260 (99.21 %) Events processed ...
[2025-11-08 11:10:05.094] [main] [info] 2190000 / 2197260 (99.67 %) Events processed ...
[2025-11-08 11:10:06.959] [main] [info] vbfhmm:
GoldenJSONFilter: pass=2114900    all=2197260    -- eff=96.25 % cumulative eff=96.25 %
Flag_goodVertices: pass=2111033    all=2114900    -- eff=99.82 % cumulative eff=96.08 %
Flag_globalSuperTightHalo2016Filter: pass=2110305    all=2111033    -- eff=99.97 % cumulative eff=96.04 %
Flag_EcalDeadCellTriggerPrimitiveFilter: pass=2110239    all=2110305    -- eff=100.00 % cumulative eff=96.04 %
Flag_BadPFMuonFilter: pass=2109110    all=2110239    -- eff=99.95 % cumulative eff=95.99 %
Flag_BadPFMuonDzFilter: pass=2108647    all=2109110    -- eff=99.98 % cumulative eff=95.97 %
Flag_eeBadScFilter: pass=2108647    all=2108647    -- eff=100.00 % cumulative eff=95.97 %
Flag_ecalBadCalibFilter: pass=2108537    all=2108647    -- eff=99.99 % cumulative eff=95.96 %
Flag_hfNoisyHitsFilter: pass=2104614    all=2108537    -- eff=99.81 % cumulative eff=95.78 %
Number of muons 2: pass=70881      all=2104614    -- eff=3.37 % cumulative eff=3.23 %
DiMuon From Higgs: pass=63560      all=70881      -- eff=89.67 % cumulative eff=2.89 %
LeptonChargeSum: pass=63537      all=63560      -- eff=99.96 % cumulative eff=2.89 %
[2025-11-08 11:10:07.810] [main] [info] Writing quantities map to /eos/user/j/jiahua/MC_2023BPix_inc/Muon1_Run2023D-24Jan2024_v1-v1/43393f41-2a0d-4167-a6b8-0da03edfafe2_vbfhmm.root
[2025-11-08 11:10:09.670] [main] [info] Finished Evaluation
[2025-11-08 11:10:09.670] [main] [info] Overall runtime (real time: 565.18, CPU time: 47.16)
