Starting job on \n
Running on: Linux b9g03p4884.cern.ch 5.14.0-570.44.1.el9_6.x86_64 #1 SMP PREEMPT_DYNAMIC Tue Sep 9 05:17:30 EDT 2025 x86_64 x86_64 x86_64 GNU/Linux\n
System software: Red Hat Enterprise Linux release 9.6 (Plow)\n
Setting up CROWN for RedHatEnterprise Version 9.6
subject   : /DC=ch/DC=cern/OU=Organic Units/OU=Users/CN=jiahua/CN=851532/CN=Jiahua Chen/CN=1735721823
issuer    : /DC=ch/DC=cern/OU=Organic Units/OU=Users/CN=jiahua/CN=851532/CN=Jiahua Chen
identity  : /DC=ch/DC=cern/OU=Organic Units/OU=Users/CN=jiahua/CN=851532/CN=Jiahua Chen
type      : RFC compliant proxy
strength  : 2048 bits
path      : /afs/cern.ch/user/j/jiahua/proxy/x509up_u139833
timeleft  : 196:38:58
key usage : Digital Signature, Key Encipherment
=== VO cms extension information ===
VO        : cms
subject   : /DC=ch/DC=cern/OU=Organic Units/OU=Users/CN=jiahua/CN=851532/CN=Jiahua Chen
issuer    : /DC=ch/DC=cern/OU=computers/CN=cms-auth.cern.ch
attribute : /cms/Role=NULL/Capability=NULL
timeleft  : 188:38:58
uri       : voms-cms-auth.cern.ch:15000
subject   : /DC=ch/DC=cern/OU=Organic Units/OU=Users/CN=jiahua/CN=851532/CN=Jiahua Chen/CN=1735721823
issuer    : /DC=ch/DC=cern/OU=Organic Units/OU=Users/CN=jiahua/CN=851532/CN=Jiahua Chen
identity  : /DC=ch/DC=cern/OU=Organic Units/OU=Users/CN=jiahua/CN=851532/CN=Jiahua Chen
type      : RFC compliant proxy
strength  : 2048 bits
path      : /afs/cern.ch/user/j/jiahua/proxy/x509up_u139833
timeleft  : 196:38:58
key usage : Digital Signature, Key Encipherment
=== VO cms extension information ===
VO        : cms
subject   : /DC=ch/DC=cern/OU=Organic Units/OU=Users/CN=jiahua/CN=851532/CN=Jiahua Chen
issuer    : /DC=ch/DC=cern/OU=computers/CN=cms-auth.cern.ch
attribute : /cms/Role=NULL/Capability=NULL
timeleft  : 188:38:58
uri       : voms-cms-auth.cern.ch:15000
/eos/user/j/jiahua/MC_2023BPix_inc/Muon0_Run2023D-24Jan2024_v2-v1/bc15e86e-4678-4e60-be6c-ad723aff6b04.root
[2025-11-08 11:00:01.870] [main] [info] Checking input files
[2025-11-08 11:00:07.415] [main] [info] NanoAOD input_file 1: root://cms-xrd-global.cern.ch//store/data/Run2023D/Muon0/NANOAOD/24Jan2024_v2-v1/2820000/bc15e86e-4678-4e60-be6c-ad723aff6b04.root - 2109412 Events
[2025-11-08 11:00:07.958] [main] [info] input_file 1: root://cms-xrd-global.cern.ch//store/data/Run2023D/Muon0/NANOAOD/24Jan2024_v2-v1/2820000/bc15e86e-4678-4e60-be6c-ad723aff6b04.root - SumOfGenWeight: 2.085994399595027e-309 
[2025-11-08 11:00:07.958] [main] [info] Output directory: /eos/user/j/jiahua/MC_2023BPix_inc/Muon0_Run2023D-24Jan2024_v2-v1/bc15e86e-4678-4e60-be6c-ad723aff6b04.root
[2025-11-08 11:00:07.959] [main] [info] Starting Setup of Dataframe with 2109412 events
[2025-11-08 11:00:10.229] [main] [info] Finished Setup
[2025-11-08 11:00:10.229] [main] [info] Runtime for setup (real time: 2.27, CPU time: 1.31)
[2025-11-08 11:00:10.229] [main] [info] Starting Evaluation
[2025-11-08 11:00:19.648] [main] [info] 10000 / 2109412 (0.47 %) Events processed ...
[2025-11-08 11:00:19.957] [main] [info] 20000 / 2109412 (0.95 %) Events processed ...
[2025-11-08 11:00:20.275] [main] [info] 30000 / 2109412 (1.42 %) Events processed ...
[2025-11-08 11:00:20.742] [main] [info] 40000 / 2109412 (1.90 %) Events processed ...
[2025-11-08 11:00:21.053] [main] [info] 50000 / 2109412 (2.37 %) Events processed ...
[2025-11-08 11:00:21.361] [main] [info] 60000 / 2109412 (2.84 %) Events processed ...
[2025-11-08 11:00:22.322] [main] [info] 70000 / 2109412 (3.32 %) Events processed ...
[2025-11-08 11:00:22.567] [main] [info] 80000 / 2109412 (3.79 %) Events processed ...
[2025-11-08 11:00:22.771] [main] [info] 90000 / 2109412 (4.27 %) Events processed ...
[2025-11-08 11:00:23.022] [main] [info] 100000 / 2109412 (4.74 %) Events processed ...
[2025-11-08 11:00:23.440] [main] [info] 110000 / 2109412 (5.21 %) Events processed ...
[2025-11-08 11:00:23.710] [main] [info] 120000 / 2109412 (5.69 %) Events processed ...
[2025-11-08 11:00:24.027] [main] [info] 130000 / 2109412 (6.16 %) Events processed ...
[2025-11-08 11:00:24.992] [main] [info] 140000 / 2109412 (6.64 %) Events processed ...
[2025-11-08 11:00:25.302] [main] [info] 150000 / 2109412 (7.11 %) Events processed ...
[2025-11-08 11:00:25.638] [main] [info] 160000 / 2109412 (7.59 %) Events processed ...
[2025-11-08 11:00:26.133] [main] [info] 170000 / 2109412 (8.06 %) Events processed ...
[2025-11-08 11:00:26.443] [main] [info] 180000 / 2109412 (8.53 %) Events processed ...
[2025-11-08 11:00:26.755] [main] [info] 190000 / 2109412 (9.01 %) Events processed ...
[2025-11-08 11:00:27.105] [main] [info] 200000 / 2109412 (9.48 %) Events processed ...
[2025-11-08 11:00:28.150] [main] [info] 210000 / 2109412 (9.96 %) Events processed ...
[2025-11-08 11:00:28.480] [main] [info] 220000 / 2109412 (10.43 %) Events processed ...
[2025-11-08 11:00:28.822] [main] [info] 230000 / 2109412 (10.90 %) Events processed ...
[2025-11-08 11:00:29.345] [main] [info] 240000 / 2109412 (11.38 %) Events processed ...
[2025-11-08 11:00:29.668] [main] [info] 250000 / 2109412 (11.85 %) Events processed ...
[2025-11-08 11:00:30.075] [main] [info] 260000 / 2109412 (12.33 %) Events processed ...
[2025-11-08 11:00:30.540] [main] [info] 270000 / 2109412 (12.80 %) Events processed ...
[2025-11-08 11:00:31.268] [main] [info] 280000 / 2109412 (13.27 %) Events processed ...
[2025-11-08 11:00:31.488] [main] [info] 290000 / 2109412 (13.75 %) Events processed ...
[2025-11-08 11:00:31.714] [main] [info] 300000 / 2109412 (14.22 %) Events processed ...
[2025-11-08 11:00:32.038] [main] [info] 310000 / 2109412 (14.70 %) Events processed ...
[2025-11-08 11:00:32.255] [main] [info] 320000 / 2109412 (15.17 %) Events processed ...
[2025-11-08 11:00:32.543] [main] [info] 330000 / 2109412 (15.64 %) Events processed ...
[2025-11-08 11:00:33.002] [main] [info] 340000 / 2109412 (16.12 %) Events processed ...
[2025-11-08 11:00:33.773] [main] [info] 350000 / 2109412 (16.59 %) Events processed ...
[2025-11-08 11:00:34.088] [main] [info] 360000 / 2109412 (17.07 %) Events processed ...
[2025-11-08 11:00:34.568] [main] [info] 370000 / 2109412 (17.54 %) Events processed ...
[2025-11-08 11:00:34.865] [main] [info] 380000 / 2109412 (18.01 %) Events processed ...
[2025-11-08 11:00:35.168] [main] [info] 390000 / 2109412 (18.49 %) Events processed ...
[2025-11-08 11:00:35.505] [main] [info] 400000 / 2109412 (18.96 %) Events processed ...
[2025-11-08 11:00:35.931] [main] [info] 410000 / 2109412 (19.44 %) Events processed ...
[2025-11-08 11:00:36.808] [main] [info] 420000 / 2109412 (19.91 %) Events processed ...
[2025-11-08 11:00:37.132] [main] [info] 430000 / 2109412 (20.38 %) Events processed ...
[2025-11-08 11:00:37.575] [main] [info] 440000 / 2109412 (20.86 %) Events processed ...
[2025-11-08 11:00:37.879] [main] [info] 450000 / 2109412 (21.33 %) Events processed ...
[2025-11-08 11:00:38.176] [main] [info] 460000 / 2109412 (21.81 %) Events processed ...
[2025-11-08 11:00:38.614] [main] [info] 470000 / 2109412 (22.28 %) Events processed ...
[2025-11-08 11:00:38.903] [main] [info] 480000 / 2109412 (22.76 %) Events processed ...
[2025-11-08 11:00:39.981] [main] [info] 490000 / 2109412 (23.23 %) Events processed ...
[2025-11-08 11:00:40.312] [main] [info] 500000 / 2109412 (23.70 %) Events processed ...
[2025-11-08 11:00:40.795] [main] [info] 510000 / 2109412 (24.18 %) Events processed ...
[2025-11-08 11:00:41.072] [main] [info] 520000 / 2109412 (24.65 %) Events processed ...
[2025-11-08 11:00:41.358] [main] [info] 530000 / 2109412 (25.13 %) Events processed ...
[2025-11-08 11:00:41.802] [main] [info] 540000 / 2109412 (25.60 %) Events processed ...
[2025-11-08 11:00:42.092] [main] [info] 550000 / 2109412 (26.07 %) Events processed ...
[2025-11-08 11:00:42.891] [main] [info] 560000 / 2109412 (26.55 %) Events processed ...
[2025-11-08 11:00:43.359] [main] [info] 570000 / 2109412 (27.02 %) Events processed ...
[2025-11-08 11:00:43.658] [main] [info] 580000 / 2109412 (27.50 %) Events processed ...
[2025-11-08 11:00:43.908] [main] [info] 590000 / 2109412 (27.97 %) Events processed ...
[2025-11-08 11:00:44.125] [main] [info] 600000 / 2109412 (28.44 %) Events processed ...
[2025-11-08 11:00:44.422] [main] [info] 610000 / 2109412 (28.92 %) Events processed ...
[2025-11-08 11:00:44.613] [main] [info] 620000 / 2109412 (29.39 %) Events processed ...
[2025-11-08 11:00:45.436] [main] [info] 630000 / 2109412 (29.87 %) Events processed ...
[2025-11-08 11:00:45.862] [main] [info] 640000 / 2109412 (30.34 %) Events processed ...
[2025-11-08 11:00:46.051] [main] [info] 650000 / 2109412 (30.81 %) Events processed ...
[2025-11-08 11:00:46.249] [main] [info] 660000 / 2109412 (31.29 %) Events processed ...
[2025-11-08 11:00:46.553] [main] [info] 670000 / 2109412 (31.76 %) Events processed ...
[2025-11-08 11:00:46.747] [main] [info] 680000 / 2109412 (32.24 %) Events processed ...
[2025-11-08 11:00:46.934] [main] [info] 690000 / 2109412 (32.71 %) Events processed ...
[2025-11-08 11:00:47.717] [main] [info] 700000 / 2109412 (33.18 %) Events processed ...
[2025-11-08 11:00:48.068] [main] [info] 710000 / 2109412 (33.66 %) Events processed ...
[2025-11-08 11:00:48.262] [main] [info] 720000 / 2109412 (34.13 %) Events processed ...
[2025-11-08 11:00:48.467] [main] [info] 730000 / 2109412 (34.61 %) Events processed ...
[2025-11-08 11:00:48.899] [main] [info] 740000 / 2109412 (35.08 %) Events processed ...
[2025-11-08 11:00:49.296] [main] [info] 750000 / 2109412 (35.55 %) Events processed ...
[2025-11-08 11:00:49.473] [main] [info] 760000 / 2109412 (36.03 %) Events processed ...
[2025-11-08 11:00:50.343] [main] [info] 770000 / 2109412 (36.50 %) Events processed ...
[2025-11-08 11:00:50.635] [main] [info] 780000 / 2109412 (36.98 %) Events processed ...
[2025-11-08 11:00:50.930] [main] [info] 790000 / 2109412 (37.45 %) Events processed ...
[2025-11-08 11:00:51.246] [main] [info] 800000 / 2109412 (37.93 %) Events processed ...
[2025-11-08 11:00:51.587] [main] [info] 810000 / 2109412 (38.40 %) Events processed ...
[2025-11-08 11:00:51.809] [main] [info] 820000 / 2109412 (38.87 %) Events processed ...
[2025-11-08 11:00:52.026] [main] [info] 830000 / 2109412 (39.35 %) Events processed ...
[2025-11-08 11:00:52.939] [main] [info] 840000 / 2109412 (39.82 %) Events processed ...
[2025-11-08 11:00:53.263] [main] [info] 850000 / 2109412 (40.30 %) Events processed ...
[2025-11-08 11:00:53.491] [main] [info] 860000 / 2109412 (40.77 %) Events processed ...
[2025-11-08 11:00:53.754] [main] [info] 870000 / 2109412 (41.24 %) Events processed ...
[2025-11-08 11:00:54.232] [main] [info] 880000 / 2109412 (41.72 %) Events processed ...
[2025-11-08 11:00:54.451] [main] [info] 890000 / 2109412 (42.19 %) Events processed ...
[2025-11-08 11:00:54.658] [main] [info] 900000 / 2109412 (42.67 %) Events processed ...
[2025-11-08 11:00:55.689] [main] [info] 910000 / 2109412 (43.14 %) Events processed ...
[2025-11-08 11:00:55.893] [main] [info] 920000 / 2109412 (43.61 %) Events processed ...
[2025-11-08 11:00:56.112] [main] [info] 930000 / 2109412 (44.09 %) Events processed ...
[2025-11-08 11:00:56.418] [main] [info] 940000 / 2109412 (44.56 %) Events processed ...
[2025-11-08 11:00:56.613] [main] [info] 950000 / 2109412 (45.04 %) Events processed ...
[2025-11-08 11:00:56.843] [main] [info] 960000 / 2109412 (45.51 %) Events processed ...
[2025-11-08 11:00:57.064] [main] [info] 970000 / 2109412 (45.98 %) Events processed ...
[2025-11-08 11:00:57.926] [main] [info] 980000 / 2109412 (46.46 %) Events processed ...
[2025-11-08 11:00:58.186] [main] [info] 990000 / 2109412 (46.93 %) Events processed ...
[2025-11-08 11:00:58.398] [main] [info] 1000000 / 2109412 (47.41 %) Events processed ...
[2025-11-08 11:00:59.137] [main] [info] 1010000 / 2109412 (47.88 %) Events processed ...
[2025-11-08 11:00:59.439] [main] [info] 1020000 / 2109412 (48.35 %) Events processed ...
[2025-11-08 11:00:59.743] [main] [info] 1030000 / 2109412 (48.83 %) Events processed ...
[2025-11-08 11:01:01.102] [main] [info] 1040000 / 2109412 (49.30 %) Events processed ...
[2025-11-08 11:01:01.398] [main] [info] 1050000 / 2109412 (49.78 %) Events processed ...
[2025-11-08 11:01:01.681] [main] [info] 1060000 / 2109412 (50.25 %) Events processed ...
[2025-11-08 11:01:01.998] [main] [info] 1070000 / 2109412 (50.73 %) Events processed ...
[2025-11-08 11:01:02.431] [main] [info] 1080000 / 2109412 (51.20 %) Events processed ...
[2025-11-08 11:01:02.725] [main] [info] 1090000 / 2109412 (51.67 %) Events processed ...
[2025-11-08 11:01:03.037] [main] [info] 1100000 / 2109412 (52.15 %) Events processed ...
[2025-11-08 11:01:04.169] [main] [info] 1110000 / 2109412 (52.62 %) Events processed ...
[2025-11-08 11:01:04.467] [main] [info] 1120000 / 2109412 (53.10 %) Events processed ...
[2025-11-08 11:01:04.749] [main] [info] 1130000 / 2109412 (53.57 %) Events processed ...
[2025-11-08 11:01:05.159] [main] [info] 1140000 / 2109412 (54.04 %) Events processed ...
[2025-11-08 11:01:05.350] [main] [info] 1150000 / 2109412 (54.52 %) Events processed ...
[2025-11-08 11:01:05.554] [main] [info] 1160000 / 2109412 (54.99 %) Events processed ...
[2025-11-08 11:01:05.780] [main] [info] 1170000 / 2109412 (55.47 %) Events processed ...
[2025-11-08 11:01:06.635] [main] [info] 1180000 / 2109412 (55.94 %) Events processed ...
[2025-11-08 11:01:06.884] [main] [info] 1190000 / 2109412 (56.41 %) Events processed ...
[2025-11-08 11:01:07.092] [main] [info] 1200000 / 2109412 (56.89 %) Events processed ...
[2025-11-08 11:01:07.404] [main] [info] 1210000 / 2109412 (57.36 %) Events processed ...
[2025-11-08 11:01:07.606] [main] [info] 1220000 / 2109412 (57.84 %) Events processed ...
[2025-11-08 11:01:07.805] [main] [info] 1230000 / 2109412 (58.31 %) Events processed ...
[2025-11-08 11:01:08.235] [main] [info] 1240000 / 2109412 (58.78 %) Events processed ...
[2025-11-08 11:01:08.953] [main] [info] 1250000 / 2109412 (59.26 %) Events processed ...
[2025-11-08 11:01:09.260] [main] [info] 1260000 / 2109412 (59.73 %) Events processed ...
[2025-11-08 11:01:09.539] [main] [info] 1270000 / 2109412 (60.21 %) Events processed ...
[2025-11-08 11:01:09.831] [main] [info] 1280000 / 2109412 (60.68 %) Events processed ...
[2025-11-08 11:01:10.058] [main] [info] 1290000 / 2109412 (61.15 %) Events processed ...
[2025-11-08 11:01:10.376] [main] [info] 1300000 / 2109412 (61.63 %) Events processed ...
[2025-11-08 11:01:10.822] [main] [info] 1310000 / 2109412 (62.10 %) Events processed ...
[2025-11-08 11:01:11.544] [main] [info] 1320000 / 2109412 (62.58 %) Events processed ...
[2025-11-08 11:01:11.838] [main] [info] 1330000 / 2109412 (63.05 %) Events processed ...
[2025-11-08 11:01:12.321] [main] [info] 1340000 / 2109412 (63.52 %) Events processed ...
[2025-11-08 11:01:12.622] [main] [info] 1350000 / 2109412 (64.00 %) Events processed ...
[2025-11-08 11:01:12.911] [main] [info] 1360000 / 2109412 (64.47 %) Events processed ...
[2025-11-08 11:01:13.236] [main] [info] 1370000 / 2109412 (64.95 %) Events processed ...
[2025-11-08 11:01:13.672] [main] [info] 1380000 / 2109412 (65.42 %) Events processed ...
[2025-11-08 11:01:14.554] [main] [info] 1390000 / 2109412 (65.90 %) Events processed ...
[2025-11-08 11:01:14.782] [main] [info] 1400000 / 2109412 (66.37 %) Events processed ...
[2025-11-08 11:01:14.793] [main] [info] 1410000 / 2109412 (66.84 %) Events processed ...
[2025-11-08 11:01:15.207] [main] [info] 1420000 / 2109412 (67.32 %) Events processed ...
[2025-11-08 11:01:15.516] [main] [info] 1430000 / 2109412 (67.79 %) Events processed ...
[2025-11-08 11:01:15.972] [main] [info] 1440000 / 2109412 (68.27 %) Events processed ...
[2025-11-08 11:01:16.253] [main] [info] 1450000 / 2109412 (68.74 %) Events processed ...
[2025-11-08 11:01:17.400] [main] [info] 1460000 / 2109412 (69.21 %) Events processed ...
[2025-11-08 11:01:17.733] [main] [info] 1470000 / 2109412 (69.69 %) Events processed ...
[2025-11-08 11:01:18.139] [main] [info] 1480000 / 2109412 (70.16 %) Events processed ...
[2025-11-08 11:01:18.335] [main] [info] 1490000 / 2109412 (70.64 %) Events processed ...
[2025-11-08 11:01:18.550] [main] [info] 1500000 / 2109412 (71.11 %) Events processed ...
[2025-11-08 11:01:18.884] [main] [info] 1510000 / 2109412 (71.58 %) Events processed ...
[2025-11-08 11:01:19.116] [main] [info] 1520000 / 2109412 (72.06 %) Events processed ...
[2025-11-08 11:01:20.062] [main] [info] 1530000 / 2109412 (72.53 %) Events processed ...
[2025-11-08 11:01:20.555] [main] [info] 1540000 / 2109412 (73.01 %) Events processed ...
[2025-11-08 11:01:20.867] [main] [info] 1550000 / 2109412 (73.48 %) Events processed ...
[2025-11-08 11:01:21.178] [main] [info] 1560000 / 2109412 (73.95 %) Events processed ...
[2025-11-08 11:01:21.585] [main] [info] 1570000 / 2109412 (74.43 %) Events processed ...
[2025-11-08 11:01:22.045] [main] [info] 1580000 / 2109412 (74.90 %) Events processed ...
[2025-11-08 11:01:22.357] [main] [info] 1590000 / 2109412 (75.38 %) Events processed ...
[2025-11-08 11:01:23.223] [main] [info] 1600000 / 2109412 (75.85 %) Events processed ...
[2025-11-08 11:01:23.709] [main] [info] 1610000 / 2109412 (76.32 %) Events processed ...
[2025-11-08 11:01:24.023] [main] [info] 1620000 / 2109412 (76.80 %) Events processed ...
[2025-11-08 11:01:24.336] [main] [info] 1630000 / 2109412 (77.27 %) Events processed ...
[2025-11-08 11:01:24.799] [main] [info] 1640000 / 2109412 (77.75 %) Events processed ...
[2025-11-08 11:01:24.996] [main] [info] 1650000 / 2109412 (78.22 %) Events processed ...
[2025-11-08 11:01:25.192] [main] [info] 1660000 / 2109412 (78.69 %) Events processed ...
[2025-11-08 11:01:25.864] [main] [info] 1670000 / 2109412 (79.17 %) Events processed ...
[2025-11-08 11:01:26.163] [main] [info] 1680000 / 2109412 (79.64 %) Events processed ...
[2025-11-08 11:01:26.366] [main] [info] 1690000 / 2109412 (80.12 %) Events processed ...
[2025-11-08 11:01:26.684] [main] [info] 1700000 / 2109412 (80.59 %) Events processed ...
[2025-11-08 11:01:27.003] [main] [info] 1710000 / 2109412 (81.07 %) Events processed ...
[2025-11-08 11:01:27.204] [main] [info] 1720000 / 2109412 (81.54 %) Events processed ...
[2025-11-08 11:01:27.435] [main] [info] 1730000 / 2109412 (82.01 %) Events processed ...
[2025-11-08 11:01:28.335] [main] [info] 1740000 / 2109412 (82.49 %) Events processed ...
[2025-11-08 11:01:28.746] [main] [info] 1750000 / 2109412 (82.96 %) Events processed ...
[2025-11-08 11:01:29.031] [main] [info] 1760000 / 2109412 (83.44 %) Events processed ...
[2025-11-08 11:01:29.331] [main] [info] 1770000 / 2109412 (83.91 %) Events processed ...
[2025-11-08 11:01:29.775] [main] [info] 1780000 / 2109412 (84.38 %) Events processed ...
[2025-11-08 11:01:30.060] [main] [info] 1790000 / 2109412 (84.86 %) Events processed ...
[2025-11-08 11:01:30.339] [main] [info] 1800000 / 2109412 (85.33 %) Events processed ...
[2025-11-08 11:01:31.297] [main] [info] 1810000 / 2109412 (85.81 %) Events processed ...
[2025-11-08 11:01:31.523] [main] [info] 1820000 / 2109412 (86.28 %) Events processed ...
[2025-11-08 11:01:31.719] [main] [info] 1830000 / 2109412 (86.75 %) Events processed ...
[2025-11-08 11:01:32.060] [main] [info] 1840000 / 2109412 (87.23 %) Events processed ...
[2025-11-08 11:01:32.365] [main] [info] 1850000 / 2109412 (87.70 %) Events processed ...
[2025-11-08 11:01:32.569] [main] [info] 1860000 / 2109412 (88.18 %) Events processed ...
[2025-11-08 11:01:32.785] [main] [info] 1870000 / 2109412 (88.65 %) Events processed ...
[2025-11-08 11:01:33.685] [main] [info] 1880000 / 2109412 (89.12 %) Events processed ...
[2025-11-08 11:01:33.985] [main] [info] 1890000 / 2109412 (89.60 %) Events processed ...
[2025-11-08 11:01:34.303] [main] [info] 1900000 / 2109412 (90.07 %) Events processed ...
[2025-11-08 11:01:34.786] [main] [info] 1910000 / 2109412 (90.55 %) Events processed ...
[2025-11-08 11:01:35.092] [main] [info] 1920000 / 2109412 (91.02 %) Events processed ...
[2025-11-08 11:01:35.407] [main] [info] 1930000 / 2109412 (91.49 %) Events processed ...
[2025-11-08 11:01:35.758] [main] [info] 1940000 / 2109412 (91.97 %) Events processed ...
[2025-11-08 11:01:36.683] [main] [info] 1950000 / 2109412 (92.44 %) Events processed ...
[2025-11-08 11:01:36.986] [main] [info] 1960000 / 2109412 (92.92 %) Events processed ...
[2025-11-08 11:01:37.293] [main] [info] 1970000 / 2109412 (93.39 %) Events processed ...
[2025-11-08 11:01:37.766] [main] [info] 1980000 / 2109412 (93.87 %) Events processed ...
[2025-11-08 11:01:38.092] [main] [info] 1990000 / 2109412 (94.34 %) Events processed ...
[2025-11-08 11:01:38.346] [main] [info] 2000000 / 2109412 (94.81 %) Events processed ...
[2025-11-08 11:01:39.365] [main] [info] 2010000 / 2109412 (95.29 %) Events processed ...
[2025-11-08 11:01:39.648] [main] [info] 2020000 / 2109412 (95.76 %) Events processed ...
[2025-11-08 11:01:39.890] [main] [info] 2030000 / 2109412 (96.24 %) Events processed ...
[2025-11-08 11:01:40.117] [main] [info] 2040000 / 2109412 (96.71 %) Events processed ...
[2025-11-08 11:01:40.414] [main] [info] 2050000 / 2109412 (97.18 %) Events processed ...
[2025-11-08 11:01:40.622] [main] [info] 2060000 / 2109412 (97.66 %) Events processed ...
[2025-11-08 11:01:40.832] [main] [info] 2070000 / 2109412 (98.13 %) Events processed ...
[2025-11-08 11:01:41.543] [main] [info] 2080000 / 2109412 (98.61 %) Events processed ...
[2025-11-08 11:01:41.840] [main] [info] 2090000 / 2109412 (99.08 %) Events processed ...
[2025-11-08 11:01:42.147] [main] [info] 2100000 / 2109412 (99.55 %) Events processed ...
[2025-11-08 11:01:42.779] [main] [info] vbfhmm:
GoldenJSONFilter: pass=2083358    all=2109412    -- eff=98.76 % cumulative eff=98.76 %
Flag_goodVertices: pass=2079579    all=2083358    -- eff=99.82 % cumulative eff=98.59 %
Flag_globalSuperTightHalo2016Filter: pass=2078891    all=2079579    -- eff=99.97 % cumulative eff=98.55 %
Flag_EcalDeadCellTriggerPrimitiveFilter: pass=2078835    all=2078891    -- eff=100.00 % cumulative eff=98.55 %
Flag_BadPFMuonFilter: pass=2077718    all=2078835    -- eff=99.95 % cumulative eff=98.50 %
Flag_BadPFMuonDzFilter: pass=2077322    all=2077718    -- eff=99.98 % cumulative eff=98.48 %
Flag_eeBadScFilter: pass=2077322    all=2077322    -- eff=100.00 % cumulative eff=98.48 %
Flag_ecalBadCalibFilter: pass=2077220    all=2077322    -- eff=100.00 % cumulative eff=98.47 %
Flag_hfNoisyHitsFilter: pass=2073393    all=2077220    -- eff=99.82 % cumulative eff=98.29 %
Number of muons 2: pass=71416      all=2073393    -- eff=3.44 % cumulative eff=3.39 %
DiMuon From Higgs: pass=63839      all=71416      -- eff=89.39 % cumulative eff=3.03 %
LeptonChargeSum: pass=63813      all=63839      -- eff=99.96 % cumulative eff=3.03 %
[2025-11-08 11:01:43.016] [main] [info] Writing quantities map to /eos/user/j/jiahua/MC_2023BPix_inc/Muon0_Run2023D-24Jan2024_v2-v1/bc15e86e-4678-4e60-be6c-ad723aff6b04_vbfhmm.root
[2025-11-08 11:01:43.083] [main] [info] Finished Evaluation
[2025-11-08 11:01:43.083] [main] [info] Overall runtime (real time: 95.12, CPU time: 75.55)
