Starting job on \n
Running on: Linux b9p31p1177.cern.ch 5.14.0-570.44.1.el9_6.x86_64 #1 SMP PREEMPT_DYNAMIC Tue Sep 9 05:17:30 EDT 2025 x86_64 x86_64 x86_64 GNU/Linux\n
System software: Red Hat Enterprise Linux release 9.6 (Plow)\n
Setting up CROWN for RedHatEnterprise Version 9.6
subject   : /DC=ch/DC=cern/OU=Organic Units/OU=Users/CN=jiahua/CN=851532/CN=Jiahua Chen/CN=1735721823
issuer    : /DC=ch/DC=cern/OU=Organic Units/OU=Users/CN=jiahua/CN=851532/CN=Jiahua Chen
identity  : /DC=ch/DC=cern/OU=Organic Units/OU=Users/CN=jiahua/CN=851532/CN=Jiahua Chen
type      : RFC compliant proxy
strength  : 2048 bits
path      : /afs/cern.ch/user/j/jiahua/proxy/x509up_u139833
timeleft  : 196:38:33
key usage : Digital Signature, Key Encipherment
=== VO cms extension information ===
VO        : cms
subject   : /DC=ch/DC=cern/OU=Organic Units/OU=Users/CN=jiahua/CN=851532/CN=Jiahua Chen
issuer    : /DC=ch/DC=cern/OU=computers/CN=cms-auth.cern.ch
attribute : /cms/Role=NULL/Capability=NULL
timeleft  : 188:38:33
uri       : voms-cms-auth.cern.ch:15000
subject   : /DC=ch/DC=cern/OU=Organic Units/OU=Users/CN=jiahua/CN=851532/CN=Jiahua Chen/CN=1735721823
issuer    : /DC=ch/DC=cern/OU=Organic Units/OU=Users/CN=jiahua/CN=851532/CN=Jiahua Chen
identity  : /DC=ch/DC=cern/OU=Organic Units/OU=Users/CN=jiahua/CN=851532/CN=Jiahua Chen
type      : RFC compliant proxy
strength  : 2048 bits
path      : /afs/cern.ch/user/j/jiahua/proxy/x509up_u139833
timeleft  : 196:38:33
key usage : Digital Signature, Key Encipherment
=== VO cms extension information ===
VO        : cms
subject   : /DC=ch/DC=cern/OU=Organic Units/OU=Users/CN=jiahua/CN=851532/CN=Jiahua Chen
issuer    : /DC=ch/DC=cern/OU=computers/CN=cms-auth.cern.ch
attribute : /cms/Role=NULL/Capability=NULL
timeleft  : 188:38:33
uri       : voms-cms-auth.cern.ch:15000
/eos/user/j/jiahua/MC_2023BPix_inc/Muon0_Run2023D-24Jan2024_v1-v1/4f8b31c0-40c1-4b59-96bb-0a610d298347.root
[2025-11-08 11:00:25.786] [main] [info] Checking input files
[2025-11-08 11:00:30.653] [main] [info] NanoAOD input_file 1: root://cms-xrd-global.cern.ch//store/data/Run2023D/Muon0/NANOAOD/24Jan2024_v1-v1/30000/4f8b31c0-40c1-4b59-96bb-0a610d298347.root - 1489042 Events
[2025-11-08 11:00:30.671] [main] [info] input_file 1: root://cms-xrd-global.cern.ch//store/data/Run2023D/Muon0/NANOAOD/24Jan2024_v1-v1/30000/4f8b31c0-40c1-4b59-96bb-0a610d298347.root - SumOfGenWeight: 2.085855606342734e-309 
[2025-11-08 11:00:30.671] [main] [info] Output directory: /eos/user/j/jiahua/MC_2023BPix_inc/Muon0_Run2023D-24Jan2024_v1-v1/4f8b31c0-40c1-4b59-96bb-0a610d298347.root
[2025-11-08 11:00:30.672] [main] [info] Starting Setup of Dataframe with 1489042 events
[2025-11-08 11:00:31.621] [main] [info] Finished Setup
[2025-11-08 11:00:31.621] [main] [info] Runtime for setup (real time: 0.95, CPU time: 0.74)
[2025-11-08 11:00:31.621] [main] [info] Starting Evaluation
[2025-11-08 11:00:39.464] [main] [info] 10000 / 1489042 (0.67 %) Events processed ...
[2025-11-08 11:00:39.667] [main] [info] 20000 / 1489042 (1.34 %) Events processed ...
[2025-11-08 11:00:39.876] [main] [info] 30000 / 1489042 (2.01 %) Events processed ...
[2025-11-08 11:00:40.189] [main] [info] 40000 / 1489042 (2.69 %) Events processed ...
[2025-11-08 11:00:40.401] [main] [info] 50000 / 1489042 (3.36 %) Events processed ...
[2025-11-08 11:00:40.609] [main] [info] 60000 / 1489042 (4.03 %) Events processed ...
[2025-11-08 11:00:40.826] [main] [info] 70000 / 1489042 (4.70 %) Events processed ...
[2025-11-08 11:00:41.705] [main] [info] 80000 / 1489042 (5.37 %) Events processed ...
[2025-11-08 11:00:41.921] [main] [info] 90000 / 1489042 (6.04 %) Events processed ...
[2025-11-08 11:00:42.130] [main] [info] 100000 / 1489042 (6.72 %) Events processed ...
[2025-11-08 11:00:42.327] [main] [info] 110000 / 1489042 (7.39 %) Events processed ...
[2025-11-08 11:00:42.540] [main] [info] 120000 / 1489042 (8.06 %) Events processed ...
[2025-11-08 11:00:42.683] [main] [info] 130000 / 1489042 (8.73 %) Events processed ...
[2025-11-08 11:00:42.827] [main] [info] 140000 / 1489042 (9.40 %) Events processed ...
[2025-11-08 11:00:43.457] [main] [info] 150000 / 1489042 (10.07 %) Events processed ...
[2025-11-08 11:00:43.753] [main] [info] 160000 / 1489042 (10.75 %) Events processed ...
[2025-11-08 11:00:43.955] [main] [info] 170000 / 1489042 (11.42 %) Events processed ...
[2025-11-08 11:00:44.155] [main] [info] 180000 / 1489042 (12.09 %) Events processed ...
[2025-11-08 11:00:44.371] [main] [info] 190000 / 1489042 (12.76 %) Events processed ...
[2025-11-08 11:00:44.669] [main] [info] 200000 / 1489042 (13.43 %) Events processed ...
[2025-11-08 11:00:44.864] [main] [info] 210000 / 1489042 (14.10 %) Events processed ...
[2025-11-08 11:00:45.807] [main] [info] 220000 / 1489042 (14.77 %) Events processed ...
[2025-11-08 11:00:46.136] [main] [info] 230000 / 1489042 (15.45 %) Events processed ...
[2025-11-08 11:00:46.295] [main] [info] 240000 / 1489042 (16.12 %) Events processed ...
[2025-11-08 11:00:46.439] [main] [info] 250000 / 1489042 (16.79 %) Events processed ...
[2025-11-08 11:00:46.625] [main] [info] 260000 / 1489042 (17.46 %) Events processed ...
[2025-11-08 11:00:46.994] [main] [info] 270000 / 1489042 (18.13 %) Events processed ...
[2025-11-08 11:00:47.202] [main] [info] 280000 / 1489042 (18.80 %) Events processed ...
[2025-11-08 11:00:47.855] [main] [info] 290000 / 1489042 (19.48 %) Events processed ...
[2025-11-08 11:00:48.094] [main] [info] 300000 / 1489042 (20.15 %) Events processed ...
[2025-11-08 11:00:48.344] [main] [info] 310000 / 1489042 (20.82 %) Events processed ...
[2025-11-08 11:00:48.489] [main] [info] 320000 / 1489042 (21.49 %) Events processed ...
[2025-11-08 11:00:48.633] [main] [info] 330000 / 1489042 (22.16 %) Events processed ...
[2025-11-08 11:00:48.790] [main] [info] 340000 / 1489042 (22.83 %) Events processed ...
[2025-11-08 11:00:49.010] [main] [info] 350000 / 1489042 (23.51 %) Events processed ...
[2025-11-08 11:00:49.757] [main] [info] 360000 / 1489042 (24.18 %) Events processed ...
[2025-11-08 11:00:49.903] [main] [info] 370000 / 1489042 (24.85 %) Events processed ...
[2025-11-08 11:00:50.119] [main] [info] 380000 / 1489042 (25.52 %) Events processed ...
[2025-11-08 11:00:50.403] [main] [info] 390000 / 1489042 (26.19 %) Events processed ...
[2025-11-08 11:00:50.555] [main] [info] 400000 / 1489042 (26.86 %) Events processed ...
[2025-11-08 11:00:50.747] [main] [info] 410000 / 1489042 (27.53 %) Events processed ...
[2025-11-08 11:00:51.044] [main] [info] 420000 / 1489042 (28.21 %) Events processed ...
[2025-11-08 11:00:51.672] [main] [info] 430000 / 1489042 (28.88 %) Events processed ...
[2025-11-08 11:00:51.863] [main] [info] 440000 / 1489042 (29.55 %) Events processed ...
[2025-11-08 11:00:52.070] [main] [info] 450000 / 1489042 (30.22 %) Events processed ...
[2025-11-08 11:00:52.368] [main] [info] 460000 / 1489042 (30.89 %) Events processed ...
[2025-11-08 11:00:52.559] [main] [info] 470000 / 1489042 (31.56 %) Events processed ...
[2025-11-08 11:00:52.747] [main] [info] 480000 / 1489042 (32.24 %) Events processed ...
[2025-11-08 11:00:52.949] [main] [info] 490000 / 1489042 (32.91 %) Events processed ...
[2025-11-08 11:00:53.676] [main] [info] 500000 / 1489042 (33.58 %) Events processed ...
[2025-11-08 11:00:53.822] [main] [info] 510000 / 1489042 (34.25 %) Events processed ...
[2025-11-08 11:00:53.968] [main] [info] 520000 / 1489042 (34.92 %) Events processed ...
[2025-11-08 11:00:54.135] [main] [info] 530000 / 1489042 (35.59 %) Events processed ...
[2025-11-08 11:00:54.420] [main] [info] 540000 / 1489042 (36.26 %) Events processed ...
[2025-11-08 11:00:54.665] [main] [info] 550000 / 1489042 (36.94 %) Events processed ...
[2025-11-08 11:00:54.808] [main] [info] 560000 / 1489042 (37.61 %) Events processed ...
[2025-11-08 11:00:54.969] [main] [info] 570000 / 1489042 (38.28 %) Events processed ...
[2025-11-08 11:00:55.680] [main] [info] 580000 / 1489042 (38.95 %) Events processed ...
[2025-11-08 11:00:55.885] [main] [info] 590000 / 1489042 (39.62 %) Events processed ...
[2025-11-08 11:00:56.088] [main] [info] 600000 / 1489042 (40.29 %) Events processed ...
[2025-11-08 11:00:56.275] [main] [info] 610000 / 1489042 (40.97 %) Events processed ...
[2025-11-08 11:00:56.504] [main] [info] 620000 / 1489042 (41.64 %) Events processed ...
[2025-11-08 11:00:56.650] [main] [info] 630000 / 1489042 (42.31 %) Events processed ...
[2025-11-08 11:00:56.802] [main] [info] 640000 / 1489042 (42.98 %) Events processed ...
[2025-11-08 11:00:57.508] [main] [info] 650000 / 1489042 (43.65 %) Events processed ...
[2025-11-08 11:00:57.663] [main] [info] 660000 / 1489042 (44.32 %) Events processed ...
[2025-11-08 11:00:57.805] [main] [info] 670000 / 1489042 (45.00 %) Events processed ...
[2025-11-08 11:00:57.963] [main] [info] 680000 / 1489042 (45.67 %) Events processed ...
[2025-11-08 11:00:58.188] [main] [info] 690000 / 1489042 (46.34 %) Events processed ...
[2025-11-08 11:00:58.329] [main] [info] 700000 / 1489042 (47.01 %) Events processed ...
[2025-11-08 11:00:58.499] [main] [info] 710000 / 1489042 (47.68 %) Events processed ...
[2025-11-08 11:00:59.117] [main] [info] 720000 / 1489042 (48.35 %) Events processed ...
[2025-11-08 11:00:59.414] [main] [info] 730000 / 1489042 (49.02 %) Events processed ...
[2025-11-08 11:00:59.614] [main] [info] 740000 / 1489042 (49.70 %) Events processed ...
[2025-11-08 11:00:59.819] [main] [info] 750000 / 1489042 (50.37 %) Events processed ...
[2025-11-08 11:01:00.013] [main] [info] 760000 / 1489042 (51.04 %) Events processed ...
[2025-11-08 11:01:00.242] [main] [info] 770000 / 1489042 (51.71 %) Events processed ...
[2025-11-08 11:01:00.387] [main] [info] 780000 / 1489042 (52.38 %) Events processed ...
[2025-11-08 11:01:01.028] [main] [info] 790000 / 1489042 (53.05 %) Events processed ...
[2025-11-08 11:01:01.220] [main] [info] 800000 / 1489042 (53.73 %) Events processed ...
[2025-11-08 11:01:01.474] [main] [info] 810000 / 1489042 (54.40 %) Events processed ...
[2025-11-08 11:01:01.620] [main] [info] 820000 / 1489042 (55.07 %) Events processed ...
[2025-11-08 11:01:01.770] [main] [info] 830000 / 1489042 (55.74 %) Events processed ...
[2025-11-08 11:01:02.000] [main] [info] 840000 / 1489042 (56.41 %) Events processed ...
[2025-11-08 11:01:02.146] [main] [info] 850000 / 1489042 (57.08 %) Events processed ...
[2025-11-08 11:01:02.758] [main] [info] 860000 / 1489042 (57.76 %) Events processed ...
[2025-11-08 11:01:02.980] [main] [info] 870000 / 1489042 (58.43 %) Events processed ...
[2025-11-08 11:01:03.297] [main] [info] 880000 / 1489042 (59.10 %) Events processed ...
[2025-11-08 11:01:03.494] [main] [info] 890000 / 1489042 (59.77 %) Events processed ...
[2025-11-08 11:01:03.696] [main] [info] 900000 / 1489042 (60.44 %) Events processed ...
[2025-11-08 11:01:03.922] [main] [info] 910000 / 1489042 (61.11 %) Events processed ...
[2025-11-08 11:01:04.247] [main] [info] 920000 / 1489042 (61.78 %) Events processed ...
[2025-11-08 11:01:04.871] [main] [info] 930000 / 1489042 (62.46 %) Events processed ...
[2025-11-08 11:01:05.137] [main] [info] 940000 / 1489042 (63.13 %) Events processed ...
[2025-11-08 11:01:05.319] [main] [info] 950000 / 1489042 (63.80 %) Events processed ...
[2025-11-08 11:01:05.547] [main] [info] 960000 / 1489042 (64.47 %) Events processed ...
[2025-11-08 11:01:05.732] [main] [info] 970000 / 1489042 (65.14 %) Events processed ...
[2025-11-08 11:01:05.879] [main] [info] 980000 / 1489042 (65.81 %) Events processed ...
[2025-11-08 11:01:06.055] [main] [info] 990000 / 1489042 (66.49 %) Events processed ...
[2025-11-08 11:01:06.736] [main] [info] 1000000 / 1489042 (67.16 %) Events processed ...
[2025-11-08 11:01:06.937] [main] [info] 1010000 / 1489042 (67.83 %) Events processed ...
[2025-11-08 11:01:07.136] [main] [info] 1020000 / 1489042 (68.50 %) Events processed ...
[2025-11-08 11:01:07.361] [main] [info] 1030000 / 1489042 (69.17 %) Events processed ...
[2025-11-08 11:01:07.622] [main] [info] 1040000 / 1489042 (69.84 %) Events processed ...
[2025-11-08 11:01:07.765] [main] [info] 1050000 / 1489042 (70.52 %) Events processed ...
[2025-11-08 11:01:07.905] [main] [info] 1060000 / 1489042 (71.19 %) Events processed ...
[2025-11-08 11:01:08.656] [main] [info] 1070000 / 1489042 (71.86 %) Events processed ...
[2025-11-08 11:01:08.859] [main] [info] 1080000 / 1489042 (72.53 %) Events processed ...
[2025-11-08 11:01:09.067] [main] [info] 1090000 / 1489042 (73.20 %) Events processed ...
[2025-11-08 11:01:09.282] [main] [info] 1100000 / 1489042 (73.87 %) Events processed ...
[2025-11-08 11:01:09.593] [main] [info] 1110000 / 1489042 (74.54 %) Events processed ...
[2025-11-08 11:01:09.793] [main] [info] 1120000 / 1489042 (75.22 %) Events processed ...
[2025-11-08 11:01:09.999] [main] [info] 1130000 / 1489042 (75.89 %) Events processed ...
[2025-11-08 11:01:10.215] [main] [info] 1140000 / 1489042 (76.56 %) Events processed ...
[2025-11-08 11:01:10.969] [main] [info] 1150000 / 1489042 (77.23 %) Events processed ...
[2025-11-08 11:01:11.171] [main] [info] 1160000 / 1489042 (77.90 %) Events processed ...
[2025-11-08 11:01:11.370] [main] [info] 1170000 / 1489042 (78.57 %) Events processed ...
[2025-11-08 11:01:11.585] [main] [info] 1180000 / 1489042 (79.25 %) Events processed ...
[2025-11-08 11:01:11.888] [main] [info] 1190000 / 1489042 (79.92 %) Events processed ...
[2025-11-08 11:01:12.098] [main] [info] 1200000 / 1489042 (80.59 %) Events processed ...
[2025-11-08 11:01:12.300] [main] [info] 1210000 / 1489042 (81.26 %) Events processed ...
[2025-11-08 11:01:13.007] [main] [info] 1220000 / 1489042 (81.93 %) Events processed ...
[2025-11-08 11:01:13.308] [main] [info] 1230000 / 1489042 (82.60 %) Events processed ...
[2025-11-08 11:01:13.512] [main] [info] 1240000 / 1489042 (83.28 %) Events processed ...
[2025-11-08 11:01:13.717] [main] [info] 1250000 / 1489042 (83.95 %) Events processed ...
[2025-11-08 11:01:14.023] [main] [info] 1260000 / 1489042 (84.62 %) Events processed ...
[2025-11-08 11:01:14.221] [main] [info] 1270000 / 1489042 (85.29 %) Events processed ...
[2025-11-08 11:01:14.419] [main] [info] 1280000 / 1489042 (85.96 %) Events processed ...
[2025-11-08 11:01:15.081] [main] [info] 1290000 / 1489042 (86.63 %) Events processed ...
[2025-11-08 11:01:15.392] [main] [info] 1300000 / 1489042 (87.30 %) Events processed ...
[2025-11-08 11:01:15.597] [main] [info] 1310000 / 1489042 (87.98 %) Events processed ...
[2025-11-08 11:01:15.782] [main] [info] 1320000 / 1489042 (88.65 %) Events processed ...
[2025-11-08 11:01:15.963] [main] [info] 1330000 / 1489042 (89.32 %) Events processed ...
[2025-11-08 11:01:16.263] [main] [info] 1340000 / 1489042 (89.99 %) Events processed ...
[2025-11-08 11:01:16.425] [main] [info] 1350000 / 1489042 (90.66 %) Events processed ...
[2025-11-08 11:01:16.563] [main] [info] 1360000 / 1489042 (91.33 %) Events processed ...
[2025-11-08 11:01:17.288] [main] [info] 1370000 / 1489042 (92.01 %) Events processed ...
[2025-11-08 11:01:17.603] [main] [info] 1380000 / 1489042 (92.68 %) Events processed ...
[2025-11-08 11:01:17.753] [main] [info] 1390000 / 1489042 (93.35 %) Events processed ...
[2025-11-08 11:01:17.892] [main] [info] 1400000 / 1489042 (94.02 %) Events processed ...
[2025-11-08 11:01:18.045] [main] [info] 1410000 / 1489042 (94.69 %) Events processed ...
[2025-11-08 11:01:18.258] [main] [info] 1420000 / 1489042 (95.36 %) Events processed ...
[2025-11-08 11:01:18.410] [main] [info] 1430000 / 1489042 (96.03 %) Events processed ...
[2025-11-08 11:01:18.555] [main] [info] 1440000 / 1489042 (96.71 %) Events processed ...
[2025-11-08 11:01:19.148] [main] [info] 1450000 / 1489042 (97.38 %) Events processed ...
[2025-11-08 11:01:19.353] [main] [info] 1460000 / 1489042 (98.05 %) Events processed ...
[2025-11-08 11:01:19.554] [main] [info] 1470000 / 1489042 (98.72 %) Events processed ...
[2025-11-08 11:01:19.758] [main] [info] 1480000 / 1489042 (99.39 %) Events processed ...
[2025-11-08 11:01:20.229] [main] [info] vbfhmm:
GoldenJSONFilter: pass=1489042    all=1489042    -- eff=100.00 % cumulative eff=100.00 %
Flag_goodVertices: pass=1486235    all=1489042    -- eff=99.81 % cumulative eff=99.81 %
Flag_globalSuperTightHalo2016Filter: pass=1485782    all=1486235    -- eff=99.97 % cumulative eff=99.78 %
Flag_EcalDeadCellTriggerPrimitiveFilter: pass=1485727    all=1485782    -- eff=100.00 % cumulative eff=99.78 %
Flag_BadPFMuonFilter: pass=1484995    all=1485727    -- eff=99.95 % cumulative eff=99.73 %
Flag_BadPFMuonDzFilter: pass=1484690    all=1484995    -- eff=99.98 % cumulative eff=99.71 %
Flag_eeBadScFilter: pass=1484690    all=1484690    -- eff=100.00 % cumulative eff=99.71 %
Flag_ecalBadCalibFilter: pass=1484619    all=1484690    -- eff=100.00 % cumulative eff=99.70 %
Flag_hfNoisyHitsFilter: pass=1482061    all=1484619    -- eff=99.83 % cumulative eff=99.53 %
Number of muons 2: pass=51376      all=1482061    -- eff=3.47 % cumulative eff=3.45 %
DiMuon From Higgs: pass=46160      all=51376      -- eff=89.85 % cumulative eff=3.10 %
LeptonChargeSum: pass=46148      all=46160      -- eff=99.97 % cumulative eff=3.10 %
[2025-11-08 11:01:20.373] [main] [info] Writing quantities map to /eos/user/j/jiahua/MC_2023BPix_inc/Muon0_Run2023D-24Jan2024_v1-v1/4f8b31c0-40c1-4b59-96bb-0a610d298347_vbfhmm.root
[2025-11-08 11:01:20.448] [main] [info] Finished Evaluation
[2025-11-08 11:01:20.448] [main] [info] Overall runtime (real time: 49.78, CPU time: 38.99)
