Starting job on \n
Running on: Linux b9p20p8030.cern.ch 5.14.0-570.44.1.el9_6.x86_64 #1 SMP PREEMPT_DYNAMIC Tue Sep 9 05:17:30 EDT 2025 x86_64 x86_64 x86_64 GNU/Linux\n
System software: Red Hat Enterprise Linux release 9.6 (Plow)\n
Setting up CROWN for RedHatEnterprise Version 9.6
subject   : /DC=ch/DC=cern/OU=Organic Units/OU=Users/CN=jiahua/CN=851532/CN=Jiahua Chen/CN=1735721823
issuer    : /DC=ch/DC=cern/OU=Organic Units/OU=Users/CN=jiahua/CN=851532/CN=Jiahua Chen
identity  : /DC=ch/DC=cern/OU=Organic Units/OU=Users/CN=jiahua/CN=851532/CN=Jiahua Chen
type      : RFC compliant proxy
strength  : 2048 bits
path      : /afs/cern.ch/user/j/jiahua/proxy/x509up_u139833
timeleft  : 196:38:45
key usage : Digital Signature, Key Encipherment
=== VO cms extension information ===
VO        : cms
subject   : /DC=ch/DC=cern/OU=Organic Units/OU=Users/CN=jiahua/CN=851532/CN=Jiahua Chen
issuer    : /DC=ch/DC=cern/OU=computers/CN=cms-auth.cern.ch
attribute : /cms/Role=NULL/Capability=NULL
timeleft  : 188:38:45
uri       : voms-cms-auth.cern.ch:15000
subject   : /DC=ch/DC=cern/OU=Organic Units/OU=Users/CN=jiahua/CN=851532/CN=Jiahua Chen/CN=1735721823
issuer    : /DC=ch/DC=cern/OU=Organic Units/OU=Users/CN=jiahua/CN=851532/CN=Jiahua Chen
identity  : /DC=ch/DC=cern/OU=Organic Units/OU=Users/CN=jiahua/CN=851532/CN=Jiahua Chen
type      : RFC compliant proxy
strength  : 2048 bits
path      : /afs/cern.ch/user/j/jiahua/proxy/x509up_u139833
timeleft  : 196:38:45
key usage : Digital Signature, Key Encipherment
=== VO cms extension information ===
VO        : cms
subject   : /DC=ch/DC=cern/OU=Organic Units/OU=Users/CN=jiahua/CN=851532/CN=Jiahua Chen
issuer    : /DC=ch/DC=cern/OU=computers/CN=cms-auth.cern.ch
attribute : /cms/Role=NULL/Capability=NULL
timeleft  : 188:38:45
uri       : voms-cms-auth.cern.ch:15000
/eos/user/j/jiahua/MC_2023BPix_inc/Muon0_Run2023D-24Jan2024_v1-v1/47d01f1c-f35e-4f08-939d-b53bb6a34668.root
[2025-11-08 11:00:13.754] [main] [info] Checking input files
[2025-11-08 11:00:19.367] [main] [info] NanoAOD input_file 1: root://cms-xrd-global.cern.ch//store/data/Run2023D/Muon0/NANOAOD/24Jan2024_v1-v1/30000/47d01f1c-f35e-4f08-939d-b53bb6a34668.root - 1799781 Events
[2025-11-08 11:00:19.381] [main] [info] input_file 1: root://cms-xrd-global.cern.ch//store/data/Run2023D/Muon0/NANOAOD/24Jan2024_v1-v1/30000/47d01f1c-f35e-4f08-939d-b53bb6a34668.root - SumOfGenWeight: 2.45084855073227e-309 
[2025-11-08 11:00:19.381] [main] [info] Output directory: /eos/user/j/jiahua/MC_2023BPix_inc/Muon0_Run2023D-24Jan2024_v1-v1/47d01f1c-f35e-4f08-939d-b53bb6a34668.root
[2025-11-08 11:00:19.381] [main] [info] Starting Setup of Dataframe with 1799781 events
[2025-11-08 11:00:20.793] [main] [info] Finished Setup
[2025-11-08 11:00:20.793] [main] [info] Runtime for setup (real time: 1.41, CPU time: 1.13)
[2025-11-08 11:00:20.794] [main] [info] Starting Evaluation
[2025-11-08 11:00:29.277] [main] [info] 10000 / 1799781 (0.56 %) Events processed ...
[2025-11-08 11:00:29.287] [main] [info] 20000 / 1799781 (1.11 %) Events processed ...
[2025-11-08 11:00:29.729] [main] [info] 30000 / 1799781 (1.67 %) Events processed ...
[2025-11-08 11:00:30.249] [main] [info] 40000 / 1799781 (2.22 %) Events processed ...
[2025-11-08 11:00:30.939] [main] [info] 50000 / 1799781 (2.78 %) Events processed ...
[2025-11-08 11:00:31.408] [main] [info] 60000 / 1799781 (3.33 %) Events processed ...
[2025-11-08 11:00:31.879] [main] [info] 70000 / 1799781 (3.89 %) Events processed ...
[2025-11-08 11:00:32.712] [main] [info] 80000 / 1799781 (4.44 %) Events processed ...
[2025-11-08 11:00:33.030] [main] [info] 90000 / 1799781 (5.00 %) Events processed ...
[2025-11-08 11:00:33.252] [main] [info] 100000 / 1799781 (5.56 %) Events processed ...
[2025-11-08 11:00:33.469] [main] [info] 110000 / 1799781 (6.11 %) Events processed ...
[2025-11-08 11:00:33.768] [main] [info] 120000 / 1799781 (6.67 %) Events processed ...
[2025-11-08 11:00:34.085] [main] [info] 130000 / 1799781 (7.22 %) Events processed ...
[2025-11-08 11:00:34.297] [main] [info] 140000 / 1799781 (7.78 %) Events processed ...
[2025-11-08 11:00:35.053] [main] [info] 150000 / 1799781 (8.33 %) Events processed ...
[2025-11-08 11:00:35.377] [main] [info] 160000 / 1799781 (8.89 %) Events processed ...
[2025-11-08 11:00:35.782] [main] [info] 170000 / 1799781 (9.45 %) Events processed ...
[2025-11-08 11:00:35.981] [main] [info] 180000 / 1799781 (10.00 %) Events processed ...
[2025-11-08 11:00:36.168] [main] [info] 190000 / 1799781 (10.56 %) Events processed ...
[2025-11-08 11:00:36.456] [main] [info] 200000 / 1799781 (11.11 %) Events processed ...
[2025-11-08 11:00:36.940] [main] [info] 210000 / 1799781 (11.67 %) Events processed ...
[2025-11-08 11:00:37.908] [main] [info] 220000 / 1799781 (12.22 %) Events processed ...
[2025-11-08 11:00:38.143] [main] [info] 230000 / 1799781 (12.78 %) Events processed ...
[2025-11-08 11:00:38.373] [main] [info] 240000 / 1799781 (13.33 %) Events processed ...
[2025-11-08 11:00:38.669] [main] [info] 250000 / 1799781 (13.89 %) Events processed ...
[2025-11-08 11:00:39.142] [main] [info] 260000 / 1799781 (14.45 %) Events processed ...
[2025-11-08 11:00:39.462] [main] [info] 270000 / 1799781 (15.00 %) Events processed ...
[2025-11-08 11:00:39.781] [main] [info] 280000 / 1799781 (15.56 %) Events processed ...
[2025-11-08 11:00:40.094] [main] [info] 290000 / 1799781 (16.11 %) Events processed ...
[2025-11-08 11:00:41.253] [main] [info] 300000 / 1799781 (16.67 %) Events processed ...
[2025-11-08 11:00:41.561] [main] [info] 310000 / 1799781 (17.22 %) Events processed ...
[2025-11-08 11:00:41.869] [main] [info] 320000 / 1799781 (17.78 %) Events processed ...
[2025-11-08 11:00:42.209] [main] [info] 330000 / 1799781 (18.34 %) Events processed ...
[2025-11-08 11:00:42.683] [main] [info] 340000 / 1799781 (18.89 %) Events processed ...
[2025-11-08 11:00:43.010] [main] [info] 350000 / 1799781 (19.45 %) Events processed ...
[2025-11-08 11:00:43.389] [main] [info] 360000 / 1799781 (20.00 %) Events processed ...
[2025-11-08 11:00:44.229] [main] [info] 370000 / 1799781 (20.56 %) Events processed ...
[2025-11-08 11:00:44.689] [main] [info] 380000 / 1799781 (21.11 %) Events processed ...
[2025-11-08 11:00:44.992] [main] [info] 390000 / 1799781 (21.67 %) Events processed ...
[2025-11-08 11:00:45.290] [main] [info] 400000 / 1799781 (22.22 %) Events processed ...
[2025-11-08 11:00:45.558] [main] [info] 410000 / 1799781 (22.78 %) Events processed ...
[2025-11-08 11:00:45.882] [main] [info] 420000 / 1799781 (23.34 %) Events processed ...
[2025-11-08 11:00:46.095] [main] [info] 430000 / 1799781 (23.89 %) Events processed ...
[2025-11-08 11:00:46.932] [main] [info] 440000 / 1799781 (24.45 %) Events processed ...
[2025-11-08 11:00:47.459] [main] [info] 450000 / 1799781 (25.00 %) Events processed ...
[2025-11-08 11:00:47.712] [main] [info] 460000 / 1799781 (25.56 %) Events processed ...
[2025-11-08 11:00:48.080] [main] [info] 470000 / 1799781 (26.11 %) Events processed ...
[2025-11-08 11:00:48.273] [main] [info] 480000 / 1799781 (26.67 %) Events processed ...
[2025-11-08 11:00:48.473] [main] [info] 490000 / 1799781 (27.23 %) Events processed ...
[2025-11-08 11:00:48.697] [main] [info] 500000 / 1799781 (27.78 %) Events processed ...
[2025-11-08 11:00:49.536] [main] [info] 510000 / 1799781 (28.34 %) Events processed ...
[2025-11-08 11:00:49.740] [main] [info] 520000 / 1799781 (28.89 %) Events processed ...
[2025-11-08 11:00:49.947] [main] [info] 530000 / 1799781 (29.45 %) Events processed ...
[2025-11-08 11:00:50.171] [main] [info] 540000 / 1799781 (30.00 %) Events processed ...
[2025-11-08 11:00:50.554] [main] [info] 550000 / 1799781 (30.56 %) Events processed ...
[2025-11-08 11:00:50.761] [main] [info] 560000 / 1799781 (31.11 %) Events processed ...
[2025-11-08 11:00:50.966] [main] [info] 570000 / 1799781 (31.67 %) Events processed ...
[2025-11-08 11:00:51.195] [main] [info] 580000 / 1799781 (32.23 %) Events processed ...
[2025-11-08 11:00:52.222] [main] [info] 590000 / 1799781 (32.78 %) Events processed ...
[2025-11-08 11:00:52.548] [main] [info] 600000 / 1799781 (33.34 %) Events processed ...
[2025-11-08 11:00:52.884] [main] [info] 610000 / 1799781 (33.89 %) Events processed ...
[2025-11-08 11:00:53.216] [main] [info] 620000 / 1799781 (34.45 %) Events processed ...
[2025-11-08 11:00:53.689] [main] [info] 630000 / 1799781 (35.00 %) Events processed ...
[2025-11-08 11:00:53.994] [main] [info] 640000 / 1799781 (35.56 %) Events processed ...
[2025-11-08 11:00:54.277] [main] [info] 650000 / 1799781 (36.12 %) Events processed ...
[2025-11-08 11:00:54.563] [main] [info] 660000 / 1799781 (36.67 %) Events processed ...
[2025-11-08 11:00:55.332] [main] [info] 670000 / 1799781 (37.23 %) Events processed ...
[2025-11-08 11:00:55.769] [main] [info] 680000 / 1799781 (37.78 %) Events processed ...
[2025-11-08 11:00:56.054] [main] [info] 690000 / 1799781 (38.34 %) Events processed ...
[2025-11-08 11:00:56.344] [main] [info] 700000 / 1799781 (38.89 %) Events processed ...
[2025-11-08 11:00:56.678] [main] [info] 710000 / 1799781 (39.45 %) Events processed ...
[2025-11-08 11:00:57.105] [main] [info] 720000 / 1799781 (40.00 %) Events processed ...
[2025-11-08 11:00:57.389] [main] [info] 730000 / 1799781 (40.56 %) Events processed ...
[2025-11-08 11:00:58.311] [main] [info] 740000 / 1799781 (41.12 %) Events processed ...
[2025-11-08 11:00:58.664] [main] [info] 750000 / 1799781 (41.67 %) Events processed ...
[2025-11-08 11:00:58.975] [main] [info] 760000 / 1799781 (42.23 %) Events processed ...
[2025-11-08 11:00:59.181] [main] [info] 770000 / 1799781 (42.78 %) Events processed ...
[2025-11-08 11:00:59.380] [main] [info] 780000 / 1799781 (43.34 %) Events processed ...
[2025-11-08 11:00:59.606] [main] [info] 790000 / 1799781 (43.89 %) Events processed ...
[2025-11-08 11:00:59.926] [main] [info] 800000 / 1799781 (44.45 %) Events processed ...
[2025-11-08 11:01:00.730] [main] [info] 810000 / 1799781 (45.01 %) Events processed ...
[2025-11-08 11:01:00.736] [main] [info] 820000 / 1799781 (45.56 %) Events processed ...
[2025-11-08 11:01:01.186] [main] [info] 830000 / 1799781 (46.12 %) Events processed ...
[2025-11-08 11:01:01.627] [main] [info] 840000 / 1799781 (46.67 %) Events processed ...
[2025-11-08 11:01:01.917] [main] [info] 850000 / 1799781 (47.23 %) Events processed ...
[2025-11-08 11:01:02.208] [main] [info] 860000 / 1799781 (47.78 %) Events processed ...
[2025-11-08 11:01:02.513] [main] [info] 870000 / 1799781 (48.34 %) Events processed ...
[2025-11-08 11:01:03.520] [main] [info] 880000 / 1799781 (48.89 %) Events processed ...
[2025-11-08 11:01:04.030] [main] [info] 890000 / 1799781 (49.45 %) Events processed ...
[2025-11-08 11:01:04.540] [main] [info] 900000 / 1799781 (50.01 %) Events processed ...
[2025-11-08 11:01:05.049] [main] [info] 910000 / 1799781 (50.56 %) Events processed ...
[2025-11-08 11:01:05.642] [main] [info] 920000 / 1799781 (51.12 %) Events processed ...
[2025-11-08 11:01:06.375] [main] [info] 930000 / 1799781 (51.67 %) Events processed ...
[2025-11-08 11:01:06.869] [main] [info] 940000 / 1799781 (52.23 %) Events processed ...
[2025-11-08 11:01:07.365] [main] [info] 950000 / 1799781 (52.78 %) Events processed ...
[2025-11-08 11:01:08.373] [main] [info] 960000 / 1799781 (53.34 %) Events processed ...
[2025-11-08 11:01:09.094] [main] [info] 970000 / 1799781 (53.90 %) Events processed ...
[2025-11-08 11:01:09.581] [main] [info] 980000 / 1799781 (54.45 %) Events processed ...
[2025-11-08 11:01:10.063] [main] [info] 990000 / 1799781 (55.01 %) Events processed ...
[2025-11-08 11:01:10.577] [main] [info] 1000000 / 1799781 (55.56 %) Events processed ...
[2025-11-08 11:01:11.340] [main] [info] 1010000 / 1799781 (56.12 %) Events processed ...
[2025-11-08 11:01:11.843] [main] [info] 1020000 / 1799781 (56.67 %) Events processed ...
[2025-11-08 11:01:12.889] [main] [info] 1030000 / 1799781 (57.23 %) Events processed ...
[2025-11-08 11:01:13.408] [main] [info] 1040000 / 1799781 (57.78 %) Events processed ...
[2025-11-08 11:01:14.170] [main] [info] 1050000 / 1799781 (58.34 %) Events processed ...
[2025-11-08 11:01:14.677] [main] [info] 1060000 / 1799781 (58.90 %) Events processed ...
[2025-11-08 11:01:15.178] [main] [info] 1070000 / 1799781 (59.45 %) Events processed ...
[2025-11-08 11:01:15.706] [main] [info] 1080000 / 1799781 (60.01 %) Events processed ...
[2025-11-08 11:01:16.571] [main] [info] 1090000 / 1799781 (60.56 %) Events processed ...
[2025-11-08 11:01:17.622] [main] [info] 1100000 / 1799781 (61.12 %) Events processed ...
[2025-11-08 11:01:18.121] [main] [info] 1110000 / 1799781 (61.67 %) Events processed ...
[2025-11-08 11:01:18.629] [main] [info] 1120000 / 1799781 (62.23 %) Events processed ...
[2025-11-08 11:01:19.177] [main] [info] 1130000 / 1799781 (62.79 %) Events processed ...
[2025-11-08 11:01:19.912] [main] [info] 1140000 / 1799781 (63.34 %) Events processed ...
[2025-11-08 11:01:20.413] [main] [info] 1150000 / 1799781 (63.90 %) Events processed ...
[2025-11-08 11:01:20.931] [main] [info] 1160000 / 1799781 (64.45 %) Events processed ...
[2025-11-08 11:01:21.476] [main] [info] 1170000 / 1799781 (65.01 %) Events processed ...
[2025-11-08 11:01:22.724] [main] [info] 1180000 / 1799781 (65.56 %) Events processed ...
[2025-11-08 11:01:23.216] [main] [info] 1190000 / 1799781 (66.12 %) Events processed ...
[2025-11-08 11:01:23.710] [main] [info] 1200000 / 1799781 (66.67 %) Events processed ...
[2025-11-08 11:01:24.266] [main] [info] 1210000 / 1799781 (67.23 %) Events processed ...
[2025-11-08 11:01:25.029] [main] [info] 1220000 / 1799781 (67.79 %) Events processed ...
[2025-11-08 11:01:25.518] [main] [info] 1230000 / 1799781 (68.34 %) Events processed ...
[2025-11-08 11:01:26.012] [main] [info] 1240000 / 1799781 (68.90 %) Events processed ...
[2025-11-08 11:01:27.054] [main] [info] 1250000 / 1799781 (69.45 %) Events processed ...
[2025-11-08 11:01:27.816] [main] [info] 1260000 / 1799781 (70.01 %) Events processed ...
[2025-11-08 11:01:28.313] [main] [info] 1270000 / 1799781 (70.56 %) Events processed ...
[2025-11-08 11:01:28.803] [main] [info] 1280000 / 1799781 (71.12 %) Events processed ...
[2025-11-08 11:01:29.330] [main] [info] 1290000 / 1799781 (71.68 %) Events processed ...
[2025-11-08 11:01:30.088] [main] [info] 1300000 / 1799781 (72.23 %) Events processed ...
[2025-11-08 11:01:30.588] [main] [info] 1310000 / 1799781 (72.79 %) Events processed ...
[2025-11-08 11:01:31.418] [main] [info] 1320000 / 1799781 (73.34 %) Events processed ...
[2025-11-08 11:01:31.712] [main] [info] 1330000 / 1799781 (73.90 %) Events processed ...
[2025-11-08 11:01:32.029] [main] [info] 1340000 / 1799781 (74.45 %) Events processed ...
[2025-11-08 11:01:32.562] [main] [info] 1350000 / 1799781 (75.01 %) Events processed ...
[2025-11-08 11:01:32.866] [main] [info] 1360000 / 1799781 (75.56 %) Events processed ...
[2025-11-08 11:01:33.157] [main] [info] 1370000 / 1799781 (76.12 %) Events processed ...
[2025-11-08 11:01:33.606] [main] [info] 1380000 / 1799781 (76.68 %) Events processed ...
[2025-11-08 11:01:34.457] [main] [info] 1390000 / 1799781 (77.23 %) Events processed ...
[2025-11-08 11:01:34.735] [main] [info] 1400000 / 1799781 (77.79 %) Events processed ...
[2025-11-08 11:01:35.032] [main] [info] 1410000 / 1799781 (78.34 %) Events processed ...
[2025-11-08 11:01:35.363] [main] [info] 1420000 / 1799781 (78.90 %) Events processed ...
[2025-11-08 11:01:35.769] [main] [info] 1430000 / 1799781 (79.45 %) Events processed ...
[2025-11-08 11:01:36.057] [main] [info] 1440000 / 1799781 (80.01 %) Events processed ...
[2025-11-08 11:01:36.337] [main] [info] 1450000 / 1799781 (80.57 %) Events processed ...
[2025-11-08 11:01:36.643] [main] [info] 1460000 / 1799781 (81.12 %) Events processed ...
[2025-11-08 11:01:37.574] [main] [info] 1470000 / 1799781 (81.68 %) Events processed ...
[2025-11-08 11:01:37.779] [main] [info] 1480000 / 1799781 (82.23 %) Events processed ...
[2025-11-08 11:01:37.997] [main] [info] 1490000 / 1799781 (82.79 %) Events processed ...
[2025-11-08 11:01:38.224] [main] [info] 1500000 / 1799781 (83.34 %) Events processed ...
[2025-11-08 11:01:38.538] [main] [info] 1510000 / 1799781 (83.90 %) Events processed ...
[2025-11-08 11:01:38.738] [main] [info] 1520000 / 1799781 (84.45 %) Events processed ...
[2025-11-08 11:01:38.949] [main] [info] 1530000 / 1799781 (85.01 %) Events processed ...
[2025-11-08 11:01:39.736] [main] [info] 1540000 / 1799781 (85.57 %) Events processed ...
[2025-11-08 11:01:40.043] [main] [info] 1550000 / 1799781 (86.12 %) Events processed ...
[2025-11-08 11:01:40.448] [main] [info] 1560000 / 1799781 (86.68 %) Events processed ...
[2025-11-08 11:01:40.727] [main] [info] 1570000 / 1799781 (87.23 %) Events processed ...
[2025-11-08 11:01:40.992] [main] [info] 1580000 / 1799781 (87.79 %) Events processed ...
[2025-11-08 11:01:41.292] [main] [info] 1590000 / 1799781 (88.34 %) Events processed ...
[2025-11-08 11:01:41.702] [main] [info] 1600000 / 1799781 (88.90 %) Events processed ...
[2025-11-08 11:01:42.523] [main] [info] 1610000 / 1799781 (89.46 %) Events processed ...
[2025-11-08 11:01:42.823] [main] [info] 1620000 / 1799781 (90.01 %) Events processed ...
[2025-11-08 11:01:43.152] [main] [info] 1630000 / 1799781 (90.57 %) Events processed ...
[2025-11-08 11:01:43.589] [main] [info] 1640000 / 1799781 (91.12 %) Events processed ...
[2025-11-08 11:01:43.870] [main] [info] 1650000 / 1799781 (91.68 %) Events processed ...
[2025-11-08 11:01:44.152] [main] [info] 1660000 / 1799781 (92.23 %) Events processed ...
[2025-11-08 11:01:44.463] [main] [info] 1670000 / 1799781 (92.79 %) Events processed ...
[2025-11-08 11:01:45.361] [main] [info] 1680000 / 1799781 (93.34 %) Events processed ...
[2025-11-08 11:01:45.652] [main] [info] 1690000 / 1799781 (93.90 %) Events processed ...
[2025-11-08 11:01:45.930] [main] [info] 1700000 / 1799781 (94.46 %) Events processed ...
[2025-11-08 11:01:46.239] [main] [info] 1710000 / 1799781 (95.01 %) Events processed ...
[2025-11-08 11:01:46.684] [main] [info] 1720000 / 1799781 (95.57 %) Events processed ...
[2025-11-08 11:01:46.995] [main] [info] 1730000 / 1799781 (96.12 %) Events processed ...
[2025-11-08 11:01:47.286] [main] [info] 1740000 / 1799781 (96.68 %) Events processed ...
[2025-11-08 11:01:47.573] [main] [info] 1750000 / 1799781 (97.23 %) Events processed ...
[2025-11-08 11:01:48.366] [main] [info] 1760000 / 1799781 (97.79 %) Events processed ...
[2025-11-08 11:01:48.671] [main] [info] 1770000 / 1799781 (98.35 %) Events processed ...
[2025-11-08 11:01:48.963] [main] [info] 1780000 / 1799781 (98.90 %) Events processed ...
[2025-11-08 11:01:49.244] [main] [info] 1790000 / 1799781 (99.46 %) Events processed ...
[2025-11-08 11:01:49.922] [main] [info] vbfhmm:
GoldenJSONFilter: pass=1751989    all=1799781    -- eff=97.34 % cumulative eff=97.34 %
Flag_goodVertices: pass=1748451    all=1751989    -- eff=99.80 % cumulative eff=97.15 %
Flag_globalSuperTightHalo2016Filter: pass=1747849    all=1748451    -- eff=99.97 % cumulative eff=97.11 %
Flag_EcalDeadCellTriggerPrimitiveFilter: pass=1747800    all=1747849    -- eff=100.00 % cumulative eff=97.11 %
Flag_BadPFMuonFilter: pass=1746909    all=1747800    -- eff=99.95 % cumulative eff=97.06 %
Flag_BadPFMuonDzFilter: pass=1746608    all=1746909    -- eff=99.98 % cumulative eff=97.05 %
Flag_eeBadScFilter: pass=1746608    all=1746608    -- eff=100.00 % cumulative eff=97.05 %
Flag_ecalBadCalibFilter: pass=1746504    all=1746608    -- eff=99.99 % cumulative eff=97.04 %
Flag_hfNoisyHitsFilter: pass=1743305    all=1746504    -- eff=99.82 % cumulative eff=96.86 %
Number of muons 2: pass=60804      all=1743305    -- eff=3.49 % cumulative eff=3.38 %
DiMuon From Higgs: pass=54575      all=60804      -- eff=89.76 % cumulative eff=3.03 %
LeptonChargeSum: pass=54555      all=54575      -- eff=99.96 % cumulative eff=3.03 %
[2025-11-08 11:01:50.267] [main] [info] Writing quantities map to /eos/user/j/jiahua/MC_2023BPix_inc/Muon0_Run2023D-24Jan2024_v1-v1/47d01f1c-f35e-4f08-939d-b53bb6a34668_vbfhmm.root
[2025-11-08 11:01:50.381] [main] [info] Finished Evaluation
[2025-11-08 11:01:50.421] [main] [info] Overall runtime (real time: 91.04, CPU time: 76.44)
