Starting job on \n
Running on: Linux b9p08p9966.cern.ch 5.14.0-570.55.1.el9_6.x86_64 #1 SMP PREEMPT_DYNAMIC Tue Oct 14 01:03:55 EDT 2025 x86_64 x86_64 x86_64 GNU/Linux\n
System software: Red Hat Enterprise Linux release 9.6 (Plow)\n
Setting up CROWN for RedHatEnterprise Version 9.6
subject   : /DC=ch/DC=cern/OU=Organic Units/OU=Users/CN=jiahua/CN=851532/CN=Jiahua Chen/CN=1735721823
issuer    : /DC=ch/DC=cern/OU=Organic Units/OU=Users/CN=jiahua/CN=851532/CN=Jiahua Chen
identity  : /DC=ch/DC=cern/OU=Organic Units/OU=Users/CN=jiahua/CN=851532/CN=Jiahua Chen
type      : RFC compliant proxy
strength  : 2048 bits
path      : /afs/cern.ch/user/j/jiahua/proxy/x509up_u139833
timeleft  : 196:38:52
key usage : Digital Signature, Key Encipherment
=== VO cms extension information ===
VO        : cms
subject   : /DC=ch/DC=cern/OU=Organic Units/OU=Users/CN=jiahua/CN=851532/CN=Jiahua Chen
issuer    : /DC=ch/DC=cern/OU=computers/CN=cms-auth.cern.ch
attribute : /cms/Role=NULL/Capability=NULL
timeleft  : 188:38:52
uri       : voms-cms-auth.cern.ch:15000
subject   : /DC=ch/DC=cern/OU=Organic Units/OU=Users/CN=jiahua/CN=851532/CN=Jiahua Chen/CN=1735721823
issuer    : /DC=ch/DC=cern/OU=Organic Units/OU=Users/CN=jiahua/CN=851532/CN=Jiahua Chen
identity  : /DC=ch/DC=cern/OU=Organic Units/OU=Users/CN=jiahua/CN=851532/CN=Jiahua Chen
type      : RFC compliant proxy
strength  : 2048 bits
path      : /afs/cern.ch/user/j/jiahua/proxy/x509up_u139833
timeleft  : 196:38:52
key usage : Digital Signature, Key Encipherment
=== VO cms extension information ===
VO        : cms
subject   : /DC=ch/DC=cern/OU=Organic Units/OU=Users/CN=jiahua/CN=851532/CN=Jiahua Chen
issuer    : /DC=ch/DC=cern/OU=computers/CN=cms-auth.cern.ch
attribute : /cms/Role=NULL/Capability=NULL
timeleft  : 188:38:52
uri       : voms-cms-auth.cern.ch:15000
/eos/user/j/jiahua/MC_2023BPix_inc/Muon1_Run2023D-24Jan2024_v2-v1/90ed3eb3-0b4b-49a6-8080-c5173c7150ea.root
[2025-11-08 11:00:06.398] [main] [info] Checking input files
[2025-11-08 11:00:11.831] [main] [info] NanoAOD input_file 1: root://cms-xrd-global.cern.ch//store/data/Run2023D/Muon1/NANOAOD/24Jan2024_v2-v1/30000/90ed3eb3-0b4b-49a6-8080-c5173c7150ea.root - 2091430 Events
[2025-11-08 11:00:11.844] [main] [info] input_file 1: root://cms-xrd-global.cern.ch//store/data/Run2023D/Muon1/NANOAOD/24Jan2024_v2-v1/30000/90ed3eb3-0b4b-49a6-8080-c5173c7150ea.root - SumOfGenWeight: 4.17179582381986e-309 
[2025-11-08 11:00:11.844] [main] [info] Output directory: /eos/user/j/jiahua/MC_2023BPix_inc/Muon1_Run2023D-24Jan2024_v2-v1/90ed3eb3-0b4b-49a6-8080-c5173c7150ea.root
[2025-11-08 11:00:11.845] [main] [info] Starting Setup of Dataframe with 2091430 events
[2025-11-08 11:00:18.939] [main] [info] Finished Setup
[2025-11-08 11:00:18.939] [main] [info] Runtime for setup (real time: 7.09, CPU time: 5.85)
[2025-11-08 11:00:18.939] [main] [info] Starting Evaluation
[2025-11-08 11:00:26.383] [main] [info] 10000 / 2091430 (0.48 %) Events processed ...
[2025-11-08 11:00:26.578] [main] [info] 20000 / 2091430 (0.96 %) Events processed ...
[2025-11-08 11:00:26.769] [main] [info] 30000 / 2091430 (1.43 %) Events processed ...
[2025-11-08 11:00:26.972] [main] [info] 40000 / 2091430 (1.91 %) Events processed ...
[2025-11-08 11:00:27.189] [main] [info] 50000 / 2091430 (2.39 %) Events processed ...
[2025-11-08 11:00:27.474] [main] [info] 60000 / 2091430 (2.87 %) Events processed ...
[2025-11-08 11:00:27.678] [main] [info] 70000 / 2091430 (3.35 %) Events processed ...
[2025-11-08 11:00:27.863] [main] [info] 80000 / 2091430 (3.83 %) Events processed ...
[2025-11-08 11:00:28.720] [main] [info] 90000 / 2091430 (4.30 %) Events processed ...
[2025-11-08 11:00:28.944] [main] [info] 100000 / 2091430 (4.78 %) Events processed ...
[2025-11-08 11:00:29.169] [main] [info] 110000 / 2091430 (5.26 %) Events processed ...
[2025-11-08 11:00:29.488] [main] [info] 120000 / 2091430 (5.74 %) Events processed ...
[2025-11-08 11:00:29.712] [main] [info] 130000 / 2091430 (6.22 %) Events processed ...
[2025-11-08 11:00:29.927] [main] [info] 140000 / 2091430 (6.69 %) Events processed ...
[2025-11-08 11:00:30.150] [main] [info] 150000 / 2091430 (7.17 %) Events processed ...
[2025-11-08 11:00:30.378] [main] [info] 160000 / 2091430 (7.65 %) Events processed ...
[2025-11-08 11:00:31.525] [main] [info] 170000 / 2091430 (8.13 %) Events processed ...
[2025-11-08 11:00:31.724] [main] [info] 180000 / 2091430 (8.61 %) Events processed ...
[2025-11-08 11:00:31.895] [main] [info] 190000 / 2091430 (9.08 %) Events processed ...
[2025-11-08 11:00:32.065] [main] [info] 200000 / 2091430 (9.56 %) Events processed ...
[2025-11-08 11:00:32.278] [main] [info] 210000 / 2091430 (10.04 %) Events processed ...
[2025-11-08 11:00:32.490] [main] [info] 220000 / 2091430 (10.52 %) Events processed ...
[2025-11-08 11:00:32.788] [main] [info] 230000 / 2091430 (11.00 %) Events processed ...
[2025-11-08 11:00:33.906] [main] [info] 240000 / 2091430 (11.48 %) Events processed ...
[2025-11-08 11:00:34.104] [main] [info] 250000 / 2091430 (11.95 %) Events processed ...
[2025-11-08 11:00:34.272] [main] [info] 260000 / 2091430 (12.43 %) Events processed ...
[2025-11-08 11:00:34.481] [main] [info] 270000 / 2091430 (12.91 %) Events processed ...
[2025-11-08 11:00:34.690] [main] [info] 280000 / 2091430 (13.39 %) Events processed ...
[2025-11-08 11:00:34.832] [main] [info] 290000 / 2091430 (13.87 %) Events processed ...
[2025-11-08 11:00:34.982] [main] [info] 300000 / 2091430 (14.34 %) Events processed ...
[2025-11-08 11:00:35.166] [main] [info] 310000 / 2091430 (14.82 %) Events processed ...
[2025-11-08 11:00:36.458] [main] [info] 320000 / 2091430 (15.30 %) Events processed ...
[2025-11-08 11:00:36.655] [main] [info] 330000 / 2091430 (15.78 %) Events processed ...
[2025-11-08 11:00:36.890] [main] [info] 340000 / 2091430 (16.26 %) Events processed ...
[2025-11-08 11:00:37.067] [main] [info] 350000 / 2091430 (16.73 %) Events processed ...
[2025-11-08 11:00:37.246] [main] [info] 360000 / 2091430 (17.21 %) Events processed ...
[2025-11-08 11:00:37.430] [main] [info] 370000 / 2091430 (17.69 %) Events processed ...
[2025-11-08 11:00:37.601] [main] [info] 380000 / 2091430 (18.17 %) Events processed ...
[2025-11-08 11:00:38.664] [main] [info] 390000 / 2091430 (18.65 %) Events processed ...
[2025-11-08 11:00:38.870] [main] [info] 400000 / 2091430 (19.13 %) Events processed ...
[2025-11-08 11:00:39.078] [main] [info] 410000 / 2091430 (19.60 %) Events processed ...
[2025-11-08 11:00:39.279] [main] [info] 420000 / 2091430 (20.08 %) Events processed ...
[2025-11-08 11:00:39.436] [main] [info] 430000 / 2091430 (20.56 %) Events processed ...
[2025-11-08 11:00:39.569] [main] [info] 440000 / 2091430 (21.04 %) Events processed ...
[2025-11-08 11:00:39.830] [main] [info] 450000 / 2091430 (21.52 %) Events processed ...
[2025-11-08 11:00:40.014] [main] [info] 460000 / 2091430 (21.99 %) Events processed ...
[2025-11-08 11:00:40.917] [main] [info] 470000 / 2091430 (22.47 %) Events processed ...
[2025-11-08 11:00:41.135] [main] [info] 480000 / 2091430 (22.95 %) Events processed ...
[2025-11-08 11:00:41.357] [main] [info] 490000 / 2091430 (23.43 %) Events processed ...
[2025-11-08 11:00:41.651] [main] [info] 500000 / 2091430 (23.91 %) Events processed ...
[2025-11-08 11:00:41.860] [main] [info] 510000 / 2091430 (24.39 %) Events processed ...
[2025-11-08 11:00:42.029] [main] [info] 520000 / 2091430 (24.86 %) Events processed ...
[2025-11-08 11:00:42.252] [main] [info] 530000 / 2091430 (25.34 %) Events processed ...
[2025-11-08 11:00:42.567] [main] [info] 540000 / 2091430 (25.82 %) Events processed ...
[2025-11-08 11:00:43.797] [main] [info] 550000 / 2091430 (26.30 %) Events processed ...
[2025-11-08 11:00:44.086] [main] [info] 560000 / 2091430 (26.78 %) Events processed ...
[2025-11-08 11:00:44.259] [main] [info] 570000 / 2091430 (27.25 %) Events processed ...
[2025-11-08 11:00:44.403] [main] [info] 580000 / 2091430 (27.73 %) Events processed ...
[2025-11-08 11:00:44.555] [main] [info] 590000 / 2091430 (28.21 %) Events processed ...
[2025-11-08 11:00:44.719] [main] [info] 600000 / 2091430 (28.69 %) Events processed ...
[2025-11-08 11:00:44.957] [main] [info] 610000 / 2091430 (29.17 %) Events processed ...
[2025-11-08 11:00:45.938] [main] [info] 620000 / 2091430 (29.64 %) Events processed ...
[2025-11-08 11:00:46.141] [main] [info] 630000 / 2091430 (30.12 %) Events processed ...
[2025-11-08 11:00:46.343] [main] [info] 640000 / 2091430 (30.60 %) Events processed ...
[2025-11-08 11:00:46.564] [main] [info] 650000 / 2091430 (31.08 %) Events processed ...
[2025-11-08 11:00:46.762] [main] [info] 660000 / 2091430 (31.56 %) Events processed ...
[2025-11-08 11:00:47.051] [main] [info] 670000 / 2091430 (32.04 %) Events processed ...
[2025-11-08 11:00:47.262] [main] [info] 680000 / 2091430 (32.51 %) Events processed ...
[2025-11-08 11:00:47.468] [main] [info] 690000 / 2091430 (32.99 %) Events processed ...
[2025-11-08 11:00:49.152] [main] [info] 700000 / 2091430 (33.47 %) Events processed ...
[2025-11-08 11:00:49.373] [main] [info] 710000 / 2091430 (33.95 %) Events processed ...
[2025-11-08 11:00:49.657] [main] [info] 720000 / 2091430 (34.43 %) Events processed ...
[2025-11-08 11:00:49.870] [main] [info] 730000 / 2091430 (34.90 %) Events processed ...
[2025-11-08 11:00:50.086] [main] [info] 740000 / 2091430 (35.38 %) Events processed ...
[2025-11-08 11:00:50.313] [main] [info] 750000 / 2091430 (35.86 %) Events processed ...
[2025-11-08 11:00:50.504] [main] [info] 760000 / 2091430 (36.34 %) Events processed ...
[2025-11-08 11:00:50.659] [main] [info] 770000 / 2091430 (36.82 %) Events processed ...
[2025-11-08 11:00:51.598] [main] [info] 780000 / 2091430 (37.30 %) Events processed ...
[2025-11-08 11:00:51.807] [main] [info] 790000 / 2091430 (37.77 %) Events processed ...
[2025-11-08 11:00:52.017] [main] [info] 800000 / 2091430 (38.25 %) Events processed ...
[2025-11-08 11:00:52.236] [main] [info] 810000 / 2091430 (38.73 %) Events processed ...
[2025-11-08 11:00:52.641] [main] [info] 820000 / 2091430 (39.21 %) Events processed ...
[2025-11-08 11:00:52.946] [main] [info] 830000 / 2091430 (39.69 %) Events processed ...
[2025-11-08 11:00:53.158] [main] [info] 840000 / 2091430 (40.16 %) Events processed ...
[2025-11-08 11:00:54.130] [main] [info] 850000 / 2091430 (40.64 %) Events processed ...
[2025-11-08 11:00:54.353] [main] [info] 860000 / 2091430 (41.12 %) Events processed ...
[2025-11-08 11:00:54.579] [main] [info] 870000 / 2091430 (41.60 %) Events processed ...
[2025-11-08 11:00:54.802] [main] [info] 880000 / 2091430 (42.08 %) Events processed ...
[2025-11-08 11:00:55.108] [main] [info] 890000 / 2091430 (42.55 %) Events processed ...
[2025-11-08 11:00:55.324] [main] [info] 900000 / 2091430 (43.03 %) Events processed ...
[2025-11-08 11:00:55.535] [main] [info] 910000 / 2091430 (43.51 %) Events processed ...
[2025-11-08 11:00:55.759] [main] [info] 920000 / 2091430 (43.99 %) Events processed ...
[2025-11-08 11:00:56.938] [main] [info] 930000 / 2091430 (44.47 %) Events processed ...
[2025-11-08 11:00:57.250] [main] [info] 940000 / 2091430 (44.95 %) Events processed ...
[2025-11-08 11:00:57.464] [main] [info] 950000 / 2091430 (45.42 %) Events processed ...
[2025-11-08 11:00:57.709] [main] [info] 960000 / 2091430 (45.90 %) Events processed ...
[2025-11-08 11:00:57.930] [main] [info] 970000 / 2091430 (46.38 %) Events processed ...
[2025-11-08 11:00:58.150] [main] [info] 980000 / 2091430 (46.86 %) Events processed ...
[2025-11-08 11:00:58.387] [main] [info] 990000 / 2091430 (47.34 %) Events processed ...
[2025-11-08 11:00:59.591] [main] [info] 1000000 / 2091430 (47.81 %) Events processed ...
[2025-11-08 11:00:59.819] [main] [info] 1010000 / 2091430 (48.29 %) Events processed ...
[2025-11-08 11:01:00.049] [main] [info] 1020000 / 2091430 (48.77 %) Events processed ...
[2025-11-08 11:01:00.282] [main] [info] 1030000 / 2091430 (49.25 %) Events processed ...
[2025-11-08 11:01:00.526] [main] [info] 1040000 / 2091430 (49.73 %) Events processed ...
[2025-11-08 11:01:00.842] [main] [info] 1050000 / 2091430 (50.20 %) Events processed ...
[2025-11-08 11:01:01.065] [main] [info] 1060000 / 2091430 (50.68 %) Events processed ...
[2025-11-08 11:01:01.292] [main] [info] 1070000 / 2091430 (51.16 %) Events processed ...
[2025-11-08 11:01:02.382] [main] [info] 1080000 / 2091430 (51.64 %) Events processed ...
[2025-11-08 11:01:02.551] [main] [info] 1090000 / 2091430 (52.12 %) Events processed ...
[2025-11-08 11:01:02.769] [main] [info] 1100000 / 2091430 (52.60 %) Events processed ...
[2025-11-08 11:01:03.066] [main] [info] 1110000 / 2091430 (53.07 %) Events processed ...
[2025-11-08 11:01:03.266] [main] [info] 1120000 / 2091430 (53.55 %) Events processed ...
[2025-11-08 11:01:03.431] [main] [info] 1130000 / 2091430 (54.03 %) Events processed ...
[2025-11-08 11:01:03.582] [main] [info] 1140000 / 2091430 (54.51 %) Events processed ...
[2025-11-08 11:01:03.748] [main] [info] 1150000 / 2091430 (54.99 %) Events processed ...
[2025-11-08 11:01:04.688] [main] [info] 1160000 / 2091430 (55.46 %) Events processed ...
[2025-11-08 11:01:04.830] [main] [info] 1170000 / 2091430 (55.94 %) Events processed ...
[2025-11-08 11:01:05.001] [main] [info] 1180000 / 2091430 (56.42 %) Events processed ...
[2025-11-08 11:01:05.163] [main] [info] 1190000 / 2091430 (56.90 %) Events processed ...
[2025-11-08 11:01:05.364] [main] [info] 1200000 / 2091430 (57.38 %) Events processed ...
[2025-11-08 11:01:05.517] [main] [info] 1210000 / 2091430 (57.86 %) Events processed ...
[2025-11-08 11:01:05.733] [main] [info] 1220000 / 2091430 (58.33 %) Events processed ...
[2025-11-08 11:01:06.745] [main] [info] 1230000 / 2091430 (58.81 %) Events processed ...
[2025-11-08 11:01:06.956] [main] [info] 1240000 / 2091430 (59.29 %) Events processed ...
[2025-11-08 11:01:07.178] [main] [info] 1250000 / 2091430 (59.77 %) Events processed ...
[2025-11-08 11:01:07.404] [main] [info] 1260000 / 2091430 (60.25 %) Events processed ...
[2025-11-08 11:01:07.681] [main] [info] 1270000 / 2091430 (60.72 %) Events processed ...
[2025-11-08 11:01:07.886] [main] [info] 1280000 / 2091430 (61.20 %) Events processed ...
[2025-11-08 11:01:08.094] [main] [info] 1290000 / 2091430 (61.68 %) Events processed ...
[2025-11-08 11:01:08.275] [main] [info] 1300000 / 2091430 (62.16 %) Events processed ...
[2025-11-08 11:01:09.361] [main] [info] 1310000 / 2091430 (62.64 %) Events processed ...
[2025-11-08 11:01:09.584] [main] [info] 1320000 / 2091430 (63.11 %) Events processed ...
[2025-11-08 11:01:09.859] [main] [info] 1330000 / 2091430 (63.59 %) Events processed ...
[2025-11-08 11:01:10.027] [main] [info] 1340000 / 2091430 (64.07 %) Events processed ...
[2025-11-08 11:01:10.270] [main] [info] 1350000 / 2091430 (64.55 %) Events processed ...
[2025-11-08 11:01:10.478] [main] [info] 1360000 / 2091430 (65.03 %) Events processed ...
[2025-11-08 11:01:10.699] [main] [info] 1370000 / 2091430 (65.51 %) Events processed ...
[2025-11-08 11:01:11.698] [main] [info] 1380000 / 2091430 (65.98 %) Events processed ...
[2025-11-08 11:01:11.901] [main] [info] 1390000 / 2091430 (66.46 %) Events processed ...
[2025-11-08 11:01:12.105] [main] [info] 1400000 / 2091430 (66.94 %) Events processed ...
[2025-11-08 11:01:12.319] [main] [info] 1410000 / 2091430 (67.42 %) Events processed ...
[2025-11-08 11:01:12.541] [main] [info] 1420000 / 2091430 (67.90 %) Events processed ...
[2025-11-08 11:01:12.755] [main] [info] 1430000 / 2091430 (68.37 %) Events processed ...
[2025-11-08 11:01:13.054] [main] [info] 1440000 / 2091430 (68.85 %) Events processed ...
[2025-11-08 11:01:13.258] [main] [info] 1450000 / 2091430 (69.33 %) Events processed ...
[2025-11-08 11:01:14.190] [main] [info] 1460000 / 2091430 (69.81 %) Events processed ...
[2025-11-08 11:01:14.408] [main] [info] 1470000 / 2091430 (70.29 %) Events processed ...
[2025-11-08 11:01:14.640] [main] [info] 1480000 / 2091430 (70.76 %) Events processed ...
[2025-11-08 11:01:14.946] [main] [info] 1490000 / 2091430 (71.24 %) Events processed ...
[2025-11-08 11:01:15.156] [main] [info] 1500000 / 2091430 (71.72 %) Events processed ...
[2025-11-08 11:01:15.362] [main] [info] 1510000 / 2091430 (72.20 %) Events processed ...
[2025-11-08 11:01:15.581] [main] [info] 1520000 / 2091430 (72.68 %) Events processed ...
[2025-11-08 11:01:15.795] [main] [info] 1530000 / 2091430 (73.16 %) Events processed ...
[2025-11-08 11:01:16.923] [main] [info] 1540000 / 2091430 (73.63 %) Events processed ...
[2025-11-08 11:01:17.222] [main] [info] 1550000 / 2091430 (74.11 %) Events processed ...
[2025-11-08 11:01:17.432] [main] [info] 1560000 / 2091430 (74.59 %) Events processed ...
[2025-11-08 11:01:17.640] [main] [info] 1570000 / 2091430 (75.07 %) Events processed ...
[2025-11-08 11:01:17.856] [main] [info] 1580000 / 2091430 (75.55 %) Events processed ...
[2025-11-08 11:01:18.093] [main] [info] 1590000 / 2091430 (76.02 %) Events processed ...
[2025-11-08 11:01:18.395] [main] [info] 1600000 / 2091430 (76.50 %) Events processed ...
[2025-11-08 11:01:19.209] [main] [info] 1610000 / 2091430 (76.98 %) Events processed ...
[2025-11-08 11:01:19.464] [main] [info] 1620000 / 2091430 (77.46 %) Events processed ...
[2025-11-08 11:01:19.668] [main] [info] 1630000 / 2091430 (77.94 %) Events processed ...
[2025-11-08 11:01:19.885] [main] [info] 1640000 / 2091430 (78.42 %) Events processed ...
[2025-11-08 11:01:20.112] [main] [info] 1650000 / 2091430 (78.89 %) Events processed ...
[2025-11-08 11:01:20.411] [main] [info] 1660000 / 2091430 (79.37 %) Events processed ...
[2025-11-08 11:01:20.615] [main] [info] 1670000 / 2091430 (79.85 %) Events processed ...
[2025-11-08 11:01:20.821] [main] [info] 1680000 / 2091430 (80.33 %) Events processed ...
[2025-11-08 11:01:21.667] [main] [info] 1690000 / 2091430 (80.81 %) Events processed ...
[2025-11-08 11:01:21.900] [main] [info] 1700000 / 2091430 (81.28 %) Events processed ...
[2025-11-08 11:01:22.197] [main] [info] 1710000 / 2091430 (81.76 %) Events processed ...
[2025-11-08 11:01:22.402] [main] [info] 1720000 / 2091430 (82.24 %) Events processed ...
[2025-11-08 11:01:22.610] [main] [info] 1730000 / 2091430 (82.72 %) Events processed ...
[2025-11-08 11:01:22.820] [main] [info] 1740000 / 2091430 (83.20 %) Events processed ...
[2025-11-08 11:01:23.029] [main] [info] 1750000 / 2091430 (83.67 %) Events processed ...
[2025-11-08 11:01:23.280] [main] [info] 1760000 / 2091430 (84.15 %) Events processed ...
[2025-11-08 11:01:24.105] [main] [info] 1770000 / 2091430 (84.63 %) Events processed ...
[2025-11-08 11:01:24.312] [main] [info] 1780000 / 2091430 (85.11 %) Events processed ...
[2025-11-08 11:01:24.515] [main] [info] 1790000 / 2091430 (85.59 %) Events processed ...
[2025-11-08 11:01:24.734] [main] [info] 1800000 / 2091430 (86.07 %) Events processed ...
[2025-11-08 11:01:24.958] [main] [info] 1810000 / 2091430 (86.54 %) Events processed ...
[2025-11-08 11:01:25.259] [main] [info] 1820000 / 2091430 (87.02 %) Events processed ...
[2025-11-08 11:01:25.474] [main] [info] 1830000 / 2091430 (87.50 %) Events processed ...
[2025-11-08 11:01:26.527] [main] [info] 1840000 / 2091430 (87.98 %) Events processed ...
[2025-11-08 11:01:26.749] [main] [info] 1850000 / 2091430 (88.46 %) Events processed ...
[2025-11-08 11:01:26.982] [main] [info] 1860000 / 2091430 (88.93 %) Events processed ...
[2025-11-08 11:01:27.217] [main] [info] 1870000 / 2091430 (89.41 %) Events processed ...
[2025-11-08 11:01:27.530] [main] [info] 1880000 / 2091430 (89.89 %) Events processed ...
[2025-11-08 11:01:27.790] [main] [info] 1890000 / 2091430 (90.37 %) Events processed ...
[2025-11-08 11:01:28.003] [main] [info] 1900000 / 2091430 (90.85 %) Events processed ...
[2025-11-08 11:01:28.223] [main] [info] 1910000 / 2091430 (91.33 %) Events processed ...
[2025-11-08 11:01:29.042] [main] [info] 1920000 / 2091430 (91.80 %) Events processed ...
[2025-11-08 11:01:29.338] [main] [info] 1930000 / 2091430 (92.28 %) Events processed ...
[2025-11-08 11:01:29.544] [main] [info] 1940000 / 2091430 (92.76 %) Events processed ...
[2025-11-08 11:01:29.752] [main] [info] 1950000 / 2091430 (93.24 %) Events processed ...
[2025-11-08 11:01:29.954] [main] [info] 1960000 / 2091430 (93.72 %) Events processed ...
[2025-11-08 11:01:30.172] [main] [info] 1970000 / 2091430 (94.19 %) Events processed ...
[2025-11-08 11:01:30.398] [main] [info] 1980000 / 2091430 (94.67 %) Events processed ...
[2025-11-08 11:01:31.344] [main] [info] 1990000 / 2091430 (95.15 %) Events processed ...
[2025-11-08 11:01:31.554] [main] [info] 2000000 / 2091430 (95.63 %) Events processed ...
[2025-11-08 11:01:31.759] [main] [info] 2010000 / 2091430 (96.11 %) Events processed ...
[2025-11-08 11:01:31.984] [main] [info] 2020000 / 2091430 (96.58 %) Events processed ...
[2025-11-08 11:01:32.207] [main] [info] 2030000 / 2091430 (97.06 %) Events processed ...
[2025-11-08 11:01:32.504] [main] [info] 2040000 / 2091430 (97.54 %) Events processed ...
[2025-11-08 11:01:32.711] [main] [info] 2050000 / 2091430 (98.02 %) Events processed ...
[2025-11-08 11:01:32.920] [main] [info] 2060000 / 2091430 (98.50 %) Events processed ...
[2025-11-08 11:01:33.482] [main] [info] 2070000 / 2091430 (98.98 %) Events processed ...
[2025-11-08 11:01:33.698] [main] [info] 2080000 / 2091430 (99.45 %) Events processed ...
[2025-11-08 11:01:33.923] [main] [info] 2090000 / 2091430 (99.93 %) Events processed ...
[2025-11-08 11:01:34.533] [main] [info] vbfhmm:
GoldenJSONFilter: pass=2073509    all=2091430    -- eff=99.14 % cumulative eff=99.14 %
Flag_goodVertices: pass=2070056    all=2073509    -- eff=99.83 % cumulative eff=98.98 %
Flag_globalSuperTightHalo2016Filter: pass=2069395    all=2070056    -- eff=99.97 % cumulative eff=98.95 %
Flag_EcalDeadCellTriggerPrimitiveFilter: pass=2069334    all=2069395    -- eff=100.00 % cumulative eff=98.94 %
Flag_BadPFMuonFilter: pass=2068097    all=2069334    -- eff=99.94 % cumulative eff=98.88 %
Flag_BadPFMuonDzFilter: pass=2067651    all=2068097    -- eff=99.98 % cumulative eff=98.86 %
Flag_eeBadScFilter: pass=2067651    all=2067651    -- eff=100.00 % cumulative eff=98.86 %
Flag_ecalBadCalibFilter: pass=2067558    all=2067651    -- eff=100.00 % cumulative eff=98.86 %
Flag_hfNoisyHitsFilter: pass=2063563    all=2067558    -- eff=99.81 % cumulative eff=98.67 %
Number of muons 2: pass=69711      all=2063563    -- eff=3.38 % cumulative eff=3.33 %
DiMuon From Higgs: pass=62401      all=69711      -- eff=89.51 % cumulative eff=2.98 %
LeptonChargeSum: pass=62373      all=62401      -- eff=99.96 % cumulative eff=2.98 %
[2025-11-08 11:01:34.653] [main] [info] Writing quantities map to /eos/user/j/jiahua/MC_2023BPix_inc/Muon1_Run2023D-24Jan2024_v2-v1/90ed3eb3-0b4b-49a6-8080-c5173c7150ea_vbfhmm.root
[2025-11-08 11:01:34.724] [main] [info] Finished Evaluation
[2025-11-08 11:01:34.724] [main] [info] Overall runtime (real time: 82.88, CPU time: 58.54)
