Starting job on \n
Running on: Linux b9g03p5498.cern.ch 5.14.0-570.46.1.el9_6.x86_64 #1 SMP PREEMPT_DYNAMIC Tue Sep 16 03:28:23 EDT 2025 x86_64 x86_64 x86_64 GNU/Linux\n
System software: Red Hat Enterprise Linux release 9.6 (Plow)\n
Setting up CROWN for RedHatEnterprise Version 9.6
subject   : /DC=ch/DC=cern/OU=Organic Units/OU=Users/CN=jiahua/CN=851532/CN=Jiahua Chen/CN=1735721823
issuer    : /DC=ch/DC=cern/OU=Organic Units/OU=Users/CN=jiahua/CN=851532/CN=Jiahua Chen
identity  : /DC=ch/DC=cern/OU=Organic Units/OU=Users/CN=jiahua/CN=851532/CN=Jiahua Chen
type      : RFC compliant proxy
strength  : 2048 bits
path      : /afs/cern.ch/user/j/jiahua/proxy/x509up_u139833
timeleft  : 196:42:58
key usage : Digital Signature, Key Encipherment
=== VO cms extension information ===
VO        : cms
subject   : /DC=ch/DC=cern/OU=Organic Units/OU=Users/CN=jiahua/CN=851532/CN=Jiahua Chen
issuer    : /DC=ch/DC=cern/OU=computers/CN=cms-auth.cern.ch
attribute : /cms/Role=NULL/Capability=NULL
timeleft  : 188:42:58
uri       : voms-cms-auth.cern.ch:15000
subject   : /DC=ch/DC=cern/OU=Organic Units/OU=Users/CN=jiahua/CN=851532/CN=Jiahua Chen/CN=1735721823
issuer    : /DC=ch/DC=cern/OU=Organic Units/OU=Users/CN=jiahua/CN=851532/CN=Jiahua Chen
identity  : /DC=ch/DC=cern/OU=Organic Units/OU=Users/CN=jiahua/CN=851532/CN=Jiahua Chen
type      : RFC compliant proxy
strength  : 2048 bits
path      : /afs/cern.ch/user/j/jiahua/proxy/x509up_u139833
timeleft  : 196:42:58
key usage : Digital Signature, Key Encipherment
=== VO cms extension information ===
VO        : cms
subject   : /DC=ch/DC=cern/OU=Organic Units/OU=Users/CN=jiahua/CN=851532/CN=Jiahua Chen
issuer    : /DC=ch/DC=cern/OU=computers/CN=cms-auth.cern.ch
attribute : /cms/Role=NULL/Capability=NULL
timeleft  : 188:42:58
uri       : voms-cms-auth.cern.ch:15000
/eos/user/j/jiahua/MC_2023BPix_inc/TTto2L2Nu_powheg_23BPix/b30efd2a-e453-4882-b535-da8d94c3409c.root
[2025-11-08 10:56:00.752] [main] [info] Checking input files
[2025-11-08 10:56:07.644] [main] [info] NanoAOD input_file 1: root://cms-xrd-global.cern.ch//store/mc/Run3Summer23BPixNanoAODv12/TTto2L2Nu_TuneCP5_13p6TeV_powheg-pythia8/NANOAODSIM/130X_mcRun3_2023_realistic_postBPix_v2-v3/2560000/b30efd2a-e453-4882-b535-da8d94c3409c.root - 243000 Events
[2025-11-08 10:56:07.658] [main] [info] input_file 1: root://cms-xrd-global.cern.ch//store/mc/Run3Summer23BPixNanoAODv12/TTto2L2Nu_TuneCP5_13p6TeV_powheg-pythia8/NANOAODSIM/130X_mcRun3_2023_realistic_postBPix_v2-v3/2560000/b30efd2a-e453-4882-b535-da8d94c3409c.root - SumOfGenWeight: 19536794.055399995 
[2025-11-08 10:56:07.658] [main] [info] Output directory: /eos/user/j/jiahua/MC_2023BPix_inc/TTto2L2Nu_powheg_23BPix/b30efd2a-e453-4882-b535-da8d94c3409c.root
[2025-11-08 10:56:07.660] [main] [info] Starting Setup of Dataframe with 243000 events
[2025-11-08 10:57:03.592] [main] [info] Finished Setup
[2025-11-08 10:57:03.592] [main] [info] Runtime for setup (real time: 55.93, CPU time: 45.96)
[2025-11-08 10:57:03.592] [main] [info] Starting Evaluation
[2025-11-08 10:57:36.897] [main] [info] 10000 / 243000 (4.12 %) Events processed ...
[2025-11-08 10:57:38.883] [main] [info] 20000 / 243000 (8.23 %) Events processed ...
[2025-11-08 10:58:04.816] [main] [info] 30000 / 243000 (12.35 %) Events processed ...
[2025-11-08 10:58:06.079] [main] [info] 40000 / 243000 (16.46 %) Events processed ...
[2025-11-08 10:58:24.957] [main] [info] 50000 / 243000 (20.58 %) Events processed ...
[2025-11-08 10:58:26.654] [main] [info] 60000 / 243000 (24.69 %) Events processed ...
[2025-11-08 10:58:47.107] [main] [info] 70000 / 243000 (28.81 %) Events processed ...
[2025-11-08 10:58:48.914] [main] [info] 80000 / 243000 (32.92 %) Events processed ...
[2025-11-08 10:59:08.573] [main] [info] 90000 / 243000 (37.04 %) Events processed ...
[2025-11-08 10:59:10.074] [main] [info] 100000 / 243000 (41.15 %) Events processed ...
[2025-11-08 10:59:29.137] [main] [info] 110000 / 243000 (45.27 %) Events processed ...
[2025-11-08 10:59:30.661] [main] [info] 120000 / 243000 (49.38 %) Events processed ...
[2025-11-08 10:59:35.956] [main] [info] 130000 / 243000 (53.50 %) Events processed ...
[2025-11-08 10:59:37.440] [main] [info] 140000 / 243000 (57.61 %) Events processed ...
[2025-11-08 10:59:47.093] [main] [info] 150000 / 243000 (61.73 %) Events processed ...
[2025-11-08 10:59:48.814] [main] [info] 160000 / 243000 (65.84 %) Events processed ...
[2025-11-08 10:59:50.644] [main] [info] 170000 / 243000 (69.96 %) Events processed ...
[2025-11-08 11:00:01.483] [main] [info] 180000 / 243000 (74.07 %) Events processed ...
[2025-11-08 11:00:03.624] [main] [info] 190000 / 243000 (78.19 %) Events processed ...
[2025-11-08 11:00:15.068] [main] [info] 200000 / 243000 (82.30 %) Events processed ...
[2025-11-08 11:00:17.156] [main] [info] 210000 / 243000 (86.42 %) Events processed ...
[2025-11-08 11:00:25.981] [main] [info] 220000 / 243000 (90.53 %) Events processed ...
[2025-11-08 11:00:27.391] [main] [info] 230000 / 243000 (94.65 %) Events processed ...
[2025-11-08 11:00:31.406] [main] [info] 240000 / 243000 (98.77 %) Events processed ...
[2025-11-08 11:00:32.521] [main] [info] vbfhmm:
Flag_goodVertices: pass=243000     all=243000     -- eff=100.00 % cumulative eff=100.00 %
Flag_globalSuperTightHalo2016Filter: pass=242943     all=243000     -- eff=99.98 % cumulative eff=99.98 %
Flag_EcalDeadCellTriggerPrimitiveFilter: pass=242913     all=242943     -- eff=99.99 % cumulative eff=99.96 %
Flag_BadPFMuonFilter: pass=242882     all=242913     -- eff=99.99 % cumulative eff=99.95 %
Flag_BadPFMuonDzFilter: pass=242873     all=242882     -- eff=100.00 % cumulative eff=99.95 %
Flag_eeBadScFilter: pass=242873     all=242873     -- eff=100.00 % cumulative eff=99.95 %
Flag_ecalBadCalibFilter: pass=242833     all=242873     -- eff=99.98 % cumulative eff=99.93 %
Flag_hfNoisyHitsFilter: pass=242827     all=242833     -- eff=100.00 % cumulative eff=99.93 %
Number of muons 2: pass=16379      all=242827     -- eff=6.75 % cumulative eff=6.74 %
DiMuon From Higgs: pass=7580       all=16379      -- eff=46.28 % cumulative eff=3.12 %
LeptonChargeSum: pass=7508       all=7580       -- eff=99.05 % cumulative eff=3.09 %
[2025-11-08 11:00:32.658] [main] [info] Writing quantities map to /eos/user/j/jiahua/MC_2023BPix_inc/TTto2L2Nu_powheg_23BPix/b30efd2a-e453-4882-b535-da8d94c3409c_vbfhmm.root
[2025-11-08 11:00:32.727] [main] [info] Finished Evaluation
[2025-11-08 11:00:32.727] [main] [info] Overall runtime (real time: 265.07, CPU time: 97.62)
