Starting job on \n
Running on: Linux b9p10p5671.cern.ch 5.14.0-570.42.2.el9_6.x86_64 #1 SMP PREEMPT_DYNAMIC Mon Sep 8 12:15:13 EDT 2025 x86_64 x86_64 x86_64 GNU/Linux\n
System software: Red Hat Enterprise Linux release 9.6 (Plow)\n
Setting up CROWN for RedHatEnterprise Version 9.6
subject   : /DC=ch/DC=cern/OU=Organic Units/OU=Users/CN=jiahua/CN=851532/CN=Jiahua Chen/CN=1735721823
issuer    : /DC=ch/DC=cern/OU=Organic Units/OU=Users/CN=jiahua/CN=851532/CN=Jiahua Chen
identity  : /DC=ch/DC=cern/OU=Organic Units/OU=Users/CN=jiahua/CN=851532/CN=Jiahua Chen
type      : RFC compliant proxy
strength  : 2048 bits
path      : /afs/cern.ch/user/j/jiahua/proxy/x509up_u139833
timeleft  : 196:42:31
key usage : Digital Signature, Key Encipherment
=== VO cms extension information ===
VO        : cms
subject   : /DC=ch/DC=cern/OU=Organic Units/OU=Users/CN=jiahua/CN=851532/CN=Jiahua Chen
issuer    : /DC=ch/DC=cern/OU=computers/CN=cms-auth.cern.ch
attribute : /cms/Role=NULL/Capability=NULL
timeleft  : 188:42:31
uri       : voms-cms-auth.cern.ch:15000
subject   : /DC=ch/DC=cern/OU=Organic Units/OU=Users/CN=jiahua/CN=851532/CN=Jiahua Chen/CN=1735721823
issuer    : /DC=ch/DC=cern/OU=Organic Units/OU=Users/CN=jiahua/CN=851532/CN=Jiahua Chen
identity  : /DC=ch/DC=cern/OU=Organic Units/OU=Users/CN=jiahua/CN=851532/CN=Jiahua Chen
type      : RFC compliant proxy
strength  : 2048 bits
path      : /afs/cern.ch/user/j/jiahua/proxy/x509up_u139833
timeleft  : 196:42:31
key usage : Digital Signature, Key Encipherment
=== VO cms extension information ===
VO        : cms
subject   : /DC=ch/DC=cern/OU=Organic Units/OU=Users/CN=jiahua/CN=851532/CN=Jiahua Chen
issuer    : /DC=ch/DC=cern/OU=computers/CN=cms-auth.cern.ch
attribute : /cms/Role=NULL/Capability=NULL
timeleft  : 188:42:31
uri       : voms-cms-auth.cern.ch:15000
/eos/user/j/jiahua/MC_2023BPix_inc/TTto2L2Nu_powheg_23BPix/2dce0670-8c7c-477f-9f6a-582e32901f6e.root
[2025-11-08 10:56:27.825] [main] [info] Checking input files
[2025-11-08 10:56:32.554] [main] [info] NanoAOD input_file 1: root://cms-xrd-global.cern.ch//store/mc/Run3Summer23BPixNanoAODv12/TTto2L2Nu_TuneCP5_13p6TeV_powheg-pythia8/NANOAODSIM/130X_mcRun3_2023_realistic_postBPix_v2-v3/2560000/2dce0670-8c7c-477f-9f6a-582e32901f6e.root - 153000 Events
[2025-11-08 10:56:32.567] [main] [info] input_file 1: root://cms-xrd-global.cern.ch//store/mc/Run3Summer23BPixNanoAODv12/TTto2L2Nu_TuneCP5_13p6TeV_powheg-pythia8/NANOAODSIM/130X_mcRun3_2023_realistic_postBPix_v2-v3/2560000/2dce0670-8c7c-477f-9f6a-582e32901f6e.root - SumOfGenWeight: 12314329.552600002 
[2025-11-08 10:56:32.567] [main] [info] Output directory: /eos/user/j/jiahua/MC_2023BPix_inc/TTto2L2Nu_powheg_23BPix/2dce0670-8c7c-477f-9f6a-582e32901f6e.root
[2025-11-08 10:56:32.569] [main] [info] Starting Setup of Dataframe with 153000 events
[2025-11-08 10:57:01.343] [main] [info] Finished Setup
[2025-11-08 10:57:01.343] [main] [info] Runtime for setup (real time: 28.78, CPU time: 27.88)
[2025-11-08 10:57:01.343] [main] [info] Starting Evaluation
[2025-11-08 10:57:10.860] [main] [info] 10000 / 153000 (6.54 %) Events processed ...
[2025-11-08 10:57:11.976] [main] [info] 20000 / 153000 (13.07 %) Events processed ...
[2025-11-08 10:57:13.837] [main] [info] 30000 / 153000 (19.61 %) Events processed ...
[2025-11-08 10:57:14.684] [main] [info] 40000 / 153000 (26.14 %) Events processed ...
[2025-11-08 10:57:16.481] [main] [info] 50000 / 153000 (32.68 %) Events processed ...
[2025-11-08 10:57:17.562] [main] [info] 60000 / 153000 (39.22 %) Events processed ...
[2025-11-08 10:57:18.992] [main] [info] 70000 / 153000 (45.75 %) Events processed ...
[2025-11-08 10:57:19.844] [main] [info] 80000 / 153000 (52.29 %) Events processed ...
[2025-11-08 10:57:21.345] [main] [info] 90000 / 153000 (58.82 %) Events processed ...
[2025-11-08 10:57:22.247] [main] [info] 100000 / 153000 (65.36 %) Events processed ...
[2025-11-08 10:57:23.470] [main] [info] 110000 / 153000 (71.90 %) Events processed ...
[2025-11-08 10:57:25.468] [main] [info] 120000 / 153000 (78.43 %) Events processed ...
[2025-11-08 10:57:26.741] [main] [info] 130000 / 153000 (84.97 %) Events processed ...
[2025-11-08 10:57:28.626] [main] [info] 140000 / 153000 (91.50 %) Events processed ...
[2025-11-08 10:57:29.953] [main] [info] 150000 / 153000 (98.04 %) Events processed ...
[2025-11-08 10:57:30.515] [main] [info] vbfhmm:
Flag_goodVertices: pass=153000     all=153000     -- eff=100.00 % cumulative eff=100.00 %
Flag_globalSuperTightHalo2016Filter: pass=152966     all=153000     -- eff=99.98 % cumulative eff=99.98 %
Flag_EcalDeadCellTriggerPrimitiveFilter: pass=152958     all=152966     -- eff=99.99 % cumulative eff=99.97 %
Flag_BadPFMuonFilter: pass=152940     all=152958     -- eff=99.99 % cumulative eff=99.96 %
Flag_BadPFMuonDzFilter: pass=152933     all=152940     -- eff=100.00 % cumulative eff=99.96 %
Flag_eeBadScFilter: pass=152933     all=152933     -- eff=100.00 % cumulative eff=99.96 %
Flag_ecalBadCalibFilter: pass=152913     all=152933     -- eff=99.99 % cumulative eff=99.94 %
Flag_hfNoisyHitsFilter: pass=152911     all=152913     -- eff=100.00 % cumulative eff=99.94 %
Number of muons 2: pass=10388      all=152911     -- eff=6.79 % cumulative eff=6.79 %
DiMuon From Higgs: pass=4881       all=10388      -- eff=46.99 % cumulative eff=3.19 %
LeptonChargeSum: pass=4836       all=4881       -- eff=99.08 % cumulative eff=3.16 %
[2025-11-08 10:57:31.217] [main] [info] Writing quantities map to /eos/user/j/jiahua/MC_2023BPix_inc/TTto2L2Nu_powheg_23BPix/2dce0670-8c7c-477f-9f6a-582e32901f6e_vbfhmm.root
[2025-11-08 10:57:31.380] [main] [info] Finished Evaluation
[2025-11-08 10:57:31.380] [main] [info] Overall runtime (real time: 58.81, CPU time: 51.61)
