Starting job on \n
Running on: Linux b9p16p5134.cern.ch 5.14.0-570.44.1.el9_6.x86_64 #1 SMP PREEMPT_DYNAMIC Tue Sep 9 05:17:30 EDT 2025 x86_64 x86_64 x86_64 GNU/Linux\n
System software: Red Hat Enterprise Linux release 9.6 (Plow)\n
Setting up CROWN for RedHatEnterprise Version 9.6
subject   : /DC=ch/DC=cern/OU=Organic Units/OU=Users/CN=jiahua/CN=851532/CN=Jiahua Chen/CN=1735721823
issuer    : /DC=ch/DC=cern/OU=Organic Units/OU=Users/CN=jiahua/CN=851532/CN=Jiahua Chen
identity  : /DC=ch/DC=cern/OU=Organic Units/OU=Users/CN=jiahua/CN=851532/CN=Jiahua Chen
type      : RFC compliant proxy
strength  : 2048 bits
path      : /afs/cern.ch/user/j/jiahua/proxy/x509up_u139833
timeleft  : 196:43:16
key usage : Digital Signature, Key Encipherment
=== VO cms extension information ===
VO        : cms
subject   : /DC=ch/DC=cern/OU=Organic Units/OU=Users/CN=jiahua/CN=851532/CN=Jiahua Chen
issuer    : /DC=ch/DC=cern/OU=computers/CN=cms-auth.cern.ch
attribute : /cms/Role=NULL/Capability=NULL
timeleft  : 188:43:16
uri       : voms-cms-auth.cern.ch:15000
subject   : /DC=ch/DC=cern/OU=Organic Units/OU=Users/CN=jiahua/CN=851532/CN=Jiahua Chen/CN=1735721823
issuer    : /DC=ch/DC=cern/OU=Organic Units/OU=Users/CN=jiahua/CN=851532/CN=Jiahua Chen
identity  : /DC=ch/DC=cern/OU=Organic Units/OU=Users/CN=jiahua/CN=851532/CN=Jiahua Chen
type      : RFC compliant proxy
strength  : 2048 bits
path      : /afs/cern.ch/user/j/jiahua/proxy/x509up_u139833
timeleft  : 196:43:16
key usage : Digital Signature, Key Encipherment
=== VO cms extension information ===
VO        : cms
subject   : /DC=ch/DC=cern/OU=Organic Units/OU=Users/CN=jiahua/CN=851532/CN=Jiahua Chen
issuer    : /DC=ch/DC=cern/OU=computers/CN=cms-auth.cern.ch
attribute : /cms/Role=NULL/Capability=NULL
timeleft  : 188:43:16
uri       : voms-cms-auth.cern.ch:15000
/eos/user/j/jiahua/MC_2023BPix_inc/TTto2L2Nu_powheg_23BPix/09b56108-41ea-49ae-bc40-984f42658f9a.root
[2025-11-08 10:55:42.486] [main] [info] Checking input files
[2025-11-08 10:55:49.541] [main] [info] NanoAOD input_file 1: root://cms-xrd-global.cern.ch//store/mc/Run3Summer23BPixNanoAODv12/TTto2L2Nu_TuneCP5_13p6TeV_powheg-pythia8/NANOAODSIM/130X_mcRun3_2023_realistic_postBPix_v2-v3/2560000/09b56108-41ea-49ae-bc40-984f42658f9a.root - 3000 Events
[2025-11-08 10:55:49.569] [main] [info] input_file 1: root://cms-xrd-global.cern.ch//store/mc/Run3Summer23BPixNanoAODv12/TTto2L2Nu_TuneCP5_13p6TeV_powheg-pythia8/NANOAODSIM/130X_mcRun3_2023_realistic_postBPix_v2-v3/2560000/09b56108-41ea-49ae-bc40-984f42658f9a.root - SumOfGenWeight: 240878.58300000004 
[2025-11-08 10:55:49.569] [main] [info] Output directory: /eos/user/j/jiahua/MC_2023BPix_inc/TTto2L2Nu_powheg_23BPix/09b56108-41ea-49ae-bc40-984f42658f9a.root
[2025-11-08 10:55:49.571] [main] [info] Starting Setup of Dataframe with 3000 events
[2025-11-08 10:56:43.945] [main] [info] Finished Setup
[2025-11-08 10:56:43.945] [main] [info] Runtime for setup (real time: 54.38, CPU time: 53.49)
[2025-11-08 10:56:43.945] [main] [info] Starting Evaluation
[2025-11-08 10:56:55.875] [main] [info] vbfhmm:
Flag_goodVertices: pass=3000       all=3000       -- eff=100.00 % cumulative eff=100.00 %
Flag_globalSuperTightHalo2016Filter: pass=2999       all=3000       -- eff=99.97 % cumulative eff=99.97 %
Flag_EcalDeadCellTriggerPrimitiveFilter: pass=2999       all=2999       -- eff=100.00 % cumulative eff=99.97 %
Flag_BadPFMuonFilter: pass=2999       all=2999       -- eff=100.00 % cumulative eff=99.97 %
Flag_BadPFMuonDzFilter: pass=2999       all=2999       -- eff=100.00 % cumulative eff=99.97 %
Flag_eeBadScFilter: pass=2999       all=2999       -- eff=100.00 % cumulative eff=99.97 %
Flag_ecalBadCalibFilter: pass=2999       all=2999       -- eff=100.00 % cumulative eff=99.97 %
Flag_hfNoisyHitsFilter: pass=2999       all=2999       -- eff=100.00 % cumulative eff=99.97 %
Number of muons 2: pass=185        all=2999       -- eff=6.17 % cumulative eff=6.17 %
DiMuon From Higgs: pass=76         all=185        -- eff=41.08 % cumulative eff=2.53 %
LeptonChargeSum: pass=76         all=76         -- eff=100.00 % cumulative eff=2.53 %
[2025-11-08 10:56:56.145] [main] [info] Writing quantities map to /eos/user/j/jiahua/MC_2023BPix_inc/TTto2L2Nu_powheg_23BPix/09b56108-41ea-49ae-bc40-984f42658f9a_vbfhmm.root
[2025-11-08 10:56:56.250] [main] [info] Finished Evaluation
[2025-11-08 10:56:56.250] [main] [info] Overall runtime (real time: 66.68, CPU time: 64.73)
