000 (12769469.148.000) 11/08 10:44:16 Job submitted from host: <188.185.121.235:9618?addrs=188.185.121.235-9618+[2001-1458-d00-49--100-36e]-9618&alias=bigbird22.cern.ch&noUDP&sock=schedd_232129_c3ca>
...
040 (12769469.148.000) 11/08 10:56:19 Started transferring input files
	Transferring to host: <188.185.208.180:9618?addrs=188.185.208.180-9618+[2001-1458-303-10--100-31]-9618&alias=b9p10p0918.cern.ch&noUDP&sock=slot1_1_5817_5a46_45856>
...
040 (12769469.148.000) 11/08 10:56:19 Finished transferring input files
...
001 (12769469.148.000) 11/08 10:56:20 Job executing on host: <188.185.208.180:9618?addrs=188.185.208.180-9618+[2001-1458-303-10--100-31]-9618&alias=b9p10p0918.cern.ch&noUDP&sock=startd_4871_ade8>
	SlotName: slot1_1@b9p10p0918.cern.ch
	CondorScratchDir = "/pool/condor/dir_2917685"
	Cpus = 1
	Disk = 16134
	GPUs = 0
	Memory = 3000
...
006 (12769469.148.000) 11/08 10:56:33 Image size of job updated: 102392
	100  -  MemoryUsage of job (MB)
	102392  -  ResidentSetSize of job (KB)
...
006 (12769469.148.000) 11/08 10:57:46 Image size of job updated: 456372
	100  -  MemoryUsage of job (MB)
	102392  -  ResidentSetSize of job (KB)
...
040 (12769469.148.000) 11/08 10:57:46 Started transferring output files
...
040 (12769469.148.000) 11/08 10:57:46 Finished transferring output files
...
005 (12769469.148.000) 11/08 10:57:46 Job terminated.
	(1) Normal termination (return value 0)
		Usr 0 00:01:11, Sys 0 00:00:03  -  Run Remote Usage
		Usr 0 00:00:00, Sys 0 00:00:00  -  Run Local Usage
		Usr 0 00:01:11, Sys 0 00:00:03  -  Total Remote Usage
		Usr 0 00:00:00, Sys 0 00:00:00  -  Total Local Usage
	10776  -  Run Bytes Sent By Job
	11220240  -  Run Bytes Received By Job
	10776  -  Total Bytes Sent By Job
	11220240  -  Total Bytes Received By Job
	Partitionable Resources :    Usage  Request Allocated 
	   Cpus                 :        0        1         1 
	   Disk (KB)            :    10991    12500     16134 
	   GPUs                 :                           0 
	   Memory (MB)          :      100     3000      3000 
	   TimeExecute (s)      :       86                    
	   TimeSlotBusy (s)     :       87                    

	Job terminated of its own accord at 2025-11-08T09:57:46Z with exit-code 0.
...
