Starting job on \n
Running on: Linux b9p13p4976.cern.ch 5.14.0-570.42.2.el9_6.x86_64 #1 SMP PREEMPT_DYNAMIC Mon Sep 8 12:15:13 EDT 2025 x86_64 x86_64 x86_64 GNU/Linux\n
System software: Red Hat Enterprise Linux release 9.6 (Plow)\n
Setting up CROWN for RedHatEnterprise Version 9.6
subject   : /DC=ch/DC=cern/OU=Organic Units/OU=Users/CN=jiahua/CN=851532/CN=Jiahua Chen/CN=1735721823
issuer    : /DC=ch/DC=cern/OU=Organic Units/OU=Users/CN=jiahua/CN=851532/CN=Jiahua Chen
identity  : /DC=ch/DC=cern/OU=Organic Units/OU=Users/CN=jiahua/CN=851532/CN=Jiahua Chen
type      : RFC compliant proxy
strength  : 2048 bits
path      : /afs/cern.ch/user/j/jiahua/proxy/x509up_u139833
timeleft  : 196:42:46
key usage : Digital Signature, Key Encipherment
=== VO cms extension information ===
VO        : cms
subject   : /DC=ch/DC=cern/OU=Organic Units/OU=Users/CN=jiahua/CN=851532/CN=Jiahua Chen
issuer    : /DC=ch/DC=cern/OU=computers/CN=cms-auth.cern.ch
attribute : /cms/Role=NULL/Capability=NULL
timeleft  : 188:42:46
uri       : voms-cms-auth.cern.ch:15000
subject   : /DC=ch/DC=cern/OU=Organic Units/OU=Users/CN=jiahua/CN=851532/CN=Jiahua Chen/CN=1735721823
issuer    : /DC=ch/DC=cern/OU=Organic Units/OU=Users/CN=jiahua/CN=851532/CN=Jiahua Chen
identity  : /DC=ch/DC=cern/OU=Organic Units/OU=Users/CN=jiahua/CN=851532/CN=Jiahua Chen
type      : RFC compliant proxy
strength  : 2048 bits
path      : /afs/cern.ch/user/j/jiahua/proxy/x509up_u139833
timeleft  : 196:42:46
key usage : Digital Signature, Key Encipherment
=== VO cms extension information ===
VO        : cms
subject   : /DC=ch/DC=cern/OU=Organic Units/OU=Users/CN=jiahua/CN=851532/CN=Jiahua Chen
issuer    : /DC=ch/DC=cern/OU=computers/CN=cms-auth.cern.ch
attribute : /cms/Role=NULL/Capability=NULL
timeleft  : 188:42:46
uri       : voms-cms-auth.cern.ch:15000
/eos/user/j/jiahua/MC_2023BPix_inc/TTto2L2Nu_powheg_23BPix/58b644d9-70c3-49ce-8d7d-edb008c6ae8e.root
[2025-11-08 10:56:12.802] [main] [info] Checking input files
[2025-11-08 10:56:20.295] [main] [info] NanoAOD input_file 1: root://cms-xrd-global.cern.ch//store/mc/Run3Summer23BPixNanoAODv12/TTto2L2Nu_TuneCP5_13p6TeV_powheg-pythia8/NANOAODSIM/130X_mcRun3_2023_realistic_postBPix_v2-v3/2560000/58b644d9-70c3-49ce-8d7d-edb008c6ae8e.root - 255000 Events
[2025-11-08 10:56:20.327] [main] [info] input_file 1: root://cms-xrd-global.cern.ch//store/mc/Run3Summer23BPixNanoAODv12/TTto2L2Nu_TuneCP5_13p6TeV_powheg-pythia8/NANOAODSIM/130X_mcRun3_2023_realistic_postBPix_v2-v3/2560000/58b644d9-70c3-49ce-8d7d-edb008c6ae8e.root - SumOfGenWeight: 20508418.777400002 
[2025-11-08 10:56:20.327] [main] [info] Output directory: /eos/user/j/jiahua/MC_2023BPix_inc/TTto2L2Nu_powheg_23BPix/58b644d9-70c3-49ce-8d7d-edb008c6ae8e.root
[2025-11-08 10:56:20.329] [main] [info] Starting Setup of Dataframe with 255000 events
[2025-11-08 10:57:20.211] [main] [info] Finished Setup
[2025-11-08 10:57:20.211] [main] [info] Runtime for setup (real time: 59.88, CPU time: 58.58)
[2025-11-08 10:57:20.211] [main] [info] Starting Evaluation
[2025-11-08 10:57:35.916] [main] [info] 10000 / 255000 (3.92 %) Events processed ...
[2025-11-08 10:57:37.763] [main] [info] 20000 / 255000 (7.84 %) Events processed ...
[2025-11-08 10:57:40.260] [main] [info] 30000 / 255000 (11.76 %) Events processed ...
[2025-11-08 10:57:42.151] [main] [info] 40000 / 255000 (15.69 %) Events processed ...
[2025-11-08 10:57:44.344] [main] [info] 50000 / 255000 (19.61 %) Events processed ...
[2025-11-08 10:57:46.301] [main] [info] 60000 / 255000 (23.53 %) Events processed ...
[2025-11-08 10:57:48.427] [main] [info] 70000 / 255000 (27.45 %) Events processed ...
[2025-11-08 10:57:50.331] [main] [info] 80000 / 255000 (31.37 %) Events processed ...
[2025-11-08 10:57:52.490] [main] [info] 90000 / 255000 (35.29 %) Events processed ...
[2025-11-08 10:57:54.211] [main] [info] 100000 / 255000 (39.22 %) Events processed ...
[2025-11-08 10:57:56.136] [main] [info] 110000 / 255000 (43.14 %) Events processed ...
[2025-11-08 10:57:58.432] [main] [info] 120000 / 255000 (47.06 %) Events processed ...
[2025-11-08 10:58:00.698] [main] [info] 130000 / 255000 (50.98 %) Events processed ...
[2025-11-08 10:58:03.209] [main] [info] 140000 / 255000 (54.90 %) Events processed ...
[2025-11-08 10:58:05.448] [main] [info] 150000 / 255000 (58.82 %) Events processed ...
[2025-11-08 10:58:08.168] [main] [info] 160000 / 255000 (62.75 %) Events processed ...
[2025-11-08 10:58:10.209] [main] [info] 170000 / 255000 (66.67 %) Events processed ...
[2025-11-08 10:58:12.880] [main] [info] 180000 / 255000 (70.59 %) Events processed ...
[2025-11-08 10:58:14.979] [main] [info] 190000 / 255000 (74.51 %) Events processed ...
[2025-11-08 10:58:17.246] [main] [info] 200000 / 255000 (78.43 %) Events processed ...
[2025-11-08 10:58:19.363] [main] [info] 210000 / 255000 (82.35 %) Events processed ...
[2025-11-08 10:58:21.364] [main] [info] 220000 / 255000 (86.27 %) Events processed ...
[2025-11-08 10:58:22.973] [main] [info] 230000 / 255000 (90.20 %) Events processed ...
[2025-11-08 10:58:24.955] [main] [info] 240000 / 255000 (94.12 %) Events processed ...
[2025-11-08 10:58:27.368] [main] [info] 250000 / 255000 (98.04 %) Events processed ...
[2025-11-08 10:58:28.750] [main] [info] vbfhmm:
Flag_goodVertices: pass=255000     all=255000     -- eff=100.00 % cumulative eff=100.00 %
Flag_globalSuperTightHalo2016Filter: pass=254944     all=255000     -- eff=99.98 % cumulative eff=99.98 %
Flag_EcalDeadCellTriggerPrimitiveFilter: pass=254923     all=254944     -- eff=99.99 % cumulative eff=99.97 %
Flag_BadPFMuonFilter: pass=254883     all=254923     -- eff=99.98 % cumulative eff=99.95 %
Flag_BadPFMuonDzFilter: pass=254872     all=254883     -- eff=100.00 % cumulative eff=99.95 %
Flag_eeBadScFilter: pass=254872     all=254872     -- eff=100.00 % cumulative eff=99.95 %
Flag_ecalBadCalibFilter: pass=254823     all=254872     -- eff=99.98 % cumulative eff=99.93 %
Flag_hfNoisyHitsFilter: pass=254811     all=254823     -- eff=100.00 % cumulative eff=99.93 %
Number of muons 2: pass=17375      all=254811     -- eff=6.82 % cumulative eff=6.81 %
DiMuon From Higgs: pass=8024       all=17375      -- eff=46.18 % cumulative eff=3.15 %
LeptonChargeSum: pass=7942       all=8024       -- eff=98.98 % cumulative eff=3.11 %
[2025-11-08 10:58:29.095] [main] [info] Writing quantities map to /eos/user/j/jiahua/MC_2023BPix_inc/TTto2L2Nu_powheg_23BPix/58b644d9-70c3-49ce-8d7d-edb008c6ae8e_vbfhmm.root
[2025-11-08 10:58:29.344] [main] [info] Finished Evaluation
[2025-11-08 10:58:29.344] [main] [info] Overall runtime (real time: 129.02, CPU time: 121.65)
