Starting job on \n
Running on: Linux b9p30p0838.cern.ch 5.14.0-570.44.1.el9_6.x86_64 #1 SMP PREEMPT_DYNAMIC Tue Sep 9 05:17:30 EDT 2025 x86_64 x86_64 x86_64 GNU/Linux\n
System software: Red Hat Enterprise Linux release 9.6 (Plow)\n
Setting up CROWN for RedHatEnterprise Version 9.6
subject   : /DC=ch/DC=cern/OU=Organic Units/OU=Users/CN=jiahua/CN=851532/CN=Jiahua Chen/CN=1735721823
issuer    : /DC=ch/DC=cern/OU=Organic Units/OU=Users/CN=jiahua/CN=851532/CN=Jiahua Chen
identity  : /DC=ch/DC=cern/OU=Organic Units/OU=Users/CN=jiahua/CN=851532/CN=Jiahua Chen
type      : RFC compliant proxy
strength  : 2048 bits
path      : /afs/cern.ch/user/j/jiahua/proxy/x509up_u139833
timeleft  : 196:39:19
key usage : Digital Signature, Key Encipherment
=== VO cms extension information ===
VO        : cms
subject   : /DC=ch/DC=cern/OU=Organic Units/OU=Users/CN=jiahua/CN=851532/CN=Jiahua Chen
issuer    : /DC=ch/DC=cern/OU=computers/CN=cms-auth.cern.ch
attribute : /cms/Role=NULL/Capability=NULL
timeleft  : 188:39:19
uri       : voms-cms-auth.cern.ch:15000
subject   : /DC=ch/DC=cern/OU=Organic Units/OU=Users/CN=jiahua/CN=851532/CN=Jiahua Chen/CN=1735721823
issuer    : /DC=ch/DC=cern/OU=Organic Units/OU=Users/CN=jiahua/CN=851532/CN=Jiahua Chen
identity  : /DC=ch/DC=cern/OU=Organic Units/OU=Users/CN=jiahua/CN=851532/CN=Jiahua Chen
type      : RFC compliant proxy
strength  : 2048 bits
path      : /afs/cern.ch/user/j/jiahua/proxy/x509up_u139833
timeleft  : 196:39:19
key usage : Digital Signature, Key Encipherment
=== VO cms extension information ===
VO        : cms
subject   : /DC=ch/DC=cern/OU=Organic Units/OU=Users/CN=jiahua/CN=851532/CN=Jiahua Chen
issuer    : /DC=ch/DC=cern/OU=computers/CN=cms-auth.cern.ch
attribute : /cms/Role=NULL/Capability=NULL
timeleft  : 188:39:19
uri       : voms-cms-auth.cern.ch:15000
/eos/user/j/jiahua/MC_2023BPix_inc/TWminusto2L2Nu_powheg_23BPix/dc09b7b4-0312-4ec9-9e42-e71f70e0d7cf.root
[2025-11-08 10:59:39.112] [main] [info] Checking input files
[2025-11-08 10:59:44.209] [main] [info] NanoAOD input_file 1: root://cms-xrd-global.cern.ch//store/mc/Run3Summer23BPixNanoAODv12/TWminusto2L2Nu_TuneCP5_13p6TeV_powheg-pythia8/NANOAODSIM/130X_mcRun3_2023_realistic_postBPix_v2-v3/2560000/dc09b7b4-0312-4ec9-9e42-e71f70e0d7cf.root - 90000 Events
[2025-11-08 10:59:44.209] [main] [info] input_file 1: root://cms-xrd-global.cern.ch//store/mc/Run3Summer23BPixNanoAODv12/TWminusto2L2Nu_TuneCP5_13p6TeV_powheg-pythia8/NANOAODSIM/130X_mcRun3_2023_realistic_postBPix_v2-v3/2560000/dc09b7b4-0312-4ec9-9e42-e71f70e0d7cf.root - SumOfGenWeight: 341894.6999999999 
[2025-11-08 10:59:44.209] [main] [info] Output directory: /eos/user/j/jiahua/MC_2023BPix_inc/TWminusto2L2Nu_powheg_23BPix/dc09b7b4-0312-4ec9-9e42-e71f70e0d7cf.root
[2025-11-08 10:59:44.210] [main] [info] Starting Setup of Dataframe with 90000 events
[2025-11-08 11:00:15.679] [main] [info] Finished Setup
[2025-11-08 11:00:15.679] [main] [info] Runtime for setup (real time: 31.47, CPU time: 29.42)
[2025-11-08 11:00:15.679] [main] [info] Starting Evaluation
[2025-11-08 11:00:27.691] [main] [info] 10000 / 90000 (11.11 %) Events processed ...
[2025-11-08 11:00:28.629] [main] [info] 20000 / 90000 (22.22 %) Events processed ...
[2025-11-08 11:00:33.243] [main] [info] 30000 / 90000 (33.33 %) Events processed ...
[2025-11-08 11:00:34.155] [main] [info] 40000 / 90000 (44.44 %) Events processed ...
[2025-11-08 11:00:38.216] [main] [info] 50000 / 90000 (55.56 %) Events processed ...
[2025-11-08 11:00:39.214] [main] [info] 60000 / 90000 (66.67 %) Events processed ...
[2025-11-08 11:00:40.237] [main] [info] 70000 / 90000 (77.78 %) Events processed ...
[2025-11-08 11:00:43.276] [main] [info] 80000 / 90000 (88.89 %) Events processed ...
[2025-11-08 11:00:44.192] [main] [info] 90000 / 90000 (100.00 %) Events processed ...
[2025-11-08 11:00:44.400] [main] [info] vbfhmm:
Flag_goodVertices: pass=90000      all=90000      -- eff=100.00 % cumulative eff=100.00 %
Flag_globalSuperTightHalo2016Filter: pass=89985      all=90000      -- eff=99.98 % cumulative eff=99.98 %
Flag_EcalDeadCellTriggerPrimitiveFilter: pass=89969      all=89985      -- eff=99.98 % cumulative eff=99.97 %
Flag_BadPFMuonFilter: pass=89965      all=89969      -- eff=100.00 % cumulative eff=99.96 %
Flag_BadPFMuonDzFilter: pass=89961      all=89965      -- eff=100.00 % cumulative eff=99.96 %
Flag_eeBadScFilter: pass=89961      all=89961      -- eff=100.00 % cumulative eff=99.96 %
Flag_ecalBadCalibFilter: pass=89950      all=89961      -- eff=99.99 % cumulative eff=99.94 %
Flag_hfNoisyHitsFilter: pass=89948      all=89950      -- eff=100.00 % cumulative eff=99.94 %
Number of muons 2: pass=6757       all=89948      -- eff=7.51 % cumulative eff=7.51 %
DiMuon From Higgs: pass=3093       all=6757       -- eff=45.77 % cumulative eff=3.44 %
LeptonChargeSum: pass=3070       all=3093       -- eff=99.26 % cumulative eff=3.41 %
[2025-11-08 11:00:44.525] [main] [info] Writing quantities map to /eos/user/j/jiahua/MC_2023BPix_inc/TWminusto2L2Nu_powheg_23BPix/dc09b7b4-0312-4ec9-9e42-e71f70e0d7cf_vbfhmm.root
[2025-11-08 11:00:44.685] [main] [info] Finished Evaluation
[2025-11-08 11:00:44.685] [main] [info] Overall runtime (real time: 60.48, CPU time: 45.02)
