Starting job on \n
Running on: Linux b9p16p3303.cern.ch 5.14.0-570.44.1.el9_6.x86_64 #1 SMP PREEMPT_DYNAMIC Tue Sep 9 05:17:30 EDT 2025 x86_64 x86_64 x86_64 GNU/Linux\n
System software: Red Hat Enterprise Linux release 9.6 (Plow)\n
Setting up CROWN for RedHatEnterprise Version 9.6
subject   : /DC=ch/DC=cern/OU=Organic Units/OU=Users/CN=jiahua/CN=851532/CN=Jiahua Chen/CN=1735721823
issuer    : /DC=ch/DC=cern/OU=Organic Units/OU=Users/CN=jiahua/CN=851532/CN=Jiahua Chen
identity  : /DC=ch/DC=cern/OU=Organic Units/OU=Users/CN=jiahua/CN=851532/CN=Jiahua Chen
type      : RFC compliant proxy
strength  : 2048 bits
path      : /afs/cern.ch/user/j/jiahua/proxy/x509up_u139833
timeleft  : 196:43:21
key usage : Digital Signature, Key Encipherment
=== VO cms extension information ===
VO        : cms
subject   : /DC=ch/DC=cern/OU=Organic Units/OU=Users/CN=jiahua/CN=851532/CN=Jiahua Chen
issuer    : /DC=ch/DC=cern/OU=computers/CN=cms-auth.cern.ch
attribute : /cms/Role=NULL/Capability=NULL
timeleft  : 188:43:21
uri       : voms-cms-auth.cern.ch:15000
subject   : /DC=ch/DC=cern/OU=Organic Units/OU=Users/CN=jiahua/CN=851532/CN=Jiahua Chen/CN=1735721823
issuer    : /DC=ch/DC=cern/OU=Organic Units/OU=Users/CN=jiahua/CN=851532/CN=Jiahua Chen
identity  : /DC=ch/DC=cern/OU=Organic Units/OU=Users/CN=jiahua/CN=851532/CN=Jiahua Chen
type      : RFC compliant proxy
strength  : 2048 bits
path      : /afs/cern.ch/user/j/jiahua/proxy/x509up_u139833
timeleft  : 196:43:21
key usage : Digital Signature, Key Encipherment
=== VO cms extension information ===
VO        : cms
subject   : /DC=ch/DC=cern/OU=Organic Units/OU=Users/CN=jiahua/CN=851532/CN=Jiahua Chen
issuer    : /DC=ch/DC=cern/OU=computers/CN=cms-auth.cern.ch
attribute : /cms/Role=NULL/Capability=NULL
timeleft  : 188:43:21
uri       : voms-cms-auth.cern.ch:15000
/eos/user/j/jiahua/MC_2023BPix_inc/VBFHto2Mu_M-125_powheg_23BPix/d75299af-a2d4-4c6b-8fb8-496d5ada6de9.root
[2025-11-08 10:55:37.306] [main] [info] Checking input files
[2025-11-08 10:55:42.657] [main] [info] NanoAOD input_file 1: root://cms-xrd-global.cern.ch//store/mc/Run3Summer23BPixNanoAODv12/VBFHto2Mu_M-125_TuneCP5_13p6TeV_powheg-pythia8/NANOAODSIM/130X_mcRun3_2023_realistic_postBPix_v6-v2/2820000/d75299af-a2d4-4c6b-8fb8-496d5ada6de9.root - 3000 Events
[2025-11-08 10:55:42.674] [main] [info] input_file 1: root://cms-xrd-global.cern.ch//store/mc/Run3Summer23BPixNanoAODv12/VBFHto2Mu_M-125_TuneCP5_13p6TeV_powheg-pythia8/NANOAODSIM/130X_mcRun3_2023_realistic_postBPix_v6-v2/2820000/d75299af-a2d4-4c6b-8fb8-496d5ada6de9.root - SumOfGenWeight: 12544.411480000002 
[2025-11-08 10:55:42.674] [main] [info] Output directory: /eos/user/j/jiahua/MC_2023BPix_inc/VBFHto2Mu_M-125_powheg_23BPix/d75299af-a2d4-4c6b-8fb8-496d5ada6de9.root
[2025-11-08 10:55:42.675] [main] [info] Starting Setup of Dataframe with 3000 events
[2025-11-08 10:56:46.922] [main] [info] Finished Setup
[2025-11-08 10:56:46.922] [main] [info] Runtime for setup (real time: 64.25, CPU time: 63.21)
[2025-11-08 10:56:46.922] [main] [info] Starting Evaluation
[2025-11-08 10:57:07.548] [main] [info] vbfhmm:
Flag_goodVertices: pass=3000       all=3000       -- eff=100.00 % cumulative eff=100.00 %
Flag_globalSuperTightHalo2016Filter: pass=3000       all=3000       -- eff=100.00 % cumulative eff=100.00 %
Flag_EcalDeadCellTriggerPrimitiveFilter: pass=3000       all=3000       -- eff=100.00 % cumulative eff=100.00 %
Flag_BadPFMuonFilter: pass=3000       all=3000       -- eff=100.00 % cumulative eff=100.00 %
Flag_BadPFMuonDzFilter: pass=3000       all=3000       -- eff=100.00 % cumulative eff=100.00 %
Flag_eeBadScFilter: pass=3000       all=3000       -- eff=100.00 % cumulative eff=100.00 %
Flag_ecalBadCalibFilter: pass=2998       all=3000       -- eff=99.93 % cumulative eff=99.93 %
Flag_hfNoisyHitsFilter: pass=2997       all=2998       -- eff=99.97 % cumulative eff=99.90 %
Number of muons 2: pass=1929       all=2997       -- eff=64.36 % cumulative eff=64.30 %
DiMuon From Higgs: pass=1924       all=1929       -- eff=99.74 % cumulative eff=64.13 %
LeptonChargeSum: pass=1924       all=1924       -- eff=100.00 % cumulative eff=64.13 %
[2025-11-08 10:57:07.736] [main] [info] Writing quantities map to /eos/user/j/jiahua/MC_2023BPix_inc/VBFHto2Mu_M-125_powheg_23BPix/d75299af-a2d4-4c6b-8fb8-496d5ada6de9_vbfhmm.root
[2025-11-08 10:57:07.829] [main] [info] Finished Evaluation
[2025-11-08 10:57:07.829] [main] [info] Overall runtime (real time: 85.16, CPU time: 82.91)
