Starting job on \n
Running on: Linux b9g12p7113.cern.ch 5.14.0-570.44.1.el9_6.x86_64 #1 SMP PREEMPT_DYNAMIC Tue Sep 9 05:17:30 EDT 2025 x86_64 x86_64 x86_64 GNU/Linux\n
System software: Red Hat Enterprise Linux release 9.6 (Plow)\n
Setting up CROWN for RedHatEnterprise Version 9.6
subject   : /DC=ch/DC=cern/OU=Organic Units/OU=Users/CN=jiahua/CN=851532/CN=Jiahua Chen/CN=1735721823
issuer    : /DC=ch/DC=cern/OU=Organic Units/OU=Users/CN=jiahua/CN=851532/CN=Jiahua Chen
identity  : /DC=ch/DC=cern/OU=Organic Units/OU=Users/CN=jiahua/CN=851532/CN=Jiahua Chen
type      : RFC compliant proxy
strength  : 2048 bits
path      : /afs/cern.ch/user/j/jiahua/proxy/x509up_u139833
timeleft  : 196:42:11
key usage : Digital Signature, Key Encipherment
=== VO cms extension information ===
VO        : cms
subject   : /DC=ch/DC=cern/OU=Organic Units/OU=Users/CN=jiahua/CN=851532/CN=Jiahua Chen
issuer    : /DC=ch/DC=cern/OU=computers/CN=cms-auth.cern.ch
attribute : /cms/Role=NULL/Capability=NULL
timeleft  : 188:42:11
uri       : voms-cms-auth.cern.ch:15000
subject   : /DC=ch/DC=cern/OU=Organic Units/OU=Users/CN=jiahua/CN=851532/CN=Jiahua Chen/CN=1735721823
issuer    : /DC=ch/DC=cern/OU=Organic Units/OU=Users/CN=jiahua/CN=851532/CN=Jiahua Chen
identity  : /DC=ch/DC=cern/OU=Organic Units/OU=Users/CN=jiahua/CN=851532/CN=Jiahua Chen
type      : RFC compliant proxy
strength  : 2048 bits
path      : /afs/cern.ch/user/j/jiahua/proxy/x509up_u139833
timeleft  : 196:42:11
key usage : Digital Signature, Key Encipherment
=== VO cms extension information ===
VO        : cms
subject   : /DC=ch/DC=cern/OU=Organic Units/OU=Users/CN=jiahua/CN=851532/CN=Jiahua Chen
issuer    : /DC=ch/DC=cern/OU=computers/CN=cms-auth.cern.ch
attribute : /cms/Role=NULL/Capability=NULL
timeleft  : 188:42:11
uri       : voms-cms-auth.cern.ch:15000
/eos/user/j/jiahua/MC_2023BPix_inc/WWto2L2Nu_powheg_23BPix/de242f1d-bb6c-4776-a56f-1edc77ab5852.root
[2025-11-08 10:56:47.302] [main] [info] Checking input files
[2025-11-08 10:56:52.896] [main] [info] NanoAOD input_file 1: root://cms-xrd-global.cern.ch//store/mc/Run3Summer23BPixNanoAODv12/WWto2L2Nu_TuneCP5_13p6TeV_powheg-pythia8/NANOAODSIM/130X_mcRun3_2023_realistic_postBPix_v2-v3/2560000/de242f1d-bb6c-4776-a56f-1edc77ab5852.root - 9000 Events
[2025-11-08 10:56:52.896] [main] [info] input_file 1: root://cms-xrd-global.cern.ch//store/mc/Run3Summer23BPixNanoAODv12/WWto2L2Nu_TuneCP5_13p6TeV_powheg-pythia8/NANOAODSIM/130X_mcRun3_2023_realistic_postBPix_v2-v3/2560000/de242f1d-bb6c-4776-a56f-1edc77ab5852.root - SumOfGenWeight: 106123.5 
[2025-11-08 10:56:52.896] [main] [info] Output directory: /eos/user/j/jiahua/MC_2023BPix_inc/WWto2L2Nu_powheg_23BPix/de242f1d-bb6c-4776-a56f-1edc77ab5852.root
[2025-11-08 10:56:52.897] [main] [info] Starting Setup of Dataframe with 9000 events
[2025-11-08 10:58:06.539] [main] [info] Finished Setup
[2025-11-08 10:58:06.539] [main] [info] Runtime for setup (real time: 73.64, CPU time: 71.42)
[2025-11-08 10:58:06.539] [main] [info] Starting Evaluation
[2025-11-08 10:58:29.669] [main] [info] vbfhmm:
Flag_goodVertices: pass=9000       all=9000       -- eff=100.00 % cumulative eff=100.00 %
Flag_globalSuperTightHalo2016Filter: pass=8999       all=9000       -- eff=99.99 % cumulative eff=99.99 %
Flag_EcalDeadCellTriggerPrimitiveFilter: pass=8998       all=8999       -- eff=99.99 % cumulative eff=99.98 %
Flag_BadPFMuonFilter: pass=8998       all=8998       -- eff=100.00 % cumulative eff=99.98 %
Flag_BadPFMuonDzFilter: pass=8998       all=8998       -- eff=100.00 % cumulative eff=99.98 %
Flag_eeBadScFilter: pass=8998       all=8998       -- eff=100.00 % cumulative eff=99.98 %
Flag_ecalBadCalibFilter: pass=8994       all=8998       -- eff=99.96 % cumulative eff=99.93 %
Flag_hfNoisyHitsFilter: pass=8993       all=8994       -- eff=99.99 % cumulative eff=99.92 %
Number of muons 2: pass=480        all=8993       -- eff=5.34 % cumulative eff=5.33 %
DiMuon From Higgs: pass=250        all=480        -- eff=52.08 % cumulative eff=2.78 %
LeptonChargeSum: pass=250        all=250        -- eff=100.00 % cumulative eff=2.78 %
[2025-11-08 10:58:30.004] [main] [info] Writing quantities map to /eos/user/j/jiahua/MC_2023BPix_inc/WWto2L2Nu_powheg_23BPix/de242f1d-bb6c-4776-a56f-1edc77ab5852_vbfhmm.root
[2025-11-08 10:58:30.113] [main] [info] Finished Evaluation
[2025-11-08 10:58:30.113] [main] [info] Overall runtime (real time: 97.22, CPU time: 88.63)
