Starting job on \n
Running on: Linux b9p29p3973.cern.ch 5.14.0-570.44.1.el9_6.x86_64 #1 SMP PREEMPT_DYNAMIC Tue Sep 9 05:17:30 EDT 2025 x86_64 x86_64 x86_64 GNU/Linux\n
System software: Red Hat Enterprise Linux release 9.6 (Plow)\n
Setting up CROWN for RedHatEnterprise Version 9.6
subject   : /DC=ch/DC=cern/OU=Organic Units/OU=Users/CN=jiahua/CN=851532/CN=Jiahua Chen/CN=1735721823
issuer    : /DC=ch/DC=cern/OU=Organic Units/OU=Users/CN=jiahua/CN=851532/CN=Jiahua Chen
identity  : /DC=ch/DC=cern/OU=Organic Units/OU=Users/CN=jiahua/CN=851532/CN=Jiahua Chen
type      : RFC compliant proxy
strength  : 2048 bits
path      : /afs/cern.ch/user/j/jiahua/proxy/x509up_u139833
timeleft  : 196:41:30
key usage : Digital Signature, Key Encipherment
=== VO cms extension information ===
VO        : cms
subject   : /DC=ch/DC=cern/OU=Organic Units/OU=Users/CN=jiahua/CN=851532/CN=Jiahua Chen
issuer    : /DC=ch/DC=cern/OU=computers/CN=cms-auth.cern.ch
attribute : /cms/Role=NULL/Capability=NULL
timeleft  : 188:41:30
uri       : voms-cms-auth.cern.ch:15000
subject   : /DC=ch/DC=cern/OU=Organic Units/OU=Users/CN=jiahua/CN=851532/CN=Jiahua Chen/CN=1735721823
issuer    : /DC=ch/DC=cern/OU=Organic Units/OU=Users/CN=jiahua/CN=851532/CN=Jiahua Chen
identity  : /DC=ch/DC=cern/OU=Organic Units/OU=Users/CN=jiahua/CN=851532/CN=Jiahua Chen
type      : RFC compliant proxy
strength  : 2048 bits
path      : /afs/cern.ch/user/j/jiahua/proxy/x509up_u139833
timeleft  : 196:41:30
key usage : Digital Signature, Key Encipherment
=== VO cms extension information ===
VO        : cms
subject   : /DC=ch/DC=cern/OU=Organic Units/OU=Users/CN=jiahua/CN=851532/CN=Jiahua Chen
issuer    : /DC=ch/DC=cern/OU=computers/CN=cms-auth.cern.ch
attribute : /cms/Role=NULL/Capability=NULL
timeleft  : 188:41:30
uri       : voms-cms-auth.cern.ch:15000
/eos/user/j/jiahua/MC_2023BPix_inc/WWto2L2Nu_powheg_23BPix/e55363f7-ec1a-4ff5-8eda-5a0131473469.root
[2025-11-08 10:57:28.949] [main] [info] Checking input files
[2025-11-08 10:57:35.950] [main] [info] NanoAOD input_file 1: root://cms-xrd-global.cern.ch//store/mc/Run3Summer23BPixNanoAODv12/WWto2L2Nu_TuneCP5_13p6TeV_powheg-pythia8/NANOAODSIM/130X_mcRun3_2023_realistic_postBPix_v2-v3/2810000/e55363f7-ec1a-4ff5-8eda-5a0131473469.root - 261000 Events
[2025-11-08 10:57:35.963] [main] [info] input_file 1: root://cms-xrd-global.cern.ch//store/mc/Run3Summer23BPixNanoAODv12/WWto2L2Nu_TuneCP5_13p6TeV_powheg-pythia8/NANOAODSIM/130X_mcRun3_2023_realistic_postBPix_v2-v3/2810000/e55363f7-ec1a-4ff5-8eda-5a0131473469.root - SumOfGenWeight: 3077109.8399999994 
[2025-11-08 10:57:35.964] [main] [info] Output directory: /eos/user/j/jiahua/MC_2023BPix_inc/WWto2L2Nu_powheg_23BPix/e55363f7-ec1a-4ff5-8eda-5a0131473469.root
[2025-11-08 10:57:35.964] [main] [info] Starting Setup of Dataframe with 261000 events
[2025-11-08 10:58:12.050] [main] [info] Finished Setup
[2025-11-08 10:58:12.050] [main] [info] Runtime for setup (real time: 36.09, CPU time: 33.45)
[2025-11-08 10:58:12.050] [main] [info] Starting Evaluation
[2025-11-08 10:58:41.263] [main] [info] 10000 / 261000 (3.83 %) Events processed ...
[2025-11-08 10:58:41.863] [main] [info] 20000 / 261000 (7.66 %) Events processed ...
[2025-11-08 10:58:42.450] [main] [info] 30000 / 261000 (11.49 %) Events processed ...
[2025-11-08 10:58:56.416] [main] [info] 40000 / 261000 (15.33 %) Events processed ...
[2025-11-08 10:58:57.085] [main] [info] 50000 / 261000 (19.16 %) Events processed ...
[2025-11-08 10:58:57.858] [main] [info] 60000 / 261000 (22.99 %) Events processed ...
[2025-11-08 10:59:13.333] [main] [info] 70000 / 261000 (26.82 %) Events processed ...
[2025-11-08 10:59:13.909] [main] [info] 80000 / 261000 (30.65 %) Events processed ...
[2025-11-08 10:59:14.500] [main] [info] 90000 / 261000 (34.48 %) Events processed ...
[2025-11-08 10:59:26.315] [main] [info] 100000 / 261000 (38.31 %) Events processed ...
[2025-11-08 10:59:26.948] [main] [info] 110000 / 261000 (42.15 %) Events processed ...
[2025-11-08 10:59:27.544] [main] [info] 120000 / 261000 (45.98 %) Events processed ...
[2025-11-08 10:59:40.669] [main] [info] 130000 / 261000 (49.81 %) Events processed ...
[2025-11-08 10:59:41.316] [main] [info] 140000 / 261000 (53.64 %) Events processed ...
[2025-11-08 10:59:41.922] [main] [info] 150000 / 261000 (57.47 %) Events processed ...
[2025-11-08 10:59:52.251] [main] [info] 160000 / 261000 (61.30 %) Events processed ...
[2025-11-08 10:59:52.942] [main] [info] 170000 / 261000 (65.13 %) Events processed ...
[2025-11-08 10:59:53.607] [main] [info] 180000 / 261000 (68.97 %) Events processed ...
[2025-11-08 10:59:59.402] [main] [info] 190000 / 261000 (72.80 %) Events processed ...
[2025-11-08 10:59:59.958] [main] [info] 200000 / 261000 (76.63 %) Events processed ...
[2025-11-08 11:00:00.550] [main] [info] 210000 / 261000 (80.46 %) Events processed ...
[2025-11-08 11:00:05.999] [main] [info] 220000 / 261000 (84.29 %) Events processed ...
[2025-11-08 11:00:06.599] [main] [info] 230000 / 261000 (88.12 %) Events processed ...
[2025-11-08 11:00:07.180] [main] [info] 240000 / 261000 (91.95 %) Events processed ...
[2025-11-08 11:00:10.204] [main] [info] 250000 / 261000 (95.79 %) Events processed ...
[2025-11-08 11:00:11.045] [main] [info] 260000 / 261000 (99.62 %) Events processed ...
[2025-11-08 11:00:11.710] [main] [info] vbfhmm:
Flag_goodVertices: pass=260999     all=261000     -- eff=100.00 % cumulative eff=100.00 %
Flag_globalSuperTightHalo2016Filter: pass=260970     all=260999     -- eff=99.99 % cumulative eff=99.99 %
Flag_EcalDeadCellTriggerPrimitiveFilter: pass=260958     all=260970     -- eff=100.00 % cumulative eff=99.98 %
Flag_BadPFMuonFilter: pass=260939     all=260958     -- eff=99.99 % cumulative eff=99.98 %
Flag_BadPFMuonDzFilter: pass=260933     all=260939     -- eff=100.00 % cumulative eff=99.97 %
Flag_eeBadScFilter: pass=260933     all=260933     -- eff=100.00 % cumulative eff=99.97 %
Flag_ecalBadCalibFilter: pass=260883     all=260933     -- eff=99.98 % cumulative eff=99.96 %
Flag_hfNoisyHitsFilter: pass=260875     all=260883     -- eff=100.00 % cumulative eff=99.95 %
Number of muons 2: pass=13394      all=260875     -- eff=5.13 % cumulative eff=5.13 %
DiMuon From Higgs: pass=6339       all=13394      -- eff=47.33 % cumulative eff=2.43 %
LeptonChargeSum: pass=6334       all=6339       -- eff=99.92 % cumulative eff=2.43 %
[2025-11-08 11:00:12.045] [main] [info] Writing quantities map to /eos/user/j/jiahua/MC_2023BPix_inc/WWto2L2Nu_powheg_23BPix/e55363f7-ec1a-4ff5-8eda-5a0131473469_vbfhmm.root
[2025-11-08 11:00:12.412] [main] [info] Finished Evaluation
[2025-11-08 11:00:12.412] [main] [info] Overall runtime (real time: 156.45, CPU time: 59.99)
