000 (12769474.021.000) 11/08 10:44:18 Job submitted from host: <188.185.121.235:9618?addrs=188.185.121.235-9618+[2001-1458-d00-49--100-36e]-9618&alias=bigbird22.cern.ch&noUDP&sock=schedd_232129_c3ca>
...
040 (12769474.021.000) 11/08 10:58:19 Started transferring input files
	Transferring to host: <188.185.208.151:9618?addrs=188.185.208.151-9618+[2001-1458-303-10--100-14]-9618&alias=b9p10p5671.cern.ch&noUDP&sock=slot1_17_5263_026f_48031>
...
040 (12769474.021.000) 11/08 10:58:19 Finished transferring input files
...
001 (12769474.021.000) 11/08 10:58:20 Job executing on host: <188.185.208.151:9618?addrs=188.185.208.151-9618+[2001-1458-303-10--100-14]-9618&alias=b9p10p5671.cern.ch&noUDP&sock=startd_4329_e993>
	SlotName: slot1_17@b9p10p5671.cern.ch
	CondorScratchDir = "/pool/condor/dir_2618774"
	Cpus = 1
	Disk = 15900
	GPUs = 0
	Memory = 3000
...
006 (12769474.021.000) 11/08 10:58:34 Image size of job updated: 99256
	97  -  MemoryUsage of job (MB)
	99256  -  ResidentSetSize of job (KB)
...
006 (12769474.021.000) 11/08 10:59:01 Image size of job updated: 101164
	97  -  MemoryUsage of job (MB)
	99256  -  ResidentSetSize of job (KB)
...
040 (12769474.021.000) 11/08 10:59:01 Started transferring output files
...
040 (12769474.021.000) 11/08 10:59:01 Finished transferring output files
...
005 (12769474.021.000) 11/08 10:59:16 Job terminated.
	(1) Normal termination (return value 1)
		Usr 0 00:00:04, Sys 0 00:00:01  -  Run Remote Usage
		Usr 0 00:00:00, Sys 0 00:00:00  -  Run Local Usage
		Usr 0 00:00:04, Sys 0 00:00:01  -  Total Remote Usage
		Usr 0 00:00:00, Sys 0 00:00:00  -  Total Local Usage
	2344  -  Run Bytes Sent By Job
	11220240  -  Run Bytes Received By Job
	2344  -  Total Bytes Sent By Job
	11220240  -  Total Bytes Received By Job
	Partitionable Resources :    Usage  Request Allocated 
	   Cpus                 :        0        1         1 
	   Disk (KB)            :    10985    12500     15900 
	   GPUs                 :                           0 
	   Memory (MB)          :       97     3000      3000 
	   TimeExecute (s)      :       41                    
	   TimeSlotBusy (s)     :       42                    

	Job terminated of its own accord at 2025-11-08T09:59:01Z with exit-code 1.
...
