000 (12769474.049.000) 11/08 10:44:18 Job submitted from host: <188.185.121.235:9618?addrs=188.185.121.235-9618+[2001-1458-d00-49--100-36e]-9618&alias=bigbird22.cern.ch&noUDP&sock=schedd_232129_c3ca>
...
040 (12769474.049.000) 11/08 10:58:29 Started transferring input files
	Transferring to host: <188.185.210.149:9618?addrs=188.185.210.149-9618+[2001-1458-303-15--100-11]-9618&alias=b9p22p4349.cern.ch&noUDP&sock=slot1_29_4334_71e9_51056>
...
040 (12769474.049.000) 11/08 10:58:29 Finished transferring input files
...
001 (12769474.049.000) 11/08 10:58:30 Job executing on host: <188.185.210.149:9618?addrs=188.185.210.149-9618+[2001-1458-303-15--100-11]-9618&alias=b9p22p4349.cern.ch&noUDP&sock=startd_3688_3d5e>
	SlotName: slot1_29@b9p22p4349.cern.ch
	CondorScratchDir = "/pool/condor/dir_1980603"
	Cpus = 1
	Disk = 15719
	GPUs = 0
	Memory = 3000
...
006 (12769474.049.000) 11/08 10:58:44 Image size of job updated: 95168
	93  -  MemoryUsage of job (MB)
	95168  -  ResidentSetSize of job (KB)
...
006 (12769474.049.000) 11/08 10:59:50 Image size of job updated: 450692
	93  -  MemoryUsage of job (MB)
	95168  -  ResidentSetSize of job (KB)
...
040 (12769474.049.000) 11/08 10:59:50 Started transferring output files
...
040 (12769474.049.000) 11/08 10:59:51 Finished transferring output files
...
005 (12769474.049.000) 11/08 10:59:52 Job terminated.
	(1) Normal termination (return value 0)
		Usr 0 00:00:50, Sys 0 00:00:02  -  Run Remote Usage
		Usr 0 00:00:00, Sys 0 00:00:00  -  Run Local Usage
		Usr 0 00:00:50, Sys 0 00:00:02  -  Total Remote Usage
		Usr 0 00:00:00, Sys 0 00:00:00  -  Total Local Usage
	9719  -  Run Bytes Sent By Job
	11220240  -  Run Bytes Received By Job
	9719  -  Total Bytes Sent By Job
	11220240  -  Total Bytes Received By Job
	Partitionable Resources :    Usage  Request Allocated 
	   Cpus                 :        0        1         1 
	   Disk (KB)            :    10990    12500     15719 
	   GPUs                 :                           0 
	   Memory (MB)          :       93     3000      3000 
	   TimeExecute (s)      :       80                    
	   TimeSlotBusy (s)     :       82                    

	Job terminated of its own accord at 2025-11-08T09:59:50Z with exit-code 0.
...
