Starting job on \n
Running on: Linux b9p28p6977.cern.ch 5.14.0-570.44.1.el9_6.x86_64 #1 SMP PREEMPT_DYNAMIC Tue Sep 9 05:17:30 EDT 2025 x86_64 x86_64 x86_64 GNU/Linux\n
System software: Red Hat Enterprise Linux release 9.6 (Plow)\n
Setting up CROWN for RedHatEnterprise Version 9.6
subject   : /DC=ch/DC=cern/OU=Organic Units/OU=Users/CN=jiahua/CN=851532/CN=Jiahua Chen/CN=1735721823
issuer    : /DC=ch/DC=cern/OU=Organic Units/OU=Users/CN=jiahua/CN=851532/CN=Jiahua Chen
identity  : /DC=ch/DC=cern/OU=Organic Units/OU=Users/CN=jiahua/CN=851532/CN=Jiahua Chen
type      : RFC compliant proxy
strength  : 2048 bits
path      : /afs/cern.ch/user/j/jiahua/proxy/x509up_u139833
timeleft  : 196:41:18
key usage : Digital Signature, Key Encipherment
=== VO cms extension information ===
VO        : cms
subject   : /DC=ch/DC=cern/OU=Organic Units/OU=Users/CN=jiahua/CN=851532/CN=Jiahua Chen
issuer    : /DC=ch/DC=cern/OU=computers/CN=cms-auth.cern.ch
attribute : /cms/Role=NULL/Capability=NULL
timeleft  : 188:41:18
uri       : voms-cms-auth.cern.ch:15000
subject   : /DC=ch/DC=cern/OU=Organic Units/OU=Users/CN=jiahua/CN=851532/CN=Jiahua Chen/CN=1735721823
issuer    : /DC=ch/DC=cern/OU=Organic Units/OU=Users/CN=jiahua/CN=851532/CN=Jiahua Chen
identity  : /DC=ch/DC=cern/OU=Organic Units/OU=Users/CN=jiahua/CN=851532/CN=Jiahua Chen
type      : RFC compliant proxy
strength  : 2048 bits
path      : /afs/cern.ch/user/j/jiahua/proxy/x509up_u139833
timeleft  : 196:41:18
key usage : Digital Signature, Key Encipherment
=== VO cms extension information ===
VO        : cms
subject   : /DC=ch/DC=cern/OU=Organic Units/OU=Users/CN=jiahua/CN=851532/CN=Jiahua Chen
issuer    : /DC=ch/DC=cern/OU=computers/CN=cms-auth.cern.ch
attribute : /cms/Role=NULL/Capability=NULL
timeleft  : 188:41:18
uri       : voms-cms-auth.cern.ch:15000
/eos/user/j/jiahua/MC_2023BPix_inc/ZZto2L2Nu_powheg_23BPix/9f06f6e5-f12a-4bbd-9a0b-ddba6687a587.root
[2025-11-08 10:57:40.982] [main] [info] Checking input files
[2025-11-08 10:57:46.789] [main] [info] NanoAOD input_file 1: root://cms-xrd-global.cern.ch//store/mc/Run3Summer23BPixNanoAODv12/ZZto2L2Nu_TuneCP5_13p6TeV_powheg-pythia8/NANOAODSIM/130X_mcRun3_2023_realistic_postBPix_v2-v3/2820000/9f06f6e5-f12a-4bbd-9a0b-ddba6687a587.root - 84000 Events
[2025-11-08 10:57:46.790] [main] [info] input_file 1: root://cms-xrd-global.cern.ch//store/mc/Run3Summer23BPixNanoAODv12/ZZto2L2Nu_TuneCP5_13p6TeV_powheg-pythia8/NANOAODSIM/130X_mcRun3_2023_realistic_postBPix_v2-v3/2820000/9f06f6e5-f12a-4bbd-9a0b-ddba6687a587.root - SumOfGenWeight: 86572.94200000002 
[2025-11-08 10:57:46.790] [main] [info] Output directory: /eos/user/j/jiahua/MC_2023BPix_inc/ZZto2L2Nu_powheg_23BPix/9f06f6e5-f12a-4bbd-9a0b-ddba6687a587.root
[2025-11-08 10:57:46.791] [main] [info] Starting Setup of Dataframe with 84000 events
[2025-11-08 10:58:19.711] [main] [info] Finished Setup
[2025-11-08 10:58:19.711] [main] [info] Runtime for setup (real time: 32.92, CPU time: 31.74)
[2025-11-08 10:58:19.711] [main] [info] Starting Evaluation
[2025-11-08 10:58:28.715] [main] [info] 10000 / 84000 (11.90 %) Events processed ...
[2025-11-08 10:58:30.244] [main] [info] 20000 / 84000 (23.81 %) Events processed ...
[2025-11-08 10:58:31.758] [main] [info] 30000 / 84000 (35.71 %) Events processed ...
[2025-11-08 10:58:33.782] [main] [info] 40000 / 84000 (47.62 %) Events processed ...
[2025-11-08 10:58:35.510] [main] [info] 50000 / 84000 (59.52 %) Events processed ...
[2025-11-08 10:58:37.189] [main] [info] 60000 / 84000 (71.43 %) Events processed ...
[2025-11-08 10:58:38.669] [main] [info] 70000 / 84000 (83.33 %) Events processed ...
[2025-11-08 10:58:42.344] [main] [info] 80000 / 84000 (95.24 %) Events processed ...
[2025-11-08 10:58:43.086] [main] [info] vbfhmm:
Flag_goodVertices: pass=84000      all=84000      -- eff=100.00 % cumulative eff=100.00 %
Flag_globalSuperTightHalo2016Filter: pass=83992      all=84000      -- eff=99.99 % cumulative eff=99.99 %
Flag_EcalDeadCellTriggerPrimitiveFilter: pass=83988      all=83992      -- eff=100.00 % cumulative eff=99.99 %
Flag_BadPFMuonFilter: pass=83983      all=83988      -- eff=99.99 % cumulative eff=99.98 %
Flag_BadPFMuonDzFilter: pass=83980      all=83983      -- eff=100.00 % cumulative eff=99.98 %
Flag_eeBadScFilter: pass=83980      all=83980      -- eff=100.00 % cumulative eff=99.98 %
Flag_ecalBadCalibFilter: pass=83965      all=83980      -- eff=99.98 % cumulative eff=99.96 %
Flag_hfNoisyHitsFilter: pass=83961      all=83965      -- eff=100.00 % cumulative eff=99.95 %
Number of muons 2: pass=8927       all=83961      -- eff=10.63 % cumulative eff=10.63 %
DiMuon From Higgs: pass=8383       all=8927       -- eff=93.91 % cumulative eff=9.98 %
LeptonChargeSum: pass=8381       all=8383       -- eff=99.98 % cumulative eff=9.98 %
[2025-11-08 10:58:43.258] [main] [info] Writing quantities map to /eos/user/j/jiahua/MC_2023BPix_inc/ZZto2L2Nu_powheg_23BPix/9f06f6e5-f12a-4bbd-9a0b-ddba6687a587_vbfhmm.root
[2025-11-08 10:58:43.323] [main] [info] Finished Evaluation
[2025-11-08 10:58:43.323] [main] [info] Overall runtime (real time: 56.53, CPU time: 51.47)
