Starting job on \n
Running on: Linux b9p22p9160.cern.ch 5.14.0-570.44.1.el9_6.x86_64 #1 SMP PREEMPT_DYNAMIC Tue Sep 9 05:17:30 EDT 2025 x86_64 x86_64 x86_64 GNU/Linux\n
System software: Red Hat Enterprise Linux release 9.6 (Plow)\n
Setting up CROWN for RedHatEnterprise Version 9.6
subject   : /DC=ch/DC=cern/OU=Organic Units/OU=Users/CN=jiahua/CN=851532/CN=Jiahua Chen/CN=1735721823
issuer    : /DC=ch/DC=cern/OU=Organic Units/OU=Users/CN=jiahua/CN=851532/CN=Jiahua Chen
identity  : /DC=ch/DC=cern/OU=Organic Units/OU=Users/CN=jiahua/CN=851532/CN=Jiahua Chen
type      : RFC compliant proxy
strength  : 2048 bits
path      : /afs/cern.ch/user/j/jiahua/proxy/x509up_u139833
timeleft  : 196:41:14
key usage : Digital Signature, Key Encipherment
=== VO cms extension information ===
VO        : cms
subject   : /DC=ch/DC=cern/OU=Organic Units/OU=Users/CN=jiahua/CN=851532/CN=Jiahua Chen
issuer    : /DC=ch/DC=cern/OU=computers/CN=cms-auth.cern.ch
attribute : /cms/Role=NULL/Capability=NULL
timeleft  : 188:41:14
uri       : voms-cms-auth.cern.ch:15000
subject   : /DC=ch/DC=cern/OU=Organic Units/OU=Users/CN=jiahua/CN=851532/CN=Jiahua Chen/CN=1735721823
issuer    : /DC=ch/DC=cern/OU=Organic Units/OU=Users/CN=jiahua/CN=851532/CN=Jiahua Chen
identity  : /DC=ch/DC=cern/OU=Organic Units/OU=Users/CN=jiahua/CN=851532/CN=Jiahua Chen
type      : RFC compliant proxy
strength  : 2048 bits
path      : /afs/cern.ch/user/j/jiahua/proxy/x509up_u139833
timeleft  : 196:41:14
key usage : Digital Signature, Key Encipherment
=== VO cms extension information ===
VO        : cms
subject   : /DC=ch/DC=cern/OU=Organic Units/OU=Users/CN=jiahua/CN=851532/CN=Jiahua Chen
issuer    : /DC=ch/DC=cern/OU=computers/CN=cms-auth.cern.ch
attribute : /cms/Role=NULL/Capability=NULL
timeleft  : 188:41:14
uri       : voms-cms-auth.cern.ch:15000
/eos/user/j/jiahua/MC_2023BPix_inc/ZZto2L2Nu_powheg_23BPix/bdbd3a81-3b02-496b-987e-5d82afda5935.root
[2025-11-08 10:57:44.613] [main] [info] Checking input files
[2025-11-08 10:57:50.968] [main] [info] NanoAOD input_file 1: root://cms-xrd-global.cern.ch//store/mc/Run3Summer23BPixNanoAODv12/ZZto2L2Nu_TuneCP5_13p6TeV_powheg-pythia8/NANOAODSIM/130X_mcRun3_2023_realistic_postBPix_v2-v3/40000/bdbd3a81-3b02-496b-987e-5d82afda5935.root - 474000 Events
[2025-11-08 10:57:50.968] [main] [info] input_file 1: root://cms-xrd-global.cern.ch//store/mc/Run3Summer23BPixNanoAODv12/ZZto2L2Nu_TuneCP5_13p6TeV_powheg-pythia8/NANOAODSIM/130X_mcRun3_2023_realistic_postBPix_v2-v3/40000/bdbd3a81-3b02-496b-987e-5d82afda5935.root - SumOfGenWeight: 488659.83472000004 
[2025-11-08 10:57:50.968] [main] [info] Output directory: /eos/user/j/jiahua/MC_2023BPix_inc/ZZto2L2Nu_powheg_23BPix/bdbd3a81-3b02-496b-987e-5d82afda5935.root
[2025-11-08 10:57:50.969] [main] [info] Starting Setup of Dataframe with 474000 events
[2025-11-08 10:58:36.100] [main] [info] Finished Setup
[2025-11-08 10:58:36.100] [main] [info] Runtime for setup (real time: 45.13, CPU time: 43.45)
[2025-11-08 10:58:36.100] [main] [info] Starting Evaluation
[2025-11-08 10:58:48.468] [main] [info] 10000 / 474000 (2.11 %) Events processed ...
[2025-11-08 10:58:50.323] [main] [info] 20000 / 474000 (4.22 %) Events processed ...
[2025-11-08 10:58:52.026] [main] [info] 30000 / 474000 (6.33 %) Events processed ...
[2025-11-08 10:58:54.940] [main] [info] 40000 / 474000 (8.44 %) Events processed ...
[2025-11-08 10:58:56.980] [main] [info] 50000 / 474000 (10.55 %) Events processed ...
[2025-11-08 10:58:59.074] [main] [info] 60000 / 474000 (12.66 %) Events processed ...
[2025-11-08 10:59:01.175] [main] [info] 70000 / 474000 (14.77 %) Events processed ...
[2025-11-08 10:59:03.732] [main] [info] 80000 / 474000 (16.88 %) Events processed ...
[2025-11-08 10:59:05.557] [main] [info] 90000 / 474000 (18.99 %) Events processed ...
[2025-11-08 10:59:07.216] [main] [info] 100000 / 474000 (21.10 %) Events processed ...
[2025-11-08 10:59:09.947] [main] [info] 110000 / 474000 (23.21 %) Events processed ...
[2025-11-08 10:59:12.456] [main] [info] 120000 / 474000 (25.32 %) Events processed ...
[2025-11-08 10:59:14.552] [main] [info] 130000 / 474000 (27.43 %) Events processed ...
[2025-11-08 10:59:17.128] [main] [info] 140000 / 474000 (29.54 %) Events processed ...
[2025-11-08 10:59:19.156] [main] [info] 150000 / 474000 (31.65 %) Events processed ...
[2025-11-08 10:59:21.451] [main] [info] 160000 / 474000 (33.76 %) Events processed ...
[2025-11-08 10:59:23.800] [main] [info] 170000 / 474000 (35.86 %) Events processed ...
[2025-11-08 10:59:26.508] [main] [info] 180000 / 474000 (37.97 %) Events processed ...
[2025-11-08 10:59:28.740] [main] [info] 190000 / 474000 (40.08 %) Events processed ...
[2025-11-08 10:59:30.794] [main] [info] 200000 / 474000 (42.19 %) Events processed ...
[2025-11-08 10:59:33.725] [main] [info] 210000 / 474000 (44.30 %) Events processed ...
[2025-11-08 10:59:35.685] [main] [info] 220000 / 474000 (46.41 %) Events processed ...
[2025-11-08 10:59:37.608] [main] [info] 230000 / 474000 (48.52 %) Events processed ...
[2025-11-08 10:59:39.397] [main] [info] 240000 / 474000 (50.63 %) Events processed ...
[2025-11-08 10:59:42.629] [main] [info] 250000 / 474000 (52.74 %) Events processed ...
[2025-11-08 10:59:44.646] [main] [info] 260000 / 474000 (54.85 %) Events processed ...
[2025-11-08 10:59:46.579] [main] [info] 270000 / 474000 (56.96 %) Events processed ...
[2025-11-08 10:59:49.637] [main] [info] 280000 / 474000 (59.07 %) Events processed ...
[2025-11-08 10:59:51.548] [main] [info] 290000 / 474000 (61.18 %) Events processed ...
[2025-11-08 10:59:53.572] [main] [info] 300000 / 474000 (63.29 %) Events processed ...
[2025-11-08 10:59:56.804] [main] [info] 310000 / 474000 (65.40 %) Events processed ...
[2025-11-08 10:59:58.981] [main] [info] 320000 / 474000 (67.51 %) Events processed ...
[2025-11-08 11:00:00.841] [main] [info] 330000 / 474000 (69.62 %) Events processed ...
[2025-11-08 11:00:02.859] [main] [info] 340000 / 474000 (71.73 %) Events processed ...
[2025-11-08 11:00:05.360] [main] [info] 350000 / 474000 (73.84 %) Events processed ...
[2025-11-08 11:00:07.245] [main] [info] 360000 / 474000 (75.95 %) Events processed ...
[2025-11-08 11:00:08.947] [main] [info] 370000 / 474000 (78.06 %) Events processed ...
[2025-11-08 11:00:11.788] [main] [info] 380000 / 474000 (80.17 %) Events processed ...
[2025-11-08 11:00:13.746] [main] [info] 390000 / 474000 (82.28 %) Events processed ...
[2025-11-08 11:00:15.679] [main] [info] 400000 / 474000 (84.39 %) Events processed ...
[2025-11-08 11:00:18.557] [main] [info] 410000 / 474000 (86.50 %) Events processed ...
[2025-11-08 11:00:20.614] [main] [info] 420000 / 474000 (88.61 %) Events processed ...
[2025-11-08 11:00:22.543] [main] [info] 430000 / 474000 (90.72 %) Events processed ...
[2025-11-08 11:00:24.657] [main] [info] 440000 / 474000 (92.83 %) Events processed ...
[2025-11-08 11:00:27.633] [main] [info] 450000 / 474000 (94.94 %) Events processed ...
[2025-11-08 11:00:29.577] [main] [info] 460000 / 474000 (97.05 %) Events processed ...
[2025-11-08 11:00:31.418] [main] [info] 470000 / 474000 (99.16 %) Events processed ...
[2025-11-08 11:00:32.622] [main] [info] vbfhmm:
Flag_goodVertices: pass=474000     all=474000     -- eff=100.00 % cumulative eff=100.00 %
Flag_globalSuperTightHalo2016Filter: pass=473949     all=474000     -- eff=99.99 % cumulative eff=99.99 %
Flag_EcalDeadCellTriggerPrimitiveFilter: pass=473935     all=473949     -- eff=100.00 % cumulative eff=99.99 %
Flag_BadPFMuonFilter: pass=473895     all=473935     -- eff=99.99 % cumulative eff=99.98 %
Flag_BadPFMuonDzFilter: pass=473880     all=473895     -- eff=100.00 % cumulative eff=99.97 %
Flag_eeBadScFilter: pass=473880     all=473880     -- eff=100.00 % cumulative eff=99.97 %
Flag_ecalBadCalibFilter: pass=473808     all=473880     -- eff=99.98 % cumulative eff=99.96 %
Flag_hfNoisyHitsFilter: pass=473792     all=473808     -- eff=100.00 % cumulative eff=99.96 %
Number of muons 2: pass=49804      all=473792     -- eff=10.51 % cumulative eff=10.51 %
DiMuon From Higgs: pass=46732      all=49804      -- eff=93.83 % cumulative eff=9.86 %
LeptonChargeSum: pass=46724      all=46732      -- eff=99.98 % cumulative eff=9.86 %
[2025-11-08 11:00:32.761] [main] [info] Writing quantities map to /eos/user/j/jiahua/MC_2023BPix_inc/ZZto2L2Nu_powheg_23BPix/bdbd3a81-3b02-496b-987e-5d82afda5935_vbfhmm.root
[2025-11-08 11:00:32.869] [main] [info] Finished Evaluation
[2025-11-08 11:00:32.869] [main] [info] Overall runtime (real time: 161.90, CPU time: 145.44)
