Starting job on \n
Running on: Linux b9p20p9239.cern.ch 5.14.0-570.44.1.el9_6.x86_64 #1 SMP PREEMPT_DYNAMIC Tue Sep 9 05:17:30 EDT 2025 x86_64 x86_64 x86_64 GNU/Linux\n
System software: Red Hat Enterprise Linux release 9.6 (Plow)\n
Setting up CROWN for RedHatEnterprise Version 9.6
subject   : /DC=ch/DC=cern/OU=Organic Units/OU=Users/CN=jiahua/CN=851532/CN=Jiahua Chen/CN=1735721823
issuer    : /DC=ch/DC=cern/OU=Organic Units/OU=Users/CN=jiahua/CN=851532/CN=Jiahua Chen
identity  : /DC=ch/DC=cern/OU=Organic Units/OU=Users/CN=jiahua/CN=851532/CN=Jiahua Chen
type      : RFC compliant proxy
strength  : 2048 bits
path      : /afs/cern.ch/user/j/jiahua/proxy/x509up_u139833
timeleft  : 196:41:34
key usage : Digital Signature, Key Encipherment
=== VO cms extension information ===
VO        : cms
subject   : /DC=ch/DC=cern/OU=Organic Units/OU=Users/CN=jiahua/CN=851532/CN=Jiahua Chen
issuer    : /DC=ch/DC=cern/OU=computers/CN=cms-auth.cern.ch
attribute : /cms/Role=NULL/Capability=NULL
timeleft  : 188:41:34
uri       : voms-cms-auth.cern.ch:15000
subject   : /DC=ch/DC=cern/OU=Organic Units/OU=Users/CN=jiahua/CN=851532/CN=Jiahua Chen/CN=1735721823
issuer    : /DC=ch/DC=cern/OU=Organic Units/OU=Users/CN=jiahua/CN=851532/CN=Jiahua Chen
identity  : /DC=ch/DC=cern/OU=Organic Units/OU=Users/CN=jiahua/CN=851532/CN=Jiahua Chen
type      : RFC compliant proxy
strength  : 2048 bits
path      : /afs/cern.ch/user/j/jiahua/proxy/x509up_u139833
timeleft  : 196:41:34
key usage : Digital Signature, Key Encipherment
=== VO cms extension information ===
VO        : cms
subject   : /DC=ch/DC=cern/OU=Organic Units/OU=Users/CN=jiahua/CN=851532/CN=Jiahua Chen
issuer    : /DC=ch/DC=cern/OU=computers/CN=cms-auth.cern.ch
attribute : /cms/Role=NULL/Capability=NULL
timeleft  : 188:41:34
uri       : voms-cms-auth.cern.ch:15000
/eos/user/j/jiahua/MC_2023BPix_inc/ZZto2L2Nu_powheg_23BPix/a77bdfbb-d048-4d53-a172-e49ffb6e71e3.root
[2025-11-08 10:57:24.975] [main] [info] Checking input files
[2025-11-08 10:57:29.719] [main] [info] NanoAOD input_file 1: root://cms-xrd-global.cern.ch//store/mc/Run3Summer23BPixNanoAODv12/ZZto2L2Nu_TuneCP5_13p6TeV_powheg-pythia8/NANOAODSIM/130X_mcRun3_2023_realistic_postBPix_v2-v3/30000/a77bdfbb-d048-4d53-a172-e49ffb6e71e3.root - 9000 Events
[2025-11-08 10:57:29.719] [main] [info] input_file 1: root://cms-xrd-global.cern.ch//store/mc/Run3Summer23BPixNanoAODv12/ZZto2L2Nu_TuneCP5_13p6TeV_powheg-pythia8/NANOAODSIM/130X_mcRun3_2023_realistic_postBPix_v2-v3/30000/a77bdfbb-d048-4d53-a172-e49ffb6e71e3.root - SumOfGenWeight: 9270.949660000002 
[2025-11-08 10:57:29.719] [main] [info] Output directory: /eos/user/j/jiahua/MC_2023BPix_inc/ZZto2L2Nu_powheg_23BPix/a77bdfbb-d048-4d53-a172-e49ffb6e71e3.root
[2025-11-08 10:57:29.720] [main] [info] Starting Setup of Dataframe with 9000 events
[2025-11-08 10:58:22.804] [main] [info] Finished Setup
[2025-11-08 10:58:22.804] [main] [info] Runtime for setup (real time: 53.09, CPU time: 48.40)
[2025-11-08 10:58:22.804] [main] [info] Starting Evaluation
[2025-11-08 10:58:35.251] [main] [info] vbfhmm:
Flag_goodVertices: pass=9000       all=9000       -- eff=100.00 % cumulative eff=100.00 %
Flag_globalSuperTightHalo2016Filter: pass=9000       all=9000       -- eff=100.00 % cumulative eff=100.00 %
Flag_EcalDeadCellTriggerPrimitiveFilter: pass=8999       all=9000       -- eff=99.99 % cumulative eff=99.99 %
Flag_BadPFMuonFilter: pass=8999       all=8999       -- eff=100.00 % cumulative eff=99.99 %
Flag_BadPFMuonDzFilter: pass=8998       all=8999       -- eff=99.99 % cumulative eff=99.98 %
Flag_eeBadScFilter: pass=8998       all=8998       -- eff=100.00 % cumulative eff=99.98 %
Flag_ecalBadCalibFilter: pass=8997       all=8998       -- eff=99.99 % cumulative eff=99.97 %
Flag_hfNoisyHitsFilter: pass=8997       all=8997       -- eff=100.00 % cumulative eff=99.97 %
Number of muons 2: pass=943        all=8997       -- eff=10.48 % cumulative eff=10.48 %
DiMuon From Higgs: pass=885        all=943        -- eff=93.85 % cumulative eff=9.83 %
LeptonChargeSum: pass=885        all=885        -- eff=100.00 % cumulative eff=9.83 %
[2025-11-08 10:58:35.451] [main] [info] Writing quantities map to /eos/user/j/jiahua/MC_2023BPix_inc/ZZto2L2Nu_powheg_23BPix/a77bdfbb-d048-4d53-a172-e49ffb6e71e3_vbfhmm.root
[2025-11-08 10:58:35.539] [main] [info] Finished Evaluation
[2025-11-08 10:58:35.540] [main] [info] Overall runtime (real time: 65.82, CPU time: 60.31)
