Starting job on \n
Running on: Linux b9g24p3339.cern.ch 5.14.0-570.42.2.el9_6.x86_64 #1 SMP PREEMPT_DYNAMIC Mon Sep 8 12:15:13 EDT 2025 x86_64 x86_64 x86_64 GNU/Linux\n
System software: Red Hat Enterprise Linux release 9.6 (Plow)\n
Setting up CROWN for RedHatEnterprise Version 9.6
subject   : /DC=ch/DC=cern/OU=Organic Units/OU=Users/CN=jiahua/CN=851532/CN=Jiahua Chen/CN=1735721823
issuer    : /DC=ch/DC=cern/OU=Organic Units/OU=Users/CN=jiahua/CN=851532/CN=Jiahua Chen
identity  : /DC=ch/DC=cern/OU=Organic Units/OU=Users/CN=jiahua/CN=851532/CN=Jiahua Chen
type      : RFC compliant proxy
strength  : 2048 bits
path      : /afs/cern.ch/user/j/jiahua/proxy/x509up_u139833
timeleft  : 196:37:48
key usage : Digital Signature, Key Encipherment
=== VO cms extension information ===
VO        : cms
subject   : /DC=ch/DC=cern/OU=Organic Units/OU=Users/CN=jiahua/CN=851532/CN=Jiahua Chen
issuer    : /DC=ch/DC=cern/OU=computers/CN=cms-auth.cern.ch
attribute : /cms/Role=NULL/Capability=NULL
timeleft  : 188:37:48
uri       : voms-cms-auth.cern.ch:15000
subject   : /DC=ch/DC=cern/OU=Organic Units/OU=Users/CN=jiahua/CN=851532/CN=Jiahua Chen/CN=1735721823
issuer    : /DC=ch/DC=cern/OU=Organic Units/OU=Users/CN=jiahua/CN=851532/CN=Jiahua Chen
identity  : /DC=ch/DC=cern/OU=Organic Units/OU=Users/CN=jiahua/CN=851532/CN=Jiahua Chen
type      : RFC compliant proxy
strength  : 2048 bits
path      : /afs/cern.ch/user/j/jiahua/proxy/x509up_u139833
timeleft  : 196:37:48
key usage : Digital Signature, Key Encipherment
=== VO cms extension information ===
VO        : cms
subject   : /DC=ch/DC=cern/OU=Organic Units/OU=Users/CN=jiahua/CN=851532/CN=Jiahua Chen
issuer    : /DC=ch/DC=cern/OU=computers/CN=cms-auth.cern.ch
attribute : /cms/Role=NULL/Capability=NULL
timeleft  : 188:37:48
uri       : voms-cms-auth.cern.ch:15000
/eos/user/j/jiahua/MC_2023BPix_inc/ZZto4L_powheg_23BPix/9e64bc80-de93-49ea-82be-7ad1343889ee.root
[2025-11-08 11:01:10.649] [main] [info] Checking input files
[2025-11-08 11:01:16.599] [main] [info] NanoAOD input_file 1: root://cms-xrd-global.cern.ch//store/mc/Run3Summer23BPixNanoAODv12/ZZto4L_TuneCP5_13p6TeV_powheg-pythia8/NANOAODSIM/130X_mcRun3_2023_realistic_postBPix_v2-v3/40000/9e64bc80-de93-49ea-82be-7ad1343889ee.root - 288000 Events
[2025-11-08 11:01:16.599] [main] [info] input_file 1: root://cms-xrd-global.cern.ch//store/mc/Run3Summer23BPixNanoAODv12/ZZto4L_TuneCP5_13p6TeV_powheg-pythia8/NANOAODSIM/130X_mcRun3_2023_realistic_postBPix_v2-v3/40000/9e64bc80-de93-49ea-82be-7ad1343889ee.root - SumOfGenWeight: 400444.79024 
[2025-11-08 11:01:16.599] [main] [info] Output directory: /eos/user/j/jiahua/MC_2023BPix_inc/ZZto4L_powheg_23BPix/9e64bc80-de93-49ea-82be-7ad1343889ee.root
[2025-11-08 11:01:16.601] [main] [info] Starting Setup of Dataframe with 288000 events
[2025-11-08 11:01:56.817] [main] [info] Finished Setup
[2025-11-08 11:01:56.817] [main] [info] Runtime for setup (real time: 40.22, CPU time: 39.15)
[2025-11-08 11:01:56.817] [main] [info] Starting Evaluation
[2025-11-08 11:02:08.366] [main] [info] 10000 / 288000 (3.47 %) Events processed ...
[2025-11-08 11:02:09.842] [main] [info] 20000 / 288000 (6.94 %) Events processed ...
[2025-11-08 11:02:11.576] [main] [info] 30000 / 288000 (10.42 %) Events processed ...
[2025-11-08 11:02:13.638] [main] [info] 40000 / 288000 (13.89 %) Events processed ...
[2025-11-08 11:02:15.430] [main] [info] 50000 / 288000 (17.36 %) Events processed ...
[2025-11-08 11:02:16.776] [main] [info] 60000 / 288000 (20.83 %) Events processed ...
[2025-11-08 11:02:18.848] [main] [info] 70000 / 288000 (24.31 %) Events processed ...
[2025-11-08 11:02:20.361] [main] [info] 80000 / 288000 (27.78 %) Events processed ...
[2025-11-08 11:02:22.054] [main] [info] 90000 / 288000 (31.25 %) Events processed ...
[2025-11-08 11:02:24.121] [main] [info] 100000 / 288000 (34.72 %) Events processed ...
[2025-11-08 11:02:25.779] [main] [info] 110000 / 288000 (38.19 %) Events processed ...
[2025-11-08 11:02:27.871] [main] [info] 120000 / 288000 (41.67 %) Events processed ...
[2025-11-08 11:02:29.874] [main] [info] 130000 / 288000 (45.14 %) Events processed ...
[2025-11-08 11:02:31.702] [main] [info] 140000 / 288000 (48.61 %) Events processed ...
[2025-11-08 11:02:33.508] [main] [info] 150000 / 288000 (52.08 %) Events processed ...
[2025-11-08 11:02:35.063] [main] [info] 160000 / 288000 (55.56 %) Events processed ...
[2025-11-08 11:02:37.166] [main] [info] 170000 / 288000 (59.03 %) Events processed ...
[2025-11-08 11:02:39.015] [main] [info] 180000 / 288000 (62.50 %) Events processed ...
[2025-11-08 11:02:40.728] [main] [info] 190000 / 288000 (65.97 %) Events processed ...
[2025-11-08 11:02:43.020] [main] [info] 200000 / 288000 (69.44 %) Events processed ...
[2025-11-08 11:02:44.776] [main] [info] 210000 / 288000 (72.92 %) Events processed ...
[2025-11-08 11:02:46.562] [main] [info] 220000 / 288000 (76.39 %) Events processed ...
[2025-11-08 11:02:48.711] [main] [info] 230000 / 288000 (79.86 %) Events processed ...
[2025-11-08 11:02:50.492] [main] [info] 240000 / 288000 (83.33 %) Events processed ...
[2025-11-08 11:02:52.253] [main] [info] 250000 / 288000 (86.81 %) Events processed ...
[2025-11-08 11:02:54.416] [main] [info] 260000 / 288000 (90.28 %) Events processed ...
[2025-11-08 11:02:56.179] [main] [info] 270000 / 288000 (93.75 %) Events processed ...
[2025-11-08 11:02:57.709] [main] [info] 280000 / 288000 (97.22 %) Events processed ...
[2025-11-08 11:02:59.154] [main] [info] vbfhmm:
Flag_goodVertices: pass=288000     all=288000     -- eff=100.00 % cumulative eff=100.00 %
Flag_globalSuperTightHalo2016Filter: pass=287983     all=288000     -- eff=99.99 % cumulative eff=99.99 %
Flag_EcalDeadCellTriggerPrimitiveFilter: pass=287977     all=287983     -- eff=100.00 % cumulative eff=99.99 %
Flag_BadPFMuonFilter: pass=287962     all=287977     -- eff=99.99 % cumulative eff=99.99 %
Flag_BadPFMuonDzFilter: pass=287954     all=287962     -- eff=100.00 % cumulative eff=99.98 %
Flag_eeBadScFilter: pass=287954     all=287954     -- eff=100.00 % cumulative eff=99.98 %
Flag_ecalBadCalibFilter: pass=287931     all=287954     -- eff=99.99 % cumulative eff=99.98 %
Flag_hfNoisyHitsFilter: pass=287924     all=287931     -- eff=100.00 % cumulative eff=99.97 %
Number of muons 2: pass=28891      all=287924     -- eff=10.03 % cumulative eff=10.03 %
DiMuon From Higgs: pass=21995      all=28891      -- eff=76.13 % cumulative eff=7.64 %
LeptonChargeSum: pass=19965      all=21995      -- eff=90.77 % cumulative eff=6.93 %
[2025-11-08 11:02:59.284] [main] [info] Writing quantities map to /eos/user/j/jiahua/MC_2023BPix_inc/ZZto4L_powheg_23BPix/9e64bc80-de93-49ea-82be-7ad1343889ee_vbfhmm.root
[2025-11-08 11:02:59.395] [main] [info] Finished Evaluation
[2025-11-08 11:02:59.395] [main] [info] Overall runtime (real time: 102.80, CPU time: 97.77)
