000 (12769475.024.000) 11/08 10:44:19 Job submitted from host: <188.185.121.235:9618?addrs=188.185.121.235-9618+[2001-1458-d00-49--100-36e]-9618&alias=bigbird22.cern.ch&noUDP&sock=schedd_232129_c3ca>
...
040 (12769475.024.000) 11/08 10:58:39 Started transferring input files
	Transferring to host: <188.185.215.57:9618?addrs=188.185.215.57-9618+[2001-1458-303-1e--100-35]-9618&alias=b9p31p8915.cern.ch&noUDP&sock=slot1_29_3107_e997_47919>
...
040 (12769475.024.000) 11/08 10:58:39 Finished transferring input files
...
001 (12769475.024.000) 11/08 10:58:40 Job executing on host: <188.185.215.57:9618?addrs=188.185.215.57-9618+[2001-1458-303-1e--100-35]-9618&alias=b9p31p8915.cern.ch&noUDP&sock=startd_2621_5dd1>
	SlotName: slot1_29@b9p31p8915.cern.ch
	CondorScratchDir = "/pool/condor/dir_2081422"
	Cpus = 1
	Disk = 15662
	GPUs = 0
	Memory = 3000
...
006 (12769475.024.000) 11/08 10:58:53 Image size of job updated: 97104
	95  -  MemoryUsage of job (MB)
	97104  -  ResidentSetSize of job (KB)
...
006 (12769475.024.000) 11/08 11:00:10 Image size of job updated: 454520
	95  -  MemoryUsage of job (MB)
	97104  -  ResidentSetSize of job (KB)
...
040 (12769475.024.000) 11/08 11:00:10 Started transferring output files
...
040 (12769475.024.000) 11/08 11:00:10 Finished transferring output files
...
005 (12769475.024.000) 11/08 11:00:10 Job terminated.
	(1) Normal termination (return value 0)
		Usr 0 00:00:57, Sys 0 00:00:02  -  Run Remote Usage
		Usr 0 00:00:00, Sys 0 00:00:00  -  Run Local Usage
		Usr 0 00:00:57, Sys 0 00:00:02  -  Total Remote Usage
		Usr 0 00:00:00, Sys 0 00:00:00  -  Total Local Usage
	10057  -  Run Bytes Sent By Job
	11220240  -  Run Bytes Received By Job
	10057  -  Total Bytes Sent By Job
	11220240  -  Total Bytes Received By Job
	Partitionable Resources :    Usage  Request Allocated 
	   Cpus                 :        0        1         1 
	   Disk (KB)            :    10990    12500     15662 
	   GPUs                 :                           0 
	   Memory (MB)          :       95     3000      3000 
	   TimeExecute (s)      :       90                    
	   TimeSlotBusy (s)     :       91                    

	Job terminated of its own accord at 2025-11-08T10:00:10Z with exit-code 0.
...
