Starting job on \n
Running on: Linux b9g03p5498.cern.ch 5.14.0-570.46.1.el9_6.x86_64 #1 SMP PREEMPT_DYNAMIC Tue Sep 16 03:28:23 EDT 2025 x86_64 x86_64 x86_64 GNU/Linux\n
System software: Red Hat Enterprise Linux release 9.6 (Plow)\n
Setting up CROWN for RedHatEnterprise Version 9.6
subject   : /DC=ch/DC=cern/OU=Organic Units/OU=Users/CN=jiahua/CN=851532/CN=Jiahua Chen/CN=1735721823
issuer    : /DC=ch/DC=cern/OU=Organic Units/OU=Users/CN=jiahua/CN=851532/CN=Jiahua Chen
identity  : /DC=ch/DC=cern/OU=Organic Units/OU=Users/CN=jiahua/CN=851532/CN=Jiahua Chen
type      : RFC compliant proxy
strength  : 2048 bits
path      : /afs/cern.ch/user/j/jiahua/proxy/x509up_u139833
timeleft  : 196:40:34
key usage : Digital Signature, Key Encipherment
=== VO cms extension information ===
VO        : cms
subject   : /DC=ch/DC=cern/OU=Organic Units/OU=Users/CN=jiahua/CN=851532/CN=Jiahua Chen
issuer    : /DC=ch/DC=cern/OU=computers/CN=cms-auth.cern.ch
attribute : /cms/Role=NULL/Capability=NULL
timeleft  : 188:40:34
uri       : voms-cms-auth.cern.ch:15000
subject   : /DC=ch/DC=cern/OU=Organic Units/OU=Users/CN=jiahua/CN=851532/CN=Jiahua Chen/CN=1735721823
issuer    : /DC=ch/DC=cern/OU=Organic Units/OU=Users/CN=jiahua/CN=851532/CN=Jiahua Chen
identity  : /DC=ch/DC=cern/OU=Organic Units/OU=Users/CN=jiahua/CN=851532/CN=Jiahua Chen
type      : RFC compliant proxy
strength  : 2048 bits
path      : /afs/cern.ch/user/j/jiahua/proxy/x509up_u139833
timeleft  : 196:40:34
key usage : Digital Signature, Key Encipherment
=== VO cms extension information ===
VO        : cms
subject   : /DC=ch/DC=cern/OU=Organic Units/OU=Users/CN=jiahua/CN=851532/CN=Jiahua Chen
issuer    : /DC=ch/DC=cern/OU=computers/CN=cms-auth.cern.ch
attribute : /cms/Role=NULL/Capability=NULL
timeleft  : 188:40:34
uri       : voms-cms-auth.cern.ch:15000
/eos/user/j/jiahua/MC_2023BPix_inc/ZZto4L_powheg_23BPix/84e94ec9-45f8-4100-a004-caffd6834165.root
[2025-11-08 10:58:25.046] [main] [info] Checking input files
[2025-11-08 10:58:30.392] [main] [info] NanoAOD input_file 1: root://cms-xrd-global.cern.ch//store/mc/Run3Summer23BPixNanoAODv12/ZZto4L_TuneCP5_13p6TeV_powheg-pythia8/NANOAODSIM/130X_mcRun3_2023_realistic_postBPix_v2-v3/2810000/84e94ec9-45f8-4100-a004-caffd6834165.root - 39000 Events
[2025-11-08 10:58:30.392] [main] [info] input_file 1: root://cms-xrd-global.cern.ch//store/mc/Run3Summer23BPixNanoAODv12/ZZto4L_TuneCP5_13p6TeV_powheg-pythia8/NANOAODSIM/130X_mcRun3_2023_realistic_postBPix_v2-v3/2810000/84e94ec9-45f8-4100-a004-caffd6834165.root - SumOfGenWeight: 54239.778119999995 
[2025-11-08 10:58:30.392] [main] [info] Output directory: /eos/user/j/jiahua/MC_2023BPix_inc/ZZto4L_powheg_23BPix/84e94ec9-45f8-4100-a004-caffd6834165.root
[2025-11-08 10:58:30.393] [main] [info] Starting Setup of Dataframe with 39000 events
[2025-11-08 10:59:16.747] [main] [info] Finished Setup
[2025-11-08 10:59:16.747] [main] [info] Runtime for setup (real time: 46.35, CPU time: 45.57)
[2025-11-08 10:59:16.747] [main] [info] Starting Evaluation
[2025-11-08 10:59:28.842] [main] [info] 10000 / 39000 (25.64 %) Events processed ...
[2025-11-08 10:59:30.659] [main] [info] 20000 / 39000 (51.28 %) Events processed ...
[2025-11-08 10:59:33.178] [main] [info] 30000 / 39000 (76.92 %) Events processed ...
[2025-11-08 10:59:35.286] [main] [info] vbfhmm:
Flag_goodVertices: pass=39000      all=39000      -- eff=100.00 % cumulative eff=100.00 %
Flag_globalSuperTightHalo2016Filter: pass=38998      all=39000      -- eff=99.99 % cumulative eff=99.99 %
Flag_EcalDeadCellTriggerPrimitiveFilter: pass=38997      all=38998      -- eff=100.00 % cumulative eff=99.99 %
Flag_BadPFMuonFilter: pass=38993      all=38997      -- eff=99.99 % cumulative eff=99.98 %
Flag_BadPFMuonDzFilter: pass=38993      all=38993      -- eff=100.00 % cumulative eff=99.98 %
Flag_eeBadScFilter: pass=38993      all=38993      -- eff=100.00 % cumulative eff=99.98 %
Flag_ecalBadCalibFilter: pass=38991      all=38993      -- eff=99.99 % cumulative eff=99.98 %
Flag_hfNoisyHitsFilter: pass=38990      all=38991      -- eff=100.00 % cumulative eff=99.97 %
Number of muons 2: pass=3977       all=38990      -- eff=10.20 % cumulative eff=10.20 %
DiMuon From Higgs: pass=3039       all=3977       -- eff=76.41 % cumulative eff=7.79 %
LeptonChargeSum: pass=2753       all=3039       -- eff=90.59 % cumulative eff=7.06 %
[2025-11-08 10:59:35.649] [main] [info] Writing quantities map to /eos/user/j/jiahua/MC_2023BPix_inc/ZZto4L_powheg_23BPix/84e94ec9-45f8-4100-a004-caffd6834165_vbfhmm.root
[2025-11-08 10:59:35.798] [main] [info] Finished Evaluation
[2025-11-08 10:59:35.798] [main] [info] Overall runtime (real time: 65.41, CPU time: 62.93)
