000 (12769472.009.000) 11/08 10:44:17 Job submitted from host: <188.185.121.235:9618?addrs=188.185.121.235-9618+[2001-1458-d00-49--100-36e]-9618&alias=bigbird22.cern.ch&noUDP&sock=schedd_232129_c3ca>
...
040 (12769472.009.000) 11/08 10:57:13 Started transferring input files
	Transferring to host: <128.142.192.153:9618?addrs=128.142.192.153-9618+[2001-1458-301-56--100-15]-9618&alias=b9g18p2987.cern.ch&noUDP&sock=slot1_16_3406_95c4_46160>
...
040 (12769472.009.000) 11/08 10:57:13 Finished transferring input files
...
001 (12769472.009.000) 11/08 10:57:14 Job executing on host: <128.142.192.153:9618?addrs=128.142.192.153-9618+[2001-1458-301-56--100-15]-9618&alias=b9g18p2987.cern.ch&noUDP&sock=startd_2892_3ffb>
	SlotName: slot1_16@b9g18p2987.cern.ch
	CondorScratchDir = "/pool/condor/dir_3730895"
	Cpus = 1
	Disk = 15810
	GPUs = 0
	Memory = 3000
...
006 (12769472.009.000) 11/08 10:57:28 Image size of job updated: 94264
	93  -  MemoryUsage of job (MB)
	94264  -  ResidentSetSize of job (KB)
...
006 (12769472.009.000) 11/08 10:59:06 Image size of job updated: 435440
	93  -  MemoryUsage of job (MB)
	94264  -  ResidentSetSize of job (KB)
...
040 (12769472.009.000) 11/08 10:59:07 Started transferring output files
...
040 (12769472.009.000) 11/08 10:59:07 Finished transferring output files
...
005 (12769472.009.000) 11/08 10:59:07 Job terminated.
	(1) Normal termination (return value 0)
		Usr 0 00:01:39, Sys 0 00:00:02  -  Run Remote Usage
		Usr 0 00:00:00, Sys 0 00:00:00  -  Run Local Usage
		Usr 0 00:01:39, Sys 0 00:00:02  -  Total Remote Usage
		Usr 0 00:00:00, Sys 0 00:00:00  -  Total Local Usage
	9456  -  Run Bytes Sent By Job
	11220240  -  Run Bytes Received By Job
	9456  -  Total Bytes Sent By Job
	11220240  -  Total Bytes Received By Job
	Partitionable Resources :    Usage  Request Allocated 
	   Cpus                 :        0        1         1 
	   Disk (KB)            :    10989    12500     15810 
	   GPUs                 :                           0 
	   Memory (MB)          :       93     3000      3000 
	   TimeExecute (s)      :      112                    
	   TimeSlotBusy (s)     :      114                    

	Job terminated of its own accord at 2025-11-08T09:59:06Z with exit-code 0.
...
