Starting job on \n
Running on: Linux b9p25p7434.cern.ch 5.14.0-570.44.1.el9_6.x86_64 #1 SMP PREEMPT_DYNAMIC Tue Sep 9 05:17:30 EDT 2025 x86_64 x86_64 x86_64 GNU/Linux\n
System software: Red Hat Enterprise Linux release 9.6 (Plow)\n
Setting up CROWN for RedHatEnterprise Version 9.6
subject   : /DC=ch/DC=cern/OU=Organic Units/OU=Users/CN=jiahua/CN=851532/CN=Jiahua Chen/CN=1735721823
issuer    : /DC=ch/DC=cern/OU=Organic Units/OU=Users/CN=jiahua/CN=851532/CN=Jiahua Chen
identity  : /DC=ch/DC=cern/OU=Organic Units/OU=Users/CN=jiahua/CN=851532/CN=Jiahua Chen
type      : RFC compliant proxy
strength  : 2048 bits
path      : /afs/cern.ch/user/j/jiahua/proxy/x509up_u139833
timeleft  : 196:37:47
key usage : Digital Signature, Key Encipherment
=== VO cms extension information ===
VO        : cms
subject   : /DC=ch/DC=cern/OU=Organic Units/OU=Users/CN=jiahua/CN=851532/CN=Jiahua Chen
issuer    : /DC=ch/DC=cern/OU=computers/CN=cms-auth.cern.ch
attribute : /cms/Role=NULL/Capability=NULL
timeleft  : 188:37:47
uri       : voms-cms-auth.cern.ch:15000
subject   : /DC=ch/DC=cern/OU=Organic Units/OU=Users/CN=jiahua/CN=851532/CN=Jiahua Chen/CN=1735721823
issuer    : /DC=ch/DC=cern/OU=Organic Units/OU=Users/CN=jiahua/CN=851532/CN=Jiahua Chen
identity  : /DC=ch/DC=cern/OU=Organic Units/OU=Users/CN=jiahua/CN=851532/CN=Jiahua Chen
type      : RFC compliant proxy
strength  : 2048 bits
path      : /afs/cern.ch/user/j/jiahua/proxy/x509up_u139833
timeleft  : 196:37:47
key usage : Digital Signature, Key Encipherment
=== VO cms extension information ===
VO        : cms
subject   : /DC=ch/DC=cern/OU=Organic Units/OU=Users/CN=jiahua/CN=851532/CN=Jiahua Chen
issuer    : /DC=ch/DC=cern/OU=computers/CN=cms-auth.cern.ch
attribute : /cms/Role=NULL/Capability=NULL
timeleft  : 188:37:47
uri       : voms-cms-auth.cern.ch:15000
/eos/user/j/jiahua/MC_2023BPix_inc/ZZto2L2Nu_powheg_23BPix/eb37b262-2eb2-47eb-8918-a6810f609575.root
[2025-11-08 11:01:11.827] [main] [info] Checking input files
[2025-11-08 11:01:18.199] [main] [info] NanoAOD input_file 1: root://cms-xrd-global.cern.ch//store/mc/Run3Summer23BPixNanoAODv12/ZZto2L2Nu_TuneCP5_13p6TeV_powheg-pythia8/NANOAODSIM/130X_mcRun3_2023_realistic_postBPix_v2-v3/40000/eb37b262-2eb2-47eb-8918-a6810f609575.root - 279000 Events
[2025-11-08 11:01:18.199] [main] [info] input_file 1: root://cms-xrd-global.cern.ch//store/mc/Run3Summer23BPixNanoAODv12/ZZto2L2Nu_TuneCP5_13p6TeV_powheg-pythia8/NANOAODSIM/130X_mcRun3_2023_realistic_postBPix_v2-v3/40000/eb37b262-2eb2-47eb-8918-a6810f609575.root - SumOfGenWeight: 287564.73386000004 
[2025-11-08 11:01:18.199] [main] [info] Output directory: /eos/user/j/jiahua/MC_2023BPix_inc/ZZto2L2Nu_powheg_23BPix/eb37b262-2eb2-47eb-8918-a6810f609575.root
[2025-11-08 11:01:18.200] [main] [info] Starting Setup of Dataframe with 279000 events
[2025-11-08 11:01:59.661] [main] [info] Finished Setup
[2025-11-08 11:01:59.661] [main] [info] Runtime for setup (real time: 41.46, CPU time: 40.84)
[2025-11-08 11:01:59.662] [main] [info] Starting Evaluation
[2025-11-08 11:02:10.992] [main] [info] 10000 / 279000 (3.58 %) Events processed ...
[2025-11-08 11:02:12.815] [main] [info] 20000 / 279000 (7.17 %) Events processed ...
[2025-11-08 11:02:14.523] [main] [info] 30000 / 279000 (10.75 %) Events processed ...
[2025-11-08 11:02:16.614] [main] [info] 40000 / 279000 (14.34 %) Events processed ...
[2025-11-08 11:02:18.686] [main] [info] 50000 / 279000 (17.92 %) Events processed ...
[2025-11-08 11:02:20.330] [main] [info] 60000 / 279000 (21.51 %) Events processed ...
[2025-11-08 11:02:22.277] [main] [info] 70000 / 279000 (25.09 %) Events processed ...
[2025-11-08 11:02:24.279] [main] [info] 80000 / 279000 (28.67 %) Events processed ...
[2025-11-08 11:02:26.561] [main] [info] 90000 / 279000 (32.26 %) Events processed ...
[2025-11-08 11:02:28.773] [main] [info] 100000 / 279000 (35.84 %) Events processed ...
[2025-11-08 11:02:30.356] [main] [info] 110000 / 279000 (39.43 %) Events processed ...
[2025-11-08 11:02:32.004] [main] [info] 120000 / 279000 (43.01 %) Events processed ...
[2025-11-08 11:02:33.537] [main] [info] 130000 / 279000 (46.59 %) Events processed ...
[2025-11-08 11:02:35.661] [main] [info] 140000 / 279000 (50.18 %) Events processed ...
[2025-11-08 11:02:37.521] [main] [info] 150000 / 279000 (53.76 %) Events processed ...
[2025-11-08 11:02:39.190] [main] [info] 160000 / 279000 (57.35 %) Events processed ...
[2025-11-08 11:02:41.655] [main] [info] 170000 / 279000 (60.93 %) Events processed ...
[2025-11-08 11:02:43.113] [main] [info] 180000 / 279000 (64.52 %) Events processed ...
[2025-11-08 11:02:44.882] [main] [info] 190000 / 279000 (68.10 %) Events processed ...
[2025-11-08 11:02:47.101] [main] [info] 200000 / 279000 (71.68 %) Events processed ...
[2025-11-08 11:02:48.972] [main] [info] 210000 / 279000 (75.27 %) Events processed ...
[2025-11-08 11:02:50.842] [main] [info] 220000 / 279000 (78.85 %) Events processed ...
[2025-11-08 11:02:52.959] [main] [info] 230000 / 279000 (82.44 %) Events processed ...
[2025-11-08 11:02:55.411] [main] [info] 240000 / 279000 (86.02 %) Events processed ...
[2025-11-08 11:02:57.588] [main] [info] 250000 / 279000 (89.61 %) Events processed ...
[2025-11-08 11:02:59.529] [main] [info] 260000 / 279000 (93.19 %) Events processed ...
[2025-11-08 11:03:01.818] [main] [info] 270000 / 279000 (96.77 %) Events processed ...
[2025-11-08 11:03:04.323] [main] [info] vbfhmm:
Flag_goodVertices: pass=279000     all=279000     -- eff=100.00 % cumulative eff=100.00 %
Flag_globalSuperTightHalo2016Filter: pass=278972     all=279000     -- eff=99.99 % cumulative eff=99.99 %
Flag_EcalDeadCellTriggerPrimitiveFilter: pass=278969     all=278972     -- eff=100.00 % cumulative eff=99.99 %
Flag_BadPFMuonFilter: pass=278946     all=278969     -- eff=99.99 % cumulative eff=99.98 %
Flag_BadPFMuonDzFilter: pass=278945     all=278946     -- eff=100.00 % cumulative eff=99.98 %
Flag_eeBadScFilter: pass=278945     all=278945     -- eff=100.00 % cumulative eff=99.98 %
Flag_ecalBadCalibFilter: pass=278894     all=278945     -- eff=99.98 % cumulative eff=99.96 %
Flag_hfNoisyHitsFilter: pass=278881     all=278894     -- eff=100.00 % cumulative eff=99.96 %
Number of muons 2: pass=29408      all=278881     -- eff=10.55 % cumulative eff=10.54 %
DiMuon From Higgs: pass=27607      all=29408      -- eff=93.88 % cumulative eff=9.89 %
LeptonChargeSum: pass=27600      all=27607      -- eff=99.97 % cumulative eff=9.89 %
[2025-11-08 11:03:04.609] [main] [info] Writing quantities map to /eos/user/j/jiahua/MC_2023BPix_inc/ZZto2L2Nu_powheg_23BPix/eb37b262-2eb2-47eb-8918-a6810f609575_vbfhmm.root
[2025-11-08 11:03:04.806] [main] [info] Finished Evaluation
[2025-11-08 11:03:04.806] [main] [info] Overall runtime (real time: 106.61, CPU time: 101.93)
