Starting job on \n
Running on: Linux b9p28p1667.cern.ch 5.14.0-570.44.1.el9_6.x86_64 #1 SMP PREEMPT_DYNAMIC Tue Sep 9 05:17:30 EDT 2025 x86_64 x86_64 x86_64 GNU/Linux\n
System software: Red Hat Enterprise Linux release 9.6 (Plow)\n
Setting up CROWN for RedHatEnterprise Version 9.6
subject   : /DC=ch/DC=cern/OU=Organic Units/OU=Users/CN=jiahua/CN=851532/CN=Jiahua Chen/CN=1735721823
issuer    : /DC=ch/DC=cern/OU=Organic Units/OU=Users/CN=jiahua/CN=851532/CN=Jiahua Chen
identity  : /DC=ch/DC=cern/OU=Organic Units/OU=Users/CN=jiahua/CN=851532/CN=Jiahua Chen
type      : RFC compliant proxy
strength  : 2048 bits
path      : /afs/cern.ch/user/j/jiahua/proxy/x509up_u139833
timeleft  : 196:37:49
key usage : Digital Signature, Key Encipherment
=== VO cms extension information ===
VO        : cms
subject   : /DC=ch/DC=cern/OU=Organic Units/OU=Users/CN=jiahua/CN=851532/CN=Jiahua Chen
issuer    : /DC=ch/DC=cern/OU=computers/CN=cms-auth.cern.ch
attribute : /cms/Role=NULL/Capability=NULL
timeleft  : 188:37:49
uri       : voms-cms-auth.cern.ch:15000
subject   : /DC=ch/DC=cern/OU=Organic Units/OU=Users/CN=jiahua/CN=851532/CN=Jiahua Chen/CN=1735721823
issuer    : /DC=ch/DC=cern/OU=Organic Units/OU=Users/CN=jiahua/CN=851532/CN=Jiahua Chen
identity  : /DC=ch/DC=cern/OU=Organic Units/OU=Users/CN=jiahua/CN=851532/CN=Jiahua Chen
type      : RFC compliant proxy
strength  : 2048 bits
path      : /afs/cern.ch/user/j/jiahua/proxy/x509up_u139833
timeleft  : 196:37:49
key usage : Digital Signature, Key Encipherment
=== VO cms extension information ===
VO        : cms
subject   : /DC=ch/DC=cern/OU=Organic Units/OU=Users/CN=jiahua/CN=851532/CN=Jiahua Chen
issuer    : /DC=ch/DC=cern/OU=computers/CN=cms-auth.cern.ch
attribute : /cms/Role=NULL/Capability=NULL
timeleft  : 188:37:49
uri       : voms-cms-auth.cern.ch:15000
/eos/user/j/jiahua/MC_2023BPix_inc/ZZto2L2Nu_powheg_23BPix/2490a787-baf7-461b-b90e-5f0258a27594.root
[2025-11-08 11:01:09.496] [main] [info] Checking input files
[2025-11-08 11:01:15.291] [main] [info] NanoAOD input_file 1: root://cms-xrd-global.cern.ch//store/mc/Run3Summer23BPixNanoAODv12/ZZto2L2Nu_TuneCP5_13p6TeV_powheg-pythia8/NANOAODSIM/130X_mcRun3_2023_realistic_postBPix_v2-v3/2820000/2490a787-baf7-461b-b90e-5f0258a27594.root - 15000 Events
[2025-11-08 11:01:15.291] [main] [info] input_file 1: root://cms-xrd-global.cern.ch//store/mc/Run3Summer23BPixNanoAODv12/ZZto2L2Nu_TuneCP5_13p6TeV_powheg-pythia8/NANOAODSIM/130X_mcRun3_2023_realistic_postBPix_v2-v3/2820000/2490a787-baf7-461b-b90e-5f0258a27594.root - SumOfGenWeight: 15475.688200000004 
[2025-11-08 11:01:15.291] [main] [info] Output directory: /eos/user/j/jiahua/MC_2023BPix_inc/ZZto2L2Nu_powheg_23BPix/2490a787-baf7-461b-b90e-5f0258a27594.root
[2025-11-08 11:01:15.292] [main] [info] Starting Setup of Dataframe with 15000 events
[2025-11-08 11:01:56.787] [main] [info] Finished Setup
[2025-11-08 11:01:56.787] [main] [info] Runtime for setup (real time: 41.50, CPU time: 40.82)
[2025-11-08 11:01:56.787] [main] [info] Starting Evaluation
[2025-11-08 11:02:07.822] [main] [info] 10000 / 15000 (66.67 %) Events processed ...
[2025-11-08 11:02:09.093] [main] [info] vbfhmm:
Flag_goodVertices: pass=15000      all=15000      -- eff=100.00 % cumulative eff=100.00 %
Flag_globalSuperTightHalo2016Filter: pass=14998      all=15000      -- eff=99.99 % cumulative eff=99.99 %
Flag_EcalDeadCellTriggerPrimitiveFilter: pass=14998      all=14998      -- eff=100.00 % cumulative eff=99.99 %
Flag_BadPFMuonFilter: pass=14998      all=14998      -- eff=100.00 % cumulative eff=99.99 %
Flag_BadPFMuonDzFilter: pass=14998      all=14998      -- eff=100.00 % cumulative eff=99.99 %
Flag_eeBadScFilter: pass=14998      all=14998      -- eff=100.00 % cumulative eff=99.99 %
Flag_ecalBadCalibFilter: pass=14995      all=14998      -- eff=99.98 % cumulative eff=99.97 %
Flag_hfNoisyHitsFilter: pass=14994      all=14995      -- eff=99.99 % cumulative eff=99.96 %
Number of muons 2: pass=1543       all=14994      -- eff=10.29 % cumulative eff=10.29 %
DiMuon From Higgs: pass=1443       all=1543       -- eff=93.52 % cumulative eff=9.62 %
LeptonChargeSum: pass=1443       all=1443       -- eff=100.00 % cumulative eff=9.62 %
[2025-11-08 11:02:09.227] [main] [info] Writing quantities map to /eos/user/j/jiahua/MC_2023BPix_inc/ZZto2L2Nu_powheg_23BPix/2490a787-baf7-461b-b90e-5f0258a27594_vbfhmm.root
[2025-11-08 11:02:09.288] [main] [info] Finished Evaluation
[2025-11-08 11:02:09.288] [main] [info] Overall runtime (real time: 54.00, CPU time: 52.46)
