000 (12769473.000.000) 11/08 10:44:18 Job submitted from host: <188.185.121.235:9618?addrs=188.185.121.235-9618+[2001-1458-d00-49--100-36e]-9618&alias=bigbird22.cern.ch&noUDP&sock=schedd_232129_c3ca>
...
040 (12769473.000.000) 11/08 10:57:45 Started transferring input files
	Transferring to host: <188.185.212.78:9618?addrs=188.185.212.78-9618+[2001-1458-303-18--100-4a]-9618&alias=b9p25p9648.cern.ch&noUDP&sock=slot1_26_6495_10a1_50360>
...
040 (12769473.000.000) 11/08 10:57:45 Finished transferring input files
...
001 (12769473.000.000) 11/08 10:57:46 Job executing on host: <188.185.212.78:9618?addrs=188.185.212.78-9618+[2001-1458-303-18--100-4a]-9618&alias=b9p25p9648.cern.ch&noUDP&sock=startd_5705_bbe4>
	SlotName: slot1_26@b9p25p9648.cern.ch
	CondorScratchDir = "/pool/condor/dir_1644706"
	Cpus = 1
	Disk = 15279
	GPUs = 0
	Memory = 3000
...
006 (12769473.000.000) 11/08 10:58:00 Image size of job updated: 96664
	95  -  MemoryUsage of job (MB)
	96664  -  ResidentSetSize of job (KB)
...
006 (12769473.000.000) 11/08 10:58:52 Image size of job updated: 433812
	95  -  MemoryUsage of job (MB)
	96664  -  ResidentSetSize of job (KB)
...
040 (12769473.000.000) 11/08 10:58:52 Started transferring output files
...
040 (12769473.000.000) 11/08 10:58:52 Finished transferring output files
...
005 (12769473.000.000) 11/08 10:58:52 Job terminated.
	(1) Normal termination (return value 0)
		Usr 0 00:00:52, Sys 0 00:00:03  -  Run Remote Usage
		Usr 0 00:00:00, Sys 0 00:00:00  -  Run Local Usage
		Usr 0 00:00:52, Sys 0 00:00:03  -  Total Remote Usage
		Usr 0 00:00:00, Sys 0 00:00:00  -  Total Local Usage
	9466  -  Run Bytes Sent By Job
	11220240  -  Run Bytes Received By Job
	9466  -  Total Bytes Sent By Job
	11220240  -  Total Bytes Received By Job
	Partitionable Resources :    Usage  Request Allocated 
	   Cpus                 :                 1         1 
	   Disk (KB)            :    10982    12500     15279 
	   GPUs                 :                           0 
	   Memory (MB)          :       95     3000      3000 
	   TimeExecute (s)      :       66                    
	   TimeSlotBusy (s)     :       67                    

	Job terminated of its own accord at 2025-11-08T09:58:52Z with exit-code 0.
...
