Starting job on \n
Running on: Linux b9p28p9779.cern.ch 5.14.0-570.44.1.el9_6.x86_64 #1 SMP PREEMPT_DYNAMIC Tue Sep 9 05:17:30 EDT 2025 x86_64 x86_64 x86_64 GNU/Linux\n
System software: Red Hat Enterprise Linux release 9.6 (Plow)\n
Setting up CROWN for RedHatEnterprise Version 9.6
subject   : /DC=ch/DC=cern/OU=Organic Units/OU=Users/CN=jiahua/CN=851532/CN=Jiahua Chen/CN=1735721823
issuer    : /DC=ch/DC=cern/OU=Organic Units/OU=Users/CN=jiahua/CN=851532/CN=Jiahua Chen
identity  : /DC=ch/DC=cern/OU=Organic Units/OU=Users/CN=jiahua/CN=851532/CN=Jiahua Chen
type      : RFC compliant proxy
strength  : 2048 bits
path      : /afs/cern.ch/user/j/jiahua/proxy/x509up_u139833
timeleft  : 196:40:41
key usage : Digital Signature, Key Encipherment
=== VO cms extension information ===
VO        : cms
subject   : /DC=ch/DC=cern/OU=Organic Units/OU=Users/CN=jiahua/CN=851532/CN=Jiahua Chen
issuer    : /DC=ch/DC=cern/OU=computers/CN=cms-auth.cern.ch
attribute : /cms/Role=NULL/Capability=NULL
timeleft  : 188:40:41
uri       : voms-cms-auth.cern.ch:15000
subject   : /DC=ch/DC=cern/OU=Organic Units/OU=Users/CN=jiahua/CN=851532/CN=Jiahua Chen/CN=1735721823
issuer    : /DC=ch/DC=cern/OU=Organic Units/OU=Users/CN=jiahua/CN=851532/CN=Jiahua Chen
identity  : /DC=ch/DC=cern/OU=Organic Units/OU=Users/CN=jiahua/CN=851532/CN=Jiahua Chen
type      : RFC compliant proxy
strength  : 2048 bits
path      : /afs/cern.ch/user/j/jiahua/proxy/x509up_u139833
timeleft  : 196:40:41
key usage : Digital Signature, Key Encipherment
=== VO cms extension information ===
VO        : cms
subject   : /DC=ch/DC=cern/OU=Organic Units/OU=Users/CN=jiahua/CN=851532/CN=Jiahua Chen
issuer    : /DC=ch/DC=cern/OU=computers/CN=cms-auth.cern.ch
attribute : /cms/Role=NULL/Capability=NULL
timeleft  : 188:40:41
uri       : voms-cms-auth.cern.ch:15000
/eos/user/j/jiahua/MC_2023BPix_inc/ZZto4L_powheg_23BPix/127683b7-41e8-4589-b515-828345ecefe0.root
[2025-11-08 10:58:17.732] [main] [info] Checking input files
[2025-11-08 10:58:23.546] [main] [info] NanoAOD input_file 1: root://cms-xrd-global.cern.ch//store/mc/Run3Summer23BPixNanoAODv12/ZZto4L_TuneCP5_13p6TeV_powheg-pythia8/NANOAODSIM/130X_mcRun3_2023_realistic_postBPix_v2-v3/40000/127683b7-41e8-4589-b515-828345ecefe0.root - 15000 Events
[2025-11-08 10:58:23.546] [main] [info] input_file 1: root://cms-xrd-global.cern.ch//store/mc/Run3Summer23BPixNanoAODv12/ZZto4L_TuneCP5_13p6TeV_powheg-pythia8/NANOAODSIM/130X_mcRun3_2023_realistic_postBPix_v2-v3/40000/127683b7-41e8-4589-b515-828345ecefe0.root - SumOfGenWeight: 20873.12568 
[2025-11-08 10:58:23.546] [main] [info] Output directory: /eos/user/j/jiahua/MC_2023BPix_inc/ZZto4L_powheg_23BPix/127683b7-41e8-4589-b515-828345ecefe0.root
[2025-11-08 10:58:23.547] [main] [info] Starting Setup of Dataframe with 15000 events
[2025-11-08 10:59:06.883] [main] [info] Finished Setup
[2025-11-08 10:59:06.883] [main] [info] Runtime for setup (real time: 43.34, CPU time: 41.71)
[2025-11-08 10:59:06.883] [main] [info] Starting Evaluation
[2025-11-08 10:59:18.833] [main] [info] 10000 / 15000 (66.67 %) Events processed ...
[2025-11-08 10:59:20.514] [main] [info] vbfhmm:
Flag_goodVertices: pass=15000      all=15000      -- eff=100.00 % cumulative eff=100.00 %
Flag_globalSuperTightHalo2016Filter: pass=14999      all=15000      -- eff=99.99 % cumulative eff=99.99 %
Flag_EcalDeadCellTriggerPrimitiveFilter: pass=14999      all=14999      -- eff=100.00 % cumulative eff=99.99 %
Flag_BadPFMuonFilter: pass=14999      all=14999      -- eff=100.00 % cumulative eff=99.99 %
Flag_BadPFMuonDzFilter: pass=14999      all=14999      -- eff=100.00 % cumulative eff=99.99 %
Flag_eeBadScFilter: pass=14999      all=14999      -- eff=100.00 % cumulative eff=99.99 %
Flag_ecalBadCalibFilter: pass=14998      all=14999      -- eff=99.99 % cumulative eff=99.99 %
Flag_hfNoisyHitsFilter: pass=14997      all=14998      -- eff=99.99 % cumulative eff=99.98 %
Number of muons 2: pass=1519       all=14997      -- eff=10.13 % cumulative eff=10.13 %
DiMuon From Higgs: pass=1141       all=1519       -- eff=75.12 % cumulative eff=7.61 %
LeptonChargeSum: pass=1024       all=1141       -- eff=89.75 % cumulative eff=6.83 %
[2025-11-08 10:59:20.778] [main] [info] Writing quantities map to /eos/user/j/jiahua/MC_2023BPix_inc/ZZto4L_powheg_23BPix/127683b7-41e8-4589-b515-828345ecefe0_vbfhmm.root
[2025-11-08 10:59:20.911] [main] [info] Finished Evaluation
[2025-11-08 10:59:20.911] [main] [info] Overall runtime (real time: 57.37, CPU time: 53.55)
