000 (12769472.096.000) 11/08 10:44:17 Job submitted from host: <188.185.121.235:9618?addrs=188.185.121.235-9618+[2001-1458-d00-49--100-36e]-9618&alias=bigbird22.cern.ch&noUDP&sock=schedd_232129_c3ca>
...
040 (12769472.096.000) 11/08 10:57:42 Started transferring input files
	Transferring to host: <188.185.196.83:9618?addrs=188.185.196.83-9618+[2001-1458-303-23--100-4f]-9618&alias=b9p16p9719.cern.ch&noUDP&sock=slot1_35_4093_a380_43673>
...
040 (12769472.096.000) 11/08 10:57:42 Finished transferring input files
...
001 (12769472.096.000) 11/08 10:57:43 Job executing on host: <188.185.196.83:9618?addrs=188.185.196.83-9618+[2001-1458-303-23--100-4f]-9618&alias=b9p16p9719.cern.ch&noUDP&sock=startd_2933_5f5d>
	SlotName: slot1_35@b9p16p9719.cern.ch
	CondorScratchDir = "/pool/condor/dir_3442919"
	Cpus = 1
	Disk = 16104
	GPUs = 0
	Memory = 3000
...
006 (12769472.096.000) 11/08 10:57:57 Image size of job updated: 97208
	95  -  MemoryUsage of job (MB)
	97208  -  ResidentSetSize of job (KB)
...
006 (12769472.096.000) 11/08 11:00:41 Image size of job updated: 468976
	95  -  MemoryUsage of job (MB)
	97208  -  ResidentSetSize of job (KB)
...
040 (12769472.096.000) 11/08 11:00:41 Started transferring output files
...
040 (12769472.096.000) 11/08 11:00:41 Finished transferring output files
...
005 (12769472.096.000) 11/08 11:00:41 Job terminated.
	(1) Normal termination (return value 0)
		Usr 0 00:02:20, Sys 0 00:00:03  -  Run Remote Usage
		Usr 0 00:00:00, Sys 0 00:00:00  -  Run Local Usage
		Usr 0 00:02:20, Sys 0 00:00:03  -  Total Remote Usage
		Usr 0 00:00:00, Sys 0 00:00:00  -  Total Local Usage
	11558  -  Run Bytes Sent By Job
	11220240  -  Run Bytes Received By Job
	11558  -  Total Bytes Sent By Job
	11220240  -  Total Bytes Received By Job
	Partitionable Resources :    Usage  Request Allocated 
	   Cpus                 :     0.07        1         1 
	   Disk (KB)            : 10992       12500     16104 
	   GPUs                 :                           0 
	   Memory (MB)          :    95        3000      3000 
	   TimeExecute (s)      :   178                       
	   TimeSlotBusy (s)     :   179                       

	Job terminated of its own accord at 2025-11-08T10:00:41Z with exit-code 0.
...
