Starting job on \n
Running on: Linux b9p07p2546.cern.ch 5.14.0-570.42.2.el9_6.x86_64 #1 SMP PREEMPT_DYNAMIC Mon Sep 8 12:15:13 EDT 2025 x86_64 x86_64 x86_64 GNU/Linux\n
System software: Red Hat Enterprise Linux release 9.7 (Plow)\n
Setting up CROWN for RedHatEnterprise Version 9.7
subject   : /DC=ch/DC=cern/OU=Organic Units/OU=Users/CN=jiahua/CN=851532/CN=Jiahua Chen/CN=2045128514
issuer    : /DC=ch/DC=cern/OU=Organic Units/OU=Users/CN=jiahua/CN=851532/CN=Jiahua Chen
identity  : /DC=ch/DC=cern/OU=Organic Units/OU=Users/CN=jiahua/CN=851532/CN=Jiahua Chen
type      : RFC compliant proxy
strength  : 2048 bits
path      : /afs/cern.ch/user/j/jiahua/proxy/x509up_u139833
timeleft  : 65:27:30
key usage : Digital Signature, Key Encipherment
=== VO cms extension information ===
VO        : cms
subject   : /DC=ch/DC=cern/OU=Organic Units/OU=Users/CN=jiahua/CN=851532/CN=Jiahua Chen
issuer    : /DC=ch/DC=cern/OU=computers/CN=cms-auth.cern.ch
attribute : /cms/Role=NULL/Capability=NULL
timeleft  : 57:27:29
uri       : voms-cms-auth.cern.ch:15000
subject   : /DC=ch/DC=cern/OU=Organic Units/OU=Users/CN=jiahua/CN=851532/CN=Jiahua Chen/CN=2045128514
issuer    : /DC=ch/DC=cern/OU=Organic Units/OU=Users/CN=jiahua/CN=851532/CN=Jiahua Chen
identity  : /DC=ch/DC=cern/OU=Organic Units/OU=Users/CN=jiahua/CN=851532/CN=Jiahua Chen
type      : RFC compliant proxy
strength  : 2048 bits
path      : /afs/cern.ch/user/j/jiahua/proxy/x509up_u139833
timeleft  : 65:27:30
key usage : Digital Signature, Key Encipherment
=== VO cms extension information ===
VO        : cms
subject   : /DC=ch/DC=cern/OU=Organic Units/OU=Users/CN=jiahua/CN=851532/CN=Jiahua Chen
issuer    : /DC=ch/DC=cern/OU=computers/CN=cms-auth.cern.ch
attribute : /cms/Role=NULL/Capability=NULL
timeleft  : 57:27:29
uri       : voms-cms-auth.cern.ch:15000
/eos/user/j/jiahua/MC_2023_inc/MC_2023_vbf/WWZ_4F_amcatnlo_23/66f4d5b0-d508-4bfa-9339-b866dc1b1986.root
[2025-11-25 17:21:13.921] [main] [info] Checking input files
[2025-11-25 17:21:19.484] [main] [info] NanoAOD input_file 1: root://cms-xrd-global.cern.ch//store/mc/Run3Summer23NanoAODv12/WWZ_4F_TuneCP5_13p6TeV_amcatnlo-pythia8/NANOAODSIM/130X_mcRun3_2023_realistic_v14-v2/40000/66f4d5b0-d508-4bfa-9339-b866dc1b1986.root - 3000 Events
[2025-11-25 17:21:19.484] [main] [info] input_file 1: root://cms-xrd-global.cern.ch//store/mc/Run3Summer23NanoAODv12/WWZ_4F_TuneCP5_13p6TeV_amcatnlo-pythia8/NANOAODSIM/130X_mcRun3_2023_realistic_v14-v2/40000/66f4d5b0-d508-4bfa-9339-b866dc1b1986.root - SumOfGenWeight: 557.03627568 
[2025-11-25 17:21:19.484] [main] [info] Output directory: /eos/user/j/jiahua/MC_2023_inc/MC_2023_vbf/WWZ_4F_amcatnlo_23/66f4d5b0-d508-4bfa-9339-b866dc1b1986.root
[2025-11-25 17:21:19.485] [main] [info] Starting Setup of Dataframe with 3000 events
[2025-11-25 17:22:31.283] [main] [info] Finished Setup
[2025-11-25 17:22:31.283] [main] [info] Runtime for setup (real time: 71.80, CPU time: 70.30)
[2025-11-25 17:22:31.283] [main] [info] Starting Evaluation
[2025-11-25 17:22:56.800] [main] [info] vbfhmm:
GoodJetsCollection: pass=2741       all=3000       -- eff=91.37 % cumulative eff=91.37 %
Flag_goodVertices: pass=2741       all=2741       -- eff=100.00 % cumulative eff=91.37 %
Flag_globalSuperTightHalo2016Filter: pass=2740       all=2741       -- eff=99.96 % cumulative eff=91.33 %
Flag_EcalDeadCellTriggerPrimitiveFilter: pass=2740       all=2740       -- eff=100.00 % cumulative eff=91.33 %
Flag_BadPFMuonFilter: pass=2738       all=2740       -- eff=99.93 % cumulative eff=91.27 %
Flag_BadPFMuonDzFilter: pass=2738       all=2738       -- eff=100.00 % cumulative eff=91.27 %
Flag_eeBadScFilter: pass=2738       all=2738       -- eff=100.00 % cumulative eff=91.27 %
Flag_ecalBadCalibFilter: pass=2737       all=2738       -- eff=99.96 % cumulative eff=91.23 %
Flag_hfNoisyHitsFilter: pass=2736       all=2737       -- eff=99.96 % cumulative eff=91.20 %
Number of muons 2: pass=65         all=2736       -- eff=2.38 % cumulative eff=2.17 %
Veto VH <= 0 electrons: pass=55         all=65         -- eff=84.62 % cumulative eff=1.83 %
DiMuon From Higgs: pass=42         all=55         -- eff=76.36 % cumulative eff=1.40 %
LeptonChargeSum: pass=35         all=42         -- eff=83.33 % cumulative eff=1.17 %
Hmass>=110: pass=5          all=35         -- eff=14.29 % cumulative eff=0.17 %
[2025-11-25 17:22:56.973] [main] [info] Writing quantities map to /eos/user/j/jiahua/MC_2023_inc/MC_2023_vbf/WWZ_4F_amcatnlo_23/66f4d5b0-d508-4bfa-9339-b866dc1b1986_vbfhmm.root
[2025-11-25 17:22:57.055] [main] [info] Finished Evaluation
[2025-11-25 17:22:57.055] [main] [info] Overall runtime (real time: 97.57, CPU time: 93.60)
