000 (13204035.026.000) 11/25 17:19:16 Job submitted from host: <188.185.121.235:9618?addrs=188.185.121.235-9618+[2001-1458-d00-49--100-36e]-9618&alias=bigbird22.cern.ch&noUDP&sock=schedd_232129_c3ca>
...
040 (13204035.026.000) 11/25 17:22:00 Started transferring input files
	Transferring to host: <128.142.132.113:9618?addrs=128.142.132.113-9618+[2001-1458-301-5a--100-65]-9618&alias=b9g12p6271.cern.ch&noUDP&sock=slot1_35_2842_322d_64655>
...
040 (13204035.026.000) 11/25 17:22:00 Finished transferring input files
...
001 (13204035.026.000) 11/25 17:22:01 Job executing on host: <128.142.132.113:9618?addrs=128.142.132.113-9618+[2001-1458-301-5a--100-65]-9618&alias=b9g12p6271.cern.ch&noUDP&sock=startd_2448_b3ee>
	SlotName: slot1_35@b9g12p6271.cern.ch
	CondorScratchDir = "/pool/condor/dir_1218619"
	Cpus = 1
	Disk = 14967
	GPUs = 0
	Memory = 3000
...
006 (13204035.026.000) 11/25 17:22:15 Image size of job updated: 90352
	89  -  MemoryUsage of job (MB)
	90352  -  ResidentSetSize of job (KB)
...
006 (13204035.026.000) 11/25 17:27:16 Image size of job updated: 707400
	691  -  MemoryUsage of job (MB)
	707400  -  ResidentSetSize of job (KB)
...
006 (13204035.026.000) 11/25 17:32:16 Image size of job updated: 707496
	691  -  MemoryUsage of job (MB)
	707496  -  ResidentSetSize of job (KB)
...
006 (13204035.026.000) 11/25 17:37:17 Image size of job updated: 707548
	691  -  MemoryUsage of job (MB)
	707548  -  ResidentSetSize of job (KB)
...
006 (13204035.026.000) 11/25 17:42:17 Image size of job updated: 707600
	692  -  MemoryUsage of job (MB)
	707600  -  ResidentSetSize of job (KB)
...
006 (13204035.026.000) 11/25 17:44:56 Image size of job updated: 708460
	692  -  MemoryUsage of job (MB)
	707600  -  ResidentSetSize of job (KB)
...
040 (13204035.026.000) 11/25 17:44:56 Started transferring output files
...
040 (13204035.026.000) 11/25 17:44:56 Finished transferring output files
...
005 (13204035.026.000) 11/25 17:44:57 Job terminated.
	(1) Normal termination (return value 0)
		Usr 0 00:19:49, Sys 0 00:00:06  -  Run Remote Usage
		Usr 0 00:00:00, Sys 0 00:00:00  -  Run Local Usage
		Usr 0 00:19:49, Sys 0 00:00:06  -  Total Remote Usage
		Usr 0 00:00:00, Sys 0 00:00:00  -  Total Local Usage
	12200  -  Run Bytes Sent By Job
	11456025  -  Run Bytes Received By Job
	12200  -  Total Bytes Sent By Job
	11456025  -  Total Bytes Received By Job
	Partitionable Resources :    Usage  Request Allocated 
	   Cpus                 :     0.59        1         1 
	   Disk (KB)            : 11224       12500     14967 
	   GPUs                 :                           0 
	   Memory (MB)          :   692        3000      3000 
	   TimeExecute (s)      :  1375                       
	   TimeSlotBusy (s)     :  1377                       

	Job terminated of its own accord at 2025-11-25T16:44:56Z with exit-code 0.
...
