000 (13204037.021.000) 11/25 17:19:17 Job submitted from host: <188.185.121.235:9618?addrs=188.185.121.235-9618+[2001-1458-d00-49--100-36e]-9618&alias=bigbird22.cern.ch&noUDP&sock=schedd_232129_c3ca>
...
040 (13204037.021.000) 11/25 17:22:32 Started transferring input files
	Transferring to host: <188.185.207.62:9618?addrs=188.185.207.62-9618+[2001-1458-303-d--100-3b]-9618&alias=b9p07p7998.cern.ch&noUDP&sock=slot1_33_4525_0591_59372>
...
040 (13204037.021.000) 11/25 17:22:32 Finished transferring input files
...
001 (13204037.021.000) 11/25 17:22:33 Job executing on host: <188.185.207.62:9618?addrs=188.185.207.62-9618+[2001-1458-303-d--100-3b]-9618&alias=b9p07p7998.cern.ch&noUDP&sock=startd_3748_650d>
	SlotName: slot1_33@b9p07p7998.cern.ch
	CondorScratchDir = "/pool/condor/dir_787899"
	Cpus = 1
	Disk = 16015
	GPUs = 0
	Memory = 3000
...
006 (13204037.021.000) 11/25 17:22:47 Image size of job updated: 106208
	104  -  MemoryUsage of job (MB)
	106208  -  ResidentSetSize of job (KB)
...
006 (13204037.021.000) 11/25 17:25:28 Image size of job updated: 697636
	104  -  MemoryUsage of job (MB)
	106208  -  ResidentSetSize of job (KB)
...
040 (13204037.021.000) 11/25 17:25:28 Started transferring output files
...
040 (13204037.021.000) 11/25 17:25:28 Finished transferring output files
...
005 (13204037.021.000) 11/25 17:25:28 Job terminated.
	(1) Normal termination (return value 0)
		Usr 0 00:02:32, Sys 0 00:00:04  -  Run Remote Usage
		Usr 0 00:00:00, Sys 0 00:00:00  -  Run Local Usage
		Usr 0 00:02:32, Sys 0 00:00:04  -  Total Remote Usage
		Usr 0 00:00:00, Sys 0 00:00:00  -  Total Local Usage
	10004  -  Run Bytes Sent By Job
	11456025  -  Run Bytes Received By Job
	10004  -  Total Bytes Sent By Job
	11456025  -  Total Bytes Received By Job
	Partitionable Resources :    Usage  Request Allocated 
	   Cpus                 :        0        1         1 
	   Disk (KB)            :    11224    12500     16015 
	   GPUs                 :                           0 
	   Memory (MB)          :      104     3000      3000 
	   TimeExecute (s)      :      175                    
	   TimeSlotBusy (s)     :      177                    

	Job terminated of its own accord at 2025-11-25T16:25:28Z with exit-code 0.
...
